[2025-04-17T09:20:32.031+0000][0.032s][info][gc] Using Serial
[2025-04-17T09:20:32.032+0000][0.032s][info][gc,init] Version: 17.0.14+7-Ubuntu-122.04.1 (release)
[2025-04-17T09:20:32.032+0000][0.033s][info][gc,init] CPUs: 1 total, 1 available
[2025-04-17T09:20:32.032+0000][0.033s][info][gc,init] Memory: 892M
[2025-04-17T09:20:32.032+0000][0.033s][info][gc,init] Large Page Support: Disabled
[2025-04-17T09:20:32.032+0000][0.033s][info][gc,init] NUMA Support: Disabled
[2025-04-17T09:20:32.032+0000][0.033s][info][gc,init] Compressed Oops: Enabled (32-bit)
[2025-04-17T09:20:32.032+0000][0.033s][info][gc,init] Heap Min Capacity: 8M
[2025-04-17T09:20:32.032+0000][0.033s][info][gc,init] Heap Initial Capacity: 14M
[2025-04-17T09:20:32.032+0000][0.033s][info][gc,init] Heap Max Capacity: 224M
[2025-04-17T09:20:32.032+0000][0.033s][info][gc,init] Pre-touch: Disabled
[2025-04-17T09:20:32.091+0000][0.092s][info][gc,metaspace] CDS archive(s) mapped at: [0x00007b5168000000-0x00007b5168bc9000-0x00007b5168bc9000), size 12357632, SharedBaseAddress: 0x00007b5168000000, ArchiveRelocationMode: 1.
[2025-04-17T09:20:32.091+0000][0.092s][info][gc,metaspace] Compressed class space mapped at: 0x00007b5169000000-0x00007b51a9000000, reserved size: 1073741824
[2025-04-17T09:20:32.091+0000][0.092s][info][gc,metaspace] Narrow klass base: 0x00007b5168000000, Narrow klass shift: 0, Narrow klass range: 0x100000000
[2025-04-17T09:20:32.439+0000][0.440s][info][gc,start    ] GC(0) Pause Young (Allocation Failure)
[2025-04-17T09:20:32.442+0000][0.443s][info][gc,heap     ] GC(0) DefNew: 3820K(4288K)->447K(4288K) Eden: 3820K(3840K)->0K(3840K) From: 0K(448K)->447K(448K)
[2025-04-17T09:20:32.442+0000][0.443s][info][gc,heap     ] GC(0) Tenured: 0K(9600K)->749K(9600K)
[2025-04-17T09:20:32.442+0000][0.443s][info][gc,metaspace] GC(0) Metaspace: 1120K(1280K)->1120K(1280K) NonClass: 1012K(1088K)->1012K(1088K) Class: 107K(192K)->107K(192K)
[2025-04-17T09:20:32.442+0000][0.443s][info][gc          ] GC(0) Pause Young (Allocation Failure) 3M->1M(13M) 2.744ms
[2025-04-17T09:20:32.442+0000][0.443s][info][gc,cpu      ] GC(0) User=0.00s Sys=0.00s Real=0.00s
[2025-04-17T09:20:32.630+0000][0.631s][info][gc,start    ] GC(1) Pause Young (Allocation Failure)
[2025-04-17T09:20:32.635+0000][0.635s][info][gc,heap     ] GC(1) DefNew: 4287K(4288K)->344K(4288K) Eden: 3840K(3840K)->0K(3840K) From: 447K(448K)->344K(448K)
[2025-04-17T09:20:32.635+0000][0.635s][info][gc,heap     ] GC(1) Tenured: 749K(9600K)->1195K(9600K)
[2025-04-17T09:20:32.635+0000][0.635s][info][gc,metaspace] GC(1) Metaspace: 1480K(1664K)->1480K(1664K) NonClass: 1343K(1408K)->1343K(1408K) Class: 137K(256K)->137K(256K)
[2025-04-17T09:20:32.635+0000][0.635s][info][gc          ] GC(1) Pause Young (Allocation Failure) 4M->1M(13M) 4.568ms
[2025-04-17T09:20:32.635+0000][0.635s][info][gc,cpu      ] GC(1) User=0.00s Sys=0.00s Real=0.01s
[2025-04-17T09:20:32.858+0000][0.859s][info][gc,start    ] GC(2) Pause Young (Allocation Failure)
[2025-04-17T09:20:32.862+0000][0.862s][info][gc,heap     ] GC(2) DefNew: 4184K(4288K)->448K(4288K) Eden: 3840K(3840K)->0K(3840K) From: 344K(448K)->448K(448K)
[2025-04-17T09:20:32.862+0000][0.862s][info][gc,heap     ] GC(2) Tenured: 1195K(9600K)->1981K(9600K)
[2025-04-17T09:20:32.862+0000][0.862s][info][gc,metaspace] GC(2) Metaspace: 2717K(2944K)->2717K(2944K) NonClass: 2464K(2560K)->2464K(2560K) Class: 253K(384K)->253K(384K)
[2025-04-17T09:20:32.862+0000][0.862s][info][gc          ] GC(2) Pause Young (Allocation Failure) 5M->2M(13M) 3.158ms
[2025-04-17T09:20:32.862+0000][0.862s][info][gc,cpu      ] GC(2) User=0.00s Sys=0.00s Real=0.00s
[2025-04-17T09:20:32.995+0000][0.996s][info][gc,start    ] GC(3) Pause Young (Allocation Failure)
[2025-04-17T09:20:32.997+0000][0.997s][info][gc,heap     ] GC(3) DefNew: 4288K(4288K)->163K(4288K) Eden: 3840K(3840K)->0K(3840K) From: 448K(448K)->163K(448K)
[2025-04-17T09:20:32.997+0000][0.998s][info][gc,heap     ] GC(3) Tenured: 1981K(9600K)->2422K(9600K)
[2025-04-17T09:20:32.997+0000][0.998s][info][gc,metaspace] GC(3) Metaspace: 3318K(3456K)->3318K(3456K) NonClass: 2997K(3072K)->2997K(3072K) Class: 320K(384K)->320K(384K)
[2025-04-17T09:20:32.997+0000][0.998s][info][gc          ] GC(3) Pause Young (Allocation Failure) 6M->2M(13M) 1.788ms
[2025-04-17T09:20:32.997+0000][0.998s][info][gc,cpu      ] GC(3) User=0.00s Sys=0.00s Real=0.00s
[2025-04-17T09:20:33.113+0000][1.114s][info][gc,start    ] GC(4) Pause Young (Allocation Failure)
[2025-04-17T09:20:33.115+0000][1.115s][info][gc,heap     ] GC(4) DefNew: 4003K(4288K)->321K(4288K) Eden: 3840K(3840K)->0K(3840K) From: 163K(448K)->321K(448K)
[2025-04-17T09:20:33.115+0000][1.115s][info][gc,heap     ] GC(4) Tenured: 2422K(9600K)->2422K(9600K)
[2025-04-17T09:20:33.115+0000][1.115s][info][gc,metaspace] GC(4) Metaspace: 3863K(4032K)->3863K(4032K) NonClass: 3468K(3584K)->3468K(3584K) Class: 394K(448K)->394K(448K)
[2025-04-17T09:20:33.115+0000][1.115s][info][gc          ] GC(4) Pause Young (Allocation Failure) 6M->2M(13M) 1.620ms
[2025-04-17T09:20:33.116+0000][1.117s][info][gc,cpu      ] GC(4) User=0.00s Sys=0.00s Real=0.01s
[2025-04-17T09:20:33.206+0000][1.207s][info][gc,start    ] GC(5) Pause Young (Allocation Failure)
[2025-04-17T09:20:33.209+0000][1.209s][info][gc,heap     ] GC(5) DefNew: 4161K(4288K)->310K(4288K) Eden: 3840K(3840K)->0K(3840K) From: 321K(448K)->310K(448K)
[2025-04-17T09:20:33.209+0000][1.209s][info][gc,heap     ] GC(5) Tenured: 2422K(9600K)->2557K(9600K)
[2025-04-17T09:20:33.209+0000][1.209s][info][gc,metaspace] GC(5) Metaspace: 4270K(4416K)->4270K(4416K) NonClass: 3824K(3904K)->3824K(3904K) Class: 445K(512K)->445K(512K)
[2025-04-17T09:20:33.209+0000][1.209s][info][gc          ] GC(5) Pause Young (Allocation Failure) 6M->2M(13M) 2.462ms
[2025-04-17T09:20:33.209+0000][1.209s][info][gc,cpu      ] GC(5) User=0.00s Sys=0.00s Real=0.00s
[2025-04-17T09:20:33.318+0000][1.319s][info][gc,start    ] GC(6) Pause Young (Allocation Failure)
[2025-04-17T09:20:33.320+0000][1.320s][info][gc,heap     ] GC(6) DefNew: 4150K(4288K)->336K(4288K) Eden: 3840K(3840K)->0K(3840K) From: 310K(448K)->336K(448K)
[2025-04-17T09:20:33.320+0000][1.320s][info][gc,heap     ] GC(6) Tenured: 2557K(9600K)->2706K(9600K)
[2025-04-17T09:20:33.320+0000][1.320s][info][gc,metaspace] GC(6) Metaspace: 4941K(5120K)->4941K(5120K) NonClass: 4400K(4480K)->4400K(4480K) Class: 541K(640K)->541K(640K)
[2025-04-17T09:20:33.320+0000][1.320s][info][gc          ] GC(6) Pause Young (Allocation Failure) 6M->2M(13M) 1.628ms
[2025-04-17T09:20:33.320+0000][1.320s][info][gc,cpu      ] GC(6) User=0.00s Sys=0.00s Real=0.00s
[2025-04-17T09:20:33.373+0000][1.374s][info][gc,start    ] GC(7) Pause Young (Allocation Failure)
[2025-04-17T09:20:33.376+0000][1.376s][info][gc,heap     ] GC(7) DefNew: 4176K(4288K)->292K(4288K) Eden: 3840K(3840K)->0K(3840K) From: 336K(448K)->292K(448K)
[2025-04-17T09:20:33.376+0000][1.376s][info][gc,heap     ] GC(7) Tenured: 2706K(9600K)->2837K(9600K)
[2025-04-17T09:20:33.376+0000][1.376s][info][gc,metaspace] GC(7) Metaspace: 5160K(5312K)->5160K(5312K) NonClass: 4588K(4672K)->4588K(4672K) Class: 572K(640K)->572K(640K)
[2025-04-17T09:20:33.376+0000][1.376s][info][gc          ] GC(7) Pause Young (Allocation Failure) 6M->3M(13M) 2.494ms
[2025-04-17T09:20:33.376+0000][1.376s][info][gc,cpu      ] GC(7) User=0.00s Sys=0.00s Real=0.01s
[2025-04-17T09:20:33.507+0000][1.508s][info][gc,start    ] GC(8) Pause Young (Allocation Failure)
[2025-04-17T09:20:33.509+0000][1.510s][info][gc,heap     ] GC(8) DefNew: 4132K(4288K)->404K(4288K) Eden: 3840K(3840K)->0K(3840K) From: 292K(448K)->404K(448K)
[2025-04-17T09:20:33.509+0000][1.510s][info][gc,heap     ] GC(8) Tenured: 2837K(9600K)->3008K(9600K)
[2025-04-17T09:20:33.509+0000][1.510s][info][gc,metaspace] GC(8) Metaspace: 5806K(6016K)->5806K(6016K) NonClass: 5136K(5248K)->5136K(5248K) Class: 670K(768K)->670K(768K)
[2025-04-17T09:20:33.509+0000][1.510s][info][gc          ] GC(8) Pause Young (Allocation Failure) 6M->3M(13M) 2.303ms
[2025-04-17T09:20:33.509+0000][1.510s][info][gc,cpu      ] GC(8) User=0.00s Sys=0.00s Real=0.00s
[2025-04-17T09:20:33.623+0000][1.624s][info][gc,start    ] GC(9) Pause Young (Allocation Failure)
[2025-04-17T09:20:33.632+0000][1.633s][info][gc,heap     ] GC(9) DefNew: 4244K(4288K)->199K(4288K) Eden: 3840K(3840K)->0K(3840K) From: 404K(448K)->199K(448K)
[2025-04-17T09:20:33.632+0000][1.633s][info][gc,heap     ] GC(9) Tenured: 3008K(9600K)->3389K(9600K)
[2025-04-17T09:20:33.632+0000][1.633s][info][gc,metaspace] GC(9) Metaspace: 6352K(6528K)->6352K(6528K) NonClass: 5602K(5696K)->5602K(5696K) Class: 750K(832K)->750K(832K)
[2025-04-17T09:20:33.639+0000][1.640s][info][gc          ] GC(9) Pause Young (Allocation Failure) 7M->3M(13M) 15.925ms
[2025-04-17T09:20:33.639+0000][1.640s][info][gc,cpu      ] GC(9) User=0.00s Sys=0.00s Real=0.02s
[2025-04-17T09:20:33.782+0000][1.783s][info][gc,start    ] GC(10) Pause Young (Allocation Failure)
[2025-04-17T09:20:33.784+0000][1.784s][info][gc,heap     ] GC(10) DefNew: 4039K(4288K)->409K(4288K) Eden: 3840K(3840K)->0K(3840K) From: 199K(448K)->409K(448K)
[2025-04-17T09:20:33.784+0000][1.784s][info][gc,heap     ] GC(10) Tenured: 3389K(9600K)->3389K(9600K)
[2025-04-17T09:20:33.784+0000][1.784s][info][gc,metaspace] GC(10) Metaspace: 6856K(7104K)->6856K(7104K) NonClass: 6034K(6144K)->6034K(6144K) Class: 822K(960K)->822K(960K)
[2025-04-17T09:20:33.784+0000][1.784s][info][gc          ] GC(10) Pause Young (Allocation Failure) 7M->3M(13M) 1.606ms
[2025-04-17T09:20:33.784+0000][1.784s][info][gc,cpu      ] GC(10) User=0.00s Sys=0.00s Real=0.00s
[2025-04-17T09:20:33.938+0000][1.939s][info][gc,start    ] GC(11) Pause Young (Allocation Failure)
[2025-04-17T09:20:33.942+0000][1.942s][info][gc,heap     ] GC(11) DefNew: 4249K(4288K)->239K(4288K) Eden: 3840K(3840K)->0K(3840K) From: 409K(448K)->239K(448K)
[2025-04-17T09:20:33.942+0000][1.942s][info][gc,heap     ] GC(11) Tenured: 3389K(9600K)->3777K(9600K)
[2025-04-17T09:20:33.942+0000][1.942s][info][gc,metaspace] GC(11) Metaspace: 7489K(7680K)->7489K(7680K) NonClass: 6557K(6656K)->6557K(6656K) Class: 931K(1024K)->931K(1024K)
[2025-04-17T09:20:33.942+0000][1.942s][info][gc          ] GC(11) Pause Young (Allocation Failure) 7M->3M(13M) 3.722ms
[2025-04-17T09:20:33.943+0000][1.943s][info][gc,cpu      ] GC(11) User=0.00s Sys=0.00s Real=0.00s
[2025-04-17T09:20:34.026+0000][2.027s][info][gc,start    ] GC(12) Pause Young (Allocation Failure)
[2025-04-17T09:20:34.028+0000][2.028s][info][gc,heap     ] GC(12) DefNew: 4079K(4288K)->121K(4288K) Eden: 3840K(3840K)->0K(3840K) From: 239K(448K)->121K(448K)
[2025-04-17T09:20:34.028+0000][2.028s][info][gc,heap     ] GC(12) Tenured: 3777K(9600K)->3985K(9600K)
[2025-04-17T09:20:34.028+0000][2.028s][info][gc,metaspace] GC(12) Metaspace: 7901K(8128K)->7901K(8128K) NonClass: 6903K(7040K)->6903K(7040K) Class: 998K(1088K)->998K(1088K)
[2025-04-17T09:20:34.028+0000][2.028s][info][gc          ] GC(12) Pause Young (Allocation Failure) 7M->4M(13M) 1.591ms
[2025-04-17T09:20:34.028+0000][2.028s][info][gc,cpu      ] GC(12) User=0.00s Sys=0.00s Real=0.00s
[2025-04-17T09:20:34.074+0000][2.075s][info][gc,start    ] GC(13) Pause Young (Allocation Failure)
[2025-04-17T09:20:34.075+0000][2.076s][info][gc,heap     ] GC(13) DefNew: 3961K(4288K)->161K(4288K) Eden: 3840K(3840K)->0K(3840K) From: 121K(448K)->161K(448K)
[2025-04-17T09:20:34.075+0000][2.076s][info][gc,heap     ] GC(13) Tenured: 3985K(9600K)->3985K(9600K)
[2025-04-17T09:20:34.075+0000][2.076s][info][gc,metaspace] GC(13) Metaspace: 8294K(8512K)->8294K(8512K) NonClass: 7253K(7360K)->7253K(7360K) Class: 1040K(1152K)->1040K(1152K)
[2025-04-17T09:20:34.075+0000][2.076s][info][gc          ] GC(13) Pause Young (Allocation Failure) 7M->4M(13M) 0.884ms
[2025-04-17T09:20:34.075+0000][2.076s][info][gc,cpu      ] GC(13) User=0.00s Sys=0.00s Real=0.00s
[2025-04-17T09:20:34.128+0000][2.129s][info][gc,start    ] GC(14) Pause Young (Allocation Failure)
[2025-04-17T09:20:34.129+0000][2.130s][info][gc,heap     ] GC(14) DefNew: 4001K(4288K)->222K(4288K) Eden: 3840K(3840K)->0K(3840K) From: 161K(448K)->222K(448K)
[2025-04-17T09:20:34.130+0000][2.130s][info][gc,heap     ] GC(14) Tenured: 3985K(9600K)->3985K(9600K)
[2025-04-17T09:20:34.130+0000][2.130s][info][gc,metaspace] GC(14) Metaspace: 8551K(8768K)->8551K(8768K) NonClass: 7478K(7616K)->7478K(7616K) Class: 1073K(1152K)->1073K(1152K)
[2025-04-17T09:20:34.130+0000][2.130s][info][gc          ] GC(14) Pause Young (Allocation Failure) 7M->4M(13M) 1.520ms
[2025-04-17T09:20:34.130+0000][2.130s][info][gc,cpu      ] GC(14) User=0.00s Sys=0.00s Real=0.00s
[2025-04-17T09:20:34.227+0000][2.228s][info][gc,start    ] GC(15) Pause Young (Allocation Failure)
[2025-04-17T09:20:34.229+0000][2.230s][info][gc,heap     ] GC(15) DefNew: 4062K(4288K)->367K(4288K) Eden: 3839K(3840K)->0K(3840K) From: 222K(448K)->367K(448K)
[2025-04-17T09:20:34.229+0000][2.230s][info][gc,heap     ] GC(15) Tenured: 3985K(9600K)->3985K(9600K)
[2025-04-17T09:20:34.229+0000][2.230s][info][gc,metaspace] GC(15) Metaspace: 9039K(9280K)->9039K(9280K) NonClass: 7894K(8000K)->7894K(8000K) Class: 1144K(1280K)->1144K(1280K)
[2025-04-17T09:20:34.229+0000][2.230s][info][gc          ] GC(15) Pause Young (Allocation Failure) 7M->4M(13M) 1.832ms
[2025-04-17T09:20:34.229+0000][2.230s][info][gc,cpu      ] GC(15) User=0.00s Sys=0.00s Real=0.00s
[2025-04-17T09:20:34.312+0000][2.313s][info][gc,start    ] GC(16) Pause Young (Allocation Failure)
[2025-04-17T09:20:34.314+0000][2.314s][info][gc,heap     ] GC(16) DefNew: 4207K(4288K)->294K(4288K) Eden: 3840K(3840K)->0K(3840K) From: 367K(448K)->294K(448K)
[2025-04-17T09:20:34.314+0000][2.314s][info][gc,heap     ] GC(16) Tenured: 3985K(9600K)->4173K(9600K)
[2025-04-17T09:20:34.314+0000][2.314s][info][gc,metaspace] GC(16) Metaspace: 9385K(9664K)->9385K(9664K) NonClass: 8191K(8320K)->8191K(8320K) Class: 1193K(1344K)->1193K(1344K)
[2025-04-17T09:20:34.314+0000][2.314s][info][gc          ] GC(16) Pause Young (Allocation Failure) 8M->4M(13M) 1.737ms
[2025-04-17T09:20:34.314+0000][2.315s][info][gc,cpu      ] GC(16) User=0.00s Sys=0.01s Real=0.00s
[2025-04-17T09:20:34.377+0000][2.378s][info][gc,start    ] GC(17) Pause Young (Allocation Failure)
[2025-04-17T09:20:34.379+0000][2.380s][info][gc,heap     ] GC(17) DefNew: 4134K(4288K)->217K(4288K) Eden: 3840K(3840K)->0K(3840K) From: 294K(448K)->217K(448K)
[2025-04-17T09:20:34.379+0000][2.380s][info][gc,heap     ] GC(17) Tenured: 4173K(9600K)->4320K(9600K)
[2025-04-17T09:20:34.379+0000][2.380s][info][gc,metaspace] GC(17) Metaspace: 9748K(9984K)->9748K(9984K) NonClass: 8501K(8640K)->8501K(8640K) Class: 1247K(1344K)->1247K(1344K)
[2025-04-17T09:20:34.379+0000][2.380s][info][gc          ] GC(17) Pause Young (Allocation Failure) 8M->4M(13M) 1.923ms
[2025-04-17T09:20:34.379+0000][2.380s][info][gc,cpu      ] GC(17) User=0.00s Sys=0.00s Real=0.00s
[2025-04-17T09:20:34.456+0000][2.457s][info][gc,start    ] GC(18) Pause Young (Allocation Failure)
[2025-04-17T09:20:34.459+0000][2.459s][info][gc,heap     ] GC(18) DefNew: 4057K(4288K)->347K(4288K) Eden: 3840K(3840K)->0K(3840K) From: 217K(448K)->347K(448K)
[2025-04-17T09:20:34.459+0000][2.459s][info][gc,heap     ] GC(18) Tenured: 4320K(9600K)->4320K(9600K)
[2025-04-17T09:20:34.459+0000][2.459s][info][gc,metaspace] GC(18) Metaspace: 10148K(10368K)->10148K(10368K) NonClass: 8852K(8960K)->8852K(8960K) Class: 1296K(1408K)->1296K(1408K)
[2025-04-17T09:20:34.459+0000][2.459s][info][gc          ] GC(18) Pause Young (Allocation Failure) 8M->4M(13M) 2.554ms
[2025-04-17T09:20:34.459+0000][2.459s][info][gc,cpu      ] GC(18) User=0.00s Sys=0.00s Real=0.00s
[2025-04-17T09:20:34.548+0000][2.549s][info][gc,start    ] GC(19) Pause Young (Allocation Failure)
[2025-04-17T09:20:34.550+0000][2.551s][info][gc,heap     ] GC(19) DefNew: 4187K(4288K)->316K(4288K) Eden: 3840K(3840K)->0K(3840K) From: 347K(448K)->316K(448K)
[2025-04-17T09:20:34.550+0000][2.551s][info][gc,heap     ] GC(19) Tenured: 4320K(9600K)->4509K(9600K)
[2025-04-17T09:20:34.550+0000][2.551s][info][gc,metaspace] GC(19) Metaspace: 10618K(10816K)->10618K(10816K) NonClass: 9273K(9408K)->9273K(9408K) Class: 1345K(1408K)->1345K(1408K)
[2025-04-17T09:20:34.550+0000][2.551s][info][gc          ] GC(19) Pause Young (Allocation Failure) 8M->4M(13M) 2.274ms
[2025-04-17T09:20:34.550+0000][2.551s][info][gc,cpu      ] GC(19) User=0.00s Sys=0.00s Real=0.00s
[2025-04-17T09:20:34.638+0000][2.639s][info][gc,start    ] GC(20) Pause Young (Allocation Failure)
[2025-04-17T09:20:34.642+0000][2.643s][info][gc,heap     ] GC(20) DefNew: 4156K(4288K)->447K(4288K) Eden: 3840K(3840K)->0K(3840K) From: 316K(448K)->447K(448K)
[2025-04-17T09:20:34.642+0000][2.643s][info][gc,heap     ] GC(20) Tenured: 4509K(9600K)->4713K(9600K)
[2025-04-17T09:20:34.642+0000][2.643s][info][gc,metaspace] GC(20) Metaspace: 10887K(11136K)->10887K(11136K) NonClass: 9509K(9664K)->9509K(9664K) Class: 1377K(1472K)->1377K(1472K)
[2025-04-17T09:20:34.642+0000][2.643s][info][gc          ] GC(20) Pause Young (Allocation Failure) 8M->5M(13M) 3.986ms
[2025-04-17T09:20:34.642+0000][2.643s][info][gc,cpu      ] GC(20) User=0.01s Sys=0.00s Real=0.00s
[2025-04-17T09:20:34.657+0000][2.658s][info][gc,start    ] GC(21) Pause Young (Allocation Failure)
[2025-04-17T09:20:34.659+0000][2.660s][info][gc,heap     ] GC(21) DefNew: 4287K(4288K)->11K(4288K) Eden: 3840K(3840K)->0K(3840K) From: 447K(448K)->11K(448K)
[2025-04-17T09:20:34.659+0000][2.660s][info][gc,heap     ] GC(21) Tenured: 4713K(9600K)->5159K(9600K)
[2025-04-17T09:20:34.659+0000][2.660s][info][gc,metaspace] GC(21) Metaspace: 10894K(11136K)->10894K(11136K) NonClass: 9515K(9664K)->9515K(9664K) Class: 1378K(1472K)->1378K(1472K)
[2025-04-17T09:20:34.659+0000][2.660s][info][gc          ] GC(21) Pause Young (Allocation Failure) 8M->5M(13M) 2.234ms
[2025-04-17T09:20:34.659+0000][2.660s][info][gc,cpu      ] GC(21) User=0.00s Sys=0.00s Real=0.00s
[2025-04-17T09:20:34.690+0000][2.691s][info][gc,start    ] GC(22) Pause Young (Allocation Failure)
[2025-04-17T09:20:34.691+0000][2.691s][info][gc,heap     ] GC(22) DefNew: 3851K(4288K)->35K(4288K) Eden: 3840K(3840K)->0K(3840K) From: 11K(448K)->35K(448K)
[2025-04-17T09:20:34.691+0000][2.691s][info][gc,heap     ] GC(22) Tenured: 5159K(9600K)->5159K(9600K)
[2025-04-17T09:20:34.691+0000][2.691s][info][gc,metaspace] GC(22) Metaspace: 11026K(11264K)->11026K(11264K) NonClass: 9639K(9792K)->9639K(9792K) Class: 1387K(1472K)->1387K(1472K)
[2025-04-17T09:20:34.691+0000][2.691s][info][gc          ] GC(22) Pause Young (Allocation Failure) 8M->5M(13M) 0.538ms
[2025-04-17T09:20:34.691+0000][2.691s][info][gc,cpu      ] GC(22) User=0.00s Sys=0.00s Real=0.00s
[2025-04-17T09:20:34.706+0000][2.707s][info][gc,start    ] GC(23) Pause Young (Allocation Failure)
[2025-04-17T09:20:34.707+0000][2.707s][info][gc,heap     ] GC(23) DefNew: 3875K(4288K)->48K(4288K) Eden: 3840K(3840K)->0K(3840K) From: 35K(448K)->48K(448K)
[2025-04-17T09:20:34.707+0000][2.707s][info][gc,heap     ] GC(23) Tenured: 5159K(9600K)->5159K(9600K)
[2025-04-17T09:20:34.707+0000][2.707s][info][gc,metaspace] GC(23) Metaspace: 11036K(11264K)->11036K(11264K) NonClass: 9648K(9792K)->9648K(9792K) Class: 1387K(1472K)->1387K(1472K)
[2025-04-17T09:20:34.707+0000][2.707s][info][gc          ] GC(23) Pause Young (Allocation Failure) 8M->5M(13M) 0.535ms
[2025-04-17T09:20:34.707+0000][2.707s][info][gc,cpu      ] GC(23) User=0.00s Sys=0.00s Real=0.00s
[2025-04-17T09:20:34.746+0000][2.747s][info][gc,start    ] GC(24) Pause Young (Allocation Failure)
[2025-04-17T09:20:34.747+0000][2.747s][info][gc,heap     ] GC(24) DefNew: 3888K(4288K)->88K(4288K) Eden: 3840K(3840K)->0K(3840K) From: 48K(448K)->88K(448K)
[2025-04-17T09:20:34.747+0000][2.747s][info][gc,heap     ] GC(24) Tenured: 5159K(9600K)->5159K(9600K)
[2025-04-17T09:20:34.747+0000][2.747s][info][gc,metaspace] GC(24) Metaspace: 11246K(11456K)->11246K(11456K) NonClass: 9836K(9984K)->9836K(9984K) Class: 1410K(1472K)->1410K(1472K)
[2025-04-17T09:20:34.747+0000][2.747s][info][gc          ] GC(24) Pause Young (Allocation Failure) 8M->5M(13M) 0.680ms
[2025-04-17T09:20:34.747+0000][2.747s][info][gc,cpu      ] GC(24) User=0.00s Sys=0.00s Real=0.00s
[2025-04-17T09:20:34.843+0000][2.844s][info][gc,start    ] GC(25) Pause Young (Allocation Failure)
[2025-04-17T09:20:34.847+0000][2.848s][info][gc,heap     ] GC(25) DefNew: 3928K(4288K)->448K(4288K) Eden: 3840K(3840K)->0K(3840K) From: 88K(448K)->448K(448K)
[2025-04-17T09:20:34.847+0000][2.848s][info][gc,heap     ] GC(25) Tenured: 5159K(9600K)->5202K(9600K)
[2025-04-17T09:20:34.847+0000][2.848s][info][gc,metaspace] GC(25) Metaspace: 11489K(11712K)->11489K(11712K) NonClass: 10042K(10176K)->10042K(10176K) Class: 1447K(1536K)->1447K(1536K)
[2025-04-17T09:20:34.847+0000][2.848s][info][gc          ] GC(25) Pause Young (Allocation Failure) 8M->5M(13M) 4.232ms
[2025-04-17T09:20:34.847+0000][2.848s][info][gc,cpu      ] GC(25) User=0.01s Sys=0.00s Real=0.01s
[2025-04-17T09:20:34.955+0000][2.956s][info][gc,start    ] GC(26) Pause Young (Allocation Failure)
[2025-04-17T09:20:34.959+0000][2.960s][info][gc,heap     ] GC(26) DefNew: 4288K(4288K)->201K(4288K) Eden: 3840K(3840K)->0K(3840K) From: 448K(448K)->201K(448K)
[2025-04-17T09:20:34.960+0000][2.960s][info][gc,heap     ] GC(26) Tenured: 5202K(9600K)->5638K(9600K)
[2025-04-17T09:20:34.960+0000][2.960s][info][gc,metaspace] GC(26) Metaspace: 11697K(11904K)->11697K(11904K) NonClass: 10229K(10368K)->10229K(10368K) Class: 1467K(1536K)->1467K(1536K)
[2025-04-17T09:20:34.960+0000][2.960s][info][gc          ] GC(26) Pause Young (Allocation Failure) 9M->5M(13M) 4.448ms
[2025-04-17T09:20:34.960+0000][2.960s][info][gc,cpu      ] GC(26) User=0.00s Sys=0.00s Real=0.00s
[2025-04-17T09:20:35.031+0000][3.031s][info][gc,start    ] GC(27) Pause Young (Allocation Failure)
[2025-04-17T09:20:35.032+0000][3.033s][info][gc,heap     ] GC(27) DefNew: 4030K(4288K)->372K(4288K) Eden: 3828K(3840K)->0K(3840K) From: 201K(448K)->372K(448K)
[2025-04-17T09:20:35.032+0000][3.033s][info][gc,heap     ] GC(27) Tenured: 5638K(9600K)->5638K(9600K)
[2025-04-17T09:20:35.032+0000][3.033s][info][gc,metaspace] GC(27) Metaspace: 11795K(12032K)->11795K(12032K) NonClass: 10319K(10432K)->10319K(10432K) Class: 1476K(1600K)->1476K(1600K)
[2025-04-17T09:20:35.032+0000][3.033s][info][gc          ] GC(27) Pause Young (Allocation Failure) 9M->5M(13M) 1.330ms
[2025-04-17T09:20:35.032+0000][3.033s][info][gc,cpu      ] GC(27) User=0.00s Sys=0.00s Real=0.00s
[2025-04-17T09:20:35.115+0000][3.115s][info][gc,start    ] GC(28) Pause Young (Allocation Failure)
[2025-04-17T09:20:35.116+0000][3.117s][info][gc,heap     ] GC(28) DefNew: 4212K(4288K)->269K(4288K) Eden: 3840K(3840K)->0K(3840K) From: 372K(448K)->269K(448K)
[2025-04-17T09:20:35.116+0000][3.117s][info][gc,heap     ] GC(28) Tenured: 5638K(9600K)->5821K(9600K)
[2025-04-17T09:20:35.117+0000][3.118s][info][gc,metaspace] GC(28) Metaspace: 12012K(12224K)->12012K(12224K) NonClass: 10516K(10624K)->10516K(10624K) Class: 1496K(1600K)->1496K(1600K)
[2025-04-17T09:20:35.117+0000][3.118s][info][gc          ] GC(28) Pause Young (Allocation Failure) 9M->5M(13M) 2.536ms
[2025-04-17T09:20:35.117+0000][3.118s][info][gc,cpu      ] GC(28) User=0.00s Sys=0.00s Real=0.00s
[2025-04-17T09:20:35.197+0000][3.197s][info][gc,start    ] GC(29) Pause Young (Allocation Failure)
[2025-04-17T09:20:35.199+0000][3.199s][info][gc,heap     ] GC(29) DefNew: 4109K(4288K)->313K(4288K) Eden: 3840K(3840K)->0K(3840K) From: 269K(448K)->313K(448K)
[2025-04-17T09:20:35.199+0000][3.199s][info][gc,heap     ] GC(29) Tenured: 5821K(9600K)->5957K(9600K)
[2025-04-17T09:20:35.199+0000][3.199s][info][gc,metaspace] GC(29) Metaspace: 12189K(12352K)->12189K(12352K) NonClass: 10671K(10752K)->10671K(10752K) Class: 1518K(1600K)->1518K(1600K)
[2025-04-17T09:20:35.199+0000][3.199s][info][gc          ] GC(29) Pause Young (Allocation Failure) 9M->6M(13M) 2.067ms
[2025-04-17T09:20:35.199+0000][3.199s][info][gc,cpu      ] GC(29) User=0.01s Sys=0.00s Real=0.00s
[2025-04-17T09:20:35.318+0000][3.318s][info][gc,start    ] GC(30) Pause Young (Allocation Failure)
[2025-04-17T09:20:35.320+0000][3.320s][info][gc,heap     ] GC(30) DefNew: 4153K(4288K)->334K(4288K) Eden: 3840K(3840K)->0K(3840K) From: 313K(448K)->334K(448K)
[2025-04-17T09:20:35.320+0000][3.320s][info][gc,heap     ] GC(30) Tenured: 5957K(9600K)->6075K(9600K)
[2025-04-17T09:20:35.320+0000][3.320s][info][gc,metaspace] GC(30) Metaspace: 12621K(12800K)->12621K(12800K) NonClass: 11047K(11136K)->11047K(11136K) Class: 1574K(1664K)->1574K(1664K)
[2025-04-17T09:20:35.320+0000][3.321s][info][gc          ] GC(30) Pause Young (Allocation Failure) 9M->6M(13M) 2.299ms
[2025-04-17T09:20:35.320+0000][3.321s][info][gc,cpu      ] GC(30) User=0.00s Sys=0.00s Real=0.00s
[2025-04-17T09:20:35.383+0000][3.384s][info][gc,start    ] GC(31) Pause Young (Allocation Failure)
[2025-04-17T09:20:35.385+0000][3.385s][info][gc,heap     ] GC(31) DefNew: 4157K(4288K)->304K(4288K) Eden: 3823K(3840K)->0K(3840K) From: 334K(448K)->304K(448K)
[2025-04-17T09:20:35.385+0000][3.385s][info][gc,heap     ] GC(31) Tenured: 6075K(9600K)->6199K(9600K)
[2025-04-17T09:20:35.385+0000][3.385s][info][gc,metaspace] GC(31) Metaspace: 12906K(13120K)->12906K(13120K) NonClass: 11300K(11392K)->11300K(11392K) Class: 1605K(1728K)->1605K(1728K)
[2025-04-17T09:20:35.385+0000][3.385s][info][gc          ] GC(31) Pause Young (Allocation Failure) 9M->6M(13M) 1.879ms
[2025-04-17T09:20:35.385+0000][3.385s][info][gc,cpu      ] GC(31) User=0.01s Sys=0.00s Real=0.01s
[2025-04-17T09:20:35.461+0000][3.462s][info][gc,start    ] GC(32) Pause Young (Allocation Failure)
[2025-04-17T09:20:35.463+0000][3.464s][info][gc,heap     ] GC(32) DefNew: 4144K(4288K)->263K(4288K) Eden: 3840K(3840K)->0K(3840K) From: 304K(448K)->263K(448K)
[2025-04-17T09:20:35.463+0000][3.464s][info][gc,heap     ] GC(32) Tenured: 6199K(9600K)->6387K(9600K)
[2025-04-17T09:20:35.463+0000][3.464s][info][gc,metaspace] GC(32) Metaspace: 13236K(13440K)->13236K(13440K) NonClass: 11593K(11712K)->11593K(11712K) Class: 1642K(1728K)->1642K(1728K)
[2025-04-17T09:20:35.463+0000][3.464s][info][gc          ] GC(32) Pause Young (Allocation Failure) 10M->6M(13M) 1.909ms
[2025-04-17T09:20:35.463+0000][3.464s][info][gc,cpu      ] GC(32) User=0.01s Sys=0.00s Real=0.00s
[2025-04-17T09:20:35.582+0000][3.583s][info][gc,start    ] GC(33) Pause Young (Allocation Failure)
[2025-04-17T09:20:35.585+0000][3.585s][info][gc,heap     ] GC(33) DefNew: 4103K(4288K)->438K(4288K) Eden: 3840K(3840K)->0K(3840K) From: 263K(448K)->438K(448K)
[2025-04-17T09:20:35.585+0000][3.585s][info][gc,heap     ] GC(33) Tenured: 6387K(9600K)->6474K(9600K)
[2025-04-17T09:20:35.585+0000][3.585s][info][gc,metaspace] GC(33) Metaspace: 13671K(13888K)->13671K(13888K) NonClass: 11969K(12096K)->11969K(12096K) Class: 1702K(1792K)->1702K(1792K)
[2025-04-17T09:20:35.585+0000][3.586s][info][gc          ] GC(33) Pause Young (Allocation Failure) 10M->6M(13M) 3.003ms
[2025-04-17T09:20:35.586+0000][3.587s][info][gc,cpu      ] GC(33) User=0.00s Sys=0.00s Real=0.01s
[2025-04-17T09:20:35.662+0000][3.663s][info][gc,start    ] GC(34) Pause Young (Allocation Failure)
[2025-04-17T09:20:35.665+0000][3.666s][info][gc,heap     ] GC(34) DefNew: 4278K(4288K)->160K(4288K) Eden: 3840K(3840K)->0K(3840K) From: 438K(448K)->160K(448K)
[2025-04-17T09:20:35.665+0000][3.666s][info][gc,heap     ] GC(34) Tenured: 6474K(9600K)->6901K(9600K)
[2025-04-17T09:20:35.665+0000][3.666s][info][gc,metaspace] GC(34) Metaspace: 14271K(14464K)->14271K(14464K) NonClass: 12495K(12608K)->12495K(12608K) Class: 1776K(1856K)->1776K(1856K)
[2025-04-17T09:20:35.665+0000][3.666s][info][gc          ] GC(34) Pause Young (Allocation Failure) 10M->6M(13M) 3.058ms
[2025-04-17T09:20:35.665+0000][3.666s][info][gc,cpu      ] GC(34) User=0.01s Sys=0.00s Real=0.01s
[2025-04-17T09:20:35.772+0000][3.773s][info][gc,start    ] GC(35) Pause Young (Allocation Failure)
[2025-04-17T09:20:35.775+0000][3.775s][info][gc,heap     ] GC(35) DefNew: 4000K(4288K)->360K(4288K) Eden: 3840K(3840K)->0K(3840K) From: 160K(448K)->360K(448K)
[2025-04-17T09:20:35.775+0000][3.775s][info][gc,heap     ] GC(35) Tenured: 6901K(9600K)->6901K(9600K)
[2025-04-17T09:20:35.775+0000][3.775s][info][gc,metaspace] GC(35) Metaspace: 14709K(14912K)->14709K(14912K) NonClass: 12875K(12992K)->12875K(12992K) Class: 1833K(1920K)->1833K(1920K)
[2025-04-17T09:20:35.775+0000][3.775s][info][gc          ] GC(35) Pause Young (Allocation Failure) 10M->7M(13M) 2.686ms
[2025-04-17T09:20:35.776+0000][3.777s][info][gc,cpu      ] GC(35) User=0.00s Sys=0.00s Real=0.01s
[2025-04-17T09:20:35.860+0000][3.861s][info][gc,start    ] GC(36) Pause Young (Allocation Failure)
[2025-04-17T09:20:35.862+0000][3.863s][info][gc,heap     ] GC(36) DefNew: 4200K(4288K)->334K(4288K) Eden: 3840K(3840K)->0K(3840K) From: 360K(448K)->334K(448K)
[2025-04-17T09:20:35.862+0000][3.863s][info][gc,heap     ] GC(36) Tenured: 6901K(9600K)->7042K(9600K)
[2025-04-17T09:20:35.862+0000][3.863s][info][gc,metaspace] GC(36) Metaspace: 14971K(15232K)->14971K(15232K) NonClass: 13105K(13248K)->13105K(13248K) Class: 1866K(1984K)->1866K(1984K)
[2025-04-17T09:20:35.862+0000][3.863s][info][gc          ] GC(36) Pause Young (Allocation Failure) 10M->7M(13M) 2.074ms
[2025-04-17T09:20:35.862+0000][3.863s][info][gc,cpu      ] GC(36) User=0.00s Sys=0.00s Real=0.00s
[2025-04-17T09:20:36.025+0000][4.026s][info][gc,start    ] GC(37) Pause Young (Allocation Failure)
[2025-04-17T09:20:36.029+0000][4.030s][info][gc,heap     ] GC(37) DefNew: 4174K(4288K)->331K(4288K) Eden: 3840K(3840K)->0K(3840K) From: 334K(448K)->331K(448K)
[2025-04-17T09:20:36.029+0000][4.030s][info][gc,heap     ] GC(37) Tenured: 7042K(9600K)->7243K(9600K)
[2025-04-17T09:20:36.029+0000][4.030s][info][gc,metaspace] GC(37) Metaspace: 16512K(16832K)->16512K(16832K) NonClass: 14446K(14592K)->14446K(14592K) Class: 2066K(2240K)->2066K(2240K)
[2025-04-17T09:20:36.029+0000][4.030s][info][gc          ] GC(37) Pause Young (Allocation Failure) 10M->7M(13M) 4.103ms
[2025-04-17T09:20:36.029+0000][4.030s][info][gc,cpu      ] GC(37) User=0.01s Sys=0.00s Real=0.00s
[2025-04-17T09:20:36.082+0000][4.082s][info][gc,start    ] GC(38) Pause Young (Allocation Failure)
[2025-04-17T09:20:36.085+0000][4.085s][info][gc,heap     ] GC(38) DefNew: 4171K(4288K)->341K(4288K) Eden: 3840K(3840K)->0K(3840K) From: 331K(448K)->341K(448K)
[2025-04-17T09:20:36.085+0000][4.085s][info][gc,heap     ] GC(38) Tenured: 7243K(9600K)->7368K(9600K)
[2025-04-17T09:20:36.085+0000][4.085s][info][gc,metaspace] GC(38) Metaspace: 16628K(16896K)->16628K(16896K) NonClass: 14540K(14656K)->14540K(14656K) Class: 2087K(2240K)->2087K(2240K)
[2025-04-17T09:20:36.085+0000][4.085s][info][gc          ] GC(38) Pause Young (Allocation Failure) 11M->7M(13M) 2.949ms
[2025-04-17T09:20:36.085+0000][4.085s][info][gc,cpu      ] GC(38) User=0.01s Sys=0.00s Real=0.01s
[2025-04-17T09:20:36.179+0000][4.180s][info][gc,start    ] GC(39) Pause Young (Allocation Failure)
[2025-04-17T09:20:36.184+0000][4.184s][info][gc,heap     ] GC(39) DefNew: 4181K(4288K)->389K(4288K) Eden: 3840K(3840K)->0K(3840K) From: 341K(448K)->389K(448K)
[2025-04-17T09:20:36.184+0000][4.184s][info][gc,heap     ] GC(39) Tenured: 7368K(9600K)->7565K(9600K)
[2025-04-17T09:20:36.184+0000][4.184s][info][gc,metaspace] GC(39) Metaspace: 17258K(17472K)->17258K(17472K) NonClass: 15089K(15168K)->15089K(15168K) Class: 2169K(2304K)->2169K(2304K)
[2025-04-17T09:20:36.184+0000][4.184s][info][gc          ] GC(39) Pause Young (Allocation Failure) 11M->7M(13M) 4.463ms
[2025-04-17T09:20:36.185+0000][4.186s][info][gc,cpu      ] GC(39) User=0.00s Sys=0.00s Real=0.00s
[2025-04-17T09:20:36.316+0000][4.317s][info][gc,start    ] GC(40) Pause Young (Allocation Failure)
[2025-04-17T09:20:36.319+0000][4.320s][info][gc,heap     ] GC(40) DefNew: 4229K(4288K)->431K(4288K) Eden: 3840K(3840K)->0K(3840K) From: 389K(448K)->431K(448K)
[2025-04-17T09:20:36.319+0000][4.320s][info][gc,heap     ] GC(40) Tenured: 7565K(9600K)->7912K(9600K)
[2025-04-17T09:20:36.319+0000][4.320s][info][gc,metaspace] GC(40) Metaspace: 17783K(18048K)->17783K(18048K) NonClass: 15538K(15680K)->15538K(15680K) Class: 2244K(2368K)->2244K(2368K)
[2025-04-17T09:20:36.319+0000][4.320s][info][gc          ] GC(40) Pause Young (Allocation Failure) 11M->8M(13M) 2.945ms
[2025-04-17T09:20:36.319+0000][4.320s][info][gc,cpu      ] GC(40) User=0.00s Sys=0.00s Real=0.00s
[2025-04-17T09:20:36.440+0000][4.440s][info][gc,start    ] GC(41) Pause Young (Allocation Failure)
[2025-04-17T09:20:36.444+0000][4.445s][info][gc,heap     ] GC(41) DefNew: 4271K(4288K)->279K(4288K) Eden: 3840K(3840K)->0K(3840K) From: 431K(448K)->279K(448K)
[2025-04-17T09:20:36.444+0000][4.445s][info][gc,heap     ] GC(41) Tenured: 7912K(9600K)->8323K(9600K)
[2025-04-17T09:20:36.444+0000][4.445s][info][gc,metaspace] GC(41) Metaspace: 18170K(18432K)->18170K(18432K) NonClass: 15838K(16000K)->15838K(16000K) Class: 2331K(2432K)->2331K(2432K)
[2025-04-17T09:20:36.444+0000][4.445s][info][gc          ] GC(41) Pause Young (Allocation Failure) 11M->8M(13M) 4.626ms
[2025-04-17T09:20:36.444+0000][4.445s][info][gc,cpu      ] GC(41) User=0.01s Sys=0.01s Real=0.01s
[2025-04-17T09:20:36.559+0000][4.559s][info][gc,start    ] GC(42) Pause Young (Allocation Failure)
[2025-04-17T09:20:36.561+0000][4.562s][info][gc,heap     ] GC(42) DefNew: 4119K(4288K)->379K(4288K) Eden: 3839K(3840K)->0K(3840K) From: 279K(448K)->379K(448K)
[2025-04-17T09:20:36.561+0000][4.562s][info][gc,heap     ] GC(42) Tenured: 8323K(9600K)->8578K(9600K)
[2025-04-17T09:20:36.561+0000][4.562s][info][gc,metaspace] GC(42) Metaspace: 19088K(19328K)->19088K(19328K) NonClass: 16643K(16768K)->16643K(16768K) Class: 2445K(2560K)->2445K(2560K)
[2025-04-17T09:20:36.561+0000][4.562s][info][gc          ] GC(42) Pause Young (Allocation Failure) 12M->8M(13M) 2.489ms
[2025-04-17T09:20:36.561+0000][4.562s][info][gc,cpu      ] GC(42) User=0.00s Sys=0.00s Real=0.00s
[2025-04-17T09:20:36.637+0000][4.638s][info][gc,start    ] GC(43) Pause Young (Allocation Failure)
[2025-04-17T09:20:36.644+0000][4.644s][info][gc,heap     ] GC(43) DefNew: 4219K(4288K)->116K(4288K) Eden: 3840K(3840K)->0K(3840K) From: 379K(448K)->116K(448K)
[2025-04-17T09:20:36.644+0000][4.644s][info][gc,heap     ] GC(43) Tenured: 8578K(9600K)->8945K(9600K)
[2025-04-17T09:20:36.644+0000][4.644s][info][gc,metaspace] GC(43) Metaspace: 19530K(19840K)->19530K(19840K) NonClass: 17043K(17216K)->17043K(17216K) Class: 2487K(2624K)->2487K(2624K)
[2025-04-17T09:20:36.644+0000][4.644s][info][gc          ] GC(43) Pause Young (Allocation Failure) 12M->8M(13M) 6.936ms
[2025-04-17T09:20:36.644+0000][4.645s][info][gc,cpu      ] GC(43) User=0.01s Sys=0.00s Real=0.00s
[2025-04-17T09:20:36.748+0000][4.749s][info][gc,start    ] GC(44) Pause Young (Allocation Failure)
[2025-04-17T09:20:36.749+0000][4.750s][info][gc,heap     ] GC(44) DefNew: 3952K(4288K)->448K(4288K) Eden: 3835K(3840K)->0K(3840K) From: 116K(448K)->448K(448K)
[2025-04-17T09:20:36.750+0000][4.750s][info][gc,heap     ] GC(44) Tenured: 8945K(9600K)->8948K(9600K)
[2025-04-17T09:20:36.750+0000][4.750s][info][gc,metaspace] GC(44) Metaspace: 19958K(20224K)->19958K(20224K) NonClass: 17430K(17536K)->17430K(17536K) Class: 2527K(2688K)->2527K(2688K)
[2025-04-17T09:20:36.750+0000][4.750s][info][gc          ] GC(44) Pause Young (Allocation Failure) 12M->9M(13M) 1.471ms
[2025-04-17T09:20:36.750+0000][4.750s][info][gc,cpu      ] GC(44) User=0.00s Sys=0.00s Real=0.00s
[2025-04-17T09:20:36.821+0000][4.822s][info][gc,start    ] GC(45) Pause Young (Allocation Failure)
[2025-04-17T09:20:36.823+0000][4.824s][info][gc,heap     ] GC(45) DefNew: 4288K(4288K)->140K(4288K) Eden: 3840K(3840K)->0K(3840K) From: 448K(448K)->140K(448K)
[2025-04-17T09:20:36.823+0000][4.824s][info][gc,heap     ] GC(45) Tenured: 8948K(9600K)->9342K(9600K)
[2025-04-17T09:20:36.823+0000][4.824s][info][gc,metaspace] GC(45) Metaspace: 20533K(20864K)->20533K(20864K) NonClass: 17946K(18112K)->17946K(18112K) Class: 2586K(2752K)->2586K(2752K)
[2025-04-17T09:20:36.823+0000][4.824s][info][gc          ] GC(45) Pause Young (Allocation Failure) 12M->9M(13M) 2.092ms
[2025-04-17T09:20:36.823+0000][4.824s][info][gc,cpu      ] GC(45) User=0.00s Sys=0.00s Real=0.00s
[2025-04-17T09:20:36.912+0000][4.913s][info][gc,start    ] GC(46) Pause Young (Allocation Failure)
[2025-04-17T09:20:36.916+0000][4.917s][info][gc,heap     ] GC(46) DefNew: 3980K(4288K)->448K(4288K) Eden: 3840K(3840K)->0K(3840K) From: 140K(448K)->448K(448K)
[2025-04-17T09:20:36.916+0000][4.917s][info][gc,heap     ] GC(46) Tenured: 9342K(9600K)->9407K(9600K)
[2025-04-17T09:20:36.916+0000][4.917s][info][gc,metaspace] GC(46) Metaspace: 21035K(21312K)->21035K(21312K) NonClass: 18408K(18560K)->18408K(18560K) Class: 2627K(2752K)->2627K(2752K)
[2025-04-17T09:20:36.916+0000][4.917s][info][gc          ] GC(46) Pause Young (Allocation Failure) 13M->9M(13M) 4.018ms
[2025-04-17T09:20:36.916+0000][4.917s][info][gc,cpu      ] GC(46) User=0.01s Sys=0.00s Real=0.01s
[2025-04-17T09:20:36.970+0000][4.971s][info][gc,start    ] GC(47) Pause Full (Metadata GC Threshold)
[2025-04-17T09:20:36.971+0000][4.971s][info][gc,phases,start] GC(47) Phase 1: Mark live objects
[2025-04-17T09:20:36.989+0000][4.989s][info][gc,phases      ] GC(47) Phase 1: Mark live objects 18.115ms
[2025-04-17T09:20:36.989+0000][4.989s][info][gc,phases,start] GC(47) Phase 2: Compute new object addresses
[2025-04-17T09:20:36.993+0000][4.993s][info][gc,phases      ] GC(47) Phase 2: Compute new object addresses 3.838ms
[2025-04-17T09:20:36.993+0000][4.993s][info][gc,phases,start] GC(47) Phase 3: Adjust pointers
[2025-04-17T09:20:37.002+0000][5.002s][info][gc,phases      ] GC(47) Phase 3: Adjust pointers 9.077ms
[2025-04-17T09:20:37.002+0000][5.002s][info][gc,phases,start] GC(47) Phase 4: Move objects
[2025-04-17T09:20:37.003+0000][5.004s][info][gc,phases      ] GC(47) Phase 4: Move objects 1.509ms
[2025-04-17T09:20:37.004+0000][5.004s][info][gc,heap        ] GC(47) DefNew: 1530K(4288K)->0K(7168K) Eden: 1082K(3840K)->0K(6400K) From: 448K(448K)->0K(768K)
[2025-04-17T09:20:37.004+0000][5.004s][info][gc,heap        ] GC(47) Tenured: 9407K(9600K)->9515K(15860K)
[2025-04-17T09:20:37.004+0000][5.004s][info][gc,metaspace   ] GC(47) Metaspace: 21271K(21504K)->21271K(21504K) NonClass: 18612K(18752K)->18612K(18752K) Class: 2659K(2752K)->2659K(2752K)
[2025-04-17T09:20:37.004+0000][5.004s][info][gc             ] GC(47) Pause Full (Metadata GC Threshold) 10M->9M(22M) 33.149ms
[2025-04-17T09:20:37.004+0000][5.004s][info][gc,cpu         ] GC(47) User=0.03s Sys=0.00s Real=0.03s
[2025-04-17T09:20:37.142+0000][5.143s][info][gc,start       ] GC(48) Pause Young (Allocation Failure)
[2025-04-17T09:20:37.144+0000][5.145s][info][gc,heap        ] GC(48) DefNew: 6400K(7168K)->238K(7168K) Eden: 6400K(6400K)->0K(6400K) From: 0K(768K)->238K(768K)
[2025-04-17T09:20:37.144+0000][5.145s][info][gc,heap        ] GC(48) Tenured: 9515K(15860K)->9515K(15860K)
[2025-04-17T09:20:37.144+0000][5.145s][info][gc,metaspace   ] GC(48) Metaspace: 21886K(22144K)->21886K(22144K) NonClass: 19141K(19264K)->19141K(19264K) Class: 2745K(2880K)->2745K(2880K)
[2025-04-17T09:20:37.144+0000][5.145s][info][gc             ] GC(48) Pause Young (Allocation Failure) 15M->9M(22M) 2.308ms
[2025-04-17T09:20:37.144+0000][5.145s][info][gc,cpu         ] GC(48) User=0.00s Sys=0.00s Real=0.01s
[2025-04-17T09:20:37.252+0000][5.253s][info][gc,start       ] GC(49) Pause Young (Allocation Failure)
[2025-04-17T09:20:37.254+0000][5.255s][info][gc,heap        ] GC(49) DefNew: 6638K(7168K)->376K(7168K) Eden: 6400K(6400K)->0K(6400K) From: 238K(768K)->376K(768K)
[2025-04-17T09:20:37.254+0000][5.255s][info][gc,heap        ] GC(49) Tenured: 9515K(15860K)->9515K(15860K)
[2025-04-17T09:20:37.254+0000][5.255s][info][gc,metaspace   ] GC(49) Metaspace: 22758K(23040K)->22758K(23040K) NonClass: 19935K(20096K)->19935K(20096K) Class: 2822K(2944K)->2822K(2944K)
[2025-04-17T09:20:37.254+0000][5.255s][info][gc             ] GC(49) Pause Young (Allocation Failure) 15M->9M(22M) 2.139ms
[2025-04-17T09:20:37.254+0000][5.255s][info][gc,cpu         ] GC(49) User=0.01s Sys=0.00s Real=0.01s
[2025-04-17T09:20:37.348+0000][5.349s][info][gc,start       ] GC(50) Pause Young (Allocation Failure)
[2025-04-17T09:20:37.352+0000][5.353s][info][gc,heap        ] GC(50) DefNew: 6776K(7168K)->486K(7168K) Eden: 6400K(6400K)->0K(6400K) From: 376K(768K)->486K(768K)
[2025-04-17T09:20:37.352+0000][5.353s][info][gc,heap        ] GC(50) Tenured: 9515K(15860K)->9515K(15860K)
[2025-04-17T09:20:37.352+0000][5.353s][info][gc,metaspace   ] GC(50) Metaspace: 23731K(24000K)->23731K(24000K) NonClass: 20818K(20928K)->20818K(20928K) Class: 2912K(3072K)->2912K(3072K)
[2025-04-17T09:20:37.352+0000][5.353s][info][gc             ] GC(50) Pause Young (Allocation Failure) 15M->9M(22M) 4.265ms
[2025-04-17T09:20:37.352+0000][5.353s][info][gc,cpu         ] GC(50) User=0.00s Sys=0.00s Real=0.00s
[2025-04-17T09:20:37.431+0000][5.432s][info][gc,start       ] GC(51) Pause Young (Allocation Failure)
[2025-04-17T09:20:37.437+0000][5.438s][info][gc,heap        ] GC(51) DefNew: 6886K(7168K)->342K(7168K) Eden: 6400K(6400K)->0K(6400K) From: 486K(768K)->342K(768K)
[2025-04-17T09:20:37.437+0000][5.438s][info][gc,heap        ] GC(51) Tenured: 9515K(15860K)->9716K(15860K)
[2025-04-17T09:20:37.437+0000][5.438s][info][gc,metaspace   ] GC(51) Metaspace: 24487K(24768K)->24487K(24768K) NonClass: 21468K(21568K)->21468K(21568K) Class: 3019K(3200K)->3019K(3200K)
[2025-04-17T09:20:37.437+0000][5.438s][info][gc             ] GC(51) Pause Young (Allocation Failure) 16M->9M(22M) 5.800ms
[2025-04-17T09:20:37.437+0000][5.438s][info][gc,cpu         ] GC(51) User=0.00s Sys=0.00s Real=0.01s
[2025-04-17T09:20:37.517+0000][5.518s][info][gc,start       ] GC(52) Pause Young (Allocation Failure)
[2025-04-17T09:20:37.521+0000][5.522s][info][gc,heap        ] GC(52) DefNew: 6742K(7168K)->509K(7168K) Eden: 6400K(6400K)->0K(6400K) From: 342K(768K)->509K(768K)
[2025-04-17T09:20:37.521+0000][5.522s][info][gc,heap        ] GC(52) Tenured: 9716K(15860K)->9716K(15860K)
[2025-04-17T09:20:37.521+0000][5.522s][info][gc,metaspace   ] GC(52) Metaspace: 25090K(25344K)->25090K(25344K) NonClass: 21975K(22080K)->21975K(22080K) Class: 3114K(3264K)->3114K(3264K)
[2025-04-17T09:20:37.521+0000][5.522s][info][gc             ] GC(52) Pause Young (Allocation Failure) 16M->9M(22M) 4.026ms
[2025-04-17T09:20:37.521+0000][5.522s][info][gc,cpu         ] GC(52) User=0.00s Sys=0.00s Real=0.00s
[2025-04-17T09:20:37.653+0000][5.654s][info][gc,start       ] GC(53) Pause Young (Allocation Failure)
[2025-04-17T09:20:37.657+0000][5.657s][info][gc,heap        ] GC(53) DefNew: 6909K(7168K)->622K(7168K) Eden: 6400K(6400K)->0K(6400K) From: 509K(768K)->622K(768K)
[2025-04-17T09:20:37.657+0000][5.657s][info][gc,heap        ] GC(53) Tenured: 9716K(15860K)->9865K(15860K)
[2025-04-17T09:20:37.657+0000][5.657s][info][gc,metaspace   ] GC(53) Metaspace: 25660K(25920K)->25660K(25920K) NonClass: 22457K(22592K)->22457K(22592K) Class: 3203K(3328K)->3203K(3328K)
[2025-04-17T09:20:37.657+0000][5.657s][info][gc             ] GC(53) Pause Young (Allocation Failure) 16M->10M(22M) 3.469ms
[2025-04-17T09:20:37.657+0000][5.657s][info][gc,cpu         ] GC(53) User=0.01s Sys=0.00s Real=0.01s
[2025-04-17T09:20:37.782+0000][5.783s][info][gc,start       ] GC(54) Pause Young (Allocation Failure)
[2025-04-17T09:20:37.785+0000][5.786s][info][gc,heap        ] GC(54) DefNew: 7022K(7168K)->639K(7168K) Eden: 6400K(6400K)->0K(6400K) From: 622K(768K)->639K(768K)
[2025-04-17T09:20:37.785+0000][5.786s][info][gc,heap        ] GC(54) Tenured: 9865K(15860K)->10212K(15860K)
[2025-04-17T09:20:37.785+0000][5.786s][info][gc,metaspace   ] GC(54) Metaspace: 26461K(26752K)->26461K(26752K) NonClass: 23169K(23296K)->23169K(23296K) Class: 3291K(3456K)->3291K(3456K)
[2025-04-17T09:20:37.785+0000][5.786s][info][gc             ] GC(54) Pause Young (Allocation Failure) 16M->10M(22M) 3.227ms
[2025-04-17T09:20:37.785+0000][5.786s][info][gc,cpu         ] GC(54) User=0.00s Sys=0.00s Real=0.01s
[2025-04-17T09:20:37.833+0000][5.834s][info][gc,start       ] GC(55) Pause Young (Allocation Failure)
[2025-04-17T09:20:37.837+0000][5.837s][info][gc,heap        ] GC(55) DefNew: 7039K(7168K)->448K(7168K) Eden: 6400K(6400K)->0K(6400K) From: 639K(768K)->448K(768K)
[2025-04-17T09:20:37.837+0000][5.837s][info][gc,heap        ] GC(55) Tenured: 10212K(15860K)->10477K(15860K)
[2025-04-17T09:20:37.837+0000][5.837s][info][gc,metaspace   ] GC(55) Metaspace: 26801K(27136K)->26801K(27136K) NonClass: 23449K(23616K)->23449K(23616K) Class: 3352K(3520K)->3352K(3520K)
[2025-04-17T09:20:37.837+0000][5.837s][info][gc             ] GC(55) Pause Young (Allocation Failure) 16M->10M(22M) 3.532ms
[2025-04-17T09:20:37.837+0000][5.837s][info][gc,cpu         ] GC(55) User=0.00s Sys=0.00s Real=0.01s
[2025-04-17T09:20:37.972+0000][5.973s][info][gc,start       ] GC(56) Pause Young (Allocation Failure)
[2025-04-17T09:20:37.975+0000][5.975s][info][gc,heap        ] GC(56) DefNew: 6848K(7168K)->456K(7168K) Eden: 6400K(6400K)->0K(6400K) From: 448K(768K)->456K(768K)
[2025-04-17T09:20:37.975+0000][5.976s][info][gc,heap        ] GC(56) Tenured: 10477K(15860K)->10836K(15860K)
[2025-04-17T09:20:37.975+0000][5.976s][info][gc,metaspace   ] GC(56) Metaspace: 27445K(27776K)->27445K(27776K) NonClass: 24014K(24192K)->24014K(24192K) Class: 3431K(3584K)->3431K(3584K)
[2025-04-17T09:20:37.975+0000][5.976s][info][gc             ] GC(56) Pause Young (Allocation Failure) 16M->11M(22M) 2.800ms
[2025-04-17T09:20:37.975+0000][5.976s][info][gc,cpu         ] GC(56) User=0.01s Sys=0.00s Real=0.01s
[2025-04-17T09:20:38.094+0000][6.095s][info][gc,start       ] GC(57) Pause Young (Allocation Failure)
[2025-04-17T09:20:38.098+0000][6.099s][info][gc,heap        ] GC(57) DefNew: 6856K(7168K)->361K(7168K) Eden: 6400K(6400K)->0K(6400K) From: 456K(768K)->361K(768K)
[2025-04-17T09:20:38.098+0000][6.099s][info][gc,heap        ] GC(57) Tenured: 10836K(15860K)->11280K(15860K)
[2025-04-17T09:20:38.098+0000][6.099s][info][gc,metaspace   ] GC(57) Metaspace: 27868K(28160K)->27868K(28160K) NonClass: 24381K(24576K)->24381K(24576K) Class: 3487K(3584K)->3487K(3584K)
[2025-04-17T09:20:38.098+0000][6.099s][info][gc             ] GC(57) Pause Young (Allocation Failure) 17M->11M(22M) 3.720ms
[2025-04-17T09:20:38.098+0000][6.099s][info][gc,cpu         ] GC(57) User=0.01s Sys=0.00s Real=0.00s
[2025-04-17T09:20:38.193+0000][6.194s][info][gc,start       ] GC(58) Pause Young (Allocation Failure)
[2025-04-17T09:20:38.197+0000][6.198s][info][gc,heap        ] GC(58) DefNew: 6761K(7168K)->706K(7168K) Eden: 6400K(6400K)->0K(6400K) From: 361K(768K)->706K(768K)
[2025-04-17T09:20:38.197+0000][6.198s][info][gc,heap        ] GC(58) Tenured: 11280K(15860K)->11280K(15860K)
[2025-04-17T09:20:38.197+0000][6.198s][info][gc,metaspace   ] GC(58) Metaspace: 28333K(28608K)->28333K(28608K) NonClass: 24778K(24960K)->24778K(24960K) Class: 3555K(3648K)->3555K(3648K)
[2025-04-17T09:20:38.197+0000][6.198s][info][gc             ] GC(58) Pause Young (Allocation Failure) 17M->11M(22M) 3.540ms
[2025-04-17T09:20:38.198+0000][6.199s][info][gc,cpu         ] GC(58) User=0.00s Sys=0.00s Real=0.01s
[2025-04-17T09:20:38.288+0000][6.288s][info][gc,start       ] GC(59) Pause Young (Allocation Failure)
[2025-04-17T09:20:38.291+0000][6.291s][info][gc,heap        ] GC(59) DefNew: 7106K(7168K)->589K(7168K) Eden: 6400K(6400K)->0K(6400K) From: 706K(768K)->589K(768K)
[2025-04-17T09:20:38.291+0000][6.291s][info][gc,heap        ] GC(59) Tenured: 11280K(15860K)->11612K(15860K)
[2025-04-17T09:20:38.291+0000][6.291s][info][gc,metaspace   ] GC(59) Metaspace: 28778K(29056K)->28778K(29056K) NonClass: 25165K(25344K)->25165K(25344K) Class: 3612K(3712K)->3612K(3712K)
[2025-04-17T09:20:38.291+0000][6.291s][info][gc             ] GC(59) Pause Young (Allocation Failure) 17M->11M(22M) 3.009ms
[2025-04-17T09:20:38.291+0000][6.291s][info][gc,cpu         ] GC(59) User=0.01s Sys=0.00s Real=0.00s
[2025-04-17T09:20:38.444+0000][6.445s][info][gc,start       ] GC(60) Pause Young (Allocation Failure)
[2025-04-17T09:20:38.448+0000][6.449s][info][gc,heap        ] GC(60) DefNew: 6989K(7168K)->595K(7168K) Eden: 6400K(6400K)->0K(6400K) From: 589K(768K)->595K(768K)
[2025-04-17T09:20:38.448+0000][6.449s][info][gc,heap        ] GC(60) Tenured: 11612K(15860K)->11955K(15860K)
[2025-04-17T09:20:38.448+0000][6.449s][info][gc,metaspace   ] GC(60) Metaspace: 29338K(29568K)->29338K(29568K) NonClass: 25651K(25792K)->25651K(25792K) Class: 3686K(3776K)->3686K(3776K)
[2025-04-17T09:20:38.448+0000][6.449s][info][gc             ] GC(60) Pause Young (Allocation Failure) 18M->12M(22M) 3.710ms
[2025-04-17T09:20:38.448+0000][6.449s][info][gc,cpu         ] GC(60) User=0.00s Sys=0.00s Real=0.00s
[2025-04-17T09:20:39.232+0000][7.233s][info][gc,start       ] GC(61) Pause Young (Allocation Failure)
[2025-04-17T09:20:39.236+0000][7.237s][info][gc,heap        ] GC(61) DefNew: 6995K(7168K)->694K(7168K) Eden: 6400K(6400K)->0K(6400K) From: 595K(768K)->694K(768K)
[2025-04-17T09:20:39.236+0000][7.237s][info][gc,heap        ] GC(61) Tenured: 11955K(15860K)->12158K(15860K)
[2025-04-17T09:20:39.236+0000][7.237s][info][gc,metaspace   ] GC(61) Metaspace: 30364K(30720K)->30364K(30720K) NonClass: 26555K(26752K)->26555K(26752K) Class: 3808K(3968K)->3808K(3968K)
[2025-04-17T09:20:39.236+0000][7.237s][info][gc             ] GC(61) Pause Young (Allocation Failure) 18M->12M(22M) 3.998ms
[2025-04-17T09:20:39.236+0000][7.237s][info][gc,cpu         ] GC(61) User=0.00s Sys=0.00s Real=0.01s
[2025-04-17T09:20:39.300+0000][7.301s][info][gc,start       ] GC(62) Pause Young (Allocation Failure)
[2025-04-17T09:20:39.304+0000][7.305s][info][gc,heap        ] GC(62) DefNew: 7094K(7168K)->558K(7168K) Eden: 6400K(6400K)->0K(6400K) From: 694K(768K)->558K(768K)
[2025-04-17T09:20:39.304+0000][7.305s][info][gc,heap        ] GC(62) Tenured: 12158K(15860K)->12503K(15860K)
[2025-04-17T09:20:39.304+0000][7.305s][info][gc,metaspace   ] GC(62) Metaspace: 30932K(31296K)->30932K(31296K) NonClass: 27056K(27264K)->27056K(27264K) Class: 3875K(4032K)->3875K(4032K)
[2025-04-17T09:20:39.304+0000][7.305s][info][gc             ] GC(62) Pause Young (Allocation Failure) 18M->12M(22M) 4.087ms
[2025-04-17T09:20:39.304+0000][7.305s][info][gc,cpu         ] GC(62) User=0.00s Sys=0.00s Real=0.01s
[2025-04-17T09:20:39.403+0000][7.403s][info][gc,start       ] GC(63) Pause Young (Allocation Failure)
[2025-04-17T09:20:39.406+0000][7.407s][info][gc,heap        ] GC(63) DefNew: 6958K(7168K)->423K(7168K) Eden: 6400K(6400K)->0K(6400K) From: 558K(768K)->423K(768K)
[2025-04-17T09:20:39.406+0000][7.407s][info][gc,heap        ] GC(63) Tenured: 12503K(15860K)->12834K(15860K)
[2025-04-17T09:20:39.406+0000][7.407s][info][gc,metaspace   ] GC(63) Metaspace: 31579K(31936K)->31579K(31936K) NonClass: 27620K(27776K)->27620K(27776K) Class: 3959K(4160K)->3959K(4160K)
[2025-04-17T09:20:39.406+0000][7.407s][info][gc             ] GC(63) Pause Young (Allocation Failure) 19M->12M(22M) 3.519ms
[2025-04-17T09:20:39.406+0000][7.407s][info][gc,cpu         ] GC(63) User=0.00s Sys=0.00s Real=0.01s
[2025-04-17T09:20:39.485+0000][7.486s][info][gc,start       ] GC(64) Pause Young (Allocation Failure)
[2025-04-17T09:20:39.488+0000][7.488s][info][gc,heap        ] GC(64) DefNew: 6823K(7168K)->302K(7168K) Eden: 6400K(6400K)->0K(6400K) From: 423K(768K)->302K(768K)
[2025-04-17T09:20:39.488+0000][7.488s][info][gc,heap        ] GC(64) Tenured: 12834K(15860K)->13015K(15860K)
[2025-04-17T09:20:39.488+0000][7.488s][info][gc,metaspace   ] GC(64) Metaspace: 32047K(32448K)->32047K(32448K) NonClass: 28007K(28224K)->28007K(28224K) Class: 4040K(4224K)->4040K(4224K)
[2025-04-17T09:20:39.488+0000][7.488s][info][gc             ] GC(64) Pause Young (Allocation Failure) 19M->13M(22M) 2.680ms
[2025-04-17T09:20:39.488+0000][7.488s][info][gc,cpu         ] GC(64) User=0.00s Sys=0.00s Real=0.00s
[2025-04-17T09:20:39.565+0000][7.566s][info][gc,start       ] GC(65) Pause Young (Allocation Failure)
[2025-04-17T09:20:39.567+0000][7.568s][info][gc,heap        ] GC(65) DefNew: 6702K(7168K)->377K(7168K) Eden: 6400K(6400K)->0K(6400K) From: 302K(768K)->377K(768K)
[2025-04-17T09:20:39.567+0000][7.568s][info][gc,heap        ] GC(65) Tenured: 13015K(15860K)->13015K(15860K)
[2025-04-17T09:20:39.567+0000][7.568s][info][gc,metaspace   ] GC(65) Metaspace: 32521K(32832K)->32521K(32832K) NonClass: 28422K(28544K)->28422K(28544K) Class: 4098K(4288K)->4098K(4288K)
[2025-04-17T09:20:39.567+0000][7.568s][info][gc             ] GC(65) Pause Young (Allocation Failure) 19M->13M(22M) 2.349ms
[2025-04-17T09:20:39.567+0000][7.568s][info][gc,cpu         ] GC(65) User=0.00s Sys=0.00s Real=0.00s
[2025-04-17T09:20:39.657+0000][7.658s][info][gc,start       ] GC(66) Pause Young (Allocation Failure)
[2025-04-17T09:20:39.659+0000][7.660s][info][gc,heap        ] GC(66) DefNew: 6777K(7168K)->445K(7168K) Eden: 6400K(6400K)->0K(6400K) From: 377K(768K)->445K(768K)
[2025-04-17T09:20:39.660+0000][7.661s][info][gc,heap        ] GC(66) Tenured: 13015K(15860K)->13015K(15860K)
[2025-04-17T09:20:39.660+0000][7.661s][info][gc,metaspace   ] GC(66) Metaspace: 33070K(33408K)->33070K(33408K) NonClass: 28887K(29056K)->28887K(29056K) Class: 4182K(4352K)->4182K(4352K)
[2025-04-17T09:20:39.660+0000][7.661s][info][gc             ] GC(66) Pause Young (Allocation Failure) 19M->13M(22M) 3.010ms
[2025-04-17T09:20:39.660+0000][7.661s][info][gc,cpu         ] GC(66) User=0.00s Sys=0.00s Real=0.00s
[2025-04-17T09:20:39.722+0000][7.723s][info][gc,start       ] GC(67) Pause Young (Allocation Failure)
[2025-04-17T09:20:39.727+0000][7.727s][info][gc,heap        ] GC(67) DefNew: 6845K(7168K)->325K(7168K) Eden: 6400K(6400K)->0K(6400K) From: 445K(768K)->325K(768K)
[2025-04-17T09:20:39.727+0000][7.727s][info][gc,heap        ] GC(67) Tenured: 13015K(15860K)->13201K(15860K)
[2025-04-17T09:20:39.727+0000][7.727s][info][gc,metaspace   ] GC(67) Metaspace: 33377K(33664K)->33377K(33664K) NonClass: 29128K(29248K)->29128K(29248K) Class: 4248K(4416K)->4248K(4416K)
[2025-04-17T09:20:39.727+0000][7.727s][info][gc             ] GC(67) Pause Young (Allocation Failure) 19M->13M(22M) 4.326ms
[2025-04-17T09:20:39.727+0000][7.727s][info][gc,cpu         ] GC(67) User=0.01s Sys=0.00s Real=0.01s
[2025-04-17T09:20:39.799+0000][7.800s][info][gc,start       ] GC(68) Pause Young (Allocation Failure)
[2025-04-17T09:20:39.803+0000][7.803s][info][gc,heap        ] GC(68) DefNew: 6725K(7168K)->389K(7168K) Eden: 6400K(6400K)->0K(6400K) From: 325K(768K)->389K(768K)
[2025-04-17T09:20:39.803+0000][7.803s][info][gc,heap        ] GC(68) Tenured: 13201K(15860K)->13201K(15860K)
[2025-04-17T09:20:39.803+0000][7.803s][info][gc,metaspace   ] GC(68) Metaspace: 33823K(34176K)->33823K(34176K) NonClass: 29515K(29696K)->29515K(29696K) Class: 4308K(4480K)->4308K(4480K)
[2025-04-17T09:20:39.803+0000][7.803s][info][gc             ] GC(68) Pause Young (Allocation Failure) 19M->13M(22M) 3.484ms
[2025-04-17T09:20:39.803+0000][7.803s][info][gc,cpu         ] GC(68) User=0.01s Sys=0.00s Real=0.00s
[2025-04-17T09:20:40.366+0000][8.367s][info][gc,start       ] GC(69) Pause Young (Allocation Failure)
[2025-04-17T09:20:40.372+0000][8.372s][info][gc,heap        ] GC(69) DefNew: 6789K(7168K)->701K(7168K) Eden: 6399K(6400K)->0K(6400K) From: 389K(768K)->701K(768K)
[2025-04-17T09:20:40.372+0000][8.372s][info][gc,heap        ] GC(69) Tenured: 13201K(15860K)->13300K(15860K)
[2025-04-17T09:20:40.372+0000][8.372s][info][gc,metaspace   ] GC(69) Metaspace: 34699K(35072K)->34699K(35072K) NonClass: 30290K(30464K)->30290K(30464K) Class: 4409K(4608K)->4409K(4608K)
[2025-04-17T09:20:40.372+0000][8.372s][info][gc             ] GC(69) Pause Young (Allocation Failure) 19M->13M(22M) 5.765ms
[2025-04-17T09:20:40.372+0000][8.372s][info][gc,cpu         ] GC(69) User=0.01s Sys=0.00s Real=0.00s
[2025-04-17T09:20:41.682+0000][9.683s][info][gc,start       ] GC(70) Pause Young (Allocation Failure)
[2025-04-17T09:20:41.686+0000][9.686s][info][gc,heap        ] GC(70) DefNew: 7101K(7168K)->340K(7168K) Eden: 6400K(6400K)->0K(6400K) From: 701K(768K)->340K(768K)
[2025-04-17T09:20:41.686+0000][9.686s][info][gc,heap        ] GC(70) Tenured: 13300K(15860K)->13983K(15860K)
[2025-04-17T09:20:41.686+0000][9.686s][info][gc,metaspace   ] GC(70) Metaspace: 35005K(35392K)->35005K(35392K) NonClass: 30593K(30784K)->30593K(30784K) Class: 4411K(4608K)->4411K(4608K)
[2025-04-17T09:20:41.686+0000][9.686s][info][gc             ] GC(70) Pause Young (Allocation Failure) 19M->13M(22M) 3.485ms
[2025-04-17T09:20:41.686+0000][9.686s][info][gc,cpu         ] GC(70) User=0.01s Sys=0.00s Real=0.01s
[2025-04-17T09:20:42.667+0000][10.667s][info][gc,start       ] GC(71) Pause Young (Allocation Failure)
[2025-04-17T09:20:42.668+0000][10.669s][info][gc,heap        ] GC(71) DefNew: 6740K(7168K)->415K(7168K) Eden: 6399K(6400K)->0K(6400K) From: 340K(768K)->415K(768K)
[2025-04-17T09:20:42.668+0000][10.669s][info][gc,heap        ] GC(71) Tenured: 13983K(15860K)->13983K(15860K)
[2025-04-17T09:20:42.668+0000][10.669s][info][gc,metaspace   ] GC(71) Metaspace: 35241K(35648K)->35241K(35648K) NonClass: 30829K(31040K)->30829K(31040K) Class: 4411K(4608K)->4411K(4608K)
[2025-04-17T09:20:42.668+0000][10.669s][info][gc             ] GC(71) Pause Young (Allocation Failure) 20M->14M(22M) 1.630ms
[2025-04-17T09:20:42.668+0000][10.669s][info][gc,cpu         ] GC(71) User=0.00s Sys=0.00s Real=0.00s
[2025-04-17T09:20:43.441+0000][11.442s][info][gc,start       ] GC(72) Pause Young (Allocation Failure)
[2025-04-17T09:20:43.443+0000][11.443s][info][gc,heap        ] GC(72) DefNew: 6815K(7168K)->175K(7168K) Eden: 6400K(6400K)->0K(6400K) From: 415K(768K)->175K(768K)
[2025-04-17T09:20:43.443+0000][11.444s][info][gc,heap        ] GC(72) Tenured: 13983K(15860K)->14239K(15860K)
[2025-04-17T09:20:43.443+0000][11.444s][info][gc,metaspace   ] GC(72) Metaspace: 35416K(35840K)->35416K(35840K) NonClass: 31004K(31232K)->31004K(31232K) Class: 4411K(4608K)->4411K(4608K)
[2025-04-17T09:20:43.443+0000][11.444s][info][gc             ] GC(72) Pause Young (Allocation Failure) 20M->14M(22M) 1.965ms
[2025-04-17T09:20:43.443+0000][11.444s][info][gc,cpu         ] GC(72) User=0.00s Sys=0.00s Real=0.00s
[2025-04-17T09:20:44.083+0000][12.083s][info][gc,start       ] GC(73) Pause Full (Metadata GC Threshold)
[2025-04-17T09:20:44.083+0000][12.083s][info][gc,phases,start] GC(73) Phase 1: Mark live objects
[2025-04-17T09:20:44.108+0000][12.108s][info][gc,phases      ] GC(73) Phase 1: Mark live objects 24.976ms
[2025-04-17T09:20:44.108+0000][12.108s][info][gc,phases,start] GC(73) Phase 2: Compute new object addresses
[2025-04-17T09:20:44.113+0000][12.114s][info][gc,phases      ] GC(73) Phase 2: Compute new object addresses 5.543ms
[2025-04-17T09:20:44.113+0000][12.114s][info][gc,phases,start] GC(73) Phase 3: Adjust pointers
[2025-04-17T09:20:44.126+0000][12.127s][info][gc,phases      ] GC(73) Phase 3: Adjust pointers 13.148ms
[2025-04-17T09:20:44.127+0000][12.127s][info][gc,phases,start] GC(73) Phase 4: Move objects
[2025-04-17T09:20:44.129+0000][12.130s][info][gc,phases      ] GC(73) Phase 4: Move objects 2.633ms
[2025-04-17T09:20:44.130+0000][12.130s][info][gc,heap        ] GC(73) DefNew: 6292K(7168K)->0K(10176K) Eden: 6117K(6400K)->0K(9088K) From: 175K(768K)->0K(1088K)
[2025-04-17T09:20:44.130+0000][12.130s][info][gc,heap        ] GC(73) Tenured: 14239K(15860K)->13476K(22464K)
[2025-04-17T09:20:44.130+0000][12.130s][info][gc,metaspace   ] GC(73) Metaspace: 35522K(35840K)->35522K(35840K) NonClass: 31111K(31232K)->31111K(31232K) Class: 4411K(4608K)->4411K(4608K)
[2025-04-17T09:20:44.130+0000][12.130s][info][gc             ] GC(73) Pause Full (Metadata GC Threshold) 20M->13M(31M) 46.919ms
[2025-04-17T09:20:44.130+0000][12.130s][info][gc,cpu         ] GC(73) User=0.05s Sys=0.00s Real=0.05s
[2025-04-17T09:20:44.931+0000][12.932s][info][gc,start       ] GC(74) Pause Young (Allocation Failure)
[2025-04-17T09:20:44.933+0000][12.934s][info][gc,heap        ] GC(74) DefNew: 9075K(10176K)->173K(10176K) Eden: 9075K(9088K)->0K(9088K) From: 0K(1088K)->173K(1088K)
[2025-04-17T09:20:44.933+0000][12.934s][info][gc,heap        ] GC(74) Tenured: 13476K(22464K)->13476K(22464K)
[2025-04-17T09:20:44.933+0000][12.934s][info][gc,metaspace   ] GC(74) Metaspace: 35645K(35968K)->35645K(35968K) NonClass: 31233K(31360K)->31233K(31360K) Class: 4411K(4608K)->4411K(4608K)
[2025-04-17T09:20:44.933+0000][12.934s][info][gc             ] GC(74) Pause Young (Allocation Failure) 22M->13M(31M) 1.791ms
[2025-04-17T09:20:44.933+0000][12.934s][info][gc,cpu         ] GC(74) User=0.00s Sys=0.00s Real=0.00s
[2025-04-17T09:20:45.664+0000][13.665s][info][gc,start       ] GC(75) Pause Young (Allocation Failure)
[2025-04-17T09:20:45.666+0000][13.666s][info][gc,heap        ] GC(75) DefNew: 9261K(10176K)->212K(10176K) Eden: 9088K(9088K)->0K(9088K) From: 173K(1088K)->212K(1088K)
[2025-04-17T09:20:45.666+0000][13.666s][info][gc,heap        ] GC(75) Tenured: 13476K(22464K)->13476K(22464K)
[2025-04-17T09:20:45.666+0000][13.666s][info][gc,metaspace   ] GC(75) Metaspace: 35705K(36096K)->35705K(36096K) NonClass: 31292K(31488K)->31292K(31488K) Class: 4412K(4608K)->4412K(4608K)
[2025-04-17T09:20:45.666+0000][13.666s][info][gc             ] GC(75) Pause Young (Allocation Failure) 22M->13M(31M) 1.389ms
[2025-04-17T09:20:45.666+0000][13.666s][info][gc,cpu         ] GC(75) User=0.00s Sys=0.00s Real=0.00s
[2025-04-17T09:20:46.367+0000][14.368s][info][gc,start       ] GC(76) Pause Young (Allocation Failure)
[2025-04-17T09:20:46.369+0000][14.370s][info][gc,heap        ] GC(76) DefNew: 9300K(10176K)->182K(10176K) Eden: 9088K(9088K)->0K(9088K) From: 212K(1088K)->182K(1088K)
[2025-04-17T09:20:46.369+0000][14.370s][info][gc,heap        ] GC(76) Tenured: 13476K(22464K)->13476K(22464K)
[2025-04-17T09:20:46.369+0000][14.370s][info][gc,metaspace   ] GC(76) Metaspace: 35835K(36224K)->35835K(36224K) NonClass: 31422K(31616K)->31422K(31616K) Class: 4413K(4608K)->4413K(4608K)
[2025-04-17T09:20:46.369+0000][14.370s][info][gc             ] GC(76) Pause Young (Allocation Failure) 22M->13M(31M) 1.773ms
[2025-04-17T09:20:46.369+0000][14.370s][info][gc,cpu         ] GC(76) User=0.00s Sys=0.00s Real=0.00s
[2025-04-17T09:20:46.987+0000][14.988s][info][gc,start       ] GC(77) Pause Young (Allocation Failure)
[2025-04-17T09:20:46.989+0000][14.990s][info][gc,heap        ] GC(77) DefNew: 9270K(10176K)->226K(10176K) Eden: 9088K(9088K)->0K(9088K) From: 182K(1088K)->226K(1088K)
[2025-04-17T09:20:46.989+0000][14.990s][info][gc,heap        ] GC(77) Tenured: 13476K(22464K)->13476K(22464K)
[2025-04-17T09:20:46.989+0000][14.990s][info][gc,metaspace   ] GC(77) Metaspace: 35897K(36224K)->35897K(36224K) NonClass: 31483K(31616K)->31483K(31616K) Class: 4413K(4608K)->4413K(4608K)
[2025-04-17T09:20:46.989+0000][14.990s][info][gc             ] GC(77) Pause Young (Allocation Failure) 22M->13M(31M) 1.723ms
[2025-04-17T09:20:46.989+0000][14.990s][info][gc,cpu         ] GC(77) User=0.00s Sys=0.00s Real=0.00s
[2025-04-17T09:20:47.589+0000][15.589s][info][gc,start       ] GC(78) Pause Young (Allocation Failure)
[2025-04-17T09:20:47.591+0000][15.591s][info][gc,heap        ] GC(78) DefNew: 9314K(10176K)->242K(10176K) Eden: 9088K(9088K)->0K(9088K) From: 226K(1088K)->242K(1088K)
[2025-04-17T09:20:47.591+0000][15.591s][info][gc,heap        ] GC(78) Tenured: 13476K(22464K)->13476K(22464K)
[2025-04-17T09:20:47.591+0000][15.591s][info][gc,metaspace   ] GC(78) Metaspace: 36161K(36544K)->36161K(36544K) NonClass: 31748K(31936K)->31748K(31936K) Class: 4413K(4608K)->4413K(4608K)
[2025-04-17T09:20:47.591+0000][15.591s][info][gc             ] GC(78) Pause Young (Allocation Failure) 22M->13M(31M) 1.861ms
[2025-04-17T09:20:47.591+0000][15.591s][info][gc,cpu         ] GC(78) User=0.00s Sys=0.00s Real=0.00s
[2025-04-17T09:20:48.103+0000][16.103s][info][gc,start       ] GC(79) Pause Young (Allocation Failure)
[2025-04-17T09:20:48.105+0000][16.105s][info][gc,heap        ] GC(79) DefNew: 9330K(10176K)->401K(10176K) Eden: 9088K(9088K)->0K(9088K) From: 242K(1088K)->401K(1088K)
[2025-04-17T09:20:48.105+0000][16.105s][info][gc,heap        ] GC(79) Tenured: 13476K(22464K)->13476K(22464K)
[2025-04-17T09:20:48.105+0000][16.105s][info][gc,metaspace   ] GC(79) Metaspace: 36200K(36544K)->36200K(36544K) NonClass: 31785K(31936K)->31785K(31936K) Class: 4414K(4608K)->4414K(4608K)
[2025-04-17T09:20:48.105+0000][16.105s][info][gc             ] GC(79) Pause Young (Allocation Failure) 22M->13M(31M) 2.106ms
[2025-04-17T09:20:48.105+0000][16.105s][info][gc,cpu         ] GC(79) User=0.00s Sys=0.00s Real=0.01s
[2025-04-17T09:20:48.727+0000][16.728s][info][gc,start       ] GC(80) Pause Young (Allocation Failure)
[2025-04-17T09:20:48.730+0000][16.730s][info][gc,heap        ] GC(80) DefNew: 9489K(10176K)->409K(10176K) Eden: 9088K(9088K)->0K(9088K) From: 401K(1088K)->409K(1088K)
[2025-04-17T09:20:48.730+0000][16.730s][info][gc,heap        ] GC(80) Tenured: 13476K(22464K)->13476K(22464K)
[2025-04-17T09:20:48.730+0000][16.730s][info][gc,metaspace   ] GC(80) Metaspace: 36227K(36544K)->36227K(36544K) NonClass: 31813K(31936K)->31813K(31936K) Class: 4414K(4608K)->4414K(4608K)
[2025-04-17T09:20:48.730+0000][16.730s][info][gc             ] GC(80) Pause Young (Allocation Failure) 22M->13M(31M) 2.166ms
[2025-04-17T09:20:48.730+0000][16.730s][info][gc,cpu         ] GC(80) User=0.00s Sys=0.00s Real=0.00s
[2025-04-17T09:20:49.223+0000][17.224s][info][gc,start       ] GC(81) Pause Young (Allocation Failure)
[2025-04-17T09:20:49.225+0000][17.226s][info][gc,heap        ] GC(81) DefNew: 9497K(10176K)->452K(10176K) Eden: 9088K(9088K)->0K(9088K) From: 409K(1088K)->452K(1088K)
[2025-04-17T09:20:49.225+0000][17.226s][info][gc,heap        ] GC(81) Tenured: 13476K(22464K)->13476K(22464K)
[2025-04-17T09:20:49.225+0000][17.226s][info][gc,metaspace   ] GC(81) Metaspace: 36265K(36672K)->36265K(36672K) NonClass: 31850K(32064K)->31850K(32064K) Class: 4414K(4608K)->4414K(4608K)
[2025-04-17T09:20:49.225+0000][17.226s][info][gc             ] GC(81) Pause Young (Allocation Failure) 22M->13M(31M) 2.150ms
[2025-04-17T09:20:49.225+0000][17.226s][info][gc,cpu         ] GC(81) User=0.00s Sys=0.00s Real=0.01s
[2025-04-17T09:20:49.678+0000][17.679s][info][gc,start       ] GC(82) Pause Young (Allocation Failure)
[2025-04-17T09:20:49.680+0000][17.681s][info][gc,heap        ] GC(82) DefNew: 9540K(10176K)->493K(10176K) Eden: 9088K(9088K)->0K(9088K) From: 452K(1088K)->493K(1088K)
[2025-04-17T09:20:49.680+0000][17.681s][info][gc,heap        ] GC(82) Tenured: 13476K(22464K)->13476K(22464K)
[2025-04-17T09:20:49.680+0000][17.681s][info][gc,metaspace   ] GC(82) Metaspace: 36279K(36672K)->36279K(36672K) NonClass: 31865K(32064K)->31865K(32064K) Class: 4414K(4608K)->4414K(4608K)
[2025-04-17T09:20:49.680+0000][17.681s][info][gc             ] GC(82) Pause Young (Allocation Failure) 22M->13M(31M) 1.997ms
[2025-04-17T09:20:49.680+0000][17.681s][info][gc,cpu         ] GC(82) User=0.00s Sys=0.00s Real=0.00s
[2025-04-17T09:20:50.152+0000][18.153s][info][gc,start       ] GC(83) Pause Young (Allocation Failure)
[2025-04-17T09:20:50.154+0000][18.154s][info][gc,heap        ] GC(83) DefNew: 9580K(10176K)->518K(10176K) Eden: 9086K(9088K)->0K(9088K) From: 493K(1088K)->518K(1088K)
[2025-04-17T09:20:50.154+0000][18.154s][info][gc,heap        ] GC(83) Tenured: 13476K(22464K)->13476K(22464K)
[2025-04-17T09:20:50.154+0000][18.154s][info][gc,metaspace   ] GC(83) Metaspace: 36313K(36672K)->36313K(36672K) NonClass: 31899K(32064K)->31899K(32064K) Class: 4414K(4608K)->4414K(4608K)
[2025-04-17T09:20:50.154+0000][18.154s][info][gc             ] GC(83) Pause Young (Allocation Failure) 22M->13M(31M) 1.855ms
[2025-04-17T09:20:50.154+0000][18.154s][info][gc,cpu         ] GC(83) User=0.00s Sys=0.00s Real=0.00s
[2025-04-17T09:20:50.527+0000][18.528s][info][gc,start       ] GC(84) Pause Young (Allocation Failure)
[2025-04-17T09:20:50.530+0000][18.531s][info][gc,heap        ] GC(84) DefNew: 9606K(10176K)->564K(10176K) Eden: 9088K(9088K)->0K(9088K) From: 518K(1088K)->564K(1088K)
[2025-04-17T09:20:50.530+0000][18.531s][info][gc,heap        ] GC(84) Tenured: 13476K(22464K)->13476K(22464K)
[2025-04-17T09:20:50.530+0000][18.531s][info][gc,metaspace   ] GC(84) Metaspace: 36339K(36672K)->36339K(36672K) NonClass: 31925K(32064K)->31925K(32064K) Class: 4414K(4608K)->4414K(4608K)
[2025-04-17T09:20:50.530+0000][18.531s][info][gc             ] GC(84) Pause Young (Allocation Failure) 22M->13M(31M) 3.261ms
[2025-04-17T09:20:50.530+0000][18.531s][info][gc,cpu         ] GC(84) User=0.00s Sys=0.00s Real=0.00s
[2025-04-17T09:20:50.963+0000][18.963s][info][gc,start       ] GC(85) Pause Young (Allocation Failure)
[2025-04-17T09:20:50.965+0000][18.966s][info][gc,heap        ] GC(85) DefNew: 9652K(10176K)->431K(10176K) Eden: 9088K(9088K)->0K(9088K) From: 564K(1088K)->431K(1088K)
[2025-04-17T09:20:50.965+0000][18.966s][info][gc,heap        ] GC(85) Tenured: 13476K(22464K)->13569K(22464K)
[2025-04-17T09:20:50.965+0000][18.966s][info][gc,metaspace   ] GC(85) Metaspace: 36916K(37248K)->36916K(37248K) NonClass: 32502K(32640K)->32502K(32640K) Class: 4414K(4608K)->4414K(4608K)
[2025-04-17T09:20:50.965+0000][18.966s][info][gc             ] GC(85) Pause Young (Allocation Failure) 22M->13M(31M) 2.592ms
[2025-04-17T09:20:50.965+0000][18.966s][info][gc,cpu         ] GC(85) User=0.00s Sys=0.00s Real=0.01s
[2025-04-17T09:20:51.345+0000][19.346s][info][gc,start       ] GC(86) Pause Young (Allocation Failure)
[2025-04-17T09:20:51.349+0000][19.349s][info][gc,heap        ] GC(86) DefNew: 9519K(10176K)->454K(10176K) Eden: 9088K(9088K)->0K(9088K) From: 431K(1088K)->454K(1088K)
[2025-04-17T09:20:51.349+0000][19.349s][info][gc,heap        ] GC(86) Tenured: 13569K(22464K)->13569K(22464K)
[2025-04-17T09:20:51.349+0000][19.349s][info][gc,metaspace   ] GC(86) Metaspace: 36916K(37248K)->36916K(37248K) NonClass: 32502K(32640K)->32502K(32640K) Class: 4414K(4608K)->4414K(4608K)
[2025-04-17T09:20:51.349+0000][19.349s][info][gc             ] GC(86) Pause Young (Allocation Failure) 22M->13M(31M) 3.301ms
[2025-04-17T09:20:51.349+0000][19.349s][info][gc,cpu         ] GC(86) User=0.00s Sys=0.00s Real=0.00s
[2025-04-17T09:20:51.738+0000][19.739s][info][gc,start       ] GC(87) Pause Young (Allocation Failure)
[2025-04-17T09:20:51.740+0000][19.741s][info][gc,heap        ] GC(87) DefNew: 9542K(10176K)->473K(10176K) Eden: 9088K(9088K)->0K(9088K) From: 454K(1088K)->473K(1088K)
[2025-04-17T09:20:51.740+0000][19.741s][info][gc,heap        ] GC(87) Tenured: 13569K(22464K)->13569K(22464K)
[2025-04-17T09:20:51.740+0000][19.741s][info][gc,metaspace   ] GC(87) Metaspace: 36921K(37248K)->36921K(37248K) NonClass: 32507K(32640K)->32507K(32640K) Class: 4414K(4608K)->4414K(4608K)
[2025-04-17T09:20:51.740+0000][19.741s][info][gc             ] GC(87) Pause Young (Allocation Failure) 22M->13M(31M) 1.964ms
[2025-04-17T09:20:51.740+0000][19.741s][info][gc,cpu         ] GC(87) User=0.00s Sys=0.00s Real=0.00s
[2025-04-17T09:20:52.130+0000][20.131s][info][gc,start       ] GC(88) Pause Young (Allocation Failure)
[2025-04-17T09:20:52.132+0000][20.133s][info][gc,heap        ] GC(88) DefNew: 9561K(10176K)->454K(10176K) Eden: 9088K(9088K)->0K(9088K) From: 473K(1088K)->454K(1088K)
[2025-04-17T09:20:52.132+0000][20.133s][info][gc,heap        ] GC(88) Tenured: 13569K(22464K)->13569K(22464K)
[2025-04-17T09:20:52.132+0000][20.133s][info][gc,metaspace   ] GC(88) Metaspace: 36931K(37248K)->36931K(37248K) NonClass: 32516K(32640K)->32516K(32640K) Class: 4414K(4608K)->4414K(4608K)
[2025-04-17T09:20:52.132+0000][20.133s][info][gc             ] GC(88) Pause Young (Allocation Failure) 22M->13M(31M) 2.095ms
[2025-04-17T09:20:52.132+0000][20.133s][info][gc,cpu         ] GC(88) User=0.00s Sys=0.00s Real=0.00s
[2025-04-17T09:20:52.495+0000][20.495s][info][gc,start       ] GC(89) Pause Young (Allocation Failure)
[2025-04-17T09:20:52.498+0000][20.498s][info][gc,heap        ] GC(89) DefNew: 9542K(10176K)->518K(10176K) Eden: 9088K(9088K)->0K(9088K) From: 454K(1088K)->518K(1088K)
[2025-04-17T09:20:52.498+0000][20.498s][info][gc,heap        ] GC(89) Tenured: 13569K(22464K)->13569K(22464K)
[2025-04-17T09:20:52.498+0000][20.498s][info][gc,metaspace   ] GC(89) Metaspace: 36932K(37248K)->36932K(37248K) NonClass: 32517K(32640K)->32517K(32640K) Class: 4414K(4608K)->4414K(4608K)
[2025-04-17T09:20:52.498+0000][20.498s][info][gc             ] GC(89) Pause Young (Allocation Failure) 22M->13M(31M) 3.086ms
[2025-04-17T09:20:52.499+0000][20.500s][info][gc,cpu         ] GC(89) User=0.01s Sys=0.00s Real=0.00s
[2025-04-17T09:20:52.851+0000][20.852s][info][gc,start       ] GC(90) Pause Young (Allocation Failure)
[2025-04-17T09:20:52.854+0000][20.855s][info][gc,heap        ] GC(90) DefNew: 9606K(10176K)->545K(10176K) Eden: 9088K(9088K)->0K(9088K) From: 518K(1088K)->545K(1088K)
[2025-04-17T09:20:52.854+0000][20.855s][info][gc,heap        ] GC(90) Tenured: 13569K(22464K)->13589K(22464K)
[2025-04-17T09:20:52.854+0000][20.855s][info][gc,metaspace   ] GC(90) Metaspace: 36957K(37312K)->36957K(37312K) NonClass: 32543K(32704K)->32543K(32704K) Class: 4414K(4608K)->4414K(4608K)
[2025-04-17T09:20:52.854+0000][20.855s][info][gc             ] GC(90) Pause Young (Allocation Failure) 22M->13M(31M) 3.184ms
[2025-04-17T09:20:52.854+0000][20.855s][info][gc,cpu         ] GC(90) User=0.00s Sys=0.00s Real=0.01s
[2025-04-17T09:20:53.213+0000][21.214s][info][gc,start       ] GC(91) Pause Young (Allocation Failure)
[2025-04-17T09:20:53.215+0000][21.216s][info][gc,heap        ] GC(91) DefNew: 9633K(10176K)->562K(10176K) Eden: 9087K(9088K)->0K(9088K) From: 545K(1088K)->562K(1088K)
[2025-04-17T09:20:53.215+0000][21.216s][info][gc,heap        ] GC(91) Tenured: 13589K(22464K)->13591K(22464K)
[2025-04-17T09:20:53.215+0000][21.216s][info][gc,metaspace   ] GC(91) Metaspace: 36957K(37312K)->36957K(37312K) NonClass: 32543K(32704K)->32543K(32704K) Class: 4414K(4608K)->4414K(4608K)
[2025-04-17T09:20:53.215+0000][21.216s][info][gc             ] GC(91) Pause Young (Allocation Failure) 22M->13M(31M) 2.129ms
[2025-04-17T09:20:53.215+0000][21.216s][info][gc,cpu         ] GC(91) User=0.00s Sys=0.00s Real=0.01s
[2025-04-17T09:20:53.587+0000][21.588s][info][gc,start       ] GC(92) Pause Young (Allocation Failure)
[2025-04-17T09:20:53.590+0000][21.591s][info][gc,heap        ] GC(92) DefNew: 9650K(10176K)->499K(10176K) Eden: 9088K(9088K)->0K(9088K) From: 562K(1088K)->499K(1088K)
[2025-04-17T09:20:53.590+0000][21.591s][info][gc,heap        ] GC(92) Tenured: 13591K(22464K)->13615K(22464K)
[2025-04-17T09:20:53.590+0000][21.591s][info][gc,metaspace   ] GC(92) Metaspace: 36972K(37376K)->36972K(37376K) NonClass: 32558K(32768K)->32558K(32768K) Class: 4414K(4608K)->4414K(4608K)
[2025-04-17T09:20:53.590+0000][21.591s][info][gc             ] GC(92) Pause Young (Allocation Failure) 22M->13M(31M) 3.117ms
[2025-04-17T09:20:53.590+0000][21.591s][info][gc,cpu         ] GC(92) User=0.00s Sys=0.00s Real=0.00s
[2025-04-17T09:20:53.925+0000][21.925s][info][gc,start       ] GC(93) Pause Young (Allocation Failure)
[2025-04-17T09:20:53.927+0000][21.928s][info][gc,heap        ] GC(93) DefNew: 9587K(10176K)->457K(10176K) Eden: 9088K(9088K)->0K(9088K) From: 499K(1088K)->457K(1088K)
[2025-04-17T09:20:53.928+0000][21.928s][info][gc,heap        ] GC(93) Tenured: 13615K(22464K)->13617K(22464K)
[2025-04-17T09:20:53.928+0000][21.928s][info][gc,metaspace   ] GC(93) Metaspace: 36972K(37376K)->36972K(37376K) NonClass: 32558K(32768K)->32558K(32768K) Class: 4414K(4608K)->4414K(4608K)
[2025-04-17T09:20:53.928+0000][21.928s][info][gc             ] GC(93) Pause Young (Allocation Failure) 22M->13M(31M) 2.916ms
[2025-04-17T09:20:53.928+0000][21.928s][info][gc,cpu         ] GC(93) User=0.00s Sys=0.00s Real=0.00s
[2025-04-17T09:20:54.268+0000][22.269s][info][gc,start       ] GC(94) Pause Young (Allocation Failure)
[2025-04-17T09:20:54.270+0000][22.271s][info][gc,heap        ] GC(94) DefNew: 9545K(10176K)->333K(10176K) Eden: 9088K(9088K)->0K(9088K) From: 457K(1088K)->333K(1088K)
[2025-04-17T09:20:54.270+0000][22.271s][info][gc,heap        ] GC(94) Tenured: 13617K(22464K)->13795K(22464K)
[2025-04-17T09:20:54.270+0000][22.271s][info][gc,metaspace   ] GC(94) Metaspace: 36976K(37376K)->36976K(37376K) NonClass: 32562K(32768K)->32562K(32768K) Class: 4414K(4608K)->4414K(4608K)
[2025-04-17T09:20:54.270+0000][22.271s][info][gc             ] GC(94) Pause Young (Allocation Failure) 22M->13M(31M) 2.026ms
[2025-04-17T09:20:54.270+0000][22.271s][info][gc,cpu         ] GC(94) User=0.01s Sys=0.00s Real=0.00s
[2025-04-17T09:20:54.599+0000][22.599s][info][gc,start       ] GC(95) Pause Young (Allocation Failure)
[2025-04-17T09:20:54.600+0000][22.601s][info][gc,heap        ] GC(95) DefNew: 9421K(10176K)->300K(10176K) Eden: 9088K(9088K)->0K(9088K) From: 333K(1088K)->300K(1088K)
[2025-04-17T09:20:54.600+0000][22.601s][info][gc,heap        ] GC(95) Tenured: 13795K(22464K)->13797K(22464K)
[2025-04-17T09:20:54.601+0000][22.601s][info][gc,metaspace   ] GC(95) Metaspace: 37006K(37376K)->37006K(37376K) NonClass: 32590K(32768K)->32590K(32768K) Class: 4415K(4608K)->4415K(4608K)
[2025-04-17T09:20:54.601+0000][22.601s][info][gc             ] GC(95) Pause Young (Allocation Failure) 22M->13M(31M) 1.906ms
[2025-04-17T09:20:54.601+0000][22.601s][info][gc,cpu         ] GC(95) User=0.00s Sys=0.00s Real=0.00s
[2025-04-17T09:20:54.891+0000][22.892s][info][gc,start       ] GC(96) Pause Young (Allocation Failure)
[2025-04-17T09:20:54.893+0000][22.894s][info][gc,heap        ] GC(96) DefNew: 9388K(10176K)->273K(10176K) Eden: 9088K(9088K)->0K(9088K) From: 300K(1088K)->273K(1088K)
[2025-04-17T09:20:54.893+0000][22.894s][info][gc,heap        ] GC(96) Tenured: 13797K(22464K)->13816K(22464K)
[2025-04-17T09:20:54.893+0000][22.894s][info][gc,metaspace   ] GC(96) Metaspace: 37006K(37376K)->37006K(37376K) NonClass: 32590K(32768K)->32590K(32768K) Class: 4415K(4608K)->4415K(4608K)
[2025-04-17T09:20:54.893+0000][22.894s][info][gc             ] GC(96) Pause Young (Allocation Failure) 22M->13M(31M) 1.770ms
[2025-04-17T09:20:54.893+0000][22.894s][info][gc,cpu         ] GC(96) User=0.00s Sys=0.00s Real=0.00s
[2025-04-17T09:20:55.206+0000][23.207s][info][gc,start       ] GC(97) Pause Young (Allocation Failure)
[2025-04-17T09:20:55.208+0000][23.209s][info][gc,heap        ] GC(97) DefNew: 9361K(10176K)->209K(10176K) Eden: 9088K(9088K)->0K(9088K) From: 273K(1088K)->209K(1088K)
[2025-04-17T09:20:55.208+0000][23.209s][info][gc,heap        ] GC(97) Tenured: 13816K(22464K)->13897K(22464K)
[2025-04-17T09:20:55.208+0000][23.209s][info][gc,metaspace   ] GC(97) Metaspace: 37006K(37376K)->37006K(37376K) NonClass: 32590K(32768K)->32590K(32768K) Class: 4415K(4608K)->4415K(4608K)
[2025-04-17T09:20:55.208+0000][23.209s][info][gc             ] GC(97) Pause Young (Allocation Failure) 22M->13M(31M) 1.720ms
[2025-04-17T09:20:55.208+0000][23.209s][info][gc,cpu         ] GC(97) User=0.00s Sys=0.00s Real=0.00s
[2025-04-17T09:20:55.508+0000][23.508s][info][gc,start       ] GC(98) Pause Young (Allocation Failure)
[2025-04-17T09:20:55.510+0000][23.510s][info][gc,heap        ] GC(98) DefNew: 9297K(10176K)->193K(10176K) Eden: 9088K(9088K)->0K(9088K) From: 209K(1088K)->193K(1088K)
[2025-04-17T09:20:55.510+0000][23.510s][info][gc,heap        ] GC(98) Tenured: 13897K(22464K)->13916K(22464K)
[2025-04-17T09:20:55.510+0000][23.510s][info][gc,metaspace   ] GC(98) Metaspace: 37006K(37376K)->37006K(37376K) NonClass: 32590K(32768K)->32590K(32768K) Class: 4415K(4608K)->4415K(4608K)
[2025-04-17T09:20:55.510+0000][23.510s][info][gc             ] GC(98) Pause Young (Allocation Failure) 22M->13M(31M) 1.791ms
[2025-04-17T09:20:55.510+0000][23.510s][info][gc,cpu         ] GC(98) User=0.01s Sys=0.00s Real=0.00s
[2025-04-17T09:20:55.848+0000][23.848s][info][gc,start       ] GC(99) Pause Young (Allocation Failure)
[2025-04-17T09:20:55.850+0000][23.850s][info][gc,heap        ] GC(99) DefNew: 9281K(10176K)->403K(10176K) Eden: 9088K(9088K)->0K(9088K) From: 193K(1088K)->403K(1088K)
[2025-04-17T09:20:55.850+0000][23.850s][info][gc,heap        ] GC(99) Tenured: 13916K(22464K)->13917K(22464K)
[2025-04-17T09:20:55.850+0000][23.850s][info][gc,metaspace   ] GC(99) Metaspace: 37016K(37376K)->37016K(37376K) NonClass: 32600K(32768K)->32600K(32768K) Class: 4415K(4608K)->4415K(4608K)
[2025-04-17T09:20:55.850+0000][23.850s][info][gc             ] GC(99) Pause Young (Allocation Failure) 22M->13M(31M) 2.021ms
[2025-04-17T09:20:55.850+0000][23.850s][info][gc,cpu         ] GC(99) User=0.01s Sys=0.00s Real=0.00s
[2025-04-17T09:20:56.242+0000][24.243s][info][gc,start       ] GC(100) Pause Young (Allocation Failure)
[2025-04-17T09:20:56.244+0000][24.245s][info][gc,heap        ] GC(100) DefNew: 9491K(10176K)->350K(10176K) Eden: 9088K(9088K)->0K(9088K) From: 403K(1088K)->350K(1088K)
[2025-04-17T09:20:56.245+0000][24.245s][info][gc,heap        ] GC(100) Tenured: 13917K(22464K)->13918K(22464K)
[2025-04-17T09:20:56.245+0000][24.245s][info][gc,metaspace   ] GC(100) Metaspace: 37016K(37376K)->37016K(37376K) NonClass: 32600K(32768K)->32600K(32768K) Class: 4415K(4608K)->4415K(4608K)
[2025-04-17T09:20:56.245+0000][24.245s][info][gc             ] GC(100) Pause Young (Allocation Failure) 22M->13M(31M) 2.442ms
[2025-04-17T09:20:56.245+0000][24.245s][info][gc,cpu         ] GC(100) User=0.00s Sys=0.00s Real=0.01s
[2025-04-17T09:20:56.525+0000][24.526s][info][gc,start       ] GC(101) Pause Young (Allocation Failure)
[2025-04-17T09:20:56.527+0000][24.528s][info][gc,heap        ] GC(101) DefNew: 9438K(10176K)->364K(10176K) Eden: 9088K(9088K)->0K(9088K) From: 350K(1088K)->364K(1088K)
[2025-04-17T09:20:56.527+0000][24.528s][info][gc,heap        ] GC(101) Tenured: 13918K(22464K)->13940K(22464K)
[2025-04-17T09:20:56.527+0000][24.528s][info][gc,metaspace   ] GC(101) Metaspace: 37040K(37376K)->37040K(37376K) NonClass: 32624K(32768K)->32624K(32768K) Class: 4415K(4608K)->4415K(4608K)
[2025-04-17T09:20:56.527+0000][24.528s][info][gc             ] GC(101) Pause Young (Allocation Failure) 22M->13M(31M) 1.997ms
[2025-04-17T09:20:56.527+0000][24.528s][info][gc,cpu         ] GC(101) User=0.00s Sys=0.00s Real=0.00s
[2025-04-17T09:20:56.826+0000][24.826s][info][gc,start       ] GC(102) Pause Young (Allocation Failure)
[2025-04-17T09:20:56.828+0000][24.828s][info][gc,heap        ] GC(102) DefNew: 9452K(10176K)->331K(10176K) Eden: 9088K(9088K)->0K(9088K) From: 364K(1088K)->331K(1088K)
[2025-04-17T09:20:56.828+0000][24.828s][info][gc,heap        ] GC(102) Tenured: 13940K(22464K)->13941K(22464K)
[2025-04-17T09:20:56.828+0000][24.828s][info][gc,metaspace   ] GC(102) Metaspace: 37083K(37440K)->37083K(37440K) NonClass: 32667K(32832K)->32667K(32832K) Class: 4415K(4608K)->4415K(4608K)
[2025-04-17T09:20:56.828+0000][24.828s][info][gc             ] GC(102) Pause Young (Allocation Failure) 22M->13M(31M) 1.906ms
[2025-04-17T09:20:56.828+0000][24.828s][info][gc,cpu         ] GC(102) User=0.00s Sys=0.00s Real=0.00s
[2025-04-17T09:20:57.103+0000][25.104s][info][gc,start       ] GC(103) Pause Young (Allocation Failure)
[2025-04-17T09:20:57.105+0000][25.106s][info][gc,heap        ] GC(103) DefNew: 9419K(10176K)->326K(10176K) Eden: 9088K(9088K)->0K(9088K) From: 331K(1088K)->326K(1088K)
[2025-04-17T09:20:57.105+0000][25.106s][info][gc,heap        ] GC(103) Tenured: 13941K(22464K)->13944K(22464K)
[2025-04-17T09:20:57.105+0000][25.106s][info][gc,metaspace   ] GC(103) Metaspace: 37084K(37440K)->37084K(37440K) NonClass: 32668K(32832K)->32668K(32832K) Class: 4415K(4608K)->4415K(4608K)
[2025-04-17T09:20:57.105+0000][25.106s][info][gc             ] GC(103) Pause Young (Allocation Failure) 22M->13M(31M) 1.703ms
[2025-04-17T09:20:57.105+0000][25.106s][info][gc,cpu         ] GC(103) User=0.00s Sys=0.00s Real=0.01s
[2025-04-17T09:20:57.353+0000][25.354s][info][gc,start       ] GC(104) Pause Young (Allocation Failure)
[2025-04-17T09:20:57.356+0000][25.356s][info][gc,heap        ] GC(104) DefNew: 9414K(10176K)->318K(10176K) Eden: 9088K(9088K)->0K(9088K) From: 326K(1088K)->318K(1088K)
[2025-04-17T09:20:57.356+0000][25.356s][info][gc,heap        ] GC(104) Tenured: 13944K(22464K)->13964K(22464K)
[2025-04-17T09:20:57.356+0000][25.356s][info][gc,metaspace   ] GC(104) Metaspace: 37084K(37440K)->37084K(37440K) NonClass: 32668K(32832K)->32668K(32832K) Class: 4415K(4608K)->4415K(4608K)
[2025-04-17T09:20:57.356+0000][25.356s][info][gc             ] GC(104) Pause Young (Allocation Failure) 22M->13M(31M) 2.510ms
[2025-04-17T09:20:57.356+0000][25.356s][info][gc,cpu         ] GC(104) User=0.01s Sys=0.00s Real=0.01s
[2025-04-17T09:20:57.660+0000][25.661s][info][gc,start       ] GC(105) Pause Young (Allocation Failure)
[2025-04-17T09:20:57.661+0000][25.662s][info][gc,heap        ] GC(105) DefNew: 9406K(10176K)->304K(10176K) Eden: 9088K(9088K)->0K(9088K) From: 318K(1088K)->304K(1088K)
[2025-04-17T09:20:57.661+0000][25.662s][info][gc,heap        ] GC(105) Tenured: 13964K(22464K)->13965K(22464K)
[2025-04-17T09:20:57.661+0000][25.662s][info][gc,metaspace   ] GC(105) Metaspace: 37085K(37440K)->37085K(37440K) NonClass: 32669K(32832K)->32669K(32832K) Class: 4415K(4608K)->4415K(4608K)
[2025-04-17T09:20:57.661+0000][25.662s][info][gc             ] GC(105) Pause Young (Allocation Failure) 22M->13M(31M) 1.625ms
[2025-04-17T09:20:57.662+0000][25.662s][info][gc,cpu         ] GC(105) User=0.00s Sys=0.00s Real=0.00s
[2025-04-17T09:20:58.345+0000][26.346s][info][gc,start       ] GC(106) Pause Young (Allocation Failure)
[2025-04-17T09:20:58.348+0000][26.348s][info][gc,heap        ] GC(106) DefNew: 9392K(10176K)->396K(10176K) Eden: 9088K(9088K)->0K(9088K) From: 304K(1088K)->396K(1088K)
[2025-04-17T09:20:58.348+0000][26.348s][info][gc,heap        ] GC(106) Tenured: 13965K(22464K)->13965K(22464K)
[2025-04-17T09:20:58.348+0000][26.348s][info][gc,metaspace   ] GC(106) Metaspace: 37113K(37440K)->37113K(37440K) NonClass: 32697K(32832K)->32697K(32832K) Class: 4416K(4608K)->4416K(4608K)
[2025-04-17T09:20:58.348+0000][26.349s][info][gc             ] GC(106) Pause Young (Allocation Failure) 22M->14M(31M) 2.471ms
[2025-04-17T09:20:58.348+0000][26.349s][info][gc,cpu         ] GC(106) User=0.00s Sys=0.00s Real=0.00s
[2025-04-17T09:20:58.594+0000][26.595s][info][gc,start       ] GC(107) Pause Young (Allocation Failure)
[2025-04-17T09:20:58.596+0000][26.597s][info][gc,heap        ] GC(107) DefNew: 9484K(10176K)->483K(10176K) Eden: 9088K(9088K)->0K(9088K) From: 396K(1088K)->483K(1088K)
[2025-04-17T09:20:58.597+0000][26.597s][info][gc,heap        ] GC(107) Tenured: 13965K(22464K)->13976K(22464K)
[2025-04-17T09:20:58.597+0000][26.597s][info][gc,metaspace   ] GC(107) Metaspace: 37113K(37440K)->37113K(37440K) NonClass: 32697K(32832K)->32697K(32832K) Class: 4416K(4608K)->4416K(4608K)
[2025-04-17T09:20:58.597+0000][26.597s][info][gc             ] GC(107) Pause Young (Allocation Failure) 22M->14M(31M) 2.399ms
[2025-04-17T09:20:58.597+0000][26.597s][info][gc,cpu         ] GC(107) User=0.00s Sys=0.00s Real=0.00s
[2025-04-17T09:20:58.835+0000][26.836s][info][gc,start       ] GC(108) Pause Young (Allocation Failure)
[2025-04-17T09:20:58.837+0000][26.838s][info][gc,heap        ] GC(108) DefNew: 9571K(10176K)->403K(10176K) Eden: 9088K(9088K)->0K(9088K) From: 483K(1088K)->403K(1088K)
[2025-04-17T09:20:58.837+0000][26.838s][info][gc,heap        ] GC(108) Tenured: 13976K(22464K)->13994K(22464K)
[2025-04-17T09:20:58.837+0000][26.838s][info][gc,metaspace   ] GC(108) Metaspace: 37113K(37440K)->37113K(37440K) NonClass: 32697K(32832K)->32697K(32832K) Class: 4416K(4608K)->4416K(4608K)
[2025-04-17T09:20:58.837+0000][26.838s][info][gc             ] GC(108) Pause Young (Allocation Failure) 22M->14M(31M) 1.986ms
[2025-04-17T09:20:58.837+0000][26.838s][info][gc,cpu         ] GC(108) User=0.00s Sys=0.00s Real=0.00s
[2025-04-17T09:20:59.066+0000][27.067s][info][gc,start       ] GC(109) Pause Young (Allocation Failure)
[2025-04-17T09:20:59.068+0000][27.069s][info][gc,heap        ] GC(109) DefNew: 9491K(10176K)->440K(10176K) Eden: 9087K(9088K)->0K(9088K) From: 403K(1088K)->440K(1088K)
[2025-04-17T09:20:59.068+0000][27.069s][info][gc,heap        ] GC(109) Tenured: 13994K(22464K)->14006K(22464K)
[2025-04-17T09:20:59.068+0000][27.069s][info][gc,metaspace   ] GC(109) Metaspace: 37140K(37440K)->37140K(37440K) NonClass: 32724K(32832K)->32724K(32832K) Class: 4416K(4608K)->4416K(4608K)
[2025-04-17T09:20:59.068+0000][27.069s][info][gc             ] GC(109) Pause Young (Allocation Failure) 22M->14M(31M) 2.372ms
[2025-04-17T09:20:59.068+0000][27.069s][info][gc,cpu         ] GC(109) User=0.00s Sys=0.00s Real=0.00s
[2025-04-17T09:20:59.306+0000][27.307s][info][gc,start       ] GC(110) Pause Young (Allocation Failure)
[2025-04-17T09:20:59.308+0000][27.309s][info][gc,heap        ] GC(110) DefNew: 9528K(10176K)->378K(10176K) Eden: 9088K(9088K)->0K(9088K) From: 440K(1088K)->378K(1088K)
[2025-04-17T09:20:59.308+0000][27.309s][info][gc,heap        ] GC(110) Tenured: 14006K(22464K)->14008K(22464K)
[2025-04-17T09:20:59.308+0000][27.309s][info][gc,metaspace   ] GC(110) Metaspace: 37140K(37440K)->37140K(37440K) NonClass: 32724K(32832K)->32724K(32832K) Class: 4416K(4608K)->4416K(4608K)
[2025-04-17T09:20:59.308+0000][27.309s][info][gc             ] GC(110) Pause Young (Allocation Failure) 22M->14M(31M) 1.825ms
[2025-04-17T09:20:59.309+0000][27.310s][info][gc,cpu         ] GC(110) User=0.00s Sys=0.00s Real=0.00s
[2025-04-17T09:20:59.589+0000][27.590s][info][gc,start       ] GC(111) Pause Young (Allocation Failure)
[2025-04-17T09:20:59.592+0000][27.593s][info][gc,heap        ] GC(111) DefNew: 9466K(10176K)->376K(10176K) Eden: 9088K(9088K)->0K(9088K) From: 378K(1088K)->376K(1088K)
[2025-04-17T09:20:59.592+0000][27.593s][info][gc,heap        ] GC(111) Tenured: 14008K(22464K)->14008K(22464K)
[2025-04-17T09:20:59.592+0000][27.593s][info][gc,metaspace   ] GC(111) Metaspace: 37144K(37504K)->37144K(37504K) NonClass: 32728K(32896K)->32728K(32896K) Class: 4416K(4608K)->4416K(4608K)
[2025-04-17T09:20:59.592+0000][27.593s][info][gc             ] GC(111) Pause Young (Allocation Failure) 22M->14M(31M) 2.817ms
[2025-04-17T09:20:59.593+0000][27.593s][info][gc,cpu         ] GC(111) User=0.00s Sys=0.00s Real=0.00s
[2025-04-17T09:20:59.822+0000][27.823s][info][gc,start       ] GC(112) Pause Young (Allocation Failure)
[2025-04-17T09:20:59.824+0000][27.825s][info][gc,heap        ] GC(112) DefNew: 9450K(10176K)->380K(10176K) Eden: 9074K(9088K)->0K(9088K) From: 376K(1088K)->380K(1088K)
[2025-04-17T09:20:59.824+0000][27.825s][info][gc,heap        ] GC(112) Tenured: 14008K(22464K)->14026K(22464K)
[2025-04-17T09:20:59.824+0000][27.825s][info][gc,metaspace   ] GC(112) Metaspace: 37144K(37504K)->37144K(37504K) NonClass: 32728K(32896K)->32728K(32896K) Class: 4416K(4608K)->4416K(4608K)
[2025-04-17T09:20:59.824+0000][27.825s][info][gc             ] GC(112) Pause Young (Allocation Failure) 22M->14M(31M) 1.807ms
[2025-04-17T09:20:59.824+0000][27.825s][info][gc,cpu         ] GC(112) User=0.00s Sys=0.00s Real=0.01s
[2025-04-17T09:21:00.051+0000][28.052s][info][gc,start       ] GC(113) Pause Young (Allocation Failure)
[2025-04-17T09:21:00.054+0000][28.054s][info][gc,heap        ] GC(113) DefNew: 9464K(10176K)->385K(10176K) Eden: 9084K(9088K)->0K(9088K) From: 380K(1088K)->385K(1088K)
[2025-04-17T09:21:00.054+0000][28.054s][info][gc,heap        ] GC(113) Tenured: 14026K(22464K)->14026K(22464K)
[2025-04-17T09:21:00.054+0000][28.054s][info][gc,metaspace   ] GC(113) Metaspace: 37150K(37568K)->37150K(37568K) NonClass: 32734K(32960K)->32734K(32960K) Class: 4416K(4608K)->4416K(4608K)
[2025-04-17T09:21:00.054+0000][28.054s][info][gc             ] GC(113) Pause Young (Allocation Failure) 22M->14M(31M) 2.618ms
[2025-04-17T09:21:00.054+0000][28.054s][info][gc,cpu         ] GC(113) User=0.00s Sys=0.00s Real=0.00s
[2025-04-17T09:21:00.335+0000][28.335s][info][gc,start       ] GC(114) Pause Young (Allocation Failure)
[2025-04-17T09:21:00.337+0000][28.337s][info][gc,heap        ] GC(114) DefNew: 9473K(10176K)->259K(10176K) Eden: 9088K(9088K)->0K(9088K) From: 385K(1088K)->259K(1088K)
[2025-04-17T09:21:00.337+0000][28.337s][info][gc,heap        ] GC(114) Tenured: 14026K(22464K)->14166K(22464K)
[2025-04-17T09:21:00.337+0000][28.337s][info][gc,metaspace   ] GC(114) Metaspace: 37150K(37568K)->37150K(37568K) NonClass: 32734K(32960K)->32734K(32960K) Class: 4416K(4608K)->4416K(4608K)
[2025-04-17T09:21:00.337+0000][28.337s][info][gc             ] GC(114) Pause Young (Allocation Failure) 22M->14M(31M) 1.926ms
[2025-04-17T09:21:00.337+0000][28.337s][info][gc,cpu         ] GC(114) User=0.00s Sys=0.00s Real=0.00s
[2025-04-17T09:21:00.569+0000][28.570s][info][gc,start       ] GC(115) Pause Young (Allocation Failure)
[2025-04-17T09:21:00.571+0000][28.571s][info][gc,heap        ] GC(115) DefNew: 9347K(10176K)->230K(10176K) Eden: 9088K(9088K)->0K(9088K) From: 259K(1088K)->230K(1088K)
[2025-04-17T09:21:00.571+0000][28.571s][info][gc,heap        ] GC(115) Tenured: 14166K(22464K)->14186K(22464K)
[2025-04-17T09:21:00.571+0000][28.571s][info][gc,metaspace   ] GC(115) Metaspace: 37150K(37568K)->37150K(37568K) NonClass: 32734K(32960K)->32734K(32960K) Class: 4416K(4608K)->4416K(4608K)
[2025-04-17T09:21:00.571+0000][28.571s][info][gc             ] GC(115) Pause Young (Allocation Failure) 22M->14M(31M) 1.838ms
[2025-04-17T09:21:00.571+0000][28.571s][info][gc,cpu         ] GC(115) User=0.00s Sys=0.00s Real=0.00s
[2025-04-17T09:21:00.806+0000][28.807s][info][gc,start       ] GC(116) Pause Young (Allocation Failure)
[2025-04-17T09:21:00.808+0000][28.809s][info][gc,heap        ] GC(116) DefNew: 9309K(10176K)->225K(10176K) Eden: 9078K(9088K)->0K(9088K) From: 230K(1088K)->225K(1088K)
[2025-04-17T09:21:00.808+0000][28.809s][info][gc,heap        ] GC(116) Tenured: 14186K(22464K)->14186K(22464K)
[2025-04-17T09:21:00.808+0000][28.809s][info][gc,metaspace   ] GC(116) Metaspace: 37166K(37568K)->37166K(37568K) NonClass: 32750K(32960K)->32750K(32960K) Class: 4416K(4608K)->4416K(4608K)
[2025-04-17T09:21:00.808+0000][28.809s][info][gc             ] GC(116) Pause Young (Allocation Failure) 22M->14M(31M) 1.931ms
[2025-04-17T09:21:00.808+0000][28.809s][info][gc,cpu         ] GC(116) User=0.00s Sys=0.00s Real=0.00s
[2025-04-17T09:21:01.028+0000][29.029s][info][gc,start       ] GC(117) Pause Young (Allocation Failure)
[2025-04-17T09:21:01.031+0000][29.032s][info][gc,heap        ] GC(117) DefNew: 9313K(10176K)->248K(10176K) Eden: 9088K(9088K)->0K(9088K) From: 225K(1088K)->248K(1088K)
[2025-04-17T09:21:01.031+0000][29.032s][info][gc,heap        ] GC(117) Tenured: 14186K(22464K)->14188K(22464K)
[2025-04-17T09:21:01.031+0000][29.032s][info][gc,metaspace   ] GC(117) Metaspace: 37166K(37568K)->37166K(37568K) NonClass: 32750K(32960K)->32750K(32960K) Class: 4416K(4608K)->4416K(4608K)
[2025-04-17T09:21:01.031+0000][29.032s][info][gc             ] GC(117) Pause Young (Allocation Failure) 22M->14M(31M) 2.785ms
[2025-04-17T09:21:01.032+0000][29.033s][info][gc,cpu         ] GC(117) User=0.00s Sys=0.00s Real=0.00s
[2025-04-17T09:21:01.246+0000][29.247s][info][gc,start       ] GC(118) Pause Young (Allocation Failure)
[2025-04-17T09:21:01.248+0000][29.248s][info][gc,heap        ] GC(118) DefNew: 9336K(10176K)->259K(10176K) Eden: 9088K(9088K)->0K(9088K) From: 248K(1088K)->259K(1088K)
[2025-04-17T09:21:01.248+0000][29.248s][info][gc,heap        ] GC(118) Tenured: 14188K(22464K)->14188K(22464K)
[2025-04-17T09:21:01.248+0000][29.248s][info][gc,metaspace   ] GC(118) Metaspace: 37166K(37568K)->37166K(37568K) NonClass: 32750K(32960K)->32750K(32960K) Class: 4416K(4608K)->4416K(4608K)
[2025-04-17T09:21:01.248+0000][29.248s][info][gc             ] GC(118) Pause Young (Allocation Failure) 22M->14M(31M) 1.731ms
[2025-04-17T09:21:01.248+0000][29.249s][info][gc,cpu         ] GC(118) User=0.00s Sys=0.00s Real=0.00s
[2025-04-17T09:21:01.478+0000][29.479s][info][gc,start       ] GC(119) Pause Young (Allocation Failure)
[2025-04-17T09:21:01.482+0000][29.483s][info][gc,heap        ] GC(119) DefNew: 9346K(10176K)->231K(10176K) Eden: 9087K(9088K)->0K(9088K) From: 259K(1088K)->231K(1088K)
[2025-04-17T09:21:01.482+0000][29.483s][info][gc,heap        ] GC(119) Tenured: 14188K(22464K)->14207K(22464K)
[2025-04-17T09:21:01.482+0000][29.483s][info][gc,metaspace   ] GC(119) Metaspace: 37168K(37568K)->37168K(37568K) NonClass: 32752K(32960K)->32752K(32960K) Class: 4416K(4608K)->4416K(4608K)
[2025-04-17T09:21:01.482+0000][29.483s][info][gc             ] GC(119) Pause Young (Allocation Failure) 22M->14M(31M) 3.808ms
[2025-04-17T09:21:01.482+0000][29.483s][info][gc,cpu         ] GC(119) User=0.00s Sys=0.00s Real=0.00s
[2025-04-17T09:21:01.719+0000][29.720s][info][gc,start       ] GC(120) Pause Young (Allocation Failure)
[2025-04-17T09:21:01.721+0000][29.721s][info][gc,heap        ] GC(120) DefNew: 9315K(10176K)->231K(10176K) Eden: 9084K(9088K)->0K(9088K) From: 231K(1088K)->231K(1088K)
[2025-04-17T09:21:01.721+0000][29.721s][info][gc,heap        ] GC(120) Tenured: 14207K(22464K)->14207K(22464K)
[2025-04-17T09:21:01.721+0000][29.721s][info][gc,metaspace   ] GC(120) Metaspace: 37172K(37568K)->37172K(37568K) NonClass: 32756K(32960K)->32756K(32960K) Class: 4416K(4608K)->4416K(4608K)
[2025-04-17T09:21:01.721+0000][29.721s][info][gc             ] GC(120) Pause Young (Allocation Failure) 22M->14M(31M) 1.738ms
[2025-04-17T09:21:01.721+0000][29.721s][info][gc,cpu         ] GC(120) User=0.00s Sys=0.00s Real=0.00s
[2025-04-17T09:21:01.935+0000][29.936s][info][gc,start       ] GC(121) Pause Young (Allocation Failure)
[2025-04-17T09:21:01.939+0000][29.939s][info][gc,heap        ] GC(121) DefNew: 9319K(10176K)->234K(10176K) Eden: 9088K(9088K)->0K(9088K) From: 231K(1088K)->234K(1088K)
[2025-04-17T09:21:01.939+0000][29.939s][info][gc,heap        ] GC(121) Tenured: 14207K(22464K)->14209K(22464K)
[2025-04-17T09:21:01.939+0000][29.939s][info][gc,metaspace   ] GC(121) Metaspace: 37172K(37568K)->37172K(37568K) NonClass: 32756K(32960K)->32756K(32960K) Class: 4416K(4608K)->4416K(4608K)
[2025-04-17T09:21:01.939+0000][29.939s][info][gc             ] GC(121) Pause Young (Allocation Failure) 22M->14M(31M) 3.793ms
[2025-04-17T09:21:01.939+0000][29.939s][info][gc,cpu         ] GC(121) User=0.01s Sys=0.00s Real=0.00s
[2025-04-17T09:21:02.147+0000][30.148s][info][gc,start       ] GC(122) Pause Young (Allocation Failure)
[2025-04-17T09:21:02.150+0000][30.150s][info][gc,heap        ] GC(122) DefNew: 9311K(10176K)->127K(10176K) Eden: 9076K(9088K)->0K(9088K) From: 234K(1088K)->127K(1088K)
[2025-04-17T09:21:02.150+0000][30.150s][info][gc,heap        ] GC(122) Tenured: 14209K(22464K)->14306K(22464K)
[2025-04-17T09:21:02.150+0000][30.150s][info][gc,metaspace   ] GC(122) Metaspace: 37172K(37568K)->37172K(37568K) NonClass: 32756K(32960K)->32756K(32960K) Class: 4416K(4608K)->4416K(4608K)
[2025-04-17T09:21:02.150+0000][30.150s][info][gc             ] GC(122) Pause Young (Allocation Failure) 22M->14M(31M) 2.738ms
[2025-04-17T09:21:02.151+0000][30.152s][info][gc,cpu         ] GC(122) User=0.00s Sys=0.00s Real=0.00s
[2025-04-17T09:21:02.354+0000][30.355s][info][gc,start       ] GC(123) Pause Young (Allocation Failure)
[2025-04-17T09:21:02.357+0000][30.357s][info][gc,heap        ] GC(123) DefNew: 9215K(10176K)->155K(10176K) Eden: 9088K(9088K)->0K(9088K) From: 127K(1088K)->155K(1088K)
[2025-04-17T09:21:02.357+0000][30.357s][info][gc,heap        ] GC(123) Tenured: 14306K(22464K)->14310K(22464K)
[2025-04-17T09:21:02.357+0000][30.357s][info][gc,metaspace   ] GC(123) Metaspace: 37190K(37568K)->37190K(37568K) NonClass: 32774K(32960K)->32774K(32960K) Class: 4416K(4608K)->4416K(4608K)
[2025-04-17T09:21:02.357+0000][30.357s][info][gc             ] GC(123) Pause Young (Allocation Failure) 22M->14M(31M) 2.737ms
[2025-04-17T09:21:02.358+0000][30.359s][info][gc,cpu         ] GC(123) User=0.00s Sys=0.00s Real=0.00s
[2025-04-17T09:21:02.563+0000][30.564s][info][gc,start       ] GC(124) Pause Young (Allocation Failure)
[2025-04-17T09:21:02.565+0000][30.565s][info][gc,heap        ] GC(124) DefNew: 9243K(10176K)->146K(10176K) Eden: 9088K(9088K)->0K(9088K) From: 155K(1088K)->146K(1088K)
[2025-04-17T09:21:02.565+0000][30.565s][info][gc,heap        ] GC(124) Tenured: 14310K(22464K)->14311K(22464K)
[2025-04-17T09:21:02.565+0000][30.565s][info][gc,metaspace   ] GC(124) Metaspace: 37190K(37568K)->37190K(37568K) NonClass: 32774K(32960K)->32774K(32960K) Class: 4416K(4608K)->4416K(4608K)
[2025-04-17T09:21:02.565+0000][30.565s][info][gc             ] GC(124) Pause Young (Allocation Failure) 23M->14M(31M) 1.681ms
[2025-04-17T09:21:02.565+0000][30.565s][info][gc,cpu         ] GC(124) User=0.00s Sys=0.00s Real=0.01s
[2025-04-17T09:21:02.753+0000][30.753s][info][gc,start       ] GC(125) Pause Young (Allocation Failure)
[2025-04-17T09:21:02.754+0000][30.755s][info][gc,heap        ] GC(125) DefNew: 9234K(10176K)->161K(10176K) Eden: 9088K(9088K)->0K(9088K) From: 146K(1088K)->161K(1088K)
[2025-04-17T09:21:02.754+0000][30.755s][info][gc,heap        ] GC(125) Tenured: 14311K(22464K)->14312K(22464K)
[2025-04-17T09:21:02.754+0000][30.755s][info][gc,metaspace   ] GC(125) Metaspace: 37190K(37568K)->37190K(37568K) NonClass: 32774K(32960K)->32774K(32960K) Class: 4416K(4608K)->4416K(4608K)
[2025-04-17T09:21:02.754+0000][30.755s][info][gc             ] GC(125) Pause Young (Allocation Failure) 22M->14M(31M) 1.693ms
[2025-04-17T09:21:02.754+0000][30.755s][info][gc,cpu         ] GC(125) User=0.00s Sys=0.00s Real=0.01s
[2025-04-17T09:21:02.971+0000][30.972s][info][gc,start       ] GC(126) Pause Young (Allocation Failure)
[2025-04-17T09:21:02.973+0000][30.973s][info][gc,heap        ] GC(126) DefNew: 9249K(10176K)->163K(10176K) Eden: 9088K(9088K)->0K(9088K) From: 161K(1088K)->163K(1088K)
[2025-04-17T09:21:02.973+0000][30.973s][info][gc,heap        ] GC(126) Tenured: 14312K(22464K)->14312K(22464K)
[2025-04-17T09:21:02.973+0000][30.973s][info][gc,metaspace   ] GC(126) Metaspace: 37190K(37568K)->37190K(37568K) NonClass: 32774K(32960K)->32774K(32960K) Class: 4416K(4608K)->4416K(4608K)
[2025-04-17T09:21:02.973+0000][30.973s][info][gc             ] GC(126) Pause Young (Allocation Failure) 23M->14M(31M) 1.606ms
[2025-04-17T09:21:02.973+0000][30.973s][info][gc,cpu         ] GC(126) User=0.00s Sys=0.00s Real=0.00s
[2025-04-17T09:21:03.205+0000][31.206s][info][gc,start       ] GC(127) Pause Young (Allocation Failure)
[2025-04-17T09:21:03.207+0000][31.207s][info][gc,heap        ] GC(127) DefNew: 9251K(10176K)->128K(10176K) Eden: 9088K(9088K)->0K(9088K) From: 163K(1088K)->128K(1088K)
[2025-04-17T09:21:03.207+0000][31.207s][info][gc,heap        ] GC(127) Tenured: 14312K(22464K)->14331K(22464K)
[2025-04-17T09:21:03.207+0000][31.207s][info][gc,metaspace   ] GC(127) Metaspace: 37206K(37568K)->37206K(37568K) NonClass: 32789K(32960K)->32789K(32960K) Class: 4416K(4608K)->4416K(4608K)
[2025-04-17T09:21:03.207+0000][31.207s][info][gc             ] GC(127) Pause Young (Allocation Failure) 23M->14M(31M) 1.785ms
[2025-04-17T09:21:03.207+0000][31.207s][info][gc,cpu         ] GC(127) User=0.00s Sys=0.00s Real=0.00s
[2025-04-17T09:21:03.433+0000][31.434s][info][gc,start       ] GC(128) Pause Young (Allocation Failure)
[2025-04-17T09:21:03.435+0000][31.435s][info][gc,heap        ] GC(128) DefNew: 9216K(10176K)->198K(10176K) Eden: 9088K(9088K)->0K(9088K) From: 128K(1088K)->198K(1088K)
[2025-04-17T09:21:03.435+0000][31.435s][info][gc,heap        ] GC(128) Tenured: 14331K(22464K)->14332K(22464K)
[2025-04-17T09:21:03.435+0000][31.435s][info][gc,metaspace   ] GC(128) Metaspace: 37206K(37568K)->37206K(37568K) NonClass: 32789K(32960K)->32789K(32960K) Class: 4416K(4608K)->4416K(4608K)
[2025-04-17T09:21:03.435+0000][31.435s][info][gc             ] GC(128) Pause Young (Allocation Failure) 22M->14M(31M) 1.968ms
[2025-04-17T09:21:03.435+0000][31.435s][info][gc,cpu         ] GC(128) User=0.01s Sys=0.00s Real=0.01s
[2025-04-17T09:21:03.660+0000][31.661s][info][gc,start       ] GC(129) Pause Young (Allocation Failure)
[2025-04-17T09:21:03.663+0000][31.664s][info][gc,heap        ] GC(129) DefNew: 9286K(10176K)->132K(10176K) Eden: 9088K(9088K)->0K(9088K) From: 198K(1088K)->132K(1088K)
[2025-04-17T09:21:03.663+0000][31.664s][info][gc,heap        ] GC(129) Tenured: 14332K(22464K)->14336K(22464K)
[2025-04-17T09:21:03.663+0000][31.664s][info][gc,metaspace   ] GC(129) Metaspace: 37206K(37568K)->37206K(37568K) NonClass: 32789K(32960K)->32789K(32960K) Class: 4416K(4608K)->4416K(4608K)
[2025-04-17T09:21:03.663+0000][31.664s][info][gc             ] GC(129) Pause Young (Allocation Failure) 23M->14M(31M) 2.856ms
[2025-04-17T09:21:03.663+0000][31.664s][info][gc,cpu         ] GC(129) User=0.00s Sys=0.00s Real=0.00s
[2025-04-17T09:21:03.875+0000][31.876s][info][gc,start       ] GC(130) Pause Young (Allocation Failure)
[2025-04-17T09:21:03.878+0000][31.879s][info][gc,heap        ] GC(130) DefNew: 9220K(10176K)->153K(10176K) Eden: 9088K(9088K)->0K(9088K) From: 132K(1088K)->153K(1088K)
[2025-04-17T09:21:03.878+0000][31.879s][info][gc,heap        ] GC(130) Tenured: 14336K(22464K)->14336K(22464K)
[2025-04-17T09:21:03.878+0000][31.879s][info][gc,metaspace   ] GC(130) Metaspace: 37218K(37568K)->37218K(37568K) NonClass: 32801K(32960K)->32801K(32960K) Class: 4416K(4608K)->4416K(4608K)
[2025-04-17T09:21:03.878+0000][31.879s][info][gc             ] GC(130) Pause Young (Allocation Failure) 23M->14M(31M) 2.840ms
[2025-04-17T09:21:03.879+0000][31.880s][info][gc,cpu         ] GC(130) User=0.00s Sys=0.00s Real=0.00s
[2025-04-17T09:21:04.038+0000][32.039s][info][gc,start       ] GC(131) Pause Young (Allocation Failure)
[2025-04-17T09:21:04.042+0000][32.043s][info][gc,heap        ] GC(131) DefNew: 9241K(10176K)->255K(10176K) Eden: 9088K(9088K)->0K(9088K) From: 153K(1088K)->255K(1088K)
[2025-04-17T09:21:04.042+0000][32.043s][info][gc,heap        ] GC(131) Tenured: 14336K(22464K)->14336K(22464K)
[2025-04-17T09:21:04.042+0000][32.043s][info][gc,metaspace   ] GC(131) Metaspace: 37218K(37568K)->37218K(37568K) NonClass: 32801K(32960K)->32801K(32960K) Class: 4416K(4608K)->4416K(4608K)
[2025-04-17T09:21:04.042+0000][32.043s][info][gc             ] GC(131) Pause Young (Allocation Failure) 23M->14M(31M) 4.161ms
[2025-04-17T09:21:04.042+0000][32.043s][info][gc,cpu         ] GC(131) User=0.00s Sys=0.00s Real=0.00s
[2025-04-17T09:21:04.267+0000][32.268s][info][gc,start       ] GC(132) Pause Young (Allocation Failure)
[2025-04-17T09:21:04.270+0000][32.271s][info][gc,heap        ] GC(132) DefNew: 9343K(10176K)->173K(10176K) Eden: 9088K(9088K)->0K(9088K) From: 255K(1088K)->173K(1088K)
[2025-04-17T09:21:04.270+0000][32.271s][info][gc,heap        ] GC(132) Tenured: 14336K(22464K)->14356K(22464K)
[2025-04-17T09:21:04.270+0000][32.271s][info][gc,metaspace   ] GC(132) Metaspace: 37218K(37568K)->37218K(37568K) NonClass: 32801K(32960K)->32801K(32960K) Class: 4416K(4608K)->4416K(4608K)
[2025-04-17T09:21:04.270+0000][32.271s][info][gc             ] GC(132) Pause Young (Allocation Failure) 23M->14M(31M) 2.858ms
[2025-04-17T09:21:04.271+0000][32.272s][info][gc,cpu         ] GC(132) User=0.00s Sys=0.00s Real=0.00s
[2025-04-17T09:21:04.484+0000][32.484s][info][gc,start       ] GC(133) Pause Young (Allocation Failure)
[2025-04-17T09:21:04.486+0000][32.487s][info][gc,heap        ] GC(133) DefNew: 9260K(10176K)->160K(10176K) Eden: 9087K(9088K)->0K(9088K) From: 173K(1088K)->160K(1088K)
[2025-04-17T09:21:04.486+0000][32.487s][info][gc,heap        ] GC(133) Tenured: 14356K(22464K)->14357K(22464K)
[2025-04-17T09:21:04.487+0000][32.487s][info][gc,metaspace   ] GC(133) Metaspace: 37222K(37568K)->37222K(37568K) NonClass: 32805K(32960K)->32805K(32960K) Class: 4416K(4608K)->4416K(4608K)
[2025-04-17T09:21:04.487+0000][32.487s][info][gc             ] GC(133) Pause Young (Allocation Failure) 23M->14M(31M) 2.806ms
[2025-04-17T09:21:04.487+0000][32.487s][info][gc,cpu         ] GC(133) User=0.01s Sys=0.00s Real=0.01s
[2025-04-17T09:21:04.688+0000][32.689s][info][gc,start       ] GC(134) Pause Young (Allocation Failure)
[2025-04-17T09:21:04.691+0000][32.691s][info][gc,heap        ] GC(134) DefNew: 9248K(10176K)->161K(10176K) Eden: 9088K(9088K)->0K(9088K) From: 160K(1088K)->161K(1088K)
[2025-04-17T09:21:04.691+0000][32.691s][info][gc,heap        ] GC(134) Tenured: 14357K(22464K)->14357K(22464K)
[2025-04-17T09:21:04.691+0000][32.691s][info][gc,metaspace   ] GC(134) Metaspace: 37222K(37568K)->37222K(37568K) NonClass: 32805K(32960K)->32805K(32960K) Class: 4416K(4608K)->4416K(4608K)
[2025-04-17T09:21:04.691+0000][32.691s][info][gc             ] GC(134) Pause Young (Allocation Failure) 23M->14M(31M) 2.708ms
[2025-04-17T09:21:04.691+0000][32.691s][info][gc,cpu         ] GC(134) User=0.00s Sys=0.00s Real=0.00s
[2025-04-17T09:21:04.855+0000][32.856s][info][gc,start       ] GC(135) Pause Young (Allocation Failure)
[2025-04-17T09:21:04.857+0000][32.857s][info][gc,heap        ] GC(135) DefNew: 9249K(10176K)->184K(10176K) Eden: 9088K(9088K)->0K(9088K) From: 161K(1088K)->184K(1088K)
[2025-04-17T09:21:04.857+0000][32.857s][info][gc,heap        ] GC(135) Tenured: 14357K(22464K)->14358K(22464K)
[2025-04-17T09:21:04.857+0000][32.857s][info][gc,metaspace   ] GC(135) Metaspace: 37222K(37568K)->37222K(37568K) NonClass: 32805K(32960K)->32805K(32960K) Class: 4416K(4608K)->4416K(4608K)
[2025-04-17T09:21:04.857+0000][32.857s][info][gc             ] GC(135) Pause Young (Allocation Failure) 23M->14M(31M) 1.654ms
[2025-04-17T09:21:04.857+0000][32.857s][info][gc,cpu         ] GC(135) User=0.01s Sys=0.00s Real=0.00s
[2025-04-17T09:21:05.042+0000][33.043s][info][gc,start       ] GC(136) Pause Young (Allocation Failure)
[2025-04-17T09:21:05.044+0000][33.044s][info][gc,heap        ] GC(136) DefNew: 9272K(10176K)->167K(10176K) Eden: 9088K(9088K)->0K(9088K) From: 184K(1088K)->167K(1088K)
[2025-04-17T09:21:05.044+0000][33.044s][info][gc,heap        ] GC(136) Tenured: 14358K(22464K)->14358K(22464K)
[2025-04-17T09:21:05.044+0000][33.044s][info][gc,metaspace   ] GC(136) Metaspace: 37223K(37568K)->37223K(37568K) NonClass: 32806K(32960K)->32806K(32960K) Class: 4416K(4608K)->4416K(4608K)
[2025-04-17T09:21:05.044+0000][33.044s][info][gc             ] GC(136) Pause Young (Allocation Failure) 23M->14M(31M) 1.584ms
[2025-04-17T09:21:05.044+0000][33.044s][info][gc,cpu         ] GC(136) User=0.00s Sys=0.00s Real=0.00s
[2025-04-17T09:21:05.266+0000][33.266s][info][gc,start       ] GC(137) Pause Young (Allocation Failure)
[2025-04-17T09:21:05.268+0000][33.268s][info][gc,heap        ] GC(137) DefNew: 9254K(10176K)->157K(10176K) Eden: 9087K(9088K)->0K(9088K) From: 167K(1088K)->157K(1088K)
[2025-04-17T09:21:05.268+0000][33.268s][info][gc,heap        ] GC(137) Tenured: 14358K(22464K)->14358K(22464K)
[2025-04-17T09:21:05.268+0000][33.268s][info][gc,metaspace   ] GC(137) Metaspace: 37225K(37632K)->37225K(37632K) NonClass: 32808K(33024K)->32808K(33024K) Class: 4416K(4608K)->4416K(4608K)
[2025-04-17T09:21:05.268+0000][33.268s][info][gc             ] GC(137) Pause Young (Allocation Failure) 23M->14M(31M) 1.790ms
[2025-04-17T09:21:05.268+0000][33.268s][info][gc,cpu         ] GC(137) User=0.00s Sys=0.00s Real=0.00s
[2025-04-17T09:21:05.422+0000][33.423s][info][gc,start       ] GC(138) Pause Young (Allocation Failure)
[2025-04-17T09:21:05.424+0000][33.424s][info][gc,heap        ] GC(138) DefNew: 9245K(10176K)->167K(10176K) Eden: 9088K(9088K)->0K(9088K) From: 157K(1088K)->167K(1088K)
[2025-04-17T09:21:05.424+0000][33.424s][info][gc,heap        ] GC(138) Tenured: 14358K(22464K)->14376K(22464K)
[2025-04-17T09:21:05.424+0000][33.424s][info][gc,metaspace   ] GC(138) Metaspace: 37225K(37632K)->37225K(37632K) NonClass: 32808K(33024K)->32808K(33024K) Class: 4416K(4608K)->4416K(4608K)
[2025-04-17T09:21:05.424+0000][33.424s][info][gc             ] GC(138) Pause Young (Allocation Failure) 23M->14M(31M) 1.643ms
[2025-04-17T09:21:05.424+0000][33.424s][info][gc,cpu         ] GC(138) User=0.00s Sys=0.00s Real=0.00s
[2025-04-17T09:21:05.638+0000][33.639s][info][gc,start       ] GC(139) Pause Young (Allocation Failure)
[2025-04-17T09:21:05.640+0000][33.641s][info][gc,heap        ] GC(139) DefNew: 9255K(10176K)->190K(10176K) Eden: 9087K(9088K)->0K(9088K) From: 167K(1088K)->190K(1088K)
[2025-04-17T09:21:05.640+0000][33.641s][info][gc,heap        ] GC(139) Tenured: 14376K(22464K)->14377K(22464K)
[2025-04-17T09:21:05.640+0000][33.641s][info][gc,metaspace   ] GC(139) Metaspace: 37225K(37632K)->37225K(37632K) NonClass: 32808K(33024K)->32808K(33024K) Class: 4416K(4608K)->4416K(4608K)
[2025-04-17T09:21:05.640+0000][33.641s][info][gc             ] GC(139) Pause Young (Allocation Failure) 23M->14M(31M) 2.029ms
[2025-04-17T09:21:05.640+0000][33.641s][info][gc,cpu         ] GC(139) User=0.00s Sys=0.00s Real=0.00s
[2025-04-17T09:21:05.840+0000][33.841s][info][gc,start       ] GC(140) Pause Young (Allocation Failure)
[2025-04-17T09:21:05.843+0000][33.844s][info][gc,heap        ] GC(140) DefNew: 9278K(10176K)->154K(10176K) Eden: 9088K(9088K)->0K(9088K) From: 190K(1088K)->154K(1088K)
[2025-04-17T09:21:05.844+0000][33.845s][info][gc,heap        ] GC(140) Tenured: 14377K(22464K)->14378K(22464K)
[2025-04-17T09:21:05.844+0000][33.845s][info][gc,metaspace   ] GC(140) Metaspace: 37225K(37632K)->37225K(37632K) NonClass: 32808K(33024K)->32808K(33024K) Class: 4416K(4608K)->4416K(4608K)
[2025-04-17T09:21:05.844+0000][33.845s][info][gc             ] GC(140) Pause Young (Allocation Failure) 23M->14M(31M) 3.671ms
[2025-04-17T09:21:05.844+0000][33.845s][info][gc,cpu         ] GC(140) User=0.00s Sys=0.00s Real=0.01s
[2025-04-17T09:21:05.999+0000][33.999s][info][gc,start       ] GC(141) Pause Young (Allocation Failure)
[2025-04-17T09:21:06.002+0000][34.003s][info][gc,heap        ] GC(141) DefNew: 9242K(10176K)->193K(10176K) Eden: 9088K(9088K)->0K(9088K) From: 154K(1088K)->193K(1088K)
[2025-04-17T09:21:06.002+0000][34.003s][info][gc,heap        ] GC(141) Tenured: 14378K(22464K)->14379K(22464K)
[2025-04-17T09:21:06.002+0000][34.003s][info][gc,metaspace   ] GC(141) Metaspace: 37225K(37632K)->37225K(37632K) NonClass: 32808K(33024K)->32808K(33024K) Class: 4416K(4608K)->4416K(4608K)
[2025-04-17T09:21:06.003+0000][34.004s][info][gc             ] GC(141) Pause Young (Allocation Failure) 23M->14M(31M) 4.273ms
[2025-04-17T09:21:06.003+0000][34.004s][info][gc,cpu         ] GC(141) User=0.00s Sys=0.00s Real=0.00s
[2025-04-17T09:21:06.190+0000][34.191s][info][gc,start       ] GC(142) Pause Young (Allocation Failure)
[2025-04-17T09:21:06.192+0000][34.193s][info][gc,heap        ] GC(142) DefNew: 9281K(10176K)->173K(10176K) Eden: 9088K(9088K)->0K(9088K) From: 193K(1088K)->173K(1088K)
[2025-04-17T09:21:06.192+0000][34.193s][info][gc,heap        ] GC(142) Tenured: 14379K(22464K)->14379K(22464K)
[2025-04-17T09:21:06.192+0000][34.193s][info][gc,metaspace   ] GC(142) Metaspace: 37225K(37632K)->37225K(37632K) NonClass: 32808K(33024K)->32808K(33024K) Class: 4416K(4608K)->4416K(4608K)
[2025-04-17T09:21:06.192+0000][34.193s][info][gc             ] GC(142) Pause Young (Allocation Failure) 23M->14M(31M) 1.761ms
[2025-04-17T09:21:06.192+0000][34.193s][info][gc,cpu         ] GC(142) User=0.01s Sys=0.00s Real=0.00s
[2025-04-17T09:21:06.398+0000][34.399s][info][gc,start       ] GC(143) Pause Young (Allocation Failure)
[2025-04-17T09:21:06.400+0000][34.400s][info][gc,heap        ] GC(143) DefNew: 9261K(10176K)->153K(10176K) Eden: 9088K(9088K)->0K(9088K) From: 173K(1088K)->153K(1088K)
[2025-04-17T09:21:06.400+0000][34.400s][info][gc,heap        ] GC(143) Tenured: 14379K(22464K)->14398K(22464K)
[2025-04-17T09:21:06.400+0000][34.400s][info][gc,metaspace   ] GC(143) Metaspace: 37225K(37632K)->37225K(37632K) NonClass: 32808K(33024K)->32808K(33024K) Class: 4416K(4608K)->4416K(4608K)
[2025-04-17T09:21:06.400+0000][34.400s][info][gc             ] GC(143) Pause Young (Allocation Failure) 23M->14M(31M) 1.659ms
[2025-04-17T09:21:06.400+0000][34.400s][info][gc,cpu         ] GC(143) User=0.00s Sys=0.00s Real=0.00s
[2025-04-17T09:21:06.553+0000][34.554s][info][gc,start       ] GC(144) Pause Young (Allocation Failure)
[2025-04-17T09:21:06.556+0000][34.556s][info][gc,heap        ] GC(144) DefNew: 9241K(10176K)->152K(10176K) Eden: 9088K(9088K)->0K(9088K) From: 153K(1088K)->152K(1088K)
[2025-04-17T09:21:06.556+0000][34.557s][info][gc,heap        ] GC(144) Tenured: 14398K(22464K)->14398K(22464K)
[2025-04-17T09:21:06.556+0000][34.557s][info][gc,metaspace   ] GC(144) Metaspace: 37225K(37632K)->37225K(37632K) NonClass: 32808K(33024K)->32808K(33024K) Class: 4416K(4608K)->4416K(4608K)
[2025-04-17T09:21:06.556+0000][34.557s][info][gc             ] GC(144) Pause Young (Allocation Failure) 23M->14M(31M) 2.639ms
[2025-04-17T09:21:06.557+0000][34.558s][info][gc,cpu         ] GC(144) User=0.00s Sys=0.00s Real=0.01s
[2025-04-17T09:21:06.752+0000][34.753s][info][gc,start       ] GC(145) Pause Young (Allocation Failure)
[2025-04-17T09:21:06.755+0000][34.756s][info][gc,heap        ] GC(145) DefNew: 9240K(10176K)->152K(10176K) Eden: 9088K(9088K)->0K(9088K) From: 152K(1088K)->152K(1088K)
[2025-04-17T09:21:06.755+0000][34.756s][info][gc,heap        ] GC(145) Tenured: 14398K(22464K)->14399K(22464K)
[2025-04-17T09:21:06.755+0000][34.756s][info][gc,metaspace   ] GC(145) Metaspace: 37225K(37632K)->37225K(37632K) NonClass: 32808K(33024K)->32808K(33024K) Class: 4416K(4608K)->4416K(4608K)
[2025-04-17T09:21:06.755+0000][34.756s][info][gc             ] GC(145) Pause Young (Allocation Failure) 23M->14M(31M) 2.517ms
[2025-04-17T09:21:06.756+0000][34.757s][info][gc,cpu         ] GC(145) User=0.00s Sys=0.00s Real=0.01s
[2025-04-17T09:21:06.933+0000][34.933s][info][gc,start       ] GC(146) Pause Young (Allocation Failure)
[2025-04-17T09:21:06.934+0000][34.935s][info][gc,heap        ] GC(146) DefNew: 9240K(10176K)->142K(10176K) Eden: 9088K(9088K)->0K(9088K) From: 152K(1088K)->142K(1088K)
[2025-04-17T09:21:06.934+0000][34.935s][info][gc,heap        ] GC(146) Tenured: 14399K(22464K)->14430K(22464K)
[2025-04-17T09:21:06.934+0000][34.935s][info][gc,metaspace   ] GC(146) Metaspace: 37225K(37632K)->37225K(37632K) NonClass: 32808K(33024K)->32808K(33024K) Class: 4416K(4608K)->4416K(4608K)
[2025-04-17T09:21:06.934+0000][34.935s][info][gc             ] GC(146) Pause Young (Allocation Failure) 23M->14M(31M) 1.597ms
[2025-04-17T09:21:06.934+0000][34.935s][info][gc,cpu         ] GC(146) User=0.01s Sys=0.00s Real=0.01s
[2025-04-17T09:21:07.120+0000][35.121s][info][gc,start       ] GC(147) Pause Young (Allocation Failure)
[2025-04-17T09:21:07.122+0000][35.122s][info][gc,heap        ] GC(147) DefNew: 9230K(10176K)->144K(10176K) Eden: 9088K(9088K)->0K(9088K) From: 142K(1088K)->144K(1088K)
[2025-04-17T09:21:07.122+0000][35.122s][info][gc,heap        ] GC(147) Tenured: 14430K(22464K)->14431K(22464K)
[2025-04-17T09:21:07.122+0000][35.122s][info][gc,metaspace   ] GC(147) Metaspace: 37225K(37632K)->37225K(37632K) NonClass: 32808K(33024K)->32808K(33024K) Class: 4416K(4608K)->4416K(4608K)
[2025-04-17T09:21:07.122+0000][35.122s][info][gc             ] GC(147) Pause Young (Allocation Failure) 23M->14M(31M) 1.603ms
[2025-04-17T09:21:07.122+0000][35.122s][info][gc,cpu         ] GC(147) User=0.00s Sys=0.00s Real=0.00s
[2025-04-17T09:21:07.274+0000][35.274s][info][gc,start       ] GC(148) Pause Young (Allocation Failure)
[2025-04-17T09:21:07.275+0000][35.276s][info][gc,heap        ] GC(148) DefNew: 9232K(10176K)->150K(10176K) Eden: 9088K(9088K)->0K(9088K) From: 144K(1088K)->150K(1088K)
[2025-04-17T09:21:07.275+0000][35.276s][info][gc,heap        ] GC(148) Tenured: 14431K(22464K)->14433K(22464K)
[2025-04-17T09:21:07.275+0000][35.276s][info][gc,metaspace   ] GC(148) Metaspace: 37225K(37632K)->37225K(37632K) NonClass: 32808K(33024K)->32808K(33024K) Class: 4416K(4608K)->4416K(4608K)
[2025-04-17T09:21:07.275+0000][35.276s][info][gc             ] GC(148) Pause Young (Allocation Failure) 23M->14M(31M) 1.612ms
[2025-04-17T09:21:07.275+0000][35.276s][info][gc,cpu         ] GC(148) User=0.00s Sys=0.00s Real=0.01s
[2025-04-17T09:21:07.445+0000][35.446s][info][gc,start       ] GC(149) Pause Young (Allocation Failure)
[2025-04-17T09:21:07.446+0000][35.447s][info][gc,heap        ] GC(149) DefNew: 9238K(10176K)->146K(10176K) Eden: 9088K(9088K)->0K(9088K) From: 150K(1088K)->146K(1088K)
[2025-04-17T09:21:07.447+0000][35.447s][info][gc,heap        ] GC(149) Tenured: 14433K(22464K)->14434K(22464K)
[2025-04-17T09:21:07.447+0000][35.447s][info][gc,metaspace   ] GC(149) Metaspace: 37231K(37632K)->37231K(37632K) NonClass: 32814K(33024K)->32814K(33024K) Class: 4416K(4608K)->4416K(4608K)
[2025-04-17T09:21:07.447+0000][35.447s][info][gc             ] GC(149) Pause Young (Allocation Failure) 23M->14M(31M) 1.521ms
[2025-04-17T09:21:07.447+0000][35.447s][info][gc,cpu         ] GC(149) User=0.00s Sys=0.00s Real=0.00s
[2025-04-17T09:21:07.615+0000][35.616s][info][gc,start       ] GC(150) Pause Young (Allocation Failure)
[2025-04-17T09:21:07.617+0000][35.618s][info][gc,heap        ] GC(150) DefNew: 9234K(10176K)->122K(10176K) Eden: 9088K(9088K)->0K(9088K) From: 146K(1088K)->122K(1088K)
[2025-04-17T09:21:07.617+0000][35.618s][info][gc,heap        ] GC(150) Tenured: 14434K(22464K)->14453K(22464K)
[2025-04-17T09:21:07.617+0000][35.618s][info][gc,metaspace   ] GC(150) Metaspace: 37231K(37632K)->37231K(37632K) NonClass: 32814K(33024K)->32814K(33024K) Class: 4416K(4608K)->4416K(4608K)
[2025-04-17T09:21:07.617+0000][35.618s][info][gc             ] GC(150) Pause Young (Allocation Failure) 23M->14M(31M) 1.507ms
[2025-04-17T09:21:07.617+0000][35.618s][info][gc,cpu         ] GC(150) User=0.00s Sys=0.00s Real=0.00s
[2025-04-17T09:21:07.785+0000][35.785s][info][gc,start       ] GC(151) Pause Young (Allocation Failure)
[2025-04-17T09:21:07.786+0000][35.787s][info][gc,heap        ] GC(151) DefNew: 9210K(10176K)->158K(10176K) Eden: 9088K(9088K)->0K(9088K) From: 122K(1088K)->158K(1088K)
[2025-04-17T09:21:07.786+0000][35.787s][info][gc,heap        ] GC(151) Tenured: 14453K(22464K)->14453K(22464K)
[2025-04-17T09:21:07.786+0000][35.787s][info][gc,metaspace   ] GC(151) Metaspace: 37231K(37632K)->37231K(37632K) NonClass: 32814K(33024K)->32814K(33024K) Class: 4416K(4608K)->4416K(4608K)
[2025-04-17T09:21:07.786+0000][35.787s][info][gc             ] GC(151) Pause Young (Allocation Failure) 23M->14M(31M) 1.709ms
[2025-04-17T09:21:07.786+0000][35.787s][info][gc,cpu         ] GC(151) User=0.00s Sys=0.00s Real=0.00s
[2025-04-17T09:21:07.959+0000][35.959s][info][gc,start       ] GC(152) Pause Young (Allocation Failure)
[2025-04-17T09:21:07.960+0000][35.961s][info][gc,heap        ] GC(152) DefNew: 9246K(10176K)->122K(10176K) Eden: 9088K(9088K)->0K(9088K) From: 158K(1088K)->122K(1088K)
[2025-04-17T09:21:07.960+0000][35.961s][info][gc,heap        ] GC(152) Tenured: 14453K(22464K)->14454K(22464K)
[2025-04-17T09:21:07.960+0000][35.961s][info][gc,metaspace   ] GC(152) Metaspace: 37231K(37632K)->37231K(37632K) NonClass: 32814K(33024K)->32814K(33024K) Class: 4416K(4608K)->4416K(4608K)
[2025-04-17T09:21:07.960+0000][35.961s][info][gc             ] GC(152) Pause Young (Allocation Failure) 23M->14M(31M) 1.509ms
[2025-04-17T09:21:07.960+0000][35.961s][info][gc,cpu         ] GC(152) User=0.00s Sys=0.00s Real=0.00s
[2025-04-17T09:21:08.134+0000][36.135s][info][gc,start       ] GC(153) Pause Young (Allocation Failure)
[2025-04-17T09:21:08.137+0000][36.138s][info][gc,heap        ] GC(153) DefNew: 9210K(10176K)->135K(10176K) Eden: 9088K(9088K)->0K(9088K) From: 122K(1088K)->135K(1088K)
[2025-04-17T09:21:08.137+0000][36.138s][info][gc,heap        ] GC(153) Tenured: 14454K(22464K)->14454K(22464K)
[2025-04-17T09:21:08.137+0000][36.138s][info][gc,metaspace   ] GC(153) Metaspace: 37231K(37632K)->37231K(37632K) NonClass: 32814K(33024K)->32814K(33024K) Class: 4416K(4608K)->4416K(4608K)
[2025-04-17T09:21:08.137+0000][36.138s][info][gc             ] GC(153) Pause Young (Allocation Failure) 23M->14M(31M) 3.104ms
[2025-04-17T09:21:08.137+0000][36.138s][info][gc,cpu         ] GC(153) User=0.00s Sys=0.00s Real=0.00s
[2025-04-17T09:21:08.308+0000][36.309s][info][gc,start       ] GC(154) Pause Young (Allocation Failure)
[2025-04-17T09:21:08.309+0000][36.310s][info][gc,heap        ] GC(154) DefNew: 9223K(10176K)->174K(10176K) Eden: 9088K(9088K)->0K(9088K) From: 135K(1088K)->174K(1088K)
[2025-04-17T09:21:08.309+0000][36.310s][info][gc,heap        ] GC(154) Tenured: 14454K(22464K)->14456K(22464K)
[2025-04-17T09:21:08.309+0000][36.310s][info][gc,metaspace   ] GC(154) Metaspace: 37231K(37632K)->37231K(37632K) NonClass: 32814K(33024K)->32814K(33024K) Class: 4416K(4608K)->4416K(4608K)
[2025-04-17T09:21:08.309+0000][36.310s][info][gc             ] GC(154) Pause Young (Allocation Failure) 23M->14M(31M) 1.612ms
[2025-04-17T09:21:08.309+0000][36.310s][info][gc,cpu         ] GC(154) User=0.00s Sys=0.00s Real=0.00s
[2025-04-17T09:21:08.469+0000][36.469s][info][gc,start       ] GC(155) Pause Young (Allocation Failure)
[2025-04-17T09:21:08.472+0000][36.473s][info][gc,heap        ] GC(155) DefNew: 9255K(10176K)->157K(10176K) Eden: 9080K(9088K)->0K(9088K) From: 174K(1088K)->157K(1088K)
[2025-04-17T09:21:08.472+0000][36.473s][info][gc,heap        ] GC(155) Tenured: 14456K(22464K)->14458K(22464K)
[2025-04-17T09:21:08.472+0000][36.473s][info][gc,metaspace   ] GC(155) Metaspace: 37231K(37632K)->37231K(37632K) NonClass: 32814K(33024K)->32814K(33024K) Class: 4416K(4608K)->4416K(4608K)
[2025-04-17T09:21:08.472+0000][36.473s][info][gc             ] GC(155) Pause Young (Allocation Failure) 23M->14M(31M) 3.560ms
[2025-04-17T09:21:08.472+0000][36.473s][info][gc,cpu         ] GC(155) User=0.00s Sys=0.00s Real=0.00s
[2025-04-17T09:21:08.641+0000][36.642s][info][gc,start       ] GC(156) Pause Young (Allocation Failure)
[2025-04-17T09:21:08.643+0000][36.643s][info][gc,heap        ] GC(156) DefNew: 9245K(10176K)->130K(10176K) Eden: 9088K(9088K)->0K(9088K) From: 157K(1088K)->130K(1088K)
[2025-04-17T09:21:08.643+0000][36.643s][info][gc,heap        ] GC(156) Tenured: 14458K(22464K)->14476K(22464K)
[2025-04-17T09:21:08.643+0000][36.643s][info][gc,metaspace   ] GC(156) Metaspace: 37232K(37632K)->37232K(37632K) NonClass: 32815K(33024K)->32815K(33024K) Class: 4417K(4608K)->4417K(4608K)
[2025-04-17T09:21:08.643+0000][36.643s][info][gc             ] GC(156) Pause Young (Allocation Failure) 23M->14M(31M) 1.581ms
[2025-04-17T09:21:08.643+0000][36.643s][info][gc,cpu         ] GC(156) User=0.00s Sys=0.00s Real=0.00s
[2025-04-17T09:21:08.826+0000][36.827s][info][gc,start       ] GC(157) Pause Young (Allocation Failure)
[2025-04-17T09:21:08.828+0000][36.829s][info][gc,heap        ] GC(157) DefNew: 9218K(10176K)->168K(10176K) Eden: 9088K(9088K)->0K(9088K) From: 130K(1088K)->168K(1088K)
[2025-04-17T09:21:08.828+0000][36.829s][info][gc,heap        ] GC(157) Tenured: 14476K(22464K)->14476K(22464K)
[2025-04-17T09:21:08.828+0000][36.829s][info][gc,metaspace   ] GC(157) Metaspace: 37232K(37632K)->37232K(37632K) NonClass: 32815K(33024K)->32815K(33024K) Class: 4417K(4608K)->4417K(4608K)
[2025-04-17T09:21:08.828+0000][36.829s][info][gc             ] GC(157) Pause Young (Allocation Failure) 23M->14M(31M) 1.738ms
[2025-04-17T09:21:08.828+0000][36.829s][info][gc,cpu         ] GC(157) User=0.01s Sys=0.00s Real=0.00s
[2025-04-17T09:21:08.983+0000][36.984s][info][gc,start       ] GC(158) Pause Young (Allocation Failure)
[2025-04-17T09:21:08.985+0000][36.986s][info][gc,heap        ] GC(158) DefNew: 9256K(10176K)->119K(10176K) Eden: 9088K(9088K)->0K(9088K) From: 168K(1088K)->119K(1088K)
[2025-04-17T09:21:08.985+0000][36.986s][info][gc,heap        ] GC(158) Tenured: 14476K(22464K)->14477K(22464K)
[2025-04-17T09:21:08.985+0000][36.986s][info][gc,metaspace   ] GC(158) Metaspace: 37233K(37632K)->37233K(37632K) NonClass: 32816K(33024K)->32816K(33024K) Class: 4417K(4608K)->4417K(4608K)
[2025-04-17T09:21:08.985+0000][36.986s][info][gc             ] GC(158) Pause Young (Allocation Failure) 23M->14M(31M) 1.812ms
[2025-04-17T09:21:08.985+0000][36.986s][info][gc,cpu         ] GC(158) User=0.00s Sys=0.00s Real=0.01s
[2025-04-17T09:21:09.160+0000][37.161s][info][gc,start       ] GC(159) Pause Young (Allocation Failure)
[2025-04-17T09:21:09.163+0000][37.163s][info][gc,heap        ] GC(159) DefNew: 9207K(10176K)->119K(10176K) Eden: 9087K(9088K)->0K(9088K) From: 119K(1088K)->119K(1088K)
[2025-04-17T09:21:09.163+0000][37.163s][info][gc,heap        ] GC(159) Tenured: 14477K(22464K)->14478K(22464K)
[2025-04-17T09:21:09.163+0000][37.163s][info][gc,metaspace   ] GC(159) Metaspace: 37233K(37632K)->37233K(37632K) NonClass: 32816K(33024K)->32816K(33024K) Class: 4417K(4608K)->4417K(4608K)
[2025-04-17T09:21:09.163+0000][37.163s][info][gc             ] GC(159) Pause Young (Allocation Failure) 23M->14M(31M) 2.543ms
[2025-04-17T09:21:09.163+0000][37.163s][info][gc,cpu         ] GC(159) User=0.00s Sys=0.00s Real=0.00s
[2025-04-17T09:21:09.312+0000][37.313s][info][gc,start       ] GC(160) Pause Young (Allocation Failure)
[2025-04-17T09:21:09.315+0000][37.315s][info][gc,heap        ] GC(160) DefNew: 9200K(10176K)->106K(10176K) Eden: 9081K(9088K)->0K(9088K) From: 119K(1088K)->106K(1088K)
[2025-04-17T09:21:09.315+0000][37.315s][info][gc,heap        ] GC(160) Tenured: 14478K(22464K)->14479K(22464K)
[2025-04-17T09:21:09.315+0000][37.315s][info][gc,metaspace   ] GC(160) Metaspace: 37233K(37632K)->37233K(37632K) NonClass: 32816K(33024K)->32816K(33024K) Class: 4417K(4608K)->4417K(4608K)
[2025-04-17T09:21:09.315+0000][37.315s][info][gc             ] GC(160) Pause Young (Allocation Failure) 23M->14M(31M) 2.464ms
[2025-04-17T09:21:09.315+0000][37.316s][info][gc,cpu         ] GC(160) User=0.01s Sys=0.00s Real=0.01s
[2025-04-17T09:21:09.493+0000][37.493s][info][gc,start       ] GC(161) Pause Young (Allocation Failure)
[2025-04-17T09:21:09.496+0000][37.496s][info][gc,heap        ] GC(161) DefNew: 9194K(10176K)->134K(10176K) Eden: 9088K(9088K)->0K(9088K) From: 106K(1088K)->134K(1088K)
[2025-04-17T09:21:09.496+0000][37.496s][info][gc,heap        ] GC(161) Tenured: 14479K(22464K)->14480K(22464K)
[2025-04-17T09:21:09.496+0000][37.496s][info][gc,metaspace   ] GC(161) Metaspace: 37233K(37632K)->37233K(37632K) NonClass: 32816K(33024K)->32816K(33024K) Class: 4417K(4608K)->4417K(4608K)
[2025-04-17T09:21:09.496+0000][37.496s][info][gc             ] GC(161) Pause Young (Allocation Failure) 23M->14M(31M) 3.064ms
[2025-04-17T09:21:09.496+0000][37.496s][info][gc,cpu         ] GC(161) User=0.00s Sys=0.00s Real=0.01s
[2025-04-17T09:21:09.636+0000][37.637s][info][gc,start       ] GC(162) Pause Young (Allocation Failure)
[2025-04-17T09:21:09.638+0000][37.638s][info][gc,heap        ] GC(162) DefNew: 9222K(10176K)->129K(10176K) Eden: 9088K(9088K)->0K(9088K) From: 134K(1088K)->129K(1088K)
[2025-04-17T09:21:09.638+0000][37.638s][info][gc,heap        ] GC(162) Tenured: 14480K(22464K)->14500K(22464K)
[2025-04-17T09:21:09.638+0000][37.638s][info][gc,metaspace   ] GC(162) Metaspace: 37233K(37632K)->37233K(37632K) NonClass: 32816K(33024K)->32816K(33024K) Class: 4417K(4608K)->4417K(4608K)
[2025-04-17T09:21:09.638+0000][37.638s][info][gc             ] GC(162) Pause Young (Allocation Failure) 23M->14M(31M) 1.638ms
[2025-04-17T09:21:09.638+0000][37.638s][info][gc,cpu         ] GC(162) User=0.01s Sys=0.00s Real=0.00s
[2025-04-17T09:21:09.795+0000][37.795s][info][gc,start       ] GC(163) Pause Young (Allocation Failure)
[2025-04-17T09:21:09.796+0000][37.797s][info][gc,heap        ] GC(163) DefNew: 9217K(10176K)->141K(10176K) Eden: 9088K(9088K)->0K(9088K) From: 129K(1088K)->141K(1088K)
[2025-04-17T09:21:09.796+0000][37.797s][info][gc,heap        ] GC(163) Tenured: 14500K(22464K)->14500K(22464K)
[2025-04-17T09:21:09.796+0000][37.797s][info][gc,metaspace   ] GC(163) Metaspace: 37233K(37632K)->37233K(37632K) NonClass: 32816K(33024K)->32816K(33024K) Class: 4417K(4608K)->4417K(4608K)
[2025-04-17T09:21:09.796+0000][37.797s][info][gc             ] GC(163) Pause Young (Allocation Failure) 23M->14M(31M) 1.608ms
[2025-04-17T09:21:09.796+0000][37.797s][info][gc,cpu         ] GC(163) User=0.00s Sys=0.00s Real=0.00s
[2025-04-17T09:21:09.963+0000][37.964s][info][gc,start       ] GC(164) Pause Young (Allocation Failure)
[2025-04-17T09:21:09.965+0000][37.965s][info][gc,heap        ] GC(164) DefNew: 9215K(10176K)->117K(10176K) Eden: 9073K(9088K)->0K(9088K) From: 141K(1088K)->117K(1088K)
[2025-04-17T09:21:09.965+0000][37.965s][info][gc,heap        ] GC(164) Tenured: 14500K(22464K)->14500K(22464K)
[2025-04-17T09:21:09.965+0000][37.965s][info][gc,metaspace   ] GC(164) Metaspace: 37233K(37632K)->37233K(37632K) NonClass: 32816K(33024K)->32816K(33024K) Class: 4417K(4608K)->4417K(4608K)
[2025-04-17T09:21:09.965+0000][37.965s][info][gc             ] GC(164) Pause Young (Allocation Failure) 23M->14M(31M) 1.585ms
[2025-04-17T09:21:09.965+0000][37.965s][info][gc,cpu         ] GC(164) User=0.00s Sys=0.00s Real=0.01s
[2025-04-17T09:21:10.125+0000][38.125s][info][gc,start       ] GC(165) Pause Young (Allocation Failure)
[2025-04-17T09:21:10.126+0000][38.127s][info][gc,heap        ] GC(165) DefNew: 9205K(10176K)->146K(10176K) Eden: 9087K(9088K)->0K(9088K) From: 117K(1088K)->146K(1088K)
[2025-04-17T09:21:10.126+0000][38.127s][info][gc,heap        ] GC(165) Tenured: 14500K(22464K)->14500K(22464K)
[2025-04-17T09:21:10.126+0000][38.127s][info][gc,metaspace   ] GC(165) Metaspace: 37233K(37632K)->37233K(37632K) NonClass: 32816K(33024K)->32816K(33024K) Class: 4417K(4608K)->4417K(4608K)
[2025-04-17T09:21:10.126+0000][38.127s][info][gc             ] GC(165) Pause Young (Allocation Failure) 23M->14M(31M) 1.664ms
[2025-04-17T09:21:10.126+0000][38.127s][info][gc,cpu         ] GC(165) User=0.01s Sys=0.00s Real=0.00s
[2025-04-17T09:21:10.299+0000][38.299s][info][gc,start       ] GC(166) Pause Young (Allocation Failure)
[2025-04-17T09:21:10.300+0000][38.301s][info][gc,heap        ] GC(166) DefNew: 9234K(10176K)->117K(10176K) Eden: 9088K(9088K)->0K(9088K) From: 146K(1088K)->117K(1088K)
[2025-04-17T09:21:10.300+0000][38.301s][info][gc,heap        ] GC(166) Tenured: 14500K(22464K)->14500K(22464K)
[2025-04-17T09:21:10.300+0000][38.301s][info][gc,metaspace   ] GC(166) Metaspace: 37233K(37632K)->37233K(37632K) NonClass: 32816K(33024K)->32816K(33024K) Class: 4417K(4608K)->4417K(4608K)
[2025-04-17T09:21:10.301+0000][38.301s][info][gc             ] GC(166) Pause Young (Allocation Failure) 23M->14M(31M) 1.656ms
[2025-04-17T09:21:10.301+0000][38.301s][info][gc,cpu         ] GC(166) User=0.01s Sys=0.00s Real=0.00s
[2025-04-17T09:21:10.458+0000][38.458s][info][gc,start       ] GC(167) Pause Young (Allocation Failure)
[2025-04-17T09:21:10.460+0000][38.461s][info][gc,heap        ] GC(167) DefNew: 9205K(10176K)->144K(10176K) Eden: 9088K(9088K)->0K(9088K) From: 117K(1088K)->144K(1088K)
[2025-04-17T09:21:10.460+0000][38.461s][info][gc,heap        ] GC(167) Tenured: 14500K(22464K)->14502K(22464K)
[2025-04-17T09:21:10.460+0000][38.461s][info][gc,metaspace   ] GC(167) Metaspace: 37233K(37632K)->37233K(37632K) NonClass: 32816K(33024K)->32816K(33024K) Class: 4417K(4608K)->4417K(4608K)
[2025-04-17T09:21:10.460+0000][38.461s][info][gc             ] GC(167) Pause Young (Allocation Failure) 23M->14M(31M) 2.513ms
[2025-04-17T09:21:10.460+0000][38.461s][info][gc,cpu         ] GC(167) User=0.00s Sys=0.00s Real=0.00s
[2025-04-17T09:21:10.619+0000][38.620s][info][gc,start       ] GC(168) Pause Young (Allocation Failure)
[2025-04-17T09:21:10.621+0000][38.621s][info][gc,heap        ] GC(168) DefNew: 9232K(10176K)->116K(10176K) Eden: 9088K(9088K)->0K(9088K) From: 144K(1088K)->116K(1088K)
[2025-04-17T09:21:10.621+0000][38.621s][info][gc,heap        ] GC(168) Tenured: 14502K(22464K)->14504K(22464K)
[2025-04-17T09:21:10.621+0000][38.621s][info][gc,metaspace   ] GC(168) Metaspace: 37233K(37632K)->37233K(37632K) NonClass: 32816K(33024K)->32816K(33024K) Class: 4417K(4608K)->4417K(4608K)
[2025-04-17T09:21:10.621+0000][38.621s][info][gc             ] GC(168) Pause Young (Allocation Failure) 23M->14M(31M) 1.639ms
[2025-04-17T09:21:10.621+0000][38.621s][info][gc,cpu         ] GC(168) User=0.00s Sys=0.00s Real=0.00s
[2025-04-17T09:21:10.765+0000][38.765s][info][gc,start       ] GC(169) Pause Young (Allocation Failure)
[2025-04-17T09:21:10.767+0000][38.768s][info][gc,heap        ] GC(169) DefNew: 9204K(10176K)->122K(10176K) Eden: 9088K(9088K)->0K(9088K) From: 116K(1088K)->122K(1088K)
[2025-04-17T09:21:10.767+0000][38.768s][info][gc,heap        ] GC(169) Tenured: 14504K(22464K)->14521K(22464K)
[2025-04-17T09:21:10.767+0000][38.768s][info][gc,metaspace   ] GC(169) Metaspace: 37233K(37632K)->37233K(37632K) NonClass: 32816K(33024K)->32816K(33024K) Class: 4417K(4608K)->4417K(4608K)
[2025-04-17T09:21:10.767+0000][38.768s][info][gc             ] GC(169) Pause Young (Allocation Failure) 23M->14M(31M) 2.281ms
[2025-04-17T09:21:10.767+0000][38.768s][info][gc,cpu         ] GC(169) User=0.01s Sys=0.00s Real=0.00s
[2025-04-17T09:21:10.927+0000][38.928s][info][gc,start       ] GC(170) Pause Young (Allocation Failure)
[2025-04-17T09:21:10.929+0000][38.930s][info][gc,heap        ] GC(170) DefNew: 9210K(10176K)->119K(10176K) Eden: 9088K(9088K)->0K(9088K) From: 122K(1088K)->119K(1088K)
[2025-04-17T09:21:10.929+0000][38.930s][info][gc,heap        ] GC(170) Tenured: 14521K(22464K)->14521K(22464K)
[2025-04-17T09:21:10.929+0000][38.930s][info][gc,metaspace   ] GC(170) Metaspace: 37233K(37632K)->37233K(37632K) NonClass: 32816K(33024K)->32816K(33024K) Class: 4417K(4608K)->4417K(4608K)
[2025-04-17T09:21:10.929+0000][38.930s][info][gc             ] GC(170) Pause Young (Allocation Failure) 23M->14M(31M) 1.535ms
[2025-04-17T09:21:10.929+0000][38.930s][info][gc,cpu         ] GC(170) User=0.00s Sys=0.00s Real=0.00s
[2025-04-17T09:21:11.079+0000][39.080s][info][gc,start       ] GC(171) Pause Young (Allocation Failure)
[2025-04-17T09:21:11.080+0000][39.081s][info][gc,heap        ] GC(171) DefNew: 9207K(10176K)->130K(10176K) Eden: 9088K(9088K)->0K(9088K) From: 119K(1088K)->130K(1088K)
[2025-04-17T09:21:11.080+0000][39.081s][info][gc,heap        ] GC(171) Tenured: 14521K(22464K)->14522K(22464K)
[2025-04-17T09:21:11.080+0000][39.081s][info][gc,metaspace   ] GC(171) Metaspace: 37233K(37632K)->37233K(37632K) NonClass: 32816K(33024K)->32816K(33024K) Class: 4417K(4608K)->4417K(4608K)
[2025-04-17T09:21:11.081+0000][39.081s][info][gc             ] GC(171) Pause Young (Allocation Failure) 23M->14M(31M) 1.521ms
[2025-04-17T09:21:11.081+0000][39.081s][info][gc,cpu         ] GC(171) User=0.00s Sys=0.00s Real=0.00s
[2025-04-17T09:21:11.219+0000][39.220s][info][gc,start       ] GC(172) Pause Young (Allocation Failure)
[2025-04-17T09:21:11.221+0000][39.221s][info][gc,heap        ] GC(172) DefNew: 9218K(10176K)->114K(10176K) Eden: 9087K(9088K)->0K(9088K) From: 130K(1088K)->114K(1088K)
[2025-04-17T09:21:11.221+0000][39.221s][info][gc,heap        ] GC(172) Tenured: 14522K(22464K)->14522K(22464K)
[2025-04-17T09:21:11.221+0000][39.221s][info][gc,metaspace   ] GC(172) Metaspace: 37233K(37632K)->37233K(37632K) NonClass: 32816K(33024K)->32816K(33024K) Class: 4417K(4608K)->4417K(4608K)
[2025-04-17T09:21:11.221+0000][39.221s][info][gc             ] GC(172) Pause Young (Allocation Failure) 23M->14M(31M) 1.433ms
[2025-04-17T09:21:11.221+0000][39.221s][info][gc,cpu         ] GC(172) User=0.00s Sys=0.00s Real=0.00s
[2025-04-17T09:21:11.389+0000][39.390s][info][gc,start       ] GC(173) Pause Young (Allocation Failure)
[2025-04-17T09:21:11.392+0000][39.392s][info][gc,heap        ] GC(173) DefNew: 9202K(10176K)->119K(10176K) Eden: 9088K(9088K)->0K(9088K) From: 114K(1088K)->119K(1088K)
[2025-04-17T09:21:11.392+0000][39.392s][info][gc,heap        ] GC(173) Tenured: 14522K(22464K)->14523K(22464K)
[2025-04-17T09:21:11.392+0000][39.392s][info][gc,metaspace   ] GC(173) Metaspace: 37233K(37632K)->37233K(37632K) NonClass: 32816K(33024K)->32816K(33024K) Class: 4417K(4608K)->4417K(4608K)
[2025-04-17T09:21:11.392+0000][39.392s][info][gc             ] GC(173) Pause Young (Allocation Failure) 23M->14M(31M) 2.487ms
[2025-04-17T09:21:11.392+0000][39.392s][info][gc,cpu         ] GC(173) User=0.01s Sys=0.00s Real=0.00s
[2025-04-17T09:21:11.536+0000][39.537s][info][gc,start       ] GC(174) Pause Young (Allocation Failure)
[2025-04-17T09:21:11.539+0000][39.539s][info][gc,heap        ] GC(174) DefNew: 9207K(10176K)->133K(10176K) Eden: 9088K(9088K)->0K(9088K) From: 119K(1088K)->133K(1088K)
[2025-04-17T09:21:11.539+0000][39.539s][info][gc,heap        ] GC(174) Tenured: 14523K(22464K)->14524K(22464K)
[2025-04-17T09:21:11.539+0000][39.539s][info][gc,metaspace   ] GC(174) Metaspace: 37233K(37632K)->37233K(37632K) NonClass: 32816K(33024K)->32816K(33024K) Class: 4417K(4608K)->4417K(4608K)
[2025-04-17T09:21:11.539+0000][39.539s][info][gc             ] GC(174) Pause Young (Allocation Failure) 23M->14M(31M) 2.498ms
[2025-04-17T09:21:11.539+0000][39.539s][info][gc,cpu         ] GC(174) User=0.01s Sys=0.00s Real=0.00s
[2025-04-17T09:21:11.717+0000][39.718s][info][gc,start       ] GC(175) Pause Young (Allocation Failure)
[2025-04-17T09:21:11.719+0000][39.719s][info][gc,heap        ] GC(175) DefNew: 9221K(10176K)->145K(10176K) Eden: 9088K(9088K)->0K(9088K) From: 133K(1088K)->145K(1088K)
[2025-04-17T09:21:11.719+0000][39.719s][info][gc,heap        ] GC(175) Tenured: 14524K(22464K)->14524K(22464K)
[2025-04-17T09:21:11.719+0000][39.719s][info][gc,metaspace   ] GC(175) Metaspace: 37233K(37632K)->37233K(37632K) NonClass: 32816K(33024K)->32816K(33024K) Class: 4417K(4608K)->4417K(4608K)
[2025-04-17T09:21:11.719+0000][39.719s][info][gc             ] GC(175) Pause Young (Allocation Failure) 23M->14M(31M) 1.759ms
[2025-04-17T09:21:11.719+0000][39.719s][info][gc,cpu         ] GC(175) User=0.00s Sys=0.00s Real=0.00s
[2025-04-17T09:21:11.847+0000][39.848s][info][gc,start       ] GC(176) Pause Young (Allocation Failure)
[2025-04-17T09:21:11.849+0000][39.849s][info][gc,heap        ] GC(176) DefNew: 9233K(10176K)->114K(10176K) Eden: 9088K(9088K)->0K(9088K) From: 145K(1088K)->114K(1088K)
[2025-04-17T09:21:11.849+0000][39.849s][info][gc,heap        ] GC(176) Tenured: 14524K(22464K)->14542K(22464K)
[2025-04-17T09:21:11.849+0000][39.849s][info][gc,metaspace   ] GC(176) Metaspace: 37233K(37632K)->37233K(37632K) NonClass: 32816K(33024K)->32816K(33024K) Class: 4417K(4608K)->4417K(4608K)
[2025-04-17T09:21:11.849+0000][39.849s][info][gc             ] GC(176) Pause Young (Allocation Failure) 23M->14M(31M) 1.411ms
[2025-04-17T09:21:11.849+0000][39.849s][info][gc,cpu         ] GC(176) User=0.00s Sys=0.00s Real=0.00s
[2025-04-17T09:21:11.992+0000][39.993s][info][gc,start       ] GC(177) Pause Young (Allocation Failure)
[2025-04-17T09:21:11.995+0000][39.996s][info][gc,heap        ] GC(177) DefNew: 9202K(10176K)->221K(10176K) Eden: 9088K(9088K)->0K(9088K) From: 114K(1088K)->221K(1088K)
[2025-04-17T09:21:11.995+0000][39.996s][info][gc,heap        ] GC(177) Tenured: 14542K(22464K)->14542K(22464K)
[2025-04-17T09:21:11.995+0000][39.996s][info][gc,metaspace   ] GC(177) Metaspace: 37233K(37632K)->37233K(37632K) NonClass: 32816K(33024K)->32816K(33024K) Class: 4417K(4608K)->4417K(4608K)
[2025-04-17T09:21:11.996+0000][39.997s][info][gc             ] GC(177) Pause Young (Allocation Failure) 23M->14M(31M) 3.871ms
[2025-04-17T09:21:11.996+0000][39.997s][info][gc,cpu         ] GC(177) User=0.00s Sys=0.00s Real=0.01s
[2025-04-17T09:21:12.161+0000][40.162s][info][gc,start       ] GC(178) Pause Young (Allocation Failure)
[2025-04-17T09:21:12.163+0000][40.163s][info][gc,heap        ] GC(178) DefNew: 9309K(10176K)->127K(10176K) Eden: 9088K(9088K)->0K(9088K) From: 221K(1088K)->127K(1088K)
[2025-04-17T09:21:12.163+0000][40.163s][info][gc,heap        ] GC(178) Tenured: 14542K(22464K)->14542K(22464K)
[2025-04-17T09:21:12.163+0000][40.163s][info][gc,metaspace   ] GC(178) Metaspace: 37233K(37632K)->37233K(37632K) NonClass: 32816K(33024K)->32816K(33024K) Class: 4417K(4608K)->4417K(4608K)
[2025-04-17T09:21:12.163+0000][40.163s][info][gc             ] GC(178) Pause Young (Allocation Failure) 23M->14M(31M) 1.639ms
[2025-04-17T09:21:12.163+0000][40.163s][info][gc,cpu         ] GC(178) User=0.00s Sys=0.00s Real=0.00s
[2025-04-17T09:21:12.309+0000][40.309s][info][gc,start       ] GC(179) Pause Young (Allocation Failure)
[2025-04-17T09:21:12.310+0000][40.311s][info][gc,heap        ] GC(179) DefNew: 9215K(10176K)->116K(10176K) Eden: 9088K(9088K)->0K(9088K) From: 127K(1088K)->116K(1088K)
[2025-04-17T09:21:12.310+0000][40.311s][info][gc,heap        ] GC(179) Tenured: 14542K(22464K)->14542K(22464K)
[2025-04-17T09:21:12.310+0000][40.311s][info][gc,metaspace   ] GC(179) Metaspace: 37233K(37632K)->37233K(37632K) NonClass: 32816K(33024K)->32816K(33024K) Class: 4417K(4608K)->4417K(4608K)
[2025-04-17T09:21:12.310+0000][40.311s][info][gc             ] GC(179) Pause Young (Allocation Failure) 23M->14M(31M) 1.429ms
[2025-04-17T09:21:12.310+0000][40.311s][info][gc,cpu         ] GC(179) User=0.00s Sys=0.00s Real=0.00s
[2025-04-17T09:21:12.452+0000][40.453s][info][gc,start       ] GC(180) Pause Young (Allocation Failure)
[2025-04-17T09:21:12.453+0000][40.454s][info][gc,heap        ] GC(180) DefNew: 9204K(10176K)->114K(10176K) Eden: 9088K(9088K)->0K(9088K) From: 116K(1088K)->114K(1088K)
[2025-04-17T09:21:12.453+0000][40.454s][info][gc,heap        ] GC(180) Tenured: 14542K(22464K)->14542K(22464K)
[2025-04-17T09:21:12.453+0000][40.454s][info][gc,metaspace   ] GC(180) Metaspace: 37233K(37632K)->37233K(37632K) NonClass: 32816K(33024K)->32816K(33024K) Class: 4417K(4608K)->4417K(4608K)
[2025-04-17T09:21:12.453+0000][40.454s][info][gc             ] GC(180) Pause Young (Allocation Failure) 23M->14M(31M) 1.473ms
[2025-04-17T09:21:12.453+0000][40.454s][info][gc,cpu         ] GC(180) User=0.00s Sys=0.00s Real=0.00s
[2025-04-17T09:21:12.600+0000][40.600s][info][gc,start       ] GC(181) Pause Young (Allocation Failure)
[2025-04-17T09:21:12.601+0000][40.602s][info][gc,heap        ] GC(181) DefNew: 9202K(10176K)->116K(10176K) Eden: 9088K(9088K)->0K(9088K) From: 114K(1088K)->116K(1088K)
[2025-04-17T09:21:12.601+0000][40.602s][info][gc,heap        ] GC(181) Tenured: 14542K(22464K)->14544K(22464K)
[2025-04-17T09:21:12.601+0000][40.602s][info][gc,metaspace   ] GC(181) Metaspace: 37233K(37632K)->37233K(37632K) NonClass: 32816K(33024K)->32816K(33024K) Class: 4417K(4608K)->4417K(4608K)
[2025-04-17T09:21:12.601+0000][40.602s][info][gc             ] GC(181) Pause Young (Allocation Failure) 23M->14M(31M) 1.566ms
[2025-04-17T09:21:12.601+0000][40.602s][info][gc,cpu         ] GC(181) User=0.00s Sys=0.00s Real=0.00s
[2025-04-17T09:21:12.736+0000][40.737s][info][gc,start       ] GC(182) Pause Young (Allocation Failure)
[2025-04-17T09:21:12.738+0000][40.738s][info][gc,heap        ] GC(182) DefNew: 9204K(10176K)->127K(10176K) Eden: 9088K(9088K)->0K(9088K) From: 116K(1088K)->127K(1088K)
[2025-04-17T09:21:12.738+0000][40.738s][info][gc,heap        ] GC(182) Tenured: 14544K(22464K)->14544K(22464K)
[2025-04-17T09:21:12.738+0000][40.738s][info][gc,metaspace   ] GC(182) Metaspace: 37233K(37632K)->37233K(37632K) NonClass: 32816K(33024K)->32816K(33024K) Class: 4417K(4608K)->4417K(4608K)
[2025-04-17T09:21:12.738+0000][40.738s][info][gc             ] GC(182) Pause Young (Allocation Failure) 23M->14M(31M) 1.552ms
[2025-04-17T09:21:12.738+0000][40.738s][info][gc,cpu         ] GC(182) User=0.01s Sys=0.00s Real=0.00s
[2025-04-17T09:21:12.900+0000][40.900s][info][gc,start       ] GC(183) Pause Young (Allocation Failure)
[2025-04-17T09:21:12.901+0000][40.902s][info][gc,heap        ] GC(183) DefNew: 9215K(10176K)->115K(10176K) Eden: 9088K(9088K)->0K(9088K) From: 127K(1088K)->115K(1088K)
[2025-04-17T09:21:12.901+0000][40.902s][info][gc,heap        ] GC(183) Tenured: 14544K(22464K)->14544K(22464K)
[2025-04-17T09:21:12.901+0000][40.902s][info][gc,metaspace   ] GC(183) Metaspace: 37233K(37632K)->37233K(37632K) NonClass: 32816K(33024K)->32816K(33024K) Class: 4417K(4608K)->4417K(4608K)
[2025-04-17T09:21:12.901+0000][40.902s][info][gc             ] GC(183) Pause Young (Allocation Failure) 23M->14M(31M) 1.626ms
[2025-04-17T09:21:12.901+0000][40.902s][info][gc,cpu         ] GC(183) User=0.01s Sys=0.00s Real=0.00s
[2025-04-17T09:21:13.037+0000][41.037s][info][gc,start       ] GC(184) Pause Young (Allocation Failure)
[2025-04-17T09:21:13.038+0000][41.039s][info][gc,heap        ] GC(184) DefNew: 9203K(10176K)->116K(10176K) Eden: 9088K(9088K)->0K(9088K) From: 115K(1088K)->116K(1088K)
[2025-04-17T09:21:13.038+0000][41.039s][info][gc,heap        ] GC(184) Tenured: 14544K(22464K)->14562K(22464K)
[2025-04-17T09:21:13.038+0000][41.039s][info][gc,metaspace   ] GC(184) Metaspace: 37233K(37632K)->37233K(37632K) NonClass: 32816K(33024K)->32816K(33024K) Class: 4417K(4608K)->4417K(4608K)
[2025-04-17T09:21:13.038+0000][41.039s][info][gc             ] GC(184) Pause Young (Allocation Failure) 23M->14M(31M) 1.542ms
[2025-04-17T09:21:13.038+0000][41.039s][info][gc,cpu         ] GC(184) User=0.00s Sys=0.00s Real=0.00s
[2025-04-17T09:21:13.175+0000][41.176s][info][gc,start       ] GC(185) Pause Young (Allocation Failure)
[2025-04-17T09:21:13.177+0000][41.177s][info][gc,heap        ] GC(185) DefNew: 9204K(10176K)->120K(10176K) Eden: 9088K(9088K)->0K(9088K) From: 116K(1088K)->120K(1088K)
[2025-04-17T09:21:13.177+0000][41.178s][info][gc,heap        ] GC(185) Tenured: 14562K(22464K)->14562K(22464K)
[2025-04-17T09:21:13.177+0000][41.178s][info][gc,metaspace   ] GC(185) Metaspace: 37233K(37632K)->37233K(37632K) NonClass: 32816K(33024K)->32816K(33024K) Class: 4417K(4608K)->4417K(4608K)
[2025-04-17T09:21:13.177+0000][41.178s][info][gc             ] GC(185) Pause Young (Allocation Failure) 23M->14M(31M) 1.564ms
[2025-04-17T09:21:13.177+0000][41.178s][info][gc,cpu         ] GC(185) User=0.00s Sys=0.00s Real=0.00s
[2025-04-17T09:21:13.331+0000][41.331s][info][gc,start       ] GC(186) Pause Young (Allocation Failure)
[2025-04-17T09:21:13.332+0000][41.333s][info][gc,heap        ] GC(186) DefNew: 9208K(10176K)->130K(10176K) Eden: 9088K(9088K)->0K(9088K) From: 120K(1088K)->130K(1088K)
[2025-04-17T09:21:13.332+0000][41.333s][info][gc,heap        ] GC(186) Tenured: 14562K(22464K)->14563K(22464K)
[2025-04-17T09:21:13.332+0000][41.333s][info][gc,metaspace   ] GC(186) Metaspace: 37233K(37632K)->37233K(37632K) NonClass: 32816K(33024K)->32816K(33024K) Class: 4417K(4608K)->4417K(4608K)
[2025-04-17T09:21:13.332+0000][41.333s][info][gc             ] GC(186) Pause Young (Allocation Failure) 23M->14M(31M) 1.507ms
[2025-04-17T09:21:13.332+0000][41.333s][info][gc,cpu         ] GC(186) User=0.00s Sys=0.00s Real=0.00s
[2025-04-17T09:21:13.476+0000][41.476s][info][gc,start       ] GC(187) Pause Young (Allocation Failure)
[2025-04-17T09:21:13.477+0000][41.478s][info][gc,heap        ] GC(187) DefNew: 9218K(10176K)->115K(10176K) Eden: 9087K(9088K)->0K(9088K) From: 130K(1088K)->115K(1088K)
[2025-04-17T09:21:13.477+0000][41.478s][info][gc,heap        ] GC(187) Tenured: 14563K(22464K)->14563K(22464K)
[2025-04-17T09:21:13.477+0000][41.478s][info][gc,metaspace   ] GC(187) Metaspace: 37238K(37632K)->37238K(37632K) NonClass: 32821K(33024K)->32821K(33024K) Class: 4417K(4608K)->4417K(4608K)
[2025-04-17T09:21:13.477+0000][41.478s][info][gc             ] GC(187) Pause Young (Allocation Failure) 23M->14M(31M) 1.562ms
[2025-04-17T09:21:13.477+0000][41.478s][info][gc,cpu         ] GC(187) User=0.00s Sys=0.00s Real=0.00s
[2025-04-17T09:21:13.617+0000][41.618s][info][gc,start       ] GC(188) Pause Young (Allocation Failure)
[2025-04-17T09:21:13.619+0000][41.619s][info][gc,heap        ] GC(188) DefNew: 9203K(10176K)->144K(10176K) Eden: 9087K(9088K)->0K(9088K) From: 115K(1088K)->144K(1088K)
[2025-04-17T09:21:13.619+0000][41.619s][info][gc,heap        ] GC(188) Tenured: 14563K(22464K)->14564K(22464K)
[2025-04-17T09:21:13.619+0000][41.619s][info][gc,metaspace   ] GC(188) Metaspace: 37238K(37632K)->37238K(37632K) NonClass: 32821K(33024K)->32821K(33024K) Class: 4417K(4608K)->4417K(4608K)
[2025-04-17T09:21:13.619+0000][41.619s][info][gc             ] GC(188) Pause Young (Allocation Failure) 23M->14M(31M) 1.822ms
[2025-04-17T09:21:13.619+0000][41.619s][info][gc,cpu         ] GC(188) User=0.00s Sys=0.00s Real=0.00s
[2025-04-17T09:21:13.771+0000][41.772s][info][gc,start       ] GC(189) Pause Young (Allocation Failure)
[2025-04-17T09:21:13.773+0000][41.773s][info][gc,heap        ] GC(189) DefNew: 9232K(10176K)->127K(10176K) Eden: 9088K(9088K)->0K(9088K) From: 144K(1088K)->127K(1088K)
[2025-04-17T09:21:13.773+0000][41.773s][info][gc,heap        ] GC(189) Tenured: 14564K(22464K)->14565K(22464K)
[2025-04-17T09:21:13.773+0000][41.773s][info][gc,metaspace   ] GC(189) Metaspace: 37238K(37632K)->37238K(37632K) NonClass: 32821K(33024K)->32821K(33024K) Class: 4417K(4608K)->4417K(4608K)
[2025-04-17T09:21:13.773+0000][41.773s][info][gc             ] GC(189) Pause Young (Allocation Failure) 23M->14M(31M) 1.613ms
[2025-04-17T09:21:13.773+0000][41.773s][info][gc,cpu         ] GC(189) User=0.00s Sys=0.01s Real=0.00s
[2025-04-17T09:21:13.894+0000][41.895s][info][gc,start       ] GC(190) Pause Young (Allocation Failure)
[2025-04-17T09:21:13.896+0000][41.897s][info][gc,heap        ] GC(190) DefNew: 9215K(10176K)->124K(10176K) Eden: 9088K(9088K)->0K(9088K) From: 127K(1088K)->124K(1088K)
[2025-04-17T09:21:13.896+0000][41.897s][info][gc,heap        ] GC(190) Tenured: 14565K(22464K)->14565K(22464K)
[2025-04-17T09:21:13.896+0000][41.897s][info][gc,metaspace   ] GC(190) Metaspace: 37238K(37632K)->37238K(37632K) NonClass: 32821K(33024K)->32821K(33024K) Class: 4417K(4608K)->4417K(4608K)
[2025-04-17T09:21:13.896+0000][41.897s][info][gc             ] GC(190) Pause Young (Allocation Failure) 23M->14M(31M) 1.531ms
[2025-04-17T09:21:13.896+0000][41.897s][info][gc,cpu         ] GC(190) User=0.00s Sys=0.00s Real=0.00s
[2025-04-17T09:21:14.043+0000][42.044s][info][gc,start       ] GC(191) Pause Young (Allocation Failure)
[2025-04-17T09:21:14.045+0000][42.045s][info][gc,heap        ] GC(191) DefNew: 9212K(10176K)->117K(10176K) Eden: 9088K(9088K)->0K(9088K) From: 124K(1088K)->117K(1088K)
[2025-04-17T09:21:14.045+0000][42.045s][info][gc,heap        ] GC(191) Tenured: 14565K(22464K)->14565K(22464K)
[2025-04-17T09:21:14.045+0000][42.045s][info][gc,metaspace   ] GC(191) Metaspace: 37238K(37632K)->37238K(37632K) NonClass: 32821K(33024K)->32821K(33024K) Class: 4417K(4608K)->4417K(4608K)
[2025-04-17T09:21:14.045+0000][42.045s][info][gc             ] GC(191) Pause Young (Allocation Failure) 23M->14M(31M) 1.585ms
[2025-04-17T09:21:14.045+0000][42.045s][info][gc,cpu         ] GC(191) User=0.00s Sys=0.00s Real=0.01s
[2025-04-17T09:21:14.201+0000][42.202s][info][gc,start       ] GC(192) Pause Young (Allocation Failure)
[2025-04-17T09:21:14.203+0000][42.203s][info][gc,heap        ] GC(192) DefNew: 9205K(10176K)->115K(10176K) Eden: 9088K(9088K)->0K(9088K) From: 117K(1088K)->115K(1088K)
[2025-04-17T09:21:14.203+0000][42.203s][info][gc,heap        ] GC(192) Tenured: 14565K(22464K)->14582K(22464K)
[2025-04-17T09:21:14.203+0000][42.203s][info][gc,metaspace   ] GC(192) Metaspace: 37238K(37632K)->37238K(37632K) NonClass: 32821K(33024K)->32821K(33024K) Class: 4417K(4608K)->4417K(4608K)
[2025-04-17T09:21:14.203+0000][42.203s][info][gc             ] GC(192) Pause Young (Allocation Failure) 23M->14M(31M) 1.430ms
[2025-04-17T09:21:14.203+0000][42.203s][info][gc,cpu         ] GC(192) User=0.00s Sys=0.00s Real=0.00s
[2025-04-17T09:21:14.322+0000][42.323s][info][gc,start       ] GC(193) Pause Young (Allocation Failure)
[2025-04-17T09:21:14.323+0000][42.324s][info][gc,heap        ] GC(193) DefNew: 9203K(10176K)->128K(10176K) Eden: 9088K(9088K)->0K(9088K) From: 115K(1088K)->128K(1088K)
[2025-04-17T09:21:14.323+0000][42.324s][info][gc,heap        ] GC(193) Tenured: 14582K(22464K)->14583K(22464K)
[2025-04-17T09:21:14.323+0000][42.324s][info][gc,metaspace   ] GC(193) Metaspace: 37238K(37632K)->37238K(37632K) NonClass: 32821K(33024K)->32821K(33024K) Class: 4417K(4608K)->4417K(4608K)
[2025-04-17T09:21:14.323+0000][42.324s][info][gc             ] GC(193) Pause Young (Allocation Failure) 23M->14M(31M) 1.539ms
[2025-04-17T09:21:14.323+0000][42.324s][info][gc,cpu         ] GC(193) User=0.00s Sys=0.00s Real=0.00s
[2025-04-17T09:21:14.466+0000][42.466s][info][gc,start       ] GC(194) Pause Young (Allocation Failure)
[2025-04-17T09:21:14.467+0000][42.468s][info][gc,heap        ] GC(194) DefNew: 9216K(10176K)->119K(10176K) Eden: 9088K(9088K)->0K(9088K) From: 128K(1088K)->119K(1088K)
[2025-04-17T09:21:14.467+0000][42.468s][info][gc,heap        ] GC(194) Tenured: 14583K(22464K)->14585K(22464K)
[2025-04-17T09:21:14.467+0000][42.468s][info][gc,metaspace   ] GC(194) Metaspace: 37238K(37632K)->37238K(37632K) NonClass: 32821K(33024K)->32821K(33024K) Class: 4417K(4608K)->4417K(4608K)
[2025-04-17T09:21:14.467+0000][42.468s][info][gc             ] GC(194) Pause Young (Allocation Failure) 23M->14M(31M) 1.520ms
[2025-04-17T09:21:14.467+0000][42.468s][info][gc,cpu         ] GC(194) User=0.00s Sys=0.00s Real=0.00s
[2025-04-17T09:21:14.616+0000][42.617s][info][gc,start       ] GC(195) Pause Young (Allocation Failure)
[2025-04-17T09:21:14.618+0000][42.619s][info][gc,heap        ] GC(195) DefNew: 9207K(10176K)->149K(10176K) Eden: 9088K(9088K)->0K(9088K) From: 119K(1088K)->149K(1088K)
[2025-04-17T09:21:14.618+0000][42.619s][info][gc,heap        ] GC(195) Tenured: 14585K(22464K)->14585K(22464K)
[2025-04-17T09:21:14.618+0000][42.619s][info][gc,metaspace   ] GC(195) Metaspace: 37238K(37632K)->37238K(37632K) NonClass: 32821K(33024K)->32821K(33024K) Class: 4417K(4608K)->4417K(4608K)
[2025-04-17T09:21:14.618+0000][42.619s][info][gc             ] GC(195) Pause Young (Allocation Failure) 23M->14M(31M) 2.078ms
[2025-04-17T09:21:14.618+0000][42.619s][info][gc,cpu         ] GC(195) User=0.00s Sys=0.00s Real=0.00s
[2025-04-17T09:21:14.755+0000][42.756s][info][gc,start       ] GC(196) Pause Young (Allocation Failure)
[2025-04-17T09:21:14.757+0000][42.757s][info][gc,heap        ] GC(196) DefNew: 9230K(10176K)->123K(10176K) Eden: 9081K(9088K)->0K(9088K) From: 149K(1088K)->123K(1088K)
[2025-04-17T09:21:14.757+0000][42.757s][info][gc,heap        ] GC(196) Tenured: 14585K(22464K)->14585K(22464K)
[2025-04-17T09:21:14.757+0000][42.757s][info][gc,metaspace   ] GC(196) Metaspace: 37238K(37632K)->37238K(37632K) NonClass: 32821K(33024K)->32821K(33024K) Class: 4417K(4608K)->4417K(4608K)
[2025-04-17T09:21:14.757+0000][42.757s][info][gc             ] GC(196) Pause Young (Allocation Failure) 23M->14M(31M) 1.467ms
[2025-04-17T09:21:14.757+0000][42.757s][info][gc,cpu         ] GC(196) User=0.00s Sys=0.00s Real=0.00s
[2025-04-17T09:21:14.882+0000][42.883s][info][gc,start       ] GC(197) Pause Young (Allocation Failure)
[2025-04-17T09:21:14.884+0000][42.884s][info][gc,heap        ] GC(197) DefNew: 9211K(10176K)->115K(10176K) Eden: 9088K(9088K)->0K(9088K) From: 123K(1088K)->115K(1088K)
[2025-04-17T09:21:14.884+0000][42.884s][info][gc,heap        ] GC(197) Tenured: 14585K(22464K)->14585K(22464K)
[2025-04-17T09:21:14.884+0000][42.884s][info][gc,metaspace   ] GC(197) Metaspace: 37238K(37632K)->37238K(37632K) NonClass: 32821K(33024K)->32821K(33024K) Class: 4417K(4608K)->4417K(4608K)
[2025-04-17T09:21:14.884+0000][42.884s][info][gc             ] GC(197) Pause Young (Allocation Failure) 23M->14M(31M) 1.625ms
[2025-04-17T09:21:14.884+0000][42.884s][info][gc,cpu         ] GC(197) User=0.00s Sys=0.01s Real=0.00s
[2025-04-17T09:21:15.025+0000][43.026s][info][gc,start       ] GC(198) Pause Young (Allocation Failure)
[2025-04-17T09:21:15.027+0000][43.028s][info][gc,heap        ] GC(198) DefNew: 9189K(10176K)->118K(10176K) Eden: 9074K(9088K)->0K(9088K) From: 115K(1088K)->118K(1088K)
[2025-04-17T09:21:15.027+0000][43.028s][info][gc,heap        ] GC(198) Tenured: 14585K(22464K)->14585K(22464K)
[2025-04-17T09:21:15.027+0000][43.028s][info][gc,metaspace   ] GC(198) Metaspace: 37238K(37632K)->37238K(37632K) NonClass: 32821K(33024K)->32821K(33024K) Class: 4417K(4608K)->4417K(4608K)
[2025-04-17T09:21:15.027+0000][43.028s][info][gc             ] GC(198) Pause Young (Allocation Failure) 23M->14M(31M) 1.496ms
[2025-04-17T09:21:15.027+0000][43.028s][info][gc,cpu         ] GC(198) User=0.00s Sys=0.00s Real=0.00s
[2025-04-17T09:21:15.169+0000][43.170s][info][gc,start       ] GC(199) Pause Young (Allocation Failure)
[2025-04-17T09:21:15.172+0000][43.172s][info][gc,heap        ] GC(199) DefNew: 9206K(10176K)->137K(10176K) Eden: 9088K(9088K)->0K(9088K) From: 118K(1088K)->137K(1088K)
[2025-04-17T09:21:15.172+0000][43.172s][info][gc,heap        ] GC(199) Tenured: 14585K(22464K)->14586K(22464K)
[2025-04-17T09:21:15.172+0000][43.172s][info][gc,metaspace   ] GC(199) Metaspace: 37238K(37632K)->37238K(37632K) NonClass: 32821K(33024K)->32821K(33024K) Class: 4417K(4608K)->4417K(4608K)
[2025-04-17T09:21:15.172+0000][43.172s][info][gc             ] GC(199) Pause Young (Allocation Failure) 23M->14M(31M) 2.304ms
[2025-04-17T09:21:15.172+0000][43.172s][info][gc,cpu         ] GC(199) User=0.00s Sys=0.00s Real=0.00s
[2025-04-17T09:21:15.308+0000][43.308s][info][gc,start       ] GC(200) Pause Young (Allocation Failure)
[2025-04-17T09:21:15.309+0000][43.310s][info][gc,heap        ] GC(200) DefNew: 9225K(10176K)->97K(10176K) Eden: 9087K(9088K)->0K(9088K) From: 137K(1088K)->97K(1088K)
[2025-04-17T09:21:15.309+0000][43.310s][info][gc,heap        ] GC(200) Tenured: 14586K(22464K)->14603K(22464K)
[2025-04-17T09:21:15.309+0000][43.310s][info][gc,metaspace   ] GC(200) Metaspace: 37238K(37632K)->37238K(37632K) NonClass: 32821K(33024K)->32821K(33024K) Class: 4417K(4608K)->4417K(4608K)
[2025-04-17T09:21:15.309+0000][43.310s][info][gc             ] GC(200) Pause Young (Allocation Failure) 23M->14M(31M) 1.640ms
[2025-04-17T09:21:15.309+0000][43.310s][info][gc,cpu         ] GC(200) User=0.01s Sys=0.00s Real=0.00s
[2025-04-17T09:21:15.443+0000][43.444s][info][gc,start       ] GC(201) Pause Young (Allocation Failure)
[2025-04-17T09:21:15.445+0000][43.446s][info][gc,heap        ] GC(201) DefNew: 9185K(10176K)->119K(10176K) Eden: 9088K(9088K)->0K(9088K) From: 97K(1088K)->119K(1088K)
[2025-04-17T09:21:15.445+0000][43.446s][info][gc,heap        ] GC(201) Tenured: 14603K(22464K)->14603K(22464K)
[2025-04-17T09:21:15.445+0000][43.446s][info][gc,metaspace   ] GC(201) Metaspace: 37238K(37632K)->37238K(37632K) NonClass: 32821K(33024K)->32821K(33024K) Class: 4417K(4608K)->4417K(4608K)
[2025-04-17T09:21:15.445+0000][43.446s][info][gc             ] GC(201) Pause Young (Allocation Failure) 23M->14M(31M) 1.745ms
[2025-04-17T09:21:15.445+0000][43.446s][info][gc,cpu         ] GC(201) User=0.00s Sys=0.00s Real=0.01s
[2025-04-17T09:21:15.565+0000][43.566s][info][gc,start       ] GC(202) Pause Young (Allocation Failure)
[2025-04-17T09:21:15.567+0000][43.567s][info][gc,heap        ] GC(202) DefNew: 9207K(10176K)->116K(10176K) Eden: 9088K(9088K)->0K(9088K) From: 119K(1088K)->116K(1088K)
[2025-04-17T09:21:15.567+0000][43.567s][info][gc,heap        ] GC(202) Tenured: 14603K(22464K)->14605K(22464K)
[2025-04-17T09:21:15.567+0000][43.567s][info][gc,metaspace   ] GC(202) Metaspace: 37238K(37632K)->37238K(37632K) NonClass: 32821K(33024K)->32821K(33024K) Class: 4417K(4608K)->4417K(4608K)
[2025-04-17T09:21:15.567+0000][43.567s][info][gc             ] GC(202) Pause Young (Allocation Failure) 23M->14M(31M) 1.443ms
[2025-04-17T09:21:15.567+0000][43.567s][info][gc,cpu         ] GC(202) User=0.00s Sys=0.00s Real=0.00s
[2025-04-17T09:21:15.715+0000][43.716s][info][gc,start       ] GC(203) Pause Young (Allocation Failure)
[2025-04-17T09:21:15.717+0000][43.717s][info][gc,heap        ] GC(203) DefNew: 9204K(10176K)->138K(10176K) Eden: 9087K(9088K)->0K(9088K) From: 116K(1088K)->138K(1088K)
[2025-04-17T09:21:15.717+0000][43.717s][info][gc,heap        ] GC(203) Tenured: 14605K(22464K)->14607K(22464K)
[2025-04-17T09:21:15.717+0000][43.717s][info][gc,metaspace   ] GC(203) Metaspace: 37238K(37632K)->37238K(37632K) NonClass: 32821K(33024K)->32821K(33024K) Class: 4417K(4608K)->4417K(4608K)
[2025-04-17T09:21:15.717+0000][43.717s][info][gc             ] GC(203) Pause Young (Allocation Failure) 23M->14M(31M) 1.512ms
[2025-04-17T09:21:15.717+0000][43.717s][info][gc,cpu         ] GC(203) User=0.01s Sys=0.00s Real=0.00s
[2025-04-17T09:21:15.856+0000][43.857s][info][gc,start       ] GC(204) Pause Young (Allocation Failure)
[2025-04-17T09:21:15.858+0000][43.859s][info][gc,heap        ] GC(204) DefNew: 9226K(10176K)->117K(10176K) Eden: 9088K(9088K)->0K(9088K) From: 138K(1088K)->117K(1088K)
[2025-04-17T09:21:15.858+0000][43.859s][info][gc,heap        ] GC(204) Tenured: 14607K(22464K)->14607K(22464K)
[2025-04-17T09:21:15.858+0000][43.859s][info][gc,metaspace   ] GC(204) Metaspace: 37238K(37632K)->37238K(37632K) NonClass: 32821K(33024K)->32821K(33024K) Class: 4417K(4608K)->4417K(4608K)
[2025-04-17T09:21:15.858+0000][43.859s][info][gc             ] GC(204) Pause Young (Allocation Failure) 23M->14M(31M) 1.699ms
[2025-04-17T09:21:15.858+0000][43.859s][info][gc,cpu         ] GC(204) User=0.00s Sys=0.00s Real=0.00s
[2025-04-17T09:21:15.992+0000][43.993s][info][gc,start       ] GC(205) Pause Young (Allocation Failure)
[2025-04-17T09:21:15.993+0000][43.994s][info][gc,heap        ] GC(205) DefNew: 9205K(10176K)->120K(10176K) Eden: 9087K(9088K)->0K(9088K) From: 117K(1088K)->120K(1088K)
[2025-04-17T09:21:15.994+0000][43.994s][info][gc,heap        ] GC(205) Tenured: 14607K(22464K)->14607K(22464K)
[2025-04-17T09:21:15.994+0000][43.994s][info][gc,metaspace   ] GC(205) Metaspace: 37238K(37632K)->37238K(37632K) NonClass: 32821K(33024K)->32821K(33024K) Class: 4417K(4608K)->4417K(4608K)
[2025-04-17T09:21:15.994+0000][43.994s][info][gc             ] GC(205) Pause Young (Allocation Failure) 23M->14M(31M) 1.521ms
[2025-04-17T09:21:15.994+0000][43.994s][info][gc,cpu         ] GC(205) User=0.00s Sys=0.00s Real=0.00s
[2025-04-17T09:21:16.127+0000][44.127s][info][gc,start       ] GC(206) Pause Young (Allocation Failure)
[2025-04-17T09:21:16.128+0000][44.129s][info][gc,heap        ] GC(206) DefNew: 9208K(10176K)->136K(10176K) Eden: 9088K(9088K)->0K(9088K) From: 120K(1088K)->136K(1088K)
[2025-04-17T09:21:16.128+0000][44.129s][info][gc,heap        ] GC(206) Tenured: 14607K(22464K)->14608K(22464K)
[2025-04-17T09:21:16.128+0000][44.129s][info][gc,metaspace   ] GC(206) Metaspace: 37238K(37632K)->37238K(37632K) NonClass: 32821K(33024K)->32821K(33024K) Class: 4417K(4608K)->4417K(4608K)
[2025-04-17T09:21:16.128+0000][44.129s][info][gc             ] GC(206) Pause Young (Allocation Failure) 23M->14M(31M) 1.640ms
[2025-04-17T09:21:16.128+0000][44.129s][info][gc,cpu         ] GC(206) User=0.00s Sys=0.00s Real=0.00s
[2025-04-17T09:21:16.249+0000][44.250s][info][gc,start       ] GC(207) Pause Young (Allocation Failure)
[2025-04-17T09:21:16.251+0000][44.251s][info][gc,heap        ] GC(207) DefNew: 9224K(10176K)->117K(10176K) Eden: 9088K(9088K)->0K(9088K) From: 136K(1088K)->117K(1088K)
[2025-04-17T09:21:16.251+0000][44.251s][info][gc,heap        ] GC(207) Tenured: 14608K(22464K)->14608K(22464K)
[2025-04-17T09:21:16.251+0000][44.251s][info][gc,metaspace   ] GC(207) Metaspace: 37238K(37632K)->37238K(37632K) NonClass: 32821K(33024K)->32821K(33024K) Class: 4417K(4608K)->4417K(4608K)
[2025-04-17T09:21:16.251+0000][44.251s][info][gc             ] GC(207) Pause Young (Allocation Failure) 23M->14M(31M) 1.531ms
[2025-04-17T09:21:16.251+0000][44.251s][info][gc,cpu         ] GC(207) User=0.00s Sys=0.00s Real=0.00s
[2025-04-17T09:21:16.379+0000][44.379s][info][gc,start       ] GC(208) Pause Young (Allocation Failure)
[2025-04-17T09:21:16.380+0000][44.381s][info][gc,heap        ] GC(208) DefNew: 9203K(10176K)->100K(10176K) Eden: 9085K(9088K)->0K(9088K) From: 117K(1088K)->100K(1088K)
[2025-04-17T09:21:16.380+0000][44.381s][info][gc,heap        ] GC(208) Tenured: 14608K(22464K)->14626K(22464K)
[2025-04-17T09:21:16.380+0000][44.381s][info][gc,metaspace   ] GC(208) Metaspace: 37238K(37632K)->37238K(37632K) NonClass: 32821K(33024K)->32821K(33024K) Class: 4417K(4608K)->4417K(4608K)
[2025-04-17T09:21:16.380+0000][44.381s][info][gc             ] GC(208) Pause Young (Allocation Failure) 23M->14M(31M) 1.448ms
[2025-04-17T09:21:16.380+0000][44.381s][info][gc,cpu         ] GC(208) User=0.01s Sys=0.00s Real=0.00s
[2025-04-17T09:21:16.532+0000][44.533s][info][gc,start       ] GC(209) Pause Young (Allocation Failure)
[2025-04-17T09:21:16.534+0000][44.534s][info][gc,heap        ] GC(209) DefNew: 9188K(10176K)->118K(10176K) Eden: 9088K(9088K)->0K(9088K) From: 100K(1088K)->118K(1088K)
[2025-04-17T09:21:16.534+0000][44.534s][info][gc,heap        ] GC(209) Tenured: 14626K(22464K)->14626K(22464K)
[2025-04-17T09:21:16.534+0000][44.534s][info][gc,metaspace   ] GC(209) Metaspace: 37238K(37632K)->37238K(37632K) NonClass: 32821K(33024K)->32821K(33024K) Class: 4417K(4608K)->4417K(4608K)
[2025-04-17T09:21:16.534+0000][44.534s][info][gc             ] GC(209) Pause Young (Allocation Failure) 23M->14M(31M) 1.455ms
[2025-04-17T09:21:16.534+0000][44.534s][info][gc,cpu         ] GC(209) User=0.00s Sys=0.00s Real=0.00s
[2025-04-17T09:21:16.653+0000][44.654s][info][gc,start       ] GC(210) Pause Young (Allocation Failure)
[2025-04-17T09:21:16.655+0000][44.655s][info][gc,heap        ] GC(210) DefNew: 9206K(10176K)->118K(10176K) Eden: 9088K(9088K)->0K(9088K) From: 118K(1088K)->118K(1088K)
[2025-04-17T09:21:16.655+0000][44.655s][info][gc,heap        ] GC(210) Tenured: 14626K(22464K)->14626K(22464K)
[2025-04-17T09:21:16.655+0000][44.655s][info][gc,metaspace   ] GC(210) Metaspace: 37238K(37632K)->37238K(37632K) NonClass: 32821K(33024K)->32821K(33024K) Class: 4417K(4608K)->4417K(4608K)
[2025-04-17T09:21:16.655+0000][44.655s][info][gc             ] GC(210) Pause Young (Allocation Failure) 23M->14M(31M) 1.554ms
[2025-04-17T09:21:16.655+0000][44.655s][info][gc,cpu         ] GC(210) User=0.00s Sys=0.00s Real=0.01s
[2025-04-17T09:21:16.785+0000][44.786s][info][gc,start       ] GC(211) Pause Young (Allocation Failure)
[2025-04-17T09:21:16.787+0000][44.788s][info][gc,heap        ] GC(211) DefNew: 9206K(10176K)->151K(10176K) Eden: 9088K(9088K)->0K(9088K) From: 118K(1088K)->151K(1088K)
[2025-04-17T09:21:16.787+0000][44.788s][info][gc,heap        ] GC(211) Tenured: 14626K(22464K)->14628K(22464K)
[2025-04-17T09:21:16.787+0000][44.788s][info][gc,metaspace   ] GC(211) Metaspace: 37238K(37632K)->37238K(37632K) NonClass: 32821K(33024K)->32821K(33024K) Class: 4417K(4608K)->4417K(4608K)
[2025-04-17T09:21:16.787+0000][44.788s][info][gc             ] GC(211) Pause Young (Allocation Failure) 23M->14M(31M) 1.670ms
[2025-04-17T09:21:16.787+0000][44.788s][info][gc,cpu         ] GC(211) User=0.00s Sys=0.00s Real=0.00s
[2025-04-17T09:21:16.907+0000][44.908s][info][gc,start       ] GC(212) Pause Young (Allocation Failure)
[2025-04-17T09:21:16.909+0000][44.909s][info][gc,heap        ] GC(212) DefNew: 9239K(10176K)->125K(10176K) Eden: 9088K(9088K)->0K(9088K) From: 151K(1088K)->125K(1088K)
[2025-04-17T09:21:16.909+0000][44.909s][info][gc,heap        ] GC(212) Tenured: 14628K(22464K)->14628K(22464K)
[2025-04-17T09:21:16.909+0000][44.909s][info][gc,metaspace   ] GC(212) Metaspace: 37238K(37632K)->37238K(37632K) NonClass: 32821K(33024K)->32821K(33024K) Class: 4417K(4608K)->4417K(4608K)
[2025-04-17T09:21:16.909+0000][44.909s][info][gc             ] GC(212) Pause Young (Allocation Failure) 23M->14M(31M) 1.467ms
[2025-04-17T09:21:16.909+0000][44.909s][info][gc,cpu         ] GC(212) User=0.00s Sys=0.00s Real=0.00s
[2025-04-17T09:21:17.035+0000][45.036s][info][gc,start       ] GC(213) Pause Young (Allocation Failure)
[2025-04-17T09:21:17.037+0000][45.037s][info][gc,heap        ] GC(213) DefNew: 9213K(10176K)->118K(10176K) Eden: 9088K(9088K)->0K(9088K) From: 125K(1088K)->118K(1088K)
[2025-04-17T09:21:17.037+0000][45.037s][info][gc,heap        ] GC(213) Tenured: 14628K(22464K)->14628K(22464K)
[2025-04-17T09:21:17.037+0000][45.037s][info][gc,metaspace   ] GC(213) Metaspace: 37238K(37632K)->37238K(37632K) NonClass: 32821K(33024K)->32821K(33024K) Class: 4417K(4608K)->4417K(4608K)
[2025-04-17T09:21:17.037+0000][45.038s][info][gc             ] GC(213) Pause Young (Allocation Failure) 23M->14M(31M) 1.496ms
[2025-04-17T09:21:17.037+0000][45.038s][info][gc,cpu         ] GC(213) User=0.00s Sys=0.00s Real=0.00s
[2025-04-17T09:21:17.183+0000][45.184s][info][gc,start       ] GC(214) Pause Young (Allocation Failure)
[2025-04-17T09:21:17.185+0000][45.185s][info][gc,heap        ] GC(214) DefNew: 9206K(10176K)->129K(10176K) Eden: 9088K(9088K)->0K(9088K) From: 118K(1088K)->129K(1088K)
[2025-04-17T09:21:17.185+0000][45.185s][info][gc,heap        ] GC(214) Tenured: 14628K(22464K)->14629K(22464K)
[2025-04-17T09:21:17.185+0000][45.185s][info][gc,metaspace   ] GC(214) Metaspace: 37238K(37632K)->37238K(37632K) NonClass: 32821K(33024K)->32821K(33024K) Class: 4417K(4608K)->4417K(4608K)
[2025-04-17T09:21:17.185+0000][45.185s][info][gc             ] GC(214) Pause Young (Allocation Failure) 23M->14M(31M) 1.552ms
[2025-04-17T09:21:17.185+0000][45.185s][info][gc,cpu         ] GC(214) User=0.00s Sys=0.00s Real=0.01s
[2025-04-17T09:21:17.345+0000][45.346s][info][gc,start       ] GC(215) Pause Young (Allocation Failure)
[2025-04-17T09:21:17.348+0000][45.348s][info][gc,heap        ] GC(215) DefNew: 9217K(10176K)->167K(10176K) Eden: 9088K(9088K)->0K(9088K) From: 129K(1088K)->167K(1088K)
[2025-04-17T09:21:17.348+0000][45.348s][info][gc,heap        ] GC(215) Tenured: 14629K(22464K)->14629K(22464K)
[2025-04-17T09:21:17.348+0000][45.348s][info][gc,metaspace   ] GC(215) Metaspace: 37238K(37632K)->37238K(37632K) NonClass: 32821K(33024K)->32821K(33024K) Class: 4417K(4608K)->4417K(4608K)
[2025-04-17T09:21:17.348+0000][45.348s][info][gc             ] GC(215) Pause Young (Allocation Failure) 23M->14M(31M) 2.778ms
[2025-04-17T09:21:17.349+0000][45.350s][info][gc,cpu         ] GC(215) User=0.00s Sys=0.00s Real=0.00s
[2025-04-17T09:21:17.465+0000][45.466s][info][gc,start       ] GC(216) Pause Young (Allocation Failure)
[2025-04-17T09:21:17.467+0000][45.467s][info][gc,heap        ] GC(216) DefNew: 9252K(10176K)->153K(10176K) Eden: 9084K(9088K)->0K(9088K) From: 167K(1088K)->153K(1088K)
[2025-04-17T09:21:17.467+0000][45.467s][info][gc,heap        ] GC(216) Tenured: 14629K(22464K)->14630K(22464K)
[2025-04-17T09:21:17.467+0000][45.467s][info][gc,metaspace   ] GC(216) Metaspace: 37238K(37632K)->37238K(37632K) NonClass: 32821K(33024K)->32821K(33024K) Class: 4417K(4608K)->4417K(4608K)
[2025-04-17T09:21:17.467+0000][45.467s][info][gc             ] GC(216) Pause Young (Allocation Failure) 23M->14M(31M) 1.485ms
[2025-04-17T09:21:17.467+0000][45.467s][info][gc,cpu         ] GC(216) User=0.01s Sys=0.00s Real=0.00s
[2025-04-17T09:21:17.606+0000][45.606s][info][gc,start       ] GC(217) Pause Young (Allocation Failure)
[2025-04-17T09:21:17.607+0000][45.608s][info][gc,heap        ] GC(217) DefNew: 9241K(10176K)->162K(10176K) Eden: 9087K(9088K)->0K(9088K) From: 153K(1088K)->162K(1088K)
[2025-04-17T09:21:17.607+0000][45.608s][info][gc,heap        ] GC(217) Tenured: 14630K(22464K)->14649K(22464K)
[2025-04-17T09:21:17.607+0000][45.608s][info][gc,metaspace   ] GC(217) Metaspace: 37239K(37632K)->37239K(37632K) NonClass: 32821K(33024K)->32821K(33024K) Class: 4417K(4608K)->4417K(4608K)
[2025-04-17T09:21:17.607+0000][45.608s][info][gc             ] GC(217) Pause Young (Allocation Failure) 23M->14M(31M) 1.570ms
[2025-04-17T09:21:17.607+0000][45.608s][info][gc,cpu         ] GC(217) User=0.00s Sys=0.00s Real=0.00s
[2025-04-17T09:21:17.723+0000][45.723s][info][gc,start       ] GC(218) Pause Young (Allocation Failure)
[2025-04-17T09:21:17.724+0000][45.725s][info][gc,heap        ] GC(218) DefNew: 9250K(10176K)->179K(10176K) Eden: 9088K(9088K)->0K(9088K) From: 162K(1088K)->179K(1088K)
[2025-04-17T09:21:17.724+0000][45.725s][info][gc,heap        ] GC(218) Tenured: 14649K(22464K)->14650K(22464K)
[2025-04-17T09:21:17.724+0000][45.725s][info][gc,metaspace   ] GC(218) Metaspace: 37239K(37632K)->37239K(37632K) NonClass: 32821K(33024K)->32821K(33024K) Class: 4417K(4608K)->4417K(4608K)
[2025-04-17T09:21:17.724+0000][45.725s][info][gc             ] GC(218) Pause Young (Allocation Failure) 23M->14M(31M) 1.652ms
[2025-04-17T09:21:17.724+0000][45.725s][info][gc,cpu         ] GC(218) User=0.01s Sys=0.00s Real=0.01s
[2025-04-17T09:21:17.840+0000][45.841s][info][gc,start       ] GC(219) Pause Young (Allocation Failure)
[2025-04-17T09:21:17.841+0000][45.842s][info][gc,heap        ] GC(219) DefNew: 9267K(10176K)->163K(10176K) Eden: 9088K(9088K)->0K(9088K) From: 179K(1088K)->163K(1088K)
[2025-04-17T09:21:17.841+0000][45.842s][info][gc,heap        ] GC(219) Tenured: 14650K(22464K)->14650K(22464K)
[2025-04-17T09:21:17.841+0000][45.842s][info][gc,metaspace   ] GC(219) Metaspace: 37239K(37632K)->37239K(37632K) NonClass: 32821K(33024K)->32821K(33024K) Class: 4417K(4608K)->4417K(4608K)
[2025-04-17T09:21:17.841+0000][45.842s][info][gc             ] GC(219) Pause Young (Allocation Failure) 23M->14M(31M) 1.547ms
[2025-04-17T09:21:17.841+0000][45.842s][info][gc,cpu         ] GC(219) User=0.00s Sys=0.00s Real=0.00s
[2025-04-17T09:21:17.957+0000][45.958s][info][gc,start       ] GC(220) Pause Young (Allocation Failure)
[2025-04-17T09:21:17.959+0000][45.959s][info][gc,heap        ] GC(220) DefNew: 9251K(10176K)->156K(10176K) Eden: 9088K(9088K)->0K(9088K) From: 163K(1088K)->156K(1088K)
[2025-04-17T09:21:17.959+0000][45.959s][info][gc,heap        ] GC(220) Tenured: 14650K(22464K)->14653K(22464K)
[2025-04-17T09:21:17.959+0000][45.959s][info][gc,metaspace   ] GC(220) Metaspace: 37239K(37632K)->37239K(37632K) NonClass: 32821K(33024K)->32821K(33024K) Class: 4417K(4608K)->4417K(4608K)
[2025-04-17T09:21:17.959+0000][45.959s][info][gc             ] GC(220) Pause Young (Allocation Failure) 23M->14M(31M) 1.535ms
[2025-04-17T09:21:17.959+0000][45.959s][info][gc,cpu         ] GC(220) User=0.00s Sys=0.00s Real=0.00s
[2025-04-17T09:21:18.116+0000][46.117s][info][gc,start       ] GC(221) Pause Young (Allocation Failure)
[2025-04-17T09:21:18.118+0000][46.119s][info][gc,heap        ] GC(221) DefNew: 9244K(10176K)->149K(10176K) Eden: 9088K(9088K)->0K(9088K) From: 156K(1088K)->149K(1088K)
[2025-04-17T09:21:18.118+0000][46.119s][info][gc,heap        ] GC(221) Tenured: 14653K(22464K)->14654K(22464K)
[2025-04-17T09:21:18.118+0000][46.119s][info][gc,metaspace   ] GC(221) Metaspace: 37254K(37632K)->37254K(37632K) NonClass: 32834K(33024K)->32834K(33024K) Class: 4420K(4608K)->4420K(4608K)
[2025-04-17T09:21:18.118+0000][46.119s][info][gc             ] GC(221) Pause Young (Allocation Failure) 23M->14M(31M) 1.851ms
[2025-04-17T09:21:18.118+0000][46.119s][info][gc,cpu         ] GC(221) User=0.01s Sys=0.00s Real=0.00s
[2025-04-17T09:21:18.253+0000][46.254s][info][gc,start       ] GC(222) Pause Young (Allocation Failure)
[2025-04-17T09:21:18.256+0000][46.256s][info][gc,heap        ] GC(222) DefNew: 9237K(10176K)->198K(10176K) Eden: 9088K(9088K)->0K(9088K) From: 149K(1088K)->198K(1088K)
[2025-04-17T09:21:18.256+0000][46.256s][info][gc,heap        ] GC(222) Tenured: 14654K(22464K)->14654K(22464K)
[2025-04-17T09:21:18.256+0000][46.256s][info][gc,metaspace   ] GC(222) Metaspace: 37254K(37632K)->37254K(37632K) NonClass: 32834K(33024K)->32834K(33024K) Class: 4420K(4608K)->4420K(4608K)
[2025-04-17T09:21:18.256+0000][46.256s][info][gc             ] GC(222) Pause Young (Allocation Failure) 23M->14M(31M) 2.693ms
[2025-04-17T09:21:18.257+0000][46.258s][info][gc,cpu         ] GC(222) User=0.00s Sys=0.00s Real=0.01s
[2025-04-17T09:21:18.372+0000][46.373s][info][gc,start       ] GC(223) Pause Young (Allocation Failure)
[2025-04-17T09:21:18.374+0000][46.375s][info][gc,heap        ] GC(223) DefNew: 9285K(10176K)->141K(10176K) Eden: 9086K(9088K)->0K(9088K) From: 198K(1088K)->141K(1088K)
[2025-04-17T09:21:18.374+0000][46.375s][info][gc,heap        ] GC(223) Tenured: 14654K(22464K)->14654K(22464K)
[2025-04-17T09:21:18.374+0000][46.375s][info][gc,metaspace   ] GC(223) Metaspace: 37254K(37632K)->37254K(37632K) NonClass: 32834K(33024K)->32834K(33024K) Class: 4420K(4608K)->4420K(4608K)
[2025-04-17T09:21:18.374+0000][46.375s][info][gc             ] GC(223) Pause Young (Allocation Failure) 23M->14M(31M) 1.540ms
[2025-04-17T09:21:18.374+0000][46.375s][info][gc,cpu         ] GC(223) User=0.00s Sys=0.00s Real=0.00s
[2025-04-17T09:21:18.484+0000][46.485s][info][gc,start       ] GC(224) Pause Young (Allocation Failure)
[2025-04-17T09:21:18.486+0000][46.486s][info][gc,heap        ] GC(224) DefNew: 9229K(10176K)->169K(10176K) Eden: 9088K(9088K)->0K(9088K) From: 141K(1088K)->169K(1088K)
[2025-04-17T09:21:18.486+0000][46.486s][info][gc,heap        ] GC(224) Tenured: 14654K(22464K)->14654K(22464K)
[2025-04-17T09:21:18.486+0000][46.486s][info][gc,metaspace   ] GC(224) Metaspace: 37254K(37632K)->37254K(37632K) NonClass: 32834K(33024K)->32834K(33024K) Class: 4420K(4608K)->4420K(4608K)
[2025-04-17T09:21:18.486+0000][46.486s][info][gc             ] GC(224) Pause Young (Allocation Failure) 23M->14M(31M) 1.631ms
[2025-04-17T09:21:18.486+0000][46.487s][info][gc,cpu         ] GC(224) User=0.00s Sys=0.00s Real=0.00s
[2025-04-17T09:21:18.621+0000][46.621s][info][gc,start       ] GC(225) Pause Young (Allocation Failure)
[2025-04-17T09:21:18.622+0000][46.623s][info][gc,heap        ] GC(225) DefNew: 9244K(10176K)->155K(10176K) Eden: 9074K(9088K)->0K(9088K) From: 169K(1088K)->155K(1088K)
[2025-04-17T09:21:18.622+0000][46.623s][info][gc,heap        ] GC(225) Tenured: 14654K(22464K)->14654K(22464K)
[2025-04-17T09:21:18.622+0000][46.623s][info][gc,metaspace   ] GC(225) Metaspace: 37254K(37632K)->37254K(37632K) NonClass: 32834K(33024K)->32834K(33024K) Class: 4420K(4608K)->4420K(4608K)
[2025-04-17T09:21:18.622+0000][46.623s][info][gc             ] GC(225) Pause Young (Allocation Failure) 23M->14M(31M) 1.586ms
[2025-04-17T09:21:18.622+0000][46.623s][info][gc,cpu         ] GC(225) User=0.01s Sys=0.00s Real=0.00s
[2025-04-17T09:21:18.743+0000][46.743s][info][gc,start       ] GC(226) Pause Young (Allocation Failure)
[2025-04-17T09:21:18.744+0000][46.745s][info][gc,heap        ] GC(226) DefNew: 9243K(10176K)->163K(10176K) Eden: 9088K(9088K)->0K(9088K) From: 155K(1088K)->163K(1088K)
[2025-04-17T09:21:18.744+0000][46.745s][info][gc,heap        ] GC(226) Tenured: 14654K(22464K)->14655K(22464K)
[2025-04-17T09:21:18.744+0000][46.745s][info][gc,metaspace   ] GC(226) Metaspace: 37254K(37632K)->37254K(37632K) NonClass: 32834K(33024K)->32834K(33024K) Class: 4420K(4608K)->4420K(4608K)
[2025-04-17T09:21:18.744+0000][46.745s][info][gc             ] GC(226) Pause Young (Allocation Failure) 23M->14M(31M) 1.618ms
[2025-04-17T09:21:18.744+0000][46.745s][info][gc,cpu         ] GC(226) User=0.00s Sys=0.00s Real=0.01s
[2025-04-17T09:21:18.876+0000][46.877s][info][gc,start       ] GC(227) Pause Young (Allocation Failure)
[2025-04-17T09:21:18.878+0000][46.878s][info][gc,heap        ] GC(227) DefNew: 9251K(10176K)->136K(10176K) Eden: 9088K(9088K)->0K(9088K) From: 163K(1088K)->136K(1088K)
[2025-04-17T09:21:18.878+0000][46.878s][info][gc,heap        ] GC(227) Tenured: 14655K(22464K)->14674K(22464K)
[2025-04-17T09:21:18.878+0000][46.878s][info][gc,metaspace   ] GC(227) Metaspace: 37254K(37632K)->37254K(37632K) NonClass: 32834K(33024K)->32834K(33024K) Class: 4420K(4608K)->4420K(4608K)
[2025-04-17T09:21:18.878+0000][46.878s][info][gc             ] GC(227) Pause Young (Allocation Failure) 23M->14M(31M) 1.644ms
[2025-04-17T09:21:18.878+0000][46.878s][info][gc,cpu         ] GC(227) User=0.00s Sys=0.00s Real=0.00s
[2025-04-17T09:21:19.009+0000][47.010s][info][gc,start       ] GC(228) Pause Young (Allocation Failure)
[2025-04-17T09:21:19.011+0000][47.011s][info][gc,heap        ] GC(228) DefNew: 9224K(10176K)->161K(10176K) Eden: 9088K(9088K)->0K(9088K) From: 136K(1088K)->161K(1088K)
[2025-04-17T09:21:19.011+0000][47.011s][info][gc,heap        ] GC(228) Tenured: 14674K(22464K)->14674K(22464K)
[2025-04-17T09:21:19.011+0000][47.011s][info][gc,metaspace   ] GC(228) Metaspace: 37254K(37632K)->37254K(37632K) NonClass: 32834K(33024K)->32834K(33024K) Class: 4420K(4608K)->4420K(4608K)
[2025-04-17T09:21:19.011+0000][47.011s][info][gc             ] GC(228) Pause Young (Allocation Failure) 23M->14M(31M) 1.596ms
[2025-04-17T09:21:19.011+0000][47.011s][info][gc,cpu         ] GC(228) User=0.00s Sys=0.00s Real=0.00s
[2025-04-17T09:21:19.142+0000][47.143s][info][gc,start       ] GC(229) Pause Young (Allocation Failure)
[2025-04-17T09:21:19.144+0000][47.144s][info][gc,heap        ] GC(229) DefNew: 9249K(10176K)->168K(10176K) Eden: 9088K(9088K)->0K(9088K) From: 161K(1088K)->168K(1088K)
[2025-04-17T09:21:19.144+0000][47.144s][info][gc,heap        ] GC(229) Tenured: 14674K(22464K)->14674K(22464K)
[2025-04-17T09:21:19.144+0000][47.144s][info][gc,metaspace   ] GC(229) Metaspace: 37257K(37632K)->37257K(37632K) NonClass: 32836K(33024K)->32836K(33024K) Class: 4421K(4608K)->4421K(4608K)
[2025-04-17T09:21:19.144+0000][47.144s][info][gc             ] GC(229) Pause Young (Allocation Failure) 23M->14M(31M) 1.670ms
[2025-04-17T09:21:19.144+0000][47.144s][info][gc,cpu         ] GC(229) User=0.01s Sys=0.00s Real=0.00s
[2025-04-17T09:21:19.259+0000][47.260s][info][gc,start       ] GC(230) Pause Young (Allocation Failure)
[2025-04-17T09:21:19.261+0000][47.261s][info][gc,heap        ] GC(230) DefNew: 9256K(10176K)->118K(10176K) Eden: 9088K(9088K)->0K(9088K) From: 168K(1088K)->118K(1088K)
[2025-04-17T09:21:19.261+0000][47.261s][info][gc,heap        ] GC(230) Tenured: 14674K(22464K)->14707K(22464K)
[2025-04-17T09:21:19.261+0000][47.261s][info][gc,metaspace   ] GC(230) Metaspace: 37257K(37632K)->37257K(37632K) NonClass: 32836K(33024K)->32836K(33024K) Class: 4421K(4608K)->4421K(4608K)
[2025-04-17T09:21:19.261+0000][47.261s][info][gc             ] GC(230) Pause Young (Allocation Failure) 23M->14M(31M) 1.692ms
[2025-04-17T09:21:19.261+0000][47.261s][info][gc,cpu         ] GC(230) User=0.00s Sys=0.00s Real=0.00s
[2025-04-17T09:21:19.376+0000][47.376s][info][gc,start       ] GC(231) Pause Young (Allocation Failure)
[2025-04-17T09:21:19.377+0000][47.378s][info][gc,heap        ] GC(231) DefNew: 9206K(10176K)->146K(10176K) Eden: 9088K(9088K)->0K(9088K) From: 118K(1088K)->146K(1088K)
[2025-04-17T09:21:19.377+0000][47.378s][info][gc,heap        ] GC(231) Tenured: 14707K(22464K)->14707K(22464K)
[2025-04-17T09:21:19.377+0000][47.378s][info][gc,metaspace   ] GC(231) Metaspace: 37257K(37632K)->37257K(37632K) NonClass: 32836K(33024K)->32836K(33024K) Class: 4421K(4608K)->4421K(4608K)
[2025-04-17T09:21:19.377+0000][47.378s][info][gc             ] GC(231) Pause Young (Allocation Failure) 23M->14M(31M) 1.692ms
[2025-04-17T09:21:19.377+0000][47.378s][info][gc,cpu         ] GC(231) User=0.00s Sys=0.00s Real=0.00s
[2025-04-17T09:21:19.493+0000][47.494s][info][gc,start       ] GC(232) Pause Young (Allocation Failure)
[2025-04-17T09:21:19.495+0000][47.495s][info][gc,heap        ] GC(232) DefNew: 9234K(10176K)->180K(10176K) Eden: 9088K(9088K)->0K(9088K) From: 146K(1088K)->180K(1088K)
[2025-04-17T09:21:19.495+0000][47.495s][info][gc,heap        ] GC(232) Tenured: 14707K(22464K)->14707K(22464K)
[2025-04-17T09:21:19.495+0000][47.495s][info][gc,metaspace   ] GC(232) Metaspace: 37257K(37632K)->37257K(37632K) NonClass: 32836K(33024K)->32836K(33024K) Class: 4421K(4608K)->4421K(4608K)
[2025-04-17T09:21:19.495+0000][47.495s][info][gc             ] GC(232) Pause Young (Allocation Failure) 23M->14M(31M) 1.723ms
[2025-04-17T09:21:19.495+0000][47.495s][info][gc,cpu         ] GC(232) User=0.00s Sys=0.00s Real=0.01s
[2025-04-17T09:21:19.640+0000][47.640s][info][gc,start       ] GC(233) Pause Young (Allocation Failure)
[2025-04-17T09:21:19.641+0000][47.642s][info][gc,heap        ] GC(233) DefNew: 9261K(10176K)->125K(10176K) Eden: 9081K(9088K)->0K(9088K) From: 180K(1088K)->125K(1088K)
[2025-04-17T09:21:19.641+0000][47.642s][info][gc,heap        ] GC(233) Tenured: 14707K(22464K)->14708K(22464K)
[2025-04-17T09:21:19.641+0000][47.642s][info][gc,metaspace   ] GC(233) Metaspace: 37257K(37632K)->37257K(37632K) NonClass: 32836K(33024K)->32836K(33024K) Class: 4421K(4608K)->4421K(4608K)
[2025-04-17T09:21:19.641+0000][47.642s][info][gc             ] GC(233) Pause Young (Allocation Failure) 23M->14M(31M) 1.662ms
[2025-04-17T09:21:19.641+0000][47.642s][info][gc,cpu         ] GC(233) User=0.00s Sys=0.00s Real=0.00s
[2025-04-17T09:21:19.757+0000][47.758s][info][gc,start       ] GC(234) Pause Young (Allocation Failure)
[2025-04-17T09:21:19.759+0000][47.760s][info][gc,heap        ] GC(234) DefNew: 9213K(10176K)->125K(10176K) Eden: 9088K(9088K)->0K(9088K) From: 125K(1088K)->125K(1088K)
[2025-04-17T09:21:19.759+0000][47.760s][info][gc,heap        ] GC(234) Tenured: 14708K(22464K)->14708K(22464K)
[2025-04-17T09:21:19.759+0000][47.760s][info][gc,metaspace   ] GC(234) Metaspace: 37257K(37632K)->37257K(37632K) NonClass: 32836K(33024K)->32836K(33024K) Class: 4421K(4608K)->4421K(4608K)
[2025-04-17T09:21:19.759+0000][47.760s][info][gc             ] GC(234) Pause Young (Allocation Failure) 23M->14M(31M) 1.654ms
[2025-04-17T09:21:19.759+0000][47.760s][info][gc,cpu         ] GC(234) User=0.00s Sys=0.00s Real=0.00s
[2025-04-17T09:21:19.889+0000][47.890s][info][gc,start       ] GC(235) Pause Young (Allocation Failure)
[2025-04-17T09:21:19.891+0000][47.891s][info][gc,heap        ] GC(235) DefNew: 9211K(10176K)->115K(10176K) Eden: 9086K(9088K)->0K(9088K) From: 125K(1088K)->115K(1088K)
[2025-04-17T09:21:19.891+0000][47.891s][info][gc,heap        ] GC(235) Tenured: 14708K(22464K)->14711K(22464K)
[2025-04-17T09:21:19.891+0000][47.891s][info][gc,metaspace   ] GC(235) Metaspace: 37257K(37632K)->37257K(37632K) NonClass: 32836K(33024K)->32836K(33024K) Class: 4421K(4608K)->4421K(4608K)
[2025-04-17T09:21:19.891+0000][47.891s][info][gc             ] GC(235) Pause Young (Allocation Failure) 23M->14M(31M) 1.621ms
[2025-04-17T09:21:19.891+0000][47.891s][info][gc,cpu         ] GC(235) User=0.00s Sys=0.00s Real=0.00s
[2025-04-17T09:21:20.019+0000][48.019s][info][gc,start       ] GC(236) Pause Young (Allocation Failure)
[2025-04-17T09:21:20.020+0000][48.021s][info][gc,heap        ] GC(236) DefNew: 9203K(10176K)->144K(10176K) Eden: 9088K(9088K)->0K(9088K) From: 115K(1088K)->144K(1088K)
[2025-04-17T09:21:20.020+0000][48.021s][info][gc,heap        ] GC(236) Tenured: 14711K(22464K)->14716K(22464K)
[2025-04-17T09:21:20.020+0000][48.021s][info][gc,metaspace   ] GC(236) Metaspace: 37257K(37632K)->37257K(37632K) NonClass: 32836K(33024K)->32836K(33024K) Class: 4421K(4608K)->4421K(4608K)
[2025-04-17T09:21:20.020+0000][48.021s][info][gc             ] GC(236) Pause Young (Allocation Failure) 23M->14M(31M) 1.648ms
[2025-04-17T09:21:20.020+0000][48.021s][info][gc,cpu         ] GC(236) User=0.00s Sys=0.00s Real=0.00s
[2025-04-17T09:21:20.142+0000][48.142s][info][gc,start       ] GC(237) Pause Young (Allocation Failure)
[2025-04-17T09:21:20.143+0000][48.144s][info][gc,heap        ] GC(237) DefNew: 9232K(10176K)->141K(10176K) Eden: 9088K(9088K)->0K(9088K) From: 144K(1088K)->141K(1088K)
[2025-04-17T09:21:20.143+0000][48.144s][info][gc,heap        ] GC(237) Tenured: 14716K(22464K)->14733K(22464K)
[2025-04-17T09:21:20.143+0000][48.144s][info][gc,metaspace   ] GC(237) Metaspace: 37257K(37632K)->37257K(37632K) NonClass: 32836K(33024K)->32836K(33024K) Class: 4421K(4608K)->4421K(4608K)
[2025-04-17T09:21:20.143+0000][48.144s][info][gc             ] GC(237) Pause Young (Allocation Failure) 23M->14M(31M) 1.703ms
[2025-04-17T09:21:20.143+0000][48.144s][info][gc,cpu         ] GC(237) User=0.01s Sys=0.00s Real=0.00s
[2025-04-17T09:21:20.260+0000][48.260s][info][gc,start       ] GC(238) Pause Young (Allocation Failure)
[2025-04-17T09:21:20.261+0000][48.262s][info][gc,heap        ] GC(238) DefNew: 9229K(10176K)->111K(10176K) Eden: 9088K(9088K)->0K(9088K) From: 141K(1088K)->111K(1088K)
[2025-04-17T09:21:20.261+0000][48.262s][info][gc,heap        ] GC(238) Tenured: 14733K(22464K)->14733K(22464K)
[2025-04-17T09:21:20.261+0000][48.262s][info][gc,metaspace   ] GC(238) Metaspace: 37257K(37632K)->37257K(37632K) NonClass: 32836K(33024K)->32836K(33024K) Class: 4421K(4608K)->4421K(4608K)
[2025-04-17T09:21:20.261+0000][48.262s][info][gc             ] GC(238) Pause Young (Allocation Failure) 23M->14M(31M) 1.547ms
[2025-04-17T09:21:20.261+0000][48.262s][info][gc,cpu         ] GC(238) User=0.00s Sys=0.00s Real=0.00s
[2025-04-17T09:21:20.404+0000][48.404s][info][gc,start       ] GC(239) Pause Young (Allocation Failure)
[2025-04-17T09:21:20.405+0000][48.406s][info][gc,heap        ] GC(239) DefNew: 9199K(10176K)->105K(10176K) Eden: 9088K(9088K)->0K(9088K) From: 111K(1088K)->105K(1088K)
[2025-04-17T09:21:20.405+0000][48.406s][info][gc,heap        ] GC(239) Tenured: 14733K(22464K)->14733K(22464K)
[2025-04-17T09:21:20.406+0000][48.406s][info][gc,metaspace   ] GC(239) Metaspace: 37257K(37632K)->37257K(37632K) NonClass: 32836K(33024K)->32836K(33024K) Class: 4421K(4608K)->4421K(4608K)
[2025-04-17T09:21:20.406+0000][48.406s][info][gc             ] GC(239) Pause Young (Allocation Failure) 23M->14M(31M) 1.758ms
[2025-04-17T09:21:20.406+0000][48.406s][info][gc,cpu         ] GC(239) User=0.00s Sys=0.00s Real=0.01s
[2025-04-17T09:21:20.509+0000][48.510s][info][gc,start       ] GC(240) Pause Young (Allocation Failure)
[2025-04-17T09:21:20.512+0000][48.512s][info][gc,heap        ] GC(240) DefNew: 9193K(10176K)->137K(10176K) Eden: 9088K(9088K)->0K(9088K) From: 105K(1088K)->137K(1088K)
[2025-04-17T09:21:20.512+0000][48.512s][info][gc,heap        ] GC(240) Tenured: 14733K(22464K)->14733K(22464K)
[2025-04-17T09:21:20.512+0000][48.513s][info][gc,metaspace   ] GC(240) Metaspace: 37257K(37632K)->37257K(37632K) NonClass: 32836K(33024K)->32836K(33024K) Class: 4421K(4608K)->4421K(4608K)
[2025-04-17T09:21:20.512+0000][48.513s][info][gc             ] GC(240) Pause Young (Allocation Failure) 23M->14M(31M) 2.956ms
[2025-04-17T09:21:20.513+0000][48.514s][info][gc,cpu         ] GC(240) User=0.00s Sys=0.00s Real=0.00s
[2025-04-17T09:21:20.643+0000][48.643s][info][gc,start       ] GC(241) Pause Young (Allocation Failure)
[2025-04-17T09:21:20.644+0000][48.645s][info][gc,heap        ] GC(241) DefNew: 9225K(10176K)->116K(10176K) Eden: 9088K(9088K)->0K(9088K) From: 137K(1088K)->116K(1088K)
[2025-04-17T09:21:20.644+0000][48.645s][info][gc,heap        ] GC(241) Tenured: 14733K(22464K)->14733K(22464K)
[2025-04-17T09:21:20.644+0000][48.645s][info][gc,metaspace   ] GC(241) Metaspace: 37257K(37632K)->37257K(37632K) NonClass: 32836K(33024K)->32836K(33024K) Class: 4421K(4608K)->4421K(4608K)
[2025-04-17T09:21:20.644+0000][48.645s][info][gc             ] GC(241) Pause Young (Allocation Failure) 23M->14M(31M) 1.502ms
[2025-04-17T09:21:20.644+0000][48.645s][info][gc,cpu         ] GC(241) User=0.01s Sys=0.00s Real=0.01s
[2025-04-17T09:21:20.761+0000][48.762s][info][gc,start       ] GC(242) Pause Young (Allocation Failure)
[2025-04-17T09:21:20.764+0000][48.764s][info][gc,heap        ] GC(242) DefNew: 9198K(10176K)->123K(10176K) Eden: 9081K(9088K)->0K(9088K) From: 116K(1088K)->123K(1088K)
[2025-04-17T09:21:20.764+0000][48.764s][info][gc,heap        ] GC(242) Tenured: 14733K(22464K)->14733K(22464K)
[2025-04-17T09:21:20.764+0000][48.764s][info][gc,metaspace   ] GC(242) Metaspace: 37257K(37632K)->37257K(37632K) NonClass: 32836K(33024K)->32836K(33024K) Class: 4421K(4608K)->4421K(4608K)
[2025-04-17T09:21:20.764+0000][48.764s][info][gc             ] GC(242) Pause Young (Allocation Failure) 23M->14M(31M) 2.383ms
[2025-04-17T09:21:20.764+0000][48.764s][info][gc,cpu         ] GC(242) User=0.00s Sys=0.00s Real=0.00s
[2025-04-17T09:21:20.878+0000][48.878s][info][gc,start       ] GC(243) Pause Young (Allocation Failure)
[2025-04-17T09:21:20.881+0000][48.882s][info][gc,heap        ] GC(243) DefNew: 9211K(10176K)->169K(10176K) Eden: 9088K(9088K)->0K(9088K) From: 123K(1088K)->169K(1088K)
[2025-04-17T09:21:20.881+0000][48.882s][info][gc,heap        ] GC(243) Tenured: 14733K(22464K)->14733K(22464K)
[2025-04-17T09:21:20.881+0000][48.882s][info][gc,metaspace   ] GC(243) Metaspace: 37257K(37632K)->37257K(37632K) NonClass: 32836K(33024K)->32836K(33024K) Class: 4421K(4608K)->4421K(4608K)
[2025-04-17T09:21:20.881+0000][48.882s][info][gc             ] GC(243) Pause Young (Allocation Failure) 23M->14M(31M) 3.673ms
[2025-04-17T09:21:20.881+0000][48.882s][info][gc,cpu         ] GC(243) User=0.00s Sys=0.00s Real=0.00s
[2025-04-17T09:21:20.996+0000][48.996s][info][gc,start       ] GC(244) Pause Young (Allocation Failure)
[2025-04-17T09:21:20.997+0000][48.998s][info][gc,heap        ] GC(244) DefNew: 9257K(10176K)->96K(10176K) Eden: 9088K(9088K)->0K(9088K) From: 169K(1088K)->96K(1088K)
[2025-04-17T09:21:20.997+0000][48.998s][info][gc,heap        ] GC(244) Tenured: 14733K(22464K)->14752K(22464K)
[2025-04-17T09:21:20.997+0000][48.998s][info][gc,metaspace   ] GC(244) Metaspace: 37257K(37632K)->37257K(37632K) NonClass: 32836K(33024K)->32836K(33024K) Class: 4421K(4608K)->4421K(4608K)
[2025-04-17T09:21:20.997+0000][48.998s][info][gc             ] GC(244) Pause Young (Allocation Failure) 23M->14M(31M) 1.466ms
[2025-04-17T09:21:20.997+0000][48.998s][info][gc,cpu         ] GC(244) User=0.00s Sys=0.00s Real=0.00s
[2025-04-17T09:21:21.117+0000][49.118s][info][gc,start       ] GC(245) Pause Young (Allocation Failure)
[2025-04-17T09:21:21.119+0000][49.119s][info][gc,heap        ] GC(245) DefNew: 9184K(10176K)->105K(10176K) Eden: 9087K(9088K)->0K(9088K) From: 96K(1088K)->105K(1088K)
[2025-04-17T09:21:21.119+0000][49.119s][info][gc,heap        ] GC(245) Tenured: 14752K(22464K)->14752K(22464K)
[2025-04-17T09:21:21.119+0000][49.119s][info][gc,metaspace   ] GC(245) Metaspace: 37257K(37632K)->37257K(37632K) NonClass: 32836K(33024K)->32836K(33024K) Class: 4421K(4608K)->4421K(4608K)
[2025-04-17T09:21:21.119+0000][49.119s][info][gc             ] GC(245) Pause Young (Allocation Failure) 23M->14M(31M) 1.577ms
[2025-04-17T09:21:21.119+0000][49.119s][info][gc,cpu         ] GC(245) User=0.00s Sys=0.00s Real=0.00s
[2025-04-17T09:21:21.229+0000][49.229s][info][gc,start       ] GC(246) Pause Young (Allocation Failure)
[2025-04-17T09:21:21.230+0000][49.231s][info][gc,heap        ] GC(246) DefNew: 9193K(10176K)->115K(10176K) Eden: 9088K(9088K)->0K(9088K) From: 105K(1088K)->115K(1088K)
[2025-04-17T09:21:21.230+0000][49.231s][info][gc,heap        ] GC(246) Tenured: 14752K(22464K)->14753K(22464K)
[2025-04-17T09:21:21.230+0000][49.231s][info][gc,metaspace   ] GC(246) Metaspace: 37258K(37632K)->37258K(37632K) NonClass: 32836K(33024K)->32836K(33024K) Class: 4421K(4608K)->4421K(4608K)
[2025-04-17T09:21:21.230+0000][49.231s][info][gc             ] GC(246) Pause Young (Allocation Failure) 23M->14M(31M) 1.670ms
[2025-04-17T09:21:21.230+0000][49.231s][info][gc,cpu         ] GC(246) User=0.00s Sys=0.00s Real=0.00s
[2025-04-17T09:21:21.342+0000][49.343s][info][gc,start       ] GC(247) Pause Young (Allocation Failure)
[2025-04-17T09:21:21.344+0000][49.345s][info][gc,heap        ] GC(247) DefNew: 9198K(10176K)->145K(10176K) Eden: 9083K(9088K)->0K(9088K) From: 115K(1088K)->145K(1088K)
[2025-04-17T09:21:21.344+0000][49.345s][info][gc,heap        ] GC(247) Tenured: 14753K(22464K)->14755K(22464K)
[2025-04-17T09:21:21.344+0000][49.345s][info][gc,metaspace   ] GC(247) Metaspace: 37258K(37632K)->37258K(37632K) NonClass: 32836K(33024K)->32836K(33024K) Class: 4421K(4608K)->4421K(4608K)
[2025-04-17T09:21:21.344+0000][49.345s][info][gc             ] GC(247) Pause Young (Allocation Failure) 23M->14M(31M) 1.742ms
[2025-04-17T09:21:21.344+0000][49.345s][info][gc,cpu         ] GC(247) User=0.01s Sys=0.00s Real=0.00s
[2025-04-17T09:21:21.451+0000][49.452s][info][gc,start       ] GC(248) Pause Young (Allocation Failure)
[2025-04-17T09:21:21.452+0000][49.453s][info][gc,heap        ] GC(248) DefNew: 9231K(10176K)->100K(10176K) Eden: 9085K(9088K)->0K(9088K) From: 145K(1088K)->100K(1088K)
[2025-04-17T09:21:21.452+0000][49.453s][info][gc,heap        ] GC(248) Tenured: 14755K(22464K)->14755K(22464K)
[2025-04-17T09:21:21.452+0000][49.453s][info][gc,metaspace   ] GC(248) Metaspace: 37258K(37632K)->37258K(37632K) NonClass: 32836K(33024K)->32836K(33024K) Class: 4421K(4608K)->4421K(4608K)
[2025-04-17T09:21:21.452+0000][49.453s][info][gc             ] GC(248) Pause Young (Allocation Failure) 23M->14M(31M) 1.517ms
[2025-04-17T09:21:21.452+0000][49.453s][info][gc,cpu         ] GC(248) User=0.00s Sys=0.00s Real=0.00s
[2025-04-17T09:21:21.566+0000][49.566s][info][gc,start       ] GC(249) Pause Young (Allocation Failure)
[2025-04-17T09:21:21.567+0000][49.568s][info][gc,heap        ] GC(249) DefNew: 9183K(10176K)->136K(10176K) Eden: 9082K(9088K)->0K(9088K) From: 100K(1088K)->136K(1088K)
[2025-04-17T09:21:21.567+0000][49.568s][info][gc,heap        ] GC(249) Tenured: 14755K(22464K)->14755K(22464K)
[2025-04-17T09:21:21.567+0000][49.568s][info][gc,metaspace   ] GC(249) Metaspace: 37260K(37632K)->37260K(37632K) NonClass: 32839K(33024K)->32839K(33024K) Class: 4421K(4608K)->4421K(4608K)
[2025-04-17T09:21:21.567+0000][49.568s][info][gc             ] GC(249) Pause Young (Allocation Failure) 23M->14M(31M) 1.639ms
[2025-04-17T09:21:21.567+0000][49.568s][info][gc,cpu         ] GC(249) User=0.00s Sys=0.00s Real=0.00s
[2025-04-17T09:21:21.678+0000][49.679s][info][gc,start       ] GC(250) Pause Young (Allocation Failure)
[2025-04-17T09:21:21.680+0000][49.680s][info][gc,heap        ] GC(250) DefNew: 9224K(10176K)->116K(10176K) Eden: 9088K(9088K)->0K(9088K) From: 136K(1088K)->116K(1088K)
[2025-04-17T09:21:21.680+0000][49.680s][info][gc,heap        ] GC(250) Tenured: 14755K(22464K)->14755K(22464K)
[2025-04-17T09:21:21.680+0000][49.680s][info][gc,metaspace   ] GC(250) Metaspace: 37261K(37632K)->37261K(37632K) NonClass: 32839K(33024K)->32839K(33024K) Class: 4421K(4608K)->4421K(4608K)
[2025-04-17T09:21:21.680+0000][49.680s][info][gc             ] GC(250) Pause Young (Allocation Failure) 23M->14M(31M) 1.407ms
[2025-04-17T09:21:21.680+0000][49.680s][info][gc,cpu         ] GC(250) User=0.01s Sys=0.00s Real=0.00s
[2025-04-17T09:21:21.826+0000][49.827s][info][gc,start       ] GC(251) Pause Young (Allocation Failure)
[2025-04-17T09:21:21.828+0000][49.828s][info][gc,heap        ] GC(251) DefNew: 9204K(10176K)->114K(10176K) Eden: 9088K(9088K)->0K(9088K) From: 116K(1088K)->114K(1088K)
[2025-04-17T09:21:21.828+0000][49.828s][info][gc,heap        ] GC(251) Tenured: 14755K(22464K)->14755K(22464K)
[2025-04-17T09:21:21.828+0000][49.828s][info][gc,metaspace   ] GC(251) Metaspace: 37261K(37632K)->37261K(37632K) NonClass: 32839K(33024K)->32839K(33024K) Class: 4421K(4608K)->4421K(4608K)
[2025-04-17T09:21:21.828+0000][49.828s][info][gc             ] GC(251) Pause Young (Allocation Failure) 23M->14M(31M) 1.640ms
[2025-04-17T09:21:21.828+0000][49.828s][info][gc,cpu         ] GC(251) User=0.00s Sys=0.01s Real=0.00s
[2025-04-17T09:21:21.940+0000][49.940s][info][gc,start       ] GC(252) Pause Young (Allocation Failure)
[2025-04-17T09:21:21.941+0000][49.942s][info][gc,heap        ] GC(252) DefNew: 9202K(10176K)->132K(10176K) Eden: 9088K(9088K)->0K(9088K) From: 114K(1088K)->132K(1088K)
[2025-04-17T09:21:21.941+0000][49.942s][info][gc,heap        ] GC(252) Tenured: 14755K(22464K)->14756K(22464K)
[2025-04-17T09:21:21.941+0000][49.942s][info][gc,metaspace   ] GC(252) Metaspace: 37261K(37632K)->37261K(37632K) NonClass: 32839K(33024K)->32839K(33024K) Class: 4421K(4608K)->4421K(4608K)
[2025-04-17T09:21:21.941+0000][49.942s][info][gc             ] GC(252) Pause Young (Allocation Failure) 23M->14M(31M) 1.494ms
[2025-04-17T09:21:21.941+0000][49.942s][info][gc,cpu         ] GC(252) User=0.00s Sys=0.00s Real=0.00s
[2025-04-17T09:21:22.049+0000][50.050s][info][gc,start       ] GC(253) Pause Young (Allocation Failure)
[2025-04-17T09:21:22.051+0000][50.051s][info][gc,heap        ] GC(253) DefNew: 9220K(10176K)->117K(10176K) Eden: 9088K(9088K)->0K(9088K) From: 132K(1088K)->117K(1088K)
[2025-04-17T09:21:22.051+0000][50.051s][info][gc,heap        ] GC(253) Tenured: 14756K(22464K)->14758K(22464K)
[2025-04-17T09:21:22.051+0000][50.051s][info][gc,metaspace   ] GC(253) Metaspace: 37261K(37632K)->37261K(37632K) NonClass: 32839K(33024K)->32839K(33024K) Class: 4421K(4608K)->4421K(4608K)
[2025-04-17T09:21:22.051+0000][50.051s][info][gc             ] GC(253) Pause Young (Allocation Failure) 23M->14M(31M) 1.486ms
[2025-04-17T09:21:22.051+0000][50.051s][info][gc,cpu         ] GC(253) User=0.00s Sys=0.00s Real=0.00s
[2025-04-17T09:21:22.168+0000][50.169s][info][gc,start       ] GC(254) Pause Young (Allocation Failure)
[2025-04-17T09:21:22.170+0000][50.170s][info][gc,heap        ] GC(254) DefNew: 9205K(10176K)->115K(10176K) Eden: 9088K(9088K)->0K(9088K) From: 117K(1088K)->115K(1088K)
[2025-04-17T09:21:22.170+0000][50.171s][info][gc,heap        ] GC(254) Tenured: 14758K(22464K)->14775K(22464K)
[2025-04-17T09:21:22.170+0000][50.171s][info][gc,metaspace   ] GC(254) Metaspace: 37261K(37632K)->37261K(37632K) NonClass: 32839K(33024K)->32839K(33024K) Class: 4421K(4608K)->4421K(4608K)
[2025-04-17T09:21:22.170+0000][50.171s][info][gc             ] GC(254) Pause Young (Allocation Failure) 23M->14M(31M) 1.502ms
[2025-04-17T09:21:22.170+0000][50.171s][info][gc,cpu         ] GC(254) User=0.00s Sys=0.00s Real=0.00s
[2025-04-17T09:21:22.282+0000][50.283s][info][gc,start       ] GC(255) Pause Young (Allocation Failure)
[2025-04-17T09:21:22.283+0000][50.284s][info][gc,heap        ] GC(255) DefNew: 9203K(10176K)->98K(10176K) Eden: 9088K(9088K)->0K(9088K) From: 115K(1088K)->98K(1088K)
[2025-04-17T09:21:22.283+0000][50.284s][info][gc,heap        ] GC(255) Tenured: 14775K(22464K)->14775K(22464K)
[2025-04-17T09:21:22.283+0000][50.284s][info][gc,metaspace   ] GC(255) Metaspace: 37261K(37632K)->37261K(37632K) NonClass: 32839K(33024K)->32839K(33024K) Class: 4421K(4608K)->4421K(4608K)
[2025-04-17T09:21:22.283+0000][50.284s][info][gc             ] GC(255) Pause Young (Allocation Failure) 23M->14M(31M) 1.485ms
[2025-04-17T09:21:22.283+0000][50.284s][info][gc,cpu         ] GC(255) User=0.00s Sys=0.00s Real=0.00s
[2025-04-17T09:21:22.410+0000][50.411s][info][gc,start       ] GC(256) Pause Young (Allocation Failure)
[2025-04-17T09:21:22.412+0000][50.412s][info][gc,heap        ] GC(256) DefNew: 9186K(10176K)->115K(10176K) Eden: 9088K(9088K)->0K(9088K) From: 98K(1088K)->115K(1088K)
[2025-04-17T09:21:22.412+0000][50.412s][info][gc,heap        ] GC(256) Tenured: 14775K(22464K)->14775K(22464K)
[2025-04-17T09:21:22.412+0000][50.412s][info][gc,metaspace   ] GC(256) Metaspace: 37261K(37632K)->37261K(37632K) NonClass: 32839K(33024K)->32839K(33024K) Class: 4421K(4608K)->4421K(4608K)
[2025-04-17T09:21:22.412+0000][50.412s][info][gc             ] GC(256) Pause Young (Allocation Failure) 23M->14M(31M) 1.556ms
[2025-04-17T09:21:22.412+0000][50.412s][info][gc,cpu         ] GC(256) User=0.01s Sys=0.00s Real=0.00s
[2025-04-17T09:21:22.528+0000][50.529s][info][gc,start       ] GC(257) Pause Young (Allocation Failure)
[2025-04-17T09:21:22.530+0000][50.531s][info][gc,heap        ] GC(257) DefNew: 9203K(10176K)->106K(10176K) Eden: 9088K(9088K)->0K(9088K) From: 115K(1088K)->106K(1088K)
[2025-04-17T09:21:22.530+0000][50.531s][info][gc,heap        ] GC(257) Tenured: 14775K(22464K)->14777K(22464K)
[2025-04-17T09:21:22.530+0000][50.531s][info][gc,metaspace   ] GC(257) Metaspace: 37261K(37632K)->37261K(37632K) NonClass: 32839K(33024K)->32839K(33024K) Class: 4421K(4608K)->4421K(4608K)
[2025-04-17T09:21:22.530+0000][50.531s][info][gc             ] GC(257) Pause Young (Allocation Failure) 23M->14M(31M) 1.605ms
[2025-04-17T09:21:22.530+0000][50.531s][info][gc,cpu         ] GC(257) User=0.00s Sys=0.00s Real=0.00s
[2025-04-17T09:21:22.639+0000][50.639s][info][gc,start       ] GC(258) Pause Young (Allocation Failure)
[2025-04-17T09:21:22.640+0000][50.641s][info][gc,heap        ] GC(258) DefNew: 9194K(10176K)->129K(10176K) Eden: 9088K(9088K)->0K(9088K) From: 106K(1088K)->129K(1088K)
[2025-04-17T09:21:22.640+0000][50.641s][info][gc,heap        ] GC(258) Tenured: 14777K(22464K)->14777K(22464K)
[2025-04-17T09:21:22.640+0000][50.641s][info][gc,metaspace   ] GC(258) Metaspace: 37261K(37632K)->37261K(37632K) NonClass: 32839K(33024K)->32839K(33024K) Class: 4421K(4608K)->4421K(4608K)
[2025-04-17T09:21:22.641+0000][50.641s][info][gc             ] GC(258) Pause Young (Allocation Failure) 23M->14M(31M) 1.718ms
[2025-04-17T09:21:22.641+0000][50.641s][info][gc,cpu         ] GC(258) User=0.00s Sys=0.00s Real=0.00s
[2025-04-17T09:21:22.756+0000][50.757s][info][gc,start       ] GC(259) Pause Young (Allocation Failure)
[2025-04-17T09:21:22.758+0000][50.759s][info][gc,heap        ] GC(259) DefNew: 9217K(10176K)->131K(10176K) Eden: 9088K(9088K)->0K(9088K) From: 129K(1088K)->131K(1088K)
[2025-04-17T09:21:22.758+0000][50.759s][info][gc,heap        ] GC(259) Tenured: 14777K(22464K)->14777K(22464K)
[2025-04-17T09:21:22.758+0000][50.759s][info][gc,metaspace   ] GC(259) Metaspace: 37261K(37632K)->37261K(37632K) NonClass: 32839K(33024K)->32839K(33024K) Class: 4421K(4608K)->4421K(4608K)
[2025-04-17T09:21:22.758+0000][50.759s][info][gc             ] GC(259) Pause Young (Allocation Failure) 23M->14M(31M) 1.468ms
[2025-04-17T09:21:22.758+0000][50.759s][info][gc,cpu         ] GC(259) User=0.00s Sys=0.00s Real=0.00s
[2025-04-17T09:21:22.863+0000][50.864s][info][gc,start       ] GC(260) Pause Young (Allocation Failure)
[2025-04-17T09:21:22.865+0000][50.866s][info][gc,heap        ] GC(260) DefNew: 9219K(10176K)->116K(10176K) Eden: 9088K(9088K)->0K(9088K) From: 131K(1088K)->116K(1088K)
[2025-04-17T09:21:22.865+0000][50.866s][info][gc,heap        ] GC(260) Tenured: 14777K(22464K)->14777K(22464K)
[2025-04-17T09:21:22.865+0000][50.866s][info][gc,metaspace   ] GC(260) Metaspace: 37261K(37632K)->37261K(37632K) NonClass: 32839K(33024K)->32839K(33024K) Class: 4421K(4608K)->4421K(4608K)
[2025-04-17T09:21:22.865+0000][50.866s][info][gc             ] GC(260) Pause Young (Allocation Failure) 23M->14M(31M) 1.485ms
[2025-04-17T09:21:22.865+0000][50.866s][info][gc,cpu         ] GC(260) User=0.00s Sys=0.00s Real=0.01s
[2025-04-17T09:21:22.989+0000][50.989s][info][gc,start       ] GC(261) Pause Young (Allocation Failure)
[2025-04-17T09:21:22.991+0000][50.991s][info][gc,heap        ] GC(261) DefNew: 9204K(10176K)->126K(10176K) Eden: 9088K(9088K)->0K(9088K) From: 116K(1088K)->126K(1088K)
[2025-04-17T09:21:22.991+0000][50.991s][info][gc,heap        ] GC(261) Tenured: 14777K(22464K)->14777K(22464K)
[2025-04-17T09:21:22.991+0000][50.991s][info][gc,metaspace   ] GC(261) Metaspace: 37261K(37632K)->37261K(37632K) NonClass: 32839K(33024K)->32839K(33024K) Class: 4421K(4608K)->4421K(4608K)
[2025-04-17T09:21:22.991+0000][50.991s][info][gc             ] GC(261) Pause Young (Allocation Failure) 23M->14M(31M) 1.882ms
[2025-04-17T09:21:22.991+0000][50.991s][info][gc,cpu         ] GC(261) User=0.01s Sys=0.00s Real=0.00s
[2025-04-17T09:21:23.093+0000][51.094s][info][gc,start       ] GC(262) Pause Young (Allocation Failure)
[2025-04-17T09:21:23.095+0000][51.095s][info][gc,heap        ] GC(262) DefNew: 9214K(10176K)->161K(10176K) Eden: 9088K(9088K)->0K(9088K) From: 126K(1088K)->161K(1088K)
[2025-04-17T09:21:23.095+0000][51.095s][info][gc,heap        ] GC(262) Tenured: 14777K(22464K)->14777K(22464K)
[2025-04-17T09:21:23.095+0000][51.095s][info][gc,metaspace   ] GC(262) Metaspace: 37261K(37632K)->37261K(37632K) NonClass: 32839K(33024K)->32839K(33024K) Class: 4421K(4608K)->4421K(4608K)
[2025-04-17T09:21:23.095+0000][51.095s][info][gc             ] GC(262) Pause Young (Allocation Failure) 23M->14M(31M) 1.484ms
[2025-04-17T09:21:23.095+0000][51.095s][info][gc,cpu         ] GC(262) User=0.00s Sys=0.00s Real=0.01s
[2025-04-17T09:21:23.201+0000][51.202s][info][gc,start       ] GC(263) Pause Young (Allocation Failure)
[2025-04-17T09:21:23.203+0000][51.203s][info][gc,heap        ] GC(263) DefNew: 9249K(10176K)->145K(10176K) Eden: 9088K(9088K)->0K(9088K) From: 161K(1088K)->145K(1088K)
[2025-04-17T09:21:23.203+0000][51.203s][info][gc,heap        ] GC(263) Tenured: 14777K(22464K)->14779K(22464K)
[2025-04-17T09:21:23.203+0000][51.203s][info][gc,metaspace   ] GC(263) Metaspace: 37261K(37632K)->37261K(37632K) NonClass: 32839K(33024K)->32839K(33024K) Class: 4421K(4608K)->4421K(4608K)
[2025-04-17T09:21:23.203+0000][51.203s][info][gc             ] GC(263) Pause Young (Allocation Failure) 23M->14M(31M) 1.424ms
[2025-04-17T09:21:23.203+0000][51.203s][info][gc,cpu         ] GC(263) User=0.00s Sys=0.00s Real=0.00s
[2025-04-17T09:21:23.319+0000][51.320s][info][gc,start       ] GC(264) Pause Young (Allocation Failure)
[2025-04-17T09:21:23.320+0000][51.321s][info][gc,heap        ] GC(264) DefNew: 9233K(10176K)->168K(10176K) Eden: 9088K(9088K)->0K(9088K) From: 145K(1088K)->168K(1088K)
[2025-04-17T09:21:23.320+0000][51.321s][info][gc,heap        ] GC(264) Tenured: 14779K(22464K)->14780K(22464K)
[2025-04-17T09:21:23.320+0000][51.321s][info][gc,metaspace   ] GC(264) Metaspace: 37261K(37632K)->37261K(37632K) NonClass: 32839K(33024K)->32839K(33024K) Class: 4421K(4608K)->4421K(4608K)
[2025-04-17T09:21:23.320+0000][51.321s][info][gc             ] GC(264) Pause Young (Allocation Failure) 23M->14M(31M) 1.566ms
[2025-04-17T09:21:23.320+0000][51.321s][info][gc,cpu         ] GC(264) User=0.00s Sys=0.00s Real=0.00s
[2025-04-17T09:21:23.430+0000][51.431s][info][gc,start       ] GC(265) Pause Young (Allocation Failure)
[2025-04-17T09:21:23.432+0000][51.432s][info][gc,heap        ] GC(265) DefNew: 9256K(10176K)->147K(10176K) Eden: 9088K(9088K)->0K(9088K) From: 168K(1088K)->147K(1088K)
[2025-04-17T09:21:23.432+0000][51.432s][info][gc,heap        ] GC(265) Tenured: 14780K(22464K)->14797K(22464K)
[2025-04-17T09:21:23.432+0000][51.432s][info][gc,metaspace   ] GC(265) Metaspace: 37261K(37632K)->37261K(37632K) NonClass: 32839K(33024K)->32839K(33024K) Class: 4421K(4608K)->4421K(4608K)
[2025-04-17T09:21:23.432+0000][51.432s][info][gc             ] GC(265) Pause Young (Allocation Failure) 23M->14M(31M) 1.610ms
[2025-04-17T09:21:23.432+0000][51.432s][info][gc,cpu         ] GC(265) User=0.00s Sys=0.00s Real=0.00s
[2025-04-17T09:21:23.540+0000][51.541s][info][gc,start       ] GC(266) Pause Young (Allocation Failure)
[2025-04-17T09:21:23.542+0000][51.542s][info][gc,heap        ] GC(266) DefNew: 9235K(10176K)->160K(10176K) Eden: 9088K(9088K)->0K(9088K) From: 147K(1088K)->160K(1088K)
[2025-04-17T09:21:23.542+0000][51.542s][info][gc,heap        ] GC(266) Tenured: 14797K(22464K)->14797K(22464K)
[2025-04-17T09:21:23.542+0000][51.542s][info][gc,metaspace   ] GC(266) Metaspace: 37262K(37632K)->37262K(37632K) NonClass: 32840K(33024K)->32840K(33024K) Class: 4421K(4608K)->4421K(4608K)
[2025-04-17T09:21:23.542+0000][51.542s][info][gc             ] GC(266) Pause Young (Allocation Failure) 23M->14M(31M) 1.565ms
[2025-04-17T09:21:23.542+0000][51.542s][info][gc,cpu         ] GC(266) User=0.01s Sys=0.00s Real=0.00s
[2025-04-17T09:21:23.657+0000][51.658s][info][gc,start       ] GC(267) Pause Young (Allocation Failure)
[2025-04-17T09:21:23.659+0000][51.659s][info][gc,heap        ] GC(267) DefNew: 9248K(10176K)->134K(10176K) Eden: 9087K(9088K)->0K(9088K) From: 160K(1088K)->134K(1088K)
[2025-04-17T09:21:23.659+0000][51.659s][info][gc,heap        ] GC(267) Tenured: 14797K(22464K)->14799K(22464K)
[2025-04-17T09:21:23.659+0000][51.659s][info][gc,metaspace   ] GC(267) Metaspace: 37262K(37632K)->37262K(37632K) NonClass: 32840K(33024K)->32840K(33024K) Class: 4421K(4608K)->4421K(4608K)
[2025-04-17T09:21:23.659+0000][51.659s][info][gc             ] GC(267) Pause Young (Allocation Failure) 23M->14M(31M) 1.553ms
[2025-04-17T09:21:23.659+0000][51.659s][info][gc,cpu         ] GC(267) User=0.00s Sys=0.00s Real=0.00s
[2025-04-17T09:21:23.765+0000][51.766s][info][gc,start       ] GC(268) Pause Young (Allocation Failure)
[2025-04-17T09:21:23.767+0000][51.767s][info][gc,heap        ] GC(268) DefNew: 9222K(10176K)->144K(10176K) Eden: 9088K(9088K)->0K(9088K) From: 134K(1088K)->144K(1088K)
[2025-04-17T09:21:23.767+0000][51.767s][info][gc,heap        ] GC(268) Tenured: 14799K(22464K)->14799K(22464K)
[2025-04-17T09:21:23.767+0000][51.767s][info][gc,metaspace   ] GC(268) Metaspace: 37262K(37632K)->37262K(37632K) NonClass: 32840K(33024K)->32840K(33024K) Class: 4421K(4608K)->4421K(4608K)
[2025-04-17T09:21:23.767+0000][51.767s][info][gc             ] GC(268) Pause Young (Allocation Failure) 23M->14M(31M) 1.407ms
[2025-04-17T09:21:23.767+0000][51.767s][info][gc,cpu         ] GC(268) User=0.00s Sys=0.00s Real=0.00s
[2025-04-17T09:21:23.887+0000][51.887s][info][gc,start       ] GC(269) Pause Young (Allocation Failure)
[2025-04-17T09:21:23.888+0000][51.889s][info][gc,heap        ] GC(269) DefNew: 9232K(10176K)->130K(10176K) Eden: 9088K(9088K)->0K(9088K) From: 144K(1088K)->130K(1088K)
[2025-04-17T09:21:23.888+0000][51.889s][info][gc,heap        ] GC(269) Tenured: 14799K(22464K)->14799K(22464K)
[2025-04-17T09:21:23.888+0000][51.889s][info][gc,metaspace   ] GC(269) Metaspace: 37262K(37632K)->37262K(37632K) NonClass: 32840K(33024K)->32840K(33024K) Class: 4421K(4608K)->4421K(4608K)
[2025-04-17T09:21:23.888+0000][51.889s][info][gc             ] GC(269) Pause Young (Allocation Failure) 23M->14M(31M) 1.549ms
[2025-04-17T09:21:23.888+0000][51.889s][info][gc,cpu         ] GC(269) User=0.00s Sys=0.00s Real=0.00s
[2025-04-17T09:21:23.996+0000][51.996s][info][gc,start       ] GC(270) Pause Young (Allocation Failure)
[2025-04-17T09:21:23.997+0000][51.998s][info][gc,heap        ] GC(270) DefNew: 9218K(10176K)->159K(10176K) Eden: 9088K(9088K)->0K(9088K) From: 130K(1088K)->159K(1088K)
[2025-04-17T09:21:23.997+0000][51.998s][info][gc,heap        ] GC(270) Tenured: 14799K(22464K)->14800K(22464K)
[2025-04-17T09:21:23.997+0000][51.998s][info][gc,metaspace   ] GC(270) Metaspace: 37262K(37632K)->37262K(37632K) NonClass: 32840K(33024K)->32840K(33024K) Class: 4421K(4608K)->4421K(4608K)
[2025-04-17T09:21:23.997+0000][51.998s][info][gc             ] GC(270) Pause Young (Allocation Failure) 23M->14M(31M) 1.534ms
[2025-04-17T09:21:23.997+0000][51.998s][info][gc,cpu         ] GC(270) User=0.00s Sys=0.00s Real=0.00s
[2025-04-17T09:21:24.106+0000][52.107s][info][gc,start       ] GC(271) Pause Young (Allocation Failure)
[2025-04-17T09:21:24.108+0000][52.108s][info][gc,heap        ] GC(271) DefNew: 9247K(10176K)->162K(10176K) Eden: 9087K(9088K)->0K(9088K) From: 159K(1088K)->162K(1088K)
[2025-04-17T09:21:24.108+0000][52.108s][info][gc,heap        ] GC(271) Tenured: 14800K(22464K)->14800K(22464K)
[2025-04-17T09:21:24.108+0000][52.108s][info][gc,metaspace   ] GC(271) Metaspace: 37262K(37632K)->37262K(37632K) NonClass: 32840K(33024K)->32840K(33024K) Class: 4421K(4608K)->4421K(4608K)
[2025-04-17T09:21:24.108+0000][52.108s][info][gc             ] GC(271) Pause Young (Allocation Failure) 23M->14M(31M) 1.544ms
[2025-04-17T09:21:24.108+0000][52.108s][info][gc,cpu         ] GC(271) User=0.00s Sys=0.00s Real=0.00s
[2025-04-17T09:21:24.208+0000][52.209s][info][gc,start       ] GC(272) Pause Young (Allocation Failure)
[2025-04-17T09:21:24.210+0000][52.210s][info][gc,heap        ] GC(272) DefNew: 9250K(10176K)->140K(10176K) Eden: 9088K(9088K)->0K(9088K) From: 162K(1088K)->140K(1088K)
[2025-04-17T09:21:24.210+0000][52.210s][info][gc,heap        ] GC(272) Tenured: 14800K(22464K)->14800K(22464K)
[2025-04-17T09:21:24.210+0000][52.210s][info][gc,metaspace   ] GC(272) Metaspace: 37262K(37632K)->37262K(37632K) NonClass: 32840K(33024K)->32840K(33024K) Class: 4421K(4608K)->4421K(4608K)
[2025-04-17T09:21:24.210+0000][52.210s][info][gc             ] GC(272) Pause Young (Allocation Failure) 23M->14M(31M) 1.447ms
[2025-04-17T09:21:24.210+0000][52.210s][info][gc,cpu         ] GC(272) User=0.01s Sys=0.00s Real=0.00s
[2025-04-17T09:21:24.317+0000][52.317s][info][gc,start       ] GC(273) Pause Young (Allocation Failure)
[2025-04-17T09:21:24.318+0000][52.319s][info][gc,heap        ] GC(273) DefNew: 9228K(10176K)->148K(10176K) Eden: 9088K(9088K)->0K(9088K) From: 140K(1088K)->148K(1088K)
[2025-04-17T09:21:24.318+0000][52.319s][info][gc,heap        ] GC(273) Tenured: 14800K(22464K)->14800K(22464K)
[2025-04-17T09:21:24.318+0000][52.319s][info][gc,metaspace   ] GC(273) Metaspace: 37262K(37632K)->37262K(37632K) NonClass: 32840K(33024K)->32840K(33024K) Class: 4421K(4608K)->4421K(4608K)
[2025-04-17T09:21:24.318+0000][52.319s][info][gc             ] GC(273) Pause Young (Allocation Failure) 23M->14M(31M) 1.443ms
[2025-04-17T09:21:24.318+0000][52.319s][info][gc,cpu         ] GC(273) User=0.00s Sys=0.00s Real=0.00s
[2025-04-17T09:21:24.433+0000][52.434s][info][gc,start       ] GC(274) Pause Young (Allocation Failure)
[2025-04-17T09:21:24.434+0000][52.435s][info][gc,heap        ] GC(274) DefNew: 9236K(10176K)->142K(10176K) Eden: 9088K(9088K)->0K(9088K) From: 148K(1088K)->142K(1088K)
[2025-04-17T09:21:24.434+0000][52.435s][info][gc,heap        ] GC(274) Tenured: 14800K(22464K)->14819K(22464K)
[2025-04-17T09:21:24.434+0000][52.435s][info][gc,metaspace   ] GC(274) Metaspace: 37262K(37632K)->37262K(37632K) NonClass: 32840K(33024K)->32840K(33024K) Class: 4421K(4608K)->4421K(4608K)
[2025-04-17T09:21:24.434+0000][52.435s][info][gc             ] GC(274) Pause Young (Allocation Failure) 23M->14M(31M) 1.428ms
[2025-04-17T09:21:24.434+0000][52.435s][info][gc,cpu         ] GC(274) User=0.00s Sys=0.00s Real=0.01s
[2025-04-17T09:21:24.546+0000][52.547s][info][gc,start       ] GC(275) Pause Young (Allocation Failure)
[2025-04-17T09:21:24.548+0000][52.548s][info][gc,heap        ] GC(275) DefNew: 9230K(10176K)->166K(10176K) Eden: 9088K(9088K)->0K(9088K) From: 142K(1088K)->166K(1088K)
[2025-04-17T09:21:24.548+0000][52.548s][info][gc,heap        ] GC(275) Tenured: 14819K(22464K)->14819K(22464K)
[2025-04-17T09:21:24.548+0000][52.548s][info][gc,metaspace   ] GC(275) Metaspace: 37262K(37632K)->37262K(37632K) NonClass: 32840K(33024K)->32840K(33024K) Class: 4421K(4608K)->4421K(4608K)
[2025-04-17T09:21:24.548+0000][52.548s][info][gc             ] GC(275) Pause Young (Allocation Failure) 23M->14M(31M) 1.653ms
[2025-04-17T09:21:24.548+0000][52.548s][info][gc,cpu         ] GC(275) User=0.00s Sys=0.00s Real=0.00s
[2025-04-17T09:21:24.663+0000][52.664s][info][gc,start       ] GC(276) Pause Young (Allocation Failure)
[2025-04-17T09:21:24.665+0000][52.666s][info][gc,heap        ] GC(276) DefNew: 9254K(10176K)->130K(10176K) Eden: 9088K(9088K)->0K(9088K) From: 166K(1088K)->130K(1088K)
[2025-04-17T09:21:24.665+0000][52.666s][info][gc,heap        ] GC(276) Tenured: 14819K(22464K)->14819K(22464K)
[2025-04-17T09:21:24.665+0000][52.666s][info][gc,metaspace   ] GC(276) Metaspace: 37262K(37632K)->37262K(37632K) NonClass: 32840K(33024K)->32840K(33024K) Class: 4421K(4608K)->4421K(4608K)
[2025-04-17T09:21:24.665+0000][52.666s][info][gc             ] GC(276) Pause Young (Allocation Failure) 23M->14M(31M) 2.124ms
[2025-04-17T09:21:24.665+0000][52.666s][info][gc,cpu         ] GC(276) User=0.00s Sys=0.00s Real=0.01s
[2025-04-17T09:21:24.775+0000][52.776s][info][gc,start       ] GC(277) Pause Young (Allocation Failure)
[2025-04-17T09:21:24.777+0000][52.777s][info][gc,heap        ] GC(277) DefNew: 9218K(10176K)->114K(10176K) Eden: 9087K(9088K)->0K(9088K) From: 130K(1088K)->114K(1088K)
[2025-04-17T09:21:24.777+0000][52.777s][info][gc,heap        ] GC(277) Tenured: 14819K(22464K)->14849K(22464K)
[2025-04-17T09:21:24.777+0000][52.777s][info][gc,metaspace   ] GC(277) Metaspace: 37262K(37632K)->37262K(37632K) NonClass: 32840K(33024K)->32840K(33024K) Class: 4421K(4608K)->4421K(4608K)
[2025-04-17T09:21:24.777+0000][52.777s][info][gc             ] GC(277) Pause Young (Allocation Failure) 23M->14M(31M) 1.535ms
[2025-04-17T09:21:24.777+0000][52.777s][info][gc,cpu         ] GC(277) User=0.00s Sys=0.00s Real=0.00s
[2025-04-17T09:21:24.887+0000][52.888s][info][gc,start       ] GC(278) Pause Young (Allocation Failure)
[2025-04-17T09:21:24.889+0000][52.889s][info][gc,heap        ] GC(278) DefNew: 9202K(10176K)->97K(10176K) Eden: 9088K(9088K)->0K(9088K) From: 114K(1088K)->97K(1088K)
[2025-04-17T09:21:24.889+0000][52.889s][info][gc,heap        ] GC(278) Tenured: 14849K(22464K)->14850K(22464K)
[2025-04-17T09:21:24.889+0000][52.889s][info][gc,metaspace   ] GC(278) Metaspace: 37262K(37632K)->37262K(37632K) NonClass: 32840K(33024K)->32840K(33024K) Class: 4421K(4608K)->4421K(4608K)
[2025-04-17T09:21:24.889+0000][52.889s][info][gc             ] GC(278) Pause Young (Allocation Failure) 23M->14M(31M) 1.540ms
[2025-04-17T09:21:24.889+0000][52.889s][info][gc,cpu         ] GC(278) User=0.00s Sys=0.00s Real=0.00s
[2025-04-17T09:21:24.994+0000][52.994s][info][gc,start       ] GC(279) Pause Young (Allocation Failure)
[2025-04-17T09:21:24.995+0000][52.996s][info][gc,heap        ] GC(279) DefNew: 9183K(10176K)->85K(10176K) Eden: 9086K(9088K)->0K(9088K) From: 97K(1088K)->85K(1088K)
[2025-04-17T09:21:24.995+0000][52.996s][info][gc,heap        ] GC(279) Tenured: 14850K(22464K)->14851K(22464K)
[2025-04-17T09:21:24.995+0000][52.996s][info][gc,metaspace   ] GC(279) Metaspace: 37262K(37632K)->37262K(37632K) NonClass: 32840K(33024K)->32840K(33024K) Class: 4421K(4608K)->4421K(4608K)
[2025-04-17T09:21:24.995+0000][52.996s][info][gc             ] GC(279) Pause Young (Allocation Failure) 23M->14M(31M) 1.456ms
[2025-04-17T09:21:24.995+0000][52.996s][info][gc,cpu         ] GC(279) User=0.00s Sys=0.00s Real=0.01s
[2025-04-17T09:21:25.120+0000][53.121s][info][gc,start       ] GC(280) Pause Young (Allocation Failure)
[2025-04-17T09:21:25.121+0000][53.122s][info][gc,heap        ] GC(280) DefNew: 9173K(10176K)->119K(10176K) Eden: 9087K(9088K)->0K(9088K) From: 85K(1088K)->119K(1088K)
[2025-04-17T09:21:25.121+0000][53.122s][info][gc,heap        ] GC(280) Tenured: 14851K(22464K)->14851K(22464K)
[2025-04-17T09:21:25.121+0000][53.122s][info][gc,metaspace   ] GC(280) Metaspace: 37262K(37632K)->37262K(37632K) NonClass: 32840K(33024K)->32840K(33024K) Class: 4421K(4608K)->4421K(4608K)
[2025-04-17T09:21:25.122+0000][53.122s][info][gc             ] GC(280) Pause Young (Allocation Failure) 23M->14M(31M) 1.623ms
[2025-04-17T09:21:25.122+0000][53.122s][info][gc,cpu         ] GC(280) User=0.00s Sys=0.00s Real=0.00s
[2025-04-17T09:21:25.189+0000][53.190s][info][gc,start       ] GC(281) Pause Young (Allocation Failure)
[2025-04-17T09:21:25.191+0000][53.191s][info][gc,heap        ] GC(281) DefNew: 9196K(10176K)->129K(10176K) Eden: 9077K(9088K)->0K(9088K) From: 119K(1088K)->129K(1088K)
[2025-04-17T09:21:25.191+0000][53.192s][info][gc,heap        ] GC(281) Tenured: 14851K(22464K)->14853K(22464K)
[2025-04-17T09:21:25.191+0000][53.192s][info][gc,metaspace   ] GC(281) Metaspace: 37263K(37632K)->37263K(37632K) NonClass: 32841K(33024K)->32841K(33024K) Class: 4421K(4608K)->4421K(4608K)
[2025-04-17T09:21:25.191+0000][53.192s][info][gc             ] GC(281) Pause Young (Allocation Failure) 23M->14M(31M) 1.431ms
[2025-04-17T09:21:25.191+0000][53.192s][info][gc,cpu         ] GC(281) User=0.01s Sys=0.00s Real=0.00s
[2025-04-17T09:21:25.299+0000][53.300s][info][gc,start       ] GC(282) Pause Young (Allocation Failure)
[2025-04-17T09:21:25.301+0000][53.302s][info][gc,heap        ] GC(282) DefNew: 9217K(10176K)->125K(10176K) Eden: 9088K(9088K)->0K(9088K) From: 129K(1088K)->125K(1088K)
[2025-04-17T09:21:25.301+0000][53.302s][info][gc,heap        ] GC(282) Tenured: 14853K(22464K)->14853K(22464K)
[2025-04-17T09:21:25.301+0000][53.302s][info][gc,metaspace   ] GC(282) Metaspace: 37263K(37632K)->37263K(37632K) NonClass: 32841K(33024K)->32841K(33024K) Class: 4421K(4608K)->4421K(4608K)
[2025-04-17T09:21:25.301+0000][53.302s][info][gc             ] GC(282) Pause Young (Allocation Failure) 23M->14M(31M) 1.482ms
[2025-04-17T09:21:25.301+0000][53.302s][info][gc,cpu         ] GC(282) User=0.00s Sys=0.00s Real=0.00s
[2025-04-17T09:21:25.409+0000][53.410s][info][gc,start       ] GC(283) Pause Young (Allocation Failure)
[2025-04-17T09:21:25.411+0000][53.412s][info][gc,heap        ] GC(283) DefNew: 9213K(10176K)->164K(10176K) Eden: 9088K(9088K)->0K(9088K) From: 125K(1088K)->164K(1088K)
[2025-04-17T09:21:25.411+0000][53.412s][info][gc,heap        ] GC(283) Tenured: 14853K(22464K)->14853K(22464K)
[2025-04-17T09:21:25.411+0000][53.412s][info][gc,metaspace   ] GC(283) Metaspace: 37263K(37632K)->37263K(37632K) NonClass: 32841K(33024K)->32841K(33024K) Class: 4421K(4608K)->4421K(4608K)
[2025-04-17T09:21:25.411+0000][53.412s][info][gc             ] GC(283) Pause Young (Allocation Failure) 23M->14M(31M) 1.708ms
[2025-04-17T09:21:25.411+0000][53.412s][info][gc,cpu         ] GC(283) User=0.00s Sys=0.00s Real=0.00s
[2025-04-17T09:21:25.523+0000][53.523s][info][gc,start       ] GC(284) Pause Young (Allocation Failure)
[2025-04-17T09:21:25.524+0000][53.525s][info][gc,heap        ] GC(284) DefNew: 9244K(10176K)->121K(10176K) Eden: 9080K(9088K)->0K(9088K) From: 164K(1088K)->121K(1088K)
[2025-04-17T09:21:25.524+0000][53.525s][info][gc,heap        ] GC(284) Tenured: 14853K(22464K)->14853K(22464K)
[2025-04-17T09:21:25.524+0000][53.525s][info][gc,metaspace   ] GC(284) Metaspace: 37263K(37632K)->37263K(37632K) NonClass: 32841K(33024K)->32841K(33024K) Class: 4421K(4608K)->4421K(4608K)
[2025-04-17T09:21:25.524+0000][53.525s][info][gc             ] GC(284) Pause Young (Allocation Failure) 23M->14M(31M) 1.333ms
[2025-04-17T09:21:25.524+0000][53.525s][info][gc,cpu         ] GC(284) User=0.01s Sys=0.00s Real=0.01s
[2025-04-17T09:21:25.640+0000][53.641s][info][gc,start       ] GC(285) Pause Young (Allocation Failure)
[2025-04-17T09:21:25.642+0000][53.642s][info][gc,heap        ] GC(285) DefNew: 9209K(10176K)->104K(10176K) Eden: 9088K(9088K)->0K(9088K) From: 121K(1088K)->104K(1088K)
[2025-04-17T09:21:25.642+0000][53.642s][info][gc,heap        ] GC(285) Tenured: 14853K(22464K)->14872K(22464K)
[2025-04-17T09:21:25.642+0000][53.642s][info][gc,metaspace   ] GC(285) Metaspace: 37263K(37632K)->37263K(37632K) NonClass: 32841K(33024K)->32841K(33024K) Class: 4421K(4608K)->4421K(4608K)
[2025-04-17T09:21:25.642+0000][53.642s][info][gc             ] GC(285) Pause Young (Allocation Failure) 23M->14M(31M) 1.452ms
[2025-04-17T09:21:25.642+0000][53.642s][info][gc,cpu         ] GC(285) User=0.00s Sys=0.00s Real=0.00s
[2025-04-17T09:21:25.746+0000][53.746s][info][gc,start       ] GC(286) Pause Young (Allocation Failure)
[2025-04-17T09:21:25.747+0000][53.748s][info][gc,heap        ] GC(286) DefNew: 9192K(10176K)->119K(10176K) Eden: 9088K(9088K)->0K(9088K) From: 104K(1088K)->119K(1088K)
[2025-04-17T09:21:25.747+0000][53.748s][info][gc,heap        ] GC(286) Tenured: 14872K(22464K)->14872K(22464K)
[2025-04-17T09:21:25.747+0000][53.748s][info][gc,metaspace   ] GC(286) Metaspace: 37263K(37632K)->37263K(37632K) NonClass: 32841K(33024K)->32841K(33024K) Class: 4421K(4608K)->4421K(4608K)
[2025-04-17T09:21:25.747+0000][53.748s][info][gc             ] GC(286) Pause Young (Allocation Failure) 23M->14M(31M) 1.531ms
[2025-04-17T09:21:25.747+0000][53.748s][info][gc,cpu         ] GC(286) User=0.00s Sys=0.00s Real=0.00s
[2025-04-17T09:21:25.851+0000][53.852s][info][gc,start       ] GC(287) Pause Young (Allocation Failure)
[2025-04-17T09:21:25.852+0000][53.853s][info][gc,heap        ] GC(287) DefNew: 9207K(10176K)->114K(10176K) Eden: 9087K(9088K)->0K(9088K) From: 119K(1088K)->114K(1088K)
[2025-04-17T09:21:25.852+0000][53.853s][info][gc,heap        ] GC(287) Tenured: 14872K(22464K)->14872K(22464K)
[2025-04-17T09:21:25.852+0000][53.853s][info][gc,metaspace   ] GC(287) Metaspace: 37263K(37632K)->37263K(37632K) NonClass: 32841K(33024K)->32841K(33024K) Class: 4421K(4608K)->4421K(4608K)
[2025-04-17T09:21:25.852+0000][53.853s][info][gc             ] GC(287) Pause Young (Allocation Failure) 23M->14M(31M) 1.413ms
[2025-04-17T09:21:25.852+0000][53.853s][info][gc,cpu         ] GC(287) User=0.00s Sys=0.00s Real=0.00s
[2025-04-17T09:21:25.963+0000][53.964s][info][gc,start       ] GC(288) Pause Young (Allocation Failure)
[2025-04-17T09:21:25.965+0000][53.965s][info][gc,heap        ] GC(288) DefNew: 9202K(10176K)->139K(10176K) Eden: 9087K(9088K)->0K(9088K) From: 114K(1088K)->139K(1088K)
[2025-04-17T09:21:25.965+0000][53.965s][info][gc,heap        ] GC(288) Tenured: 14872K(22464K)->14872K(22464K)
[2025-04-17T09:21:25.965+0000][53.965s][info][gc,metaspace   ] GC(288) Metaspace: 37263K(37632K)->37263K(37632K) NonClass: 32841K(33024K)->32841K(33024K) Class: 4421K(4608K)->4421K(4608K)
[2025-04-17T09:21:25.965+0000][53.966s][info][gc             ] GC(288) Pause Young (Allocation Failure) 23M->14M(31M) 1.566ms
[2025-04-17T09:21:25.965+0000][53.966s][info][gc,cpu         ] GC(288) User=0.00s Sys=0.00s Real=0.01s
[2025-04-17T09:21:26.104+0000][54.105s][info][gc,start       ] GC(289) Pause Young (Allocation Failure)
[2025-04-17T09:21:26.105+0000][54.106s][info][gc,heap        ] GC(289) DefNew: 9227K(10176K)->110K(10176K) Eden: 9088K(9088K)->0K(9088K) From: 139K(1088K)->110K(1088K)
[2025-04-17T09:21:26.106+0000][54.106s][info][gc,heap        ] GC(289) Tenured: 14872K(22464K)->14872K(22464K)
[2025-04-17T09:21:26.106+0000][54.106s][info][gc,metaspace   ] GC(289) Metaspace: 37263K(37632K)->37263K(37632K) NonClass: 32841K(33024K)->32841K(33024K) Class: 4421K(4608K)->4421K(4608K)
[2025-04-17T09:21:26.106+0000][54.106s][info][gc             ] GC(289) Pause Young (Allocation Failure) 23M->14M(31M) 1.652ms
[2025-04-17T09:21:26.106+0000][54.106s][info][gc,cpu         ] GC(289) User=0.00s Sys=0.00s Real=0.01s
[2025-04-17T09:21:26.175+0000][54.176s][info][gc,start       ] GC(290) Pause Young (Allocation Failure)
[2025-04-17T09:21:26.176+0000][54.177s][info][gc,heap        ] GC(290) DefNew: 9198K(10176K)->114K(10176K) Eden: 9088K(9088K)->0K(9088K) From: 110K(1088K)->114K(1088K)
[2025-04-17T09:21:26.176+0000][54.177s][info][gc,heap        ] GC(290) Tenured: 14872K(22464K)->14873K(22464K)
[2025-04-17T09:21:26.176+0000][54.177s][info][gc,metaspace   ] GC(290) Metaspace: 37263K(37632K)->37263K(37632K) NonClass: 32841K(33024K)->32841K(33024K) Class: 4421K(4608K)->4421K(4608K)
[2025-04-17T09:21:26.176+0000][54.177s][info][gc             ] GC(290) Pause Young (Allocation Failure) 23M->14M(31M) 1.408ms
[2025-04-17T09:21:26.176+0000][54.177s][info][gc,cpu         ] GC(290) User=0.01s Sys=0.00s Real=0.00s
[2025-04-17T09:21:26.284+0000][54.284s][info][gc,start       ] GC(291) Pause Young (Allocation Failure)
[2025-04-17T09:21:26.285+0000][54.286s][info][gc,heap        ] GC(291) DefNew: 9202K(10176K)->98K(10176K) Eden: 9088K(9088K)->0K(9088K) From: 114K(1088K)->98K(1088K)
[2025-04-17T09:21:26.285+0000][54.286s][info][gc,heap        ] GC(291) Tenured: 14873K(22464K)->14873K(22464K)
[2025-04-17T09:21:26.285+0000][54.286s][info][gc,metaspace   ] GC(291) Metaspace: 37263K(37632K)->37263K(37632K) NonClass: 32841K(33024K)->32841K(33024K) Class: 4421K(4608K)->4421K(4608K)
[2025-04-17T09:21:26.285+0000][54.286s][info][gc             ] GC(291) Pause Young (Allocation Failure) 23M->14M(31M) 1.417ms
[2025-04-17T09:21:26.285+0000][54.286s][info][gc,cpu         ] GC(291) User=0.01s Sys=0.00s Real=0.01s
[2025-04-17T09:21:26.396+0000][54.397s][info][gc,start       ] GC(292) Pause Young (Allocation Failure)
[2025-04-17T09:21:26.398+0000][54.398s][info][gc,heap        ] GC(292) DefNew: 9186K(10176K)->98K(10176K) Eden: 9088K(9088K)->0K(9088K) From: 98K(1088K)->98K(1088K)
[2025-04-17T09:21:26.398+0000][54.398s][info][gc,heap        ] GC(292) Tenured: 14873K(22464K)->14874K(22464K)
[2025-04-17T09:21:26.398+0000][54.398s][info][gc,metaspace   ] GC(292) Metaspace: 37263K(37632K)->37263K(37632K) NonClass: 32841K(33024K)->32841K(33024K) Class: 4421K(4608K)->4421K(4608K)
[2025-04-17T09:21:26.398+0000][54.398s][info][gc             ] GC(292) Pause Young (Allocation Failure) 23M->14M(31M) 1.400ms
[2025-04-17T09:21:26.398+0000][54.398s][info][gc,cpu         ] GC(292) User=0.00s Sys=0.00s Real=0.00s
[2025-04-17T09:21:26.505+0000][54.506s][info][gc,start       ] GC(293) Pause Young (Allocation Failure)
[2025-04-17T09:21:26.507+0000][54.507s][info][gc,heap        ] GC(293) DefNew: 9186K(10176K)->126K(10176K) Eden: 9088K(9088K)->0K(9088K) From: 98K(1088K)->126K(1088K)
[2025-04-17T09:21:26.507+0000][54.507s][info][gc,heap        ] GC(293) Tenured: 14874K(22464K)->14874K(22464K)
[2025-04-17T09:21:26.507+0000][54.507s][info][gc,metaspace   ] GC(293) Metaspace: 37263K(37632K)->37263K(37632K) NonClass: 32841K(33024K)->32841K(33024K) Class: 4421K(4608K)->4421K(4608K)
[2025-04-17T09:21:26.507+0000][54.507s][info][gc             ] GC(293) Pause Young (Allocation Failure) 23M->14M(31M) 1.506ms
[2025-04-17T09:21:26.507+0000][54.507s][info][gc,cpu         ] GC(293) User=0.01s Sys=0.00s Real=0.00s
[2025-04-17T09:21:26.610+0000][54.611s][info][gc,start       ] GC(294) Pause Young (Allocation Failure)
[2025-04-17T09:21:26.612+0000][54.612s][info][gc,heap        ] GC(294) DefNew: 9214K(10176K)->132K(10176K) Eden: 9088K(9088K)->0K(9088K) From: 126K(1088K)->132K(1088K)
[2025-04-17T09:21:26.612+0000][54.612s][info][gc,heap        ] GC(294) Tenured: 14874K(22464K)->14874K(22464K)
[2025-04-17T09:21:26.612+0000][54.612s][info][gc,metaspace   ] GC(294) Metaspace: 37263K(37632K)->37263K(37632K) NonClass: 32841K(33024K)->32841K(33024K) Class: 4421K(4608K)->4421K(4608K)
[2025-04-17T09:21:26.612+0000][54.612s][info][gc             ] GC(294) Pause Young (Allocation Failure) 23M->14M(31M) 1.435ms
[2025-04-17T09:21:26.612+0000][54.612s][info][gc,cpu         ] GC(294) User=0.01s Sys=0.00s Real=0.00s
[2025-04-17T09:21:26.724+0000][54.725s][info][gc,start       ] GC(295) Pause Young (Allocation Failure)
[2025-04-17T09:21:26.726+0000][54.726s][info][gc,heap        ] GC(295) DefNew: 9220K(10176K)->118K(10176K) Eden: 9088K(9088K)->0K(9088K) From: 132K(1088K)->118K(1088K)
[2025-04-17T09:21:26.726+0000][54.726s][info][gc,heap        ] GC(295) Tenured: 14874K(22464K)->14874K(22464K)
[2025-04-17T09:21:26.726+0000][54.726s][info][gc,metaspace   ] GC(295) Metaspace: 37263K(37632K)->37263K(37632K) NonClass: 32841K(33024K)->32841K(33024K) Class: 4421K(4608K)->4421K(4608K)
[2025-04-17T09:21:26.726+0000][54.726s][info][gc             ] GC(295) Pause Young (Allocation Failure) 23M->14M(31M) 1.490ms
[2025-04-17T09:21:26.726+0000][54.726s][info][gc,cpu         ] GC(295) User=0.00s Sys=0.00s Real=0.00s
[2025-04-17T09:21:26.829+0000][54.830s][info][gc,start       ] GC(296) Pause Young (Allocation Failure)
[2025-04-17T09:21:26.831+0000][54.831s][info][gc,heap        ] GC(296) DefNew: 9206K(10176K)->109K(10176K) Eden: 9088K(9088K)->0K(9088K) From: 118K(1088K)->109K(1088K)
[2025-04-17T09:21:26.831+0000][54.831s][info][gc,heap        ] GC(296) Tenured: 14874K(22464K)->14893K(22464K)
[2025-04-17T09:21:26.831+0000][54.831s][info][gc,metaspace   ] GC(296) Metaspace: 37263K(37632K)->37263K(37632K) NonClass: 32841K(33024K)->32841K(33024K) Class: 4421K(4608K)->4421K(4608K)
[2025-04-17T09:21:26.831+0000][54.831s][info][gc             ] GC(296) Pause Young (Allocation Failure) 23M->14M(31M) 1.555ms
[2025-04-17T09:21:26.831+0000][54.831s][info][gc,cpu         ] GC(296) User=0.00s Sys=0.00s Real=0.00s
[2025-04-17T09:21:26.916+0000][54.917s][info][gc,start       ] GC(297) Pause Young (Allocation Failure)
[2025-04-17T09:21:26.918+0000][54.918s][info][gc,heap        ] GC(297) DefNew: 9197K(10176K)->115K(10176K) Eden: 9088K(9088K)->0K(9088K) From: 109K(1088K)->115K(1088K)
[2025-04-17T09:21:26.918+0000][54.918s][info][gc,heap        ] GC(297) Tenured: 14893K(22464K)->14893K(22464K)
[2025-04-17T09:21:26.918+0000][54.919s][info][gc,metaspace   ] GC(297) Metaspace: 37263K(37632K)->37263K(37632K) NonClass: 32841K(33024K)->32841K(33024K) Class: 4421K(4608K)->4421K(4608K)
[2025-04-17T09:21:26.918+0000][54.919s][info][gc             ] GC(297) Pause Young (Allocation Failure) 23M->14M(31M) 1.820ms
[2025-04-17T09:21:26.918+0000][54.919s][info][gc,cpu         ] GC(297) User=0.01s Sys=0.00s Real=0.00s
[2025-04-17T09:21:27.026+0000][55.027s][info][gc,start       ] GC(298) Pause Young (Allocation Failure)
[2025-04-17T09:21:27.027+0000][55.028s][info][gc,heap        ] GC(298) DefNew: 9203K(10176K)->98K(10176K) Eden: 9088K(9088K)->0K(9088K) From: 115K(1088K)->98K(1088K)
[2025-04-17T09:21:27.027+0000][55.028s][info][gc,heap        ] GC(298) Tenured: 14893K(22464K)->14894K(22464K)
[2025-04-17T09:21:27.027+0000][55.028s][info][gc,metaspace   ] GC(298) Metaspace: 37263K(37632K)->37263K(37632K) NonClass: 32841K(33024K)->32841K(33024K) Class: 4421K(4608K)->4421K(4608K)
[2025-04-17T09:21:27.027+0000][55.028s][info][gc             ] GC(298) Pause Young (Allocation Failure) 23M->14M(31M) 1.442ms
[2025-04-17T09:21:27.027+0000][55.028s][info][gc,cpu         ] GC(298) User=0.00s Sys=0.00s Real=0.00s
[2025-04-17T09:21:27.134+0000][55.134s][info][gc,start       ] GC(299) Pause Young (Allocation Failure)
[2025-04-17T09:21:27.135+0000][55.136s][info][gc,heap        ] GC(299) DefNew: 9186K(10176K)->113K(10176K) Eden: 9088K(9088K)->0K(9088K) From: 98K(1088K)->113K(1088K)
[2025-04-17T09:21:27.135+0000][55.136s][info][gc,heap        ] GC(299) Tenured: 14894K(22464K)->14895K(22464K)
[2025-04-17T09:21:27.135+0000][55.136s][info][gc,metaspace   ] GC(299) Metaspace: 37263K(37632K)->37263K(37632K) NonClass: 32841K(33024K)->32841K(33024K) Class: 4421K(4608K)->4421K(4608K)
[2025-04-17T09:21:27.135+0000][55.136s][info][gc             ] GC(299) Pause Young (Allocation Failure) 23M->14M(31M) 1.409ms
[2025-04-17T09:21:27.135+0000][55.136s][info][gc,cpu         ] GC(299) User=0.00s Sys=0.00s Real=0.01s
[2025-04-17T09:21:27.242+0000][55.243s][info][gc,start       ] GC(300) Pause Young (Allocation Failure)
[2025-04-17T09:21:27.244+0000][55.244s][info][gc,heap        ] GC(300) DefNew: 9201K(10176K)->100K(10176K) Eden: 9088K(9088K)->0K(9088K) From: 113K(1088K)->100K(1088K)
[2025-04-17T09:21:27.244+0000][55.244s][info][gc,heap        ] GC(300) Tenured: 14895K(22464K)->14895K(22464K)
[2025-04-17T09:21:27.244+0000][55.244s][info][gc,metaspace   ] GC(300) Metaspace: 37263K(37632K)->37263K(37632K) NonClass: 32841K(33024K)->32841K(33024K) Class: 4421K(4608K)->4421K(4608K)
[2025-04-17T09:21:27.244+0000][55.244s][info][gc             ] GC(300) Pause Young (Allocation Failure) 23M->14M(31M) 1.468ms
[2025-04-17T09:21:27.244+0000][55.244s][info][gc,cpu         ] GC(300) User=0.00s Sys=0.00s Real=0.00s
[2025-04-17T09:21:27.350+0000][55.351s][info][gc,start       ] GC(301) Pause Young (Allocation Failure)
[2025-04-17T09:21:27.352+0000][55.353s][info][gc,heap        ] GC(301) DefNew: 9188K(10176K)->112K(10176K) Eden: 9088K(9088K)->0K(9088K) From: 100K(1088K)->112K(1088K)
[2025-04-17T09:21:27.352+0000][55.353s][info][gc,heap        ] GC(301) Tenured: 14895K(22464K)->14895K(22464K)
[2025-04-17T09:21:27.352+0000][55.353s][info][gc,metaspace   ] GC(301) Metaspace: 37263K(37632K)->37263K(37632K) NonClass: 32841K(33024K)->32841K(33024K) Class: 4421K(4608K)->4421K(4608K)
[2025-04-17T09:21:27.352+0000][55.353s][info][gc             ] GC(301) Pause Young (Allocation Failure) 23M->14M(31M) 2.043ms
[2025-04-17T09:21:27.352+0000][55.353s][info][gc,cpu         ] GC(301) User=0.01s Sys=0.00s Real=0.00s
[2025-04-17T09:21:27.452+0000][55.453s][info][gc,start       ] GC(302) Pause Young (Allocation Failure)
[2025-04-17T09:21:27.454+0000][55.454s][info][gc,heap        ] GC(302) DefNew: 9200K(10176K)->115K(10176K) Eden: 9087K(9088K)->0K(9088K) From: 112K(1088K)->115K(1088K)
[2025-04-17T09:21:27.454+0000][55.454s][info][gc,heap        ] GC(302) Tenured: 14895K(22464K)->14895K(22464K)
[2025-04-17T09:21:27.454+0000][55.455s][info][gc,metaspace   ] GC(302) Metaspace: 37263K(37632K)->37263K(37632K) NonClass: 32841K(33024K)->32841K(33024K) Class: 4421K(4608K)->4421K(4608K)
[2025-04-17T09:21:27.454+0000][55.455s][info][gc             ] GC(302) Pause Young (Allocation Failure) 23M->14M(31M) 1.502ms
[2025-04-17T09:21:27.454+0000][55.455s][info][gc,cpu         ] GC(302) User=0.00s Sys=0.00s Real=0.00s
[2025-04-17T09:21:27.556+0000][55.557s][info][gc,start       ] GC(303) Pause Young (Allocation Failure)
[2025-04-17T09:21:27.558+0000][55.558s][info][gc,heap        ] GC(303) DefNew: 9203K(10176K)->103K(10176K) Eden: 9088K(9088K)->0K(9088K) From: 115K(1088K)->103K(1088K)
[2025-04-17T09:21:27.558+0000][55.558s][info][gc,heap        ] GC(303) Tenured: 14895K(22464K)->14895K(22464K)
[2025-04-17T09:21:27.558+0000][55.558s][info][gc,metaspace   ] GC(303) Metaspace: 37263K(37632K)->37263K(37632K) NonClass: 32841K(33024K)->32841K(33024K) Class: 4421K(4608K)->4421K(4608K)
[2025-04-17T09:21:27.558+0000][55.558s][info][gc             ] GC(303) Pause Young (Allocation Failure) 23M->14M(31M) 1.468ms
[2025-04-17T09:21:27.558+0000][55.558s][info][gc,cpu         ] GC(303) User=0.00s Sys=0.00s Real=0.00s
[2025-04-17T09:21:27.656+0000][55.656s][info][gc,start       ] GC(304) Pause Young (Allocation Failure)
[2025-04-17T09:21:27.657+0000][55.658s][info][gc,heap        ] GC(304) DefNew: 9191K(10176K)->152K(10176K) Eden: 9088K(9088K)->0K(9088K) From: 103K(1088K)->152K(1088K)
[2025-04-17T09:21:27.657+0000][55.658s][info][gc,heap        ] GC(304) Tenured: 14895K(22464K)->14897K(22464K)
[2025-04-17T09:21:27.657+0000][55.658s][info][gc,metaspace   ] GC(304) Metaspace: 37263K(37632K)->37263K(37632K) NonClass: 32841K(33024K)->32841K(33024K) Class: 4421K(4608K)->4421K(4608K)
[2025-04-17T09:21:27.657+0000][55.658s][info][gc             ] GC(304) Pause Young (Allocation Failure) 23M->14M(31M) 1.489ms
[2025-04-17T09:21:27.657+0000][55.658s][info][gc,cpu         ] GC(304) User=0.00s Sys=0.00s Real=0.00s
[2025-04-17T09:21:27.760+0000][55.761s][info][gc,start       ] GC(305) Pause Young (Allocation Failure)
[2025-04-17T09:21:27.761+0000][55.762s][info][gc,heap        ] GC(305) DefNew: 9240K(10176K)->129K(10176K) Eden: 9088K(9088K)->0K(9088K) From: 152K(1088K)->129K(1088K)
[2025-04-17T09:21:27.762+0000][55.762s][info][gc,heap        ] GC(305) Tenured: 14897K(22464K)->14897K(22464K)
[2025-04-17T09:21:27.762+0000][55.762s][info][gc,metaspace   ] GC(305) Metaspace: 37263K(37632K)->37263K(37632K) NonClass: 32841K(33024K)->32841K(33024K) Class: 4421K(4608K)->4421K(4608K)
[2025-04-17T09:21:27.762+0000][55.762s][info][gc             ] GC(305) Pause Young (Allocation Failure) 23M->14M(31M) 1.328ms
[2025-04-17T09:21:27.762+0000][55.762s][info][gc,cpu         ] GC(305) User=0.00s Sys=0.00s Real=0.00s
[2025-04-17T09:21:27.868+0000][55.869s][info][gc,start       ] GC(306) Pause Young (Allocation Failure)
[2025-04-17T09:21:27.869+0000][55.870s][info][gc,heap        ] GC(306) DefNew: 9217K(10176K)->115K(10176K) Eden: 9087K(9088K)->0K(9088K) From: 129K(1088K)->115K(1088K)
[2025-04-17T09:21:27.870+0000][55.870s][info][gc,heap        ] GC(306) Tenured: 14897K(22464K)->14897K(22464K)
[2025-04-17T09:21:27.870+0000][55.870s][info][gc,metaspace   ] GC(306) Metaspace: 37263K(37632K)->37263K(37632K) NonClass: 32841K(33024K)->32841K(33024K) Class: 4421K(4608K)->4421K(4608K)
[2025-04-17T09:21:27.870+0000][55.870s][info][gc             ] GC(306) Pause Young (Allocation Failure) 23M->14M(31M) 1.495ms
[2025-04-17T09:21:27.870+0000][55.870s][info][gc,cpu         ] GC(306) User=0.00s Sys=0.00s Real=0.00s
[2025-04-17T09:21:27.973+0000][55.973s][info][gc,start       ] GC(307) Pause Young (Allocation Failure)
[2025-04-17T09:21:27.974+0000][55.975s][info][gc,heap        ] GC(307) DefNew: 9203K(10176K)->115K(10176K) Eden: 9088K(9088K)->0K(9088K) From: 115K(1088K)->115K(1088K)
[2025-04-17T09:21:27.974+0000][55.975s][info][gc,heap        ] GC(307) Tenured: 14897K(22464K)->14897K(22464K)
[2025-04-17T09:21:27.974+0000][55.975s][info][gc,metaspace   ] GC(307) Metaspace: 37263K(37632K)->37263K(37632K) NonClass: 32841K(33024K)->32841K(33024K) Class: 4421K(4608K)->4421K(4608K)
[2025-04-17T09:21:27.974+0000][55.975s][info][gc             ] GC(307) Pause Young (Allocation Failure) 23M->14M(31M) 1.462ms
[2025-04-17T09:21:27.974+0000][55.975s][info][gc,cpu         ] GC(307) User=0.00s Sys=0.00s Real=0.01s
[2025-04-17T09:21:28.077+0000][56.077s][info][gc,start       ] GC(308) Pause Young (Allocation Failure)
[2025-04-17T09:21:28.078+0000][56.079s][info][gc,heap        ] GC(308) DefNew: 9203K(10176K)->125K(10176K) Eden: 9088K(9088K)->0K(9088K) From: 115K(1088K)->125K(1088K)
[2025-04-17T09:21:28.078+0000][56.079s][info][gc,heap        ] GC(308) Tenured: 14897K(22464K)->14915K(22464K)
[2025-04-17T09:21:28.078+0000][56.079s][info][gc,metaspace   ] GC(308) Metaspace: 37263K(37632K)->37263K(37632K) NonClass: 32841K(33024K)->32841K(33024K) Class: 4421K(4608K)->4421K(4608K)
[2025-04-17T09:21:28.078+0000][56.079s][info][gc             ] GC(308) Pause Young (Allocation Failure) 23M->14M(31M) 1.649ms
[2025-04-17T09:21:28.078+0000][56.079s][info][gc,cpu         ] GC(308) User=0.00s Sys=0.00s Real=0.00s
[2025-04-17T09:21:28.169+0000][56.169s][info][gc,start       ] GC(309) Pause Young (Allocation Failure)
[2025-04-17T09:21:28.170+0000][56.171s][info][gc,heap        ] GC(309) DefNew: 9213K(10176K)->98K(10176K) Eden: 9088K(9088K)->0K(9088K) From: 125K(1088K)->98K(1088K)
[2025-04-17T09:21:28.170+0000][56.171s][info][gc,heap        ] GC(309) Tenured: 14915K(22464K)->14915K(22464K)
[2025-04-17T09:21:28.170+0000][56.171s][info][gc,metaspace   ] GC(309) Metaspace: 37263K(37632K)->37263K(37632K) NonClass: 32841K(33024K)->32841K(33024K) Class: 4421K(4608K)->4421K(4608K)
[2025-04-17T09:21:28.170+0000][56.171s][info][gc             ] GC(309) Pause Young (Allocation Failure) 23M->14M(31M) 1.479ms
[2025-04-17T09:21:28.170+0000][56.171s][info][gc,cpu         ] GC(309) User=0.00s Sys=0.00s Real=0.00s
[2025-04-17T09:21:28.259+0000][56.259s][info][gc,start       ] GC(310) Pause Young (Allocation Failure)
[2025-04-17T09:21:28.260+0000][56.261s][info][gc,heap        ] GC(310) DefNew: 9186K(10176K)->110K(10176K) Eden: 9088K(9088K)->0K(9088K) From: 98K(1088K)->110K(1088K)
[2025-04-17T09:21:28.260+0000][56.261s][info][gc,heap        ] GC(310) Tenured: 14915K(22464K)->14916K(22464K)
[2025-04-17T09:21:28.260+0000][56.261s][info][gc,metaspace   ] GC(310) Metaspace: 37263K(37632K)->37263K(37632K) NonClass: 32841K(33024K)->32841K(33024K) Class: 4421K(4608K)->4421K(4608K)
[2025-04-17T09:21:28.260+0000][56.261s][info][gc             ] GC(310) Pause Young (Allocation Failure) 23M->14M(31M) 1.447ms
[2025-04-17T09:21:28.260+0000][56.261s][info][gc,cpu         ] GC(310) User=0.01s Sys=0.00s Real=0.00s
[2025-04-17T09:21:28.372+0000][56.373s][info][gc,start       ] GC(311) Pause Young (Allocation Failure)
[2025-04-17T09:21:28.373+0000][56.374s][info][gc,heap        ] GC(311) DefNew: 9191K(10176K)->138K(10176K) Eden: 9080K(9088K)->0K(9088K) From: 110K(1088K)->138K(1088K)
[2025-04-17T09:21:28.373+0000][56.374s][info][gc,heap        ] GC(311) Tenured: 14916K(22464K)->14917K(22464K)
[2025-04-17T09:21:28.373+0000][56.374s][info][gc,metaspace   ] GC(311) Metaspace: 37263K(37632K)->37263K(37632K) NonClass: 32841K(33024K)->32841K(33024K) Class: 4421K(4608K)->4421K(4608K)
[2025-04-17T09:21:28.373+0000][56.374s][info][gc             ] GC(311) Pause Young (Allocation Failure) 23M->14M(31M) 1.431ms
[2025-04-17T09:21:28.373+0000][56.374s][info][gc,cpu         ] GC(311) User=0.00s Sys=0.00s Real=0.00s
[2025-04-17T09:21:28.501+0000][56.502s][info][gc,start       ] GC(312) Pause Young (Allocation Failure)
[2025-04-17T09:21:28.502+0000][56.503s][info][gc,heap        ] GC(312) DefNew: 9226K(10176K)->110K(10176K) Eden: 9088K(9088K)->0K(9088K) From: 138K(1088K)->110K(1088K)
[2025-04-17T09:21:28.502+0000][56.503s][info][gc,heap        ] GC(312) Tenured: 14917K(22464K)->14919K(22464K)
[2025-04-17T09:21:28.502+0000][56.503s][info][gc,metaspace   ] GC(312) Metaspace: 37263K(37632K)->37263K(37632K) NonClass: 32841K(33024K)->32841K(33024K) Class: 4421K(4608K)->4421K(4608K)
[2025-04-17T09:21:28.502+0000][56.503s][info][gc             ] GC(312) Pause Young (Allocation Failure) 23M->14M(31M) 1.457ms
[2025-04-17T09:21:28.502+0000][56.503s][info][gc,cpu         ] GC(312) User=0.00s Sys=0.00s Real=0.00s
[2025-04-17T09:21:28.618+0000][56.619s][info][gc,start       ] GC(313) Pause Young (Allocation Failure)
[2025-04-17T09:21:28.620+0000][56.620s][info][gc,heap        ] GC(313) DefNew: 9195K(10176K)->97K(10176K) Eden: 9085K(9088K)->0K(9088K) From: 110K(1088K)->97K(1088K)
[2025-04-17T09:21:28.620+0000][56.620s][info][gc,heap        ] GC(313) Tenured: 14919K(22464K)->14919K(22464K)
[2025-04-17T09:21:28.620+0000][56.620s][info][gc,metaspace   ] GC(313) Metaspace: 37263K(37632K)->37263K(37632K) NonClass: 32841K(33024K)->32841K(33024K) Class: 4421K(4608K)->4421K(4608K)
[2025-04-17T09:21:28.620+0000][56.620s][info][gc             ] GC(313) Pause Young (Allocation Failure) 23M->14M(31M) 1.913ms
[2025-04-17T09:21:28.620+0000][56.620s][info][gc,cpu         ] GC(313) User=0.00s Sys=0.00s Real=0.00s
[2025-04-17T09:21:28.685+0000][56.686s][info][gc,start       ] GC(314) Pause Young (Allocation Failure)
[2025-04-17T09:21:28.686+0000][56.687s][info][gc,heap        ] GC(314) DefNew: 9185K(10176K)->148K(10176K) Eden: 9088K(9088K)->0K(9088K) From: 97K(1088K)->148K(1088K)
[2025-04-17T09:21:28.686+0000][56.687s][info][gc,heap        ] GC(314) Tenured: 14919K(22464K)->14919K(22464K)
[2025-04-17T09:21:28.686+0000][56.687s][info][gc,metaspace   ] GC(314) Metaspace: 37263K(37632K)->37263K(37632K) NonClass: 32841K(33024K)->32841K(33024K) Class: 4421K(4608K)->4421K(4608K)
[2025-04-17T09:21:28.686+0000][56.687s][info][gc             ] GC(314) Pause Young (Allocation Failure) 23M->14M(31M) 1.435ms
[2025-04-17T09:21:28.686+0000][56.687s][info][gc,cpu         ] GC(314) User=0.00s Sys=0.00s Real=0.00s
[2025-04-17T09:21:28.786+0000][56.786s][info][gc,start       ] GC(315) Pause Young (Allocation Failure)
[2025-04-17T09:21:28.787+0000][56.788s][info][gc,heap        ] GC(315) DefNew: 9236K(10176K)->141K(10176K) Eden: 9088K(9088K)->0K(9088K) From: 148K(1088K)->141K(1088K)
[2025-04-17T09:21:28.787+0000][56.788s][info][gc,heap        ] GC(315) Tenured: 14919K(22464K)->14920K(22464K)
[2025-04-17T09:21:28.787+0000][56.788s][info][gc,metaspace   ] GC(315) Metaspace: 37263K(37632K)->37263K(37632K) NonClass: 32841K(33024K)->32841K(33024K) Class: 4421K(4608K)->4421K(4608K)
[2025-04-17T09:21:28.787+0000][56.788s][info][gc             ] GC(315) Pause Young (Allocation Failure) 23M->14M(31M) 1.447ms
[2025-04-17T09:21:28.787+0000][56.788s][info][gc,cpu         ] GC(315) User=0.00s Sys=0.00s Real=0.00s
[2025-04-17T09:21:28.899+0000][56.900s][info][gc,start       ] GC(316) Pause Young (Allocation Failure)
[2025-04-17T09:21:28.901+0000][56.902s][info][gc,heap        ] GC(316) DefNew: 9229K(10176K)->216K(10176K) Eden: 9088K(9088K)->0K(9088K) From: 141K(1088K)->216K(1088K)
[2025-04-17T09:21:28.901+0000][56.902s][info][gc,heap        ] GC(316) Tenured: 14920K(22464K)->14921K(22464K)
[2025-04-17T09:21:28.901+0000][56.902s][info][gc,metaspace   ] GC(316) Metaspace: 37263K(37632K)->37263K(37632K) NonClass: 32841K(33024K)->32841K(33024K) Class: 4421K(4608K)->4421K(4608K)
[2025-04-17T09:21:28.901+0000][56.902s][info][gc             ] GC(316) Pause Young (Allocation Failure) 23M->14M(31M) 1.580ms
[2025-04-17T09:21:28.901+0000][56.902s][info][gc,cpu         ] GC(316) User=0.00s Sys=0.00s Real=0.00s
[2025-04-17T09:21:29.009+0000][57.010s][info][gc,start       ] GC(317) Pause Young (Allocation Failure)
[2025-04-17T09:21:29.010+0000][57.011s][info][gc,heap        ] GC(317) DefNew: 9304K(10176K)->174K(10176K) Eden: 9088K(9088K)->0K(9088K) From: 216K(1088K)->174K(1088K)
[2025-04-17T09:21:29.010+0000][57.011s][info][gc,heap        ] GC(317) Tenured: 14921K(22464K)->14921K(22464K)
[2025-04-17T09:21:29.010+0000][57.011s][info][gc,metaspace   ] GC(317) Metaspace: 37263K(37632K)->37263K(37632K) NonClass: 32841K(33024K)->32841K(33024K) Class: 4421K(4608K)->4421K(4608K)
[2025-04-17T09:21:29.010+0000][57.011s][info][gc             ] GC(317) Pause Young (Allocation Failure) 23M->14M(31M) 1.501ms
[2025-04-17T09:21:29.010+0000][57.011s][info][gc,cpu         ] GC(317) User=0.00s Sys=0.00s Real=0.00s
[2025-04-17T09:21:29.121+0000][57.121s][info][gc,start       ] GC(318) Pause Young (Allocation Failure)
[2025-04-17T09:21:29.122+0000][57.123s][info][gc,heap        ] GC(318) DefNew: 9262K(10176K)->208K(10176K) Eden: 9088K(9088K)->0K(9088K) From: 174K(1088K)->208K(1088K)
[2025-04-17T09:21:29.122+0000][57.123s][info][gc,heap        ] GC(318) Tenured: 14921K(22464K)->14921K(22464K)
[2025-04-17T09:21:29.122+0000][57.123s][info][gc,metaspace   ] GC(318) Metaspace: 37263K(37632K)->37263K(37632K) NonClass: 32841K(33024K)->32841K(33024K) Class: 4421K(4608K)->4421K(4608K)
[2025-04-17T09:21:29.122+0000][57.123s][info][gc             ] GC(318) Pause Young (Allocation Failure) 23M->14M(31M) 1.680ms
[2025-04-17T09:21:29.122+0000][57.123s][info][gc,cpu         ] GC(318) User=0.00s Sys=0.00s Real=0.00s
[2025-04-17T09:21:29.229+0000][57.229s][info][gc,start       ] GC(319) Pause Young (Allocation Failure)
[2025-04-17T09:21:29.231+0000][57.231s][info][gc,heap        ] GC(319) DefNew: 9296K(10176K)->176K(10176K) Eden: 9088K(9088K)->0K(9088K) From: 208K(1088K)->176K(1088K)
[2025-04-17T09:21:29.231+0000][57.231s][info][gc,heap        ] GC(319) Tenured: 14921K(22464K)->14939K(22464K)
[2025-04-17T09:21:29.231+0000][57.231s][info][gc,metaspace   ] GC(319) Metaspace: 37263K(37632K)->37263K(37632K) NonClass: 32841K(33024K)->32841K(33024K) Class: 4421K(4608K)->4421K(4608K)
[2025-04-17T09:21:29.231+0000][57.231s][info][gc             ] GC(319) Pause Young (Allocation Failure) 23M->14M(31M) 1.821ms
[2025-04-17T09:21:29.231+0000][57.231s][info][gc,cpu         ] GC(319) User=0.01s Sys=0.00s Real=0.00s
[2025-04-17T09:21:29.326+0000][57.326s][info][gc,start       ] GC(320) Pause Young (Allocation Failure)
[2025-04-17T09:21:29.327+0000][57.328s][info][gc,heap        ] GC(320) DefNew: 9264K(10176K)->186K(10176K) Eden: 9088K(9088K)->0K(9088K) From: 176K(1088K)->186K(1088K)
[2025-04-17T09:21:29.327+0000][57.328s][info][gc,heap        ] GC(320) Tenured: 14939K(22464K)->14939K(22464K)
[2025-04-17T09:21:29.327+0000][57.328s][info][gc,metaspace   ] GC(320) Metaspace: 37263K(37632K)->37263K(37632K) NonClass: 32841K(33024K)->32841K(33024K) Class: 4421K(4608K)->4421K(4608K)
[2025-04-17T09:21:29.327+0000][57.328s][info][gc             ] GC(320) Pause Young (Allocation Failure) 23M->14M(31M) 1.533ms
[2025-04-17T09:21:29.327+0000][57.328s][info][gc,cpu         ] GC(320) User=0.00s Sys=0.01s Real=0.00s
[2025-04-17T09:21:29.424+0000][57.424s][info][gc,start       ] GC(321) Pause Young (Allocation Failure)
[2025-04-17T09:21:29.425+0000][57.426s][info][gc,heap        ] GC(321) DefNew: 9274K(10176K)->179K(10176K) Eden: 9088K(9088K)->0K(9088K) From: 186K(1088K)->179K(1088K)
[2025-04-17T09:21:29.425+0000][57.426s][info][gc,heap        ] GC(321) Tenured: 14939K(22464K)->14939K(22464K)
[2025-04-17T09:21:29.425+0000][57.426s][info][gc,metaspace   ] GC(321) Metaspace: 37263K(37632K)->37263K(37632K) NonClass: 32841K(33024K)->32841K(33024K) Class: 4421K(4608K)->4421K(4608K)
[2025-04-17T09:21:29.425+0000][57.426s][info][gc             ] GC(321) Pause Young (Allocation Failure) 23M->14M(31M) 1.511ms
[2025-04-17T09:21:29.425+0000][57.426s][info][gc,cpu         ] GC(321) User=0.00s Sys=0.00s Real=0.01s
[2025-04-17T09:21:29.529+0000][57.530s][info][gc,start       ] GC(322) Pause Young (Allocation Failure)
[2025-04-17T09:21:29.530+0000][57.531s][info][gc,heap        ] GC(322) DefNew: 9267K(10176K)->185K(10176K) Eden: 9088K(9088K)->0K(9088K) From: 179K(1088K)->185K(1088K)
[2025-04-17T09:21:29.531+0000][57.531s][info][gc,heap        ] GC(322) Tenured: 14939K(22464K)->14939K(22464K)
[2025-04-17T09:21:29.531+0000][57.531s][info][gc,metaspace   ] GC(322) Metaspace: 37263K(37632K)->37263K(37632K) NonClass: 32841K(33024K)->32841K(33024K) Class: 4421K(4608K)->4421K(4608K)
[2025-04-17T09:21:29.531+0000][57.531s][info][gc             ] GC(322) Pause Young (Allocation Failure) 23M->14M(31M) 1.477ms
[2025-04-17T09:21:29.531+0000][57.531s][info][gc,cpu         ] GC(322) User=0.00s Sys=0.00s Real=0.00s
[2025-04-17T09:21:29.615+0000][57.616s][info][gc,start       ] GC(323) Pause Young (Allocation Failure)
[2025-04-17T09:21:29.617+0000][57.617s][info][gc,heap        ] GC(323) DefNew: 9273K(10176K)->196K(10176K) Eden: 9088K(9088K)->0K(9088K) From: 185K(1088K)->196K(1088K)
[2025-04-17T09:21:29.617+0000][57.617s][info][gc,heap        ] GC(323) Tenured: 14939K(22464K)->14939K(22464K)
[2025-04-17T09:21:29.617+0000][57.617s][info][gc,metaspace   ] GC(323) Metaspace: 37263K(37632K)->37263K(37632K) NonClass: 32841K(33024K)->32841K(33024K) Class: 4421K(4608K)->4421K(4608K)
[2025-04-17T09:21:29.617+0000][57.617s][info][gc             ] GC(323) Pause Young (Allocation Failure) 23M->14M(31M) 1.512ms
[2025-04-17T09:21:29.617+0000][57.617s][info][gc,cpu         ] GC(323) User=0.00s Sys=0.00s Real=0.00s
[2025-04-17T09:21:29.719+0000][57.720s][info][gc,start       ] GC(324) Pause Young (Allocation Failure)
[2025-04-17T09:21:29.720+0000][57.721s][info][gc,heap        ] GC(324) DefNew: 9284K(10176K)->161K(10176K) Eden: 9088K(9088K)->0K(9088K) From: 196K(1088K)->161K(1088K)
[2025-04-17T09:21:29.720+0000][57.721s][info][gc,heap        ] GC(324) Tenured: 14939K(22464K)->14940K(22464K)
[2025-04-17T09:21:29.720+0000][57.721s][info][gc,metaspace   ] GC(324) Metaspace: 37263K(37632K)->37263K(37632K) NonClass: 32841K(33024K)->32841K(33024K) Class: 4421K(4608K)->4421K(4608K)
[2025-04-17T09:21:29.720+0000][57.721s][info][gc             ] GC(324) Pause Young (Allocation Failure) 23M->14M(31M) 1.525ms
[2025-04-17T09:21:29.720+0000][57.721s][info][gc,cpu         ] GC(324) User=0.01s Sys=0.00s Real=0.00s
[2025-04-17T09:21:29.815+0000][57.816s][info][gc,start       ] GC(325) Pause Young (Allocation Failure)
[2025-04-17T09:21:29.817+0000][57.817s][info][gc,heap        ] GC(325) DefNew: 9249K(10176K)->205K(10176K) Eden: 9088K(9088K)->0K(9088K) From: 161K(1088K)->205K(1088K)
[2025-04-17T09:21:29.817+0000][57.817s][info][gc,heap        ] GC(325) Tenured: 14940K(22464K)->14941K(22464K)
[2025-04-17T09:21:29.817+0000][57.817s][info][gc,metaspace   ] GC(325) Metaspace: 37263K(37632K)->37263K(37632K) NonClass: 32841K(33024K)->32841K(33024K) Class: 4421K(4608K)->4421K(4608K)
[2025-04-17T09:21:29.817+0000][57.817s][info][gc             ] GC(325) Pause Young (Allocation Failure) 23M->14M(31M) 1.351ms
[2025-04-17T09:21:29.817+0000][57.817s][info][gc,cpu         ] GC(325) User=0.00s Sys=0.00s Real=0.00s
[2025-04-17T09:21:29.919+0000][57.920s][info][gc,start       ] GC(326) Pause Young (Allocation Failure)
[2025-04-17T09:21:29.921+0000][57.922s][info][gc,heap        ] GC(326) DefNew: 9293K(10176K)->187K(10176K) Eden: 9088K(9088K)->0K(9088K) From: 205K(1088K)->187K(1088K)
[2025-04-17T09:21:29.921+0000][57.922s][info][gc,heap        ] GC(326) Tenured: 14941K(22464K)->14942K(22464K)
[2025-04-17T09:21:29.921+0000][57.922s][info][gc,metaspace   ] GC(326) Metaspace: 37263K(37632K)->37263K(37632K) NonClass: 32841K(33024K)->32841K(33024K) Class: 4421K(4608K)->4421K(4608K)
[2025-04-17T09:21:29.921+0000][57.922s][info][gc             ] GC(326) Pause Young (Allocation Failure) 23M->14M(31M) 1.467ms
[2025-04-17T09:21:29.921+0000][57.922s][info][gc,cpu         ] GC(326) User=0.00s Sys=0.00s Real=0.00s
[2025-04-17T09:21:30.020+0000][58.020s][info][gc,start       ] GC(327) Pause Young (Allocation Failure)
[2025-04-17T09:21:30.021+0000][58.022s][info][gc,heap        ] GC(327) DefNew: 9275K(10176K)->157K(10176K) Eden: 9087K(9088K)->0K(9088K) From: 187K(1088K)->157K(1088K)
[2025-04-17T09:21:30.021+0000][58.022s][info][gc,heap        ] GC(327) Tenured: 14942K(22464K)->14942K(22464K)
[2025-04-17T09:21:30.021+0000][58.022s][info][gc,metaspace   ] GC(327) Metaspace: 37263K(37632K)->37263K(37632K) NonClass: 32841K(33024K)->32841K(33024K) Class: 4421K(4608K)->4421K(4608K)
[2025-04-17T09:21:30.021+0000][58.022s][info][gc             ] GC(327) Pause Young (Allocation Failure) 23M->14M(31M) 1.496ms
[2025-04-17T09:21:30.021+0000][58.022s][info][gc,cpu         ] GC(327) User=0.00s Sys=0.00s Real=0.00s
[2025-04-17T09:21:30.106+0000][58.107s][info][gc,start       ] GC(328) Pause Young (Allocation Failure)
[2025-04-17T09:21:30.108+0000][58.108s][info][gc,heap        ] GC(328) DefNew: 9245K(10176K)->191K(10176K) Eden: 9088K(9088K)->0K(9088K) From: 157K(1088K)->191K(1088K)
[2025-04-17T09:21:30.108+0000][58.108s][info][gc,heap        ] GC(328) Tenured: 14942K(22464K)->14944K(22464K)
[2025-04-17T09:21:30.108+0000][58.108s][info][gc,metaspace   ] GC(328) Metaspace: 37263K(37632K)->37263K(37632K) NonClass: 32841K(33024K)->32841K(33024K) Class: 4421K(4608K)->4421K(4608K)
[2025-04-17T09:21:30.108+0000][58.108s][info][gc             ] GC(328) Pause Young (Allocation Failure) 23M->14M(31M) 1.443ms
[2025-04-17T09:21:30.108+0000][58.108s][info][gc,cpu         ] GC(328) User=0.01s Sys=0.00s Real=0.00s
[2025-04-17T09:21:30.213+0000][58.214s][info][gc,start       ] GC(329) Pause Young (Allocation Failure)
[2025-04-17T09:21:30.214+0000][58.215s][info][gc,heap        ] GC(329) DefNew: 9279K(10176K)->148K(10176K) Eden: 9087K(9088K)->0K(9088K) From: 191K(1088K)->148K(1088K)
[2025-04-17T09:21:30.215+0000][58.215s][info][gc,heap        ] GC(329) Tenured: 14944K(22464K)->14975K(22464K)
[2025-04-17T09:21:30.215+0000][58.215s][info][gc,metaspace   ] GC(329) Metaspace: 37263K(37632K)->37263K(37632K) NonClass: 32841K(33024K)->32841K(33024K) Class: 4421K(4608K)->4421K(4608K)
[2025-04-17T09:21:30.215+0000][58.215s][info][gc             ] GC(329) Pause Young (Allocation Failure) 23M->14M(31M) 1.672ms
[2025-04-17T09:21:30.215+0000][58.215s][info][gc,cpu         ] GC(329) User=0.00s Sys=0.00s Real=0.01s
[2025-04-17T09:21:30.298+0000][58.298s][info][gc,start       ] GC(330) Pause Young (Allocation Failure)
[2025-04-17T09:21:30.299+0000][58.300s][info][gc,heap        ] GC(330) DefNew: 9236K(10176K)->145K(10176K) Eden: 9087K(9088K)->0K(9088K) From: 148K(1088K)->145K(1088K)
[2025-04-17T09:21:30.299+0000][58.300s][info][gc,heap        ] GC(330) Tenured: 14975K(22464K)->14975K(22464K)
[2025-04-17T09:21:30.299+0000][58.300s][info][gc,metaspace   ] GC(330) Metaspace: 37263K(37632K)->37263K(37632K) NonClass: 32841K(33024K)->32841K(33024K) Class: 4421K(4608K)->4421K(4608K)
[2025-04-17T09:21:30.299+0000][58.300s][info][gc             ] GC(330) Pause Young (Allocation Failure) 23M->14M(31M) 1.452ms
[2025-04-17T09:21:30.299+0000][58.300s][info][gc,cpu         ] GC(330) User=0.00s Sys=0.00s Real=0.00s
[2025-04-17T09:21:30.403+0000][58.403s][info][gc,start       ] GC(331) Pause Young (Allocation Failure)
[2025-04-17T09:21:30.404+0000][58.405s][info][gc,heap        ] GC(331) DefNew: 9233K(10176K)->124K(10176K) Eden: 9088K(9088K)->0K(9088K) From: 145K(1088K)->124K(1088K)
[2025-04-17T09:21:30.404+0000][58.405s][info][gc,heap        ] GC(331) Tenured: 14975K(22464K)->15023K(22464K)
[2025-04-17T09:21:30.404+0000][58.405s][info][gc,metaspace   ] GC(331) Metaspace: 37263K(37632K)->37263K(37632K) NonClass: 32841K(33024K)->32841K(33024K) Class: 4421K(4608K)->4421K(4608K)
[2025-04-17T09:21:30.404+0000][58.405s][info][gc             ] GC(331) Pause Young (Allocation Failure) 23M->14M(31M) 1.502ms
[2025-04-17T09:21:30.404+0000][58.405s][info][gc,cpu         ] GC(331) User=0.00s Sys=0.00s Real=0.01s
[2025-04-17T09:21:30.518+0000][58.518s][info][gc,start       ] GC(332) Pause Young (Allocation Failure)
[2025-04-17T09:21:30.519+0000][58.520s][info][gc,heap        ] GC(332) DefNew: 9212K(10176K)->174K(10176K) Eden: 9088K(9088K)->0K(9088K) From: 124K(1088K)->174K(1088K)
[2025-04-17T09:21:30.519+0000][58.520s][info][gc,heap        ] GC(332) Tenured: 15023K(22464K)->15023K(22464K)
[2025-04-17T09:21:30.519+0000][58.520s][info][gc,metaspace   ] GC(332) Metaspace: 37263K(37632K)->37263K(37632K) NonClass: 32841K(33024K)->32841K(33024K) Class: 4421K(4608K)->4421K(4608K)
[2025-04-17T09:21:30.519+0000][58.520s][info][gc             ] GC(332) Pause Young (Allocation Failure) 23M->14M(31M) 1.543ms
[2025-04-17T09:21:30.519+0000][58.520s][info][gc,cpu         ] GC(332) User=0.01s Sys=0.00s Real=0.00s
[2025-04-17T09:21:30.626+0000][58.627s][info][gc,start       ] GC(333) Pause Young (Allocation Failure)
[2025-04-17T09:21:30.628+0000][58.628s][info][gc,heap        ] GC(333) DefNew: 9262K(10176K)->112K(10176K) Eden: 9088K(9088K)->0K(9088K) From: 174K(1088K)->112K(1088K)
[2025-04-17T09:21:30.628+0000][58.628s][info][gc,heap        ] GC(333) Tenured: 15023K(22464K)->15023K(22464K)
[2025-04-17T09:21:30.628+0000][58.628s][info][gc,metaspace   ] GC(333) Metaspace: 37263K(37632K)->37263K(37632K) NonClass: 32841K(33024K)->32841K(33024K) Class: 4421K(4608K)->4421K(4608K)
[2025-04-17T09:21:30.628+0000][58.628s][info][gc             ] GC(333) Pause Young (Allocation Failure) 23M->14M(31M) 1.495ms
[2025-04-17T09:21:30.628+0000][58.628s][info][gc,cpu         ] GC(333) User=0.01s Sys=0.00s Real=0.00s
[2025-04-17T09:21:30.715+0000][58.716s][info][gc,start       ] GC(334) Pause Young (Allocation Failure)
[2025-04-17T09:21:30.717+0000][58.717s][info][gc,heap        ] GC(334) DefNew: 9200K(10176K)->115K(10176K) Eden: 9087K(9088K)->0K(9088K) From: 112K(1088K)->115K(1088K)
[2025-04-17T09:21:30.717+0000][58.717s][info][gc,heap        ] GC(334) Tenured: 15023K(22464K)->15025K(22464K)
[2025-04-17T09:21:30.717+0000][58.717s][info][gc,metaspace   ] GC(334) Metaspace: 37263K(37632K)->37263K(37632K) NonClass: 32841K(33024K)->32841K(33024K) Class: 4421K(4608K)->4421K(4608K)
[2025-04-17T09:21:30.717+0000][58.717s][info][gc             ] GC(334) Pause Young (Allocation Failure) 23M->14M(31M) 1.596ms
[2025-04-17T09:21:30.717+0000][58.717s][info][gc,cpu         ] GC(334) User=0.01s Sys=0.00s Real=0.00s
[2025-04-17T09:21:30.821+0000][58.821s][info][gc,start       ] GC(335) Pause Young (Allocation Failure)
[2025-04-17T09:21:30.822+0000][58.823s][info][gc,heap        ] GC(335) DefNew: 9203K(10176K)->122K(10176K) Eden: 9087K(9088K)->0K(9088K) From: 115K(1088K)->122K(1088K)
[2025-04-17T09:21:30.822+0000][58.823s][info][gc,heap        ] GC(335) Tenured: 15025K(22464K)->15025K(22464K)
[2025-04-17T09:21:30.822+0000][58.823s][info][gc,metaspace   ] GC(335) Metaspace: 37264K(37632K)->37264K(37632K) NonClass: 32842K(33024K)->32842K(33024K) Class: 4421K(4608K)->4421K(4608K)
[2025-04-17T09:21:30.822+0000][58.823s][info][gc             ] GC(335) Pause Young (Allocation Failure) 23M->14M(31M) 1.486ms
[2025-04-17T09:21:30.822+0000][58.823s][info][gc,cpu         ] GC(335) User=0.00s Sys=0.00s Real=0.00s
[2025-04-17T09:21:30.926+0000][58.927s][info][gc,start       ] GC(336) Pause Young (Allocation Failure)
[2025-04-17T09:21:30.928+0000][58.929s][info][gc,heap        ] GC(336) DefNew: 9209K(10176K)->121K(10176K) Eden: 9087K(9088K)->0K(9088K) From: 122K(1088K)->121K(1088K)
[2025-04-17T09:21:30.928+0000][58.929s][info][gc,heap        ] GC(336) Tenured: 15025K(22464K)->15026K(22464K)
[2025-04-17T09:21:30.928+0000][58.929s][info][gc,metaspace   ] GC(336) Metaspace: 37264K(37632K)->37264K(37632K) NonClass: 32842K(33024K)->32842K(33024K) Class: 4421K(4608K)->4421K(4608K)
[2025-04-17T09:21:30.928+0000][58.929s][info][gc             ] GC(336) Pause Young (Allocation Failure) 23M->14M(31M) 1.636ms
[2025-04-17T09:21:30.928+0000][58.929s][info][gc,cpu         ] GC(336) User=0.00s Sys=0.00s Real=0.00s
[2025-04-17T09:21:30.989+0000][58.989s][info][gc,start       ] GC(337) Pause Young (Allocation Failure)
[2025-04-17T09:21:30.990+0000][58.991s][info][gc,heap        ] GC(337) DefNew: 9209K(10176K)->99K(10176K) Eden: 9088K(9088K)->0K(9088K) From: 121K(1088K)->99K(1088K)
[2025-04-17T09:21:30.990+0000][58.991s][info][gc,heap        ] GC(337) Tenured: 15026K(22464K)->15026K(22464K)
[2025-04-17T09:21:30.990+0000][58.991s][info][gc,metaspace   ] GC(337) Metaspace: 37264K(37632K)->37264K(37632K) NonClass: 32842K(33024K)->32842K(33024K) Class: 4421K(4608K)->4421K(4608K)
[2025-04-17T09:21:30.990+0000][58.991s][info][gc             ] GC(337) Pause Young (Allocation Failure) 23M->14M(31M) 1.371ms
[2025-04-17T09:21:30.990+0000][58.991s][info][gc,cpu         ] GC(337) User=0.00s Sys=0.00s Real=0.00s
[2025-04-17T09:21:31.095+0000][59.096s][info][gc,start       ] GC(338) Pause Young (Allocation Failure)
[2025-04-17T09:21:31.097+0000][59.097s][info][gc,heap        ] GC(338) DefNew: 9183K(10176K)->117K(10176K) Eden: 9083K(9088K)->0K(9088K) From: 99K(1088K)->117K(1088K)
[2025-04-17T09:21:31.097+0000][59.097s][info][gc,heap        ] GC(338) Tenured: 15026K(22464K)->15028K(22464K)
[2025-04-17T09:21:31.097+0000][59.097s][info][gc,metaspace   ] GC(338) Metaspace: 37264K(37632K)->37264K(37632K) NonClass: 32842K(33024K)->32842K(33024K) Class: 4421K(4608K)->4421K(4608K)
[2025-04-17T09:21:31.097+0000][59.097s][info][gc             ] GC(338) Pause Young (Allocation Failure) 23M->14M(31M) 1.434ms
[2025-04-17T09:21:31.097+0000][59.097s][info][gc,cpu         ] GC(338) User=0.00s Sys=0.00s Real=0.00s
[2025-04-17T09:21:31.219+0000][59.219s][info][gc,start       ] GC(339) Pause Young (Allocation Failure)
[2025-04-17T09:21:31.220+0000][59.221s][info][gc,heap        ] GC(339) DefNew: 9205K(10176K)->100K(10176K) Eden: 9088K(9088K)->0K(9088K) From: 117K(1088K)->100K(1088K)
[2025-04-17T09:21:31.220+0000][59.221s][info][gc,heap        ] GC(339) Tenured: 15028K(22464K)->15028K(22464K)
[2025-04-17T09:21:31.220+0000][59.221s][info][gc,metaspace   ] GC(339) Metaspace: 37264K(37632K)->37264K(37632K) NonClass: 32842K(33024K)->32842K(33024K) Class: 4421K(4608K)->4421K(4608K)
[2025-04-17T09:21:31.220+0000][59.221s][info][gc             ] GC(339) Pause Young (Allocation Failure) 23M->14M(31M) 1.498ms
[2025-04-17T09:21:31.220+0000][59.221s][info][gc,cpu         ] GC(339) User=0.00s Sys=0.00s Real=0.00s
[2025-04-17T09:21:31.303+0000][59.303s][info][gc,start       ] GC(340) Pause Young (Allocation Failure)
[2025-04-17T09:21:31.304+0000][59.304s][info][gc,heap        ] GC(340) DefNew: 9185K(10176K)->100K(10176K) Eden: 9085K(9088K)->0K(9088K) From: 100K(1088K)->100K(1088K)
[2025-04-17T09:21:31.304+0000][59.304s][info][gc,heap        ] GC(340) Tenured: 15028K(22464K)->15028K(22464K)
[2025-04-17T09:21:31.304+0000][59.304s][info][gc,metaspace   ] GC(340) Metaspace: 37264K(37632K)->37264K(37632K) NonClass: 32842K(33024K)->32842K(33024K) Class: 4421K(4608K)->4421K(4608K)
[2025-04-17T09:21:31.304+0000][59.305s][info][gc             ] GC(340) Pause Young (Allocation Failure) 23M->14M(31M) 1.367ms
[2025-04-17T09:21:31.304+0000][59.305s][info][gc,cpu         ] GC(340) User=0.00s Sys=0.00s Real=0.00s
[2025-04-17T09:21:31.401+0000][59.402s][info][gc,start       ] GC(341) Pause Young (Allocation Failure)
[2025-04-17T09:21:31.402+0000][59.403s][info][gc,heap        ] GC(341) DefNew: 9188K(10176K)->113K(10176K) Eden: 9088K(9088K)->0K(9088K) From: 100K(1088K)->113K(1088K)
[2025-04-17T09:21:31.402+0000][59.403s][info][gc,heap        ] GC(341) Tenured: 15028K(22464K)->15028K(22464K)
[2025-04-17T09:21:31.402+0000][59.403s][info][gc,metaspace   ] GC(341) Metaspace: 37264K(37632K)->37264K(37632K) NonClass: 32842K(33024K)->32842K(33024K) Class: 4421K(4608K)->4421K(4608K)
[2025-04-17T09:21:31.402+0000][59.403s][info][gc             ] GC(341) Pause Young (Allocation Failure) 23M->14M(31M) 1.336ms
[2025-04-17T09:21:31.402+0000][59.403s][info][gc,cpu         ] GC(341) User=0.00s Sys=0.00s Real=0.00s
[2025-04-17T09:21:31.496+0000][59.497s][info][gc,start       ] GC(342) Pause Young (Allocation Failure)
[2025-04-17T09:21:31.497+0000][59.498s][info][gc,heap        ] GC(342) DefNew: 9201K(10176K)->132K(10176K) Eden: 9088K(9088K)->0K(9088K) From: 113K(1088K)->132K(1088K)
[2025-04-17T09:21:31.497+0000][59.498s][info][gc,heap        ] GC(342) Tenured: 15028K(22464K)->15028K(22464K)
[2025-04-17T09:21:31.497+0000][59.498s][info][gc,metaspace   ] GC(342) Metaspace: 37264K(37632K)->37264K(37632K) NonClass: 32842K(33024K)->32842K(33024K) Class: 4421K(4608K)->4421K(4608K)
[2025-04-17T09:21:31.498+0000][59.498s][info][gc             ] GC(342) Pause Young (Allocation Failure) 23M->14M(31M) 1.358ms
[2025-04-17T09:21:31.498+0000][59.498s][info][gc,cpu         ] GC(342) User=0.00s Sys=0.00s Real=0.00s
[2025-04-17T09:21:31.582+0000][59.582s][info][gc,start       ] GC(343) Pause Young (Allocation Failure)
[2025-04-17T09:21:31.583+0000][59.584s][info][gc,heap        ] GC(343) DefNew: 9220K(10176K)->122K(10176K) Eden: 9088K(9088K)->0K(9088K) From: 132K(1088K)->122K(1088K)
[2025-04-17T09:21:31.583+0000][59.584s][info][gc,heap        ] GC(343) Tenured: 15028K(22464K)->15045K(22464K)
[2025-04-17T09:21:31.583+0000][59.584s][info][gc,metaspace   ] GC(343) Metaspace: 37264K(37632K)->37264K(37632K) NonClass: 32842K(33024K)->32842K(33024K) Class: 4421K(4608K)->4421K(4608K)
[2025-04-17T09:21:31.583+0000][59.584s][info][gc             ] GC(343) Pause Young (Allocation Failure) 23M->14M(31M) 1.411ms
[2025-04-17T09:21:31.583+0000][59.584s][info][gc,cpu         ] GC(343) User=0.00s Sys=0.00s Real=0.00s
[2025-04-17T09:21:31.679+0000][59.680s][info][gc,start       ] GC(344) Pause Young (Allocation Failure)
[2025-04-17T09:21:31.680+0000][59.681s][info][gc,heap        ] GC(344) DefNew: 9210K(10176K)->99K(10176K) Eden: 9088K(9088K)->0K(9088K) From: 122K(1088K)->99K(1088K)
[2025-04-17T09:21:31.680+0000][59.681s][info][gc,heap        ] GC(344) Tenured: 15045K(22464K)->15045K(22464K)
[2025-04-17T09:21:31.680+0000][59.681s][info][gc,metaspace   ] GC(344) Metaspace: 37265K(37632K)->37265K(37632K) NonClass: 32843K(33024K)->32843K(33024K) Class: 4421K(4608K)->4421K(4608K)
[2025-04-17T09:21:31.680+0000][59.681s][info][gc             ] GC(344) Pause Young (Allocation Failure) 23M->14M(31M) 1.341ms
[2025-04-17T09:21:31.680+0000][59.681s][info][gc,cpu         ] GC(344) User=0.00s Sys=0.00s Real=0.00s
[2025-04-17T09:21:31.771+0000][59.772s][info][gc,start       ] GC(345) Pause Young (Allocation Failure)
[2025-04-17T09:21:31.773+0000][59.773s][info][gc,heap        ] GC(345) DefNew: 9187K(10176K)->99K(10176K) Eden: 9088K(9088K)->0K(9088K) From: 99K(1088K)->99K(1088K)
[2025-04-17T09:21:31.773+0000][59.773s][info][gc,heap        ] GC(345) Tenured: 15045K(22464K)->15045K(22464K)
[2025-04-17T09:21:31.773+0000][59.773s][info][gc,metaspace   ] GC(345) Metaspace: 37265K(37632K)->37265K(37632K) NonClass: 32843K(33024K)->32843K(33024K) Class: 4421K(4608K)->4421K(4608K)
[2025-04-17T09:21:31.773+0000][59.773s][info][gc             ] GC(345) Pause Young (Allocation Failure) 23M->14M(31M) 1.321ms
[2025-04-17T09:21:31.773+0000][59.773s][info][gc,cpu         ] GC(345) User=0.01s Sys=0.00s Real=0.00s
[2025-04-17T09:21:31.864+0000][59.865s][info][gc,start       ] GC(346) Pause Young (Allocation Failure)
[2025-04-17T09:21:31.865+0000][59.866s][info][gc,heap        ] GC(346) DefNew: 9187K(10176K)->98K(10176K) Eden: 9087K(9088K)->0K(9088K) From: 99K(1088K)->98K(1088K)
[2025-04-17T09:21:31.865+0000][59.866s][info][gc,heap        ] GC(346) Tenured: 15045K(22464K)->15046K(22464K)
[2025-04-17T09:21:31.865+0000][59.866s][info][gc,metaspace   ] GC(346) Metaspace: 37265K(37632K)->37265K(37632K) NonClass: 32843K(33024K)->32843K(33024K) Class: 4421K(4608K)->4421K(4608K)
[2025-04-17T09:21:31.865+0000][59.866s][info][gc             ] GC(346) Pause Young (Allocation Failure) 23M->14M(31M) 1.308ms
[2025-04-17T09:21:31.865+0000][59.866s][info][gc,cpu         ] GC(346) User=0.00s Sys=0.00s Real=0.00s
[2025-04-17T09:21:31.970+0000][59.971s][info][gc,start       ] GC(347) Pause Young (Allocation Failure)
[2025-04-17T09:21:31.971+0000][59.972s][info][gc,heap        ] GC(347) DefNew: 9186K(10176K)->99K(10176K) Eden: 9088K(9088K)->0K(9088K) From: 98K(1088K)->99K(1088K)
[2025-04-17T09:21:31.971+0000][59.972s][info][gc,heap        ] GC(347) Tenured: 15046K(22464K)->15048K(22464K)
[2025-04-17T09:21:31.971+0000][59.972s][info][gc,metaspace   ] GC(347) Metaspace: 37265K(37632K)->37265K(37632K) NonClass: 32843K(33024K)->32843K(33024K) Class: 4421K(4608K)->4421K(4608K)
[2025-04-17T09:21:31.971+0000][59.972s][info][gc             ] GC(347) Pause Young (Allocation Failure) 23M->14M(31M) 1.395ms
[2025-04-17T09:21:31.971+0000][59.972s][info][gc,cpu         ] GC(347) User=0.00s Sys=0.00s Real=0.00s
[2025-04-17T09:21:32.059+0000][60.060s][info][gc,start       ] GC(348) Pause Young (Allocation Failure)
[2025-04-17T09:21:32.062+0000][60.062s][info][gc,heap        ] GC(348) DefNew: 9187K(10176K)->110K(10176K) Eden: 9087K(9088K)->0K(9088K) From: 99K(1088K)->110K(1088K)
[2025-04-17T09:21:32.062+0000][60.062s][info][gc,heap        ] GC(348) Tenured: 15048K(22464K)->15048K(22464K)
[2025-04-17T09:21:32.062+0000][60.062s][info][gc,metaspace   ] GC(348) Metaspace: 37265K(37632K)->37265K(37632K) NonClass: 32843K(33024K)->32843K(33024K) Class: 4421K(4608K)->4421K(4608K)
[2025-04-17T09:21:32.062+0000][60.062s][info][gc             ] GC(348) Pause Young (Allocation Failure) 23M->14M(31M) 2.460ms
[2025-04-17T09:21:32.062+0000][60.062s][info][gc,cpu         ] GC(348) User=0.01s Sys=0.00s Real=0.00s
[2025-04-17T09:21:32.161+0000][60.161s][info][gc,start       ] GC(349) Pause Young (Allocation Failure)
[2025-04-17T09:21:32.162+0000][60.163s][info][gc,heap        ] GC(349) DefNew: 9198K(10176K)->117K(10176K) Eden: 9088K(9088K)->0K(9088K) From: 110K(1088K)->117K(1088K)
[2025-04-17T09:21:32.162+0000][60.163s][info][gc,heap        ] GC(349) Tenured: 15048K(22464K)->15050K(22464K)
[2025-04-17T09:21:32.162+0000][60.163s][info][gc,metaspace   ] GC(349) Metaspace: 37268K(37632K)->37268K(37632K) NonClass: 32847K(33024K)->32847K(33024K) Class: 4421K(4608K)->4421K(4608K)
[2025-04-17T09:21:32.162+0000][60.163s][info][gc             ] GC(349) Pause Young (Allocation Failure) 23M->14M(31M) 1.402ms
[2025-04-17T09:21:32.162+0000][60.163s][info][gc,cpu         ] GC(349) User=0.00s Sys=0.00s Real=0.00s
[2025-04-17T09:21:32.260+0000][60.261s][info][gc,start       ] GC(350) Pause Young (Allocation Failure)
[2025-04-17T09:21:32.262+0000][60.262s][info][gc,heap        ] GC(350) DefNew: 9203K(10176K)->98K(10176K) Eden: 9085K(9088K)->0K(9088K) From: 117K(1088K)->98K(1088K)
[2025-04-17T09:21:32.262+0000][60.262s][info][gc,heap        ] GC(350) Tenured: 15050K(22464K)->15051K(22464K)
[2025-04-17T09:21:32.262+0000][60.262s][info][gc,metaspace   ] GC(350) Metaspace: 37268K(37632K)->37268K(37632K) NonClass: 32847K(33024K)->32847K(33024K) Class: 4421K(4608K)->4421K(4608K)
[2025-04-17T09:21:32.262+0000][60.262s][info][gc             ] GC(350) Pause Young (Allocation Failure) 23M->14M(31M) 1.380ms
[2025-04-17T09:21:32.262+0000][60.262s][info][gc,cpu         ] GC(350) User=0.00s Sys=0.00s Real=0.00s
[2025-04-17T09:21:32.335+0000][60.336s][info][gc,start       ] GC(351) Pause Young (Allocation Failure)
[2025-04-17T09:21:32.336+0000][60.337s][info][gc,heap        ] GC(351) DefNew: 9186K(10176K)->96K(10176K) Eden: 9088K(9088K)->0K(9088K) From: 98K(1088K)->96K(1088K)
[2025-04-17T09:21:32.336+0000][60.337s][info][gc,heap        ] GC(351) Tenured: 15051K(22464K)->15051K(22464K)
[2025-04-17T09:21:32.336+0000][60.337s][info][gc,metaspace   ] GC(351) Metaspace: 37268K(37632K)->37268K(37632K) NonClass: 32847K(33024K)->32847K(33024K) Class: 4421K(4608K)->4421K(4608K)
[2025-04-17T09:21:32.336+0000][60.337s][info][gc             ] GC(351) Pause Young (Allocation Failure) 23M->14M(31M) 1.366ms
[2025-04-17T09:21:32.336+0000][60.337s][info][gc,cpu         ] GC(351) User=0.00s Sys=0.00s Real=0.00s
[2025-04-17T09:21:32.431+0000][60.431s][info][gc,start       ] GC(352) Pause Young (Allocation Failure)
[2025-04-17T09:21:32.432+0000][60.433s][info][gc,heap        ] GC(352) DefNew: 9184K(10176K)->99K(10176K) Eden: 9088K(9088K)->0K(9088K) From: 96K(1088K)->99K(1088K)
[2025-04-17T09:21:32.432+0000][60.433s][info][gc,heap        ] GC(352) Tenured: 15051K(22464K)->15051K(22464K)
[2025-04-17T09:21:32.432+0000][60.433s][info][gc,metaspace   ] GC(352) Metaspace: 37270K(37632K)->37270K(37632K) NonClass: 32848K(33024K)->32848K(33024K) Class: 4422K(4608K)->4422K(4608K)
[2025-04-17T09:21:32.432+0000][60.433s][info][gc             ] GC(352) Pause Young (Allocation Failure) 23M->14M(31M) 1.493ms
[2025-04-17T09:21:32.432+0000][60.433s][info][gc,cpu         ] GC(352) User=0.00s Sys=0.00s Real=0.00s
[2025-04-17T09:21:32.520+0000][60.520s][info][gc,start       ] GC(353) Pause Young (Allocation Failure)
[2025-04-17T09:21:32.521+0000][60.522s][info][gc,heap        ] GC(353) DefNew: 9187K(10176K)->142K(10176K) Eden: 9087K(9088K)->0K(9088K) From: 99K(1088K)->142K(1088K)
[2025-04-17T09:21:32.521+0000][60.522s][info][gc,heap        ] GC(353) Tenured: 15051K(22464K)->15051K(22464K)
[2025-04-17T09:21:32.521+0000][60.522s][info][gc,metaspace   ] GC(353) Metaspace: 37272K(37632K)->37272K(37632K) NonClass: 32850K(33024K)->32850K(33024K) Class: 4422K(4608K)->4422K(4608K)
[2025-04-17T09:21:32.521+0000][60.522s][info][gc             ] GC(353) Pause Young (Allocation Failure) 23M->14M(31M) 1.520ms
[2025-04-17T09:21:32.521+0000][60.522s][info][gc,cpu         ] GC(353) User=0.00s Sys=0.00s Real=0.00s
[2025-04-17T09:21:32.618+0000][60.618s][info][gc,start       ] GC(354) Pause Young (Allocation Failure)
[2025-04-17T09:21:32.620+0000][60.621s][info][gc,heap        ] GC(354) DefNew: 9230K(10176K)->115K(10176K) Eden: 9088K(9088K)->0K(9088K) From: 142K(1088K)->115K(1088K)
[2025-04-17T09:21:32.620+0000][60.621s][info][gc,heap        ] GC(354) Tenured: 15051K(22464K)->15051K(22464K)
[2025-04-17T09:21:32.620+0000][60.621s][info][gc,metaspace   ] GC(354) Metaspace: 37272K(37632K)->37272K(37632K) NonClass: 32850K(33024K)->32850K(33024K) Class: 4422K(4608K)->4422K(4608K)
[2025-04-17T09:21:32.620+0000][60.621s][info][gc             ] GC(354) Pause Young (Allocation Failure) 23M->14M(31M) 2.500ms
[2025-04-17T09:21:32.620+0000][60.621s][info][gc,cpu         ] GC(354) User=0.01s Sys=0.00s Real=0.00s
[2025-04-17T09:21:32.713+0000][60.714s][info][gc,start       ] GC(355) Pause Young (Allocation Failure)
[2025-04-17T09:21:32.714+0000][60.715s][info][gc,heap        ] GC(355) DefNew: 9203K(10176K)->125K(10176K) Eden: 9088K(9088K)->0K(9088K) From: 115K(1088K)->125K(1088K)
[2025-04-17T09:21:32.714+0000][60.715s][info][gc,heap        ] GC(355) Tenured: 15051K(22464K)->15053K(22464K)
[2025-04-17T09:21:32.714+0000][60.715s][info][gc,metaspace   ] GC(355) Metaspace: 37272K(37632K)->37272K(37632K) NonClass: 32850K(33024K)->32850K(33024K) Class: 4422K(4608K)->4422K(4608K)
[2025-04-17T09:21:32.714+0000][60.715s][info][gc             ] GC(355) Pause Young (Allocation Failure) 23M->14M(31M) 1.481ms
[2025-04-17T09:21:32.714+0000][60.715s][info][gc,cpu         ] GC(355) User=0.00s Sys=0.00s Real=0.01s
[2025-04-17T09:21:32.812+0000][60.813s][info][gc,start       ] GC(356) Pause Young (Allocation Failure)
[2025-04-17T09:21:32.814+0000][60.814s][info][gc,heap        ] GC(356) DefNew: 9213K(10176K)->114K(10176K) Eden: 9088K(9088K)->0K(9088K) From: 125K(1088K)->114K(1088K)
[2025-04-17T09:21:32.814+0000][60.814s][info][gc,heap        ] GC(356) Tenured: 15053K(22464K)->15070K(22464K)
[2025-04-17T09:21:32.814+0000][60.814s][info][gc,metaspace   ] GC(356) Metaspace: 37272K(37632K)->37272K(37632K) NonClass: 32850K(33024K)->32850K(33024K) Class: 4422K(4608K)->4422K(4608K)
[2025-04-17T09:21:32.814+0000][60.814s][info][gc             ] GC(356) Pause Young (Allocation Failure) 23M->14M(31M) 1.543ms
[2025-04-17T09:21:32.814+0000][60.814s][info][gc,cpu         ] GC(356) User=0.00s Sys=0.00s Real=0.00s
[2025-04-17T09:21:32.896+0000][60.897s][info][gc,start       ] GC(357) Pause Young (Allocation Failure)
[2025-04-17T09:21:32.898+0000][60.898s][info][gc,heap        ] GC(357) DefNew: 9202K(10176K)->115K(10176K) Eden: 9088K(9088K)->0K(9088K) From: 114K(1088K)->115K(1088K)
[2025-04-17T09:21:32.898+0000][60.898s][info][gc,heap        ] GC(357) Tenured: 15070K(22464K)->15070K(22464K)
[2025-04-17T09:21:32.898+0000][60.898s][info][gc,metaspace   ] GC(357) Metaspace: 37272K(37632K)->37272K(37632K) NonClass: 32850K(33024K)->32850K(33024K) Class: 4422K(4608K)->4422K(4608K)
[2025-04-17T09:21:32.898+0000][60.898s][info][gc             ] GC(357) Pause Young (Allocation Failure) 23M->14M(31M) 1.413ms
[2025-04-17T09:21:32.898+0000][60.898s][info][gc,cpu         ] GC(357) User=0.00s Sys=0.00s Real=0.00s
[2025-04-17T09:21:32.999+0000][61.000s][info][gc,start       ] GC(358) Pause Young (Allocation Failure)
[2025-04-17T09:21:33.001+0000][61.001s][info][gc,heap        ] GC(358) DefNew: 9203K(10176K)->111K(10176K) Eden: 9088K(9088K)->0K(9088K) From: 115K(1088K)->111K(1088K)
[2025-04-17T09:21:33.001+0000][61.001s][info][gc,heap        ] GC(358) Tenured: 15070K(22464K)->15071K(22464K)
[2025-04-17T09:21:33.001+0000][61.001s][info][gc,metaspace   ] GC(358) Metaspace: 37272K(37632K)->37272K(37632K) NonClass: 32850K(33024K)->32850K(33024K) Class: 4422K(4608K)->4422K(4608K)
[2025-04-17T09:21:33.001+0000][61.001s][info][gc             ] GC(358) Pause Young (Allocation Failure) 23M->14M(31M) 1.571ms
[2025-04-17T09:21:33.001+0000][61.001s][info][gc,cpu         ] GC(358) User=0.00s Sys=0.00s Real=0.00s
[2025-04-17T09:21:33.085+0000][61.085s][info][gc,start       ] GC(359) Pause Young (Allocation Failure)
[2025-04-17T09:21:33.088+0000][61.089s][info][gc,heap        ] GC(359) DefNew: 9199K(10176K)->110K(10176K) Eden: 9088K(9088K)->0K(9088K) From: 111K(1088K)->110K(1088K)
[2025-04-17T09:21:33.088+0000][61.089s][info][gc,heap        ] GC(359) Tenured: 15071K(22464K)->15073K(22464K)
[2025-04-17T09:21:33.088+0000][61.089s][info][gc,metaspace   ] GC(359) Metaspace: 37272K(37632K)->37272K(37632K) NonClass: 32850K(33024K)->32850K(33024K) Class: 4422K(4608K)->4422K(4608K)
[2025-04-17T09:21:33.088+0000][61.089s][info][gc             ] GC(359) Pause Young (Allocation Failure) 23M->14M(31M) 3.575ms
[2025-04-17T09:21:33.088+0000][61.089s][info][gc,cpu         ] GC(359) User=0.00s Sys=0.00s Real=0.00s
[2025-04-17T09:21:33.170+0000][61.170s][info][gc,start       ] GC(360) Pause Young (Allocation Failure)
[2025-04-17T09:21:33.172+0000][61.173s][info][gc,heap        ] GC(360) DefNew: 9198K(10176K)->121K(10176K) Eden: 9088K(9088K)->0K(9088K) From: 110K(1088K)->121K(1088K)
[2025-04-17T09:21:33.172+0000][61.173s][info][gc,heap        ] GC(360) Tenured: 15073K(22464K)->15073K(22464K)
[2025-04-17T09:21:33.172+0000][61.173s][info][gc,metaspace   ] GC(360) Metaspace: 37272K(37632K)->37272K(37632K) NonClass: 32850K(33024K)->32850K(33024K) Class: 4422K(4608K)->4422K(4608K)
[2025-04-17T09:21:33.172+0000][61.173s][info][gc             ] GC(360) Pause Young (Allocation Failure) 23M->14M(31M) 2.651ms
[2025-04-17T09:21:33.172+0000][61.173s][info][gc,cpu         ] GC(360) User=0.00s Sys=0.00s Real=0.00s
[2025-04-17T09:21:33.270+0000][61.271s][info][gc,start       ] GC(361) Pause Young (Allocation Failure)
[2025-04-17T09:21:33.272+0000][61.272s][info][gc,heap        ] GC(361) DefNew: 9209K(10176K)->116K(10176K) Eden: 9088K(9088K)->0K(9088K) From: 121K(1088K)->116K(1088K)
[2025-04-17T09:21:33.272+0000][61.272s][info][gc,heap        ] GC(361) Tenured: 15073K(22464K)->15073K(22464K)
[2025-04-17T09:21:33.272+0000][61.272s][info][gc,metaspace   ] GC(361) Metaspace: 37272K(37632K)->37272K(37632K) NonClass: 32850K(33024K)->32850K(33024K) Class: 4422K(4608K)->4422K(4608K)
[2025-04-17T09:21:33.272+0000][61.272s][info][gc             ] GC(361) Pause Young (Allocation Failure) 23M->14M(31M) 1.498ms
[2025-04-17T09:21:33.272+0000][61.272s][info][gc,cpu         ] GC(361) User=0.00s Sys=0.00s Real=0.00s
[2025-04-17T09:21:33.383+0000][61.383s][info][gc,start       ] GC(362) Pause Young (Allocation Failure)
[2025-04-17T09:21:33.384+0000][61.385s][info][gc,heap        ] GC(362) DefNew: 9204K(10176K)->140K(10176K) Eden: 9088K(9088K)->0K(9088K) From: 116K(1088K)->140K(1088K)
[2025-04-17T09:21:33.384+0000][61.385s][info][gc,heap        ] GC(362) Tenured: 15073K(22464K)->15073K(22464K)
[2025-04-17T09:21:33.384+0000][61.385s][info][gc,metaspace   ] GC(362) Metaspace: 37272K(37632K)->37272K(37632K) NonClass: 32850K(33024K)->32850K(33024K) Class: 4422K(4608K)->4422K(4608K)
[2025-04-17T09:21:33.384+0000][61.385s][info][gc             ] GC(362) Pause Young (Allocation Failure) 23M->14M(31M) 1.691ms
[2025-04-17T09:21:33.384+0000][61.385s][info][gc,cpu         ] GC(362) User=0.00s Sys=0.00s Real=0.01s
[2025-04-17T09:21:33.490+0000][61.491s][info][gc,start       ] GC(363) Pause Young (Allocation Failure)
[2025-04-17T09:21:33.492+0000][61.492s][info][gc,heap        ] GC(363) DefNew: 9228K(10176K)->101K(10176K) Eden: 9087K(9088K)->0K(9088K) From: 140K(1088K)->101K(1088K)
[2025-04-17T09:21:33.492+0000][61.493s][info][gc,heap        ] GC(363) Tenured: 15073K(22464K)->15073K(22464K)
[2025-04-17T09:21:33.492+0000][61.493s][info][gc,metaspace   ] GC(363) Metaspace: 37272K(37632K)->37272K(37632K) NonClass: 32850K(33024K)->32850K(33024K) Class: 4422K(4608K)->4422K(4608K)
[2025-04-17T09:21:33.492+0000][61.493s][info][gc             ] GC(363) Pause Young (Allocation Failure) 23M->14M(31M) 1.537ms
[2025-04-17T09:21:33.492+0000][61.493s][info][gc,cpu         ] GC(363) User=0.00s Sys=0.00s Real=0.00s
[2025-04-17T09:21:33.566+0000][61.567s][info][gc,start       ] GC(364) Pause Young (Allocation Failure)
[2025-04-17T09:21:33.568+0000][61.568s][info][gc,heap        ] GC(364) DefNew: 9189K(10176K)->100K(10176K) Eden: 9088K(9088K)->0K(9088K) From: 101K(1088K)->100K(1088K)
[2025-04-17T09:21:33.568+0000][61.569s][info][gc,heap        ] GC(364) Tenured: 15073K(22464K)->15074K(22464K)
[2025-04-17T09:21:33.568+0000][61.569s][info][gc,metaspace   ] GC(364) Metaspace: 37272K(37632K)->37272K(37632K) NonClass: 32850K(33024K)->32850K(33024K) Class: 4422K(4608K)->4422K(4608K)
[2025-04-17T09:21:33.568+0000][61.569s][info][gc             ] GC(364) Pause Young (Allocation Failure) 23M->14M(31M) 1.619ms
[2025-04-17T09:21:33.568+0000][61.569s][info][gc,cpu         ] GC(364) User=0.00s Sys=0.00s Real=0.00s
[2025-04-17T09:21:33.631+0000][61.632s][info][gc,start       ] GC(365) Pause Young (Allocation Failure)
[2025-04-17T09:21:33.632+0000][61.633s][info][gc,heap        ] GC(365) DefNew: 9182K(10176K)->136K(10176K) Eden: 9082K(9088K)->0K(9088K) From: 100K(1088K)->136K(1088K)
[2025-04-17T09:21:33.632+0000][61.633s][info][gc,heap        ] GC(365) Tenured: 15074K(22464K)->15074K(22464K)
[2025-04-17T09:21:33.632+0000][61.633s][info][gc,metaspace   ] GC(365) Metaspace: 37272K(37632K)->37272K(37632K) NonClass: 32850K(33024K)->32850K(33024K) Class: 4422K(4608K)->4422K(4608K)
[2025-04-17T09:21:33.633+0000][61.633s][info][gc             ] GC(365) Pause Young (Allocation Failure) 23M->14M(31M) 1.452ms
[2025-04-17T09:21:33.633+0000][61.633s][info][gc,cpu         ] GC(365) User=0.00s Sys=0.01s Real=0.00s
[2025-04-17T09:21:33.737+0000][61.738s][info][gc,start       ] GC(366) Pause Young (Allocation Failure)
[2025-04-17T09:21:33.739+0000][61.740s][info][gc,heap        ] GC(366) DefNew: 9224K(10176K)->137K(10176K) Eden: 9088K(9088K)->0K(9088K) From: 136K(1088K)->137K(1088K)
[2025-04-17T09:21:33.739+0000][61.740s][info][gc,heap        ] GC(366) Tenured: 15074K(22464K)->15074K(22464K)
[2025-04-17T09:21:33.739+0000][61.740s][info][gc,metaspace   ] GC(366) Metaspace: 37273K(37632K)->37273K(37632K) NonClass: 32850K(33024K)->32850K(33024K) Class: 4422K(4608K)->4422K(4608K)
[2025-04-17T09:21:33.739+0000][61.740s][info][gc             ] GC(366) Pause Young (Allocation Failure) 23M->14M(31M) 1.471ms
[2025-04-17T09:21:33.739+0000][61.740s][info][gc,cpu         ] GC(366) User=0.00s Sys=0.00s Real=0.00s
[2025-04-17T09:21:33.828+0000][61.829s][info][gc,start       ] GC(367) Pause Young (Allocation Failure)
[2025-04-17T09:21:33.830+0000][61.830s][info][gc,heap        ] GC(367) DefNew: 9225K(10176K)->167K(10176K) Eden: 9088K(9088K)->0K(9088K) From: 137K(1088K)->167K(1088K)
[2025-04-17T09:21:33.830+0000][61.830s][info][gc,heap        ] GC(367) Tenured: 15074K(22464K)->15075K(22464K)
[2025-04-17T09:21:33.830+0000][61.830s][info][gc,metaspace   ] GC(367) Metaspace: 37273K(37632K)->37273K(37632K) NonClass: 32850K(33024K)->32850K(33024K) Class: 4422K(4608K)->4422K(4608K)
[2025-04-17T09:21:33.830+0000][61.830s][info][gc             ] GC(367) Pause Young (Allocation Failure) 23M->14M(31M) 1.583ms
[2025-04-17T09:21:33.830+0000][61.830s][info][gc,cpu         ] GC(367) User=0.00s Sys=0.00s Real=0.00s
[2025-04-17T09:21:33.926+0000][61.927s][info][gc,start       ] GC(368) Pause Young (Allocation Failure)
[2025-04-17T09:21:33.927+0000][61.928s][info][gc,heap        ] GC(368) DefNew: 9255K(10176K)->99K(10176K) Eden: 9088K(9088K)->0K(9088K) From: 167K(1088K)->99K(1088K)
[2025-04-17T09:21:33.927+0000][61.928s][info][gc,heap        ] GC(368) Tenured: 15075K(22464K)->15093K(22464K)
[2025-04-17T09:21:33.927+0000][61.928s][info][gc,metaspace   ] GC(368) Metaspace: 37273K(37632K)->37273K(37632K) NonClass: 32850K(33024K)->32850K(33024K) Class: 4422K(4608K)->4422K(4608K)
[2025-04-17T09:21:33.927+0000][61.928s][info][gc             ] GC(368) Pause Young (Allocation Failure) 23M->14M(31M) 1.437ms
[2025-04-17T09:21:33.927+0000][61.928s][info][gc,cpu         ] GC(368) User=0.01s Sys=0.00s Real=0.00s
[2025-04-17T09:21:34.028+0000][62.029s][info][gc,start       ] GC(369) Pause Young (Allocation Failure)
[2025-04-17T09:21:34.030+0000][62.030s][info][gc,heap        ] GC(369) DefNew: 9182K(10176K)->101K(10176K) Eden: 9083K(9088K)->0K(9088K) From: 99K(1088K)->101K(1088K)
[2025-04-17T09:21:34.030+0000][62.030s][info][gc,heap        ] GC(369) Tenured: 15093K(22464K)->15093K(22464K)
[2025-04-17T09:21:34.030+0000][62.030s][info][gc,metaspace   ] GC(369) Metaspace: 37273K(37632K)->37273K(37632K) NonClass: 32850K(33024K)->32850K(33024K) Class: 4422K(4608K)->4422K(4608K)
[2025-04-17T09:21:34.030+0000][62.030s][info][gc             ] GC(369) Pause Young (Allocation Failure) 23M->14M(31M) 1.328ms
[2025-04-17T09:21:34.030+0000][62.030s][info][gc,cpu         ] GC(369) User=0.01s Sys=0.00s Real=0.00s
[2025-04-17T09:21:34.089+0000][62.090s][info][gc,start       ] GC(370) Pause Young (Allocation Failure)
[2025-04-17T09:21:34.090+0000][62.091s][info][gc,heap        ] GC(370) DefNew: 9180K(10176K)->119K(10176K) Eden: 9078K(9088K)->0K(9088K) From: 101K(1088K)->119K(1088K)
[2025-04-17T09:21:34.090+0000][62.091s][info][gc,heap        ] GC(370) Tenured: 15093K(22464K)->15093K(22464K)
[2025-04-17T09:21:34.090+0000][62.091s][info][gc,metaspace   ] GC(370) Metaspace: 37273K(37632K)->37273K(37632K) NonClass: 32850K(33024K)->32850K(33024K) Class: 4422K(4608K)->4422K(4608K)
[2025-04-17T09:21:34.090+0000][62.091s][info][gc             ] GC(370) Pause Young (Allocation Failure) 23M->14M(31M) 1.362ms
[2025-04-17T09:21:34.090+0000][62.091s][info][gc,cpu         ] GC(370) User=0.01s Sys=0.00s Real=0.00s
[2025-04-17T09:21:34.189+0000][62.189s][info][gc,start       ] GC(371) Pause Young (Allocation Failure)
[2025-04-17T09:21:34.190+0000][62.191s][info][gc,heap        ] GC(371) DefNew: 9206K(10176K)->101K(10176K) Eden: 9086K(9088K)->0K(9088K) From: 119K(1088K)->101K(1088K)
[2025-04-17T09:21:34.190+0000][62.191s][info][gc,heap        ] GC(371) Tenured: 15093K(22464K)->15094K(22464K)
[2025-04-17T09:21:34.190+0000][62.191s][info][gc,metaspace   ] GC(371) Metaspace: 37273K(37632K)->37273K(37632K) NonClass: 32850K(33024K)->32850K(33024K) Class: 4422K(4608K)->4422K(4608K)
[2025-04-17T09:21:34.190+0000][62.191s][info][gc             ] GC(371) Pause Young (Allocation Failure) 23M->14M(31M) 1.363ms
[2025-04-17T09:21:34.190+0000][62.191s][info][gc,cpu         ] GC(371) User=0.01s Sys=0.00s Real=0.00s
[2025-04-17T09:21:34.303+0000][62.304s][info][gc,start       ] GC(372) Pause Young (Allocation Failure)
[2025-04-17T09:21:34.305+0000][62.305s][info][gc,heap        ] GC(372) DefNew: 9181K(10176K)->108K(10176K) Eden: 9080K(9088K)->0K(9088K) From: 101K(1088K)->108K(1088K)
[2025-04-17T09:21:34.305+0000][62.305s][info][gc,heap        ] GC(372) Tenured: 15094K(22464K)->15095K(22464K)
[2025-04-17T09:21:34.305+0000][62.305s][info][gc,metaspace   ] GC(372) Metaspace: 37273K(37632K)->37273K(37632K) NonClass: 32850K(33024K)->32850K(33024K) Class: 4422K(4608K)->4422K(4608K)
[2025-04-17T09:21:34.305+0000][62.305s][info][gc             ] GC(372) Pause Young (Allocation Failure) 23M->14M(31M) 1.439ms
[2025-04-17T09:21:34.305+0000][62.305s][info][gc,cpu         ] GC(372) User=0.01s Sys=0.00s Real=0.01s
[2025-04-17T09:21:34.380+0000][62.380s][info][gc,start       ] GC(373) Pause Young (Allocation Failure)
[2025-04-17T09:21:34.381+0000][62.382s][info][gc,heap        ] GC(373) DefNew: 9196K(10176K)->174K(10176K) Eden: 9088K(9088K)->0K(9088K) From: 108K(1088K)->174K(1088K)
[2025-04-17T09:21:34.381+0000][62.382s][info][gc,heap        ] GC(373) Tenured: 15095K(22464K)->15097K(22464K)
[2025-04-17T09:21:34.381+0000][62.382s][info][gc,metaspace   ] GC(373) Metaspace: 37273K(37632K)->37273K(37632K) NonClass: 32850K(33024K)->32850K(33024K) Class: 4422K(4608K)->4422K(4608K)
[2025-04-17T09:21:34.381+0000][62.382s][info][gc             ] GC(373) Pause Young (Allocation Failure) 23M->14M(31M) 1.680ms
[2025-04-17T09:21:34.381+0000][62.382s][info][gc,cpu         ] GC(373) User=0.00s Sys=0.00s Real=0.00s
[2025-04-17T09:21:34.485+0000][62.486s][info][gc,start       ] GC(374) Pause Young (Allocation Failure)
[2025-04-17T09:21:34.486+0000][62.487s][info][gc,heap        ] GC(374) DefNew: 9262K(10176K)->95K(10176K) Eden: 9088K(9088K)->0K(9088K) From: 174K(1088K)->95K(1088K)
[2025-04-17T09:21:34.486+0000][62.487s][info][gc,heap        ] GC(374) Tenured: 15097K(22464K)->15097K(22464K)
[2025-04-17T09:21:34.486+0000][62.487s][info][gc,metaspace   ] GC(374) Metaspace: 37273K(37632K)->37273K(37632K) NonClass: 32850K(33024K)->32850K(33024K) Class: 4422K(4608K)->4422K(4608K)
[2025-04-17T09:21:34.486+0000][62.487s][info][gc             ] GC(374) Pause Young (Allocation Failure) 23M->14M(31M) 1.379ms
[2025-04-17T09:21:34.487+0000][62.487s][info][gc,cpu         ] GC(374) User=0.00s Sys=0.00s Real=0.00s
[2025-04-17T09:21:34.528+0000][62.529s][info][gc,start       ] GC(375) Pause Young (Allocation Failure)
[2025-04-17T09:21:34.529+0000][62.530s][info][gc,heap        ] GC(375) DefNew: 9183K(10176K)->101K(10176K) Eden: 9088K(9088K)->0K(9088K) From: 95K(1088K)->101K(1088K)
[2025-04-17T09:21:34.529+0000][62.530s][info][gc,heap        ] GC(375) Tenured: 15097K(22464K)->15097K(22464K)
[2025-04-17T09:21:34.529+0000][62.530s][info][gc,metaspace   ] GC(375) Metaspace: 37273K(37632K)->37273K(37632K) NonClass: 32850K(33024K)->32850K(33024K) Class: 4422K(4608K)->4422K(4608K)
[2025-04-17T09:21:34.529+0000][62.530s][info][gc             ] GC(375) Pause Young (Allocation Failure) 23M->14M(31M) 1.405ms
[2025-04-17T09:21:34.529+0000][62.530s][info][gc,cpu         ] GC(375) User=0.00s Sys=0.00s Real=0.00s
[2025-04-17T09:21:34.629+0000][62.629s][info][gc,start       ] GC(376) Pause Young (Allocation Failure)
[2025-04-17T09:21:34.630+0000][62.631s][info][gc,heap        ] GC(376) DefNew: 9189K(10176K)->122K(10176K) Eden: 9088K(9088K)->0K(9088K) From: 101K(1088K)->122K(1088K)
[2025-04-17T09:21:34.630+0000][62.631s][info][gc,heap        ] GC(376) Tenured: 15097K(22464K)->15097K(22464K)
[2025-04-17T09:21:34.630+0000][62.631s][info][gc,metaspace   ] GC(376) Metaspace: 37273K(37632K)->37273K(37632K) NonClass: 32850K(33024K)->32850K(33024K) Class: 4422K(4608K)->4422K(4608K)
[2025-04-17T09:21:34.630+0000][62.631s][info][gc             ] GC(376) Pause Young (Allocation Failure) 23M->14M(31M) 1.422ms
[2025-04-17T09:21:34.630+0000][62.631s][info][gc,cpu         ] GC(376) User=0.00s Sys=0.00s Real=0.00s
[2025-04-17T09:21:34.738+0000][62.739s][info][gc,start       ] GC(377) Pause Young (Allocation Failure)
[2025-04-17T09:21:34.739+0000][62.740s][info][gc,heap        ] GC(377) DefNew: 9210K(10176K)->133K(10176K) Eden: 9088K(9088K)->0K(9088K) From: 122K(1088K)->133K(1088K)
[2025-04-17T09:21:34.739+0000][62.740s][info][gc,heap        ] GC(377) Tenured: 15097K(22464K)->15098K(22464K)
[2025-04-17T09:21:34.739+0000][62.740s][info][gc,metaspace   ] GC(377) Metaspace: 37273K(37632K)->37273K(37632K) NonClass: 32850K(33024K)->32850K(33024K) Class: 4422K(4608K)->4422K(4608K)
[2025-04-17T09:21:34.739+0000][62.740s][info][gc             ] GC(377) Pause Young (Allocation Failure) 23M->14M(31M) 1.407ms
[2025-04-17T09:21:34.739+0000][62.740s][info][gc,cpu         ] GC(377) User=0.00s Sys=0.00s Real=0.00s
[2025-04-17T09:21:34.848+0000][62.849s][info][gc,start       ] GC(378) Pause Young (Allocation Failure)
[2025-04-17T09:21:34.849+0000][62.850s][info][gc,heap        ] GC(378) DefNew: 9221K(10176K)->105K(10176K) Eden: 9088K(9088K)->0K(9088K) From: 133K(1088K)->105K(1088K)
[2025-04-17T09:21:34.849+0000][62.850s][info][gc,heap        ] GC(378) Tenured: 15098K(22464K)->15099K(22464K)
[2025-04-17T09:21:34.849+0000][62.850s][info][gc,metaspace   ] GC(378) Metaspace: 37273K(37632K)->37273K(37632K) NonClass: 32850K(33024K)->32850K(33024K) Class: 4422K(4608K)->4422K(4608K)
[2025-04-17T09:21:34.849+0000][62.850s][info][gc             ] GC(378) Pause Young (Allocation Failure) 23M->14M(31M) 1.452ms
[2025-04-17T09:21:34.850+0000][62.850s][info][gc,cpu         ] GC(378) User=0.00s Sys=0.00s Real=0.00s
[2025-04-17T09:21:34.951+0000][62.952s][info][gc,start       ] GC(379) Pause Young (Allocation Failure)
[2025-04-17T09:21:34.953+0000][62.953s][info][gc,heap        ] GC(379) DefNew: 9193K(10176K)->126K(10176K) Eden: 9088K(9088K)->0K(9088K) From: 105K(1088K)->126K(1088K)
[2025-04-17T09:21:34.953+0000][62.953s][info][gc,heap        ] GC(379) Tenured: 15099K(22464K)->15099K(22464K)
[2025-04-17T09:21:34.953+0000][62.953s][info][gc,metaspace   ] GC(379) Metaspace: 37273K(37632K)->37273K(37632K) NonClass: 32850K(33024K)->32850K(33024K) Class: 4422K(4608K)->4422K(4608K)
[2025-04-17T09:21:34.953+0000][62.953s][info][gc             ] GC(379) Pause Young (Allocation Failure) 23M->14M(31M) 1.611ms
[2025-04-17T09:21:34.953+0000][62.953s][info][gc,cpu         ] GC(379) User=0.00s Sys=0.00s Real=0.00s
[2025-04-17T09:21:34.991+0000][62.991s][info][gc,start       ] GC(380) Pause Young (Allocation Failure)
[2025-04-17T09:21:34.992+0000][62.993s][info][gc,heap        ] GC(380) DefNew: 9214K(10176K)->128K(10176K) Eden: 9088K(9088K)->0K(9088K) From: 126K(1088K)->128K(1088K)
[2025-04-17T09:21:34.992+0000][62.993s][info][gc,heap        ] GC(380) Tenured: 15099K(22464K)->15099K(22464K)
[2025-04-17T09:21:34.992+0000][62.993s][info][gc,metaspace   ] GC(380) Metaspace: 37273K(37632K)->37273K(37632K) NonClass: 32850K(33024K)->32850K(33024K) Class: 4422K(4608K)->4422K(4608K)
[2025-04-17T09:21:34.992+0000][62.993s][info][gc             ] GC(380) Pause Young (Allocation Failure) 23M->14M(31M) 1.476ms
[2025-04-17T09:21:34.992+0000][62.993s][info][gc,cpu         ] GC(380) User=0.00s Sys=0.00s Real=0.00s
[2025-04-17T09:21:35.086+0000][63.086s][info][gc,start       ] GC(381) Pause Young (Allocation Failure)
[2025-04-17T09:21:35.087+0000][63.088s][info][gc,heap        ] GC(381) DefNew: 9216K(10176K)->124K(10176K) Eden: 9088K(9088K)->0K(9088K) From: 128K(1088K)->124K(1088K)
[2025-04-17T09:21:35.087+0000][63.088s][info][gc,heap        ] GC(381) Tenured: 15099K(22464K)->15118K(22464K)
[2025-04-17T09:21:35.087+0000][63.088s][info][gc,metaspace   ] GC(381) Metaspace: 37273K(37632K)->37273K(37632K) NonClass: 32850K(33024K)->32850K(33024K) Class: 4422K(4608K)->4422K(4608K)
[2025-04-17T09:21:35.087+0000][63.088s][info][gc             ] GC(381) Pause Young (Allocation Failure) 23M->14M(31M) 1.582ms
[2025-04-17T09:21:35.087+0000][63.088s][info][gc,cpu         ] GC(381) User=0.00s Sys=0.00s Real=0.00s
[2025-04-17T09:21:35.192+0000][63.193s][info][gc,start       ] GC(382) Pause Young (Allocation Failure)
[2025-04-17T09:21:35.194+0000][63.194s][info][gc,heap        ] GC(382) DefNew: 9209K(10176K)->113K(10176K) Eden: 9085K(9088K)->0K(9088K) From: 124K(1088K)->113K(1088K)
[2025-04-17T09:21:35.194+0000][63.194s][info][gc,heap        ] GC(382) Tenured: 15118K(22464K)->15118K(22464K)
[2025-04-17T09:21:35.194+0000][63.194s][info][gc,metaspace   ] GC(382) Metaspace: 37273K(37632K)->37273K(37632K) NonClass: 32850K(33024K)->32850K(33024K) Class: 4422K(4608K)->4422K(4608K)
[2025-04-17T09:21:35.194+0000][63.194s][info][gc             ] GC(382) Pause Young (Allocation Failure) 23M->14M(31M) 1.388ms
[2025-04-17T09:21:35.194+0000][63.194s][info][gc,cpu         ] GC(382) User=0.00s Sys=0.00s Real=0.00s
[2025-04-17T09:21:35.293+0000][63.293s][info][gc,start       ] GC(383) Pause Young (Allocation Failure)
[2025-04-17T09:21:35.294+0000][63.295s][info][gc,heap        ] GC(383) DefNew: 9201K(10176K)->135K(10176K) Eden: 9088K(9088K)->0K(9088K) From: 113K(1088K)->135K(1088K)
[2025-04-17T09:21:35.294+0000][63.295s][info][gc,heap        ] GC(383) Tenured: 15118K(22464K)->15118K(22464K)
[2025-04-17T09:21:35.294+0000][63.295s][info][gc,metaspace   ] GC(383) Metaspace: 37273K(37632K)->37273K(37632K) NonClass: 32850K(33024K)->32850K(33024K) Class: 4422K(4608K)->4422K(4608K)
[2025-04-17T09:21:35.294+0000][63.295s][info][gc             ] GC(383) Pause Young (Allocation Failure) 23M->14M(31M) 1.524ms
[2025-04-17T09:21:35.294+0000][63.295s][info][gc,cpu         ] GC(383) User=0.00s Sys=0.00s Real=0.01s
[2025-04-17T09:21:35.379+0000][63.380s][info][gc,start       ] GC(384) Pause Young (Allocation Failure)
[2025-04-17T09:21:35.380+0000][63.381s][info][gc,heap        ] GC(384) DefNew: 9215K(10176K)->117K(10176K) Eden: 9079K(9088K)->0K(9088K) From: 135K(1088K)->117K(1088K)
[2025-04-17T09:21:35.380+0000][63.381s][info][gc,heap        ] GC(384) Tenured: 15118K(22464K)->15118K(22464K)
[2025-04-17T09:21:35.380+0000][63.381s][info][gc,metaspace   ] GC(384) Metaspace: 37273K(37632K)->37273K(37632K) NonClass: 32850K(33024K)->32850K(33024K) Class: 4422K(4608K)->4422K(4608K)
[2025-04-17T09:21:35.380+0000][63.381s][info][gc             ] GC(384) Pause Young (Allocation Failure) 23M->14M(31M) 1.420ms
[2025-04-17T09:21:35.380+0000][63.381s][info][gc,cpu         ] GC(384) User=0.00s Sys=0.01s Real=0.00s
[2025-04-17T09:21:35.427+0000][63.427s][info][gc,start       ] GC(385) Pause Young (Allocation Failure)
[2025-04-17T09:21:35.428+0000][63.429s][info][gc,heap        ] GC(385) DefNew: 9205K(10176K)->136K(10176K) Eden: 9088K(9088K)->0K(9088K) From: 117K(1088K)->136K(1088K)
[2025-04-17T09:21:35.428+0000][63.429s][info][gc,heap        ] GC(385) Tenured: 15118K(22464K)->15121K(22464K)
[2025-04-17T09:21:35.428+0000][63.429s][info][gc,metaspace   ] GC(385) Metaspace: 37273K(37632K)->37273K(37632K) NonClass: 32850K(33024K)->32850K(33024K) Class: 4422K(4608K)->4422K(4608K)
[2025-04-17T09:21:35.428+0000][63.429s][info][gc             ] GC(385) Pause Young (Allocation Failure) 23M->14M(31M) 1.438ms
[2025-04-17T09:21:35.428+0000][63.429s][info][gc,cpu         ] GC(385) User=0.01s Sys=0.00s Real=0.00s
[2025-04-17T09:21:35.532+0000][63.533s][info][gc,start       ] GC(386) Pause Young (Allocation Failure)
[2025-04-17T09:21:35.533+0000][63.534s][info][gc,heap        ] GC(386) DefNew: 9224K(10176K)->122K(10176K) Eden: 9088K(9088K)->0K(9088K) From: 136K(1088K)->122K(1088K)
[2025-04-17T09:21:35.533+0000][63.534s][info][gc,heap        ] GC(386) Tenured: 15121K(22464K)->15121K(22464K)
[2025-04-17T09:21:35.533+0000][63.534s][info][gc,metaspace   ] GC(386) Metaspace: 37273K(37632K)->37273K(37632K) NonClass: 32850K(33024K)->32850K(33024K) Class: 4422K(4608K)->4422K(4608K)
[2025-04-17T09:21:35.533+0000][63.534s][info][gc             ] GC(386) Pause Young (Allocation Failure) 23M->14M(31M) 1.528ms
[2025-04-17T09:21:35.534+0000][63.534s][info][gc,cpu         ] GC(386) User=0.00s Sys=0.00s Real=0.00s
[2025-04-17T09:21:35.642+0000][63.643s][info][gc,start       ] GC(387) Pause Young (Allocation Failure)
[2025-04-17T09:21:35.644+0000][63.645s][info][gc,heap        ] GC(387) DefNew: 9210K(10176K)->179K(10176K) Eden: 9087K(9088K)->0K(9088K) From: 122K(1088K)->179K(1088K)
[2025-04-17T09:21:35.644+0000][63.645s][info][gc,heap        ] GC(387) Tenured: 15121K(22464K)->15121K(22464K)
[2025-04-17T09:21:35.644+0000][63.645s][info][gc,metaspace   ] GC(387) Metaspace: 37273K(37632K)->37273K(37632K) NonClass: 32850K(33024K)->32850K(33024K) Class: 4422K(4608K)->4422K(4608K)
[2025-04-17T09:21:35.645+0000][63.646s][info][gc             ] GC(387) Pause Young (Allocation Failure) 23M->14M(31M) 2.547ms
[2025-04-17T09:21:35.645+0000][63.646s][info][gc,cpu         ] GC(387) User=0.00s Sys=0.00s Real=0.01s
[2025-04-17T09:21:35.741+0000][63.741s][info][gc,start       ] GC(388) Pause Young (Allocation Failure)
[2025-04-17T09:21:35.742+0000][63.743s][info][gc,heap        ] GC(388) DefNew: 9267K(10176K)->187K(10176K) Eden: 9088K(9088K)->0K(9088K) From: 179K(1088K)->187K(1088K)
[2025-04-17T09:21:35.742+0000][63.743s][info][gc,heap        ] GC(388) Tenured: 15121K(22464K)->15121K(22464K)
[2025-04-17T09:21:35.742+0000][63.743s][info][gc,metaspace   ] GC(388) Metaspace: 37273K(37632K)->37273K(37632K) NonClass: 32850K(33024K)->32850K(33024K) Class: 4422K(4608K)->4422K(4608K)
[2025-04-17T09:21:35.742+0000][63.743s][info][gc             ] GC(388) Pause Young (Allocation Failure) 23M->14M(31M) 1.438ms
[2025-04-17T09:21:35.742+0000][63.743s][info][gc,cpu         ] GC(388) User=0.00s Sys=0.00s Real=0.00s
[2025-04-17T09:21:35.825+0000][63.825s][info][gc,start       ] GC(389) Pause Young (Allocation Failure)
[2025-04-17T09:21:35.826+0000][63.827s][info][gc,heap        ] GC(389) DefNew: 9275K(10176K)->191K(10176K) Eden: 9088K(9088K)->0K(9088K) From: 187K(1088K)->191K(1088K)
[2025-04-17T09:21:35.826+0000][63.827s][info][gc,heap        ] GC(389) Tenured: 15121K(22464K)->15122K(22464K)
[2025-04-17T09:21:35.826+0000][63.827s][info][gc,metaspace   ] GC(389) Metaspace: 37273K(37632K)->37273K(37632K) NonClass: 32850K(33024K)->32850K(33024K) Class: 4422K(4608K)->4422K(4608K)
[2025-04-17T09:21:35.826+0000][63.827s][info][gc             ] GC(389) Pause Young (Allocation Failure) 23M->14M(31M) 1.629ms
[2025-04-17T09:21:35.826+0000][63.827s][info][gc,cpu         ] GC(389) User=0.00s Sys=0.00s Real=0.00s
[2025-04-17T09:21:35.892+0000][63.893s][info][gc,start       ] GC(390) Pause Young (Allocation Failure)
[2025-04-17T09:21:35.893+0000][63.894s][info][gc,heap        ] GC(390) DefNew: 9279K(10176K)->270K(10176K) Eden: 9087K(9088K)->0K(9088K) From: 191K(1088K)->270K(1088K)
[2025-04-17T09:21:35.893+0000][63.894s][info][gc,heap        ] GC(390) Tenured: 15122K(22464K)->15122K(22464K)
[2025-04-17T09:21:35.893+0000][63.894s][info][gc,metaspace   ] GC(390) Metaspace: 37273K(37632K)->37273K(37632K) NonClass: 32850K(33024K)->32850K(33024K) Class: 4422K(4608K)->4422K(4608K)
[2025-04-17T09:21:35.894+0000][63.894s][info][gc             ] GC(390) Pause Young (Allocation Failure) 23M->15M(31M) 1.572ms
[2025-04-17T09:21:35.894+0000][63.894s][info][gc,cpu         ] GC(390) User=0.00s Sys=0.00s Real=0.00s
[2025-04-17T09:21:35.996+0000][63.997s][info][gc,start       ] GC(391) Pause Young (Allocation Failure)
[2025-04-17T09:21:35.998+0000][63.999s][info][gc,heap        ] GC(391) DefNew: 9358K(10176K)->244K(10176K) Eden: 9088K(9088K)->0K(9088K) From: 270K(1088K)->244K(1088K)
[2025-04-17T09:21:35.998+0000][63.999s][info][gc,heap        ] GC(391) Tenured: 15122K(22464K)->15122K(22464K)
[2025-04-17T09:21:35.998+0000][63.999s][info][gc,metaspace   ] GC(391) Metaspace: 37273K(37632K)->37273K(37632K) NonClass: 32850K(33024K)->32850K(33024K) Class: 4422K(4608K)->4422K(4608K)
[2025-04-17T09:21:35.998+0000][63.999s][info][gc             ] GC(391) Pause Young (Allocation Failure) 23M->15M(31M) 1.588ms
[2025-04-17T09:21:35.998+0000][63.999s][info][gc,cpu         ] GC(391) User=0.01s Sys=0.00s Real=0.00s
[2025-04-17T09:21:36.084+0000][64.084s][info][gc,start       ] GC(392) Pause Young (Allocation Failure)
[2025-04-17T09:21:36.085+0000][64.086s][info][gc,heap        ] GC(392) DefNew: 9329K(10176K)->176K(10176K) Eden: 9085K(9088K)->0K(9088K) From: 244K(1088K)->176K(1088K)
[2025-04-17T09:21:36.085+0000][64.086s][info][gc,heap        ] GC(392) Tenured: 15122K(22464K)->15123K(22464K)
[2025-04-17T09:21:36.085+0000][64.086s][info][gc,metaspace   ] GC(392) Metaspace: 37273K(37632K)->37273K(37632K) NonClass: 32850K(33024K)->32850K(33024K) Class: 4422K(4608K)->4422K(4608K)
[2025-04-17T09:21:36.085+0000][64.086s][info][gc             ] GC(392) Pause Young (Allocation Failure) 23M->14M(31M) 1.422ms
[2025-04-17T09:21:36.085+0000][64.086s][info][gc,cpu         ] GC(392) User=0.01s Sys=0.00s Real=0.01s
[2025-04-17T09:21:36.163+0000][64.164s][info][gc,start       ] GC(393) Pause Young (Allocation Failure)
[2025-04-17T09:21:36.165+0000][64.165s][info][gc,heap        ] GC(393) DefNew: 9264K(10176K)->203K(10176K) Eden: 9088K(9088K)->0K(9088K) From: 176K(1088K)->203K(1088K)
[2025-04-17T09:21:36.165+0000][64.166s][info][gc,heap        ] GC(393) Tenured: 15123K(22464K)->15123K(22464K)
[2025-04-17T09:21:36.165+0000][64.166s][info][gc,metaspace   ] GC(393) Metaspace: 37273K(37632K)->37273K(37632K) NonClass: 32850K(33024K)->32850K(33024K) Class: 4422K(4608K)->4422K(4608K)
[2025-04-17T09:21:36.165+0000][64.166s][info][gc             ] GC(393) Pause Young (Allocation Failure) 23M->14M(31M) 1.450ms
[2025-04-17T09:21:36.165+0000][64.166s][info][gc,cpu         ] GC(393) User=0.00s Sys=0.00s Real=0.01s
[2025-04-17T09:21:36.234+0000][64.234s][info][gc,start       ] GC(394) Pause Young (Allocation Failure)
[2025-04-17T09:21:36.235+0000][64.236s][info][gc,heap        ] GC(394) DefNew: 9291K(10176K)->180K(10176K) Eden: 9088K(9088K)->0K(9088K) From: 203K(1088K)->180K(1088K)
[2025-04-17T09:21:36.235+0000][64.236s][info][gc,heap        ] GC(394) Tenured: 15123K(22464K)->15142K(22464K)
[2025-04-17T09:21:36.235+0000][64.236s][info][gc,metaspace   ] GC(394) Metaspace: 37273K(37632K)->37273K(37632K) NonClass: 32851K(33024K)->32851K(33024K) Class: 4422K(4608K)->4422K(4608K)
[2025-04-17T09:21:36.235+0000][64.236s][info][gc             ] GC(394) Pause Young (Allocation Failure) 23M->14M(31M) 1.415ms
[2025-04-17T09:21:36.235+0000][64.236s][info][gc,cpu         ] GC(394) User=0.00s Sys=0.00s Real=0.01s
[2025-04-17T09:21:36.340+0000][64.340s][info][gc,start       ] GC(395) Pause Young (Allocation Failure)
[2025-04-17T09:21:36.341+0000][64.342s][info][gc,heap        ] GC(395) DefNew: 9268K(10176K)->212K(10176K) Eden: 9088K(9088K)->0K(9088K) From: 180K(1088K)->212K(1088K)
[2025-04-17T09:21:36.341+0000][64.342s][info][gc,heap        ] GC(395) Tenured: 15142K(22464K)->15142K(22464K)
[2025-04-17T09:21:36.341+0000][64.342s][info][gc,metaspace   ] GC(395) Metaspace: 37273K(37632K)->37273K(37632K) NonClass: 32851K(33024K)->32851K(33024K) Class: 4422K(4608K)->4422K(4608K)
[2025-04-17T09:21:36.341+0000][64.342s][info][gc             ] GC(395) Pause Young (Allocation Failure) 23M->14M(31M) 1.496ms
[2025-04-17T09:21:36.341+0000][64.342s][info][gc,cpu         ] GC(395) User=0.00s Sys=0.00s Real=0.00s
[2025-04-17T09:21:36.430+0000][64.431s][info][gc,start       ] GC(396) Pause Young (Allocation Failure)
[2025-04-17T09:21:36.432+0000][64.432s][info][gc,heap        ] GC(396) DefNew: 9300K(10176K)->189K(10176K) Eden: 9088K(9088K)->0K(9088K) From: 212K(1088K)->189K(1088K)
[2025-04-17T09:21:36.432+0000][64.432s][info][gc,heap        ] GC(396) Tenured: 15142K(22464K)->15142K(22464K)
[2025-04-17T09:21:36.432+0000][64.432s][info][gc,metaspace   ] GC(396) Metaspace: 37273K(37632K)->37273K(37632K) NonClass: 32851K(33024K)->32851K(33024K) Class: 4422K(4608K)->4422K(4608K)
[2025-04-17T09:21:36.432+0000][64.432s][info][gc             ] GC(396) Pause Young (Allocation Failure) 23M->14M(31M) 1.421ms
[2025-04-17T09:21:36.432+0000][64.432s][info][gc,cpu         ] GC(396) User=0.01s Sys=0.00s Real=0.00s
[2025-04-17T09:21:36.522+0000][64.523s][info][gc,start       ] GC(397) Pause Young (Allocation Failure)
[2025-04-17T09:21:36.524+0000][64.524s][info][gc,heap        ] GC(397) DefNew: 9277K(10176K)->189K(10176K) Eden: 9088K(9088K)->0K(9088K) From: 189K(1088K)->189K(1088K)
[2025-04-17T09:21:36.524+0000][64.524s][info][gc,heap        ] GC(397) Tenured: 15142K(22464K)->15142K(22464K)
[2025-04-17T09:21:36.524+0000][64.524s][info][gc,metaspace   ] GC(397) Metaspace: 37273K(37632K)->37273K(37632K) NonClass: 32851K(33024K)->32851K(33024K) Class: 4422K(4608K)->4422K(4608K)
[2025-04-17T09:21:36.524+0000][64.524s][info][gc             ] GC(397) Pause Young (Allocation Failure) 23M->14M(31M) 1.404ms
[2025-04-17T09:21:36.524+0000][64.524s][info][gc,cpu         ] GC(397) User=0.01s Sys=0.00s Real=0.00s
[2025-04-17T09:21:36.593+0000][64.593s][info][gc,start       ] GC(398) Pause Young (Allocation Failure)
[2025-04-17T09:21:36.594+0000][64.595s][info][gc,heap        ] GC(398) DefNew: 9277K(10176K)->177K(10176K) Eden: 9088K(9088K)->0K(9088K) From: 189K(1088K)->177K(1088K)
[2025-04-17T09:21:36.594+0000][64.595s][info][gc,heap        ] GC(398) Tenured: 15142K(22464K)->15142K(22464K)
[2025-04-17T09:21:36.594+0000][64.595s][info][gc,metaspace   ] GC(398) Metaspace: 37273K(37632K)->37273K(37632K) NonClass: 32851K(33024K)->32851K(33024K) Class: 4422K(4608K)->4422K(4608K)
[2025-04-17T09:21:36.594+0000][64.595s][info][gc             ] GC(398) Pause Young (Allocation Failure) 23M->14M(31M) 1.468ms
[2025-04-17T09:21:36.594+0000][64.595s][info][gc,cpu         ] GC(398) User=0.00s Sys=0.00s Real=0.01s
[2025-04-17T09:21:36.693+0000][64.694s][info][gc,start       ] GC(399) Pause Young (Allocation Failure)
[2025-04-17T09:21:36.695+0000][64.696s][info][gc,heap        ] GC(399) DefNew: 9265K(10176K)->206K(10176K) Eden: 9088K(9088K)->0K(9088K) From: 177K(1088K)->206K(1088K)
[2025-04-17T09:21:36.695+0000][64.696s][info][gc,heap        ] GC(399) Tenured: 15142K(22464K)->15143K(22464K)
[2025-04-17T09:21:36.695+0000][64.696s][info][gc,metaspace   ] GC(399) Metaspace: 37273K(37632K)->37273K(37632K) NonClass: 32851K(33024K)->32851K(33024K) Class: 4422K(4608K)->4422K(4608K)
[2025-04-17T09:21:36.695+0000][64.696s][info][gc             ] GC(399) Pause Young (Allocation Failure) 23M->14M(31M) 1.911ms
[2025-04-17T09:21:36.695+0000][64.696s][info][gc,cpu         ] GC(399) User=0.00s Sys=0.00s Real=0.01s
[2025-04-17T09:21:36.780+0000][64.780s][info][gc,start       ] GC(400) Pause Young (Allocation Failure)
[2025-04-17T09:21:36.781+0000][64.782s][info][gc,heap        ] GC(400) DefNew: 9294K(10176K)->190K(10176K) Eden: 9088K(9088K)->0K(9088K) From: 206K(1088K)->190K(1088K)
[2025-04-17T09:21:36.781+0000][64.782s][info][gc,heap        ] GC(400) Tenured: 15143K(22464K)->15143K(22464K)
[2025-04-17T09:21:36.781+0000][64.782s][info][gc,metaspace   ] GC(400) Metaspace: 37273K(37632K)->37273K(37632K) NonClass: 32851K(33024K)->32851K(33024K) Class: 4422K(4608K)->4422K(4608K)
[2025-04-17T09:21:36.781+0000][64.782s][info][gc             ] GC(400) Pause Young (Allocation Failure) 23M->14M(31M) 1.460ms
[2025-04-17T09:21:36.781+0000][64.782s][info][gc,cpu         ] GC(400) User=0.00s Sys=0.00s Real=0.00s
[2025-04-17T09:21:36.860+0000][64.861s][info][gc,start       ] GC(401) Pause Young (Allocation Failure)
[2025-04-17T09:21:36.862+0000][64.862s][info][gc,heap        ] GC(401) DefNew: 9278K(10176K)->188K(10176K) Eden: 9088K(9088K)->0K(9088K) From: 190K(1088K)->188K(1088K)
[2025-04-17T09:21:36.862+0000][64.862s][info][gc,heap        ] GC(401) Tenured: 15143K(22464K)->15143K(22464K)
[2025-04-17T09:21:36.862+0000][64.862s][info][gc,metaspace   ] GC(401) Metaspace: 37273K(37632K)->37273K(37632K) NonClass: 32851K(33024K)->32851K(33024K) Class: 4422K(4608K)->4422K(4608K)
[2025-04-17T09:21:36.862+0000][64.862s][info][gc             ] GC(401) Pause Young (Allocation Failure) 23M->14M(31M) 1.462ms
[2025-04-17T09:21:36.862+0000][64.862s][info][gc,cpu         ] GC(401) User=0.00s Sys=0.00s Real=0.00s
[2025-04-17T09:21:36.928+0000][64.929s][info][gc,start       ] GC(402) Pause Young (Allocation Failure)
[2025-04-17T09:21:36.929+0000][64.930s][info][gc,heap        ] GC(402) DefNew: 9276K(10176K)->176K(10176K) Eden: 9088K(9088K)->0K(9088K) From: 188K(1088K)->176K(1088K)
[2025-04-17T09:21:36.929+0000][64.930s][info][gc,heap        ] GC(402) Tenured: 15143K(22464K)->15174K(22464K)
[2025-04-17T09:21:36.929+0000][64.930s][info][gc,metaspace   ] GC(402) Metaspace: 37273K(37632K)->37273K(37632K) NonClass: 32851K(33024K)->32851K(33024K) Class: 4422K(4608K)->4422K(4608K)
[2025-04-17T09:21:36.929+0000][64.930s][info][gc             ] GC(402) Pause Young (Allocation Failure) 23M->14M(31M) 1.391ms
[2025-04-17T09:21:36.929+0000][64.930s][info][gc,cpu         ] GC(402) User=0.00s Sys=0.00s Real=0.00s
[2025-04-17T09:21:37.024+0000][65.025s][info][gc,start       ] GC(403) Pause Young (Allocation Failure)
[2025-04-17T09:21:37.026+0000][65.026s][info][gc,heap        ] GC(403) DefNew: 9260K(10176K)->88K(10176K) Eden: 9083K(9088K)->0K(9088K) From: 176K(1088K)->88K(1088K)
[2025-04-17T09:21:37.026+0000][65.026s][info][gc,heap        ] GC(403) Tenured: 15174K(22464K)->15235K(22464K)
[2025-04-17T09:21:37.026+0000][65.026s][info][gc,metaspace   ] GC(403) Metaspace: 37273K(37632K)->37273K(37632K) NonClass: 32851K(33024K)->32851K(33024K) Class: 4422K(4608K)->4422K(4608K)
[2025-04-17T09:21:37.026+0000][65.026s][info][gc             ] GC(403) Pause Young (Allocation Failure) 23M->14M(31M) 1.295ms
[2025-04-17T09:21:37.026+0000][65.026s][info][gc,cpu         ] GC(403) User=0.00s Sys=0.00s Real=0.00s
[2025-04-17T09:21:37.119+0000][65.120s][info][gc,start       ] GC(404) Pause Young (Allocation Failure)
[2025-04-17T09:21:37.121+0000][65.121s][info][gc,heap        ] GC(404) DefNew: 9176K(10176K)->185K(10176K) Eden: 9088K(9088K)->0K(9088K) From: 88K(1088K)->185K(1088K)
[2025-04-17T09:21:37.121+0000][65.121s][info][gc,heap        ] GC(404) Tenured: 15235K(22464K)->15235K(22464K)
[2025-04-17T09:21:37.121+0000][65.121s][info][gc,metaspace   ] GC(404) Metaspace: 37273K(37632K)->37273K(37632K) NonClass: 32851K(33024K)->32851K(33024K) Class: 4422K(4608K)->4422K(4608K)
[2025-04-17T09:21:37.121+0000][65.121s][info][gc             ] GC(404) Pause Young (Allocation Failure) 23M->15M(31M) 1.608ms
[2025-04-17T09:21:37.121+0000][65.121s][info][gc,cpu         ] GC(404) User=0.01s Sys=0.00s Real=0.00s
[2025-04-17T09:21:37.227+0000][65.228s][info][gc,start       ] GC(405) Pause Young (Allocation Failure)
[2025-04-17T09:21:37.229+0000][65.229s][info][gc,heap        ] GC(405) DefNew: 9273K(10176K)->114K(10176K) Eden: 9088K(9088K)->0K(9088K) From: 185K(1088K)->114K(1088K)
[2025-04-17T09:21:37.229+0000][65.229s][info][gc,heap        ] GC(405) Tenured: 15235K(22464K)->15236K(22464K)
[2025-04-17T09:21:37.229+0000][65.229s][info][gc,metaspace   ] GC(405) Metaspace: 37273K(37632K)->37273K(37632K) NonClass: 32851K(33024K)->32851K(33024K) Class: 4422K(4608K)->4422K(4608K)
[2025-04-17T09:21:37.229+0000][65.229s][info][gc             ] GC(405) Pause Young (Allocation Failure) 23M->14M(31M) 1.595ms
[2025-04-17T09:21:37.229+0000][65.229s][info][gc,cpu         ] GC(405) User=0.00s Sys=0.00s Real=0.00s
[2025-04-17T09:21:37.273+0000][65.273s][info][gc,start       ] GC(406) Pause Young (Allocation Failure)
[2025-04-17T09:21:37.274+0000][65.275s][info][gc,heap        ] GC(406) DefNew: 9202K(10176K)->124K(10176K) Eden: 9088K(9088K)->0K(9088K) From: 114K(1088K)->124K(1088K)
[2025-04-17T09:21:37.274+0000][65.275s][info][gc,heap        ] GC(406) Tenured: 15236K(22464K)->15236K(22464K)
[2025-04-17T09:21:37.274+0000][65.275s][info][gc,metaspace   ] GC(406) Metaspace: 37273K(37632K)->37273K(37632K) NonClass: 32851K(33024K)->32851K(33024K) Class: 4422K(4608K)->4422K(4608K)
[2025-04-17T09:21:37.274+0000][65.275s][info][gc             ] GC(406) Pause Young (Allocation Failure) 23M->15M(31M) 1.478ms
[2025-04-17T09:21:37.274+0000][65.275s][info][gc,cpu         ] GC(406) User=0.01s Sys=0.00s Real=0.01s
[2025-04-17T09:21:37.365+0000][65.366s][info][gc,start       ] GC(407) Pause Young (Allocation Failure)
[2025-04-17T09:21:37.367+0000][65.367s][info][gc,heap        ] GC(407) DefNew: 9212K(10176K)->163K(10176K) Eden: 9088K(9088K)->0K(9088K) From: 124K(1088K)->163K(1088K)
[2025-04-17T09:21:37.367+0000][65.367s][info][gc,heap        ] GC(407) Tenured: 15236K(22464K)->15237K(22464K)
[2025-04-17T09:21:37.367+0000][65.367s][info][gc,metaspace   ] GC(407) Metaspace: 37273K(37632K)->37273K(37632K) NonClass: 32851K(33024K)->32851K(33024K) Class: 4422K(4608K)->4422K(4608K)
[2025-04-17T09:21:37.367+0000][65.367s][info][gc             ] GC(407) Pause Young (Allocation Failure) 23M->15M(31M) 1.597ms
[2025-04-17T09:21:37.367+0000][65.367s][info][gc,cpu         ] GC(407) User=0.01s Sys=0.00s Real=0.00s
[2025-04-17T09:21:37.476+0000][65.477s][info][gc,start       ] GC(408) Pause Young (Allocation Failure)
[2025-04-17T09:21:37.478+0000][65.478s][info][gc,heap        ] GC(408) DefNew: 9251K(10176K)->127K(10176K) Eden: 9087K(9088K)->0K(9088K) From: 163K(1088K)->127K(1088K)
[2025-04-17T09:21:37.478+0000][65.478s][info][gc,heap        ] GC(408) Tenured: 15237K(22464K)->15237K(22464K)
[2025-04-17T09:21:37.478+0000][65.478s][info][gc,metaspace   ] GC(408) Metaspace: 37273K(37632K)->37273K(37632K) NonClass: 32851K(33024K)->32851K(33024K) Class: 4422K(4608K)->4422K(4608K)
[2025-04-17T09:21:37.478+0000][65.478s][info][gc             ] GC(408) Pause Young (Allocation Failure) 23M->15M(31M) 1.433ms
[2025-04-17T09:21:37.478+0000][65.478s][info][gc,cpu         ] GC(408) User=0.00s Sys=0.00s Real=0.00s
[2025-04-17T09:21:37.557+0000][65.558s][info][gc,start       ] GC(409) Pause Young (Allocation Failure)
[2025-04-17T09:21:37.559+0000][65.559s][info][gc,heap        ] GC(409) DefNew: 9215K(10176K)->119K(10176K) Eden: 9088K(9088K)->0K(9088K) From: 127K(1088K)->119K(1088K)
[2025-04-17T09:21:37.559+0000][65.559s][info][gc,heap        ] GC(409) Tenured: 15237K(22464K)->15239K(22464K)
[2025-04-17T09:21:37.559+0000][65.559s][info][gc,metaspace   ] GC(409) Metaspace: 37273K(37632K)->37273K(37632K) NonClass: 32851K(33024K)->32851K(33024K) Class: 4422K(4608K)->4422K(4608K)
[2025-04-17T09:21:37.559+0000][65.559s][info][gc             ] GC(409) Pause Young (Allocation Failure) 23M->14M(31M) 1.460ms
[2025-04-17T09:21:37.559+0000][65.559s][info][gc,cpu         ] GC(409) User=0.01s Sys=0.00s Real=0.00s
[2025-04-17T09:21:37.613+0000][65.614s][info][gc,start       ] GC(410) Pause Young (Allocation Failure)
[2025-04-17T09:21:37.615+0000][65.616s][info][gc,heap        ] GC(410) DefNew: 9207K(10176K)->169K(10176K) Eden: 9088K(9088K)->0K(9088K) From: 119K(1088K)->169K(1088K)
[2025-04-17T09:21:37.615+0000][65.616s][info][gc,heap        ] GC(410) Tenured: 15239K(22464K)->15239K(22464K)
[2025-04-17T09:21:37.615+0000][65.616s][info][gc,metaspace   ] GC(410) Metaspace: 37273K(37632K)->37273K(37632K) NonClass: 32851K(33024K)->32851K(33024K) Class: 4422K(4608K)->4422K(4608K)
[2025-04-17T09:21:37.615+0000][65.616s][info][gc             ] GC(410) Pause Young (Allocation Failure) 23M->15M(31M) 1.580ms
[2025-04-17T09:21:37.615+0000][65.616s][info][gc,cpu         ] GC(410) User=0.00s Sys=0.00s Real=0.01s
[2025-04-17T09:21:37.717+0000][65.717s][info][gc,start       ] GC(411) Pause Young (Allocation Failure)
[2025-04-17T09:21:37.718+0000][65.719s][info][gc,heap        ] GC(411) DefNew: 9257K(10176K)->115K(10176K) Eden: 9087K(9088K)->0K(9088K) From: 169K(1088K)->115K(1088K)
[2025-04-17T09:21:37.718+0000][65.719s][info][gc,heap        ] GC(411) Tenured: 15239K(22464K)->15240K(22464K)
[2025-04-17T09:21:37.718+0000][65.719s][info][gc,metaspace   ] GC(411) Metaspace: 37274K(37632K)->37274K(37632K) NonClass: 32851K(33024K)->32851K(33024K) Class: 4422K(4608K)->4422K(4608K)
[2025-04-17T09:21:37.718+0000][65.719s][info][gc             ] GC(411) Pause Young (Allocation Failure) 23M->14M(31M) 1.494ms
[2025-04-17T09:21:37.718+0000][65.719s][info][gc,cpu         ] GC(411) User=0.01s Sys=0.00s Real=0.00s
[2025-04-17T09:21:37.806+0000][65.806s][info][gc,start       ] GC(412) Pause Young (Allocation Failure)
[2025-04-17T09:21:37.807+0000][65.808s][info][gc,heap        ] GC(412) DefNew: 9203K(10176K)->115K(10176K) Eden: 9087K(9088K)->0K(9088K) From: 115K(1088K)->115K(1088K)
[2025-04-17T09:21:37.807+0000][65.808s][info][gc,heap        ] GC(412) Tenured: 15240K(22464K)->15241K(22464K)
[2025-04-17T09:21:37.807+0000][65.808s][info][gc,metaspace   ] GC(412) Metaspace: 37274K(37632K)->37274K(37632K) NonClass: 32851K(33024K)->32851K(33024K) Class: 4422K(4608K)->4422K(4608K)
[2025-04-17T09:21:37.807+0000][65.808s][info][gc             ] GC(412) Pause Young (Allocation Failure) 23M->14M(31M) 1.581ms
[2025-04-17T09:21:37.807+0000][65.808s][info][gc,cpu         ] GC(412) User=0.00s Sys=0.00s Real=0.00s
[2025-04-17T09:21:37.906+0000][65.907s][info][gc,start       ] GC(413) Pause Young (Allocation Failure)
[2025-04-17T09:21:37.908+0000][65.909s][info][gc,heap        ] GC(413) DefNew: 9203K(10176K)->130K(10176K) Eden: 9087K(9088K)->0K(9088K) From: 115K(1088K)->130K(1088K)
[2025-04-17T09:21:37.908+0000][65.909s][info][gc,heap        ] GC(413) Tenured: 15241K(22464K)->15241K(22464K)
[2025-04-17T09:21:37.908+0000][65.909s][info][gc,metaspace   ] GC(413) Metaspace: 37274K(37632K)->37274K(37632K) NonClass: 32851K(33024K)->32851K(33024K) Class: 4422K(4608K)->4422K(4608K)
[2025-04-17T09:21:37.908+0000][65.909s][info][gc             ] GC(413) Pause Young (Allocation Failure) 23M->15M(31M) 2.013ms
[2025-04-17T09:21:37.908+0000][65.909s][info][gc,cpu         ] GC(413) User=0.01s Sys=0.00s Real=0.00s
[2025-04-17T09:21:37.954+0000][65.955s][info][gc,start       ] GC(414) Pause Young (Allocation Failure)
[2025-04-17T09:21:37.956+0000][65.957s][info][gc,heap        ] GC(414) DefNew: 9218K(10176K)->181K(10176K) Eden: 9087K(9088K)->0K(9088K) From: 130K(1088K)->181K(1088K)
[2025-04-17T09:21:37.956+0000][65.957s][info][gc,heap        ] GC(414) Tenured: 15241K(22464K)->15260K(22464K)
[2025-04-17T09:21:37.956+0000][65.957s][info][gc,metaspace   ] GC(414) Metaspace: 37274K(37632K)->37274K(37632K) NonClass: 32851K(33024K)->32851K(33024K) Class: 4422K(4608K)->4422K(4608K)
[2025-04-17T09:21:37.956+0000][65.957s][info][gc             ] GC(414) Pause Young (Allocation Failure) 23M->15M(31M) 1.599ms
[2025-04-17T09:21:37.956+0000][65.957s][info][gc,cpu         ] GC(414) User=0.01s Sys=0.00s Real=0.00s
[2025-04-17T09:21:38.053+0000][66.054s][info][gc,start       ] GC(415) Pause Young (Allocation Failure)
[2025-04-17T09:21:38.055+0000][66.056s][info][gc,heap        ] GC(415) DefNew: 9269K(10176K)->103K(10176K) Eden: 9088K(9088K)->0K(9088K) From: 181K(1088K)->103K(1088K)
[2025-04-17T09:21:38.055+0000][66.056s][info][gc,heap        ] GC(415) Tenured: 15260K(22464K)->15260K(22464K)
[2025-04-17T09:21:38.055+0000][66.056s][info][gc,metaspace   ] GC(415) Metaspace: 37274K(37632K)->37274K(37632K) NonClass: 32851K(33024K)->32851K(33024K) Class: 4422K(4608K)->4422K(4608K)
[2025-04-17T09:21:38.055+0000][66.056s][info][gc             ] GC(415) Pause Young (Allocation Failure) 23M->15M(31M) 1.981ms
[2025-04-17T09:21:38.055+0000][66.056s][info][gc,cpu         ] GC(415) User=0.00s Sys=0.00s Real=0.01s
[2025-04-17T09:21:38.161+0000][66.161s][info][gc,start       ] GC(416) Pause Young (Allocation Failure)
[2025-04-17T09:21:38.162+0000][66.163s][info][gc,heap        ] GC(416) DefNew: 9191K(10176K)->113K(10176K) Eden: 9088K(9088K)->0K(9088K) From: 103K(1088K)->113K(1088K)
[2025-04-17T09:21:38.162+0000][66.163s][info][gc,heap        ] GC(416) Tenured: 15260K(22464K)->15260K(22464K)
[2025-04-17T09:21:38.162+0000][66.163s][info][gc,metaspace   ] GC(416) Metaspace: 37274K(37632K)->37274K(37632K) NonClass: 32851K(33024K)->32851K(33024K) Class: 4422K(4608K)->4422K(4608K)
[2025-04-17T09:21:38.162+0000][66.163s][info][gc             ] GC(416) Pause Young (Allocation Failure) 23M->15M(31M) 1.513ms
[2025-04-17T09:21:38.162+0000][66.163s][info][gc,cpu         ] GC(416) User=0.01s Sys=0.00s Real=0.00s
[2025-04-17T09:21:38.235+0000][66.235s][info][gc,start       ] GC(417) Pause Young (Allocation Failure)
[2025-04-17T09:21:38.236+0000][66.237s][info][gc,heap        ] GC(417) DefNew: 9201K(10176K)->103K(10176K) Eden: 9088K(9088K)->0K(9088K) From: 113K(1088K)->103K(1088K)
[2025-04-17T09:21:38.236+0000][66.237s][info][gc,heap        ] GC(417) Tenured: 15260K(22464K)->15260K(22464K)
[2025-04-17T09:21:38.236+0000][66.237s][info][gc,metaspace   ] GC(417) Metaspace: 37274K(37632K)->37274K(37632K) NonClass: 32851K(33024K)->32851K(33024K) Class: 4422K(4608K)->4422K(4608K)
[2025-04-17T09:21:38.236+0000][66.237s][info][gc             ] GC(417) Pause Young (Allocation Failure) 23M->15M(31M) 1.500ms
[2025-04-17T09:21:38.236+0000][66.237s][info][gc,cpu         ] GC(417) User=0.01s Sys=0.00s Real=0.00s
[2025-04-17T09:21:38.294+0000][66.295s][info][gc,start       ] GC(418) Pause Young (Allocation Failure)
[2025-04-17T09:21:38.296+0000][66.296s][info][gc,heap        ] GC(418) DefNew: 9191K(10176K)->184K(10176K) Eden: 9088K(9088K)->0K(9088K) From: 103K(1088K)->184K(1088K)
[2025-04-17T09:21:38.296+0000][66.296s][info][gc,heap        ] GC(418) Tenured: 15260K(22464K)->15260K(22464K)
[2025-04-17T09:21:38.296+0000][66.296s][info][gc,metaspace   ] GC(418) Metaspace: 37274K(37632K)->37274K(37632K) NonClass: 32851K(33024K)->32851K(33024K) Class: 4422K(4608K)->4422K(4608K)
[2025-04-17T09:21:38.296+0000][66.296s][info][gc             ] GC(418) Pause Young (Allocation Failure) 23M->15M(31M) 1.666ms
[2025-04-17T09:21:38.296+0000][66.297s][info][gc,cpu         ] GC(418) User=0.01s Sys=0.00s Real=0.00s
[2025-04-17T09:21:38.401+0000][66.402s][info][gc,start       ] GC(419) Pause Young (Allocation Failure)
[2025-04-17T09:21:38.403+0000][66.403s][info][gc,heap        ] GC(419) DefNew: 9272K(10176K)->182K(10176K) Eden: 9088K(9088K)->0K(9088K) From: 184K(1088K)->182K(1088K)
[2025-04-17T09:21:38.403+0000][66.403s][info][gc,heap        ] GC(419) Tenured: 15260K(22464K)->15260K(22464K)
[2025-04-17T09:21:38.403+0000][66.404s][info][gc,metaspace   ] GC(419) Metaspace: 37274K(37632K)->37274K(37632K) NonClass: 32851K(33024K)->32851K(33024K) Class: 4422K(4608K)->4422K(4608K)
[2025-04-17T09:21:38.403+0000][66.404s][info][gc             ] GC(419) Pause Young (Allocation Failure) 23M->15M(31M) 1.700ms
[2025-04-17T09:21:38.403+0000][66.404s][info][gc,cpu         ] GC(419) User=0.00s Sys=0.00s Real=0.00s
[2025-04-17T09:21:38.514+0000][66.515s][info][gc,start       ] GC(420) Pause Young (Allocation Failure)
[2025-04-17T09:21:38.516+0000][66.516s][info][gc,heap        ] GC(420) DefNew: 9270K(10176K)->207K(10176K) Eden: 9088K(9088K)->0K(9088K) From: 182K(1088K)->207K(1088K)
[2025-04-17T09:21:38.516+0000][66.516s][info][gc,heap        ] GC(420) Tenured: 15260K(22464K)->15260K(22464K)
[2025-04-17T09:21:38.516+0000][66.516s][info][gc,metaspace   ] GC(420) Metaspace: 37274K(37632K)->37274K(37632K) NonClass: 32851K(33024K)->32851K(33024K) Class: 4422K(4608K)->4422K(4608K)
[2025-04-17T09:21:38.516+0000][66.516s][info][gc             ] GC(420) Pause Young (Allocation Failure) 23M->15M(31M) 1.566ms
[2025-04-17T09:21:38.516+0000][66.516s][info][gc,cpu         ] GC(420) User=0.00s Sys=0.00s Real=0.00s
[2025-04-17T09:21:38.573+0000][66.574s][info][gc,start       ] GC(421) Pause Young (Allocation Failure)
[2025-04-17T09:21:38.575+0000][66.576s][info][gc,heap        ] GC(421) DefNew: 9285K(10176K)->188K(10176K) Eden: 9077K(9088K)->0K(9088K) From: 207K(1088K)->188K(1088K)
[2025-04-17T09:21:38.575+0000][66.576s][info][gc,heap        ] GC(421) Tenured: 15260K(22464K)->15261K(22464K)
[2025-04-17T09:21:38.575+0000][66.576s][info][gc,metaspace   ] GC(421) Metaspace: 37274K(37632K)->37274K(37632K) NonClass: 32851K(33024K)->32851K(33024K) Class: 4422K(4608K)->4422K(4608K)
[2025-04-17T09:21:38.575+0000][66.576s][info][gc             ] GC(421) Pause Young (Allocation Failure) 23M->15M(31M) 1.515ms
[2025-04-17T09:21:38.575+0000][66.576s][info][gc,cpu         ] GC(421) User=0.01s Sys=0.00s Real=0.01s
[2025-04-17T09:21:38.642+0000][66.643s][info][gc,start       ] GC(422) Pause Young (Allocation Failure)
[2025-04-17T09:21:38.644+0000][66.644s][info][gc,heap        ] GC(422) DefNew: 9276K(10176K)->201K(10176K) Eden: 9088K(9088K)->0K(9088K) From: 188K(1088K)->201K(1088K)
[2025-04-17T09:21:38.644+0000][66.644s][info][gc,heap        ] GC(422) Tenured: 15261K(22464K)->15280K(22464K)
[2025-04-17T09:21:38.644+0000][66.644s][info][gc,metaspace   ] GC(422) Metaspace: 37274K(37632K)->37274K(37632K) NonClass: 32851K(33024K)->32851K(33024K) Class: 4422K(4608K)->4422K(4608K)
[2025-04-17T09:21:38.644+0000][66.644s][info][gc             ] GC(422) Pause Young (Allocation Failure) 23M->15M(31M) 1.615ms
[2025-04-17T09:21:38.644+0000][66.644s][info][gc,cpu         ] GC(422) User=0.01s Sys=0.00s Real=0.00s
[2025-04-17T09:21:38.751+0000][66.752s][info][gc,start       ] GC(423) Pause Young (Allocation Failure)
[2025-04-17T09:21:38.753+0000][66.754s][info][gc,heap        ] GC(423) DefNew: 9289K(10176K)->198K(10176K) Eden: 9087K(9088K)->0K(9088K) From: 201K(1088K)->198K(1088K)
[2025-04-17T09:21:38.753+0000][66.754s][info][gc,heap        ] GC(423) Tenured: 15280K(22464K)->15280K(22464K)
[2025-04-17T09:21:38.753+0000][66.754s][info][gc,metaspace   ] GC(423) Metaspace: 37274K(37632K)->37274K(37632K) NonClass: 32851K(33024K)->32851K(33024K) Class: 4422K(4608K)->4422K(4608K)
[2025-04-17T09:21:38.753+0000][66.754s][info][gc             ] GC(423) Pause Young (Allocation Failure) 23M->15M(31M) 1.758ms
[2025-04-17T09:21:38.753+0000][66.754s][info][gc,cpu         ] GC(423) User=0.00s Sys=0.00s Real=0.00s
[2025-04-17T09:21:38.841+0000][66.841s][info][gc,start       ] GC(424) Pause Young (Allocation Failure)
[2025-04-17T09:21:38.842+0000][66.843s][info][gc,heap        ] GC(424) DefNew: 9286K(10176K)->185K(10176K) Eden: 9087K(9088K)->0K(9088K) From: 198K(1088K)->185K(1088K)
[2025-04-17T09:21:38.842+0000][66.843s][info][gc,heap        ] GC(424) Tenured: 15280K(22464K)->15280K(22464K)
[2025-04-17T09:21:38.842+0000][66.843s][info][gc,metaspace   ] GC(424) Metaspace: 37274K(37632K)->37274K(37632K) NonClass: 32851K(33024K)->32851K(33024K) Class: 4422K(4608K)->4422K(4608K)
[2025-04-17T09:21:38.842+0000][66.843s][info][gc             ] GC(424) Pause Young (Allocation Failure) 23M->15M(31M) 1.612ms
[2025-04-17T09:21:38.842+0000][66.843s][info][gc,cpu         ] GC(424) User=0.01s Sys=0.00s Real=0.00s
[2025-04-17T09:21:38.887+0000][66.888s][info][gc,start       ] GC(425) Pause Young (Allocation Failure)
[2025-04-17T09:21:38.889+0000][66.889s][info][gc,heap        ] GC(425) DefNew: 9273K(10176K)->182K(10176K) Eden: 9087K(9088K)->0K(9088K) From: 185K(1088K)->182K(1088K)
[2025-04-17T09:21:38.889+0000][66.889s][info][gc,heap        ] GC(425) Tenured: 15280K(22464K)->15281K(22464K)
[2025-04-17T09:21:38.889+0000][66.889s][info][gc,metaspace   ] GC(425) Metaspace: 37274K(37632K)->37274K(37632K) NonClass: 32851K(33024K)->32851K(33024K) Class: 4422K(4608K)->4422K(4608K)
[2025-04-17T09:21:38.889+0000][66.889s][info][gc             ] GC(425) Pause Young (Allocation Failure) 23M->15M(31M) 1.493ms
[2025-04-17T09:21:38.889+0000][66.889s][info][gc,cpu         ] GC(425) User=0.00s Sys=0.00s Real=0.00s
[2025-04-17T09:21:38.994+0000][66.994s][info][gc,start       ] GC(426) Pause Young (Allocation Failure)
[2025-04-17T09:21:38.995+0000][66.996s][info][gc,heap        ] GC(426) DefNew: 9270K(10176K)->214K(10176K) Eden: 9088K(9088K)->0K(9088K) From: 182K(1088K)->214K(1088K)
[2025-04-17T09:21:38.995+0000][66.996s][info][gc,heap        ] GC(426) Tenured: 15281K(22464K)->15281K(22464K)
[2025-04-17T09:21:38.995+0000][66.996s][info][gc,metaspace   ] GC(426) Metaspace: 37274K(37632K)->37274K(37632K) NonClass: 32851K(33024K)->32851K(33024K) Class: 4422K(4608K)->4422K(4608K)
[2025-04-17T09:21:38.995+0000][66.996s][info][gc             ] GC(426) Pause Young (Allocation Failure) 23M->15M(31M) 1.459ms
[2025-04-17T09:21:38.995+0000][66.996s][info][gc,cpu         ] GC(426) User=0.00s Sys=0.00s Real=0.01s
[2025-04-17T09:21:39.111+0000][67.111s][info][gc,start       ] GC(427) Pause Young (Allocation Failure)
[2025-04-17T09:21:39.112+0000][67.113s][info][gc,heap        ] GC(427) DefNew: 9302K(10176K)->186K(10176K) Eden: 9088K(9088K)->0K(9088K) From: 214K(1088K)->186K(1088K)
[2025-04-17T09:21:39.112+0000][67.113s][info][gc,heap        ] GC(427) Tenured: 15281K(22464K)->15282K(22464K)
[2025-04-17T09:21:39.112+0000][67.113s][info][gc,metaspace   ] GC(427) Metaspace: 37274K(37632K)->37274K(37632K) NonClass: 32851K(33024K)->32851K(33024K) Class: 4422K(4608K)->4422K(4608K)
[2025-04-17T09:21:39.112+0000][67.113s][info][gc             ] GC(427) Pause Young (Allocation Failure) 24M->15M(31M) 1.681ms
[2025-04-17T09:21:39.112+0000][67.113s][info][gc,cpu         ] GC(427) User=0.00s Sys=0.00s Real=0.00s
[2025-04-17T09:21:39.177+0000][67.177s][info][gc,start       ] GC(428) Pause Young (Allocation Failure)
[2025-04-17T09:21:39.178+0000][67.179s][info][gc,heap        ] GC(428) DefNew: 9274K(10176K)->196K(10176K) Eden: 9088K(9088K)->0K(9088K) From: 186K(1088K)->196K(1088K)
[2025-04-17T09:21:39.178+0000][67.179s][info][gc,heap        ] GC(428) Tenured: 15282K(22464K)->15282K(22464K)
[2025-04-17T09:21:39.178+0000][67.179s][info][gc,metaspace   ] GC(428) Metaspace: 37274K(37632K)->37274K(37632K) NonClass: 32851K(33024K)->32851K(33024K) Class: 4422K(4608K)->4422K(4608K)
[2025-04-17T09:21:39.178+0000][67.179s][info][gc             ] GC(428) Pause Young (Allocation Failure) 23M->15M(31M) 1.621ms
[2025-04-17T09:21:39.178+0000][67.179s][info][gc,cpu         ] GC(428) User=0.01s Sys=0.00s Real=0.00s
[2025-04-17T09:21:39.246+0000][67.247s][info][gc,start       ] GC(429) Pause Young (Allocation Failure)
[2025-04-17T09:21:39.247+0000][67.248s][info][gc,heap        ] GC(429) DefNew: 9284K(10176K)->272K(10176K) Eden: 9087K(9088K)->0K(9088K) From: 196K(1088K)->272K(1088K)
[2025-04-17T09:21:39.247+0000][67.248s][info][gc,heap        ] GC(429) Tenured: 15282K(22464K)->15282K(22464K)
[2025-04-17T09:21:39.247+0000][67.248s][info][gc,metaspace   ] GC(429) Metaspace: 37274K(37632K)->37274K(37632K) NonClass: 32851K(33024K)->32851K(33024K) Class: 4422K(4608K)->4422K(4608K)
[2025-04-17T09:21:39.247+0000][67.248s][info][gc             ] GC(429) Pause Young (Allocation Failure) 23M->15M(31M) 1.457ms
[2025-04-17T09:21:39.247+0000][67.248s][info][gc,cpu         ] GC(429) User=0.01s Sys=0.00s Real=0.00s
[2025-04-17T09:21:39.349+0000][67.349s][info][gc,start       ] GC(430) Pause Young (Allocation Failure)
[2025-04-17T09:21:39.350+0000][67.351s][info][gc,heap        ] GC(430) DefNew: 9360K(10176K)->226K(10176K) Eden: 9087K(9088K)->0K(9088K) From: 272K(1088K)->226K(1088K)
[2025-04-17T09:21:39.350+0000][67.351s][info][gc,heap        ] GC(430) Tenured: 15282K(22464K)->15289K(22464K)
[2025-04-17T09:21:39.350+0000][67.351s][info][gc,metaspace   ] GC(430) Metaspace: 37274K(37632K)->37274K(37632K) NonClass: 32851K(33024K)->32851K(33024K) Class: 4422K(4608K)->4422K(4608K)
[2025-04-17T09:21:39.350+0000][67.351s][info][gc             ] GC(430) Pause Young (Allocation Failure) 24M->15M(31M) 1.602ms
[2025-04-17T09:21:39.350+0000][67.351s][info][gc,cpu         ] GC(430) User=0.00s Sys=0.00s Real=0.00s
[2025-04-17T09:21:39.416+0000][67.417s][info][gc,start       ] GC(431) Pause Young (Allocation Failure)
[2025-04-17T09:21:39.418+0000][67.418s][info][gc,heap        ] GC(431) DefNew: 9314K(10176K)->178K(10176K) Eden: 9088K(9088K)->0K(9088K) From: 226K(1088K)->178K(1088K)
[2025-04-17T09:21:39.418+0000][67.418s][info][gc,heap        ] GC(431) Tenured: 15289K(22464K)->15290K(22464K)
[2025-04-17T09:21:39.418+0000][67.418s][info][gc,metaspace   ] GC(431) Metaspace: 37274K(37632K)->37274K(37632K) NonClass: 32851K(33024K)->32851K(33024K) Class: 4422K(4608K)->4422K(4608K)
[2025-04-17T09:21:39.418+0000][67.418s][info][gc             ] GC(431) Pause Young (Allocation Failure) 24M->15M(31M) 1.421ms
[2025-04-17T09:21:39.418+0000][67.418s][info][gc,cpu         ] GC(431) User=0.00s Sys=0.00s Real=0.00s
[2025-04-17T09:21:39.508+0000][67.509s][info][gc,start       ] GC(432) Pause Young (Allocation Failure)
[2025-04-17T09:21:39.509+0000][67.510s][info][gc,heap        ] GC(432) DefNew: 9266K(10176K)->192K(10176K) Eden: 9088K(9088K)->0K(9088K) From: 178K(1088K)->192K(1088K)
[2025-04-17T09:21:39.509+0000][67.510s][info][gc,heap        ] GC(432) Tenured: 15290K(22464K)->15291K(22464K)
[2025-04-17T09:21:39.509+0000][67.510s][info][gc,metaspace   ] GC(432) Metaspace: 37274K(37632K)->37274K(37632K) NonClass: 32851K(33024K)->32851K(33024K) Class: 4422K(4608K)->4422K(4608K)
[2025-04-17T09:21:39.509+0000][67.510s][info][gc             ] GC(432) Pause Young (Allocation Failure) 23M->15M(31M) 1.471ms
[2025-04-17T09:21:39.509+0000][67.510s][info][gc,cpu         ] GC(432) User=0.00s Sys=0.00s Real=0.00s
[2025-04-17T09:21:39.589+0000][67.589s][info][gc,start       ] GC(433) Pause Young (Allocation Failure)
[2025-04-17T09:21:39.590+0000][67.591s][info][gc,heap        ] GC(433) DefNew: 9274K(10176K)->195K(10176K) Eden: 9081K(9088K)->0K(9088K) From: 192K(1088K)->195K(1088K)
[2025-04-17T09:21:39.590+0000][67.591s][info][gc,heap        ] GC(433) Tenured: 15291K(22464K)->15291K(22464K)
[2025-04-17T09:21:39.590+0000][67.591s][info][gc,metaspace   ] GC(433) Metaspace: 37274K(37632K)->37274K(37632K) NonClass: 32851K(33024K)->32851K(33024K) Class: 4422K(4608K)->4422K(4608K)
[2025-04-17T09:21:39.590+0000][67.591s][info][gc             ] GC(433) Pause Young (Allocation Failure) 23M->15M(31M) 1.468ms
[2025-04-17T09:21:39.590+0000][67.591s][info][gc,cpu         ] GC(433) User=0.00s Sys=0.00s Real=0.00s
[2025-04-17T09:21:39.674+0000][67.674s][info][gc,start       ] GC(434) Pause Young (Allocation Failure)
[2025-04-17T09:21:39.675+0000][67.676s][info][gc,heap        ] GC(434) DefNew: 9283K(10176K)->177K(10176K) Eden: 9088K(9088K)->0K(9088K) From: 195K(1088K)->177K(1088K)
[2025-04-17T09:21:39.675+0000][67.676s][info][gc,heap        ] GC(434) Tenured: 15291K(22464K)->15291K(22464K)
[2025-04-17T09:21:39.675+0000][67.676s][info][gc,metaspace   ] GC(434) Metaspace: 37274K(37632K)->37274K(37632K) NonClass: 32851K(33024K)->32851K(33024K) Class: 4422K(4608K)->4422K(4608K)
[2025-04-17T09:21:39.675+0000][67.676s][info][gc             ] GC(434) Pause Young (Allocation Failure) 23M->15M(31M) 1.403ms
[2025-04-17T09:21:39.675+0000][67.676s][info][gc,cpu         ] GC(434) User=0.00s Sys=0.00s Real=0.01s
[2025-04-17T09:21:39.735+0000][67.736s][info][gc,start       ] GC(435) Pause Young (Allocation Failure)
[2025-04-17T09:21:39.736+0000][67.737s][info][gc,heap        ] GC(435) DefNew: 9265K(10176K)->98K(10176K) Eden: 9088K(9088K)->0K(9088K) From: 177K(1088K)->98K(1088K)
[2025-04-17T09:21:39.736+0000][67.737s][info][gc,heap        ] GC(435) Tenured: 15291K(22464K)->15373K(22464K)
[2025-04-17T09:21:39.736+0000][67.737s][info][gc,metaspace   ] GC(435) Metaspace: 37274K(37632K)->37274K(37632K) NonClass: 32851K(33024K)->32851K(33024K) Class: 4422K(4608K)->4422K(4608K)
[2025-04-17T09:21:39.736+0000][67.737s][info][gc             ] GC(435) Pause Young (Allocation Failure) 23M->15M(31M) 1.379ms
[2025-04-17T09:21:39.736+0000][67.737s][info][gc,cpu         ] GC(435) User=0.00s Sys=0.00s Real=0.00s
[2025-04-17T09:21:39.815+0000][67.815s][info][gc,start       ] GC(436) Pause Young (Allocation Failure)
[2025-04-17T09:21:39.816+0000][67.817s][info][gc,heap        ] GC(436) DefNew: 9186K(10176K)->146K(10176K) Eden: 9088K(9088K)->0K(9088K) From: 98K(1088K)->146K(1088K)
[2025-04-17T09:21:39.816+0000][67.817s][info][gc,heap        ] GC(436) Tenured: 15373K(22464K)->15373K(22464K)
[2025-04-17T09:21:39.816+0000][67.817s][info][gc,metaspace   ] GC(436) Metaspace: 37274K(37632K)->37274K(37632K) NonClass: 32851K(33024K)->32851K(33024K) Class: 4422K(4608K)->4422K(4608K)
[2025-04-17T09:21:39.816+0000][67.817s][info][gc             ] GC(436) Pause Young (Allocation Failure) 23M->15M(31M) 1.363ms
[2025-04-17T09:21:39.816+0000][67.817s][info][gc,cpu         ] GC(436) User=0.00s Sys=0.00s Real=0.00s
[2025-04-17T09:21:39.906+0000][67.907s][info][gc,start       ] GC(437) Pause Young (Allocation Failure)
[2025-04-17T09:21:39.908+0000][67.908s][info][gc,heap        ] GC(437) DefNew: 9234K(10176K)->131K(10176K) Eden: 9088K(9088K)->0K(9088K) From: 146K(1088K)->131K(1088K)
[2025-04-17T09:21:39.908+0000][67.908s][info][gc,heap        ] GC(437) Tenured: 15373K(22464K)->15374K(22464K)
[2025-04-17T09:21:39.908+0000][67.908s][info][gc,metaspace   ] GC(437) Metaspace: 37274K(37632K)->37274K(37632K) NonClass: 32851K(33024K)->32851K(33024K) Class: 4422K(4608K)->4422K(4608K)
[2025-04-17T09:21:39.908+0000][67.908s][info][gc             ] GC(437) Pause Young (Allocation Failure) 24M->15M(31M) 1.302ms
[2025-04-17T09:21:39.908+0000][67.908s][info][gc,cpu         ] GC(437) User=0.00s Sys=0.00s Real=0.00s
[2025-04-17T09:21:40.005+0000][68.005s][info][gc,start       ] GC(438) Pause Young (Allocation Failure)
[2025-04-17T09:21:40.006+0000][68.007s][info][gc,heap        ] GC(438) DefNew: 9219K(10176K)->130K(10176K) Eden: 9087K(9088K)->0K(9088K) From: 131K(1088K)->130K(1088K)
[2025-04-17T09:21:40.006+0000][68.007s][info][gc,heap        ] GC(438) Tenured: 15374K(22464K)->15392K(22464K)
[2025-04-17T09:21:40.006+0000][68.007s][info][gc,metaspace   ] GC(438) Metaspace: 37274K(37632K)->37274K(37632K) NonClass: 32851K(33024K)->32851K(33024K) Class: 4422K(4608K)->4422K(4608K)
[2025-04-17T09:21:40.006+0000][68.007s][info][gc             ] GC(438) Pause Young (Allocation Failure) 24M->15M(31M) 1.483ms
[2025-04-17T09:21:40.006+0000][68.007s][info][gc,cpu         ] GC(438) User=0.00s Sys=0.00s Real=0.00s
[2025-04-17T09:21:40.055+0000][68.055s][info][gc,start       ] GC(439) Pause Young (Allocation Failure)
[2025-04-17T09:21:40.056+0000][68.057s][info][gc,heap        ] GC(439) DefNew: 9218K(10176K)->150K(10176K) Eden: 9088K(9088K)->0K(9088K) From: 130K(1088K)->150K(1088K)
[2025-04-17T09:21:40.056+0000][68.057s][info][gc,heap        ] GC(439) Tenured: 15392K(22464K)->15392K(22464K)
[2025-04-17T09:21:40.056+0000][68.057s][info][gc,metaspace   ] GC(439) Metaspace: 37274K(37632K)->37274K(37632K) NonClass: 32851K(33024K)->32851K(33024K) Class: 4422K(4608K)->4422K(4608K)
[2025-04-17T09:21:40.056+0000][68.057s][info][gc             ] GC(439) Pause Young (Allocation Failure) 24M->15M(31M) 1.433ms
[2025-04-17T09:21:40.056+0000][68.057s][info][gc,cpu         ] GC(439) User=0.00s Sys=0.00s Real=0.00s
[2025-04-17T09:21:40.144+0000][68.145s][info][gc,start       ] GC(440) Pause Young (Allocation Failure)
[2025-04-17T09:21:40.146+0000][68.146s][info][gc,heap        ] GC(440) DefNew: 9238K(10176K)->98K(10176K) Eden: 9087K(9088K)->0K(9088K) From: 150K(1088K)->98K(1088K)
[2025-04-17T09:21:40.146+0000][68.146s][info][gc,heap        ] GC(440) Tenured: 15392K(22464K)->15392K(22464K)
[2025-04-17T09:21:40.146+0000][68.146s][info][gc,metaspace   ] GC(440) Metaspace: 37274K(37632K)->37274K(37632K) NonClass: 32851K(33024K)->32851K(33024K) Class: 4422K(4608K)->4422K(4608K)
[2025-04-17T09:21:40.146+0000][68.146s][info][gc             ] GC(440) Pause Young (Allocation Failure) 24M->15M(31M) 1.340ms
[2025-04-17T09:21:40.146+0000][68.146s][info][gc,cpu         ] GC(440) User=0.00s Sys=0.00s Real=0.00s
[2025-04-17T09:21:40.230+0000][68.231s][info][gc,start       ] GC(441) Pause Young (Allocation Failure)
[2025-04-17T09:21:40.231+0000][68.232s][info][gc,heap        ] GC(441) DefNew: 9186K(10176K)->105K(10176K) Eden: 9088K(9088K)->0K(9088K) From: 98K(1088K)->105K(1088K)
[2025-04-17T09:21:40.231+0000][68.232s][info][gc,heap        ] GC(441) Tenured: 15392K(22464K)->15392K(22464K)
[2025-04-17T09:21:40.231+0000][68.232s][info][gc,metaspace   ] GC(441) Metaspace: 37274K(37632K)->37274K(37632K) NonClass: 32851K(33024K)->32851K(33024K) Class: 4422K(4608K)->4422K(4608K)
[2025-04-17T09:21:40.231+0000][68.232s][info][gc             ] GC(441) Pause Young (Allocation Failure) 24M->15M(31M) 1.522ms
[2025-04-17T09:21:40.231+0000][68.232s][info][gc,cpu         ] GC(441) User=0.00s Sys=0.00s Real=0.00s
[2025-04-17T09:21:40.326+0000][68.326s][info][gc,start       ] GC(442) Pause Young (Allocation Failure)
[2025-04-17T09:21:40.327+0000][68.328s][info][gc,heap        ] GC(442) DefNew: 9193K(10176K)->85K(10176K) Eden: 9088K(9088K)->0K(9088K) From: 105K(1088K)->85K(1088K)
[2025-04-17T09:21:40.327+0000][68.328s][info][gc,heap        ] GC(442) Tenured: 15392K(22464K)->15393K(22464K)
[2025-04-17T09:21:40.327+0000][68.328s][info][gc,metaspace   ] GC(442) Metaspace: 37274K(37632K)->37274K(37632K) NonClass: 32851K(33024K)->32851K(33024K) Class: 4422K(4608K)->4422K(4608K)
[2025-04-17T09:21:40.327+0000][68.328s][info][gc             ] GC(442) Pause Young (Allocation Failure) 24M->15M(31M) 1.477ms
[2025-04-17T09:21:40.327+0000][68.328s][info][gc,cpu         ] GC(442) User=0.00s Sys=0.00s Real=0.00s
[2025-04-17T09:21:40.384+0000][68.385s][info][gc,start       ] GC(443) Pause Young (Allocation Failure)
[2025-04-17T09:21:40.386+0000][68.387s][info][gc,heap        ] GC(443) DefNew: 9173K(10176K)->124K(10176K) Eden: 9088K(9088K)->0K(9088K) From: 85K(1088K)->124K(1088K)
[2025-04-17T09:21:40.386+0000][68.387s][info][gc,heap        ] GC(443) Tenured: 15393K(22464K)->15393K(22464K)
[2025-04-17T09:21:40.386+0000][68.387s][info][gc,metaspace   ] GC(443) Metaspace: 37275K(37632K)->37275K(37632K) NonClass: 32852K(33024K)->32852K(33024K) Class: 4423K(4608K)->4423K(4608K)
[2025-04-17T09:21:40.386+0000][68.387s][info][gc             ] GC(443) Pause Young (Allocation Failure) 23M->15M(31M) 2.100ms
[2025-04-17T09:21:40.386+0000][68.387s][info][gc,cpu         ] GC(443) User=0.01s Sys=0.00s Real=0.00s
[2025-04-17T09:21:40.459+0000][68.460s][info][gc,start       ] GC(444) Pause Young (Allocation Failure)
[2025-04-17T09:21:40.461+0000][68.461s][info][gc,heap        ] GC(444) DefNew: 9212K(10176K)->175K(10176K) Eden: 9088K(9088K)->0K(9088K) From: 124K(1088K)->175K(1088K)
[2025-04-17T09:21:40.461+0000][68.461s][info][gc,heap        ] GC(444) Tenured: 15393K(22464K)->15393K(22464K)
[2025-04-17T09:21:40.461+0000][68.461s][info][gc,metaspace   ] GC(444) Metaspace: 37275K(37632K)->37275K(37632K) NonClass: 32852K(33024K)->32852K(33024K) Class: 4423K(4608K)->4423K(4608K)
[2025-04-17T09:21:40.461+0000][68.462s][info][gc             ] GC(444) Pause Young (Allocation Failure) 24M->15M(31M) 1.614ms
[2025-04-17T09:21:40.461+0000][68.462s][info][gc,cpu         ] GC(444) User=0.00s Sys=0.00s Real=0.00s
[2025-04-17T09:21:40.560+0000][68.560s][info][gc,start       ] GC(445) Pause Young (Allocation Failure)
[2025-04-17T09:21:40.561+0000][68.562s][info][gc,heap        ] GC(445) DefNew: 9254K(10176K)->154K(10176K) Eden: 9079K(9088K)->0K(9088K) From: 175K(1088K)->154K(1088K)
[2025-04-17T09:21:40.561+0000][68.562s][info][gc,heap        ] GC(445) Tenured: 15393K(22464K)->15393K(22464K)
[2025-04-17T09:21:40.561+0000][68.562s][info][gc,metaspace   ] GC(445) Metaspace: 37275K(37632K)->37275K(37632K) NonClass: 32852K(33024K)->32852K(33024K) Class: 4423K(4608K)->4423K(4608K)
[2025-04-17T09:21:40.561+0000][68.562s][info][gc             ] GC(445) Pause Young (Allocation Failure) 24M->15M(31M) 1.625ms
[2025-04-17T09:21:40.561+0000][68.562s][info][gc,cpu         ] GC(445) User=0.00s Sys=0.00s Real=0.00s
[2025-04-17T09:21:40.629+0000][68.630s][info][gc,start       ] GC(446) Pause Young (Allocation Failure)
[2025-04-17T09:21:40.630+0000][68.631s][info][gc,heap        ] GC(446) DefNew: 9242K(10176K)->102K(10176K) Eden: 9088K(9088K)->0K(9088K) From: 154K(1088K)->102K(1088K)
[2025-04-17T09:21:40.630+0000][68.631s][info][gc,heap        ] GC(446) Tenured: 15393K(22464K)->15393K(22464K)
[2025-04-17T09:21:40.630+0000][68.631s][info][gc,metaspace   ] GC(446) Metaspace: 37275K(37632K)->37275K(37632K) NonClass: 32852K(33024K)->32852K(33024K) Class: 4423K(4608K)->4423K(4608K)
[2025-04-17T09:21:40.631+0000][68.631s][info][gc             ] GC(446) Pause Young (Allocation Failure) 24M->15M(31M) 1.440ms
[2025-04-17T09:21:40.631+0000][68.631s][info][gc,cpu         ] GC(446) User=0.00s Sys=0.00s Real=0.00s
[2025-04-17T09:21:40.731+0000][68.732s][info][gc,start       ] GC(447) Pause Young (Allocation Failure)
[2025-04-17T09:21:40.732+0000][68.733s][info][gc,heap        ] GC(447) DefNew: 9190K(10176K)->117K(10176K) Eden: 9088K(9088K)->0K(9088K) From: 102K(1088K)->117K(1088K)
[2025-04-17T09:21:40.732+0000][68.733s][info][gc,heap        ] GC(447) Tenured: 15393K(22464K)->15393K(22464K)
[2025-04-17T09:21:40.732+0000][68.733s][info][gc,metaspace   ] GC(447) Metaspace: 37275K(37632K)->37275K(37632K) NonClass: 32852K(33024K)->32852K(33024K) Class: 4423K(4608K)->4423K(4608K)
[2025-04-17T09:21:40.732+0000][68.733s][info][gc             ] GC(447) Pause Young (Allocation Failure) 24M->15M(31M) 1.486ms
[2025-04-17T09:21:40.732+0000][68.733s][info][gc,cpu         ] GC(447) User=0.00s Sys=0.00s Real=0.00s
[2025-04-17T09:21:40.787+0000][68.787s][info][gc,start       ] GC(448) Pause Young (Allocation Failure)
[2025-04-17T09:21:40.788+0000][68.789s][info][gc,heap        ] GC(448) DefNew: 9205K(10176K)->100K(10176K) Eden: 9088K(9088K)->0K(9088K) From: 117K(1088K)->100K(1088K)
[2025-04-17T09:21:40.788+0000][68.789s][info][gc,heap        ] GC(448) Tenured: 15393K(22464K)->15396K(22464K)
[2025-04-17T09:21:40.788+0000][68.789s][info][gc,metaspace   ] GC(448) Metaspace: 37275K(37632K)->37275K(37632K) NonClass: 32852K(33024K)->32852K(33024K) Class: 4423K(4608K)->4423K(4608K)
[2025-04-17T09:21:40.788+0000][68.789s][info][gc             ] GC(448) Pause Young (Allocation Failure) 24M->15M(31M) 1.479ms
[2025-04-17T09:21:40.788+0000][68.789s][info][gc,cpu         ] GC(448) User=0.00s Sys=0.00s Real=0.00s
[2025-04-17T09:21:40.884+0000][68.885s][info][gc,start       ] GC(449) Pause Young (Allocation Failure)
[2025-04-17T09:21:40.886+0000][68.886s][info][gc,heap        ] GC(449) DefNew: 9188K(10176K)->133K(10176K) Eden: 9088K(9088K)->0K(9088K) From: 100K(1088K)->133K(1088K)
[2025-04-17T09:21:40.886+0000][68.886s][info][gc,heap        ] GC(449) Tenured: 15396K(22464K)->15397K(22464K)
[2025-04-17T09:21:40.886+0000][68.886s][info][gc,metaspace   ] GC(449) Metaspace: 37275K(37632K)->37275K(37632K) NonClass: 32852K(33024K)->32852K(33024K) Class: 4423K(4608K)->4423K(4608K)
[2025-04-17T09:21:40.886+0000][68.886s][info][gc             ] GC(449) Pause Young (Allocation Failure) 24M->15M(31M) 1.562ms
[2025-04-17T09:21:40.886+0000][68.886s][info][gc,cpu         ] GC(449) User=0.00s Sys=0.00s Real=0.00s
[2025-04-17T09:21:40.966+0000][68.967s][info][gc,start       ] GC(450) Pause Young (Allocation Failure)
[2025-04-17T09:21:40.968+0000][68.969s][info][gc,heap        ] GC(450) DefNew: 9214K(10176K)->118K(10176K) Eden: 9080K(9088K)->0K(9088K) From: 133K(1088K)->118K(1088K)
[2025-04-17T09:21:40.968+0000][68.969s][info][gc,heap        ] GC(450) Tenured: 15397K(22464K)->15398K(22464K)
[2025-04-17T09:21:40.968+0000][68.969s][info][gc,metaspace   ] GC(450) Metaspace: 37275K(37632K)->37275K(37632K) NonClass: 32852K(33024K)->32852K(33024K) Class: 4423K(4608K)->4423K(4608K)
[2025-04-17T09:21:40.968+0000][68.969s][info][gc             ] GC(450) Pause Young (Allocation Failure) 24M->15M(31M) 1.544ms
[2025-04-17T09:21:40.968+0000][68.969s][info][gc,cpu         ] GC(450) User=0.00s Sys=0.00s Real=0.00s
[2025-04-17T09:21:41.039+0000][69.039s][info][gc,start       ] GC(451) Pause Young (Allocation Failure)
[2025-04-17T09:21:41.040+0000][69.041s][info][gc,heap        ] GC(451) DefNew: 9206K(10176K)->134K(10176K) Eden: 9088K(9088K)->0K(9088K) From: 118K(1088K)->134K(1088K)
[2025-04-17T09:21:41.040+0000][69.041s][info][gc,heap        ] GC(451) Tenured: 15398K(22464K)->15398K(22464K)
[2025-04-17T09:21:41.040+0000][69.041s][info][gc,metaspace   ] GC(451) Metaspace: 37275K(37632K)->37275K(37632K) NonClass: 32852K(33024K)->32852K(33024K) Class: 4423K(4608K)->4423K(4608K)
[2025-04-17T09:21:41.040+0000][69.041s][info][gc             ] GC(451) Pause Young (Allocation Failure) 24M->15M(31M) 1.529ms
[2025-04-17T09:21:41.040+0000][69.041s][info][gc,cpu         ] GC(451) User=0.00s Sys=0.00s Real=0.00s
[2025-04-17T09:21:41.138+0000][69.138s][info][gc,start       ] GC(452) Pause Young (Allocation Failure)
[2025-04-17T09:21:41.139+0000][69.140s][info][gc,heap        ] GC(452) DefNew: 9222K(10176K)->93K(10176K) Eden: 9087K(9088K)->0K(9088K) From: 134K(1088K)->93K(1088K)
[2025-04-17T09:21:41.139+0000][69.140s][info][gc,heap        ] GC(452) Tenured: 15398K(22464K)->15416K(22464K)
[2025-04-17T09:21:41.139+0000][69.140s][info][gc,metaspace   ] GC(452) Metaspace: 37275K(37632K)->37275K(37632K) NonClass: 32852K(33024K)->32852K(33024K) Class: 4423K(4608K)->4423K(4608K)
[2025-04-17T09:21:41.139+0000][69.140s][info][gc             ] GC(452) Pause Young (Allocation Failure) 24M->15M(31M) 1.460ms
[2025-04-17T09:21:41.139+0000][69.140s][info][gc,cpu         ] GC(452) User=0.00s Sys=0.00s Real=0.00s
[2025-04-17T09:21:41.202+0000][69.202s][info][gc,start       ] GC(453) Pause Young (Allocation Failure)
[2025-04-17T09:21:41.203+0000][69.204s][info][gc,heap        ] GC(453) DefNew: 9181K(10176K)->108K(10176K) Eden: 9087K(9088K)->0K(9088K) From: 93K(1088K)->108K(1088K)
[2025-04-17T09:21:41.203+0000][69.204s][info][gc,heap        ] GC(453) Tenured: 15416K(22464K)->15416K(22464K)
[2025-04-17T09:21:41.203+0000][69.204s][info][gc,metaspace   ] GC(453) Metaspace: 37275K(37632K)->37275K(37632K) NonClass: 32852K(33024K)->32852K(33024K) Class: 4423K(4608K)->4423K(4608K)
[2025-04-17T09:21:41.203+0000][69.204s][info][gc             ] GC(453) Pause Young (Allocation Failure) 24M->15M(31M) 1.474ms
[2025-04-17T09:21:41.203+0000][69.204s][info][gc,cpu         ] GC(453) User=0.00s Sys=0.00s Real=0.00s
[2025-04-17T09:21:41.280+0000][69.280s][info][gc,start       ] GC(454) Pause Young (Allocation Failure)
[2025-04-17T09:21:41.281+0000][69.282s][info][gc,heap        ] GC(454) DefNew: 9186K(10176K)->113K(10176K) Eden: 9077K(9088K)->0K(9088K) From: 108K(1088K)->113K(1088K)
[2025-04-17T09:21:41.281+0000][69.282s][info][gc,heap        ] GC(454) Tenured: 15416K(22464K)->15416K(22464K)
[2025-04-17T09:21:41.281+0000][69.282s][info][gc,metaspace   ] GC(454) Metaspace: 37275K(37632K)->37275K(37632K) NonClass: 32852K(33024K)->32852K(33024K) Class: 4423K(4608K)->4423K(4608K)
[2025-04-17T09:21:41.281+0000][69.282s][info][gc             ] GC(454) Pause Young (Allocation Failure) 24M->15M(31M) 1.571ms
[2025-04-17T09:21:41.281+0000][69.282s][info][gc,cpu         ] GC(454) User=0.00s Sys=0.00s Real=0.00s
[2025-04-17T09:21:41.364+0000][69.365s][info][gc,start       ] GC(455) Pause Young (Allocation Failure)
[2025-04-17T09:21:41.365+0000][69.366s][info][gc,heap        ] GC(455) DefNew: 9201K(10176K)->115K(10176K) Eden: 9088K(9088K)->0K(9088K) From: 113K(1088K)->115K(1088K)
[2025-04-17T09:21:41.366+0000][69.366s][info][gc,heap        ] GC(455) Tenured: 15416K(22464K)->15416K(22464K)
[2025-04-17T09:21:41.366+0000][69.366s][info][gc,metaspace   ] GC(455) Metaspace: 37275K(37632K)->37275K(37632K) NonClass: 32852K(33024K)->32852K(33024K) Class: 4423K(4608K)->4423K(4608K)
[2025-04-17T09:21:41.366+0000][69.366s][info][gc             ] GC(455) Pause Young (Allocation Failure) 24M->15M(31M) 1.484ms
[2025-04-17T09:21:41.366+0000][69.366s][info][gc,cpu         ] GC(455) User=0.00s Sys=0.00s Real=0.00s
[2025-04-17T09:21:41.426+0000][69.427s][info][gc,start       ] GC(456) Pause Young (Allocation Failure)
[2025-04-17T09:21:41.428+0000][69.428s][info][gc,heap        ] GC(456) DefNew: 9203K(10176K)->98K(10176K) Eden: 9088K(9088K)->0K(9088K) From: 115K(1088K)->98K(1088K)
[2025-04-17T09:21:41.428+0000][69.428s][info][gc,heap        ] GC(456) Tenured: 15416K(22464K)->15416K(22464K)
[2025-04-17T09:21:41.428+0000][69.428s][info][gc,metaspace   ] GC(456) Metaspace: 37275K(37632K)->37275K(37632K) NonClass: 32852K(33024K)->32852K(33024K) Class: 4423K(4608K)->4423K(4608K)
[2025-04-17T09:21:41.428+0000][69.428s][info][gc             ] GC(456) Pause Young (Allocation Failure) 24M->15M(31M) 1.368ms
[2025-04-17T09:21:41.428+0000][69.428s][info][gc,cpu         ] GC(456) User=0.00s Sys=0.00s Real=0.00s
[2025-04-17T09:21:41.519+0000][69.520s][info][gc,start       ] GC(457) Pause Young (Allocation Failure)
[2025-04-17T09:21:41.521+0000][69.521s][info][gc,heap        ] GC(457) DefNew: 9186K(10176K)->172K(10176K) Eden: 9088K(9088K)->0K(9088K) From: 98K(1088K)->172K(1088K)
[2025-04-17T09:21:41.521+0000][69.522s][info][gc,heap        ] GC(457) Tenured: 15416K(22464K)->15417K(22464K)
[2025-04-17T09:21:41.521+0000][69.522s][info][gc,metaspace   ] GC(457) Metaspace: 37275K(37632K)->37275K(37632K) NonClass: 32852K(33024K)->32852K(33024K) Class: 4423K(4608K)->4423K(4608K)
[2025-04-17T09:21:41.521+0000][69.522s][info][gc             ] GC(457) Pause Young (Allocation Failure) 24M->15M(31M) 1.548ms
[2025-04-17T09:21:41.521+0000][69.522s][info][gc,cpu         ] GC(457) User=0.00s Sys=0.00s Real=0.00s
[2025-04-17T09:21:41.631+0000][69.631s][info][gc,start       ] GC(458) Pause Young (Allocation Failure)
[2025-04-17T09:21:41.632+0000][69.633s][info][gc,heap        ] GC(458) DefNew: 9260K(10176K)->112K(10176K) Eden: 9087K(9088K)->0K(9088K) From: 172K(1088K)->112K(1088K)
[2025-04-17T09:21:41.632+0000][69.633s][info][gc,heap        ] GC(458) Tenured: 15417K(22464K)->15418K(22464K)
[2025-04-17T09:21:41.632+0000][69.633s][info][gc,metaspace   ] GC(458) Metaspace: 37275K(37632K)->37275K(37632K) NonClass: 32852K(33024K)->32852K(33024K) Class: 4423K(4608K)->4423K(4608K)
[2025-04-17T09:21:41.632+0000][69.633s][info][gc             ] GC(458) Pause Young (Allocation Failure) 24M->15M(31M) 1.392ms
[2025-04-17T09:21:41.632+0000][69.633s][info][gc,cpu         ] GC(458) User=0.00s Sys=0.00s Real=0.00s
[2025-04-17T09:21:41.722+0000][69.723s][info][gc,start       ] GC(459) Pause Young (Allocation Failure)
[2025-04-17T09:21:41.723+0000][69.724s][info][gc,heap        ] GC(459) DefNew: 9200K(10176K)->100K(10176K) Eden: 9088K(9088K)->0K(9088K) From: 112K(1088K)->100K(1088K)
[2025-04-17T09:21:41.723+0000][69.724s][info][gc,heap        ] GC(459) Tenured: 15418K(22464K)->15418K(22464K)
[2025-04-17T09:21:41.723+0000][69.724s][info][gc,metaspace   ] GC(459) Metaspace: 37275K(37632K)->37275K(37632K) NonClass: 32852K(33024K)->32852K(33024K) Class: 4423K(4608K)->4423K(4608K)
[2025-04-17T09:21:41.724+0000][69.724s][info][gc             ] GC(459) Pause Young (Allocation Failure) 24M->15M(31M) 1.483ms
[2025-04-17T09:21:41.724+0000][69.724s][info][gc,cpu         ] GC(459) User=0.00s Sys=0.00s Real=0.00s
[2025-04-17T09:21:41.762+0000][69.763s][info][gc,start       ] GC(460) Pause Young (Allocation Failure)
[2025-04-17T09:21:41.764+0000][69.764s][info][gc,heap        ] GC(460) DefNew: 9188K(10176K)->129K(10176K) Eden: 9088K(9088K)->0K(9088K) From: 100K(1088K)->129K(1088K)
[2025-04-17T09:21:41.764+0000][69.764s][info][gc,heap        ] GC(460) Tenured: 15418K(22464K)->15418K(22464K)
[2025-04-17T09:21:41.764+0000][69.764s][info][gc,metaspace   ] GC(460) Metaspace: 37275K(37632K)->37275K(37632K) NonClass: 32852K(33024K)->32852K(33024K) Class: 4423K(4608K)->4423K(4608K)
[2025-04-17T09:21:41.764+0000][69.764s][info][gc             ] GC(460) Pause Young (Allocation Failure) 24M->15M(31M) 1.392ms
[2025-04-17T09:21:41.764+0000][69.764s][info][gc,cpu         ] GC(460) User=0.01s Sys=0.00s Real=0.00s
[2025-04-17T09:21:41.853+0000][69.854s][info][gc,start       ] GC(461) Pause Young (Allocation Failure)
[2025-04-17T09:21:41.854+0000][69.855s][info][gc,heap        ] GC(461) DefNew: 9217K(10176K)->114K(10176K) Eden: 9088K(9088K)->0K(9088K) From: 129K(1088K)->114K(1088K)
[2025-04-17T09:21:41.854+0000][69.855s][info][gc,heap        ] GC(461) Tenured: 15418K(22464K)->15421K(22464K)
[2025-04-17T09:21:41.854+0000][69.855s][info][gc,metaspace   ] GC(461) Metaspace: 37275K(37632K)->37275K(37632K) NonClass: 32852K(33024K)->32852K(33024K) Class: 4423K(4608K)->4423K(4608K)
[2025-04-17T09:21:41.854+0000][69.855s][info][gc             ] GC(461) Pause Young (Allocation Failure) 24M->15M(31M) 1.325ms
[2025-04-17T09:21:41.854+0000][69.855s][info][gc,cpu         ] GC(461) User=0.00s Sys=0.00s Real=0.01s
[2025-04-17T09:21:41.955+0000][69.955s][info][gc,start       ] GC(462) Pause Young (Allocation Failure)
[2025-04-17T09:21:41.956+0000][69.956s][info][gc,heap        ] GC(462) DefNew: 9202K(10176K)->85K(10176K) Eden: 9088K(9088K)->0K(9088K) From: 114K(1088K)->85K(1088K)
[2025-04-17T09:21:41.956+0000][69.956s][info][gc,heap        ] GC(462) Tenured: 15421K(22464K)->15422K(22464K)
[2025-04-17T09:21:41.956+0000][69.957s][info][gc,metaspace   ] GC(462) Metaspace: 37275K(37632K)->37275K(37632K) NonClass: 32852K(33024K)->32852K(33024K) Class: 4423K(4608K)->4423K(4608K)
[2025-04-17T09:21:41.956+0000][69.957s][info][gc             ] GC(462) Pause Young (Allocation Failure) 24M->15M(31M) 1.373ms
[2025-04-17T09:21:41.956+0000][69.957s][info][gc,cpu         ] GC(462) User=0.00s Sys=0.00s Real=0.00s
[2025-04-17T09:21:41.999+0000][70.000s][info][gc,start       ] GC(463) Pause Young (Allocation Failure)
[2025-04-17T09:21:42.001+0000][70.001s][info][gc,heap        ] GC(463) DefNew: 9173K(10176K)->175K(10176K) Eden: 9088K(9088K)->0K(9088K) From: 85K(1088K)->175K(1088K)
[2025-04-17T09:21:42.001+0000][70.001s][info][gc,heap        ] GC(463) Tenured: 15422K(22464K)->15422K(22464K)
[2025-04-17T09:21:42.001+0000][70.001s][info][gc,metaspace   ] GC(463) Metaspace: 37275K(37632K)->37275K(37632K) NonClass: 32852K(33024K)->32852K(33024K) Class: 4423K(4608K)->4423K(4608K)
[2025-04-17T09:21:42.001+0000][70.001s][info][gc             ] GC(463) Pause Young (Allocation Failure) 24M->15M(31M) 1.552ms
[2025-04-17T09:21:42.001+0000][70.001s][info][gc,cpu         ] GC(463) User=0.01s Sys=0.00s Real=0.00s
[2025-04-17T09:21:42.093+0000][70.093s][info][gc,start       ] GC(464) Pause Young (Allocation Failure)
[2025-04-17T09:21:42.094+0000][70.095s][info][gc,heap        ] GC(464) DefNew: 9263K(10176K)->114K(10176K) Eden: 9088K(9088K)->0K(9088K) From: 175K(1088K)->114K(1088K)
[2025-04-17T09:21:42.094+0000][70.095s][info][gc,heap        ] GC(464) Tenured: 15422K(22464K)->15422K(22464K)
[2025-04-17T09:21:42.094+0000][70.095s][info][gc,metaspace   ] GC(464) Metaspace: 37275K(37632K)->37275K(37632K) NonClass: 32852K(33024K)->32852K(33024K) Class: 4423K(4608K)->4423K(4608K)
[2025-04-17T09:21:42.094+0000][70.095s][info][gc             ] GC(464) Pause Young (Allocation Failure) 24M->15M(31M) 1.373ms
[2025-04-17T09:21:42.094+0000][70.095s][info][gc,cpu         ] GC(464) User=0.00s Sys=0.00s Real=0.00s
[2025-04-17T09:21:42.188+0000][70.189s][info][gc,start       ] GC(465) Pause Young (Allocation Failure)
[2025-04-17T09:21:42.190+0000][70.190s][info][gc,heap        ] GC(465) DefNew: 9202K(10176K)->103K(10176K) Eden: 9088K(9088K)->0K(9088K) From: 114K(1088K)->103K(1088K)
[2025-04-17T09:21:42.190+0000][70.190s][info][gc,heap        ] GC(465) Tenured: 15422K(22464K)->15441K(22464K)
[2025-04-17T09:21:42.190+0000][70.190s][info][gc,metaspace   ] GC(465) Metaspace: 37275K(37632K)->37275K(37632K) NonClass: 32852K(33024K)->32852K(33024K) Class: 4423K(4608K)->4423K(4608K)
[2025-04-17T09:21:42.190+0000][70.190s][info][gc             ] GC(465) Pause Young (Allocation Failure) 24M->15M(31M) 1.420ms
[2025-04-17T09:21:42.190+0000][70.190s][info][gc,cpu         ] GC(465) User=0.00s Sys=0.00s Real=0.00s
[2025-04-17T09:21:42.240+0000][70.241s][info][gc,start       ] GC(466) Pause Young (Allocation Failure)
[2025-04-17T09:21:42.242+0000][70.242s][info][gc,heap        ] GC(466) DefNew: 9191K(10176K)->124K(10176K) Eden: 9087K(9088K)->0K(9088K) From: 103K(1088K)->124K(1088K)
[2025-04-17T09:21:42.242+0000][70.242s][info][gc,heap        ] GC(466) Tenured: 15441K(22464K)->15441K(22464K)
[2025-04-17T09:21:42.242+0000][70.242s][info][gc,metaspace   ] GC(466) Metaspace: 37275K(37632K)->37275K(37632K) NonClass: 32852K(33024K)->32852K(33024K) Class: 4423K(4608K)->4423K(4608K)
[2025-04-17T09:21:42.242+0000][70.242s][info][gc             ] GC(466) Pause Young (Allocation Failure) 24M->15M(31M) 1.428ms
[2025-04-17T09:21:42.242+0000][70.242s][info][gc,cpu         ] GC(466) User=0.00s Sys=0.00s Real=0.00s
[2025-04-17T09:21:42.332+0000][70.332s][info][gc,start       ] GC(467) Pause Young (Allocation Failure)
[2025-04-17T09:21:42.333+0000][70.334s][info][gc,heap        ] GC(467) DefNew: 9212K(10176K)->142K(10176K) Eden: 9088K(9088K)->0K(9088K) From: 124K(1088K)->142K(1088K)
[2025-04-17T09:21:42.333+0000][70.334s][info][gc,heap        ] GC(467) Tenured: 15441K(22464K)->15441K(22464K)
[2025-04-17T09:21:42.333+0000][70.334s][info][gc,metaspace   ] GC(467) Metaspace: 37275K(37632K)->37275K(37632K) NonClass: 32852K(33024K)->32852K(33024K) Class: 4423K(4608K)->4423K(4608K)
[2025-04-17T09:21:42.333+0000][70.334s][info][gc             ] GC(467) Pause Young (Allocation Failure) 24M->15M(31M) 1.441ms
[2025-04-17T09:21:42.333+0000][70.334s][info][gc,cpu         ] GC(467) User=0.00s Sys=0.00s Real=0.00s
[2025-04-17T09:21:42.421+0000][70.421s][info][gc,start       ] GC(468) Pause Young (Allocation Failure)
[2025-04-17T09:21:42.422+0000][70.423s][info][gc,heap        ] GC(468) DefNew: 9230K(10176K)->104K(10176K) Eden: 9088K(9088K)->0K(9088K) From: 142K(1088K)->104K(1088K)
[2025-04-17T09:21:42.422+0000][70.423s][info][gc,heap        ] GC(468) Tenured: 15441K(22464K)->15441K(22464K)
[2025-04-17T09:21:42.422+0000][70.423s][info][gc,metaspace   ] GC(468) Metaspace: 37275K(37632K)->37275K(37632K) NonClass: 32852K(33024K)->32852K(33024K) Class: 4423K(4608K)->4423K(4608K)
[2025-04-17T09:21:42.422+0000][70.423s][info][gc             ] GC(468) Pause Young (Allocation Failure) 24M->15M(31M) 1.420ms
[2025-04-17T09:21:42.422+0000][70.423s][info][gc,cpu         ] GC(468) User=0.00s Sys=0.00s Real=0.00s
[2025-04-17T09:21:42.496+0000][70.496s][info][gc,start       ] GC(469) Pause Young (Allocation Failure)
[2025-04-17T09:21:42.497+0000][70.498s][info][gc,heap        ] GC(469) DefNew: 9192K(10176K)->122K(10176K) Eden: 9087K(9088K)->0K(9088K) From: 104K(1088K)->122K(1088K)
[2025-04-17T09:21:42.497+0000][70.498s][info][gc,heap        ] GC(469) Tenured: 15441K(22464K)->15441K(22464K)
[2025-04-17T09:21:42.497+0000][70.498s][info][gc,metaspace   ] GC(469) Metaspace: 37276K(37632K)->37276K(37632K) NonClass: 32852K(33024K)->32852K(33024K) Class: 4423K(4608K)->4423K(4608K)
[2025-04-17T09:21:42.497+0000][70.498s][info][gc             ] GC(469) Pause Young (Allocation Failure) 24M->15M(31M) 1.397ms
[2025-04-17T09:21:42.497+0000][70.498s][info][gc,cpu         ] GC(469) User=0.01s Sys=0.00s Real=0.00s
[2025-04-17T09:21:42.556+0000][70.556s][info][gc,start       ] GC(470) Pause Young (Allocation Failure)
[2025-04-17T09:21:42.557+0000][70.558s][info][gc,heap        ] GC(470) DefNew: 9210K(10176K)->133K(10176K) Eden: 9087K(9088K)->0K(9088K) From: 122K(1088K)->133K(1088K)
[2025-04-17T09:21:42.557+0000][70.558s][info][gc,heap        ] GC(470) Tenured: 15441K(22464K)->15442K(22464K)
[2025-04-17T09:21:42.557+0000][70.558s][info][gc,metaspace   ] GC(470) Metaspace: 37276K(37632K)->37276K(37632K) NonClass: 32852K(33024K)->32852K(33024K) Class: 4423K(4608K)->4423K(4608K)
[2025-04-17T09:21:42.557+0000][70.558s][info][gc             ] GC(470) Pause Young (Allocation Failure) 24M->15M(31M) 1.585ms
[2025-04-17T09:21:42.557+0000][70.558s][info][gc,cpu         ] GC(470) User=0.01s Sys=0.00s Real=0.00s
[2025-04-17T09:21:42.650+0000][70.650s][info][gc,start       ] GC(471) Pause Young (Allocation Failure)
[2025-04-17T09:21:42.652+0000][70.652s][info][gc,heap        ] GC(471) DefNew: 9220K(10176K)->105K(10176K) Eden: 9087K(9088K)->0K(9088K) From: 133K(1088K)->105K(1088K)
[2025-04-17T09:21:42.652+0000][70.652s][info][gc,heap        ] GC(471) Tenured: 15442K(22464K)->15442K(22464K)
[2025-04-17T09:21:42.652+0000][70.652s][info][gc,metaspace   ] GC(471) Metaspace: 37276K(37632K)->37276K(37632K) NonClass: 32852K(33024K)->32852K(33024K) Class: 4423K(4608K)->4423K(4608K)
[2025-04-17T09:21:42.652+0000][70.652s][info][gc             ] GC(471) Pause Young (Allocation Failure) 24M->15M(31M) 1.904ms
[2025-04-17T09:21:42.652+0000][70.653s][info][gc,cpu         ] GC(471) User=0.00s Sys=0.00s Real=0.00s
[2025-04-17T09:21:42.727+0000][70.728s][info][gc,start       ] GC(472) Pause Young (Allocation Failure)
[2025-04-17T09:21:42.730+0000][70.730s][info][gc,heap        ] GC(472) DefNew: 9193K(10176K)->97K(10176K) Eden: 9088K(9088K)->0K(9088K) From: 105K(1088K)->97K(1088K)
[2025-04-17T09:21:42.730+0000][70.730s][info][gc,heap        ] GC(472) Tenured: 15442K(22464K)->15442K(22464K)
[2025-04-17T09:21:42.730+0000][70.730s][info][gc,metaspace   ] GC(472) Metaspace: 37276K(37632K)->37276K(37632K) NonClass: 32852K(33024K)->32852K(33024K) Class: 4423K(4608K)->4423K(4608K)
[2025-04-17T09:21:42.730+0000][70.730s][info][gc             ] GC(472) Pause Young (Allocation Failure) 24M->15M(31M) 2.876ms
[2025-04-17T09:21:42.730+0000][70.730s][info][gc,cpu         ] GC(472) User=0.00s Sys=0.00s Real=0.00s
[2025-04-17T09:21:42.804+0000][70.805s][info][gc,start       ] GC(473) Pause Young (Allocation Failure)
[2025-04-17T09:21:42.806+0000][70.807s][info][gc,heap        ] GC(473) DefNew: 9185K(10176K)->147K(10176K) Eden: 9088K(9088K)->0K(9088K) From: 97K(1088K)->147K(1088K)
[2025-04-17T09:21:42.806+0000][70.807s][info][gc,heap        ] GC(473) Tenured: 15442K(22464K)->15442K(22464K)
[2025-04-17T09:21:42.806+0000][70.807s][info][gc,metaspace   ] GC(473) Metaspace: 37276K(37632K)->37276K(37632K) NonClass: 32852K(33024K)->32852K(33024K) Class: 4423K(4608K)->4423K(4608K)
[2025-04-17T09:21:42.806+0000][70.807s][info][gc             ] GC(473) Pause Young (Allocation Failure) 24M->15M(31M) 2.581ms
[2025-04-17T09:21:42.806+0000][70.807s][info][gc,cpu         ] GC(473) User=0.01s Sys=0.00s Real=0.01s
[2025-04-17T09:21:42.891+0000][70.891s][info][gc,start       ] GC(474) Pause Young (Allocation Failure)
[2025-04-17T09:21:42.892+0000][70.893s][info][gc,heap        ] GC(474) DefNew: 9235K(10176K)->119K(10176K) Eden: 9088K(9088K)->0K(9088K) From: 147K(1088K)->119K(1088K)
[2025-04-17T09:21:42.892+0000][70.893s][info][gc,heap        ] GC(474) Tenured: 15442K(22464K)->15443K(22464K)
[2025-04-17T09:21:42.892+0000][70.893s][info][gc,metaspace   ] GC(474) Metaspace: 37276K(37632K)->37276K(37632K) NonClass: 32852K(33024K)->32852K(33024K) Class: 4423K(4608K)->4423K(4608K)
[2025-04-17T09:21:42.892+0000][70.893s][info][gc             ] GC(474) Pause Young (Allocation Failure) 24M->15M(31M) 1.585ms
[2025-04-17T09:21:42.892+0000][70.893s][info][gc,cpu         ] GC(474) User=0.01s Sys=0.00s Real=0.00s
[2025-04-17T09:21:42.952+0000][70.953s][info][gc,start       ] GC(475) Pause Young (Allocation Failure)
[2025-04-17T09:21:42.953+0000][70.954s][info][gc,heap        ] GC(475) DefNew: 9207K(10176K)->104K(10176K) Eden: 9088K(9088K)->0K(9088K) From: 119K(1088K)->104K(1088K)
[2025-04-17T09:21:42.953+0000][70.954s][info][gc,heap        ] GC(475) Tenured: 15443K(22464K)->15443K(22464K)
[2025-04-17T09:21:42.953+0000][70.954s][info][gc,metaspace   ] GC(475) Metaspace: 37276K(37632K)->37276K(37632K) NonClass: 32852K(33024K)->32852K(33024K) Class: 4423K(4608K)->4423K(4608K)
[2025-04-17T09:21:42.953+0000][70.954s][info][gc             ] GC(475) Pause Young (Allocation Failure) 24M->15M(31M) 1.516ms
[2025-04-17T09:21:42.953+0000][70.954s][info][gc,cpu         ] GC(475) User=0.00s Sys=0.00s Real=0.00s
[2025-04-17T09:21:43.043+0000][71.044s][info][gc,start       ] GC(476) Pause Young (Allocation Failure)
[2025-04-17T09:21:43.045+0000][71.045s][info][gc,heap        ] GC(476) DefNew: 9192K(10176K)->118K(10176K) Eden: 9088K(9088K)->0K(9088K) From: 104K(1088K)->118K(1088K)
[2025-04-17T09:21:43.045+0000][71.045s][info][gc,heap        ] GC(476) Tenured: 15443K(22464K)->15444K(22464K)
[2025-04-17T09:21:43.045+0000][71.045s][info][gc,metaspace   ] GC(476) Metaspace: 37276K(37632K)->37276K(37632K) NonClass: 32852K(33024K)->32852K(33024K) Class: 4423K(4608K)->4423K(4608K)
[2025-04-17T09:21:43.045+0000][71.045s][info][gc             ] GC(476) Pause Young (Allocation Failure) 24M->15M(31M) 1.417ms
[2025-04-17T09:21:43.045+0000][71.045s][info][gc,cpu         ] GC(476) User=0.00s Sys=0.00s Real=0.01s
[2025-04-17T09:21:43.112+0000][71.113s][info][gc,start       ] GC(477) Pause Young (Allocation Failure)
[2025-04-17T09:21:43.113+0000][71.114s][info][gc,heap        ] GC(477) DefNew: 9205K(10176K)->104K(10176K) Eden: 9086K(9088K)->0K(9088K) From: 118K(1088K)->104K(1088K)
[2025-04-17T09:21:43.113+0000][71.114s][info][gc,heap        ] GC(477) Tenured: 15444K(22464K)->15444K(22464K)
[2025-04-17T09:21:43.113+0000][71.114s][info][gc,metaspace   ] GC(477) Metaspace: 37276K(37632K)->37276K(37632K) NonClass: 32852K(33024K)->32852K(33024K) Class: 4423K(4608K)->4423K(4608K)
[2025-04-17T09:21:43.113+0000][71.114s][info][gc             ] GC(477) Pause Young (Allocation Failure) 24M->15M(31M) 1.275ms
[2025-04-17T09:21:43.113+0000][71.114s][info][gc,cpu         ] GC(477) User=0.00s Sys=0.00s Real=0.00s
[2025-04-17T09:21:43.182+0000][71.183s][info][gc,start       ] GC(478) Pause Young (Allocation Failure)
[2025-04-17T09:21:43.183+0000][71.184s][info][gc,heap        ] GC(478) DefNew: 9179K(10176K)->101K(10176K) Eden: 9075K(9088K)->0K(9088K) From: 104K(1088K)->101K(1088K)
[2025-04-17T09:21:43.183+0000][71.184s][info][gc,heap        ] GC(478) Tenured: 15444K(22464K)->15444K(22464K)
[2025-04-17T09:21:43.183+0000][71.184s][info][gc,metaspace   ] GC(478) Metaspace: 37276K(37632K)->37276K(37632K) NonClass: 32853K(33024K)->32853K(33024K) Class: 4423K(4608K)->4423K(4608K)
[2025-04-17T09:21:43.183+0000][71.184s][info][gc             ] GC(478) Pause Young (Allocation Failure) 24M->15M(31M) 1.287ms
[2025-04-17T09:21:43.183+0000][71.184s][info][gc,cpu         ] GC(478) User=0.00s Sys=0.00s Real=0.00s
[2025-04-17T09:21:43.265+0000][71.265s][info][gc,start       ] GC(479) Pause Young (Allocation Failure)
[2025-04-17T09:21:43.266+0000][71.267s][info][gc,heap        ] GC(479) DefNew: 9189K(10176K)->106K(10176K) Eden: 9088K(9088K)->0K(9088K) From: 101K(1088K)->106K(1088K)
[2025-04-17T09:21:43.266+0000][71.267s][info][gc,heap        ] GC(479) Tenured: 15444K(22464K)->15446K(22464K)
[2025-04-17T09:21:43.266+0000][71.267s][info][gc,metaspace   ] GC(479) Metaspace: 37276K(37632K)->37276K(37632K) NonClass: 32853K(33024K)->32853K(33024K) Class: 4423K(4608K)->4423K(4608K)
[2025-04-17T09:21:43.266+0000][71.267s][info][gc             ] GC(479) Pause Young (Allocation Failure) 24M->15M(31M) 1.343ms
[2025-04-17T09:21:43.266+0000][71.267s][info][gc,cpu         ] GC(479) User=0.00s Sys=0.00s Real=0.00s
[2025-04-17T09:21:43.349+0000][71.350s][info][gc,start       ] GC(480) Pause Young (Allocation Failure)
[2025-04-17T09:21:43.351+0000][71.351s][info][gc,heap        ] GC(480) DefNew: 9194K(10176K)->97K(10176K) Eden: 9088K(9088K)->0K(9088K) From: 106K(1088K)->97K(1088K)
[2025-04-17T09:21:43.351+0000][71.351s][info][gc,heap        ] GC(480) Tenured: 15446K(22464K)->15464K(22464K)
[2025-04-17T09:21:43.351+0000][71.352s][info][gc,metaspace   ] GC(480) Metaspace: 37276K(37632K)->37276K(37632K) NonClass: 32853K(33024K)->32853K(33024K) Class: 4423K(4608K)->4423K(4608K)
[2025-04-17T09:21:43.351+0000][71.352s][info][gc             ] GC(480) Pause Young (Allocation Failure) 24M->15M(31M) 1.421ms
[2025-04-17T09:21:43.351+0000][71.352s][info][gc,cpu         ] GC(480) User=0.00s Sys=0.00s Real=0.00s
[2025-04-17T09:21:43.430+0000][71.431s][info][gc,start       ] GC(481) Pause Young (Allocation Failure)
[2025-04-17T09:21:43.432+0000][71.432s][info][gc,heap        ] GC(481) DefNew: 9185K(10176K)->97K(10176K) Eden: 9087K(9088K)->0K(9088K) From: 97K(1088K)->97K(1088K)
[2025-04-17T09:21:43.432+0000][71.432s][info][gc,heap        ] GC(481) Tenured: 15464K(22464K)->15464K(22464K)
[2025-04-17T09:21:43.432+0000][71.432s][info][gc,metaspace   ] GC(481) Metaspace: 37276K(37632K)->37276K(37632K) NonClass: 32853K(33024K)->32853K(33024K) Class: 4423K(4608K)->4423K(4608K)
[2025-04-17T09:21:43.432+0000][71.432s][info][gc             ] GC(481) Pause Young (Allocation Failure) 24M->15M(31M) 1.409ms
[2025-04-17T09:21:43.432+0000][71.432s][info][gc,cpu         ] GC(481) User=0.00s Sys=0.00s Real=0.00s
[2025-04-17T09:21:43.510+0000][71.511s][info][gc,start       ] GC(482) Pause Young (Allocation Failure)
[2025-04-17T09:21:43.512+0000][71.512s][info][gc,heap        ] GC(482) DefNew: 9185K(10176K)->180K(10176K) Eden: 9088K(9088K)->0K(9088K) From: 97K(1088K)->180K(1088K)
[2025-04-17T09:21:43.512+0000][71.512s][info][gc,heap        ] GC(482) Tenured: 15464K(22464K)->15464K(22464K)
[2025-04-17T09:21:43.512+0000][71.512s][info][gc,metaspace   ] GC(482) Metaspace: 37276K(37632K)->37276K(37632K) NonClass: 32853K(33024K)->32853K(33024K) Class: 4423K(4608K)->4423K(4608K)
[2025-04-17T09:21:43.512+0000][71.512s][info][gc             ] GC(482) Pause Young (Allocation Failure) 24M->15M(31M) 1.544ms
[2025-04-17T09:21:43.512+0000][71.513s][info][gc,cpu         ] GC(482) User=0.00s Sys=0.00s Real=0.00s
[2025-04-17T09:21:43.597+0000][71.597s][info][gc,start       ] GC(483) Pause Young (Allocation Failure)
[2025-04-17T09:21:43.598+0000][71.599s][info][gc,heap        ] GC(483) DefNew: 9268K(10176K)->114K(10176K) Eden: 9088K(9088K)->0K(9088K) From: 180K(1088K)->114K(1088K)
[2025-04-17T09:21:43.598+0000][71.599s][info][gc,heap        ] GC(483) Tenured: 15464K(22464K)->15464K(22464K)
[2025-04-17T09:21:43.598+0000][71.599s][info][gc,metaspace   ] GC(483) Metaspace: 37277K(37632K)->37277K(37632K) NonClass: 32854K(33024K)->32854K(33024K) Class: 4423K(4608K)->4423K(4608K)
[2025-04-17T09:21:43.598+0000][71.599s][info][gc             ] GC(483) Pause Young (Allocation Failure) 24M->15M(31M) 1.533ms
[2025-04-17T09:21:43.598+0000][71.599s][info][gc,cpu         ] GC(483) User=0.00s Sys=0.00s Real=0.00s
[2025-04-17T09:21:43.664+0000][71.665s][info][gc,start       ] GC(484) Pause Young (Allocation Failure)
[2025-04-17T09:21:43.666+0000][71.666s][info][gc,heap        ] GC(484) DefNew: 9202K(10176K)->97K(10176K) Eden: 9088K(9088K)->0K(9088K) From: 114K(1088K)->97K(1088K)
[2025-04-17T09:21:43.666+0000][71.666s][info][gc,heap        ] GC(484) Tenured: 15464K(22464K)->15464K(22464K)
[2025-04-17T09:21:43.666+0000][71.666s][info][gc,metaspace   ] GC(484) Metaspace: 37277K(37632K)->37277K(37632K) NonClass: 32854K(33024K)->32854K(33024K) Class: 4423K(4608K)->4423K(4608K)
[2025-04-17T09:21:43.666+0000][71.666s][info][gc             ] GC(484) Pause Young (Allocation Failure) 24M->15M(31M) 1.343ms
[2025-04-17T09:21:43.666+0000][71.666s][info][gc,cpu         ] GC(484) User=0.00s Sys=0.00s Real=0.00s
[2025-04-17T09:21:43.734+0000][71.734s][info][gc,start       ] GC(485) Pause Young (Allocation Failure)
[2025-04-17T09:21:43.735+0000][71.736s][info][gc,heap        ] GC(485) DefNew: 9185K(10176K)->111K(10176K) Eden: 9088K(9088K)->0K(9088K) From: 97K(1088K)->111K(1088K)
[2025-04-17T09:21:43.735+0000][71.736s][info][gc,heap        ] GC(485) Tenured: 15464K(22464K)->15464K(22464K)
[2025-04-17T09:21:43.735+0000][71.736s][info][gc,metaspace   ] GC(485) Metaspace: 37277K(37632K)->37277K(37632K) NonClass: 32854K(33024K)->32854K(33024K) Class: 4423K(4608K)->4423K(4608K)
[2025-04-17T09:21:43.735+0000][71.736s][info][gc             ] GC(485) Pause Young (Allocation Failure) 24M->15M(31M) 1.385ms
[2025-04-17T09:21:43.735+0000][71.736s][info][gc,cpu         ] GC(485) User=0.00s Sys=0.00s Real=0.01s
[2025-04-17T09:21:43.813+0000][71.813s][info][gc,start       ] GC(486) Pause Young (Allocation Failure)
[2025-04-17T09:21:43.814+0000][71.814s][info][gc,heap        ] GC(486) DefNew: 9199K(10176K)->113K(10176K) Eden: 9087K(9088K)->0K(9088K) From: 111K(1088K)->113K(1088K)
[2025-04-17T09:21:43.814+0000][71.815s][info][gc,heap        ] GC(486) Tenured: 15464K(22464K)->15465K(22464K)
[2025-04-17T09:21:43.814+0000][71.815s][info][gc,metaspace   ] GC(486) Metaspace: 37277K(37632K)->37277K(37632K) NonClass: 32854K(33024K)->32854K(33024K) Class: 4423K(4608K)->4423K(4608K)
[2025-04-17T09:21:43.814+0000][71.815s][info][gc             ] GC(486) Pause Young (Allocation Failure) 24M->15M(31M) 1.317ms
[2025-04-17T09:21:43.814+0000][71.815s][info][gc,cpu         ] GC(486) User=0.00s Sys=0.00s Real=0.00s
[2025-04-17T09:21:43.890+0000][71.891s][info][gc,start       ] GC(487) Pause Young (Allocation Failure)
[2025-04-17T09:21:43.892+0000][71.892s][info][gc,heap        ] GC(487) DefNew: 9201K(10176K)->174K(10176K) Eden: 9088K(9088K)->0K(9088K) From: 113K(1088K)->174K(1088K)
[2025-04-17T09:21:43.892+0000][71.892s][info][gc,heap        ] GC(487) Tenured: 15465K(22464K)->15466K(22464K)
[2025-04-17T09:21:43.892+0000][71.892s][info][gc,metaspace   ] GC(487) Metaspace: 37277K(37632K)->37277K(37632K) NonClass: 32854K(33024K)->32854K(33024K) Class: 4423K(4608K)->4423K(4608K)
[2025-04-17T09:21:43.892+0000][71.893s][info][gc             ] GC(487) Pause Young (Allocation Failure) 24M->15M(31M) 1.471ms
[2025-04-17T09:21:43.892+0000][71.893s][info][gc,cpu         ] GC(487) User=0.01s Sys=0.00s Real=0.00s
[2025-04-17T09:21:43.959+0000][71.960s][info][gc,start       ] GC(488) Pause Young (Allocation Failure)
[2025-04-17T09:21:43.961+0000][71.961s][info][gc,heap        ] GC(488) DefNew: 9262K(10176K)->134K(10176K) Eden: 9088K(9088K)->0K(9088K) From: 174K(1088K)->134K(1088K)
[2025-04-17T09:21:43.961+0000][71.961s][info][gc,heap        ] GC(488) Tenured: 15466K(22464K)->15466K(22464K)
[2025-04-17T09:21:43.961+0000][71.961s][info][gc,metaspace   ] GC(488) Metaspace: 37277K(37632K)->37277K(37632K) NonClass: 32854K(33024K)->32854K(33024K) Class: 4423K(4608K)->4423K(4608K)
[2025-04-17T09:21:43.961+0000][71.961s][info][gc             ] GC(488) Pause Young (Allocation Failure) 24M->15M(31M) 1.493ms
[2025-04-17T09:21:43.961+0000][71.961s][info][gc,cpu         ] GC(488) User=0.00s Sys=0.00s Real=0.00s
[2025-04-17T09:21:44.031+0000][72.032s][info][gc,start       ] GC(489) Pause Young (Allocation Failure)
[2025-04-17T09:21:44.032+0000][72.033s][info][gc,heap        ] GC(489) DefNew: 9222K(10176K)->95K(10176K) Eden: 9088K(9088K)->0K(9088K) From: 134K(1088K)->95K(1088K)
[2025-04-17T09:21:44.032+0000][72.033s][info][gc,heap        ] GC(489) Tenured: 15466K(22464K)->15467K(22464K)
[2025-04-17T09:21:44.032+0000][72.033s][info][gc,metaspace   ] GC(489) Metaspace: 37277K(37632K)->37277K(37632K) NonClass: 32854K(33024K)->32854K(33024K) Class: 4423K(4608K)->4423K(4608K)
[2025-04-17T09:21:44.032+0000][72.033s][info][gc             ] GC(489) Pause Young (Allocation Failure) 24M->15M(31M) 1.305ms
[2025-04-17T09:21:44.032+0000][72.033s][info][gc,cpu         ] GC(489) User=0.00s Sys=0.00s Real=0.00s
[2025-04-17T09:21:44.119+0000][72.120s][info][gc,start       ] GC(490) Pause Young (Allocation Failure)
[2025-04-17T09:21:44.121+0000][72.121s][info][gc,heap        ] GC(490) DefNew: 9183K(10176K)->110K(10176K) Eden: 9088K(9088K)->0K(9088K) From: 95K(1088K)->110K(1088K)
[2025-04-17T09:21:44.121+0000][72.121s][info][gc,heap        ] GC(490) Tenured: 15467K(22464K)->15467K(22464K)
[2025-04-17T09:21:44.121+0000][72.121s][info][gc,metaspace   ] GC(490) Metaspace: 37277K(37632K)->37277K(37632K) NonClass: 32854K(33024K)->32854K(33024K) Class: 4423K(4608K)->4423K(4608K)
[2025-04-17T09:21:44.121+0000][72.121s][info][gc             ] GC(490) Pause Young (Allocation Failure) 24M->15M(31M) 1.356ms
[2025-04-17T09:21:44.121+0000][72.122s][info][gc,cpu         ] GC(490) User=0.00s Sys=0.00s Real=0.00s
[2025-04-17T09:21:44.190+0000][72.191s][info][gc,start       ] GC(491) Pause Young (Allocation Failure)
[2025-04-17T09:21:44.191+0000][72.192s][info][gc,heap        ] GC(491) DefNew: 9198K(10176K)->119K(10176K) Eden: 9087K(9088K)->0K(9088K) From: 110K(1088K)->119K(1088K)
[2025-04-17T09:21:44.191+0000][72.192s][info][gc,heap        ] GC(491) Tenured: 15467K(22464K)->15469K(22464K)
[2025-04-17T09:21:44.191+0000][72.192s][info][gc,metaspace   ] GC(491) Metaspace: 37277K(37632K)->37277K(37632K) NonClass: 32854K(33024K)->32854K(33024K) Class: 4423K(4608K)->4423K(4608K)
[2025-04-17T09:21:44.191+0000][72.192s][info][gc             ] GC(491) Pause Young (Allocation Failure) 24M->15M(31M) 1.435ms
[2025-04-17T09:21:44.191+0000][72.192s][info][gc,cpu         ] GC(491) User=0.00s Sys=0.00s Real=0.00s
[2025-04-17T09:21:44.253+0000][72.254s][info][gc,start       ] GC(492) Pause Young (Allocation Failure)
[2025-04-17T09:21:44.254+0000][72.255s][info][gc,heap        ] GC(492) DefNew: 9206K(10176K)->98K(10176K) Eden: 9087K(9088K)->0K(9088K) From: 119K(1088K)->98K(1088K)
[2025-04-17T09:21:44.254+0000][72.255s][info][gc,heap        ] GC(492) Tenured: 15469K(22464K)->15469K(22464K)
[2025-04-17T09:21:44.254+0000][72.255s][info][gc,metaspace   ] GC(492) Metaspace: 37277K(37632K)->37277K(37632K) NonClass: 32854K(33024K)->32854K(33024K) Class: 4423K(4608K)->4423K(4608K)
[2025-04-17T09:21:44.254+0000][72.255s][info][gc             ] GC(492) Pause Young (Allocation Failure) 24M->15M(31M) 1.270ms
[2025-04-17T09:21:44.254+0000][72.255s][info][gc,cpu         ] GC(492) User=0.00s Sys=0.00s Real=0.01s
[2025-04-17T09:21:44.346+0000][72.347s][info][gc,start       ] GC(493) Pause Young (Allocation Failure)
[2025-04-17T09:21:44.347+0000][72.348s][info][gc,heap        ] GC(493) DefNew: 9186K(10176K)->96K(10176K) Eden: 9088K(9088K)->0K(9088K) From: 98K(1088K)->96K(1088K)
[2025-04-17T09:21:44.347+0000][72.348s][info][gc,heap        ] GC(493) Tenured: 15469K(22464K)->15470K(22464K)
[2025-04-17T09:21:44.347+0000][72.348s][info][gc,metaspace   ] GC(493) Metaspace: 37277K(37632K)->37277K(37632K) NonClass: 32854K(33024K)->32854K(33024K) Class: 4423K(4608K)->4423K(4608K)
[2025-04-17T09:21:44.347+0000][72.348s][info][gc             ] GC(493) Pause Young (Allocation Failure) 24M->15M(31M) 1.312ms
[2025-04-17T09:21:44.347+0000][72.348s][info][gc,cpu         ] GC(493) User=0.00s Sys=0.00s Real=0.00s
[2025-04-17T09:21:44.412+0000][72.413s][info][gc,start       ] GC(494) Pause Young (Allocation Failure)
[2025-04-17T09:21:44.413+0000][72.414s][info][gc,heap        ] GC(494) DefNew: 9184K(10176K)->99K(10176K) Eden: 9088K(9088K)->0K(9088K) From: 96K(1088K)->99K(1088K)
[2025-04-17T09:21:44.413+0000][72.414s][info][gc,heap        ] GC(494) Tenured: 15470K(22464K)->15470K(22464K)
[2025-04-17T09:21:44.413+0000][72.414s][info][gc,metaspace   ] GC(494) Metaspace: 37277K(37632K)->37277K(37632K) NonClass: 32854K(33024K)->32854K(33024K) Class: 4423K(4608K)->4423K(4608K)
[2025-04-17T09:21:44.413+0000][72.414s][info][gc             ] GC(494) Pause Young (Allocation Failure) 24M->15M(31M) 1.302ms
[2025-04-17T09:21:44.413+0000][72.414s][info][gc,cpu         ] GC(494) User=0.00s Sys=0.00s Real=0.00s
[2025-04-17T09:21:44.489+0000][72.489s][info][gc,start       ] GC(495) Pause Young (Allocation Failure)
[2025-04-17T09:21:44.490+0000][72.490s][info][gc,heap        ] GC(495) DefNew: 9187K(10176K)->113K(10176K) Eden: 9088K(9088K)->0K(9088K) From: 99K(1088K)->113K(1088K)
[2025-04-17T09:21:44.490+0000][72.490s][info][gc,heap        ] GC(495) Tenured: 15470K(22464K)->15471K(22464K)
[2025-04-17T09:21:44.490+0000][72.490s][info][gc,metaspace   ] GC(495) Metaspace: 37277K(37632K)->37277K(37632K) NonClass: 32854K(33024K)->32854K(33024K) Class: 4423K(4608K)->4423K(4608K)
[2025-04-17T09:21:44.490+0000][72.490s][info][gc             ] GC(495) Pause Young (Allocation Failure) 24M->15M(31M) 1.298ms
[2025-04-17T09:21:44.490+0000][72.490s][info][gc,cpu         ] GC(495) User=0.00s Sys=0.00s Real=0.00s
[2025-04-17T09:21:44.572+0000][72.573s][info][gc,start       ] GC(496) Pause Young (Allocation Failure)
[2025-04-17T09:21:44.574+0000][72.574s][info][gc,heap        ] GC(496) DefNew: 9201K(10176K)->116K(10176K) Eden: 9087K(9088K)->0K(9088K) From: 113K(1088K)->116K(1088K)
[2025-04-17T09:21:44.574+0000][72.574s][info][gc,heap        ] GC(496) Tenured: 15471K(22464K)->15489K(22464K)
[2025-04-17T09:21:44.574+0000][72.574s][info][gc,metaspace   ] GC(496) Metaspace: 37279K(37632K)->37279K(37632K) NonClass: 32856K(33024K)->32856K(33024K) Class: 4423K(4608K)->4423K(4608K)
[2025-04-17T09:21:44.574+0000][72.574s][info][gc             ] GC(496) Pause Young (Allocation Failure) 24M->15M(31M) 1.525ms
[2025-04-17T09:21:44.574+0000][72.574s][info][gc,cpu         ] GC(496) User=0.00s Sys=0.00s Real=0.00s
[2025-04-17T09:21:44.632+0000][72.632s][info][gc,start       ] GC(497) Pause Young (Allocation Failure)
[2025-04-17T09:21:44.633+0000][72.634s][info][gc,heap        ] GC(497) DefNew: 9204K(10176K)->126K(10176K) Eden: 9088K(9088K)->0K(9088K) From: 116K(1088K)->126K(1088K)
[2025-04-17T09:21:44.633+0000][72.634s][info][gc,heap        ] GC(497) Tenured: 15489K(22464K)->15489K(22464K)
[2025-04-17T09:21:44.633+0000][72.634s][info][gc,metaspace   ] GC(497) Metaspace: 37279K(37632K)->37279K(37632K) NonClass: 32856K(33024K)->32856K(33024K) Class: 4423K(4608K)->4423K(4608K)
[2025-04-17T09:21:44.633+0000][72.634s][info][gc             ] GC(497) Pause Young (Allocation Failure) 24M->15M(31M) 1.404ms
[2025-04-17T09:21:44.633+0000][72.634s][info][gc,cpu         ] GC(497) User=0.00s Sys=0.00s Real=0.00s
[2025-04-17T09:21:44.703+0000][72.704s][info][gc,start       ] GC(498) Pause Young (Allocation Failure)
[2025-04-17T09:21:44.705+0000][72.705s][info][gc,heap        ] GC(498) DefNew: 9214K(10176K)->96K(10176K) Eden: 9088K(9088K)->0K(9088K) From: 126K(1088K)->96K(1088K)
[2025-04-17T09:21:44.705+0000][72.705s][info][gc,heap        ] GC(498) Tenured: 15489K(22464K)->15489K(22464K)
[2025-04-17T09:21:44.705+0000][72.705s][info][gc,metaspace   ] GC(498) Metaspace: 37279K(37632K)->37279K(37632K) NonClass: 32856K(33024K)->32856K(33024K) Class: 4423K(4608K)->4423K(4608K)
[2025-04-17T09:21:44.705+0000][72.705s][info][gc             ] GC(498) Pause Young (Allocation Failure) 24M->15M(31M) 1.272ms
[2025-04-17T09:21:44.705+0000][72.705s][info][gc,cpu         ] GC(498) User=0.00s Sys=0.00s Real=0.01s
[2025-04-17T09:21:44.786+0000][72.787s][info][gc,start       ] GC(499) Pause Young (Allocation Failure)
[2025-04-17T09:21:44.788+0000][72.788s][info][gc,heap        ] GC(499) DefNew: 9184K(10176K)->98K(10176K) Eden: 9088K(9088K)->0K(9088K) From: 96K(1088K)->98K(1088K)
[2025-04-17T09:21:44.788+0000][72.788s][info][gc,heap        ] GC(499) Tenured: 15489K(22464K)->15489K(22464K)
[2025-04-17T09:21:44.788+0000][72.788s][info][gc,metaspace   ] GC(499) Metaspace: 37279K(37632K)->37279K(37632K) NonClass: 32856K(33024K)->32856K(33024K) Class: 4423K(4608K)->4423K(4608K)
[2025-04-17T09:21:44.788+0000][72.788s][info][gc             ] GC(499) Pause Young (Allocation Failure) 24M->15M(31M) 1.282ms
[2025-04-17T09:21:44.788+0000][72.788s][info][gc,cpu         ] GC(499) User=0.00s Sys=0.00s Real=0.00s
[2025-04-17T09:21:44.859+0000][72.859s][info][gc,start       ] GC(500) Pause Young (Allocation Failure)
[2025-04-17T09:21:44.860+0000][72.861s][info][gc,heap        ] GC(500) DefNew: 9186K(10176K)->122K(10176K) Eden: 9088K(9088K)->0K(9088K) From: 98K(1088K)->122K(1088K)
[2025-04-17T09:21:44.860+0000][72.861s][info][gc,heap        ] GC(500) Tenured: 15489K(22464K)->15489K(22464K)
[2025-04-17T09:21:44.860+0000][72.861s][info][gc,metaspace   ] GC(500) Metaspace: 37279K(37632K)->37279K(37632K) NonClass: 32856K(33024K)->32856K(33024K) Class: 4423K(4608K)->4423K(4608K)
[2025-04-17T09:21:44.860+0000][72.861s][info][gc             ] GC(500) Pause Young (Allocation Failure) 24M->15M(31M) 1.430ms
[2025-04-17T09:21:44.860+0000][72.861s][info][gc,cpu         ] GC(500) User=0.00s Sys=0.00s Real=0.00s
[2025-04-17T09:21:44.925+0000][72.926s][info][gc,start       ] GC(501) Pause Young (Allocation Failure)
[2025-04-17T09:21:44.926+0000][72.927s][info][gc,heap        ] GC(501) DefNew: 9210K(10176K)->107K(10176K) Eden: 9087K(9088K)->0K(9088K) From: 122K(1088K)->107K(1088K)
[2025-04-17T09:21:44.926+0000][72.927s][info][gc,heap        ] GC(501) Tenured: 15489K(22464K)->15490K(22464K)
[2025-04-17T09:21:44.926+0000][72.927s][info][gc,metaspace   ] GC(501) Metaspace: 37279K(37632K)->37279K(37632K) NonClass: 32856K(33024K)->32856K(33024K) Class: 4423K(4608K)->4423K(4608K)
[2025-04-17T09:21:44.926+0000][72.927s][info][gc             ] GC(501) Pause Young (Allocation Failure) 24M->15M(31M) 1.302ms
[2025-04-17T09:21:44.926+0000][72.927s][info][gc,cpu         ] GC(501) User=0.01s Sys=0.00s Real=0.00s
[2025-04-17T09:21:45.001+0000][73.001s][info][gc,start       ] GC(502) Pause Young (Allocation Failure)
[2025-04-17T09:21:45.002+0000][73.002s][info][gc,heap        ] GC(502) DefNew: 9195K(10176K)->97K(10176K) Eden: 9088K(9088K)->0K(9088K) From: 107K(1088K)->97K(1088K)
[2025-04-17T09:21:45.002+0000][73.002s][info][gc,heap        ] GC(502) Tenured: 15490K(22464K)->15490K(22464K)
[2025-04-17T09:21:45.002+0000][73.002s][info][gc,metaspace   ] GC(502) Metaspace: 37279K(37632K)->37279K(37632K) NonClass: 32856K(33024K)->32856K(33024K) Class: 4423K(4608K)->4423K(4608K)
[2025-04-17T09:21:45.002+0000][73.002s][info][gc             ] GC(502) Pause Young (Allocation Failure) 24M->15M(31M) 1.216ms
[2025-04-17T09:21:45.002+0000][73.002s][info][gc,cpu         ] GC(502) User=0.00s Sys=0.00s Real=0.00s
[2025-04-17T09:21:45.093+0000][73.094s][info][gc,start       ] GC(503) Pause Young (Allocation Failure)
[2025-04-17T09:21:45.095+0000][73.095s][info][gc,heap        ] GC(503) DefNew: 9185K(10176K)->109K(10176K) Eden: 9088K(9088K)->0K(9088K) From: 97K(1088K)->109K(1088K)
[2025-04-17T09:21:45.095+0000][73.095s][info][gc,heap        ] GC(503) Tenured: 15490K(22464K)->15490K(22464K)
[2025-04-17T09:21:45.095+0000][73.095s][info][gc,metaspace   ] GC(503) Metaspace: 37279K(37632K)->37279K(37632K) NonClass: 32856K(33024K)->32856K(33024K) Class: 4423K(4608K)->4423K(4608K)
[2025-04-17T09:21:45.095+0000][73.095s][info][gc             ] GC(503) Pause Young (Allocation Failure) 24M->15M(31M) 1.360ms
[2025-04-17T09:21:45.095+0000][73.095s][info][gc,cpu         ] GC(503) User=0.00s Sys=0.00s Real=0.01s
[2025-04-17T09:21:45.156+0000][73.156s][info][gc,start       ] GC(504) Pause Young (Allocation Failure)
[2025-04-17T09:21:45.157+0000][73.158s][info][gc,heap        ] GC(504) DefNew: 9197K(10176K)->107K(10176K) Eden: 9088K(9088K)->0K(9088K) From: 109K(1088K)->107K(1088K)
[2025-04-17T09:21:45.157+0000][73.158s][info][gc,heap        ] GC(504) Tenured: 15490K(22464K)->15490K(22464K)
[2025-04-17T09:21:45.157+0000][73.158s][info][gc,metaspace   ] GC(504) Metaspace: 37279K(37632K)->37279K(37632K) NonClass: 32856K(33024K)->32856K(33024K) Class: 4423K(4608K)->4423K(4608K)
[2025-04-17T09:21:45.157+0000][73.158s][info][gc             ] GC(504) Pause Young (Allocation Failure) 24M->15M(31M) 1.449ms
[2025-04-17T09:21:45.157+0000][73.158s][info][gc,cpu         ] GC(504) User=0.00s Sys=0.00s Real=0.00s
[2025-04-17T09:21:45.215+0000][73.216s][info][gc,start       ] GC(505) Pause Young (Allocation Failure)
[2025-04-17T09:21:45.217+0000][73.217s][info][gc,heap        ] GC(505) DefNew: 9194K(10176K)->128K(10176K) Eden: 9086K(9088K)->0K(9088K) From: 107K(1088K)->128K(1088K)
[2025-04-17T09:21:45.217+0000][73.217s][info][gc,heap        ] GC(505) Tenured: 15490K(22464K)->15490K(22464K)
[2025-04-17T09:21:45.217+0000][73.217s][info][gc,metaspace   ] GC(505) Metaspace: 37279K(37632K)->37279K(37632K) NonClass: 32856K(33024K)->32856K(33024K) Class: 4423K(4608K)->4423K(4608K)
[2025-04-17T09:21:45.217+0000][73.217s][info][gc             ] GC(505) Pause Young (Allocation Failure) 24M->15M(31M) 1.401ms
[2025-04-17T09:21:45.217+0000][73.217s][info][gc,cpu         ] GC(505) User=0.00s Sys=0.00s Real=0.00s
[2025-04-17T09:21:45.312+0000][73.313s][info][gc,start       ] GC(506) Pause Young (Allocation Failure)
[2025-04-17T09:21:45.314+0000][73.314s][info][gc,heap        ] GC(506) DefNew: 9216K(10176K)->170K(10176K) Eden: 9088K(9088K)->0K(9088K) From: 128K(1088K)->170K(1088K)
[2025-04-17T09:21:45.314+0000][73.314s][info][gc,heap        ] GC(506) Tenured: 15490K(22464K)->15493K(22464K)
[2025-04-17T09:21:45.314+0000][73.314s][info][gc,metaspace   ] GC(506) Metaspace: 37279K(37632K)->37279K(37632K) NonClass: 32856K(33024K)->32856K(33024K) Class: 4423K(4608K)->4423K(4608K)
[2025-04-17T09:21:45.314+0000][73.314s][info][gc             ] GC(506) Pause Young (Allocation Failure) 24M->15M(31M) 1.498ms
[2025-04-17T09:21:45.314+0000][73.314s][info][gc,cpu         ] GC(506) User=0.00s Sys=0.00s Real=0.00s
[2025-04-17T09:21:45.382+0000][73.383s][info][gc,start       ] GC(507) Pause Young (Allocation Failure)
[2025-04-17T09:21:45.384+0000][73.384s][info][gc,heap        ] GC(507) DefNew: 9253K(10176K)->106K(10176K) Eden: 9083K(9088K)->0K(9088K) From: 170K(1088K)->106K(1088K)
[2025-04-17T09:21:45.384+0000][73.384s][info][gc,heap        ] GC(507) Tenured: 15493K(22464K)->15493K(22464K)
[2025-04-17T09:21:45.384+0000][73.384s][info][gc,metaspace   ] GC(507) Metaspace: 37279K(37632K)->37279K(37632K) NonClass: 32856K(33024K)->32856K(33024K) Class: 4423K(4608K)->4423K(4608K)
[2025-04-17T09:21:45.384+0000][73.384s][info][gc             ] GC(507) Pause Young (Allocation Failure) 24M->15M(31M) 1.276ms
[2025-04-17T09:21:45.384+0000][73.384s][info][gc,cpu         ] GC(507) User=0.00s Sys=0.00s Real=0.00s
[2025-04-17T09:21:45.437+0000][73.438s][info][gc,start       ] GC(508) Pause Young (Allocation Failure)
[2025-04-17T09:21:45.439+0000][73.439s][info][gc,heap        ] GC(508) DefNew: 9194K(10176K)->179K(10176K) Eden: 9088K(9088K)->0K(9088K) From: 106K(1088K)->179K(1088K)
[2025-04-17T09:21:45.439+0000][73.439s][info][gc,heap        ] GC(508) Tenured: 15493K(22464K)->15493K(22464K)
[2025-04-17T09:21:45.439+0000][73.439s][info][gc,metaspace   ] GC(508) Metaspace: 37279K(37632K)->37279K(37632K) NonClass: 32856K(33024K)->32856K(33024K) Class: 4423K(4608K)->4423K(4608K)
[2025-04-17T09:21:45.439+0000][73.440s][info][gc             ] GC(508) Pause Young (Allocation Failure) 24M->15M(31M) 1.578ms
[2025-04-17T09:21:45.439+0000][73.440s][info][gc,cpu         ] GC(508) User=0.00s Sys=0.00s Real=0.00s
[2025-04-17T09:21:45.528+0000][73.529s][info][gc,start       ] GC(509) Pause Young (Allocation Failure)
[2025-04-17T09:21:45.530+0000][73.530s][info][gc,heap        ] GC(509) DefNew: 9267K(10176K)->98K(10176K) Eden: 9088K(9088K)->0K(9088K) From: 179K(1088K)->98K(1088K)
[2025-04-17T09:21:45.530+0000][73.530s][info][gc,heap        ] GC(509) Tenured: 15493K(22464K)->15494K(22464K)
[2025-04-17T09:21:45.530+0000][73.530s][info][gc,metaspace   ] GC(509) Metaspace: 37279K(37632K)->37279K(37632K) NonClass: 32856K(33024K)->32856K(33024K) Class: 4423K(4608K)->4423K(4608K)
[2025-04-17T09:21:45.530+0000][73.530s][info][gc             ] GC(509) Pause Young (Allocation Failure) 24M->15M(31M) 1.329ms
[2025-04-17T09:21:45.530+0000][73.530s][info][gc,cpu         ] GC(509) User=0.00s Sys=0.00s Real=0.00s
[2025-04-17T09:21:45.606+0000][73.607s][info][gc,start       ] GC(510) Pause Young (Allocation Failure)
[2025-04-17T09:21:45.607+0000][73.608s][info][gc,heap        ] GC(510) DefNew: 9186K(10176K)->113K(10176K) Eden: 9088K(9088K)->0K(9088K) From: 98K(1088K)->113K(1088K)
[2025-04-17T09:21:45.607+0000][73.608s][info][gc,heap        ] GC(510) Tenured: 15494K(22464K)->15494K(22464K)
[2025-04-17T09:21:45.607+0000][73.608s][info][gc,metaspace   ] GC(510) Metaspace: 37279K(37632K)->37279K(37632K) NonClass: 32856K(33024K)->32856K(33024K) Class: 4423K(4608K)->4423K(4608K)
[2025-04-17T09:21:45.607+0000][73.608s][info][gc             ] GC(510) Pause Young (Allocation Failure) 24M->15M(31M) 1.353ms
[2025-04-17T09:21:45.607+0000][73.608s][info][gc,cpu         ] GC(510) User=0.00s Sys=0.00s Real=0.00s
[2025-04-17T09:21:45.654+0000][73.655s][info][gc,start       ] GC(511) Pause Young (Allocation Failure)
[2025-04-17T09:21:45.655+0000][73.656s][info][gc,heap        ] GC(511) DefNew: 9201K(10176K)->81K(10176K) Eden: 9087K(9088K)->0K(9088K) From: 113K(1088K)->81K(1088K)
[2025-04-17T09:21:45.655+0000][73.656s][info][gc,heap        ] GC(511) Tenured: 15494K(22464K)->15511K(22464K)
[2025-04-17T09:21:45.655+0000][73.656s][info][gc,metaspace   ] GC(511) Metaspace: 37279K(37632K)->37279K(37632K) NonClass: 32856K(33024K)->32856K(33024K) Class: 4423K(4608K)->4423K(4608K)
[2025-04-17T09:21:45.655+0000][73.656s][info][gc             ] GC(511) Pause Young (Allocation Failure) 24M->15M(31M) 1.402ms
[2025-04-17T09:21:45.655+0000][73.656s][info][gc,cpu         ] GC(511) User=0.00s Sys=0.00s Real=0.01s
[2025-04-17T09:21:45.755+0000][73.756s][info][gc,start       ] GC(512) Pause Young (Allocation Failure)
[2025-04-17T09:21:45.757+0000][73.758s][info][gc,heap        ] GC(512) DefNew: 9169K(10176K)->133K(10176K) Eden: 9088K(9088K)->0K(9088K) From: 81K(1088K)->133K(1088K)
[2025-04-17T09:21:45.757+0000][73.758s][info][gc,heap        ] GC(512) Tenured: 15511K(22464K)->15511K(22464K)
[2025-04-17T09:21:45.757+0000][73.758s][info][gc,metaspace   ] GC(512) Metaspace: 37286K(37632K)->37286K(37632K) NonClass: 32862K(33024K)->32862K(33024K) Class: 4423K(4608K)->4423K(4608K)
[2025-04-17T09:21:45.757+0000][73.758s][info][gc             ] GC(512) Pause Young (Allocation Failure) 24M->15M(31M) 1.616ms
[2025-04-17T09:21:45.757+0000][73.758s][info][gc,cpu         ] GC(512) User=0.00s Sys=0.00s Real=0.00s
[2025-04-17T09:21:45.815+0000][73.816s][info][gc,start       ] GC(513) Pause Young (Allocation Failure)
[2025-04-17T09:21:45.817+0000][73.817s][info][gc,heap        ] GC(513) DefNew: 9221K(10176K)->98K(10176K) Eden: 9088K(9088K)->0K(9088K) From: 133K(1088K)->98K(1088K)
[2025-04-17T09:21:45.817+0000][73.817s][info][gc,heap        ] GC(513) Tenured: 15511K(22464K)->15511K(22464K)
[2025-04-17T09:21:45.817+0000][73.817s][info][gc,metaspace   ] GC(513) Metaspace: 37286K(37632K)->37286K(37632K) NonClass: 32862K(33024K)->32862K(33024K) Class: 4423K(4608K)->4423K(4608K)
[2025-04-17T09:21:45.817+0000][73.817s][info][gc             ] GC(513) Pause Young (Allocation Failure) 24M->15M(31M) 1.337ms
[2025-04-17T09:21:45.817+0000][73.817s][info][gc,cpu         ] GC(513) User=0.00s Sys=0.00s Real=0.00s
[2025-04-17T09:21:45.888+0000][73.889s][info][gc,start       ] GC(514) Pause Young (Allocation Failure)
[2025-04-17T09:21:45.890+0000][73.891s][info][gc,heap        ] GC(514) DefNew: 9186K(10176K)->186K(10176K) Eden: 9088K(9088K)->0K(9088K) From: 98K(1088K)->186K(1088K)
[2025-04-17T09:21:45.890+0000][73.891s][info][gc,heap        ] GC(514) Tenured: 15511K(22464K)->15512K(22464K)
[2025-04-17T09:21:45.890+0000][73.891s][info][gc,metaspace   ] GC(514) Metaspace: 37286K(37632K)->37286K(37632K) NonClass: 32862K(33024K)->32862K(33024K) Class: 4423K(4608K)->4423K(4608K)
[2025-04-17T09:21:45.890+0000][73.891s][info][gc             ] GC(514) Pause Young (Allocation Failure) 24M->15M(31M) 1.570ms
[2025-04-17T09:21:45.890+0000][73.891s][info][gc,cpu         ] GC(514) User=0.00s Sys=0.00s Real=0.00s
[2025-04-17T09:21:45.972+0000][73.973s][info][gc,start       ] GC(515) Pause Young (Allocation Failure)
[2025-04-17T09:21:45.974+0000][73.974s][info][gc,heap        ] GC(515) DefNew: 9274K(10176K)->132K(10176K) Eden: 9088K(9088K)->0K(9088K) From: 186K(1088K)->132K(1088K)
[2025-04-17T09:21:45.974+0000][73.974s][info][gc,heap        ] GC(515) Tenured: 15512K(22464K)->15512K(22464K)
[2025-04-17T09:21:45.974+0000][73.974s][info][gc,metaspace   ] GC(515) Metaspace: 37286K(37632K)->37286K(37632K) NonClass: 32862K(33024K)->32862K(33024K) Class: 4423K(4608K)->4423K(4608K)
[2025-04-17T09:21:45.974+0000][73.974s][info][gc             ] GC(515) Pause Young (Allocation Failure) 24M->15M(31M) 1.509ms
[2025-04-17T09:21:45.974+0000][73.974s][info][gc,cpu         ] GC(515) User=0.00s Sys=0.00s Real=0.00s
[2025-04-17T09:21:46.028+0000][74.028s][info][gc,start       ] GC(516) Pause Young (Allocation Failure)
[2025-04-17T09:21:46.029+0000][74.030s][info][gc,heap        ] GC(516) DefNew: 9218K(10176K)->101K(10176K) Eden: 9086K(9088K)->0K(9088K) From: 132K(1088K)->101K(1088K)
[2025-04-17T09:21:46.029+0000][74.030s][info][gc,heap        ] GC(516) Tenured: 15512K(22464K)->15513K(22464K)
[2025-04-17T09:21:46.029+0000][74.030s][info][gc,metaspace   ] GC(516) Metaspace: 37286K(37632K)->37286K(37632K) NonClass: 32862K(33024K)->32862K(33024K) Class: 4423K(4608K)->4423K(4608K)
[2025-04-17T09:21:46.029+0000][74.030s][info][gc             ] GC(516) Pause Young (Allocation Failure) 24M->15M(31M) 1.296ms
[2025-04-17T09:21:46.029+0000][74.030s][info][gc,cpu         ] GC(516) User=0.00s Sys=0.00s Real=0.00s
[2025-04-17T09:21:46.113+0000][74.114s][info][gc,start       ] GC(517) Pause Young (Allocation Failure)
[2025-04-17T09:21:46.115+0000][74.115s][info][gc,heap        ] GC(517) DefNew: 9189K(10176K)->158K(10176K) Eden: 9088K(9088K)->0K(9088K) From: 101K(1088K)->158K(1088K)
[2025-04-17T09:21:46.115+0000][74.115s][info][gc,heap        ] GC(517) Tenured: 15513K(22464K)->15514K(22464K)
[2025-04-17T09:21:46.115+0000][74.116s][info][gc,metaspace   ] GC(517) Metaspace: 37286K(37632K)->37286K(37632K) NonClass: 32862K(33024K)->32862K(33024K) Class: 4423K(4608K)->4423K(4608K)
[2025-04-17T09:21:46.115+0000][74.116s][info][gc             ] GC(517) Pause Young (Allocation Failure) 24M->15M(31M) 1.635ms
[2025-04-17T09:21:46.115+0000][74.116s][info][gc,cpu         ] GC(517) User=0.00s Sys=0.00s Real=0.01s
[2025-04-17T09:21:46.197+0000][74.198s][info][gc,start       ] GC(518) Pause Young (Allocation Failure)
[2025-04-17T09:21:46.199+0000][74.199s][info][gc,heap        ] GC(518) DefNew: 9246K(10176K)->121K(10176K) Eden: 9088K(9088K)->0K(9088K) From: 158K(1088K)->121K(1088K)
[2025-04-17T09:21:46.199+0000][74.199s][info][gc,heap        ] GC(518) Tenured: 15514K(22464K)->15514K(22464K)
[2025-04-17T09:21:46.199+0000][74.199s][info][gc,metaspace   ] GC(518) Metaspace: 37286K(37632K)->37286K(37632K) NonClass: 32862K(33024K)->32862K(33024K) Class: 4423K(4608K)->4423K(4608K)
[2025-04-17T09:21:46.199+0000][74.199s][info][gc             ] GC(518) Pause Young (Allocation Failure) 24M->15M(31M) 1.491ms
[2025-04-17T09:21:46.199+0000][74.199s][info][gc,cpu         ] GC(518) User=0.00s Sys=0.00s Real=0.00s
[2025-04-17T09:21:46.243+0000][74.244s][info][gc,start       ] GC(519) Pause Young (Allocation Failure)
[2025-04-17T09:21:46.244+0000][74.245s][info][gc,heap        ] GC(519) DefNew: 9209K(10176K)->111K(10176K) Eden: 9087K(9088K)->0K(9088K) From: 121K(1088K)->111K(1088K)
[2025-04-17T09:21:46.244+0000][74.245s][info][gc,heap        ] GC(519) Tenured: 15514K(22464K)->15515K(22464K)
[2025-04-17T09:21:46.244+0000][74.245s][info][gc,metaspace   ] GC(519) Metaspace: 37286K(37632K)->37286K(37632K) NonClass: 32862K(33024K)->32862K(33024K) Class: 4423K(4608K)->4423K(4608K)
[2025-04-17T09:21:46.244+0000][74.245s][info][gc             ] GC(519) Pause Young (Allocation Failure) 24M->15M(31M) 1.345ms
[2025-04-17T09:21:46.244+0000][74.245s][info][gc,cpu         ] GC(519) User=0.00s Sys=0.00s Real=0.01s
[2025-04-17T09:21:46.331+0000][74.331s][info][gc,start       ] GC(520) Pause Young (Allocation Failure)
[2025-04-17T09:21:46.332+0000][74.333s][info][gc,heap        ] GC(520) DefNew: 9199K(10176K)->111K(10176K) Eden: 9088K(9088K)->0K(9088K) From: 111K(1088K)->111K(1088K)
[2025-04-17T09:21:46.332+0000][74.333s][info][gc,heap        ] GC(520) Tenured: 15515K(22464K)->15515K(22464K)
[2025-04-17T09:21:46.332+0000][74.333s][info][gc,metaspace   ] GC(520) Metaspace: 37286K(37632K)->37286K(37632K) NonClass: 32862K(33024K)->32862K(33024K) Class: 4423K(4608K)->4423K(4608K)
[2025-04-17T09:21:46.332+0000][74.333s][info][gc             ] GC(520) Pause Young (Allocation Failure) 24M->15M(31M) 1.407ms
[2025-04-17T09:21:46.332+0000][74.333s][info][gc,cpu         ] GC(520) User=0.00s Sys=0.00s Real=0.00s
[2025-04-17T09:21:46.422+0000][74.423s][info][gc,start       ] GC(521) Pause Young (Allocation Failure)
[2025-04-17T09:21:46.424+0000][74.424s][info][gc,heap        ] GC(521) DefNew: 9199K(10176K)->118K(10176K) Eden: 9088K(9088K)->0K(9088K) From: 111K(1088K)->118K(1088K)
[2025-04-17T09:21:46.424+0000][74.424s][info][gc,heap        ] GC(521) Tenured: 15515K(22464K)->15515K(22464K)
[2025-04-17T09:21:46.424+0000][74.424s][info][gc,metaspace   ] GC(521) Metaspace: 37286K(37632K)->37286K(37632K) NonClass: 32862K(33024K)->32862K(33024K) Class: 4423K(4608K)->4423K(4608K)
[2025-04-17T09:21:46.424+0000][74.424s][info][gc             ] GC(521) Pause Young (Allocation Failure) 24M->15M(31M) 1.482ms
[2025-04-17T09:21:46.424+0000][74.424s][info][gc,cpu         ] GC(521) User=0.00s Sys=0.00s Real=0.00s
[2025-04-17T09:21:46.451+0000][74.452s][info][gc,start       ] GC(522) Pause Young (Allocation Failure)
[2025-04-17T09:21:46.452+0000][74.453s][info][gc,heap        ] GC(522) DefNew: 9206K(10176K)->144K(10176K) Eden: 9088K(9088K)->0K(9088K) From: 118K(1088K)->144K(1088K)
[2025-04-17T09:21:46.452+0000][74.453s][info][gc,heap        ] GC(522) Tenured: 15515K(22464K)->15518K(22464K)
[2025-04-17T09:21:46.452+0000][74.453s][info][gc,metaspace   ] GC(522) Metaspace: 37286K(37632K)->37286K(37632K) NonClass: 32862K(33024K)->32862K(33024K) Class: 4423K(4608K)->4423K(4608K)
[2025-04-17T09:21:46.452+0000][74.453s][info][gc             ] GC(522) Pause Young (Allocation Failure) 24M->15M(31M) 1.306ms
[2025-04-17T09:21:46.452+0000][74.453s][info][gc,cpu         ] GC(522) User=0.00s Sys=0.00s Real=0.00s
[2025-04-17T09:21:46.544+0000][74.545s][info][gc,start       ] GC(523) Pause Young (Allocation Failure)
[2025-04-17T09:21:46.545+0000][74.546s][info][gc,heap        ] GC(523) DefNew: 9232K(10176K)->159K(10176K) Eden: 9087K(9088K)->0K(9088K) From: 144K(1088K)->159K(1088K)
[2025-04-17T09:21:46.545+0000][74.546s][info][gc,heap        ] GC(523) Tenured: 15518K(22464K)->15518K(22464K)
[2025-04-17T09:21:46.545+0000][74.546s][info][gc,metaspace   ] GC(523) Metaspace: 37286K(37632K)->37286K(37632K) NonClass: 32862K(33024K)->32862K(33024K) Class: 4423K(4608K)->4423K(4608K)
[2025-04-17T09:21:46.545+0000][74.546s][info][gc             ] GC(523) Pause Young (Allocation Failure) 24M->15M(31M) 1.461ms
[2025-04-17T09:21:46.545+0000][74.546s][info][gc,cpu         ] GC(523) User=0.00s Sys=0.00s Real=0.01s
[2025-04-17T09:21:46.620+0000][74.621s][info][gc,start       ] GC(524) Pause Young (Allocation Failure)
[2025-04-17T09:21:46.622+0000][74.622s][info][gc,heap        ] GC(524) DefNew: 9247K(10176K)->135K(10176K) Eden: 9088K(9088K)->0K(9088K) From: 159K(1088K)->135K(1088K)
[2025-04-17T09:21:46.622+0000][74.622s][info][gc,heap        ] GC(524) Tenured: 15518K(22464K)->15518K(22464K)
[2025-04-17T09:21:46.622+0000][74.622s][info][gc,metaspace   ] GC(524) Metaspace: 37286K(37632K)->37286K(37632K) NonClass: 32862K(33024K)->32862K(33024K) Class: 4423K(4608K)->4423K(4608K)
[2025-04-17T09:21:46.622+0000][74.622s][info][gc             ] GC(524) Pause Young (Allocation Failure) 24M->15M(31M) 1.461ms
[2025-04-17T09:21:46.622+0000][74.622s][info][gc,cpu         ] GC(524) User=0.00s Sys=0.00s Real=0.00s
[2025-04-17T09:21:46.669+0000][74.670s][info][gc,start       ] GC(525) Pause Young (Allocation Failure)
[2025-04-17T09:21:46.671+0000][74.671s][info][gc,heap        ] GC(525) DefNew: 9223K(10176K)->203K(10176K) Eden: 9088K(9088K)->0K(9088K) From: 135K(1088K)->203K(1088K)
[2025-04-17T09:21:46.671+0000][74.671s][info][gc,heap        ] GC(525) Tenured: 15518K(22464K)->15518K(22464K)
[2025-04-17T09:21:46.671+0000][74.671s][info][gc,metaspace   ] GC(525) Metaspace: 37288K(37632K)->37288K(37632K) NonClass: 32864K(33024K)->32864K(33024K) Class: 4423K(4608K)->4423K(4608K)
[2025-04-17T09:21:46.671+0000][74.671s][info][gc             ] GC(525) Pause Young (Allocation Failure) 24M->15M(31M) 1.780ms
[2025-04-17T09:21:46.671+0000][74.672s][info][gc,cpu         ] GC(525) User=0.00s Sys=0.00s Real=0.00s
[2025-04-17T09:21:46.773+0000][74.773s][info][gc,start       ] GC(526) Pause Young (Allocation Failure)
[2025-04-17T09:21:46.774+0000][74.775s][info][gc,heap        ] GC(526) DefNew: 9291K(10176K)->109K(10176K) Eden: 9088K(9088K)->0K(9088K) From: 203K(1088K)->109K(1088K)
[2025-04-17T09:21:46.774+0000][74.775s][info][gc,heap        ] GC(526) Tenured: 15518K(22464K)->15518K(22464K)
[2025-04-17T09:21:46.774+0000][74.775s][info][gc,metaspace   ] GC(526) Metaspace: 37288K(37632K)->37288K(37632K) NonClass: 32864K(33024K)->32864K(33024K) Class: 4423K(4608K)->4423K(4608K)
[2025-04-17T09:21:46.774+0000][74.775s][info][gc             ] GC(526) Pause Young (Allocation Failure) 24M->15M(31M) 1.433ms
[2025-04-17T09:21:46.774+0000][74.775s][info][gc,cpu         ] GC(526) User=0.00s Sys=0.00s Real=0.01s
[2025-04-17T09:21:46.829+0000][74.830s][info][gc,start       ] GC(527) Pause Young (Allocation Failure)
[2025-04-17T09:21:46.831+0000][74.832s][info][gc,heap        ] GC(527) DefNew: 9197K(10176K)->114K(10176K) Eden: 9087K(9088K)->0K(9088K) From: 109K(1088K)->114K(1088K)
[2025-04-17T09:21:46.831+0000][74.832s][info][gc,heap        ] GC(527) Tenured: 15518K(22464K)->15519K(22464K)
[2025-04-17T09:21:46.831+0000][74.832s][info][gc,metaspace   ] GC(527) Metaspace: 37288K(37632K)->37288K(37632K) NonClass: 32864K(33024K)->32864K(33024K) Class: 4423K(4608K)->4423K(4608K)
[2025-04-17T09:21:46.831+0000][74.832s][info][gc             ] GC(527) Pause Young (Allocation Failure) 24M->15M(31M) 1.894ms
[2025-04-17T09:21:46.831+0000][74.832s][info][gc,cpu         ] GC(527) User=0.00s Sys=0.00s Real=0.00s
[2025-04-17T09:21:46.910+0000][74.911s][info][gc,start       ] GC(528) Pause Young (Allocation Failure)
[2025-04-17T09:21:46.911+0000][74.912s][info][gc,heap        ] GC(528) DefNew: 9198K(10176K)->121K(10176K) Eden: 9083K(9088K)->0K(9088K) From: 114K(1088K)->121K(1088K)
[2025-04-17T09:21:46.911+0000][74.912s][info][gc,heap        ] GC(528) Tenured: 15519K(22464K)->15537K(22464K)
[2025-04-17T09:21:46.911+0000][74.912s][info][gc,metaspace   ] GC(528) Metaspace: 37288K(37632K)->37288K(37632K) NonClass: 32864K(33024K)->32864K(33024K) Class: 4423K(4608K)->4423K(4608K)
[2025-04-17T09:21:46.911+0000][74.912s][info][gc             ] GC(528) Pause Young (Allocation Failure) 24M->15M(31M) 1.523ms
[2025-04-17T09:21:46.911+0000][74.912s][info][gc,cpu         ] GC(528) User=0.00s Sys=0.00s Real=0.00s
[2025-04-17T09:21:46.989+0000][74.990s][info][gc,start       ] GC(529) Pause Young (Allocation Failure)
[2025-04-17T09:21:46.992+0000][74.992s][info][gc,heap        ] GC(529) DefNew: 9209K(10176K)->139K(10176K) Eden: 9088K(9088K)->0K(9088K) From: 121K(1088K)->139K(1088K)
[2025-04-17T09:21:46.992+0000][74.992s][info][gc,heap        ] GC(529) Tenured: 15537K(22464K)->15537K(22464K)
[2025-04-17T09:21:46.992+0000][74.992s][info][gc,metaspace   ] GC(529) Metaspace: 37288K(37632K)->37288K(37632K) NonClass: 32864K(33024K)->32864K(33024K) Class: 4423K(4608K)->4423K(4608K)
[2025-04-17T09:21:46.992+0000][74.992s][info][gc             ] GC(529) Pause Young (Allocation Failure) 24M->15M(31M) 2.451ms
[2025-04-17T09:21:46.992+0000][74.992s][info][gc,cpu         ] GC(529) User=0.00s Sys=0.00s Real=0.00s
[2025-04-17T09:21:47.038+0000][75.039s][info][gc,start       ] GC(530) Pause Young (Allocation Failure)
[2025-04-17T09:21:47.041+0000][75.041s][info][gc,heap        ] GC(530) DefNew: 9227K(10176K)->84K(10176K) Eden: 9087K(9088K)->0K(9088K) From: 139K(1088K)->84K(1088K)
[2025-04-17T09:21:47.041+0000][75.041s][info][gc,heap        ] GC(530) Tenured: 15537K(22464K)->15537K(22464K)
[2025-04-17T09:21:47.041+0000][75.041s][info][gc,metaspace   ] GC(530) Metaspace: 37288K(37632K)->37288K(37632K) NonClass: 32864K(33024K)->32864K(33024K) Class: 4423K(4608K)->4423K(4608K)
[2025-04-17T09:21:47.041+0000][75.041s][info][gc             ] GC(530) Pause Young (Allocation Failure) 24M->15M(31M) 2.300ms
[2025-04-17T09:21:47.041+0000][75.041s][info][gc,cpu         ] GC(530) User=0.00s Sys=0.00s Real=0.00s
[2025-04-17T09:21:47.133+0000][75.134s][info][gc,start       ] GC(531) Pause Young (Allocation Failure)
[2025-04-17T09:21:47.135+0000][75.136s][info][gc,heap        ] GC(531) DefNew: 9172K(10176K)->151K(10176K) Eden: 9088K(9088K)->0K(9088K) From: 84K(1088K)->151K(1088K)
[2025-04-17T09:21:47.135+0000][75.136s][info][gc,heap        ] GC(531) Tenured: 15537K(22464K)->15537K(22464K)
[2025-04-17T09:21:47.135+0000][75.136s][info][gc,metaspace   ] GC(531) Metaspace: 37288K(37632K)->37288K(37632K) NonClass: 32864K(33024K)->32864K(33024K) Class: 4423K(4608K)->4423K(4608K)
[2025-04-17T09:21:47.135+0000][75.136s][info][gc             ] GC(531) Pause Young (Allocation Failure) 24M->15M(31M) 2.150ms
[2025-04-17T09:21:47.135+0000][75.136s][info][gc,cpu         ] GC(531) User=0.00s Sys=0.00s Real=0.01s
[2025-04-17T09:21:47.211+0000][75.211s][info][gc,start       ] GC(532) Pause Young (Allocation Failure)
[2025-04-17T09:21:47.213+0000][75.214s][info][gc,heap        ] GC(532) DefNew: 9235K(10176K)->141K(10176K) Eden: 9083K(9088K)->0K(9088K) From: 151K(1088K)->141K(1088K)
[2025-04-17T09:21:47.213+0000][75.214s][info][gc,heap        ] GC(532) Tenured: 15537K(22464K)->15538K(22464K)
[2025-04-17T09:21:47.213+0000][75.214s][info][gc,metaspace   ] GC(532) Metaspace: 37288K(37632K)->37288K(37632K) NonClass: 32864K(33024K)->32864K(33024K) Class: 4423K(4608K)->4423K(4608K)
[2025-04-17T09:21:47.213+0000][75.214s][info][gc             ] GC(532) Pause Young (Allocation Failure) 24M->15M(31M) 2.426ms
[2025-04-17T09:21:47.213+0000][75.214s][info][gc,cpu         ] GC(532) User=0.01s Sys=0.00s Real=0.00s
[2025-04-17T09:21:47.262+0000][75.263s][info][gc,start       ] GC(533) Pause Young (Allocation Failure)
[2025-04-17T09:21:47.264+0000][75.264s][info][gc,heap        ] GC(533) DefNew: 9229K(10176K)->94K(10176K) Eden: 9088K(9088K)->0K(9088K) From: 141K(1088K)->94K(1088K)
[2025-04-17T09:21:47.264+0000][75.264s][info][gc,heap        ] GC(533) Tenured: 15538K(22464K)->15538K(22464K)
[2025-04-17T09:21:47.264+0000][75.264s][info][gc,metaspace   ] GC(533) Metaspace: 37288K(37632K)->37288K(37632K) NonClass: 32864K(33024K)->32864K(33024K) Class: 4423K(4608K)->4423K(4608K)
[2025-04-17T09:21:47.264+0000][75.264s][info][gc             ] GC(533) Pause Young (Allocation Failure) 24M->15M(31M) 1.413ms
[2025-04-17T09:21:47.264+0000][75.264s][info][gc,cpu         ] GC(533) User=0.00s Sys=0.00s Real=0.00s
[2025-04-17T09:21:47.355+0000][75.355s][info][gc,start       ] GC(534) Pause Young (Allocation Failure)
[2025-04-17T09:21:47.357+0000][75.358s][info][gc,heap        ] GC(534) DefNew: 9182K(10176K)->141K(10176K) Eden: 9088K(9088K)->0K(9088K) From: 94K(1088K)->141K(1088K)
[2025-04-17T09:21:47.357+0000][75.358s][info][gc,heap        ] GC(534) Tenured: 15538K(22464K)->15540K(22464K)
[2025-04-17T09:21:47.357+0000][75.358s][info][gc,metaspace   ] GC(534) Metaspace: 37288K(37632K)->37288K(37632K) NonClass: 32865K(33024K)->32865K(33024K) Class: 4423K(4608K)->4423K(4608K)
[2025-04-17T09:21:47.357+0000][75.358s][info][gc             ] GC(534) Pause Young (Allocation Failure) 24M->15M(31M) 2.646ms
[2025-04-17T09:21:47.357+0000][75.358s][info][gc,cpu         ] GC(534) User=0.00s Sys=0.00s Real=0.00s
[2025-04-17T09:21:47.442+0000][75.443s][info][gc,start       ] GC(535) Pause Young (Allocation Failure)
[2025-04-17T09:21:47.445+0000][75.445s][info][gc,heap        ] GC(535) DefNew: 9229K(10176K)->99K(10176K) Eden: 9088K(9088K)->0K(9088K) From: 141K(1088K)->99K(1088K)
[2025-04-17T09:21:47.445+0000][75.445s][info][gc,heap        ] GC(535) Tenured: 15540K(22464K)->15541K(22464K)
[2025-04-17T09:21:47.445+0000][75.445s][info][gc,metaspace   ] GC(535) Metaspace: 37288K(37632K)->37288K(37632K) NonClass: 32865K(33024K)->32865K(33024K) Class: 4423K(4608K)->4423K(4608K)
[2025-04-17T09:21:47.445+0000][75.445s][info][gc             ] GC(535) Pause Young (Allocation Failure) 24M->15M(31M) 2.507ms
[2025-04-17T09:21:47.445+0000][75.445s][info][gc,cpu         ] GC(535) User=0.01s Sys=0.00s Real=0.01s
[2025-04-17T09:21:47.484+0000][75.485s][info][gc,start       ] GC(536) Pause Young (Allocation Failure)
[2025-04-17T09:21:47.486+0000][75.487s][info][gc,heap        ] GC(536) DefNew: 9187K(10176K)->130K(10176K) Eden: 9088K(9088K)->0K(9088K) From: 99K(1088K)->130K(1088K)
[2025-04-17T09:21:47.486+0000][75.487s][info][gc,heap        ] GC(536) Tenured: 15541K(22464K)->15541K(22464K)
[2025-04-17T09:21:47.486+0000][75.487s][info][gc,metaspace   ] GC(536) Metaspace: 37288K(37632K)->37288K(37632K) NonClass: 32865K(33024K)->32865K(33024K) Class: 4423K(4608K)->4423K(4608K)
[2025-04-17T09:21:47.486+0000][75.487s][info][gc             ] GC(536) Pause Young (Allocation Failure) 24M->15M(31M) 1.998ms
[2025-04-17T09:21:47.486+0000][75.487s][info][gc,cpu         ] GC(536) User=0.00s Sys=0.00s Real=0.00s
[2025-04-17T09:21:47.583+0000][75.584s][info][gc,start       ] GC(537) Pause Young (Allocation Failure)
[2025-04-17T09:21:47.585+0000][75.585s][info][gc,heap        ] GC(537) DefNew: 9218K(10176K)->110K(10176K) Eden: 9087K(9088K)->0K(9088K) From: 130K(1088K)->110K(1088K)
[2025-04-17T09:21:47.585+0000][75.585s][info][gc,heap        ] GC(537) Tenured: 15541K(22464K)->15541K(22464K)
[2025-04-17T09:21:47.585+0000][75.585s][info][gc,metaspace   ] GC(537) Metaspace: 37288K(37632K)->37288K(37632K) NonClass: 32865K(33024K)->32865K(33024K) Class: 4423K(4608K)->4423K(4608K)
[2025-04-17T09:21:47.585+0000][75.585s][info][gc             ] GC(537) Pause Young (Allocation Failure) 24M->15M(31M) 1.564ms
[2025-04-17T09:21:47.585+0000][75.585s][info][gc,cpu         ] GC(537) User=0.00s Sys=0.00s Real=0.01s
[2025-04-17T09:21:47.646+0000][75.647s][info][gc,start       ] GC(538) Pause Young (Allocation Failure)
[2025-04-17T09:21:47.648+0000][75.648s][info][gc,heap        ] GC(538) DefNew: 9198K(10176K)->104K(10176K) Eden: 9088K(9088K)->0K(9088K) From: 110K(1088K)->104K(1088K)
[2025-04-17T09:21:47.648+0000][75.649s][info][gc,heap        ] GC(538) Tenured: 15541K(22464K)->15542K(22464K)
[2025-04-17T09:21:47.648+0000][75.649s][info][gc,metaspace   ] GC(538) Metaspace: 37289K(37632K)->37289K(37632K) NonClass: 32865K(33024K)->32865K(33024K) Class: 4423K(4608K)->4423K(4608K)
[2025-04-17T09:21:47.648+0000][75.649s][info][gc             ] GC(538) Pause Young (Allocation Failure) 24M->15M(31M) 1.465ms
[2025-04-17T09:21:47.648+0000][75.649s][info][gc,cpu         ] GC(538) User=0.00s Sys=0.00s Real=0.00s
[2025-04-17T09:21:47.707+0000][75.707s][info][gc,start       ] GC(539) Pause Young (Allocation Failure)
[2025-04-17T09:21:47.708+0000][75.709s][info][gc,heap        ] GC(539) DefNew: 9192K(10176K)->139K(10176K) Eden: 9088K(9088K)->0K(9088K) From: 104K(1088K)->139K(1088K)
[2025-04-17T09:21:47.708+0000][75.709s][info][gc,heap        ] GC(539) Tenured: 15542K(22464K)->15542K(22464K)
[2025-04-17T09:21:47.708+0000][75.709s][info][gc,metaspace   ] GC(539) Metaspace: 37289K(37632K)->37289K(37632K) NonClass: 32865K(33024K)->32865K(33024K) Class: 4423K(4608K)->4423K(4608K)
[2025-04-17T09:21:47.708+0000][75.709s][info][gc             ] GC(539) Pause Young (Allocation Failure) 24M->15M(31M) 1.519ms
[2025-04-17T09:21:47.708+0000][75.709s][info][gc,cpu         ] GC(539) User=0.01s Sys=0.00s Real=0.00s
[2025-04-17T09:21:47.801+0000][75.802s][info][gc,start       ] GC(540) Pause Young (Allocation Failure)
[2025-04-17T09:21:47.803+0000][75.803s][info][gc,heap        ] GC(540) DefNew: 9227K(10176K)->99K(10176K) Eden: 9087K(9088K)->0K(9088K) From: 139K(1088K)->99K(1088K)
[2025-04-17T09:21:47.803+0000][75.803s][info][gc,heap        ] GC(540) Tenured: 15542K(22464K)->15543K(22464K)
[2025-04-17T09:21:47.803+0000][75.803s][info][gc,metaspace   ] GC(540) Metaspace: 37289K(37632K)->37289K(37632K) NonClass: 32865K(33024K)->32865K(33024K) Class: 4423K(4608K)->4423K(4608K)
[2025-04-17T09:21:47.803+0000][75.803s][info][gc             ] GC(540) Pause Young (Allocation Failure) 24M->15M(31M) 1.436ms
[2025-04-17T09:21:47.803+0000][75.803s][info][gc,cpu         ] GC(540) User=0.00s Sys=0.00s Real=0.00s
[2025-04-17T09:21:47.841+0000][75.842s][info][gc,start       ] GC(541) Pause Young (Allocation Failure)
[2025-04-17T09:21:47.842+0000][75.843s][info][gc,heap        ] GC(541) DefNew: 9177K(10176K)->117K(10176K) Eden: 9078K(9088K)->0K(9088K) From: 99K(1088K)->117K(1088K)
[2025-04-17T09:21:47.842+0000][75.843s][info][gc,heap        ] GC(541) Tenured: 15543K(22464K)->15543K(22464K)
[2025-04-17T09:21:47.842+0000][75.843s][info][gc,metaspace   ] GC(541) Metaspace: 37289K(37632K)->37289K(37632K) NonClass: 32865K(33024K)->32865K(33024K) Class: 4423K(4608K)->4423K(4608K)
[2025-04-17T09:21:47.842+0000][75.843s][info][gc             ] GC(541) Pause Young (Allocation Failure) 24M->15M(31M) 1.403ms
[2025-04-17T09:21:47.842+0000][75.843s][info][gc,cpu         ] GC(541) User=0.00s Sys=0.00s Real=0.00s
[2025-04-17T09:21:47.928+0000][75.929s][info][gc,start       ] GC(542) Pause Young (Allocation Failure)
[2025-04-17T09:21:47.930+0000][75.930s][info][gc,heap        ] GC(542) DefNew: 9205K(10176K)->188K(10176K) Eden: 9088K(9088K)->0K(9088K) From: 117K(1088K)->188K(1088K)
[2025-04-17T09:21:47.930+0000][75.930s][info][gc,heap        ] GC(542) Tenured: 15543K(22464K)->15543K(22464K)
[2025-04-17T09:21:47.930+0000][75.930s][info][gc,metaspace   ] GC(542) Metaspace: 37289K(37632K)->37289K(37632K) NonClass: 32865K(33024K)->32865K(33024K) Class: 4423K(4608K)->4423K(4608K)
[2025-04-17T09:21:47.930+0000][75.930s][info][gc             ] GC(542) Pause Young (Allocation Failure) 24M->15M(31M) 1.692ms
[2025-04-17T09:21:47.930+0000][75.930s][info][gc,cpu         ] GC(542) User=0.00s Sys=0.00s Real=0.00s
[2025-04-17T09:21:48.018+0000][76.019s][info][gc,start       ] GC(543) Pause Young (Allocation Failure)
[2025-04-17T09:21:48.020+0000][76.021s][info][gc,heap        ] GC(543) DefNew: 9276K(10176K)->130K(10176K) Eden: 9088K(9088K)->0K(9088K) From: 188K(1088K)->130K(1088K)
[2025-04-17T09:21:48.020+0000][76.021s][info][gc,heap        ] GC(543) Tenured: 15543K(22464K)->15543K(22464K)
[2025-04-17T09:21:48.020+0000][76.021s][info][gc,metaspace   ] GC(543) Metaspace: 37289K(37632K)->37289K(37632K) NonClass: 32865K(33024K)->32865K(33024K) Class: 4423K(4608K)->4423K(4608K)
[2025-04-17T09:21:48.020+0000][76.021s][info][gc             ] GC(543) Pause Young (Allocation Failure) 24M->15M(31M) 1.509ms
[2025-04-17T09:21:48.020+0000][76.021s][info][gc,cpu         ] GC(543) User=0.00s Sys=0.00s Real=0.00s
[2025-04-17T09:21:48.062+0000][76.062s][info][gc,start       ] GC(544) Pause Young (Allocation Failure)
[2025-04-17T09:21:48.063+0000][76.064s][info][gc,heap        ] GC(544) DefNew: 9211K(10176K)->141K(10176K) Eden: 9081K(9088K)->0K(9088K) From: 130K(1088K)->141K(1088K)
[2025-04-17T09:21:48.063+0000][76.064s][info][gc,heap        ] GC(544) Tenured: 15543K(22464K)->15545K(22464K)
[2025-04-17T09:21:48.063+0000][76.064s][info][gc,metaspace   ] GC(544) Metaspace: 37289K(37632K)->37289K(37632K) NonClass: 32865K(33024K)->32865K(33024K) Class: 4423K(4608K)->4423K(4608K)
[2025-04-17T09:21:48.063+0000][76.064s][info][gc             ] GC(544) Pause Young (Allocation Failure) 24M->15M(31M) 1.673ms
[2025-04-17T09:21:48.063+0000][76.064s][info][gc,cpu         ] GC(544) User=0.00s Sys=0.00s Real=0.00s
[2025-04-17T09:21:48.149+0000][76.149s][info][gc,start       ] GC(545) Pause Young (Allocation Failure)
[2025-04-17T09:21:48.150+0000][76.151s][info][gc,heap        ] GC(545) DefNew: 9229K(10176K)->172K(10176K) Eden: 9088K(9088K)->0K(9088K) From: 141K(1088K)->172K(1088K)
[2025-04-17T09:21:48.150+0000][76.151s][info][gc,heap        ] GC(545) Tenured: 15545K(22464K)->15545K(22464K)
[2025-04-17T09:21:48.150+0000][76.151s][info][gc,metaspace   ] GC(545) Metaspace: 37289K(37632K)->37289K(37632K) NonClass: 32865K(33024K)->32865K(33024K) Class: 4423K(4608K)->4423K(4608K)
[2025-04-17T09:21:48.150+0000][76.151s][info][gc             ] GC(545) Pause Young (Allocation Failure) 24M->15M(31M) 1.591ms
[2025-04-17T09:21:48.150+0000][76.151s][info][gc,cpu         ] GC(545) User=0.00s Sys=0.00s Real=0.00s
[2025-04-17T09:21:48.244+0000][76.244s][info][gc,start       ] GC(546) Pause Young (Allocation Failure)
[2025-04-17T09:21:48.245+0000][76.246s][info][gc,heap        ] GC(546) DefNew: 9254K(10176K)->100K(10176K) Eden: 9082K(9088K)->0K(9088K) From: 172K(1088K)->100K(1088K)
[2025-04-17T09:21:48.245+0000][76.246s][info][gc,heap        ] GC(546) Tenured: 15545K(22464K)->15562K(22464K)
[2025-04-17T09:21:48.245+0000][76.246s][info][gc,metaspace   ] GC(546) Metaspace: 37289K(37632K)->37289K(37632K) NonClass: 32865K(33024K)->32865K(33024K) Class: 4423K(4608K)->4423K(4608K)
[2025-04-17T09:21:48.245+0000][76.246s][info][gc             ] GC(546) Pause Young (Allocation Failure) 24M->15M(31M) 1.351ms
[2025-04-17T09:21:48.245+0000][76.246s][info][gc,cpu         ] GC(546) User=0.00s Sys=0.00s Real=0.01s
[2025-04-17T09:21:48.282+0000][76.283s][info][gc,start       ] GC(547) Pause Young (Allocation Failure)
[2025-04-17T09:21:48.284+0000][76.284s][info][gc,heap        ] GC(547) DefNew: 9188K(10176K)->177K(10176K) Eden: 9087K(9088K)->0K(9088K) From: 100K(1088K)->177K(1088K)
[2025-04-17T09:21:48.284+0000][76.284s][info][gc,heap        ] GC(547) Tenured: 15562K(22464K)->15562K(22464K)
[2025-04-17T09:21:48.284+0000][76.284s][info][gc,metaspace   ] GC(547) Metaspace: 37289K(37632K)->37289K(37632K) NonClass: 32865K(33024K)->32865K(33024K) Class: 4423K(4608K)->4423K(4608K)
[2025-04-17T09:21:48.284+0000][76.284s][info][gc             ] GC(547) Pause Young (Allocation Failure) 24M->15M(31M) 1.562ms
[2025-04-17T09:21:48.284+0000][76.284s][info][gc,cpu         ] GC(547) User=0.00s Sys=0.00s Real=0.00s
[2025-04-17T09:21:48.384+0000][76.385s][info][gc,start       ] GC(548) Pause Young (Allocation Failure)
[2025-04-17T09:21:48.386+0000][76.386s][info][gc,heap        ] GC(548) DefNew: 9265K(10176K)->112K(10176K) Eden: 9088K(9088K)->0K(9088K) From: 177K(1088K)->112K(1088K)
[2025-04-17T09:21:48.386+0000][76.386s][info][gc,heap        ] GC(548) Tenured: 15562K(22464K)->15562K(22464K)
[2025-04-17T09:21:48.386+0000][76.386s][info][gc,metaspace   ] GC(548) Metaspace: 37289K(37632K)->37289K(37632K) NonClass: 32865K(33024K)->32865K(33024K) Class: 4423K(4608K)->4423K(4608K)
[2025-04-17T09:21:48.386+0000][76.386s][info][gc             ] GC(548) Pause Young (Allocation Failure) 24M->15M(31M) 1.516ms
[2025-04-17T09:21:48.386+0000][76.386s][info][gc,cpu         ] GC(548) User=0.00s Sys=0.00s Real=0.00s
[2025-04-17T09:21:48.436+0000][76.437s][info][gc,start       ] GC(549) Pause Young (Allocation Failure)
[2025-04-17T09:21:48.437+0000][76.438s][info][gc,heap        ] GC(549) DefNew: 9200K(10176K)->109K(10176K) Eden: 9088K(9088K)->0K(9088K) From: 112K(1088K)->109K(1088K)
[2025-04-17T09:21:48.437+0000][76.438s][info][gc,heap        ] GC(549) Tenured: 15562K(22464K)->15564K(22464K)
[2025-04-17T09:21:48.437+0000][76.438s][info][gc,metaspace   ] GC(549) Metaspace: 37289K(37632K)->37289K(37632K) NonClass: 32865K(33024K)->32865K(33024K) Class: 4423K(4608K)->4423K(4608K)
[2025-04-17T09:21:48.438+0000][76.438s][info][gc             ] GC(549) Pause Young (Allocation Failure) 24M->15M(31M) 1.516ms
[2025-04-17T09:21:48.438+0000][76.438s][info][gc,cpu         ] GC(549) User=0.00s Sys=0.00s Real=0.00s
[2025-04-17T09:21:48.516+0000][76.516s][info][gc,start       ] GC(550) Pause Young (Allocation Failure)
[2025-04-17T09:21:48.517+0000][76.518s][info][gc,heap        ] GC(550) DefNew: 9197K(10176K)->199K(10176K) Eden: 9088K(9088K)->0K(9088K) From: 109K(1088K)->199K(1088K)
[2025-04-17T09:21:48.517+0000][76.518s][info][gc,heap        ] GC(550) Tenured: 15564K(22464K)->15565K(22464K)
[2025-04-17T09:21:48.517+0000][76.518s][info][gc,metaspace   ] GC(550) Metaspace: 37289K(37632K)->37289K(37632K) NonClass: 32865K(33024K)->32865K(33024K) Class: 4423K(4608K)->4423K(4608K)
[2025-04-17T09:21:48.517+0000][76.518s][info][gc             ] GC(550) Pause Young (Allocation Failure) 24M->15M(31M) 1.719ms
[2025-04-17T09:21:48.517+0000][76.518s][info][gc,cpu         ] GC(550) User=0.01s Sys=0.00s Real=0.00s
[2025-04-17T09:21:48.594+0000][76.594s][info][gc,start       ] GC(551) Pause Young (Allocation Failure)
[2025-04-17T09:21:48.595+0000][76.596s][info][gc,heap        ] GC(551) DefNew: 9282K(10176K)->105K(10176K) Eden: 9083K(9088K)->0K(9088K) From: 199K(1088K)->105K(1088K)
[2025-04-17T09:21:48.595+0000][76.596s][info][gc,heap        ] GC(551) Tenured: 15565K(22464K)->15565K(22464K)
[2025-04-17T09:21:48.595+0000][76.596s][info][gc,metaspace   ] GC(551) Metaspace: 37289K(37632K)->37289K(37632K) NonClass: 32865K(33024K)->32865K(33024K) Class: 4423K(4608K)->4423K(4608K)
[2025-04-17T09:21:48.595+0000][76.596s][info][gc             ] GC(551) Pause Young (Allocation Failure) 24M->15M(31M) 1.359ms
[2025-04-17T09:21:48.595+0000][76.596s][info][gc,cpu         ] GC(551) User=0.01s Sys=0.00s Real=0.01s
[2025-04-17T09:21:48.670+0000][76.671s][info][gc,start       ] GC(552) Pause Young (Allocation Failure)
[2025-04-17T09:21:48.672+0000][76.673s][info][gc,heap        ] GC(552) DefNew: 9188K(10176K)->89K(10176K) Eden: 9083K(9088K)->0K(9088K) From: 105K(1088K)->89K(1088K)
[2025-04-17T09:21:48.672+0000][76.673s][info][gc,heap        ] GC(552) Tenured: 15565K(22464K)->15565K(22464K)
[2025-04-17T09:21:48.672+0000][76.673s][info][gc,metaspace   ] GC(552) Metaspace: 37289K(37632K)->37289K(37632K) NonClass: 32865K(33024K)->32865K(33024K) Class: 4423K(4608K)->4423K(4608K)
[2025-04-17T09:21:48.672+0000][76.673s][info][gc             ] GC(552) Pause Young (Allocation Failure) 24M->15M(31M) 2.080ms
[2025-04-17T09:21:48.672+0000][76.673s][info][gc,cpu         ] GC(552) User=0.00s Sys=0.00s Real=0.00s
[2025-04-17T09:21:48.745+0000][76.745s][info][gc,start       ] GC(553) Pause Young (Allocation Failure)
[2025-04-17T09:21:48.746+0000][76.747s][info][gc,heap        ] GC(553) DefNew: 9177K(10176K)->150K(10176K) Eden: 9088K(9088K)->0K(9088K) From: 89K(1088K)->150K(1088K)
[2025-04-17T09:21:48.746+0000][76.747s][info][gc,heap        ] GC(553) Tenured: 15565K(22464K)->15565K(22464K)
[2025-04-17T09:21:48.746+0000][76.747s][info][gc,metaspace   ] GC(553) Metaspace: 37289K(37632K)->37289K(37632K) NonClass: 32865K(33024K)->32865K(33024K) Class: 4423K(4608K)->4423K(4608K)
[2025-04-17T09:21:48.746+0000][76.747s][info][gc             ] GC(553) Pause Young (Allocation Failure) 24M->15M(31M) 1.533ms
[2025-04-17T09:21:48.746+0000][76.747s][info][gc,cpu         ] GC(553) User=0.00s Sys=0.00s Real=0.00s
[2025-04-17T09:21:48.806+0000][76.807s][info][gc,start       ] GC(554) Pause Young (Allocation Failure)
[2025-04-17T09:21:48.808+0000][76.808s][info][gc,heap        ] GC(554) DefNew: 9238K(10176K)->169K(10176K) Eden: 9088K(9088K)->0K(9088K) From: 150K(1088K)->169K(1088K)
[2025-04-17T09:21:48.808+0000][76.808s][info][gc,heap        ] GC(554) Tenured: 15565K(22464K)->15566K(22464K)
[2025-04-17T09:21:48.808+0000][76.808s][info][gc,metaspace   ] GC(554) Metaspace: 37289K(37632K)->37289K(37632K) NonClass: 32865K(33024K)->32865K(33024K) Class: 4423K(4608K)->4423K(4608K)
[2025-04-17T09:21:48.808+0000][76.808s][info][gc             ] GC(554) Pause Young (Allocation Failure) 24M->15M(31M) 1.666ms
[2025-04-17T09:21:48.808+0000][76.808s][info][gc,cpu         ] GC(554) User=0.00s Sys=0.00s Real=0.00s
[2025-04-17T09:21:48.884+0000][76.885s][info][gc,start       ] GC(555) Pause Young (Allocation Failure)
[2025-04-17T09:21:48.885+0000][76.886s][info][gc,heap        ] GC(555) DefNew: 9257K(10176K)->123K(10176K) Eden: 9088K(9088K)->0K(9088K) From: 169K(1088K)->123K(1088K)
[2025-04-17T09:21:48.885+0000][76.886s][info][gc,heap        ] GC(555) Tenured: 15566K(22464K)->15568K(22464K)
[2025-04-17T09:21:48.885+0000][76.886s][info][gc,metaspace   ] GC(555) Metaspace: 37289K(37632K)->37289K(37632K) NonClass: 32865K(33024K)->32865K(33024K) Class: 4424K(4608K)->4424K(4608K)
[2025-04-17T09:21:48.885+0000][76.886s][info][gc             ] GC(555) Pause Young (Allocation Failure) 24M->15M(31M) 1.462ms
[2025-04-17T09:21:48.885+0000][76.886s][info][gc,cpu         ] GC(555) User=0.00s Sys=0.00s Real=0.01s
[2025-04-17T09:21:48.977+0000][76.978s][info][gc,start       ] GC(556) Pause Young (Allocation Failure)
[2025-04-17T09:21:48.979+0000][76.980s][info][gc,heap        ] GC(556) DefNew: 9211K(10176K)->133K(10176K) Eden: 9088K(9088K)->0K(9088K) From: 123K(1088K)->133K(1088K)
[2025-04-17T09:21:48.979+0000][76.980s][info][gc,heap        ] GC(556) Tenured: 15568K(22464K)->15569K(22464K)
[2025-04-17T09:21:48.979+0000][76.980s][info][gc,metaspace   ] GC(556) Metaspace: 37289K(37632K)->37289K(37632K) NonClass: 32865K(33024K)->32865K(33024K) Class: 4424K(4608K)->4424K(4608K)
[2025-04-17T09:21:48.979+0000][76.980s][info][gc             ] GC(556) Pause Young (Allocation Failure) 24M->15M(31M) 1.690ms
[2025-04-17T09:21:48.979+0000][76.980s][info][gc,cpu         ] GC(556) User=0.00s Sys=0.00s Real=0.00s
[2025-04-17T09:21:49.020+0000][77.020s][info][gc,start       ] GC(557) Pause Young (Allocation Failure)
[2025-04-17T09:21:49.021+0000][77.022s][info][gc,heap        ] GC(557) DefNew: 9216K(10176K)->88K(10176K) Eden: 9082K(9088K)->0K(9088K) From: 133K(1088K)->88K(1088K)
[2025-04-17T09:21:49.021+0000][77.022s][info][gc,heap        ] GC(557) Tenured: 15569K(22464K)->15569K(22464K)
[2025-04-17T09:21:49.021+0000][77.022s][info][gc,metaspace   ] GC(557) Metaspace: 37289K(37632K)->37289K(37632K) NonClass: 32865K(33024K)->32865K(33024K) Class: 4424K(4608K)->4424K(4608K)
[2025-04-17T09:21:49.021+0000][77.022s][info][gc             ] GC(557) Pause Young (Allocation Failure) 24M->15M(31M) 1.373ms
[2025-04-17T09:21:49.021+0000][77.022s][info][gc,cpu         ] GC(557) User=0.00s Sys=0.00s Real=0.00s
[2025-04-17T09:21:49.103+0000][77.104s][info][gc,start       ] GC(558) Pause Young (Allocation Failure)
[2025-04-17T09:21:49.105+0000][77.105s][info][gc,heap        ] GC(558) DefNew: 9176K(10176K)->129K(10176K) Eden: 9088K(9088K)->0K(9088K) From: 88K(1088K)->129K(1088K)
[2025-04-17T09:21:49.105+0000][77.105s][info][gc,heap        ] GC(558) Tenured: 15569K(22464K)->15569K(22464K)
[2025-04-17T09:21:49.105+0000][77.105s][info][gc,metaspace   ] GC(558) Metaspace: 37289K(37632K)->37289K(37632K) NonClass: 32865K(33024K)->32865K(33024K) Class: 4424K(4608K)->4424K(4608K)
[2025-04-17T09:21:49.105+0000][77.105s][info][gc             ] GC(558) Pause Young (Allocation Failure) 24M->15M(31M) 1.524ms
[2025-04-17T09:21:49.105+0000][77.105s][info][gc,cpu         ] GC(558) User=0.01s Sys=0.00s Real=0.01s
[2025-04-17T09:21:49.169+0000][77.170s][info][gc,start       ] GC(559) Pause Young (Allocation Failure)
[2025-04-17T09:21:49.171+0000][77.171s][info][gc,heap        ] GC(559) DefNew: 9217K(10176K)->111K(10176K) Eden: 9088K(9088K)->0K(9088K) From: 129K(1088K)->111K(1088K)
[2025-04-17T09:21:49.171+0000][77.171s][info][gc,heap        ] GC(559) Tenured: 15569K(22464K)->15570K(22464K)
[2025-04-17T09:21:49.171+0000][77.171s][info][gc,metaspace   ] GC(559) Metaspace: 37289K(37632K)->37289K(37632K) NonClass: 32865K(33024K)->32865K(33024K) Class: 4424K(4608K)->4424K(4608K)
[2025-04-17T09:21:49.171+0000][77.171s][info][gc             ] GC(559) Pause Young (Allocation Failure) 24M->15M(31M) 1.400ms
[2025-04-17T09:21:49.171+0000][77.171s][info][gc,cpu         ] GC(559) User=0.01s Sys=0.00s Real=0.00s
[2025-04-17T09:21:49.232+0000][77.232s][info][gc,start       ] GC(560) Pause Young (Allocation Failure)
[2025-04-17T09:21:49.233+0000][77.234s][info][gc,heap        ] GC(560) DefNew: 9199K(10176K)->87K(10176K) Eden: 9087K(9088K)->0K(9088K) From: 111K(1088K)->87K(1088K)
[2025-04-17T09:21:49.233+0000][77.234s][info][gc,heap        ] GC(560) Tenured: 15570K(22464K)->15570K(22464K)
[2025-04-17T09:21:49.233+0000][77.234s][info][gc,metaspace   ] GC(560) Metaspace: 37289K(37632K)->37289K(37632K) NonClass: 32865K(33024K)->32865K(33024K) Class: 4424K(4608K)->4424K(4608K)
[2025-04-17T09:21:49.233+0000][77.234s][info][gc             ] GC(560) Pause Young (Allocation Failure) 24M->15M(31M) 1.282ms
[2025-04-17T09:21:49.233+0000][77.234s][info][gc,cpu         ] GC(560) User=0.00s Sys=0.00s Real=0.00s
[2025-04-17T09:21:49.328+0000][77.329s][info][gc,start       ] GC(561) Pause Young (Allocation Failure)
[2025-04-17T09:21:49.330+0000][77.330s][info][gc,heap        ] GC(561) DefNew: 9175K(10176K)->119K(10176K) Eden: 9088K(9088K)->0K(9088K) From: 87K(1088K)->119K(1088K)
[2025-04-17T09:21:49.330+0000][77.330s][info][gc,heap        ] GC(561) Tenured: 15570K(22464K)->15587K(22464K)
[2025-04-17T09:21:49.330+0000][77.330s][info][gc,metaspace   ] GC(561) Metaspace: 37289K(37632K)->37289K(37632K) NonClass: 32865K(33024K)->32865K(33024K) Class: 4424K(4608K)->4424K(4608K)
[2025-04-17T09:21:49.330+0000][77.330s][info][gc             ] GC(561) Pause Young (Allocation Failure) 24M->15M(31M) 1.606ms
[2025-04-17T09:21:49.330+0000][77.330s][info][gc,cpu         ] GC(561) User=0.00s Sys=0.00s Real=0.00s
[2025-04-17T09:21:49.396+0000][77.396s][info][gc,start       ] GC(562) Pause Young (Allocation Failure)
[2025-04-17T09:21:49.397+0000][77.398s][info][gc,heap        ] GC(562) DefNew: 9207K(10176K)->109K(10176K) Eden: 9088K(9088K)->0K(9088K) From: 119K(1088K)->109K(1088K)
[2025-04-17T09:21:49.397+0000][77.398s][info][gc,heap        ] GC(562) Tenured: 15587K(22464K)->15587K(22464K)
[2025-04-17T09:21:49.397+0000][77.398s][info][gc,metaspace   ] GC(562) Metaspace: 37289K(37632K)->37289K(37632K) NonClass: 32865K(33024K)->32865K(33024K) Class: 4424K(4608K)->4424K(4608K)
[2025-04-17T09:21:49.397+0000][77.398s][info][gc             ] GC(562) Pause Young (Allocation Failure) 24M->15M(31M) 1.769ms
[2025-04-17T09:21:49.397+0000][77.398s][info][gc,cpu         ] GC(562) User=0.01s Sys=0.00s Real=0.00s
[2025-04-17T09:21:49.448+0000][77.449s][info][gc,start       ] GC(563) Pause Young (Allocation Failure)
[2025-04-17T09:21:49.450+0000][77.450s][info][gc,heap        ] GC(563) DefNew: 9197K(10176K)->83K(10176K) Eden: 9088K(9088K)->0K(9088K) From: 109K(1088K)->83K(1088K)
[2025-04-17T09:21:49.450+0000][77.450s][info][gc,heap        ] GC(563) Tenured: 15587K(22464K)->15587K(22464K)
[2025-04-17T09:21:49.450+0000][77.450s][info][gc,metaspace   ] GC(563) Metaspace: 37289K(37632K)->37289K(37632K) NonClass: 32865K(33024K)->32865K(33024K) Class: 4424K(4608K)->4424K(4608K)
[2025-04-17T09:21:49.450+0000][77.450s][info][gc             ] GC(563) Pause Young (Allocation Failure) 24M->15M(31M) 1.373ms
[2025-04-17T09:21:49.450+0000][77.451s][info][gc,cpu         ] GC(563) User=0.00s Sys=0.00s Real=0.00s
[2025-04-17T09:21:49.552+0000][77.553s][info][gc,start       ] GC(564) Pause Young (Allocation Failure)
[2025-04-17T09:21:49.554+0000][77.554s][info][gc,heap        ] GC(564) DefNew: 9171K(10176K)->117K(10176K) Eden: 9088K(9088K)->0K(9088K) From: 83K(1088K)->117K(1088K)
[2025-04-17T09:21:49.554+0000][77.554s][info][gc,heap        ] GC(564) Tenured: 15587K(22464K)->15587K(22464K)
[2025-04-17T09:21:49.554+0000][77.554s][info][gc,metaspace   ] GC(564) Metaspace: 37289K(37632K)->37289K(37632K) NonClass: 32865K(33024K)->32865K(33024K) Class: 4424K(4608K)->4424K(4608K)
[2025-04-17T09:21:49.554+0000][77.554s][info][gc             ] GC(564) Pause Young (Allocation Failure) 24M->15M(31M) 1.541ms
[2025-04-17T09:21:49.554+0000][77.554s][info][gc,cpu         ] GC(564) User=0.01s Sys=0.00s Real=0.00s
[2025-04-17T09:21:49.614+0000][77.614s][info][gc,start       ] GC(565) Pause Young (Allocation Failure)
[2025-04-17T09:21:49.615+0000][77.616s][info][gc,heap        ] GC(565) DefNew: 9205K(10176K)->119K(10176K) Eden: 9087K(9088K)->0K(9088K) From: 117K(1088K)->119K(1088K)
[2025-04-17T09:21:49.615+0000][77.616s][info][gc,heap        ] GC(565) Tenured: 15587K(22464K)->15587K(22464K)
[2025-04-17T09:21:49.615+0000][77.616s][info][gc,metaspace   ] GC(565) Metaspace: 37289K(37632K)->37289K(37632K) NonClass: 32865K(33024K)->32865K(33024K) Class: 4424K(4608K)->4424K(4608K)
[2025-04-17T09:21:49.615+0000][77.616s][info][gc             ] GC(565) Pause Young (Allocation Failure) 24M->15M(31M) 1.478ms
[2025-04-17T09:21:49.615+0000][77.616s][info][gc,cpu         ] GC(565) User=0.00s Sys=0.00s Real=0.01s
[2025-04-17T09:21:49.697+0000][77.698s][info][gc,start       ] GC(566) Pause Young (Allocation Failure)
[2025-04-17T09:21:49.699+0000][77.699s][info][gc,heap        ] GC(566) DefNew: 9207K(10176K)->156K(10176K) Eden: 9088K(9088K)->0K(9088K) From: 119K(1088K)->156K(1088K)
[2025-04-17T09:21:49.699+0000][77.699s][info][gc,heap        ] GC(566) Tenured: 15587K(22464K)->15588K(22464K)
[2025-04-17T09:21:49.699+0000][77.699s][info][gc,metaspace   ] GC(566) Metaspace: 37289K(37632K)->37289K(37632K) NonClass: 32865K(33024K)->32865K(33024K) Class: 4424K(4608K)->4424K(4608K)
[2025-04-17T09:21:49.699+0000][77.699s][info][gc             ] GC(566) Pause Young (Allocation Failure) 24M->15M(31M) 1.502ms
[2025-04-17T09:21:49.699+0000][77.699s][info][gc,cpu         ] GC(566) User=0.00s Sys=0.00s Real=0.00s
[2025-04-17T09:21:49.774+0000][77.774s][info][gc,start       ] GC(567) Pause Young (Allocation Failure)
[2025-04-17T09:21:49.775+0000][77.776s][info][gc,heap        ] GC(567) DefNew: 9244K(10176K)->108K(10176K) Eden: 9088K(9088K)->0K(9088K) From: 156K(1088K)->108K(1088K)
[2025-04-17T09:21:49.775+0000][77.776s][info][gc,heap        ] GC(567) Tenured: 15588K(22464K)->15591K(22464K)
[2025-04-17T09:21:49.775+0000][77.776s][info][gc,metaspace   ] GC(567) Metaspace: 37289K(37632K)->37289K(37632K) NonClass: 32865K(33024K)->32865K(33024K) Class: 4424K(4608K)->4424K(4608K)
[2025-04-17T09:21:49.775+0000][77.776s][info][gc             ] GC(567) Pause Young (Allocation Failure) 24M->15M(31M) 1.601ms
[2025-04-17T09:21:49.775+0000][77.776s][info][gc,cpu         ] GC(567) User=0.00s Sys=0.00s Real=0.01s
[2025-04-17T09:21:49.823+0000][77.824s][info][gc,start       ] GC(568) Pause Young (Allocation Failure)
[2025-04-17T09:21:49.825+0000][77.825s][info][gc,heap        ] GC(568) DefNew: 9196K(10176K)->117K(10176K) Eden: 9087K(9088K)->0K(9088K) From: 108K(1088K)->117K(1088K)
[2025-04-17T09:21:49.825+0000][77.825s][info][gc,heap        ] GC(568) Tenured: 15591K(22464K)->15592K(22464K)
[2025-04-17T09:21:49.825+0000][77.825s][info][gc,metaspace   ] GC(568) Metaspace: 37289K(37632K)->37289K(37632K) NonClass: 32865K(33024K)->32865K(33024K) Class: 4424K(4608K)->4424K(4608K)
[2025-04-17T09:21:49.825+0000][77.825s][info][gc             ] GC(568) Pause Young (Allocation Failure) 24M->15M(31M) 1.393ms
[2025-04-17T09:21:49.825+0000][77.825s][info][gc,cpu         ] GC(568) User=0.00s Sys=0.00s Real=0.01s
[2025-04-17T09:21:49.913+0000][77.914s][info][gc,start       ] GC(569) Pause Young (Allocation Failure)
[2025-04-17T09:21:49.915+0000][77.915s][info][gc,heap        ] GC(569) DefNew: 9205K(10176K)->98K(10176K) Eden: 9088K(9088K)->0K(9088K) From: 117K(1088K)->98K(1088K)
[2025-04-17T09:21:49.915+0000][77.915s][info][gc,heap        ] GC(569) Tenured: 15592K(22464K)->15592K(22464K)
[2025-04-17T09:21:49.915+0000][77.915s][info][gc,metaspace   ] GC(569) Metaspace: 37289K(37632K)->37289K(37632K) NonClass: 32865K(33024K)->32865K(33024K) Class: 4424K(4608K)->4424K(4608K)
[2025-04-17T09:21:49.915+0000][77.915s][info][gc             ] GC(569) Pause Young (Allocation Failure) 24M->15M(31M) 1.559ms
[2025-04-17T09:21:49.915+0000][77.915s][info][gc,cpu         ] GC(569) User=0.01s Sys=0.00s Real=0.01s
[2025-04-17T09:21:49.946+0000][77.947s][info][gc,start       ] GC(570) Pause Young (Allocation Failure)
[2025-04-17T09:21:49.947+0000][77.948s][info][gc,heap        ] GC(570) DefNew: 9175K(10176K)->126K(10176K) Eden: 9076K(9088K)->0K(9088K) From: 98K(1088K)->126K(1088K)
[2025-04-17T09:21:49.947+0000][77.948s][info][gc,heap        ] GC(570) Tenured: 15592K(22464K)->15594K(22464K)
[2025-04-17T09:21:49.947+0000][77.948s][info][gc,metaspace   ] GC(570) Metaspace: 37289K(37632K)->37289K(37632K) NonClass: 32865K(33024K)->32865K(33024K) Class: 4424K(4608K)->4424K(4608K)
[2025-04-17T09:21:49.947+0000][77.948s][info][gc             ] GC(570) Pause Young (Allocation Failure) 24M->15M(31M) 1.351ms
[2025-04-17T09:21:49.947+0000][77.948s][info][gc,cpu         ] GC(570) User=0.00s Sys=0.00s Real=0.00s
[2025-04-17T09:21:50.043+0000][78.044s][info][gc,start       ] GC(571) Pause Young (Allocation Failure)
[2025-04-17T09:21:50.045+0000][78.045s][info][gc,heap        ] GC(571) DefNew: 9214K(10176K)->123K(10176K) Eden: 9088K(9088K)->0K(9088K) From: 126K(1088K)->123K(1088K)
[2025-04-17T09:21:50.045+0000][78.045s][info][gc,heap        ] GC(571) Tenured: 15594K(22464K)->15594K(22464K)
[2025-04-17T09:21:50.045+0000][78.045s][info][gc,metaspace   ] GC(571) Metaspace: 37289K(37632K)->37289K(37632K) NonClass: 32865K(33024K)->32865K(33024K) Class: 4424K(4608K)->4424K(4608K)
[2025-04-17T09:21:50.045+0000][78.045s][info][gc             ] GC(571) Pause Young (Allocation Failure) 24M->15M(31M) 1.437ms
[2025-04-17T09:21:50.045+0000][78.045s][info][gc,cpu         ] GC(571) User=0.00s Sys=0.00s Real=0.01s
[2025-04-17T09:21:50.118+0000][78.119s][info][gc,start       ] GC(572) Pause Young (Allocation Failure)
[2025-04-17T09:21:50.119+0000][78.120s][info][gc,heap        ] GC(572) DefNew: 9211K(10176K)->118K(10176K) Eden: 9088K(9088K)->0K(9088K) From: 123K(1088K)->118K(1088K)
[2025-04-17T09:21:50.119+0000][78.120s][info][gc,heap        ] GC(572) Tenured: 15594K(22464K)->15594K(22464K)
[2025-04-17T09:21:50.119+0000][78.120s][info][gc,metaspace   ] GC(572) Metaspace: 37289K(37632K)->37289K(37632K) NonClass: 32865K(33024K)->32865K(33024K) Class: 4424K(4608K)->4424K(4608K)
[2025-04-17T09:21:50.119+0000][78.120s][info][gc             ] GC(572) Pause Young (Allocation Failure) 24M->15M(31M) 1.398ms
[2025-04-17T09:21:50.119+0000][78.120s][info][gc,cpu         ] GC(572) User=0.00s Sys=0.00s Real=0.00s
[2025-04-17T09:21:50.169+0000][78.170s][info][gc,start       ] GC(573) Pause Young (Allocation Failure)
[2025-04-17T09:21:50.170+0000][78.171s][info][gc,heap        ] GC(573) DefNew: 9206K(10176K)->147K(10176K) Eden: 9088K(9088K)->0K(9088K) From: 118K(1088K)->147K(1088K)
[2025-04-17T09:21:50.170+0000][78.171s][info][gc,heap        ] GC(573) Tenured: 15594K(22464K)->15594K(22464K)
[2025-04-17T09:21:50.170+0000][78.171s][info][gc,metaspace   ] GC(573) Metaspace: 37289K(37632K)->37289K(37632K) NonClass: 32865K(33024K)->32865K(33024K) Class: 4424K(4608K)->4424K(4608K)
[2025-04-17T09:21:50.170+0000][78.171s][info][gc             ] GC(573) Pause Young (Allocation Failure) 24M->15M(31M) 1.450ms
[2025-04-17T09:21:50.170+0000][78.171s][info][gc,cpu         ] GC(573) User=0.00s Sys=0.00s Real=0.00s
[2025-04-17T09:21:50.265+0000][78.266s][info][gc,start       ] GC(574) Pause Young (Allocation Failure)
[2025-04-17T09:21:50.266+0000][78.267s][info][gc,heap        ] GC(574) DefNew: 9235K(10176K)->153K(10176K) Eden: 9087K(9088K)->0K(9088K) From: 147K(1088K)->153K(1088K)
[2025-04-17T09:21:50.266+0000][78.267s][info][gc,heap        ] GC(574) Tenured: 15594K(22464K)->15595K(22464K)
[2025-04-17T09:21:50.266+0000][78.267s][info][gc,metaspace   ] GC(574) Metaspace: 37289K(37632K)->37289K(37632K) NonClass: 32865K(33024K)->32865K(33024K) Class: 4424K(4608K)->4424K(4608K)
[2025-04-17T09:21:50.267+0000][78.267s][info][gc             ] GC(574) Pause Young (Allocation Failure) 24M->15M(31M) 1.476ms
[2025-04-17T09:21:50.267+0000][78.267s][info][gc,cpu         ] GC(574) User=0.00s Sys=0.00s Real=0.00s
[2025-04-17T09:21:50.333+0000][78.333s][info][gc,start       ] GC(575) Pause Young (Allocation Failure)
[2025-04-17T09:21:50.334+0000][78.335s][info][gc,heap        ] GC(575) DefNew: 9241K(10176K)->181K(10176K) Eden: 9088K(9088K)->0K(9088K) From: 153K(1088K)->181K(1088K)
[2025-04-17T09:21:50.334+0000][78.335s][info][gc,heap        ] GC(575) Tenured: 15595K(22464K)->15595K(22464K)
[2025-04-17T09:21:50.334+0000][78.335s][info][gc,metaspace   ] GC(575) Metaspace: 37289K(37632K)->37289K(37632K) NonClass: 32865K(33024K)->32865K(33024K) Class: 4424K(4608K)->4424K(4608K)
[2025-04-17T09:21:50.334+0000][78.335s][info][gc             ] GC(575) Pause Young (Allocation Failure) 24M->15M(31M) 1.590ms
[2025-04-17T09:21:50.334+0000][78.335s][info][gc,cpu         ] GC(575) User=0.01s Sys=0.00s Real=0.01s
[2025-04-17T09:21:50.405+0000][78.405s][info][gc,start       ] GC(576) Pause Young (Allocation Failure)
[2025-04-17T09:21:50.406+0000][78.407s][info][gc,heap        ] GC(576) DefNew: 9269K(10176K)->117K(10176K) Eden: 9088K(9088K)->0K(9088K) From: 181K(1088K)->117K(1088K)
[2025-04-17T09:21:50.406+0000][78.407s][info][gc,heap        ] GC(576) Tenured: 15595K(22464K)->15595K(22464K)
[2025-04-17T09:21:50.406+0000][78.407s][info][gc,metaspace   ] GC(576) Metaspace: 37289K(37632K)->37289K(37632K) NonClass: 32865K(33024K)->32865K(33024K) Class: 4424K(4608K)->4424K(4608K)
[2025-04-17T09:21:50.406+0000][78.407s][info][gc             ] GC(576) Pause Young (Allocation Failure) 24M->15M(31M) 1.384ms
[2025-04-17T09:21:50.406+0000][78.407s][info][gc,cpu         ] GC(576) User=0.00s Sys=0.00s Real=0.00s
[2025-04-17T09:21:50.475+0000][78.476s][info][gc,start       ] GC(577) Pause Young (Allocation Failure)
[2025-04-17T09:21:50.477+0000][78.477s][info][gc,heap        ] GC(577) DefNew: 9205K(10176K)->130K(10176K) Eden: 9088K(9088K)->0K(9088K) From: 117K(1088K)->130K(1088K)
[2025-04-17T09:21:50.477+0000][78.477s][info][gc,heap        ] GC(577) Tenured: 15595K(22464K)->15596K(22464K)
[2025-04-17T09:21:50.477+0000][78.477s][info][gc,metaspace   ] GC(577) Metaspace: 37289K(37632K)->37289K(37632K) NonClass: 32865K(33024K)->32865K(33024K) Class: 4424K(4608K)->4424K(4608K)
[2025-04-17T09:21:50.477+0000][78.477s][info][gc             ] GC(577) Pause Young (Allocation Failure) 24M->15M(31M) 1.415ms
[2025-04-17T09:21:50.477+0000][78.477s][info][gc,cpu         ] GC(577) User=0.00s Sys=0.00s Real=0.00s
[2025-04-17T09:21:50.527+0000][78.528s][info][gc,start       ] GC(578) Pause Young (Allocation Failure)
[2025-04-17T09:21:50.528+0000][78.529s][info][gc,heap        ] GC(578) DefNew: 9218K(10176K)->106K(10176K) Eden: 9088K(9088K)->0K(9088K) From: 130K(1088K)->106K(1088K)
[2025-04-17T09:21:50.528+0000][78.529s][info][gc,heap        ] GC(578) Tenured: 15596K(22464K)->15599K(22464K)
[2025-04-17T09:21:50.528+0000][78.529s][info][gc,metaspace   ] GC(578) Metaspace: 37289K(37632K)->37289K(37632K) NonClass: 32865K(33024K)->32865K(33024K) Class: 4424K(4608K)->4424K(4608K)
[2025-04-17T09:21:50.528+0000][78.529s][info][gc             ] GC(578) Pause Young (Allocation Failure) 24M->15M(31M) 1.394ms
[2025-04-17T09:21:50.528+0000][78.529s][info][gc,cpu         ] GC(578) User=0.00s Sys=0.00s Real=0.00s
[2025-04-17T09:21:50.599+0000][78.600s][info][gc,start       ] GC(579) Pause Young (Allocation Failure)
[2025-04-17T09:21:50.600+0000][78.601s][info][gc,heap        ] GC(579) DefNew: 9194K(10176K)->91K(10176K) Eden: 9088K(9088K)->0K(9088K) From: 106K(1088K)->91K(1088K)
[2025-04-17T09:21:50.600+0000][78.601s][info][gc,heap        ] GC(579) Tenured: 15599K(22464K)->15616K(22464K)
[2025-04-17T09:21:50.600+0000][78.601s][info][gc,metaspace   ] GC(579) Metaspace: 37289K(37632K)->37289K(37632K) NonClass: 32865K(33024K)->32865K(33024K) Class: 4424K(4608K)->4424K(4608K)
[2025-04-17T09:21:50.600+0000][78.601s][info][gc             ] GC(579) Pause Young (Allocation Failure) 24M->15M(31M) 1.347ms
[2025-04-17T09:21:50.600+0000][78.601s][info][gc,cpu         ] GC(579) User=0.00s Sys=0.00s Real=0.00s
[2025-04-17T09:21:50.672+0000][78.673s][info][gc,start       ] GC(580) Pause Young (Allocation Failure)
[2025-04-17T09:21:50.673+0000][78.674s][info][gc,heap        ] GC(580) DefNew: 9179K(10176K)->136K(10176K) Eden: 9088K(9088K)->0K(9088K) From: 91K(1088K)->136K(1088K)
[2025-04-17T09:21:50.673+0000][78.674s][info][gc,heap        ] GC(580) Tenured: 15616K(22464K)->15616K(22464K)
[2025-04-17T09:21:50.673+0000][78.674s][info][gc,metaspace   ] GC(580) Metaspace: 37289K(37632K)->37289K(37632K) NonClass: 32865K(33024K)->32865K(33024K) Class: 4424K(4608K)->4424K(4608K)
[2025-04-17T09:21:50.673+0000][78.674s][info][gc             ] GC(580) Pause Young (Allocation Failure) 24M->15M(31M) 1.450ms
[2025-04-17T09:21:50.673+0000][78.674s][info][gc,cpu         ] GC(580) User=0.01s Sys=0.00s Real=0.00s
[2025-04-17T09:21:50.748+0000][78.748s][info][gc,start       ] GC(581) Pause Young (Allocation Failure)
[2025-04-17T09:21:50.749+0000][78.749s][info][gc,heap        ] GC(581) DefNew: 9224K(10176K)->111K(10176K) Eden: 9088K(9088K)->0K(9088K) From: 136K(1088K)->111K(1088K)
[2025-04-17T09:21:50.749+0000][78.749s][info][gc,heap        ] GC(581) Tenured: 15616K(22464K)->15616K(22464K)
[2025-04-17T09:21:50.749+0000][78.749s][info][gc,metaspace   ] GC(581) Metaspace: 37289K(37632K)->37289K(37632K) NonClass: 32865K(33024K)->32865K(33024K) Class: 4424K(4608K)->4424K(4608K)
[2025-04-17T09:21:50.749+0000][78.749s][info][gc             ] GC(581) Pause Young (Allocation Failure) 24M->15M(31M) 1.287ms
[2025-04-17T09:21:50.749+0000][78.749s][info][gc,cpu         ] GC(581) User=0.00s Sys=0.00s Real=0.00s
[2025-04-17T09:21:50.826+0000][78.826s][info][gc,start       ] GC(582) Pause Young (Allocation Failure)
[2025-04-17T09:21:50.827+0000][78.828s][info][gc,heap        ] GC(582) DefNew: 9199K(10176K)->98K(10176K) Eden: 9088K(9088K)->0K(9088K) From: 111K(1088K)->98K(1088K)
[2025-04-17T09:21:50.827+0000][78.828s][info][gc,heap        ] GC(582) Tenured: 15616K(22464K)->15618K(22464K)
[2025-04-17T09:21:50.827+0000][78.828s][info][gc,metaspace   ] GC(582) Metaspace: 37289K(37632K)->37289K(37632K) NonClass: 32865K(33024K)->32865K(33024K) Class: 4424K(4608K)->4424K(4608K)
[2025-04-17T09:21:50.827+0000][78.828s][info][gc             ] GC(582) Pause Young (Allocation Failure) 24M->15M(31M) 1.356ms
[2025-04-17T09:21:50.827+0000][78.828s][info][gc,cpu         ] GC(582) User=0.00s Sys=0.00s Real=0.00s
[2025-04-17T09:21:50.885+0000][78.885s][info][gc,start       ] GC(583) Pause Young (Allocation Failure)
[2025-04-17T09:21:50.887+0000][78.888s][info][gc,heap        ] GC(583) DefNew: 9186K(10176K)->138K(10176K) Eden: 9088K(9088K)->0K(9088K) From: 98K(1088K)->138K(1088K)
[2025-04-17T09:21:50.887+0000][78.888s][info][gc,heap        ] GC(583) Tenured: 15618K(22464K)->15618K(22464K)
[2025-04-17T09:21:50.887+0000][78.888s][info][gc,metaspace   ] GC(583) Metaspace: 37289K(37632K)->37289K(37632K) NonClass: 32865K(33024K)->32865K(33024K) Class: 4424K(4608K)->4424K(4608K)
[2025-04-17T09:21:50.887+0000][78.888s][info][gc             ] GC(583) Pause Young (Allocation Failure) 24M->15M(31M) 2.431ms
[2025-04-17T09:21:50.887+0000][78.888s][info][gc,cpu         ] GC(583) User=0.00s Sys=0.01s Real=0.00s
[2025-04-17T09:21:50.956+0000][78.957s][info][gc,start       ] GC(584) Pause Young (Allocation Failure)
[2025-04-17T09:21:50.958+0000][78.958s][info][gc,heap        ] GC(584) DefNew: 9226K(10176K)->116K(10176K) Eden: 9088K(9088K)->0K(9088K) From: 138K(1088K)->116K(1088K)
[2025-04-17T09:21:50.958+0000][78.958s][info][gc,heap        ] GC(584) Tenured: 15618K(22464K)->15618K(22464K)
[2025-04-17T09:21:50.958+0000][78.958s][info][gc,metaspace   ] GC(584) Metaspace: 37289K(37632K)->37289K(37632K) NonClass: 32865K(33024K)->32865K(33024K) Class: 4424K(4608K)->4424K(4608K)
[2025-04-17T09:21:50.958+0000][78.958s][info][gc             ] GC(584) Pause Young (Allocation Failure) 24M->15M(31M) 1.315ms
[2025-04-17T09:21:50.958+0000][78.959s][info][gc,cpu         ] GC(584) User=0.00s Sys=0.00s Real=0.00s
[2025-04-17T09:21:51.015+0000][79.016s][info][gc,start       ] GC(585) Pause Young (Allocation Failure)
[2025-04-17T09:21:51.016+0000][79.017s][info][gc,heap        ] GC(585) DefNew: 9204K(10176K)->134K(10176K) Eden: 9087K(9088K)->0K(9088K) From: 116K(1088K)->134K(1088K)
[2025-04-17T09:21:51.016+0000][79.017s][info][gc,heap        ] GC(585) Tenured: 15618K(22464K)->15618K(22464K)
[2025-04-17T09:21:51.016+0000][79.017s][info][gc,metaspace   ] GC(585) Metaspace: 37289K(37632K)->37289K(37632K) NonClass: 32865K(33024K)->32865K(33024K) Class: 4424K(4608K)->4424K(4608K)
[2025-04-17T09:21:51.016+0000][79.017s][info][gc             ] GC(585) Pause Young (Allocation Failure) 24M->15M(31M) 1.421ms
[2025-04-17T09:21:51.017+0000][79.017s][info][gc,cpu         ] GC(585) User=0.00s Sys=0.00s Real=0.00s
[2025-04-17T09:21:51.097+0000][79.098s][info][gc,start       ] GC(586) Pause Young (Allocation Failure)
[2025-04-17T09:21:51.098+0000][79.099s][info][gc,heap        ] GC(586) DefNew: 9222K(10176K)->100K(10176K) Eden: 9088K(9088K)->0K(9088K) From: 134K(1088K)->100K(1088K)
[2025-04-17T09:21:51.099+0000][79.099s][info][gc,heap        ] GC(586) Tenured: 15618K(22464K)->15618K(22464K)
[2025-04-17T09:21:51.099+0000][79.099s][info][gc,metaspace   ] GC(586) Metaspace: 37289K(37632K)->37289K(37632K) NonClass: 32865K(33024K)->32865K(33024K) Class: 4424K(4608K)->4424K(4608K)
[2025-04-17T09:21:51.099+0000][79.099s][info][gc             ] GC(586) Pause Young (Allocation Failure) 24M->15M(31M) 1.585ms
[2025-04-17T09:21:51.099+0000][79.099s][info][gc,cpu         ] GC(586) User=0.00s Sys=0.00s Real=0.00s
[2025-04-17T09:21:51.165+0000][79.165s][info][gc,start       ] GC(587) Pause Young (Allocation Failure)
[2025-04-17T09:21:51.167+0000][79.167s][info][gc,heap        ] GC(587) DefNew: 9188K(10176K)->177K(10176K) Eden: 9088K(9088K)->0K(9088K) From: 100K(1088K)->177K(1088K)
[2025-04-17T09:21:51.167+0000][79.167s][info][gc,heap        ] GC(587) Tenured: 15618K(22464K)->15618K(22464K)
[2025-04-17T09:21:51.167+0000][79.167s][info][gc,metaspace   ] GC(587) Metaspace: 37289K(37632K)->37289K(37632K) NonClass: 32865K(33024K)->32865K(33024K) Class: 4424K(4608K)->4424K(4608K)
[2025-04-17T09:21:51.167+0000][79.167s][info][gc             ] GC(587) Pause Young (Allocation Failure) 24M->15M(31M) 2.062ms
[2025-04-17T09:21:51.167+0000][79.167s][info][gc,cpu         ] GC(587) User=0.00s Sys=0.00s Real=0.00s
[2025-04-17T09:21:51.238+0000][79.239s][info][gc,start       ] GC(588) Pause Young (Allocation Failure)
[2025-04-17T09:21:51.240+0000][79.241s][info][gc,heap        ] GC(588) DefNew: 9265K(10176K)->96K(10176K) Eden: 9088K(9088K)->0K(9088K) From: 177K(1088K)->96K(1088K)
[2025-04-17T09:21:51.240+0000][79.241s][info][gc,heap        ] GC(588) Tenured: 15618K(22464K)->15620K(22464K)
[2025-04-17T09:21:51.240+0000][79.241s][info][gc,metaspace   ] GC(588) Metaspace: 37289K(37632K)->37289K(37632K) NonClass: 32865K(33024K)->32865K(33024K) Class: 4424K(4608K)->4424K(4608K)
[2025-04-17T09:21:51.240+0000][79.241s][info][gc             ] GC(588) Pause Young (Allocation Failure) 24M->15M(31M) 2.433ms
[2025-04-17T09:21:51.240+0000][79.241s][info][gc,cpu         ] GC(588) User=0.00s Sys=0.00s Real=0.00s
[2025-04-17T09:21:51.305+0000][79.305s][info][gc,start       ] GC(589) Pause Young (Allocation Failure)
[2025-04-17T09:21:51.306+0000][79.307s][info][gc,heap        ] GC(589) DefNew: 9184K(10176K)->164K(10176K) Eden: 9088K(9088K)->0K(9088K) From: 96K(1088K)->164K(1088K)
[2025-04-17T09:21:51.306+0000][79.307s][info][gc,heap        ] GC(589) Tenured: 15620K(22464K)->15620K(22464K)
[2025-04-17T09:21:51.306+0000][79.307s][info][gc,metaspace   ] GC(589) Metaspace: 37289K(37632K)->37289K(37632K) NonClass: 32865K(33024K)->32865K(33024K) Class: 4424K(4608K)->4424K(4608K)
[2025-04-17T09:21:51.306+0000][79.307s][info][gc             ] GC(589) Pause Young (Allocation Failure) 24M->15M(31M) 1.544ms
[2025-04-17T09:21:51.306+0000][79.307s][info][gc,cpu         ] GC(589) User=0.00s Sys=0.00s Real=0.00s
[2025-04-17T09:21:51.388+0000][79.389s][info][gc,start       ] GC(590) Pause Young (Allocation Failure)
[2025-04-17T09:21:51.389+0000][79.390s][info][gc,heap        ] GC(590) DefNew: 9252K(10176K)->99K(10176K) Eden: 9088K(9088K)->0K(9088K) From: 164K(1088K)->99K(1088K)
[2025-04-17T09:21:51.389+0000][79.390s][info][gc,heap        ] GC(590) Tenured: 15620K(22464K)->15621K(22464K)
[2025-04-17T09:21:51.389+0000][79.390s][info][gc,metaspace   ] GC(590) Metaspace: 37289K(37632K)->37289K(37632K) NonClass: 32865K(33024K)->32865K(33024K) Class: 4424K(4608K)->4424K(4608K)
[2025-04-17T09:21:51.389+0000][79.390s][info][gc             ] GC(590) Pause Young (Allocation Failure) 24M->15M(31M) 1.494ms
[2025-04-17T09:21:51.389+0000][79.390s][info][gc,cpu         ] GC(590) User=0.00s Sys=0.00s Real=0.00s
[2025-04-17T09:21:51.436+0000][79.437s][info][gc,start       ] GC(591) Pause Young (Allocation Failure)
[2025-04-17T09:21:51.438+0000][79.438s][info][gc,heap        ] GC(591) DefNew: 9187K(10176K)->98K(10176K) Eden: 9088K(9088K)->0K(9088K) From: 99K(1088K)->98K(1088K)
[2025-04-17T09:21:51.438+0000][79.438s][info][gc,heap        ] GC(591) Tenured: 15621K(22464K)->15621K(22464K)
[2025-04-17T09:21:51.438+0000][79.438s][info][gc,metaspace   ] GC(591) Metaspace: 37289K(37632K)->37289K(37632K) NonClass: 32865K(33024K)->32865K(33024K) Class: 4424K(4608K)->4424K(4608K)
[2025-04-17T09:21:51.438+0000][79.438s][info][gc             ] GC(591) Pause Young (Allocation Failure) 24M->15M(31M) 1.260ms
[2025-04-17T09:21:51.438+0000][79.438s][info][gc,cpu         ] GC(591) User=0.00s Sys=0.00s Real=0.00s
[2025-04-17T09:21:51.515+0000][79.516s][info][gc,start       ] GC(592) Pause Young (Allocation Failure)
[2025-04-17T09:21:51.517+0000][79.517s][info][gc,heap        ] GC(592) DefNew: 9186K(10176K)->165K(10176K) Eden: 9087K(9088K)->0K(9088K) From: 98K(1088K)->165K(1088K)
[2025-04-17T09:21:51.517+0000][79.517s][info][gc,heap        ] GC(592) Tenured: 15621K(22464K)->15621K(22464K)
[2025-04-17T09:21:51.517+0000][79.517s][info][gc,metaspace   ] GC(592) Metaspace: 37289K(37632K)->37289K(37632K) NonClass: 32865K(33024K)->32865K(33024K) Class: 4424K(4608K)->4424K(4608K)
[2025-04-17T09:21:51.517+0000][79.517s][info][gc             ] GC(592) Pause Young (Allocation Failure) 24M->15M(31M) 1.544ms
[2025-04-17T09:21:51.517+0000][79.517s][info][gc,cpu         ] GC(592) User=0.00s Sys=0.00s Real=0.00s
[2025-04-17T09:21:51.585+0000][79.586s][info][gc,start       ] GC(593) Pause Young (Allocation Failure)
[2025-04-17T09:21:51.587+0000][79.588s][info][gc,heap        ] GC(593) DefNew: 9253K(10176K)->117K(10176K) Eden: 9088K(9088K)->0K(9088K) From: 165K(1088K)->117K(1088K)
[2025-04-17T09:21:51.587+0000][79.588s][info][gc,heap        ] GC(593) Tenured: 15621K(22464K)->15621K(22464K)
[2025-04-17T09:21:51.587+0000][79.588s][info][gc,metaspace   ] GC(593) Metaspace: 37291K(37632K)->37291K(37632K) NonClass: 32867K(33024K)->32867K(33024K) Class: 4424K(4608K)->4424K(4608K)
[2025-04-17T09:21:51.587+0000][79.588s][info][gc             ] GC(593) Pause Young (Allocation Failure) 24M->15M(31M) 1.790ms
[2025-04-17T09:21:51.587+0000][79.588s][info][gc,cpu         ] GC(593) User=0.00s Sys=0.00s Real=0.00s
[2025-04-17T09:21:51.660+0000][79.660s][info][gc,start       ] GC(594) Pause Young (Allocation Failure)
[2025-04-17T09:21:51.661+0000][79.662s][info][gc,heap        ] GC(594) DefNew: 9205K(10176K)->117K(10176K) Eden: 9088K(9088K)->0K(9088K) From: 117K(1088K)->117K(1088K)
[2025-04-17T09:21:51.661+0000][79.662s][info][gc,heap        ] GC(594) Tenured: 15621K(22464K)->15621K(22464K)
[2025-04-17T09:21:51.661+0000][79.662s][info][gc,metaspace   ] GC(594) Metaspace: 37291K(37632K)->37291K(37632K) NonClass: 32867K(33024K)->32867K(33024K) Class: 4424K(4608K)->4424K(4608K)
[2025-04-17T09:21:51.661+0000][79.662s][info][gc             ] GC(594) Pause Young (Allocation Failure) 24M->15M(31M) 1.269ms
[2025-04-17T09:21:51.661+0000][79.662s][info][gc,cpu         ] GC(594) User=0.00s Sys=0.00s Real=0.00s
[2025-04-17T09:21:51.734+0000][79.734s][info][gc,start       ] GC(595) Pause Young (Allocation Failure)
[2025-04-17T09:21:51.735+0000][79.736s][info][gc,heap        ] GC(595) DefNew: 9205K(10176K)->111K(10176K) Eden: 9088K(9088K)->0K(9088K) From: 117K(1088K)->111K(1088K)
[2025-04-17T09:21:51.735+0000][79.736s][info][gc,heap        ] GC(595) Tenured: 15621K(22464K)->15640K(22464K)
[2025-04-17T09:21:51.735+0000][79.736s][info][gc,metaspace   ] GC(595) Metaspace: 37291K(37632K)->37291K(37632K) NonClass: 32867K(33024K)->32867K(33024K) Class: 4424K(4608K)->4424K(4608K)
[2025-04-17T09:21:51.735+0000][79.736s][info][gc             ] GC(595) Pause Young (Allocation Failure) 24M->15M(31M) 1.365ms
[2025-04-17T09:21:51.735+0000][79.736s][info][gc,cpu         ] GC(595) User=0.00s Sys=0.00s Real=0.01s
[2025-04-17T09:21:51.793+0000][79.793s][info][gc,start       ] GC(596) Pause Young (Allocation Failure)
[2025-04-17T09:21:51.794+0000][79.795s][info][gc,heap        ] GC(596) DefNew: 9199K(10176K)->110K(10176K) Eden: 9087K(9088K)->0K(9088K) From: 111K(1088K)->110K(1088K)
[2025-04-17T09:21:51.794+0000][79.795s][info][gc,heap        ] GC(596) Tenured: 15640K(22464K)->15640K(22464K)
[2025-04-17T09:21:51.794+0000][79.795s][info][gc,metaspace   ] GC(596) Metaspace: 37291K(37632K)->37291K(37632K) NonClass: 32867K(33024K)->32867K(33024K) Class: 4424K(4608K)->4424K(4608K)
[2025-04-17T09:21:51.794+0000][79.795s][info][gc             ] GC(596) Pause Young (Allocation Failure) 24M->15M(31M) 1.448ms
[2025-04-17T09:21:51.794+0000][79.795s][info][gc,cpu         ] GC(596) User=0.01s Sys=0.00s Real=0.00s
[2025-04-17T09:21:51.858+0000][79.859s][info][gc,start       ] GC(597) Pause Young (Allocation Failure)
[2025-04-17T09:21:51.859+0000][79.860s][info][gc,heap        ] GC(597) DefNew: 9198K(10176K)->139K(10176K) Eden: 9087K(9088K)->0K(9088K) From: 110K(1088K)->139K(1088K)
[2025-04-17T09:21:51.859+0000][79.860s][info][gc,heap        ] GC(597) Tenured: 15640K(22464K)->15640K(22464K)
[2025-04-17T09:21:51.859+0000][79.860s][info][gc,metaspace   ] GC(597) Metaspace: 37291K(37632K)->37291K(37632K) NonClass: 32867K(33024K)->32867K(33024K) Class: 4424K(4608K)->4424K(4608K)
[2025-04-17T09:21:51.859+0000][79.860s][info][gc             ] GC(597) Pause Young (Allocation Failure) 24M->15M(31M) 1.480ms
[2025-04-17T09:21:51.859+0000][79.860s][info][gc,cpu         ] GC(597) User=0.00s Sys=0.00s Real=0.00s
[2025-04-17T09:21:51.926+0000][79.926s][info][gc,start       ] GC(598) Pause Young (Allocation Failure)
[2025-04-17T09:21:51.927+0000][79.928s][info][gc,heap        ] GC(598) DefNew: 9227K(10176K)->120K(10176K) Eden: 9088K(9088K)->0K(9088K) From: 139K(1088K)->120K(1088K)
[2025-04-17T09:21:51.927+0000][79.928s][info][gc,heap        ] GC(598) Tenured: 15640K(22464K)->15642K(22464K)
[2025-04-17T09:21:51.927+0000][79.928s][info][gc,metaspace   ] GC(598) Metaspace: 37291K(37632K)->37291K(37632K) NonClass: 32867K(33024K)->32867K(33024K) Class: 4424K(4608K)->4424K(4608K)
[2025-04-17T09:21:51.927+0000][79.928s][info][gc             ] GC(598) Pause Young (Allocation Failure) 24M->15M(31M) 1.305ms
[2025-04-17T09:21:51.927+0000][79.928s][info][gc,cpu         ] GC(598) User=0.00s Sys=0.00s Real=0.00s
[2025-04-17T09:21:52.011+0000][80.011s][info][gc,start       ] GC(599) Pause Young (Allocation Failure)
[2025-04-17T09:21:52.012+0000][80.012s][info][gc,heap        ] GC(599) DefNew: 9208K(10176K)->115K(10176K) Eden: 9088K(9088K)->0K(9088K) From: 120K(1088K)->115K(1088K)
[2025-04-17T09:21:52.012+0000][80.013s][info][gc,heap        ] GC(599) Tenured: 15642K(22464K)->15643K(22464K)
[2025-04-17T09:21:52.012+0000][80.013s][info][gc,metaspace   ] GC(599) Metaspace: 37291K(37632K)->37291K(37632K) NonClass: 32867K(33024K)->32867K(33024K) Class: 4424K(4608K)->4424K(4608K)
[2025-04-17T09:21:52.012+0000][80.013s][info][gc             ] GC(599) Pause Young (Allocation Failure) 24M->15M(31M) 1.313ms
[2025-04-17T09:21:52.012+0000][80.013s][info][gc,cpu         ] GC(599) User=0.01s Sys=0.00s Real=0.00s
[2025-04-17T09:21:52.068+0000][80.069s][info][gc,start       ] GC(600) Pause Young (Allocation Failure)
[2025-04-17T09:21:52.070+0000][80.070s][info][gc,heap        ] GC(600) DefNew: 9203K(10176K)->98K(10176K) Eden: 9087K(9088K)->0K(9088K) From: 115K(1088K)->98K(1088K)
[2025-04-17T09:21:52.070+0000][80.070s][info][gc,heap        ] GC(600) Tenured: 15643K(22464K)->15643K(22464K)
[2025-04-17T09:21:52.070+0000][80.070s][info][gc,metaspace   ] GC(600) Metaspace: 37291K(37632K)->37291K(37632K) NonClass: 32867K(33024K)->32867K(33024K) Class: 4424K(4608K)->4424K(4608K)
[2025-04-17T09:21:52.070+0000][80.070s][info][gc             ] GC(600) Pause Young (Allocation Failure) 24M->15M(31M) 1.308ms
[2025-04-17T09:21:52.070+0000][80.070s][info][gc,cpu         ] GC(600) User=0.00s Sys=0.00s Real=0.00s
[2025-04-17T09:21:52.140+0000][80.141s][info][gc,start       ] GC(601) Pause Young (Allocation Failure)
[2025-04-17T09:21:52.141+0000][80.142s][info][gc,heap        ] GC(601) DefNew: 9186K(10176K)->102K(10176K) Eden: 9088K(9088K)->0K(9088K) From: 98K(1088K)->102K(1088K)
[2025-04-17T09:21:52.141+0000][80.142s][info][gc,heap        ] GC(601) Tenured: 15643K(22464K)->15643K(22464K)
[2025-04-17T09:21:52.141+0000][80.142s][info][gc,metaspace   ] GC(601) Metaspace: 37291K(37632K)->37291K(37632K) NonClass: 32867K(33024K)->32867K(33024K) Class: 4424K(4608K)->4424K(4608K)
[2025-04-17T09:21:52.141+0000][80.142s][info][gc             ] GC(601) Pause Young (Allocation Failure) 24M->15M(31M) 1.335ms
[2025-04-17T09:21:52.141+0000][80.142s][info][gc,cpu         ] GC(601) User=0.00s Sys=0.00s Real=0.00s
[2025-04-17T09:21:52.194+0000][80.195s][info][gc,start       ] GC(602) Pause Young (Allocation Failure)
[2025-04-17T09:21:52.195+0000][80.196s][info][gc,heap        ] GC(602) DefNew: 9190K(10176K)->121K(10176K) Eden: 9088K(9088K)->0K(9088K) From: 102K(1088K)->121K(1088K)
[2025-04-17T09:21:52.195+0000][80.196s][info][gc,heap        ] GC(602) Tenured: 15643K(22464K)->15644K(22464K)
[2025-04-17T09:21:52.195+0000][80.196s][info][gc,metaspace   ] GC(602) Metaspace: 37291K(37632K)->37291K(37632K) NonClass: 32867K(33024K)->32867K(33024K) Class: 4424K(4608K)->4424K(4608K)
[2025-04-17T09:21:52.195+0000][80.196s][info][gc             ] GC(602) Pause Young (Allocation Failure) 24M->15M(31M) 1.391ms
[2025-04-17T09:21:52.195+0000][80.196s][info][gc,cpu         ] GC(602) User=0.00s Sys=0.00s Real=0.00s
[2025-04-17T09:21:52.276+0000][80.276s][info][gc,start       ] GC(603) Pause Young (Allocation Failure)
[2025-04-17T09:21:52.277+0000][80.278s][info][gc,heap        ] GC(603) DefNew: 9209K(10176K)->112K(10176K) Eden: 9088K(9088K)->0K(9088K) From: 121K(1088K)->112K(1088K)
[2025-04-17T09:21:52.277+0000][80.278s][info][gc,heap        ] GC(603) Tenured: 15644K(22464K)->15646K(22464K)
[2025-04-17T09:21:52.277+0000][80.278s][info][gc,metaspace   ] GC(603) Metaspace: 37291K(37632K)->37291K(37632K) NonClass: 32867K(33024K)->32867K(33024K) Class: 4424K(4608K)->4424K(4608K)
[2025-04-17T09:21:52.277+0000][80.278s][info][gc             ] GC(603) Pause Young (Allocation Failure) 24M->15M(31M) 1.406ms
[2025-04-17T09:21:52.277+0000][80.278s][info][gc,cpu         ] GC(603) User=0.00s Sys=0.00s Real=0.00s
[2025-04-17T09:21:52.362+0000][80.363s][info][gc,start       ] GC(604) Pause Young (Allocation Failure)
[2025-04-17T09:21:52.364+0000][80.365s][info][gc,heap        ] GC(604) DefNew: 9200K(10176K)->103K(10176K) Eden: 9088K(9088K)->0K(9088K) From: 112K(1088K)->103K(1088K)
[2025-04-17T09:21:52.364+0000][80.365s][info][gc,heap        ] GC(604) Tenured: 15646K(22464K)->15646K(22464K)
[2025-04-17T09:21:52.364+0000][80.365s][info][gc,metaspace   ] GC(604) Metaspace: 37291K(37632K)->37291K(37632K) NonClass: 32867K(33024K)->32867K(33024K) Class: 4424K(4608K)->4424K(4608K)
[2025-04-17T09:21:52.364+0000][80.365s][info][gc             ] GC(604) Pause Young (Allocation Failure) 24M->15M(31M) 1.501ms
[2025-04-17T09:21:52.364+0000][80.365s][info][gc,cpu         ] GC(604) User=0.00s Sys=0.00s Real=0.00s
[2025-04-17T09:21:52.407+0000][80.408s][info][gc,start       ] GC(605) Pause Young (Allocation Failure)
[2025-04-17T09:21:52.409+0000][80.409s][info][gc,heap        ] GC(605) DefNew: 9191K(10176K)->131K(10176K) Eden: 9088K(9088K)->0K(9088K) From: 103K(1088K)->131K(1088K)
[2025-04-17T09:21:52.409+0000][80.409s][info][gc,heap        ] GC(605) Tenured: 15646K(22464K)->15646K(22464K)
[2025-04-17T09:21:52.409+0000][80.409s][info][gc,metaspace   ] GC(605) Metaspace: 37291K(37632K)->37291K(37632K) NonClass: 32867K(33024K)->32867K(33024K) Class: 4424K(4608K)->4424K(4608K)
[2025-04-17T09:21:52.409+0000][80.409s][info][gc             ] GC(605) Pause Young (Allocation Failure) 24M->15M(31M) 1.367ms
[2025-04-17T09:21:52.409+0000][80.409s][info][gc,cpu         ] GC(605) User=0.00s Sys=0.00s Real=0.00s
[2025-04-17T09:21:52.484+0000][80.485s][info][gc,start       ] GC(606) Pause Young (Allocation Failure)
[2025-04-17T09:21:52.485+0000][80.486s][info][gc,heap        ] GC(606) DefNew: 9219K(10176K)->106K(10176K) Eden: 9088K(9088K)->0K(9088K) From: 131K(1088K)->106K(1088K)
[2025-04-17T09:21:52.485+0000][80.486s][info][gc,heap        ] GC(606) Tenured: 15646K(22464K)->15646K(22464K)
[2025-04-17T09:21:52.485+0000][80.486s][info][gc,metaspace   ] GC(606) Metaspace: 37291K(37632K)->37291K(37632K) NonClass: 32867K(33024K)->32867K(33024K) Class: 4424K(4608K)->4424K(4608K)
[2025-04-17T09:21:52.485+0000][80.486s][info][gc             ] GC(606) Pause Young (Allocation Failure) 24M->15M(31M) 1.345ms
[2025-04-17T09:21:52.485+0000][80.486s][info][gc,cpu         ] GC(606) User=0.00s Sys=0.00s Real=0.00s
[2025-04-17T09:21:52.538+0000][80.539s][info][gc,start       ] GC(607) Pause Young (Allocation Failure)
[2025-04-17T09:21:52.540+0000][80.540s][info][gc,heap        ] GC(607) DefNew: 9194K(10176K)->106K(10176K) Eden: 9088K(9088K)->0K(9088K) From: 106K(1088K)->106K(1088K)
[2025-04-17T09:21:52.540+0000][80.540s][info][gc,heap        ] GC(607) Tenured: 15646K(22464K)->15647K(22464K)
[2025-04-17T09:21:52.540+0000][80.540s][info][gc,metaspace   ] GC(607) Metaspace: 37291K(37632K)->37291K(37632K) NonClass: 32867K(33024K)->32867K(33024K) Class: 4424K(4608K)->4424K(4608K)
[2025-04-17T09:21:52.540+0000][80.540s][info][gc             ] GC(607) Pause Young (Allocation Failure) 24M->15M(31M) 1.376ms
[2025-04-17T09:21:52.540+0000][80.540s][info][gc,cpu         ] GC(607) User=0.01s Sys=0.00s Real=0.00s
[2025-04-17T09:21:52.606+0000][80.607s][info][gc,start       ] GC(608) Pause Young (Allocation Failure)
[2025-04-17T09:21:52.608+0000][80.608s][info][gc,heap        ] GC(608) DefNew: 9194K(10176K)->110K(10176K) Eden: 9088K(9088K)->0K(9088K) From: 106K(1088K)->110K(1088K)
[2025-04-17T09:21:52.608+0000][80.608s][info][gc,heap        ] GC(608) Tenured: 15647K(22464K)->15648K(22464K)
[2025-04-17T09:21:52.608+0000][80.608s][info][gc,metaspace   ] GC(608) Metaspace: 37291K(37632K)->37291K(37632K) NonClass: 32867K(33024K)->32867K(33024K) Class: 4424K(4608K)->4424K(4608K)
[2025-04-17T09:21:52.608+0000][80.608s][info][gc             ] GC(608) Pause Young (Allocation Failure) 24M->15M(31M) 1.366ms
[2025-04-17T09:21:52.608+0000][80.608s][info][gc,cpu         ] GC(608) User=0.00s Sys=0.00s Real=0.00s
[2025-04-17T09:21:52.713+0000][80.713s][info][gc,start       ] GC(609) Pause Young (Allocation Failure)
[2025-04-17T09:21:52.714+0000][80.715s][info][gc,heap        ] GC(609) DefNew: 9198K(10176K)->132K(10176K) Eden: 9088K(9088K)->0K(9088K) From: 110K(1088K)->132K(1088K)
[2025-04-17T09:21:52.714+0000][80.715s][info][gc,heap        ] GC(609) Tenured: 15648K(22464K)->15648K(22464K)
[2025-04-17T09:21:52.714+0000][80.715s][info][gc,metaspace   ] GC(609) Metaspace: 37291K(37632K)->37291K(37632K) NonClass: 32867K(33024K)->32867K(33024K) Class: 4424K(4608K)->4424K(4608K)
[2025-04-17T09:21:52.714+0000][80.715s][info][gc             ] GC(609) Pause Young (Allocation Failure) 24M->15M(31M) 1.633ms
[2025-04-17T09:21:52.714+0000][80.715s][info][gc,cpu         ] GC(609) User=0.01s Sys=0.00s Real=0.01s
[2025-04-17T09:21:52.749+0000][80.750s][info][gc,start       ] GC(610) Pause Young (Allocation Failure)
[2025-04-17T09:21:52.750+0000][80.751s][info][gc,heap        ] GC(610) DefNew: 9220K(10176K)->149K(10176K) Eden: 9088K(9088K)->0K(9088K) From: 132K(1088K)->149K(1088K)
[2025-04-17T09:21:52.750+0000][80.751s][info][gc,heap        ] GC(610) Tenured: 15648K(22464K)->15648K(22464K)
[2025-04-17T09:21:52.750+0000][80.751s][info][gc,metaspace   ] GC(610) Metaspace: 37292K(37632K)->37292K(37632K) NonClass: 32868K(33024K)->32868K(33024K) Class: 4424K(4608K)->4424K(4608K)
[2025-04-17T09:21:52.751+0000][80.751s][info][gc             ] GC(610) Pause Young (Allocation Failure) 24M->15M(31M) 1.418ms
[2025-04-17T09:21:52.751+0000][80.751s][info][gc,cpu         ] GC(610) User=0.00s Sys=0.00s Real=0.00s
[2025-04-17T09:21:52.845+0000][80.846s][info][gc,start       ] GC(611) Pause Young (Allocation Failure)
[2025-04-17T09:21:52.847+0000][80.848s][info][gc,heap        ] GC(611) DefNew: 9237K(10176K)->347K(10176K) Eden: 9088K(9088K)->0K(9088K) From: 149K(1088K)->347K(1088K)
[2025-04-17T09:21:52.848+0000][80.848s][info][gc,heap        ] GC(611) Tenured: 15648K(22464K)->15648K(22464K)
[2025-04-17T09:21:52.848+0000][80.848s][info][gc,metaspace   ] GC(611) Metaspace: 37294K(37632K)->37294K(37632K) NonClass: 32868K(33024K)->32868K(33024K) Class: 4425K(4608K)->4425K(4608K)
[2025-04-17T09:21:52.848+0000][80.848s][info][gc             ] GC(611) Pause Young (Allocation Failure) 24M->15M(31M) 2.224ms
[2025-04-17T09:21:52.848+0000][80.848s][info][gc,cpu         ] GC(611) User=0.00s Sys=0.00s Real=0.00s
[2025-04-17T09:21:52.873+0000][80.874s][info][gc,start       ] GC(612) Pause Young (Allocation Failure)
[2025-04-17T09:21:52.875+0000][80.875s][info][gc,heap        ] GC(612) DefNew: 9435K(10176K)->558K(10176K) Eden: 9087K(9088K)->0K(9088K) From: 347K(1088K)->558K(1088K)
[2025-04-17T09:21:52.875+0000][80.875s][info][gc,heap        ] GC(612) Tenured: 15648K(22464K)->15667K(22464K)
[2025-04-17T09:21:52.875+0000][80.875s][info][gc,metaspace   ] GC(612) Metaspace: 37294K(37632K)->37294K(37632K) NonClass: 32868K(33024K)->32868K(33024K) Class: 4425K(4608K)->4425K(4608K)
[2025-04-17T09:21:52.875+0000][80.875s][info][gc             ] GC(612) Pause Young (Allocation Failure) 24M->15M(31M) 1.561ms
[2025-04-17T09:21:52.875+0000][80.875s][info][gc,cpu         ] GC(612) User=0.00s Sys=0.00s Real=0.01s
[2025-04-17T09:21:52.984+0000][80.985s][info][gc,start       ] GC(613) Pause Young (Allocation Failure)
[2025-04-17T09:21:52.986+0000][80.987s][info][gc,heap        ] GC(613) DefNew: 9646K(10176K)->558K(10176K) Eden: 9088K(9088K)->0K(9088K) From: 558K(1088K)->558K(1088K)
[2025-04-17T09:21:52.986+0000][80.987s][info][gc,heap        ] GC(613) Tenured: 15667K(22464K)->15704K(22464K)
[2025-04-17T09:21:52.986+0000][80.987s][info][gc,metaspace   ] GC(613) Metaspace: 37294K(37632K)->37294K(37632K) NonClass: 32868K(33024K)->32868K(33024K) Class: 4425K(4608K)->4425K(4608K)
[2025-04-17T09:21:52.986+0000][80.987s][info][gc             ] GC(613) Pause Young (Allocation Failure) 24M->15M(31M) 2.041ms
[2025-04-17T09:21:52.986+0000][80.987s][info][gc,cpu         ] GC(613) User=0.00s Sys=0.00s Real=0.00s
[2025-04-17T09:21:53.043+0000][81.044s][info][gc,start       ] GC(614) Pause Young (Allocation Failure)
[2025-04-17T09:21:53.048+0000][81.049s][info][gc,heap        ] GC(614) DefNew: 9646K(10176K)->952K(10176K) Eden: 9088K(9088K)->0K(9088K) From: 558K(1088K)->952K(1088K)
[2025-04-17T09:21:53.048+0000][81.049s][info][gc,heap        ] GC(614) Tenured: 15704K(22464K)->15766K(22464K)
[2025-04-17T09:21:53.048+0000][81.049s][info][gc,metaspace   ] GC(614) Metaspace: 37295K(37632K)->37295K(37632K) NonClass: 32869K(33024K)->32869K(33024K) Class: 4425K(4608K)->4425K(4608K)
[2025-04-17T09:21:53.048+0000][81.049s][info][gc             ] GC(614) Pause Young (Allocation Failure) 24M->16M(31M) 5.051ms
[2025-04-17T09:21:53.048+0000][81.049s][info][gc,cpu         ] GC(614) User=0.00s Sys=0.00s Real=0.01s
[2025-04-17T09:21:53.101+0000][81.102s][info][gc,start       ] GC(615) Pause Young (Allocation Failure)
[2025-04-17T09:21:53.103+0000][81.104s][info][gc,heap        ] GC(615) DefNew: 10040K(10176K)->121K(10176K) Eden: 9088K(9088K)->0K(9088K) From: 952K(1088K)->121K(1088K)
[2025-04-17T09:21:53.103+0000][81.104s][info][gc,heap        ] GC(615) Tenured: 15766K(22464K)->16639K(22464K)
[2025-04-17T09:21:53.103+0000][81.104s][info][gc,metaspace   ] GC(615) Metaspace: 37295K(37632K)->37295K(37632K) NonClass: 32869K(33024K)->32869K(33024K) Class: 4425K(4608K)->4425K(4608K)
[2025-04-17T09:21:53.103+0000][81.104s][info][gc             ] GC(615) Pause Young (Allocation Failure) 25M->16M(31M) 1.875ms
[2025-04-17T09:21:53.103+0000][81.104s][info][gc,cpu         ] GC(615) User=0.00s Sys=0.00s Real=0.00s
[2025-04-17T09:21:53.175+0000][81.176s][info][gc,start       ] GC(616) Pause Young (Allocation Failure)
[2025-04-17T09:21:53.176+0000][81.177s][info][gc,heap        ] GC(616) DefNew: 9209K(10176K)->77K(10176K) Eden: 9088K(9088K)->0K(9088K) From: 121K(1088K)->77K(1088K)
[2025-04-17T09:21:53.176+0000][81.177s][info][gc,heap        ] GC(616) Tenured: 16639K(22464K)->16639K(22464K)
[2025-04-17T09:21:53.176+0000][81.177s][info][gc,metaspace   ] GC(616) Metaspace: 37295K(37632K)->37295K(37632K) NonClass: 32869K(33024K)->32869K(33024K) Class: 4425K(4608K)->4425K(4608K)
[2025-04-17T09:21:53.177+0000][81.177s][info][gc             ] GC(616) Pause Young (Allocation Failure) 25M->16M(31M) 1.355ms
[2025-04-17T09:21:53.177+0000][81.177s][info][gc,cpu         ] GC(616) User=0.00s Sys=0.00s Real=0.00s
[2025-04-17T09:21:53.219+0000][81.219s][info][gc,start       ] GC(617) Pause Young (Allocation Failure)
[2025-04-17T09:21:53.220+0000][81.221s][info][gc,heap        ] GC(617) DefNew: 9165K(10176K)->142K(10176K) Eden: 9088K(9088K)->0K(9088K) From: 77K(1088K)->142K(1088K)
[2025-04-17T09:21:53.220+0000][81.221s][info][gc,heap        ] GC(617) Tenured: 16639K(22464K)->16639K(22464K)
[2025-04-17T09:21:53.220+0000][81.221s][info][gc,metaspace   ] GC(617) Metaspace: 37295K(37632K)->37295K(37632K) NonClass: 32869K(33024K)->32869K(33024K) Class: 4425K(4608K)->4425K(4608K)
[2025-04-17T09:21:53.220+0000][81.221s][info][gc             ] GC(617) Pause Young (Allocation Failure) 25M->16M(31M) 1.470ms
[2025-04-17T09:21:53.220+0000][81.221s][info][gc,cpu         ] GC(617) User=0.00s Sys=0.00s Real=0.00s
[2025-04-17T09:21:53.306+0000][81.306s][info][gc,start       ] GC(618) Pause Young (Allocation Failure)
[2025-04-17T09:21:53.307+0000][81.308s][info][gc,heap        ] GC(618) DefNew: 9230K(10176K)->107K(10176K) Eden: 9087K(9088K)->0K(9088K) From: 142K(1088K)->107K(1088K)
[2025-04-17T09:21:53.307+0000][81.308s][info][gc,heap        ] GC(618) Tenured: 16639K(22464K)->16639K(22464K)
[2025-04-17T09:21:53.307+0000][81.308s][info][gc,metaspace   ] GC(618) Metaspace: 37295K(37632K)->37295K(37632K) NonClass: 32869K(33024K)->32869K(33024K) Class: 4425K(4608K)->4425K(4608K)
[2025-04-17T09:21:53.307+0000][81.308s][info][gc             ] GC(618) Pause Young (Allocation Failure) 25M->16M(31M) 1.393ms
[2025-04-17T09:21:53.307+0000][81.308s][info][gc,cpu         ] GC(618) User=0.01s Sys=0.00s Real=0.00s
[2025-04-17T09:21:53.365+0000][81.365s][info][gc,start       ] GC(619) Pause Young (Allocation Failure)
[2025-04-17T09:21:53.366+0000][81.367s][info][gc,heap        ] GC(619) DefNew: 9195K(10176K)->101K(10176K) Eden: 9087K(9088K)->0K(9088K) From: 107K(1088K)->101K(1088K)
[2025-04-17T09:21:53.366+0000][81.367s][info][gc,heap        ] GC(619) Tenured: 16639K(22464K)->16639K(22464K)
[2025-04-17T09:21:53.366+0000][81.367s][info][gc,metaspace   ] GC(619) Metaspace: 37295K(37632K)->37295K(37632K) NonClass: 32869K(33024K)->32869K(33024K) Class: 4425K(4608K)->4425K(4608K)
[2025-04-17T09:21:53.366+0000][81.367s][info][gc             ] GC(619) Pause Young (Allocation Failure) 25M->16M(31M) 1.388ms
[2025-04-17T09:21:53.366+0000][81.367s][info][gc,cpu         ] GC(619) User=0.00s Sys=0.00s Real=0.00s
[2025-04-17T09:21:53.449+0000][81.450s][info][gc,start       ] GC(620) Pause Young (Allocation Failure)
[2025-04-17T09:21:53.450+0000][81.451s][info][gc,heap        ] GC(620) DefNew: 9189K(10176K)->99K(10176K) Eden: 9088K(9088K)->0K(9088K) From: 101K(1088K)->99K(1088K)
[2025-04-17T09:21:53.450+0000][81.451s][info][gc,heap        ] GC(620) Tenured: 16639K(22464K)->16639K(22464K)
[2025-04-17T09:21:53.450+0000][81.451s][info][gc,metaspace   ] GC(620) Metaspace: 37295K(37632K)->37295K(37632K) NonClass: 32869K(33024K)->32869K(33024K) Class: 4425K(4608K)->4425K(4608K)
[2025-04-17T09:21:53.450+0000][81.451s][info][gc             ] GC(620) Pause Young (Allocation Failure) 25M->16M(31M) 1.436ms
[2025-04-17T09:21:53.450+0000][81.451s][info][gc,cpu         ] GC(620) User=0.00s Sys=0.00s Real=0.00s
[2025-04-17T09:21:53.516+0000][81.516s][info][gc,start       ] GC(621) Pause Young (Allocation Failure)
[2025-04-17T09:21:53.517+0000][81.518s][info][gc,heap        ] GC(621) DefNew: 9187K(10176K)->118K(10176K) Eden: 9087K(9088K)->0K(9088K) From: 99K(1088K)->118K(1088K)
[2025-04-17T09:21:53.517+0000][81.518s][info][gc,heap        ] GC(621) Tenured: 16639K(22464K)->16639K(22464K)
[2025-04-17T09:21:53.517+0000][81.518s][info][gc,metaspace   ] GC(621) Metaspace: 37295K(37632K)->37295K(37632K) NonClass: 32869K(33024K)->32869K(33024K) Class: 4425K(4608K)->4425K(4608K)
[2025-04-17T09:21:53.517+0000][81.518s][info][gc             ] GC(621) Pause Young (Allocation Failure) 25M->16M(31M) 1.484ms
[2025-04-17T09:21:53.517+0000][81.518s][info][gc,cpu         ] GC(621) User=0.01s Sys=0.00s Real=0.00s
[2025-04-17T09:21:53.569+0000][81.570s][info][gc,start       ] GC(622) Pause Young (Allocation Failure)
[2025-04-17T09:21:53.570+0000][81.571s][info][gc,heap        ] GC(622) DefNew: 9206K(10176K)->176K(10176K) Eden: 9088K(9088K)->0K(9088K) From: 118K(1088K)->176K(1088K)
[2025-04-17T09:21:53.570+0000][81.571s][info][gc,heap        ] GC(622) Tenured: 16639K(22464K)->16639K(22464K)
[2025-04-17T09:21:53.570+0000][81.571s][info][gc,metaspace   ] GC(622) Metaspace: 37295K(37632K)->37295K(37632K) NonClass: 32869K(33024K)->32869K(33024K) Class: 4425K(4608K)->4425K(4608K)
[2025-04-17T09:21:53.571+0000][81.571s][info][gc             ] GC(622) Pause Young (Allocation Failure) 25M->16M(31M) 1.499ms
[2025-04-17T09:21:53.571+0000][81.571s][info][gc,cpu         ] GC(622) User=0.00s Sys=0.00s Real=0.00s
[2025-04-17T09:21:53.641+0000][81.641s][info][gc,start       ] GC(623) Pause Young (Allocation Failure)
[2025-04-17T09:21:53.642+0000][81.643s][info][gc,heap        ] GC(623) DefNew: 9263K(10176K)->115K(10176K) Eden: 9087K(9088K)->0K(9088K) From: 176K(1088K)->115K(1088K)
[2025-04-17T09:21:53.642+0000][81.643s][info][gc,heap        ] GC(623) Tenured: 16639K(22464K)->16639K(22464K)
[2025-04-17T09:21:53.642+0000][81.643s][info][gc,metaspace   ] GC(623) Metaspace: 37295K(37632K)->37295K(37632K) NonClass: 32869K(33024K)->32869K(33024K) Class: 4425K(4608K)->4425K(4608K)
[2025-04-17T09:21:53.642+0000][81.643s][info][gc             ] GC(623) Pause Young (Allocation Failure) 25M->16M(31M) 1.383ms
[2025-04-17T09:21:53.642+0000][81.643s][info][gc,cpu         ] GC(623) User=0.00s Sys=0.00s Real=0.00s
[2025-04-17T09:21:53.697+0000][81.698s][info][gc,start       ] GC(624) Pause Young (Allocation Failure)
[2025-04-17T09:21:53.699+0000][81.699s][info][gc,heap        ] GC(624) DefNew: 9203K(10176K)->150K(10176K) Eden: 9088K(9088K)->0K(9088K) From: 115K(1088K)->150K(1088K)
[2025-04-17T09:21:53.699+0000][81.700s][info][gc,heap        ] GC(624) Tenured: 16639K(22464K)->16639K(22464K)
[2025-04-17T09:21:53.699+0000][81.700s][info][gc,metaspace   ] GC(624) Metaspace: 37295K(37632K)->37295K(37632K) NonClass: 32869K(33024K)->32869K(33024K) Class: 4425K(4608K)->4425K(4608K)
[2025-04-17T09:21:53.699+0000][81.700s][info][gc             ] GC(624) Pause Young (Allocation Failure) 25M->16M(31M) 1.561ms
[2025-04-17T09:21:53.699+0000][81.700s][info][gc,cpu         ] GC(624) User=0.00s Sys=0.00s Real=0.00s
[2025-04-17T09:21:53.781+0000][81.782s][info][gc,start       ] GC(625) Pause Young (Allocation Failure)
[2025-04-17T09:21:53.782+0000][81.783s][info][gc,heap        ] GC(625) DefNew: 9238K(10176K)->96K(10176K) Eden: 9088K(9088K)->0K(9088K) From: 150K(1088K)->96K(1088K)
[2025-04-17T09:21:53.782+0000][81.783s][info][gc,heap        ] GC(625) Tenured: 16639K(22464K)->16639K(22464K)
[2025-04-17T09:21:53.782+0000][81.783s][info][gc,metaspace   ] GC(625) Metaspace: 37295K(37632K)->37295K(37632K) NonClass: 32869K(33024K)->32869K(33024K) Class: 4425K(4608K)->4425K(4608K)
[2025-04-17T09:21:53.782+0000][81.783s][info][gc             ] GC(625) Pause Young (Allocation Failure) 25M->16M(31M) 1.344ms
[2025-04-17T09:21:53.782+0000][81.783s][info][gc,cpu         ] GC(625) User=0.00s Sys=0.00s Real=0.00s
[2025-04-17T09:21:53.841+0000][81.842s][info][gc,start       ] GC(626) Pause Young (Allocation Failure)
[2025-04-17T09:21:53.842+0000][81.843s][info][gc,heap        ] GC(626) DefNew: 9184K(10176K)->101K(10176K) Eden: 9088K(9088K)->0K(9088K) From: 96K(1088K)->101K(1088K)
[2025-04-17T09:21:53.842+0000][81.843s][info][gc,heap        ] GC(626) Tenured: 16639K(22464K)->16639K(22464K)
[2025-04-17T09:21:53.842+0000][81.843s][info][gc,metaspace   ] GC(626) Metaspace: 37295K(37632K)->37295K(37632K) NonClass: 32869K(33024K)->32869K(33024K) Class: 4425K(4608K)->4425K(4608K)
[2025-04-17T09:21:53.842+0000][81.843s][info][gc             ] GC(626) Pause Young (Allocation Failure) 25M->16M(31M) 1.371ms
[2025-04-17T09:21:53.842+0000][81.843s][info][gc,cpu         ] GC(626) User=0.00s Sys=0.00s Real=0.00s
[2025-04-17T09:21:53.932+0000][81.932s][info][gc,start       ] GC(627) Pause Young (Allocation Failure)
[2025-04-17T09:21:53.933+0000][81.934s][info][gc,heap        ] GC(627) DefNew: 9189K(10176K)->117K(10176K) Eden: 9088K(9088K)->0K(9088K) From: 101K(1088K)->117K(1088K)
[2025-04-17T09:21:53.933+0000][81.934s][info][gc,heap        ] GC(627) Tenured: 16639K(22464K)->16639K(22464K)
[2025-04-17T09:21:53.933+0000][81.934s][info][gc,metaspace   ] GC(627) Metaspace: 37295K(37632K)->37295K(37632K) NonClass: 32869K(33024K)->32869K(33024K) Class: 4425K(4608K)->4425K(4608K)
[2025-04-17T09:21:53.933+0000][81.934s][info][gc             ] GC(627) Pause Young (Allocation Failure) 25M->16M(31M) 1.527ms
[2025-04-17T09:21:53.933+0000][81.934s][info][gc,cpu         ] GC(627) User=0.00s Sys=0.00s Real=0.00s
[2025-04-17T09:21:53.972+0000][81.972s][info][gc,start       ] GC(628) Pause Young (Allocation Failure)
[2025-04-17T09:21:53.973+0000][81.974s][info][gc,heap        ] GC(628) DefNew: 9205K(10176K)->203K(10176K) Eden: 9088K(9088K)->0K(9088K) From: 117K(1088K)->203K(1088K)
[2025-04-17T09:21:53.973+0000][81.974s][info][gc,heap        ] GC(628) Tenured: 16639K(22464K)->16639K(22464K)
[2025-04-17T09:21:53.973+0000][81.974s][info][gc,metaspace   ] GC(628) Metaspace: 37295K(37632K)->37295K(37632K) NonClass: 32869K(33024K)->32869K(33024K) Class: 4425K(4608K)->4425K(4608K)
[2025-04-17T09:21:53.973+0000][81.974s][info][gc             ] GC(628) Pause Young (Allocation Failure) 25M->16M(31M) 1.527ms
[2025-04-17T09:21:53.973+0000][81.974s][info][gc,cpu         ] GC(628) User=0.00s Sys=0.00s Real=0.00s
[2025-04-17T09:21:54.047+0000][82.047s][info][gc,start       ] GC(629) Pause Young (Allocation Failure)
[2025-04-17T09:21:54.048+0000][82.049s][info][gc,heap        ] GC(629) DefNew: 9291K(10176K)->101K(10176K) Eden: 9088K(9088K)->0K(9088K) From: 203K(1088K)->101K(1088K)
[2025-04-17T09:21:54.048+0000][82.049s][info][gc,heap        ] GC(629) Tenured: 16639K(22464K)->16639K(22464K)
[2025-04-17T09:21:54.048+0000][82.049s][info][gc,metaspace   ] GC(629) Metaspace: 37295K(37632K)->37295K(37632K) NonClass: 32869K(33024K)->32869K(33024K) Class: 4425K(4608K)->4425K(4608K)
[2025-04-17T09:21:54.048+0000][82.049s][info][gc             ] GC(629) Pause Young (Allocation Failure) 25M->16M(31M) 1.425ms
[2025-04-17T09:21:54.048+0000][82.049s][info][gc,cpu         ] GC(629) User=0.00s Sys=0.00s Real=0.00s
[2025-04-17T09:21:54.092+0000][82.092s][info][gc,start       ] GC(630) Pause Young (Allocation Failure)
[2025-04-17T09:21:54.093+0000][82.094s][info][gc,heap        ] GC(630) DefNew: 9189K(10176K)->116K(10176K) Eden: 9087K(9088K)->0K(9088K) From: 101K(1088K)->116K(1088K)
[2025-04-17T09:21:54.093+0000][82.094s][info][gc,heap        ] GC(630) Tenured: 16639K(22464K)->16641K(22464K)
[2025-04-17T09:21:54.093+0000][82.094s][info][gc,metaspace   ] GC(630) Metaspace: 37295K(37632K)->37295K(37632K) NonClass: 32869K(33024K)->32869K(33024K) Class: 4425K(4608K)->4425K(4608K)
[2025-04-17T09:21:54.093+0000][82.094s][info][gc             ] GC(630) Pause Young (Allocation Failure) 25M->16M(31M) 1.342ms
[2025-04-17T09:21:54.093+0000][82.094s][info][gc,cpu         ] GC(630) User=0.00s Sys=0.00s Real=0.00s
[2025-04-17T09:21:54.184+0000][82.184s][info][gc,start       ] GC(631) Pause Young (Allocation Failure)
[2025-04-17T09:21:54.185+0000][82.186s][info][gc,heap        ] GC(631) DefNew: 9198K(10176K)->87K(10176K) Eden: 9081K(9088K)->0K(9088K) From: 116K(1088K)->87K(1088K)
[2025-04-17T09:21:54.185+0000][82.186s][info][gc,heap        ] GC(631) Tenured: 16641K(22464K)->16641K(22464K)
[2025-04-17T09:21:54.185+0000][82.186s][info][gc,metaspace   ] GC(631) Metaspace: 37295K(37632K)->37295K(37632K) NonClass: 32869K(33024K)->32869K(33024K) Class: 4425K(4608K)->4425K(4608K)
[2025-04-17T09:21:54.185+0000][82.186s][info][gc             ] GC(631) Pause Young (Allocation Failure) 25M->16M(31M) 1.388ms
[2025-04-17T09:21:54.185+0000][82.186s][info][gc,cpu         ] GC(631) User=0.00s Sys=0.00s Real=0.01s
[2025-04-17T09:21:54.251+0000][82.252s][info][gc,start       ] GC(632) Pause Young (Allocation Failure)
[2025-04-17T09:21:54.253+0000][82.253s][info][gc,heap        ] GC(632) DefNew: 9175K(10176K)->88K(10176K) Eden: 9087K(9088K)->0K(9088K) From: 87K(1088K)->88K(1088K)
[2025-04-17T09:21:54.253+0000][82.253s][info][gc,heap        ] GC(632) Tenured: 16641K(22464K)->16659K(22464K)
[2025-04-17T09:21:54.253+0000][82.253s][info][gc,metaspace   ] GC(632) Metaspace: 37295K(37632K)->37295K(37632K) NonClass: 32869K(33024K)->32869K(33024K) Class: 4425K(4608K)->4425K(4608K)
[2025-04-17T09:21:54.253+0000][82.253s][info][gc             ] GC(632) Pause Young (Allocation Failure) 25M->16M(31M) 1.394ms
[2025-04-17T09:21:54.253+0000][82.254s][info][gc,cpu         ] GC(632) User=0.00s Sys=0.00s Real=0.00s
[2025-04-17T09:21:54.298+0000][82.298s][info][gc,start       ] GC(633) Pause Young (Allocation Failure)
[2025-04-17T09:21:54.299+0000][82.300s][info][gc,heap        ] GC(633) DefNew: 9176K(10176K)->81K(10176K) Eden: 9088K(9088K)->0K(9088K) From: 88K(1088K)->81K(1088K)
[2025-04-17T09:21:54.299+0000][82.300s][info][gc,heap        ] GC(633) Tenured: 16659K(22464K)->16659K(22464K)
[2025-04-17T09:21:54.299+0000][82.300s][info][gc,metaspace   ] GC(633) Metaspace: 37295K(37632K)->37295K(37632K) NonClass: 32869K(33024K)->32869K(33024K) Class: 4425K(4608K)->4425K(4608K)
[2025-04-17T09:21:54.299+0000][82.300s][info][gc             ] GC(633) Pause Young (Allocation Failure) 25M->16M(31M) 1.367ms
[2025-04-17T09:21:54.299+0000][82.300s][info][gc,cpu         ] GC(633) User=0.00s Sys=0.00s Real=0.00s
[2025-04-17T09:21:54.379+0000][82.379s][info][gc,start       ] GC(634) Pause Young (Allocation Failure)
[2025-04-17T09:21:54.381+0000][82.382s][info][gc,heap        ] GC(634) DefNew: 9169K(10176K)->95K(10176K) Eden: 9088K(9088K)->0K(9088K) From: 81K(1088K)->95K(1088K)
[2025-04-17T09:21:54.381+0000][82.382s][info][gc,heap        ] GC(634) Tenured: 16659K(22464K)->16660K(22464K)
[2025-04-17T09:21:54.381+0000][82.382s][info][gc,metaspace   ] GC(634) Metaspace: 37295K(37632K)->37295K(37632K) NonClass: 32869K(33024K)->32869K(33024K) Class: 4425K(4608K)->4425K(4608K)
[2025-04-17T09:21:54.381+0000][82.382s][info][gc             ] GC(634) Pause Young (Allocation Failure) 25M->16M(31M) 2.494ms
[2025-04-17T09:21:54.381+0000][82.382s][info][gc,cpu         ] GC(634) User=0.01s Sys=0.00s Real=0.00s
[2025-04-17T09:21:54.421+0000][82.422s][info][gc,start       ] GC(635) Pause Young (Allocation Failure)
[2025-04-17T09:21:54.423+0000][82.423s][info][gc,heap        ] GC(635) DefNew: 9183K(10176K)->113K(10176K) Eden: 9088K(9088K)->0K(9088K) From: 95K(1088K)->113K(1088K)
[2025-04-17T09:21:54.423+0000][82.423s][info][gc,heap        ] GC(635) Tenured: 16660K(22464K)->16660K(22464K)
[2025-04-17T09:21:54.423+0000][82.423s][info][gc,metaspace   ] GC(635) Metaspace: 37295K(37632K)->37295K(37632K) NonClass: 32869K(33024K)->32869K(33024K) Class: 4425K(4608K)->4425K(4608K)
[2025-04-17T09:21:54.423+0000][82.423s][info][gc             ] GC(635) Pause Young (Allocation Failure) 25M->16M(31M) 1.370ms
[2025-04-17T09:21:54.423+0000][82.423s][info][gc,cpu         ] GC(635) User=0.00s Sys=0.00s Real=0.00s
[2025-04-17T09:21:54.497+0000][82.497s][info][gc,start       ] GC(636) Pause Young (Allocation Failure)
[2025-04-17T09:21:54.498+0000][82.499s][info][gc,heap        ] GC(636) DefNew: 9201K(10176K)->113K(10176K) Eden: 9088K(9088K)->0K(9088K) From: 113K(1088K)->113K(1088K)
[2025-04-17T09:21:54.498+0000][82.499s][info][gc,heap        ] GC(636) Tenured: 16660K(22464K)->16662K(22464K)
[2025-04-17T09:21:54.498+0000][82.499s][info][gc,metaspace   ] GC(636) Metaspace: 37295K(37632K)->37295K(37632K) NonClass: 32869K(33024K)->32869K(33024K) Class: 4425K(4608K)->4425K(4608K)
[2025-04-17T09:21:54.498+0000][82.499s][info][gc             ] GC(636) Pause Young (Allocation Failure) 25M->16M(31M) 1.357ms
[2025-04-17T09:21:54.498+0000][82.499s][info][gc,cpu         ] GC(636) User=0.00s Sys=0.00s Real=0.00s
[2025-04-17T09:21:54.540+0000][82.541s][info][gc,start       ] GC(637) Pause Young (Allocation Failure)
[2025-04-17T09:21:54.541+0000][82.542s][info][gc,heap        ] GC(637) DefNew: 9201K(10176K)->81K(10176K) Eden: 9088K(9088K)->0K(9088K) From: 113K(1088K)->81K(1088K)
[2025-04-17T09:21:54.541+0000][82.542s][info][gc,heap        ] GC(637) Tenured: 16662K(22464K)->16665K(22464K)
[2025-04-17T09:21:54.541+0000][82.542s][info][gc,metaspace   ] GC(637) Metaspace: 37295K(37632K)->37295K(37632K) NonClass: 32869K(33024K)->32869K(33024K) Class: 4425K(4608K)->4425K(4608K)
[2025-04-17T09:21:54.541+0000][82.542s][info][gc             ] GC(637) Pause Young (Allocation Failure) 25M->16M(31M) 1.288ms
[2025-04-17T09:21:54.541+0000][82.542s][info][gc,cpu         ] GC(637) User=0.01s Sys=0.00s Real=0.00s
[2025-04-17T09:21:54.614+0000][82.615s][info][gc,start       ] GC(638) Pause Young (Allocation Failure)
[2025-04-17T09:21:54.616+0000][82.616s][info][gc,heap        ] GC(638) DefNew: 9169K(10176K)->122K(10176K) Eden: 9088K(9088K)->0K(9088K) From: 81K(1088K)->122K(1088K)
[2025-04-17T09:21:54.616+0000][82.616s][info][gc,heap        ] GC(638) Tenured: 16665K(22464K)->16665K(22464K)
[2025-04-17T09:21:54.616+0000][82.616s][info][gc,metaspace   ] GC(638) Metaspace: 37295K(37632K)->37295K(37632K) NonClass: 32869K(33024K)->32869K(33024K) Class: 4425K(4608K)->4425K(4608K)
[2025-04-17T09:21:54.616+0000][82.616s][info][gc             ] GC(638) Pause Young (Allocation Failure) 25M->16M(31M) 1.443ms
[2025-04-17T09:21:54.616+0000][82.616s][info][gc,cpu         ] GC(638) User=0.00s Sys=0.00s Real=0.00s
[2025-04-17T09:21:54.703+0000][82.704s][info][gc,start       ] GC(639) Pause Young (Allocation Failure)
[2025-04-17T09:21:54.705+0000][82.706s][info][gc,heap        ] GC(639) DefNew: 9210K(10176K)->89K(10176K) Eden: 9087K(9088K)->0K(9088K) From: 122K(1088K)->89K(1088K)
[2025-04-17T09:21:54.705+0000][82.706s][info][gc,heap        ] GC(639) Tenured: 16665K(22464K)->16665K(22464K)
[2025-04-17T09:21:54.705+0000][82.706s][info][gc,metaspace   ] GC(639) Metaspace: 37295K(37632K)->37295K(37632K) NonClass: 32869K(33024K)->32869K(33024K) Class: 4425K(4608K)->4425K(4608K)
[2025-04-17T09:21:54.705+0000][82.706s][info][gc             ] GC(639) Pause Young (Allocation Failure) 25M->16M(31M) 1.996ms
[2025-04-17T09:21:54.705+0000][82.706s][info][gc,cpu         ] GC(639) User=0.01s Sys=0.00s Real=0.01s
[2025-04-17T09:21:54.748+0000][82.749s][info][gc,start       ] GC(640) Pause Young (Allocation Failure)
[2025-04-17T09:21:54.750+0000][82.750s][info][gc,heap        ] GC(640) DefNew: 9177K(10176K)->114K(10176K) Eden: 9088K(9088K)->0K(9088K) From: 89K(1088K)->114K(1088K)
[2025-04-17T09:21:54.750+0000][82.750s][info][gc,heap        ] GC(640) Tenured: 16665K(22464K)->16665K(22464K)
[2025-04-17T09:21:54.750+0000][82.750s][info][gc,metaspace   ] GC(640) Metaspace: 37295K(37632K)->37295K(37632K) NonClass: 32869K(33024K)->32869K(33024K) Class: 4425K(4608K)->4425K(4608K)
[2025-04-17T09:21:54.750+0000][82.750s][info][gc             ] GC(640) Pause Young (Allocation Failure) 25M->16M(31M) 1.356ms
[2025-04-17T09:21:54.750+0000][82.750s][info][gc,cpu         ] GC(640) User=0.01s Sys=0.00s Real=0.00s
[2025-04-17T09:21:54.823+0000][82.824s][info][gc,start       ] GC(641) Pause Young (Allocation Failure)
[2025-04-17T09:21:54.824+0000][82.825s][info][gc,heap        ] GC(641) DefNew: 9202K(10176K)->103K(10176K) Eden: 9088K(9088K)->0K(9088K) From: 114K(1088K)->103K(1088K)
[2025-04-17T09:21:54.824+0000][82.825s][info][gc,heap        ] GC(641) Tenured: 16665K(22464K)->16665K(22464K)
[2025-04-17T09:21:54.825+0000][82.825s][info][gc,metaspace   ] GC(641) Metaspace: 37295K(37632K)->37295K(37632K) NonClass: 32869K(33024K)->32869K(33024K) Class: 4425K(4608K)->4425K(4608K)
[2025-04-17T09:21:54.825+0000][82.825s][info][gc             ] GC(641) Pause Young (Allocation Failure) 25M->16M(31M) 1.386ms
[2025-04-17T09:21:54.825+0000][82.825s][info][gc,cpu         ] GC(641) User=0.00s Sys=0.00s Real=0.01s
[2025-04-17T09:21:54.875+0000][82.875s][info][gc,start       ] GC(642) Pause Young (Allocation Failure)
[2025-04-17T09:21:54.876+0000][82.876s][info][gc,heap        ] GC(642) DefNew: 9191K(10176K)->114K(10176K) Eden: 9087K(9088K)->0K(9088K) From: 103K(1088K)->114K(1088K)
[2025-04-17T09:21:54.876+0000][82.877s][info][gc,heap        ] GC(642) Tenured: 16665K(22464K)->16667K(22464K)
[2025-04-17T09:21:54.876+0000][82.877s][info][gc,metaspace   ] GC(642) Metaspace: 37295K(37632K)->37295K(37632K) NonClass: 32869K(33024K)->32869K(33024K) Class: 4425K(4608K)->4425K(4608K)
[2025-04-17T09:21:54.876+0000][82.877s][info][gc             ] GC(642) Pause Young (Allocation Failure) 25M->16M(31M) 1.288ms
[2025-04-17T09:21:54.876+0000][82.877s][info][gc,cpu         ] GC(642) User=0.00s Sys=0.00s Real=0.00s
[2025-04-17T09:21:54.942+0000][82.943s][info][gc,start       ] GC(643) Pause Young (Allocation Failure)
[2025-04-17T09:21:54.944+0000][82.944s][info][gc,heap        ] GC(643) DefNew: 9202K(10176K)->130K(10176K) Eden: 9088K(9088K)->0K(9088K) From: 114K(1088K)->130K(1088K)
[2025-04-17T09:21:54.944+0000][82.944s][info][gc,heap        ] GC(643) Tenured: 16667K(22464K)->16667K(22464K)
[2025-04-17T09:21:54.944+0000][82.944s][info][gc,metaspace   ] GC(643) Metaspace: 37295K(37632K)->37295K(37632K) NonClass: 32869K(33024K)->32869K(33024K) Class: 4425K(4608K)->4425K(4608K)
[2025-04-17T09:21:54.944+0000][82.944s][info][gc             ] GC(643) Pause Young (Allocation Failure) 25M->16M(31M) 1.404ms
[2025-04-17T09:21:54.944+0000][82.944s][info][gc,cpu         ] GC(643) User=0.01s Sys=0.00s Real=0.00s
[2025-04-17T09:21:55.000+0000][83.001s][info][gc,start       ] GC(644) Pause Young (Allocation Failure)
[2025-04-17T09:21:55.001+0000][83.002s][info][gc,heap        ] GC(644) DefNew: 9218K(10176K)->105K(10176K) Eden: 9088K(9088K)->0K(9088K) From: 130K(1088K)->105K(1088K)
[2025-04-17T09:21:55.001+0000][83.002s][info][gc,heap        ] GC(644) Tenured: 16667K(22464K)->16667K(22464K)
[2025-04-17T09:21:55.001+0000][83.002s][info][gc,metaspace   ] GC(644) Metaspace: 37295K(37632K)->37295K(37632K) NonClass: 32869K(33024K)->32869K(33024K) Class: 4425K(4608K)->4425K(4608K)
[2025-04-17T09:21:55.001+0000][83.002s][info][gc             ] GC(644) Pause Young (Allocation Failure) 25M->16M(31M) 1.370ms
[2025-04-17T09:21:55.001+0000][83.002s][info][gc,cpu         ] GC(644) User=0.00s Sys=0.00s Real=0.00s
[2025-04-17T09:21:55.086+0000][83.086s][info][gc,start       ] GC(645) Pause Young (Allocation Failure)
[2025-04-17T09:21:55.087+0000][83.088s][info][gc,heap        ] GC(645) DefNew: 9193K(10176K)->119K(10176K) Eden: 9088K(9088K)->0K(9088K) From: 105K(1088K)->119K(1088K)
[2025-04-17T09:21:55.087+0000][83.088s][info][gc,heap        ] GC(645) Tenured: 16667K(22464K)->16667K(22464K)
[2025-04-17T09:21:55.087+0000][83.088s][info][gc,metaspace   ] GC(645) Metaspace: 37295K(37632K)->37295K(37632K) NonClass: 32869K(33024K)->32869K(33024K) Class: 4425K(4608K)->4425K(4608K)
[2025-04-17T09:21:55.087+0000][83.088s][info][gc             ] GC(645) Pause Young (Allocation Failure) 25M->16M(31M) 1.639ms
[2025-04-17T09:21:55.087+0000][83.088s][info][gc,cpu         ] GC(645) User=0.00s Sys=0.00s Real=0.00s
[2025-04-17T09:21:55.148+0000][83.149s][info][gc,start       ] GC(646) Pause Young (Allocation Failure)
[2025-04-17T09:21:55.150+0000][83.150s][info][gc,heap        ] GC(646) DefNew: 9203K(10176K)->104K(10176K) Eden: 9083K(9088K)->0K(9088K) From: 119K(1088K)->104K(1088K)
[2025-04-17T09:21:55.150+0000][83.150s][info][gc,heap        ] GC(646) Tenured: 16667K(22464K)->16667K(22464K)
[2025-04-17T09:21:55.150+0000][83.150s][info][gc,metaspace   ] GC(646) Metaspace: 37295K(37632K)->37295K(37632K) NonClass: 32869K(33024K)->32869K(33024K) Class: 4425K(4608K)->4425K(4608K)
[2025-04-17T09:21:55.150+0000][83.150s][info][gc             ] GC(646) Pause Young (Allocation Failure) 25M->16M(31M) 1.406ms
[2025-04-17T09:21:55.150+0000][83.150s][info][gc,cpu         ] GC(646) User=0.00s Sys=0.00s Real=0.00s
[2025-04-17T09:21:55.214+0000][83.214s][info][gc,start       ] GC(647) Pause Young (Allocation Failure)
[2025-04-17T09:21:55.215+0000][83.216s][info][gc,heap        ] GC(647) DefNew: 9192K(10176K)->163K(10176K) Eden: 9088K(9088K)->0K(9088K) From: 104K(1088K)->163K(1088K)
[2025-04-17T09:21:55.215+0000][83.216s][info][gc,heap        ] GC(647) Tenured: 16667K(22464K)->16667K(22464K)
[2025-04-17T09:21:55.215+0000][83.216s][info][gc,metaspace   ] GC(647) Metaspace: 37295K(37632K)->37295K(37632K) NonClass: 32869K(33024K)->32869K(33024K) Class: 4425K(4608K)->4425K(4608K)
[2025-04-17T09:21:55.215+0000][83.216s][info][gc             ] GC(647) Pause Young (Allocation Failure) 25M->16M(31M) 1.442ms
[2025-04-17T09:21:55.215+0000][83.216s][info][gc,cpu         ] GC(647) User=0.01s Sys=0.00s Real=0.01s
[2025-04-17T09:21:55.288+0000][83.289s][info][gc,start       ] GC(648) Pause Young (Allocation Failure)
[2025-04-17T09:21:55.290+0000][83.291s][info][gc,heap        ] GC(648) DefNew: 9251K(10176K)->130K(10176K) Eden: 9087K(9088K)->0K(9088K) From: 163K(1088K)->130K(1088K)
[2025-04-17T09:21:55.290+0000][83.291s][info][gc,heap        ] GC(648) Tenured: 16667K(22464K)->16670K(22464K)
[2025-04-17T09:21:55.290+0000][83.291s][info][gc,metaspace   ] GC(648) Metaspace: 37295K(37632K)->37295K(37632K) NonClass: 32869K(33024K)->32869K(33024K) Class: 4425K(4608K)->4425K(4608K)
[2025-04-17T09:21:55.290+0000][83.291s][info][gc             ] GC(648) Pause Young (Allocation Failure) 25M->16M(31M) 1.548ms
[2025-04-17T09:21:55.290+0000][83.291s][info][gc,cpu         ] GC(648) User=0.00s Sys=0.00s Real=0.00s
[2025-04-17T09:21:55.333+0000][83.333s][info][gc,start       ] GC(649) Pause Young (Allocation Failure)
[2025-04-17T09:21:55.334+0000][83.335s][info][gc,heap        ] GC(649) DefNew: 9218K(10176K)->153K(10176K) Eden: 9088K(9088K)->0K(9088K) From: 130K(1088K)->153K(1088K)
[2025-04-17T09:21:55.334+0000][83.335s][info][gc,heap        ] GC(649) Tenured: 16670K(22464K)->16671K(22464K)
[2025-04-17T09:21:55.334+0000][83.335s][info][gc,metaspace   ] GC(649) Metaspace: 37295K(37632K)->37295K(37632K) NonClass: 32869K(33024K)->32869K(33024K) Class: 4425K(4608K)->4425K(4608K)
[2025-04-17T09:21:55.334+0000][83.335s][info][gc             ] GC(649) Pause Young (Allocation Failure) 25M->16M(31M) 1.603ms
[2025-04-17T09:21:55.334+0000][83.335s][info][gc,cpu         ] GC(649) User=0.00s Sys=0.00s Real=0.01s
[2025-04-17T09:21:55.421+0000][83.422s][info][gc,start       ] GC(650) Pause Young (Allocation Failure)
[2025-04-17T09:21:55.422+0000][83.423s][info][gc,heap        ] GC(650) DefNew: 9241K(10176K)->101K(10176K) Eden: 9088K(9088K)->0K(9088K) From: 153K(1088K)->101K(1088K)
[2025-04-17T09:21:55.422+0000][83.423s][info][gc,heap        ] GC(650) Tenured: 16671K(22464K)->16671K(22464K)
[2025-04-17T09:21:55.422+0000][83.423s][info][gc,metaspace   ] GC(650) Metaspace: 37295K(37632K)->37295K(37632K) NonClass: 32869K(33024K)->32869K(33024K) Class: 4425K(4608K)->4425K(4608K)
[2025-04-17T09:21:55.422+0000][83.423s][info][gc             ] GC(650) Pause Young (Allocation Failure) 25M->16M(31M) 1.416ms
[2025-04-17T09:21:55.422+0000][83.423s][info][gc,cpu         ] GC(650) User=0.00s Sys=0.00s Real=0.00s
[2025-04-17T09:21:55.474+0000][83.475s][info][gc,start       ] GC(651) Pause Young (Allocation Failure)
[2025-04-17T09:21:55.475+0000][83.476s][info][gc,heap        ] GC(651) DefNew: 9189K(10176K)->99K(10176K) Eden: 9087K(9088K)->0K(9088K) From: 101K(1088K)->99K(1088K)
[2025-04-17T09:21:55.475+0000][83.476s][info][gc,heap        ] GC(651) Tenured: 16671K(22464K)->16672K(22464K)
[2025-04-17T09:21:55.475+0000][83.476s][info][gc,metaspace   ] GC(651) Metaspace: 37295K(37632K)->37295K(37632K) NonClass: 32870K(33024K)->32870K(33024K) Class: 4425K(4608K)->4425K(4608K)
[2025-04-17T09:21:55.475+0000][83.476s][info][gc             ] GC(651) Pause Young (Allocation Failure) 25M->16M(31M) 1.330ms
[2025-04-17T09:21:55.475+0000][83.476s][info][gc,cpu         ] GC(651) User=0.00s Sys=0.01s Real=0.01s
[2025-04-17T09:21:55.544+0000][83.545s][info][gc,start       ] GC(652) Pause Young (Allocation Failure)
[2025-04-17T09:21:55.546+0000][83.546s][info][gc,heap        ] GC(652) DefNew: 9187K(10176K)->136K(10176K) Eden: 9088K(9088K)->0K(9088K) From: 99K(1088K)->136K(1088K)
[2025-04-17T09:21:55.546+0000][83.546s][info][gc,heap        ] GC(652) Tenured: 16672K(22464K)->16672K(22464K)
[2025-04-17T09:21:55.546+0000][83.547s][info][gc,metaspace   ] GC(652) Metaspace: 37295K(37632K)->37295K(37632K) NonClass: 32870K(33024K)->32870K(33024K) Class: 4425K(4608K)->4425K(4608K)
[2025-04-17T09:21:55.546+0000][83.547s][info][gc             ] GC(652) Pause Young (Allocation Failure) 25M->16M(31M) 1.546ms
[2025-04-17T09:21:55.546+0000][83.547s][info][gc,cpu         ] GC(652) User=0.00s Sys=0.00s Real=0.00s
[2025-04-17T09:21:55.598+0000][83.599s][info][gc,start       ] GC(653) Pause Young (Allocation Failure)
[2025-04-17T09:21:55.599+0000][83.600s][info][gc,heap        ] GC(653) DefNew: 9224K(10176K)->129K(10176K) Eden: 9088K(9088K)->0K(9088K) From: 136K(1088K)->129K(1088K)
[2025-04-17T09:21:55.599+0000][83.600s][info][gc,heap        ] GC(653) Tenured: 16672K(22464K)->16672K(22464K)
[2025-04-17T09:21:55.599+0000][83.600s][info][gc,metaspace   ] GC(653) Metaspace: 37295K(37632K)->37295K(37632K) NonClass: 32870K(33024K)->32870K(33024K) Class: 4425K(4608K)->4425K(4608K)
[2025-04-17T09:21:55.600+0000][83.600s][info][gc             ] GC(653) Pause Young (Allocation Failure) 25M->16M(31M) 1.334ms
[2025-04-17T09:21:55.600+0000][83.600s][info][gc,cpu         ] GC(653) User=0.00s Sys=0.00s Real=0.00s
[2025-04-17T09:21:55.662+0000][83.663s][info][gc,start       ] GC(654) Pause Young (Allocation Failure)
[2025-04-17T09:21:55.664+0000][83.664s][info][gc,heap        ] GC(654) DefNew: 9217K(10176K)->180K(10176K) Eden: 9088K(9088K)->0K(9088K) From: 129K(1088K)->180K(1088K)
[2025-04-17T09:21:55.664+0000][83.664s][info][gc,heap        ] GC(654) Tenured: 16672K(22464K)->16674K(22464K)
[2025-04-17T09:21:55.664+0000][83.664s][info][gc,metaspace   ] GC(654) Metaspace: 37295K(37632K)->37295K(37632K) NonClass: 32870K(33024K)->32870K(33024K) Class: 4425K(4608K)->4425K(4608K)
[2025-04-17T09:21:55.664+0000][83.665s][info][gc             ] GC(654) Pause Young (Allocation Failure) 25M->16M(31M) 1.576ms
[2025-04-17T09:21:55.664+0000][83.665s][info][gc,cpu         ] GC(654) User=0.01s Sys=0.00s Real=0.00s
[2025-04-17T09:21:55.719+0000][83.720s][info][gc,start       ] GC(655) Pause Young (Allocation Failure)
[2025-04-17T09:21:55.721+0000][83.721s][info][gc,heap        ] GC(655) DefNew: 9268K(10176K)->106K(10176K) Eden: 9088K(9088K)->0K(9088K) From: 180K(1088K)->106K(1088K)
[2025-04-17T09:21:55.721+0000][83.721s][info][gc,heap        ] GC(655) Tenured: 16674K(22464K)->16691K(22464K)
[2025-04-17T09:21:55.721+0000][83.721s][info][gc,metaspace   ] GC(655) Metaspace: 37295K(37632K)->37295K(37632K) NonClass: 32870K(33024K)->32870K(33024K) Class: 4425K(4608K)->4425K(4608K)
[2025-04-17T09:21:55.721+0000][83.722s][info][gc             ] GC(655) Pause Young (Allocation Failure) 25M->16M(31M) 1.430ms
[2025-04-17T09:21:55.721+0000][83.722s][info][gc,cpu         ] GC(655) User=0.00s Sys=0.00s Real=0.00s
[2025-04-17T09:21:55.793+0000][83.793s][info][gc,start       ] GC(656) Pause Young (Allocation Failure)
[2025-04-17T09:21:55.794+0000][83.795s][info][gc,heap        ] GC(656) DefNew: 9194K(10176K)->107K(10176K) Eden: 9088K(9088K)->0K(9088K) From: 106K(1088K)->107K(1088K)
[2025-04-17T09:21:55.794+0000][83.795s][info][gc,heap        ] GC(656) Tenured: 16691K(22464K)->16691K(22464K)
[2025-04-17T09:21:55.794+0000][83.795s][info][gc,metaspace   ] GC(656) Metaspace: 37295K(37632K)->37295K(37632K) NonClass: 32870K(33024K)->32870K(33024K) Class: 4425K(4608K)->4425K(4608K)
[2025-04-17T09:21:55.794+0000][83.795s][info][gc             ] GC(656) Pause Young (Allocation Failure) 25M->16M(31M) 1.467ms
[2025-04-17T09:21:55.794+0000][83.795s][info][gc,cpu         ] GC(656) User=0.00s Sys=0.00s Real=0.01s
[2025-04-17T09:21:55.871+0000][83.871s][info][gc,start       ] GC(657) Pause Young (Allocation Failure)
[2025-04-17T09:21:55.872+0000][83.872s][info][gc,heap        ] GC(657) DefNew: 9180K(10176K)->100K(10176K) Eden: 9073K(9088K)->0K(9088K) From: 107K(1088K)->100K(1088K)
[2025-04-17T09:21:55.872+0000][83.872s][info][gc,heap        ] GC(657) Tenured: 16691K(22464K)->16691K(22464K)
[2025-04-17T09:21:55.872+0000][83.872s][info][gc,metaspace   ] GC(657) Metaspace: 37296K(37632K)->37296K(37632K) NonClass: 32870K(33024K)->32870K(33024K) Class: 4425K(4608K)->4425K(4608K)
[2025-04-17T09:21:55.872+0000][83.872s][info][gc             ] GC(657) Pause Young (Allocation Failure) 25M->16M(31M) 1.332ms
[2025-04-17T09:21:55.872+0000][83.872s][info][gc,cpu         ] GC(657) User=0.00s Sys=0.00s Real=0.00s
[2025-04-17T09:21:55.911+0000][83.912s][info][gc,start       ] GC(658) Pause Young (Allocation Failure)
[2025-04-17T09:21:55.912+0000][83.913s][info][gc,heap        ] GC(658) DefNew: 9185K(10176K)->97K(10176K) Eden: 9085K(9088K)->0K(9088K) From: 100K(1088K)->97K(1088K)
[2025-04-17T09:21:55.912+0000][83.913s][info][gc,heap        ] GC(658) Tenured: 16691K(22464K)->16691K(22464K)
[2025-04-17T09:21:55.912+0000][83.913s][info][gc,metaspace   ] GC(658) Metaspace: 37296K(37632K)->37296K(37632K) NonClass: 32870K(33024K)->32870K(33024K) Class: 4425K(4608K)->4425K(4608K)
[2025-04-17T09:21:55.912+0000][83.913s][info][gc             ] GC(658) Pause Young (Allocation Failure) 25M->16M(31M) 1.257ms
[2025-04-17T09:21:55.912+0000][83.913s][info][gc,cpu         ] GC(658) User=0.01s Sys=0.00s Real=0.00s
[2025-04-17T09:21:55.989+0000][83.990s][info][gc,start       ] GC(659) Pause Young (Allocation Failure)
[2025-04-17T09:21:55.991+0000][83.992s][info][gc,heap        ] GC(659) DefNew: 9185K(10176K)->113K(10176K) Eden: 9088K(9088K)->0K(9088K) From: 97K(1088K)->113K(1088K)
[2025-04-17T09:21:55.991+0000][83.992s][info][gc,heap        ] GC(659) Tenured: 16691K(22464K)->16691K(22464K)
[2025-04-17T09:21:55.991+0000][83.992s][info][gc,metaspace   ] GC(659) Metaspace: 37296K(37632K)->37296K(37632K) NonClass: 32870K(33024K)->32870K(33024K) Class: 4425K(4608K)->4425K(4608K)
[2025-04-17T09:21:55.991+0000][83.992s][info][gc             ] GC(659) Pause Young (Allocation Failure) 25M->16M(31M) 1.564ms
[2025-04-17T09:21:55.991+0000][83.992s][info][gc,cpu         ] GC(659) User=0.00s Sys=0.00s Real=0.00s
[2025-04-17T09:21:56.041+0000][84.041s][info][gc,start       ] GC(660) Pause Young (Allocation Failure)
[2025-04-17T09:21:56.042+0000][84.043s][info][gc,heap        ] GC(660) DefNew: 9201K(10176K)->108K(10176K) Eden: 9088K(9088K)->0K(9088K) From: 113K(1088K)->108K(1088K)
[2025-04-17T09:21:56.042+0000][84.043s][info][gc,heap        ] GC(660) Tenured: 16691K(22464K)->16691K(22464K)
[2025-04-17T09:21:56.042+0000][84.043s][info][gc,metaspace   ] GC(660) Metaspace: 37296K(37632K)->37296K(37632K) NonClass: 32870K(33024K)->32870K(33024K) Class: 4425K(4608K)->4425K(4608K)
[2025-04-17T09:21:56.042+0000][84.043s][info][gc             ] GC(660) Pause Young (Allocation Failure) 25M->16M(31M) 1.496ms
[2025-04-17T09:21:56.042+0000][84.043s][info][gc,cpu         ] GC(660) User=0.00s Sys=0.00s Real=0.00s
[2025-04-17T09:21:56.115+0000][84.115s][info][gc,start       ] GC(661) Pause Young (Allocation Failure)
[2025-04-17T09:21:56.116+0000][84.117s][info][gc,heap        ] GC(661) DefNew: 9196K(10176K)->128K(10176K) Eden: 9088K(9088K)->0K(9088K) From: 108K(1088K)->128K(1088K)
[2025-04-17T09:21:56.116+0000][84.117s][info][gc,heap        ] GC(661) Tenured: 16691K(22464K)->16691K(22464K)
[2025-04-17T09:21:56.116+0000][84.117s][info][gc,metaspace   ] GC(661) Metaspace: 37296K(37632K)->37296K(37632K) NonClass: 32870K(33024K)->32870K(33024K) Class: 4425K(4608K)->4425K(4608K)
[2025-04-17T09:21:56.116+0000][84.117s][info][gc             ] GC(661) Pause Young (Allocation Failure) 25M->16M(31M) 1.428ms
[2025-04-17T09:21:56.116+0000][84.117s][info][gc,cpu         ] GC(661) User=0.00s Sys=0.00s Real=0.00s
[2025-04-17T09:21:56.169+0000][84.169s][info][gc,start       ] GC(662) Pause Young (Allocation Failure)
[2025-04-17T09:21:56.170+0000][84.171s][info][gc,heap        ] GC(662) DefNew: 9209K(10176K)->131K(10176K) Eden: 9080K(9088K)->0K(9088K) From: 128K(1088K)->131K(1088K)
[2025-04-17T09:21:56.170+0000][84.171s][info][gc,heap        ] GC(662) Tenured: 16691K(22464K)->16692K(22464K)
[2025-04-17T09:21:56.170+0000][84.171s][info][gc,metaspace   ] GC(662) Metaspace: 37296K(37632K)->37296K(37632K) NonClass: 32870K(33024K)->32870K(33024K) Class: 4425K(4608K)->4425K(4608K)
[2025-04-17T09:21:56.170+0000][84.171s][info][gc             ] GC(662) Pause Young (Allocation Failure) 25M->16M(31M) 1.372ms
[2025-04-17T09:21:56.170+0000][84.171s][info][gc,cpu         ] GC(662) User=0.00s Sys=0.00s Real=0.00s
[2025-04-17T09:21:56.229+0000][84.230s][info][gc,start       ] GC(663) Pause Young (Allocation Failure)
[2025-04-17T09:21:56.230+0000][84.231s][info][gc,heap        ] GC(663) DefNew: 9219K(10176K)->124K(10176K) Eden: 9088K(9088K)->0K(9088K) From: 131K(1088K)->124K(1088K)
[2025-04-17T09:21:56.230+0000][84.231s][info][gc,heap        ] GC(663) Tenured: 16692K(22464K)->16692K(22464K)
[2025-04-17T09:21:56.230+0000][84.231s][info][gc,metaspace   ] GC(663) Metaspace: 37296K(37632K)->37296K(37632K) NonClass: 32870K(33024K)->32870K(33024K) Class: 4425K(4608K)->4425K(4608K)
[2025-04-17T09:21:56.230+0000][84.231s][info][gc             ] GC(663) Pause Young (Allocation Failure) 25M->16M(31M) 1.399ms
[2025-04-17T09:21:56.230+0000][84.231s][info][gc,cpu         ] GC(663) User=0.00s Sys=0.00s Real=0.00s
[2025-04-17T09:21:56.295+0000][84.296s][info][gc,start       ] GC(664) Pause Young (Allocation Failure)
[2025-04-17T09:21:56.297+0000][84.297s][info][gc,heap        ] GC(664) DefNew: 9211K(10176K)->98K(10176K) Eden: 9087K(9088K)->0K(9088K) From: 124K(1088K)->98K(1088K)
[2025-04-17T09:21:56.297+0000][84.297s][info][gc,heap        ] GC(664) Tenured: 16692K(22464K)->16693K(22464K)
[2025-04-17T09:21:56.297+0000][84.297s][info][gc,metaspace   ] GC(664) Metaspace: 37296K(37632K)->37296K(37632K) NonClass: 32870K(33024K)->32870K(33024K) Class: 4425K(4608K)->4425K(4608K)
[2025-04-17T09:21:56.297+0000][84.297s][info][gc             ] GC(664) Pause Young (Allocation Failure) 25M->16M(31M) 1.313ms
[2025-04-17T09:21:56.297+0000][84.297s][info][gc,cpu         ] GC(664) User=0.01s Sys=0.00s Real=0.00s
[2025-04-17T09:21:56.341+0000][84.342s][info][gc,start       ] GC(665) Pause Young (Allocation Failure)
[2025-04-17T09:21:56.342+0000][84.343s][info][gc,heap        ] GC(665) DefNew: 9186K(10176K)->159K(10176K) Eden: 9087K(9088K)->0K(9088K) From: 98K(1088K)->159K(1088K)
[2025-04-17T09:21:56.342+0000][84.343s][info][gc,heap        ] GC(665) Tenured: 16693K(22464K)->16694K(22464K)
[2025-04-17T09:21:56.342+0000][84.343s][info][gc,metaspace   ] GC(665) Metaspace: 37297K(37632K)->37297K(37632K) NonClass: 32871K(33024K)->32871K(33024K) Class: 4425K(4608K)->4425K(4608K)
[2025-04-17T09:21:56.342+0000][84.343s][info][gc             ] GC(665) Pause Young (Allocation Failure) 25M->16M(31M) 1.401ms
[2025-04-17T09:21:56.342+0000][84.343s][info][gc,cpu         ] GC(665) User=0.00s Sys=0.00s Real=0.00s
[2025-04-17T09:21:56.425+0000][84.426s][info][gc,start       ] GC(666) Pause Young (Allocation Failure)
[2025-04-17T09:21:56.427+0000][84.427s][info][gc,heap        ] GC(666) DefNew: 9247K(10176K)->113K(10176K) Eden: 9087K(9088K)->0K(9088K) From: 159K(1088K)->113K(1088K)
[2025-04-17T09:21:56.427+0000][84.427s][info][gc,heap        ] GC(666) Tenured: 16694K(22464K)->16695K(22464K)
[2025-04-17T09:21:56.427+0000][84.427s][info][gc,metaspace   ] GC(666) Metaspace: 37297K(37632K)->37297K(37632K) NonClass: 32871K(33024K)->32871K(33024K) Class: 4425K(4608K)->4425K(4608K)
[2025-04-17T09:21:56.427+0000][84.427s][info][gc             ] GC(666) Pause Young (Allocation Failure) 25M->16M(31M) 1.308ms
[2025-04-17T09:21:56.427+0000][84.427s][info][gc,cpu         ] GC(666) User=0.00s Sys=0.00s Real=0.00s
[2025-04-17T09:21:56.478+0000][84.479s][info][gc,start       ] GC(667) Pause Young (Allocation Failure)
[2025-04-17T09:21:56.480+0000][84.481s][info][gc,heap        ] GC(667) DefNew: 9201K(10176K)->96K(10176K) Eden: 9087K(9088K)->0K(9088K) From: 113K(1088K)->96K(1088K)
[2025-04-17T09:21:56.480+0000][84.481s][info][gc,heap        ] GC(667) Tenured: 16695K(22464K)->16696K(22464K)
[2025-04-17T09:21:56.480+0000][84.481s][info][gc,metaspace   ] GC(667) Metaspace: 37297K(37632K)->37297K(37632K) NonClass: 32871K(33024K)->32871K(33024K) Class: 4425K(4608K)->4425K(4608K)
[2025-04-17T09:21:56.480+0000][84.481s][info][gc             ] GC(667) Pause Young (Allocation Failure) 25M->16M(31M) 2.329ms
[2025-04-17T09:21:56.480+0000][84.481s][info][gc,cpu         ] GC(667) User=0.01s Sys=0.00s Real=0.00s
[2025-04-17T09:21:56.549+0000][84.550s][info][gc,start       ] GC(668) Pause Young (Allocation Failure)
[2025-04-17T09:21:56.550+0000][84.551s][info][gc,heap        ] GC(668) DefNew: 9184K(10176K)->107K(10176K) Eden: 9088K(9088K)->0K(9088K) From: 96K(1088K)->107K(1088K)
[2025-04-17T09:21:56.550+0000][84.551s][info][gc,heap        ] GC(668) Tenured: 16696K(22464K)->16714K(22464K)
[2025-04-17T09:21:56.550+0000][84.551s][info][gc,metaspace   ] GC(668) Metaspace: 37297K(37632K)->37297K(37632K) NonClass: 32871K(33024K)->32871K(33024K) Class: 4425K(4608K)->4425K(4608K)
[2025-04-17T09:21:56.550+0000][84.551s][info][gc             ] GC(668) Pause Young (Allocation Failure) 25M->16M(31M) 1.422ms
[2025-04-17T09:21:56.550+0000][84.551s][info][gc,cpu         ] GC(668) User=0.00s Sys=0.01s Real=0.00s
[2025-04-17T09:21:56.601+0000][84.602s][info][gc,start       ] GC(669) Pause Young (Allocation Failure)
[2025-04-17T09:21:56.603+0000][84.603s][info][gc,heap        ] GC(669) DefNew: 9195K(10176K)->92K(10176K) Eden: 9088K(9088K)->0K(9088K) From: 107K(1088K)->92K(1088K)
[2025-04-17T09:21:56.603+0000][84.603s][info][gc,heap        ] GC(669) Tenured: 16714K(22464K)->16714K(22464K)
[2025-04-17T09:21:56.603+0000][84.603s][info][gc,metaspace   ] GC(669) Metaspace: 37297K(37632K)->37297K(37632K) NonClass: 32871K(33024K)->32871K(33024K) Class: 4425K(4608K)->4425K(4608K)
[2025-04-17T09:21:56.603+0000][84.603s][info][gc             ] GC(669) Pause Young (Allocation Failure) 25M->16M(31M) 1.320ms
[2025-04-17T09:21:56.603+0000][84.603s][info][gc,cpu         ] GC(669) User=0.00s Sys=0.00s Real=0.00s
[2025-04-17T09:21:56.674+0000][84.674s][info][gc,start       ] GC(670) Pause Young (Allocation Failure)
[2025-04-17T09:21:56.675+0000][84.676s][info][gc,heap        ] GC(670) DefNew: 9180K(10176K)->85K(10176K) Eden: 9087K(9088K)->0K(9088K) From: 92K(1088K)->85K(1088K)
[2025-04-17T09:21:56.675+0000][84.676s][info][gc,heap        ] GC(670) Tenured: 16714K(22464K)->16714K(22464K)
[2025-04-17T09:21:56.675+0000][84.676s][info][gc,metaspace   ] GC(670) Metaspace: 37297K(37632K)->37297K(37632K) NonClass: 32872K(33024K)->32872K(33024K) Class: 4425K(4608K)->4425K(4608K)
[2025-04-17T09:21:56.675+0000][84.676s][info][gc             ] GC(670) Pause Young (Allocation Failure) 25M->16M(31M) 1.467ms
[2025-04-17T09:21:56.675+0000][84.676s][info][gc,cpu         ] GC(670) User=0.00s Sys=0.00s Real=0.01s
[2025-04-17T09:21:56.737+0000][84.737s][info][gc,start       ] GC(671) Pause Young (Allocation Failure)
[2025-04-17T09:21:56.738+0000][84.739s][info][gc,heap        ] GC(671) DefNew: 9173K(10176K)->80K(10176K) Eden: 9087K(9088K)->0K(9088K) From: 85K(1088K)->80K(1088K)
[2025-04-17T09:21:56.738+0000][84.739s][info][gc,heap        ] GC(671) Tenured: 16714K(22464K)->16714K(22464K)
[2025-04-17T09:21:56.738+0000][84.739s][info][gc,metaspace   ] GC(671) Metaspace: 37297K(37632K)->37297K(37632K) NonClass: 32872K(33024K)->32872K(33024K) Class: 4425K(4608K)->4425K(4608K)
[2025-04-17T09:21:56.738+0000][84.739s][info][gc             ] GC(671) Pause Young (Allocation Failure) 25M->16M(31M) 1.345ms
[2025-04-17T09:21:56.738+0000][84.739s][info][gc,cpu         ] GC(671) User=0.00s Sys=0.00s Real=0.00s
[2025-04-17T09:21:56.807+0000][84.808s][info][gc,start       ] GC(672) Pause Young (Allocation Failure)
[2025-04-17T09:21:56.809+0000][84.809s][info][gc,heap        ] GC(672) DefNew: 9168K(10176K)->141K(10176K) Eden: 9088K(9088K)->0K(9088K) From: 80K(1088K)->141K(1088K)
[2025-04-17T09:21:56.809+0000][84.809s][info][gc,heap        ] GC(672) Tenured: 16714K(22464K)->16715K(22464K)
[2025-04-17T09:21:56.809+0000][84.809s][info][gc,metaspace   ] GC(672) Metaspace: 37304K(37696K)->37304K(37696K) NonClass: 32878K(33088K)->32878K(33088K) Class: 4425K(4608K)->4425K(4608K)
[2025-04-17T09:21:56.809+0000][84.809s][info][gc             ] GC(672) Pause Young (Allocation Failure) 25M->16M(31M) 1.437ms
[2025-04-17T09:21:56.809+0000][84.809s][info][gc,cpu         ] GC(672) User=0.01s Sys=0.00s Real=0.00s
[2025-04-17T09:21:56.858+0000][84.859s][info][gc,start       ] GC(673) Pause Young (Allocation Failure)
[2025-04-17T09:21:56.860+0000][84.860s][info][gc,heap        ] GC(673) DefNew: 9229K(10176K)->119K(10176K) Eden: 9088K(9088K)->0K(9088K) From: 141K(1088K)->119K(1088K)
[2025-04-17T09:21:56.860+0000][84.860s][info][gc,heap        ] GC(673) Tenured: 16715K(22464K)->16717K(22464K)
[2025-04-17T09:21:56.860+0000][84.860s][info][gc,metaspace   ] GC(673) Metaspace: 37304K(37696K)->37304K(37696K) NonClass: 32878K(33088K)->32878K(33088K) Class: 4425K(4608K)->4425K(4608K)
[2025-04-17T09:21:56.860+0000][84.860s][info][gc             ] GC(673) Pause Young (Allocation Failure) 25M->16M(31M) 1.365ms
[2025-04-17T09:21:56.860+0000][84.860s][info][gc,cpu         ] GC(673) User=0.00s Sys=0.00s Real=0.00s
[2025-04-17T09:21:56.935+0000][84.935s][info][gc,start       ] GC(674) Pause Young (Allocation Failure)
[2025-04-17T09:21:56.936+0000][84.937s][info][gc,heap        ] GC(674) DefNew: 9207K(10176K)->161K(10176K) Eden: 9088K(9088K)->0K(9088K) From: 119K(1088K)->161K(1088K)
[2025-04-17T09:21:56.936+0000][84.937s][info][gc,heap        ] GC(674) Tenured: 16717K(22464K)->16717K(22464K)
[2025-04-17T09:21:56.936+0000][84.937s][info][gc,metaspace   ] GC(674) Metaspace: 37304K(37696K)->37304K(37696K) NonClass: 32878K(33088K)->32878K(33088K) Class: 4425K(4608K)->4425K(4608K)
[2025-04-17T09:21:56.936+0000][84.937s][info][gc             ] GC(674) Pause Young (Allocation Failure) 25M->16M(31M) 1.501ms
[2025-04-17T09:21:56.936+0000][84.937s][info][gc,cpu         ] GC(674) User=0.00s Sys=0.00s Real=0.00s
[2025-04-17T09:21:57.007+0000][85.008s][info][gc,start       ] GC(675) Pause Young (Allocation Failure)
[2025-04-17T09:21:57.008+0000][85.009s][info][gc,heap        ] GC(675) DefNew: 9249K(10176K)->96K(10176K) Eden: 9088K(9088K)->0K(9088K) From: 161K(1088K)->96K(1088K)
[2025-04-17T09:21:57.008+0000][85.009s][info][gc,heap        ] GC(675) Tenured: 16717K(22464K)->16717K(22464K)
[2025-04-17T09:21:57.008+0000][85.009s][info][gc,metaspace   ] GC(675) Metaspace: 37304K(37696K)->37304K(37696K) NonClass: 32878K(33088K)->32878K(33088K) Class: 4425K(4608K)->4425K(4608K)
[2025-04-17T09:21:57.008+0000][85.009s][info][gc             ] GC(675) Pause Young (Allocation Failure) 25M->16M(31M) 1.477ms
[2025-04-17T09:21:57.008+0000][85.009s][info][gc,cpu         ] GC(675) User=0.00s Sys=0.00s Real=0.00s
[2025-04-17T09:21:57.065+0000][85.066s][info][gc,start       ] GC(676) Pause Young (Allocation Failure)
[2025-04-17T09:21:57.066+0000][85.067s][info][gc,heap        ] GC(676) DefNew: 9184K(10176K)->96K(10176K) Eden: 9088K(9088K)->0K(9088K) From: 96K(1088K)->96K(1088K)
[2025-04-17T09:21:57.067+0000][85.067s][info][gc,heap        ] GC(676) Tenured: 16717K(22464K)->16717K(22464K)
[2025-04-17T09:21:57.067+0000][85.067s][info][gc,metaspace   ] GC(676) Metaspace: 37304K(37696K)->37304K(37696K) NonClass: 32878K(33088K)->32878K(33088K) Class: 4425K(4608K)->4425K(4608K)
[2025-04-17T09:21:57.067+0000][85.067s][info][gc             ] GC(676) Pause Young (Allocation Failure) 25M->16M(31M) 1.310ms
[2025-04-17T09:21:57.067+0000][85.067s][info][gc,cpu         ] GC(676) User=0.00s Sys=0.00s Real=0.00s
[2025-04-17T09:21:57.132+0000][85.133s][info][gc,start       ] GC(677) Pause Young (Allocation Failure)
[2025-04-17T09:21:57.134+0000][85.134s][info][gc,heap        ] GC(677) DefNew: 9184K(10176K)->158K(10176K) Eden: 9088K(9088K)->0K(9088K) From: 96K(1088K)->158K(1088K)
[2025-04-17T09:21:57.134+0000][85.134s][info][gc,heap        ] GC(677) Tenured: 16717K(22464K)->16717K(22464K)
[2025-04-17T09:21:57.134+0000][85.134s][info][gc,metaspace   ] GC(677) Metaspace: 37304K(37696K)->37304K(37696K) NonClass: 32878K(33088K)->32878K(33088K) Class: 4425K(4608K)->4425K(4608K)
[2025-04-17T09:21:57.134+0000][85.134s][info][gc             ] GC(677) Pause Young (Allocation Failure) 25M->16M(31M) 1.434ms
[2025-04-17T09:21:57.134+0000][85.134s][info][gc,cpu         ] GC(677) User=0.00s Sys=0.00s Real=0.00s
[2025-04-17T09:21:57.200+0000][85.201s][info][gc,start       ] GC(678) Pause Young (Allocation Failure)
[2025-04-17T09:21:57.202+0000][85.202s][info][gc,heap        ] GC(678) DefNew: 9245K(10176K)->102K(10176K) Eden: 9087K(9088K)->0K(9088K) From: 158K(1088K)->102K(1088K)
[2025-04-17T09:21:57.202+0000][85.202s][info][gc,heap        ] GC(678) Tenured: 16717K(22464K)->16718K(22464K)
[2025-04-17T09:21:57.202+0000][85.202s][info][gc,metaspace   ] GC(678) Metaspace: 37304K(37696K)->37304K(37696K) NonClass: 32878K(33088K)->32878K(33088K) Class: 4425K(4608K)->4425K(4608K)
[2025-04-17T09:21:57.202+0000][85.202s][info][gc             ] GC(678) Pause Young (Allocation Failure) 25M->16M(31M) 1.306ms
[2025-04-17T09:21:57.202+0000][85.202s][info][gc,cpu         ] GC(678) User=0.00s Sys=0.00s Real=0.00s
[2025-04-17T09:21:57.278+0000][85.278s][info][gc,start       ] GC(679) Pause Young (Allocation Failure)
[2025-04-17T09:21:57.279+0000][85.280s][info][gc,heap        ] GC(679) DefNew: 9190K(10176K)->114K(10176K) Eden: 9088K(9088K)->0K(9088K) From: 102K(1088K)->114K(1088K)
[2025-04-17T09:21:57.279+0000][85.280s][info][gc,heap        ] GC(679) Tenured: 16718K(22464K)->16718K(22464K)
[2025-04-17T09:21:57.279+0000][85.280s][info][gc,metaspace   ] GC(679) Metaspace: 37306K(37696K)->37306K(37696K) NonClass: 32880K(33088K)->32880K(33088K) Class: 4425K(4608K)->4425K(4608K)
[2025-04-17T09:21:57.279+0000][85.280s][info][gc             ] GC(679) Pause Young (Allocation Failure) 25M->16M(31M) 1.487ms
[2025-04-17T09:21:57.279+0000][85.280s][info][gc,cpu         ] GC(679) User=0.01s Sys=0.00s Real=0.00s
[2025-04-17T09:21:57.321+0000][85.322s][info][gc,start       ] GC(680) Pause Young (Allocation Failure)
[2025-04-17T09:21:57.323+0000][85.324s][info][gc,heap        ] GC(680) DefNew: 9202K(10176K)->123K(10176K) Eden: 9088K(9088K)->0K(9088K) From: 114K(1088K)->123K(1088K)
[2025-04-17T09:21:57.323+0000][85.324s][info][gc,heap        ] GC(680) Tenured: 16718K(22464K)->16719K(22464K)
[2025-04-17T09:21:57.323+0000][85.324s][info][gc,metaspace   ] GC(680) Metaspace: 37306K(37696K)->37306K(37696K) NonClass: 32880K(33088K)->32880K(33088K) Class: 4425K(4608K)->4425K(4608K)
[2025-04-17T09:21:57.323+0000][85.324s][info][gc             ] GC(680) Pause Young (Allocation Failure) 25M->16M(31M) 1.521ms
[2025-04-17T09:21:57.323+0000][85.324s][info][gc,cpu         ] GC(680) User=0.00s Sys=0.00s Real=0.00s
[2025-04-17T09:21:57.396+0000][85.397s][info][gc,start       ] GC(681) Pause Young (Allocation Failure)
[2025-04-17T09:21:57.398+0000][85.398s][info][gc,heap        ] GC(681) DefNew: 9211K(10176K)->106K(10176K) Eden: 9088K(9088K)->0K(9088K) From: 123K(1088K)->106K(1088K)
[2025-04-17T09:21:57.398+0000][85.398s][info][gc,heap        ] GC(681) Tenured: 16719K(22464K)->16719K(22464K)
[2025-04-17T09:21:57.398+0000][85.398s][info][gc,metaspace   ] GC(681) Metaspace: 37306K(37696K)->37306K(37696K) NonClass: 32880K(33088K)->32880K(33088K) Class: 4425K(4608K)->4425K(4608K)
[2025-04-17T09:21:57.398+0000][85.398s][info][gc             ] GC(681) Pause Young (Allocation Failure) 25M->16M(31M) 1.399ms
[2025-04-17T09:21:57.398+0000][85.399s][info][gc,cpu         ] GC(681) User=0.00s Sys=0.00s Real=0.00s
[2025-04-17T09:21:57.441+0000][85.442s][info][gc,start       ] GC(682) Pause Young (Allocation Failure)
[2025-04-17T09:21:57.442+0000][85.443s][info][gc,heap        ] GC(682) DefNew: 9194K(10176K)->139K(10176K) Eden: 9088K(9088K)->0K(9088K) From: 106K(1088K)->139K(1088K)
[2025-04-17T09:21:57.443+0000][85.443s][info][gc,heap        ] GC(682) Tenured: 16719K(22464K)->16719K(22464K)
[2025-04-17T09:21:57.443+0000][85.443s][info][gc,metaspace   ] GC(682) Metaspace: 37306K(37696K)->37306K(37696K) NonClass: 32880K(33088K)->32880K(33088K) Class: 4425K(4608K)->4425K(4608K)
[2025-04-17T09:21:57.443+0000][85.443s][info][gc             ] GC(682) Pause Young (Allocation Failure) 25M->16M(31M) 1.377ms
[2025-04-17T09:21:57.443+0000][85.443s][info][gc,cpu         ] GC(682) User=0.00s Sys=0.00s Real=0.00s
[2025-04-17T09:21:57.518+0000][85.518s][info][gc,start       ] GC(683) Pause Young (Allocation Failure)
[2025-04-17T09:21:57.519+0000][85.520s][info][gc,heap        ] GC(683) DefNew: 9227K(10176K)->170K(10176K) Eden: 9088K(9088K)->0K(9088K) From: 139K(1088K)->170K(1088K)
[2025-04-17T09:21:57.519+0000][85.520s][info][gc,heap        ] GC(683) Tenured: 16719K(22464K)->16721K(22464K)
[2025-04-17T09:21:57.519+0000][85.520s][info][gc,metaspace   ] GC(683) Metaspace: 37306K(37696K)->37306K(37696K) NonClass: 32880K(33088K)->32880K(33088K) Class: 4425K(4608K)->4425K(4608K)
[2025-04-17T09:21:57.519+0000][85.520s][info][gc             ] GC(683) Pause Young (Allocation Failure) 25M->16M(31M) 1.702ms
[2025-04-17T09:21:57.519+0000][85.520s][info][gc,cpu         ] GC(683) User=0.00s Sys=0.00s Real=0.00s
[2025-04-17T09:21:57.612+0000][85.613s][info][gc,start       ] GC(684) Pause Young (Allocation Failure)
[2025-04-17T09:21:57.614+0000][85.614s][info][gc,heap        ] GC(684) DefNew: 9258K(10176K)->99K(10176K) Eden: 9088K(9088K)->0K(9088K) From: 170K(1088K)->99K(1088K)
[2025-04-17T09:21:57.614+0000][85.615s][info][gc,heap        ] GC(684) Tenured: 16721K(22464K)->16721K(22464K)
[2025-04-17T09:21:57.614+0000][85.615s][info][gc,metaspace   ] GC(684) Metaspace: 37306K(37696K)->37306K(37696K) NonClass: 32880K(33088K)->32880K(33088K) Class: 4425K(4608K)->4425K(4608K)
[2025-04-17T09:21:57.614+0000][85.615s][info][gc             ] GC(684) Pause Young (Allocation Failure) 25M->16M(31M) 1.615ms
[2025-04-17T09:21:57.614+0000][85.615s][info][gc,cpu         ] GC(684) User=0.00s Sys=0.00s Real=0.00s
[2025-04-17T09:21:57.639+0000][85.640s][info][gc,start       ] GC(685) Pause Young (Allocation Failure)
[2025-04-17T09:21:57.640+0000][85.641s][info][gc,heap        ] GC(685) DefNew: 9187K(10176K)->162K(10176K) Eden: 9088K(9088K)->0K(9088K) From: 99K(1088K)->162K(1088K)
[2025-04-17T09:21:57.640+0000][85.641s][info][gc,heap        ] GC(685) Tenured: 16721K(22464K)->16722K(22464K)
[2025-04-17T09:21:57.640+0000][85.641s][info][gc,metaspace   ] GC(685) Metaspace: 37309K(37696K)->37309K(37696K) NonClass: 32883K(33088K)->32883K(33088K) Class: 4425K(4608K)->4425K(4608K)
[2025-04-17T09:21:57.640+0000][85.641s][info][gc             ] GC(685) Pause Young (Allocation Failure) 25M->16M(31M) 1.412ms
[2025-04-17T09:21:57.640+0000][85.641s][info][gc,cpu         ] GC(685) User=0.00s Sys=0.00s Real=0.00s
[2025-04-17T09:21:57.731+0000][85.732s][info][gc,start       ] GC(686) Pause Young (Allocation Failure)
[2025-04-17T09:21:57.732+0000][85.733s][info][gc,heap        ] GC(686) DefNew: 9250K(10176K)->96K(10176K) Eden: 9088K(9088K)->0K(9088K) From: 162K(1088K)->96K(1088K)
[2025-04-17T09:21:57.732+0000][85.733s][info][gc,heap        ] GC(686) Tenured: 16722K(22464K)->16722K(22464K)
[2025-04-17T09:21:57.732+0000][85.733s][info][gc,metaspace   ] GC(686) Metaspace: 37309K(37696K)->37309K(37696K) NonClass: 32883K(33088K)->32883K(33088K) Class: 4425K(4608K)->4425K(4608K)
[2025-04-17T09:21:57.732+0000][85.733s][info][gc             ] GC(686) Pause Young (Allocation Failure) 25M->16M(31M) 1.347ms
[2025-04-17T09:21:57.732+0000][85.733s][info][gc,cpu         ] GC(686) User=0.00s Sys=0.00s Real=0.00s
[2025-04-17T09:21:57.787+0000][85.787s][info][gc,start       ] GC(687) Pause Young (Allocation Failure)
[2025-04-17T09:21:57.788+0000][85.789s][info][gc,heap        ] GC(687) DefNew: 9184K(10176K)->126K(10176K) Eden: 9088K(9088K)->0K(9088K) From: 96K(1088K)->126K(1088K)
[2025-04-17T09:21:57.788+0000][85.789s][info][gc,heap        ] GC(687) Tenured: 16722K(22464K)->16741K(22464K)
[2025-04-17T09:21:57.788+0000][85.789s][info][gc,metaspace   ] GC(687) Metaspace: 37309K(37696K)->37309K(37696K) NonClass: 32883K(33088K)->32883K(33088K) Class: 4425K(4608K)->4425K(4608K)
[2025-04-17T09:21:57.788+0000][85.789s][info][gc             ] GC(687) Pause Young (Allocation Failure) 25M->16M(31M) 1.398ms
[2025-04-17T09:21:57.788+0000][85.789s][info][gc,cpu         ] GC(687) User=0.00s Sys=0.00s Real=0.00s
[2025-04-17T09:21:57.852+0000][85.852s][info][gc,start       ] GC(688) Pause Young (Allocation Failure)
[2025-04-17T09:21:57.853+0000][85.854s][info][gc,heap        ] GC(688) DefNew: 9214K(10176K)->99K(10176K) Eden: 9088K(9088K)->0K(9088K) From: 126K(1088K)->99K(1088K)
[2025-04-17T09:21:57.853+0000][85.854s][info][gc,heap        ] GC(688) Tenured: 16741K(22464K)->16741K(22464K)
[2025-04-17T09:21:57.853+0000][85.854s][info][gc,metaspace   ] GC(688) Metaspace: 37309K(37696K)->37309K(37696K) NonClass: 32883K(33088K)->32883K(33088K) Class: 4425K(4608K)->4425K(4608K)
[2025-04-17T09:21:57.853+0000][85.854s][info][gc             ] GC(688) Pause Young (Allocation Failure) 25M->16M(31M) 1.308ms
[2025-04-17T09:21:57.853+0000][85.854s][info][gc,cpu         ] GC(688) User=0.00s Sys=0.00s Real=0.00s
[2025-04-17T09:21:57.901+0000][85.901s][info][gc,start       ] GC(689) Pause Young (Allocation Failure)
[2025-04-17T09:21:57.902+0000][85.903s][info][gc,heap        ] GC(689) DefNew: 9187K(10176K)->145K(10176K) Eden: 9088K(9088K)->0K(9088K) From: 99K(1088K)->145K(1088K)
[2025-04-17T09:21:57.902+0000][85.903s][info][gc,heap        ] GC(689) Tenured: 16741K(22464K)->16741K(22464K)
[2025-04-17T09:21:57.902+0000][85.903s][info][gc,metaspace   ] GC(689) Metaspace: 37309K(37696K)->37309K(37696K) NonClass: 32883K(33088K)->32883K(33088K) Class: 4425K(4608K)->4425K(4608K)
[2025-04-17T09:21:57.902+0000][85.903s][info][gc             ] GC(689) Pause Young (Allocation Failure) 25M->16M(31M) 1.447ms
[2025-04-17T09:21:57.902+0000][85.903s][info][gc,cpu         ] GC(689) User=0.01s Sys=0.00s Real=0.00s
[2025-04-17T09:21:57.998+0000][85.999s][info][gc,start       ] GC(690) Pause Young (Allocation Failure)
[2025-04-17T09:21:58.000+0000][86.001s][info][gc,heap        ] GC(690) DefNew: 9233K(10176K)->111K(10176K) Eden: 9088K(9088K)->0K(9088K) From: 145K(1088K)->111K(1088K)
[2025-04-17T09:21:58.000+0000][86.001s][info][gc,heap        ] GC(690) Tenured: 16741K(22464K)->16741K(22464K)
[2025-04-17T09:21:58.000+0000][86.001s][info][gc,metaspace   ] GC(690) Metaspace: 37309K(37696K)->37309K(37696K) NonClass: 32883K(33088K)->32883K(33088K) Class: 4425K(4608K)->4425K(4608K)
[2025-04-17T09:21:58.000+0000][86.001s][info][gc             ] GC(690) Pause Young (Allocation Failure) 25M->16M(31M) 1.526ms
[2025-04-17T09:21:58.000+0000][86.001s][info][gc,cpu         ] GC(690) User=0.00s Sys=0.00s Real=0.00s
[2025-04-17T09:21:58.028+0000][86.029s][info][gc,start       ] GC(691) Pause Young (Allocation Failure)
[2025-04-17T09:21:58.030+0000][86.030s][info][gc,heap        ] GC(691) DefNew: 9198K(10176K)->97K(10176K) Eden: 9087K(9088K)->0K(9088K) From: 111K(1088K)->97K(1088K)
[2025-04-17T09:21:58.030+0000][86.030s][info][gc,heap        ] GC(691) Tenured: 16741K(22464K)->16741K(22464K)
[2025-04-17T09:21:58.030+0000][86.030s][info][gc,metaspace   ] GC(691) Metaspace: 37309K(37696K)->37309K(37696K) NonClass: 32883K(33088K)->32883K(33088K) Class: 4425K(4608K)->4425K(4608K)
[2025-04-17T09:21:58.030+0000][86.030s][info][gc             ] GC(691) Pause Young (Allocation Failure) 25M->16M(31M) 1.208ms
[2025-04-17T09:21:58.030+0000][86.030s][info][gc,cpu         ] GC(691) User=0.00s Sys=0.00s Real=0.00s
[2025-04-17T09:21:58.116+0000][86.117s][info][gc,start       ] GC(692) Pause Young (Allocation Failure)
[2025-04-17T09:21:58.117+0000][86.118s][info][gc,heap        ] GC(692) DefNew: 9185K(10176K)->136K(10176K) Eden: 9088K(9088K)->0K(9088K) From: 97K(1088K)->136K(1088K)
[2025-04-17T09:21:58.117+0000][86.118s][info][gc,heap        ] GC(692) Tenured: 16741K(22464K)->16741K(22464K)
[2025-04-17T09:21:58.117+0000][86.118s][info][gc,metaspace   ] GC(692) Metaspace: 37309K(37696K)->37309K(37696K) NonClass: 32883K(33088K)->32883K(33088K) Class: 4425K(4608K)->4425K(4608K)
[2025-04-17T09:21:58.118+0000][86.118s][info][gc             ] GC(692) Pause Young (Allocation Failure) 25M->16M(31M) 1.628ms
[2025-04-17T09:21:58.118+0000][86.118s][info][gc,cpu         ] GC(692) User=0.00s Sys=0.00s Real=0.00s
[2025-04-17T09:21:58.154+0000][86.154s][info][gc,start       ] GC(693) Pause Young (Allocation Failure)
[2025-04-17T09:21:58.155+0000][86.155s][info][gc,heap        ] GC(693) DefNew: 9224K(10176K)->104K(10176K) Eden: 9088K(9088K)->0K(9088K) From: 136K(1088K)->104K(1088K)
[2025-04-17T09:21:58.155+0000][86.155s][info][gc,heap        ] GC(693) Tenured: 16741K(22464K)->16741K(22464K)
[2025-04-17T09:21:58.155+0000][86.155s][info][gc,metaspace   ] GC(693) Metaspace: 37309K(37696K)->37309K(37696K) NonClass: 32883K(33088K)->32883K(33088K) Class: 4425K(4608K)->4425K(4608K)
[2025-04-17T09:21:58.155+0000][86.155s][info][gc             ] GC(693) Pause Young (Allocation Failure) 25M->16M(31M) 1.258ms
[2025-04-17T09:21:58.155+0000][86.155s][info][gc,cpu         ] GC(693) User=0.01s Sys=0.00s Real=0.01s
[2025-04-17T09:21:58.235+0000][86.236s][info][gc,start       ] GC(694) Pause Young (Allocation Failure)
[2025-04-17T09:21:58.237+0000][86.237s][info][gc,heap        ] GC(694) DefNew: 9192K(10176K)->182K(10176K) Eden: 9088K(9088K)->0K(9088K) From: 104K(1088K)->182K(1088K)
[2025-04-17T09:21:58.237+0000][86.237s][info][gc,heap        ] GC(694) Tenured: 16741K(22464K)->16742K(22464K)
[2025-04-17T09:21:58.237+0000][86.237s][info][gc,metaspace   ] GC(694) Metaspace: 37309K(37696K)->37309K(37696K) NonClass: 32883K(33088K)->32883K(33088K) Class: 4425K(4608K)->4425K(4608K)
[2025-04-17T09:21:58.237+0000][86.237s][info][gc             ] GC(694) Pause Young (Allocation Failure) 25M->16M(31M) 1.429ms
[2025-04-17T09:21:58.237+0000][86.237s][info][gc,cpu         ] GC(694) User=0.00s Sys=0.00s Real=0.00s
[2025-04-17T09:21:58.291+0000][86.291s][info][gc,start       ] GC(695) Pause Young (Allocation Failure)
[2025-04-17T09:21:58.292+0000][86.293s][info][gc,heap        ] GC(695) DefNew: 9270K(10176K)->97K(10176K) Eden: 9088K(9088K)->0K(9088K) From: 182K(1088K)->97K(1088K)
[2025-04-17T09:21:58.292+0000][86.293s][info][gc,heap        ] GC(695) Tenured: 16742K(22464K)->16744K(22464K)
[2025-04-17T09:21:58.292+0000][86.293s][info][gc,metaspace   ] GC(695) Metaspace: 37309K(37696K)->37309K(37696K) NonClass: 32883K(33088K)->32883K(33088K) Class: 4425K(4608K)->4425K(4608K)
[2025-04-17T09:21:58.292+0000][86.293s][info][gc             ] GC(695) Pause Young (Allocation Failure) 25M->16M(31M) 1.414ms
[2025-04-17T09:21:58.292+0000][86.293s][info][gc,cpu         ] GC(695) User=0.00s Sys=0.00s Real=0.00s
[2025-04-17T09:21:58.357+0000][86.358s][info][gc,start       ] GC(696) Pause Young (Allocation Failure)
[2025-04-17T09:21:58.358+0000][86.359s][info][gc,heap        ] GC(696) DefNew: 9185K(10176K)->106K(10176K) Eden: 9088K(9088K)->0K(9088K) From: 97K(1088K)->106K(1088K)
[2025-04-17T09:21:58.358+0000][86.359s][info][gc,heap        ] GC(696) Tenured: 16744K(22464K)->16744K(22464K)
[2025-04-17T09:21:58.358+0000][86.359s][info][gc,metaspace   ] GC(696) Metaspace: 37309K(37696K)->37309K(37696K) NonClass: 32883K(33088K)->32883K(33088K) Class: 4425K(4608K)->4425K(4608K)
[2025-04-17T09:21:58.358+0000][86.359s][info][gc             ] GC(696) Pause Young (Allocation Failure) 25M->16M(31M) 1.305ms
[2025-04-17T09:21:58.358+0000][86.359s][info][gc,cpu         ] GC(696) User=0.01s Sys=0.00s Real=0.00s
[2025-04-17T09:21:58.413+0000][86.413s][info][gc,start       ] GC(697) Pause Young (Allocation Failure)
[2025-04-17T09:21:58.414+0000][86.415s][info][gc,heap        ] GC(697) DefNew: 9190K(10176K)->98K(10176K) Eden: 9083K(9088K)->0K(9088K) From: 106K(1088K)->98K(1088K)
[2025-04-17T09:21:58.414+0000][86.415s][info][gc,heap        ] GC(697) Tenured: 16744K(22464K)->16744K(22464K)
[2025-04-17T09:21:58.414+0000][86.415s][info][gc,metaspace   ] GC(697) Metaspace: 37309K(37696K)->37309K(37696K) NonClass: 32883K(33088K)->32883K(33088K) Class: 4425K(4608K)->4425K(4608K)
[2025-04-17T09:21:58.414+0000][86.415s][info][gc             ] GC(697) Pause Young (Allocation Failure) 25M->16M(31M) 1.403ms
[2025-04-17T09:21:58.414+0000][86.415s][info][gc,cpu         ] GC(697) User=0.00s Sys=0.00s Real=0.00s
[2025-04-17T09:21:58.479+0000][86.479s][info][gc,start       ] GC(698) Pause Young (Allocation Failure)
[2025-04-17T09:21:58.480+0000][86.481s][info][gc,heap        ] GC(698) DefNew: 9186K(10176K)->143K(10176K) Eden: 9087K(9088K)->0K(9088K) From: 98K(1088K)->143K(1088K)
[2025-04-17T09:21:58.480+0000][86.481s][info][gc,heap        ] GC(698) Tenured: 16744K(22464K)->16744K(22464K)
[2025-04-17T09:21:58.480+0000][86.481s][info][gc,metaspace   ] GC(698) Metaspace: 37309K(37696K)->37309K(37696K) NonClass: 32883K(33088K)->32883K(33088K) Class: 4425K(4608K)->4425K(4608K)
[2025-04-17T09:21:58.480+0000][86.481s][info][gc             ] GC(698) Pause Young (Allocation Failure) 25M->16M(31M) 1.454ms
[2025-04-17T09:21:58.480+0000][86.481s][info][gc,cpu         ] GC(698) User=0.00s Sys=0.00s Real=0.00s
[2025-04-17T09:21:58.552+0000][86.553s][info][gc,start       ] GC(699) Pause Young (Allocation Failure)
[2025-04-17T09:21:58.553+0000][86.554s][info][gc,heap        ] GC(699) DefNew: 9231K(10176K)->96K(10176K) Eden: 9088K(9088K)->0K(9088K) From: 143K(1088K)->96K(1088K)
[2025-04-17T09:21:58.553+0000][86.554s][info][gc,heap        ] GC(699) Tenured: 16744K(22464K)->16745K(22464K)
[2025-04-17T09:21:58.553+0000][86.554s][info][gc,metaspace   ] GC(699) Metaspace: 37309K(37696K)->37309K(37696K) NonClass: 32883K(33088K)->32883K(33088K) Class: 4425K(4608K)->4425K(4608K)
[2025-04-17T09:21:58.553+0000][86.554s][info][gc             ] GC(699) Pause Young (Allocation Failure) 25M->16M(31M) 1.467ms
[2025-04-17T09:21:58.553+0000][86.554s][info][gc,cpu         ] GC(699) User=0.00s Sys=0.00s Real=0.00s
[2025-04-17T09:21:58.628+0000][86.628s][info][gc,start       ] GC(700) Pause Young (Allocation Failure)
[2025-04-17T09:21:58.629+0000][86.630s][info][gc,heap        ] GC(700) DefNew: 9184K(10176K)->179K(10176K) Eden: 9088K(9088K)->0K(9088K) From: 96K(1088K)->179K(1088K)
[2025-04-17T09:21:58.629+0000][86.630s][info][gc,heap        ] GC(700) Tenured: 16745K(22464K)->16746K(22464K)
[2025-04-17T09:21:58.629+0000][86.630s][info][gc,metaspace   ] GC(700) Metaspace: 37309K(37696K)->37309K(37696K) NonClass: 32883K(33088K)->32883K(33088K) Class: 4425K(4608K)->4425K(4608K)
[2025-04-17T09:21:58.629+0000][86.630s][info][gc             ] GC(700) Pause Young (Allocation Failure) 25M->16M(31M) 1.575ms
[2025-04-17T09:21:58.629+0000][86.630s][info][gc,cpu         ] GC(700) User=0.00s Sys=0.00s Real=0.00s
[2025-04-17T09:21:58.690+0000][86.691s][info][gc,start       ] GC(701) Pause Young (Allocation Failure)
[2025-04-17T09:21:58.691+0000][86.692s][info][gc,heap        ] GC(701) DefNew: 9267K(10176K)->114K(10176K) Eden: 9087K(9088K)->0K(9088K) From: 179K(1088K)->114K(1088K)
[2025-04-17T09:21:58.691+0000][86.692s][info][gc,heap        ] GC(701) Tenured: 16746K(22464K)->16747K(22464K)
[2025-04-17T09:21:58.691+0000][86.692s][info][gc,metaspace   ] GC(701) Metaspace: 37309K(37696K)->37309K(37696K) NonClass: 32883K(33088K)->32883K(33088K) Class: 4425K(4608K)->4425K(4608K)
[2025-04-17T09:21:58.691+0000][86.692s][info][gc             ] GC(701) Pause Young (Allocation Failure) 25M->16M(31M) 1.256ms
[2025-04-17T09:21:58.691+0000][86.692s][info][gc,cpu         ] GC(701) User=0.00s Sys=0.00s Real=0.00s
[2025-04-17T09:21:58.744+0000][86.744s][info][gc,start       ] GC(702) Pause Young (Allocation Failure)
[2025-04-17T09:21:58.745+0000][86.746s][info][gc,heap        ] GC(702) DefNew: 9202K(10176K)->166K(10176K) Eden: 9087K(9088K)->0K(9088K) From: 114K(1088K)->166K(1088K)
[2025-04-17T09:21:58.745+0000][86.746s][info][gc,heap        ] GC(702) Tenured: 16747K(22464K)->16748K(22464K)
[2025-04-17T09:21:58.745+0000][86.746s][info][gc,metaspace   ] GC(702) Metaspace: 37309K(37696K)->37309K(37696K) NonClass: 32883K(33088K)->32883K(33088K) Class: 4425K(4608K)->4425K(4608K)
[2025-04-17T09:21:58.745+0000][86.746s][info][gc             ] GC(702) Pause Young (Allocation Failure) 25M->16M(31M) 1.496ms
[2025-04-17T09:21:58.745+0000][86.746s][info][gc,cpu         ] GC(702) User=0.00s Sys=0.00s Real=0.01s
[2025-04-17T09:21:58.859+0000][86.860s][info][gc,start       ] GC(703) Pause Young (Allocation Failure)
[2025-04-17T09:21:58.861+0000][86.861s][info][gc,heap        ] GC(703) DefNew: 9246K(10176K)->134K(10176K) Eden: 9080K(9088K)->0K(9088K) From: 166K(1088K)->134K(1088K)
[2025-04-17T09:21:58.861+0000][86.861s][info][gc,heap        ] GC(703) Tenured: 16748K(22464K)->16748K(22464K)
[2025-04-17T09:21:58.861+0000][86.861s][info][gc,metaspace   ] GC(703) Metaspace: 37309K(37696K)->37309K(37696K) NonClass: 32883K(33088K)->32883K(33088K) Class: 4425K(4608K)->4425K(4608K)
[2025-04-17T09:21:58.861+0000][86.861s][info][gc             ] GC(703) Pause Young (Allocation Failure) 25M->16M(31M) 1.442ms
[2025-04-17T09:21:58.861+0000][86.861s][info][gc,cpu         ] GC(703) User=0.00s Sys=0.00s Real=0.00s
[2025-04-17T09:21:58.892+0000][86.893s][info][gc,start       ] GC(704) Pause Young (Allocation Failure)
[2025-04-17T09:21:58.894+0000][86.894s][info][gc,heap        ] GC(704) DefNew: 9222K(10176K)->122K(10176K) Eden: 9087K(9088K)->0K(9088K) From: 134K(1088K)->122K(1088K)
[2025-04-17T09:21:58.894+0000][86.894s][info][gc,heap        ] GC(704) Tenured: 16748K(22464K)->16765K(22464K)
[2025-04-17T09:21:58.894+0000][86.894s][info][gc,metaspace   ] GC(704) Metaspace: 37309K(37696K)->37309K(37696K) NonClass: 32883K(33088K)->32883K(33088K) Class: 4425K(4608K)->4425K(4608K)
[2025-04-17T09:21:58.894+0000][86.894s][info][gc             ] GC(704) Pause Young (Allocation Failure) 25M->16M(31M) 1.363ms
[2025-04-17T09:21:58.894+0000][86.894s][info][gc,cpu         ] GC(704) User=0.00s Sys=0.00s Real=0.00s
[2025-04-17T09:21:59.000+0000][87.001s][info][gc,start       ] GC(705) Pause Young (Allocation Failure)
[2025-04-17T09:21:59.001+0000][87.002s][info][gc,heap        ] GC(705) DefNew: 9210K(10176K)->139K(10176K) Eden: 9087K(9088K)->0K(9088K) From: 122K(1088K)->139K(1088K)
[2025-04-17T09:21:59.001+0000][87.002s][info][gc,heap        ] GC(705) Tenured: 16765K(22464K)->16765K(22464K)
[2025-04-17T09:21:59.001+0000][87.002s][info][gc,metaspace   ] GC(705) Metaspace: 37309K(37696K)->37309K(37696K) NonClass: 32883K(33088K)->32883K(33088K) Class: 4425K(4608K)->4425K(4608K)
[2025-04-17T09:21:59.001+0000][87.002s][info][gc             ] GC(705) Pause Young (Allocation Failure) 25M->16M(31M) 1.502ms
[2025-04-17T09:21:59.001+0000][87.002s][info][gc,cpu         ] GC(705) User=0.01s Sys=0.00s Real=0.00s
[2025-04-17T09:21:59.019+0000][87.020s][info][gc,start       ] GC(706) Pause Young (Allocation Failure)
[2025-04-17T09:21:59.021+0000][87.021s][info][gc,heap        ] GC(706) DefNew: 9227K(10176K)->237K(10176K) Eden: 9088K(9088K)->0K(9088K) From: 139K(1088K)->237K(1088K)
[2025-04-17T09:21:59.021+0000][87.021s][info][gc,heap        ] GC(706) Tenured: 16765K(22464K)->16765K(22464K)
[2025-04-17T09:21:59.021+0000][87.021s][info][gc,metaspace   ] GC(706) Metaspace: 37309K(37696K)->37309K(37696K) NonClass: 32883K(33088K)->32883K(33088K) Class: 4425K(4608K)->4425K(4608K)
[2025-04-17T09:21:59.021+0000][87.021s][info][gc             ] GC(706) Pause Young (Allocation Failure) 25M->16M(31M) 1.556ms
[2025-04-17T09:21:59.021+0000][87.021s][info][gc,cpu         ] GC(706) User=0.00s Sys=0.00s Real=0.00s
[2025-04-17T09:21:59.112+0000][87.113s][info][gc,start       ] GC(707) Pause Young (Allocation Failure)
[2025-04-17T09:21:59.113+0000][87.114s][info][gc,heap        ] GC(707) DefNew: 9324K(10176K)->151K(10176K) Eden: 9087K(9088K)->0K(9088K) From: 237K(1088K)->151K(1088K)
[2025-04-17T09:21:59.113+0000][87.114s][info][gc,heap        ] GC(707) Tenured: 16765K(22464K)->16765K(22464K)
[2025-04-17T09:21:59.113+0000][87.114s][info][gc,metaspace   ] GC(707) Metaspace: 37309K(37696K)->37309K(37696K) NonClass: 32883K(33088K)->32883K(33088K) Class: 4425K(4608K)->4425K(4608K)
[2025-04-17T09:21:59.114+0000][87.114s][info][gc             ] GC(707) Pause Young (Allocation Failure) 25M->16M(31M) 1.501ms
[2025-04-17T09:21:59.114+0000][87.114s][info][gc,cpu         ] GC(707) User=0.00s Sys=0.00s Real=0.00s
[2025-04-17T09:21:59.143+0000][87.144s][info][gc,start       ] GC(708) Pause Young (Allocation Failure)
[2025-04-17T09:21:59.145+0000][87.145s][info][gc,heap        ] GC(708) DefNew: 9239K(10176K)->271K(10176K) Eden: 9087K(9088K)->0K(9088K) From: 151K(1088K)->271K(1088K)
[2025-04-17T09:21:59.145+0000][87.145s][info][gc,heap        ] GC(708) Tenured: 16765K(22464K)->16765K(22464K)
[2025-04-17T09:21:59.145+0000][87.145s][info][gc,metaspace   ] GC(708) Metaspace: 37309K(37696K)->37309K(37696K) NonClass: 32883K(33088K)->32883K(33088K) Class: 4425K(4608K)->4425K(4608K)
[2025-04-17T09:21:59.145+0000][87.145s][info][gc             ] GC(708) Pause Young (Allocation Failure) 25M->16M(31M) 1.540ms
[2025-04-17T09:21:59.145+0000][87.145s][info][gc,cpu         ] GC(708) User=0.00s Sys=0.00s Real=0.01s
[2025-04-17T09:21:59.241+0000][87.241s][info][gc,start       ] GC(709) Pause Young (Allocation Failure)
[2025-04-17T09:21:59.242+0000][87.243s][info][gc,heap        ] GC(709) DefNew: 9359K(10176K)->187K(10176K) Eden: 9088K(9088K)->0K(9088K) From: 271K(1088K)->187K(1088K)
[2025-04-17T09:21:59.242+0000][87.243s][info][gc,heap        ] GC(709) Tenured: 16765K(22464K)->16766K(22464K)
[2025-04-17T09:21:59.242+0000][87.243s][info][gc,metaspace   ] GC(709) Metaspace: 37309K(37696K)->37309K(37696K) NonClass: 32883K(33088K)->32883K(33088K) Class: 4425K(4608K)->4425K(4608K)
[2025-04-17T09:21:59.242+0000][87.243s][info][gc             ] GC(709) Pause Young (Allocation Failure) 25M->16M(31M) 1.584ms
[2025-04-17T09:21:59.242+0000][87.243s][info][gc,cpu         ] GC(709) User=0.00s Sys=0.00s Real=0.00s
[2025-04-17T09:21:59.280+0000][87.281s][info][gc,start       ] GC(710) Pause Young (Allocation Failure)
[2025-04-17T09:21:59.281+0000][87.282s][info][gc,heap        ] GC(710) DefNew: 9275K(10176K)->178K(10176K) Eden: 9087K(9088K)->0K(9088K) From: 187K(1088K)->178K(1088K)
[2025-04-17T09:21:59.281+0000][87.282s][info][gc,heap        ] GC(710) Tenured: 16766K(22464K)->16766K(22464K)
[2025-04-17T09:21:59.281+0000][87.282s][info][gc,metaspace   ] GC(710) Metaspace: 37309K(37696K)->37309K(37696K) NonClass: 32883K(33088K)->32883K(33088K) Class: 4425K(4608K)->4425K(4608K)
[2025-04-17T09:21:59.281+0000][87.282s][info][gc             ] GC(710) Pause Young (Allocation Failure) 25M->16M(31M) 1.543ms
[2025-04-17T09:21:59.281+0000][87.282s][info][gc,cpu         ] GC(710) User=0.00s Sys=0.00s Real=0.00s
[2025-04-17T09:21:59.368+0000][87.368s][info][gc,start       ] GC(711) Pause Young (Allocation Failure)
[2025-04-17T09:21:59.369+0000][87.370s][info][gc,heap        ] GC(711) DefNew: 9266K(10176K)->198K(10176K) Eden: 9087K(9088K)->0K(9088K) From: 178K(1088K)->198K(1088K)
[2025-04-17T09:21:59.369+0000][87.370s][info][gc,heap        ] GC(711) Tenured: 16766K(22464K)->16766K(22464K)
[2025-04-17T09:21:59.369+0000][87.370s][info][gc,metaspace   ] GC(711) Metaspace: 37309K(37696K)->37309K(37696K) NonClass: 32883K(33088K)->32883K(33088K) Class: 4425K(4608K)->4425K(4608K)
[2025-04-17T09:21:59.370+0000][87.370s][info][gc             ] GC(711) Pause Young (Allocation Failure) 25M->16M(31M) 1.781ms
[2025-04-17T09:21:59.370+0000][87.370s][info][gc,cpu         ] GC(711) User=0.00s Sys=0.00s Real=0.00s
[2025-04-17T09:21:59.405+0000][87.405s][info][gc,start       ] GC(712) Pause Young (Allocation Failure)
[2025-04-17T09:21:59.406+0000][87.406s][info][gc,heap        ] GC(712) DefNew: 9281K(10176K)->149K(10176K) Eden: 9082K(9088K)->0K(9088K) From: 198K(1088K)->149K(1088K)
[2025-04-17T09:21:59.406+0000][87.406s][info][gc,heap        ] GC(712) Tenured: 16766K(22464K)->16766K(22464K)
[2025-04-17T09:21:59.406+0000][87.406s][info][gc,metaspace   ] GC(712) Metaspace: 37309K(37696K)->37309K(37696K) NonClass: 32883K(33088K)->32883K(33088K) Class: 4425K(4608K)->4425K(4608K)
[2025-04-17T09:21:59.406+0000][87.406s][info][gc             ] GC(712) Pause Young (Allocation Failure) 25M->16M(31M) 1.284ms
[2025-04-17T09:21:59.406+0000][87.406s][info][gc,cpu         ] GC(712) User=0.01s Sys=0.00s Real=0.00s
[2025-04-17T09:21:59.486+0000][87.487s][info][gc,start       ] GC(713) Pause Young (Allocation Failure)
[2025-04-17T09:21:59.488+0000][87.489s][info][gc,heap        ] GC(713) DefNew: 9237K(10176K)->353K(10176K) Eden: 9088K(9088K)->0K(9088K) From: 149K(1088K)->353K(1088K)
[2025-04-17T09:21:59.488+0000][87.489s][info][gc,heap        ] GC(713) Tenured: 16766K(22464K)->16766K(22464K)
[2025-04-17T09:21:59.488+0000][87.489s][info][gc,metaspace   ] GC(713) Metaspace: 37309K(37696K)->37309K(37696K) NonClass: 32883K(33088K)->32883K(33088K) Class: 4425K(4608K)->4425K(4608K)
[2025-04-17T09:21:59.488+0000][87.489s][info][gc             ] GC(713) Pause Young (Allocation Failure) 25M->16M(31M) 1.801ms
[2025-04-17T09:21:59.488+0000][87.489s][info][gc,cpu         ] GC(713) User=0.00s Sys=0.00s Real=0.00s
[2025-04-17T09:21:59.528+0000][87.528s][info][gc,start       ] GC(714) Pause Young (Allocation Failure)
[2025-04-17T09:21:59.529+0000][87.530s][info][gc,heap        ] GC(714) DefNew: 9441K(10176K)->180K(10176K) Eden: 9088K(9088K)->0K(9088K) From: 353K(1088K)->180K(1088K)
[2025-04-17T09:21:59.529+0000][87.530s][info][gc,heap        ] GC(714) Tenured: 16766K(22464K)->16766K(22464K)
[2025-04-17T09:21:59.529+0000][87.530s][info][gc,metaspace   ] GC(714) Metaspace: 37309K(37696K)->37309K(37696K) NonClass: 32883K(33088K)->32883K(33088K) Class: 4425K(4608K)->4425K(4608K)
[2025-04-17T09:21:59.529+0000][87.530s][info][gc             ] GC(714) Pause Young (Allocation Failure) 25M->16M(31M) 1.569ms
[2025-04-17T09:21:59.529+0000][87.530s][info][gc,cpu         ] GC(714) User=0.00s Sys=0.00s Real=0.00s
[2025-04-17T09:21:59.608+0000][87.609s][info][gc,start       ] GC(715) Pause Young (Allocation Failure)
[2025-04-17T09:21:59.610+0000][87.610s][info][gc,heap        ] GC(715) DefNew: 9268K(10176K)->291K(10176K) Eden: 9088K(9088K)->0K(9088K) From: 180K(1088K)->291K(1088K)
[2025-04-17T09:21:59.610+0000][87.610s][info][gc,heap        ] GC(715) Tenured: 16766K(22464K)->16767K(22464K)
[2025-04-17T09:21:59.610+0000][87.610s][info][gc,metaspace   ] GC(715) Metaspace: 37309K(37696K)->37309K(37696K) NonClass: 32883K(33088K)->32883K(33088K) Class: 4425K(4608K)->4425K(4608K)
[2025-04-17T09:21:59.610+0000][87.611s][info][gc             ] GC(715) Pause Young (Allocation Failure) 25M->16M(31M) 1.688ms
[2025-04-17T09:21:59.610+0000][87.611s][info][gc,cpu         ] GC(715) User=0.00s Sys=0.00s Real=0.00s
[2025-04-17T09:21:59.676+0000][87.677s][info][gc,start       ] GC(716) Pause Young (Allocation Failure)
[2025-04-17T09:21:59.678+0000][87.679s][info][gc,heap        ] GC(716) DefNew: 9379K(10176K)->154K(10176K) Eden: 9088K(9088K)->0K(9088K) From: 291K(1088K)->154K(1088K)
[2025-04-17T09:21:59.678+0000][87.679s][info][gc,heap        ] GC(716) Tenured: 16767K(22464K)->16799K(22464K)
[2025-04-17T09:21:59.678+0000][87.679s][info][gc,metaspace   ] GC(716) Metaspace: 37309K(37696K)->37309K(37696K) NonClass: 32883K(33088K)->32883K(33088K) Class: 4425K(4608K)->4425K(4608K)
[2025-04-17T09:21:59.678+0000][87.679s][info][gc             ] GC(716) Pause Young (Allocation Failure) 25M->16M(31M) 1.740ms
[2025-04-17T09:21:59.678+0000][87.679s][info][gc,cpu         ] GC(716) User=0.00s Sys=0.00s Real=0.00s
[2025-04-17T09:21:59.723+0000][87.724s][info][gc,start       ] GC(717) Pause Young (Allocation Failure)
[2025-04-17T09:21:59.725+0000][87.725s][info][gc,heap        ] GC(717) DefNew: 9242K(10176K)->141K(10176K) Eden: 9088K(9088K)->0K(9088K) From: 154K(1088K)->141K(1088K)
[2025-04-17T09:21:59.725+0000][87.725s][info][gc,heap        ] GC(717) Tenured: 16799K(22464K)->16799K(22464K)
[2025-04-17T09:21:59.725+0000][87.725s][info][gc,metaspace   ] GC(717) Metaspace: 37309K(37696K)->37309K(37696K) NonClass: 32883K(33088K)->32883K(33088K) Class: 4425K(4608K)->4425K(4608K)
[2025-04-17T09:21:59.725+0000][87.725s][info][gc             ] GC(717) Pause Young (Allocation Failure) 25M->16M(31M) 1.409ms
[2025-04-17T09:21:59.725+0000][87.725s][info][gc,cpu         ] GC(717) User=0.00s Sys=0.00s Real=0.01s
[2025-04-17T09:21:59.819+0000][87.820s][info][gc,start       ] GC(718) Pause Young (Allocation Failure)
[2025-04-17T09:21:59.821+0000][87.821s][info][gc,heap        ] GC(718) DefNew: 9229K(10176K)->128K(10176K) Eden: 9088K(9088K)->0K(9088K) From: 141K(1088K)->128K(1088K)
[2025-04-17T09:21:59.821+0000][87.821s][info][gc,heap        ] GC(718) Tenured: 16799K(22464K)->16800K(22464K)
[2025-04-17T09:21:59.821+0000][87.821s][info][gc,metaspace   ] GC(718) Metaspace: 37309K(37696K)->37309K(37696K) NonClass: 32883K(33088K)->32883K(33088K) Class: 4425K(4608K)->4425K(4608K)
[2025-04-17T09:21:59.821+0000][87.821s][info][gc             ] GC(718) Pause Young (Allocation Failure) 25M->16M(31M) 1.554ms
[2025-04-17T09:21:59.821+0000][87.821s][info][gc,cpu         ] GC(718) User=0.01s Sys=0.00s Real=0.00s
[2025-04-17T09:21:59.839+0000][87.840s][info][gc,start       ] GC(719) Pause Young (Allocation Failure)
[2025-04-17T09:21:59.840+0000][87.841s][info][gc,heap        ] GC(719) DefNew: 9216K(10176K)->185K(10176K) Eden: 9088K(9088K)->0K(9088K) From: 128K(1088K)->185K(1088K)
[2025-04-17T09:21:59.840+0000][87.841s][info][gc,heap        ] GC(719) Tenured: 16800K(22464K)->16800K(22464K)
[2025-04-17T09:21:59.840+0000][87.841s][info][gc,metaspace   ] GC(719) Metaspace: 37309K(37696K)->37309K(37696K) NonClass: 32883K(33088K)->32883K(33088K) Class: 4425K(4608K)->4425K(4608K)
[2025-04-17T09:21:59.840+0000][87.841s][info][gc             ] GC(719) Pause Young (Allocation Failure) 25M->16M(31M) 1.262ms
[2025-04-17T09:21:59.840+0000][87.841s][info][gc,cpu         ] GC(719) User=0.00s Sys=0.00s Real=0.00s
[2025-04-17T09:21:59.933+0000][87.933s][info][gc,start       ] GC(720) Pause Young (Allocation Failure)
[2025-04-17T09:21:59.934+0000][87.935s][info][gc,heap        ] GC(720) DefNew: 9273K(10176K)->131K(10176K) Eden: 9087K(9088K)->0K(9088K) From: 185K(1088K)->131K(1088K)
[2025-04-17T09:21:59.934+0000][87.935s][info][gc,heap        ] GC(720) Tenured: 16800K(22464K)->16800K(22464K)
[2025-04-17T09:21:59.934+0000][87.935s][info][gc,metaspace   ] GC(720) Metaspace: 37309K(37696K)->37309K(37696K) NonClass: 32883K(33088K)->32883K(33088K) Class: 4425K(4608K)->4425K(4608K)
[2025-04-17T09:21:59.934+0000][87.935s][info][gc             ] GC(720) Pause Young (Allocation Failure) 25M->16M(31M) 1.502ms
[2025-04-17T09:21:59.934+0000][87.935s][info][gc,cpu         ] GC(720) User=0.00s Sys=0.00s Real=0.01s
[2025-04-17T09:21:59.954+0000][87.955s][info][gc,start       ] GC(721) Pause Young (Allocation Failure)
[2025-04-17T09:21:59.955+0000][87.956s][info][gc,heap        ] GC(721) DefNew: 9219K(10176K)->96K(10176K) Eden: 9087K(9088K)->0K(9088K) From: 131K(1088K)->96K(1088K)
[2025-04-17T09:21:59.955+0000][87.956s][info][gc,heap        ] GC(721) Tenured: 16800K(22464K)->16831K(22464K)
[2025-04-17T09:21:59.955+0000][87.956s][info][gc,metaspace   ] GC(721) Metaspace: 37309K(37696K)->37309K(37696K) NonClass: 32883K(33088K)->32883K(33088K) Class: 4425K(4608K)->4425K(4608K)
[2025-04-17T09:21:59.955+0000][87.956s][info][gc             ] GC(721) Pause Young (Allocation Failure) 25M->16M(31M) 1.178ms
[2025-04-17T09:21:59.955+0000][87.956s][info][gc,cpu         ] GC(721) User=0.00s Sys=0.00s Real=0.00s
[2025-04-17T09:22:00.057+0000][88.057s][info][gc,start       ] GC(722) Pause Young (Allocation Failure)
[2025-04-17T09:22:00.058+0000][88.059s][info][gc,heap        ] GC(722) DefNew: 9184K(10176K)->167K(10176K) Eden: 9088K(9088K)->0K(9088K) From: 96K(1088K)->167K(1088K)
[2025-04-17T09:22:00.058+0000][88.059s][info][gc,heap        ] GC(722) Tenured: 16831K(22464K)->16834K(22464K)
[2025-04-17T09:22:00.058+0000][88.059s][info][gc,metaspace   ] GC(722) Metaspace: 37309K(37696K)->37309K(37696K) NonClass: 32883K(33088K)->32883K(33088K) Class: 4425K(4608K)->4425K(4608K)
[2025-04-17T09:22:00.058+0000][88.059s][info][gc             ] GC(722) Pause Young (Allocation Failure) 25M->16M(31M) 1.781ms
[2025-04-17T09:22:00.058+0000][88.059s][info][gc,cpu         ] GC(722) User=0.00s Sys=0.00s Real=0.00s
[2025-04-17T09:22:00.099+0000][88.100s][info][gc,start       ] GC(723) Pause Young (Allocation Failure)
[2025-04-17T09:22:00.100+0000][88.101s][info][gc,heap        ] GC(723) DefNew: 9255K(10176K)->125K(10176K) Eden: 9088K(9088K)->0K(9088K) From: 167K(1088K)->125K(1088K)
[2025-04-17T09:22:00.101+0000][88.101s][info][gc,heap        ] GC(723) Tenured: 16834K(22464K)->16834K(22464K)
[2025-04-17T09:22:00.101+0000][88.101s][info][gc,metaspace   ] GC(723) Metaspace: 37309K(37696K)->37309K(37696K) NonClass: 32883K(33088K)->32883K(33088K) Class: 4425K(4608K)->4425K(4608K)
[2025-04-17T09:22:00.101+0000][88.101s][info][gc             ] GC(723) Pause Young (Allocation Failure) 25M->16M(31M) 1.487ms
[2025-04-17T09:22:00.101+0000][88.101s][info][gc,cpu         ] GC(723) User=0.00s Sys=0.00s Real=0.00s
[2025-04-17T09:22:00.170+0000][88.171s][info][gc,start       ] GC(724) Pause Young (Allocation Failure)
[2025-04-17T09:22:00.172+0000][88.172s][info][gc,heap        ] GC(724) DefNew: 9213K(10176K)->120K(10176K) Eden: 9088K(9088K)->0K(9088K) From: 125K(1088K)->120K(1088K)
[2025-04-17T09:22:00.172+0000][88.172s][info][gc,heap        ] GC(724) Tenured: 16834K(22464K)->16852K(22464K)
[2025-04-17T09:22:00.172+0000][88.172s][info][gc,metaspace   ] GC(724) Metaspace: 37309K(37696K)->37309K(37696K) NonClass: 32883K(33088K)->32883K(33088K) Class: 4425K(4608K)->4425K(4608K)
[2025-04-17T09:22:00.172+0000][88.172s][info][gc             ] GC(724) Pause Young (Allocation Failure) 25M->16M(31M) 1.529ms
[2025-04-17T09:22:00.172+0000][88.172s][info][gc,cpu         ] GC(724) User=0.00s Sys=0.00s Real=0.00s
[2025-04-17T09:22:00.236+0000][88.237s][info][gc,start       ] GC(725) Pause Young (Allocation Failure)
[2025-04-17T09:22:00.238+0000][88.238s][info][gc,heap        ] GC(725) DefNew: 9208K(10176K)->99K(10176K) Eden: 9088K(9088K)->0K(9088K) From: 120K(1088K)->99K(1088K)
[2025-04-17T09:22:00.238+0000][88.238s][info][gc,heap        ] GC(725) Tenured: 16852K(22464K)->16852K(22464K)
[2025-04-17T09:22:00.238+0000][88.238s][info][gc,metaspace   ] GC(725) Metaspace: 37309K(37696K)->37309K(37696K) NonClass: 32883K(33088K)->32883K(33088K) Class: 4425K(4608K)->4425K(4608K)
[2025-04-17T09:22:00.238+0000][88.238s][info][gc             ] GC(725) Pause Young (Allocation Failure) 25M->16M(31M) 1.424ms
[2025-04-17T09:22:00.238+0000][88.238s][info][gc,cpu         ] GC(725) User=0.00s Sys=0.00s Real=0.00s
[2025-04-17T09:22:00.289+0000][88.289s][info][gc,start       ] GC(726) Pause Young (Allocation Failure)
[2025-04-17T09:22:00.290+0000][88.291s][info][gc,heap        ] GC(726) DefNew: 9187K(10176K)->102K(10176K) Eden: 9088K(9088K)->0K(9088K) From: 99K(1088K)->102K(1088K)
[2025-04-17T09:22:00.290+0000][88.291s][info][gc,heap        ] GC(726) Tenured: 16852K(22464K)->16852K(22464K)
[2025-04-17T09:22:00.290+0000][88.291s][info][gc,metaspace   ] GC(726) Metaspace: 37309K(37696K)->37309K(37696K) NonClass: 32883K(33088K)->32883K(33088K) Class: 4425K(4608K)->4425K(4608K)
[2025-04-17T09:22:00.290+0000][88.291s][info][gc             ] GC(726) Pause Young (Allocation Failure) 25M->16M(31M) 1.504ms
[2025-04-17T09:22:00.290+0000][88.291s][info][gc,cpu         ] GC(726) User=0.01s Sys=0.00s Real=0.00s
[2025-04-17T09:22:00.376+0000][88.377s][info][gc,start       ] GC(727) Pause Young (Allocation Failure)
[2025-04-17T09:22:00.377+0000][88.378s][info][gc,heap        ] GC(727) DefNew: 9190K(10176K)->98K(10176K) Eden: 9088K(9088K)->0K(9088K) From: 102K(1088K)->98K(1088K)
[2025-04-17T09:22:00.377+0000][88.378s][info][gc,heap        ] GC(727) Tenured: 16852K(22464K)->16852K(22464K)
[2025-04-17T09:22:00.377+0000][88.378s][info][gc,metaspace   ] GC(727) Metaspace: 37309K(37696K)->37309K(37696K) NonClass: 32883K(33088K)->32883K(33088K) Class: 4425K(4608K)->4425K(4608K)
[2025-04-17T09:22:00.377+0000][88.378s][info][gc             ] GC(727) Pause Young (Allocation Failure) 25M->16M(31M) 1.504ms
[2025-04-17T09:22:00.377+0000][88.378s][info][gc,cpu         ] GC(727) User=0.00s Sys=0.00s Real=0.00s
[2025-04-17T09:22:00.412+0000][88.413s][info][gc,start       ] GC(728) Pause Young (Allocation Failure)
[2025-04-17T09:22:00.414+0000][88.414s][info][gc,heap        ] GC(728) DefNew: 9186K(10176K)->129K(10176K) Eden: 9088K(9088K)->0K(9088K) From: 98K(1088K)->129K(1088K)
[2025-04-17T09:22:00.414+0000][88.414s][info][gc,heap        ] GC(728) Tenured: 16852K(22464K)->16854K(22464K)
[2025-04-17T09:22:00.414+0000][88.414s][info][gc,metaspace   ] GC(728) Metaspace: 37309K(37696K)->37309K(37696K) NonClass: 32883K(33088K)->32883K(33088K) Class: 4425K(4608K)->4425K(4608K)
[2025-04-17T09:22:00.414+0000][88.414s][info][gc             ] GC(728) Pause Young (Allocation Failure) 25M->16M(31M) 1.908ms
[2025-04-17T09:22:00.414+0000][88.414s][info][gc,cpu         ] GC(728) User=0.00s Sys=0.00s Real=0.00s
[2025-04-17T09:22:00.490+0000][88.491s][info][gc,start       ] GC(729) Pause Young (Allocation Failure)
[2025-04-17T09:22:00.492+0000][88.492s][info][gc,heap        ] GC(729) DefNew: 9217K(10176K)->140K(10176K) Eden: 9088K(9088K)->0K(9088K) From: 129K(1088K)->140K(1088K)
[2025-04-17T09:22:00.492+0000][88.492s][info][gc,heap        ] GC(729) Tenured: 16854K(22464K)->16855K(22464K)
[2025-04-17T09:22:00.492+0000][88.492s][info][gc,metaspace   ] GC(729) Metaspace: 37309K(37696K)->37309K(37696K) NonClass: 32883K(33088K)->32883K(33088K) Class: 4425K(4608K)->4425K(4608K)
[2025-04-17T09:22:00.492+0000][88.492s][info][gc             ] GC(729) Pause Young (Allocation Failure) 25M->16M(31M) 1.611ms
[2025-04-17T09:22:00.492+0000][88.492s][info][gc,cpu         ] GC(729) User=0.00s Sys=0.00s Real=0.00s
[2025-04-17T09:22:00.551+0000][88.551s][info][gc,start       ] GC(730) Pause Young (Allocation Failure)
[2025-04-17T09:22:00.552+0000][88.553s][info][gc,heap        ] GC(730) DefNew: 9228K(10176K)->96K(10176K) Eden: 9088K(9088K)->0K(9088K) From: 140K(1088K)->96K(1088K)
[2025-04-17T09:22:00.552+0000][88.553s][info][gc,heap        ] GC(730) Tenured: 16855K(22464K)->16856K(22464K)
[2025-04-17T09:22:00.552+0000][88.553s][info][gc,metaspace   ] GC(730) Metaspace: 37309K(37696K)->37309K(37696K) NonClass: 32883K(33088K)->32883K(33088K) Class: 4425K(4608K)->4425K(4608K)
[2025-04-17T09:22:00.552+0000][88.553s][info][gc             ] GC(730) Pause Young (Allocation Failure) 25M->16M(31M) 1.447ms
[2025-04-17T09:22:00.552+0000][88.553s][info][gc,cpu         ] GC(730) User=0.00s Sys=0.00s Real=0.00s
[2025-04-17T09:22:00.608+0000][88.609s][info][gc,start       ] GC(731) Pause Young (Allocation Failure)
[2025-04-17T09:22:00.610+0000][88.611s][info][gc,heap        ] GC(731) DefNew: 9184K(10176K)->138K(10176K) Eden: 9088K(9088K)->0K(9088K) From: 96K(1088K)->138K(1088K)
[2025-04-17T09:22:00.610+0000][88.611s][info][gc,heap        ] GC(731) Tenured: 16856K(22464K)->16858K(22464K)
[2025-04-17T09:22:00.610+0000][88.611s][info][gc,metaspace   ] GC(731) Metaspace: 37309K(37696K)->37309K(37696K) NonClass: 32883K(33088K)->32883K(33088K) Class: 4425K(4608K)->4425K(4608K)
[2025-04-17T09:22:00.610+0000][88.611s][info][gc             ] GC(731) Pause Young (Allocation Failure) 25M->16M(31M) 1.567ms
[2025-04-17T09:22:00.610+0000][88.611s][info][gc,cpu         ] GC(731) User=0.00s Sys=0.00s Real=0.00s
[2025-04-17T09:22:00.672+0000][88.673s][info][gc,start       ] GC(732) Pause Young (Allocation Failure)
[2025-04-17T09:22:00.674+0000][88.675s][info][gc,heap        ] GC(732) DefNew: 9226K(10176K)->110K(10176K) Eden: 9088K(9088K)->0K(9088K) From: 138K(1088K)->110K(1088K)
[2025-04-17T09:22:00.674+0000][88.675s][info][gc,heap        ] GC(732) Tenured: 16858K(22464K)->16858K(22464K)
[2025-04-17T09:22:00.674+0000][88.675s][info][gc,metaspace   ] GC(732) Metaspace: 37309K(37696K)->37309K(37696K) NonClass: 32883K(33088K)->32883K(33088K) Class: 4425K(4608K)->4425K(4608K)
[2025-04-17T09:22:00.674+0000][88.675s][info][gc             ] GC(732) Pause Young (Allocation Failure) 25M->16M(31M) 1.876ms
[2025-04-17T09:22:00.674+0000][88.675s][info][gc,cpu         ] GC(732) User=0.00s Sys=0.00s Real=0.01s
[2025-04-17T09:22:00.726+0000][88.727s][info][gc,start       ] GC(733) Pause Young (Allocation Failure)
[2025-04-17T09:22:00.727+0000][88.728s][info][gc,heap        ] GC(733) DefNew: 9198K(10176K)->115K(10176K) Eden: 9088K(9088K)->0K(9088K) From: 110K(1088K)->115K(1088K)
[2025-04-17T09:22:00.728+0000][88.728s][info][gc,heap        ] GC(733) Tenured: 16858K(22464K)->16858K(22464K)
[2025-04-17T09:22:00.728+0000][88.728s][info][gc,metaspace   ] GC(733) Metaspace: 37309K(37696K)->37309K(37696K) NonClass: 32883K(33088K)->32883K(33088K) Class: 4425K(4608K)->4425K(4608K)
[2025-04-17T09:22:00.728+0000][88.728s][info][gc             ] GC(733) Pause Young (Allocation Failure) 25M->16M(31M) 1.355ms
[2025-04-17T09:22:00.728+0000][88.728s][info][gc,cpu         ] GC(733) User=0.01s Sys=0.00s Real=0.00s
[2025-04-17T09:22:00.791+0000][88.792s][info][gc,start       ] GC(734) Pause Young (Allocation Failure)
[2025-04-17T09:22:00.793+0000][88.793s][info][gc,heap        ] GC(734) DefNew: 9203K(10176K)->131K(10176K) Eden: 9087K(9088K)->0K(9088K) From: 115K(1088K)->131K(1088K)
[2025-04-17T09:22:00.793+0000][88.793s][info][gc,heap        ] GC(734) Tenured: 16858K(22464K)->16858K(22464K)
[2025-04-17T09:22:00.793+0000][88.793s][info][gc,metaspace   ] GC(734) Metaspace: 37309K(37696K)->37309K(37696K) NonClass: 32883K(33088K)->32883K(33088K) Class: 4425K(4608K)->4425K(4608K)
[2025-04-17T09:22:00.793+0000][88.793s][info][gc             ] GC(734) Pause Young (Allocation Failure) 25M->16M(31M) 1.444ms
[2025-04-17T09:22:00.793+0000][88.793s][info][gc,cpu         ] GC(734) User=0.00s Sys=0.00s Real=0.00s
[2025-04-17T09:22:00.846+0000][88.847s][info][gc,start       ] GC(735) Pause Young (Allocation Failure)
[2025-04-17T09:22:00.847+0000][88.848s][info][gc,heap        ] GC(735) DefNew: 9219K(10176K)->88K(10176K) Eden: 9088K(9088K)->0K(9088K) From: 131K(1088K)->88K(1088K)
[2025-04-17T09:22:00.847+0000][88.848s][info][gc,heap        ] GC(735) Tenured: 16858K(22464K)->16858K(22464K)
[2025-04-17T09:22:00.847+0000][88.848s][info][gc,metaspace   ] GC(735) Metaspace: 37309K(37696K)->37309K(37696K) NonClass: 32883K(33088K)->32883K(33088K) Class: 4425K(4608K)->4425K(4608K)
[2025-04-17T09:22:00.847+0000][88.848s][info][gc             ] GC(735) Pause Young (Allocation Failure) 25M->16M(31M) 1.351ms
[2025-04-17T09:22:00.847+0000][88.848s][info][gc,cpu         ] GC(735) User=0.00s Sys=0.00s Real=0.00s
[2025-04-17T09:22:00.901+0000][88.901s][info][gc,start       ] GC(736) Pause Young (Allocation Failure)
[2025-04-17T09:22:00.902+0000][88.903s][info][gc,heap        ] GC(736) DefNew: 9176K(10176K)->96K(10176K) Eden: 9088K(9088K)->0K(9088K) From: 88K(1088K)->96K(1088K)
[2025-04-17T09:22:00.902+0000][88.903s][info][gc,heap        ] GC(736) Tenured: 16858K(22464K)->16858K(22464K)
[2025-04-17T09:22:00.902+0000][88.903s][info][gc,metaspace   ] GC(736) Metaspace: 37309K(37696K)->37309K(37696K) NonClass: 32883K(33088K)->32883K(33088K) Class: 4425K(4608K)->4425K(4608K)
[2025-04-17T09:22:00.902+0000][88.903s][info][gc             ] GC(736) Pause Young (Allocation Failure) 25M->16M(31M) 1.387ms
[2025-04-17T09:22:00.902+0000][88.903s][info][gc,cpu         ] GC(736) User=0.00s Sys=0.00s Real=0.00s
[2025-04-17T09:22:00.967+0000][88.968s][info][gc,start       ] GC(737) Pause Young (Allocation Failure)
[2025-04-17T09:22:00.968+0000][88.969s][info][gc,heap        ] GC(737) DefNew: 9184K(10176K)->113K(10176K) Eden: 9088K(9088K)->0K(9088K) From: 96K(1088K)->113K(1088K)
[2025-04-17T09:22:00.969+0000][88.969s][info][gc,heap        ] GC(737) Tenured: 16858K(22464K)->16858K(22464K)
[2025-04-17T09:22:00.969+0000][88.969s][info][gc,metaspace   ] GC(737) Metaspace: 37309K(37696K)->37309K(37696K) NonClass: 32883K(33088K)->32883K(33088K) Class: 4425K(4608K)->4425K(4608K)
[2025-04-17T09:22:00.969+0000][88.969s][info][gc             ] GC(737) Pause Young (Allocation Failure) 25M->16M(31M) 1.412ms
[2025-04-17T09:22:00.969+0000][88.969s][info][gc,cpu         ] GC(737) User=0.00s Sys=0.00s Real=0.00s
[2025-04-17T09:22:01.017+0000][89.017s][info][gc,start       ] GC(738) Pause Young (Allocation Failure)
[2025-04-17T09:22:01.018+0000][89.019s][info][gc,heap        ] GC(738) DefNew: 9201K(10176K)->96K(10176K) Eden: 9088K(9088K)->0K(9088K) From: 113K(1088K)->96K(1088K)
[2025-04-17T09:22:01.018+0000][89.019s][info][gc,heap        ] GC(738) Tenured: 16858K(22464K)->16859K(22464K)
[2025-04-17T09:22:01.018+0000][89.019s][info][gc,metaspace   ] GC(738) Metaspace: 37309K(37696K)->37309K(37696K) NonClass: 32883K(33088K)->32883K(33088K) Class: 4425K(4608K)->4425K(4608K)
[2025-04-17T09:22:01.018+0000][89.019s][info][gc             ] GC(738) Pause Young (Allocation Failure) 25M->16M(31M) 1.425ms
[2025-04-17T09:22:01.018+0000][89.019s][info][gc,cpu         ] GC(738) User=0.00s Sys=0.00s Real=0.00s
[2025-04-17T09:22:01.080+0000][89.081s][info][gc,start       ] GC(739) Pause Young (Allocation Failure)
[2025-04-17T09:22:01.081+0000][89.082s][info][gc,heap        ] GC(739) DefNew: 9178K(10176K)->117K(10176K) Eden: 9081K(9088K)->0K(9088K) From: 96K(1088K)->117K(1088K)
[2025-04-17T09:22:01.081+0000][89.082s][info][gc,heap        ] GC(739) Tenured: 16859K(22464K)->16859K(22464K)
[2025-04-17T09:22:01.082+0000][89.082s][info][gc,metaspace   ] GC(739) Metaspace: 37309K(37696K)->37309K(37696K) NonClass: 32883K(33088K)->32883K(33088K) Class: 4425K(4608K)->4425K(4608K)
[2025-04-17T09:22:01.082+0000][89.082s][info][gc             ] GC(739) Pause Young (Allocation Failure) 25M->16M(31M) 1.383ms
[2025-04-17T09:22:01.082+0000][89.082s][info][gc,cpu         ] GC(739) User=0.00s Sys=0.00s Real=0.00s
[2025-04-17T09:22:01.142+0000][89.143s][info][gc,start       ] GC(740) Pause Young (Allocation Failure)
[2025-04-17T09:22:01.144+0000][89.144s][info][gc,heap        ] GC(740) DefNew: 9200K(10176K)->128K(10176K) Eden: 9083K(9088K)->0K(9088K) From: 117K(1088K)->128K(1088K)
[2025-04-17T09:22:01.144+0000][89.144s][info][gc,heap        ] GC(740) Tenured: 16859K(22464K)->16861K(22464K)
[2025-04-17T09:22:01.144+0000][89.144s][info][gc,metaspace   ] GC(740) Metaspace: 37309K(37696K)->37309K(37696K) NonClass: 32883K(33088K)->32883K(33088K) Class: 4425K(4608K)->4425K(4608K)
[2025-04-17T09:22:01.144+0000][89.144s][info][gc             ] GC(740) Pause Young (Allocation Failure) 25M->16M(31M) 1.430ms
[2025-04-17T09:22:01.144+0000][89.144s][info][gc,cpu         ] GC(740) User=0.00s Sys=0.00s Real=0.00s
[2025-04-17T09:22:01.206+0000][89.206s][info][gc,start       ] GC(741) Pause Young (Allocation Failure)
[2025-04-17T09:22:01.207+0000][89.208s][info][gc,heap        ] GC(741) DefNew: 9216K(10176K)->179K(10176K) Eden: 9088K(9088K)->0K(9088K) From: 128K(1088K)->179K(1088K)
[2025-04-17T09:22:01.207+0000][89.208s][info][gc,heap        ] GC(741) Tenured: 16861K(22464K)->16861K(22464K)
[2025-04-17T09:22:01.207+0000][89.208s][info][gc,metaspace   ] GC(741) Metaspace: 37309K(37696K)->37309K(37696K) NonClass: 32883K(33088K)->32883K(33088K) Class: 4425K(4608K)->4425K(4608K)
[2025-04-17T09:22:01.207+0000][89.208s][info][gc             ] GC(741) Pause Young (Allocation Failure) 25M->16M(31M) 1.680ms
[2025-04-17T09:22:01.207+0000][89.208s][info][gc,cpu         ] GC(741) User=0.00s Sys=0.00s Real=0.00s
[2025-04-17T09:22:01.279+0000][89.280s][info][gc,start       ] GC(742) Pause Young (Allocation Failure)
[2025-04-17T09:22:01.280+0000][89.281s][info][gc,heap        ] GC(742) DefNew: 9267K(10176K)->99K(10176K) Eden: 9087K(9088K)->0K(9088K) From: 179K(1088K)->99K(1088K)
[2025-04-17T09:22:01.280+0000][89.281s][info][gc,heap        ] GC(742) Tenured: 16861K(22464K)->16862K(22464K)
[2025-04-17T09:22:01.280+0000][89.281s][info][gc,metaspace   ] GC(742) Metaspace: 37309K(37696K)->37309K(37696K) NonClass: 32883K(33088K)->32883K(33088K) Class: 4425K(4608K)->4425K(4608K)
[2025-04-17T09:22:01.280+0000][89.281s][info][gc             ] GC(742) Pause Young (Allocation Failure) 25M->16M(31M) 1.478ms
[2025-04-17T09:22:01.280+0000][89.281s][info][gc,cpu         ] GC(742) User=0.00s Sys=0.00s Real=0.00s
[2025-04-17T09:22:01.323+0000][89.324s][info][gc,start       ] GC(743) Pause Young (Allocation Failure)
[2025-04-17T09:22:01.324+0000][89.325s][info][gc,heap        ] GC(743) DefNew: 9187K(10176K)->140K(10176K) Eden: 9088K(9088K)->0K(9088K) From: 99K(1088K)->140K(1088K)
[2025-04-17T09:22:01.324+0000][89.325s][info][gc,heap        ] GC(743) Tenured: 16862K(22464K)->16863K(22464K)
[2025-04-17T09:22:01.324+0000][89.325s][info][gc,metaspace   ] GC(743) Metaspace: 37309K(37696K)->37309K(37696K) NonClass: 32883K(33088K)->32883K(33088K) Class: 4425K(4608K)->4425K(4608K)
[2025-04-17T09:22:01.324+0000][89.325s][info][gc             ] GC(743) Pause Young (Allocation Failure) 25M->16M(31M) 1.539ms
[2025-04-17T09:22:01.325+0000][89.325s][info][gc,cpu         ] GC(743) User=0.00s Sys=0.01s Real=0.01s
[2025-04-17T09:22:01.397+0000][89.397s][info][gc,start       ] GC(744) Pause Young (Allocation Failure)
[2025-04-17T09:22:01.398+0000][89.399s][info][gc,heap        ] GC(744) DefNew: 9228K(10176K)->93K(10176K) Eden: 9088K(9088K)->0K(9088K) From: 140K(1088K)->93K(1088K)
[2025-04-17T09:22:01.398+0000][89.399s][info][gc,heap        ] GC(744) Tenured: 16863K(22464K)->16881K(22464K)
[2025-04-17T09:22:01.398+0000][89.399s][info][gc,metaspace   ] GC(744) Metaspace: 37309K(37696K)->37309K(37696K) NonClass: 32883K(33088K)->32883K(33088K) Class: 4425K(4608K)->4425K(4608K)
[2025-04-17T09:22:01.398+0000][89.399s][info][gc             ] GC(744) Pause Young (Allocation Failure) 25M->16M(31M) 1.380ms
[2025-04-17T09:22:01.398+0000][89.399s][info][gc,cpu         ] GC(744) User=0.01s Sys=0.00s Real=0.00s
[2025-04-17T09:22:01.448+0000][89.449s][info][gc,start       ] GC(745) Pause Young (Allocation Failure)
[2025-04-17T09:22:01.449+0000][89.450s][info][gc,heap        ] GC(745) DefNew: 9181K(10176K)->113K(10176K) Eden: 9088K(9088K)->0K(9088K) From: 93K(1088K)->113K(1088K)
[2025-04-17T09:22:01.449+0000][89.450s][info][gc,heap        ] GC(745) Tenured: 16881K(22464K)->16881K(22464K)
[2025-04-17T09:22:01.449+0000][89.450s][info][gc,metaspace   ] GC(745) Metaspace: 37309K(37696K)->37309K(37696K) NonClass: 32883K(33088K)->32883K(33088K) Class: 4425K(4608K)->4425K(4608K)
[2025-04-17T09:22:01.449+0000][89.450s][info][gc             ] GC(745) Pause Young (Allocation Failure) 25M->16M(31M) 1.441ms
[2025-04-17T09:22:01.449+0000][89.450s][info][gc,cpu         ] GC(745) User=0.00s Sys=0.00s Real=0.00s
[2025-04-17T09:22:01.515+0000][89.516s][info][gc,start       ] GC(746) Pause Young (Allocation Failure)
[2025-04-17T09:22:01.517+0000][89.517s][info][gc,heap        ] GC(746) DefNew: 9201K(10176K)->131K(10176K) Eden: 9088K(9088K)->0K(9088K) From: 113K(1088K)->131K(1088K)
[2025-04-17T09:22:01.517+0000][89.517s][info][gc,heap        ] GC(746) Tenured: 16881K(22464K)->16881K(22464K)
[2025-04-17T09:22:01.517+0000][89.517s][info][gc,metaspace   ] GC(746) Metaspace: 37309K(37696K)->37309K(37696K) NonClass: 32883K(33088K)->32883K(33088K) Class: 4425K(4608K)->4425K(4608K)
[2025-04-17T09:22:01.517+0000][89.517s][info][gc             ] GC(746) Pause Young (Allocation Failure) 25M->16M(31M) 1.678ms
[2025-04-17T09:22:01.517+0000][89.517s][info][gc,cpu         ] GC(746) User=0.00s Sys=0.00s Real=0.00s
[2025-04-17T09:22:01.581+0000][89.581s][info][gc,start       ] GC(747) Pause Young (Allocation Failure)
[2025-04-17T09:22:01.582+0000][89.583s][info][gc,heap        ] GC(747) DefNew: 9219K(10176K)->152K(10176K) Eden: 9087K(9088K)->0K(9088K) From: 131K(1088K)->152K(1088K)
[2025-04-17T09:22:01.582+0000][89.583s][info][gc,heap        ] GC(747) Tenured: 16881K(22464K)->16881K(22464K)
[2025-04-17T09:22:01.582+0000][89.583s][info][gc,metaspace   ] GC(747) Metaspace: 37309K(37696K)->37309K(37696K) NonClass: 32883K(33088K)->32883K(33088K) Class: 4425K(4608K)->4425K(4608K)
[2025-04-17T09:22:01.582+0000][89.583s][info][gc             ] GC(747) Pause Young (Allocation Failure) 25M->16M(31M) 1.598ms
[2025-04-17T09:22:01.582+0000][89.583s][info][gc,cpu         ] GC(747) User=0.00s Sys=0.00s Real=0.00s
[2025-04-17T09:22:01.652+0000][89.653s][info][gc,start       ] GC(748) Pause Young (Allocation Failure)
[2025-04-17T09:22:01.654+0000][89.655s][info][gc,heap        ] GC(748) DefNew: 9240K(10176K)->96K(10176K) Eden: 9088K(9088K)->0K(9088K) From: 152K(1088K)->96K(1088K)
[2025-04-17T09:22:01.654+0000][89.655s][info][gc,heap        ] GC(748) Tenured: 16881K(22464K)->16881K(22464K)
[2025-04-17T09:22:01.654+0000][89.655s][info][gc,metaspace   ] GC(748) Metaspace: 37309K(37696K)->37309K(37696K) NonClass: 32883K(33088K)->32883K(33088K) Class: 4425K(4608K)->4425K(4608K)
[2025-04-17T09:22:01.654+0000][89.655s][info][gc             ] GC(748) Pause Young (Allocation Failure) 25M->16M(31M) 1.512ms
[2025-04-17T09:22:01.654+0000][89.655s][info][gc,cpu         ] GC(748) User=0.01s Sys=0.00s Real=0.00s
[2025-04-17T09:22:01.693+0000][89.693s][info][gc,start       ] GC(749) Pause Young (Allocation Failure)
[2025-04-17T09:22:01.694+0000][89.695s][info][gc,heap        ] GC(749) DefNew: 9184K(10176K)->115K(10176K) Eden: 9088K(9088K)->0K(9088K) From: 96K(1088K)->115K(1088K)
[2025-04-17T09:22:01.694+0000][89.695s][info][gc,heap        ] GC(749) Tenured: 16881K(22464K)->16881K(22464K)
[2025-04-17T09:22:01.694+0000][89.695s][info][gc,metaspace   ] GC(749) Metaspace: 37309K(37696K)->37309K(37696K) NonClass: 32883K(33088K)->32883K(33088K) Class: 4425K(4608K)->4425K(4608K)
[2025-04-17T09:22:01.694+0000][89.695s][info][gc             ] GC(749) Pause Young (Allocation Failure) 25M->16M(31M) 1.320ms
[2025-04-17T09:22:01.694+0000][89.695s][info][gc,cpu         ] GC(749) User=0.00s Sys=0.00s Real=0.00s
[2025-04-17T09:22:01.769+0000][89.770s][info][gc,start       ] GC(750) Pause Young (Allocation Failure)
[2025-04-17T09:22:01.770+0000][89.771s][info][gc,heap        ] GC(750) DefNew: 9203K(10176K)->135K(10176K) Eden: 9088K(9088K)->0K(9088K) From: 115K(1088K)->135K(1088K)
[2025-04-17T09:22:01.771+0000][89.771s][info][gc,heap        ] GC(750) Tenured: 16881K(22464K)->16881K(22464K)
[2025-04-17T09:22:01.771+0000][89.771s][info][gc,metaspace   ] GC(750) Metaspace: 37309K(37696K)->37309K(37696K) NonClass: 32883K(33088K)->32883K(33088K) Class: 4425K(4608K)->4425K(4608K)
[2025-04-17T09:22:01.771+0000][89.771s][info][gc             ] GC(750) Pause Young (Allocation Failure) 25M->16M(31M) 1.544ms
[2025-04-17T09:22:01.771+0000][89.771s][info][gc,cpu         ] GC(750) User=0.00s Sys=0.00s Real=0.00s
[2025-04-17T09:22:01.821+0000][89.822s][info][gc,start       ] GC(751) Pause Young (Allocation Failure)
[2025-04-17T09:22:01.823+0000][89.823s][info][gc,heap        ] GC(751) DefNew: 9223K(10176K)->98K(10176K) Eden: 9088K(9088K)->0K(9088K) From: 135K(1088K)->98K(1088K)
[2025-04-17T09:22:01.823+0000][89.823s][info][gc,heap        ] GC(751) Tenured: 16881K(22464K)->16881K(22464K)
[2025-04-17T09:22:01.823+0000][89.823s][info][gc,metaspace   ] GC(751) Metaspace: 37309K(37696K)->37309K(37696K) NonClass: 32883K(33088K)->32883K(33088K) Class: 4425K(4608K)->4425K(4608K)
[2025-04-17T09:22:01.823+0000][89.823s][info][gc             ] GC(751) Pause Young (Allocation Failure) 25M->16M(31M) 1.416ms
[2025-04-17T09:22:01.823+0000][89.823s][info][gc,cpu         ] GC(751) User=0.01s Sys=0.00s Real=0.00s
[2025-04-17T09:22:01.880+0000][89.881s][info][gc,start       ] GC(752) Pause Young (Allocation Failure)
[2025-04-17T09:22:01.882+0000][89.882s][info][gc,heap        ] GC(752) DefNew: 9186K(10176K)->87K(10176K) Eden: 9088K(9088K)->0K(9088K) From: 98K(1088K)->87K(1088K)
[2025-04-17T09:22:01.882+0000][89.882s][info][gc,heap        ] GC(752) Tenured: 16881K(22464K)->16882K(22464K)
[2025-04-17T09:22:01.882+0000][89.882s][info][gc,metaspace   ] GC(752) Metaspace: 37309K(37696K)->37309K(37696K) NonClass: 32883K(33088K)->32883K(33088K) Class: 4425K(4608K)->4425K(4608K)
[2025-04-17T09:22:01.882+0000][89.882s][info][gc             ] GC(752) Pause Young (Allocation Failure) 25M->16M(31M) 1.358ms
[2025-04-17T09:22:01.882+0000][89.882s][info][gc,cpu         ] GC(752) User=0.00s Sys=0.00s Real=0.00s
[2025-04-17T09:22:01.938+0000][89.938s][info][gc,start       ] GC(753) Pause Young (Allocation Failure)
[2025-04-17T09:22:01.939+0000][89.940s][info][gc,heap        ] GC(753) DefNew: 9175K(10176K)->98K(10176K) Eden: 9088K(9088K)->0K(9088K) From: 87K(1088K)->98K(1088K)
[2025-04-17T09:22:01.939+0000][89.940s][info][gc,heap        ] GC(753) Tenured: 16882K(22464K)->16882K(22464K)
[2025-04-17T09:22:01.939+0000][89.940s][info][gc,metaspace   ] GC(753) Metaspace: 37309K(37696K)->37309K(37696K) NonClass: 32883K(33088K)->32883K(33088K) Class: 4425K(4608K)->4425K(4608K)
[2025-04-17T09:22:01.939+0000][89.940s][info][gc             ] GC(753) Pause Young (Allocation Failure) 25M->16M(31M) 1.403ms
[2025-04-17T09:22:01.939+0000][89.940s][info][gc,cpu         ] GC(753) User=0.00s Sys=0.00s Real=0.00s
[2025-04-17T09:22:02.008+0000][90.009s][info][gc,start       ] GC(754) Pause Young (Allocation Failure)
[2025-04-17T09:22:02.010+0000][90.010s][info][gc,heap        ] GC(754) DefNew: 9186K(10176K)->135K(10176K) Eden: 9088K(9088K)->0K(9088K) From: 98K(1088K)->135K(1088K)
[2025-04-17T09:22:02.010+0000][90.010s][info][gc,heap        ] GC(754) Tenured: 16882K(22464K)->16885K(22464K)
[2025-04-17T09:22:02.010+0000][90.010s][info][gc,metaspace   ] GC(754) Metaspace: 37309K(37696K)->37309K(37696K) NonClass: 32883K(33088K)->32883K(33088K) Class: 4425K(4608K)->4425K(4608K)
[2025-04-17T09:22:02.010+0000][90.010s][info][gc             ] GC(754) Pause Young (Allocation Failure) 25M->16M(31M) 1.584ms
[2025-04-17T09:22:02.010+0000][90.010s][info][gc,cpu         ] GC(754) User=0.00s Sys=0.00s Real=0.00s
[2025-04-17T09:22:02.065+0000][90.066s][info][gc,start       ] GC(755) Pause Young (Allocation Failure)
[2025-04-17T09:22:02.067+0000][90.067s][info][gc,heap        ] GC(755) DefNew: 9223K(10176K)->115K(10176K) Eden: 9088K(9088K)->0K(9088K) From: 135K(1088K)->115K(1088K)
[2025-04-17T09:22:02.067+0000][90.067s][info][gc,heap        ] GC(755) Tenured: 16885K(22464K)->16885K(22464K)
[2025-04-17T09:22:02.067+0000][90.067s][info][gc,metaspace   ] GC(755) Metaspace: 37309K(37696K)->37309K(37696K) NonClass: 32883K(33088K)->32883K(33088K) Class: 4425K(4608K)->4425K(4608K)
[2025-04-17T09:22:02.067+0000][90.068s][info][gc             ] GC(755) Pause Young (Allocation Failure) 25M->16M(31M) 1.658ms
[2025-04-17T09:22:02.067+0000][90.068s][info][gc,cpu         ] GC(755) User=0.00s Sys=0.00s Real=0.00s
[2025-04-17T09:22:02.122+0000][90.122s][info][gc,start       ] GC(756) Pause Young (Allocation Failure)
[2025-04-17T09:22:02.123+0000][90.124s][info][gc,heap        ] GC(756) DefNew: 9203K(10176K)->146K(10176K) Eden: 9088K(9088K)->0K(9088K) From: 115K(1088K)->146K(1088K)
[2025-04-17T09:22:02.123+0000][90.124s][info][gc,heap        ] GC(756) Tenured: 16885K(22464K)->16886K(22464K)
[2025-04-17T09:22:02.123+0000][90.124s][info][gc,metaspace   ] GC(756) Metaspace: 37309K(37696K)->37309K(37696K) NonClass: 32883K(33088K)->32883K(33088K) Class: 4425K(4608K)->4425K(4608K)
[2025-04-17T09:22:02.123+0000][90.124s][info][gc             ] GC(756) Pause Young (Allocation Failure) 25M->16M(31M) 1.500ms
[2025-04-17T09:22:02.123+0000][90.124s][info][gc,cpu         ] GC(756) User=0.01s Sys=0.00s Real=0.00s
[2025-04-17T09:22:02.180+0000][90.180s][info][gc,start       ] GC(757) Pause Young (Allocation Failure)
[2025-04-17T09:22:02.181+0000][90.182s][info][gc,heap        ] GC(757) DefNew: 9229K(10176K)->110K(10176K) Eden: 9082K(9088K)->0K(9088K) From: 146K(1088K)->110K(1088K)
[2025-04-17T09:22:02.181+0000][90.182s][info][gc,heap        ] GC(757) Tenured: 16886K(22464K)->16886K(22464K)
[2025-04-17T09:22:02.181+0000][90.182s][info][gc,metaspace   ] GC(757) Metaspace: 37309K(37696K)->37309K(37696K) NonClass: 32883K(33088K)->32883K(33088K) Class: 4425K(4608K)->4425K(4608K)
[2025-04-17T09:22:02.181+0000][90.182s][info][gc             ] GC(757) Pause Young (Allocation Failure) 25M->16M(31M) 1.450ms
[2025-04-17T09:22:02.181+0000][90.182s][info][gc,cpu         ] GC(757) User=0.00s Sys=0.00s Real=0.00s
[2025-04-17T09:22:02.227+0000][90.228s][info][gc,start       ] GC(758) Pause Young (Allocation Failure)
[2025-04-17T09:22:02.228+0000][90.229s][info][gc,heap        ] GC(758) DefNew: 9198K(10176K)->113K(10176K) Eden: 9088K(9088K)->0K(9088K) From: 110K(1088K)->113K(1088K)
[2025-04-17T09:22:02.228+0000][90.229s][info][gc,heap        ] GC(758) Tenured: 16886K(22464K)->16886K(22464K)
[2025-04-17T09:22:02.228+0000][90.229s][info][gc,metaspace   ] GC(758) Metaspace: 37309K(37696K)->37309K(37696K) NonClass: 32883K(33088K)->32883K(33088K) Class: 4425K(4608K)->4425K(4608K)
[2025-04-17T09:22:02.228+0000][90.229s][info][gc             ] GC(758) Pause Young (Allocation Failure) 25M->16M(31M) 1.384ms
[2025-04-17T09:22:02.228+0000][90.229s][info][gc,cpu         ] GC(758) User=0.00s Sys=0.00s Real=0.00s
[2025-04-17T09:22:02.294+0000][90.294s][info][gc,start       ] GC(759) Pause Young (Allocation Failure)
[2025-04-17T09:22:02.295+0000][90.296s][info][gc,heap        ] GC(759) DefNew: 9201K(10176K)->99K(10176K) Eden: 9088K(9088K)->0K(9088K) From: 113K(1088K)->99K(1088K)
[2025-04-17T09:22:02.295+0000][90.296s][info][gc,heap        ] GC(759) Tenured: 16886K(22464K)->16886K(22464K)
[2025-04-17T09:22:02.295+0000][90.296s][info][gc,metaspace   ] GC(759) Metaspace: 37309K(37696K)->37309K(37696K) NonClass: 32883K(33088K)->32883K(33088K) Class: 4425K(4608K)->4425K(4608K)
[2025-04-17T09:22:02.295+0000][90.296s][info][gc             ] GC(759) Pause Young (Allocation Failure) 25M->16M(31M) 1.374ms
[2025-04-17T09:22:02.295+0000][90.296s][info][gc,cpu         ] GC(759) User=0.00s Sys=0.00s Real=0.01s
[2025-04-17T09:22:02.350+0000][90.350s][info][gc,start       ] GC(760) Pause Young (Allocation Failure)
[2025-04-17T09:22:02.351+0000][90.352s][info][gc,heap        ] GC(760) DefNew: 9187K(10176K)->120K(10176K) Eden: 9088K(9088K)->0K(9088K) From: 99K(1088K)->120K(1088K)
[2025-04-17T09:22:02.351+0000][90.352s][info][gc,heap        ] GC(760) Tenured: 16886K(22464K)->16887K(22464K)
[2025-04-17T09:22:02.351+0000][90.352s][info][gc,metaspace   ] GC(760) Metaspace: 37309K(37696K)->37309K(37696K) NonClass: 32883K(33088K)->32883K(33088K) Class: 4425K(4608K)->4425K(4608K)
[2025-04-17T09:22:02.351+0000][90.352s][info][gc             ] GC(760) Pause Young (Allocation Failure) 25M->16M(31M) 1.487ms
[2025-04-17T09:22:02.351+0000][90.352s][info][gc,cpu         ] GC(760) User=0.00s Sys=0.00s Real=0.00s
[2025-04-17T09:22:02.410+0000][90.410s][info][gc,start       ] GC(761) Pause Young (Allocation Failure)
[2025-04-17T09:22:02.411+0000][90.412s][info][gc,heap        ] GC(761) DefNew: 9208K(10176K)->99K(10176K) Eden: 9088K(9088K)->0K(9088K) From: 120K(1088K)->99K(1088K)
[2025-04-17T09:22:02.411+0000][90.412s][info][gc,heap        ] GC(761) Tenured: 16887K(22464K)->16887K(22464K)
[2025-04-17T09:22:02.411+0000][90.412s][info][gc,metaspace   ] GC(761) Metaspace: 37309K(37696K)->37309K(37696K) NonClass: 32883K(33088K)->32883K(33088K) Class: 4425K(4608K)->4425K(4608K)
[2025-04-17T09:22:02.411+0000][90.412s][info][gc             ] GC(761) Pause Young (Allocation Failure) 25M->16M(31M) 1.442ms
[2025-04-17T09:22:02.411+0000][90.412s][info][gc,cpu         ] GC(761) User=0.00s Sys=0.00s Real=0.00s
[2025-04-17T09:22:02.465+0000][90.465s][info][gc,start       ] GC(762) Pause Young (Allocation Failure)
[2025-04-17T09:22:02.466+0000][90.467s][info][gc,heap        ] GC(762) DefNew: 9187K(10176K)->160K(10176K) Eden: 9088K(9088K)->0K(9088K) From: 99K(1088K)->160K(1088K)
[2025-04-17T09:22:02.466+0000][90.467s][info][gc,heap        ] GC(762) Tenured: 16887K(22464K)->16890K(22464K)
[2025-04-17T09:22:02.466+0000][90.467s][info][gc,metaspace   ] GC(762) Metaspace: 37309K(37696K)->37309K(37696K) NonClass: 32883K(33088K)->32883K(33088K) Class: 4425K(4608K)->4425K(4608K)
[2025-04-17T09:22:02.466+0000][90.467s][info][gc             ] GC(762) Pause Young (Allocation Failure) 25M->16M(31M) 1.659ms
[2025-04-17T09:22:02.466+0000][90.467s][info][gc,cpu         ] GC(762) User=0.00s Sys=0.00s Real=0.00s
[2025-04-17T09:22:02.531+0000][90.532s][info][gc,start       ] GC(763) Pause Young (Allocation Failure)
[2025-04-17T09:22:02.532+0000][90.533s][info][gc,heap        ] GC(763) DefNew: 9248K(10176K)->102K(10176K) Eden: 9087K(9088K)->0K(9088K) From: 160K(1088K)->102K(1088K)
[2025-04-17T09:22:02.532+0000][90.533s][info][gc,heap        ] GC(763) Tenured: 16890K(22464K)->16890K(22464K)
[2025-04-17T09:22:02.532+0000][90.533s][info][gc,metaspace   ] GC(763) Metaspace: 37309K(37696K)->37309K(37696K) NonClass: 32883K(33088K)->32883K(33088K) Class: 4425K(4608K)->4425K(4608K)
[2025-04-17T09:22:02.532+0000][90.533s][info][gc             ] GC(763) Pause Young (Allocation Failure) 25M->16M(31M) 1.500ms
[2025-04-17T09:22:02.532+0000][90.533s][info][gc,cpu         ] GC(763) User=0.00s Sys=0.00s Real=0.00s
[2025-04-17T09:22:02.585+0000][90.586s][info][gc,start       ] GC(764) Pause Young (Allocation Failure)
[2025-04-17T09:22:02.587+0000][90.587s][info][gc,heap        ] GC(764) DefNew: 9190K(10176K)->119K(10176K) Eden: 9088K(9088K)->0K(9088K) From: 102K(1088K)->119K(1088K)
[2025-04-17T09:22:02.587+0000][90.587s][info][gc,heap        ] GC(764) Tenured: 16890K(22464K)->16907K(22464K)
[2025-04-17T09:22:02.587+0000][90.587s][info][gc,metaspace   ] GC(764) Metaspace: 37310K(37696K)->37310K(37696K) NonClass: 32884K(33088K)->32884K(33088K) Class: 4425K(4608K)->4425K(4608K)
[2025-04-17T09:22:02.587+0000][90.587s][info][gc             ] GC(764) Pause Young (Allocation Failure) 25M->16M(31M) 1.544ms
[2025-04-17T09:22:02.587+0000][90.588s][info][gc,cpu         ] GC(764) User=0.01s Sys=0.00s Real=0.00s
[2025-04-17T09:22:02.642+0000][90.642s][info][gc,start       ] GC(765) Pause Young (Allocation Failure)
[2025-04-17T09:22:02.643+0000][90.644s][info][gc,heap        ] GC(765) DefNew: 9207K(10176K)->139K(10176K) Eden: 9088K(9088K)->0K(9088K) From: 119K(1088K)->139K(1088K)
[2025-04-17T09:22:02.643+0000][90.644s][info][gc,heap        ] GC(765) Tenured: 16907K(22464K)->16908K(22464K)
[2025-04-17T09:22:02.643+0000][90.644s][info][gc,metaspace   ] GC(765) Metaspace: 37314K(37696K)->37314K(37696K) NonClass: 32889K(33088K)->32889K(33088K) Class: 4425K(4608K)->4425K(4608K)
[2025-04-17T09:22:02.643+0000][90.644s][info][gc             ] GC(765) Pause Young (Allocation Failure) 25M->16M(31M) 1.425ms
[2025-04-17T09:22:02.643+0000][90.644s][info][gc,cpu         ] GC(765) User=0.00s Sys=0.00s Real=0.00s
[2025-04-17T09:22:02.702+0000][90.702s][info][gc,start       ] GC(766) Pause Young (Allocation Failure)
[2025-04-17T09:22:02.703+0000][90.704s][info][gc,heap        ] GC(766) DefNew: 9227K(10176K)->125K(10176K) Eden: 9088K(9088K)->0K(9088K) From: 139K(1088K)->125K(1088K)
[2025-04-17T09:22:02.703+0000][90.704s][info][gc,heap        ] GC(766) Tenured: 16908K(22464K)->16908K(22464K)
[2025-04-17T09:22:02.703+0000][90.704s][info][gc,metaspace   ] GC(766) Metaspace: 37314K(37696K)->37314K(37696K) NonClass: 32889K(33088K)->32889K(33088K) Class: 4425K(4608K)->4425K(4608K)
[2025-04-17T09:22:02.703+0000][90.704s][info][gc             ] GC(766) Pause Young (Allocation Failure) 25M->16M(31M) 1.477ms
[2025-04-17T09:22:02.703+0000][90.704s][info][gc,cpu         ] GC(766) User=0.00s Sys=0.00s Real=0.00s
[2025-04-17T09:22:02.766+0000][90.767s][info][gc,start       ] GC(767) Pause Young (Allocation Failure)
[2025-04-17T09:22:02.767+0000][90.768s][info][gc,heap        ] GC(767) DefNew: 9213K(10176K)->98K(10176K) Eden: 9088K(9088K)->0K(9088K) From: 125K(1088K)->98K(1088K)
[2025-04-17T09:22:02.767+0000][90.768s][info][gc,heap        ] GC(767) Tenured: 16908K(22464K)->16908K(22464K)
[2025-04-17T09:22:02.767+0000][90.768s][info][gc,metaspace   ] GC(767) Metaspace: 37314K(37696K)->37314K(37696K) NonClass: 32889K(33088K)->32889K(33088K) Class: 4425K(4608K)->4425K(4608K)
[2025-04-17T09:22:02.767+0000][90.768s][info][gc             ] GC(767) Pause Young (Allocation Failure) 25M->16M(31M) 1.424ms
[2025-04-17T09:22:02.767+0000][90.768s][info][gc,cpu         ] GC(767) User=0.00s Sys=0.00s Real=0.00s
[2025-04-17T09:22:02.816+0000][90.817s][info][gc,start       ] GC(768) Pause Young (Allocation Failure)
[2025-04-17T09:22:02.817+0000][90.818s][info][gc,heap        ] GC(768) DefNew: 9186K(10176K)->97K(10176K) Eden: 9088K(9088K)->0K(9088K) From: 98K(1088K)->97K(1088K)
[2025-04-17T09:22:02.817+0000][90.818s][info][gc,heap        ] GC(768) Tenured: 16908K(22464K)->16908K(22464K)
[2025-04-17T09:22:02.817+0000][90.818s][info][gc,metaspace   ] GC(768) Metaspace: 37314K(37696K)->37314K(37696K) NonClass: 32889K(33088K)->32889K(33088K) Class: 4425K(4608K)->4425K(4608K)
[2025-04-17T09:22:02.817+0000][90.818s][info][gc             ] GC(768) Pause Young (Allocation Failure) 25M->16M(31M) 1.518ms
[2025-04-17T09:22:02.817+0000][90.818s][info][gc,cpu         ] GC(768) User=0.00s Sys=0.00s Real=0.00s
[2025-04-17T09:22:02.881+0000][90.881s][info][gc,start       ] GC(769) Pause Young (Allocation Failure)
[2025-04-17T09:22:02.882+0000][90.883s][info][gc,heap        ] GC(769) DefNew: 9185K(10176K)->105K(10176K) Eden: 9087K(9088K)->0K(9088K) From: 97K(1088K)->105K(1088K)
[2025-04-17T09:22:02.882+0000][90.883s][info][gc,heap        ] GC(769) Tenured: 16908K(22464K)->16908K(22464K)
[2025-04-17T09:22:02.882+0000][90.883s][info][gc,metaspace   ] GC(769) Metaspace: 37314K(37696K)->37314K(37696K) NonClass: 32889K(33088K)->32889K(33088K) Class: 4425K(4608K)->4425K(4608K)
[2025-04-17T09:22:02.882+0000][90.883s][info][gc             ] GC(769) Pause Young (Allocation Failure) 25M->16M(31M) 1.507ms
[2025-04-17T09:22:02.882+0000][90.883s][info][gc,cpu         ] GC(769) User=0.01s Sys=0.00s Real=0.00s
[2025-04-17T09:22:02.928+0000][90.929s][info][gc,start       ] GC(770) Pause Young (Allocation Failure)
[2025-04-17T09:22:02.929+0000][90.930s][info][gc,heap        ] GC(770) DefNew: 9193K(10176K)->83K(10176K) Eden: 9087K(9088K)->0K(9088K) From: 105K(1088K)->83K(1088K)
[2025-04-17T09:22:02.929+0000][90.930s][info][gc,heap        ] GC(770) Tenured: 16908K(22464K)->16909K(22464K)
[2025-04-17T09:22:02.929+0000][90.930s][info][gc,metaspace   ] GC(770) Metaspace: 37314K(37696K)->37314K(37696K) NonClass: 32889K(33088K)->32889K(33088K) Class: 4425K(4608K)->4425K(4608K)
[2025-04-17T09:22:02.929+0000][90.930s][info][gc             ] GC(770) Pause Young (Allocation Failure) 25M->16M(31M) 1.333ms
[2025-04-17T09:22:02.930+0000][90.930s][info][gc,cpu         ] GC(770) User=0.00s Sys=0.00s Real=0.00s
[2025-04-17T09:22:02.997+0000][90.998s][info][gc,start       ] GC(771) Pause Young (Allocation Failure)
[2025-04-17T09:22:02.999+0000][90.999s][info][gc,heap        ] GC(771) DefNew: 9171K(10176K)->135K(10176K) Eden: 9088K(9088K)->0K(9088K) From: 83K(1088K)->135K(1088K)
[2025-04-17T09:22:02.999+0000][90.999s][info][gc,heap        ] GC(771) Tenured: 16909K(22464K)->16912K(22464K)
[2025-04-17T09:22:02.999+0000][90.999s][info][gc,metaspace   ] GC(771) Metaspace: 37314K(37696K)->37314K(37696K) NonClass: 32889K(33088K)->32889K(33088K) Class: 4425K(4608K)->4425K(4608K)
[2025-04-17T09:22:02.999+0000][90.999s][info][gc             ] GC(771) Pause Young (Allocation Failure) 25M->16M(31M) 1.566ms
[2025-04-17T09:22:02.999+0000][90.999s][info][gc,cpu         ] GC(771) User=0.00s Sys=0.00s Real=0.00s
[2025-04-17T09:22:03.044+0000][91.045s][info][gc,start       ] GC(772) Pause Young (Allocation Failure)
[2025-04-17T09:22:03.046+0000][91.046s][info][gc,heap        ] GC(772) DefNew: 9223K(10176K)->98K(10176K) Eden: 9088K(9088K)->0K(9088K) From: 135K(1088K)->98K(1088K)
[2025-04-17T09:22:03.046+0000][91.046s][info][gc,heap        ] GC(772) Tenured: 16912K(22464K)->16912K(22464K)
[2025-04-17T09:22:03.046+0000][91.046s][info][gc,metaspace   ] GC(772) Metaspace: 37314K(37696K)->37314K(37696K) NonClass: 32889K(33088K)->32889K(33088K) Class: 4425K(4608K)->4425K(4608K)
[2025-04-17T09:22:03.046+0000][91.046s][info][gc             ] GC(772) Pause Young (Allocation Failure) 25M->16M(31M) 1.458ms
[2025-04-17T09:22:03.046+0000][91.046s][info][gc,cpu         ] GC(772) User=0.00s Sys=0.00s Real=0.00s
[2025-04-17T09:22:03.116+0000][91.117s][info][gc,start       ] GC(773) Pause Young (Allocation Failure)
[2025-04-17T09:22:03.118+0000][91.119s][info][gc,heap        ] GC(773) DefNew: 9186K(10176K)->130K(10176K) Eden: 9088K(9088K)->0K(9088K) From: 98K(1088K)->130K(1088K)
[2025-04-17T09:22:03.118+0000][91.119s][info][gc,heap        ] GC(773) Tenured: 16912K(22464K)->16912K(22464K)
[2025-04-17T09:22:03.118+0000][91.119s][info][gc,metaspace   ] GC(773) Metaspace: 37314K(37696K)->37314K(37696K) NonClass: 32889K(33088K)->32889K(33088K) Class: 4425K(4608K)->4425K(4608K)
[2025-04-17T09:22:03.118+0000][91.119s][info][gc             ] GC(773) Pause Young (Allocation Failure) 25M->16M(31M) 2.261ms
[2025-04-17T09:22:03.118+0000][91.119s][info][gc,cpu         ] GC(773) User=0.00s Sys=0.00s Real=0.00s
[2025-04-17T09:22:03.159+0000][91.160s][info][gc,start       ] GC(774) Pause Young (Allocation Failure)
[2025-04-17T09:22:03.160+0000][91.161s][info][gc,heap        ] GC(774) DefNew: 9218K(10176K)->83K(10176K) Eden: 9088K(9088K)->0K(9088K) From: 130K(1088K)->83K(1088K)
[2025-04-17T09:22:03.160+0000][91.161s][info][gc,heap        ] GC(774) Tenured: 16912K(22464K)->16912K(22464K)
[2025-04-17T09:22:03.160+0000][91.161s][info][gc,metaspace   ] GC(774) Metaspace: 37314K(37696K)->37314K(37696K) NonClass: 32889K(33088K)->32889K(33088K) Class: 4425K(4608K)->4425K(4608K)
[2025-04-17T09:22:03.160+0000][91.161s][info][gc             ] GC(774) Pause Young (Allocation Failure) 25M->16M(31M) 1.375ms
[2025-04-17T09:22:03.160+0000][91.161s][info][gc,cpu         ] GC(774) User=0.01s Sys=0.00s Real=0.00s
[2025-04-17T09:22:03.234+0000][91.235s][info][gc,start       ] GC(775) Pause Young (Allocation Failure)
[2025-04-17T09:22:03.236+0000][91.236s][info][gc,heap        ] GC(775) DefNew: 9171K(10176K)->72K(10176K) Eden: 9087K(9088K)->0K(9088K) From: 83K(1088K)->72K(1088K)
[2025-04-17T09:22:03.236+0000][91.236s][info][gc,heap        ] GC(775) Tenured: 16912K(22464K)->16912K(22464K)
[2025-04-17T09:22:03.236+0000][91.236s][info][gc,metaspace   ] GC(775) Metaspace: 37314K(37696K)->37314K(37696K) NonClass: 32889K(33088K)->32889K(33088K) Class: 4425K(4608K)->4425K(4608K)
[2025-04-17T09:22:03.236+0000][91.236s][info][gc             ] GC(775) Pause Young (Allocation Failure) 25M->16M(31M) 1.245ms
[2025-04-17T09:22:03.236+0000][91.236s][info][gc,cpu         ] GC(775) User=0.00s Sys=0.00s Real=0.00s
[2025-04-17T09:22:03.284+0000][91.285s][info][gc,start       ] GC(776) Pause Young (Allocation Failure)
[2025-04-17T09:22:03.285+0000][91.286s][info][gc,heap        ] GC(776) DefNew: 9160K(10176K)->89K(10176K) Eden: 9088K(9088K)->0K(9088K) From: 72K(1088K)->89K(1088K)
[2025-04-17T09:22:03.285+0000][91.286s][info][gc,heap        ] GC(776) Tenured: 16912K(22464K)->16912K(22464K)
[2025-04-17T09:22:03.285+0000][91.286s][info][gc,metaspace   ] GC(776) Metaspace: 37314K(37696K)->37314K(37696K) NonClass: 32889K(33088K)->32889K(33088K) Class: 4425K(4608K)->4425K(4608K)
[2025-04-17T09:22:03.285+0000][91.286s][info][gc             ] GC(776) Pause Young (Allocation Failure) 25M->16M(31M) 1.393ms
[2025-04-17T09:22:03.285+0000][91.286s][info][gc,cpu         ] GC(776) User=0.00s Sys=0.00s Real=0.01s
[2025-04-17T09:22:03.352+0000][91.352s][info][gc,start       ] GC(777) Pause Young (Allocation Failure)
[2025-04-17T09:22:03.353+0000][91.354s][info][gc,heap        ] GC(777) DefNew: 9177K(10176K)->156K(10176K) Eden: 9087K(9088K)->0K(9088K) From: 89K(1088K)->156K(1088K)
[2025-04-17T09:22:03.353+0000][91.354s][info][gc,heap        ] GC(777) Tenured: 16912K(22464K)->16914K(22464K)
[2025-04-17T09:22:03.353+0000][91.354s][info][gc,metaspace   ] GC(777) Metaspace: 37314K(37696K)->37314K(37696K) NonClass: 32889K(33088K)->32889K(33088K) Class: 4425K(4608K)->4425K(4608K)
[2025-04-17T09:22:03.353+0000][91.354s][info][gc             ] GC(777) Pause Young (Allocation Failure) 25M->16M(31M) 1.524ms
[2025-04-17T09:22:03.353+0000][91.354s][info][gc,cpu         ] GC(777) User=0.00s Sys=0.00s Real=0.00s
[2025-04-17T09:22:03.406+0000][91.407s][info][gc,start       ] GC(778) Pause Young (Allocation Failure)
[2025-04-17T09:22:03.408+0000][91.408s][info][gc,heap        ] GC(778) DefNew: 9240K(10176K)->118K(10176K) Eden: 9084K(9088K)->0K(9088K) From: 156K(1088K)->118K(1088K)
[2025-04-17T09:22:03.408+0000][91.408s][info][gc,heap        ] GC(778) Tenured: 16914K(22464K)->16914K(22464K)
[2025-04-17T09:22:03.408+0000][91.408s][info][gc,metaspace   ] GC(778) Metaspace: 37314K(37696K)->37314K(37696K) NonClass: 32889K(33088K)->32889K(33088K) Class: 4425K(4608K)->4425K(4608K)
[2025-04-17T09:22:03.408+0000][91.408s][info][gc             ] GC(778) Pause Young (Allocation Failure) 25M->16M(31M) 1.390ms
[2025-04-17T09:22:03.408+0000][91.408s][info][gc,cpu         ] GC(778) User=0.00s Sys=0.00s Real=0.00s
[2025-04-17T09:22:03.471+0000][91.472s][info][gc,start       ] GC(779) Pause Young (Allocation Failure)
[2025-04-17T09:22:03.472+0000][91.473s][info][gc,heap        ] GC(779) DefNew: 9206K(10176K)->157K(10176K) Eden: 9088K(9088K)->0K(9088K) From: 118K(1088K)->157K(1088K)
[2025-04-17T09:22:03.472+0000][91.473s][info][gc,heap        ] GC(779) Tenured: 16914K(22464K)->16914K(22464K)
[2025-04-17T09:22:03.472+0000][91.473s][info][gc,metaspace   ] GC(779) Metaspace: 37314K(37696K)->37314K(37696K) NonClass: 32889K(33088K)->32889K(33088K) Class: 4425K(4608K)->4425K(4608K)
[2025-04-17T09:22:03.472+0000][91.473s][info][gc             ] GC(779) Pause Young (Allocation Failure) 25M->16M(31M) 1.477ms
[2025-04-17T09:22:03.472+0000][91.473s][info][gc,cpu         ] GC(779) User=0.00s Sys=0.00s Real=0.00s
[2025-04-17T09:22:03.515+0000][91.516s][info][gc,start       ] GC(780) Pause Young (Allocation Failure)
[2025-04-17T09:22:03.516+0000][91.517s][info][gc,heap        ] GC(780) DefNew: 9245K(10176K)->100K(10176K) Eden: 9087K(9088K)->0K(9088K) From: 157K(1088K)->100K(1088K)
[2025-04-17T09:22:03.516+0000][91.517s][info][gc,heap        ] GC(780) Tenured: 16914K(22464K)->16914K(22464K)
[2025-04-17T09:22:03.516+0000][91.517s][info][gc,metaspace   ] GC(780) Metaspace: 37314K(37696K)->37314K(37696K) NonClass: 32889K(33088K)->32889K(33088K) Class: 4425K(4608K)->4425K(4608K)
[2025-04-17T09:22:03.516+0000][91.517s][info][gc             ] GC(780) Pause Young (Allocation Failure) 25M->16M(31M) 1.302ms
[2025-04-17T09:22:03.516+0000][91.517s][info][gc,cpu         ] GC(780) User=0.00s Sys=0.00s Real=0.00s
[2025-04-17T09:22:03.594+0000][91.594s][info][gc,start       ] GC(781) Pause Young (Allocation Failure)
[2025-04-17T09:22:03.595+0000][91.596s][info][gc,heap        ] GC(781) DefNew: 9188K(10176K)->150K(10176K) Eden: 9088K(9088K)->0K(9088K) From: 100K(1088K)->150K(1088K)
[2025-04-17T09:22:03.595+0000][91.596s][info][gc,heap        ] GC(781) Tenured: 16914K(22464K)->16915K(22464K)
[2025-04-17T09:22:03.595+0000][91.596s][info][gc,metaspace   ] GC(781) Metaspace: 37314K(37696K)->37314K(37696K) NonClass: 32889K(33088K)->32889K(33088K) Class: 4425K(4608K)->4425K(4608K)
[2025-04-17T09:22:03.595+0000][91.596s][info][gc             ] GC(781) Pause Young (Allocation Failure) 25M->16M(31M) 1.562ms
[2025-04-17T09:22:03.595+0000][91.596s][info][gc,cpu         ] GC(781) User=0.00s Sys=0.00s Real=0.01s
[2025-04-17T09:22:03.642+0000][91.643s][info][gc,start       ] GC(782) Pause Young (Allocation Failure)
[2025-04-17T09:22:03.643+0000][91.644s][info][gc,heap        ] GC(782) DefNew: 9238K(10176K)->126K(10176K) Eden: 9088K(9088K)->0K(9088K) From: 150K(1088K)->126K(1088K)
[2025-04-17T09:22:03.643+0000][91.644s][info][gc,heap        ] GC(782) Tenured: 16915K(22464K)->16916K(22464K)
[2025-04-17T09:22:03.643+0000][91.644s][info][gc,metaspace   ] GC(782) Metaspace: 37314K(37696K)->37314K(37696K) NonClass: 32889K(33088K)->32889K(33088K) Class: 4425K(4608K)->4425K(4608K)
[2025-04-17T09:22:03.643+0000][91.644s][info][gc             ] GC(782) Pause Young (Allocation Failure) 25M->16M(31M) 1.515ms
[2025-04-17T09:22:03.643+0000][91.644s][info][gc,cpu         ] GC(782) User=0.01s Sys=0.00s Real=0.00s
[2025-04-17T09:22:03.717+0000][91.718s][info][gc,start       ] GC(783) Pause Young (Allocation Failure)
[2025-04-17T09:22:03.718+0000][91.719s][info][gc,heap        ] GC(783) DefNew: 9214K(10176K)->98K(10176K) Eden: 9087K(9088K)->0K(9088K) From: 126K(1088K)->98K(1088K)
[2025-04-17T09:22:03.718+0000][91.719s][info][gc,heap        ] GC(783) Tenured: 16916K(22464K)->16919K(22464K)
[2025-04-17T09:22:03.718+0000][91.719s][info][gc,metaspace   ] GC(783) Metaspace: 37314K(37696K)->37314K(37696K) NonClass: 32889K(33088K)->32889K(33088K) Class: 4425K(4608K)->4425K(4608K)
[2025-04-17T09:22:03.718+0000][91.719s][info][gc             ] GC(783) Pause Young (Allocation Failure) 25M->16M(31M) 1.470ms
[2025-04-17T09:22:03.718+0000][91.719s][info][gc,cpu         ] GC(783) User=0.00s Sys=0.00s Real=0.00s
[2025-04-17T09:22:03.756+0000][91.756s][info][gc,start       ] GC(784) Pause Young (Allocation Failure)
[2025-04-17T09:22:03.757+0000][91.758s][info][gc,heap        ] GC(784) DefNew: 9186K(10176K)->116K(10176K) Eden: 9088K(9088K)->0K(9088K) From: 98K(1088K)->116K(1088K)
[2025-04-17T09:22:03.757+0000][91.758s][info][gc,heap        ] GC(784) Tenured: 16919K(22464K)->16919K(22464K)
[2025-04-17T09:22:03.757+0000][91.758s][info][gc,metaspace   ] GC(784) Metaspace: 37314K(37696K)->37314K(37696K) NonClass: 32889K(33088K)->32889K(33088K) Class: 4425K(4608K)->4425K(4608K)
[2025-04-17T09:22:03.757+0000][91.758s][info][gc             ] GC(784) Pause Young (Allocation Failure) 25M->16M(31M) 1.369ms
[2025-04-17T09:22:03.757+0000][91.758s][info][gc,cpu         ] GC(784) User=0.00s Sys=0.00s Real=0.00s
[2025-04-17T09:22:03.835+0000][91.835s][info][gc,start       ] GC(785) Pause Young (Allocation Failure)
[2025-04-17T09:22:03.836+0000][91.837s][info][gc,heap        ] GC(785) DefNew: 9203K(10176K)->149K(10176K) Eden: 9086K(9088K)->0K(9088K) From: 116K(1088K)->149K(1088K)
[2025-04-17T09:22:03.836+0000][91.837s][info][gc,heap        ] GC(785) Tenured: 16919K(22464K)->16920K(22464K)
[2025-04-17T09:22:03.836+0000][91.837s][info][gc,metaspace   ] GC(785) Metaspace: 37314K(37696K)->37314K(37696K) NonClass: 32889K(33088K)->32889K(33088K) Class: 4425K(4608K)->4425K(4608K)
[2025-04-17T09:22:03.836+0000][91.837s][info][gc             ] GC(785) Pause Young (Allocation Failure) 25M->16M(31M) 1.447ms
[2025-04-17T09:22:03.836+0000][91.837s][info][gc,cpu         ] GC(785) User=0.00s Sys=0.00s Real=0.00s
[2025-04-17T09:22:03.867+0000][91.868s][info][gc,start       ] GC(786) Pause Young (Allocation Failure)
[2025-04-17T09:22:03.869+0000][91.869s][info][gc,heap        ] GC(786) DefNew: 9237K(10176K)->125K(10176K) Eden: 9087K(9088K)->0K(9088K) From: 149K(1088K)->125K(1088K)
[2025-04-17T09:22:03.869+0000][91.869s][info][gc,heap        ] GC(786) Tenured: 16920K(22464K)->16920K(22464K)
[2025-04-17T09:22:03.869+0000][91.869s][info][gc,metaspace   ] GC(786) Metaspace: 37314K(37696K)->37314K(37696K) NonClass: 32889K(33088K)->32889K(33088K) Class: 4425K(4608K)->4425K(4608K)
[2025-04-17T09:22:03.869+0000][91.869s][info][gc             ] GC(786) Pause Young (Allocation Failure) 25M->16M(31M) 1.486ms
[2025-04-17T09:22:03.869+0000][91.869s][info][gc,cpu         ] GC(786) User=0.00s Sys=0.00s Real=0.00s
[2025-04-17T09:22:03.945+0000][91.945s][info][gc,start       ] GC(787) Pause Young (Allocation Failure)
[2025-04-17T09:22:03.946+0000][91.947s][info][gc,heap        ] GC(787) DefNew: 9213K(10176K)->115K(10176K) Eden: 9088K(9088K)->0K(9088K) From: 125K(1088K)->115K(1088K)
[2025-04-17T09:22:03.946+0000][91.947s][info][gc,heap        ] GC(787) Tenured: 16920K(22464K)->16920K(22464K)
[2025-04-17T09:22:03.946+0000][91.947s][info][gc,metaspace   ] GC(787) Metaspace: 37314K(37696K)->37314K(37696K) NonClass: 32889K(33088K)->32889K(33088K) Class: 4425K(4608K)->4425K(4608K)
[2025-04-17T09:22:03.946+0000][91.947s][info][gc             ] GC(787) Pause Young (Allocation Failure) 25M->16M(31M) 1.428ms
[2025-04-17T09:22:03.946+0000][91.947s][info][gc,cpu         ] GC(787) User=0.00s Sys=0.00s Real=0.00s
[2025-04-17T09:22:03.981+0000][91.981s][info][gc,start       ] GC(788) Pause Young (Allocation Failure)
[2025-04-17T09:22:03.982+0000][91.983s][info][gc,heap        ] GC(788) DefNew: 9203K(10176K)->113K(10176K) Eden: 9088K(9088K)->0K(9088K) From: 115K(1088K)->113K(1088K)
[2025-04-17T09:22:03.982+0000][91.983s][info][gc,heap        ] GC(788) Tenured: 16920K(22464K)->16921K(22464K)
[2025-04-17T09:22:03.982+0000][91.983s][info][gc,metaspace   ] GC(788) Metaspace: 37314K(37696K)->37314K(37696K) NonClass: 32889K(33088K)->32889K(33088K) Class: 4425K(4608K)->4425K(4608K)
[2025-04-17T09:22:03.982+0000][91.983s][info][gc             ] GC(788) Pause Young (Allocation Failure) 25M->16M(31M) 1.486ms
[2025-04-17T09:22:03.982+0000][91.983s][info][gc,cpu         ] GC(788) User=0.00s Sys=0.00s Real=0.00s
[2025-04-17T09:22:04.075+0000][92.076s][info][gc,start       ] GC(789) Pause Young (Allocation Failure)
[2025-04-17T09:22:04.077+0000][92.078s][info][gc,heap        ] GC(789) DefNew: 9201K(10176K)->136K(10176K) Eden: 9088K(9088K)->0K(9088K) From: 113K(1088K)->136K(1088K)
[2025-04-17T09:22:04.077+0000][92.078s][info][gc,heap        ] GC(789) Tenured: 16921K(22464K)->16921K(22464K)
[2025-04-17T09:22:04.077+0000][92.078s][info][gc,metaspace   ] GC(789) Metaspace: 37314K(37696K)->37314K(37696K) NonClass: 32889K(33088K)->32889K(33088K) Class: 4425K(4608K)->4425K(4608K)
[2025-04-17T09:22:04.077+0000][92.078s][info][gc             ] GC(789) Pause Young (Allocation Failure) 25M->16M(31M) 1.562ms
[2025-04-17T09:22:04.077+0000][92.078s][info][gc,cpu         ] GC(789) User=0.00s Sys=0.00s Real=0.00s
[2025-04-17T09:22:04.096+0000][92.096s][info][gc,start       ] GC(790) Pause Young (Allocation Failure)
[2025-04-17T09:22:04.097+0000][92.098s][info][gc,heap        ] GC(790) DefNew: 9224K(10176K)->120K(10176K) Eden: 9087K(9088K)->0K(9088K) From: 136K(1088K)->120K(1088K)
[2025-04-17T09:22:04.097+0000][92.098s][info][gc,heap        ] GC(790) Tenured: 16921K(22464K)->16921K(22464K)
[2025-04-17T09:22:04.097+0000][92.098s][info][gc,metaspace   ] GC(790) Metaspace: 37314K(37696K)->37314K(37696K) NonClass: 32889K(33088K)->32889K(33088K) Class: 4425K(4608K)->4425K(4608K)
[2025-04-17T09:22:04.097+0000][92.098s][info][gc             ] GC(790) Pause Young (Allocation Failure) 25M->16M(31M) 1.393ms
[2025-04-17T09:22:04.097+0000][92.098s][info][gc,cpu         ] GC(790) User=0.00s Sys=0.00s Real=0.00s
[2025-04-17T09:22:04.191+0000][92.191s][info][gc,start       ] GC(791) Pause Young (Allocation Failure)
[2025-04-17T09:22:04.192+0000][92.193s][info][gc,heap        ] GC(791) DefNew: 9208K(10176K)->145K(10176K) Eden: 9088K(9088K)->0K(9088K) From: 120K(1088K)->145K(1088K)
[2025-04-17T09:22:04.192+0000][92.193s][info][gc,heap        ] GC(791) Tenured: 16921K(22464K)->16923K(22464K)
[2025-04-17T09:22:04.192+0000][92.193s][info][gc,metaspace   ] GC(791) Metaspace: 37314K(37696K)->37314K(37696K) NonClass: 32889K(33088K)->32889K(33088K) Class: 4425K(4608K)->4425K(4608K)
[2025-04-17T09:22:04.192+0000][92.193s][info][gc             ] GC(791) Pause Young (Allocation Failure) 25M->16M(31M) 1.635ms
[2025-04-17T09:22:04.192+0000][92.193s][info][gc,cpu         ] GC(791) User=0.00s Sys=0.00s Real=0.00s
[2025-04-17T09:22:04.210+0000][92.211s][info][gc,start       ] GC(792) Pause Young (Allocation Failure)
[2025-04-17T09:22:04.211+0000][92.212s][info][gc,heap        ] GC(792) DefNew: 9233K(10176K)->204K(10176K) Eden: 9087K(9088K)->0K(9088K) From: 145K(1088K)->204K(1088K)
[2025-04-17T09:22:04.211+0000][92.212s][info][gc,heap        ] GC(792) Tenured: 16923K(22464K)->16923K(22464K)
[2025-04-17T09:22:04.211+0000][92.212s][info][gc,metaspace   ] GC(792) Metaspace: 37314K(37696K)->37314K(37696K) NonClass: 32889K(33088K)->32889K(33088K) Class: 4425K(4608K)->4425K(4608K)
[2025-04-17T09:22:04.211+0000][92.212s][info][gc             ] GC(792) Pause Young (Allocation Failure) 25M->16M(31M) 1.543ms
[2025-04-17T09:22:04.212+0000][92.212s][info][gc,cpu         ] GC(792) User=0.00s Sys=0.00s Real=0.00s
[2025-04-17T09:22:04.305+0000][92.306s][info][gc,start       ] GC(793) Pause Young (Allocation Failure)
[2025-04-17T09:22:04.307+0000][92.307s][info][gc,heap        ] GC(793) DefNew: 9276K(10176K)->130K(10176K) Eden: 9072K(9088K)->0K(9088K) From: 204K(1088K)->130K(1088K)
[2025-04-17T09:22:04.307+0000][92.308s][info][gc,heap        ] GC(793) Tenured: 16923K(22464K)->16923K(22464K)
[2025-04-17T09:22:04.307+0000][92.308s][info][gc,metaspace   ] GC(793) Metaspace: 37314K(37696K)->37314K(37696K) NonClass: 32889K(33088K)->32889K(33088K) Class: 4425K(4608K)->4425K(4608K)
[2025-04-17T09:22:04.307+0000][92.308s][info][gc             ] GC(793) Pause Young (Allocation Failure) 25M->16M(31M) 1.547ms
[2025-04-17T09:22:04.307+0000][92.308s][info][gc,cpu         ] GC(793) User=0.01s Sys=0.00s Real=0.00s
[2025-04-17T09:22:04.357+0000][92.358s][info][gc,start       ] GC(794) Pause Young (Allocation Failure)
[2025-04-17T09:22:04.358+0000][92.359s][info][gc,heap        ] GC(794) DefNew: 9210K(10176K)->116K(10176K) Eden: 9080K(9088K)->0K(9088K) From: 130K(1088K)->116K(1088K)
[2025-04-17T09:22:04.358+0000][92.359s][info][gc,heap        ] GC(794) Tenured: 16923K(22464K)->16924K(22464K)
[2025-04-17T09:22:04.358+0000][92.359s][info][gc,metaspace   ] GC(794) Metaspace: 37314K(37696K)->37314K(37696K) NonClass: 32889K(33088K)->32889K(33088K) Class: 4425K(4608K)->4425K(4608K)
[2025-04-17T09:22:04.358+0000][92.359s][info][gc             ] GC(794) Pause Young (Allocation Failure) 25M->16M(31M) 1.384ms
[2025-04-17T09:22:04.358+0000][92.359s][info][gc,cpu         ] GC(794) User=0.00s Sys=0.00s Real=0.00s
[2025-04-17T09:22:04.429+0000][92.429s][info][gc,start       ] GC(795) Pause Young (Allocation Failure)
[2025-04-17T09:22:04.430+0000][92.431s][info][gc,heap        ] GC(795) DefNew: 9204K(10176K)->149K(10176K) Eden: 9088K(9088K)->0K(9088K) From: 116K(1088K)->149K(1088K)
[2025-04-17T09:22:04.430+0000][92.431s][info][gc,heap        ] GC(795) Tenured: 16924K(22464K)->16941K(22464K)
[2025-04-17T09:22:04.430+0000][92.431s][info][gc,metaspace   ] GC(795) Metaspace: 37314K(37696K)->37314K(37696K) NonClass: 32889K(33088K)->32889K(33088K) Class: 4425K(4608K)->4425K(4608K)
[2025-04-17T09:22:04.430+0000][92.431s][info][gc             ] GC(795) Pause Young (Allocation Failure) 25M->16M(31M) 1.454ms
[2025-04-17T09:22:04.430+0000][92.431s][info][gc,cpu         ] GC(795) User=0.00s Sys=0.00s Real=0.00s
[2025-04-17T09:22:04.472+0000][92.473s][info][gc,start       ] GC(796) Pause Young (Allocation Failure)
[2025-04-17T09:22:04.473+0000][92.474s][info][gc,heap        ] GC(796) DefNew: 9235K(10176K)->87K(10176K) Eden: 9085K(9088K)->0K(9088K) From: 149K(1088K)->87K(1088K)
[2025-04-17T09:22:04.473+0000][92.474s][info][gc,heap        ] GC(796) Tenured: 16941K(22464K)->16942K(22464K)
[2025-04-17T09:22:04.473+0000][92.474s][info][gc,metaspace   ] GC(796) Metaspace: 37314K(37696K)->37314K(37696K) NonClass: 32889K(33088K)->32889K(33088K) Class: 4425K(4608K)->4425K(4608K)
[2025-04-17T09:22:04.473+0000][92.474s][info][gc             ] GC(796) Pause Young (Allocation Failure) 25M->16M(31M) 1.285ms
[2025-04-17T09:22:04.473+0000][92.474s][info][gc,cpu         ] GC(796) User=0.00s Sys=0.00s Real=0.00s
[2025-04-17T09:22:04.539+0000][92.540s][info][gc,start       ] GC(797) Pause Young (Allocation Failure)
[2025-04-17T09:22:04.541+0000][92.541s][info][gc,heap        ] GC(797) DefNew: 9171K(10176K)->99K(10176K) Eden: 9083K(9088K)->0K(9088K) From: 87K(1088K)->99K(1088K)
[2025-04-17T09:22:04.541+0000][92.541s][info][gc,heap        ] GC(797) Tenured: 16942K(22464K)->16942K(22464K)
[2025-04-17T09:22:04.541+0000][92.541s][info][gc,metaspace   ] GC(797) Metaspace: 37314K(37696K)->37314K(37696K) NonClass: 32889K(33088K)->32889K(33088K) Class: 4425K(4608K)->4425K(4608K)
[2025-04-17T09:22:04.541+0000][92.541s][info][gc             ] GC(797) Pause Young (Allocation Failure) 25M->16M(31M) 1.395ms
[2025-04-17T09:22:04.541+0000][92.541s][info][gc,cpu         ] GC(797) User=0.00s Sys=0.00s Real=0.00s
[2025-04-17T09:22:04.611+0000][92.611s][info][gc,start       ] GC(798) Pause Young (Allocation Failure)
[2025-04-17T09:22:04.612+0000][92.613s][info][gc,heap        ] GC(798) DefNew: 9187K(10176K)->149K(10176K) Eden: 9088K(9088K)->0K(9088K) From: 99K(1088K)->149K(1088K)
[2025-04-17T09:22:04.612+0000][92.613s][info][gc,heap        ] GC(798) Tenured: 16942K(22464K)->16942K(22464K)
[2025-04-17T09:22:04.612+0000][92.613s][info][gc,metaspace   ] GC(798) Metaspace: 37314K(37696K)->37314K(37696K) NonClass: 32889K(33088K)->32889K(33088K) Class: 4425K(4608K)->4425K(4608K)
[2025-04-17T09:22:04.612+0000][92.613s][info][gc             ] GC(798) Pause Young (Allocation Failure) 25M->16M(31M) 1.642ms
[2025-04-17T09:22:04.612+0000][92.613s][info][gc,cpu         ] GC(798) User=0.00s Sys=0.00s Real=0.00s
[2025-04-17T09:22:04.655+0000][92.655s][info][gc,start       ] GC(799) Pause Young (Allocation Failure)
[2025-04-17T09:22:04.656+0000][92.657s][info][gc,heap        ] GC(799) DefNew: 9237K(10176K)->126K(10176K) Eden: 9088K(9088K)->0K(9088K) From: 149K(1088K)->126K(1088K)
[2025-04-17T09:22:04.656+0000][92.657s][info][gc,heap        ] GC(799) Tenured: 16942K(22464K)->16944K(22464K)
[2025-04-17T09:22:04.656+0000][92.657s][info][gc,metaspace   ] GC(799) Metaspace: 37314K(37696K)->37314K(37696K) NonClass: 32889K(33088K)->32889K(33088K) Class: 4425K(4608K)->4425K(4608K)
[2025-04-17T09:22:04.656+0000][92.657s][info][gc             ] GC(799) Pause Young (Allocation Failure) 25M->16M(31M) 1.367ms
[2025-04-17T09:22:04.656+0000][92.657s][info][gc,cpu         ] GC(799) User=0.00s Sys=0.00s Real=0.00s
[2025-04-17T09:22:04.736+0000][92.737s][info][gc,start       ] GC(800) Pause Young (Allocation Failure)
[2025-04-17T09:22:04.737+0000][92.738s][info][gc,heap        ] GC(800) DefNew: 9214K(10176K)->143K(10176K) Eden: 9088K(9088K)->0K(9088K) From: 126K(1088K)->143K(1088K)
[2025-04-17T09:22:04.737+0000][92.738s][info][gc,heap        ] GC(800) Tenured: 16944K(22464K)->16944K(22464K)
[2025-04-17T09:22:04.737+0000][92.738s][info][gc,metaspace   ] GC(800) Metaspace: 37314K(37696K)->37314K(37696K) NonClass: 32889K(33088K)->32889K(33088K) Class: 4425K(4608K)->4425K(4608K)
[2025-04-17T09:22:04.737+0000][92.738s][info][gc             ] GC(800) Pause Young (Allocation Failure) 25M->16M(31M) 1.437ms
[2025-04-17T09:22:04.737+0000][92.738s][info][gc,cpu         ] GC(800) User=0.00s Sys=0.00s Real=0.00s
[2025-04-17T09:22:04.770+0000][92.771s][info][gc,start       ] GC(801) Pause Young (Allocation Failure)
[2025-04-17T09:22:04.771+0000][92.772s][info][gc,heap        ] GC(801) DefNew: 9215K(10176K)->128K(10176K) Eden: 9072K(9088K)->0K(9088K) From: 143K(1088K)->128K(1088K)
[2025-04-17T09:22:04.771+0000][92.772s][info][gc,heap        ] GC(801) Tenured: 16944K(22464K)->16944K(22464K)
[2025-04-17T09:22:04.771+0000][92.772s][info][gc,metaspace   ] GC(801) Metaspace: 37314K(37696K)->37314K(37696K) NonClass: 32889K(33088K)->32889K(33088K) Class: 4425K(4608K)->4425K(4608K)
[2025-04-17T09:22:04.771+0000][92.772s][info][gc             ] GC(801) Pause Young (Allocation Failure) 25M->16M(31M) 1.344ms
[2025-04-17T09:22:04.771+0000][92.772s][info][gc,cpu         ] GC(801) User=0.00s Sys=0.00s Real=0.00s
[2025-04-17T09:22:04.846+0000][92.847s][info][gc,start       ] GC(802) Pause Young (Allocation Failure)
[2025-04-17T09:22:04.848+0000][92.848s][info][gc,heap        ] GC(802) DefNew: 9216K(10176K)->156K(10176K) Eden: 9088K(9088K)->0K(9088K) From: 128K(1088K)->156K(1088K)
[2025-04-17T09:22:04.848+0000][92.848s][info][gc,heap        ] GC(802) Tenured: 16944K(22464K)->16945K(22464K)
[2025-04-17T09:22:04.848+0000][92.848s][info][gc,metaspace   ] GC(802) Metaspace: 37314K(37696K)->37314K(37696K) NonClass: 32889K(33088K)->32889K(33088K) Class: 4425K(4608K)->4425K(4608K)
[2025-04-17T09:22:04.848+0000][92.848s][info][gc             ] GC(802) Pause Young (Allocation Failure) 25M->16M(31M) 1.616ms
[2025-04-17T09:22:04.848+0000][92.848s][info][gc,cpu         ] GC(802) User=0.00s Sys=0.00s Real=0.00s
[2025-04-17T09:22:04.879+0000][92.880s][info][gc,start       ] GC(803) Pause Young (Allocation Failure)
[2025-04-17T09:22:04.880+0000][92.881s][info][gc,heap        ] GC(803) DefNew: 9244K(10176K)->126K(10176K) Eden: 9087K(9088K)->0K(9088K) From: 156K(1088K)->126K(1088K)
[2025-04-17T09:22:04.880+0000][92.881s][info][gc,heap        ] GC(803) Tenured: 16945K(22464K)->16945K(22464K)
[2025-04-17T09:22:04.880+0000][92.881s][info][gc,metaspace   ] GC(803) Metaspace: 37314K(37696K)->37314K(37696K) NonClass: 32889K(33088K)->32889K(33088K) Class: 4425K(4608K)->4425K(4608K)
[2025-04-17T09:22:04.880+0000][92.881s][info][gc             ] GC(803) Pause Young (Allocation Failure) 25M->16M(31M) 1.363ms
[2025-04-17T09:22:04.880+0000][92.881s][info][gc,cpu         ] GC(803) User=0.00s Sys=0.00s Real=0.00s
[2025-04-17T09:22:04.966+0000][92.966s][info][gc,start       ] GC(804) Pause Young (Allocation Failure)
[2025-04-17T09:22:04.967+0000][92.968s][info][gc,heap        ] GC(804) DefNew: 9208K(10176K)->125K(10176K) Eden: 9081K(9088K)->0K(9088K) From: 126K(1088K)->125K(1088K)
[2025-04-17T09:22:04.967+0000][92.968s][info][gc,heap        ] GC(804) Tenured: 16945K(22464K)->16947K(22464K)
[2025-04-17T09:22:04.967+0000][92.968s][info][gc,metaspace   ] GC(804) Metaspace: 37314K(37696K)->37314K(37696K) NonClass: 32889K(33088K)->32889K(33088K) Class: 4425K(4608K)->4425K(4608K)
[2025-04-17T09:22:04.967+0000][92.968s][info][gc             ] GC(804) Pause Young (Allocation Failure) 25M->16M(31M) 1.406ms
[2025-04-17T09:22:04.967+0000][92.968s][info][gc,cpu         ] GC(804) User=0.00s Sys=0.00s Real=0.00s
[2025-04-17T09:22:05.022+0000][93.023s][info][gc,start       ] GC(805) Pause Young (Allocation Failure)
[2025-04-17T09:22:05.024+0000][93.024s][info][gc,heap        ] GC(805) DefNew: 9213K(10176K)->124K(10176K) Eden: 9087K(9088K)->0K(9088K) From: 125K(1088K)->124K(1088K)
[2025-04-17T09:22:05.024+0000][93.024s][info][gc,heap        ] GC(805) Tenured: 16947K(22464K)->16947K(22464K)
[2025-04-17T09:22:05.024+0000][93.024s][info][gc,metaspace   ] GC(805) Metaspace: 37314K(37696K)->37314K(37696K) NonClass: 32889K(33088K)->32889K(33088K) Class: 4425K(4608K)->4425K(4608K)
[2025-04-17T09:22:05.024+0000][93.024s][info][gc             ] GC(805) Pause Young (Allocation Failure) 25M->16M(31M) 1.589ms
[2025-04-17T09:22:05.024+0000][93.024s][info][gc,cpu         ] GC(805) User=0.00s Sys=0.00s Real=0.00s
[2025-04-17T09:22:05.079+0000][93.079s][info][gc,start       ] GC(806) Pause Young (Allocation Failure)
[2025-04-17T09:22:05.080+0000][93.081s][info][gc,heap        ] GC(806) DefNew: 9212K(10176K)->118K(10176K) Eden: 9088K(9088K)->0K(9088K) From: 124K(1088K)->118K(1088K)
[2025-04-17T09:22:05.080+0000][93.081s][info][gc,heap        ] GC(806) Tenured: 16947K(22464K)->16964K(22464K)
[2025-04-17T09:22:05.080+0000][93.081s][info][gc,metaspace   ] GC(806) Metaspace: 37314K(37696K)->37314K(37696K) NonClass: 32889K(33088K)->32889K(33088K) Class: 4425K(4608K)->4425K(4608K)
[2025-04-17T09:22:05.080+0000][93.081s][info][gc             ] GC(806) Pause Young (Allocation Failure) 25M->16M(31M) 1.406ms
[2025-04-17T09:22:05.080+0000][93.081s][info][gc,cpu         ] GC(806) User=0.00s Sys=0.00s Real=0.00s
[2025-04-17T09:22:05.140+0000][93.141s][info][gc,start       ] GC(807) Pause Young (Allocation Failure)
[2025-04-17T09:22:05.141+0000][93.142s][info][gc,heap        ] GC(807) DefNew: 9205K(10176K)->109K(10176K) Eden: 9087K(9088K)->0K(9088K) From: 118K(1088K)->109K(1088K)
[2025-04-17T09:22:05.141+0000][93.142s][info][gc,heap        ] GC(807) Tenured: 16964K(22464K)->16964K(22464K)
[2025-04-17T09:22:05.141+0000][93.142s][info][gc,metaspace   ] GC(807) Metaspace: 37314K(37696K)->37314K(37696K) NonClass: 32889K(33088K)->32889K(33088K) Class: 4425K(4608K)->4425K(4608K)
[2025-04-17T09:22:05.141+0000][93.142s][info][gc             ] GC(807) Pause Young (Allocation Failure) 25M->16M(31M) 1.410ms
[2025-04-17T09:22:05.141+0000][93.142s][info][gc,cpu         ] GC(807) User=0.00s Sys=0.00s Real=0.00s
[2025-04-17T09:22:05.186+0000][93.187s][info][gc,start       ] GC(808) Pause Young (Allocation Failure)
[2025-04-17T09:22:05.187+0000][93.188s][info][gc,heap        ] GC(808) DefNew: 9197K(10176K)->111K(10176K) Eden: 9087K(9088K)->0K(9088K) From: 109K(1088K)->111K(1088K)
[2025-04-17T09:22:05.187+0000][93.188s][info][gc,heap        ] GC(808) Tenured: 16964K(22464K)->16964K(22464K)
[2025-04-17T09:22:05.187+0000][93.188s][info][gc,metaspace   ] GC(808) Metaspace: 37314K(37696K)->37314K(37696K) NonClass: 32889K(33088K)->32889K(33088K) Class: 4425K(4608K)->4425K(4608K)
[2025-04-17T09:22:05.187+0000][93.188s][info][gc             ] GC(808) Pause Young (Allocation Failure) 25M->16M(31M) 1.389ms
[2025-04-17T09:22:05.187+0000][93.188s][info][gc,cpu         ] GC(808) User=0.00s Sys=0.00s Real=0.00s
[2025-04-17T09:22:05.257+0000][93.258s][info][gc,start       ] GC(809) Pause Young (Allocation Failure)
[2025-04-17T09:22:05.259+0000][93.259s][info][gc,heap        ] GC(809) DefNew: 9199K(10176K)->128K(10176K) Eden: 9087K(9088K)->0K(9088K) From: 111K(1088K)->128K(1088K)
[2025-04-17T09:22:05.259+0000][93.259s][info][gc,heap        ] GC(809) Tenured: 16964K(22464K)->16964K(22464K)
[2025-04-17T09:22:05.259+0000][93.259s][info][gc,metaspace   ] GC(809) Metaspace: 37314K(37696K)->37314K(37696K) NonClass: 32889K(33088K)->32889K(33088K) Class: 4425K(4608K)->4425K(4608K)
[2025-04-17T09:22:05.259+0000][93.259s][info][gc             ] GC(809) Pause Young (Allocation Failure) 25M->16M(31M) 1.548ms
[2025-04-17T09:22:05.259+0000][93.259s][info][gc,cpu         ] GC(809) User=0.00s Sys=0.00s Real=0.00s
[2025-04-17T09:22:05.291+0000][93.291s][info][gc,start       ] GC(810) Pause Young (Allocation Failure)
[2025-04-17T09:22:05.292+0000][93.293s][info][gc,heap        ] GC(810) DefNew: 9216K(10176K)->173K(10176K) Eden: 9088K(9088K)->0K(9088K) From: 128K(1088K)->173K(1088K)
[2025-04-17T09:22:05.292+0000][93.293s][info][gc,heap        ] GC(810) Tenured: 16964K(22464K)->16964K(22464K)
[2025-04-17T09:22:05.292+0000][93.293s][info][gc,metaspace   ] GC(810) Metaspace: 37314K(37696K)->37314K(37696K) NonClass: 32889K(33088K)->32889K(33088K) Class: 4425K(4608K)->4425K(4608K)
[2025-04-17T09:22:05.292+0000][93.293s][info][gc             ] GC(810) Pause Young (Allocation Failure) 25M->16M(31M) 1.632ms
[2025-04-17T09:22:05.292+0000][93.293s][info][gc,cpu         ] GC(810) User=0.00s Sys=0.00s Real=0.00s
[2025-04-17T09:22:05.375+0000][93.376s][info][gc,start       ] GC(811) Pause Young (Allocation Failure)
[2025-04-17T09:22:05.377+0000][93.377s][info][gc,heap        ] GC(811) DefNew: 9261K(10176K)->139K(10176K) Eden: 9087K(9088K)->0K(9088K) From: 173K(1088K)->139K(1088K)
[2025-04-17T09:22:05.377+0000][93.377s][info][gc,heap        ] GC(811) Tenured: 16964K(22464K)->16964K(22464K)
[2025-04-17T09:22:05.377+0000][93.377s][info][gc,metaspace   ] GC(811) Metaspace: 37314K(37696K)->37314K(37696K) NonClass: 32889K(33088K)->32889K(33088K) Class: 4425K(4608K)->4425K(4608K)
[2025-04-17T09:22:05.377+0000][93.377s][info][gc             ] GC(811) Pause Young (Allocation Failure) 25M->16M(31M) 1.543ms
[2025-04-17T09:22:05.377+0000][93.377s][info][gc,cpu         ] GC(811) User=0.00s Sys=0.00s Real=0.00s
[2025-04-17T09:22:05.401+0000][93.402s][info][gc,start       ] GC(812) Pause Young (Allocation Failure)
[2025-04-17T09:22:05.402+0000][93.403s][info][gc,heap        ] GC(812) DefNew: 9222K(10176K)->155K(10176K) Eden: 9082K(9088K)->0K(9088K) From: 139K(1088K)->155K(1088K)
[2025-04-17T09:22:05.402+0000][93.403s][info][gc,heap        ] GC(812) Tenured: 16964K(22464K)->16964K(22464K)
[2025-04-17T09:22:05.402+0000][93.403s][info][gc,metaspace   ] GC(812) Metaspace: 37314K(37696K)->37314K(37696K) NonClass: 32889K(33088K)->32889K(33088K) Class: 4425K(4608K)->4425K(4608K)
[2025-04-17T09:22:05.402+0000][93.403s][info][gc             ] GC(812) Pause Young (Allocation Failure) 25M->16M(31M) 1.503ms
[2025-04-17T09:22:05.402+0000][93.403s][info][gc,cpu         ] GC(812) User=0.00s Sys=0.00s Real=0.00s
[2025-04-17T09:22:05.474+0000][93.475s][info][gc,start       ] GC(813) Pause Young (Allocation Failure)
[2025-04-17T09:22:05.476+0000][93.476s][info][gc,heap        ] GC(813) DefNew: 9233K(10176K)->146K(10176K) Eden: 9078K(9088K)->0K(9088K) From: 155K(1088K)->146K(1088K)
[2025-04-17T09:22:05.476+0000][93.476s][info][gc,heap        ] GC(813) Tenured: 16964K(22464K)->16966K(22464K)
[2025-04-17T09:22:05.476+0000][93.476s][info][gc,metaspace   ] GC(813) Metaspace: 37314K(37696K)->37314K(37696K) NonClass: 32889K(33088K)->32889K(33088K) Class: 4425K(4608K)->4425K(4608K)
[2025-04-17T09:22:05.476+0000][93.476s][info][gc             ] GC(813) Pause Young (Allocation Failure) 25M->16M(31M) 1.437ms
[2025-04-17T09:22:05.476+0000][93.476s][info][gc,cpu         ] GC(813) User=0.00s Sys=0.00s Real=0.00s
[2025-04-17T09:22:05.541+0000][93.542s][info][gc,start       ] GC(814) Pause Young (Allocation Failure)
[2025-04-17T09:22:05.543+0000][93.544s][info][gc,heap        ] GC(814) DefNew: 9234K(10176K)->223K(10176K) Eden: 9087K(9088K)->0K(9088K) From: 146K(1088K)->223K(1088K)
[2025-04-17T09:22:05.543+0000][93.544s][info][gc,heap        ] GC(814) Tenured: 16966K(22464K)->16997K(22464K)
[2025-04-17T09:22:05.543+0000][93.544s][info][gc,metaspace   ] GC(814) Metaspace: 37314K(37696K)->37314K(37696K) NonClass: 32889K(33088K)->32889K(33088K) Class: 4425K(4608K)->4425K(4608K)
[2025-04-17T09:22:05.543+0000][93.544s][info][gc             ] GC(814) Pause Young (Allocation Failure) 25M->16M(31M) 1.648ms
[2025-04-17T09:22:05.543+0000][93.544s][info][gc,cpu         ] GC(814) User=0.00s Sys=0.00s Real=0.00s
[2025-04-17T09:22:05.600+0000][93.600s][info][gc,start       ] GC(815) Pause Young (Allocation Failure)
[2025-04-17T09:22:05.601+0000][93.602s][info][gc,heap        ] GC(815) DefNew: 9304K(10176K)->107K(10176K) Eden: 9080K(9088K)->0K(9088K) From: 223K(1088K)->107K(1088K)
[2025-04-17T09:22:05.601+0000][93.602s][info][gc,heap        ] GC(815) Tenured: 16997K(22464K)->16998K(22464K)
[2025-04-17T09:22:05.601+0000][93.602s][info][gc,metaspace   ] GC(815) Metaspace: 37314K(37696K)->37314K(37696K) NonClass: 32889K(33088K)->32889K(33088K) Class: 4425K(4608K)->4425K(4608K)
[2025-04-17T09:22:05.601+0000][93.602s][info][gc             ] GC(815) Pause Young (Allocation Failure) 25M->16M(31M) 1.560ms
[2025-04-17T09:22:05.601+0000][93.602s][info][gc,cpu         ] GC(815) User=0.00s Sys=0.00s Real=0.00s
[2025-04-17T09:22:05.681+0000][93.681s][info][gc,start       ] GC(816) Pause Young (Allocation Failure)
[2025-04-17T09:22:05.682+0000][93.683s][info][gc,heap        ] GC(816) DefNew: 9195K(10176K)->169K(10176K) Eden: 9088K(9088K)->0K(9088K) From: 107K(1088K)->169K(1088K)
[2025-04-17T09:22:05.682+0000][93.683s][info][gc,heap        ] GC(816) Tenured: 16998K(22464K)->16998K(22464K)
[2025-04-17T09:22:05.682+0000][93.683s][info][gc,metaspace   ] GC(816) Metaspace: 37314K(37696K)->37314K(37696K) NonClass: 32889K(33088K)->32889K(33088K) Class: 4425K(4608K)->4425K(4608K)
[2025-04-17T09:22:05.682+0000][93.683s][info][gc             ] GC(816) Pause Young (Allocation Failure) 25M->16M(31M) 1.596ms
[2025-04-17T09:22:05.682+0000][93.683s][info][gc,cpu         ] GC(816) User=0.00s Sys=0.00s Real=0.00s
[2025-04-17T09:22:05.708+0000][93.709s][info][gc,start       ] GC(817) Pause Young (Allocation Failure)
[2025-04-17T09:22:05.710+0000][93.710s][info][gc,heap        ] GC(817) DefNew: 9257K(10176K)->160K(10176K) Eden: 9087K(9088K)->0K(9088K) From: 169K(1088K)->160K(1088K)
[2025-04-17T09:22:05.710+0000][93.710s][info][gc,heap        ] GC(817) Tenured: 16998K(22464K)->17000K(22464K)
[2025-04-17T09:22:05.710+0000][93.710s][info][gc,metaspace   ] GC(817) Metaspace: 37314K(37696K)->37314K(37696K) NonClass: 32889K(33088K)->32889K(33088K) Class: 4425K(4608K)->4425K(4608K)
[2025-04-17T09:22:05.710+0000][93.710s][info][gc             ] GC(817) Pause Young (Allocation Failure) 25M->16M(31M) 1.394ms
[2025-04-17T09:22:05.710+0000][93.710s][info][gc,cpu         ] GC(817) User=0.00s Sys=0.00s Real=0.00s
[2025-04-17T09:22:05.790+0000][93.790s][info][gc,start       ] GC(818) Pause Young (Allocation Failure)
[2025-04-17T09:22:05.791+0000][93.792s][info][gc,heap        ] GC(818) DefNew: 9248K(10176K)->182K(10176K) Eden: 9088K(9088K)->0K(9088K) From: 160K(1088K)->182K(1088K)
[2025-04-17T09:22:05.791+0000][93.792s][info][gc,heap        ] GC(818) Tenured: 17000K(22464K)->17000K(22464K)
[2025-04-17T09:22:05.791+0000][93.792s][info][gc,metaspace   ] GC(818) Metaspace: 37314K(37696K)->37314K(37696K) NonClass: 32889K(33088K)->32889K(33088K) Class: 4425K(4608K)->4425K(4608K)
[2025-04-17T09:22:05.791+0000][93.792s][info][gc             ] GC(818) Pause Young (Allocation Failure) 25M->16M(31M) 1.497ms
[2025-04-17T09:22:05.791+0000][93.792s][info][gc,cpu         ] GC(818) User=0.00s Sys=0.00s Real=0.00s
[2025-04-17T09:22:05.811+0000][93.812s][info][gc,start       ] GC(819) Pause Young (Allocation Failure)
[2025-04-17T09:22:05.812+0000][93.813s][info][gc,heap        ] GC(819) DefNew: 9270K(10176K)->143K(10176K) Eden: 9088K(9088K)->0K(9088K) From: 182K(1088K)->143K(1088K)
[2025-04-17T09:22:05.812+0000][93.813s][info][gc,heap        ] GC(819) Tenured: 17000K(22464K)->17000K(22464K)
[2025-04-17T09:22:05.812+0000][93.813s][info][gc,metaspace   ] GC(819) Metaspace: 37314K(37696K)->37314K(37696K) NonClass: 32889K(33088K)->32889K(33088K) Class: 4425K(4608K)->4425K(4608K)
[2025-04-17T09:22:05.812+0000][93.813s][info][gc             ] GC(819) Pause Young (Allocation Failure) 25M->16M(31M) 1.175ms
[2025-04-17T09:22:05.812+0000][93.813s][info][gc,cpu         ] GC(819) User=0.01s Sys=0.00s Real=0.00s
[2025-04-17T09:22:05.899+0000][93.900s][info][gc,start       ] GC(820) Pause Young (Allocation Failure)
[2025-04-17T09:22:05.900+0000][93.901s][info][gc,heap        ] GC(820) DefNew: 9231K(10176K)->168K(10176K) Eden: 9088K(9088K)->0K(9088K) From: 143K(1088K)->168K(1088K)
[2025-04-17T09:22:05.900+0000][93.901s][info][gc,heap        ] GC(820) Tenured: 17000K(22464K)->17000K(22464K)
[2025-04-17T09:22:05.900+0000][93.901s][info][gc,metaspace   ] GC(820) Metaspace: 37314K(37696K)->37314K(37696K) NonClass: 32889K(33088K)->32889K(33088K) Class: 4425K(4608K)->4425K(4608K)
[2025-04-17T09:22:05.900+0000][93.901s][info][gc             ] GC(820) Pause Young (Allocation Failure) 25M->16M(31M) 1.465ms
[2025-04-17T09:22:05.900+0000][93.901s][info][gc,cpu         ] GC(820) User=0.00s Sys=0.00s Real=0.00s
[2025-04-17T09:22:05.932+0000][93.933s][info][gc,start       ] GC(821) Pause Young (Allocation Failure)
[2025-04-17T09:22:05.933+0000][93.934s][info][gc,heap        ] GC(821) DefNew: 9256K(10176K)->176K(10176K) Eden: 9088K(9088K)->0K(9088K) From: 168K(1088K)->176K(1088K)
[2025-04-17T09:22:05.933+0000][93.934s][info][gc,heap        ] GC(821) Tenured: 17000K(22464K)->17000K(22464K)
[2025-04-17T09:22:05.933+0000][93.934s][info][gc,metaspace   ] GC(821) Metaspace: 37314K(37696K)->37314K(37696K) NonClass: 32889K(33088K)->32889K(33088K) Class: 4425K(4608K)->4425K(4608K)
[2025-04-17T09:22:05.933+0000][93.934s][info][gc             ] GC(821) Pause Young (Allocation Failure) 25M->16M(31M) 1.426ms
[2025-04-17T09:22:05.933+0000][93.934s][info][gc,cpu         ] GC(821) User=0.00s Sys=0.00s Real=0.00s
[2025-04-17T09:22:06.027+0000][94.028s][info][gc,start       ] GC(822) Pause Young (Allocation Failure)
[2025-04-17T09:22:06.029+0000][94.029s][info][gc,heap        ] GC(822) DefNew: 9260K(10176K)->190K(10176K) Eden: 9084K(9088K)->0K(9088K) From: 176K(1088K)->190K(1088K)
[2025-04-17T09:22:06.029+0000][94.030s][info][gc,heap        ] GC(822) Tenured: 17000K(22464K)->17001K(22464K)
[2025-04-17T09:22:06.029+0000][94.030s][info][gc,metaspace   ] GC(822) Metaspace: 37314K(37696K)->37314K(37696K) NonClass: 32889K(33088K)->32889K(33088K) Class: 4425K(4608K)->4425K(4608K)
[2025-04-17T09:22:06.029+0000][94.030s][info][gc             ] GC(822) Pause Young (Allocation Failure) 25M->16M(31M) 1.591ms
[2025-04-17T09:22:06.029+0000][94.030s][info][gc,cpu         ] GC(822) User=0.00s Sys=0.00s Real=0.00s
[2025-04-17T09:22:06.052+0000][94.053s][info][gc,start       ] GC(823) Pause Young (Allocation Failure)
[2025-04-17T09:22:06.054+0000][94.054s][info][gc,heap        ] GC(823) DefNew: 9278K(10176K)->178K(10176K) Eden: 9087K(9088K)->0K(9088K) From: 190K(1088K)->178K(1088K)
[2025-04-17T09:22:06.054+0000][94.054s][info][gc,heap        ] GC(823) Tenured: 17001K(22464K)->17002K(22464K)
[2025-04-17T09:22:06.054+0000][94.054s][info][gc,metaspace   ] GC(823) Metaspace: 37314K(37696K)->37314K(37696K) NonClass: 32889K(33088K)->32889K(33088K) Class: 4425K(4608K)->4425K(4608K)
[2025-04-17T09:22:06.054+0000][94.054s][info][gc             ] GC(823) Pause Young (Allocation Failure) 25M->16M(31M) 1.348ms
[2025-04-17T09:22:06.054+0000][94.054s][info][gc,cpu         ] GC(823) User=0.01s Sys=0.00s Real=0.00s
[2025-04-17T09:22:06.142+0000][94.143s][info][gc,start       ] GC(824) Pause Young (Allocation Failure)
[2025-04-17T09:22:06.144+0000][94.145s][info][gc,heap        ] GC(824) DefNew: 9266K(10176K)->193K(10176K) Eden: 9087K(9088K)->0K(9088K) From: 178K(1088K)->193K(1088K)
[2025-04-17T09:22:06.144+0000][94.145s][info][gc,heap        ] GC(824) Tenured: 17002K(22464K)->17004K(22464K)
[2025-04-17T09:22:06.144+0000][94.145s][info][gc,metaspace   ] GC(824) Metaspace: 37314K(37696K)->37314K(37696K) NonClass: 32889K(33088K)->32889K(33088K) Class: 4425K(4608K)->4425K(4608K)
[2025-04-17T09:22:06.144+0000][94.145s][info][gc             ] GC(824) Pause Young (Allocation Failure) 25M->16M(31M) 1.579ms
[2025-04-17T09:22:06.144+0000][94.145s][info][gc,cpu         ] GC(824) User=0.01s Sys=0.00s Real=0.01s
[2025-04-17T09:22:06.163+0000][94.163s][info][gc,start       ] GC(825) Pause Young (Allocation Failure)
[2025-04-17T09:22:06.164+0000][94.165s][info][gc,heap        ] GC(825) DefNew: 9277K(10176K)->216K(10176K) Eden: 9083K(9088K)->0K(9088K) From: 193K(1088K)->216K(1088K)
[2025-04-17T09:22:06.164+0000][94.165s][info][gc,heap        ] GC(825) Tenured: 17004K(22464K)->17021K(22464K)
[2025-04-17T09:22:06.164+0000][94.165s][info][gc,metaspace   ] GC(825) Metaspace: 37314K(37696K)->37314K(37696K) NonClass: 32889K(33088K)->32889K(33088K) Class: 4425K(4608K)->4425K(4608K)
[2025-04-17T09:22:06.164+0000][94.165s][info][gc             ] GC(825) Pause Young (Allocation Failure) 25M->16M(31M) 1.499ms
[2025-04-17T09:22:06.164+0000][94.165s][info][gc,cpu         ] GC(825) User=0.00s Sys=0.00s Real=0.01s
[2025-04-17T09:22:06.254+0000][94.254s][info][gc,start       ] GC(826) Pause Young (Allocation Failure)
[2025-04-17T09:22:06.255+0000][94.255s][info][gc,heap        ] GC(826) DefNew: 9304K(10176K)->141K(10176K) Eden: 9088K(9088K)->0K(9088K) From: 216K(1088K)->141K(1088K)
[2025-04-17T09:22:06.255+0000][94.256s][info][gc,heap        ] GC(826) Tenured: 17021K(22464K)->17021K(22464K)
[2025-04-17T09:22:06.255+0000][94.256s][info][gc,metaspace   ] GC(826) Metaspace: 37314K(37696K)->37314K(37696K) NonClass: 32889K(33088K)->32889K(33088K) Class: 4425K(4608K)->4425K(4608K)
[2025-04-17T09:22:06.255+0000][94.256s][info][gc             ] GC(826) Pause Young (Allocation Failure) 25M->16M(31M) 1.395ms
[2025-04-17T09:22:06.255+0000][94.256s][info][gc,cpu         ] GC(826) User=0.00s Sys=0.00s Real=0.01s
[2025-04-17T09:22:06.278+0000][94.278s][info][gc,start       ] GC(827) Pause Young (Allocation Failure)
[2025-04-17T09:22:06.279+0000][94.280s][info][gc,heap        ] GC(827) DefNew: 9229K(10176K)->149K(10176K) Eden: 9087K(9088K)->0K(9088K) From: 141K(1088K)->149K(1088K)
[2025-04-17T09:22:06.279+0000][94.280s][info][gc,heap        ] GC(827) Tenured: 17021K(22464K)->17021K(22464K)
[2025-04-17T09:22:06.279+0000][94.280s][info][gc,metaspace   ] GC(827) Metaspace: 37314K(37696K)->37314K(37696K) NonClass: 32889K(33088K)->32889K(33088K) Class: 4425K(4608K)->4425K(4608K)
[2025-04-17T09:22:06.279+0000][94.280s][info][gc             ] GC(827) Pause Young (Allocation Failure) 25M->16M(31M) 1.434ms
[2025-04-17T09:22:06.279+0000][94.280s][info][gc,cpu         ] GC(827) User=0.00s Sys=0.01s Real=0.00s
[2025-04-17T09:22:06.380+0000][94.380s][info][gc,start       ] GC(828) Pause Young (Allocation Failure)
[2025-04-17T09:22:06.381+0000][94.382s][info][gc,heap        ] GC(828) DefNew: 9237K(10176K)->195K(10176K) Eden: 9088K(9088K)->0K(9088K) From: 149K(1088K)->195K(1088K)
[2025-04-17T09:22:06.381+0000][94.382s][info][gc,heap        ] GC(828) Tenured: 17021K(22464K)->17021K(22464K)
[2025-04-17T09:22:06.381+0000][94.382s][info][gc,metaspace   ] GC(828) Metaspace: 37314K(37696K)->37314K(37696K) NonClass: 32889K(33088K)->32889K(33088K) Class: 4425K(4608K)->4425K(4608K)
[2025-04-17T09:22:06.381+0000][94.382s][info][gc             ] GC(828) Pause Young (Allocation Failure) 25M->16M(31M) 1.682ms
[2025-04-17T09:22:06.381+0000][94.382s][info][gc,cpu         ] GC(828) User=0.00s Sys=0.00s Real=0.00s
[2025-04-17T09:22:06.398+0000][94.398s][info][gc,start       ] GC(829) Pause Young (Allocation Failure)
[2025-04-17T09:22:06.399+0000][94.400s][info][gc,heap        ] GC(829) DefNew: 9283K(10176K)->345K(10176K) Eden: 9088K(9088K)->0K(9088K) From: 195K(1088K)->345K(1088K)
[2025-04-17T09:22:06.400+0000][94.400s][info][gc,heap        ] GC(829) Tenured: 17021K(22464K)->17021K(22464K)
[2025-04-17T09:22:06.400+0000][94.400s][info][gc,metaspace   ] GC(829) Metaspace: 37314K(37696K)->37314K(37696K) NonClass: 32889K(33088K)->32889K(33088K) Class: 4425K(4608K)->4425K(4608K)
[2025-04-17T09:22:06.400+0000][94.400s][info][gc             ] GC(829) Pause Young (Allocation Failure) 25M->16M(31M) 1.695ms
[2025-04-17T09:22:06.400+0000][94.400s][info][gc,cpu         ] GC(829) User=0.00s Sys=0.00s Real=0.00s
[2025-04-17T09:22:06.485+0000][94.486s][info][gc,start       ] GC(830) Pause Young (Allocation Failure)
[2025-04-17T09:22:06.487+0000][94.487s][info][gc,heap        ] GC(830) DefNew: 9433K(10176K)->239K(10176K) Eden: 9088K(9088K)->0K(9088K) From: 345K(1088K)->239K(1088K)
[2025-04-17T09:22:06.487+0000][94.487s][info][gc,heap        ] GC(830) Tenured: 17021K(22464K)->17022K(22464K)
[2025-04-17T09:22:06.487+0000][94.487s][info][gc,metaspace   ] GC(830) Metaspace: 37314K(37696K)->37314K(37696K) NonClass: 32889K(33088K)->32889K(33088K) Class: 4425K(4608K)->4425K(4608K)
[2025-04-17T09:22:06.487+0000][94.487s][info][gc             ] GC(830) Pause Young (Allocation Failure) 25M->16M(31M) 1.515ms
[2025-04-17T09:22:06.487+0000][94.487s][info][gc,cpu         ] GC(830) User=0.00s Sys=0.00s Real=0.00s
[2025-04-17T09:22:06.512+0000][94.513s][info][gc,start       ] GC(831) Pause Young (Allocation Failure)
[2025-04-17T09:22:06.513+0000][94.514s][info][gc,heap        ] GC(831) DefNew: 9327K(10176K)->265K(10176K) Eden: 9088K(9088K)->0K(9088K) From: 239K(1088K)->265K(1088K)
[2025-04-17T09:22:06.513+0000][94.514s][info][gc,heap        ] GC(831) Tenured: 17022K(22464K)->17023K(22464K)
[2025-04-17T09:22:06.513+0000][94.514s][info][gc,metaspace   ] GC(831) Metaspace: 37314K(37696K)->37314K(37696K) NonClass: 32889K(33088K)->32889K(33088K) Class: 4425K(4608K)->4425K(4608K)
[2025-04-17T09:22:06.514+0000][94.514s][info][gc             ] GC(831) Pause Young (Allocation Failure) 25M->16M(31M) 1.525ms
[2025-04-17T09:22:06.514+0000][94.514s][info][gc,cpu         ] GC(831) User=0.01s Sys=0.00s Real=0.00s
[2025-04-17T09:22:06.596+0000][94.597s][info][gc,start       ] GC(832) Pause Young (Allocation Failure)
[2025-04-17T09:22:06.597+0000][94.598s][info][gc,heap        ] GC(832) DefNew: 9353K(10176K)->175K(10176K) Eden: 9087K(9088K)->0K(9088K) From: 265K(1088K)->175K(1088K)
[2025-04-17T09:22:06.597+0000][94.598s][info][gc,heap        ] GC(832) Tenured: 17023K(22464K)->17083K(22464K)
[2025-04-17T09:22:06.597+0000][94.598s][info][gc,metaspace   ] GC(832) Metaspace: 37314K(37696K)->37314K(37696K) NonClass: 32889K(33088K)->32889K(33088K) Class: 4425K(4608K)->4425K(4608K)
[2025-04-17T09:22:06.597+0000][94.598s][info][gc             ] GC(832) Pause Young (Allocation Failure) 25M->16M(31M) 1.562ms
[2025-04-17T09:22:06.597+0000][94.598s][info][gc,cpu         ] GC(832) User=0.00s Sys=0.00s Real=0.00s
[2025-04-17T09:22:06.624+0000][94.625s][info][gc,start       ] GC(833) Pause Young (Allocation Failure)
[2025-04-17T09:22:06.626+0000][94.626s][info][gc,heap        ] GC(833) DefNew: 9263K(10176K)->220K(10176K) Eden: 9087K(9088K)->0K(9088K) From: 175K(1088K)->220K(1088K)
[2025-04-17T09:22:06.626+0000][94.626s][info][gc,heap        ] GC(833) Tenured: 17083K(22464K)->17085K(22464K)
[2025-04-17T09:22:06.626+0000][94.626s][info][gc,metaspace   ] GC(833) Metaspace: 37314K(37696K)->37314K(37696K) NonClass: 32889K(33088K)->32889K(33088K) Class: 4425K(4608K)->4425K(4608K)
[2025-04-17T09:22:06.626+0000][94.626s][info][gc             ] GC(833) Pause Young (Allocation Failure) 25M->16M(31M) 1.579ms
[2025-04-17T09:22:06.626+0000][94.626s][info][gc,cpu         ] GC(833) User=0.00s Sys=0.00s Real=0.00s
[2025-04-17T09:22:06.705+0000][94.705s][info][gc,start       ] GC(834) Pause Young (Allocation Failure)
[2025-04-17T09:22:06.706+0000][94.707s][info][gc,heap        ] GC(834) DefNew: 9308K(10176K)->174K(10176K) Eden: 9087K(9088K)->0K(9088K) From: 220K(1088K)->174K(1088K)
[2025-04-17T09:22:06.706+0000][94.707s][info][gc,heap        ] GC(834) Tenured: 17085K(22464K)->17085K(22464K)
[2025-04-17T09:22:06.706+0000][94.707s][info][gc,metaspace   ] GC(834) Metaspace: 37314K(37696K)->37314K(37696K) NonClass: 32889K(33088K)->32889K(33088K) Class: 4425K(4608K)->4425K(4608K)
[2025-04-17T09:22:06.706+0000][94.707s][info][gc             ] GC(834) Pause Young (Allocation Failure) 25M->16M(31M) 1.758ms
[2025-04-17T09:22:06.706+0000][94.707s][info][gc,cpu         ] GC(834) User=0.00s Sys=0.00s Real=0.00s
[2025-04-17T09:22:06.736+0000][94.737s][info][gc,start       ] GC(835) Pause Young (Allocation Failure)
[2025-04-17T09:22:06.738+0000][94.738s][info][gc,heap        ] GC(835) DefNew: 9262K(10176K)->160K(10176K) Eden: 9088K(9088K)->0K(9088K) From: 174K(1088K)->160K(1088K)
[2025-04-17T09:22:06.738+0000][94.738s][info][gc,heap        ] GC(835) Tenured: 17085K(22464K)->17086K(22464K)
[2025-04-17T09:22:06.738+0000][94.738s][info][gc,metaspace   ] GC(835) Metaspace: 37314K(37696K)->37314K(37696K) NonClass: 32889K(33088K)->32889K(33088K) Class: 4425K(4608K)->4425K(4608K)
[2025-04-17T09:22:06.738+0000][94.738s][info][gc             ] GC(835) Pause Young (Allocation Failure) 25M->16M(31M) 1.345ms
[2025-04-17T09:22:06.738+0000][94.738s][info][gc,cpu         ] GC(835) User=0.00s Sys=0.00s Real=0.00s
[2025-04-17T09:22:06.825+0000][94.826s][info][gc,start       ] GC(836) Pause Young (Allocation Failure)
[2025-04-17T09:22:06.827+0000][94.827s][info][gc,heap        ] GC(836) DefNew: 9248K(10176K)->155K(10176K) Eden: 9088K(9088K)->0K(9088K) From: 160K(1088K)->155K(1088K)
[2025-04-17T09:22:06.827+0000][94.827s][info][gc,heap        ] GC(836) Tenured: 17086K(22464K)->17086K(22464K)
[2025-04-17T09:22:06.827+0000][94.827s][info][gc,metaspace   ] GC(836) Metaspace: 37314K(37696K)->37314K(37696K) NonClass: 32889K(33088K)->32889K(33088K) Class: 4425K(4608K)->4425K(4608K)
[2025-04-17T09:22:06.827+0000][94.827s][info][gc             ] GC(836) Pause Young (Allocation Failure) 25M->16M(31M) 1.424ms
[2025-04-17T09:22:06.827+0000][94.827s][info][gc,cpu         ] GC(836) User=0.00s Sys=0.01s Real=0.00s
[2025-04-17T09:22:06.855+0000][94.856s][info][gc,start       ] GC(837) Pause Young (Allocation Failure)
[2025-04-17T09:22:06.857+0000][94.857s][info][gc,heap        ] GC(837) DefNew: 9242K(10176K)->190K(10176K) Eden: 9086K(9088K)->0K(9088K) From: 155K(1088K)->190K(1088K)
[2025-04-17T09:22:06.857+0000][94.857s][info][gc,heap        ] GC(837) Tenured: 17086K(22464K)->17087K(22464K)
[2025-04-17T09:22:06.857+0000][94.857s][info][gc,metaspace   ] GC(837) Metaspace: 37314K(37696K)->37314K(37696K) NonClass: 32889K(33088K)->32889K(33088K) Class: 4425K(4608K)->4425K(4608K)
[2025-04-17T09:22:06.857+0000][94.857s][info][gc             ] GC(837) Pause Young (Allocation Failure) 25M->16M(31M) 1.494ms
[2025-04-17T09:22:06.857+0000][94.857s][info][gc,cpu         ] GC(837) User=0.00s Sys=0.00s Real=0.00s
[2025-04-17T09:22:06.925+0000][94.925s][info][gc,start       ] GC(838) Pause Young (Allocation Failure)
[2025-04-17T09:22:06.926+0000][94.927s][info][gc,heap        ] GC(838) DefNew: 9278K(10176K)->156K(10176K) Eden: 9088K(9088K)->0K(9088K) From: 190K(1088K)->156K(1088K)
[2025-04-17T09:22:06.926+0000][94.927s][info][gc,heap        ] GC(838) Tenured: 17087K(22464K)->17087K(22464K)
[2025-04-17T09:22:06.926+0000][94.927s][info][gc,metaspace   ] GC(838) Metaspace: 37314K(37696K)->37314K(37696K) NonClass: 32889K(33088K)->32889K(33088K) Class: 4425K(4608K)->4425K(4608K)
[2025-04-17T09:22:06.926+0000][94.927s][info][gc             ] GC(838) Pause Young (Allocation Failure) 25M->16M(31M) 1.526ms
[2025-04-17T09:22:06.926+0000][94.927s][info][gc,cpu         ] GC(838) User=0.00s Sys=0.00s Real=0.00s
[2025-04-17T09:22:06.973+0000][94.974s][info][gc,start       ] GC(839) Pause Young (Allocation Failure)
[2025-04-17T09:22:06.975+0000][94.976s][info][gc,heap        ] GC(839) DefNew: 9244K(10176K)->192K(10176K) Eden: 9088K(9088K)->0K(9088K) From: 156K(1088K)->192K(1088K)
[2025-04-17T09:22:06.975+0000][94.976s][info][gc,heap        ] GC(839) Tenured: 17087K(22464K)->17088K(22464K)
[2025-04-17T09:22:06.975+0000][94.976s][info][gc,metaspace   ] GC(839) Metaspace: 37314K(37696K)->37314K(37696K) NonClass: 32889K(33088K)->32889K(33088K) Class: 4425K(4608K)->4425K(4608K)
[2025-04-17T09:22:06.975+0000][94.976s][info][gc             ] GC(839) Pause Young (Allocation Failure) 25M->16M(31M) 1.587ms
[2025-04-17T09:22:06.975+0000][94.976s][info][gc,cpu         ] GC(839) User=0.01s Sys=0.00s Real=0.01s
[2025-04-17T09:22:07.037+0000][95.038s][info][gc,start       ] GC(840) Pause Young (Allocation Failure)
[2025-04-17T09:22:07.039+0000][95.039s][info][gc,heap        ] GC(840) DefNew: 9280K(10176K)->202K(10176K) Eden: 9088K(9088K)->0K(9088K) From: 192K(1088K)->202K(1088K)
[2025-04-17T09:22:07.039+0000][95.039s][info][gc,heap        ] GC(840) Tenured: 17088K(22464K)->17089K(22464K)
[2025-04-17T09:22:07.039+0000][95.039s][info][gc,metaspace   ] GC(840) Metaspace: 37314K(37696K)->37314K(37696K) NonClass: 32889K(33088K)->32889K(33088K) Class: 4425K(4608K)->4425K(4608K)
[2025-04-17T09:22:07.039+0000][95.039s][info][gc             ] GC(840) Pause Young (Allocation Failure) 25M->16M(31M) 1.479ms
[2025-04-17T09:22:07.039+0000][95.040s][info][gc,cpu         ] GC(840) User=0.00s Sys=0.00s Real=0.00s
[2025-04-17T09:22:07.093+0000][95.094s][info][gc,start       ] GC(841) Pause Young (Allocation Failure)
[2025-04-17T09:22:07.095+0000][95.095s][info][gc,heap        ] GC(841) DefNew: 9290K(10176K)->217K(10176K) Eden: 9087K(9088K)->0K(9088K) From: 202K(1088K)->217K(1088K)
[2025-04-17T09:22:07.095+0000][95.095s][info][gc,heap        ] GC(841) Tenured: 17089K(22464K)->17089K(22464K)
[2025-04-17T09:22:07.095+0000][95.095s][info][gc,metaspace   ] GC(841) Metaspace: 37314K(37696K)->37314K(37696K) NonClass: 32889K(33088K)->32889K(33088K) Class: 4425K(4608K)->4425K(4608K)
[2025-04-17T09:22:07.095+0000][95.096s][info][gc             ] GC(841) Pause Young (Allocation Failure) 25M->16M(31M) 1.588ms
[2025-04-17T09:22:07.095+0000][95.096s][info][gc,cpu         ] GC(841) User=0.00s Sys=0.00s Real=0.01s
[2025-04-17T09:22:07.151+0000][95.151s][info][gc,start       ] GC(842) Pause Young (Allocation Failure)
[2025-04-17T09:22:07.152+0000][95.153s][info][gc,heap        ] GC(842) DefNew: 9305K(10176K)->160K(10176K) Eden: 9088K(9088K)->0K(9088K) From: 217K(1088K)->160K(1088K)
[2025-04-17T09:22:07.152+0000][95.153s][info][gc,heap        ] GC(842) Tenured: 17089K(22464K)->17089K(22464K)
[2025-04-17T09:22:07.152+0000][95.153s][info][gc,metaspace   ] GC(842) Metaspace: 37314K(37696K)->37314K(37696K) NonClass: 32889K(33088K)->32889K(33088K) Class: 4425K(4608K)->4425K(4608K)
[2025-04-17T09:22:07.152+0000][95.153s][info][gc             ] GC(842) Pause Young (Allocation Failure) 25M->16M(31M) 1.642ms
[2025-04-17T09:22:07.152+0000][95.153s][info][gc,cpu         ] GC(842) User=0.00s Sys=0.00s Real=0.00s
[2025-04-17T09:22:07.207+0000][95.208s][info][gc,start       ] GC(843) Pause Young (Allocation Failure)
[2025-04-17T09:22:07.209+0000][95.209s][info][gc,heap        ] GC(843) DefNew: 9248K(10176K)->169K(10176K) Eden: 9088K(9088K)->0K(9088K) From: 160K(1088K)->169K(1088K)
[2025-04-17T09:22:07.209+0000][95.209s][info][gc,heap        ] GC(843) Tenured: 17089K(22464K)->17108K(22464K)
[2025-04-17T09:22:07.209+0000][95.209s][info][gc,metaspace   ] GC(843) Metaspace: 37314K(37696K)->37314K(37696K) NonClass: 32889K(33088K)->32889K(33088K) Class: 4425K(4608K)->4425K(4608K)
[2025-04-17T09:22:07.209+0000][95.209s][info][gc             ] GC(843) Pause Young (Allocation Failure) 25M->16M(31M) 1.610ms
[2025-04-17T09:22:07.209+0000][95.209s][info][gc,cpu         ] GC(843) User=0.00s Sys=0.00s Real=0.00s
[2025-04-17T09:22:07.266+0000][95.267s][info][gc,start       ] GC(844) Pause Young (Allocation Failure)
[2025-04-17T09:22:07.268+0000][95.268s][info][gc,heap        ] GC(844) DefNew: 9257K(10176K)->84K(10176K) Eden: 9088K(9088K)->0K(9088K) From: 169K(1088K)->84K(1088K)
[2025-04-17T09:22:07.268+0000][95.268s][info][gc,heap        ] GC(844) Tenured: 17108K(22464K)->17169K(22464K)
[2025-04-17T09:22:07.268+0000][95.268s][info][gc,metaspace   ] GC(844) Metaspace: 37314K(37696K)->37314K(37696K) NonClass: 32889K(33088K)->32889K(33088K) Class: 4425K(4608K)->4425K(4608K)
[2025-04-17T09:22:07.268+0000][95.268s][info][gc             ] GC(844) Pause Young (Allocation Failure) 25M->16M(31M) 1.550ms
[2025-04-17T09:22:07.268+0000][95.268s][info][gc,cpu         ] GC(844) User=0.00s Sys=0.00s Real=0.00s
[2025-04-17T09:22:07.322+0000][95.323s][info][gc,start       ] GC(845) Pause Young (Allocation Failure)
[2025-04-17T09:22:07.324+0000][95.324s][info][gc,heap        ] GC(845) DefNew: 9172K(10176K)->135K(10176K) Eden: 9088K(9088K)->0K(9088K) From: 84K(1088K)->135K(1088K)
[2025-04-17T09:22:07.324+0000][95.324s][info][gc,heap        ] GC(845) Tenured: 17169K(22464K)->17169K(22464K)
[2025-04-17T09:22:07.324+0000][95.324s][info][gc,metaspace   ] GC(845) Metaspace: 37314K(37696K)->37314K(37696K) NonClass: 32889K(33088K)->32889K(33088K) Class: 4425K(4608K)->4425K(4608K)
[2025-04-17T09:22:07.324+0000][95.325s][info][gc             ] GC(845) Pause Young (Allocation Failure) 25M->16M(31M) 1.532ms
[2025-04-17T09:22:07.324+0000][95.325s][info][gc,cpu         ] GC(845) User=0.00s Sys=0.01s Real=0.00s
[2025-04-17T09:22:07.374+0000][95.375s][info][gc,start       ] GC(846) Pause Young (Allocation Failure)
[2025-04-17T09:22:07.376+0000][95.376s][info][gc,heap        ] GC(846) DefNew: 9223K(10176K)->80K(10176K) Eden: 9087K(9088K)->0K(9088K) From: 135K(1088K)->80K(1088K)
[2025-04-17T09:22:07.376+0000][95.376s][info][gc,heap        ] GC(846) Tenured: 17169K(22464K)->17169K(22464K)
[2025-04-17T09:22:07.376+0000][95.376s][info][gc,metaspace   ] GC(846) Metaspace: 37314K(37696K)->37314K(37696K) NonClass: 32889K(33088K)->32889K(33088K) Class: 4425K(4608K)->4425K(4608K)
[2025-04-17T09:22:07.376+0000][95.377s][info][gc             ] GC(846) Pause Young (Allocation Failure) 25M->16M(31M) 1.438ms
[2025-04-17T09:22:07.376+0000][95.377s][info][gc,cpu         ] GC(846) User=0.00s Sys=0.00s Real=0.00s
[2025-04-17T09:22:07.430+0000][95.430s][info][gc,start       ] GC(847) Pause Young (Allocation Failure)
[2025-04-17T09:22:07.431+0000][95.432s][info][gc,heap        ] GC(847) DefNew: 9168K(10176K)->93K(10176K) Eden: 9087K(9088K)->0K(9088K) From: 80K(1088K)->93K(1088K)
[2025-04-17T09:22:07.431+0000][95.432s][info][gc,heap        ] GC(847) Tenured: 17169K(22464K)->17169K(22464K)
[2025-04-17T09:22:07.431+0000][95.432s][info][gc,metaspace   ] GC(847) Metaspace: 37314K(37696K)->37314K(37696K) NonClass: 32889K(33088K)->32889K(33088K) Class: 4425K(4608K)->4425K(4608K)
[2025-04-17T09:22:07.431+0000][95.432s][info][gc             ] GC(847) Pause Young (Allocation Failure) 25M->16M(31M) 1.439ms
[2025-04-17T09:22:07.431+0000][95.432s][info][gc,cpu         ] GC(847) User=0.00s Sys=0.00s Real=0.00s
[2025-04-17T09:22:07.474+0000][95.475s][info][gc,start       ] GC(848) Pause Young (Allocation Failure)
[2025-04-17T09:22:07.476+0000][95.476s][info][gc,heap        ] GC(848) DefNew: 9177K(10176K)->101K(10176K) Eden: 9084K(9088K)->0K(9088K) From: 93K(1088K)->101K(1088K)
[2025-04-17T09:22:07.476+0000][95.476s][info][gc,heap        ] GC(848) Tenured: 17169K(22464K)->17169K(22464K)
[2025-04-17T09:22:07.476+0000][95.476s][info][gc,metaspace   ] GC(848) Metaspace: 37314K(37696K)->37314K(37696K) NonClass: 32889K(33088K)->32889K(33088K) Class: 4425K(4608K)->4425K(4608K)
[2025-04-17T09:22:07.476+0000][95.476s][info][gc             ] GC(848) Pause Young (Allocation Failure) 25M->16M(31M) 1.454ms
[2025-04-17T09:22:07.476+0000][95.476s][info][gc,cpu         ] GC(848) User=0.00s Sys=0.00s Real=0.00s
[2025-04-17T09:22:07.542+0000][95.542s][info][gc,start       ] GC(849) Pause Young (Allocation Failure)
[2025-04-17T09:22:07.543+0000][95.544s][info][gc,heap        ] GC(849) DefNew: 9189K(10176K)->110K(10176K) Eden: 9087K(9088K)->0K(9088K) From: 101K(1088K)->110K(1088K)
[2025-04-17T09:22:07.543+0000][95.544s][info][gc,heap        ] GC(849) Tenured: 17169K(22464K)->17169K(22464K)
[2025-04-17T09:22:07.543+0000][95.544s][info][gc,metaspace   ] GC(849) Metaspace: 37314K(37696K)->37314K(37696K) NonClass: 32889K(33088K)->32889K(33088K) Class: 4425K(4608K)->4425K(4608K)
[2025-04-17T09:22:07.543+0000][95.544s][info][gc             ] GC(849) Pause Young (Allocation Failure) 25M->16M(31M) 1.475ms
[2025-04-17T09:22:07.543+0000][95.544s][info][gc,cpu         ] GC(849) User=0.00s Sys=0.00s Real=0.00s
[2025-04-17T09:22:07.578+0000][95.579s][info][gc,start       ] GC(850) Pause Young (Allocation Failure)
[2025-04-17T09:22:07.580+0000][95.581s][info][gc,heap        ] GC(850) DefNew: 9198K(10176K)->198K(10176K) Eden: 9088K(9088K)->0K(9088K) From: 110K(1088K)->198K(1088K)
[2025-04-17T09:22:07.580+0000][95.581s][info][gc,heap        ] GC(850) Tenured: 17169K(22464K)->17169K(22464K)
[2025-04-17T09:22:07.580+0000][95.581s][info][gc,metaspace   ] GC(850) Metaspace: 37314K(37696K)->37314K(37696K) NonClass: 32889K(33088K)->32889K(33088K) Class: 4425K(4608K)->4425K(4608K)
[2025-04-17T09:22:07.580+0000][95.581s][info][gc             ] GC(850) Pause Young (Allocation Failure) 25M->16M(31M) 1.631ms
[2025-04-17T09:22:07.580+0000][95.581s][info][gc,cpu         ] GC(850) User=0.00s Sys=0.00s Real=0.00s
[2025-04-17T09:22:07.655+0000][95.655s][info][gc,start       ] GC(851) Pause Young (Allocation Failure)
[2025-04-17T09:22:07.658+0000][95.659s][info][gc,heap        ] GC(851) DefNew: 9286K(10176K)->86K(10176K) Eden: 9088K(9088K)->0K(9088K) From: 198K(1088K)->86K(1088K)
[2025-04-17T09:22:07.658+0000][95.659s][info][gc,heap        ] GC(851) Tenured: 17169K(22464K)->17169K(22464K)
[2025-04-17T09:22:07.658+0000][95.659s][info][gc,metaspace   ] GC(851) Metaspace: 37314K(37696K)->37314K(37696K) NonClass: 32889K(33088K)->32889K(33088K) Class: 4425K(4608K)->4425K(4608K)
[2025-04-17T09:22:07.658+0000][95.659s][info][gc             ] GC(851) Pause Young (Allocation Failure) 25M->16M(31M) 3.449ms
[2025-04-17T09:22:07.658+0000][95.659s][info][gc,cpu         ] GC(851) User=0.00s Sys=0.00s Real=0.00s
[2025-04-17T09:22:07.691+0000][95.691s][info][gc,start       ] GC(852) Pause Young (Allocation Failure)
[2025-04-17T09:22:07.692+0000][95.693s][info][gc,heap        ] GC(852) DefNew: 9174K(10176K)->104K(10176K) Eden: 9088K(9088K)->0K(9088K) From: 86K(1088K)->104K(1088K)
[2025-04-17T09:22:07.692+0000][95.693s][info][gc,heap        ] GC(852) Tenured: 17169K(22464K)->17170K(22464K)
[2025-04-17T09:22:07.692+0000][95.693s][info][gc,metaspace   ] GC(852) Metaspace: 37314K(37696K)->37314K(37696K) NonClass: 32889K(33088K)->32889K(33088K) Class: 4425K(4608K)->4425K(4608K)
[2025-04-17T09:22:07.692+0000][95.693s][info][gc             ] GC(852) Pause Young (Allocation Failure) 25M->16M(31M) 1.612ms
[2025-04-17T09:22:07.692+0000][95.693s][info][gc,cpu         ] GC(852) User=0.00s Sys=0.00s Real=0.00s
[2025-04-17T09:22:07.763+0000][95.764s][info][gc,start       ] GC(853) Pause Young (Allocation Failure)
[2025-04-17T09:22:07.765+0000][95.766s][info][gc,heap        ] GC(853) DefNew: 9192K(10176K)->93K(10176K) Eden: 9088K(9088K)->0K(9088K) From: 104K(1088K)->93K(1088K)
[2025-04-17T09:22:07.765+0000][95.766s][info][gc,heap        ] GC(853) Tenured: 17170K(22464K)->17171K(22464K)
[2025-04-17T09:22:07.765+0000][95.766s][info][gc,metaspace   ] GC(853) Metaspace: 37314K(37696K)->37314K(37696K) NonClass: 32889K(33088K)->32889K(33088K) Class: 4425K(4608K)->4425K(4608K)
[2025-04-17T09:22:07.765+0000][95.766s][info][gc             ] GC(853) Pause Young (Allocation Failure) 25M->16M(31M) 1.663ms
[2025-04-17T09:22:07.765+0000][95.766s][info][gc,cpu         ] GC(853) User=0.00s Sys=0.00s Real=0.01s
[2025-04-17T09:22:07.807+0000][95.808s][info][gc,start       ] GC(854) Pause Young (Allocation Failure)
[2025-04-17T09:22:07.809+0000][95.809s][info][gc,heap        ] GC(854) DefNew: 9179K(10176K)->123K(10176K) Eden: 9085K(9088K)->0K(9088K) From: 93K(1088K)->123K(1088K)
[2025-04-17T09:22:07.809+0000][95.809s][info][gc,heap        ] GC(854) Tenured: 17171K(22464K)->17171K(22464K)
[2025-04-17T09:22:07.809+0000][95.809s][info][gc,metaspace   ] GC(854) Metaspace: 37314K(37696K)->37314K(37696K) NonClass: 32889K(33088K)->32889K(33088K) Class: 4425K(4608K)->4425K(4608K)
[2025-04-17T09:22:07.809+0000][95.809s][info][gc             ] GC(854) Pause Young (Allocation Failure) 25M->16M(31M) 1.546ms
[2025-04-17T09:22:07.809+0000][95.809s][info][gc,cpu         ] GC(854) User=0.00s Sys=0.00s Real=0.00s
[2025-04-17T09:22:07.851+0000][95.852s][info][gc,start       ] GC(855) Pause Young (Allocation Failure)
[2025-04-17T09:22:07.853+0000][95.853s][info][gc,heap        ] GC(855) DefNew: 9211K(10176K)->99K(10176K) Eden: 9088K(9088K)->0K(9088K) From: 123K(1088K)->99K(1088K)
[2025-04-17T09:22:07.853+0000][95.853s][info][gc,heap        ] GC(855) Tenured: 17171K(22464K)->17171K(22464K)
[2025-04-17T09:22:07.853+0000][95.853s][info][gc,metaspace   ] GC(855) Metaspace: 37314K(37696K)->37314K(37696K) NonClass: 32889K(33088K)->32889K(33088K) Class: 4425K(4608K)->4425K(4608K)
[2025-04-17T09:22:07.853+0000][95.853s][info][gc             ] GC(855) Pause Young (Allocation Failure) 25M->16M(31M) 1.378ms
[2025-04-17T09:22:07.853+0000][95.854s][info][gc,cpu         ] GC(855) User=0.00s Sys=0.00s Real=0.00s
[2025-04-17T09:22:07.917+0000][95.918s][info][gc,start       ] GC(856) Pause Young (Allocation Failure)
[2025-04-17T09:22:07.919+0000][95.919s][info][gc,heap        ] GC(856) DefNew: 9187K(10176K)->99K(10176K) Eden: 9088K(9088K)->0K(9088K) From: 99K(1088K)->99K(1088K)
[2025-04-17T09:22:07.919+0000][95.919s][info][gc,heap        ] GC(856) Tenured: 17171K(22464K)->17172K(22464K)
[2025-04-17T09:22:07.919+0000][95.919s][info][gc,metaspace   ] GC(856) Metaspace: 37314K(37696K)->37314K(37696K) NonClass: 32889K(33088K)->32889K(33088K) Class: 4425K(4608K)->4425K(4608K)
[2025-04-17T09:22:07.919+0000][95.919s][info][gc             ] GC(856) Pause Young (Allocation Failure) 25M->16M(31M) 1.436ms
[2025-04-17T09:22:07.919+0000][95.919s][info][gc,cpu         ] GC(856) User=0.00s Sys=0.00s Real=0.00s
[2025-04-17T09:22:07.962+0000][95.962s][info][gc,start       ] GC(857) Pause Young (Allocation Failure)
[2025-04-17T09:22:07.963+0000][95.964s][info][gc,heap        ] GC(857) DefNew: 9187K(10176K)->97K(10176K) Eden: 9087K(9088K)->0K(9088K) From: 99K(1088K)->97K(1088K)
[2025-04-17T09:22:07.963+0000][95.964s][info][gc,heap        ] GC(857) Tenured: 17172K(22464K)->17172K(22464K)
[2025-04-17T09:22:07.963+0000][95.964s][info][gc,metaspace   ] GC(857) Metaspace: 37314K(37696K)->37314K(37696K) NonClass: 32889K(33088K)->32889K(33088K) Class: 4425K(4608K)->4425K(4608K)
[2025-04-17T09:22:07.963+0000][95.964s][info][gc             ] GC(857) Pause Young (Allocation Failure) 25M->16M(31M) 1.457ms
[2025-04-17T09:22:07.963+0000][95.964s][info][gc,cpu         ] GC(857) User=0.01s Sys=0.00s Real=0.00s
[2025-04-17T09:22:08.012+0000][96.012s][info][gc,start       ] GC(858) Pause Young (Allocation Failure)
[2025-04-17T09:22:08.013+0000][96.014s][info][gc,heap        ] GC(858) DefNew: 9185K(10176K)->119K(10176K) Eden: 9087K(9088K)->0K(9088K) From: 97K(1088K)->119K(1088K)
[2025-04-17T09:22:08.013+0000][96.014s][info][gc,heap        ] GC(858) Tenured: 17172K(22464K)->17175K(22464K)
[2025-04-17T09:22:08.013+0000][96.014s][info][gc,metaspace   ] GC(858) Metaspace: 37314K(37696K)->37314K(37696K) NonClass: 32889K(33088K)->32889K(33088K) Class: 4425K(4608K)->4425K(4608K)
[2025-04-17T09:22:08.013+0000][96.014s][info][gc             ] GC(858) Pause Young (Allocation Failure) 25M->16M(31M) 1.521ms
[2025-04-17T09:22:08.013+0000][96.014s][info][gc,cpu         ] GC(858) User=0.00s Sys=0.00s Real=0.00s
[2025-04-17T09:22:08.044+0000][96.045s][info][gc,start       ] GC(859) Pause Young (Allocation Failure)
[2025-04-17T09:22:08.045+0000][96.046s][info][gc,heap        ] GC(859) DefNew: 9207K(10176K)->97K(10176K) Eden: 9088K(9088K)->0K(9088K) From: 119K(1088K)->97K(1088K)
[2025-04-17T09:22:08.045+0000][96.046s][info][gc,heap        ] GC(859) Tenured: 17175K(22464K)->17175K(22464K)
[2025-04-17T09:22:08.045+0000][96.046s][info][gc,metaspace   ] GC(859) Metaspace: 37314K(37696K)->37314K(37696K) NonClass: 32889K(33088K)->32889K(33088K) Class: 4425K(4608K)->4425K(4608K)
[2025-04-17T09:22:08.045+0000][96.046s][info][gc             ] GC(859) Pause Young (Allocation Failure) 25M->16M(31M) 1.461ms
[2025-04-17T09:22:08.045+0000][96.046s][info][gc,cpu         ] GC(859) User=0.00s Sys=0.00s Real=0.01s
[2025-04-17T09:22:08.116+0000][96.117s][info][gc,start       ] GC(860) Pause Young (Allocation Failure)
[2025-04-17T09:22:08.118+0000][96.118s][info][gc,heap        ] GC(860) DefNew: 9185K(10176K)->216K(10176K) Eden: 9087K(9088K)->0K(9088K) From: 97K(1088K)->216K(1088K)
[2025-04-17T09:22:08.118+0000][96.118s][info][gc,heap        ] GC(860) Tenured: 17175K(22464K)->17175K(22464K)
[2025-04-17T09:22:08.118+0000][96.118s][info][gc,metaspace   ] GC(860) Metaspace: 37314K(37696K)->37314K(37696K) NonClass: 32889K(33088K)->32889K(33088K) Class: 4425K(4608K)->4425K(4608K)
[2025-04-17T09:22:08.118+0000][96.118s][info][gc             ] GC(860) Pause Young (Allocation Failure) 25M->16M(31M) 1.689ms
[2025-04-17T09:22:08.118+0000][96.118s][info][gc,cpu         ] GC(860) User=0.00s Sys=0.00s Real=0.00s
[2025-04-17T09:22:08.165+0000][96.166s][info][gc,start       ] GC(861) Pause Young (Allocation Failure)
[2025-04-17T09:22:08.167+0000][96.167s][info][gc,heap        ] GC(861) DefNew: 9304K(10176K)->160K(10176K) Eden: 9087K(9088K)->0K(9088K) From: 216K(1088K)->160K(1088K)
[2025-04-17T09:22:08.167+0000][96.167s][info][gc,heap        ] GC(861) Tenured: 17175K(22464K)->17175K(22464K)
[2025-04-17T09:22:08.167+0000][96.167s][info][gc,metaspace   ] GC(861) Metaspace: 37315K(37696K)->37315K(37696K) NonClass: 32890K(33088K)->32890K(33088K) Class: 4425K(4608K)->4425K(4608K)
[2025-04-17T09:22:08.167+0000][96.168s][info][gc             ] GC(861) Pause Young (Allocation Failure) 25M->16M(31M) 1.637ms
[2025-04-17T09:22:08.167+0000][96.168s][info][gc,cpu         ] GC(861) User=0.00s Sys=0.00s Real=0.00s
[2025-04-17T09:22:08.235+0000][96.235s][info][gc,start       ] GC(862) Pause Young (Allocation Failure)
[2025-04-17T09:22:08.236+0000][96.237s][info][gc,heap        ] GC(862) DefNew: 9248K(10176K)->140K(10176K) Eden: 9088K(9088K)->0K(9088K) From: 160K(1088K)->140K(1088K)
[2025-04-17T09:22:08.236+0000][96.237s][info][gc,heap        ] GC(862) Tenured: 17175K(22464K)->17175K(22464K)
[2025-04-17T09:22:08.236+0000][96.237s][info][gc,metaspace   ] GC(862) Metaspace: 37315K(37696K)->37315K(37696K) NonClass: 32890K(33088K)->32890K(33088K) Class: 4425K(4608K)->4425K(4608K)
[2025-04-17T09:22:08.236+0000][96.237s][info][gc             ] GC(862) Pause Young (Allocation Failure) 25M->16M(31M) 1.563ms
[2025-04-17T09:22:08.236+0000][96.237s][info][gc,cpu         ] GC(862) User=0.00s Sys=0.00s Real=0.00s
[2025-04-17T09:22:08.276+0000][96.277s][info][gc,start       ] GC(863) Pause Young (Allocation Failure)
[2025-04-17T09:22:08.278+0000][96.278s][info][gc,heap        ] GC(863) DefNew: 9228K(10176K)->134K(10176K) Eden: 9088K(9088K)->0K(9088K) From: 140K(1088K)->134K(1088K)
[2025-04-17T09:22:08.278+0000][96.278s][info][gc,heap        ] GC(863) Tenured: 17175K(22464K)->17178K(22464K)
[2025-04-17T09:22:08.278+0000][96.278s][info][gc,metaspace   ] GC(863) Metaspace: 37318K(37696K)->37318K(37696K) NonClass: 32892K(33088K)->32892K(33088K) Class: 4425K(4608K)->4425K(4608K)
[2025-04-17T09:22:08.278+0000][96.278s][info][gc             ] GC(863) Pause Young (Allocation Failure) 25M->16M(31M) 1.578ms
[2025-04-17T09:22:08.278+0000][96.278s][info][gc,cpu         ] GC(863) User=0.00s Sys=0.00s Real=0.00s
[2025-04-17T09:22:08.360+0000][96.361s][info][gc,start       ] GC(864) Pause Young (Allocation Failure)
[2025-04-17T09:22:08.362+0000][96.362s][info][gc,heap        ] GC(864) DefNew: 9222K(10176K)->127K(10176K) Eden: 9088K(9088K)->0K(9088K) From: 134K(1088K)->127K(1088K)
[2025-04-17T09:22:08.362+0000][96.362s][info][gc,heap        ] GC(864) Tenured: 17178K(22464K)->17178K(22464K)
[2025-04-17T09:22:08.362+0000][96.362s][info][gc,metaspace   ] GC(864) Metaspace: 37318K(37696K)->37318K(37696K) NonClass: 32892K(33088K)->32892K(33088K) Class: 4425K(4608K)->4425K(4608K)
[2025-04-17T09:22:08.362+0000][96.362s][info][gc             ] GC(864) Pause Young (Allocation Failure) 25M->16M(31M) 1.587ms
[2025-04-17T09:22:08.362+0000][96.362s][info][gc,cpu         ] GC(864) User=0.00s Sys=0.00s Real=0.00s
[2025-04-17T09:22:08.384+0000][96.385s][info][gc,start       ] GC(865) Pause Young (Allocation Failure)
[2025-04-17T09:22:08.385+0000][96.386s][info][gc,heap        ] GC(865) DefNew: 9215K(10176K)->118K(10176K) Eden: 9088K(9088K)->0K(9088K) From: 127K(1088K)->118K(1088K)
[2025-04-17T09:22:08.385+0000][96.386s][info][gc,heap        ] GC(865) Tenured: 17178K(22464K)->17178K(22464K)
[2025-04-17T09:22:08.385+0000][96.386s][info][gc,metaspace   ] GC(865) Metaspace: 37318K(37696K)->37318K(37696K) NonClass: 32892K(33088K)->32892K(33088K) Class: 4425K(4608K)->4425K(4608K)
[2025-04-17T09:22:08.385+0000][96.386s][info][gc             ] GC(865) Pause Young (Allocation Failure) 25M->16M(31M) 1.299ms
[2025-04-17T09:22:08.385+0000][96.386s][info][gc,cpu         ] GC(865) User=0.00s Sys=0.00s Real=0.00s
[2025-04-17T09:22:08.471+0000][96.472s][info][gc,start       ] GC(866) Pause Young (Allocation Failure)
[2025-04-17T09:22:08.473+0000][96.473s][info][gc,heap        ] GC(866) DefNew: 9201K(10176K)->102K(10176K) Eden: 9082K(9088K)->0K(9088K) From: 118K(1088K)->102K(1088K)
[2025-04-17T09:22:08.473+0000][96.474s][info][gc,heap        ] GC(866) Tenured: 17178K(22464K)->17179K(22464K)
[2025-04-17T09:22:08.473+0000][96.474s][info][gc,metaspace   ] GC(866) Metaspace: 37318K(37696K)->37318K(37696K) NonClass: 32892K(33088K)->32892K(33088K) Class: 4425K(4608K)->4425K(4608K)
[2025-04-17T09:22:08.473+0000][96.474s][info][gc             ] GC(866) Pause Young (Allocation Failure) 25M->16M(31M) 1.449ms
[2025-04-17T09:22:08.473+0000][96.474s][info][gc,cpu         ] GC(866) User=0.00s Sys=0.00s Real=0.00s
[2025-04-17T09:22:08.493+0000][96.493s][info][gc,start       ] GC(867) Pause Young (Allocation Failure)
[2025-04-17T09:22:08.494+0000][96.495s][info][gc,heap        ] GC(867) DefNew: 9188K(10176K)->104K(10176K) Eden: 9085K(9088K)->0K(9088K) From: 102K(1088K)->104K(1088K)
[2025-04-17T09:22:08.494+0000][96.495s][info][gc,heap        ] GC(867) Tenured: 17179K(22464K)->17179K(22464K)
[2025-04-17T09:22:08.494+0000][96.495s][info][gc,metaspace   ] GC(867) Metaspace: 37318K(37696K)->37318K(37696K) NonClass: 32892K(33088K)->32892K(33088K) Class: 4425K(4608K)->4425K(4608K)
[2025-04-17T09:22:08.494+0000][96.495s][info][gc             ] GC(867) Pause Young (Allocation Failure) 25M->16M(31M) 1.304ms
[2025-04-17T09:22:08.494+0000][96.495s][info][gc,cpu         ] GC(867) User=0.00s Sys=0.00s Real=0.01s
[2025-04-17T09:22:08.570+0000][96.571s][info][gc,start       ] GC(868) Pause Young (Allocation Failure)
[2025-04-17T09:22:08.571+0000][96.572s][info][gc,heap        ] GC(868) DefNew: 9192K(10176K)->142K(10176K) Eden: 9088K(9088K)->0K(9088K) From: 104K(1088K)->142K(1088K)
[2025-04-17T09:22:08.571+0000][96.572s][info][gc,heap        ] GC(868) Tenured: 17179K(22464K)->17179K(22464K)
[2025-04-17T09:22:08.572+0000][96.572s][info][gc,metaspace   ] GC(868) Metaspace: 37318K(37696K)->37318K(37696K) NonClass: 32892K(33088K)->32892K(33088K) Class: 4425K(4608K)->4425K(4608K)
[2025-04-17T09:22:08.572+0000][96.572s][info][gc             ] GC(868) Pause Young (Allocation Failure) 25M->16M(31M) 1.399ms
[2025-04-17T09:22:08.572+0000][96.572s][info][gc,cpu         ] GC(868) User=0.00s Sys=0.00s Real=0.00s
[2025-04-17T09:22:08.613+0000][96.613s][info][gc,start       ] GC(869) Pause Young (Allocation Failure)
[2025-04-17T09:22:08.614+0000][96.615s][info][gc,heap        ] GC(869) DefNew: 9230K(10176K)->144K(10176K) Eden: 9088K(9088K)->0K(9088K) From: 142K(1088K)->144K(1088K)
[2025-04-17T09:22:08.614+0000][96.615s][info][gc,heap        ] GC(869) Tenured: 17179K(22464K)->17197K(22464K)
[2025-04-17T09:22:08.614+0000][96.615s][info][gc,metaspace   ] GC(869) Metaspace: 37318K(37696K)->37318K(37696K) NonClass: 32892K(33088K)->32892K(33088K) Class: 4425K(4608K)->4425K(4608K)
[2025-04-17T09:22:08.614+0000][96.615s][info][gc             ] GC(869) Pause Young (Allocation Failure) 25M->16M(31M) 1.564ms
[2025-04-17T09:22:08.614+0000][96.615s][info][gc,cpu         ] GC(869) User=0.00s Sys=0.00s Real=0.01s
[2025-04-17T09:22:08.679+0000][96.680s][info][gc,start       ] GC(870) Pause Young (Allocation Failure)
[2025-04-17T09:22:08.681+0000][96.681s][info][gc,heap        ] GC(870) DefNew: 9224K(10176K)->101K(10176K) Eden: 9080K(9088K)->0K(9088K) From: 144K(1088K)->101K(1088K)
[2025-04-17T09:22:08.681+0000][96.681s][info][gc,heap        ] GC(870) Tenured: 17197K(22464K)->17198K(22464K)
[2025-04-17T09:22:08.681+0000][96.681s][info][gc,metaspace   ] GC(870) Metaspace: 37318K(37696K)->37318K(37696K) NonClass: 32892K(33088K)->32892K(33088K) Class: 4425K(4608K)->4425K(4608K)
[2025-04-17T09:22:08.681+0000][96.681s][info][gc             ] GC(870) Pause Young (Allocation Failure) 25M->16M(31M) 1.498ms
[2025-04-17T09:22:08.681+0000][96.681s][info][gc,cpu         ] GC(870) User=0.01s Sys=0.00s Real=0.00s
[2025-04-17T09:22:08.723+0000][96.724s][info][gc,start       ] GC(871) Pause Young (Allocation Failure)
[2025-04-17T09:22:08.725+0000][96.725s][info][gc,heap        ] GC(871) DefNew: 9189K(10176K)->129K(10176K) Eden: 9088K(9088K)->0K(9088K) From: 101K(1088K)->129K(1088K)
[2025-04-17T09:22:08.725+0000][96.725s][info][gc,heap        ] GC(871) Tenured: 17198K(22464K)->17198K(22464K)
[2025-04-17T09:22:08.725+0000][96.725s][info][gc,metaspace   ] GC(871) Metaspace: 37318K(37696K)->37318K(37696K) NonClass: 32892K(33088K)->32892K(33088K) Class: 4425K(4608K)->4425K(4608K)
[2025-04-17T09:22:08.725+0000][96.725s][info][gc             ] GC(871) Pause Young (Allocation Failure) 25M->16M(31M) 1.550ms
[2025-04-17T09:22:08.725+0000][96.725s][info][gc,cpu         ] GC(871) User=0.00s Sys=0.01s Real=0.01s
[2025-04-17T09:22:08.776+0000][96.777s][info][gc,start       ] GC(872) Pause Young (Allocation Failure)
[2025-04-17T09:22:08.778+0000][96.778s][info][gc,heap        ] GC(872) DefNew: 9217K(10176K)->83K(10176K) Eden: 9088K(9088K)->0K(9088K) From: 129K(1088K)->83K(1088K)
[2025-04-17T09:22:08.778+0000][96.779s][info][gc,heap        ] GC(872) Tenured: 17198K(22464K)->17198K(22464K)
[2025-04-17T09:22:08.778+0000][96.779s][info][gc,metaspace   ] GC(872) Metaspace: 37318K(37696K)->37318K(37696K) NonClass: 32892K(33088K)->32892K(33088K) Class: 4425K(4608K)->4425K(4608K)
[2025-04-17T09:22:08.778+0000][96.779s][info][gc             ] GC(872) Pause Young (Allocation Failure) 25M->16M(31M) 1.531ms
[2025-04-17T09:22:08.778+0000][96.779s][info][gc,cpu         ] GC(872) User=0.00s Sys=0.00s Real=0.00s
[2025-04-17T09:22:08.833+0000][96.834s][info][gc,start       ] GC(873) Pause Young (Allocation Failure)
[2025-04-17T09:22:08.835+0000][96.835s][info][gc,heap        ] GC(873) DefNew: 9171K(10176K)->126K(10176K) Eden: 9087K(9088K)->0K(9088K) From: 83K(1088K)->126K(1088K)
[2025-04-17T09:22:08.835+0000][96.835s][info][gc,heap        ] GC(873) Tenured: 17198K(22464K)->17199K(22464K)
[2025-04-17T09:22:08.835+0000][96.835s][info][gc,metaspace   ] GC(873) Metaspace: 37318K(37696K)->37318K(37696K) NonClass: 32892K(33088K)->32892K(33088K) Class: 4425K(4608K)->4425K(4608K)
[2025-04-17T09:22:08.835+0000][96.835s][info][gc             ] GC(873) Pause Young (Allocation Failure) 25M->16M(31M) 1.457ms
[2025-04-17T09:22:08.835+0000][96.836s][info][gc,cpu         ] GC(873) User=0.01s Sys=0.00s Real=0.01s
[2025-04-17T09:22:08.877+0000][96.877s][info][gc,start       ] GC(874) Pause Young (Allocation Failure)
[2025-04-17T09:22:08.878+0000][96.879s][info][gc,heap        ] GC(874) DefNew: 9214K(10176K)->88K(10176K) Eden: 9087K(9088K)->0K(9088K) From: 126K(1088K)->88K(1088K)
[2025-04-17T09:22:08.878+0000][96.879s][info][gc,heap        ] GC(874) Tenured: 17199K(22464K)->17199K(22464K)
[2025-04-17T09:22:08.878+0000][96.879s][info][gc,metaspace   ] GC(874) Metaspace: 37318K(37696K)->37318K(37696K) NonClass: 32892K(33088K)->32892K(33088K) Class: 4425K(4608K)->4425K(4608K)
[2025-04-17T09:22:08.878+0000][96.879s][info][gc             ] GC(874) Pause Young (Allocation Failure) 25M->16M(31M) 1.602ms
[2025-04-17T09:22:08.878+0000][96.879s][info][gc,cpu         ] GC(874) User=0.00s Sys=0.00s Real=0.00s
[2025-04-17T09:22:08.952+0000][96.952s][info][gc,start       ] GC(875) Pause Young (Allocation Failure)
[2025-04-17T09:22:08.953+0000][96.954s][info][gc,heap        ] GC(875) DefNew: 9176K(10176K)->86K(10176K) Eden: 9088K(9088K)->0K(9088K) From: 88K(1088K)->86K(1088K)
[2025-04-17T09:22:08.953+0000][96.954s][info][gc,heap        ] GC(875) Tenured: 17199K(22464K)->17199K(22464K)
[2025-04-17T09:22:08.953+0000][96.954s][info][gc,metaspace   ] GC(875) Metaspace: 37318K(37696K)->37318K(37696K) NonClass: 32892K(33088K)->32892K(33088K) Class: 4425K(4608K)->4425K(4608K)
[2025-04-17T09:22:08.953+0000][96.954s][info][gc             ] GC(875) Pause Young (Allocation Failure) 25M->16M(31M) 1.591ms
[2025-04-17T09:22:08.953+0000][96.954s][info][gc,cpu         ] GC(875) User=0.00s Sys=0.00s Real=0.00s
[2025-04-17T09:22:08.969+0000][96.970s][info][gc,start       ] GC(876) Pause Young (Allocation Failure)
[2025-04-17T09:22:08.970+0000][96.971s][info][gc,heap        ] GC(876) DefNew: 9174K(10176K)->80K(10176K) Eden: 9087K(9088K)->0K(9088K) From: 86K(1088K)->80K(1088K)
[2025-04-17T09:22:08.970+0000][96.971s][info][gc,heap        ] GC(876) Tenured: 17199K(22464K)->17199K(22464K)
[2025-04-17T09:22:08.970+0000][96.971s][info][gc,metaspace   ] GC(876) Metaspace: 37318K(37696K)->37318K(37696K) NonClass: 32892K(33088K)->32892K(33088K) Class: 4425K(4608K)->4425K(4608K)
[2025-04-17T09:22:08.970+0000][96.971s][info][gc             ] GC(876) Pause Young (Allocation Failure) 25M->16M(31M) 1.382ms
[2025-04-17T09:22:08.970+0000][96.971s][info][gc,cpu         ] GC(876) User=0.00s Sys=0.00s Real=0.00s
[2025-04-17T09:22:09.050+0000][97.051s][info][gc,start       ] GC(877) Pause Young (Allocation Failure)
[2025-04-17T09:22:09.051+0000][97.052s][info][gc,heap        ] GC(877) DefNew: 9168K(10176K)->70K(10176K) Eden: 9087K(9088K)->0K(9088K) From: 80K(1088K)->70K(1088K)
[2025-04-17T09:22:09.051+0000][97.052s][info][gc,heap        ] GC(877) Tenured: 17199K(22464K)->17199K(22464K)
[2025-04-17T09:22:09.051+0000][97.052s][info][gc,metaspace   ] GC(877) Metaspace: 37318K(37696K)->37318K(37696K) NonClass: 32892K(33088K)->32892K(33088K) Class: 4425K(4608K)->4425K(4608K)
[2025-04-17T09:22:09.051+0000][97.052s][info][gc             ] GC(877) Pause Young (Allocation Failure) 25M->16M(31M) 1.393ms
[2025-04-17T09:22:09.051+0000][97.052s][info][gc,cpu         ] GC(877) User=0.00s Sys=0.00s Real=0.00s
[2025-04-17T09:22:09.079+0000][97.080s][info][gc,start       ] GC(878) Pause Young (Allocation Failure)
[2025-04-17T09:22:09.081+0000][97.081s][info][gc,heap        ] GC(878) DefNew: 9157K(10176K)->118K(10176K) Eden: 9087K(9088K)->0K(9088K) From: 70K(1088K)->118K(1088K)
[2025-04-17T09:22:09.081+0000][97.082s][info][gc,heap        ] GC(878) Tenured: 17199K(22464K)->17200K(22464K)
[2025-04-17T09:22:09.081+0000][97.082s][info][gc,metaspace   ] GC(878) Metaspace: 37318K(37696K)->37318K(37696K) NonClass: 32892K(33088K)->32892K(33088K) Class: 4425K(4608K)->4425K(4608K)
[2025-04-17T09:22:09.081+0000][97.082s][info][gc             ] GC(878) Pause Young (Allocation Failure) 25M->16M(31M) 1.456ms
[2025-04-17T09:22:09.081+0000][97.082s][info][gc,cpu         ] GC(878) User=0.00s Sys=0.00s Real=0.00s
[2025-04-17T09:22:09.152+0000][97.153s][info][gc,start       ] GC(879) Pause Young (Allocation Failure)
[2025-04-17T09:22:09.154+0000][97.154s][info][gc,heap        ] GC(879) DefNew: 9206K(10176K)->86K(10176K) Eden: 9087K(9088K)->0K(9088K) From: 118K(1088K)->86K(1088K)
[2025-04-17T09:22:09.154+0000][97.154s][info][gc,heap        ] GC(879) Tenured: 17200K(22464K)->17201K(22464K)
[2025-04-17T09:22:09.154+0000][97.154s][info][gc,metaspace   ] GC(879) Metaspace: 37318K(37696K)->37318K(37696K) NonClass: 32892K(33088K)->32892K(33088K) Class: 4425K(4608K)->4425K(4608K)
[2025-04-17T09:22:09.154+0000][97.154s][info][gc             ] GC(879) Pause Young (Allocation Failure) 25M->16M(31M) 1.380ms
[2025-04-17T09:22:09.154+0000][97.154s][info][gc,cpu         ] GC(879) User=0.00s Sys=0.00s Real=0.00s
[2025-04-17T09:22:09.205+0000][97.205s][info][gc,start       ] GC(880) Pause Young (Allocation Failure)
[2025-04-17T09:22:09.206+0000][97.207s][info][gc,heap        ] GC(880) DefNew: 9174K(10176K)->148K(10176K) Eden: 9087K(9088K)->0K(9088K) From: 86K(1088K)->148K(1088K)
[2025-04-17T09:22:09.206+0000][97.207s][info][gc,heap        ] GC(880) Tenured: 17201K(22464K)->17203K(22464K)
[2025-04-17T09:22:09.206+0000][97.207s][info][gc,metaspace   ] GC(880) Metaspace: 37318K(37696K)->37318K(37696K) NonClass: 32892K(33088K)->32892K(33088K) Class: 4425K(4608K)->4425K(4608K)
[2025-04-17T09:22:09.206+0000][97.207s][info][gc             ] GC(880) Pause Young (Allocation Failure) 25M->16M(31M) 1.668ms
[2025-04-17T09:22:09.206+0000][97.207s][info][gc,cpu         ] GC(880) User=0.00s Sys=0.00s Real=0.00s
[2025-04-17T09:22:09.266+0000][97.267s][info][gc,start       ] GC(881) Pause Young (Allocation Failure)
[2025-04-17T09:22:09.267+0000][97.268s][info][gc,heap        ] GC(881) DefNew: 9236K(10176K)->117K(10176K) Eden: 9088K(9088K)->0K(9088K) From: 148K(1088K)->117K(1088K)
[2025-04-17T09:22:09.267+0000][97.268s][info][gc,heap        ] GC(881) Tenured: 17203K(22464K)->17203K(22464K)
[2025-04-17T09:22:09.267+0000][97.268s][info][gc,metaspace   ] GC(881) Metaspace: 37318K(37696K)->37318K(37696K) NonClass: 32892K(33088K)->32892K(33088K) Class: 4425K(4608K)->4425K(4608K)
[2025-04-17T09:22:09.267+0000][97.268s][info][gc             ] GC(881) Pause Young (Allocation Failure) 25M->16M(31M) 1.501ms
[2025-04-17T09:22:09.267+0000][97.268s][info][gc,cpu         ] GC(881) User=0.00s Sys=0.01s Real=0.00s
[2025-04-17T09:22:09.318+0000][97.319s][info][gc,start       ] GC(882) Pause Young (Allocation Failure)
[2025-04-17T09:22:09.320+0000][97.320s][info][gc,heap        ] GC(882) DefNew: 9205K(10176K)->99K(10176K) Eden: 9087K(9088K)->0K(9088K) From: 117K(1088K)->99K(1088K)
[2025-04-17T09:22:09.320+0000][97.320s][info][gc,heap        ] GC(882) Tenured: 17203K(22464K)->17204K(22464K)
[2025-04-17T09:22:09.320+0000][97.320s][info][gc,metaspace   ] GC(882) Metaspace: 37318K(37696K)->37318K(37696K) NonClass: 32892K(33088K)->32892K(33088K) Class: 4425K(4608K)->4425K(4608K)
[2025-04-17T09:22:09.320+0000][97.320s][info][gc             ] GC(882) Pause Young (Allocation Failure) 25M->16M(31M) 1.482ms
[2025-04-17T09:22:09.320+0000][97.320s][info][gc,cpu         ] GC(882) User=0.00s Sys=0.00s Real=0.00s
[2025-04-17T09:22:09.372+0000][97.372s][info][gc,start       ] GC(883) Pause Young (Allocation Failure)
[2025-04-17T09:22:09.373+0000][97.374s][info][gc,heap        ] GC(883) DefNew: 9187K(10176K)->135K(10176K) Eden: 9087K(9088K)->0K(9088K) From: 99K(1088K)->135K(1088K)
[2025-04-17T09:22:09.373+0000][97.374s][info][gc,heap        ] GC(883) Tenured: 17204K(22464K)->17204K(22464K)
[2025-04-17T09:22:09.373+0000][97.374s][info][gc,metaspace   ] GC(883) Metaspace: 37318K(37696K)->37318K(37696K) NonClass: 32892K(33088K)->32892K(33088K) Class: 4425K(4608K)->4425K(4608K)
[2025-04-17T09:22:09.373+0000][97.374s][info][gc             ] GC(883) Pause Young (Allocation Failure) 25M->16M(31M) 1.530ms
[2025-04-17T09:22:09.373+0000][97.374s][info][gc,cpu         ] GC(883) User=0.00s Sys=0.00s Real=0.00s
[2025-04-17T09:22:09.424+0000][97.425s][info][gc,start       ] GC(884) Pause Young (Allocation Failure)
[2025-04-17T09:22:09.426+0000][97.426s][info][gc,heap        ] GC(884) DefNew: 9223K(10176K)->116K(10176K) Eden: 9088K(9088K)->0K(9088K) From: 135K(1088K)->116K(1088K)
[2025-04-17T09:22:09.426+0000][97.426s][info][gc,heap        ] GC(884) Tenured: 17204K(22464K)->17204K(22464K)
[2025-04-17T09:22:09.426+0000][97.426s][info][gc,metaspace   ] GC(884) Metaspace: 37318K(37696K)->37318K(37696K) NonClass: 32892K(33088K)->32892K(33088K) Class: 4425K(4608K)->4425K(4608K)
[2025-04-17T09:22:09.426+0000][97.426s][info][gc             ] GC(884) Pause Young (Allocation Failure) 25M->16M(31M) 1.421ms
[2025-04-17T09:22:09.426+0000][97.426s][info][gc,cpu         ] GC(884) User=0.00s Sys=0.00s Real=0.00s
[2025-04-17T09:22:09.452+0000][97.453s][info][gc,start       ] GC(885) Pause Young (Allocation Failure)
[2025-04-17T09:22:09.453+0000][97.454s][info][gc,heap        ] GC(885) DefNew: 9204K(10176K)->98K(10176K) Eden: 9087K(9088K)->0K(9088K) From: 116K(1088K)->98K(1088K)
[2025-04-17T09:22:09.453+0000][97.454s][info][gc,heap        ] GC(885) Tenured: 17204K(22464K)->17204K(22464K)
[2025-04-17T09:22:09.453+0000][97.454s][info][gc,metaspace   ] GC(885) Metaspace: 37318K(37696K)->37318K(37696K) NonClass: 32892K(33088K)->32892K(33088K) Class: 4425K(4608K)->4425K(4608K)
[2025-04-17T09:22:09.454+0000][97.454s][info][gc             ] GC(885) Pause Young (Allocation Failure) 25M->16M(31M) 1.359ms
[2025-04-17T09:22:09.454+0000][97.454s][info][gc,cpu         ] GC(885) User=0.00s Sys=0.00s Real=0.00s
[2025-04-17T09:22:09.534+0000][97.535s][info][gc,start       ] GC(886) Pause Young (Allocation Failure)
[2025-04-17T09:22:09.536+0000][97.536s][info][gc,heap        ] GC(886) DefNew: 9186K(10176K)->100K(10176K) Eden: 9088K(9088K)->0K(9088K) From: 98K(1088K)->100K(1088K)
[2025-04-17T09:22:09.536+0000][97.536s][info][gc,heap        ] GC(886) Tenured: 17204K(22464K)->17204K(22464K)
[2025-04-17T09:22:09.536+0000][97.536s][info][gc,metaspace   ] GC(886) Metaspace: 37318K(37696K)->37318K(37696K) NonClass: 32892K(33088K)->32892K(33088K) Class: 4425K(4608K)->4425K(4608K)
[2025-04-17T09:22:09.536+0000][97.536s][info][gc             ] GC(886) Pause Young (Allocation Failure) 25M->16M(31M) 1.515ms
[2025-04-17T09:22:09.536+0000][97.536s][info][gc,cpu         ] GC(886) User=0.00s Sys=0.00s Real=0.00s
[2025-04-17T09:22:09.561+0000][97.561s][info][gc,start       ] GC(887) Pause Young (Allocation Failure)
[2025-04-17T09:22:09.562+0000][97.562s][info][gc,heap        ] GC(887) DefNew: 9188K(10176K)->124K(10176K) Eden: 9087K(9088K)->0K(9088K) From: 100K(1088K)->124K(1088K)
[2025-04-17T09:22:09.562+0000][97.562s][info][gc,heap        ] GC(887) Tenured: 17204K(22464K)->17205K(22464K)
[2025-04-17T09:22:09.562+0000][97.562s][info][gc,metaspace   ] GC(887) Metaspace: 37318K(37696K)->37318K(37696K) NonClass: 32892K(33088K)->32892K(33088K) Class: 4425K(4608K)->4425K(4608K)
[2025-04-17T09:22:09.562+0000][97.563s][info][gc             ] GC(887) Pause Young (Allocation Failure) 25M->16M(31M) 1.368ms
[2025-04-17T09:22:09.562+0000][97.563s][info][gc,cpu         ] GC(887) User=0.00s Sys=0.00s Real=0.00s
[2025-04-17T09:22:09.617+0000][97.618s][info][gc,start       ] GC(888) Pause Young (Allocation Failure)
[2025-04-17T09:22:09.618+0000][97.619s][info][gc,heap        ] GC(888) DefNew: 9212K(10176K)->141K(10176K) Eden: 9088K(9088K)->0K(9088K) From: 124K(1088K)->141K(1088K)
[2025-04-17T09:22:09.618+0000][97.619s][info][gc,heap        ] GC(888) Tenured: 17205K(22464K)->17206K(22464K)
[2025-04-17T09:22:09.618+0000][97.619s][info][gc,metaspace   ] GC(888) Metaspace: 37318K(37696K)->37318K(37696K) NonClass: 32892K(33088K)->32892K(33088K) Class: 4425K(4608K)->4425K(4608K)
[2025-04-17T09:22:09.618+0000][97.619s][info][gc             ] GC(888) Pause Young (Allocation Failure) 25M->16M(31M) 1.559ms
[2025-04-17T09:22:09.618+0000][97.619s][info][gc,cpu         ] GC(888) User=0.01s Sys=0.00s Real=0.00s
[2025-04-17T09:22:09.673+0000][97.673s][info][gc,start       ] GC(889) Pause Young (Allocation Failure)
[2025-04-17T09:22:09.674+0000][97.675s][info][gc,heap        ] GC(889) DefNew: 9229K(10176K)->156K(10176K) Eden: 9088K(9088K)->0K(9088K) From: 141K(1088K)->156K(1088K)
[2025-04-17T09:22:09.674+0000][97.675s][info][gc,heap        ] GC(889) Tenured: 17206K(22464K)->17206K(22464K)
[2025-04-17T09:22:09.674+0000][97.675s][info][gc,metaspace   ] GC(889) Metaspace: 37322K(37696K)->37322K(37696K) NonClass: 32896K(33088K)->32896K(33088K) Class: 4425K(4608K)->4425K(4608K)
[2025-04-17T09:22:09.674+0000][97.675s][info][gc             ] GC(889) Pause Young (Allocation Failure) 25M->16M(31M) 1.597ms
[2025-04-17T09:22:09.674+0000][97.675s][info][gc,cpu         ] GC(889) User=0.00s Sys=0.00s Real=0.01s
[2025-04-17T09:22:09.726+0000][97.727s][info][gc,start       ] GC(890) Pause Young (Allocation Failure)
[2025-04-17T09:22:09.727+0000][97.728s][info][gc,heap        ] GC(890) DefNew: 9244K(10176K)->98K(10176K) Eden: 9088K(9088K)->0K(9088K) From: 156K(1088K)->98K(1088K)
[2025-04-17T09:22:09.727+0000][97.728s][info][gc,heap        ] GC(890) Tenured: 17206K(22464K)->17207K(22464K)
[2025-04-17T09:22:09.727+0000][97.728s][info][gc,metaspace   ] GC(890) Metaspace: 37322K(37696K)->37322K(37696K) NonClass: 32896K(33088K)->32896K(33088K) Class: 4425K(4608K)->4425K(4608K)
[2025-04-17T09:22:09.727+0000][97.728s][info][gc             ] GC(890) Pause Young (Allocation Failure) 25M->16M(31M) 1.512ms
[2025-04-17T09:22:09.728+0000][97.728s][info][gc,cpu         ] GC(890) User=0.00s Sys=0.00s Real=0.00s
[2025-04-17T09:22:09.781+0000][97.782s][info][gc,start       ] GC(891) Pause Young (Allocation Failure)
[2025-04-17T09:22:09.782+0000][97.783s][info][gc,heap        ] GC(891) DefNew: 9186K(10176K)->110K(10176K) Eden: 9088K(9088K)->0K(9088K) From: 98K(1088K)->110K(1088K)
[2025-04-17T09:22:09.782+0000][97.783s][info][gc,heap        ] GC(891) Tenured: 17207K(22464K)->17207K(22464K)
[2025-04-17T09:22:09.782+0000][97.783s][info][gc,metaspace   ] GC(891) Metaspace: 37322K(37696K)->37322K(37696K) NonClass: 32896K(33088K)->32896K(33088K) Class: 4425K(4608K)->4425K(4608K)
[2025-04-17T09:22:09.782+0000][97.783s][info][gc             ] GC(891) Pause Young (Allocation Failure) 25M->16M(31M) 1.494ms
[2025-04-17T09:22:09.783+0000][97.783s][info][gc,cpu         ] GC(891) User=0.00s Sys=0.00s Real=0.00s
[2025-04-17T09:22:09.835+0000][97.835s][info][gc,start       ] GC(892) Pause Young (Allocation Failure)
[2025-04-17T09:22:09.836+0000][97.837s][info][gc,heap        ] GC(892) DefNew: 9198K(10176K)->115K(10176K) Eden: 9088K(9088K)->0K(9088K) From: 110K(1088K)->115K(1088K)
[2025-04-17T09:22:09.836+0000][97.837s][info][gc,heap        ] GC(892) Tenured: 17207K(22464K)->17207K(22464K)
[2025-04-17T09:22:09.836+0000][97.837s][info][gc,metaspace   ] GC(892) Metaspace: 37322K(37696K)->37322K(37696K) NonClass: 32896K(33088K)->32896K(33088K) Class: 4425K(4608K)->4425K(4608K)
[2025-04-17T09:22:09.836+0000][97.837s][info][gc             ] GC(892) Pause Young (Allocation Failure) 25M->16M(31M) 1.557ms
[2025-04-17T09:22:09.836+0000][97.837s][info][gc,cpu         ] GC(892) User=0.00s Sys=0.00s Real=0.00s
[2025-04-17T09:22:09.888+0000][97.888s][info][gc,start       ] GC(893) Pause Young (Allocation Failure)
[2025-04-17T09:22:09.889+0000][97.890s][info][gc,heap        ] GC(893) DefNew: 9203K(10176K)->122K(10176K) Eden: 9088K(9088K)->0K(9088K) From: 115K(1088K)->122K(1088K)
[2025-04-17T09:22:09.889+0000][97.890s][info][gc,heap        ] GC(893) Tenured: 17207K(22464K)->17208K(22464K)
[2025-04-17T09:22:09.889+0000][97.890s][info][gc,metaspace   ] GC(893) Metaspace: 37325K(37696K)->37325K(37696K) NonClass: 32899K(33088K)->32899K(33088K) Class: 4425K(4608K)->4425K(4608K)
[2025-04-17T09:22:09.889+0000][97.890s][info][gc             ] GC(893) Pause Young (Allocation Failure) 25M->16M(31M) 1.392ms
[2025-04-17T09:22:09.889+0000][97.890s][info][gc,cpu         ] GC(893) User=0.00s Sys=0.00s Real=0.00s
[2025-04-17T09:22:09.941+0000][97.941s][info][gc,start       ] GC(894) Pause Young (Allocation Failure)
[2025-04-17T09:22:09.942+0000][97.943s][info][gc,heap        ] GC(894) DefNew: 9210K(10176K)->103K(10176K) Eden: 9088K(9088K)->0K(9088K) From: 122K(1088K)->103K(1088K)
[2025-04-17T09:22:09.942+0000][97.943s][info][gc,heap        ] GC(894) Tenured: 17208K(22464K)->17210K(22464K)
[2025-04-17T09:22:09.942+0000][97.943s][info][gc,metaspace   ] GC(894) Metaspace: 37325K(37696K)->37325K(37696K) NonClass: 32899K(33088K)->32899K(33088K) Class: 4425K(4608K)->4425K(4608K)
[2025-04-17T09:22:09.942+0000][97.943s][info][gc             ] GC(894) Pause Young (Allocation Failure) 25M->16M(31M) 1.429ms
[2025-04-17T09:22:09.942+0000][97.943s][info][gc,cpu         ] GC(894) User=0.00s Sys=0.00s Real=0.00s
[2025-04-17T09:22:09.995+0000][97.996s][info][gc,start       ] GC(895) Pause Young (Allocation Failure)
[2025-04-17T09:22:09.997+0000][97.997s][info][gc,heap        ] GC(895) DefNew: 9191K(10176K)->128K(10176K) Eden: 9088K(9088K)->0K(9088K) From: 103K(1088K)->128K(1088K)
[2025-04-17T09:22:09.997+0000][97.997s][info][gc,heap        ] GC(895) Tenured: 17210K(22464K)->17227K(22464K)
[2025-04-17T09:22:09.997+0000][97.997s][info][gc,metaspace   ] GC(895) Metaspace: 37325K(37696K)->37325K(37696K) NonClass: 32899K(33088K)->32899K(33088K) Class: 4425K(4608K)->4425K(4608K)
[2025-04-17T09:22:09.997+0000][97.997s][info][gc             ] GC(895) Pause Young (Allocation Failure) 25M->16M(31M) 1.545ms
[2025-04-17T09:22:09.997+0000][97.997s][info][gc,cpu         ] GC(895) User=0.01s Sys=0.00s Real=0.00s
[2025-04-17T09:22:10.047+0000][98.047s][info][gc,start       ] GC(896) Pause Young (Allocation Failure)
[2025-04-17T09:22:10.048+0000][98.048s][info][gc,heap        ] GC(896) DefNew: 9216K(10176K)->81K(10176K) Eden: 9088K(9088K)->0K(9088K) From: 128K(1088K)->81K(1088K)
[2025-04-17T09:22:10.048+0000][98.048s][info][gc,heap        ] GC(896) Tenured: 17227K(22464K)->17227K(22464K)
[2025-04-17T09:22:10.048+0000][98.048s][info][gc,metaspace   ] GC(896) Metaspace: 37325K(37696K)->37325K(37696K) NonClass: 32899K(33088K)->32899K(33088K) Class: 4425K(4608K)->4425K(4608K)
[2025-04-17T09:22:10.048+0000][98.048s][info][gc             ] GC(896) Pause Young (Allocation Failure) 25M->16M(31M) 1.200ms
[2025-04-17T09:22:10.048+0000][98.048s][info][gc,cpu         ] GC(896) User=0.00s Sys=0.00s Real=0.00s
[2025-04-17T09:22:10.102+0000][98.102s][info][gc,start       ] GC(897) Pause Young (Allocation Failure)
[2025-04-17T09:22:10.103+0000][98.104s][info][gc,heap        ] GC(897) DefNew: 9169K(10176K)->125K(10176K) Eden: 9087K(9088K)->0K(9088K) From: 81K(1088K)->125K(1088K)
[2025-04-17T09:22:10.103+0000][98.104s][info][gc,heap        ] GC(897) Tenured: 17227K(22464K)->17227K(22464K)
[2025-04-17T09:22:10.103+0000][98.104s][info][gc,metaspace   ] GC(897) Metaspace: 37325K(37696K)->37325K(37696K) NonClass: 32899K(33088K)->32899K(33088K) Class: 4425K(4608K)->4425K(4608K)
[2025-04-17T09:22:10.103+0000][98.104s][info][gc             ] GC(897) Pause Young (Allocation Failure) 25M->16M(31M) 1.414ms
[2025-04-17T09:22:10.103+0000][98.104s][info][gc,cpu         ] GC(897) User=0.00s Sys=0.00s Real=0.00s
[2025-04-17T09:22:10.153+0000][98.154s][info][gc,start       ] GC(898) Pause Young (Allocation Failure)
[2025-04-17T09:22:10.154+0000][98.155s][info][gc,heap        ] GC(898) DefNew: 9213K(10176K)->92K(10176K) Eden: 9087K(9088K)->0K(9088K) From: 125K(1088K)->92K(1088K)
[2025-04-17T09:22:10.154+0000][98.155s][info][gc,heap        ] GC(898) Tenured: 17227K(22464K)->17227K(22464K)
[2025-04-17T09:22:10.154+0000][98.155s][info][gc,metaspace   ] GC(898) Metaspace: 37325K(37696K)->37325K(37696K) NonClass: 32899K(33088K)->32899K(33088K) Class: 4425K(4608K)->4425K(4608K)
[2025-04-17T09:22:10.155+0000][98.155s][info][gc             ] GC(898) Pause Young (Allocation Failure) 25M->16M(31M) 1.308ms
[2025-04-17T09:22:10.155+0000][98.155s][info][gc,cpu         ] GC(898) User=0.00s Sys=0.00s Real=0.01s
[2025-04-17T09:22:10.204+0000][98.205s][info][gc,start       ] GC(899) Pause Young (Allocation Failure)
[2025-04-17T09:22:10.206+0000][98.206s][info][gc,heap        ] GC(899) DefNew: 9180K(10176K)->95K(10176K) Eden: 9088K(9088K)->0K(9088K) From: 92K(1088K)->95K(1088K)
[2025-04-17T09:22:10.206+0000][98.206s][info][gc,heap        ] GC(899) Tenured: 17227K(22464K)->17228K(22464K)
[2025-04-17T09:22:10.206+0000][98.206s][info][gc,metaspace   ] GC(899) Metaspace: 37325K(37696K)->37325K(37696K) NonClass: 32899K(33088K)->32899K(33088K) Class: 4425K(4608K)->4425K(4608K)
[2025-04-17T09:22:10.206+0000][98.206s][info][gc             ] GC(899) Pause Young (Allocation Failure) 25M->16M(31M) 1.381ms
[2025-04-17T09:22:10.206+0000][98.206s][info][gc,cpu         ] GC(899) User=0.00s Sys=0.00s Real=0.00s
[2025-04-17T09:22:10.227+0000][98.227s][info][gc,start       ] GC(900) Pause Young (Allocation Failure)
[2025-04-17T09:22:10.228+0000][98.228s][info][gc,heap        ] GC(900) DefNew: 9183K(10176K)->95K(10176K) Eden: 9088K(9088K)->0K(9088K) From: 95K(1088K)->95K(1088K)
[2025-04-17T09:22:10.228+0000][98.228s][info][gc,heap        ] GC(900) Tenured: 17228K(22464K)->17228K(22464K)
[2025-04-17T09:22:10.228+0000][98.228s][info][gc,metaspace   ] GC(900) Metaspace: 37325K(37696K)->37325K(37696K) NonClass: 32899K(33088K)->32899K(33088K) Class: 4425K(4608K)->4425K(4608K)
[2025-04-17T09:22:10.228+0000][98.228s][info][gc             ] GC(900) Pause Young (Allocation Failure) 25M->16M(31M) 1.231ms
[2025-04-17T09:22:10.228+0000][98.228s][info][gc,cpu         ] GC(900) User=0.00s Sys=0.00s Real=0.00s
[2025-04-17T09:22:10.306+0000][98.307s][info][gc,start       ] GC(901) Pause Young (Allocation Failure)
[2025-04-17T09:22:10.308+0000][98.308s][info][gc,heap        ] GC(901) DefNew: 9183K(10176K)->114K(10176K) Eden: 9088K(9088K)->0K(9088K) From: 95K(1088K)->114K(1088K)
[2025-04-17T09:22:10.308+0000][98.308s][info][gc,heap        ] GC(901) Tenured: 17228K(22464K)->17230K(22464K)
[2025-04-17T09:22:10.308+0000][98.308s][info][gc,metaspace   ] GC(901) Metaspace: 37325K(37696K)->37325K(37696K) NonClass: 32899K(33088K)->32899K(33088K) Class: 4425K(4608K)->4425K(4608K)
[2025-04-17T09:22:10.308+0000][98.308s][info][gc             ] GC(901) Pause Young (Allocation Failure) 25M->16M(31M) 1.480ms
[2025-04-17T09:22:10.308+0000][98.308s][info][gc,cpu         ] GC(901) User=0.00s Sys=0.00s Real=0.00s
[2025-04-17T09:22:10.340+0000][98.341s][info][gc,start       ] GC(902) Pause Young (Allocation Failure)
[2025-04-17T09:22:10.341+0000][98.342s][info][gc,heap        ] GC(902) DefNew: 9202K(10176K)->104K(10176K) Eden: 9088K(9088K)->0K(9088K) From: 114K(1088K)->104K(1088K)
[2025-04-17T09:22:10.341+0000][98.342s][info][gc,heap        ] GC(902) Tenured: 17230K(22464K)->17230K(22464K)
[2025-04-17T09:22:10.341+0000][98.342s][info][gc,metaspace   ] GC(902) Metaspace: 37325K(37696K)->37325K(37696K) NonClass: 32899K(33088K)->32899K(33088K) Class: 4425K(4608K)->4425K(4608K)
[2025-04-17T09:22:10.341+0000][98.342s][info][gc             ] GC(902) Pause Young (Allocation Failure) 25M->16M(31M) 1.496ms
[2025-04-17T09:22:10.341+0000][98.342s][info][gc,cpu         ] GC(902) User=0.00s Sys=0.00s Real=0.00s
[2025-04-17T09:22:10.423+0000][98.424s][info][gc,start       ] GC(903) Pause Young (Allocation Failure)
[2025-04-17T09:22:10.425+0000][98.426s][info][gc,heap        ] GC(903) DefNew: 9191K(10176K)->114K(10176K) Eden: 9087K(9088K)->0K(9088K) From: 104K(1088K)->114K(1088K)
[2025-04-17T09:22:10.425+0000][98.426s][info][gc,heap        ] GC(903) Tenured: 17230K(22464K)->17231K(22464K)
[2025-04-17T09:22:10.425+0000][98.426s][info][gc,metaspace   ] GC(903) Metaspace: 37325K(37696K)->37325K(37696K) NonClass: 32899K(33088K)->32899K(33088K) Class: 4425K(4608K)->4425K(4608K)
[2025-04-17T09:22:10.425+0000][98.426s][info][gc             ] GC(903) Pause Young (Allocation Failure) 25M->16M(31M) 1.438ms
[2025-04-17T09:22:10.425+0000][98.426s][info][gc,cpu         ] GC(903) User=0.00s Sys=0.00s Real=0.01s
[2025-04-17T09:22:10.451+0000][98.451s][info][gc,start       ] GC(904) Pause Young (Allocation Failure)
[2025-04-17T09:22:10.452+0000][98.452s][info][gc,heap        ] GC(904) DefNew: 9202K(10176K)->117K(10176K) Eden: 9088K(9088K)->0K(9088K) From: 114K(1088K)->117K(1088K)
[2025-04-17T09:22:10.452+0000][98.452s][info][gc,heap        ] GC(904) Tenured: 17231K(22464K)->17231K(22464K)
[2025-04-17T09:22:10.452+0000][98.453s][info][gc,metaspace   ] GC(904) Metaspace: 37325K(37696K)->37325K(37696K) NonClass: 32899K(33088K)->32899K(33088K) Class: 4425K(4608K)->4425K(4608K)
[2025-04-17T09:22:10.452+0000][98.453s][info][gc             ] GC(904) Pause Young (Allocation Failure) 25M->16M(31M) 1.292ms
[2025-04-17T09:22:10.452+0000][98.453s][info][gc,cpu         ] GC(904) User=0.00s Sys=0.00s Real=0.00s
[2025-04-17T09:22:10.529+0000][98.529s][info][gc,start       ] GC(905) Pause Young (Allocation Failure)
[2025-04-17T09:22:10.530+0000][98.531s][info][gc,heap        ] GC(905) DefNew: 9200K(10176K)->100K(10176K) Eden: 9083K(9088K)->0K(9088K) From: 117K(1088K)->100K(1088K)
[2025-04-17T09:22:10.530+0000][98.531s][info][gc,heap        ] GC(905) Tenured: 17231K(22464K)->17231K(22464K)
[2025-04-17T09:22:10.530+0000][98.531s][info][gc,metaspace   ] GC(905) Metaspace: 37325K(37696K)->37325K(37696K) NonClass: 32899K(33088K)->32899K(33088K) Class: 4425K(4608K)->4425K(4608K)
[2025-04-17T09:22:10.530+0000][98.531s][info][gc             ] GC(905) Pause Young (Allocation Failure) 25M->16M(31M) 1.361ms
[2025-04-17T09:22:10.530+0000][98.531s][info][gc,cpu         ] GC(905) User=0.00s Sys=0.00s Real=0.00s
[2025-04-17T09:22:10.559+0000][98.560s][info][gc,start       ] GC(906) Pause Young (Allocation Failure)
[2025-04-17T09:22:10.561+0000][98.561s][info][gc,heap        ] GC(906) DefNew: 9188K(10176K)->109K(10176K) Eden: 9088K(9088K)->0K(9088K) From: 100K(1088K)->109K(1088K)
[2025-04-17T09:22:10.561+0000][98.561s][info][gc,heap        ] GC(906) Tenured: 17231K(22464K)->17232K(22464K)
[2025-04-17T09:22:10.561+0000][98.561s][info][gc,metaspace   ] GC(906) Metaspace: 37325K(37696K)->37325K(37696K) NonClass: 32899K(33088K)->32899K(33088K) Class: 4425K(4608K)->4425K(4608K)
[2025-04-17T09:22:10.561+0000][98.561s][info][gc             ] GC(906) Pause Young (Allocation Failure) 25M->16M(31M) 1.291ms
[2025-04-17T09:22:10.561+0000][98.561s][info][gc,cpu         ] GC(906) User=0.00s Sys=0.00s Real=0.00s
[2025-04-17T09:22:10.639+0000][98.639s][info][gc,start       ] GC(907) Pause Young (Allocation Failure)
[2025-04-17T09:22:10.640+0000][98.641s][info][gc,heap        ] GC(907) DefNew: 9197K(10176K)->110K(10176K) Eden: 9087K(9088K)->0K(9088K) From: 109K(1088K)->110K(1088K)
[2025-04-17T09:22:10.640+0000][98.641s][info][gc,heap        ] GC(907) Tenured: 17232K(22464K)->17232K(22464K)
[2025-04-17T09:22:10.640+0000][98.641s][info][gc,metaspace   ] GC(907) Metaspace: 37325K(37696K)->37325K(37696K) NonClass: 32899K(33088K)->32899K(33088K) Class: 4425K(4608K)->4425K(4608K)
[2025-04-17T09:22:10.640+0000][98.641s][info][gc             ] GC(907) Pause Young (Allocation Failure) 25M->16M(31M) 1.414ms
[2025-04-17T09:22:10.640+0000][98.641s][info][gc,cpu         ] GC(907) User=0.00s Sys=0.01s Real=0.00s
[2025-04-17T09:22:10.668+0000][98.669s][info][gc,start       ] GC(908) Pause Young (Allocation Failure)
[2025-04-17T09:22:10.670+0000][98.670s][info][gc,heap        ] GC(908) DefNew: 9198K(10176K)->96K(10176K) Eden: 9087K(9088K)->0K(9088K) From: 110K(1088K)->96K(1088K)
[2025-04-17T09:22:10.670+0000][98.670s][info][gc,heap        ] GC(908) Tenured: 17232K(22464K)->17232K(22464K)
[2025-04-17T09:22:10.670+0000][98.670s][info][gc,metaspace   ] GC(908) Metaspace: 37325K(37696K)->37325K(37696K) NonClass: 32899K(33088K)->32899K(33088K) Class: 4425K(4608K)->4425K(4608K)
[2025-04-17T09:22:10.670+0000][98.670s][info][gc             ] GC(908) Pause Young (Allocation Failure) 25M->16M(31M) 1.386ms
[2025-04-17T09:22:10.670+0000][98.671s][info][gc,cpu         ] GC(908) User=0.00s Sys=0.00s Real=0.00s
[2025-04-17T09:22:10.742+0000][98.743s][info][gc,start       ] GC(909) Pause Young (Allocation Failure)
[2025-04-17T09:22:10.743+0000][98.744s][info][gc,heap        ] GC(909) DefNew: 9184K(10176K)->108K(10176K) Eden: 9087K(9088K)->0K(9088K) From: 96K(1088K)->108K(1088K)
[2025-04-17T09:22:10.743+0000][98.744s][info][gc,heap        ] GC(909) Tenured: 17232K(22464K)->17232K(22464K)
[2025-04-17T09:22:10.743+0000][98.744s][info][gc,metaspace   ] GC(909) Metaspace: 37325K(37696K)->37325K(37696K) NonClass: 32899K(33088K)->32899K(33088K) Class: 4425K(4608K)->4425K(4608K)
[2025-04-17T09:22:10.743+0000][98.744s][info][gc             ] GC(909) Pause Young (Allocation Failure) 25M->16M(31M) 1.422ms
[2025-04-17T09:22:10.743+0000][98.744s][info][gc,cpu         ] GC(909) User=0.00s Sys=0.00s Real=0.00s
[2025-04-17T09:22:10.818+0000][98.819s][info][gc,start       ] GC(910) Pause Young (Allocation Failure)
[2025-04-17T09:22:10.820+0000][98.820s][info][gc,heap        ] GC(910) DefNew: 9196K(10176K)->113K(10176K) Eden: 9088K(9088K)->0K(9088K) From: 108K(1088K)->113K(1088K)
[2025-04-17T09:22:10.820+0000][98.820s][info][gc,heap        ] GC(910) Tenured: 17232K(22464K)->17232K(22464K)
[2025-04-17T09:22:10.820+0000][98.820s][info][gc,metaspace   ] GC(910) Metaspace: 37325K(37696K)->37325K(37696K) NonClass: 32899K(33088K)->32899K(33088K) Class: 4425K(4608K)->4425K(4608K)
[2025-04-17T09:22:10.820+0000][98.820s][info][gc             ] GC(910) Pause Young (Allocation Failure) 25M->16M(31M) 1.360ms
[2025-04-17T09:22:10.820+0000][98.820s][info][gc,cpu         ] GC(910) User=0.00s Sys=0.00s Real=0.00s
[2025-04-17T09:22:10.878+0000][98.878s][info][gc,start       ] GC(911) Pause Young (Allocation Failure)
[2025-04-17T09:22:10.879+0000][98.880s][info][gc,heap        ] GC(911) DefNew: 9201K(10176K)->94K(10176K) Eden: 9088K(9088K)->0K(9088K) From: 113K(1088K)->94K(1088K)
[2025-04-17T09:22:10.879+0000][98.880s][info][gc,heap        ] GC(911) Tenured: 17232K(22464K)->17250K(22464K)
[2025-04-17T09:22:10.879+0000][98.880s][info][gc,metaspace   ] GC(911) Metaspace: 37325K(37696K)->37325K(37696K) NonClass: 32899K(33088K)->32899K(33088K) Class: 4425K(4608K)->4425K(4608K)
[2025-04-17T09:22:10.879+0000][98.880s][info][gc             ] GC(911) Pause Young (Allocation Failure) 25M->16M(31M) 1.504ms
[2025-04-17T09:22:10.879+0000][98.880s][info][gc,cpu         ] GC(911) User=0.00s Sys=0.00s Real=0.00s
[2025-04-17T09:22:10.922+0000][98.922s][info][gc,start       ] GC(912) Pause Young (Allocation Failure)
[2025-04-17T09:22:10.923+0000][98.924s][info][gc,heap        ] GC(912) DefNew: 9182K(10176K)->123K(10176K) Eden: 9088K(9088K)->0K(9088K) From: 94K(1088K)->123K(1088K)
[2025-04-17T09:22:10.923+0000][98.924s][info][gc,heap        ] GC(912) Tenured: 17250K(22464K)->17250K(22464K)
[2025-04-17T09:22:10.923+0000][98.924s][info][gc,metaspace   ] GC(912) Metaspace: 37325K(37696K)->37325K(37696K) NonClass: 32899K(33088K)->32899K(33088K) Class: 4425K(4608K)->4425K(4608K)
[2025-04-17T09:22:10.923+0000][98.924s][info][gc             ] GC(912) Pause Young (Allocation Failure) 25M->16M(31M) 1.462ms
[2025-04-17T09:22:10.923+0000][98.924s][info][gc,cpu         ] GC(912) User=0.00s Sys=0.00s Real=0.00s
[2025-04-17T09:22:10.987+0000][98.987s][info][gc,start       ] GC(913) Pause Young (Allocation Failure)
[2025-04-17T09:22:10.988+0000][98.989s][info][gc,heap        ] GC(913) DefNew: 9211K(10176K)->91K(10176K) Eden: 9088K(9088K)->0K(9088K) From: 123K(1088K)->91K(1088K)
[2025-04-17T09:22:10.988+0000][98.989s][info][gc,heap        ] GC(913) Tenured: 17250K(22464K)->17250K(22464K)
[2025-04-17T09:22:10.988+0000][98.989s][info][gc,metaspace   ] GC(913) Metaspace: 37325K(37696K)->37325K(37696K) NonClass: 32899K(33088K)->32899K(33088K) Class: 4425K(4608K)->4425K(4608K)
[2025-04-17T09:22:10.988+0000][98.989s][info][gc             ] GC(913) Pause Young (Allocation Failure) 25M->16M(31M) 1.385ms
[2025-04-17T09:22:10.988+0000][98.989s][info][gc,cpu         ] GC(913) User=0.01s Sys=0.00s Real=0.00s
[2025-04-17T09:22:11.030+0000][99.031s][info][gc,start       ] GC(914) Pause Young (Allocation Failure)
[2025-04-17T09:22:11.031+0000][99.032s][info][gc,heap        ] GC(914) DefNew: 9179K(10176K)->81K(10176K) Eden: 9087K(9088K)->0K(9088K) From: 91K(1088K)->81K(1088K)
[2025-04-17T09:22:11.031+0000][99.032s][info][gc,heap        ] GC(914) Tenured: 17250K(22464K)->17250K(22464K)
[2025-04-17T09:22:11.031+0000][99.032s][info][gc,metaspace   ] GC(914) Metaspace: 37325K(37696K)->37325K(37696K) NonClass: 32899K(33088K)->32899K(33088K) Class: 4425K(4608K)->4425K(4608K)
[2025-04-17T09:22:11.031+0000][99.032s][info][gc             ] GC(914) Pause Young (Allocation Failure) 25M->16M(31M) 1.471ms
[2025-04-17T09:22:11.031+0000][99.032s][info][gc,cpu         ] GC(914) User=0.00s Sys=0.00s Real=0.00s
[2025-04-17T09:22:11.087+0000][99.088s][info][gc,start       ] GC(915) Pause Young (Allocation Failure)
[2025-04-17T09:22:11.089+0000][99.089s][info][gc,heap        ] GC(915) DefNew: 9169K(10176K)->90K(10176K) Eden: 9088K(9088K)->0K(9088K) From: 81K(1088K)->90K(1088K)
[2025-04-17T09:22:11.089+0000][99.089s][info][gc,heap        ] GC(915) Tenured: 17250K(22464K)->17250K(22464K)
[2025-04-17T09:22:11.089+0000][99.089s][info][gc,metaspace   ] GC(915) Metaspace: 37325K(37696K)->37325K(37696K) NonClass: 32899K(33088K)->32899K(33088K) Class: 4425K(4608K)->4425K(4608K)
[2025-04-17T09:22:11.089+0000][99.089s][info][gc             ] GC(915) Pause Young (Allocation Failure) 25M->16M(31M) 1.369ms
[2025-04-17T09:22:11.089+0000][99.089s][info][gc,cpu         ] GC(915) User=0.00s Sys=0.00s Real=0.00s
[2025-04-17T09:22:11.137+0000][99.137s][info][gc,start       ] GC(916) Pause Young (Allocation Failure)
[2025-04-17T09:22:11.138+0000][99.139s][info][gc,heap        ] GC(916) DefNew: 9178K(10176K)->118K(10176K) Eden: 9088K(9088K)->0K(9088K) From: 90K(1088K)->118K(1088K)
[2025-04-17T09:22:11.138+0000][99.139s][info][gc,heap        ] GC(916) Tenured: 17250K(22464K)->17250K(22464K)
[2025-04-17T09:22:11.138+0000][99.139s][info][gc,metaspace   ] GC(916) Metaspace: 37325K(37696K)->37325K(37696K) NonClass: 32899K(33088K)->32899K(33088K) Class: 4425K(4608K)->4425K(4608K)
[2025-04-17T09:22:11.138+0000][99.139s][info][gc             ] GC(916) Pause Young (Allocation Failure) 25M->16M(31M) 1.473ms
[2025-04-17T09:22:11.138+0000][99.139s][info][gc,cpu         ] GC(916) User=0.00s Sys=0.00s Real=0.00s
[2025-04-17T09:22:11.211+0000][99.212s][info][gc,start       ] GC(917) Pause Young (Allocation Failure)
[2025-04-17T09:22:11.213+0000][99.213s][info][gc,heap        ] GC(917) DefNew: 9206K(10176K)->88K(10176K) Eden: 9088K(9088K)->0K(9088K) From: 118K(1088K)->88K(1088K)
[2025-04-17T09:22:11.213+0000][99.213s][info][gc,heap        ] GC(917) Tenured: 17250K(22464K)->17251K(22464K)
[2025-04-17T09:22:11.213+0000][99.213s][info][gc,metaspace   ] GC(917) Metaspace: 37325K(37696K)->37325K(37696K) NonClass: 32899K(33088K)->32899K(33088K) Class: 4425K(4608K)->4425K(4608K)
[2025-04-17T09:22:11.213+0000][99.213s][info][gc             ] GC(917) Pause Young (Allocation Failure) 25M->16M(31M) 1.464ms
[2025-04-17T09:22:11.213+0000][99.213s][info][gc,cpu         ] GC(917) User=0.00s Sys=0.00s Real=0.00s
[2025-04-17T09:22:11.241+0000][99.242s][info][gc,start       ] GC(918) Pause Young (Allocation Failure)
[2025-04-17T09:22:11.242+0000][99.243s][info][gc,heap        ] GC(918) DefNew: 9169K(10176K)->105K(10176K) Eden: 9081K(9088K)->0K(9088K) From: 88K(1088K)->105K(1088K)
[2025-04-17T09:22:11.242+0000][99.243s][info][gc,heap        ] GC(918) Tenured: 17251K(22464K)->17251K(22464K)
[2025-04-17T09:22:11.242+0000][99.243s][info][gc,metaspace   ] GC(918) Metaspace: 37325K(37696K)->37325K(37696K) NonClass: 32899K(33088K)->32899K(33088K) Class: 4425K(4608K)->4425K(4608K)
[2025-04-17T09:22:11.242+0000][99.243s][info][gc             ] GC(918) Pause Young (Allocation Failure) 25M->16M(31M) 1.365ms
[2025-04-17T09:22:11.243+0000][99.243s][info][gc,cpu         ] GC(918) User=0.00s Sys=0.01s Real=0.00s
[2025-04-17T09:22:11.319+0000][99.320s][info][gc,start       ] GC(919) Pause Young (Allocation Failure)
[2025-04-17T09:22:11.320+0000][99.321s][info][gc,heap        ] GC(919) DefNew: 9193K(10176K)->97K(10176K) Eden: 9087K(9088K)->0K(9088K) From: 105K(1088K)->97K(1088K)
[2025-04-17T09:22:11.320+0000][99.321s][info][gc,heap        ] GC(919) Tenured: 17251K(22464K)->17252K(22464K)
[2025-04-17T09:22:11.320+0000][99.321s][info][gc,metaspace   ] GC(919) Metaspace: 37325K(37696K)->37325K(37696K) NonClass: 32899K(33088K)->32899K(33088K) Class: 4425K(4608K)->4425K(4608K)
[2025-04-17T09:22:11.320+0000][99.321s][info][gc             ] GC(919) Pause Young (Allocation Failure) 25M->16M(31M) 1.440ms
[2025-04-17T09:22:11.320+0000][99.321s][info][gc,cpu         ] GC(919) User=0.00s Sys=0.00s Real=0.00s
[2025-04-17T09:22:11.343+0000][99.344s][info][gc,start       ] GC(920) Pause Young (Allocation Failure)
[2025-04-17T09:22:11.344+0000][99.345s][info][gc,heap        ] GC(920) DefNew: 9185K(10176K)->124K(10176K) Eden: 9087K(9088K)->0K(9088K) From: 97K(1088K)->124K(1088K)
[2025-04-17T09:22:11.344+0000][99.345s][info][gc,heap        ] GC(920) Tenured: 17252K(22464K)->17254K(22464K)
[2025-04-17T09:22:11.344+0000][99.345s][info][gc,metaspace   ] GC(920) Metaspace: 37325K(37696K)->37325K(37696K) NonClass: 32899K(33088K)->32899K(33088K) Class: 4425K(4608K)->4425K(4608K)
[2025-04-17T09:22:11.344+0000][99.345s][info][gc             ] GC(920) Pause Young (Allocation Failure) 25M->16M(31M) 1.500ms
[2025-04-17T09:22:11.344+0000][99.345s][info][gc,cpu         ] GC(920) User=0.01s Sys=0.00s Real=0.01s
[2025-04-17T09:22:11.410+0000][99.411s][info][gc,start       ] GC(921) Pause Young (Allocation Failure)
[2025-04-17T09:22:11.412+0000][99.412s][info][gc,heap        ] GC(921) DefNew: 9212K(10176K)->117K(10176K) Eden: 9087K(9088K)->0K(9088K) From: 124K(1088K)->117K(1088K)
[2025-04-17T09:22:11.412+0000][99.412s][info][gc,heap        ] GC(921) Tenured: 17254K(22464K)->17254K(22464K)
[2025-04-17T09:22:11.412+0000][99.412s][info][gc,metaspace   ] GC(921) Metaspace: 37325K(37696K)->37325K(37696K) NonClass: 32899K(33088K)->32899K(33088K) Class: 4425K(4608K)->4425K(4608K)
[2025-04-17T09:22:11.412+0000][99.412s][info][gc             ] GC(921) Pause Young (Allocation Failure) 25M->16M(31M) 1.365ms
[2025-04-17T09:22:11.412+0000][99.412s][info][gc,cpu         ] GC(921) User=0.00s Sys=0.00s Real=0.00s
[2025-04-17T09:22:11.453+0000][99.454s][info][gc,start       ] GC(922) Pause Young (Allocation Failure)
[2025-04-17T09:22:11.454+0000][99.455s][info][gc,heap        ] GC(922) DefNew: 9205K(10176K)->131K(10176K) Eden: 9087K(9088K)->0K(9088K) From: 117K(1088K)->131K(1088K)
[2025-04-17T09:22:11.454+0000][99.455s][info][gc,heap        ] GC(922) Tenured: 17254K(22464K)->17254K(22464K)
[2025-04-17T09:22:11.454+0000][99.455s][info][gc,metaspace   ] GC(922) Metaspace: 37325K(37696K)->37325K(37696K) NonClass: 32899K(33088K)->32899K(33088K) Class: 4425K(4608K)->4425K(4608K)
[2025-04-17T09:22:11.454+0000][99.455s][info][gc             ] GC(922) Pause Young (Allocation Failure) 25M->16M(31M) 1.462ms
[2025-04-17T09:22:11.454+0000][99.455s][info][gc,cpu         ] GC(922) User=0.00s Sys=0.00s Real=0.01s
[2025-04-17T09:22:11.498+0000][99.498s][info][gc,start       ] GC(923) Pause Young (Allocation Failure)
[2025-04-17T09:22:11.499+0000][99.500s][info][gc,heap        ] GC(923) DefNew: 9219K(10176K)->110K(10176K) Eden: 9088K(9088K)->0K(9088K) From: 131K(1088K)->110K(1088K)
[2025-04-17T09:22:11.499+0000][99.500s][info][gc,heap        ] GC(923) Tenured: 17254K(22464K)->17254K(22464K)
[2025-04-17T09:22:11.499+0000][99.500s][info][gc,metaspace   ] GC(923) Metaspace: 37325K(37696K)->37325K(37696K) NonClass: 32899K(33088K)->32899K(33088K) Class: 4425K(4608K)->4425K(4608K)
[2025-04-17T09:22:11.499+0000][99.500s][info][gc             ] GC(923) Pause Young (Allocation Failure) 25M->16M(31M) 1.322ms
[2025-04-17T09:22:11.499+0000][99.500s][info][gc,cpu         ] GC(923) User=0.00s Sys=0.00s Real=0.00s
[2025-04-17T09:22:11.583+0000][99.583s][info][gc,start       ] GC(924) Pause Young (Allocation Failure)
[2025-04-17T09:22:11.584+0000][99.585s][info][gc,heap        ] GC(924) DefNew: 9198K(10176K)->101K(10176K) Eden: 9088K(9088K)->0K(9088K) From: 110K(1088K)->101K(1088K)
[2025-04-17T09:22:11.584+0000][99.585s][info][gc,heap        ] GC(924) Tenured: 17254K(22464K)->17254K(22464K)
[2025-04-17T09:22:11.584+0000][99.585s][info][gc,metaspace   ] GC(924) Metaspace: 37325K(37696K)->37325K(37696K) NonClass: 32899K(33088K)->32899K(33088K) Class: 4425K(4608K)->4425K(4608K)
[2025-04-17T09:22:11.584+0000][99.585s][info][gc             ] GC(924) Pause Young (Allocation Failure) 25M->16M(31M) 1.499ms
[2025-04-17T09:22:11.584+0000][99.585s][info][gc,cpu         ] GC(924) User=0.01s Sys=0.00s Real=0.01s
[2025-04-17T09:22:11.601+0000][99.602s][info][gc,start       ] GC(925) Pause Young (Allocation Failure)
[2025-04-17T09:22:11.603+0000][99.603s][info][gc,heap        ] GC(925) DefNew: 9189K(10176K)->128K(10176K) Eden: 9088K(9088K)->0K(9088K) From: 101K(1088K)->128K(1088K)
[2025-04-17T09:22:11.603+0000][99.603s][info][gc,heap        ] GC(925) Tenured: 17254K(22464K)->17255K(22464K)
[2025-04-17T09:22:11.603+0000][99.603s][info][gc,metaspace   ] GC(925) Metaspace: 37325K(37696K)->37325K(37696K) NonClass: 32899K(33088K)->32899K(33088K) Class: 4425K(4608K)->4425K(4608K)
[2025-04-17T09:22:11.603+0000][99.603s][info][gc             ] GC(925) Pause Young (Allocation Failure) 25M->16M(31M) 1.325ms
[2025-04-17T09:22:11.603+0000][99.603s][info][gc,cpu         ] GC(925) User=0.00s Sys=0.00s Real=0.00s
[2025-04-17T09:22:11.682+0000][99.682s][info][gc,start       ] GC(926) Pause Young (Allocation Failure)
[2025-04-17T09:22:11.683+0000][99.684s][info][gc,heap        ] GC(926) DefNew: 9215K(10176K)->111K(10176K) Eden: 9087K(9088K)->0K(9088K) From: 128K(1088K)->111K(1088K)
[2025-04-17T09:22:11.683+0000][99.684s][info][gc,heap        ] GC(926) Tenured: 17255K(22464K)->17256K(22464K)
[2025-04-17T09:22:11.683+0000][99.684s][info][gc,metaspace   ] GC(926) Metaspace: 37325K(37696K)->37325K(37696K) NonClass: 32899K(33088K)->32899K(33088K) Class: 4425K(4608K)->4425K(4608K)
[2025-04-17T09:22:11.683+0000][99.684s][info][gc             ] GC(926) Pause Young (Allocation Failure) 25M->16M(31M) 1.631ms
[2025-04-17T09:22:11.683+0000][99.684s][info][gc,cpu         ] GC(926) User=0.01s Sys=0.00s Real=0.00s
[2025-04-17T09:22:11.709+0000][99.710s][info][gc,start       ] GC(927) Pause Young (Allocation Failure)
[2025-04-17T09:22:11.710+0000][99.711s][info][gc,heap        ] GC(927) DefNew: 9199K(10176K)->112K(10176K) Eden: 9087K(9088K)->0K(9088K) From: 111K(1088K)->112K(1088K)
[2025-04-17T09:22:11.710+0000][99.711s][info][gc,heap        ] GC(927) Tenured: 17256K(22464K)->17256K(22464K)
[2025-04-17T09:22:11.710+0000][99.711s][info][gc,metaspace   ] GC(927) Metaspace: 37325K(37696K)->37325K(37696K) NonClass: 32899K(33088K)->32899K(33088K) Class: 4425K(4608K)->4425K(4608K)
[2025-04-17T09:22:11.710+0000][99.711s][info][gc             ] GC(927) Pause Young (Allocation Failure) 25M->16M(31M) 1.301ms
[2025-04-17T09:22:11.710+0000][99.711s][info][gc,cpu         ] GC(927) User=0.00s Sys=0.01s Real=0.00s
[2025-04-17T09:22:11.882+0000][99.882s][info][gc,start       ] GC(928) Pause Young (Allocation Failure)
[2025-04-17T09:22:11.883+0000][99.884s][info][gc,heap        ] GC(928) DefNew: 9194K(10176K)->97K(10176K) Eden: 9081K(9088K)->0K(9088K) From: 112K(1088K)->97K(1088K)
[2025-04-17T09:22:11.883+0000][99.884s][info][gc,heap        ] GC(928) Tenured: 17256K(22464K)->17256K(22464K)
[2025-04-17T09:22:11.883+0000][99.884s][info][gc,metaspace   ] GC(928) Metaspace: 37325K(37696K)->37325K(37696K) NonClass: 32899K(33088K)->32899K(33088K) Class: 4425K(4608K)->4425K(4608K)
[2025-04-17T09:22:11.883+0000][99.884s][info][gc             ] GC(928) Pause Young (Allocation Failure) 25M->16M(31M) 1.390ms
[2025-04-17T09:22:11.883+0000][99.884s][info][gc,cpu         ] GC(928) User=0.00s Sys=0.00s Real=0.00s
[2025-04-17T09:22:11.916+0000][99.917s][info][gc,start       ] GC(929) Pause Young (Allocation Failure)
[2025-04-17T09:22:11.918+0000][99.919s][info][gc,heap        ] GC(929) DefNew: 9185K(10176K)->240K(10176K) Eden: 9088K(9088K)->0K(9088K) From: 97K(1088K)->240K(1088K)
[2025-04-17T09:22:11.918+0000][99.919s][info][gc,heap        ] GC(929) Tenured: 17256K(22464K)->17259K(22464K)
[2025-04-17T09:22:11.918+0000][99.919s][info][gc,metaspace   ] GC(929) Metaspace: 37325K(37696K)->37325K(37696K) NonClass: 32899K(33088K)->32899K(33088K) Class: 4425K(4608K)->4425K(4608K)
[2025-04-17T09:22:11.918+0000][99.919s][info][gc             ] GC(929) Pause Young (Allocation Failure) 25M->17M(31M) 1.748ms
[2025-04-17T09:22:11.918+0000][99.919s][info][gc,cpu         ] GC(929) User=0.00s Sys=0.00s Real=0.00s
[2025-04-17T09:22:12.006+0000][100.007s][info][gc,start       ] GC(930) Pause Young (Allocation Failure)
[2025-04-17T09:22:12.007+0000][100.008s][info][gc,heap        ] GC(930) DefNew: 9328K(10176K)->119K(10176K) Eden: 9088K(9088K)->0K(9088K) From: 240K(1088K)->119K(1088K)
[2025-04-17T09:22:12.007+0000][100.008s][info][gc,heap        ] GC(930) Tenured: 17259K(22464K)->17260K(22464K)
[2025-04-17T09:22:12.007+0000][100.008s][info][gc,metaspace   ] GC(930) Metaspace: 37325K(37696K)->37325K(37696K) NonClass: 32899K(33088K)->32899K(33088K) Class: 4425K(4608K)->4425K(4608K)
[2025-04-17T09:22:12.007+0000][100.008s][info][gc             ] GC(930) Pause Young (Allocation Failure) 25M->16M(31M) 1.501ms
[2025-04-17T09:22:12.007+0000][100.008s][info][gc,cpu         ] GC(930) User=0.00s Sys=0.00s Real=0.00s
[2025-04-17T09:22:12.061+0000][100.061s][info][gc,start       ] GC(931) Pause Young (Allocation Failure)
[2025-04-17T09:22:12.062+0000][100.063s][info][gc,heap        ] GC(931) DefNew: 9207K(10176K)->115K(10176K) Eden: 9088K(9088K)->0K(9088K) From: 119K(1088K)->115K(1088K)
[2025-04-17T09:22:12.062+0000][100.063s][info][gc,heap        ] GC(931) Tenured: 17260K(22464K)->17260K(22464K)
[2025-04-17T09:22:12.062+0000][100.063s][info][gc,metaspace   ] GC(931) Metaspace: 37325K(37696K)->37325K(37696K) NonClass: 32899K(33088K)->32899K(33088K) Class: 4425K(4608K)->4425K(4608K)
[2025-04-17T09:22:12.062+0000][100.063s][info][gc             ] GC(931) Pause Young (Allocation Failure) 25M->16M(31M) 1.467ms
[2025-04-17T09:22:12.062+0000][100.063s][info][gc,cpu         ] GC(931) User=0.00s Sys=0.00s Real=0.00s
[2025-04-17T09:22:12.185+0000][100.186s][info][gc,start       ] GC(932) Pause Young (Allocation Failure)
[2025-04-17T09:22:12.186+0000][100.187s][info][gc,heap        ] GC(932) DefNew: 9203K(10176K)->145K(10176K) Eden: 9087K(9088K)->0K(9088K) From: 115K(1088K)->145K(1088K)
[2025-04-17T09:22:12.186+0000][100.187s][info][gc,heap        ] GC(932) Tenured: 17260K(22464K)->17261K(22464K)
[2025-04-17T09:22:12.186+0000][100.187s][info][gc,metaspace   ] GC(932) Metaspace: 37325K(37696K)->37325K(37696K) NonClass: 32899K(33088K)->32899K(33088K) Class: 4425K(4608K)->4425K(4608K)
[2025-04-17T09:22:12.186+0000][100.187s][info][gc             ] GC(932) Pause Young (Allocation Failure) 25M->16M(31M) 1.504ms
[2025-04-17T09:22:12.186+0000][100.187s][info][gc,cpu         ] GC(932) User=0.00s Sys=0.00s Real=0.00s
[2025-04-17T09:22:12.288+0000][100.289s][info][gc,start       ] GC(933) Pause Young (Allocation Failure)
[2025-04-17T09:22:12.289+0000][100.290s][info][gc,heap        ] GC(933) DefNew: 9226K(10176K)->82K(10176K) Eden: 9080K(9088K)->0K(9088K) From: 145K(1088K)->82K(1088K)
[2025-04-17T09:22:12.290+0000][100.290s][info][gc,heap        ] GC(933) Tenured: 17261K(22464K)->17279K(22464K)
[2025-04-17T09:22:12.290+0000][100.290s][info][gc,metaspace   ] GC(933) Metaspace: 37325K(37696K)->37325K(37696K) NonClass: 32899K(33088K)->32899K(33088K) Class: 4425K(4608K)->4425K(4608K)
[2025-04-17T09:22:12.290+0000][100.290s][info][gc             ] GC(933) Pause Young (Allocation Failure) 25M->16M(31M) 1.402ms
[2025-04-17T09:22:12.290+0000][100.290s][info][gc,cpu         ] GC(933) User=0.00s Sys=0.00s Real=0.00s
[2025-04-17T09:22:12.490+0000][100.491s][info][gc,start       ] GC(934) Pause Young (Allocation Failure)
[2025-04-17T09:22:12.492+0000][100.492s][info][gc,heap        ] GC(934) DefNew: 9169K(10176K)->96K(10176K) Eden: 9087K(9088K)->0K(9088K) From: 82K(1088K)->96K(1088K)
[2025-04-17T09:22:12.492+0000][100.492s][info][gc,heap        ] GC(934) Tenured: 17279K(22464K)->17279K(22464K)
[2025-04-17T09:22:12.492+0000][100.492s][info][gc,metaspace   ] GC(934) Metaspace: 37325K(37696K)->37325K(37696K) NonClass: 32899K(33088K)->32899K(33088K) Class: 4425K(4608K)->4425K(4608K)
[2025-04-17T09:22:12.492+0000][100.492s][info][gc             ] GC(934) Pause Young (Allocation Failure) 25M->16M(31M) 1.365ms
[2025-04-17T09:22:12.492+0000][100.492s][info][gc,cpu         ] GC(934) User=0.00s Sys=0.00s Real=0.00s
[2025-04-17T09:22:12.712+0000][100.712s][info][gc,start       ] GC(935) Pause Young (Allocation Failure)
[2025-04-17T09:22:12.713+0000][100.714s][info][gc,heap        ] GC(935) DefNew: 9184K(10176K)->98K(10176K) Eden: 9087K(9088K)->0K(9088K) From: 96K(1088K)->98K(1088K)
[2025-04-17T09:22:12.713+0000][100.714s][info][gc,heap        ] GC(935) Tenured: 17279K(22464K)->17279K(22464K)
[2025-04-17T09:22:12.713+0000][100.714s][info][gc,metaspace   ] GC(935) Metaspace: 37325K(37696K)->37325K(37696K) NonClass: 32899K(33088K)->32899K(33088K) Class: 4425K(4608K)->4425K(4608K)
[2025-04-17T09:22:12.713+0000][100.714s][info][gc             ] GC(935) Pause Young (Allocation Failure) 25M->16M(31M) 1.429ms
[2025-04-17T09:22:12.713+0000][100.714s][info][gc,cpu         ] GC(935) User=0.00s Sys=0.00s Real=0.00s
[2025-04-17T09:22:12.812+0000][100.812s][info][gc,start       ] GC(936) Pause Young (Allocation Failure)
[2025-04-17T09:22:12.813+0000][100.814s][info][gc,heap        ] GC(936) DefNew: 9184K(10176K)->105K(10176K) Eden: 9085K(9088K)->0K(9088K) From: 98K(1088K)->105K(1088K)
[2025-04-17T09:22:12.813+0000][100.814s][info][gc,heap        ] GC(936) Tenured: 17279K(22464K)->17279K(22464K)
[2025-04-17T09:22:12.813+0000][100.814s][info][gc,metaspace   ] GC(936) Metaspace: 37325K(37696K)->37325K(37696K) NonClass: 32899K(33088K)->32899K(33088K) Class: 4425K(4608K)->4425K(4608K)
[2025-04-17T09:22:12.813+0000][100.814s][info][gc             ] GC(936) Pause Young (Allocation Failure) 25M->16M(31M) 1.360ms
[2025-04-17T09:22:12.813+0000][100.814s][info][gc,cpu         ] GC(936) User=0.00s Sys=0.00s Real=0.00s
[2025-04-17T09:22:12.924+0000][100.925s][info][gc,start       ] GC(937) Pause Young (Allocation Failure)
[2025-04-17T09:22:12.926+0000][100.927s][info][gc,heap        ] GC(937) DefNew: 9193K(10176K)->117K(10176K) Eden: 9088K(9088K)->0K(9088K) From: 105K(1088K)->117K(1088K)
[2025-04-17T09:22:12.926+0000][100.927s][info][gc,heap        ] GC(937) Tenured: 17279K(22464K)->17279K(22464K)
[2025-04-17T09:22:12.926+0000][100.927s][info][gc,metaspace   ] GC(937) Metaspace: 37325K(37696K)->37325K(37696K) NonClass: 32899K(33088K)->32899K(33088K) Class: 4425K(4608K)->4425K(4608K)
[2025-04-17T09:22:12.926+0000][100.927s][info][gc             ] GC(937) Pause Young (Allocation Failure) 25M->16M(31M) 1.460ms
[2025-04-17T09:22:12.926+0000][100.927s][info][gc,cpu         ] GC(937) User=0.00s Sys=0.00s Real=0.00s
[2025-04-17T09:22:13.046+0000][101.047s][info][gc,start       ] GC(938) Pause Young (Allocation Failure)
[2025-04-17T09:22:13.048+0000][101.048s][info][gc,heap        ] GC(938) DefNew: 9205K(10176K)->118K(10176K) Eden: 9088K(9088K)->0K(9088K) From: 117K(1088K)->118K(1088K)
[2025-04-17T09:22:13.048+0000][101.048s][info][gc,heap        ] GC(938) Tenured: 17279K(22464K)->17279K(22464K)
[2025-04-17T09:22:13.048+0000][101.048s][info][gc,metaspace   ] GC(938) Metaspace: 37325K(37696K)->37325K(37696K) NonClass: 32899K(33088K)->32899K(33088K) Class: 4425K(4608K)->4425K(4608K)
[2025-04-17T09:22:13.048+0000][101.048s][info][gc             ] GC(938) Pause Young (Allocation Failure) 25M->16M(31M) 1.403ms
[2025-04-17T09:22:13.048+0000][101.048s][info][gc,cpu         ] GC(938) User=0.00s Sys=0.00s Real=0.00s
[2025-04-17T09:22:13.208+0000][101.209s][info][gc,start       ] GC(939) Pause Young (Allocation Failure)
[2025-04-17T09:22:13.209+0000][101.210s][info][gc,heap        ] GC(939) DefNew: 9206K(10176K)->120K(10176K) Eden: 9088K(9088K)->0K(9088K) From: 118K(1088K)->120K(1088K)
[2025-04-17T09:22:13.209+0000][101.210s][info][gc,heap        ] GC(939) Tenured: 17279K(22464K)->17279K(22464K)
[2025-04-17T09:22:13.209+0000][101.210s][info][gc,metaspace   ] GC(939) Metaspace: 37325K(37696K)->37325K(37696K) NonClass: 32899K(33088K)->32899K(33088K) Class: 4425K(4608K)->4425K(4608K)
[2025-04-17T09:22:13.209+0000][101.210s][info][gc             ] GC(939) Pause Young (Allocation Failure) 25M->16M(31M) 1.611ms
[2025-04-17T09:22:13.209+0000][101.210s][info][gc,cpu         ] GC(939) User=0.00s Sys=0.00s Real=0.00s
[2025-04-17T09:22:13.344+0000][101.344s][info][gc,start       ] GC(940) Pause Young (Allocation Failure)
[2025-04-17T09:22:13.345+0000][101.346s][info][gc,heap        ] GC(940) DefNew: 9208K(10176K)->91K(10176K) Eden: 9087K(9088K)->0K(9088K) From: 120K(1088K)->91K(1088K)
[2025-04-17T09:22:13.345+0000][101.346s][info][gc,heap        ] GC(940) Tenured: 17279K(22464K)->17279K(22464K)
[2025-04-17T09:22:13.345+0000][101.346s][info][gc,metaspace   ] GC(940) Metaspace: 37325K(37696K)->37325K(37696K) NonClass: 32899K(33088K)->32899K(33088K) Class: 4425K(4608K)->4425K(4608K)
[2025-04-17T09:22:13.345+0000][101.346s][info][gc             ] GC(940) Pause Young (Allocation Failure) 25M->16M(31M) 1.461ms
[2025-04-17T09:22:13.345+0000][101.346s][info][gc,cpu         ] GC(940) User=0.00s Sys=0.00s Real=0.01s
[2025-04-17T09:22:13.411+0000][101.411s][info][gc,start       ] GC(941) Pause Young (Allocation Failure)
[2025-04-17T09:22:13.412+0000][101.413s][info][gc,heap        ] GC(941) DefNew: 9179K(10176K)->146K(10176K) Eden: 9088K(9088K)->0K(9088K) From: 91K(1088K)->146K(1088K)
[2025-04-17T09:22:13.412+0000][101.413s][info][gc,heap        ] GC(941) Tenured: 17279K(22464K)->17279K(22464K)
[2025-04-17T09:22:13.412+0000][101.413s][info][gc,metaspace   ] GC(941) Metaspace: 37325K(37696K)->37325K(37696K) NonClass: 32899K(33088K)->32899K(33088K) Class: 4425K(4608K)->4425K(4608K)
[2025-04-17T09:22:13.412+0000][101.413s][info][gc             ] GC(941) Pause Young (Allocation Failure) 25M->17M(31M) 1.551ms
[2025-04-17T09:22:13.412+0000][101.413s][info][gc,cpu         ] GC(941) User=0.00s Sys=0.00s Real=0.00s
[2025-04-17T09:22:13.547+0000][101.547s][info][gc,start       ] GC(942) Pause Young (Allocation Failure)
[2025-04-17T09:22:13.548+0000][101.549s][info][gc,heap        ] GC(942) DefNew: 9234K(10176K)->109K(10176K) Eden: 9088K(9088K)->0K(9088K) From: 146K(1088K)->109K(1088K)
[2025-04-17T09:22:13.548+0000][101.549s][info][gc,heap        ] GC(942) Tenured: 17279K(22464K)->17280K(22464K)
[2025-04-17T09:22:13.548+0000][101.549s][info][gc,metaspace   ] GC(942) Metaspace: 37325K(37696K)->37325K(37696K) NonClass: 32899K(33088K)->32899K(33088K) Class: 4425K(4608K)->4425K(4608K)
[2025-04-17T09:22:13.548+0000][101.549s][info][gc             ] GC(942) Pause Young (Allocation Failure) 25M->16M(31M) 1.461ms
[2025-04-17T09:22:13.548+0000][101.549s][info][gc,cpu         ] GC(942) User=0.00s Sys=0.00s Real=0.00s
[2025-04-17T09:22:13.726+0000][101.727s][info][gc,start       ] GC(943) Pause Young (Allocation Failure)
[2025-04-17T09:22:13.727+0000][101.728s][info][gc,heap        ] GC(943) DefNew: 9197K(10176K)->110K(10176K) Eden: 9088K(9088K)->0K(9088K) From: 109K(1088K)->110K(1088K)
[2025-04-17T09:22:13.727+0000][101.728s][info][gc,heap        ] GC(943) Tenured: 17280K(22464K)->17282K(22464K)
[2025-04-17T09:22:13.727+0000][101.728s][info][gc,metaspace   ] GC(943) Metaspace: 37325K(37696K)->37325K(37696K) NonClass: 32899K(33088K)->32899K(33088K) Class: 4425K(4608K)->4425K(4608K)
[2025-04-17T09:22:13.727+0000][101.728s][info][gc             ] GC(943) Pause Young (Allocation Failure) 25M->16M(31M) 1.505ms
[2025-04-17T09:22:13.727+0000][101.728s][info][gc,cpu         ] GC(943) User=0.00s Sys=0.00s Real=0.00s
[2025-04-17T09:22:13.871+0000][101.871s][info][gc,start       ] GC(944) Pause Young (Allocation Failure)
[2025-04-17T09:22:13.872+0000][101.873s][info][gc,heap        ] GC(944) DefNew: 9198K(10176K)->154K(10176K) Eden: 9088K(9088K)->0K(9088K) From: 110K(1088K)->154K(1088K)
[2025-04-17T09:22:13.872+0000][101.873s][info][gc,heap        ] GC(944) Tenured: 17282K(22464K)->17283K(22464K)
[2025-04-17T09:22:13.872+0000][101.873s][info][gc,metaspace   ] GC(944) Metaspace: 37325K(37696K)->37325K(37696K) NonClass: 32899K(33088K)->32899K(33088K) Class: 4425K(4608K)->4425K(4608K)
[2025-04-17T09:22:13.872+0000][101.873s][info][gc             ] GC(944) Pause Young (Allocation Failure) 25M->17M(31M) 1.620ms
[2025-04-17T09:22:13.872+0000][101.873s][info][gc,cpu         ] GC(944) User=0.00s Sys=0.00s Real=0.00s
[2025-04-17T09:22:13.977+0000][101.978s][info][gc,start       ] GC(945) Pause Young (Allocation Failure)
[2025-04-17T09:22:13.978+0000][101.979s][info][gc,heap        ] GC(945) DefNew: 9242K(10176K)->104K(10176K) Eden: 9088K(9088K)->0K(9088K) From: 154K(1088K)->104K(1088K)
[2025-04-17T09:22:13.978+0000][101.979s][info][gc,heap        ] GC(945) Tenured: 17283K(22464K)->17284K(22464K)
[2025-04-17T09:22:13.978+0000][101.979s][info][gc,metaspace   ] GC(945) Metaspace: 37325K(37696K)->37325K(37696K) NonClass: 32899K(33088K)->32899K(33088K) Class: 4425K(4608K)->4425K(4608K)
[2025-04-17T09:22:13.978+0000][101.979s][info][gc             ] GC(945) Pause Young (Allocation Failure) 25M->16M(31M) 1.426ms
[2025-04-17T09:22:13.978+0000][101.979s][info][gc,cpu         ] GC(945) User=0.01s Sys=0.00s Real=0.00s
[2025-04-17T09:22:14.057+0000][102.057s][info][gc,start       ] GC(946) Pause Young (Allocation Failure)
[2025-04-17T09:22:14.058+0000][102.058s][info][gc,heap        ] GC(946) DefNew: 9185K(10176K)->102K(10176K) Eden: 9080K(9088K)->0K(9088K) From: 104K(1088K)->102K(1088K)
[2025-04-17T09:22:14.058+0000][102.059s][info][gc,heap        ] GC(946) Tenured: 17284K(22464K)->17284K(22464K)
[2025-04-17T09:22:14.058+0000][102.059s][info][gc,metaspace   ] GC(946) Metaspace: 37325K(37696K)->37325K(37696K) NonClass: 32899K(33088K)->32899K(33088K) Class: 4425K(4608K)->4425K(4608K)
[2025-04-17T09:22:14.058+0000][102.059s][info][gc             ] GC(946) Pause Young (Allocation Failure) 25M->16M(31M) 1.394ms
[2025-04-17T09:22:14.058+0000][102.059s][info][gc,cpu         ] GC(946) User=0.01s Sys=0.00s Real=0.00s
[2025-04-17T09:22:14.170+0000][102.171s][info][gc,start       ] GC(947) Pause Young (Allocation Failure)
[2025-04-17T09:22:14.172+0000][102.172s][info][gc,heap        ] GC(947) DefNew: 9190K(10176K)->105K(10176K) Eden: 9087K(9088K)->0K(9088K) From: 102K(1088K)->105K(1088K)
[2025-04-17T09:22:14.172+0000][102.173s][info][gc,heap        ] GC(947) Tenured: 17284K(22464K)->17285K(22464K)
[2025-04-17T09:22:14.172+0000][102.173s][info][gc,metaspace   ] GC(947) Metaspace: 37325K(37696K)->37325K(37696K) NonClass: 32899K(33088K)->32899K(33088K) Class: 4425K(4608K)->4425K(4608K)
[2025-04-17T09:22:14.172+0000][102.173s][info][gc             ] GC(947) Pause Young (Allocation Failure) 25M->16M(31M) 1.715ms
[2025-04-17T09:22:14.172+0000][102.173s][info][gc,cpu         ] GC(947) User=0.00s Sys=0.00s Real=0.00s
[2025-04-17T09:22:14.238+0000][102.239s][info][gc,start       ] GC(948) Pause Young (Allocation Failure)
[2025-04-17T09:22:14.239+0000][102.240s][info][gc,heap        ] GC(948) DefNew: 9193K(10176K)->114K(10176K) Eden: 9087K(9088K)->0K(9088K) From: 105K(1088K)->114K(1088K)
[2025-04-17T09:22:14.239+0000][102.240s][info][gc,heap        ] GC(948) Tenured: 17285K(22464K)->17285K(22464K)
[2025-04-17T09:22:14.239+0000][102.240s][info][gc,metaspace   ] GC(948) Metaspace: 37325K(37696K)->37325K(37696K) NonClass: 32899K(33088K)->32899K(33088K) Class: 4425K(4608K)->4425K(4608K)
[2025-04-17T09:22:14.239+0000][102.240s][info][gc             ] GC(948) Pause Young (Allocation Failure) 25M->16M(31M) 1.421ms
[2025-04-17T09:22:14.239+0000][102.240s][info][gc,cpu         ] GC(948) User=0.00s Sys=0.00s Real=0.00s
[2025-04-17T09:22:14.315+0000][102.316s][info][gc,start       ] GC(949) Pause Young (Allocation Failure)
[2025-04-17T09:22:14.316+0000][102.317s][info][gc,heap        ] GC(949) DefNew: 9202K(10176K)->94K(10176K) Eden: 9088K(9088K)->0K(9088K) From: 114K(1088K)->94K(1088K)
[2025-04-17T09:22:14.316+0000][102.317s][info][gc,heap        ] GC(949) Tenured: 17285K(22464K)->17304K(22464K)
[2025-04-17T09:22:14.316+0000][102.317s][info][gc,metaspace   ] GC(949) Metaspace: 37325K(37696K)->37325K(37696K) NonClass: 32899K(33088K)->32899K(33088K) Class: 4425K(4608K)->4425K(4608K)
[2025-04-17T09:22:14.316+0000][102.317s][info][gc             ] GC(949) Pause Young (Allocation Failure) 25M->16M(31M) 1.502ms
[2025-04-17T09:22:14.316+0000][102.317s][info][gc,cpu         ] GC(949) User=0.00s Sys=0.00s Real=0.00s
[2025-04-17T09:22:14.397+0000][102.397s][info][gc,start       ] GC(950) Pause Young (Allocation Failure)
[2025-04-17T09:22:14.398+0000][102.399s][info][gc,heap        ] GC(950) DefNew: 9182K(10176K)->101K(10176K) Eden: 9087K(9088K)->0K(9088K) From: 94K(1088K)->101K(1088K)
[2025-04-17T09:22:14.398+0000][102.399s][info][gc,heap        ] GC(950) Tenured: 17304K(22464K)->17304K(22464K)
[2025-04-17T09:22:14.398+0000][102.399s][info][gc,metaspace   ] GC(950) Metaspace: 37325K(37696K)->37325K(37696K) NonClass: 32899K(33088K)->32899K(33088K) Class: 4425K(4608K)->4425K(4608K)
[2025-04-17T09:22:14.398+0000][102.399s][info][gc             ] GC(950) Pause Young (Allocation Failure) 25M->16M(31M) 1.391ms
[2025-04-17T09:22:14.398+0000][102.399s][info][gc,cpu         ] GC(950) User=0.00s Sys=0.00s Real=0.00s
[2025-04-17T09:22:14.542+0000][102.542s][info][gc,start       ] GC(951) Pause Young (Allocation Failure)
[2025-04-17T09:22:14.543+0000][102.544s][info][gc,heap        ] GC(951) DefNew: 9189K(10176K)->123K(10176K) Eden: 9088K(9088K)->0K(9088K) From: 101K(1088K)->123K(1088K)
[2025-04-17T09:22:14.543+0000][102.544s][info][gc,heap        ] GC(951) Tenured: 17304K(22464K)->17304K(22464K)
[2025-04-17T09:22:14.543+0000][102.544s][info][gc,metaspace   ] GC(951) Metaspace: 37325K(37696K)->37325K(37696K) NonClass: 32899K(33088K)->32899K(33088K) Class: 4425K(4608K)->4425K(4608K)
[2025-04-17T09:22:14.543+0000][102.544s][info][gc             ] GC(951) Pause Young (Allocation Failure) 25M->17M(31M) 1.553ms
[2025-04-17T09:22:14.543+0000][102.544s][info][gc,cpu         ] GC(951) User=0.00s Sys=0.00s Real=0.00s
[2025-04-17T09:22:14.723+0000][102.724s][info][gc,start       ] GC(952) Pause Young (Allocation Failure)
[2025-04-17T09:22:14.725+0000][102.725s][info][gc,heap        ] GC(952) DefNew: 9211K(10176K)->102K(10176K) Eden: 9088K(9088K)->0K(9088K) From: 123K(1088K)->102K(1088K)
[2025-04-17T09:22:14.725+0000][102.725s][info][gc,heap        ] GC(952) Tenured: 17304K(22464K)->17305K(22464K)
[2025-04-17T09:22:14.725+0000][102.725s][info][gc,metaspace   ] GC(952) Metaspace: 37325K(37696K)->37325K(37696K) NonClass: 32899K(33088K)->32899K(33088K) Class: 4425K(4608K)->4425K(4608K)
[2025-04-17T09:22:14.725+0000][102.725s][info][gc             ] GC(952) Pause Young (Allocation Failure) 25M->17M(31M) 1.444ms
[2025-04-17T09:22:14.725+0000][102.725s][info][gc,cpu         ] GC(952) User=0.00s Sys=0.00s Real=0.01s
[2025-04-17T09:22:14.832+0000][102.833s][info][gc,start       ] GC(953) Pause Young (Allocation Failure)
[2025-04-17T09:22:14.833+0000][102.834s][info][gc,heap        ] GC(953) DefNew: 9190K(10176K)->120K(10176K) Eden: 9087K(9088K)->0K(9088K) From: 102K(1088K)->120K(1088K)
[2025-04-17T09:22:14.833+0000][102.834s][info][gc,heap        ] GC(953) Tenured: 17305K(22464K)->17305K(22464K)
[2025-04-17T09:22:14.833+0000][102.834s][info][gc,metaspace   ] GC(953) Metaspace: 37325K(37696K)->37325K(37696K) NonClass: 32899K(33088K)->32899K(33088K) Class: 4425K(4608K)->4425K(4608K)
[2025-04-17T09:22:14.833+0000][102.834s][info][gc             ] GC(953) Pause Young (Allocation Failure) 25M->17M(31M) 1.415ms
[2025-04-17T09:22:14.833+0000][102.834s][info][gc,cpu         ] GC(953) User=0.00s Sys=0.00s Real=0.00s
[2025-04-17T09:22:14.992+0000][102.992s][info][gc,start       ] GC(954) Pause Young (Allocation Failure)
[2025-04-17T09:22:14.993+0000][102.994s][info][gc,heap        ] GC(954) DefNew: 9201K(10176K)->109K(10176K) Eden: 9080K(9088K)->0K(9088K) From: 120K(1088K)->109K(1088K)
[2025-04-17T09:22:14.993+0000][102.994s][info][gc,heap        ] GC(954) Tenured: 17305K(22464K)->17305K(22464K)
[2025-04-17T09:22:14.993+0000][102.994s][info][gc,metaspace   ] GC(954) Metaspace: 37325K(37696K)->37325K(37696K) NonClass: 32899K(33088K)->32899K(33088K) Class: 4425K(4608K)->4425K(4608K)
[2025-04-17T09:22:14.993+0000][102.994s][info][gc             ] GC(954) Pause Young (Allocation Failure) 25M->17M(31M) 1.506ms
[2025-04-17T09:22:14.993+0000][102.994s][info][gc,cpu         ] GC(954) User=0.01s Sys=0.00s Real=0.00s
[2025-04-17T09:22:15.118+0000][103.119s][info][gc,start       ] GC(955) Pause Young (Allocation Failure)
[2025-04-17T09:22:15.120+0000][103.121s][info][gc,heap        ] GC(955) DefNew: 9197K(10176K)->129K(10176K) Eden: 9088K(9088K)->0K(9088K) From: 109K(1088K)->129K(1088K)
[2025-04-17T09:22:15.120+0000][103.121s][info][gc,heap        ] GC(955) Tenured: 17305K(22464K)->17308K(22464K)
[2025-04-17T09:22:15.120+0000][103.121s][info][gc,metaspace   ] GC(955) Metaspace: 37325K(37696K)->37325K(37696K) NonClass: 32899K(33088K)->32899K(33088K) Class: 4425K(4608K)->4425K(4608K)
[2025-04-17T09:22:15.120+0000][103.121s][info][gc             ] GC(955) Pause Young (Allocation Failure) 25M->17M(31M) 1.537ms
[2025-04-17T09:22:15.120+0000][103.121s][info][gc,cpu         ] GC(955) User=0.00s Sys=0.00s Real=0.00s
[2025-04-17T09:22:15.243+0000][103.244s][info][gc,start       ] GC(956) Pause Young (Allocation Failure)
[2025-04-17T09:22:15.246+0000][103.246s][info][gc,heap        ] GC(956) DefNew: 9217K(10176K)->119K(10176K) Eden: 9087K(9088K)->0K(9088K) From: 129K(1088K)->119K(1088K)
[2025-04-17T09:22:15.246+0000][103.246s][info][gc,heap        ] GC(956) Tenured: 17308K(22464K)->17309K(22464K)
[2025-04-17T09:22:15.246+0000][103.246s][info][gc,metaspace   ] GC(956) Metaspace: 37325K(37696K)->37325K(37696K) NonClass: 32899K(33088K)->32899K(33088K) Class: 4425K(4608K)->4425K(4608K)
[2025-04-17T09:22:15.246+0000][103.246s][info][gc             ] GC(956) Pause Young (Allocation Failure) 25M->17M(31M) 2.608ms
[2025-04-17T09:22:15.246+0000][103.247s][info][gc,cpu         ] GC(956) User=0.00s Sys=0.00s Real=0.01s
[2025-04-17T09:22:15.390+0000][103.391s][info][gc,start       ] GC(957) Pause Young (Allocation Failure)
[2025-04-17T09:22:15.392+0000][103.393s][info][gc,heap        ] GC(957) DefNew: 9207K(10176K)->98K(10176K) Eden: 9088K(9088K)->0K(9088K) From: 119K(1088K)->98K(1088K)
[2025-04-17T09:22:15.392+0000][103.393s][info][gc,heap        ] GC(957) Tenured: 17309K(22464K)->17314K(22464K)
[2025-04-17T09:22:15.392+0000][103.393s][info][gc,metaspace   ] GC(957) Metaspace: 37325K(37696K)->37325K(37696K) NonClass: 32899K(33088K)->32899K(33088K) Class: 4425K(4608K)->4425K(4608K)
[2025-04-17T09:22:15.392+0000][103.393s][info][gc             ] GC(957) Pause Young (Allocation Failure) 25M->17M(31M) 1.612ms
[2025-04-17T09:22:15.392+0000][103.393s][info][gc,cpu         ] GC(957) User=0.00s Sys=0.00s Real=0.00s
[2025-04-17T09:22:15.480+0000][103.480s][info][gc,start       ] GC(958) Pause Young (Allocation Failure)
[2025-04-17T09:22:15.481+0000][103.482s][info][gc,heap        ] GC(958) DefNew: 9186K(10176K)->183K(10176K) Eden: 9088K(9088K)->0K(9088K) From: 98K(1088K)->183K(1088K)
[2025-04-17T09:22:15.481+0000][103.482s][info][gc,heap        ] GC(958) Tenured: 17314K(22464K)->17314K(22464K)
[2025-04-17T09:22:15.481+0000][103.482s][info][gc,metaspace   ] GC(958) Metaspace: 37325K(37696K)->37325K(37696K) NonClass: 32899K(33088K)->32899K(33088K) Class: 4425K(4608K)->4425K(4608K)
[2025-04-17T09:22:15.481+0000][103.482s][info][gc             ] GC(958) Pause Young (Allocation Failure) 25M->17M(31M) 1.682ms
[2025-04-17T09:22:15.481+0000][103.482s][info][gc,cpu         ] GC(958) User=0.00s Sys=0.00s Real=0.00s
[2025-04-17T09:22:15.573+0000][103.573s][info][gc,start       ] GC(959) Pause Young (Allocation Failure)
[2025-04-17T09:22:15.574+0000][103.575s][info][gc,heap        ] GC(959) DefNew: 9271K(10176K)->135K(10176K) Eden: 9087K(9088K)->0K(9088K) From: 183K(1088K)->135K(1088K)
[2025-04-17T09:22:15.574+0000][103.575s][info][gc,heap        ] GC(959) Tenured: 17314K(22464K)->17315K(22464K)
[2025-04-17T09:22:15.574+0000][103.575s][info][gc,metaspace   ] GC(959) Metaspace: 37325K(37696K)->37325K(37696K) NonClass: 32899K(33088K)->32899K(33088K) Class: 4425K(4608K)->4425K(4608K)
[2025-04-17T09:22:15.574+0000][103.575s][info][gc             ] GC(959) Pause Young (Allocation Failure) 25M->17M(31M) 1.544ms
[2025-04-17T09:22:15.574+0000][103.575s][info][gc,cpu         ] GC(959) User=0.00s Sys=0.00s Real=0.01s
[2025-04-17T09:22:15.682+0000][103.683s][info][gc,start       ] GC(960) Pause Young (Allocation Failure)
[2025-04-17T09:22:15.684+0000][103.684s][info][gc,heap        ] GC(960) DefNew: 9223K(10176K)->131K(10176K) Eden: 9088K(9088K)->0K(9088K) From: 135K(1088K)->131K(1088K)
[2025-04-17T09:22:15.684+0000][103.684s][info][gc,heap        ] GC(960) Tenured: 17315K(22464K)->17316K(22464K)
[2025-04-17T09:22:15.684+0000][103.684s][info][gc,metaspace   ] GC(960) Metaspace: 37325K(37696K)->37325K(37696K) NonClass: 32899K(33088K)->32899K(33088K) Class: 4425K(4608K)->4425K(4608K)
[2025-04-17T09:22:15.684+0000][103.684s][info][gc             ] GC(960) Pause Young (Allocation Failure) 25M->17M(31M) 1.512ms
[2025-04-17T09:22:15.684+0000][103.684s][info][gc,cpu         ] GC(960) User=0.00s Sys=0.00s Real=0.00s
[2025-04-17T09:22:15.805+0000][103.806s][info][gc,start       ] GC(961) Pause Young (Allocation Failure)
[2025-04-17T09:22:15.807+0000][103.807s][info][gc,heap        ] GC(961) DefNew: 9219K(10176K)->121K(10176K) Eden: 9088K(9088K)->0K(9088K) From: 131K(1088K)->121K(1088K)
[2025-04-17T09:22:15.807+0000][103.807s][info][gc,heap        ] GC(961) Tenured: 17316K(22464K)->17316K(22464K)
[2025-04-17T09:22:15.807+0000][103.808s][info][gc,metaspace   ] GC(961) Metaspace: 37325K(37696K)->37325K(37696K) NonClass: 32899K(33088K)->32899K(33088K) Class: 4425K(4608K)->4425K(4608K)
[2025-04-17T09:22:15.807+0000][103.808s][info][gc             ] GC(961) Pause Young (Allocation Failure) 25M->17M(31M) 1.507ms
[2025-04-17T09:22:15.807+0000][103.808s][info][gc,cpu         ] GC(961) User=0.00s Sys=0.00s Real=0.00s
[2025-04-17T09:22:15.891+0000][103.892s][info][gc,start       ] GC(962) Pause Young (Allocation Failure)
[2025-04-17T09:22:15.892+0000][103.893s][info][gc,heap        ] GC(962) DefNew: 9203K(10176K)->121K(10176K) Eden: 9082K(9088K)->0K(9088K) From: 121K(1088K)->121K(1088K)
[2025-04-17T09:22:15.892+0000][103.893s][info][gc,heap        ] GC(962) Tenured: 17316K(22464K)->17316K(22464K)
[2025-04-17T09:22:15.892+0000][103.893s][info][gc,metaspace   ] GC(962) Metaspace: 37325K(37696K)->37325K(37696K) NonClass: 32899K(33088K)->32899K(33088K) Class: 4425K(4608K)->4425K(4608K)
[2025-04-17T09:22:15.892+0000][103.893s][info][gc             ] GC(962) Pause Young (Allocation Failure) 25M->17M(31M) 1.422ms
[2025-04-17T09:22:15.892+0000][103.893s][info][gc,cpu         ] GC(962) User=0.00s Sys=0.00s Real=0.00s
[2025-04-17T09:22:15.997+0000][103.997s][info][gc,start       ] GC(963) Pause Young (Allocation Failure)
[2025-04-17T09:22:15.998+0000][103.999s][info][gc,heap        ] GC(963) DefNew: 9209K(10176K)->117K(10176K) Eden: 9087K(9088K)->0K(9088K) From: 121K(1088K)->117K(1088K)
[2025-04-17T09:22:15.998+0000][103.999s][info][gc,heap        ] GC(963) Tenured: 17316K(22464K)->17316K(22464K)
[2025-04-17T09:22:15.998+0000][103.999s][info][gc,metaspace   ] GC(963) Metaspace: 37325K(37696K)->37325K(37696K) NonClass: 32899K(33088K)->32899K(33088K) Class: 4425K(4608K)->4425K(4608K)
[2025-04-17T09:22:15.998+0000][103.999s][info][gc             ] GC(963) Pause Young (Allocation Failure) 25M->17M(31M) 1.478ms
[2025-04-17T09:22:15.998+0000][103.999s][info][gc,cpu         ] GC(963) User=0.00s Sys=0.00s Real=0.00s
[2025-04-17T09:22:16.086+0000][104.087s][info][gc,start       ] GC(964) Pause Young (Allocation Failure)
[2025-04-17T09:22:16.088+0000][104.089s][info][gc,heap        ] GC(964) DefNew: 9205K(10176K)->172K(10176K) Eden: 9088K(9088K)->0K(9088K) From: 117K(1088K)->172K(1088K)
[2025-04-17T09:22:16.088+0000][104.089s][info][gc,heap        ] GC(964) Tenured: 17316K(22464K)->17316K(22464K)
[2025-04-17T09:22:16.088+0000][104.089s][info][gc,metaspace   ] GC(964) Metaspace: 37325K(37696K)->37325K(37696K) NonClass: 32899K(33088K)->32899K(33088K) Class: 4425K(4608K)->4425K(4608K)
[2025-04-17T09:22:16.088+0000][104.089s][info][gc             ] GC(964) Pause Young (Allocation Failure) 25M->17M(31M) 1.489ms
[2025-04-17T09:22:16.088+0000][104.089s][info][gc,cpu         ] GC(964) User=0.01s Sys=0.00s Real=0.00s
[2025-04-17T09:22:16.240+0000][104.240s][info][gc,start       ] GC(965) Pause Young (Allocation Failure)
[2025-04-17T09:22:16.241+0000][104.242s][info][gc,heap        ] GC(965) DefNew: 9260K(10176K)->149K(10176K) Eden: 9087K(9088K)->0K(9088K) From: 172K(1088K)->149K(1088K)
[2025-04-17T09:22:16.241+0000][104.242s][info][gc,heap        ] GC(965) Tenured: 17316K(22464K)->17319K(22464K)
[2025-04-17T09:22:16.241+0000][104.242s][info][gc,metaspace   ] GC(965) Metaspace: 37325K(37696K)->37325K(37696K) NonClass: 32899K(33088K)->32899K(33088K) Class: 4425K(4608K)->4425K(4608K)
[2025-04-17T09:22:16.241+0000][104.242s][info][gc             ] GC(965) Pause Young (Allocation Failure) 25M->17M(31M) 1.508ms
[2025-04-17T09:22:16.241+0000][104.242s][info][gc,cpu         ] GC(965) User=0.00s Sys=0.00s Real=0.00s
[2025-04-17T09:22:16.307+0000][104.308s][info][gc,start       ] GC(966) Pause Young (Allocation Failure)
[2025-04-17T09:22:16.309+0000][104.309s][info][gc,heap        ] GC(966) DefNew: 9237K(10176K)->119K(10176K) Eden: 9088K(9088K)->0K(9088K) From: 149K(1088K)->119K(1088K)
[2025-04-17T09:22:16.309+0000][104.309s][info][gc,heap        ] GC(966) Tenured: 17319K(22464K)->17336K(22464K)
[2025-04-17T09:22:16.309+0000][104.309s][info][gc,metaspace   ] GC(966) Metaspace: 37325K(37696K)->37325K(37696K) NonClass: 32899K(33088K)->32899K(33088K) Class: 4425K(4608K)->4425K(4608K)
[2025-04-17T09:22:16.309+0000][104.309s][info][gc             ] GC(966) Pause Young (Allocation Failure) 25M->17M(31M) 1.478ms
[2025-04-17T09:22:16.309+0000][104.309s][info][gc,cpu         ] GC(966) User=0.00s Sys=0.00s Real=0.00s
[2025-04-17T09:22:16.389+0000][104.390s][info][gc,start       ] GC(967) Pause Young (Allocation Failure)
[2025-04-17T09:22:16.392+0000][104.392s][info][gc,heap        ] GC(967) DefNew: 9207K(10176K)->110K(10176K) Eden: 9088K(9088K)->0K(9088K) From: 119K(1088K)->110K(1088K)
[2025-04-17T09:22:16.392+0000][104.392s][info][gc,heap        ] GC(967) Tenured: 17336K(22464K)->17336K(22464K)
[2025-04-17T09:22:16.392+0000][104.392s][info][gc,metaspace   ] GC(967) Metaspace: 37325K(37696K)->37325K(37696K) NonClass: 32899K(33088K)->32899K(33088K) Class: 4425K(4608K)->4425K(4608K)
[2025-04-17T09:22:16.392+0000][104.392s][info][gc             ] GC(967) Pause Young (Allocation Failure) 25M->17M(31M) 2.527ms
[2025-04-17T09:22:16.392+0000][104.392s][info][gc,cpu         ] GC(967) User=0.01s Sys=0.00s Real=0.00s
[2025-04-17T09:22:16.458+0000][104.459s][info][gc,start       ] GC(968) Pause Young (Allocation Failure)
[2025-04-17T09:22:16.460+0000][104.460s][info][gc,heap        ] GC(968) DefNew: 9198K(10176K)->113K(10176K) Eden: 9088K(9088K)->0K(9088K) From: 110K(1088K)->113K(1088K)
[2025-04-17T09:22:16.460+0000][104.460s][info][gc,heap        ] GC(968) Tenured: 17336K(22464K)->17337K(22464K)
[2025-04-17T09:22:16.460+0000][104.460s][info][gc,metaspace   ] GC(968) Metaspace: 37325K(37696K)->37325K(37696K) NonClass: 32899K(33088K)->32899K(33088K) Class: 4425K(4608K)->4425K(4608K)
[2025-04-17T09:22:16.460+0000][104.460s][info][gc             ] GC(968) Pause Young (Allocation Failure) 25M->17M(31M) 1.415ms
[2025-04-17T09:22:16.460+0000][104.460s][info][gc,cpu         ] GC(968) User=0.01s Sys=0.00s Real=0.00s
[2025-04-17T09:22:16.653+0000][104.654s][info][gc,start       ] GC(969) Pause Young (Allocation Failure)
[2025-04-17T09:22:16.655+0000][104.656s][info][gc,heap        ] GC(969) DefNew: 9194K(10176K)->100K(10176K) Eden: 9080K(9088K)->0K(9088K) From: 113K(1088K)->100K(1088K)
[2025-04-17T09:22:16.655+0000][104.656s][info][gc,heap        ] GC(969) Tenured: 17337K(22464K)->17340K(22464K)
[2025-04-17T09:22:16.655+0000][104.656s][info][gc,metaspace   ] GC(969) Metaspace: 37325K(37696K)->37325K(37696K) NonClass: 32899K(33088K)->32899K(33088K) Class: 4425K(4608K)->4425K(4608K)
[2025-04-17T09:22:16.655+0000][104.656s][info][gc             ] GC(969) Pause Young (Allocation Failure) 25M->17M(31M) 1.486ms
[2025-04-17T09:22:16.655+0000][104.656s][info][gc,cpu         ] GC(969) User=0.01s Sys=0.00s Real=0.01s
[2025-04-17T09:22:16.762+0000][104.763s][info][gc,start       ] GC(970) Pause Young (Allocation Failure)
[2025-04-17T09:22:16.763+0000][104.764s][info][gc,heap        ] GC(970) DefNew: 9188K(10176K)->133K(10176K) Eden: 9087K(9088K)->0K(9088K) From: 100K(1088K)->133K(1088K)
[2025-04-17T09:22:16.763+0000][104.764s][info][gc,heap        ] GC(970) Tenured: 17340K(22464K)->17340K(22464K)
[2025-04-17T09:22:16.763+0000][104.764s][info][gc,metaspace   ] GC(970) Metaspace: 37325K(37696K)->37325K(37696K) NonClass: 32899K(33088K)->32899K(33088K) Class: 4425K(4608K)->4425K(4608K)
[2025-04-17T09:22:16.763+0000][104.764s][info][gc             ] GC(970) Pause Young (Allocation Failure) 25M->17M(31M) 1.533ms
[2025-04-17T09:22:16.763+0000][104.764s][info][gc,cpu         ] GC(970) User=0.00s Sys=0.00s Real=0.00s
[2025-04-17T09:22:16.922+0000][104.922s][info][gc,start       ] GC(971) Pause Young (Allocation Failure)
[2025-04-17T09:22:16.923+0000][104.924s][info][gc,heap        ] GC(971) DefNew: 9221K(10176K)->113K(10176K) Eden: 9088K(9088K)->0K(9088K) From: 133K(1088K)->113K(1088K)
[2025-04-17T09:22:16.923+0000][104.924s][info][gc,heap        ] GC(971) Tenured: 17340K(22464K)->17340K(22464K)
[2025-04-17T09:22:16.923+0000][104.924s][info][gc,metaspace   ] GC(971) Metaspace: 37325K(37696K)->37325K(37696K) NonClass: 32899K(33088K)->32899K(33088K) Class: 4425K(4608K)->4425K(4608K)
[2025-04-17T09:22:16.924+0000][104.924s][info][gc             ] GC(971) Pause Young (Allocation Failure) 25M->17M(31M) 1.680ms
[2025-04-17T09:22:16.924+0000][104.924s][info][gc,cpu         ] GC(971) User=0.00s Sys=0.00s Real=0.00s
[2025-04-17T09:22:17.074+0000][105.075s][info][gc,start       ] GC(972) Pause Young (Allocation Failure)
[2025-04-17T09:22:17.076+0000][105.076s][info][gc,heap        ] GC(972) DefNew: 9201K(10176K)->119K(10176K) Eden: 9088K(9088K)->0K(9088K) From: 113K(1088K)->119K(1088K)
[2025-04-17T09:22:17.076+0000][105.076s][info][gc,heap        ] GC(972) Tenured: 17340K(22464K)->17341K(22464K)
[2025-04-17T09:22:17.076+0000][105.076s][info][gc,metaspace   ] GC(972) Metaspace: 37325K(37696K)->37325K(37696K) NonClass: 32899K(33088K)->32899K(33088K) Class: 4425K(4608K)->4425K(4608K)
[2025-04-17T09:22:17.076+0000][105.076s][info][gc             ] GC(972) Pause Young (Allocation Failure) 25M->17M(31M) 1.595ms
[2025-04-17T09:22:17.076+0000][105.076s][info][gc,cpu         ] GC(972) User=0.00s Sys=0.00s Real=0.01s
[2025-04-17T09:22:17.198+0000][105.199s][info][gc,start       ] GC(973) Pause Young (Allocation Failure)
[2025-04-17T09:22:17.200+0000][105.201s][info][gc,heap        ] GC(973) DefNew: 9207K(10176K)->118K(10176K) Eden: 9088K(9088K)->0K(9088K) From: 119K(1088K)->118K(1088K)
[2025-04-17T09:22:17.200+0000][105.201s][info][gc,heap        ] GC(973) Tenured: 17341K(22464K)->17360K(22464K)
[2025-04-17T09:22:17.200+0000][105.201s][info][gc,metaspace   ] GC(973) Metaspace: 37325K(37696K)->37325K(37696K) NonClass: 32899K(33088K)->32899K(33088K) Class: 4425K(4608K)->4425K(4608K)
[2025-04-17T09:22:17.200+0000][105.201s][info][gc             ] GC(973) Pause Young (Allocation Failure) 25M->17M(31M) 1.607ms
[2025-04-17T09:22:17.200+0000][105.201s][info][gc,cpu         ] GC(973) User=0.00s Sys=0.00s Real=0.00s
[2025-04-17T09:22:17.383+0000][105.384s][info][gc,start       ] GC(974) Pause Young (Allocation Failure)
[2025-04-17T09:22:17.385+0000][105.385s][info][gc,heap        ] GC(974) DefNew: 9206K(10176K)->101K(10176K) Eden: 9088K(9088K)->0K(9088K) From: 118K(1088K)->101K(1088K)
[2025-04-17T09:22:17.385+0000][105.385s][info][gc,heap        ] GC(974) Tenured: 17360K(22464K)->17360K(22464K)
[2025-04-17T09:22:17.385+0000][105.385s][info][gc,metaspace   ] GC(974) Metaspace: 37325K(37696K)->37325K(37696K) NonClass: 32899K(33088K)->32899K(33088K) Class: 4425K(4608K)->4425K(4608K)
[2025-04-17T09:22:17.385+0000][105.385s][info][gc             ] GC(974) Pause Young (Allocation Failure) 25M->17M(31M) 1.540ms
[2025-04-17T09:22:17.385+0000][105.385s][info][gc,cpu         ] GC(974) User=0.00s Sys=0.00s Real=0.01s
[2025-04-17T09:22:17.482+0000][105.483s][info][gc,start       ] GC(975) Pause Young (Allocation Failure)
[2025-04-17T09:22:17.484+0000][105.484s][info][gc,heap        ] GC(975) DefNew: 9184K(10176K)->96K(10176K) Eden: 9083K(9088K)->0K(9088K) From: 101K(1088K)->96K(1088K)
[2025-04-17T09:22:17.484+0000][105.484s][info][gc,heap        ] GC(975) Tenured: 17360K(22464K)->17360K(22464K)
[2025-04-17T09:22:17.484+0000][105.484s][info][gc,metaspace   ] GC(975) Metaspace: 37325K(37696K)->37325K(37696K) NonClass: 32899K(33088K)->32899K(33088K) Class: 4425K(4608K)->4425K(4608K)
[2025-04-17T09:22:17.484+0000][105.484s][info][gc             ] GC(975) Pause Young (Allocation Failure) 25M->17M(31M) 1.447ms
[2025-04-17T09:22:17.484+0000][105.484s][info][gc,cpu         ] GC(975) User=0.01s Sys=0.00s Real=0.00s
[2025-04-17T09:22:17.672+0000][105.672s][info][gc,start       ] GC(976) Pause Young (Allocation Failure)
[2025-04-17T09:22:17.673+0000][105.674s][info][gc,heap        ] GC(976) DefNew: 9184K(10176K)->101K(10176K) Eden: 9088K(9088K)->0K(9088K) From: 96K(1088K)->101K(1088K)
[2025-04-17T09:22:17.673+0000][105.674s][info][gc,heap        ] GC(976) Tenured: 17360K(22464K)->17360K(22464K)
[2025-04-17T09:22:17.673+0000][105.674s][info][gc,metaspace   ] GC(976) Metaspace: 37325K(37696K)->37325K(37696K) NonClass: 32899K(33088K)->32899K(33088K) Class: 4425K(4608K)->4425K(4608K)
[2025-04-17T09:22:17.673+0000][105.674s][info][gc             ] GC(976) Pause Young (Allocation Failure) 25M->17M(31M) 1.549ms
[2025-04-17T09:22:17.673+0000][105.674s][info][gc,cpu         ] GC(976) User=0.00s Sys=0.00s Real=0.00s
[2025-04-17T09:22:17.878+0000][105.878s][info][gc,start       ] GC(977) Pause Young (Allocation Failure)
[2025-04-17T09:22:17.879+0000][105.880s][info][gc,heap        ] GC(977) DefNew: 9189K(10176K)->120K(10176K) Eden: 9087K(9088K)->0K(9088K) From: 101K(1088K)->120K(1088K)
[2025-04-17T09:22:17.879+0000][105.880s][info][gc,heap        ] GC(977) Tenured: 17360K(22464K)->17360K(22464K)
[2025-04-17T09:22:17.879+0000][105.880s][info][gc,metaspace   ] GC(977) Metaspace: 37329K(37696K)->37329K(37696K) NonClass: 32904K(33088K)->32904K(33088K) Class: 4425K(4608K)->4425K(4608K)
[2025-04-17T09:22:17.879+0000][105.880s][info][gc             ] GC(977) Pause Young (Allocation Failure) 25M->17M(31M) 1.603ms
[2025-04-17T09:22:17.879+0000][105.880s][info][gc,cpu         ] GC(977) User=0.00s Sys=0.00s Real=0.00s
[2025-04-17T09:22:17.984+0000][105.984s][info][gc,start       ] GC(978) Pause Young (Allocation Failure)
[2025-04-17T09:22:17.985+0000][105.986s][info][gc,heap        ] GC(978) DefNew: 9208K(10176K)->121K(10176K) Eden: 9088K(9088K)->0K(9088K) From: 120K(1088K)->121K(1088K)
[2025-04-17T09:22:17.985+0000][105.986s][info][gc,heap        ] GC(978) Tenured: 17360K(22464K)->17361K(22464K)
[2025-04-17T09:22:17.985+0000][105.986s][info][gc,metaspace   ] GC(978) Metaspace: 37339K(37696K)->37339K(37696K) NonClass: 32914K(33088K)->32914K(33088K) Class: 4425K(4608K)->4425K(4608K)
[2025-04-17T09:22:17.985+0000][105.986s][info][gc             ] GC(978) Pause Young (Allocation Failure) 25M->17M(31M) 1.467ms
[2025-04-17T09:22:17.985+0000][105.986s][info][gc,cpu         ] GC(978) User=0.00s Sys=0.00s Real=0.01s
[2025-04-17T09:22:18.129+0000][106.129s][info][gc,start       ] GC(979) Pause Young (Allocation Failure)
[2025-04-17T09:22:18.130+0000][106.131s][info][gc,heap        ] GC(979) DefNew: 9209K(10176K)->136K(10176K) Eden: 9088K(9088K)->0K(9088K) From: 121K(1088K)->136K(1088K)
[2025-04-17T09:22:18.130+0000][106.131s][info][gc,heap        ] GC(979) Tenured: 17361K(22464K)->17379K(22464K)
[2025-04-17T09:22:18.130+0000][106.131s][info][gc,metaspace   ] GC(979) Metaspace: 37339K(37696K)->37339K(37696K) NonClass: 32914K(33088K)->32914K(33088K) Class: 4425K(4608K)->4425K(4608K)
[2025-04-17T09:22:18.130+0000][106.131s][info][gc             ] GC(979) Pause Young (Allocation Failure) 25M->17M(31M) 1.535ms
[2025-04-17T09:22:18.130+0000][106.131s][info][gc,cpu         ] GC(979) User=0.01s Sys=0.00s Real=0.00s
[2025-04-17T09:22:18.331+0000][106.332s][info][gc,start       ] GC(980) Pause Young (Allocation Failure)
[2025-04-17T09:22:18.333+0000][106.333s][info][gc,heap        ] GC(980) DefNew: 9224K(10176K)->123K(10176K) Eden: 9088K(9088K)->0K(9088K) From: 136K(1088K)->123K(1088K)
[2025-04-17T09:22:18.333+0000][106.333s][info][gc,heap        ] GC(980) Tenured: 17379K(22464K)->17379K(22464K)
[2025-04-17T09:22:18.333+0000][106.333s][info][gc,metaspace   ] GC(980) Metaspace: 37342K(37696K)->37342K(37696K) NonClass: 32917K(33088K)->32917K(33088K) Class: 4425K(4608K)->4425K(4608K)
[2025-04-17T09:22:18.333+0000][106.333s][info][gc             ] GC(980) Pause Young (Allocation Failure) 25M->17M(31M) 1.714ms
[2025-04-17T09:22:18.333+0000][106.333s][info][gc,cpu         ] GC(980) User=0.00s Sys=0.00s Real=0.00s
[2025-04-17T09:22:18.638+0000][106.639s][info][gc,start       ] GC(981) Pause Young (Allocation Failure)
[2025-04-17T09:22:18.640+0000][106.640s][info][gc,heap        ] GC(981) DefNew: 9211K(10176K)->138K(10176K) Eden: 9088K(9088K)->0K(9088K) From: 123K(1088K)->138K(1088K)
[2025-04-17T09:22:18.640+0000][106.640s][info][gc,heap        ] GC(981) Tenured: 17379K(22464K)->17379K(22464K)
[2025-04-17T09:22:18.640+0000][106.640s][info][gc,metaspace   ] GC(981) Metaspace: 37342K(37696K)->37342K(37696K) NonClass: 32917K(33088K)->32917K(33088K) Class: 4425K(4608K)->4425K(4608K)
[2025-04-17T09:22:18.640+0000][106.640s][info][gc             ] GC(981) Pause Young (Allocation Failure) 25M->17M(31M) 1.445ms
[2025-04-17T09:22:18.640+0000][106.640s][info][gc,cpu         ] GC(981) User=0.00s Sys=0.00s Real=0.00s
[2025-04-17T09:22:18.911+0000][106.911s][info][gc,start       ] GC(982) Pause Young (Allocation Failure)
[2025-04-17T09:22:18.912+0000][106.913s][info][gc,heap        ] GC(982) DefNew: 9226K(10176K)->122K(10176K) Eden: 9088K(9088K)->0K(9088K) From: 138K(1088K)->122K(1088K)
[2025-04-17T09:22:18.912+0000][106.913s][info][gc,heap        ] GC(982) Tenured: 17379K(22464K)->17379K(22464K)
[2025-04-17T09:22:18.912+0000][106.913s][info][gc,metaspace   ] GC(982) Metaspace: 37342K(37696K)->37342K(37696K) NonClass: 32917K(33088K)->32917K(33088K) Class: 4425K(4608K)->4425K(4608K)
[2025-04-17T09:22:18.912+0000][106.913s][info][gc             ] GC(982) Pause Young (Allocation Failure) 25M->17M(31M) 1.479ms
[2025-04-17T09:22:18.912+0000][106.913s][info][gc,cpu         ] GC(982) User=0.00s Sys=0.00s Real=0.00s
[2025-04-17T09:22:19.144+0000][107.144s][info][gc,start       ] GC(983) Pause Young (Allocation Failure)
[2025-04-17T09:22:19.145+0000][107.146s][info][gc,heap        ] GC(983) DefNew: 9210K(10176K)->120K(10176K) Eden: 9087K(9088K)->0K(9088K) From: 122K(1088K)->120K(1088K)
[2025-04-17T09:22:19.145+0000][107.146s][info][gc,heap        ] GC(983) Tenured: 17379K(22464K)->17379K(22464K)
[2025-04-17T09:22:19.145+0000][107.146s][info][gc,metaspace   ] GC(983) Metaspace: 37342K(37696K)->37342K(37696K) NonClass: 32917K(33088K)->32917K(33088K) Class: 4425K(4608K)->4425K(4608K)
[2025-04-17T09:22:19.145+0000][107.146s][info][gc             ] GC(983) Pause Young (Allocation Failure) 25M->17M(31M) 1.497ms
[2025-04-17T09:22:19.145+0000][107.146s][info][gc,cpu         ] GC(983) User=0.00s Sys=0.00s Real=0.01s
[2025-04-17T09:22:19.368+0000][107.369s][info][gc,start       ] GC(984) Pause Young (Allocation Failure)
[2025-04-17T09:22:19.370+0000][107.370s][info][gc,heap        ] GC(984) DefNew: 9198K(10176K)->141K(10176K) Eden: 9077K(9088K)->0K(9088K) From: 120K(1088K)->141K(1088K)
[2025-04-17T09:22:19.370+0000][107.370s][info][gc,heap        ] GC(984) Tenured: 17379K(22464K)->17380K(22464K)
[2025-04-17T09:22:19.370+0000][107.370s][info][gc,metaspace   ] GC(984) Metaspace: 37344K(37696K)->37344K(37696K) NonClass: 32918K(33088K)->32918K(33088K) Class: 4425K(4608K)->4425K(4608K)
[2025-04-17T09:22:19.370+0000][107.371s][info][gc             ] GC(984) Pause Young (Allocation Failure) 25M->17M(31M) 1.447ms
[2025-04-17T09:22:19.370+0000][107.371s][info][gc,cpu         ] GC(984) User=0.01s Sys=0.00s Real=0.00s
[2025-04-17T09:22:19.456+0000][107.457s][info][gc,start       ] GC(985) Pause Young (Allocation Failure)
[2025-04-17T09:22:19.458+0000][107.458s][info][gc,heap        ] GC(985) DefNew: 9229K(10176K)->151K(10176K) Eden: 9088K(9088K)->0K(9088K) From: 141K(1088K)->151K(1088K)
[2025-04-17T09:22:19.458+0000][107.458s][info][gc,heap        ] GC(985) Tenured: 17380K(22464K)->17380K(22464K)
[2025-04-17T09:22:19.458+0000][107.458s][info][gc,metaspace   ] GC(985) Metaspace: 37344K(37696K)->37344K(37696K) NonClass: 32918K(33088K)->32918K(33088K) Class: 4425K(4608K)->4425K(4608K)
[2025-04-17T09:22:19.458+0000][107.458s][info][gc             ] GC(985) Pause Young (Allocation Failure) 25M->17M(31M) 1.584ms
[2025-04-17T09:22:19.458+0000][107.458s][info][gc,cpu         ] GC(985) User=0.00s Sys=0.00s Real=0.00s
[2025-04-17T09:22:19.654+0000][107.654s][info][gc,start       ] GC(986) Pause Young (Allocation Failure)
[2025-04-17T09:22:19.655+0000][107.656s][info][gc,heap        ] GC(986) DefNew: 9237K(10176K)->150K(10176K) Eden: 9086K(9088K)->0K(9088K) From: 151K(1088K)->150K(1088K)
[2025-04-17T09:22:19.655+0000][107.656s][info][gc,heap        ] GC(986) Tenured: 17380K(22464K)->17380K(22464K)
[2025-04-17T09:22:19.655+0000][107.656s][info][gc,metaspace   ] GC(986) Metaspace: 37344K(37696K)->37344K(37696K) NonClass: 32918K(33088K)->32918K(33088K) Class: 4425K(4608K)->4425K(4608K)
[2025-04-17T09:22:19.655+0000][107.656s][info][gc             ] GC(986) Pause Young (Allocation Failure) 25M->17M(31M) 1.501ms
[2025-04-17T09:22:19.655+0000][107.656s][info][gc,cpu         ] GC(986) User=0.00s Sys=0.00s Real=0.01s
[2025-04-17T09:22:19.799+0000][107.800s][info][gc,start       ] GC(987) Pause Young (Allocation Failure)
[2025-04-17T09:22:19.801+0000][107.801s][info][gc,heap        ] GC(987) DefNew: 9238K(10176K)->149K(10176K) Eden: 9088K(9088K)->0K(9088K) From: 150K(1088K)->149K(1088K)
[2025-04-17T09:22:19.801+0000][107.801s][info][gc,heap        ] GC(987) Tenured: 17380K(22464K)->17383K(22464K)
[2025-04-17T09:22:19.801+0000][107.801s][info][gc,metaspace   ] GC(987) Metaspace: 37344K(37696K)->37344K(37696K) NonClass: 32918K(33088K)->32918K(33088K) Class: 4425K(4608K)->4425K(4608K)
[2025-04-17T09:22:19.801+0000][107.801s][info][gc             ] GC(987) Pause Young (Allocation Failure) 25M->17M(31M) 1.603ms
[2025-04-17T09:22:19.801+0000][107.801s][info][gc,cpu         ] GC(987) User=0.00s Sys=0.00s Real=0.00s
[2025-04-17T09:22:19.865+0000][107.866s][info][gc,start       ] GC(988) Pause Young (Allocation Failure)
[2025-04-17T09:22:19.866+0000][107.867s][info][gc,heap        ] GC(988) DefNew: 9230K(10176K)->121K(10176K) Eden: 9080K(9088K)->0K(9088K) From: 149K(1088K)->121K(1088K)
[2025-04-17T09:22:19.866+0000][107.867s][info][gc,heap        ] GC(988) Tenured: 17383K(22464K)->17383K(22464K)
[2025-04-17T09:22:19.866+0000][107.867s][info][gc,metaspace   ] GC(988) Metaspace: 37344K(37696K)->37344K(37696K) NonClass: 32918K(33088K)->32918K(33088K) Class: 4425K(4608K)->4425K(4608K)
[2025-04-17T09:22:19.866+0000][107.867s][info][gc             ] GC(988) Pause Young (Allocation Failure) 25M->17M(31M) 1.535ms
[2025-04-17T09:22:19.866+0000][107.867s][info][gc,cpu         ] GC(988) User=0.00s Sys=0.00s Real=0.00s
[2025-04-17T09:22:19.896+0000][107.897s][info][gc,start       ] GC(989) Pause Young (Allocation Failure)
[2025-04-17T09:22:19.898+0000][107.898s][info][gc,heap        ] GC(989) DefNew: 9209K(10176K)->146K(10176K) Eden: 9088K(9088K)->0K(9088K) From: 121K(1088K)->146K(1088K)
[2025-04-17T09:22:19.898+0000][107.898s][info][gc,heap        ] GC(989) Tenured: 17383K(22464K)->17384K(22464K)
[2025-04-17T09:22:19.898+0000][107.898s][info][gc,metaspace   ] GC(989) Metaspace: 37349K(37696K)->37349K(37696K) NonClass: 32923K(33088K)->32923K(33088K) Class: 4425K(4608K)->4425K(4608K)
[2025-04-17T09:22:19.898+0000][107.898s][info][gc             ] GC(989) Pause Young (Allocation Failure) 25M->17M(31M) 1.288ms
[2025-04-17T09:22:19.898+0000][107.898s][info][gc,cpu         ] GC(989) User=0.00s Sys=0.00s Real=0.00s
[2025-04-17T09:22:20.004+0000][108.005s][info][gc,start       ] GC(990) Pause Young (Allocation Failure)
[2025-04-17T09:22:20.006+0000][108.006s][info][gc,heap        ] GC(990) DefNew: 9234K(10176K)->173K(10176K) Eden: 9087K(9088K)->0K(9088K) From: 146K(1088K)->173K(1088K)
[2025-04-17T09:22:20.006+0000][108.006s][info][gc,heap        ] GC(990) Tenured: 17384K(22464K)->17384K(22464K)
[2025-04-17T09:22:20.006+0000][108.006s][info][gc,metaspace   ] GC(990) Metaspace: 37349K(37696K)->37349K(37696K) NonClass: 32923K(33088K)->32923K(33088K) Class: 4425K(4608K)->4425K(4608K)
[2025-04-17T09:22:20.006+0000][108.006s][info][gc             ] GC(990) Pause Young (Allocation Failure) 25M->17M(31M) 1.435ms
[2025-04-17T09:22:20.006+0000][108.006s][info][gc,cpu         ] GC(990) User=0.00s Sys=0.00s Real=0.00s
[2025-04-17T09:22:20.120+0000][108.120s][info][gc,start       ] GC(991) Pause Young (Allocation Failure)
[2025-04-17T09:22:20.121+0000][108.122s][info][gc,heap        ] GC(991) DefNew: 9261K(10176K)->161K(10176K) Eden: 9088K(9088K)->0K(9088K) From: 173K(1088K)->161K(1088K)
[2025-04-17T09:22:20.121+0000][108.122s][info][gc,heap        ] GC(991) Tenured: 17384K(22464K)->17387K(22464K)
[2025-04-17T09:22:20.121+0000][108.122s][info][gc,metaspace   ] GC(991) Metaspace: 37349K(37696K)->37349K(37696K) NonClass: 32923K(33088K)->32923K(33088K) Class: 4425K(4608K)->4425K(4608K)
[2025-04-17T09:22:20.121+0000][108.122s][info][gc             ] GC(991) Pause Young (Allocation Failure) 26M->17M(31M) 1.386ms
[2025-04-17T09:22:20.121+0000][108.122s][info][gc,cpu         ] GC(991) User=0.00s Sys=0.00s Real=0.00s
[2025-04-17T09:22:20.343+0000][108.344s][info][gc,start       ] GC(992) Pause Young (Allocation Failure)
[2025-04-17T09:22:20.344+0000][108.345s][info][gc,heap        ] GC(992) DefNew: 9249K(10176K)->151K(10176K) Eden: 9088K(9088K)->0K(9088K) From: 161K(1088K)->151K(1088K)
[2025-04-17T09:22:20.344+0000][108.345s][info][gc,heap        ] GC(992) Tenured: 17387K(22464K)->17390K(22464K)
[2025-04-17T09:22:20.344+0000][108.345s][info][gc,metaspace   ] GC(992) Metaspace: 37349K(37696K)->37349K(37696K) NonClass: 32923K(33088K)->32923K(33088K) Class: 4425K(4608K)->4425K(4608K)
[2025-04-17T09:22:20.344+0000][108.345s][info][gc             ] GC(992) Pause Young (Allocation Failure) 26M->17M(31M) 1.544ms
[2025-04-17T09:22:20.344+0000][108.345s][info][gc,cpu         ] GC(992) User=0.00s Sys=0.00s Real=0.01s
[2025-04-17T09:22:20.568+0000][108.568s][info][gc,start       ] GC(993) Pause Young (Allocation Failure)
[2025-04-17T09:22:20.569+0000][108.570s][info][gc,heap        ] GC(993) DefNew: 9239K(10176K)->173K(10176K) Eden: 9087K(9088K)->0K(9088K) From: 151K(1088K)->173K(1088K)
[2025-04-17T09:22:20.569+0000][108.570s][info][gc,heap        ] GC(993) Tenured: 17390K(22464K)->17408K(22464K)
[2025-04-17T09:22:20.569+0000][108.570s][info][gc,metaspace   ] GC(993) Metaspace: 37349K(37696K)->37349K(37696K) NonClass: 32923K(33088K)->32923K(33088K) Class: 4425K(4608K)->4425K(4608K)
[2025-04-17T09:22:20.569+0000][108.570s][info][gc             ] GC(993) Pause Young (Allocation Failure) 26M->17M(31M) 1.581ms
[2025-04-17T09:22:20.569+0000][108.570s][info][gc,cpu         ] GC(993) User=0.00s Sys=0.00s Real=0.00s
[2025-04-17T09:22:20.707+0000][108.708s][info][gc,start       ] GC(994) Pause Young (Allocation Failure)
[2025-04-17T09:22:20.709+0000][108.709s][info][gc,heap        ] GC(994) DefNew: 9261K(10176K)->114K(10176K) Eden: 9087K(9088K)->0K(9088K) From: 173K(1088K)->114K(1088K)
[2025-04-17T09:22:20.709+0000][108.709s][info][gc,heap        ] GC(994) Tenured: 17408K(22464K)->17425K(22464K)
[2025-04-17T09:22:20.709+0000][108.709s][info][gc,metaspace   ] GC(994) Metaspace: 37349K(37696K)->37349K(37696K) NonClass: 32923K(33088K)->32923K(33088K) Class: 4425K(4608K)->4425K(4608K)
[2025-04-17T09:22:20.709+0000][108.709s][info][gc             ] GC(994) Pause Young (Allocation Failure) 26M->17M(31M) 1.442ms
[2025-04-17T09:22:20.709+0000][108.709s][info][gc,cpu         ] GC(994) User=0.00s Sys=0.00s Real=0.00s
[2025-04-17T09:22:20.899+0000][108.899s][info][gc,start       ] GC(995) Pause Young (Allocation Failure)
[2025-04-17T09:22:20.900+0000][108.901s][info][gc,heap        ] GC(995) DefNew: 9202K(10176K)->114K(10176K) Eden: 9088K(9088K)->0K(9088K) From: 114K(1088K)->114K(1088K)
[2025-04-17T09:22:20.900+0000][108.901s][info][gc,heap        ] GC(995) Tenured: 17425K(22464K)->17425K(22464K)
[2025-04-17T09:22:20.900+0000][108.901s][info][gc,metaspace   ] GC(995) Metaspace: 37360K(37696K)->37360K(37696K) NonClass: 32934K(33088K)->32934K(33088K) Class: 4425K(4608K)->4425K(4608K)
[2025-04-17T09:22:20.900+0000][108.901s][info][gc             ] GC(995) Pause Young (Allocation Failure) 26M->17M(31M) 1.397ms
[2025-04-17T09:22:20.900+0000][108.901s][info][gc,cpu         ] GC(995) User=0.00s Sys=0.00s Real=0.00s
[2025-04-17T09:22:21.013+0000][109.014s][info][gc,start       ] GC(996) Pause Young (Allocation Failure)
[2025-04-17T09:22:21.014+0000][109.015s][info][gc,heap        ] GC(996) DefNew: 9202K(10176K)->190K(10176K) Eden: 9088K(9088K)->0K(9088K) From: 114K(1088K)->190K(1088K)
[2025-04-17T09:22:21.014+0000][109.015s][info][gc,heap        ] GC(996) Tenured: 17425K(22464K)->17426K(22464K)
[2025-04-17T09:22:21.015+0000][109.015s][info][gc,metaspace   ] GC(996) Metaspace: 37360K(37696K)->37360K(37696K) NonClass: 32934K(33088K)->32934K(33088K) Class: 4425K(4608K)->4425K(4608K)
[2025-04-17T09:22:21.015+0000][109.015s][info][gc             ] GC(996) Pause Young (Allocation Failure) 26M->17M(31M) 1.616ms
[2025-04-17T09:22:21.015+0000][109.015s][info][gc,cpu         ] GC(996) User=0.00s Sys=0.00s Real=0.01s
[2025-04-17T09:22:21.047+0000][109.048s][info][gc,start       ] GC(997) Pause Young (Allocation Failure)
[2025-04-17T09:22:21.049+0000][109.050s][info][gc,heap        ] GC(997) DefNew: 9278K(10176K)->186K(10176K) Eden: 9088K(9088K)->0K(9088K) From: 190K(1088K)->186K(1088K)
[2025-04-17T09:22:21.049+0000][109.050s][info][gc,heap        ] GC(997) Tenured: 17426K(22464K)->17426K(22464K)
[2025-04-17T09:22:21.049+0000][109.050s][info][gc,metaspace   ] GC(997) Metaspace: 37360K(37696K)->37360K(37696K) NonClass: 32934K(33088K)->32934K(33088K) Class: 4425K(4608K)->4425K(4608K)
[2025-04-17T09:22:21.049+0000][109.050s][info][gc             ] GC(997) Pause Young (Allocation Failure) 26M->17M(31M) 1.634ms
[2025-04-17T09:22:21.049+0000][109.050s][info][gc,cpu         ] GC(997) User=0.00s Sys=0.00s Real=0.00s
[2025-04-17T09:22:21.151+0000][109.152s][info][gc,start       ] GC(998) Pause Young (Allocation Failure)
[2025-04-17T09:22:21.152+0000][109.153s][info][gc,heap        ] GC(998) DefNew: 9274K(10176K)->130K(10176K) Eden: 9088K(9088K)->0K(9088K) From: 186K(1088K)->130K(1088K)
[2025-04-17T09:22:21.152+0000][109.153s][info][gc,heap        ] GC(998) Tenured: 17426K(22464K)->17428K(22464K)
[2025-04-17T09:22:21.152+0000][109.153s][info][gc,metaspace   ] GC(998) Metaspace: 37360K(37696K)->37360K(37696K) NonClass: 32934K(33088K)->32934K(33088K) Class: 4425K(4608K)->4425K(4608K)
[2025-04-17T09:22:21.153+0000][109.153s][info][gc             ] GC(998) Pause Young (Allocation Failure) 26M->17M(31M) 1.537ms
[2025-04-17T09:22:21.153+0000][109.153s][info][gc,cpu         ] GC(998) User=0.00s Sys=0.00s Real=0.00s
[2025-04-17T09:22:21.197+0000][109.197s][info][gc,start       ] GC(999) Pause Young (Allocation Failure)
[2025-04-17T09:22:21.198+0000][109.199s][info][gc,heap        ] GC(999) DefNew: 9218K(10176K)->125K(10176K) Eden: 9088K(9088K)->0K(9088K) From: 130K(1088K)->125K(1088K)
[2025-04-17T09:22:21.198+0000][109.199s][info][gc,heap        ] GC(999) Tenured: 17428K(22464K)->17430K(22464K)
[2025-04-17T09:22:21.198+0000][109.199s][info][gc,metaspace   ] GC(999) Metaspace: 37360K(37696K)->37360K(37696K) NonClass: 32934K(33088K)->32934K(33088K) Class: 4425K(4608K)->4425K(4608K)
[2025-04-17T09:22:21.198+0000][109.199s][info][gc             ] GC(999) Pause Young (Allocation Failure) 26M->17M(31M) 1.411ms
[2025-04-17T09:22:21.198+0000][109.199s][info][gc,cpu         ] GC(999) User=0.00s Sys=0.00s Real=0.00s
[2025-04-17T09:22:21.239+0000][109.239s][info][gc,start       ] GC(1000) Pause Young (Allocation Failure)
[2025-04-17T09:22:21.240+0000][109.241s][info][gc,heap        ] GC(1000) DefNew: 9203K(10176K)->139K(10176K) Eden: 9078K(9088K)->0K(9088K) From: 125K(1088K)->139K(1088K)
[2025-04-17T09:22:21.240+0000][109.241s][info][gc,heap        ] GC(1000) Tenured: 17430K(22464K)->17435K(22464K)
[2025-04-17T09:22:21.240+0000][109.241s][info][gc,metaspace   ] GC(1000) Metaspace: 37360K(37696K)->37360K(37696K) NonClass: 32934K(33088K)->32934K(33088K) Class: 4425K(4608K)->4425K(4608K)
[2025-04-17T09:22:21.240+0000][109.241s][info][gc             ] GC(1000) Pause Young (Allocation Failure) 26M->17M(31M) 1.403ms
[2025-04-17T09:22:21.240+0000][109.241s][info][gc,cpu         ] GC(1000) User=0.00s Sys=0.00s Real=0.00s
[2025-04-17T09:22:21.343+0000][109.344s][info][gc,start       ] GC(1001) Pause Young (Allocation Failure)
[2025-04-17T09:22:21.345+0000][109.346s][info][gc,heap        ] GC(1001) DefNew: 9227K(10176K)->161K(10176K) Eden: 9088K(9088K)->0K(9088K) From: 139K(1088K)->161K(1088K)
[2025-04-17T09:22:21.345+0000][109.346s][info][gc,heap        ] GC(1001) Tenured: 17435K(22464K)->17439K(22464K)
[2025-04-17T09:22:21.345+0000][109.346s][info][gc,metaspace   ] GC(1001) Metaspace: 37360K(37696K)->37360K(37696K) NonClass: 32934K(33088K)->32934K(33088K) Class: 4425K(4608K)->4425K(4608K)
[2025-04-17T09:22:21.345+0000][109.346s][info][gc             ] GC(1001) Pause Young (Allocation Failure) 26M->17M(31M) 1.610ms
[2025-04-17T09:22:21.345+0000][109.346s][info][gc,cpu         ] GC(1001) User=0.00s Sys=0.00s Real=0.01s
[2025-04-17T09:22:21.398+0000][109.398s][info][gc,start       ] GC(1002) Pause Young (Allocation Failure)
[2025-04-17T09:22:21.399+0000][109.400s][info][gc,heap        ] GC(1002) DefNew: 9249K(10176K)->144K(10176K) Eden: 9088K(9088K)->0K(9088K) From: 161K(1088K)->144K(1088K)
[2025-04-17T09:22:21.399+0000][109.400s][info][gc,heap        ] GC(1002) Tenured: 17439K(22464K)->17441K(22464K)
[2025-04-17T09:22:21.399+0000][109.400s][info][gc,metaspace   ] GC(1002) Metaspace: 37360K(37696K)->37360K(37696K) NonClass: 32934K(33088K)->32934K(33088K) Class: 4425K(4608K)->4425K(4608K)
[2025-04-17T09:22:21.399+0000][109.400s][info][gc             ] GC(1002) Pause Young (Allocation Failure) 26M->17M(31M) 1.556ms
[2025-04-17T09:22:21.399+0000][109.400s][info][gc,cpu         ] GC(1002) User=0.00s Sys=0.00s Real=0.00s
[2025-04-17T09:22:21.449+0000][109.450s][info][gc,start       ] GC(1003) Pause Young (Allocation Failure)
[2025-04-17T09:22:21.450+0000][109.451s][info][gc,heap        ] GC(1003) DefNew: 9232K(10176K)->134K(10176K) Eden: 9088K(9088K)->0K(9088K) From: 144K(1088K)->134K(1088K)
[2025-04-17T09:22:21.450+0000][109.451s][info][gc,heap        ] GC(1003) Tenured: 17441K(22464K)->17441K(22464K)
[2025-04-17T09:22:21.450+0000][109.451s][info][gc,metaspace   ] GC(1003) Metaspace: 37360K(37696K)->37360K(37696K) NonClass: 32934K(33088K)->32934K(33088K) Class: 4425K(4608K)->4425K(4608K)
[2025-04-17T09:22:21.451+0000][109.451s][info][gc             ] GC(1003) Pause Young (Allocation Failure) 26M->17M(31M) 1.392ms
[2025-04-17T09:22:21.451+0000][109.451s][info][gc,cpu         ] GC(1003) User=0.00s Sys=0.00s Real=0.00s
[2025-04-17T09:22:21.512+0000][109.512s][info][gc,start       ] GC(1004) Pause Young (Allocation Failure)
[2025-04-17T09:22:21.513+0000][109.514s][info][gc,heap        ] GC(1004) DefNew: 9222K(10176K)->125K(10176K) Eden: 9087K(9088K)->0K(9088K) From: 134K(1088K)->125K(1088K)
[2025-04-17T09:22:21.513+0000][109.514s][info][gc,heap        ] GC(1004) Tenured: 17441K(22464K)->17441K(22464K)
[2025-04-17T09:22:21.513+0000][109.514s][info][gc,metaspace   ] GC(1004) Metaspace: 37360K(37696K)->37360K(37696K) NonClass: 32934K(33088K)->32934K(33088K) Class: 4425K(4608K)->4425K(4608K)
[2025-04-17T09:22:21.513+0000][109.514s][info][gc             ] GC(1004) Pause Young (Allocation Failure) 26M->17M(31M) 1.478ms
[2025-04-17T09:22:21.513+0000][109.514s][info][gc,cpu         ] GC(1004) User=0.00s Sys=0.00s Real=0.00s
[2025-04-17T09:22:21.576+0000][109.577s][info][gc,start       ] GC(1005) Pause Young (Allocation Failure)
[2025-04-17T09:22:21.578+0000][109.578s][info][gc,heap        ] GC(1005) DefNew: 9210K(10176K)->101K(10176K) Eden: 9084K(9088K)->0K(9088K) From: 125K(1088K)->101K(1088K)
[2025-04-17T09:22:21.578+0000][109.578s][info][gc,heap        ] GC(1005) Tenured: 17441K(22464K)->17460K(22464K)
[2025-04-17T09:22:21.578+0000][109.578s][info][gc,metaspace   ] GC(1005) Metaspace: 37360K(37696K)->37360K(37696K) NonClass: 32934K(33088K)->32934K(33088K) Class: 4425K(4608K)->4425K(4608K)
[2025-04-17T09:22:21.578+0000][109.578s][info][gc             ] GC(1005) Pause Young (Allocation Failure) 26M->17M(31M) 1.403ms
[2025-04-17T09:22:21.578+0000][109.578s][info][gc,cpu         ] GC(1005) User=0.01s Sys=0.00s Real=0.00s
[2025-04-17T09:22:21.667+0000][109.668s][info][gc,start       ] GC(1006) Pause Young (Allocation Failure)
[2025-04-17T09:22:21.669+0000][109.669s][info][gc,heap        ] GC(1006) DefNew: 9188K(10176K)->113K(10176K) Eden: 9087K(9088K)->0K(9088K) From: 101K(1088K)->113K(1088K)
[2025-04-17T09:22:21.669+0000][109.669s][info][gc,heap        ] GC(1006) Tenured: 17460K(22464K)->17460K(22464K)
[2025-04-17T09:22:21.669+0000][109.669s][info][gc,metaspace   ] GC(1006) Metaspace: 37360K(37696K)->37360K(37696K) NonClass: 32934K(33088K)->32934K(33088K) Class: 4425K(4608K)->4425K(4608K)
[2025-04-17T09:22:21.669+0000][109.669s][info][gc             ] GC(1006) Pause Young (Allocation Failure) 26M->17M(31M) 1.346ms
[2025-04-17T09:22:21.669+0000][109.669s][info][gc,cpu         ] GC(1006) User=0.00s Sys=0.00s Real=0.00s
[2025-04-17T09:22:21.840+0000][109.840s][info][gc,start       ] GC(1007) Pause Young (Allocation Failure)
[2025-04-17T09:22:21.841+0000][109.842s][info][gc,heap        ] GC(1007) DefNew: 9201K(10176K)->162K(10176K) Eden: 9087K(9088K)->0K(9088K) From: 113K(1088K)->162K(1088K)
[2025-04-17T09:22:21.841+0000][109.842s][info][gc,heap        ] GC(1007) Tenured: 17460K(22464K)->17460K(22464K)
[2025-04-17T09:22:21.841+0000][109.842s][info][gc,metaspace   ] GC(1007) Metaspace: 37360K(37696K)->37360K(37696K) NonClass: 32934K(33088K)->32934K(33088K) Class: 4425K(4608K)->4425K(4608K)
[2025-04-17T09:22:21.841+0000][109.842s][info][gc             ] GC(1007) Pause Young (Allocation Failure) 26M->17M(31M) 1.591ms
[2025-04-17T09:22:21.841+0000][109.842s][info][gc,cpu         ] GC(1007) User=0.00s Sys=0.00s Real=0.00s
[2025-04-17T09:22:21.943+0000][109.944s][info][gc,start       ] GC(1008) Pause Young (Allocation Failure)
[2025-04-17T09:22:21.945+0000][109.945s][info][gc,heap        ] GC(1008) DefNew: 9250K(10176K)->125K(10176K) Eden: 9088K(9088K)->0K(9088K) From: 162K(1088K)->125K(1088K)
[2025-04-17T09:22:21.945+0000][109.945s][info][gc,heap        ] GC(1008) Tenured: 17460K(22464K)->17460K(22464K)
[2025-04-17T09:22:21.945+0000][109.945s][info][gc,metaspace   ] GC(1008) Metaspace: 37360K(37696K)->37360K(37696K) NonClass: 32934K(33088K)->32934K(33088K) Class: 4425K(4608K)->4425K(4608K)
[2025-04-17T09:22:21.945+0000][109.945s][info][gc             ] GC(1008) Pause Young (Allocation Failure) 26M->17M(31M) 1.493ms
[2025-04-17T09:22:21.945+0000][109.945s][info][gc,cpu         ] GC(1008) User=0.00s Sys=0.00s Real=0.01s
[2025-04-17T09:22:22.039+0000][110.039s][info][gc,start       ] GC(1009) Pause Young (Allocation Failure)
[2025-04-17T09:22:22.040+0000][110.041s][info][gc,heap        ] GC(1009) DefNew: 9213K(10176K)->117K(10176K) Eden: 9088K(9088K)->0K(9088K) From: 125K(1088K)->117K(1088K)
[2025-04-17T09:22:22.040+0000][110.041s][info][gc,heap        ] GC(1009) Tenured: 17460K(22464K)->17461K(22464K)
[2025-04-17T09:22:22.040+0000][110.041s][info][gc,metaspace   ] GC(1009) Metaspace: 37360K(37696K)->37360K(37696K) NonClass: 32934K(33088K)->32934K(33088K) Class: 4425K(4608K)->4425K(4608K)
[2025-04-17T09:22:22.040+0000][110.041s][info][gc             ] GC(1009) Pause Young (Allocation Failure) 26M->17M(31M) 1.446ms
[2025-04-17T09:22:22.040+0000][110.041s][info][gc,cpu         ] GC(1009) User=0.00s Sys=0.00s Real=0.00s
[2025-04-17T09:22:22.100+0000][110.101s][info][gc,start       ] GC(1010) Pause Young (Allocation Failure)
[2025-04-17T09:22:22.102+0000][110.102s][info][gc,heap        ] GC(1010) DefNew: 9205K(10176K)->93K(10176K) Eden: 9088K(9088K)->0K(9088K) From: 117K(1088K)->93K(1088K)
[2025-04-17T09:22:22.102+0000][110.102s][info][gc,heap        ] GC(1010) Tenured: 17461K(22464K)->17466K(22464K)
[2025-04-17T09:22:22.102+0000][110.102s][info][gc,metaspace   ] GC(1010) Metaspace: 37360K(37696K)->37360K(37696K) NonClass: 32934K(33088K)->32934K(33088K) Class: 4425K(4608K)->4425K(4608K)
[2025-04-17T09:22:22.102+0000][110.102s][info][gc             ] GC(1010) Pause Young (Allocation Failure) 26M->17M(31M) 1.449ms
[2025-04-17T09:22:22.102+0000][110.102s][info][gc,cpu         ] GC(1010) User=0.00s Sys=0.00s Real=0.00s
[2025-04-17T09:22:22.183+0000][110.183s][info][gc,start       ] GC(1011) Pause Young (Allocation Failure)
[2025-04-17T09:22:22.184+0000][110.185s][info][gc,heap        ] GC(1011) DefNew: 9181K(10176K)->92K(10176K) Eden: 9088K(9088K)->0K(9088K) From: 93K(1088K)->92K(1088K)
[2025-04-17T09:22:22.184+0000][110.185s][info][gc,heap        ] GC(1011) Tenured: 17466K(22464K)->17484K(22464K)
[2025-04-17T09:22:22.184+0000][110.185s][info][gc,metaspace   ] GC(1011) Metaspace: 37360K(37696K)->37360K(37696K) NonClass: 32934K(33088K)->32934K(33088K) Class: 4425K(4608K)->4425K(4608K)
[2025-04-17T09:22:22.184+0000][110.185s][info][gc             ] GC(1011) Pause Young (Allocation Failure) 26M->17M(31M) 1.462ms
[2025-04-17T09:22:22.184+0000][110.185s][info][gc,cpu         ] GC(1011) User=0.00s Sys=0.00s Real=0.01s
[2025-04-17T09:22:22.352+0000][110.353s][info][gc,start       ] GC(1012) Pause Young (Allocation Failure)
[2025-04-17T09:22:22.354+0000][110.354s][info][gc,heap        ] GC(1012) DefNew: 9180K(10176K)->121K(10176K) Eden: 9087K(9088K)->0K(9088K) From: 92K(1088K)->121K(1088K)
[2025-04-17T09:22:22.354+0000][110.355s][info][gc,heap        ] GC(1012) Tenured: 17484K(22464K)->17484K(22464K)
[2025-04-17T09:22:22.354+0000][110.355s][info][gc,metaspace   ] GC(1012) Metaspace: 37360K(37696K)->37360K(37696K) NonClass: 32934K(33088K)->32934K(33088K) Class: 4425K(4608K)->4425K(4608K)
[2025-04-17T09:22:22.354+0000][110.355s][info][gc             ] GC(1012) Pause Young (Allocation Failure) 26M->17M(31M) 1.451ms
[2025-04-17T09:22:22.354+0000][110.355s][info][gc,cpu         ] GC(1012) User=0.00s Sys=0.00s Real=0.00s
[2025-04-17T09:22:22.635+0000][110.635s][info][gc,start       ] GC(1013) Pause Young (Allocation Failure)
[2025-04-17T09:22:22.636+0000][110.637s][info][gc,heap        ] GC(1013) DefNew: 9209K(10176K)->98K(10176K) Eden: 9088K(9088K)->0K(9088K) From: 121K(1088K)->98K(1088K)
[2025-04-17T09:22:22.636+0000][110.637s][info][gc,heap        ] GC(1013) Tenured: 17484K(22464K)->17484K(22464K)
[2025-04-17T09:22:22.636+0000][110.637s][info][gc,metaspace   ] GC(1013) Metaspace: 37360K(37696K)->37360K(37696K) NonClass: 32934K(33088K)->32934K(33088K) Class: 4425K(4608K)->4425K(4608K)
[2025-04-17T09:22:22.636+0000][110.637s][info][gc             ] GC(1013) Pause Young (Allocation Failure) 26M->17M(31M) 1.461ms
[2025-04-17T09:22:22.636+0000][110.637s][info][gc,cpu         ] GC(1013) User=0.00s Sys=0.00s Real=0.00s
[2025-04-17T09:22:22.820+0000][110.820s][info][gc,start       ] GC(1014) Pause Young (Allocation Failure)
[2025-04-17T09:22:22.821+0000][110.822s][info][gc,heap        ] GC(1014) DefNew: 9186K(10176K)->109K(10176K) Eden: 9087K(9088K)->0K(9088K) From: 98K(1088K)->109K(1088K)
[2025-04-17T09:22:22.821+0000][110.822s][info][gc,heap        ] GC(1014) Tenured: 17484K(22464K)->17484K(22464K)
[2025-04-17T09:22:22.821+0000][110.822s][info][gc,metaspace   ] GC(1014) Metaspace: 37360K(37696K)->37360K(37696K) NonClass: 32934K(33088K)->32934K(33088K) Class: 4425K(4608K)->4425K(4608K)
[2025-04-17T09:22:22.821+0000][110.822s][info][gc             ] GC(1014) Pause Young (Allocation Failure) 26M->17M(31M) 1.510ms
[2025-04-17T09:22:22.821+0000][110.822s][info][gc,cpu         ] GC(1014) User=0.01s Sys=0.00s Real=0.00s
[2025-04-17T09:22:23.033+0000][111.033s][info][gc,start       ] GC(1015) Pause Young (Allocation Failure)
[2025-04-17T09:22:23.034+0000][111.035s][info][gc,heap        ] GC(1015) DefNew: 9197K(10176K)->100K(10176K) Eden: 9088K(9088K)->0K(9088K) From: 109K(1088K)->100K(1088K)
[2025-04-17T09:22:23.034+0000][111.035s][info][gc,heap        ] GC(1015) Tenured: 17484K(22464K)->17484K(22464K)
[2025-04-17T09:22:23.034+0000][111.035s][info][gc,metaspace   ] GC(1015) Metaspace: 37360K(37696K)->37360K(37696K) NonClass: 32934K(33088K)->32934K(33088K) Class: 4425K(4608K)->4425K(4608K)
[2025-04-17T09:22:23.034+0000][111.035s][info][gc             ] GC(1015) Pause Young (Allocation Failure) 26M->17M(31M) 1.477ms
[2025-04-17T09:22:23.034+0000][111.035s][info][gc,cpu         ] GC(1015) User=0.01s Sys=0.00s Real=0.01s
[2025-04-17T09:22:23.095+0000][111.095s][info][gc,start       ] GC(1016) Pause Young (Allocation Failure)
[2025-04-17T09:22:23.096+0000][111.097s][info][gc,heap        ] GC(1016) DefNew: 9188K(10176K)->96K(10176K) Eden: 9088K(9088K)->0K(9088K) From: 100K(1088K)->96K(1088K)
[2025-04-17T09:22:23.096+0000][111.097s][info][gc,heap        ] GC(1016) Tenured: 17484K(22464K)->17484K(22464K)
[2025-04-17T09:22:23.096+0000][111.097s][info][gc,metaspace   ] GC(1016) Metaspace: 37360K(37696K)->37360K(37696K) NonClass: 32934K(33088K)->32934K(33088K) Class: 4425K(4608K)->4425K(4608K)
[2025-04-17T09:22:23.096+0000][111.097s][info][gc             ] GC(1016) Pause Young (Allocation Failure) 26M->17M(31M) 1.428ms
[2025-04-17T09:22:23.096+0000][111.097s][info][gc,cpu         ] GC(1016) User=0.00s Sys=0.00s Real=0.00s
[2025-04-17T09:22:23.294+0000][111.295s][info][gc,start       ] GC(1017) Pause Young (Allocation Failure)
[2025-04-17T09:22:23.296+0000][111.296s][info][gc,heap        ] GC(1017) DefNew: 9183K(10176K)->94K(10176K) Eden: 9087K(9088K)->0K(9088K) From: 96K(1088K)->94K(1088K)
[2025-04-17T09:22:23.296+0000][111.296s][info][gc,heap        ] GC(1017) Tenured: 17484K(22464K)->17484K(22464K)
[2025-04-17T09:22:23.296+0000][111.296s][info][gc,metaspace   ] GC(1017) Metaspace: 37360K(37696K)->37360K(37696K) NonClass: 32934K(33088K)->32934K(33088K) Class: 4425K(4608K)->4425K(4608K)
[2025-04-17T09:22:23.296+0000][111.296s][info][gc             ] GC(1017) Pause Young (Allocation Failure) 26M->17M(31M) 1.585ms
[2025-04-17T09:22:23.296+0000][111.296s][info][gc,cpu         ] GC(1017) User=0.01s Sys=0.00s Real=0.00s
[2025-04-17T09:22:23.449+0000][111.449s][info][gc,start       ] GC(1018) Pause Young (Allocation Failure)
[2025-04-17T09:22:23.450+0000][111.451s][info][gc,heap        ] GC(1018) DefNew: 9182K(10176K)->112K(10176K) Eden: 9088K(9088K)->0K(9088K) From: 94K(1088K)->112K(1088K)
[2025-04-17T09:22:23.450+0000][111.451s][info][gc,heap        ] GC(1018) Tenured: 17484K(22464K)->17486K(22464K)
[2025-04-17T09:22:23.450+0000][111.451s][info][gc,metaspace   ] GC(1018) Metaspace: 37360K(37696K)->37360K(37696K) NonClass: 32934K(33088K)->32934K(33088K) Class: 4425K(4608K)->4425K(4608K)
[2025-04-17T09:22:23.450+0000][111.451s][info][gc             ] GC(1018) Pause Young (Allocation Failure) 26M->17M(31M) 1.563ms
[2025-04-17T09:22:23.450+0000][111.451s][info][gc,cpu         ] GC(1018) User=0.01s Sys=0.00s Real=0.00s
[2025-04-17T09:22:23.516+0000][111.517s][info][gc,start       ] GC(1019) Pause Young (Allocation Failure)
[2025-04-17T09:22:23.518+0000][111.518s][info][gc,heap        ] GC(1019) DefNew: 9200K(10176K)->130K(10176K) Eden: 9087K(9088K)->0K(9088K) From: 112K(1088K)->130K(1088K)
[2025-04-17T09:22:23.518+0000][111.519s][info][gc,heap        ] GC(1019) Tenured: 17486K(22464K)->17486K(22464K)
[2025-04-17T09:22:23.518+0000][111.519s][info][gc,metaspace   ] GC(1019) Metaspace: 37360K(37696K)->37360K(37696K) NonClass: 32934K(33088K)->32934K(33088K) Class: 4425K(4608K)->4425K(4608K)
[2025-04-17T09:22:23.518+0000][111.519s][info][gc             ] GC(1019) Pause Young (Allocation Failure) 26M->17M(31M) 1.546ms
[2025-04-17T09:22:23.518+0000][111.519s][info][gc,cpu         ] GC(1019) User=0.00s Sys=0.00s Real=0.00s
[2025-04-17T09:22:23.539+0000][111.540s][info][gc,start       ] GC(1020) Pause Young (Allocation Failure)
[2025-04-17T09:22:23.541+0000][111.541s][info][gc,heap        ] GC(1020) DefNew: 9218K(10176K)->122K(10176K) Eden: 9087K(9088K)->0K(9088K) From: 130K(1088K)->122K(1088K)
[2025-04-17T09:22:23.541+0000][111.542s][info][gc,heap        ] GC(1020) Tenured: 17486K(22464K)->17487K(22464K)
[2025-04-17T09:22:23.541+0000][111.542s][info][gc,metaspace   ] GC(1020) Metaspace: 37360K(37696K)->37360K(37696K) NonClass: 32934K(33088K)->32934K(33088K) Class: 4425K(4608K)->4425K(4608K)
[2025-04-17T09:22:23.541+0000][111.542s][info][gc             ] GC(1020) Pause Young (Allocation Failure) 26M->17M(31M) 1.418ms
[2025-04-17T09:22:23.541+0000][111.542s][info][gc,cpu         ] GC(1020) User=0.01s Sys=0.00s Real=0.00s
[2025-04-17T09:22:23.604+0000][111.605s][info][gc,start       ] GC(1021) Pause Young (Allocation Failure)
[2025-04-17T09:22:23.606+0000][111.606s][info][gc,heap        ] GC(1021) DefNew: 9202K(10176K)->145K(10176K) Eden: 9080K(9088K)->0K(9088K) From: 122K(1088K)->145K(1088K)
[2025-04-17T09:22:23.606+0000][111.606s][info][gc,heap        ] GC(1021) Tenured: 17487K(22464K)->17487K(22464K)
[2025-04-17T09:22:23.606+0000][111.606s][info][gc,metaspace   ] GC(1021) Metaspace: 37360K(37696K)->37360K(37696K) NonClass: 32934K(33088K)->32934K(33088K) Class: 4425K(4608K)->4425K(4608K)
[2025-04-17T09:22:23.606+0000][111.606s][info][gc             ] GC(1021) Pause Young (Allocation Failure) 26M->17M(31M) 1.425ms
[2025-04-17T09:22:23.606+0000][111.606s][info][gc,cpu         ] GC(1021) User=0.00s Sys=0.00s Real=0.00s
[2025-04-17T09:22:23.651+0000][111.652s][info][gc,start       ] GC(1022) Pause Young (Allocation Failure)
[2025-04-17T09:22:23.653+0000][111.653s][info][gc,heap        ] GC(1022) DefNew: 9233K(10176K)->119K(10176K) Eden: 9088K(9088K)->0K(9088K) From: 145K(1088K)->119K(1088K)
[2025-04-17T09:22:23.653+0000][111.653s][info][gc,heap        ] GC(1022) Tenured: 17487K(22464K)->17487K(22464K)
[2025-04-17T09:22:23.653+0000][111.653s][info][gc,metaspace   ] GC(1022) Metaspace: 37360K(37696K)->37360K(37696K) NonClass: 32934K(33088K)->32934K(33088K) Class: 4425K(4608K)->4425K(4608K)
[2025-04-17T09:22:23.653+0000][111.653s][info][gc             ] GC(1022) Pause Young (Allocation Failure) 26M->17M(31M) 1.444ms
[2025-04-17T09:22:23.653+0000][111.653s][info][gc,cpu         ] GC(1022) User=0.00s Sys=0.00s Real=0.00s
[2025-04-17T09:22:23.712+0000][111.712s][info][gc,start       ] GC(1023) Pause Young (Allocation Failure)
[2025-04-17T09:22:23.713+0000][111.714s][info][gc,heap        ] GC(1023) DefNew: 9207K(10176K)->127K(10176K) Eden: 9088K(9088K)->0K(9088K) From: 119K(1088K)->127K(1088K)
[2025-04-17T09:22:23.713+0000][111.714s][info][gc,heap        ] GC(1023) Tenured: 17487K(22464K)->17487K(22464K)
[2025-04-17T09:22:23.713+0000][111.714s][info][gc,metaspace   ] GC(1023) Metaspace: 37360K(37696K)->37360K(37696K) NonClass: 32934K(33088K)->32934K(33088K) Class: 4425K(4608K)->4425K(4608K)
[2025-04-17T09:22:23.713+0000][111.714s][info][gc             ] GC(1023) Pause Young (Allocation Failure) 26M->17M(31M) 1.453ms
[2025-04-17T09:22:23.713+0000][111.714s][info][gc,cpu         ] GC(1023) User=0.01s Sys=0.00s Real=0.00s
[2025-04-17T09:22:23.768+0000][111.769s][info][gc,start       ] GC(1024) Pause Young (Allocation Failure)
[2025-04-17T09:22:23.769+0000][111.770s][info][gc,heap        ] GC(1024) DefNew: 9215K(10176K)->113K(10176K) Eden: 9088K(9088K)->0K(9088K) From: 127K(1088K)->113K(1088K)
[2025-04-17T09:22:23.769+0000][111.770s][info][gc,heap        ] GC(1024) Tenured: 17487K(22464K)->17487K(22464K)
[2025-04-17T09:22:23.769+0000][111.770s][info][gc,metaspace   ] GC(1024) Metaspace: 37360K(37696K)->37360K(37696K) NonClass: 32934K(33088K)->32934K(33088K) Class: 4425K(4608K)->4425K(4608K)
[2025-04-17T09:22:23.769+0000][111.770s][info][gc             ] GC(1024) Pause Young (Allocation Failure) 26M->17M(31M) 1.406ms
[2025-04-17T09:22:23.769+0000][111.770s][info][gc,cpu         ] GC(1024) User=0.00s Sys=0.00s Real=0.00s
[2025-04-17T09:22:23.806+0000][111.806s][info][gc,start       ] GC(1025) Pause Young (Allocation Failure)
[2025-04-17T09:22:23.807+0000][111.808s][info][gc,heap        ] GC(1025) DefNew: 9201K(10176K)->150K(10176K) Eden: 9088K(9088K)->0K(9088K) From: 113K(1088K)->150K(1088K)
[2025-04-17T09:22:23.807+0000][111.808s][info][gc,heap        ] GC(1025) Tenured: 17487K(22464K)->17487K(22464K)
[2025-04-17T09:22:23.807+0000][111.808s][info][gc,metaspace   ] GC(1025) Metaspace: 37360K(37696K)->37360K(37696K) NonClass: 32934K(33088K)->32934K(33088K) Class: 4425K(4608K)->4425K(4608K)
[2025-04-17T09:22:23.807+0000][111.808s][info][gc             ] GC(1025) Pause Young (Allocation Failure) 26M->17M(31M) 1.575ms
[2025-04-17T09:22:23.807+0000][111.808s][info][gc,cpu         ] GC(1025) User=0.00s Sys=0.00s Real=0.00s
[2025-04-17T09:22:23.947+0000][111.948s][info][gc,start       ] GC(1026) Pause Young (Allocation Failure)
[2025-04-17T09:22:23.949+0000][111.949s][info][gc,heap        ] GC(1026) DefNew: 9238K(10176K)->105K(10176K) Eden: 9087K(9088K)->0K(9088K) From: 150K(1088K)->105K(1088K)
[2025-04-17T09:22:23.949+0000][111.949s][info][gc,heap        ] GC(1026) Tenured: 17487K(22464K)->17505K(22464K)
[2025-04-17T09:22:23.949+0000][111.949s][info][gc,metaspace   ] GC(1026) Metaspace: 37360K(37696K)->37360K(37696K) NonClass: 32934K(33088K)->32934K(33088K) Class: 4425K(4608K)->4425K(4608K)
[2025-04-17T09:22:23.949+0000][111.949s][info][gc             ] GC(1026) Pause Young (Allocation Failure) 26M->17M(31M) 1.634ms
[2025-04-17T09:22:23.949+0000][111.949s][info][gc,cpu         ] GC(1026) User=0.00s Sys=0.00s Real=0.00s
[2025-04-17T09:22:23.972+0000][111.973s][info][gc,start       ] GC(1027) Pause Young (Allocation Failure)
[2025-04-17T09:22:23.974+0000][111.974s][info][gc,heap        ] GC(1027) DefNew: 9193K(10176K)->131K(10176K) Eden: 9088K(9088K)->0K(9088K) From: 105K(1088K)->131K(1088K)
[2025-04-17T09:22:23.974+0000][111.974s][info][gc,heap        ] GC(1027) Tenured: 17505K(22464K)->17505K(22464K)
[2025-04-17T09:22:23.974+0000][111.974s][info][gc,metaspace   ] GC(1027) Metaspace: 37360K(37696K)->37360K(37696K) NonClass: 32934K(33088K)->32934K(33088K) Class: 4425K(4608K)->4425K(4608K)
[2025-04-17T09:22:23.974+0000][111.974s][info][gc             ] GC(1027) Pause Young (Allocation Failure) 26M->17M(31M) 1.426ms
[2025-04-17T09:22:23.974+0000][111.974s][info][gc,cpu         ] GC(1027) User=0.00s Sys=0.00s Real=0.00s
[2025-04-17T09:22:24.031+0000][112.031s][info][gc,start       ] GC(1028) Pause Young (Allocation Failure)
[2025-04-17T09:22:24.032+0000][112.033s][info][gc,heap        ] GC(1028) DefNew: 9219K(10176K)->95K(10176K) Eden: 9087K(9088K)->0K(9088K) From: 131K(1088K)->95K(1088K)
[2025-04-17T09:22:24.032+0000][112.033s][info][gc,heap        ] GC(1028) Tenured: 17505K(22464K)->17505K(22464K)
[2025-04-17T09:22:24.032+0000][112.033s][info][gc,metaspace   ] GC(1028) Metaspace: 37360K(37696K)->37360K(37696K) NonClass: 32934K(33088K)->32934K(33088K) Class: 4425K(4608K)->4425K(4608K)
[2025-04-17T09:22:24.032+0000][112.033s][info][gc             ] GC(1028) Pause Young (Allocation Failure) 26M->17M(31M) 1.417ms
[2025-04-17T09:22:24.032+0000][112.033s][info][gc,cpu         ] GC(1028) User=0.00s Sys=0.00s Real=0.00s
[2025-04-17T09:22:24.146+0000][112.147s][info][gc,start       ] GC(1029) Pause Young (Allocation Failure)
[2025-04-17T09:22:24.147+0000][112.148s][info][gc,heap        ] GC(1029) DefNew: 9183K(10176K)->113K(10176K) Eden: 9087K(9088K)->0K(9088K) From: 95K(1088K)->113K(1088K)
[2025-04-17T09:22:24.147+0000][112.148s][info][gc,heap        ] GC(1029) Tenured: 17505K(22464K)->17505K(22464K)
[2025-04-17T09:22:24.147+0000][112.148s][info][gc,metaspace   ] GC(1029) Metaspace: 37360K(37696K)->37360K(37696K) NonClass: 32934K(33088K)->32934K(33088K) Class: 4425K(4608K)->4425K(4608K)
[2025-04-17T09:22:24.147+0000][112.148s][info][gc             ] GC(1029) Pause Young (Allocation Failure) 26M->17M(31M) 1.436ms
[2025-04-17T09:22:24.147+0000][112.148s][info][gc,cpu         ] GC(1029) User=0.01s Sys=0.00s Real=0.00s
[2025-04-17T09:22:24.247+0000][112.248s][info][gc,start       ] GC(1030) Pause Young (Allocation Failure)
[2025-04-17T09:22:24.248+0000][112.249s][info][gc,heap        ] GC(1030) DefNew: 9201K(10176K)->99K(10176K) Eden: 9088K(9088K)->0K(9088K) From: 113K(1088K)->99K(1088K)
[2025-04-17T09:22:24.248+0000][112.249s][info][gc,heap        ] GC(1030) Tenured: 17505K(22464K)->17507K(22464K)
[2025-04-17T09:22:24.248+0000][112.249s][info][gc,metaspace   ] GC(1030) Metaspace: 37360K(37696K)->37360K(37696K) NonClass: 32934K(33088K)->32934K(33088K) Class: 4425K(4608K)->4425K(4608K)
[2025-04-17T09:22:24.248+0000][112.249s][info][gc             ] GC(1030) Pause Young (Allocation Failure) 26M->17M(31M) 1.575ms
[2025-04-17T09:22:24.248+0000][112.249s][info][gc,cpu         ] GC(1030) User=0.01s Sys=0.00s Real=0.00s
[2025-04-17T09:22:24.317+0000][112.317s][info][gc,start       ] GC(1031) Pause Young (Allocation Failure)
[2025-04-17T09:22:24.318+0000][112.319s][info][gc,heap        ] GC(1031) DefNew: 9187K(10176K)->82K(10176K) Eden: 9088K(9088K)->0K(9088K) From: 99K(1088K)->82K(1088K)
[2025-04-17T09:22:24.318+0000][112.319s][info][gc,heap        ] GC(1031) Tenured: 17507K(22464K)->17508K(22464K)
[2025-04-17T09:22:24.318+0000][112.319s][info][gc,metaspace   ] GC(1031) Metaspace: 37360K(37696K)->37360K(37696K) NonClass: 32934K(33088K)->32934K(33088K) Class: 4425K(4608K)->4425K(4608K)
[2025-04-17T09:22:24.318+0000][112.319s][info][gc             ] GC(1031) Pause Young (Allocation Failure) 26M->17M(31M) 1.440ms
[2025-04-17T09:22:24.318+0000][112.319s][info][gc,cpu         ] GC(1031) User=0.01s Sys=0.00s Real=0.00s
[2025-04-17T09:22:24.489+0000][112.490s][info][gc,start       ] GC(1032) Pause Young (Allocation Failure)
[2025-04-17T09:22:24.490+0000][112.491s][info][gc,heap        ] GC(1032) DefNew: 9170K(10176K)->92K(10176K) Eden: 9088K(9088K)->0K(9088K) From: 82K(1088K)->92K(1088K)
[2025-04-17T09:22:24.490+0000][112.491s][info][gc,heap        ] GC(1032) Tenured: 17508K(22464K)->17508K(22464K)
[2025-04-17T09:22:24.490+0000][112.491s][info][gc,metaspace   ] GC(1032) Metaspace: 37360K(37696K)->37360K(37696K) NonClass: 32934K(33088K)->32934K(33088K) Class: 4425K(4608K)->4425K(4608K)
[2025-04-17T09:22:24.490+0000][112.491s][info][gc             ] GC(1032) Pause Young (Allocation Failure) 26M->17M(31M) 1.448ms
[2025-04-17T09:22:24.490+0000][112.491s][info][gc,cpu         ] GC(1032) User=0.00s Sys=0.00s Real=0.00s
[2025-04-17T09:22:24.560+0000][112.560s][info][gc,start       ] GC(1033) Pause Young (Allocation Failure)
[2025-04-17T09:22:24.561+0000][112.562s][info][gc,heap        ] GC(1033) DefNew: 9169K(10176K)->79K(10176K) Eden: 9076K(9088K)->0K(9088K) From: 92K(1088K)->79K(1088K)
[2025-04-17T09:22:24.561+0000][112.562s][info][gc,heap        ] GC(1033) Tenured: 17508K(22464K)->17526K(22464K)
[2025-04-17T09:22:24.561+0000][112.562s][info][gc,metaspace   ] GC(1033) Metaspace: 37360K(37696K)->37360K(37696K) NonClass: 32934K(33088K)->32934K(33088K) Class: 4425K(4608K)->4425K(4608K)
[2025-04-17T09:22:24.561+0000][112.562s][info][gc             ] GC(1033) Pause Young (Allocation Failure) 26M->17M(31M) 1.439ms
[2025-04-17T09:22:24.561+0000][112.562s][info][gc,cpu         ] GC(1033) User=0.00s Sys=0.00s Real=0.00s
[2025-04-17T09:22:24.754+0000][112.755s][info][gc,start       ] GC(1034) Pause Young (Allocation Failure)
[2025-04-17T09:22:24.756+0000][112.756s][info][gc,heap        ] GC(1034) DefNew: 9167K(10176K)->105K(10176K) Eden: 9088K(9088K)->0K(9088K) From: 79K(1088K)->105K(1088K)
[2025-04-17T09:22:24.756+0000][112.757s][info][gc,heap        ] GC(1034) Tenured: 17526K(22464K)->17526K(22464K)
[2025-04-17T09:22:24.756+0000][112.757s][info][gc,metaspace   ] GC(1034) Metaspace: 37360K(37696K)->37360K(37696K) NonClass: 32934K(33088K)->32934K(33088K) Class: 4425K(4608K)->4425K(4608K)
[2025-04-17T09:22:24.756+0000][112.757s][info][gc             ] GC(1034) Pause Young (Allocation Failure) 26M->17M(31M) 1.516ms
[2025-04-17T09:22:24.756+0000][112.757s][info][gc,cpu         ] GC(1034) User=0.00s Sys=0.00s Real=0.00s
[2025-04-17T09:22:24.858+0000][112.858s][info][gc,start       ] GC(1035) Pause Young (Allocation Failure)
[2025-04-17T09:22:24.859+0000][112.860s][info][gc,heap        ] GC(1035) DefNew: 9193K(10176K)->95K(10176K) Eden: 9088K(9088K)->0K(9088K) From: 105K(1088K)->95K(1088K)
[2025-04-17T09:22:24.859+0000][112.860s][info][gc,heap        ] GC(1035) Tenured: 17526K(22464K)->17526K(22464K)
[2025-04-17T09:22:24.859+0000][112.860s][info][gc,metaspace   ] GC(1035) Metaspace: 37360K(37696K)->37360K(37696K) NonClass: 32934K(33088K)->32934K(33088K) Class: 4425K(4608K)->4425K(4608K)
[2025-04-17T09:22:24.859+0000][112.860s][info][gc             ] GC(1035) Pause Young (Allocation Failure) 26M->17M(31M) 1.601ms
[2025-04-17T09:22:24.859+0000][112.860s][info][gc,cpu         ] GC(1035) User=0.01s Sys=0.00s Real=0.00s
[2025-04-17T09:22:25.020+0000][113.021s][info][gc,start       ] GC(1036) Pause Young (Allocation Failure)
[2025-04-17T09:22:25.022+0000][113.022s][info][gc,heap        ] GC(1036) DefNew: 9183K(10176K)->119K(10176K) Eden: 9087K(9088K)->0K(9088K) From: 95K(1088K)->119K(1088K)
[2025-04-17T09:22:25.022+0000][113.022s][info][gc,heap        ] GC(1036) Tenured: 17526K(22464K)->17526K(22464K)
[2025-04-17T09:22:25.022+0000][113.022s][info][gc,metaspace   ] GC(1036) Metaspace: 37360K(37696K)->37360K(37696K) NonClass: 32934K(33088K)->32934K(33088K) Class: 4425K(4608K)->4425K(4608K)
[2025-04-17T09:22:25.022+0000][113.022s][info][gc             ] GC(1036) Pause Young (Allocation Failure) 26M->17M(31M) 1.434ms
[2025-04-17T09:22:25.022+0000][113.022s][info][gc,cpu         ] GC(1036) User=0.00s Sys=0.00s Real=0.00s
[2025-04-17T09:22:25.140+0000][113.141s][info][gc,start       ] GC(1037) Pause Young (Allocation Failure)
[2025-04-17T09:22:25.141+0000][113.142s][info][gc,heap        ] GC(1037) DefNew: 9207K(10176K)->86K(10176K) Eden: 9087K(9088K)->0K(9088K) From: 119K(1088K)->86K(1088K)
[2025-04-17T09:22:25.141+0000][113.142s][info][gc,heap        ] GC(1037) Tenured: 17526K(22464K)->17526K(22464K)
[2025-04-17T09:22:25.141+0000][113.142s][info][gc,metaspace   ] GC(1037) Metaspace: 37360K(37696K)->37360K(37696K) NonClass: 32934K(33088K)->32934K(33088K) Class: 4425K(4608K)->4425K(4608K)
[2025-04-17T09:22:25.141+0000][113.142s][info][gc             ] GC(1037) Pause Young (Allocation Failure) 26M->17M(31M) 1.492ms
[2025-04-17T09:22:25.142+0000][113.142s][info][gc,cpu         ] GC(1037) User=0.00s Sys=0.00s Real=0.00s
[2025-04-17T09:22:25.282+0000][113.283s][info][gc,start       ] GC(1038) Pause Young (Allocation Failure)
[2025-04-17T09:22:25.284+0000][113.284s][info][gc,heap        ] GC(1038) DefNew: 9174K(10176K)->113K(10176K) Eden: 9088K(9088K)->0K(9088K) From: 86K(1088K)->113K(1088K)
[2025-04-17T09:22:25.284+0000][113.284s][info][gc,heap        ] GC(1038) Tenured: 17526K(22464K)->17526K(22464K)
[2025-04-17T09:22:25.284+0000][113.284s][info][gc,metaspace   ] GC(1038) Metaspace: 37360K(37696K)->37360K(37696K) NonClass: 32934K(33088K)->32934K(33088K) Class: 4425K(4608K)->4425K(4608K)
[2025-04-17T09:22:25.284+0000][113.284s][info][gc             ] GC(1038) Pause Young (Allocation Failure) 26M->17M(31M) 1.454ms
[2025-04-17T09:22:25.284+0000][113.284s][info][gc,cpu         ] GC(1038) User=0.00s Sys=0.00s Real=0.00s
[2025-04-17T09:22:25.412+0000][113.413s][info][gc,start       ] GC(1039) Pause Young (Allocation Failure)
[2025-04-17T09:22:25.414+0000][113.414s][info][gc,heap        ] GC(1039) DefNew: 9201K(10176K)->98K(10176K) Eden: 9088K(9088K)->0K(9088K) From: 113K(1088K)->98K(1088K)
[2025-04-17T09:22:25.414+0000][113.414s][info][gc,heap        ] GC(1039) Tenured: 17526K(22464K)->17527K(22464K)
[2025-04-17T09:22:25.414+0000][113.414s][info][gc,metaspace   ] GC(1039) Metaspace: 37360K(37696K)->37360K(37696K) NonClass: 32934K(33088K)->32934K(33088K) Class: 4425K(4608K)->4425K(4608K)
[2025-04-17T09:22:25.414+0000][113.414s][info][gc             ] GC(1039) Pause Young (Allocation Failure) 26M->17M(31M) 1.479ms
[2025-04-17T09:22:25.414+0000][113.414s][info][gc,cpu         ] GC(1039) User=0.01s Sys=0.00s Real=0.00s
[2025-04-17T09:22:25.475+0000][113.476s][info][gc,start       ] GC(1040) Pause Young (Allocation Failure)
[2025-04-17T09:22:25.477+0000][113.478s][info][gc,heap        ] GC(1040) DefNew: 9186K(10176K)->112K(10176K) Eden: 9088K(9088K)->0K(9088K) From: 98K(1088K)->112K(1088K)
[2025-04-17T09:22:25.477+0000][113.478s][info][gc,heap        ] GC(1040) Tenured: 17527K(22464K)->17527K(22464K)
[2025-04-17T09:22:25.477+0000][113.478s][info][gc,metaspace   ] GC(1040) Metaspace: 37360K(37696K)->37360K(37696K) NonClass: 32934K(33088K)->32934K(33088K) Class: 4425K(4608K)->4425K(4608K)
[2025-04-17T09:22:25.477+0000][113.478s][info][gc             ] GC(1040) Pause Young (Allocation Failure) 26M->17M(31M) 1.549ms
[2025-04-17T09:22:25.477+0000][113.478s][info][gc,cpu         ] GC(1040) User=0.00s Sys=0.00s Real=0.00s
[2025-04-17T09:22:25.564+0000][113.565s][info][gc,start       ] GC(1041) Pause Young (Allocation Failure)
[2025-04-17T09:22:25.566+0000][113.566s][info][gc,heap        ] GC(1041) DefNew: 9200K(10176K)->97K(10176K) Eden: 9087K(9088K)->0K(9088K) From: 112K(1088K)->97K(1088K)
[2025-04-17T09:22:25.566+0000][113.566s][info][gc,heap        ] GC(1041) Tenured: 17527K(22464K)->17529K(22464K)
[2025-04-17T09:22:25.566+0000][113.566s][info][gc,metaspace   ] GC(1041) Metaspace: 37360K(37696K)->37360K(37696K) NonClass: 32934K(33088K)->32934K(33088K) Class: 4425K(4608K)->4425K(4608K)
[2025-04-17T09:22:25.566+0000][113.567s][info][gc             ] GC(1041) Pause Young (Allocation Failure) 26M->17M(31M) 1.571ms
[2025-04-17T09:22:25.566+0000][113.567s][info][gc,cpu         ] GC(1041) User=0.00s Sys=0.00s Real=0.00s
[2025-04-17T09:22:25.646+0000][113.647s][info][gc,start       ] GC(1042) Pause Young (Allocation Failure)
[2025-04-17T09:22:25.648+0000][113.648s][info][gc,heap        ] GC(1042) DefNew: 9180K(10176K)->84K(10176K) Eden: 9082K(9088K)->0K(9088K) From: 97K(1088K)->84K(1088K)
[2025-04-17T09:22:25.648+0000][113.648s][info][gc,heap        ] GC(1042) Tenured: 17529K(22464K)->17529K(22464K)
[2025-04-17T09:22:25.648+0000][113.648s][info][gc,metaspace   ] GC(1042) Metaspace: 37360K(37696K)->37360K(37696K) NonClass: 32934K(33088K)->32934K(33088K) Class: 4425K(4608K)->4425K(4608K)
[2025-04-17T09:22:25.648+0000][113.648s][info][gc             ] GC(1042) Pause Young (Allocation Failure) 26M->17M(31M) 1.462ms
[2025-04-17T09:22:25.648+0000][113.648s][info][gc,cpu         ] GC(1042) User=0.00s Sys=0.00s Real=0.00s
[2025-04-17T09:22:25.751+0000][113.751s][info][gc,start       ] GC(1043) Pause Young (Allocation Failure)
[2025-04-17T09:22:25.752+0000][113.753s][info][gc,heap        ] GC(1043) DefNew: 9172K(10176K)->111K(10176K) Eden: 9087K(9088K)->0K(9088K) From: 84K(1088K)->111K(1088K)
[2025-04-17T09:22:25.752+0000][113.753s][info][gc,heap        ] GC(1043) Tenured: 17529K(22464K)->17529K(22464K)
[2025-04-17T09:22:25.752+0000][113.753s][info][gc,metaspace   ] GC(1043) Metaspace: 37360K(37696K)->37360K(37696K) NonClass: 32934K(33088K)->32934K(33088K) Class: 4425K(4608K)->4425K(4608K)
[2025-04-17T09:22:25.752+0000][113.753s][info][gc             ] GC(1043) Pause Young (Allocation Failure) 26M->17M(31M) 1.496ms
[2025-04-17T09:22:25.752+0000][113.753s][info][gc,cpu         ] GC(1043) User=0.00s Sys=0.00s Real=0.00s
[2025-04-17T09:22:25.963+0000][113.964s][info][gc,start       ] GC(1044) Pause Young (Allocation Failure)
[2025-04-17T09:22:25.964+0000][113.965s][info][gc,heap        ] GC(1044) DefNew: 9199K(10176K)->95K(10176K) Eden: 9088K(9088K)->0K(9088K) From: 111K(1088K)->95K(1088K)
[2025-04-17T09:22:25.964+0000][113.965s][info][gc,heap        ] GC(1044) Tenured: 17529K(22464K)->17530K(22464K)
[2025-04-17T09:22:25.964+0000][113.965s][info][gc,metaspace   ] GC(1044) Metaspace: 37360K(37696K)->37360K(37696K) NonClass: 32934K(33088K)->32934K(33088K) Class: 4425K(4608K)->4425K(4608K)
[2025-04-17T09:22:25.964+0000][113.965s][info][gc             ] GC(1044) Pause Young (Allocation Failure) 26M->17M(31M) 1.415ms
[2025-04-17T09:22:25.964+0000][113.965s][info][gc,cpu         ] GC(1044) User=0.00s Sys=0.00s Real=0.01s
[2025-04-17T09:22:26.054+0000][114.055s][info][gc,start       ] GC(1045) Pause Young (Allocation Failure)
[2025-04-17T09:22:26.056+0000][114.056s][info][gc,heap        ] GC(1045) DefNew: 9183K(10176K)->94K(10176K) Eden: 9088K(9088K)->0K(9088K) From: 95K(1088K)->94K(1088K)
[2025-04-17T09:22:26.056+0000][114.056s][info][gc,heap        ] GC(1045) Tenured: 17530K(22464K)->17530K(22464K)
[2025-04-17T09:22:26.056+0000][114.056s][info][gc,metaspace   ] GC(1045) Metaspace: 37360K(37696K)->37360K(37696K) NonClass: 32934K(33088K)->32934K(33088K) Class: 4425K(4608K)->4425K(4608K)
[2025-04-17T09:22:26.056+0000][114.056s][info][gc             ] GC(1045) Pause Young (Allocation Failure) 26M->17M(31M) 1.352ms
[2025-04-17T09:22:26.056+0000][114.056s][info][gc,cpu         ] GC(1045) User=0.00s Sys=0.00s Real=0.00s
[2025-04-17T09:22:26.188+0000][114.189s][info][gc,start       ] GC(1046) Pause Young (Allocation Failure)
[2025-04-17T09:22:26.190+0000][114.191s][info][gc,heap        ] GC(1046) DefNew: 9182K(10176K)->128K(10176K) Eden: 9087K(9088K)->0K(9088K) From: 94K(1088K)->128K(1088K)
[2025-04-17T09:22:26.190+0000][114.191s][info][gc,heap        ] GC(1046) Tenured: 17530K(22464K)->17530K(22464K)
[2025-04-17T09:22:26.190+0000][114.191s][info][gc,metaspace   ] GC(1046) Metaspace: 37360K(37696K)->37360K(37696K) NonClass: 32934K(33088K)->32934K(33088K) Class: 4425K(4608K)->4425K(4608K)
[2025-04-17T09:22:26.190+0000][114.191s][info][gc             ] GC(1046) Pause Young (Allocation Failure) 26M->17M(31M) 1.659ms
[2025-04-17T09:22:26.190+0000][114.191s][info][gc,cpu         ] GC(1046) User=0.01s Sys=0.00s Real=0.00s
[2025-04-17T09:22:26.303+0000][114.303s][info][gc,start       ] GC(1047) Pause Young (Allocation Failure)
[2025-04-17T09:22:26.304+0000][114.305s][info][gc,heap        ] GC(1047) DefNew: 9216K(10176K)->112K(10176K) Eden: 9088K(9088K)->0K(9088K) From: 128K(1088K)->112K(1088K)
[2025-04-17T09:22:26.304+0000][114.305s][info][gc,heap        ] GC(1047) Tenured: 17530K(22464K)->17530K(22464K)
[2025-04-17T09:22:26.304+0000][114.305s][info][gc,metaspace   ] GC(1047) Metaspace: 37360K(37696K)->37360K(37696K) NonClass: 32934K(33088K)->32934K(33088K) Class: 4425K(4608K)->4425K(4608K)
[2025-04-17T09:22:26.304+0000][114.305s][info][gc             ] GC(1047) Pause Young (Allocation Failure) 26M->17M(31M) 1.598ms
[2025-04-17T09:22:26.304+0000][114.305s][info][gc,cpu         ] GC(1047) User=0.00s Sys=0.00s Real=0.01s
[2025-04-17T09:22:26.426+0000][114.427s][info][gc,start       ] GC(1048) Pause Young (Allocation Failure)
[2025-04-17T09:22:26.428+0000][114.428s][info][gc,heap        ] GC(1048) DefNew: 9200K(10176K)->143K(10176K) Eden: 9088K(9088K)->0K(9088K) From: 112K(1088K)->143K(1088K)
[2025-04-17T09:22:26.428+0000][114.428s][info][gc,heap        ] GC(1048) Tenured: 17530K(22464K)->17530K(22464K)
[2025-04-17T09:22:26.428+0000][114.428s][info][gc,metaspace   ] GC(1048) Metaspace: 37360K(37696K)->37360K(37696K) NonClass: 32934K(33088K)->32934K(33088K) Class: 4425K(4608K)->4425K(4608K)
[2025-04-17T09:22:26.428+0000][114.429s][info][gc             ] GC(1048) Pause Young (Allocation Failure) 26M->17M(31M) 1.504ms
[2025-04-17T09:22:26.428+0000][114.429s][info][gc,cpu         ] GC(1048) User=0.01s Sys=0.00s Real=0.00s
[2025-04-17T09:22:26.712+0000][114.713s][info][gc,start       ] GC(1049) Pause Young (Allocation Failure)
[2025-04-17T09:22:26.714+0000][114.714s][info][gc,heap        ] GC(1049) DefNew: 9231K(10176K)->117K(10176K) Eden: 9088K(9088K)->0K(9088K) From: 143K(1088K)->117K(1088K)
[2025-04-17T09:22:26.714+0000][114.714s][info][gc,heap        ] GC(1049) Tenured: 17530K(22464K)->17549K(22464K)
[2025-04-17T09:22:26.714+0000][114.714s][info][gc,metaspace   ] GC(1049) Metaspace: 37360K(37696K)->37360K(37696K) NonClass: 32934K(33088K)->32934K(33088K) Class: 4425K(4608K)->4425K(4608K)
[2025-04-17T09:22:26.714+0000][114.714s][info][gc             ] GC(1049) Pause Young (Allocation Failure) 26M->17M(31M) 1.413ms
[2025-04-17T09:22:26.714+0000][114.714s][info][gc,cpu         ] GC(1049) User=0.00s Sys=0.00s Real=0.00s
[2025-04-17T09:22:26.908+0000][114.909s][info][gc,start       ] GC(1050) Pause Young (Allocation Failure)
[2025-04-17T09:22:26.910+0000][114.910s][info][gc,heap        ] GC(1050) DefNew: 9200K(10176K)->114K(10176K) Eden: 9083K(9088K)->0K(9088K) From: 117K(1088K)->114K(1088K)
[2025-04-17T09:22:26.910+0000][114.910s][info][gc,heap        ] GC(1050) Tenured: 17549K(22464K)->17549K(22464K)
[2025-04-17T09:22:26.910+0000][114.910s][info][gc,metaspace   ] GC(1050) Metaspace: 37360K(37696K)->37360K(37696K) NonClass: 32934K(33088K)->32934K(33088K) Class: 4425K(4608K)->4425K(4608K)
[2025-04-17T09:22:26.910+0000][114.910s][info][gc             ] GC(1050) Pause Young (Allocation Failure) 26M->17M(31M) 1.453ms
[2025-04-17T09:22:26.910+0000][114.910s][info][gc,cpu         ] GC(1050) User=0.01s Sys=0.00s Real=0.00s
[2025-04-17T09:22:27.138+0000][115.139s][info][gc,start       ] GC(1051) Pause Young (Allocation Failure)
[2025-04-17T09:22:27.140+0000][115.140s][info][gc,heap        ] GC(1051) DefNew: 9202K(10176K)->121K(10176K) Eden: 9088K(9088K)->0K(9088K) From: 114K(1088K)->121K(1088K)
[2025-04-17T09:22:27.140+0000][115.140s][info][gc,heap        ] GC(1051) Tenured: 17549K(22464K)->17549K(22464K)
[2025-04-17T09:22:27.140+0000][115.140s][info][gc,metaspace   ] GC(1051) Metaspace: 37360K(37696K)->37360K(37696K) NonClass: 32934K(33088K)->32934K(33088K) Class: 4425K(4608K)->4425K(4608K)
[2025-04-17T09:22:27.140+0000][115.140s][info][gc             ] GC(1051) Pause Young (Allocation Failure) 26M->17M(31M) 1.491ms
[2025-04-17T09:22:27.140+0000][115.140s][info][gc,cpu         ] GC(1051) User=0.00s Sys=0.00s Real=0.00s
[2025-04-17T09:22:27.264+0000][115.265s][info][gc,start       ] GC(1052) Pause Young (Allocation Failure)
[2025-04-17T09:22:27.265+0000][115.266s][info][gc,heap        ] GC(1052) DefNew: 9201K(10176K)->118K(10176K) Eden: 9079K(9088K)->0K(9088K) From: 121K(1088K)->118K(1088K)
[2025-04-17T09:22:27.265+0000][115.266s][info][gc,heap        ] GC(1052) Tenured: 17549K(22464K)->17553K(22464K)
[2025-04-17T09:22:27.265+0000][115.266s][info][gc,metaspace   ] GC(1052) Metaspace: 37360K(37696K)->37360K(37696K) NonClass: 32934K(33088K)->32934K(33088K) Class: 4425K(4608K)->4425K(4608K)
[2025-04-17T09:22:27.265+0000][115.266s][info][gc             ] GC(1052) Pause Young (Allocation Failure) 26M->17M(31M) 1.423ms
[2025-04-17T09:22:27.265+0000][115.266s][info][gc,cpu         ] GC(1052) User=0.00s Sys=0.00s Real=0.00s
[2025-04-17T09:22:27.349+0000][115.349s][info][gc,start       ] GC(1053) Pause Young (Allocation Failure)
[2025-04-17T09:22:27.350+0000][115.351s][info][gc,heap        ] GC(1053) DefNew: 9206K(10176K)->96K(10176K) Eden: 9087K(9088K)->0K(9088K) From: 118K(1088K)->96K(1088K)
[2025-04-17T09:22:27.350+0000][115.351s][info][gc,heap        ] GC(1053) Tenured: 17553K(22464K)->17553K(22464K)
[2025-04-17T09:22:27.350+0000][115.351s][info][gc,metaspace   ] GC(1053) Metaspace: 37360K(37696K)->37360K(37696K) NonClass: 32934K(33088K)->32934K(33088K) Class: 4425K(4608K)->4425K(4608K)
[2025-04-17T09:22:27.350+0000][115.351s][info][gc             ] GC(1053) Pause Young (Allocation Failure) 26M->17M(31M) 1.572ms
[2025-04-17T09:22:27.350+0000][115.351s][info][gc,cpu         ] GC(1053) User=0.00s Sys=0.00s Real=0.00s
[2025-04-17T09:22:27.491+0000][115.492s][info][gc,start       ] GC(1054) Pause Young (Allocation Failure)
[2025-04-17T09:22:27.492+0000][115.493s][info][gc,heap        ] GC(1054) DefNew: 9184K(10176K)->126K(10176K) Eden: 9088K(9088K)->0K(9088K) From: 96K(1088K)->126K(1088K)
[2025-04-17T09:22:27.492+0000][115.493s][info][gc,heap        ] GC(1054) Tenured: 17553K(22464K)->17553K(22464K)
[2025-04-17T09:22:27.492+0000][115.493s][info][gc,metaspace   ] GC(1054) Metaspace: 37360K(37696K)->37360K(37696K) NonClass: 32934K(33088K)->32934K(33088K) Class: 4425K(4608K)->4425K(4608K)
[2025-04-17T09:22:27.493+0000][115.493s][info][gc             ] GC(1054) Pause Young (Allocation Failure) 26M->17M(31M) 1.575ms
[2025-04-17T09:22:27.493+0000][115.493s][info][gc,cpu         ] GC(1054) User=0.00s Sys=0.00s Real=0.00s
[2025-04-17T09:22:27.567+0000][115.568s][info][gc,start       ] GC(1055) Pause Young (Allocation Failure)
[2025-04-17T09:22:27.569+0000][115.569s][info][gc,heap        ] GC(1055) DefNew: 9214K(10176K)->117K(10176K) Eden: 9088K(9088K)->0K(9088K) From: 126K(1088K)->117K(1088K)
[2025-04-17T09:22:27.569+0000][115.569s][info][gc,heap        ] GC(1055) Tenured: 17553K(22464K)->17553K(22464K)
[2025-04-17T09:22:27.569+0000][115.569s][info][gc,metaspace   ] GC(1055) Metaspace: 37360K(37696K)->37360K(37696K) NonClass: 32934K(33088K)->32934K(33088K) Class: 4425K(4608K)->4425K(4608K)
[2025-04-17T09:22:27.569+0000][115.569s][info][gc             ] GC(1055) Pause Young (Allocation Failure) 26M->17M(31M) 1.465ms
[2025-04-17T09:22:27.569+0000][115.569s][info][gc,cpu         ] GC(1055) User=0.00s Sys=0.00s Real=0.00s
[2025-04-17T09:22:27.642+0000][115.642s][info][gc,start       ] GC(1056) Pause Young (Allocation Failure)
[2025-04-17T09:22:27.643+0000][115.644s][info][gc,heap        ] GC(1056) DefNew: 9202K(10176K)->117K(10176K) Eden: 9084K(9088K)->0K(9088K) From: 117K(1088K)->117K(1088K)
[2025-04-17T09:22:27.643+0000][115.644s][info][gc,heap        ] GC(1056) Tenured: 17553K(22464K)->17553K(22464K)
[2025-04-17T09:22:27.643+0000][115.644s][info][gc,metaspace   ] GC(1056) Metaspace: 37360K(37696K)->37360K(37696K) NonClass: 32934K(33088K)->32934K(33088K) Class: 4425K(4608K)->4425K(4608K)
[2025-04-17T09:22:27.643+0000][115.644s][info][gc             ] GC(1056) Pause Young (Allocation Failure) 26M->17M(31M) 1.594ms
[2025-04-17T09:22:27.643+0000][115.644s][info][gc,cpu         ] GC(1056) User=0.00s Sys=0.00s Real=0.00s
[2025-04-17T09:22:27.755+0000][115.755s][info][gc,start       ] GC(1057) Pause Young (Allocation Failure)
[2025-04-17T09:22:27.756+0000][115.757s][info][gc,heap        ] GC(1057) DefNew: 9204K(10176K)->124K(10176K) Eden: 9087K(9088K)->0K(9088K) From: 117K(1088K)->124K(1088K)
[2025-04-17T09:22:27.756+0000][115.757s][info][gc,heap        ] GC(1057) Tenured: 17553K(22464K)->17553K(22464K)
[2025-04-17T09:22:27.756+0000][115.757s][info][gc,metaspace   ] GC(1057) Metaspace: 37360K(37696K)->37360K(37696K) NonClass: 32934K(33088K)->32934K(33088K) Class: 4425K(4608K)->4425K(4608K)
[2025-04-17T09:22:27.756+0000][115.757s][info][gc             ] GC(1057) Pause Young (Allocation Failure) 26M->17M(31M) 1.508ms
[2025-04-17T09:22:27.756+0000][115.757s][info][gc,cpu         ] GC(1057) User=0.00s Sys=0.00s Real=0.00s
[2025-04-17T09:22:27.946+0000][115.946s][info][gc,start       ] GC(1058) Pause Young (Allocation Failure)
[2025-04-17T09:22:27.947+0000][115.948s][info][gc,heap        ] GC(1058) DefNew: 9212K(10176K)->119K(10176K) Eden: 9088K(9088K)->0K(9088K) From: 124K(1088K)->119K(1088K)
[2025-04-17T09:22:27.947+0000][115.948s][info][gc,heap        ] GC(1058) Tenured: 17553K(22464K)->17553K(22464K)
[2025-04-17T09:22:27.947+0000][115.948s][info][gc,metaspace   ] GC(1058) Metaspace: 37360K(37696K)->37360K(37696K) NonClass: 32934K(33088K)->32934K(33088K) Class: 4425K(4608K)->4425K(4608K)
[2025-04-17T09:22:27.947+0000][115.948s][info][gc             ] GC(1058) Pause Young (Allocation Failure) 26M->17M(31M) 1.519ms
[2025-04-17T09:22:27.947+0000][115.948s][info][gc,cpu         ] GC(1058) User=0.00s Sys=0.00s Real=0.00s
[2025-04-17T09:22:28.174+0000][116.175s][info][gc,start       ] GC(1059) Pause Young (Allocation Failure)
[2025-04-17T09:22:28.176+0000][116.177s][info][gc,heap        ] GC(1059) DefNew: 9207K(10176K)->125K(10176K) Eden: 9087K(9088K)->0K(9088K) From: 119K(1088K)->125K(1088K)
[2025-04-17T09:22:28.176+0000][116.177s][info][gc,heap        ] GC(1059) Tenured: 17553K(22464K)->17553K(22464K)
[2025-04-17T09:22:28.176+0000][116.177s][info][gc,metaspace   ] GC(1059) Metaspace: 37360K(37696K)->37360K(37696K) NonClass: 32934K(33088K)->32934K(33088K) Class: 4425K(4608K)->4425K(4608K)
[2025-04-17T09:22:28.176+0000][116.177s][info][gc             ] GC(1059) Pause Young (Allocation Failure) 26M->17M(31M) 1.648ms
[2025-04-17T09:22:28.176+0000][116.177s][info][gc,cpu         ] GC(1059) User=0.00s Sys=0.00s Real=0.00s
[2025-04-17T09:22:28.314+0000][116.315s][info][gc,start       ] GC(1060) Pause Young (Allocation Failure)
[2025-04-17T09:22:28.316+0000][116.316s][info][gc,heap        ] GC(1060) DefNew: 9213K(10176K)->118K(10176K) Eden: 9088K(9088K)->0K(9088K) From: 125K(1088K)->118K(1088K)
[2025-04-17T09:22:28.316+0000][116.316s][info][gc,heap        ] GC(1060) Tenured: 17553K(22464K)->17554K(22464K)
[2025-04-17T09:22:28.316+0000][116.316s][info][gc,metaspace   ] GC(1060) Metaspace: 37360K(37696K)->37360K(37696K) NonClass: 32934K(33088K)->32934K(33088K) Class: 4425K(4608K)->4425K(4608K)
[2025-04-17T09:22:28.316+0000][116.316s][info][gc             ] GC(1060) Pause Young (Allocation Failure) 26M->17M(31M) 1.553ms
[2025-04-17T09:22:28.316+0000][116.316s][info][gc,cpu         ] GC(1060) User=0.00s Sys=0.00s Real=0.00s
[2025-04-17T09:22:28.395+0000][116.396s][info][gc,start       ] GC(1061) Pause Young (Allocation Failure)
[2025-04-17T09:22:28.397+0000][116.397s][info][gc,heap        ] GC(1061) DefNew: 9206K(10176K)->121K(10176K) Eden: 9088K(9088K)->0K(9088K) From: 118K(1088K)->121K(1088K)
[2025-04-17T09:22:28.397+0000][116.397s][info][gc,heap        ] GC(1061) Tenured: 17554K(22464K)->17572K(22464K)
[2025-04-17T09:22:28.397+0000][116.398s][info][gc,metaspace   ] GC(1061) Metaspace: 37360K(37696K)->37360K(37696K) NonClass: 32934K(33088K)->32934K(33088K) Class: 4425K(4608K)->4425K(4608K)
[2025-04-17T09:22:28.397+0000][116.398s][info][gc             ] GC(1061) Pause Young (Allocation Failure) 26M->17M(31M) 1.598ms
[2025-04-17T09:22:28.397+0000][116.398s][info][gc,cpu         ] GC(1061) User=0.00s Sys=0.00s Real=0.00s
[2025-04-17T09:22:28.594+0000][116.594s][info][gc,start       ] GC(1062) Pause Young (Allocation Failure)
[2025-04-17T09:22:28.595+0000][116.596s][info][gc,heap        ] GC(1062) DefNew: 9209K(10176K)->116K(10176K) Eden: 9088K(9088K)->0K(9088K) From: 121K(1088K)->116K(1088K)
[2025-04-17T09:22:28.595+0000][116.596s][info][gc,heap        ] GC(1062) Tenured: 17572K(22464K)->17572K(22464K)
[2025-04-17T09:22:28.595+0000][116.596s][info][gc,metaspace   ] GC(1062) Metaspace: 37360K(37696K)->37360K(37696K) NonClass: 32934K(33088K)->32934K(33088K) Class: 4425K(4608K)->4425K(4608K)
[2025-04-17T09:22:28.595+0000][116.596s][info][gc             ] GC(1062) Pause Young (Allocation Failure) 26M->17M(31M) 1.599ms
[2025-04-17T09:22:28.595+0000][116.596s][info][gc,cpu         ] GC(1062) User=0.00s Sys=0.00s Real=0.01s
[2025-04-17T09:22:28.761+0000][116.761s][info][gc,start       ] GC(1063) Pause Young (Allocation Failure)
[2025-04-17T09:22:28.762+0000][116.763s][info][gc,heap        ] GC(1063) DefNew: 9204K(10176K)->173K(10176K) Eden: 9088K(9088K)->0K(9088K) From: 116K(1088K)->173K(1088K)
[2025-04-17T09:22:28.762+0000][116.763s][info][gc,heap        ] GC(1063) Tenured: 17572K(22464K)->17572K(22464K)
[2025-04-17T09:22:28.762+0000][116.763s][info][gc,metaspace   ] GC(1063) Metaspace: 37360K(37696K)->37360K(37696K) NonClass: 32934K(33088K)->32934K(33088K) Class: 4425K(4608K)->4425K(4608K)
[2025-04-17T09:22:28.762+0000][116.763s][info][gc             ] GC(1063) Pause Young (Allocation Failure) 26M->17M(31M) 1.531ms
[2025-04-17T09:22:28.762+0000][116.763s][info][gc,cpu         ] GC(1063) User=0.00s Sys=0.00s Real=0.00s
[2025-04-17T09:22:28.867+0000][116.867s][info][gc,start       ] GC(1064) Pause Young (Allocation Failure)
[2025-04-17T09:22:28.868+0000][116.869s][info][gc,heap        ] GC(1064) DefNew: 9261K(10176K)->118K(10176K) Eden: 9087K(9088K)->0K(9088K) From: 173K(1088K)->118K(1088K)
[2025-04-17T09:22:28.868+0000][116.869s][info][gc,heap        ] GC(1064) Tenured: 17572K(22464K)->17572K(22464K)
[2025-04-17T09:22:28.868+0000][116.869s][info][gc,metaspace   ] GC(1064) Metaspace: 37360K(37696K)->37360K(37696K) NonClass: 32934K(33088K)->32934K(33088K) Class: 4425K(4608K)->4425K(4608K)
[2025-04-17T09:22:28.868+0000][116.869s][info][gc             ] GC(1064) Pause Young (Allocation Failure) 26M->17M(31M) 1.442ms
[2025-04-17T09:22:28.868+0000][116.869s][info][gc,cpu         ] GC(1064) User=0.00s Sys=0.00s Real=0.00s
[2025-04-17T09:22:28.951+0000][116.952s][info][gc,start       ] GC(1065) Pause Young (Allocation Failure)
[2025-04-17T09:22:28.953+0000][116.953s][info][gc,heap        ] GC(1065) DefNew: 9206K(10176K)->121K(10176K) Eden: 9088K(9088K)->0K(9088K) From: 118K(1088K)->121K(1088K)
[2025-04-17T09:22:28.953+0000][116.953s][info][gc,heap        ] GC(1065) Tenured: 17572K(22464K)->17573K(22464K)
[2025-04-17T09:22:28.953+0000][116.953s][info][gc,metaspace   ] GC(1065) Metaspace: 37360K(37696K)->37360K(37696K) NonClass: 32934K(33088K)->32934K(33088K) Class: 4425K(4608K)->4425K(4608K)
[2025-04-17T09:22:28.953+0000][116.953s][info][gc             ] GC(1065) Pause Young (Allocation Failure) 26M->17M(31M) 1.420ms
[2025-04-17T09:22:28.953+0000][116.953s][info][gc,cpu         ] GC(1065) User=0.01s Sys=0.00s Real=0.00s
[2025-04-17T09:22:29.117+0000][117.117s][info][gc,start       ] GC(1066) Pause Young (Allocation Failure)
[2025-04-17T09:22:29.118+0000][117.119s][info][gc,heap        ] GC(1066) DefNew: 9209K(10176K)->112K(10176K) Eden: 9088K(9088K)->0K(9088K) From: 121K(1088K)->112K(1088K)
[2025-04-17T09:22:29.118+0000][117.119s][info][gc,heap        ] GC(1066) Tenured: 17573K(22464K)->17579K(22464K)
[2025-04-17T09:22:29.118+0000][117.119s][info][gc,metaspace   ] GC(1066) Metaspace: 37360K(37696K)->37360K(37696K) NonClass: 32934K(33088K)->32934K(33088K) Class: 4425K(4608K)->4425K(4608K)
[2025-04-17T09:22:29.118+0000][117.119s][info][gc             ] GC(1066) Pause Young (Allocation Failure) 26M->17M(31M) 1.456ms
[2025-04-17T09:22:29.118+0000][117.119s][info][gc,cpu         ] GC(1066) User=0.00s Sys=0.00s Real=0.00s
[2025-04-17T09:22:29.269+0000][117.269s][info][gc,start       ] GC(1067) Pause Young (Allocation Failure)
[2025-04-17T09:22:29.270+0000][117.271s][info][gc,heap        ] GC(1067) DefNew: 9200K(10176K)->115K(10176K) Eden: 9087K(9088K)->0K(9088K) From: 112K(1088K)->115K(1088K)
[2025-04-17T09:22:29.270+0000][117.271s][info][gc,heap        ] GC(1067) Tenured: 17579K(22464K)->17580K(22464K)
[2025-04-17T09:22:29.270+0000][117.271s][info][gc,metaspace   ] GC(1067) Metaspace: 37360K(37696K)->37360K(37696K) NonClass: 32934K(33088K)->32934K(33088K) Class: 4425K(4608K)->4425K(4608K)
[2025-04-17T09:22:29.270+0000][117.271s][info][gc             ] GC(1067) Pause Young (Allocation Failure) 26M->17M(31M) 1.646ms
[2025-04-17T09:22:29.270+0000][117.271s][info][gc,cpu         ] GC(1067) User=0.00s Sys=0.00s Real=0.00s
[2025-04-17T09:22:29.359+0000][117.360s][info][gc,start       ] GC(1068) Pause Young (Allocation Failure)
[2025-04-17T09:22:29.361+0000][117.361s][info][gc,heap        ] GC(1068) DefNew: 9198K(10176K)->121K(10176K) Eden: 9083K(9088K)->0K(9088K) From: 115K(1088K)->121K(1088K)
[2025-04-17T09:22:29.361+0000][117.361s][info][gc,heap        ] GC(1068) Tenured: 17580K(22464K)->17580K(22464K)
[2025-04-17T09:22:29.361+0000][117.361s][info][gc,metaspace   ] GC(1068) Metaspace: 37360K(37696K)->37360K(37696K) NonClass: 32934K(33088K)->32934K(33088K) Class: 4425K(4608K)->4425K(4608K)
[2025-04-17T09:22:29.361+0000][117.361s][info][gc             ] GC(1068) Pause Young (Allocation Failure) 26M->17M(31M) 1.467ms
[2025-04-17T09:22:29.361+0000][117.361s][info][gc,cpu         ] GC(1068) User=0.00s Sys=0.00s Real=0.00s
[2025-04-17T09:22:29.422+0000][117.423s][info][gc,start       ] GC(1069) Pause Young (Allocation Failure)
[2025-04-17T09:22:29.424+0000][117.425s][info][gc,heap        ] GC(1069) DefNew: 9209K(10176K)->124K(10176K) Eden: 9087K(9088K)->0K(9088K) From: 121K(1088K)->124K(1088K)
[2025-04-17T09:22:29.424+0000][117.425s][info][gc,heap        ] GC(1069) Tenured: 17580K(22464K)->17598K(22464K)
[2025-04-17T09:22:29.424+0000][117.425s][info][gc,metaspace   ] GC(1069) Metaspace: 37360K(37696K)->37360K(37696K) NonClass: 32934K(33088K)->32934K(33088K) Class: 4425K(4608K)->4425K(4608K)
[2025-04-17T09:22:29.424+0000][117.425s][info][gc             ] GC(1069) Pause Young (Allocation Failure) 26M->17M(31M) 1.573ms
[2025-04-17T09:22:29.424+0000][117.425s][info][gc,cpu         ] GC(1069) User=0.00s Sys=0.00s Real=0.01s
[2025-04-17T09:22:29.533+0000][117.534s][info][gc,start       ] GC(1070) Pause Young (Allocation Failure)
[2025-04-17T09:22:29.535+0000][117.535s][info][gc,heap        ] GC(1070) DefNew: 9212K(10176K)->102K(10176K) Eden: 9088K(9088K)->0K(9088K) From: 124K(1088K)->102K(1088K)
[2025-04-17T09:22:29.535+0000][117.535s][info][gc,heap        ] GC(1070) Tenured: 17598K(22464K)->17598K(22464K)
[2025-04-17T09:22:29.535+0000][117.535s][info][gc,metaspace   ] GC(1070) Metaspace: 37360K(37696K)->37360K(37696K) NonClass: 32934K(33088K)->32934K(33088K) Class: 4425K(4608K)->4425K(4608K)
[2025-04-17T09:22:29.535+0000][117.535s][info][gc             ] GC(1070) Pause Young (Allocation Failure) 26M->17M(31M) 1.468ms
[2025-04-17T09:22:29.535+0000][117.535s][info][gc,cpu         ] GC(1070) User=0.00s Sys=0.00s Real=0.01s
[2025-04-17T09:22:29.664+0000][117.664s][info][gc,start       ] GC(1071) Pause Young (Allocation Failure)
[2025-04-17T09:22:29.665+0000][117.666s][info][gc,heap        ] GC(1071) DefNew: 9190K(10176K)->116K(10176K) Eden: 9087K(9088K)->0K(9088K) From: 102K(1088K)->116K(1088K)
[2025-04-17T09:22:29.665+0000][117.666s][info][gc,heap        ] GC(1071) Tenured: 17598K(22464K)->17598K(22464K)
[2025-04-17T09:22:29.665+0000][117.666s][info][gc,metaspace   ] GC(1071) Metaspace: 37360K(37696K)->37360K(37696K) NonClass: 32934K(33088K)->32934K(33088K) Class: 4425K(4608K)->4425K(4608K)
[2025-04-17T09:22:29.665+0000][117.666s][info][gc             ] GC(1071) Pause Young (Allocation Failure) 26M->17M(31M) 1.531ms
[2025-04-17T09:22:29.665+0000][117.666s][info][gc,cpu         ] GC(1071) User=0.00s Sys=0.00s Real=0.01s
[2025-04-17T09:22:29.848+0000][117.849s][info][gc,start       ] GC(1072) Pause Young (Allocation Failure)
[2025-04-17T09:22:29.850+0000][117.850s][info][gc,heap        ] GC(1072) DefNew: 9204K(10176K)->145K(10176K) Eden: 9088K(9088K)->0K(9088K) From: 116K(1088K)->145K(1088K)
[2025-04-17T09:22:29.850+0000][117.850s][info][gc,heap        ] GC(1072) Tenured: 17598K(22464K)->17598K(22464K)
[2025-04-17T09:22:29.850+0000][117.850s][info][gc,metaspace   ] GC(1072) Metaspace: 37360K(37696K)->37360K(37696K) NonClass: 32934K(33088K)->32934K(33088K) Class: 4425K(4608K)->4425K(4608K)
[2025-04-17T09:22:29.850+0000][117.850s][info][gc             ] GC(1072) Pause Young (Allocation Failure) 26M->17M(31M) 1.527ms
[2025-04-17T09:22:29.850+0000][117.850s][info][gc,cpu         ] GC(1072) User=0.00s Sys=0.00s Real=0.00s
[2025-04-17T09:22:30.004+0000][118.005s][info][gc,start       ] GC(1073) Pause Young (Allocation Failure)
[2025-04-17T09:22:30.006+0000][118.006s][info][gc,heap        ] GC(1073) DefNew: 9230K(10176K)->123K(10176K) Eden: 9084K(9088K)->0K(9088K) From: 145K(1088K)->123K(1088K)
[2025-04-17T09:22:30.006+0000][118.006s][info][gc,heap        ] GC(1073) Tenured: 17598K(22464K)->17598K(22464K)
[2025-04-17T09:22:30.006+0000][118.006s][info][gc,metaspace   ] GC(1073) Metaspace: 37360K(37696K)->37360K(37696K) NonClass: 32934K(33088K)->32934K(33088K) Class: 4425K(4608K)->4425K(4608K)
[2025-04-17T09:22:30.006+0000][118.006s][info][gc             ] GC(1073) Pause Young (Allocation Failure) 26M->17M(31M) 1.459ms
[2025-04-17T09:22:30.006+0000][118.006s][info][gc,cpu         ] GC(1073) User=0.00s Sys=0.01s Real=0.00s
[2025-04-17T09:22:30.113+0000][118.114s][info][gc,start       ] GC(1074) Pause Young (Allocation Failure)
[2025-04-17T09:22:30.115+0000][118.116s][info][gc,heap        ] GC(1074) DefNew: 9211K(10176K)->122K(10176K) Eden: 9088K(9088K)->0K(9088K) From: 123K(1088K)->122K(1088K)
[2025-04-17T09:22:30.115+0000][118.116s][info][gc,heap        ] GC(1074) Tenured: 17598K(22464K)->17598K(22464K)
[2025-04-17T09:22:30.115+0000][118.116s][info][gc,metaspace   ] GC(1074) Metaspace: 37362K(37696K)->37362K(37696K) NonClass: 32936K(33088K)->32936K(33088K) Class: 4425K(4608K)->4425K(4608K)
[2025-04-17T09:22:30.115+0000][118.116s][info][gc             ] GC(1074) Pause Young (Allocation Failure) 26M->17M(31M) 1.579ms
[2025-04-17T09:22:30.115+0000][118.116s][info][gc,cpu         ] GC(1074) User=0.00s Sys=0.00s Real=0.01s
[2025-04-17T09:22:30.147+0000][118.147s][info][gc,start       ] GC(1075) Pause Young (Allocation Failure)
[2025-04-17T09:22:30.148+0000][118.149s][info][gc,heap        ] GC(1075) DefNew: 9210K(10176K)->132K(10176K) Eden: 9088K(9088K)->0K(9088K) From: 122K(1088K)->132K(1088K)
[2025-04-17T09:22:30.148+0000][118.149s][info][gc,heap        ] GC(1075) Tenured: 17598K(22464K)->17599K(22464K)
[2025-04-17T09:22:30.148+0000][118.149s][info][gc,metaspace   ] GC(1075) Metaspace: 37362K(37696K)->37362K(37696K) NonClass: 32936K(33088K)->32936K(33088K) Class: 4425K(4608K)->4425K(4608K)
[2025-04-17T09:22:30.148+0000][118.149s][info][gc             ] GC(1075) Pause Young (Allocation Failure) 26M->17M(31M) 1.422ms
[2025-04-17T09:22:30.148+0000][118.149s][info][gc,cpu         ] GC(1075) User=0.01s Sys=0.00s Real=0.00s
[2025-04-17T09:22:30.192+0000][118.193s][info][gc,start       ] GC(1076) Pause Young (Allocation Failure)
[2025-04-17T09:22:30.194+0000][118.194s][info][gc,heap        ] GC(1076) DefNew: 9220K(10176K)->102K(10176K) Eden: 9088K(9088K)->0K(9088K) From: 132K(1088K)->102K(1088K)
[2025-04-17T09:22:30.194+0000][118.194s][info][gc,heap        ] GC(1076) Tenured: 17599K(22464K)->17618K(22464K)
[2025-04-17T09:22:30.194+0000][118.194s][info][gc,metaspace   ] GC(1076) Metaspace: 37362K(37696K)->37362K(37696K) NonClass: 32936K(33088K)->32936K(33088K) Class: 4425K(4608K)->4425K(4608K)
[2025-04-17T09:22:30.194+0000][118.194s][info][gc             ] GC(1076) Pause Young (Allocation Failure) 26M->17M(31M) 1.451ms
[2025-04-17T09:22:30.194+0000][118.194s][info][gc,cpu         ] GC(1076) User=0.00s Sys=0.00s Real=0.00s
[2025-04-17T09:22:30.285+0000][118.286s][info][gc,start       ] GC(1077) Pause Young (Allocation Failure)
[2025-04-17T09:22:30.287+0000][118.287s][info][gc,heap        ] GC(1077) DefNew: 9190K(10176K)->95K(10176K) Eden: 9088K(9088K)->0K(9088K) From: 102K(1088K)->95K(1088K)
[2025-04-17T09:22:30.287+0000][118.287s][info][gc,heap        ] GC(1077) Tenured: 17618K(22464K)->17619K(22464K)
[2025-04-17T09:22:30.287+0000][118.287s][info][gc,metaspace   ] GC(1077) Metaspace: 37362K(37696K)->37362K(37696K) NonClass: 32936K(33088K)->32936K(33088K) Class: 4425K(4608K)->4425K(4608K)
[2025-04-17T09:22:30.287+0000][118.287s][info][gc             ] GC(1077) Pause Young (Allocation Failure) 26M->17M(31M) 1.418ms
[2025-04-17T09:22:30.287+0000][118.287s][info][gc,cpu         ] GC(1077) User=0.00s Sys=0.00s Real=0.00s
[2025-04-17T09:22:30.377+0000][118.378s][info][gc,start       ] GC(1078) Pause Young (Allocation Failure)
[2025-04-17T09:22:30.378+0000][118.379s][info][gc,heap        ] GC(1078) DefNew: 9183K(10176K)->98K(10176K) Eden: 9087K(9088K)->0K(9088K) From: 95K(1088K)->98K(1088K)
[2025-04-17T09:22:30.378+0000][118.379s][info][gc,heap        ] GC(1078) Tenured: 17619K(22464K)->17619K(22464K)
[2025-04-17T09:22:30.378+0000][118.379s][info][gc,metaspace   ] GC(1078) Metaspace: 37362K(37696K)->37362K(37696K) NonClass: 32936K(33088K)->32936K(33088K) Class: 4425K(4608K)->4425K(4608K)
[2025-04-17T09:22:30.378+0000][118.379s][info][gc             ] GC(1078) Pause Young (Allocation Failure) 26M->17M(31M) 1.479ms
[2025-04-17T09:22:30.378+0000][118.379s][info][gc,cpu         ] GC(1078) User=0.00s Sys=0.00s Real=0.00s
[2025-04-17T09:22:30.456+0000][118.456s][info][gc,start       ] GC(1079) Pause Young (Allocation Failure)
[2025-04-17T09:22:30.457+0000][118.458s][info][gc,heap        ] GC(1079) DefNew: 9186K(10176K)->112K(10176K) Eden: 9087K(9088K)->0K(9088K) From: 98K(1088K)->112K(1088K)
[2025-04-17T09:22:30.457+0000][118.458s][info][gc,heap        ] GC(1079) Tenured: 17619K(22464K)->17621K(22464K)
[2025-04-17T09:22:30.457+0000][118.458s][info][gc,metaspace   ] GC(1079) Metaspace: 37362K(37696K)->37362K(37696K) NonClass: 32936K(33088K)->32936K(33088K) Class: 4425K(4608K)->4425K(4608K)
[2025-04-17T09:22:30.457+0000][118.458s][info][gc             ] GC(1079) Pause Young (Allocation Failure) 26M->17M(31M) 1.430ms
[2025-04-17T09:22:30.457+0000][118.458s][info][gc,cpu         ] GC(1079) User=0.00s Sys=0.00s Real=0.00s
[2025-04-17T09:22:30.616+0000][118.617s][info][gc,start       ] GC(1080) Pause Young (Allocation Failure)
[2025-04-17T09:22:30.618+0000][118.618s][info][gc,heap        ] GC(1080) DefNew: 9200K(10176K)->141K(10176K) Eden: 9087K(9088K)->0K(9088K) From: 112K(1088K)->141K(1088K)
[2025-04-17T09:22:30.618+0000][118.618s][info][gc,heap        ] GC(1080) Tenured: 17621K(22464K)->17621K(22464K)
[2025-04-17T09:22:30.618+0000][118.618s][info][gc,metaspace   ] GC(1080) Metaspace: 37362K(37696K)->37362K(37696K) NonClass: 32936K(33088K)->32936K(33088K) Class: 4425K(4608K)->4425K(4608K)
[2025-04-17T09:22:30.618+0000][118.619s][info][gc             ] GC(1080) Pause Young (Allocation Failure) 26M->17M(31M) 1.513ms
[2025-04-17T09:22:30.618+0000][118.619s][info][gc,cpu         ] GC(1080) User=0.01s Sys=0.00s Real=0.00s
[2025-04-17T09:22:30.740+0000][118.740s][info][gc,start       ] GC(1081) Pause Young (Allocation Failure)
[2025-04-17T09:22:30.741+0000][118.742s][info][gc,heap        ] GC(1081) DefNew: 9216K(10176K)->116K(10176K) Eden: 9075K(9088K)->0K(9088K) From: 141K(1088K)->116K(1088K)
[2025-04-17T09:22:30.741+0000][118.742s][info][gc,heap        ] GC(1081) Tenured: 17621K(22464K)->17621K(22464K)
[2025-04-17T09:22:30.741+0000][118.742s][info][gc,metaspace   ] GC(1081) Metaspace: 37362K(37696K)->37362K(37696K) NonClass: 32936K(33088K)->32936K(33088K) Class: 4425K(4608K)->4425K(4608K)
[2025-04-17T09:22:30.741+0000][118.742s][info][gc             ] GC(1081) Pause Young (Allocation Failure) 26M->17M(31M) 1.480ms
[2025-04-17T09:22:30.741+0000][118.742s][info][gc,cpu         ] GC(1081) User=0.00s Sys=0.00s Real=0.00s
[2025-04-17T09:22:30.841+0000][118.842s][info][gc,start       ] GC(1082) Pause Young (Allocation Failure)
[2025-04-17T09:22:30.843+0000][118.843s][info][gc,heap        ] GC(1082) DefNew: 9204K(10176K)->120K(10176K) Eden: 9088K(9088K)->0K(9088K) From: 116K(1088K)->120K(1088K)
[2025-04-17T09:22:30.843+0000][118.843s][info][gc,heap        ] GC(1082) Tenured: 17621K(22464K)->17623K(22464K)
[2025-04-17T09:22:30.843+0000][118.843s][info][gc,metaspace   ] GC(1082) Metaspace: 37364K(37696K)->37364K(37696K) NonClass: 32938K(33088K)->32938K(33088K) Class: 4425K(4608K)->4425K(4608K)
[2025-04-17T09:22:30.843+0000][118.843s][info][gc             ] GC(1082) Pause Young (Allocation Failure) 26M->17M(31M) 1.523ms
[2025-04-17T09:22:30.843+0000][118.843s][info][gc,cpu         ] GC(1082) User=0.00s Sys=0.00s Real=0.00s
[2025-04-17T09:22:30.939+0000][118.940s][info][gc,start       ] GC(1083) Pause Young (Allocation Failure)
[2025-04-17T09:22:30.941+0000][118.941s][info][gc,heap        ] GC(1083) DefNew: 9208K(10176K)->110K(10176K) Eden: 9088K(9088K)->0K(9088K) From: 120K(1088K)->110K(1088K)
[2025-04-17T09:22:30.941+0000][118.941s][info][gc,heap        ] GC(1083) Tenured: 17623K(22464K)->17623K(22464K)
[2025-04-17T09:22:30.941+0000][118.941s][info][gc,metaspace   ] GC(1083) Metaspace: 37364K(37696K)->37364K(37696K) NonClass: 32938K(33088K)->32938K(33088K) Class: 4425K(4608K)->4425K(4608K)
[2025-04-17T09:22:30.941+0000][118.942s][info][gc             ] GC(1083) Pause Young (Allocation Failure) 26M->17M(31M) 1.412ms
[2025-04-17T09:22:30.941+0000][118.942s][info][gc,cpu         ] GC(1083) User=0.00s Sys=0.00s Real=0.00s
[2025-04-17T09:22:31.026+0000][119.027s][info][gc,start       ] GC(1084) Pause Young (Allocation Failure)
[2025-04-17T09:22:31.027+0000][119.028s][info][gc,heap        ] GC(1084) DefNew: 9198K(10176K)->122K(10176K) Eden: 9087K(9088K)->0K(9088K) From: 110K(1088K)->122K(1088K)
[2025-04-17T09:22:31.027+0000][119.028s][info][gc,heap        ] GC(1084) Tenured: 17623K(22464K)->17624K(22464K)
[2025-04-17T09:22:31.027+0000][119.028s][info][gc,metaspace   ] GC(1084) Metaspace: 37364K(37696K)->37364K(37696K) NonClass: 32938K(33088K)->32938K(33088K) Class: 4425K(4608K)->4425K(4608K)
[2025-04-17T09:22:31.027+0000][119.028s][info][gc             ] GC(1084) Pause Young (Allocation Failure) 26M->17M(31M) 1.617ms
[2025-04-17T09:22:31.028+0000][119.028s][info][gc,cpu         ] GC(1084) User=0.01s Sys=0.00s Real=0.00s
[2025-04-17T09:22:31.153+0000][119.154s][info][gc,start       ] GC(1085) Pause Young (Allocation Failure)
[2025-04-17T09:22:31.155+0000][119.155s][info][gc,heap        ] GC(1085) DefNew: 9210K(10176K)->122K(10176K) Eden: 9088K(9088K)->0K(9088K) From: 122K(1088K)->122K(1088K)
[2025-04-17T09:22:31.155+0000][119.155s][info][gc,heap        ] GC(1085) Tenured: 17624K(22464K)->17624K(22464K)
[2025-04-17T09:22:31.155+0000][119.155s][info][gc,metaspace   ] GC(1085) Metaspace: 37364K(37696K)->37364K(37696K) NonClass: 32938K(33088K)->32938K(33088K) Class: 4425K(4608K)->4425K(4608K)
[2025-04-17T09:22:31.155+0000][119.155s][info][gc             ] GC(1085) Pause Young (Allocation Failure) 26M->17M(31M) 1.420ms
[2025-04-17T09:22:31.155+0000][119.155s][info][gc,cpu         ] GC(1085) User=0.00s Sys=0.00s Real=0.01s
[2025-04-17T09:22:31.383+0000][119.383s][info][gc,start       ] GC(1086) Pause Young (Allocation Failure)
[2025-04-17T09:22:31.384+0000][119.385s][info][gc,heap        ] GC(1086) DefNew: 9210K(10176K)->111K(10176K) Eden: 9088K(9088K)->0K(9088K) From: 122K(1088K)->111K(1088K)
[2025-04-17T09:22:31.384+0000][119.385s][info][gc,heap        ] GC(1086) Tenured: 17624K(22464K)->17624K(22464K)
[2025-04-17T09:22:31.384+0000][119.385s][info][gc,metaspace   ] GC(1086) Metaspace: 37364K(37696K)->37364K(37696K) NonClass: 32938K(33088K)->32938K(33088K) Class: 4425K(4608K)->4425K(4608K)
[2025-04-17T09:22:31.384+0000][119.385s][info][gc             ] GC(1086) Pause Young (Allocation Failure) 26M->17M(31M) 1.421ms
[2025-04-17T09:22:31.384+0000][119.385s][info][gc,cpu         ] GC(1086) User=0.00s Sys=0.00s Real=0.01s
[2025-04-17T09:22:31.625+0000][119.625s][info][gc,start       ] GC(1087) Pause Young (Allocation Failure)
[2025-04-17T09:22:31.626+0000][119.627s][info][gc,heap        ] GC(1087) DefNew: 9199K(10176K)->170K(10176K) Eden: 9088K(9088K)->0K(9088K) From: 111K(1088K)->170K(1088K)
[2025-04-17T09:22:31.626+0000][119.627s][info][gc,heap        ] GC(1087) Tenured: 17624K(22464K)->17624K(22464K)
[2025-04-17T09:22:31.626+0000][119.627s][info][gc,metaspace   ] GC(1087) Metaspace: 37364K(37696K)->37364K(37696K) NonClass: 32938K(33088K)->32938K(33088K) Class: 4425K(4608K)->4425K(4608K)
[2025-04-17T09:22:31.626+0000][119.627s][info][gc             ] GC(1087) Pause Young (Allocation Failure) 26M->17M(31M) 1.740ms
[2025-04-17T09:22:31.626+0000][119.627s][info][gc,cpu         ] GC(1087) User=0.00s Sys=0.00s Real=0.00s
[2025-04-17T09:22:31.764+0000][119.764s][info][gc,start       ] GC(1088) Pause Young (Allocation Failure)
[2025-04-17T09:22:31.765+0000][119.766s][info][gc,heap        ] GC(1088) DefNew: 9258K(10176K)->104K(10176K) Eden: 9088K(9088K)->0K(9088K) From: 170K(1088K)->104K(1088K)
[2025-04-17T09:22:31.765+0000][119.766s][info][gc,heap        ] GC(1088) Tenured: 17624K(22464K)->17642K(22464K)
[2025-04-17T09:22:31.765+0000][119.766s][info][gc,metaspace   ] GC(1088) Metaspace: 37364K(37696K)->37364K(37696K) NonClass: 32938K(33088K)->32938K(33088K) Class: 4425K(4608K)->4425K(4608K)
[2025-04-17T09:22:31.765+0000][119.766s][info][gc             ] GC(1088) Pause Young (Allocation Failure) 26M->17M(31M) 1.562ms
[2025-04-17T09:22:31.765+0000][119.766s][info][gc,cpu         ] GC(1088) User=0.00s Sys=0.00s Real=0.01s
[2025-04-17T09:22:31.947+0000][119.948s][info][gc,start       ] GC(1089) Pause Young (Allocation Failure)
[2025-04-17T09:22:31.949+0000][119.949s][info][gc,heap        ] GC(1089) DefNew: 9192K(10176K)->111K(10176K) Eden: 9088K(9088K)->0K(9088K) From: 104K(1088K)->111K(1088K)
[2025-04-17T09:22:31.949+0000][119.949s][info][gc,heap        ] GC(1089) Tenured: 17642K(22464K)->17642K(22464K)
[2025-04-17T09:22:31.949+0000][119.949s][info][gc,metaspace   ] GC(1089) Metaspace: 37364K(37696K)->37364K(37696K) NonClass: 32938K(33088K)->32938K(33088K) Class: 4425K(4608K)->4425K(4608K)
[2025-04-17T09:22:31.949+0000][119.949s][info][gc             ] GC(1089) Pause Young (Allocation Failure) 26M->17M(31M) 1.467ms
[2025-04-17T09:22:31.949+0000][119.949s][info][gc,cpu         ] GC(1089) User=0.00s Sys=0.00s Real=0.00s
[2025-04-17T09:22:32.084+0000][120.084s][info][gc,start       ] GC(1090) Pause Young (Allocation Failure)
[2025-04-17T09:22:32.085+0000][120.086s][info][gc,heap        ] GC(1090) DefNew: 9199K(10176K)->128K(10176K) Eden: 9087K(9088K)->0K(9088K) From: 111K(1088K)->128K(1088K)
[2025-04-17T09:22:32.085+0000][120.086s][info][gc,heap        ] GC(1090) Tenured: 17642K(22464K)->17643K(22464K)
[2025-04-17T09:22:32.085+0000][120.086s][info][gc,metaspace   ] GC(1090) Metaspace: 37364K(37696K)->37364K(37696K) NonClass: 32938K(33088K)->32938K(33088K) Class: 4425K(4608K)->4425K(4608K)
[2025-04-17T09:22:32.085+0000][120.086s][info][gc             ] GC(1090) Pause Young (Allocation Failure) 26M->17M(31M) 1.457ms
[2025-04-17T09:22:32.085+0000][120.086s][info][gc,cpu         ] GC(1090) User=0.00s Sys=0.00s Real=0.01s
[2025-04-17T09:22:32.201+0000][120.201s][info][gc,start       ] GC(1091) Pause Young (Allocation Failure)
[2025-04-17T09:22:32.202+0000][120.203s][info][gc,heap        ] GC(1091) DefNew: 9216K(10176K)->123K(10176K) Eden: 9087K(9088K)->0K(9088K) From: 128K(1088K)->123K(1088K)
[2025-04-17T09:22:32.202+0000][120.203s][info][gc,heap        ] GC(1091) Tenured: 17643K(22464K)->17643K(22464K)
[2025-04-17T09:22:32.202+0000][120.203s][info][gc,metaspace   ] GC(1091) Metaspace: 37364K(37696K)->37364K(37696K) NonClass: 32938K(33088K)->32938K(33088K) Class: 4425K(4608K)->4425K(4608K)
[2025-04-17T09:22:32.202+0000][120.203s][info][gc             ] GC(1091) Pause Young (Allocation Failure) 26M->17M(31M) 1.509ms
[2025-04-17T09:22:32.202+0000][120.203s][info][gc,cpu         ] GC(1091) User=0.00s Sys=0.00s Real=0.00s
[2025-04-17T09:22:32.294+0000][120.295s][info][gc,start       ] GC(1092) Pause Young (Allocation Failure)
[2025-04-17T09:22:32.296+0000][120.296s][info][gc,heap        ] GC(1092) DefNew: 9211K(10176K)->167K(10176K) Eden: 9088K(9088K)->0K(9088K) From: 123K(1088K)->167K(1088K)
[2025-04-17T09:22:32.296+0000][120.296s][info][gc,heap        ] GC(1092) Tenured: 17643K(22464K)->17643K(22464K)
[2025-04-17T09:22:32.296+0000][120.296s][info][gc,metaspace   ] GC(1092) Metaspace: 37364K(37696K)->37364K(37696K) NonClass: 32938K(33088K)->32938K(33088K) Class: 4425K(4608K)->4425K(4608K)
[2025-04-17T09:22:32.296+0000][120.297s][info][gc             ] GC(1092) Pause Young (Allocation Failure) 26M->17M(31M) 1.540ms
[2025-04-17T09:22:32.296+0000][120.297s][info][gc,cpu         ] GC(1092) User=0.00s Sys=0.00s Real=0.00s
[2025-04-17T09:22:32.347+0000][120.347s][info][gc,start       ] GC(1093) Pause Young (Allocation Failure)
[2025-04-17T09:22:32.348+0000][120.349s][info][gc,heap        ] GC(1093) DefNew: 9255K(10176K)->136K(10176K) Eden: 9088K(9088K)->0K(9088K) From: 167K(1088K)->136K(1088K)
[2025-04-17T09:22:32.348+0000][120.349s][info][gc,heap        ] GC(1093) Tenured: 17643K(22464K)->17644K(22464K)
[2025-04-17T09:22:32.348+0000][120.349s][info][gc,metaspace   ] GC(1093) Metaspace: 37364K(37696K)->37364K(37696K) NonClass: 32938K(33088K)->32938K(33088K) Class: 4425K(4608K)->4425K(4608K)
[2025-04-17T09:22:32.348+0000][120.349s][info][gc             ] GC(1093) Pause Young (Allocation Failure) 26M->17M(31M) 1.392ms
[2025-04-17T09:22:32.348+0000][120.349s][info][gc,cpu         ] GC(1093) User=0.00s Sys=0.00s Real=0.00s
[2025-04-17T09:22:32.418+0000][120.419s][info][gc,start       ] GC(1094) Pause Young (Allocation Failure)
[2025-04-17T09:22:32.419+0000][120.420s][info][gc,heap        ] GC(1094) DefNew: 9224K(10176K)->133K(10176K) Eden: 9088K(9088K)->0K(9088K) From: 136K(1088K)->133K(1088K)
[2025-04-17T09:22:32.419+0000][120.420s][info][gc,heap        ] GC(1094) Tenured: 17644K(22464K)->17644K(22464K)
[2025-04-17T09:22:32.419+0000][120.420s][info][gc,metaspace   ] GC(1094) Metaspace: 37364K(37696K)->37364K(37696K) NonClass: 32938K(33088K)->32938K(33088K) Class: 4425K(4608K)->4425K(4608K)
[2025-04-17T09:22:32.419+0000][120.420s][info][gc             ] GC(1094) Pause Young (Allocation Failure) 26M->17M(31M) 1.533ms
[2025-04-17T09:22:32.419+0000][120.420s][info][gc,cpu         ] GC(1094) User=0.00s Sys=0.00s Real=0.00s
[2025-04-17T09:22:32.509+0000][120.510s][info][gc,start       ] GC(1095) Pause Young (Allocation Failure)
[2025-04-17T09:22:32.510+0000][120.511s][info][gc,heap        ] GC(1095) DefNew: 9221K(10176K)->131K(10176K) Eden: 9087K(9088K)->0K(9088K) From: 133K(1088K)->131K(1088K)
[2025-04-17T09:22:32.510+0000][120.511s][info][gc,heap        ] GC(1095) Tenured: 17644K(22464K)->17662K(22464K)
[2025-04-17T09:22:32.510+0000][120.511s][info][gc,metaspace   ] GC(1095) Metaspace: 37364K(37696K)->37364K(37696K) NonClass: 32938K(33088K)->32938K(33088K) Class: 4425K(4608K)->4425K(4608K)
[2025-04-17T09:22:32.510+0000][120.511s][info][gc             ] GC(1095) Pause Young (Allocation Failure) 26M->17M(31M) 1.488ms
[2025-04-17T09:22:32.510+0000][120.511s][info][gc,cpu         ] GC(1095) User=0.00s Sys=0.00s Real=0.00s
[2025-04-17T09:22:32.575+0000][120.575s][info][gc,start       ] GC(1096) Pause Young (Allocation Failure)
[2025-04-17T09:22:32.576+0000][120.577s][info][gc,heap        ] GC(1096) DefNew: 9219K(10176K)->159K(10176K) Eden: 9088K(9088K)->0K(9088K) From: 131K(1088K)->159K(1088K)
[2025-04-17T09:22:32.576+0000][120.577s][info][gc,heap        ] GC(1096) Tenured: 17662K(22464K)->17662K(22464K)
[2025-04-17T09:22:32.576+0000][120.577s][info][gc,metaspace   ] GC(1096) Metaspace: 37364K(37696K)->37364K(37696K) NonClass: 32938K(33088K)->32938K(33088K) Class: 4425K(4608K)->4425K(4608K)
[2025-04-17T09:22:32.576+0000][120.577s][info][gc             ] GC(1096) Pause Young (Allocation Failure) 26M->17M(31M) 1.634ms
[2025-04-17T09:22:32.576+0000][120.577s][info][gc,cpu         ] GC(1096) User=0.00s Sys=0.00s Real=0.00s
[2025-04-17T09:22:32.683+0000][120.684s][info][gc,start       ] GC(1097) Pause Young (Allocation Failure)
[2025-04-17T09:22:32.684+0000][120.685s][info][gc,heap        ] GC(1097) DefNew: 9246K(10176K)->123K(10176K) Eden: 9087K(9088K)->0K(9088K) From: 159K(1088K)->123K(1088K)
[2025-04-17T09:22:32.684+0000][120.685s][info][gc,heap        ] GC(1097) Tenured: 17662K(22464K)->17662K(22464K)
[2025-04-17T09:22:32.684+0000][120.685s][info][gc,metaspace   ] GC(1097) Metaspace: 37364K(37696K)->37364K(37696K) NonClass: 32938K(33088K)->32938K(33088K) Class: 4425K(4608K)->4425K(4608K)
[2025-04-17T09:22:32.685+0000][120.685s][info][gc             ] GC(1097) Pause Young (Allocation Failure) 26M->17M(31M) 1.545ms
[2025-04-17T09:22:32.685+0000][120.685s][info][gc,cpu         ] GC(1097) User=0.00s Sys=0.00s Real=0.01s
[2025-04-17T09:22:32.742+0000][120.743s][info][gc,start       ] GC(1098) Pause Young (Allocation Failure)
[2025-04-17T09:22:32.743+0000][120.744s][info][gc,heap        ] GC(1098) DefNew: 9211K(10176K)->116K(10176K) Eden: 9088K(9088K)->0K(9088K) From: 123K(1088K)->116K(1088K)
[2025-04-17T09:22:32.743+0000][120.744s][info][gc,heap        ] GC(1098) Tenured: 17662K(22464K)->17662K(22464K)
[2025-04-17T09:22:32.743+0000][120.744s][info][gc,metaspace   ] GC(1098) Metaspace: 37364K(37696K)->37364K(37696K) NonClass: 32938K(33088K)->32938K(33088K) Class: 4425K(4608K)->4425K(4608K)
[2025-04-17T09:22:32.743+0000][120.744s][info][gc             ] GC(1098) Pause Young (Allocation Failure) 26M->17M(31M) 1.486ms
[2025-04-17T09:22:32.743+0000][120.744s][info][gc,cpu         ] GC(1098) User=0.00s Sys=0.00s Real=0.00s
[2025-04-17T09:22:32.999+0000][121.000s][info][gc,start       ] GC(1099) Pause Young (Allocation Failure)
[2025-04-17T09:22:33.000+0000][121.001s][info][gc,heap        ] GC(1099) DefNew: 9204K(10176K)->139K(10176K) Eden: 9087K(9088K)->0K(9088K) From: 116K(1088K)->139K(1088K)
[2025-04-17T09:22:33.000+0000][121.001s][info][gc,heap        ] GC(1099) Tenured: 17662K(22464K)->17662K(22464K)
[2025-04-17T09:22:33.000+0000][121.001s][info][gc,metaspace   ] GC(1099) Metaspace: 37364K(37696K)->37364K(37696K) NonClass: 32938K(33088K)->32938K(33088K) Class: 4425K(4608K)->4425K(4608K)
[2025-04-17T09:22:33.001+0000][121.001s][info][gc             ] GC(1099) Pause Young (Allocation Failure) 26M->17M(31M) 1.464ms
[2025-04-17T09:22:33.001+0000][121.001s][info][gc,cpu         ] GC(1099) User=0.00s Sys=0.00s Real=0.00s
[2025-04-17T09:22:33.121+0000][121.121s][info][gc,start       ] GC(1100) Pause Young (Allocation Failure)
[2025-04-17T09:22:33.122+0000][121.123s][info][gc,heap        ] GC(1100) DefNew: 9227K(10176K)->123K(10176K) Eden: 9088K(9088K)->0K(9088K) From: 139K(1088K)->123K(1088K)
[2025-04-17T09:22:33.122+0000][121.123s][info][gc,heap        ] GC(1100) Tenured: 17662K(22464K)->17662K(22464K)
[2025-04-17T09:22:33.122+0000][121.123s][info][gc,metaspace   ] GC(1100) Metaspace: 37364K(37696K)->37364K(37696K) NonClass: 32938K(33088K)->32938K(33088K) Class: 4425K(4608K)->4425K(4608K)
[2025-04-17T09:22:33.122+0000][121.123s][info][gc             ] GC(1100) Pause Young (Allocation Failure) 26M->17M(31M) 1.522ms
[2025-04-17T09:22:33.122+0000][121.123s][info][gc,cpu         ] GC(1100) User=0.00s Sys=0.00s Real=0.00s
[2025-04-17T09:22:33.199+0000][121.200s][info][gc,start       ] GC(1101) Pause Young (Allocation Failure)
[2025-04-17T09:22:33.200+0000][121.201s][info][gc,heap        ] GC(1101) DefNew: 9210K(10176K)->107K(10176K) Eden: 9086K(9088K)->0K(9088K) From: 123K(1088K)->107K(1088K)
[2025-04-17T09:22:33.200+0000][121.201s][info][gc,heap        ] GC(1101) Tenured: 17662K(22464K)->17663K(22464K)
[2025-04-17T09:22:33.200+0000][121.201s][info][gc,metaspace   ] GC(1101) Metaspace: 37364K(37696K)->37364K(37696K) NonClass: 32938K(33088K)->32938K(33088K) Class: 4425K(4608K)->4425K(4608K)
[2025-04-17T09:22:33.200+0000][121.201s][info][gc             ] GC(1101) Pause Young (Allocation Failure) 26M->17M(31M) 1.465ms
[2025-04-17T09:22:33.200+0000][121.201s][info][gc,cpu         ] GC(1101) User=0.00s Sys=0.00s Real=0.00s
[2025-04-17T09:22:33.406+0000][121.407s][info][gc,start       ] GC(1102) Pause Young (Allocation Failure)
[2025-04-17T09:22:33.407+0000][121.408s][info][gc,heap        ] GC(1102) DefNew: 9195K(10176K)->119K(10176K) Eden: 9088K(9088K)->0K(9088K) From: 107K(1088K)->119K(1088K)
[2025-04-17T09:22:33.407+0000][121.408s][info][gc,heap        ] GC(1102) Tenured: 17663K(22464K)->17663K(22464K)
[2025-04-17T09:22:33.407+0000][121.408s][info][gc,metaspace   ] GC(1102) Metaspace: 37364K(37696K)->37364K(37696K) NonClass: 32938K(33088K)->32938K(33088K) Class: 4425K(4608K)->4425K(4608K)
[2025-04-17T09:22:33.408+0000][121.408s][info][gc             ] GC(1102) Pause Young (Allocation Failure) 26M->17M(31M) 1.466ms
[2025-04-17T09:22:33.408+0000][121.408s][info][gc,cpu         ] GC(1102) User=0.00s Sys=0.00s Real=0.00s
[2025-04-17T09:22:33.546+0000][121.547s][info][gc,start       ] GC(1103) Pause Young (Allocation Failure)
[2025-04-17T09:22:33.547+0000][121.548s][info][gc,heap        ] GC(1103) DefNew: 9207K(10176K)->129K(10176K) Eden: 9088K(9088K)->0K(9088K) From: 119K(1088K)->129K(1088K)
[2025-04-17T09:22:33.547+0000][121.548s][info][gc,heap        ] GC(1103) Tenured: 17663K(22464K)->17663K(22464K)
[2025-04-17T09:22:33.547+0000][121.548s][info][gc,metaspace   ] GC(1103) Metaspace: 37364K(37696K)->37364K(37696K) NonClass: 32938K(33088K)->32938K(33088K) Class: 4425K(4608K)->4425K(4608K)
[2025-04-17T09:22:33.547+0000][121.548s][info][gc             ] GC(1103) Pause Young (Allocation Failure) 26M->17M(31M) 1.489ms
[2025-04-17T09:22:33.547+0000][121.548s][info][gc,cpu         ] GC(1103) User=0.00s Sys=0.00s Real=0.00s
[2025-04-17T09:22:33.669+0000][121.669s][info][gc,start       ] GC(1104) Pause Young (Allocation Failure)
[2025-04-17T09:22:33.670+0000][121.671s][info][gc,heap        ] GC(1104) DefNew: 9217K(10176K)->104K(10176K) Eden: 9087K(9088K)->0K(9088K) From: 129K(1088K)->104K(1088K)
[2025-04-17T09:22:33.671+0000][121.671s][info][gc,heap        ] GC(1104) Tenured: 17663K(22464K)->17683K(22464K)
[2025-04-17T09:22:33.671+0000][121.671s][info][gc,metaspace   ] GC(1104) Metaspace: 37364K(37696K)->37364K(37696K) NonClass: 32938K(33088K)->32938K(33088K) Class: 4425K(4608K)->4425K(4608K)
[2025-04-17T09:22:33.671+0000][121.671s][info][gc             ] GC(1104) Pause Young (Allocation Failure) 26M->17M(31M) 1.795ms
[2025-04-17T09:22:33.671+0000][121.671s][info][gc,cpu         ] GC(1104) User=0.00s Sys=0.00s Real=0.00s
[2025-04-17T09:22:33.832+0000][121.833s][info][gc,start       ] GC(1105) Pause Young (Allocation Failure)
[2025-04-17T09:22:33.834+0000][121.835s][info][gc,heap        ] GC(1105) DefNew: 9192K(10176K)->116K(10176K) Eden: 9088K(9088K)->0K(9088K) From: 104K(1088K)->116K(1088K)
[2025-04-17T09:22:33.834+0000][121.835s][info][gc,heap        ] GC(1105) Tenured: 17683K(22464K)->17683K(22464K)
[2025-04-17T09:22:33.834+0000][121.835s][info][gc,metaspace   ] GC(1105) Metaspace: 37364K(37696K)->37364K(37696K) NonClass: 32938K(33088K)->32938K(33088K) Class: 4425K(4608K)->4425K(4608K)
[2025-04-17T09:22:33.834+0000][121.835s][info][gc             ] GC(1105) Pause Young (Allocation Failure) 26M->17M(31M) 1.553ms
[2025-04-17T09:22:33.834+0000][121.835s][info][gc,cpu         ] GC(1105) User=0.00s Sys=0.00s Real=0.01s
[2025-04-17T09:22:33.916+0000][121.917s][info][gc,start       ] GC(1106) Pause Young (Allocation Failure)
[2025-04-17T09:22:33.917+0000][121.918s][info][gc,heap        ] GC(1106) DefNew: 9204K(10176K)->187K(10176K) Eden: 9087K(9088K)->0K(9088K) From: 116K(1088K)->187K(1088K)
[2025-04-17T09:22:33.918+0000][121.918s][info][gc,heap        ] GC(1106) Tenured: 17683K(22464K)->17688K(22464K)
[2025-04-17T09:22:33.918+0000][121.918s][info][gc,metaspace   ] GC(1106) Metaspace: 37364K(37696K)->37364K(37696K) NonClass: 32938K(33088K)->32938K(33088K) Class: 4425K(4608K)->4425K(4608K)
[2025-04-17T09:22:33.918+0000][121.918s][info][gc             ] GC(1106) Pause Young (Allocation Failure) 26M->17M(31M) 1.471ms
[2025-04-17T09:22:33.918+0000][121.918s][info][gc,cpu         ] GC(1106) User=0.00s Sys=0.00s Real=0.00s
[2025-04-17T09:22:33.970+0000][121.970s][info][gc,start       ] GC(1107) Pause Young (Allocation Failure)
[2025-04-17T09:22:33.971+0000][121.972s][info][gc,heap        ] GC(1107) DefNew: 9265K(10176K)->191K(10176K) Eden: 9077K(9088K)->0K(9088K) From: 187K(1088K)->191K(1088K)
[2025-04-17T09:22:33.971+0000][121.972s][info][gc,heap        ] GC(1107) Tenured: 17688K(22464K)->17690K(22464K)
[2025-04-17T09:22:33.971+0000][121.972s][info][gc,metaspace   ] GC(1107) Metaspace: 37364K(37696K)->37364K(37696K) NonClass: 32938K(33088K)->32938K(33088K) Class: 4425K(4608K)->4425K(4608K)
[2025-04-17T09:22:33.971+0000][121.972s][info][gc             ] GC(1107) Pause Young (Allocation Failure) 26M->17M(31M) 1.463ms
[2025-04-17T09:22:33.971+0000][121.972s][info][gc,cpu         ] GC(1107) User=0.00s Sys=0.00s Real=0.00s
[2025-04-17T09:22:34.065+0000][122.065s][info][gc,start       ] GC(1108) Pause Young (Allocation Failure)
[2025-04-17T09:22:34.066+0000][122.067s][info][gc,heap        ] GC(1108) DefNew: 9279K(10176K)->204K(10176K) Eden: 9087K(9088K)->0K(9088K) From: 191K(1088K)->204K(1088K)
[2025-04-17T09:22:34.066+0000][122.067s][info][gc,heap        ] GC(1108) Tenured: 17690K(22464K)->17691K(22464K)
[2025-04-17T09:22:34.066+0000][122.067s][info][gc,metaspace   ] GC(1108) Metaspace: 37364K(37696K)->37364K(37696K) NonClass: 32938K(33088K)->32938K(33088K) Class: 4425K(4608K)->4425K(4608K)
[2025-04-17T09:22:34.066+0000][122.067s][info][gc             ] GC(1108) Pause Young (Allocation Failure) 26M->17M(31M) 1.489ms
[2025-04-17T09:22:34.066+0000][122.067s][info][gc,cpu         ] GC(1108) User=0.00s Sys=0.00s Real=0.00s
[2025-04-17T09:22:34.118+0000][122.118s][info][gc,start       ] GC(1109) Pause Young (Allocation Failure)
[2025-04-17T09:22:34.119+0000][122.120s][info][gc,heap        ] GC(1109) DefNew: 9292K(10176K)->190K(10176K) Eden: 9087K(9088K)->0K(9088K) From: 204K(1088K)->190K(1088K)
[2025-04-17T09:22:34.119+0000][122.120s][info][gc,heap        ] GC(1109) Tenured: 17691K(22464K)->17692K(22464K)
[2025-04-17T09:22:34.119+0000][122.120s][info][gc,metaspace   ] GC(1109) Metaspace: 37364K(37696K)->37364K(37696K) NonClass: 32938K(33088K)->32938K(33088K) Class: 4425K(4608K)->4425K(4608K)
[2025-04-17T09:22:34.119+0000][122.120s][info][gc             ] GC(1109) Pause Young (Allocation Failure) 26M->17M(31M) 1.486ms
[2025-04-17T09:22:34.119+0000][122.120s][info][gc,cpu         ] GC(1109) User=0.00s Sys=0.00s Real=0.00s
[2025-04-17T09:22:34.201+0000][122.202s][info][gc,start       ] GC(1110) Pause Young (Allocation Failure)
[2025-04-17T09:22:34.203+0000][122.203s][info][gc,heap        ] GC(1110) DefNew: 9278K(10176K)->195K(10176K) Eden: 9087K(9088K)->0K(9088K) From: 190K(1088K)->195K(1088K)
[2025-04-17T09:22:34.203+0000][122.203s][info][gc,heap        ] GC(1110) Tenured: 17692K(22464K)->17692K(22464K)
[2025-04-17T09:22:34.203+0000][122.203s][info][gc,metaspace   ] GC(1110) Metaspace: 37364K(37696K)->37364K(37696K) NonClass: 32938K(33088K)->32938K(33088K) Class: 4425K(4608K)->4425K(4608K)
[2025-04-17T09:22:34.203+0000][122.203s][info][gc             ] GC(1110) Pause Young (Allocation Failure) 26M->17M(31M) 1.447ms
[2025-04-17T09:22:34.203+0000][122.203s][info][gc,cpu         ] GC(1110) User=0.01s Sys=0.00s Real=0.00s
[2025-04-17T09:22:34.373+0000][122.374s][info][gc,start       ] GC(1111) Pause Young (Allocation Failure)
[2025-04-17T09:22:34.375+0000][122.375s][info][gc,heap        ] GC(1111) DefNew: 9283K(10176K)->189K(10176K) Eden: 9087K(9088K)->0K(9088K) From: 195K(1088K)->189K(1088K)
[2025-04-17T09:22:34.375+0000][122.375s][info][gc,heap        ] GC(1111) Tenured: 17692K(22464K)->17692K(22464K)
[2025-04-17T09:22:34.375+0000][122.375s][info][gc,metaspace   ] GC(1111) Metaspace: 37364K(37696K)->37364K(37696K) NonClass: 32938K(33088K)->32938K(33088K) Class: 4425K(4608K)->4425K(4608K)
[2025-04-17T09:22:34.375+0000][122.375s][info][gc             ] GC(1111) Pause Young (Allocation Failure) 26M->17M(31M) 1.452ms
[2025-04-17T09:22:34.375+0000][122.375s][info][gc,cpu         ] GC(1111) User=0.00s Sys=0.00s Real=0.01s
[2025-04-17T09:22:34.554+0000][122.555s][info][gc,start       ] GC(1112) Pause Young (Allocation Failure)
[2025-04-17T09:22:34.555+0000][122.556s][info][gc,heap        ] GC(1112) DefNew: 9277K(10176K)->198K(10176K) Eden: 9088K(9088K)->0K(9088K) From: 189K(1088K)->198K(1088K)
[2025-04-17T09:22:34.555+0000][122.556s][info][gc,heap        ] GC(1112) Tenured: 17692K(22464K)->17694K(22464K)
[2025-04-17T09:22:34.555+0000][122.556s][info][gc,metaspace   ] GC(1112) Metaspace: 37364K(37696K)->37364K(37696K) NonClass: 32938K(33088K)->32938K(33088K) Class: 4425K(4608K)->4425K(4608K)
[2025-04-17T09:22:34.555+0000][122.556s][info][gc             ] GC(1112) Pause Young (Allocation Failure) 26M->17M(31M) 1.485ms
[2025-04-17T09:22:34.555+0000][122.556s][info][gc,cpu         ] GC(1112) User=0.00s Sys=0.00s Real=0.01s
[2025-04-17T09:22:34.832+0000][122.832s][info][gc,start       ] GC(1113) Pause Young (Allocation Failure)
[2025-04-17T09:22:34.833+0000][122.834s][info][gc,heap        ] GC(1113) DefNew: 9286K(10176K)->187K(10176K) Eden: 9087K(9088K)->0K(9088K) From: 198K(1088K)->187K(1088K)
[2025-04-17T09:22:34.833+0000][122.834s][info][gc,heap        ] GC(1113) Tenured: 17694K(22464K)->17696K(22464K)
[2025-04-17T09:22:34.833+0000][122.834s][info][gc,metaspace   ] GC(1113) Metaspace: 37364K(37696K)->37364K(37696K) NonClass: 32938K(33088K)->32938K(33088K) Class: 4425K(4608K)->4425K(4608K)
[2025-04-17T09:22:34.833+0000][122.834s][info][gc             ] GC(1113) Pause Young (Allocation Failure) 26M->17M(31M) 1.444ms
[2025-04-17T09:22:34.833+0000][122.834s][info][gc,cpu         ] GC(1113) User=0.01s Sys=0.00s Real=0.00s
[2025-04-17T09:22:34.927+0000][122.927s][info][gc,start       ] GC(1114) Pause Young (Allocation Failure)
[2025-04-17T09:22:34.928+0000][122.929s][info][gc,heap        ] GC(1114) DefNew: 9268K(10176K)->185K(10176K) Eden: 9080K(9088K)->0K(9088K) From: 187K(1088K)->185K(1088K)
[2025-04-17T09:22:34.928+0000][122.929s][info][gc,heap        ] GC(1114) Tenured: 17696K(22464K)->17696K(22464K)
[2025-04-17T09:22:34.928+0000][122.929s][info][gc,metaspace   ] GC(1114) Metaspace: 37364K(37696K)->37364K(37696K) NonClass: 32938K(33088K)->32938K(33088K) Class: 4425K(4608K)->4425K(4608K)
[2025-04-17T09:22:34.928+0000][122.929s][info][gc             ] GC(1114) Pause Young (Allocation Failure) 26M->17M(31M) 1.415ms
[2025-04-17T09:22:34.928+0000][122.929s][info][gc,cpu         ] GC(1114) User=0.00s Sys=0.00s Real=0.00s
[2025-04-17T09:22:35.005+0000][123.006s][info][gc,start       ] GC(1115) Pause Young (Allocation Failure)
[2025-04-17T09:22:35.006+0000][123.007s][info][gc,heap        ] GC(1115) DefNew: 9273K(10176K)->186K(10176K) Eden: 9087K(9088K)->0K(9088K) From: 185K(1088K)->186K(1088K)
[2025-04-17T09:22:35.006+0000][123.007s][info][gc,heap        ] GC(1115) Tenured: 17696K(22464K)->17696K(22464K)
[2025-04-17T09:22:35.006+0000][123.007s][info][gc,metaspace   ] GC(1115) Metaspace: 37364K(37696K)->37364K(37696K) NonClass: 32938K(33088K)->32938K(33088K) Class: 4425K(4608K)->4425K(4608K)
[2025-04-17T09:22:35.007+0000][123.007s][info][gc             ] GC(1115) Pause Young (Allocation Failure) 26M->17M(31M) 1.448ms
[2025-04-17T09:22:35.007+0000][123.007s][info][gc,cpu         ] GC(1115) User=0.00s Sys=0.00s Real=0.00s
[2025-04-17T09:22:35.200+0000][123.201s][info][gc,start       ] GC(1116) Pause Young (Allocation Failure)
[2025-04-17T09:22:35.202+0000][123.202s][info][gc,heap        ] GC(1116) DefNew: 9269K(10176K)->189K(10176K) Eden: 9082K(9088K)->0K(9088K) From: 186K(1088K)->189K(1088K)
[2025-04-17T09:22:35.202+0000][123.202s][info][gc,heap        ] GC(1116) Tenured: 17696K(22464K)->17696K(22464K)
[2025-04-17T09:22:35.202+0000][123.202s][info][gc,metaspace   ] GC(1116) Metaspace: 37364K(37696K)->37364K(37696K) NonClass: 32938K(33088K)->32938K(33088K) Class: 4425K(4608K)->4425K(4608K)
[2025-04-17T09:22:35.202+0000][123.202s][info][gc             ] GC(1116) Pause Young (Allocation Failure) 26M->17M(31M) 1.439ms
[2025-04-17T09:22:35.202+0000][123.202s][info][gc,cpu         ] GC(1116) User=0.00s Sys=0.00s Real=0.00s
[2025-04-17T09:22:35.320+0000][123.321s][info][gc,start       ] GC(1117) Pause Young (Allocation Failure)
[2025-04-17T09:22:35.321+0000][123.322s][info][gc,heap        ] GC(1117) DefNew: 9277K(10176K)->170K(10176K) Eden: 9088K(9088K)->0K(9088K) From: 189K(1088K)->170K(1088K)
[2025-04-17T09:22:35.321+0000][123.322s][info][gc,heap        ] GC(1117) Tenured: 17696K(22464K)->17715K(22464K)
[2025-04-17T09:22:35.321+0000][123.322s][info][gc,metaspace   ] GC(1117) Metaspace: 37364K(37696K)->37364K(37696K) NonClass: 32938K(33088K)->32938K(33088K) Class: 4425K(4608K)->4425K(4608K)
[2025-04-17T09:22:35.321+0000][123.322s][info][gc             ] GC(1117) Pause Young (Allocation Failure) 26M->17M(31M) 1.470ms
[2025-04-17T09:22:35.321+0000][123.322s][info][gc,cpu         ] GC(1117) User=0.00s Sys=0.00s Real=0.00s
[2025-04-17T09:22:35.499+0000][123.500s][info][gc,start       ] GC(1118) Pause Young (Allocation Failure)
[2025-04-17T09:22:35.501+0000][123.502s][info][gc,heap        ] GC(1118) DefNew: 9258K(10176K)->204K(10176K) Eden: 9088K(9088K)->0K(9088K) From: 170K(1088K)->204K(1088K)
[2025-04-17T09:22:35.501+0000][123.502s][info][gc,heap        ] GC(1118) Tenured: 17715K(22464K)->17715K(22464K)
[2025-04-17T09:22:35.501+0000][123.502s][info][gc,metaspace   ] GC(1118) Metaspace: 37364K(37696K)->37364K(37696K) NonClass: 32938K(33088K)->32938K(33088K) Class: 4425K(4608K)->4425K(4608K)
[2025-04-17T09:22:35.501+0000][123.502s][info][gc             ] GC(1118) Pause Young (Allocation Failure) 26M->17M(31M) 1.732ms
[2025-04-17T09:22:35.501+0000][123.502s][info][gc,cpu         ] GC(1118) User=0.01s Sys=0.00s Real=0.00s
[2025-04-17T09:22:35.780+0000][123.781s][info][gc,start       ] GC(1119) Pause Young (Allocation Failure)
[2025-04-17T09:22:35.782+0000][123.782s][info][gc,heap        ] GC(1119) DefNew: 9292K(10176K)->203K(10176K) Eden: 9088K(9088K)->0K(9088K) From: 204K(1088K)->203K(1088K)
[2025-04-17T09:22:35.782+0000][123.782s][info][gc,heap        ] GC(1119) Tenured: 17715K(22464K)->17715K(22464K)
[2025-04-17T09:22:35.782+0000][123.782s][info][gc,metaspace   ] GC(1119) Metaspace: 37364K(37696K)->37364K(37696K) NonClass: 32938K(33088K)->32938K(33088K) Class: 4425K(4608K)->4425K(4608K)
[2025-04-17T09:22:35.782+0000][123.782s][info][gc             ] GC(1119) Pause Young (Allocation Failure) 26M->17M(31M) 1.573ms
[2025-04-17T09:22:35.782+0000][123.782s][info][gc,cpu         ] GC(1119) User=0.00s Sys=0.00s Real=0.00s
[2025-04-17T09:22:35.990+0000][123.990s][info][gc,start       ] GC(1120) Pause Young (Allocation Failure)
[2025-04-17T09:22:35.991+0000][123.992s][info][gc,heap        ] GC(1120) DefNew: 9291K(10176K)->185K(10176K) Eden: 9088K(9088K)->0K(9088K) From: 203K(1088K)->185K(1088K)
[2025-04-17T09:22:35.991+0000][123.992s][info][gc,heap        ] GC(1120) Tenured: 17715K(22464K)->17715K(22464K)
[2025-04-17T09:22:35.991+0000][123.992s][info][gc,metaspace   ] GC(1120) Metaspace: 37364K(37696K)->37364K(37696K) NonClass: 32938K(33088K)->32938K(33088K) Class: 4425K(4608K)->4425K(4608K)
[2025-04-17T09:22:35.991+0000][123.992s][info][gc             ] GC(1120) Pause Young (Allocation Failure) 26M->17M(31M) 1.499ms
[2025-04-17T09:22:35.991+0000][123.992s][info][gc,cpu         ] GC(1120) User=0.00s Sys=0.00s Real=0.00s
[2025-04-17T09:22:36.183+0000][124.184s][info][gc,start       ] GC(1121) Pause Young (Allocation Failure)
[2025-04-17T09:22:36.185+0000][124.186s][info][gc,heap        ] GC(1121) DefNew: 9273K(10176K)->109K(10176K) Eden: 9088K(9088K)->0K(9088K) From: 185K(1088K)->109K(1088K)
[2025-04-17T09:22:36.185+0000][124.186s][info][gc,heap        ] GC(1121) Tenured: 17715K(22464K)->17807K(22464K)
[2025-04-17T09:22:36.185+0000][124.186s][info][gc,metaspace   ] GC(1121) Metaspace: 37371K(37696K)->37371K(37696K) NonClass: 32946K(33088K)->32946K(33088K) Class: 4425K(4608K)->4425K(4608K)
[2025-04-17T09:22:36.185+0000][124.186s][info][gc             ] GC(1121) Pause Young (Allocation Failure) 26M->17M(31M) 2.026ms
[2025-04-17T09:22:36.185+0000][124.186s][info][gc,cpu         ] GC(1121) User=0.00s Sys=0.00s Real=0.01s
[2025-04-17T09:22:36.362+0000][124.362s][info][gc,start       ] GC(1122) Pause Young (Allocation Failure)
[2025-04-17T09:22:36.363+0000][124.364s][info][gc,heap        ] GC(1122) DefNew: 9197K(10176K)->97K(10176K) Eden: 9088K(9088K)->0K(9088K) From: 109K(1088K)->97K(1088K)
[2025-04-17T09:22:36.363+0000][124.364s][info][gc,heap        ] GC(1122) Tenured: 17807K(22464K)->17807K(22464K)
[2025-04-17T09:22:36.363+0000][124.364s][info][gc,metaspace   ] GC(1122) Metaspace: 37371K(37696K)->37371K(37696K) NonClass: 32946K(33088K)->32946K(33088K) Class: 4425K(4608K)->4425K(4608K)
[2025-04-17T09:22:36.363+0000][124.364s][info][gc             ] GC(1122) Pause Young (Allocation Failure) 26M->17M(31M) 1.513ms
[2025-04-17T09:22:36.363+0000][124.364s][info][gc,cpu         ] GC(1122) User=0.00s Sys=0.00s Real=0.00s
[2025-04-17T09:22:36.443+0000][124.443s][info][gc,start       ] GC(1123) Pause Young (Allocation Failure)
[2025-04-17T09:22:36.444+0000][124.445s][info][gc,heap        ] GC(1123) DefNew: 9185K(10176K)->203K(10176K) Eden: 9087K(9088K)->0K(9088K) From: 97K(1088K)->203K(1088K)
[2025-04-17T09:22:36.444+0000][124.445s][info][gc,heap        ] GC(1123) Tenured: 17807K(22464K)->17807K(22464K)
[2025-04-17T09:22:36.444+0000][124.445s][info][gc,metaspace   ] GC(1123) Metaspace: 37371K(37696K)->37371K(37696K) NonClass: 32946K(33088K)->32946K(33088K) Class: 4425K(4608K)->4425K(4608K)
[2025-04-17T09:22:36.444+0000][124.445s][info][gc             ] GC(1123) Pause Young (Allocation Failure) 26M->17M(31M) 1.632ms
[2025-04-17T09:22:36.444+0000][124.445s][info][gc,cpu         ] GC(1123) User=0.00s Sys=0.00s Real=0.01s
[2025-04-17T09:22:36.645+0000][124.646s][info][gc,start       ] GC(1124) Pause Young (Allocation Failure)
[2025-04-17T09:22:36.647+0000][124.647s][info][gc,heap        ] GC(1124) DefNew: 9291K(10176K)->99K(10176K) Eden: 9087K(9088K)->0K(9088K) From: 203K(1088K)->99K(1088K)
[2025-04-17T09:22:36.647+0000][124.647s][info][gc,heap        ] GC(1124) Tenured: 17807K(22464K)->17809K(22464K)
[2025-04-17T09:22:36.647+0000][124.647s][info][gc,metaspace   ] GC(1124) Metaspace: 37371K(37696K)->37371K(37696K) NonClass: 32946K(33088K)->32946K(33088K) Class: 4425K(4608K)->4425K(4608K)
[2025-04-17T09:22:36.647+0000][124.647s][info][gc             ] GC(1124) Pause Young (Allocation Failure) 26M->17M(31M) 1.805ms
[2025-04-17T09:22:36.647+0000][124.647s][info][gc,cpu         ] GC(1124) User=0.00s Sys=0.00s Real=0.00s
[2025-04-17T09:22:36.754+0000][124.755s][info][gc,start       ] GC(1125) Pause Young (Allocation Failure)
[2025-04-17T09:22:36.756+0000][124.756s][info][gc,heap        ] GC(1125) DefNew: 9187K(10176K)->112K(10176K) Eden: 9088K(9088K)->0K(9088K) From: 99K(1088K)->112K(1088K)
[2025-04-17T09:22:36.756+0000][124.756s][info][gc,heap        ] GC(1125) Tenured: 17809K(22464K)->17809K(22464K)
[2025-04-17T09:22:36.756+0000][124.756s][info][gc,metaspace   ] GC(1125) Metaspace: 37371K(37696K)->37371K(37696K) NonClass: 32946K(33088K)->32946K(33088K) Class: 4425K(4608K)->4425K(4608K)
[2025-04-17T09:22:36.756+0000][124.756s][info][gc             ] GC(1125) Pause Young (Allocation Failure) 26M->17M(31M) 1.544ms
[2025-04-17T09:22:36.756+0000][124.756s][info][gc,cpu         ] GC(1125) User=0.00s Sys=0.00s Real=0.00s
[2025-04-17T09:22:36.859+0000][124.860s][info][gc,start       ] GC(1126) Pause Young (Allocation Failure)
[2025-04-17T09:22:36.860+0000][124.861s][info][gc,heap        ] GC(1126) DefNew: 9200K(10176K)->99K(10176K) Eden: 9087K(9088K)->0K(9088K) From: 112K(1088K)->99K(1088K)
[2025-04-17T09:22:36.860+0000][124.861s][info][gc,heap        ] GC(1126) Tenured: 17809K(22464K)->17810K(22464K)
[2025-04-17T09:22:36.860+0000][124.861s][info][gc,metaspace   ] GC(1126) Metaspace: 37371K(37696K)->37371K(37696K) NonClass: 32946K(33088K)->32946K(33088K) Class: 4425K(4608K)->4425K(4608K)
[2025-04-17T09:22:36.861+0000][124.861s][info][gc             ] GC(1126) Pause Young (Allocation Failure) 26M->17M(31M) 1.471ms
[2025-04-17T09:22:36.861+0000][124.861s][info][gc,cpu         ] GC(1126) User=0.00s Sys=0.00s Real=0.00s
[2025-04-17T09:22:36.933+0000][124.934s][info][gc,start       ] GC(1127) Pause Young (Allocation Failure)
[2025-04-17T09:22:36.935+0000][124.935s][info][gc,heap        ] GC(1127) DefNew: 9181K(10176K)->101K(10176K) Eden: 9082K(9088K)->0K(9088K) From: 99K(1088K)->101K(1088K)
[2025-04-17T09:22:36.935+0000][124.935s][info][gc,heap        ] GC(1127) Tenured: 17810K(22464K)->17810K(22464K)
[2025-04-17T09:22:36.935+0000][124.935s][info][gc,metaspace   ] GC(1127) Metaspace: 37371K(37696K)->37371K(37696K) NonClass: 32946K(33088K)->32946K(33088K) Class: 4425K(4608K)->4425K(4608K)
[2025-04-17T09:22:36.935+0000][124.935s][info][gc             ] GC(1127) Pause Young (Allocation Failure) 26M->17M(31M) 1.407ms
[2025-04-17T09:22:36.935+0000][124.935s][info][gc,cpu         ] GC(1127) User=0.00s Sys=0.00s Real=0.01s
[2025-04-17T09:22:37.072+0000][125.073s][info][gc,start       ] GC(1128) Pause Young (Allocation Failure)
[2025-04-17T09:22:37.074+0000][125.075s][info][gc,heap        ] GC(1128) DefNew: 9174K(10176K)->99K(10176K) Eden: 9072K(9088K)->0K(9088K) From: 101K(1088K)->99K(1088K)
[2025-04-17T09:22:37.074+0000][125.075s][info][gc,heap        ] GC(1128) Tenured: 17810K(22464K)->17811K(22464K)
[2025-04-17T09:22:37.074+0000][125.075s][info][gc,metaspace   ] GC(1128) Metaspace: 37371K(37696K)->37371K(37696K) NonClass: 32946K(33088K)->32946K(33088K) Class: 4425K(4608K)->4425K(4608K)
[2025-04-17T09:22:37.074+0000][125.075s][info][gc             ] GC(1128) Pause Young (Allocation Failure) 26M->17M(31M) 1.476ms
[2025-04-17T09:22:37.074+0000][125.075s][info][gc,cpu         ] GC(1128) User=0.00s Sys=0.00s Real=0.00s
[2025-04-17T09:22:37.198+0000][125.199s][info][gc,start       ] GC(1129) Pause Young (Allocation Failure)
[2025-04-17T09:22:37.200+0000][125.201s][info][gc,heap        ] GC(1129) DefNew: 9187K(10176K)->115K(10176K) Eden: 9087K(9088K)->0K(9088K) From: 99K(1088K)->115K(1088K)
[2025-04-17T09:22:37.200+0000][125.201s][info][gc,heap        ] GC(1129) Tenured: 17811K(22464K)->17811K(22464K)
[2025-04-17T09:22:37.200+0000][125.201s][info][gc,metaspace   ] GC(1129) Metaspace: 37371K(37696K)->37371K(37696K) NonClass: 32946K(33088K)->32946K(33088K) Class: 4425K(4608K)->4425K(4608K)
[2025-04-17T09:22:37.200+0000][125.201s][info][gc             ] GC(1129) Pause Young (Allocation Failure) 26M->17M(31M) 1.596ms
[2025-04-17T09:22:37.200+0000][125.201s][info][gc,cpu         ] GC(1129) User=0.00s Sys=0.00s Real=0.00s
[2025-04-17T09:22:37.324+0000][125.325s][info][gc,start       ] GC(1130) Pause Young (Allocation Failure)
[2025-04-17T09:22:37.326+0000][125.326s][info][gc,heap        ] GC(1130) DefNew: 9203K(10176K)->112K(10176K) Eden: 9088K(9088K)->0K(9088K) From: 115K(1088K)->112K(1088K)
[2025-04-17T09:22:37.326+0000][125.326s][info][gc,heap        ] GC(1130) Tenured: 17811K(22464K)->17812K(22464K)
[2025-04-17T09:22:37.326+0000][125.326s][info][gc,metaspace   ] GC(1130) Metaspace: 37371K(37696K)->37371K(37696K) NonClass: 32946K(33088K)->32946K(33088K) Class: 4425K(4608K)->4425K(4608K)
[2025-04-17T09:22:37.326+0000][125.326s][info][gc             ] GC(1130) Pause Young (Allocation Failure) 26M->17M(31M) 1.555ms
[2025-04-17T09:22:37.326+0000][125.326s][info][gc,cpu         ] GC(1130) User=0.00s Sys=0.00s Real=0.00s
[2025-04-17T09:22:37.405+0000][125.405s][info][gc,start       ] GC(1131) Pause Young (Allocation Failure)
[2025-04-17T09:22:37.406+0000][125.407s][info][gc,heap        ] GC(1131) DefNew: 9200K(10176K)->95K(10176K) Eden: 9088K(9088K)->0K(9088K) From: 112K(1088K)->95K(1088K)
[2025-04-17T09:22:37.406+0000][125.407s][info][gc,heap        ] GC(1131) Tenured: 17812K(22464K)->17816K(22464K)
[2025-04-17T09:22:37.406+0000][125.407s][info][gc,metaspace   ] GC(1131) Metaspace: 37371K(37696K)->37371K(37696K) NonClass: 32946K(33088K)->32946K(33088K) Class: 4425K(4608K)->4425K(4608K)
[2025-04-17T09:22:37.406+0000][125.407s][info][gc             ] GC(1131) Pause Young (Allocation Failure) 26M->17M(31M) 1.498ms
[2025-04-17T09:22:37.406+0000][125.407s][info][gc,cpu         ] GC(1131) User=0.00s Sys=0.00s Real=0.00s
[2025-04-17T09:22:37.536+0000][125.537s][info][gc,start       ] GC(1132) Pause Young (Allocation Failure)
[2025-04-17T09:22:37.538+0000][125.538s][info][gc,heap        ] GC(1132) DefNew: 9183K(10176K)->110K(10176K) Eden: 9087K(9088K)->0K(9088K) From: 95K(1088K)->110K(1088K)
[2025-04-17T09:22:37.538+0000][125.538s][info][gc,heap        ] GC(1132) Tenured: 17816K(22464K)->17816K(22464K)
[2025-04-17T09:22:37.538+0000][125.538s][info][gc,metaspace   ] GC(1132) Metaspace: 37371K(37696K)->37371K(37696K) NonClass: 32946K(33088K)->32946K(33088K) Class: 4425K(4608K)->4425K(4608K)
[2025-04-17T09:22:37.538+0000][125.538s][info][gc             ] GC(1132) Pause Young (Allocation Failure) 26M->17M(31M) 1.415ms
[2025-04-17T09:22:37.538+0000][125.538s][info][gc,cpu         ] GC(1132) User=0.00s Sys=0.00s Real=0.00s
[2025-04-17T09:22:37.637+0000][125.638s][info][gc,start       ] GC(1133) Pause Young (Allocation Failure)
[2025-04-17T09:22:37.638+0000][125.639s][info][gc,heap        ] GC(1133) DefNew: 9198K(10176K)->125K(10176K) Eden: 9088K(9088K)->0K(9088K) From: 110K(1088K)->125K(1088K)
[2025-04-17T09:22:37.638+0000][125.639s][info][gc,heap        ] GC(1133) Tenured: 17816K(22464K)->17822K(22464K)
[2025-04-17T09:22:37.638+0000][125.639s][info][gc,metaspace   ] GC(1133) Metaspace: 37371K(37696K)->37371K(37696K) NonClass: 32946K(33088K)->32946K(33088K) Class: 4425K(4608K)->4425K(4608K)
[2025-04-17T09:22:37.639+0000][125.639s][info][gc             ] GC(1133) Pause Young (Allocation Failure) 26M->17M(31M) 1.637ms
[2025-04-17T09:22:37.639+0000][125.639s][info][gc,cpu         ] GC(1133) User=0.00s Sys=0.00s Real=0.00s
[2025-04-17T09:22:37.680+0000][125.681s][info][gc,start       ] GC(1134) Pause Young (Allocation Failure)
[2025-04-17T09:22:37.682+0000][125.682s][info][gc,heap        ] GC(1134) DefNew: 9213K(10176K)->88K(10176K) Eden: 9087K(9088K)->0K(9088K) From: 125K(1088K)->88K(1088K)
[2025-04-17T09:22:37.682+0000][125.682s][info][gc,heap        ] GC(1134) Tenured: 17822K(22464K)->17827K(22464K)
[2025-04-17T09:22:37.682+0000][125.682s][info][gc,metaspace   ] GC(1134) Metaspace: 37371K(37696K)->37371K(37696K) NonClass: 32946K(33088K)->32946K(33088K) Class: 4425K(4608K)->4425K(4608K)
[2025-04-17T09:22:37.682+0000][125.682s][info][gc             ] GC(1134) Pause Young (Allocation Failure) 26M->17M(31M) 1.421ms
[2025-04-17T09:22:37.682+0000][125.682s][info][gc,cpu         ] GC(1134) User=0.00s Sys=0.00s Real=0.00s
[2025-04-17T09:22:37.746+0000][125.747s][info][gc,start       ] GC(1135) Pause Young (Allocation Failure)
[2025-04-17T09:22:37.747+0000][125.748s][info][gc,heap        ] GC(1135) DefNew: 9176K(10176K)->95K(10176K) Eden: 9088K(9088K)->0K(9088K) From: 88K(1088K)->95K(1088K)
[2025-04-17T09:22:37.747+0000][125.748s][info][gc,heap        ] GC(1135) Tenured: 17827K(22464K)->17827K(22464K)
[2025-04-17T09:22:37.747+0000][125.748s][info][gc,metaspace   ] GC(1135) Metaspace: 37371K(37696K)->37371K(37696K) NonClass: 32946K(33088K)->32946K(33088K) Class: 4425K(4608K)->4425K(4608K)
[2025-04-17T09:22:37.747+0000][125.748s][info][gc             ] GC(1135) Pause Young (Allocation Failure) 26M->17M(31M) 1.545ms
[2025-04-17T09:22:37.747+0000][125.748s][info][gc,cpu         ] GC(1135) User=0.00s Sys=0.00s Real=0.00s
[2025-04-17T09:22:37.858+0000][125.859s][info][gc,start       ] GC(1136) Pause Young (Allocation Failure)
[2025-04-17T09:22:37.860+0000][125.860s][info][gc,heap        ] GC(1136) DefNew: 9183K(10176K)->89K(10176K) Eden: 9088K(9088K)->0K(9088K) From: 95K(1088K)->89K(1088K)
[2025-04-17T09:22:37.860+0000][125.860s][info][gc,heap        ] GC(1136) Tenured: 17827K(22464K)->17827K(22464K)
[2025-04-17T09:22:37.860+0000][125.860s][info][gc,metaspace   ] GC(1136) Metaspace: 37371K(37696K)->37371K(37696K) NonClass: 32946K(33088K)->32946K(33088K) Class: 4425K(4608K)->4425K(4608K)
[2025-04-17T09:22:37.860+0000][125.860s][info][gc             ] GC(1136) Pause Young (Allocation Failure) 26M->17M(31M) 1.446ms
[2025-04-17T09:22:37.860+0000][125.860s][info][gc,cpu         ] GC(1136) User=0.00s Sys=0.00s Real=0.00s
[2025-04-17T09:22:37.943+0000][125.944s][info][gc,start       ] GC(1137) Pause Young (Allocation Failure)
[2025-04-17T09:22:37.945+0000][125.945s][info][gc,heap        ] GC(1137) DefNew: 9177K(10176K)->97K(10176K) Eden: 9087K(9088K)->0K(9088K) From: 89K(1088K)->97K(1088K)
[2025-04-17T09:22:37.945+0000][125.945s][info][gc,heap        ] GC(1137) Tenured: 17827K(22464K)->17832K(22464K)
[2025-04-17T09:22:37.945+0000][125.945s][info][gc,metaspace   ] GC(1137) Metaspace: 37371K(37696K)->37371K(37696K) NonClass: 32946K(33088K)->32946K(33088K) Class: 4425K(4608K)->4425K(4608K)
[2025-04-17T09:22:37.945+0000][125.945s][info][gc             ] GC(1137) Pause Young (Allocation Failure) 26M->17M(31M) 1.451ms
[2025-04-17T09:22:37.945+0000][125.945s][info][gc,cpu         ] GC(1137) User=0.00s Sys=0.00s Real=0.01s
[2025-04-17T09:22:38.066+0000][126.067s][info][gc,start       ] GC(1138) Pause Young (Allocation Failure)
[2025-04-17T09:22:38.068+0000][126.068s][info][gc,heap        ] GC(1138) DefNew: 9185K(10176K)->83K(10176K) Eden: 9087K(9088K)->0K(9088K) From: 97K(1088K)->83K(1088K)
[2025-04-17T09:22:38.068+0000][126.068s][info][gc,heap        ] GC(1138) Tenured: 17832K(22464K)->17833K(22464K)
[2025-04-17T09:22:38.068+0000][126.068s][info][gc,metaspace   ] GC(1138) Metaspace: 37371K(37696K)->37371K(37696K) NonClass: 32946K(33088K)->32946K(33088K) Class: 4425K(4608K)->4425K(4608K)
[2025-04-17T09:22:38.068+0000][126.068s][info][gc             ] GC(1138) Pause Young (Allocation Failure) 26M->17M(31M) 1.500ms
[2025-04-17T09:22:38.068+0000][126.068s][info][gc,cpu         ] GC(1138) User=0.00s Sys=0.00s Real=0.00s
[2025-04-17T09:22:38.143+0000][126.144s][info][gc,start       ] GC(1139) Pause Young (Allocation Failure)
[2025-04-17T09:22:38.145+0000][126.145s][info][gc,heap        ] GC(1139) DefNew: 9171K(10176K)->98K(10176K) Eden: 9087K(9088K)->0K(9088K) From: 83K(1088K)->98K(1088K)
[2025-04-17T09:22:38.145+0000][126.145s][info][gc,heap        ] GC(1139) Tenured: 17833K(22464K)->17835K(22464K)
[2025-04-17T09:22:38.145+0000][126.145s][info][gc,metaspace   ] GC(1139) Metaspace: 37371K(37696K)->37371K(37696K) NonClass: 32946K(33088K)->32946K(33088K) Class: 4425K(4608K)->4425K(4608K)
[2025-04-17T09:22:38.145+0000][126.145s][info][gc             ] GC(1139) Pause Young (Allocation Failure) 26M->17M(31M) 1.510ms
[2025-04-17T09:22:38.145+0000][126.145s][info][gc,cpu         ] GC(1139) User=0.00s Sys=0.00s Real=0.01s
[2025-04-17T09:22:38.287+0000][126.288s][info][gc,start       ] GC(1140) Pause Young (Allocation Failure)
[2025-04-17T09:22:38.289+0000][126.289s][info][gc,heap        ] GC(1140) DefNew: 9186K(10176K)->79K(10176K) Eden: 9088K(9088K)->0K(9088K) From: 98K(1088K)->79K(1088K)
[2025-04-17T09:22:38.289+0000][126.289s][info][gc,heap        ] GC(1140) Tenured: 17835K(22464K)->17836K(22464K)
[2025-04-17T09:22:38.289+0000][126.289s][info][gc,metaspace   ] GC(1140) Metaspace: 37371K(37696K)->37371K(37696K) NonClass: 32946K(33088K)->32946K(33088K) Class: 4425K(4608K)->4425K(4608K)
[2025-04-17T09:22:38.289+0000][126.289s][info][gc             ] GC(1140) Pause Young (Allocation Failure) 26M->17M(31M) 1.439ms
[2025-04-17T09:22:38.289+0000][126.289s][info][gc,cpu         ] GC(1140) User=0.00s Sys=0.00s Real=0.00s
[2025-04-17T09:22:38.414+0000][126.415s][info][gc,start       ] GC(1141) Pause Young (Allocation Failure)
[2025-04-17T09:22:38.416+0000][126.416s][info][gc,heap        ] GC(1141) DefNew: 9167K(10176K)->95K(10176K) Eden: 9088K(9088K)->0K(9088K) From: 79K(1088K)->95K(1088K)
[2025-04-17T09:22:38.416+0000][126.416s][info][gc,heap        ] GC(1141) Tenured: 17836K(22464K)->17836K(22464K)
[2025-04-17T09:22:38.416+0000][126.416s][info][gc,metaspace   ] GC(1141) Metaspace: 37371K(37696K)->37371K(37696K) NonClass: 32946K(33088K)->32946K(33088K) Class: 4425K(4608K)->4425K(4608K)
[2025-04-17T09:22:38.416+0000][126.416s][info][gc             ] GC(1141) Pause Young (Allocation Failure) 26M->17M(31M) 1.519ms
[2025-04-17T09:22:38.416+0000][126.416s][info][gc,cpu         ] GC(1141) User=0.00s Sys=0.00s Real=0.00s
[2025-04-17T09:22:38.532+0000][126.533s][info][gc,start       ] GC(1142) Pause Young (Allocation Failure)
[2025-04-17T09:22:38.533+0000][126.534s][info][gc,heap        ] GC(1142) DefNew: 9183K(10176K)->79K(10176K) Eden: 9088K(9088K)->0K(9088K) From: 95K(1088K)->79K(1088K)
[2025-04-17T09:22:38.533+0000][126.534s][info][gc,heap        ] GC(1142) Tenured: 17836K(22464K)->17836K(22464K)
[2025-04-17T09:22:38.533+0000][126.534s][info][gc,metaspace   ] GC(1142) Metaspace: 37371K(37696K)->37371K(37696K) NonClass: 32946K(33088K)->32946K(33088K) Class: 4425K(4608K)->4425K(4608K)
[2025-04-17T09:22:38.533+0000][126.534s][info][gc             ] GC(1142) Pause Young (Allocation Failure) 26M->17M(31M) 1.389ms
[2025-04-17T09:22:38.533+0000][126.534s][info][gc,cpu         ] GC(1142) User=0.00s Sys=0.00s Real=0.00s
[2025-04-17T09:22:38.660+0000][126.661s][info][gc,start       ] GC(1143) Pause Young (Allocation Failure)
[2025-04-17T09:22:38.662+0000][126.662s][info][gc,heap        ] GC(1143) DefNew: 9167K(10176K)->108K(10176K) Eden: 9088K(9088K)->0K(9088K) From: 79K(1088K)->108K(1088K)
[2025-04-17T09:22:38.662+0000][126.662s][info][gc,heap        ] GC(1143) Tenured: 17836K(22464K)->17836K(22464K)
[2025-04-17T09:22:38.662+0000][126.662s][info][gc,metaspace   ] GC(1143) Metaspace: 37371K(37696K)->37371K(37696K) NonClass: 32946K(33088K)->32946K(33088K) Class: 4425K(4608K)->4425K(4608K)
[2025-04-17T09:22:38.662+0000][126.662s][info][gc             ] GC(1143) Pause Young (Allocation Failure) 26M->17M(31M) 1.460ms
[2025-04-17T09:22:38.662+0000][126.662s][info][gc,cpu         ] GC(1143) User=0.00s Sys=0.00s Real=0.00s
[2025-04-17T09:22:38.760+0000][126.760s][info][gc,start       ] GC(1144) Pause Young (Allocation Failure)
[2025-04-17T09:22:38.761+0000][126.762s][info][gc,heap        ] GC(1144) DefNew: 9196K(10176K)->80K(10176K) Eden: 9088K(9088K)->0K(9088K) From: 108K(1088K)->80K(1088K)
[2025-04-17T09:22:38.761+0000][126.762s][info][gc,heap        ] GC(1144) Tenured: 17836K(22464K)->17836K(22464K)
[2025-04-17T09:22:38.761+0000][126.762s][info][gc,metaspace   ] GC(1144) Metaspace: 37371K(37696K)->37371K(37696K) NonClass: 32946K(33088K)->32946K(33088K) Class: 4425K(4608K)->4425K(4608K)
[2025-04-17T09:22:38.761+0000][126.762s][info][gc             ] GC(1144) Pause Young (Allocation Failure) 26M->17M(31M) 1.401ms
[2025-04-17T09:22:38.761+0000][126.762s][info][gc,cpu         ] GC(1144) User=0.00s Sys=0.00s Real=0.00s
[2025-04-17T09:22:38.874+0000][126.875s][info][gc,start       ] GC(1145) Pause Young (Allocation Failure)
[2025-04-17T09:22:38.876+0000][126.876s][info][gc,heap        ] GC(1145) DefNew: 9168K(10176K)->76K(10176K) Eden: 9087K(9088K)->0K(9088K) From: 80K(1088K)->76K(1088K)
[2025-04-17T09:22:38.876+0000][126.876s][info][gc,heap        ] GC(1145) Tenured: 17836K(22464K)->17836K(22464K)
[2025-04-17T09:22:38.876+0000][126.876s][info][gc,metaspace   ] GC(1145) Metaspace: 37371K(37696K)->37371K(37696K) NonClass: 32946K(33088K)->32946K(33088K) Class: 4425K(4608K)->4425K(4608K)
[2025-04-17T09:22:38.876+0000][126.876s][info][gc             ] GC(1145) Pause Young (Allocation Failure) 26M->17M(31M) 1.460ms
[2025-04-17T09:22:38.876+0000][126.876s][info][gc,cpu         ] GC(1145) User=0.00s Sys=0.00s Real=0.00s
[2025-04-17T09:22:38.970+0000][126.971s][info][gc,start       ] GC(1146) Pause Young (Allocation Failure)
[2025-04-17T09:22:38.972+0000][126.972s][info][gc,heap        ] GC(1146) DefNew: 9164K(10176K)->113K(10176K) Eden: 9087K(9088K)->0K(9088K) From: 76K(1088K)->113K(1088K)
[2025-04-17T09:22:38.972+0000][126.972s][info][gc,heap        ] GC(1146) Tenured: 17836K(22464K)->17836K(22464K)
[2025-04-17T09:22:38.972+0000][126.972s][info][gc,metaspace   ] GC(1146) Metaspace: 37371K(37696K)->37371K(37696K) NonClass: 32946K(33088K)->32946K(33088K) Class: 4425K(4608K)->4425K(4608K)
[2025-04-17T09:22:38.972+0000][126.972s][info][gc             ] GC(1146) Pause Young (Allocation Failure) 26M->17M(31M) 1.451ms
[2025-04-17T09:22:38.972+0000][126.973s][info][gc,cpu         ] GC(1146) User=0.00s Sys=0.00s Real=0.00s
[2025-04-17T09:22:39.069+0000][127.070s][info][gc,start       ] GC(1147) Pause Young (Allocation Failure)
[2025-04-17T09:22:39.070+0000][127.071s][info][gc,heap        ] GC(1147) DefNew: 9201K(10176K)->82K(10176K) Eden: 9087K(9088K)->0K(9088K) From: 113K(1088K)->82K(1088K)
[2025-04-17T09:22:39.071+0000][127.071s][info][gc,heap        ] GC(1147) Tenured: 17836K(22464K)->17837K(22464K)
[2025-04-17T09:22:39.071+0000][127.071s][info][gc,metaspace   ] GC(1147) Metaspace: 37371K(37696K)->37371K(37696K) NonClass: 32946K(33088K)->32946K(33088K) Class: 4425K(4608K)->4425K(4608K)
[2025-04-17T09:22:39.071+0000][127.071s][info][gc             ] GC(1147) Pause Young (Allocation Failure) 26M->17M(31M) 1.436ms
[2025-04-17T09:22:39.071+0000][127.071s][info][gc,cpu         ] GC(1147) User=0.00s Sys=0.00s Real=0.00s
[2025-04-17T09:22:39.116+0000][127.117s][info][gc,start       ] GC(1148) Pause Young (Allocation Failure)
[2025-04-17T09:22:39.118+0000][127.118s][info][gc,heap        ] GC(1148) DefNew: 9170K(10176K)->93K(10176K) Eden: 9087K(9088K)->0K(9088K) From: 82K(1088K)->93K(1088K)
[2025-04-17T09:22:39.118+0000][127.118s][info][gc,heap        ] GC(1148) Tenured: 17837K(22464K)->17841K(22464K)
[2025-04-17T09:22:39.118+0000][127.118s][info][gc,metaspace   ] GC(1148) Metaspace: 37371K(37696K)->37371K(37696K) NonClass: 32946K(33088K)->32946K(33088K) Class: 4425K(4608K)->4425K(4608K)
[2025-04-17T09:22:39.118+0000][127.118s][info][gc             ] GC(1148) Pause Young (Allocation Failure) 26M->17M(31M) 1.427ms
[2025-04-17T09:22:39.118+0000][127.118s][info][gc,cpu         ] GC(1148) User=0.00s Sys=0.00s Real=0.00s
[2025-04-17T09:22:39.344+0000][127.344s][info][gc,start       ] GC(1149) Pause Young (Allocation Failure)
[2025-04-17T09:22:39.345+0000][127.346s][info][gc,heap        ] GC(1149) DefNew: 9181K(10176K)->78K(10176K) Eden: 9087K(9088K)->0K(9088K) From: 93K(1088K)->78K(1088K)
[2025-04-17T09:22:39.345+0000][127.346s][info][gc,heap        ] GC(1149) Tenured: 17841K(22464K)->17841K(22464K)
[2025-04-17T09:22:39.345+0000][127.346s][info][gc,metaspace   ] GC(1149) Metaspace: 37371K(37696K)->37371K(37696K) NonClass: 32946K(33088K)->32946K(33088K) Class: 4425K(4608K)->4425K(4608K)
[2025-04-17T09:22:39.345+0000][127.346s][info][gc             ] GC(1149) Pause Young (Allocation Failure) 26M->17M(31M) 1.444ms
[2025-04-17T09:22:39.345+0000][127.346s][info][gc,cpu         ] GC(1149) User=0.00s Sys=0.00s Real=0.01s
[2025-04-17T09:22:39.524+0000][127.524s][info][gc,start       ] GC(1150) Pause Young (Allocation Failure)
[2025-04-17T09:22:39.525+0000][127.526s][info][gc,heap        ] GC(1150) DefNew: 9166K(10176K)->102K(10176K) Eden: 9088K(9088K)->0K(9088K) From: 78K(1088K)->102K(1088K)
[2025-04-17T09:22:39.525+0000][127.526s][info][gc,heap        ] GC(1150) Tenured: 17841K(22464K)->17841K(22464K)
[2025-04-17T09:22:39.525+0000][127.526s][info][gc,metaspace   ] GC(1150) Metaspace: 37371K(37696K)->37371K(37696K) NonClass: 32946K(33088K)->32946K(33088K) Class: 4425K(4608K)->4425K(4608K)
[2025-04-17T09:22:39.525+0000][127.526s][info][gc             ] GC(1150) Pause Young (Allocation Failure) 26M->17M(31M) 1.503ms
[2025-04-17T09:22:39.525+0000][127.526s][info][gc,cpu         ] GC(1150) User=0.00s Sys=0.00s Real=0.01s
[2025-04-17T09:22:39.598+0000][127.599s][info][gc,start       ] GC(1151) Pause Young (Allocation Failure)
[2025-04-17T09:22:39.600+0000][127.600s][info][gc,heap        ] GC(1151) DefNew: 9189K(10176K)->95K(10176K) Eden: 9086K(9088K)->0K(9088K) From: 102K(1088K)->95K(1088K)
[2025-04-17T09:22:39.600+0000][127.601s][info][gc,heap        ] GC(1151) Tenured: 17841K(22464K)->17841K(22464K)
[2025-04-17T09:22:39.600+0000][127.601s][info][gc,metaspace   ] GC(1151) Metaspace: 37371K(37696K)->37371K(37696K) NonClass: 32946K(33088K)->32946K(33088K) Class: 4425K(4608K)->4425K(4608K)
[2025-04-17T09:22:39.600+0000][127.601s][info][gc             ] GC(1151) Pause Young (Allocation Failure) 26M->17M(31M) 1.462ms
[2025-04-17T09:22:39.600+0000][127.601s][info][gc,cpu         ] GC(1151) User=0.00s Sys=0.00s Real=0.00s
[2025-04-17T09:22:39.703+0000][127.704s][info][gc,start       ] GC(1152) Pause Young (Allocation Failure)
[2025-04-17T09:22:39.705+0000][127.705s][info][gc,heap        ] GC(1152) DefNew: 9183K(10176K)->88K(10176K) Eden: 9087K(9088K)->0K(9088K) From: 95K(1088K)->88K(1088K)
[2025-04-17T09:22:39.705+0000][127.705s][info][gc,heap        ] GC(1152) Tenured: 17841K(22464K)->17842K(22464K)
[2025-04-17T09:22:39.705+0000][127.705s][info][gc,metaspace   ] GC(1152) Metaspace: 37371K(37696K)->37371K(37696K) NonClass: 32946K(33088K)->32946K(33088K) Class: 4425K(4608K)->4425K(4608K)
[2025-04-17T09:22:39.705+0000][127.705s][info][gc             ] GC(1152) Pause Young (Allocation Failure) 26M->17M(31M) 1.486ms
[2025-04-17T09:22:39.705+0000][127.705s][info][gc,cpu         ] GC(1152) User=0.00s Sys=0.00s Real=0.01s
[2025-04-17T09:22:39.827+0000][127.827s][info][gc,start       ] GC(1153) Pause Young (Allocation Failure)
[2025-04-17T09:22:39.828+0000][127.829s][info][gc,heap        ] GC(1153) DefNew: 9176K(10176K)->75K(10176K) Eden: 9088K(9088K)->0K(9088K) From: 88K(1088K)->75K(1088K)
[2025-04-17T09:22:39.828+0000][127.829s][info][gc,heap        ] GC(1153) Tenured: 17842K(22464K)->17843K(22464K)
[2025-04-17T09:22:39.828+0000][127.829s][info][gc,metaspace   ] GC(1153) Metaspace: 37371K(37696K)->37371K(37696K) NonClass: 32946K(33088K)->32946K(33088K) Class: 4425K(4608K)->4425K(4608K)
[2025-04-17T09:22:39.828+0000][127.829s][info][gc             ] GC(1153) Pause Young (Allocation Failure) 26M->17M(31M) 1.399ms
[2025-04-17T09:22:39.828+0000][127.829s][info][gc,cpu         ] GC(1153) User=0.00s Sys=0.00s Real=0.00s
[2025-04-17T09:22:39.899+0000][127.899s][info][gc,start       ] GC(1154) Pause Young (Allocation Failure)
[2025-04-17T09:22:39.900+0000][127.901s][info][gc,heap        ] GC(1154) DefNew: 9163K(10176K)->98K(10176K) Eden: 9088K(9088K)->0K(9088K) From: 75K(1088K)->98K(1088K)
[2025-04-17T09:22:39.900+0000][127.901s][info][gc,heap        ] GC(1154) Tenured: 17843K(22464K)->17844K(22464K)
[2025-04-17T09:22:39.900+0000][127.901s][info][gc,metaspace   ] GC(1154) Metaspace: 37371K(37696K)->37371K(37696K) NonClass: 32946K(33088K)->32946K(33088K) Class: 4425K(4608K)->4425K(4608K)
[2025-04-17T09:22:39.900+0000][127.901s][info][gc             ] GC(1154) Pause Young (Allocation Failure) 26M->17M(31M) 1.402ms
[2025-04-17T09:22:39.900+0000][127.901s][info][gc,cpu         ] GC(1154) User=0.00s Sys=0.00s Real=0.00s
[2025-04-17T09:22:40.006+0000][128.007s][info][gc,start       ] GC(1155) Pause Young (Allocation Failure)
[2025-04-17T09:22:40.008+0000][128.009s][info][gc,heap        ] GC(1155) DefNew: 9186K(10176K)->104K(10176K) Eden: 9088K(9088K)->0K(9088K) From: 98K(1088K)->104K(1088K)
[2025-04-17T09:22:40.008+0000][128.009s][info][gc,heap        ] GC(1155) Tenured: 17844K(22464K)->17844K(22464K)
[2025-04-17T09:22:40.008+0000][128.009s][info][gc,metaspace   ] GC(1155) Metaspace: 37371K(37696K)->37371K(37696K) NonClass: 32946K(33088K)->32946K(33088K) Class: 4425K(4608K)->4425K(4608K)
[2025-04-17T09:22:40.008+0000][128.009s][info][gc             ] GC(1155) Pause Young (Allocation Failure) 26M->17M(31M) 1.525ms
[2025-04-17T09:22:40.008+0000][128.009s][info][gc,cpu         ] GC(1155) User=0.00s Sys=0.00s Real=0.00s
[2025-04-17T09:22:40.216+0000][128.217s][info][gc,start       ] GC(1156) Pause Young (Allocation Failure)
[2025-04-17T09:22:40.218+0000][128.219s][info][gc,heap        ] GC(1156) DefNew: 9192K(10176K)->92K(10176K) Eden: 9088K(9088K)->0K(9088K) From: 104K(1088K)->92K(1088K)
[2025-04-17T09:22:40.218+0000][128.219s][info][gc,heap        ] GC(1156) Tenured: 17844K(22464K)->17844K(22464K)
[2025-04-17T09:22:40.218+0000][128.219s][info][gc,metaspace   ] GC(1156) Metaspace: 37371K(37696K)->37371K(37696K) NonClass: 32946K(33088K)->32946K(33088K) Class: 4425K(4608K)->4425K(4608K)
[2025-04-17T09:22:40.218+0000][128.219s][info][gc             ] GC(1156) Pause Young (Allocation Failure) 26M->17M(31M) 1.643ms
[2025-04-17T09:22:40.218+0000][128.219s][info][gc,cpu         ] GC(1156) User=0.00s Sys=0.00s Real=0.00s
[2025-04-17T09:22:40.309+0000][128.309s][info][gc,start       ] GC(1157) Pause Young (Allocation Failure)
[2025-04-17T09:22:40.310+0000][128.311s][info][gc,heap        ] GC(1157) DefNew: 9180K(10176K)->120K(10176K) Eden: 9088K(9088K)->0K(9088K) From: 92K(1088K)->120K(1088K)
[2025-04-17T09:22:40.310+0000][128.311s][info][gc,heap        ] GC(1157) Tenured: 17844K(22464K)->17844K(22464K)
[2025-04-17T09:22:40.310+0000][128.311s][info][gc,metaspace   ] GC(1157) Metaspace: 37371K(37696K)->37371K(37696K) NonClass: 32946K(33088K)->32946K(33088K) Class: 4425K(4608K)->4425K(4608K)
[2025-04-17T09:22:40.310+0000][128.311s][info][gc             ] GC(1157) Pause Young (Allocation Failure) 26M->17M(31M) 1.495ms
[2025-04-17T09:22:40.310+0000][128.311s][info][gc,cpu         ] GC(1157) User=0.00s Sys=0.00s Real=0.00s
[2025-04-17T09:22:40.374+0000][128.375s][info][gc,start       ] GC(1158) Pause Young (Allocation Failure)
[2025-04-17T09:22:40.375+0000][128.376s][info][gc,heap        ] GC(1158) DefNew: 9201K(10176K)->74K(10176K) Eden: 9080K(9088K)->0K(9088K) From: 120K(1088K)->74K(1088K)
[2025-04-17T09:22:40.375+0000][128.376s][info][gc,heap        ] GC(1158) Tenured: 17844K(22464K)->17844K(22464K)
[2025-04-17T09:22:40.375+0000][128.376s][info][gc,metaspace   ] GC(1158) Metaspace: 37371K(37696K)->37371K(37696K) NonClass: 32946K(33088K)->32946K(33088K) Class: 4425K(4608K)->4425K(4608K)
[2025-04-17T09:22:40.375+0000][128.376s][info][gc             ] GC(1158) Pause Young (Allocation Failure) 26M->17M(31M) 1.365ms
[2025-04-17T09:22:40.375+0000][128.376s][info][gc,cpu         ] GC(1158) User=0.00s Sys=0.00s Real=0.01s
[2025-04-17T09:22:40.481+0000][128.482s][info][gc,start       ] GC(1159) Pause Young (Allocation Failure)
[2025-04-17T09:22:40.483+0000][128.483s][info][gc,heap        ] GC(1159) DefNew: 9162K(10176K)->109K(10176K) Eden: 9088K(9088K)->0K(9088K) From: 74K(1088K)->109K(1088K)
[2025-04-17T09:22:40.483+0000][128.483s][info][gc,heap        ] GC(1159) Tenured: 17844K(22464K)->17844K(22464K)
[2025-04-17T09:22:40.483+0000][128.483s][info][gc,metaspace   ] GC(1159) Metaspace: 37371K(37696K)->37371K(37696K) NonClass: 32946K(33088K)->32946K(33088K) Class: 4425K(4608K)->4425K(4608K)
[2025-04-17T09:22:40.483+0000][128.483s][info][gc             ] GC(1159) Pause Young (Allocation Failure) 26M->17M(31M) 1.639ms
[2025-04-17T09:22:40.483+0000][128.483s][info][gc,cpu         ] GC(1159) User=0.00s Sys=0.00s Real=0.00s
[2025-04-17T09:22:40.602+0000][128.602s][info][gc,start       ] GC(1160) Pause Young (Allocation Failure)
[2025-04-17T09:22:40.603+0000][128.604s][info][gc,heap        ] GC(1160) DefNew: 9197K(10176K)->86K(10176K) Eden: 9088K(9088K)->0K(9088K) From: 109K(1088K)->86K(1088K)
[2025-04-17T09:22:40.603+0000][128.604s][info][gc,heap        ] GC(1160) Tenured: 17844K(22464K)->17844K(22464K)
[2025-04-17T09:22:40.603+0000][128.604s][info][gc,metaspace   ] GC(1160) Metaspace: 37371K(37696K)->37371K(37696K) NonClass: 32946K(33088K)->32946K(33088K) Class: 4425K(4608K)->4425K(4608K)
[2025-04-17T09:22:40.603+0000][128.604s][info][gc             ] GC(1160) Pause Young (Allocation Failure) 26M->17M(31M) 1.513ms
[2025-04-17T09:22:40.603+0000][128.604s][info][gc,cpu         ] GC(1160) User=0.00s Sys=0.00s Real=0.00s
[2025-04-17T09:22:40.743+0000][128.744s][info][gc,start       ] GC(1161) Pause Young (Allocation Failure)
[2025-04-17T09:22:40.745+0000][128.745s][info][gc,heap        ] GC(1161) DefNew: 9173K(10176K)->94K(10176K) Eden: 9087K(9088K)->0K(9088K) From: 86K(1088K)->94K(1088K)
[2025-04-17T09:22:40.745+0000][128.745s][info][gc,heap        ] GC(1161) Tenured: 17844K(22464K)->17845K(22464K)
[2025-04-17T09:22:40.745+0000][128.745s][info][gc,metaspace   ] GC(1161) Metaspace: 37371K(37696K)->37371K(37696K) NonClass: 32946K(33088K)->32946K(33088K) Class: 4425K(4608K)->4425K(4608K)
[2025-04-17T09:22:40.745+0000][128.746s][info][gc             ] GC(1161) Pause Young (Allocation Failure) 26M->17M(31M) 1.433ms
[2025-04-17T09:22:40.745+0000][128.746s][info][gc,cpu         ] GC(1161) User=0.00s Sys=0.00s Real=0.01s
[2025-04-17T09:22:40.889+0000][128.889s][info][gc,start       ] GC(1162) Pause Young (Allocation Failure)
[2025-04-17T09:22:40.890+0000][128.891s][info][gc,heap        ] GC(1162) DefNew: 9182K(10176K)->78K(10176K) Eden: 9088K(9088K)->0K(9088K) From: 94K(1088K)->78K(1088K)
[2025-04-17T09:22:40.890+0000][128.891s][info][gc,heap        ] GC(1162) Tenured: 17845K(22464K)->17845K(22464K)
[2025-04-17T09:22:40.890+0000][128.891s][info][gc,metaspace   ] GC(1162) Metaspace: 37371K(37696K)->37371K(37696K) NonClass: 32946K(33088K)->32946K(33088K) Class: 4425K(4608K)->4425K(4608K)
[2025-04-17T09:22:40.890+0000][128.891s][info][gc             ] GC(1162) Pause Young (Allocation Failure) 26M->17M(31M) 1.388ms
[2025-04-17T09:22:40.890+0000][128.891s][info][gc,cpu         ] GC(1162) User=0.00s Sys=0.00s Real=0.00s
[2025-04-17T09:22:40.974+0000][128.974s][info][gc,start       ] GC(1163) Pause Young (Allocation Failure)
[2025-04-17T09:22:40.975+0000][128.976s][info][gc,heap        ] GC(1163) DefNew: 9166K(10176K)->93K(10176K) Eden: 9088K(9088K)->0K(9088K) From: 78K(1088K)->93K(1088K)
[2025-04-17T09:22:40.975+0000][128.976s][info][gc,heap        ] GC(1163) Tenured: 17845K(22464K)->17846K(22464K)
[2025-04-17T09:22:40.975+0000][128.976s][info][gc,metaspace   ] GC(1163) Metaspace: 37371K(37696K)->37371K(37696K) NonClass: 32946K(33088K)->32946K(33088K) Class: 4425K(4608K)->4425K(4608K)
[2025-04-17T09:22:40.975+0000][128.976s][info][gc             ] GC(1163) Pause Young (Allocation Failure) 26M->17M(31M) 1.410ms
[2025-04-17T09:22:40.975+0000][128.976s][info][gc,cpu         ] GC(1163) User=0.01s Sys=0.00s Real=0.01s
[2025-04-17T09:22:41.052+0000][129.052s][info][gc,start       ] GC(1164) Pause Young (Allocation Failure)
[2025-04-17T09:22:41.053+0000][129.054s][info][gc,heap        ] GC(1164) DefNew: 9181K(10176K)->96K(10176K) Eden: 9087K(9088K)->0K(9088K) From: 93K(1088K)->96K(1088K)
[2025-04-17T09:22:41.053+0000][129.054s][info][gc,heap        ] GC(1164) Tenured: 17846K(22464K)->17846K(22464K)
[2025-04-17T09:22:41.053+0000][129.054s][info][gc,metaspace   ] GC(1164) Metaspace: 37371K(37696K)->37371K(37696K) NonClass: 32946K(33088K)->32946K(33088K) Class: 4425K(4608K)->4425K(4608K)
[2025-04-17T09:22:41.053+0000][129.054s][info][gc             ] GC(1164) Pause Young (Allocation Failure) 26M->17M(31M) 1.448ms
[2025-04-17T09:22:41.053+0000][129.054s][info][gc,cpu         ] GC(1164) User=0.00s Sys=0.00s Real=0.00s
[2025-04-17T09:22:41.154+0000][129.155s][info][gc,start       ] GC(1165) Pause Young (Allocation Failure)
[2025-04-17T09:22:41.156+0000][129.156s][info][gc,heap        ] GC(1165) DefNew: 9177K(10176K)->94K(10176K) Eden: 9080K(9088K)->0K(9088K) From: 96K(1088K)->94K(1088K)
[2025-04-17T09:22:41.156+0000][129.156s][info][gc,heap        ] GC(1165) Tenured: 17846K(22464K)->17846K(22464K)
[2025-04-17T09:22:41.156+0000][129.156s][info][gc,metaspace   ] GC(1165) Metaspace: 37371K(37696K)->37371K(37696K) NonClass: 32946K(33088K)->32946K(33088K) Class: 4425K(4608K)->4425K(4608K)
[2025-04-17T09:22:41.156+0000][129.156s][info][gc             ] GC(1165) Pause Young (Allocation Failure) 26M->17M(31M) 1.406ms
[2025-04-17T09:22:41.156+0000][129.156s][info][gc,cpu         ] GC(1165) User=0.00s Sys=0.00s Real=0.00s
[2025-04-17T09:22:41.201+0000][129.202s][info][gc,start       ] GC(1166) Pause Young (Allocation Failure)
[2025-04-17T09:22:41.202+0000][129.203s][info][gc,heap        ] GC(1166) DefNew: 9182K(10176K)->111K(10176K) Eden: 9087K(9088K)->0K(9088K) From: 94K(1088K)->111K(1088K)
[2025-04-17T09:22:41.202+0000][129.203s][info][gc,heap        ] GC(1166) Tenured: 17846K(22464K)->17846K(22464K)
[2025-04-17T09:22:41.202+0000][129.203s][info][gc,metaspace   ] GC(1166) Metaspace: 37371K(37696K)->37371K(37696K) NonClass: 32946K(33088K)->32946K(33088K) Class: 4425K(4608K)->4425K(4608K)
[2025-04-17T09:22:41.202+0000][129.203s][info][gc             ] GC(1166) Pause Young (Allocation Failure) 26M->17M(31M) 1.399ms
[2025-04-17T09:22:41.202+0000][129.203s][info][gc,cpu         ] GC(1166) User=0.01s Sys=0.00s Real=0.00s
[2025-04-17T09:22:41.264+0000][129.265s][info][gc,start       ] GC(1167) Pause Young (Allocation Failure)
[2025-04-17T09:22:41.265+0000][129.266s][info][gc,heap        ] GC(1167) DefNew: 9199K(10176K)->98K(10176K) Eden: 9087K(9088K)->0K(9088K) From: 111K(1088K)->98K(1088K)
[2025-04-17T09:22:41.265+0000][129.266s][info][gc,heap        ] GC(1167) Tenured: 17846K(22464K)->17846K(22464K)
[2025-04-17T09:22:41.265+0000][129.266s][info][gc,metaspace   ] GC(1167) Metaspace: 37371K(37696K)->37371K(37696K) NonClass: 32946K(33088K)->32946K(33088K) Class: 4425K(4608K)->4425K(4608K)
[2025-04-17T09:22:41.265+0000][129.266s][info][gc             ] GC(1167) Pause Young (Allocation Failure) 26M->17M(31M) 1.440ms
[2025-04-17T09:22:41.265+0000][129.266s][info][gc,cpu         ] GC(1167) User=0.00s Sys=0.00s Real=0.01s
[2025-04-17T09:22:41.343+0000][129.343s][info][gc,start       ] GC(1168) Pause Young (Allocation Failure)
[2025-04-17T09:22:41.344+0000][129.345s][info][gc,heap        ] GC(1168) DefNew: 9182K(10176K)->93K(10176K) Eden: 9084K(9088K)->0K(9088K) From: 98K(1088K)->93K(1088K)
[2025-04-17T09:22:41.344+0000][129.345s][info][gc,heap        ] GC(1168) Tenured: 17846K(22464K)->17847K(22464K)
[2025-04-17T09:22:41.344+0000][129.345s][info][gc,metaspace   ] GC(1168) Metaspace: 37371K(37696K)->37371K(37696K) NonClass: 32946K(33088K)->32946K(33088K) Class: 4425K(4608K)->4425K(4608K)
[2025-04-17T09:22:41.344+0000][129.345s][info][gc             ] GC(1168) Pause Young (Allocation Failure) 26M->17M(31M) 1.398ms
[2025-04-17T09:22:41.344+0000][129.345s][info][gc,cpu         ] GC(1168) User=0.01s Sys=0.00s Real=0.00s
[2025-04-17T09:22:41.425+0000][129.426s][info][gc,start       ] GC(1169) Pause Young (Allocation Failure)
[2025-04-17T09:22:41.427+0000][129.427s][info][gc,heap        ] GC(1169) DefNew: 9178K(10176K)->108K(10176K) Eden: 9085K(9088K)->0K(9088K) From: 93K(1088K)->108K(1088K)
[2025-04-17T09:22:41.427+0000][129.427s][info][gc,heap        ] GC(1169) Tenured: 17847K(22464K)->17847K(22464K)
[2025-04-17T09:22:41.427+0000][129.427s][info][gc,metaspace   ] GC(1169) Metaspace: 37371K(37696K)->37371K(37696K) NonClass: 32946K(33088K)->32946K(33088K) Class: 4425K(4608K)->4425K(4608K)
[2025-04-17T09:22:41.427+0000][129.428s][info][gc             ] GC(1169) Pause Young (Allocation Failure) 26M->17M(31M) 1.442ms
[2025-04-17T09:22:41.427+0000][129.428s][info][gc,cpu         ] GC(1169) User=0.01s Sys=0.00s Real=0.00s
[2025-04-17T09:22:41.485+0000][129.486s][info][gc,start       ] GC(1170) Pause Young (Allocation Failure)
[2025-04-17T09:22:41.486+0000][129.487s][info][gc,heap        ] GC(1170) DefNew: 9196K(10176K)->112K(10176K) Eden: 9088K(9088K)->0K(9088K) From: 108K(1088K)->112K(1088K)
[2025-04-17T09:22:41.486+0000][129.487s][info][gc,heap        ] GC(1170) Tenured: 17847K(22464K)->17848K(22464K)
[2025-04-17T09:22:41.486+0000][129.487s][info][gc,metaspace   ] GC(1170) Metaspace: 37371K(37696K)->37371K(37696K) NonClass: 32946K(33088K)->32946K(33088K) Class: 4425K(4608K)->4425K(4608K)
[2025-04-17T09:22:41.486+0000][129.487s][info][gc             ] GC(1170) Pause Young (Allocation Failure) 26M->17M(31M) 1.345ms
[2025-04-17T09:22:41.486+0000][129.487s][info][gc,cpu         ] GC(1170) User=0.00s Sys=0.01s Real=0.00s
[2025-04-17T09:22:41.685+0000][129.686s][info][gc,start       ] GC(1171) Pause Young (Allocation Failure)
[2025-04-17T09:22:41.686+0000][129.687s][info][gc,heap        ] GC(1171) DefNew: 9194K(10176K)->140K(10176K) Eden: 9082K(9088K)->0K(9088K) From: 112K(1088K)->140K(1088K)
[2025-04-17T09:22:41.687+0000][129.687s][info][gc,heap        ] GC(1171) Tenured: 17848K(22464K)->17848K(22464K)
[2025-04-17T09:22:41.687+0000][129.687s][info][gc,metaspace   ] GC(1171) Metaspace: 37371K(37696K)->37371K(37696K) NonClass: 32946K(33088K)->32946K(33088K) Class: 4425K(4608K)->4425K(4608K)
[2025-04-17T09:22:41.687+0000][129.687s][info][gc             ] GC(1171) Pause Young (Allocation Failure) 26M->17M(31M) 1.555ms
[2025-04-17T09:22:41.687+0000][129.687s][info][gc,cpu         ] GC(1171) User=0.00s Sys=0.00s Real=0.00s
[2025-04-17T09:22:41.763+0000][129.763s][info][gc,start       ] GC(1172) Pause Young (Allocation Failure)
[2025-04-17T09:22:41.764+0000][129.765s][info][gc,heap        ] GC(1172) DefNew: 9228K(10176K)->124K(10176K) Eden: 9087K(9088K)->0K(9088K) From: 140K(1088K)->124K(1088K)
[2025-04-17T09:22:41.764+0000][129.765s][info][gc,heap        ] GC(1172) Tenured: 17848K(22464K)->17848K(22464K)
[2025-04-17T09:22:41.764+0000][129.765s][info][gc,metaspace   ] GC(1172) Metaspace: 37371K(37696K)->37371K(37696K) NonClass: 32946K(33088K)->32946K(33088K) Class: 4425K(4608K)->4425K(4608K)
[2025-04-17T09:22:41.764+0000][129.765s][info][gc             ] GC(1172) Pause Young (Allocation Failure) 26M->17M(31M) 1.511ms
[2025-04-17T09:22:41.764+0000][129.765s][info][gc,cpu         ] GC(1172) User=0.00s Sys=0.00s Real=0.01s
[2025-04-17T09:22:41.911+0000][129.911s][info][gc,start       ] GC(1173) Pause Young (Allocation Failure)
[2025-04-17T09:22:41.912+0000][129.913s][info][gc,heap        ] GC(1173) DefNew: 9211K(10176K)->130K(10176K) Eden: 9087K(9088K)->0K(9088K) From: 124K(1088K)->130K(1088K)
[2025-04-17T09:22:41.912+0000][129.913s][info][gc,heap        ] GC(1173) Tenured: 17848K(22464K)->17848K(22464K)
[2025-04-17T09:22:41.912+0000][129.913s][info][gc,metaspace   ] GC(1173) Metaspace: 37371K(37696K)->37371K(37696K) NonClass: 32946K(33088K)->32946K(33088K) Class: 4425K(4608K)->4425K(4608K)
[2025-04-17T09:22:41.912+0000][129.913s][info][gc             ] GC(1173) Pause Young (Allocation Failure) 26M->17M(31M) 1.461ms
[2025-04-17T09:22:41.912+0000][129.913s][info][gc,cpu         ] GC(1173) User=0.00s Sys=0.00s Real=0.00s
[2025-04-17T09:22:42.024+0000][130.025s][info][gc,start       ] GC(1174) Pause Young (Allocation Failure)
[2025-04-17T09:22:42.026+0000][130.026s][info][gc,heap        ] GC(1174) DefNew: 9218K(10176K)->120K(10176K) Eden: 9087K(9088K)->0K(9088K) From: 130K(1088K)->120K(1088K)
[2025-04-17T09:22:42.026+0000][130.026s][info][gc,heap        ] GC(1174) Tenured: 17848K(22464K)->17849K(22464K)
[2025-04-17T09:22:42.026+0000][130.026s][info][gc,metaspace   ] GC(1174) Metaspace: 37371K(37696K)->37371K(37696K) NonClass: 32946K(33088K)->32946K(33088K) Class: 4425K(4608K)->4425K(4608K)
[2025-04-17T09:22:42.026+0000][130.026s][info][gc             ] GC(1174) Pause Young (Allocation Failure) 26M->17M(31M) 1.541ms
[2025-04-17T09:22:42.026+0000][130.026s][info][gc,cpu         ] GC(1174) User=0.00s Sys=0.00s Real=0.00s
[2025-04-17T09:22:42.119+0000][130.120s][info][gc,start       ] GC(1175) Pause Young (Allocation Failure)
[2025-04-17T09:22:42.120+0000][130.121s][info][gc,heap        ] GC(1175) DefNew: 9208K(10176K)->125K(10176K) Eden: 9087K(9088K)->0K(9088K) From: 120K(1088K)->125K(1088K)
[2025-04-17T09:22:42.120+0000][130.121s][info][gc,heap        ] GC(1175) Tenured: 17849K(22464K)->17851K(22464K)
[2025-04-17T09:22:42.120+0000][130.121s][info][gc,metaspace   ] GC(1175) Metaspace: 37371K(37696K)->37371K(37696K) NonClass: 32946K(33088K)->32946K(33088K) Class: 4425K(4608K)->4425K(4608K)
[2025-04-17T09:22:42.120+0000][130.121s][info][gc             ] GC(1175) Pause Young (Allocation Failure) 26M->17M(31M) 1.380ms
[2025-04-17T09:22:42.120+0000][130.121s][info][gc,cpu         ] GC(1175) User=0.00s Sys=0.00s Real=0.00s
[2025-04-17T09:22:42.201+0000][130.202s][info][gc,start       ] GC(1176) Pause Young (Allocation Failure)
[2025-04-17T09:22:42.203+0000][130.204s][info][gc,heap        ] GC(1176) DefNew: 9213K(10176K)->110K(10176K) Eden: 9087K(9088K)->0K(9088K) From: 125K(1088K)->110K(1088K)
[2025-04-17T09:22:42.203+0000][130.204s][info][gc,heap        ] GC(1176) Tenured: 17851K(22464K)->17851K(22464K)
[2025-04-17T09:22:42.203+0000][130.204s][info][gc,metaspace   ] GC(1176) Metaspace: 37371K(37696K)->37371K(37696K) NonClass: 32946K(33088K)->32946K(33088K) Class: 4425K(4608K)->4425K(4608K)
[2025-04-17T09:22:42.203+0000][130.204s][info][gc             ] GC(1176) Pause Young (Allocation Failure) 26M->17M(31M) 1.786ms
[2025-04-17T09:22:42.203+0000][130.204s][info][gc,cpu         ] GC(1176) User=0.00s Sys=0.00s Real=0.00s
[2025-04-17T09:22:42.334+0000][130.334s][info][gc,start       ] GC(1177) Pause Young (Allocation Failure)
[2025-04-17T09:22:42.335+0000][130.336s][info][gc,heap        ] GC(1177) DefNew: 9198K(10176K)->125K(10176K) Eden: 9088K(9088K)->0K(9088K) From: 110K(1088K)->125K(1088K)
[2025-04-17T09:22:42.335+0000][130.336s][info][gc,heap        ] GC(1177) Tenured: 17851K(22464K)->17851K(22464K)
[2025-04-17T09:22:42.335+0000][130.336s][info][gc,metaspace   ] GC(1177) Metaspace: 37371K(37696K)->37371K(37696K) NonClass: 32946K(33088K)->32946K(33088K) Class: 4425K(4608K)->4425K(4608K)
[2025-04-17T09:22:42.335+0000][130.336s][info][gc             ] GC(1177) Pause Young (Allocation Failure) 26M->17M(31M) 1.372ms
[2025-04-17T09:22:42.335+0000][130.336s][info][gc,cpu         ] GC(1177) User=0.01s Sys=0.00s Real=0.01s
[2025-04-17T09:22:42.418+0000][130.418s][info][gc,start       ] GC(1178) Pause Young (Allocation Failure)
[2025-04-17T09:22:42.419+0000][130.420s][info][gc,heap        ] GC(1178) DefNew: 9205K(10176K)->128K(10176K) Eden: 9079K(9088K)->0K(9088K) From: 125K(1088K)->128K(1088K)
[2025-04-17T09:22:42.419+0000][130.420s][info][gc,heap        ] GC(1178) Tenured: 17851K(22464K)->17851K(22464K)
[2025-04-17T09:22:42.419+0000][130.420s][info][gc,metaspace   ] GC(1178) Metaspace: 37371K(37696K)->37371K(37696K) NonClass: 32946K(33088K)->32946K(33088K) Class: 4425K(4608K)->4425K(4608K)
[2025-04-17T09:22:42.419+0000][130.420s][info][gc             ] GC(1178) Pause Young (Allocation Failure) 26M->17M(31M) 1.362ms
[2025-04-17T09:22:42.419+0000][130.420s][info][gc,cpu         ] GC(1178) User=0.00s Sys=0.00s Real=0.00s
[2025-04-17T09:22:42.592+0000][130.593s][info][gc,start       ] GC(1179) Pause Young (Allocation Failure)
[2025-04-17T09:22:42.593+0000][130.594s][info][gc,heap        ] GC(1179) DefNew: 9216K(10176K)->106K(10176K) Eden: 9088K(9088K)->0K(9088K) From: 128K(1088K)->106K(1088K)
[2025-04-17T09:22:42.593+0000][130.594s][info][gc,heap        ] GC(1179) Tenured: 17851K(22464K)->17870K(22464K)
[2025-04-17T09:22:42.593+0000][130.594s][info][gc,metaspace   ] GC(1179) Metaspace: 37371K(37696K)->37371K(37696K) NonClass: 32946K(33088K)->32946K(33088K) Class: 4425K(4608K)->4425K(4608K)
[2025-04-17T09:22:42.593+0000][130.594s][info][gc             ] GC(1179) Pause Young (Allocation Failure) 26M->17M(31M) 1.374ms
[2025-04-17T09:22:42.593+0000][130.594s][info][gc,cpu         ] GC(1179) User=0.00s Sys=0.00s Real=0.00s
[2025-04-17T09:22:42.671+0000][130.672s][info][gc,start       ] GC(1180) Pause Young (Allocation Failure)
[2025-04-17T09:22:42.673+0000][130.673s][info][gc,heap        ] GC(1180) DefNew: 9193K(10176K)->111K(10176K) Eden: 9087K(9088K)->0K(9088K) From: 106K(1088K)->111K(1088K)
[2025-04-17T09:22:42.673+0000][130.673s][info][gc,heap        ] GC(1180) Tenured: 17870K(22464K)->17870K(22464K)
[2025-04-17T09:22:42.673+0000][130.673s][info][gc,metaspace   ] GC(1180) Metaspace: 37371K(37696K)->37371K(37696K) NonClass: 32946K(33088K)->32946K(33088K) Class: 4425K(4608K)->4425K(4608K)
[2025-04-17T09:22:42.673+0000][130.673s][info][gc             ] GC(1180) Pause Young (Allocation Failure) 26M->17M(31M) 1.356ms
[2025-04-17T09:22:42.673+0000][130.673s][info][gc,cpu         ] GC(1180) User=0.00s Sys=0.00s Real=0.00s
[2025-04-17T09:22:42.798+0000][130.799s][info][gc,start       ] GC(1181) Pause Young (Allocation Failure)
[2025-04-17T09:22:42.799+0000][130.800s][info][gc,heap        ] GC(1181) DefNew: 9199K(10176K)->108K(10176K) Eden: 9088K(9088K)->0K(9088K) From: 111K(1088K)->108K(1088K)
[2025-04-17T09:22:42.799+0000][130.800s][info][gc,heap        ] GC(1181) Tenured: 17870K(22464K)->17870K(22464K)
[2025-04-17T09:22:42.799+0000][130.800s][info][gc,metaspace   ] GC(1181) Metaspace: 37371K(37696K)->37371K(37696K) NonClass: 32946K(33088K)->32946K(33088K) Class: 4425K(4608K)->4425K(4608K)
[2025-04-17T09:22:42.799+0000][130.800s][info][gc             ] GC(1181) Pause Young (Allocation Failure) 26M->17M(31M) 1.445ms
[2025-04-17T09:22:42.799+0000][130.800s][info][gc,cpu         ] GC(1181) User=0.00s Sys=0.00s Real=0.00s
[2025-04-17T09:22:42.912+0000][130.912s][info][gc,start       ] GC(1182) Pause Young (Allocation Failure)
[2025-04-17T09:22:42.913+0000][130.914s][info][gc,heap        ] GC(1182) DefNew: 9196K(10176K)->115K(10176K) Eden: 9088K(9088K)->0K(9088K) From: 108K(1088K)->115K(1088K)
[2025-04-17T09:22:42.913+0000][130.914s][info][gc,heap        ] GC(1182) Tenured: 17870K(22464K)->17870K(22464K)
[2025-04-17T09:22:42.913+0000][130.914s][info][gc,metaspace   ] GC(1182) Metaspace: 37371K(37696K)->37371K(37696K) NonClass: 32946K(33088K)->32946K(33088K) Class: 4425K(4608K)->4425K(4608K)
[2025-04-17T09:22:42.913+0000][130.914s][info][gc             ] GC(1182) Pause Young (Allocation Failure) 26M->17M(31M) 1.385ms
[2025-04-17T09:22:42.913+0000][130.914s][info][gc,cpu         ] GC(1182) User=0.00s Sys=0.00s Real=0.00s
[2025-04-17T09:22:43.046+0000][131.047s][info][gc,start       ] GC(1183) Pause Young (Allocation Failure)
[2025-04-17T09:22:43.048+0000][131.048s][info][gc,heap        ] GC(1183) DefNew: 9203K(10176K)->89K(10176K) Eden: 9088K(9088K)->0K(9088K) From: 115K(1088K)->89K(1088K)
[2025-04-17T09:22:43.048+0000][131.048s][info][gc,heap        ] GC(1183) Tenured: 17870K(22464K)->17870K(22464K)
[2025-04-17T09:22:43.048+0000][131.048s][info][gc,metaspace   ] GC(1183) Metaspace: 37371K(37696K)->37371K(37696K) NonClass: 32946K(33088K)->32946K(33088K) Class: 4425K(4608K)->4425K(4608K)
[2025-04-17T09:22:43.048+0000][131.048s][info][gc             ] GC(1183) Pause Young (Allocation Failure) 26M->17M(31M) 1.569ms
[2025-04-17T09:22:43.048+0000][131.048s][info][gc,cpu         ] GC(1183) User=0.01s Sys=0.00s Real=0.00s
[2025-04-17T09:22:43.103+0000][131.104s][info][gc,start       ] GC(1184) Pause Young (Allocation Failure)
[2025-04-17T09:22:43.105+0000][131.105s][info][gc,heap        ] GC(1184) DefNew: 9177K(10176K)->94K(10176K) Eden: 9088K(9088K)->0K(9088K) From: 89K(1088K)->94K(1088K)
[2025-04-17T09:22:43.105+0000][131.105s][info][gc,heap        ] GC(1184) Tenured: 17870K(22464K)->17870K(22464K)
[2025-04-17T09:22:43.105+0000][131.105s][info][gc,metaspace   ] GC(1184) Metaspace: 37371K(37696K)->37371K(37696K) NonClass: 32946K(33088K)->32946K(33088K) Class: 4425K(4608K)->4425K(4608K)
[2025-04-17T09:22:43.105+0000][131.105s][info][gc             ] GC(1184) Pause Young (Allocation Failure) 26M->17M(31M) 1.370ms
[2025-04-17T09:22:43.105+0000][131.105s][info][gc,cpu         ] GC(1184) User=0.00s Sys=0.00s Real=0.01s
[2025-04-17T09:22:43.265+0000][131.266s][info][gc,start       ] GC(1185) Pause Young (Allocation Failure)
[2025-04-17T09:22:43.267+0000][131.267s][info][gc,heap        ] GC(1185) DefNew: 9181K(10176K)->114K(10176K) Eden: 9087K(9088K)->0K(9088K) From: 94K(1088K)->114K(1088K)
[2025-04-17T09:22:43.267+0000][131.267s][info][gc,heap        ] GC(1185) Tenured: 17870K(22464K)->17870K(22464K)
[2025-04-17T09:22:43.267+0000][131.267s][info][gc,metaspace   ] GC(1185) Metaspace: 37371K(37696K)->37371K(37696K) NonClass: 32946K(33088K)->32946K(33088K) Class: 4425K(4608K)->4425K(4608K)
[2025-04-17T09:22:43.267+0000][131.267s][info][gc             ] GC(1185) Pause Young (Allocation Failure) 26M->17M(31M) 1.360ms
[2025-04-17T09:22:43.267+0000][131.267s][info][gc,cpu         ] GC(1185) User=0.00s Sys=0.00s Real=0.00s
[2025-04-17T09:22:43.433+0000][131.433s][info][gc,start       ] GC(1186) Pause Young (Allocation Failure)
[2025-04-17T09:22:43.434+0000][131.435s][info][gc,heap        ] GC(1186) DefNew: 9202K(10176K)->105K(10176K) Eden: 9088K(9088K)->0K(9088K) From: 114K(1088K)->105K(1088K)
[2025-04-17T09:22:43.434+0000][131.435s][info][gc,heap        ] GC(1186) Tenured: 17870K(22464K)->17889K(22464K)
[2025-04-17T09:22:43.434+0000][131.435s][info][gc,metaspace   ] GC(1186) Metaspace: 37371K(37696K)->37371K(37696K) NonClass: 32946K(33088K)->32946K(33088K) Class: 4425K(4608K)->4425K(4608K)
[2025-04-17T09:22:43.434+0000][131.435s][info][gc             ] GC(1186) Pause Young (Allocation Failure) 26M->17M(31M) 1.431ms
[2025-04-17T09:22:43.434+0000][131.435s][info][gc,cpu         ] GC(1186) User=0.00s Sys=0.00s Real=0.01s
[2025-04-17T09:22:43.525+0000][131.526s][info][gc,start       ] GC(1187) Pause Young (Allocation Failure)
[2025-04-17T09:22:43.527+0000][131.527s][info][gc,heap        ] GC(1187) DefNew: 9193K(10176K)->112K(10176K) Eden: 9088K(9088K)->0K(9088K) From: 105K(1088K)->112K(1088K)
[2025-04-17T09:22:43.527+0000][131.527s][info][gc,heap        ] GC(1187) Tenured: 17889K(22464K)->17889K(22464K)
[2025-04-17T09:22:43.527+0000][131.527s][info][gc,metaspace   ] GC(1187) Metaspace: 37371K(37696K)->37371K(37696K) NonClass: 32946K(33088K)->32946K(33088K) Class: 4425K(4608K)->4425K(4608K)
[2025-04-17T09:22:43.527+0000][131.527s][info][gc             ] GC(1187) Pause Young (Allocation Failure) 26M->17M(31M) 1.405ms
[2025-04-17T09:22:43.527+0000][131.528s][info][gc,cpu         ] GC(1187) User=0.00s Sys=0.00s Real=0.00s
[2025-04-17T09:22:43.638+0000][131.639s][info][gc,start       ] GC(1188) Pause Young (Allocation Failure)
[2025-04-17T09:22:43.639+0000][131.640s][info][gc,heap        ] GC(1188) DefNew: 9200K(10176K)->97K(10176K) Eden: 9087K(9088K)->0K(9088K) From: 112K(1088K)->97K(1088K)
[2025-04-17T09:22:43.640+0000][131.640s][info][gc,heap        ] GC(1188) Tenured: 17889K(22464K)->17889K(22464K)
[2025-04-17T09:22:43.640+0000][131.640s][info][gc,metaspace   ] GC(1188) Metaspace: 37371K(37696K)->37371K(37696K) NonClass: 32946K(33088K)->32946K(33088K) Class: 4425K(4608K)->4425K(4608K)
[2025-04-17T09:22:43.640+0000][131.640s][info][gc             ] GC(1188) Pause Young (Allocation Failure) 26M->17M(31M) 1.495ms
[2025-04-17T09:22:43.640+0000][131.640s][info][gc,cpu         ] GC(1188) User=0.00s Sys=0.00s Real=0.00s
[2025-04-17T09:22:43.781+0000][131.781s][info][gc,start       ] GC(1189) Pause Young (Allocation Failure)
[2025-04-17T09:22:43.782+0000][131.783s][info][gc,heap        ] GC(1189) DefNew: 9185K(10176K)->112K(10176K) Eden: 9088K(9088K)->0K(9088K) From: 97K(1088K)->112K(1088K)
[2025-04-17T09:22:43.782+0000][131.783s][info][gc,heap        ] GC(1189) Tenured: 17889K(22464K)->17889K(22464K)
[2025-04-17T09:22:43.782+0000][131.783s][info][gc,metaspace   ] GC(1189) Metaspace: 37371K(37696K)->37371K(37696K) NonClass: 32946K(33088K)->32946K(33088K) Class: 4425K(4608K)->4425K(4608K)
[2025-04-17T09:22:43.782+0000][131.783s][info][gc             ] GC(1189) Pause Young (Allocation Failure) 26M->17M(31M) 1.482ms
[2025-04-17T09:22:43.782+0000][131.783s][info][gc,cpu         ] GC(1189) User=0.00s Sys=0.00s Real=0.00s
[2025-04-17T09:22:43.982+0000][131.983s][info][gc,start       ] GC(1190) Pause Young (Allocation Failure)
[2025-04-17T09:22:43.984+0000][131.984s][info][gc,heap        ] GC(1190) DefNew: 9200K(10176K)->97K(10176K) Eden: 9088K(9088K)->0K(9088K) From: 112K(1088K)->97K(1088K)
[2025-04-17T09:22:43.984+0000][131.984s][info][gc,heap        ] GC(1190) Tenured: 17889K(22464K)->17889K(22464K)
[2025-04-17T09:22:43.984+0000][131.984s][info][gc,metaspace   ] GC(1190) Metaspace: 37371K(37696K)->37371K(37696K) NonClass: 32946K(33088K)->32946K(33088K) Class: 4425K(4608K)->4425K(4608K)
[2025-04-17T09:22:43.984+0000][131.984s][info][gc             ] GC(1190) Pause Young (Allocation Failure) 26M->17M(31M) 1.419ms
[2025-04-17T09:22:43.984+0000][131.984s][info][gc,cpu         ] GC(1190) User=0.00s Sys=0.00s Real=0.00s
[2025-04-17T09:22:44.132+0000][132.133s][info][gc,start       ] GC(1191) Pause Young (Allocation Failure)
[2025-04-17T09:22:44.134+0000][132.134s][info][gc,heap        ] GC(1191) DefNew: 9180K(10176K)->105K(10176K) Eden: 9083K(9088K)->0K(9088K) From: 97K(1088K)->105K(1088K)
[2025-04-17T09:22:44.134+0000][132.134s][info][gc,heap        ] GC(1191) Tenured: 17889K(22464K)->17889K(22464K)
[2025-04-17T09:22:44.134+0000][132.134s][info][gc,metaspace   ] GC(1191) Metaspace: 37371K(37696K)->37371K(37696K) NonClass: 32946K(33088K)->32946K(33088K) Class: 4425K(4608K)->4425K(4608K)
[2025-04-17T09:22:44.134+0000][132.134s][info][gc             ] GC(1191) Pause Young (Allocation Failure) 26M->17M(31M) 1.527ms
[2025-04-17T09:22:44.134+0000][132.134s][info][gc,cpu         ] GC(1191) User=0.00s Sys=0.00s Real=0.00s
[2025-04-17T09:22:44.232+0000][132.233s][info][gc,start       ] GC(1192) Pause Young (Allocation Failure)
[2025-04-17T09:22:44.234+0000][132.234s][info][gc,heap        ] GC(1192) DefNew: 9193K(10176K)->98K(10176K) Eden: 9087K(9088K)->0K(9088K) From: 105K(1088K)->98K(1088K)
[2025-04-17T09:22:44.234+0000][132.234s][info][gc,heap        ] GC(1192) Tenured: 17889K(22464K)->17889K(22464K)
[2025-04-17T09:22:44.234+0000][132.234s][info][gc,metaspace   ] GC(1192) Metaspace: 37371K(37696K)->37371K(37696K) NonClass: 32946K(33088K)->32946K(33088K) Class: 4425K(4608K)->4425K(4608K)
[2025-04-17T09:22:44.234+0000][132.234s][info][gc             ] GC(1192) Pause Young (Allocation Failure) 26M->17M(31M) 1.440ms
[2025-04-17T09:22:44.234+0000][132.234s][info][gc,cpu         ] GC(1192) User=0.00s Sys=0.00s Real=0.00s
[2025-04-17T09:22:44.446+0000][132.446s][info][gc,start       ] GC(1193) Pause Young (Allocation Failure)
[2025-04-17T09:22:44.447+0000][132.448s][info][gc,heap        ] GC(1193) DefNew: 9179K(10176K)->119K(10176K) Eden: 9081K(9088K)->0K(9088K) From: 98K(1088K)->119K(1088K)
[2025-04-17T09:22:44.447+0000][132.448s][info][gc,heap        ] GC(1193) Tenured: 17889K(22464K)->17889K(22464K)
[2025-04-17T09:22:44.447+0000][132.448s][info][gc,metaspace   ] GC(1193) Metaspace: 37389K(37760K)->37389K(37760K) NonClass: 32963K(33152K)->32963K(33152K) Class: 4425K(4608K)->4425K(4608K)
[2025-04-17T09:22:44.447+0000][132.448s][info][gc             ] GC(1193) Pause Young (Allocation Failure) 26M->17M(31M) 1.421ms
[2025-04-17T09:22:44.447+0000][132.448s][info][gc,cpu         ] GC(1193) User=0.01s Sys=0.00s Real=0.00s
[2025-04-17T09:22:44.765+0000][132.766s][info][gc,start       ] GC(1194) Pause Young (Allocation Failure)
[2025-04-17T09:22:44.767+0000][132.767s][info][gc,heap        ] GC(1194) DefNew: 9207K(10176K)->137K(10176K) Eden: 9088K(9088K)->0K(9088K) From: 119K(1088K)->137K(1088K)
[2025-04-17T09:22:44.767+0000][132.767s][info][gc,heap        ] GC(1194) Tenured: 17889K(22464K)->17889K(22464K)
[2025-04-17T09:22:44.767+0000][132.767s][info][gc,metaspace   ] GC(1194) Metaspace: 37389K(37760K)->37389K(37760K) NonClass: 32963K(33152K)->32963K(33152K) Class: 4425K(4608K)->4425K(4608K)
[2025-04-17T09:22:44.767+0000][132.768s][info][gc             ] GC(1194) Pause Young (Allocation Failure) 26M->17M(31M) 1.456ms
[2025-04-17T09:22:44.767+0000][132.768s][info][gc,cpu         ] GC(1194) User=0.00s Sys=0.00s Real=0.00s
[2025-04-17T09:22:44.914+0000][132.915s][info][gc,start       ] GC(1195) Pause Young (Allocation Failure)
[2025-04-17T09:22:44.915+0000][132.916s][info][gc,heap        ] GC(1195) DefNew: 9225K(10176K)->156K(10176K) Eden: 9088K(9088K)->0K(9088K) From: 137K(1088K)->156K(1088K)
[2025-04-17T09:22:44.915+0000][132.916s][info][gc,heap        ] GC(1195) Tenured: 17889K(22464K)->17889K(22464K)
[2025-04-17T09:22:44.915+0000][132.916s][info][gc,metaspace   ] GC(1195) Metaspace: 37389K(37760K)->37389K(37760K) NonClass: 32963K(33152K)->32963K(33152K) Class: 4425K(4608K)->4425K(4608K)
[2025-04-17T09:22:44.916+0000][132.916s][info][gc             ] GC(1195) Pause Young (Allocation Failure) 26M->17M(31M) 1.431ms
[2025-04-17T09:22:44.916+0000][132.916s][info][gc,cpu         ] GC(1195) User=0.00s Sys=0.00s Real=0.00s
[2025-04-17T09:22:45.103+0000][133.103s][info][gc,start       ] GC(1196) Pause Young (Allocation Failure)
[2025-04-17T09:22:45.104+0000][133.105s][info][gc,heap        ] GC(1196) DefNew: 9240K(10176K)->143K(10176K) Eden: 9084K(9088K)->0K(9088K) From: 156K(1088K)->143K(1088K)
[2025-04-17T09:22:45.104+0000][133.105s][info][gc,heap        ] GC(1196) Tenured: 17889K(22464K)->17891K(22464K)
[2025-04-17T09:22:45.104+0000][133.105s][info][gc,metaspace   ] GC(1196) Metaspace: 37389K(37760K)->37389K(37760K) NonClass: 32963K(33152K)->32963K(33152K) Class: 4425K(4608K)->4425K(4608K)
[2025-04-17T09:22:45.104+0000][133.105s][info][gc             ] GC(1196) Pause Young (Allocation Failure) 26M->17M(31M) 1.470ms
[2025-04-17T09:22:45.104+0000][133.105s][info][gc,cpu         ] GC(1196) User=0.00s Sys=0.00s Real=0.01s
[2025-04-17T09:22:45.260+0000][133.260s][info][gc,start       ] GC(1197) Pause Young (Allocation Failure)
[2025-04-17T09:22:45.261+0000][133.262s][info][gc,heap        ] GC(1197) DefNew: 9231K(10176K)->148K(10176K) Eden: 9088K(9088K)->0K(9088K) From: 143K(1088K)->148K(1088K)
[2025-04-17T09:22:45.261+0000][133.262s][info][gc,heap        ] GC(1197) Tenured: 17891K(22464K)->17891K(22464K)
[2025-04-17T09:22:45.261+0000][133.262s][info][gc,metaspace   ] GC(1197) Metaspace: 37389K(37760K)->37389K(37760K) NonClass: 32963K(33152K)->32963K(33152K) Class: 4425K(4608K)->4425K(4608K)
[2025-04-17T09:22:45.261+0000][133.262s][info][gc             ] GC(1197) Pause Young (Allocation Failure) 26M->17M(31M) 1.677ms
[2025-04-17T09:22:45.262+0000][133.262s][info][gc,cpu         ] GC(1197) User=0.00s Sys=0.00s Real=0.00s
[2025-04-17T09:22:45.337+0000][133.338s][info][gc,start       ] GC(1198) Pause Young (Allocation Failure)
[2025-04-17T09:22:45.339+0000][133.339s][info][gc,heap        ] GC(1198) DefNew: 9236K(10176K)->154K(10176K) Eden: 9087K(9088K)->0K(9088K) From: 148K(1088K)->154K(1088K)
[2025-04-17T09:22:45.339+0000][133.339s][info][gc,heap        ] GC(1198) Tenured: 17891K(22464K)->17891K(22464K)
[2025-04-17T09:22:45.339+0000][133.339s][info][gc,metaspace   ] GC(1198) Metaspace: 37389K(37760K)->37389K(37760K) NonClass: 32963K(33152K)->32963K(33152K) Class: 4425K(4608K)->4425K(4608K)
[2025-04-17T09:22:45.339+0000][133.339s][info][gc             ] GC(1198) Pause Young (Allocation Failure) 26M->17M(31M) 1.400ms
[2025-04-17T09:22:45.339+0000][133.339s][info][gc,cpu         ] GC(1198) User=0.00s Sys=0.00s Real=0.00s
[2025-04-17T09:22:45.479+0000][133.480s][info][gc,start       ] GC(1199) Pause Young (Allocation Failure)
[2025-04-17T09:22:45.481+0000][133.481s][info][gc,heap        ] GC(1199) DefNew: 9242K(10176K)->143K(10176K) Eden: 9087K(9088K)->0K(9088K) From: 154K(1088K)->143K(1088K)
[2025-04-17T09:22:45.481+0000][133.481s][info][gc,heap        ] GC(1199) Tenured: 17891K(22464K)->17891K(22464K)
[2025-04-17T09:22:45.481+0000][133.481s][info][gc,metaspace   ] GC(1199) Metaspace: 37389K(37760K)->37389K(37760K) NonClass: 32963K(33152K)->32963K(33152K) Class: 4425K(4608K)->4425K(4608K)
[2025-04-17T09:22:45.481+0000][133.481s][info][gc             ] GC(1199) Pause Young (Allocation Failure) 26M->17M(31M) 1.598ms
[2025-04-17T09:22:45.481+0000][133.481s][info][gc,cpu         ] GC(1199) User=0.00s Sys=0.00s Real=0.00s
[2025-04-17T09:22:45.614+0000][133.615s][info][gc,start       ] GC(1200) Pause Young (Allocation Failure)
[2025-04-17T09:22:45.616+0000][133.616s][info][gc,heap        ] GC(1200) DefNew: 9231K(10176K)->139K(10176K) Eden: 9088K(9088K)->0K(9088K) From: 143K(1088K)->139K(1088K)
[2025-04-17T09:22:45.616+0000][133.616s][info][gc,heap        ] GC(1200) Tenured: 17891K(22464K)->17909K(22464K)
[2025-04-17T09:22:45.616+0000][133.616s][info][gc,metaspace   ] GC(1200) Metaspace: 37389K(37760K)->37389K(37760K) NonClass: 32963K(33152K)->32963K(33152K) Class: 4425K(4608K)->4425K(4608K)
[2025-04-17T09:22:45.616+0000][133.616s][info][gc             ] GC(1200) Pause Young (Allocation Failure) 26M->17M(31M) 1.471ms
[2025-04-17T09:22:45.616+0000][133.616s][info][gc,cpu         ] GC(1200) User=0.00s Sys=0.00s Real=0.00s
[2025-04-17T09:22:45.753+0000][133.754s][info][gc,start       ] GC(1201) Pause Young (Allocation Failure)
[2025-04-17T09:22:45.754+0000][133.755s][info][gc,heap        ] GC(1201) DefNew: 9227K(10176K)->128K(10176K) Eden: 9088K(9088K)->0K(9088K) From: 139K(1088K)->128K(1088K)
[2025-04-17T09:22:45.754+0000][133.755s][info][gc,heap        ] GC(1201) Tenured: 17909K(22464K)->17909K(22464K)
[2025-04-17T09:22:45.754+0000][133.755s][info][gc,metaspace   ] GC(1201) Metaspace: 37389K(37760K)->37389K(37760K) NonClass: 32963K(33152K)->32963K(33152K) Class: 4425K(4608K)->4425K(4608K)
[2025-04-17T09:22:45.754+0000][133.755s][info][gc             ] GC(1201) Pause Young (Allocation Failure) 26M->17M(31M) 1.489ms
[2025-04-17T09:22:45.755+0000][133.755s][info][gc,cpu         ] GC(1201) User=0.00s Sys=0.00s Real=0.01s
[2025-04-17T09:22:46.020+0000][134.020s][info][gc,start       ] GC(1202) Pause Young (Allocation Failure)
[2025-04-17T09:22:46.021+0000][134.022s][info][gc,heap        ] GC(1202) DefNew: 9216K(10176K)->151K(10176K) Eden: 9088K(9088K)->0K(9088K) From: 128K(1088K)->151K(1088K)
[2025-04-17T09:22:46.021+0000][134.022s][info][gc,heap        ] GC(1202) Tenured: 17909K(22464K)->17909K(22464K)
[2025-04-17T09:22:46.021+0000][134.022s][info][gc,metaspace   ] GC(1202) Metaspace: 37389K(37760K)->37389K(37760K) NonClass: 32963K(33152K)->32963K(33152K) Class: 4425K(4608K)->4425K(4608K)
[2025-04-17T09:22:46.021+0000][134.022s][info][gc             ] GC(1202) Pause Young (Allocation Failure) 26M->17M(31M) 1.767ms
[2025-04-17T09:22:46.021+0000][134.022s][info][gc,cpu         ] GC(1202) User=0.00s Sys=0.00s Real=0.00s
[2025-04-17T09:22:46.221+0000][134.222s][info][gc,start       ] GC(1203) Pause Young (Allocation Failure)
[2025-04-17T09:22:46.222+0000][134.223s][info][gc,heap        ] GC(1203) DefNew: 9239K(10176K)->129K(10176K) Eden: 9088K(9088K)->0K(9088K) From: 151K(1088K)->129K(1088K)
[2025-04-17T09:22:46.222+0000][134.223s][info][gc,heap        ] GC(1203) Tenured: 17909K(22464K)->17909K(22464K)
[2025-04-17T09:22:46.222+0000][134.223s][info][gc,metaspace   ] GC(1203) Metaspace: 37389K(37760K)->37389K(37760K) NonClass: 32963K(33152K)->32963K(33152K) Class: 4425K(4608K)->4425K(4608K)
[2025-04-17T09:22:46.222+0000][134.223s][info][gc             ] GC(1203) Pause Young (Allocation Failure) 26M->17M(31M) 1.447ms
[2025-04-17T09:22:46.222+0000][134.223s][info][gc,cpu         ] GC(1203) User=0.00s Sys=0.00s Real=0.00s
[2025-04-17T09:22:46.301+0000][134.301s][info][gc,start       ] GC(1204) Pause Young (Allocation Failure)
[2025-04-17T09:22:46.302+0000][134.303s][info][gc,heap        ] GC(1204) DefNew: 9214K(10176K)->135K(10176K) Eden: 9085K(9088K)->0K(9088K) From: 129K(1088K)->135K(1088K)
[2025-04-17T09:22:46.302+0000][134.303s][info][gc,heap        ] GC(1204) Tenured: 17909K(22464K)->17910K(22464K)
[2025-04-17T09:22:46.302+0000][134.303s][info][gc,metaspace   ] GC(1204) Metaspace: 37389K(37760K)->37389K(37760K) NonClass: 32963K(33152K)->32963K(33152K) Class: 4425K(4608K)->4425K(4608K)
[2025-04-17T09:22:46.302+0000][134.303s][info][gc             ] GC(1204) Pause Young (Allocation Failure) 26M->17M(31M) 1.493ms
[2025-04-17T09:22:46.302+0000][134.303s][info][gc,cpu         ] GC(1204) User=0.00s Sys=0.00s Real=0.00s
[2025-04-17T09:22:46.409+0000][134.410s][info][gc,start       ] GC(1205) Pause Young (Allocation Failure)
[2025-04-17T09:22:46.410+0000][134.411s][info][gc,heap        ] GC(1205) DefNew: 9223K(10176K)->161K(10176K) Eden: 9087K(9088K)->0K(9088K) From: 135K(1088K)->161K(1088K)
[2025-04-17T09:22:46.411+0000][134.411s][info][gc,heap        ] GC(1205) Tenured: 17910K(22464K)->17910K(22464K)
[2025-04-17T09:22:46.411+0000][134.411s][info][gc,metaspace   ] GC(1205) Metaspace: 37389K(37760K)->37389K(37760K) NonClass: 32963K(33152K)->32963K(33152K) Class: 4425K(4608K)->4425K(4608K)
[2025-04-17T09:22:46.411+0000][134.411s][info][gc             ] GC(1205) Pause Young (Allocation Failure) 26M->17M(31M) 1.620ms
[2025-04-17T09:22:46.411+0000][134.411s][info][gc,cpu         ] GC(1205) User=0.00s Sys=0.00s Real=0.00s
[2025-04-17T09:22:46.563+0000][134.563s][info][gc,start       ] GC(1206) Pause Young (Allocation Failure)
[2025-04-17T09:22:46.564+0000][134.565s][info][gc,heap        ] GC(1206) DefNew: 9249K(10176K)->148K(10176K) Eden: 9088K(9088K)->0K(9088K) From: 161K(1088K)->148K(1088K)
[2025-04-17T09:22:46.564+0000][134.565s][info][gc,heap        ] GC(1206) Tenured: 17910K(22464K)->17912K(22464K)
[2025-04-17T09:22:46.564+0000][134.565s][info][gc,metaspace   ] GC(1206) Metaspace: 37389K(37760K)->37389K(37760K) NonClass: 32963K(33152K)->32963K(33152K) Class: 4425K(4608K)->4425K(4608K)
[2025-04-17T09:22:46.564+0000][134.565s][info][gc             ] GC(1206) Pause Young (Allocation Failure) 26M->17M(31M) 1.506ms
[2025-04-17T09:22:46.564+0000][134.565s][info][gc,cpu         ] GC(1206) User=0.00s Sys=0.00s Real=0.01s
[2025-04-17T09:22:46.685+0000][134.685s][info][gc,start       ] GC(1207) Pause Young (Allocation Failure)
[2025-04-17T09:22:46.687+0000][134.687s][info][gc,heap        ] GC(1207) DefNew: 9236K(10176K)->161K(10176K) Eden: 9088K(9088K)->0K(9088K) From: 148K(1088K)->161K(1088K)
[2025-04-17T09:22:46.687+0000][134.687s][info][gc,heap        ] GC(1207) Tenured: 17912K(22464K)->17913K(22464K)
[2025-04-17T09:22:46.687+0000][134.687s][info][gc,metaspace   ] GC(1207) Metaspace: 37389K(37760K)->37389K(37760K) NonClass: 32963K(33152K)->32963K(33152K) Class: 4425K(4608K)->4425K(4608K)
[2025-04-17T09:22:46.687+0000][134.687s][info][gc             ] GC(1207) Pause Young (Allocation Failure) 26M->17M(31M) 1.813ms
[2025-04-17T09:22:46.687+0000][134.687s][info][gc,cpu         ] GC(1207) User=0.00s Sys=0.00s Real=0.00s
[2025-04-17T09:22:46.871+0000][134.872s][info][gc,start       ] GC(1208) Pause Young (Allocation Failure)
[2025-04-17T09:22:46.873+0000][134.873s][info][gc,heap        ] GC(1208) DefNew: 9249K(10176K)->148K(10176K) Eden: 9088K(9088K)->0K(9088K) From: 161K(1088K)->148K(1088K)
[2025-04-17T09:22:46.873+0000][134.873s][info][gc,heap        ] GC(1208) Tenured: 17913K(22464K)->17915K(22464K)
[2025-04-17T09:22:46.873+0000][134.873s][info][gc,metaspace   ] GC(1208) Metaspace: 37389K(37760K)->37389K(37760K) NonClass: 32963K(33152K)->32963K(33152K) Class: 4425K(4608K)->4425K(4608K)
[2025-04-17T09:22:46.873+0000][134.874s][info][gc             ] GC(1208) Pause Young (Allocation Failure) 26M->17M(31M) 1.465ms
[2025-04-17T09:22:46.873+0000][134.874s][info][gc,cpu         ] GC(1208) User=0.00s Sys=0.00s Real=0.00s
[2025-04-17T09:22:46.953+0000][134.953s][info][gc,start       ] GC(1209) Pause Young (Allocation Failure)
[2025-04-17T09:22:46.954+0000][134.955s][info][gc,heap        ] GC(1209) DefNew: 9236K(10176K)->126K(10176K) Eden: 9088K(9088K)->0K(9088K) From: 148K(1088K)->126K(1088K)
[2025-04-17T09:22:46.954+0000][134.955s][info][gc,heap        ] GC(1209) Tenured: 17915K(22464K)->17951K(22464K)
[2025-04-17T09:22:46.954+0000][134.955s][info][gc,metaspace   ] GC(1209) Metaspace: 37389K(37760K)->37389K(37760K) NonClass: 32963K(33152K)->32963K(33152K) Class: 4425K(4608K)->4425K(4608K)
[2025-04-17T09:22:46.954+0000][134.955s][info][gc             ] GC(1209) Pause Young (Allocation Failure) 26M->17M(31M) 1.406ms
[2025-04-17T09:22:46.954+0000][134.955s][info][gc,cpu         ] GC(1209) User=0.00s Sys=0.00s Real=0.01s
[2025-04-17T09:22:47.088+0000][135.089s][info][gc,start       ] GC(1210) Pause Young (Allocation Failure)
[2025-04-17T09:22:47.089+0000][135.090s][info][gc,heap        ] GC(1210) DefNew: 9214K(10176K)->105K(10176K) Eden: 9087K(9088K)->0K(9088K) From: 126K(1088K)->105K(1088K)
[2025-04-17T09:22:47.089+0000][135.090s][info][gc,heap        ] GC(1210) Tenured: 17951K(22464K)->17956K(22464K)
[2025-04-17T09:22:47.089+0000][135.090s][info][gc,metaspace   ] GC(1210) Metaspace: 37389K(37760K)->37389K(37760K) NonClass: 32963K(33152K)->32963K(33152K) Class: 4425K(4608K)->4425K(4608K)
[2025-04-17T09:22:47.089+0000][135.090s][info][gc             ] GC(1210) Pause Young (Allocation Failure) 26M->17M(31M) 1.462ms
[2025-04-17T09:22:47.089+0000][135.090s][info][gc,cpu         ] GC(1210) User=0.00s Sys=0.00s Real=0.00s
[2025-04-17T09:22:47.201+0000][135.201s][info][gc,start       ] GC(1211) Pause Young (Allocation Failure)
[2025-04-17T09:22:47.202+0000][135.203s][info][gc,heap        ] GC(1211) DefNew: 9193K(10176K)->119K(10176K) Eden: 9088K(9088K)->0K(9088K) From: 105K(1088K)->119K(1088K)
[2025-04-17T09:22:47.202+0000][135.203s][info][gc,heap        ] GC(1211) Tenured: 17956K(22464K)->17959K(22464K)
[2025-04-17T09:22:47.202+0000][135.203s][info][gc,metaspace   ] GC(1211) Metaspace: 37389K(37760K)->37389K(37760K) NonClass: 32963K(33152K)->32963K(33152K) Class: 4425K(4608K)->4425K(4608K)
[2025-04-17T09:22:47.202+0000][135.203s][info][gc             ] GC(1211) Pause Young (Allocation Failure) 26M->17M(31M) 1.463ms
[2025-04-17T09:22:47.202+0000][135.203s][info][gc,cpu         ] GC(1211) User=0.00s Sys=0.00s Real=0.00s
[2025-04-17T09:22:47.334+0000][135.335s][info][gc,start       ] GC(1212) Pause Young (Allocation Failure)
[2025-04-17T09:22:47.336+0000][135.336s][info][gc,heap        ] GC(1212) DefNew: 9207K(10176K)->101K(10176K) Eden: 9088K(9088K)->0K(9088K) From: 119K(1088K)->101K(1088K)
[2025-04-17T09:22:47.336+0000][135.336s][info][gc,heap        ] GC(1212) Tenured: 17959K(22464K)->17961K(22464K)
[2025-04-17T09:22:47.336+0000][135.336s][info][gc,metaspace   ] GC(1212) Metaspace: 37389K(37760K)->37389K(37760K) NonClass: 32963K(33152K)->32963K(33152K) Class: 4425K(4608K)->4425K(4608K)
[2025-04-17T09:22:47.336+0000][135.336s][info][gc             ] GC(1212) Pause Young (Allocation Failure) 26M->17M(31M) 1.448ms
[2025-04-17T09:22:47.336+0000][135.336s][info][gc,cpu         ] GC(1212) User=0.01s Sys=0.00s Real=0.00s
[2025-04-17T09:22:47.515+0000][135.515s][info][gc,start       ] GC(1213) Pause Young (Allocation Failure)
[2025-04-17T09:22:47.516+0000][135.517s][info][gc,heap        ] GC(1213) DefNew: 9189K(10176K)->122K(10176K) Eden: 9087K(9088K)->0K(9088K) From: 101K(1088K)->122K(1088K)
[2025-04-17T09:22:47.516+0000][135.517s][info][gc,heap        ] GC(1213) Tenured: 17961K(22464K)->17962K(22464K)
[2025-04-17T09:22:47.516+0000][135.517s][info][gc,metaspace   ] GC(1213) Metaspace: 37389K(37760K)->37389K(37760K) NonClass: 32963K(33152K)->32963K(33152K) Class: 4425K(4608K)->4425K(4608K)
[2025-04-17T09:22:47.516+0000][135.517s][info][gc             ] GC(1213) Pause Young (Allocation Failure) 26M->17M(31M) 1.492ms
[2025-04-17T09:22:47.516+0000][135.517s][info][gc,cpu         ] GC(1213) User=0.00s Sys=0.00s Real=0.00s
[2025-04-17T09:22:47.647+0000][135.648s][info][gc,start       ] GC(1214) Pause Young (Allocation Failure)
[2025-04-17T09:22:47.649+0000][135.649s][info][gc,heap        ] GC(1214) DefNew: 9210K(10176K)->110K(10176K) Eden: 9087K(9088K)->0K(9088K) From: 122K(1088K)->110K(1088K)
[2025-04-17T09:22:47.649+0000][135.649s][info][gc,heap        ] GC(1214) Tenured: 17962K(22464K)->17962K(22464K)
[2025-04-17T09:22:47.649+0000][135.649s][info][gc,metaspace   ] GC(1214) Metaspace: 37389K(37760K)->37389K(37760K) NonClass: 32963K(33152K)->32963K(33152K) Class: 4425K(4608K)->4425K(4608K)
[2025-04-17T09:22:47.649+0000][135.649s][info][gc             ] GC(1214) Pause Young (Allocation Failure) 26M->17M(31M) 1.458ms
[2025-04-17T09:22:47.649+0000][135.649s][info][gc,cpu         ] GC(1214) User=0.00s Sys=0.00s Real=0.00s
[2025-04-17T09:22:47.736+0000][135.737s][info][gc,start       ] GC(1215) Pause Young (Allocation Failure)
[2025-04-17T09:22:47.738+0000][135.738s][info][gc,heap        ] GC(1215) DefNew: 9189K(10176K)->110K(10176K) Eden: 9079K(9088K)->0K(9088K) From: 110K(1088K)->110K(1088K)
[2025-04-17T09:22:47.738+0000][135.738s][info][gc,heap        ] GC(1215) Tenured: 17962K(22464K)->17963K(22464K)
[2025-04-17T09:22:47.738+0000][135.738s][info][gc,metaspace   ] GC(1215) Metaspace: 37389K(37760K)->37389K(37760K) NonClass: 32963K(33152K)->32963K(33152K) Class: 4425K(4608K)->4425K(4608K)
[2025-04-17T09:22:47.738+0000][135.738s][info][gc             ] GC(1215) Pause Young (Allocation Failure) 26M->17M(31M) 1.397ms
[2025-04-17T09:22:47.738+0000][135.738s][info][gc,cpu         ] GC(1215) User=0.01s Sys=0.00s Real=0.00s
[2025-04-17T09:22:47.872+0000][135.873s][info][gc,start       ] GC(1216) Pause Young (Allocation Failure)
[2025-04-17T09:22:47.873+0000][135.874s][info][gc,heap        ] GC(1216) DefNew: 9198K(10176K)->123K(10176K) Eden: 9088K(9088K)->0K(9088K) From: 110K(1088K)->123K(1088K)
[2025-04-17T09:22:47.873+0000][135.874s][info][gc,heap        ] GC(1216) Tenured: 17963K(22464K)->17963K(22464K)
[2025-04-17T09:22:47.873+0000][135.874s][info][gc,metaspace   ] GC(1216) Metaspace: 37389K(37760K)->37389K(37760K) NonClass: 32963K(33152K)->32963K(33152K) Class: 4425K(4608K)->4425K(4608K)
[2025-04-17T09:22:47.873+0000][135.874s][info][gc             ] GC(1216) Pause Young (Allocation Failure) 26M->17M(31M) 1.426ms
[2025-04-17T09:22:47.873+0000][135.874s][info][gc,cpu         ] GC(1216) User=0.00s Sys=0.00s Real=0.00s
[2025-04-17T09:22:47.969+0000][135.969s][info][gc,start       ] GC(1217) Pause Young (Allocation Failure)
[2025-04-17T09:22:47.970+0000][135.971s][info][gc,heap        ] GC(1217) DefNew: 9211K(10176K)->158K(10176K) Eden: 9087K(9088K)->0K(9088K) From: 123K(1088K)->158K(1088K)
[2025-04-17T09:22:47.970+0000][135.971s][info][gc,heap        ] GC(1217) Tenured: 17963K(22464K)->17965K(22464K)
[2025-04-17T09:22:47.970+0000][135.971s][info][gc,metaspace   ] GC(1217) Metaspace: 37389K(37760K)->37389K(37760K) NonClass: 32963K(33152K)->32963K(33152K) Class: 4425K(4608K)->4425K(4608K)
[2025-04-17T09:22:47.970+0000][135.971s][info][gc             ] GC(1217) Pause Young (Allocation Failure) 26M->17M(31M) 1.489ms
[2025-04-17T09:22:47.970+0000][135.971s][info][gc,cpu         ] GC(1217) User=0.00s Sys=0.00s Real=0.00s
[2025-04-17T09:22:48.035+0000][136.035s][info][gc,start       ] GC(1218) Pause Young (Allocation Failure)
[2025-04-17T09:22:48.036+0000][136.037s][info][gc,heap        ] GC(1218) DefNew: 9246K(10176K)->150K(10176K) Eden: 9088K(9088K)->0K(9088K) From: 158K(1088K)->150K(1088K)
[2025-04-17T09:22:48.036+0000][136.037s][info][gc,heap        ] GC(1218) Tenured: 17965K(22464K)->17965K(22464K)
[2025-04-17T09:22:48.036+0000][136.037s][info][gc,metaspace   ] GC(1218) Metaspace: 37389K(37760K)->37389K(37760K) NonClass: 32963K(33152K)->32963K(33152K) Class: 4425K(4608K)->4425K(4608K)
[2025-04-17T09:22:48.036+0000][136.037s][info][gc             ] GC(1218) Pause Young (Allocation Failure) 26M->17M(31M) 1.433ms
[2025-04-17T09:22:48.036+0000][136.037s][info][gc,cpu         ] GC(1218) User=0.00s Sys=0.00s Real=0.00s
[2025-04-17T09:22:48.126+0000][136.127s][info][gc,start       ] GC(1219) Pause Young (Allocation Failure)
[2025-04-17T09:22:48.128+0000][136.128s][info][gc,heap        ] GC(1219) DefNew: 9238K(10176K)->138K(10176K) Eden: 9088K(9088K)->0K(9088K) From: 150K(1088K)->138K(1088K)
[2025-04-17T09:22:48.128+0000][136.128s][info][gc,heap        ] GC(1219) Tenured: 17965K(22464K)->17965K(22464K)
[2025-04-17T09:22:48.128+0000][136.128s][info][gc,metaspace   ] GC(1219) Metaspace: 37389K(37760K)->37389K(37760K) NonClass: 32963K(33152K)->32963K(33152K) Class: 4425K(4608K)->4425K(4608K)
[2025-04-17T09:22:48.128+0000][136.128s][info][gc             ] GC(1219) Pause Young (Allocation Failure) 26M->17M(31M) 1.457ms
[2025-04-17T09:22:48.128+0000][136.128s][info][gc,cpu         ] GC(1219) User=0.00s Sys=0.00s Real=0.00s
[2025-04-17T09:22:48.256+0000][136.257s][info][gc,start       ] GC(1220) Pause Young (Allocation Failure)
[2025-04-17T09:22:48.258+0000][136.258s][info][gc,heap        ] GC(1220) DefNew: 9225K(10176K)->115K(10176K) Eden: 9086K(9088K)->0K(9088K) From: 138K(1088K)->115K(1088K)
[2025-04-17T09:22:48.258+0000][136.258s][info][gc,heap        ] GC(1220) Tenured: 17965K(22464K)->17984K(22464K)
[2025-04-17T09:22:48.258+0000][136.258s][info][gc,metaspace   ] GC(1220) Metaspace: 37389K(37760K)->37389K(37760K) NonClass: 32963K(33152K)->32963K(33152K) Class: 4425K(4608K)->4425K(4608K)
[2025-04-17T09:22:48.258+0000][136.258s][info][gc             ] GC(1220) Pause Young (Allocation Failure) 26M->17M(31M) 1.408ms
[2025-04-17T09:22:48.258+0000][136.258s][info][gc,cpu         ] GC(1220) User=0.00s Sys=0.00s Real=0.00s
[2025-04-17T09:22:48.412+0000][136.413s][info][gc,start       ] GC(1221) Pause Young (Allocation Failure)
[2025-04-17T09:22:48.414+0000][136.414s][info][gc,heap        ] GC(1221) DefNew: 9203K(10176K)->139K(10176K) Eden: 9088K(9088K)->0K(9088K) From: 115K(1088K)->139K(1088K)
[2025-04-17T09:22:48.414+0000][136.414s][info][gc,heap        ] GC(1221) Tenured: 17984K(22464K)->17984K(22464K)
[2025-04-17T09:22:48.414+0000][136.414s][info][gc,metaspace   ] GC(1221) Metaspace: 37389K(37760K)->37389K(37760K) NonClass: 32963K(33152K)->32963K(33152K) Class: 4425K(4608K)->4425K(4608K)
[2025-04-17T09:22:48.414+0000][136.414s][info][gc             ] GC(1221) Pause Young (Allocation Failure) 26M->17M(31M) 1.455ms
[2025-04-17T09:22:48.414+0000][136.414s][info][gc,cpu         ] GC(1221) User=0.00s Sys=0.00s Real=0.00s
[2025-04-17T09:22:48.530+0000][136.531s][info][gc,start       ] GC(1222) Pause Young (Allocation Failure)
[2025-04-17T09:22:48.532+0000][136.532s][info][gc,heap        ] GC(1222) DefNew: 9227K(10176K)->127K(10176K) Eden: 9088K(9088K)->0K(9088K) From: 139K(1088K)->127K(1088K)
[2025-04-17T09:22:48.532+0000][136.532s][info][gc,heap        ] GC(1222) Tenured: 17984K(22464K)->17986K(22464K)
[2025-04-17T09:22:48.532+0000][136.532s][info][gc,metaspace   ] GC(1222) Metaspace: 37389K(37760K)->37389K(37760K) NonClass: 32963K(33152K)->32963K(33152K) Class: 4425K(4608K)->4425K(4608K)
[2025-04-17T09:22:48.532+0000][136.532s][info][gc             ] GC(1222) Pause Young (Allocation Failure) 26M->17M(31M) 1.432ms
[2025-04-17T09:22:48.532+0000][136.532s][info][gc,cpu         ] GC(1222) User=0.00s Sys=0.00s Real=0.00s
[2025-04-17T09:22:48.622+0000][136.622s][info][gc,start       ] GC(1223) Pause Young (Allocation Failure)
[2025-04-17T09:22:48.623+0000][136.624s][info][gc,heap        ] GC(1223) DefNew: 9215K(10176K)->111K(10176K) Eden: 9088K(9088K)->0K(9088K) From: 127K(1088K)->111K(1088K)
[2025-04-17T09:22:48.623+0000][136.624s][info][gc,heap        ] GC(1223) Tenured: 17986K(22464K)->17990K(22464K)
[2025-04-17T09:22:48.623+0000][136.624s][info][gc,metaspace   ] GC(1223) Metaspace: 37389K(37760K)->37389K(37760K) NonClass: 32963K(33152K)->32963K(33152K) Class: 4425K(4608K)->4425K(4608K)
[2025-04-17T09:22:48.623+0000][136.624s][info][gc             ] GC(1223) Pause Young (Allocation Failure) 26M->17M(31M) 1.416ms
[2025-04-17T09:22:48.623+0000][136.624s][info][gc,cpu         ] GC(1223) User=0.00s Sys=0.00s Real=0.00s
[2025-04-17T09:22:48.772+0000][136.773s][info][gc,start       ] GC(1224) Pause Young (Allocation Failure)
[2025-04-17T09:22:48.774+0000][136.775s][info][gc,heap        ] GC(1224) DefNew: 9195K(10176K)->143K(10176K) Eden: 9084K(9088K)->0K(9088K) From: 111K(1088K)->143K(1088K)
[2025-04-17T09:22:48.774+0000][136.775s][info][gc,heap        ] GC(1224) Tenured: 17990K(22464K)->17990K(22464K)
[2025-04-17T09:22:48.774+0000][136.775s][info][gc,metaspace   ] GC(1224) Metaspace: 37389K(37760K)->37389K(37760K) NonClass: 32963K(33152K)->32963K(33152K) Class: 4425K(4608K)->4425K(4608K)
[2025-04-17T09:22:48.774+0000][136.775s][info][gc             ] GC(1224) Pause Young (Allocation Failure) 26M->17M(31M) 1.638ms
[2025-04-17T09:22:48.774+0000][136.775s][info][gc,cpu         ] GC(1224) User=0.00s Sys=0.00s Real=0.01s
[2025-04-17T09:22:48.872+0000][136.873s][info][gc,start       ] GC(1225) Pause Young (Allocation Failure)
[2025-04-17T09:22:48.874+0000][136.874s][info][gc,heap        ] GC(1225) DefNew: 9231K(10176K)->146K(10176K) Eden: 9087K(9088K)->0K(9088K) From: 143K(1088K)->146K(1088K)
[2025-04-17T09:22:48.874+0000][136.874s][info][gc,heap        ] GC(1225) Tenured: 17990K(22464K)->17990K(22464K)
[2025-04-17T09:22:48.874+0000][136.874s][info][gc,metaspace   ] GC(1225) Metaspace: 37389K(37760K)->37389K(37760K) NonClass: 32963K(33152K)->32963K(33152K) Class: 4425K(4608K)->4425K(4608K)
[2025-04-17T09:22:48.874+0000][136.874s][info][gc             ] GC(1225) Pause Young (Allocation Failure) 26M->17M(31M) 1.392ms
[2025-04-17T09:22:48.874+0000][136.874s][info][gc,cpu         ] GC(1225) User=0.00s Sys=0.00s Real=0.00s
[2025-04-17T09:22:48.965+0000][136.965s][info][gc,start       ] GC(1226) Pause Young (Allocation Failure)
[2025-04-17T09:22:48.966+0000][136.967s][info][gc,heap        ] GC(1226) DefNew: 9234K(10176K)->132K(10176K) Eden: 9088K(9088K)->0K(9088K) From: 146K(1088K)->132K(1088K)
[2025-04-17T09:22:48.966+0000][136.967s][info][gc,heap        ] GC(1226) Tenured: 17990K(22464K)->17990K(22464K)
[2025-04-17T09:22:48.966+0000][136.967s][info][gc,metaspace   ] GC(1226) Metaspace: 37389K(37760K)->37389K(37760K) NonClass: 32963K(33152K)->32963K(33152K) Class: 4425K(4608K)->4425K(4608K)
[2025-04-17T09:22:48.966+0000][136.967s][info][gc             ] GC(1226) Pause Young (Allocation Failure) 26M->17M(31M) 1.428ms
[2025-04-17T09:22:48.966+0000][136.967s][info][gc,cpu         ] GC(1226) User=0.00s Sys=0.00s Real=0.00s
[2025-04-17T09:22:49.084+0000][137.084s][info][gc,start       ] GC(1227) Pause Young (Allocation Failure)
[2025-04-17T09:22:49.085+0000][137.086s][info][gc,heap        ] GC(1227) DefNew: 9219K(10176K)->148K(10176K) Eden: 9087K(9088K)->0K(9088K) From: 132K(1088K)->148K(1088K)
[2025-04-17T09:22:49.085+0000][137.086s][info][gc,heap        ] GC(1227) Tenured: 17990K(22464K)->17990K(22464K)
[2025-04-17T09:22:49.085+0000][137.086s][info][gc,metaspace   ] GC(1227) Metaspace: 37389K(37760K)->37389K(37760K) NonClass: 32963K(33152K)->32963K(33152K) Class: 4425K(4608K)->4425K(4608K)
[2025-04-17T09:22:49.085+0000][137.086s][info][gc             ] GC(1227) Pause Young (Allocation Failure) 26M->17M(31M) 1.442ms
[2025-04-17T09:22:49.085+0000][137.086s][info][gc,cpu         ] GC(1227) User=0.00s Sys=0.00s Real=0.01s
[2025-04-17T09:22:49.247+0000][137.248s][info][gc,start       ] GC(1228) Pause Young (Allocation Failure)
[2025-04-17T09:22:49.248+0000][137.249s][info][gc,heap        ] GC(1228) DefNew: 9235K(10176K)->148K(10176K) Eden: 9086K(9088K)->0K(9088K) From: 148K(1088K)->148K(1088K)
[2025-04-17T09:22:49.248+0000][137.249s][info][gc,heap        ] GC(1228) Tenured: 17990K(22464K)->17995K(22464K)
[2025-04-17T09:22:49.248+0000][137.249s][info][gc,metaspace   ] GC(1228) Metaspace: 37389K(37760K)->37389K(37760K) NonClass: 32963K(33152K)->32963K(33152K) Class: 4425K(4608K)->4425K(4608K)
[2025-04-17T09:22:49.248+0000][137.249s][info][gc             ] GC(1228) Pause Young (Allocation Failure) 26M->17M(31M) 1.452ms
[2025-04-17T09:22:49.248+0000][137.249s][info][gc,cpu         ] GC(1228) User=0.00s Sys=0.00s Real=0.00s
[2025-04-17T09:22:49.329+0000][137.329s][info][gc,start       ] GC(1229) Pause Young (Allocation Failure)
[2025-04-17T09:22:49.330+0000][137.331s][info][gc,heap        ] GC(1229) DefNew: 9235K(10176K)->144K(10176K) Eden: 9087K(9088K)->0K(9088K) From: 148K(1088K)->144K(1088K)
[2025-04-17T09:22:49.330+0000][137.331s][info][gc,heap        ] GC(1229) Tenured: 17995K(22464K)->17996K(22464K)
[2025-04-17T09:22:49.330+0000][137.331s][info][gc,metaspace   ] GC(1229) Metaspace: 37389K(37760K)->37389K(37760K) NonClass: 32963K(33152K)->32963K(33152K) Class: 4425K(4608K)->4425K(4608K)
[2025-04-17T09:22:49.330+0000][137.331s][info][gc             ] GC(1229) Pause Young (Allocation Failure) 26M->17M(31M) 1.426ms
[2025-04-17T09:22:49.330+0000][137.331s][info][gc,cpu         ] GC(1229) User=0.00s Sys=0.00s Real=0.00s
[2025-04-17T09:22:49.390+0000][137.391s][info][gc,start       ] GC(1230) Pause Young (Allocation Failure)
[2025-04-17T09:22:49.392+0000][137.392s][info][gc,heap        ] GC(1230) DefNew: 9232K(10176K)->142K(10176K) Eden: 9088K(9088K)->0K(9088K) From: 144K(1088K)->142K(1088K)
[2025-04-17T09:22:49.392+0000][137.392s][info][gc,heap        ] GC(1230) Tenured: 17996K(22464K)->17999K(22464K)
[2025-04-17T09:22:49.392+0000][137.392s][info][gc,metaspace   ] GC(1230) Metaspace: 37389K(37760K)->37389K(37760K) NonClass: 32963K(33152K)->32963K(33152K) Class: 4425K(4608K)->4425K(4608K)
[2025-04-17T09:22:49.392+0000][137.392s][info][gc             ] GC(1230) Pause Young (Allocation Failure) 26M->17M(31M) 1.375ms
[2025-04-17T09:22:49.392+0000][137.392s][info][gc,cpu         ] GC(1230) User=0.00s Sys=0.00s Real=0.00s
[2025-04-17T09:22:49.459+0000][137.460s][info][gc,start       ] GC(1231) Pause Young (Allocation Failure)
[2025-04-17T09:22:49.461+0000][137.461s][info][gc,heap        ] GC(1231) DefNew: 9230K(10176K)->126K(10176K) Eden: 9087K(9088K)->0K(9088K) From: 142K(1088K)->126K(1088K)
[2025-04-17T09:22:49.461+0000][137.461s][info][gc,heap        ] GC(1231) Tenured: 17999K(22464K)->18006K(22464K)
[2025-04-17T09:22:49.461+0000][137.461s][info][gc,metaspace   ] GC(1231) Metaspace: 37389K(37760K)->37389K(37760K) NonClass: 32963K(33152K)->32963K(33152K) Class: 4425K(4608K)->4425K(4608K)
[2025-04-17T09:22:49.461+0000][137.461s][info][gc             ] GC(1231) Pause Young (Allocation Failure) 26M->17M(31M) 1.470ms
[2025-04-17T09:22:49.461+0000][137.461s][info][gc,cpu         ] GC(1231) User=0.00s Sys=0.00s Real=0.00s
[2025-04-17T09:22:49.557+0000][137.558s][info][gc,start       ] GC(1232) Pause Young (Allocation Failure)
[2025-04-17T09:22:49.559+0000][137.559s][info][gc,heap        ] GC(1232) DefNew: 9214K(10176K)->94K(10176K) Eden: 9088K(9088K)->0K(9088K) From: 126K(1088K)->94K(1088K)
[2025-04-17T09:22:49.559+0000][137.559s][info][gc,heap        ] GC(1232) Tenured: 18006K(22464K)->18026K(22464K)
[2025-04-17T09:22:49.559+0000][137.559s][info][gc,metaspace   ] GC(1232) Metaspace: 37389K(37760K)->37389K(37760K) NonClass: 32963K(33152K)->32963K(33152K) Class: 4425K(4608K)->4425K(4608K)
[2025-04-17T09:22:49.559+0000][137.559s][info][gc             ] GC(1232) Pause Young (Allocation Failure) 26M->17M(31M) 1.383ms
[2025-04-17T09:22:49.559+0000][137.559s][info][gc,cpu         ] GC(1232) User=0.00s Sys=0.00s Real=0.00s
[2025-04-17T09:22:49.657+0000][137.657s][info][gc,start       ] GC(1233) Pause Young (Allocation Failure)
[2025-04-17T09:22:49.658+0000][137.659s][info][gc,heap        ] GC(1233) DefNew: 9182K(10176K)->123K(10176K) Eden: 9087K(9088K)->0K(9088K) From: 94K(1088K)->123K(1088K)
[2025-04-17T09:22:49.658+0000][137.659s][info][gc,heap        ] GC(1233) Tenured: 18026K(22464K)->18026K(22464K)
[2025-04-17T09:22:49.658+0000][137.659s][info][gc,metaspace   ] GC(1233) Metaspace: 37389K(37760K)->37389K(37760K) NonClass: 32963K(33152K)->32963K(33152K) Class: 4425K(4608K)->4425K(4608K)
[2025-04-17T09:22:49.658+0000][137.659s][info][gc             ] GC(1233) Pause Young (Allocation Failure) 26M->17M(31M) 1.506ms
[2025-04-17T09:22:49.658+0000][137.659s][info][gc,cpu         ] GC(1233) User=0.01s Sys=0.00s Real=0.00s
[2025-04-17T09:22:49.835+0000][137.835s][info][gc,start       ] GC(1234) Pause Young (Allocation Failure)
[2025-04-17T09:22:49.836+0000][137.837s][info][gc,heap        ] GC(1234) DefNew: 9211K(10176K)->109K(10176K) Eden: 9088K(9088K)->0K(9088K) From: 123K(1088K)->109K(1088K)
[2025-04-17T09:22:49.836+0000][137.837s][info][gc,heap        ] GC(1234) Tenured: 18026K(22464K)->18026K(22464K)
[2025-04-17T09:22:49.836+0000][137.837s][info][gc,metaspace   ] GC(1234) Metaspace: 37389K(37760K)->37389K(37760K) NonClass: 32963K(33152K)->32963K(33152K) Class: 4425K(4608K)->4425K(4608K)
[2025-04-17T09:22:49.836+0000][137.837s][info][gc             ] GC(1234) Pause Young (Allocation Failure) 26M->17M(31M) 1.558ms
[2025-04-17T09:22:49.836+0000][137.837s][info][gc,cpu         ] GC(1234) User=0.00s Sys=0.00s Real=0.00s
[2025-04-17T09:22:49.907+0000][137.907s][info][gc,start       ] GC(1235) Pause Young (Allocation Failure)
[2025-04-17T09:22:49.908+0000][137.909s][info][gc,heap        ] GC(1235) DefNew: 9197K(10176K)->125K(10176K) Eden: 9087K(9088K)->0K(9088K) From: 109K(1088K)->125K(1088K)
[2025-04-17T09:22:49.908+0000][137.909s][info][gc,heap        ] GC(1235) Tenured: 18026K(22464K)->18028K(22464K)
[2025-04-17T09:22:49.908+0000][137.909s][info][gc,metaspace   ] GC(1235) Metaspace: 37389K(37760K)->37389K(37760K) NonClass: 32963K(33152K)->32963K(33152K) Class: 4425K(4608K)->4425K(4608K)
[2025-04-17T09:22:49.908+0000][137.909s][info][gc             ] GC(1235) Pause Young (Allocation Failure) 26M->17M(31M) 1.389ms
[2025-04-17T09:22:49.908+0000][137.909s][info][gc,cpu         ] GC(1235) User=0.00s Sys=0.00s Real=0.00s
[2025-04-17T09:22:50.026+0000][138.026s][info][gc,start       ] GC(1236) Pause Young (Allocation Failure)
[2025-04-17T09:22:50.027+0000][138.028s][info][gc,heap        ] GC(1236) DefNew: 9213K(10176K)->131K(10176K) Eden: 9088K(9088K)->0K(9088K) From: 125K(1088K)->131K(1088K)
[2025-04-17T09:22:50.027+0000][138.028s][info][gc,heap        ] GC(1236) Tenured: 18028K(22464K)->18028K(22464K)
[2025-04-17T09:22:50.027+0000][138.028s][info][gc,metaspace   ] GC(1236) Metaspace: 37389K(37760K)->37389K(37760K) NonClass: 32963K(33152K)->32963K(33152K) Class: 4425K(4608K)->4425K(4608K)
[2025-04-17T09:22:50.027+0000][138.028s][info][gc             ] GC(1236) Pause Young (Allocation Failure) 26M->17M(31M) 1.499ms
[2025-04-17T09:22:50.027+0000][138.028s][info][gc,cpu         ] GC(1236) User=0.00s Sys=0.00s Real=0.00s
[2025-04-17T09:22:50.116+0000][138.117s][info][gc,start       ] GC(1237) Pause Young (Allocation Failure)
[2025-04-17T09:22:50.117+0000][138.118s][info][gc,heap        ] GC(1237) DefNew: 9219K(10176K)->126K(10176K) Eden: 9088K(9088K)->0K(9088K) From: 131K(1088K)->126K(1088K)
[2025-04-17T09:22:50.117+0000][138.118s][info][gc,heap        ] GC(1237) Tenured: 18028K(22464K)->18028K(22464K)
[2025-04-17T09:22:50.117+0000][138.118s][info][gc,metaspace   ] GC(1237) Metaspace: 37389K(37760K)->37389K(37760K) NonClass: 32963K(33152K)->32963K(33152K) Class: 4425K(4608K)->4425K(4608K)
[2025-04-17T09:22:50.117+0000][138.118s][info][gc             ] GC(1237) Pause Young (Allocation Failure) 26M->17M(31M) 1.547ms
[2025-04-17T09:22:50.118+0000][138.118s][info][gc,cpu         ] GC(1237) User=0.00s Sys=0.00s Real=0.00s
[2025-04-17T09:22:50.193+0000][138.194s][info][gc,start       ] GC(1238) Pause Young (Allocation Failure)
[2025-04-17T09:22:50.194+0000][138.195s][info][gc,heap        ] GC(1238) DefNew: 9214K(10176K)->110K(10176K) Eden: 9087K(9088K)->0K(9088K) From: 126K(1088K)->110K(1088K)
[2025-04-17T09:22:50.194+0000][138.195s][info][gc,heap        ] GC(1238) Tenured: 18028K(22464K)->18028K(22464K)
[2025-04-17T09:22:50.195+0000][138.195s][info][gc,metaspace   ] GC(1238) Metaspace: 37389K(37760K)->37389K(37760K) NonClass: 32963K(33152K)->32963K(33152K) Class: 4425K(4608K)->4425K(4608K)
[2025-04-17T09:22:50.195+0000][138.195s][info][gc             ] GC(1238) Pause Young (Allocation Failure) 26M->17M(31M) 1.353ms
[2025-04-17T09:22:50.195+0000][138.195s][info][gc,cpu         ] GC(1238) User=0.00s Sys=0.00s Real=0.01s
[2025-04-17T09:22:50.270+0000][138.271s][info][gc,start       ] GC(1239) Pause Young (Allocation Failure)
[2025-04-17T09:22:50.272+0000][138.272s][info][gc,heap        ] GC(1239) DefNew: 9198K(10176K)->111K(10176K) Eden: 9088K(9088K)->0K(9088K) From: 110K(1088K)->111K(1088K)
[2025-04-17T09:22:50.272+0000][138.272s][info][gc,heap        ] GC(1239) Tenured: 18028K(22464K)->18046K(22464K)
[2025-04-17T09:22:50.272+0000][138.272s][info][gc,metaspace   ] GC(1239) Metaspace: 37389K(37760K)->37389K(37760K) NonClass: 32963K(33152K)->32963K(33152K) Class: 4425K(4608K)->4425K(4608K)
[2025-04-17T09:22:50.272+0000][138.272s][info][gc             ] GC(1239) Pause Young (Allocation Failure) 26M->17M(31M) 1.428ms
[2025-04-17T09:22:50.272+0000][138.272s][info][gc,cpu         ] GC(1239) User=0.00s Sys=0.00s Real=0.00s
[2025-04-17T09:22:50.416+0000][138.417s][info][gc,start       ] GC(1240) Pause Young (Allocation Failure)
[2025-04-17T09:22:50.418+0000][138.418s][info][gc,heap        ] GC(1240) DefNew: 9199K(10176K)->126K(10176K) Eden: 9088K(9088K)->0K(9088K) From: 111K(1088K)->126K(1088K)
[2025-04-17T09:22:50.418+0000][138.418s][info][gc,heap        ] GC(1240) Tenured: 18046K(22464K)->18048K(22464K)
[2025-04-17T09:22:50.418+0000][138.418s][info][gc,metaspace   ] GC(1240) Metaspace: 37389K(37760K)->37389K(37760K) NonClass: 32963K(33152K)->32963K(33152K) Class: 4425K(4608K)->4425K(4608K)
[2025-04-17T09:22:50.418+0000][138.418s][info][gc             ] GC(1240) Pause Young (Allocation Failure) 26M->17M(31M) 1.566ms
[2025-04-17T09:22:50.418+0000][138.418s][info][gc,cpu         ] GC(1240) User=0.00s Sys=0.00s Real=0.00s
[2025-04-17T09:22:50.497+0000][138.498s][info][gc,start       ] GC(1241) Pause Young (Allocation Failure)
[2025-04-17T09:22:50.498+0000][138.499s][info][gc,heap        ] GC(1241) DefNew: 9211K(10176K)->96K(10176K) Eden: 9084K(9088K)->0K(9088K) From: 126K(1088K)->96K(1088K)
[2025-04-17T09:22:50.498+0000][138.499s][info][gc,heap        ] GC(1241) Tenured: 18048K(22464K)->18049K(22464K)
[2025-04-17T09:22:50.498+0000][138.499s][info][gc,metaspace   ] GC(1241) Metaspace: 37389K(37760K)->37389K(37760K) NonClass: 32963K(33152K)->32963K(33152K) Class: 4425K(4608K)->4425K(4608K)
[2025-04-17T09:22:50.498+0000][138.499s][info][gc             ] GC(1241) Pause Young (Allocation Failure) 26M->17M(31M) 1.309ms
[2025-04-17T09:22:50.498+0000][138.499s][info][gc,cpu         ] GC(1241) User=0.00s Sys=0.00s Real=0.00s
[2025-04-17T09:22:50.626+0000][138.626s][info][gc,start       ] GC(1242) Pause Young (Allocation Failure)
[2025-04-17T09:22:50.627+0000][138.628s][info][gc,heap        ] GC(1242) DefNew: 9184K(10176K)->120K(10176K) Eden: 9088K(9088K)->0K(9088K) From: 96K(1088K)->120K(1088K)
[2025-04-17T09:22:50.627+0000][138.628s][info][gc,heap        ] GC(1242) Tenured: 18049K(22464K)->18051K(22464K)
[2025-04-17T09:22:50.627+0000][138.628s][info][gc,metaspace   ] GC(1242) Metaspace: 37389K(37760K)->37389K(37760K) NonClass: 32963K(33152K)->32963K(33152K) Class: 4425K(4608K)->4425K(4608K)
[2025-04-17T09:22:50.627+0000][138.628s][info][gc             ] GC(1242) Pause Young (Allocation Failure) 26M->17M(31M) 1.448ms
[2025-04-17T09:22:50.627+0000][138.628s][info][gc,cpu         ] GC(1242) User=0.00s Sys=0.00s Real=0.00s
[2025-04-17T09:22:50.728+0000][138.729s][info][gc,start       ] GC(1243) Pause Young (Allocation Failure)
[2025-04-17T09:22:50.729+0000][138.730s][info][gc,heap        ] GC(1243) DefNew: 9204K(10176K)->123K(10176K) Eden: 9083K(9088K)->0K(9088K) From: 120K(1088K)->123K(1088K)
[2025-04-17T09:22:50.729+0000][138.730s][info][gc,heap        ] GC(1243) Tenured: 18051K(22464K)->18053K(22464K)
[2025-04-17T09:22:50.729+0000][138.730s][info][gc,metaspace   ] GC(1243) Metaspace: 37389K(37760K)->37389K(37760K) NonClass: 32963K(33152K)->32963K(33152K) Class: 4425K(4608K)->4425K(4608K)
[2025-04-17T09:22:50.729+0000][138.730s][info][gc             ] GC(1243) Pause Young (Allocation Failure) 26M->17M(31M) 1.474ms
[2025-04-17T09:22:50.729+0000][138.730s][info][gc,cpu         ] GC(1243) User=0.00s Sys=0.00s Real=0.00s
[2025-04-17T09:22:50.844+0000][138.844s][info][gc,start       ] GC(1244) Pause Young (Allocation Failure)
[2025-04-17T09:22:50.845+0000][138.846s][info][gc,heap        ] GC(1244) DefNew: 9211K(10176K)->120K(10176K) Eden: 9088K(9088K)->0K(9088K) From: 123K(1088K)->120K(1088K)
[2025-04-17T09:22:50.845+0000][138.846s][info][gc,heap        ] GC(1244) Tenured: 18053K(22464K)->18053K(22464K)
[2025-04-17T09:22:50.845+0000][138.846s][info][gc,metaspace   ] GC(1244) Metaspace: 37389K(37760K)->37389K(37760K) NonClass: 32963K(33152K)->32963K(33152K) Class: 4425K(4608K)->4425K(4608K)
[2025-04-17T09:22:50.845+0000][138.846s][info][gc             ] GC(1244) Pause Young (Allocation Failure) 26M->17M(31M) 1.447ms
[2025-04-17T09:22:50.845+0000][138.846s][info][gc,cpu         ] GC(1244) User=0.00s Sys=0.00s Real=0.01s
[2025-04-17T09:22:50.973+0000][138.974s][info][gc,start       ] GC(1245) Pause Young (Allocation Failure)
[2025-04-17T09:22:50.974+0000][138.975s][info][gc,heap        ] GC(1245) DefNew: 9208K(10176K)->120K(10176K) Eden: 9088K(9088K)->0K(9088K) From: 120K(1088K)->120K(1088K)
[2025-04-17T09:22:50.974+0000][138.975s][info][gc,heap        ] GC(1245) Tenured: 18053K(22464K)->18053K(22464K)
[2025-04-17T09:22:50.974+0000][138.975s][info][gc,metaspace   ] GC(1245) Metaspace: 37389K(37760K)->37389K(37760K) NonClass: 32963K(33152K)->32963K(33152K) Class: 4425K(4608K)->4425K(4608K)
[2025-04-17T09:22:50.974+0000][138.975s][info][gc             ] GC(1245) Pause Young (Allocation Failure) 26M->17M(31M) 1.472ms
[2025-04-17T09:22:50.974+0000][138.975s][info][gc,cpu         ] GC(1245) User=0.00s Sys=0.00s Real=0.01s
[2025-04-17T09:22:51.140+0000][139.140s][info][gc,start       ] GC(1246) Pause Young (Allocation Failure)
[2025-04-17T09:22:51.141+0000][139.142s][info][gc,heap        ] GC(1246) DefNew: 9208K(10176K)->114K(10176K) Eden: 9088K(9088K)->0K(9088K) From: 120K(1088K)->114K(1088K)
[2025-04-17T09:22:51.141+0000][139.142s][info][gc,heap        ] GC(1246) Tenured: 18053K(22464K)->18060K(22464K)
[2025-04-17T09:22:51.141+0000][139.142s][info][gc,metaspace   ] GC(1246) Metaspace: 37389K(37760K)->37389K(37760K) NonClass: 32963K(33152K)->32963K(33152K) Class: 4425K(4608K)->4425K(4608K)
[2025-04-17T09:22:51.141+0000][139.142s][info][gc             ] GC(1246) Pause Young (Allocation Failure) 26M->17M(31M) 1.536ms
[2025-04-17T09:22:51.141+0000][139.142s][info][gc,cpu         ] GC(1246) User=0.00s Sys=0.00s Real=0.00s
[2025-04-17T09:22:51.243+0000][139.243s][info][gc,start       ] GC(1247) Pause Young (Allocation Failure)
[2025-04-17T09:22:51.244+0000][139.245s][info][gc,heap        ] GC(1247) DefNew: 9202K(10176K)->102K(10176K) Eden: 9088K(9088K)->0K(9088K) From: 114K(1088K)->102K(1088K)
[2025-04-17T09:22:51.244+0000][139.245s][info][gc,heap        ] GC(1247) Tenured: 18060K(22464K)->18060K(22464K)
[2025-04-17T09:22:51.244+0000][139.245s][info][gc,metaspace   ] GC(1247) Metaspace: 37389K(37760K)->37389K(37760K) NonClass: 32963K(33152K)->32963K(33152K) Class: 4425K(4608K)->4425K(4608K)
[2025-04-17T09:22:51.244+0000][139.245s][info][gc             ] GC(1247) Pause Young (Allocation Failure) 26M->17M(31M) 1.691ms
[2025-04-17T09:22:51.244+0000][139.245s][info][gc,cpu         ] GC(1247) User=0.00s Sys=0.00s Real=0.01s
[2025-04-17T09:22:51.366+0000][139.367s][info][gc,start       ] GC(1248) Pause Young (Allocation Failure)
[2025-04-17T09:22:51.367+0000][139.368s][info][gc,heap        ] GC(1248) DefNew: 9190K(10176K)->99K(10176K) Eden: 9088K(9088K)->0K(9088K) From: 102K(1088K)->99K(1088K)
[2025-04-17T09:22:51.368+0000][139.368s][info][gc,heap        ] GC(1248) Tenured: 18060K(22464K)->18063K(22464K)
[2025-04-17T09:22:51.368+0000][139.368s][info][gc,metaspace   ] GC(1248) Metaspace: 37389K(37760K)->37389K(37760K) NonClass: 32963K(33152K)->32963K(33152K) Class: 4425K(4608K)->4425K(4608K)
[2025-04-17T09:22:51.368+0000][139.368s][info][gc             ] GC(1248) Pause Young (Allocation Failure) 26M->17M(31M) 1.594ms
[2025-04-17T09:22:51.368+0000][139.368s][info][gc,cpu         ] GC(1248) User=0.00s Sys=0.00s Real=0.00s
[2025-04-17T09:22:51.491+0000][139.492s][info][gc,start       ] GC(1249) Pause Young (Allocation Failure)
[2025-04-17T09:22:51.493+0000][139.493s][info][gc,heap        ] GC(1249) DefNew: 9187K(10176K)->109K(10176K) Eden: 9088K(9088K)->0K(9088K) From: 99K(1088K)->109K(1088K)
[2025-04-17T09:22:51.493+0000][139.493s][info][gc,heap        ] GC(1249) Tenured: 18063K(22464K)->18064K(22464K)
[2025-04-17T09:22:51.493+0000][139.493s][info][gc,metaspace   ] GC(1249) Metaspace: 37389K(37760K)->37389K(37760K) NonClass: 32963K(33152K)->32963K(33152K) Class: 4425K(4608K)->4425K(4608K)
[2025-04-17T09:22:51.493+0000][139.493s][info][gc             ] GC(1249) Pause Young (Allocation Failure) 26M->17M(31M) 1.506ms
[2025-04-17T09:22:51.493+0000][139.493s][info][gc,cpu         ] GC(1249) User=0.00s Sys=0.00s Real=0.00s
[2025-04-17T09:22:51.614+0000][139.614s][info][gc,start       ] GC(1250) Pause Young (Allocation Failure)
[2025-04-17T09:22:51.615+0000][139.616s][info][gc,heap        ] GC(1250) DefNew: 9197K(10176K)->147K(10176K) Eden: 9088K(9088K)->0K(9088K) From: 109K(1088K)->147K(1088K)
[2025-04-17T09:22:51.615+0000][139.616s][info][gc,heap        ] GC(1250) Tenured: 18064K(22464K)->18065K(22464K)
[2025-04-17T09:22:51.615+0000][139.616s][info][gc,metaspace   ] GC(1250) Metaspace: 37389K(37760K)->37389K(37760K) NonClass: 32963K(33152K)->32963K(33152K) Class: 4425K(4608K)->4425K(4608K)
[2025-04-17T09:22:51.615+0000][139.616s][info][gc             ] GC(1250) Pause Young (Allocation Failure) 26M->17M(31M) 1.684ms
[2025-04-17T09:22:51.616+0000][139.616s][info][gc,cpu         ] GC(1250) User=0.00s Sys=0.00s Real=0.01s
[2025-04-17T09:22:51.764+0000][139.765s][info][gc,start       ] GC(1251) Pause Young (Allocation Failure)
[2025-04-17T09:22:51.766+0000][139.766s][info][gc,heap        ] GC(1251) DefNew: 9235K(10176K)->118K(10176K) Eden: 9088K(9088K)->0K(9088K) From: 147K(1088K)->118K(1088K)
[2025-04-17T09:22:51.766+0000][139.766s][info][gc,heap        ] GC(1251) Tenured: 18065K(22464K)->18065K(22464K)
[2025-04-17T09:22:51.766+0000][139.766s][info][gc,metaspace   ] GC(1251) Metaspace: 37389K(37760K)->37389K(37760K) NonClass: 32963K(33152K)->32963K(33152K) Class: 4425K(4608K)->4425K(4608K)
[2025-04-17T09:22:51.766+0000][139.767s][info][gc             ] GC(1251) Pause Young (Allocation Failure) 26M->17M(31M) 1.517ms
[2025-04-17T09:22:51.766+0000][139.767s][info][gc,cpu         ] GC(1251) User=0.00s Sys=0.00s Real=0.00s
[2025-04-17T09:22:51.989+0000][139.990s][info][gc,start       ] GC(1252) Pause Young (Allocation Failure)
[2025-04-17T09:22:51.991+0000][139.991s][info][gc,heap        ] GC(1252) DefNew: 9201K(10176K)->121K(10176K) Eden: 9082K(9088K)->0K(9088K) From: 118K(1088K)->121K(1088K)
[2025-04-17T09:22:51.991+0000][139.991s][info][gc,heap        ] GC(1252) Tenured: 18065K(22464K)->18066K(22464K)
[2025-04-17T09:22:51.991+0000][139.991s][info][gc,metaspace   ] GC(1252) Metaspace: 37389K(37760K)->37389K(37760K) NonClass: 32963K(33152K)->32963K(33152K) Class: 4425K(4608K)->4425K(4608K)
[2025-04-17T09:22:51.991+0000][139.991s][info][gc             ] GC(1252) Pause Young (Allocation Failure) 26M->17M(31M) 1.623ms
[2025-04-17T09:22:51.991+0000][139.991s][info][gc,cpu         ] GC(1252) User=0.00s Sys=0.00s Real=0.00s
[2025-04-17T09:22:52.120+0000][140.121s][info][gc,start       ] GC(1253) Pause Young (Allocation Failure)
[2025-04-17T09:22:52.122+0000][140.122s][info][gc,heap        ] GC(1253) DefNew: 9209K(10176K)->121K(10176K) Eden: 9088K(9088K)->0K(9088K) From: 121K(1088K)->121K(1088K)
[2025-04-17T09:22:52.122+0000][140.122s][info][gc,heap        ] GC(1253) Tenured: 18066K(22464K)->18066K(22464K)
[2025-04-17T09:22:52.122+0000][140.122s][info][gc,metaspace   ] GC(1253) Metaspace: 37389K(37760K)->37389K(37760K) NonClass: 32963K(33152K)->32963K(33152K) Class: 4425K(4608K)->4425K(4608K)
[2025-04-17T09:22:52.122+0000][140.123s][info][gc             ] GC(1253) Pause Young (Allocation Failure) 26M->17M(31M) 1.510ms
[2025-04-17T09:22:52.122+0000][140.123s][info][gc,cpu         ] GC(1253) User=0.00s Sys=0.00s Real=0.00s
[2025-04-17T09:22:52.230+0000][140.230s][info][gc,start       ] GC(1254) Pause Young (Allocation Failure)
[2025-04-17T09:22:52.231+0000][140.232s][info][gc,heap        ] GC(1254) DefNew: 9208K(10176K)->94K(10176K) Eden: 9087K(9088K)->0K(9088K) From: 121K(1088K)->94K(1088K)
[2025-04-17T09:22:52.231+0000][140.232s][info][gc,heap        ] GC(1254) Tenured: 18066K(22464K)->18084K(22464K)
[2025-04-17T09:22:52.231+0000][140.232s][info][gc,metaspace   ] GC(1254) Metaspace: 37389K(37760K)->37389K(37760K) NonClass: 32964K(33152K)->32964K(33152K) Class: 4425K(4608K)->4425K(4608K)
[2025-04-17T09:22:52.231+0000][140.232s][info][gc             ] GC(1254) Pause Young (Allocation Failure) 26M->17M(31M) 1.389ms
[2025-04-17T09:22:52.231+0000][140.232s][info][gc,cpu         ] GC(1254) User=0.00s Sys=0.00s Real=0.00s
[2025-04-17T09:22:52.354+0000][140.354s][info][gc,start       ] GC(1255) Pause Young (Allocation Failure)
[2025-04-17T09:22:52.355+0000][140.356s][info][gc,heap        ] GC(1255) DefNew: 9182K(10176K)->105K(10176K) Eden: 9088K(9088K)->0K(9088K) From: 94K(1088K)->105K(1088K)
[2025-04-17T09:22:52.355+0000][140.356s][info][gc,heap        ] GC(1255) Tenured: 18084K(22464K)->18084K(22464K)
[2025-04-17T09:22:52.355+0000][140.356s][info][gc,metaspace   ] GC(1255) Metaspace: 37389K(37760K)->37389K(37760K) NonClass: 32964K(33152K)->32964K(33152K) Class: 4425K(4608K)->4425K(4608K)
[2025-04-17T09:22:52.355+0000][140.356s][info][gc             ] GC(1255) Pause Young (Allocation Failure) 26M->17M(31M) 1.600ms
[2025-04-17T09:22:52.355+0000][140.356s][info][gc,cpu         ] GC(1255) User=0.00s Sys=0.00s Real=0.01s
[2025-04-17T09:22:52.560+0000][140.561s][info][gc,start       ] GC(1256) Pause Young (Allocation Failure)
[2025-04-17T09:22:52.562+0000][140.562s][info][gc,heap        ] GC(1256) DefNew: 9193K(10176K)->111K(10176K) Eden: 9088K(9088K)->0K(9088K) From: 105K(1088K)->111K(1088K)
[2025-04-17T09:22:52.562+0000][140.562s][info][gc,heap        ] GC(1256) Tenured: 18084K(22464K)->18084K(22464K)
[2025-04-17T09:22:52.562+0000][140.562s][info][gc,metaspace   ] GC(1256) Metaspace: 37389K(37760K)->37389K(37760K) NonClass: 32964K(33152K)->32964K(33152K) Class: 4425K(4608K)->4425K(4608K)
[2025-04-17T09:22:52.562+0000][140.562s][info][gc             ] GC(1256) Pause Young (Allocation Failure) 26M->17M(31M) 1.581ms
[2025-04-17T09:22:52.562+0000][140.562s][info][gc,cpu         ] GC(1256) User=0.00s Sys=0.00s Real=0.00s
[2025-04-17T09:22:52.708+0000][140.709s][info][gc,start       ] GC(1257) Pause Young (Allocation Failure)
[2025-04-17T09:22:52.709+0000][140.710s][info][gc,heap        ] GC(1257) DefNew: 9199K(10176K)->99K(10176K) Eden: 9088K(9088K)->0K(9088K) From: 111K(1088K)->99K(1088K)
[2025-04-17T09:22:52.709+0000][140.710s][info][gc,heap        ] GC(1257) Tenured: 18084K(22464K)->18084K(22464K)
[2025-04-17T09:22:52.709+0000][140.710s][info][gc,metaspace   ] GC(1257) Metaspace: 37389K(37760K)->37389K(37760K) NonClass: 32964K(33152K)->32964K(33152K) Class: 4425K(4608K)->4425K(4608K)
[2025-04-17T09:22:52.709+0000][140.710s][info][gc             ] GC(1257) Pause Young (Allocation Failure) 26M->17M(31M) 1.439ms
[2025-04-17T09:22:52.709+0000][140.710s][info][gc,cpu         ] GC(1257) User=0.00s Sys=0.00s Real=0.00s
[2025-04-17T09:22:52.965+0000][140.966s][info][gc,start       ] GC(1258) Pause Young (Allocation Failure)
[2025-04-17T09:22:52.966+0000][140.967s][info][gc,heap        ] GC(1258) DefNew: 9183K(10176K)->150K(10176K) Eden: 9084K(9088K)->0K(9088K) From: 99K(1088K)->150K(1088K)
[2025-04-17T09:22:52.966+0000][140.967s][info][gc,heap        ] GC(1258) Tenured: 18084K(22464K)->18085K(22464K)
[2025-04-17T09:22:52.966+0000][140.967s][info][gc,metaspace   ] GC(1258) Metaspace: 37389K(37760K)->37389K(37760K) NonClass: 32964K(33152K)->32964K(33152K) Class: 4425K(4608K)->4425K(4608K)
[2025-04-17T09:22:52.966+0000][140.967s][info][gc             ] GC(1258) Pause Young (Allocation Failure) 26M->17M(31M) 1.443ms
[2025-04-17T09:22:52.966+0000][140.967s][info][gc,cpu         ] GC(1258) User=0.00s Sys=0.00s Real=0.00s
[2025-04-17T09:22:53.113+0000][141.114s][info][gc,start       ] GC(1259) Pause Young (Allocation Failure)
[2025-04-17T09:22:53.115+0000][141.116s][info][gc,heap        ] GC(1259) DefNew: 9238K(10176K)->148K(10176K) Eden: 9088K(9088K)->0K(9088K) From: 150K(1088K)->148K(1088K)
[2025-04-17T09:22:53.115+0000][141.116s][info][gc,heap        ] GC(1259) Tenured: 18085K(22464K)->18085K(22464K)
[2025-04-17T09:22:53.115+0000][141.116s][info][gc,metaspace   ] GC(1259) Metaspace: 37389K(37760K)->37389K(37760K) NonClass: 32964K(33152K)->32964K(33152K) Class: 4425K(4608K)->4425K(4608K)
[2025-04-17T09:22:53.115+0000][141.116s][info][gc             ] GC(1259) Pause Young (Allocation Failure) 26M->17M(31M) 1.507ms
[2025-04-17T09:22:53.115+0000][141.116s][info][gc,cpu         ] GC(1259) User=0.01s Sys=0.00s Real=0.01s
[2025-04-17T09:22:53.275+0000][141.276s][info][gc,start       ] GC(1260) Pause Young (Allocation Failure)
[2025-04-17T09:22:53.277+0000][141.277s][info][gc,heap        ] GC(1260) DefNew: 9236K(10176K)->167K(10176K) Eden: 9088K(9088K)->0K(9088K) From: 148K(1088K)->167K(1088K)
[2025-04-17T09:22:53.277+0000][141.277s][info][gc,heap        ] GC(1260) Tenured: 18085K(22464K)->18085K(22464K)
[2025-04-17T09:22:53.277+0000][141.277s][info][gc,metaspace   ] GC(1260) Metaspace: 37389K(37760K)->37389K(37760K) NonClass: 32964K(33152K)->32964K(33152K) Class: 4425K(4608K)->4425K(4608K)
[2025-04-17T09:22:53.277+0000][141.278s][info][gc             ] GC(1260) Pause Young (Allocation Failure) 26M->17M(31M) 1.541ms
[2025-04-17T09:22:53.277+0000][141.278s][info][gc,cpu         ] GC(1260) User=0.00s Sys=0.00s Real=0.00s
[2025-04-17T09:22:53.360+0000][141.361s][info][gc,start       ] GC(1261) Pause Young (Allocation Failure)
[2025-04-17T09:22:53.362+0000][141.362s][info][gc,heap        ] GC(1261) DefNew: 9255K(10176K)->137K(10176K) Eden: 9088K(9088K)->0K(9088K) From: 167K(1088K)->137K(1088K)
[2025-04-17T09:22:53.362+0000][141.362s][info][gc,heap        ] GC(1261) Tenured: 18085K(22464K)->18087K(22464K)
[2025-04-17T09:22:53.362+0000][141.362s][info][gc,metaspace   ] GC(1261) Metaspace: 37389K(37760K)->37389K(37760K) NonClass: 32964K(33152K)->32964K(33152K) Class: 4425K(4608K)->4425K(4608K)
[2025-04-17T09:22:53.362+0000][141.362s][info][gc             ] GC(1261) Pause Young (Allocation Failure) 26M->17M(31M) 1.517ms
[2025-04-17T09:22:53.362+0000][141.362s][info][gc,cpu         ] GC(1261) User=0.01s Sys=0.00s Real=0.00s
[2025-04-17T09:22:53.413+0000][141.413s][info][gc,start       ] GC(1262) Pause Young (Allocation Failure)
[2025-04-17T09:22:53.414+0000][141.415s][info][gc,heap        ] GC(1262) DefNew: 9221K(10176K)->133K(10176K) Eden: 9084K(9088K)->0K(9088K) From: 137K(1088K)->133K(1088K)
[2025-04-17T09:22:53.414+0000][141.415s][info][gc,heap        ] GC(1262) Tenured: 18087K(22464K)->18089K(22464K)
[2025-04-17T09:22:53.414+0000][141.415s][info][gc,metaspace   ] GC(1262) Metaspace: 37389K(37760K)->37389K(37760K) NonClass: 32964K(33152K)->32964K(33152K) Class: 4425K(4608K)->4425K(4608K)
[2025-04-17T09:22:53.414+0000][141.415s][info][gc             ] GC(1262) Pause Young (Allocation Failure) 26M->17M(31M) 1.576ms
[2025-04-17T09:22:53.414+0000][141.415s][info][gc,cpu         ] GC(1262) User=0.00s Sys=0.00s Real=0.01s
[2025-04-17T09:22:53.492+0000][141.493s][info][gc,start       ] GC(1263) Pause Young (Allocation Failure)
[2025-04-17T09:22:53.494+0000][141.494s][info][gc,heap        ] GC(1263) DefNew: 9213K(10176K)->136K(10176K) Eden: 9080K(9088K)->0K(9088K) From: 133K(1088K)->136K(1088K)
[2025-04-17T09:22:53.494+0000][141.494s][info][gc,heap        ] GC(1263) Tenured: 18089K(22464K)->18090K(22464K)
[2025-04-17T09:22:53.494+0000][141.494s][info][gc,metaspace   ] GC(1263) Metaspace: 37389K(37760K)->37389K(37760K) NonClass: 32964K(33152K)->32964K(33152K) Class: 4425K(4608K)->4425K(4608K)
[2025-04-17T09:22:53.494+0000][141.494s][info][gc             ] GC(1263) Pause Young (Allocation Failure) 26M->17M(31M) 1.436ms
[2025-04-17T09:22:53.494+0000][141.494s][info][gc,cpu         ] GC(1263) User=0.00s Sys=0.00s Real=0.00s
[2025-04-17T09:22:53.561+0000][141.561s][info][gc,start       ] GC(1264) Pause Young (Allocation Failure)
[2025-04-17T09:22:53.562+0000][141.563s][info][gc,heap        ] GC(1264) DefNew: 9224K(10176K)->159K(10176K) Eden: 9088K(9088K)->0K(9088K) From: 136K(1088K)->159K(1088K)
[2025-04-17T09:22:53.562+0000][141.563s][info][gc,heap        ] GC(1264) Tenured: 18090K(22464K)->18091K(22464K)
[2025-04-17T09:22:53.562+0000][141.563s][info][gc,metaspace   ] GC(1264) Metaspace: 37389K(37760K)->37389K(37760K) NonClass: 32964K(33152K)->32964K(33152K) Class: 4425K(4608K)->4425K(4608K)
[2025-04-17T09:22:53.562+0000][141.563s][info][gc             ] GC(1264) Pause Young (Allocation Failure) 26M->17M(31M) 1.703ms
[2025-04-17T09:22:53.562+0000][141.563s][info][gc,cpu         ] GC(1264) User=0.01s Sys=0.00s Real=0.00s
[2025-04-17T09:22:53.796+0000][141.797s][info][gc,start       ] GC(1265) Pause Young (Allocation Failure)
[2025-04-17T09:22:53.798+0000][141.798s][info][gc,heap        ] GC(1265) DefNew: 9247K(10176K)->131K(10176K) Eden: 9087K(9088K)->0K(9088K) From: 159K(1088K)->131K(1088K)
[2025-04-17T09:22:53.798+0000][141.799s][info][gc,heap        ] GC(1265) Tenured: 18091K(22464K)->18091K(22464K)
[2025-04-17T09:22:53.798+0000][141.799s][info][gc,metaspace   ] GC(1265) Metaspace: 37389K(37760K)->37389K(37760K) NonClass: 32964K(33152K)->32964K(33152K) Class: 4425K(4608K)->4425K(4608K)
[2025-04-17T09:22:53.798+0000][141.799s][info][gc             ] GC(1265) Pause Young (Allocation Failure) 26M->17M(31M) 1.564ms
[2025-04-17T09:22:53.798+0000][141.799s][info][gc,cpu         ] GC(1265) User=0.01s Sys=0.00s Real=0.00s
[2025-04-17T09:22:53.893+0000][141.893s][info][gc,start       ] GC(1266) Pause Young (Allocation Failure)
[2025-04-17T09:22:53.894+0000][141.895s][info][gc,heap        ] GC(1266) DefNew: 9212K(10176K)->136K(10176K) Eden: 9081K(9088K)->0K(9088K) From: 131K(1088K)->136K(1088K)
[2025-04-17T09:22:53.894+0000][141.895s][info][gc,heap        ] GC(1266) Tenured: 18091K(22464K)->18093K(22464K)
[2025-04-17T09:22:53.894+0000][141.895s][info][gc,metaspace   ] GC(1266) Metaspace: 37389K(37760K)->37389K(37760K) NonClass: 32964K(33152K)->32964K(33152K) Class: 4425K(4608K)->4425K(4608K)
[2025-04-17T09:22:53.894+0000][141.895s][info][gc             ] GC(1266) Pause Young (Allocation Failure) 26M->17M(31M) 1.412ms
[2025-04-17T09:22:53.894+0000][141.895s][info][gc,cpu         ] GC(1266) User=0.00s Sys=0.00s Real=0.00s
[2025-04-17T09:22:54.131+0000][142.132s][info][gc,start       ] GC(1267) Pause Young (Allocation Failure)
[2025-04-17T09:22:54.133+0000][142.133s][info][gc,heap        ] GC(1267) DefNew: 9223K(10176K)->131K(10176K) Eden: 9087K(9088K)->0K(9088K) From: 136K(1088K)->131K(1088K)
[2025-04-17T09:22:54.133+0000][142.133s][info][gc,heap        ] GC(1267) Tenured: 18093K(22464K)->18093K(22464K)
[2025-04-17T09:22:54.133+0000][142.133s][info][gc,metaspace   ] GC(1267) Metaspace: 37389K(37760K)->37389K(37760K) NonClass: 32964K(33152K)->32964K(33152K) Class: 4425K(4608K)->4425K(4608K)
[2025-04-17T09:22:54.133+0000][142.133s][info][gc             ] GC(1267) Pause Young (Allocation Failure) 26M->17M(31M) 1.497ms
[2025-04-17T09:22:54.133+0000][142.133s][info][gc,cpu         ] GC(1267) User=0.01s Sys=0.00s Real=0.00s
[2025-04-17T09:22:54.392+0000][142.392s][info][gc,start       ] GC(1268) Pause Young (Allocation Failure)
[2025-04-17T09:22:54.393+0000][142.394s][info][gc,heap        ] GC(1268) DefNew: 9219K(10176K)->130K(10176K) Eden: 9088K(9088K)->0K(9088K) From: 131K(1088K)->130K(1088K)
[2025-04-17T09:22:54.393+0000][142.394s][info][gc,heap        ] GC(1268) Tenured: 18093K(22464K)->18096K(22464K)
[2025-04-17T09:22:54.393+0000][142.394s][info][gc,metaspace   ] GC(1268) Metaspace: 37394K(37760K)->37394K(37760K) NonClass: 32968K(33152K)->32968K(33152K) Class: 4425K(4608K)->4425K(4608K)
[2025-04-17T09:22:54.393+0000][142.394s][info][gc             ] GC(1268) Pause Young (Allocation Failure) 26M->17M(31M) 1.468ms
[2025-04-17T09:22:54.393+0000][142.394s][info][gc,cpu         ] GC(1268) User=0.00s Sys=0.00s Real=0.00s
[2025-04-17T09:22:54.604+0000][142.605s][info][gc,start       ] GC(1269) Pause Young (Allocation Failure)
[2025-04-17T09:22:54.606+0000][142.606s][info][gc,heap        ] GC(1269) DefNew: 9218K(10176K)->126K(10176K) Eden: 9087K(9088K)->0K(9088K) From: 130K(1088K)->126K(1088K)
[2025-04-17T09:22:54.606+0000][142.606s][info][gc,heap        ] GC(1269) Tenured: 18096K(22464K)->18100K(22464K)
[2025-04-17T09:22:54.606+0000][142.606s][info][gc,metaspace   ] GC(1269) Metaspace: 37394K(37760K)->37394K(37760K) NonClass: 32968K(33152K)->32968K(33152K) Class: 4425K(4608K)->4425K(4608K)
[2025-04-17T09:22:54.606+0000][142.606s][info][gc             ] GC(1269) Pause Young (Allocation Failure) 26M->17M(31M) 1.463ms
[2025-04-17T09:22:54.606+0000][142.606s][info][gc,cpu         ] GC(1269) User=0.00s Sys=0.00s Real=0.00s
[2025-04-17T09:22:54.854+0000][142.855s][info][gc,start       ] GC(1270) Pause Young (Allocation Failure)
[2025-04-17T09:22:54.855+0000][142.856s][info][gc,heap        ] GC(1270) DefNew: 9214K(10176K)->141K(10176K) Eden: 9088K(9088K)->0K(9088K) From: 126K(1088K)->141K(1088K)
[2025-04-17T09:22:54.855+0000][142.856s][info][gc,heap        ] GC(1270) Tenured: 18100K(22464K)->18101K(22464K)
[2025-04-17T09:22:54.855+0000][142.856s][info][gc,metaspace   ] GC(1270) Metaspace: 37394K(37760K)->37394K(37760K) NonClass: 32968K(33152K)->32968K(33152K) Class: 4425K(4608K)->4425K(4608K)
[2025-04-17T09:22:54.855+0000][142.856s][info][gc             ] GC(1270) Pause Young (Allocation Failure) 26M->17M(31M) 1.442ms
[2025-04-17T09:22:54.855+0000][142.856s][info][gc,cpu         ] GC(1270) User=0.00s Sys=0.00s Real=0.01s
[2025-04-17T09:22:54.967+0000][142.968s][info][gc,start       ] GC(1271) Pause Young (Allocation Failure)
[2025-04-17T09:22:54.969+0000][142.969s][info][gc,heap        ] GC(1271) DefNew: 9227K(10176K)->128K(10176K) Eden: 9086K(9088K)->0K(9088K) From: 141K(1088K)->128K(1088K)
[2025-04-17T09:22:54.969+0000][142.969s][info][gc,heap        ] GC(1271) Tenured: 18101K(22464K)->18106K(22464K)
[2025-04-17T09:22:54.969+0000][142.969s][info][gc,metaspace   ] GC(1271) Metaspace: 37394K(37760K)->37394K(37760K) NonClass: 32968K(33152K)->32968K(33152K) Class: 4425K(4608K)->4425K(4608K)
[2025-04-17T09:22:54.969+0000][142.970s][info][gc             ] GC(1271) Pause Young (Allocation Failure) 26M->17M(31M) 1.467ms
[2025-04-17T09:22:54.969+0000][142.970s][info][gc,cpu         ] GC(1271) User=0.00s Sys=0.00s Real=0.00s
[2025-04-17T09:22:55.063+0000][143.064s][info][gc,start       ] GC(1272) Pause Young (Allocation Failure)
[2025-04-17T09:22:55.064+0000][143.065s][info][gc,heap        ] GC(1272) DefNew: 9216K(10176K)->123K(10176K) Eden: 9087K(9088K)->0K(9088K) From: 128K(1088K)->123K(1088K)
[2025-04-17T09:22:55.064+0000][143.065s][info][gc,heap        ] GC(1272) Tenured: 18106K(22464K)->18107K(22464K)
[2025-04-17T09:22:55.064+0000][143.065s][info][gc,metaspace   ] GC(1272) Metaspace: 37394K(37760K)->37394K(37760K) NonClass: 32968K(33152K)->32968K(33152K) Class: 4425K(4608K)->4425K(4608K)
[2025-04-17T09:22:55.064+0000][143.065s][info][gc             ] GC(1272) Pause Young (Allocation Failure) 26M->17M(31M) 1.565ms
[2025-04-17T09:22:55.064+0000][143.065s][info][gc,cpu         ] GC(1272) User=0.00s Sys=0.00s Real=0.01s
[2025-04-17T09:22:55.243+0000][143.244s][info][gc,start       ] GC(1273) Pause Young (Allocation Failure)
[2025-04-17T09:22:55.245+0000][143.246s][info][gc,heap        ] GC(1273) DefNew: 9211K(10176K)->154K(10176K) Eden: 9088K(9088K)->0K(9088K) From: 123K(1088K)->154K(1088K)
[2025-04-17T09:22:55.245+0000][143.246s][info][gc,heap        ] GC(1273) Tenured: 18107K(22464K)->18142K(22464K)
[2025-04-17T09:22:55.245+0000][143.246s][info][gc,metaspace   ] GC(1273) Metaspace: 37394K(37760K)->37394K(37760K) NonClass: 32968K(33152K)->32968K(33152K) Class: 4425K(4608K)->4425K(4608K)
[2025-04-17T09:22:55.245+0000][143.246s][info][gc             ] GC(1273) Pause Young (Allocation Failure) 26M->17M(31M) 1.745ms
[2025-04-17T09:22:55.245+0000][143.246s][info][gc,cpu         ] GC(1273) User=0.00s Sys=0.00s Real=0.01s
[2025-04-17T09:22:55.402+0000][143.402s][info][gc,start       ] GC(1274) Pause Young (Allocation Failure)
[2025-04-17T09:22:55.403+0000][143.404s][info][gc,heap        ] GC(1274) DefNew: 9242K(10176K)->170K(10176K) Eden: 9088K(9088K)->0K(9088K) From: 154K(1088K)->170K(1088K)
[2025-04-17T09:22:55.403+0000][143.404s][info][gc,heap        ] GC(1274) Tenured: 18142K(22464K)->18142K(22464K)
[2025-04-17T09:22:55.403+0000][143.404s][info][gc,metaspace   ] GC(1274) Metaspace: 37394K(37760K)->37394K(37760K) NonClass: 32968K(33152K)->32968K(33152K) Class: 4425K(4608K)->4425K(4608K)
[2025-04-17T09:22:55.403+0000][143.404s][info][gc             ] GC(1274) Pause Young (Allocation Failure) 26M->17M(31M) 1.498ms
[2025-04-17T09:22:55.403+0000][143.404s][info][gc,cpu         ] GC(1274) User=0.00s Sys=0.00s Real=0.00s
[2025-04-17T09:22:55.588+0000][143.589s][info][gc,start       ] GC(1275) Pause Young (Allocation Failure)
[2025-04-17T09:22:55.590+0000][143.590s][info][gc,heap        ] GC(1275) DefNew: 9258K(10176K)->143K(10176K) Eden: 9087K(9088K)->0K(9088K) From: 170K(1088K)->143K(1088K)
[2025-04-17T09:22:55.590+0000][143.590s][info][gc,heap        ] GC(1275) Tenured: 18142K(22464K)->18142K(22464K)
[2025-04-17T09:22:55.590+0000][143.590s][info][gc,metaspace   ] GC(1275) Metaspace: 37394K(37760K)->37394K(37760K) NonClass: 32968K(33152K)->32968K(33152K) Class: 4425K(4608K)->4425K(4608K)
[2025-04-17T09:22:55.590+0000][143.591s][info][gc             ] GC(1275) Pause Young (Allocation Failure) 26M->17M(31M) 1.593ms
[2025-04-17T09:22:55.590+0000][143.591s][info][gc,cpu         ] GC(1275) User=0.00s Sys=0.00s Real=0.00s
[2025-04-17T09:22:55.754+0000][143.755s][info][gc,start       ] GC(1276) Pause Young (Allocation Failure)
[2025-04-17T09:22:55.756+0000][143.756s][info][gc,heap        ] GC(1276) DefNew: 9226K(10176K)->127K(10176K) Eden: 9082K(9088K)->0K(9088K) From: 143K(1088K)->127K(1088K)
[2025-04-17T09:22:55.756+0000][143.756s][info][gc,heap        ] GC(1276) Tenured: 18142K(22464K)->18142K(22464K)
[2025-04-17T09:22:55.756+0000][143.756s][info][gc,metaspace   ] GC(1276) Metaspace: 37394K(37760K)->37394K(37760K) NonClass: 32968K(33152K)->32968K(33152K) Class: 4425K(4608K)->4425K(4608K)
[2025-04-17T09:22:55.756+0000][143.756s][info][gc             ] GC(1276) Pause Young (Allocation Failure) 26M->17M(31M) 1.468ms
[2025-04-17T09:22:55.756+0000][143.756s][info][gc,cpu         ] GC(1276) User=0.00s Sys=0.00s Real=0.00s
[2025-04-17T09:22:55.859+0000][143.860s][info][gc,start       ] GC(1277) Pause Young (Allocation Failure)
[2025-04-17T09:22:55.861+0000][143.861s][info][gc,heap        ] GC(1277) DefNew: 9215K(10176K)->137K(10176K) Eden: 9087K(9088K)->0K(9088K) From: 127K(1088K)->137K(1088K)
[2025-04-17T09:22:55.861+0000][143.861s][info][gc,heap        ] GC(1277) Tenured: 18142K(22464K)->18143K(22464K)
[2025-04-17T09:22:55.861+0000][143.861s][info][gc,metaspace   ] GC(1277) Metaspace: 37394K(37760K)->37394K(37760K) NonClass: 32968K(33152K)->32968K(33152K) Class: 4425K(4608K)->4425K(4608K)
[2025-04-17T09:22:55.861+0000][143.861s][info][gc             ] GC(1277) Pause Young (Allocation Failure) 26M->17M(31M) 1.506ms
[2025-04-17T09:22:55.861+0000][143.861s][info][gc,cpu         ] GC(1277) User=0.00s Sys=0.00s Real=0.00s
[2025-04-17T09:22:55.959+0000][143.960s][info][gc,start       ] GC(1278) Pause Young (Allocation Failure)
[2025-04-17T09:22:55.960+0000][143.961s][info][gc,heap        ] GC(1278) DefNew: 9225K(10176K)->120K(10176K) Eden: 9088K(9088K)->0K(9088K) From: 137K(1088K)->120K(1088K)
[2025-04-17T09:22:55.960+0000][143.961s][info][gc,heap        ] GC(1278) Tenured: 18143K(22464K)->18145K(22464K)
[2025-04-17T09:22:55.960+0000][143.961s][info][gc,metaspace   ] GC(1278) Metaspace: 37394K(37760K)->37394K(37760K) NonClass: 32968K(33152K)->32968K(33152K) Class: 4425K(4608K)->4425K(4608K)
[2025-04-17T09:22:55.960+0000][143.961s][info][gc             ] GC(1278) Pause Young (Allocation Failure) 26M->17M(31M) 1.446ms
[2025-04-17T09:22:55.960+0000][143.961s][info][gc,cpu         ] GC(1278) User=0.00s Sys=0.00s Real=0.00s
[2025-04-17T09:22:56.116+0000][144.117s][info][gc,start       ] GC(1279) Pause Young (Allocation Failure)
[2025-04-17T09:22:56.118+0000][144.118s][info][gc,heap        ] GC(1279) DefNew: 9208K(10176K)->124K(10176K) Eden: 9088K(9088K)->0K(9088K) From: 120K(1088K)->124K(1088K)
[2025-04-17T09:22:56.118+0000][144.118s][info][gc,heap        ] GC(1279) Tenured: 18145K(22464K)->18145K(22464K)
[2025-04-17T09:22:56.118+0000][144.118s][info][gc,metaspace   ] GC(1279) Metaspace: 37394K(37760K)->37394K(37760K) NonClass: 32968K(33152K)->32968K(33152K) Class: 4425K(4608K)->4425K(4608K)
[2025-04-17T09:22:56.118+0000][144.118s][info][gc             ] GC(1279) Pause Young (Allocation Failure) 26M->17M(31M) 1.582ms
[2025-04-17T09:22:56.118+0000][144.118s][info][gc,cpu         ] GC(1279) User=0.00s Sys=0.00s Real=0.00s
[2025-04-17T09:22:56.328+0000][144.328s][info][gc,start       ] GC(1280) Pause Young (Allocation Failure)
[2025-04-17T09:22:56.329+0000][144.330s][info][gc,heap        ] GC(1280) DefNew: 9212K(10176K)->117K(10176K) Eden: 9088K(9088K)->0K(9088K) From: 124K(1088K)->117K(1088K)
[2025-04-17T09:22:56.329+0000][144.330s][info][gc,heap        ] GC(1280) Tenured: 18145K(22464K)->18148K(22464K)
[2025-04-17T09:22:56.329+0000][144.330s][info][gc,metaspace   ] GC(1280) Metaspace: 37394K(37760K)->37394K(37760K) NonClass: 32968K(33152K)->32968K(33152K) Class: 4425K(4608K)->4425K(4608K)
[2025-04-17T09:22:56.329+0000][144.330s][info][gc             ] GC(1280) Pause Young (Allocation Failure) 26M->17M(31M) 1.585ms
[2025-04-17T09:22:56.329+0000][144.330s][info][gc,cpu         ] GC(1280) User=0.00s Sys=0.00s Real=0.00s
[2025-04-17T09:22:56.436+0000][144.437s][info][gc,start       ] GC(1281) Pause Young (Allocation Failure)
[2025-04-17T09:22:56.438+0000][144.438s][info][gc,heap        ] GC(1281) DefNew: 9198K(10176K)->151K(10176K) Eden: 9081K(9088K)->0K(9088K) From: 117K(1088K)->151K(1088K)
[2025-04-17T09:22:56.438+0000][144.438s][info][gc,heap        ] GC(1281) Tenured: 18148K(22464K)->18148K(22464K)
[2025-04-17T09:22:56.438+0000][144.438s][info][gc,metaspace   ] GC(1281) Metaspace: 37394K(37760K)->37394K(37760K) NonClass: 32968K(33152K)->32968K(33152K) Class: 4425K(4608K)->4425K(4608K)
[2025-04-17T09:22:56.438+0000][144.438s][info][gc             ] GC(1281) Pause Young (Allocation Failure) 26M->17M(31M) 1.539ms
[2025-04-17T09:22:56.438+0000][144.438s][info][gc,cpu         ] GC(1281) User=0.00s Sys=0.00s Real=0.00s
[2025-04-17T09:22:56.630+0000][144.630s][info][gc,start       ] GC(1282) Pause Young (Allocation Failure)
[2025-04-17T09:22:56.631+0000][144.632s][info][gc,heap        ] GC(1282) DefNew: 9239K(10176K)->128K(10176K) Eden: 9088K(9088K)->0K(9088K) From: 151K(1088K)->128K(1088K)
[2025-04-17T09:22:56.631+0000][144.632s][info][gc,heap        ] GC(1282) Tenured: 18148K(22464K)->18148K(22464K)
[2025-04-17T09:22:56.631+0000][144.632s][info][gc,metaspace   ] GC(1282) Metaspace: 37394K(37760K)->37394K(37760K) NonClass: 32968K(33152K)->32968K(33152K) Class: 4425K(4608K)->4425K(4608K)
[2025-04-17T09:22:56.631+0000][144.632s][info][gc             ] GC(1282) Pause Young (Allocation Failure) 26M->17M(31M) 1.499ms
[2025-04-17T09:22:56.631+0000][144.632s][info][gc,cpu         ] GC(1282) User=0.01s Sys=0.00s Real=0.00s
[2025-04-17T09:22:56.862+0000][144.863s][info][gc,start       ] GC(1283) Pause Young (Allocation Failure)
[2025-04-17T09:22:56.864+0000][144.864s][info][gc,heap        ] GC(1283) DefNew: 9216K(10176K)->137K(10176K) Eden: 9088K(9088K)->0K(9088K) From: 128K(1088K)->137K(1088K)
[2025-04-17T09:22:56.864+0000][144.864s][info][gc,heap        ] GC(1283) Tenured: 18148K(22464K)->18150K(22464K)
[2025-04-17T09:22:56.864+0000][144.864s][info][gc,metaspace   ] GC(1283) Metaspace: 37394K(37760K)->37394K(37760K) NonClass: 32968K(33152K)->32968K(33152K) Class: 4425K(4608K)->4425K(4608K)
[2025-04-17T09:22:56.864+0000][144.864s][info][gc             ] GC(1283) Pause Young (Allocation Failure) 26M->17M(31M) 1.417ms
[2025-04-17T09:22:56.864+0000][144.864s][info][gc,cpu         ] GC(1283) User=0.01s Sys=0.00s Real=0.00s
[2025-04-17T09:22:56.980+0000][144.981s][info][gc,start       ] GC(1284) Pause Young (Allocation Failure)
[2025-04-17T09:22:56.982+0000][144.982s][info][gc,heap        ] GC(1284) DefNew: 9225K(10176K)->140K(10176K) Eden: 9088K(9088K)->0K(9088K) From: 137K(1088K)->140K(1088K)
[2025-04-17T09:22:56.982+0000][144.982s][info][gc,heap        ] GC(1284) Tenured: 18150K(22464K)->18150K(22464K)
[2025-04-17T09:22:56.982+0000][144.982s][info][gc,metaspace   ] GC(1284) Metaspace: 37394K(37760K)->37394K(37760K) NonClass: 32968K(33152K)->32968K(33152K) Class: 4425K(4608K)->4425K(4608K)
[2025-04-17T09:22:56.982+0000][144.982s][info][gc             ] GC(1284) Pause Young (Allocation Failure) 26M->17M(31M) 1.488ms
[2025-04-17T09:22:56.982+0000][144.982s][info][gc,cpu         ] GC(1284) User=0.00s Sys=0.00s Real=0.00s
[2025-04-17T09:22:57.183+0000][145.184s][info][gc,start       ] GC(1285) Pause Young (Allocation Failure)
[2025-04-17T09:22:57.185+0000][145.185s][info][gc,heap        ] GC(1285) DefNew: 9228K(10176K)->140K(10176K) Eden: 9088K(9088K)->0K(9088K) From: 140K(1088K)->140K(1088K)
[2025-04-17T09:22:57.185+0000][145.185s][info][gc,heap        ] GC(1285) Tenured: 18150K(22464K)->18153K(22464K)
[2025-04-17T09:22:57.185+0000][145.185s][info][gc,metaspace   ] GC(1285) Metaspace: 37394K(37760K)->37394K(37760K) NonClass: 32968K(33152K)->32968K(33152K) Class: 4425K(4608K)->4425K(4608K)
[2025-04-17T09:22:57.185+0000][145.185s][info][gc             ] GC(1285) Pause Young (Allocation Failure) 26M->17M(31M) 1.566ms
[2025-04-17T09:22:57.185+0000][145.185s][info][gc,cpu         ] GC(1285) User=0.00s Sys=0.00s Real=0.01s
[2025-04-17T09:22:57.314+0000][145.315s][info][gc,start       ] GC(1286) Pause Young (Allocation Failure)
[2025-04-17T09:22:57.316+0000][145.316s][info][gc,heap        ] GC(1286) DefNew: 9228K(10176K)->178K(10176K) Eden: 9088K(9088K)->0K(9088K) From: 140K(1088K)->178K(1088K)
[2025-04-17T09:22:57.316+0000][145.316s][info][gc,heap        ] GC(1286) Tenured: 18153K(22464K)->18153K(22464K)
[2025-04-17T09:22:57.316+0000][145.316s][info][gc,metaspace   ] GC(1286) Metaspace: 37394K(37760K)->37394K(37760K) NonClass: 32968K(33152K)->32968K(33152K) Class: 4425K(4608K)->4425K(4608K)
[2025-04-17T09:22:57.316+0000][145.316s][info][gc             ] GC(1286) Pause Young (Allocation Failure) 26M->17M(31M) 1.764ms
[2025-04-17T09:22:57.316+0000][145.316s][info][gc,cpu         ] GC(1286) User=0.00s Sys=0.00s Real=0.01s
[2025-04-17T09:22:57.496+0000][145.497s][info][gc,start       ] GC(1287) Pause Young (Allocation Failure)
[2025-04-17T09:22:57.498+0000][145.499s][info][gc,heap        ] GC(1287) DefNew: 9261K(10176K)->246K(10176K) Eden: 9083K(9088K)->0K(9088K) From: 178K(1088K)->246K(1088K)
[2025-04-17T09:22:57.498+0000][145.499s][info][gc,heap        ] GC(1287) Tenured: 18153K(22464K)->18153K(22464K)
[2025-04-17T09:22:57.498+0000][145.499s][info][gc,metaspace   ] GC(1287) Metaspace: 37394K(37760K)->37394K(37760K) NonClass: 32968K(33152K)->32968K(33152K) Class: 4425K(4608K)->4425K(4608K)
[2025-04-17T09:22:57.498+0000][145.499s][info][gc             ] GC(1287) Pause Young (Allocation Failure) 26M->17M(31M) 1.586ms
[2025-04-17T09:22:57.498+0000][145.499s][info][gc,cpu         ] GC(1287) User=0.00s Sys=0.00s Real=0.00s
[2025-04-17T09:22:57.662+0000][145.663s][info][gc,start       ] GC(1288) Pause Young (Allocation Failure)
[2025-04-17T09:22:57.664+0000][145.664s][info][gc,heap        ] GC(1288) DefNew: 9333K(10176K)->206K(10176K) Eden: 9087K(9088K)->0K(9088K) From: 246K(1088K)->206K(1088K)
[2025-04-17T09:22:57.664+0000][145.664s][info][gc,heap        ] GC(1288) Tenured: 18153K(22464K)->18189K(22464K)
[2025-04-17T09:22:57.664+0000][145.664s][info][gc,metaspace   ] GC(1288) Metaspace: 37394K(37760K)->37394K(37760K) NonClass: 32968K(33152K)->32968K(33152K) Class: 4425K(4608K)->4425K(4608K)
[2025-04-17T09:22:57.664+0000][145.664s][info][gc             ] GC(1288) Pause Young (Allocation Failure) 26M->17M(31M) 1.427ms
[2025-04-17T09:22:57.664+0000][145.664s][info][gc,cpu         ] GC(1288) User=0.00s Sys=0.00s Real=0.00s
[2025-04-17T09:22:57.928+0000][145.928s][info][gc,start       ] GC(1289) Pause Young (Allocation Failure)
[2025-04-17T09:22:57.929+0000][145.930s][info][gc,heap        ] GC(1289) DefNew: 9294K(10176K)->227K(10176K) Eden: 9087K(9088K)->0K(9088K) From: 206K(1088K)->227K(1088K)
[2025-04-17T09:22:57.929+0000][145.930s][info][gc,heap        ] GC(1289) Tenured: 18189K(22464K)->18189K(22464K)
[2025-04-17T09:22:57.929+0000][145.930s][info][gc,metaspace   ] GC(1289) Metaspace: 37394K(37760K)->37394K(37760K) NonClass: 32968K(33152K)->32968K(33152K) Class: 4425K(4608K)->4425K(4608K)
[2025-04-17T09:22:57.929+0000][145.930s][info][gc             ] GC(1289) Pause Young (Allocation Failure) 26M->17M(31M) 1.638ms
[2025-04-17T09:22:57.929+0000][145.930s][info][gc,cpu         ] GC(1289) User=0.00s Sys=0.00s Real=0.00s
[2025-04-17T09:22:58.013+0000][146.013s][info][gc,start       ] GC(1290) Pause Young (Allocation Failure)
[2025-04-17T09:22:58.014+0000][146.015s][info][gc,heap        ] GC(1290) DefNew: 9315K(10176K)->212K(10176K) Eden: 9088K(9088K)->0K(9088K) From: 227K(1088K)->212K(1088K)
[2025-04-17T09:22:58.014+0000][146.015s][info][gc,heap        ] GC(1290) Tenured: 18189K(22464K)->18191K(22464K)
[2025-04-17T09:22:58.014+0000][146.015s][info][gc,metaspace   ] GC(1290) Metaspace: 37394K(37760K)->37394K(37760K) NonClass: 32968K(33152K)->32968K(33152K) Class: 4425K(4608K)->4425K(4608K)
[2025-04-17T09:22:58.014+0000][146.015s][info][gc             ] GC(1290) Pause Young (Allocation Failure) 26M->17M(31M) 1.462ms
[2025-04-17T09:22:58.014+0000][146.015s][info][gc,cpu         ] GC(1290) User=0.00s Sys=0.00s Real=0.01s
[2025-04-17T09:22:58.109+0000][146.109s][info][gc,start       ] GC(1291) Pause Young (Allocation Failure)
[2025-04-17T09:22:58.110+0000][146.111s][info][gc,heap        ] GC(1291) DefNew: 9300K(10176K)->234K(10176K) Eden: 9088K(9088K)->0K(9088K) From: 212K(1088K)->234K(1088K)
[2025-04-17T09:22:58.110+0000][146.111s][info][gc,heap        ] GC(1291) Tenured: 18191K(22464K)->18191K(22464K)
[2025-04-17T09:22:58.110+0000][146.111s][info][gc,metaspace   ] GC(1291) Metaspace: 37394K(37760K)->37394K(37760K) NonClass: 32968K(33152K)->32968K(33152K) Class: 4425K(4608K)->4425K(4608K)
[2025-04-17T09:22:58.110+0000][146.111s][info][gc             ] GC(1291) Pause Young (Allocation Failure) 26M->17M(31M) 1.486ms
[2025-04-17T09:22:58.110+0000][146.111s][info][gc,cpu         ] GC(1291) User=0.00s Sys=0.00s Real=0.00s
[2025-04-17T09:22:58.224+0000][146.225s][info][gc,start       ] GC(1292) Pause Young (Allocation Failure)
[2025-04-17T09:22:58.226+0000][146.226s][info][gc,heap        ] GC(1292) DefNew: 9322K(10176K)->233K(10176K) Eden: 9088K(9088K)->0K(9088K) From: 234K(1088K)->233K(1088K)
[2025-04-17T09:22:58.226+0000][146.226s][info][gc,heap        ] GC(1292) Tenured: 18191K(22464K)->18191K(22464K)
[2025-04-17T09:22:58.226+0000][146.226s][info][gc,metaspace   ] GC(1292) Metaspace: 37394K(37760K)->37394K(37760K) NonClass: 32968K(33152K)->32968K(33152K) Class: 4425K(4608K)->4425K(4608K)
[2025-04-17T09:22:58.226+0000][146.226s][info][gc             ] GC(1292) Pause Young (Allocation Failure) 26M->17M(31M) 1.424ms
[2025-04-17T09:22:58.226+0000][146.226s][info][gc,cpu         ] GC(1292) User=0.00s Sys=0.00s Real=0.00s
[2025-04-17T09:22:58.300+0000][146.300s][info][gc,start       ] GC(1293) Pause Young (Allocation Failure)
[2025-04-17T09:22:58.301+0000][146.302s][info][gc,heap        ] GC(1293) DefNew: 9321K(10176K)->302K(10176K) Eden: 9088K(9088K)->0K(9088K) From: 233K(1088K)->302K(1088K)
[2025-04-17T09:22:58.301+0000][146.302s][info][gc,heap        ] GC(1293) Tenured: 18191K(22464K)->18191K(22464K)
[2025-04-17T09:22:58.301+0000][146.302s][info][gc,metaspace   ] GC(1293) Metaspace: 37396K(37760K)->37396K(37760K) NonClass: 32971K(33152K)->32971K(33152K) Class: 4425K(4608K)->4425K(4608K)
[2025-04-17T09:22:58.301+0000][146.302s][info][gc             ] GC(1293) Pause Young (Allocation Failure) 26M->18M(31M) 1.655ms
[2025-04-17T09:22:58.301+0000][146.302s][info][gc,cpu         ] GC(1293) User=0.00s Sys=0.00s Real=0.00s
[2025-04-17T09:22:58.400+0000][146.401s][info][gc,start       ] GC(1294) Pause Young (Allocation Failure)
[2025-04-17T09:22:58.401+0000][146.402s][info][gc,heap        ] GC(1294) DefNew: 9390K(10176K)->281K(10176K) Eden: 9088K(9088K)->0K(9088K) From: 302K(1088K)->281K(1088K)
[2025-04-17T09:22:58.401+0000][146.402s][info][gc,heap        ] GC(1294) Tenured: 18191K(22464K)->18192K(22464K)
[2025-04-17T09:22:58.401+0000][146.402s][info][gc,metaspace   ] GC(1294) Metaspace: 37396K(37760K)->37396K(37760K) NonClass: 32971K(33152K)->32971K(33152K) Class: 4425K(4608K)->4425K(4608K)
[2025-04-17T09:22:58.401+0000][146.402s][info][gc             ] GC(1294) Pause Young (Allocation Failure) 26M->18M(31M) 1.512ms
[2025-04-17T09:22:58.401+0000][146.402s][info][gc,cpu         ] GC(1294) User=0.00s Sys=0.00s Real=0.00s
[2025-04-17T09:22:58.527+0000][146.528s][info][gc,start       ] GC(1295) Pause Young (Allocation Failure)
[2025-04-17T09:22:58.529+0000][146.530s][info][gc,heap        ] GC(1295) DefNew: 9369K(10176K)->279K(10176K) Eden: 9087K(9088K)->0K(9088K) From: 281K(1088K)->279K(1088K)
[2025-04-17T09:22:58.529+0000][146.530s][info][gc,heap        ] GC(1295) Tenured: 18192K(22464K)->18193K(22464K)
[2025-04-17T09:22:58.529+0000][146.530s][info][gc,metaspace   ] GC(1295) Metaspace: 37396K(37760K)->37396K(37760K) NonClass: 32971K(33152K)->32971K(33152K) Class: 4425K(4608K)->4425K(4608K)
[2025-04-17T09:22:58.529+0000][146.530s][info][gc             ] GC(1295) Pause Young (Allocation Failure) 26M->18M(31M) 1.523ms
[2025-04-17T09:22:58.529+0000][146.530s][info][gc,cpu         ] GC(1295) User=0.00s Sys=0.00s Real=0.00s
[2025-04-17T09:22:58.610+0000][146.611s][info][gc,start       ] GC(1296) Pause Young (Allocation Failure)
[2025-04-17T09:22:58.611+0000][146.612s][info][gc,heap        ] GC(1296) DefNew: 9361K(10176K)->255K(10176K) Eden: 9082K(9088K)->0K(9088K) From: 279K(1088K)->255K(1088K)
[2025-04-17T09:22:58.611+0000][146.612s][info][gc,heap        ] GC(1296) Tenured: 18193K(22464K)->18193K(22464K)
[2025-04-17T09:22:58.611+0000][146.612s][info][gc,metaspace   ] GC(1296) Metaspace: 37396K(37760K)->37396K(37760K) NonClass: 32971K(33152K)->32971K(33152K) Class: 4425K(4608K)->4425K(4608K)
[2025-04-17T09:22:58.611+0000][146.612s][info][gc             ] GC(1296) Pause Young (Allocation Failure) 26M->18M(31M) 1.458ms
[2025-04-17T09:22:58.611+0000][146.612s][info][gc,cpu         ] GC(1296) User=0.00s Sys=0.00s Real=0.00s
[2025-04-17T09:22:58.784+0000][146.784s][info][gc,start       ] GC(1297) Pause Young (Allocation Failure)
[2025-04-17T09:22:58.785+0000][146.786s][info][gc,heap        ] GC(1297) DefNew: 9343K(10176K)->283K(10176K) Eden: 9088K(9088K)->0K(9088K) From: 255K(1088K)->283K(1088K)
[2025-04-17T09:22:58.785+0000][146.786s][info][gc,heap        ] GC(1297) Tenured: 18193K(22464K)->18197K(22464K)
[2025-04-17T09:22:58.785+0000][146.786s][info][gc,metaspace   ] GC(1297) Metaspace: 37396K(37760K)->37396K(37760K) NonClass: 32971K(33152K)->32971K(33152K) Class: 4425K(4608K)->4425K(4608K)
[2025-04-17T09:22:58.785+0000][146.786s][info][gc             ] GC(1297) Pause Young (Allocation Failure) 26M->18M(31M) 1.530ms
[2025-04-17T09:22:58.785+0000][146.786s][info][gc,cpu         ] GC(1297) User=0.00s Sys=0.00s Real=0.01s
[2025-04-17T09:22:58.908+0000][146.909s][info][gc,start       ] GC(1298) Pause Young (Allocation Failure)
[2025-04-17T09:22:58.909+0000][146.910s][info][gc,heap        ] GC(1298) DefNew: 9371K(10176K)->250K(10176K) Eden: 9088K(9088K)->0K(9088K) From: 283K(1088K)->250K(1088K)
[2025-04-17T09:22:58.909+0000][146.910s][info][gc,heap        ] GC(1298) Tenured: 18197K(22464K)->18201K(22464K)
[2025-04-17T09:22:58.909+0000][146.910s][info][gc,metaspace   ] GC(1298) Metaspace: 37396K(37760K)->37396K(37760K) NonClass: 32971K(33152K)->32971K(33152K) Class: 4425K(4608K)->4425K(4608K)
[2025-04-17T09:22:58.909+0000][146.910s][info][gc             ] GC(1298) Pause Young (Allocation Failure) 26M->18M(31M) 1.409ms
[2025-04-17T09:22:58.909+0000][146.910s][info][gc,cpu         ] GC(1298) User=0.00s Sys=0.00s Real=0.00s
[2025-04-17T09:22:59.002+0000][147.003s][info][gc,start       ] GC(1299) Pause Young (Allocation Failure)
[2025-04-17T09:22:59.003+0000][147.004s][info][gc,heap        ] GC(1299) DefNew: 9338K(10176K)->267K(10176K) Eden: 9087K(9088K)->0K(9088K) From: 250K(1088K)->267K(1088K)
[2025-04-17T09:22:59.003+0000][147.004s][info][gc,heap        ] GC(1299) Tenured: 18201K(22464K)->18201K(22464K)
[2025-04-17T09:22:59.003+0000][147.004s][info][gc,metaspace   ] GC(1299) Metaspace: 37396K(37760K)->37396K(37760K) NonClass: 32971K(33152K)->32971K(33152K) Class: 4425K(4608K)->4425K(4608K)
[2025-04-17T09:22:59.004+0000][147.004s][info][gc             ] GC(1299) Pause Young (Allocation Failure) 26M->18M(31M) 1.576ms
[2025-04-17T09:22:59.004+0000][147.004s][info][gc,cpu         ] GC(1299) User=0.01s Sys=0.00s Real=0.00s
[2025-04-17T09:22:59.078+0000][147.079s][info][gc,start       ] GC(1300) Pause Young (Allocation Failure)
[2025-04-17T09:22:59.079+0000][147.080s][info][gc,heap        ] GC(1300) DefNew: 9355K(10176K)->259K(10176K) Eden: 9087K(9088K)->0K(9088K) From: 267K(1088K)->259K(1088K)
[2025-04-17T09:22:59.079+0000][147.080s][info][gc,heap        ] GC(1300) Tenured: 18201K(22464K)->18202K(22464K)
[2025-04-17T09:22:59.079+0000][147.080s][info][gc,metaspace   ] GC(1300) Metaspace: 37396K(37760K)->37396K(37760K) NonClass: 32971K(33152K)->32971K(33152K) Class: 4425K(4608K)->4425K(4608K)
[2025-04-17T09:22:59.079+0000][147.080s][info][gc             ] GC(1300) Pause Young (Allocation Failure) 26M->18M(31M) 1.494ms
[2025-04-17T09:22:59.079+0000][147.080s][info][gc,cpu         ] GC(1300) User=0.01s Sys=0.00s Real=0.00s
[2025-04-17T09:22:59.162+0000][147.163s][info][gc,start       ] GC(1301) Pause Young (Allocation Failure)
[2025-04-17T09:22:59.164+0000][147.164s][info][gc,heap        ] GC(1301) DefNew: 9347K(10176K)->269K(10176K) Eden: 9087K(9088K)->0K(9088K) From: 259K(1088K)->269K(1088K)
[2025-04-17T09:22:59.164+0000][147.164s][info][gc,heap        ] GC(1301) Tenured: 18202K(22464K)->18237K(22464K)
[2025-04-17T09:22:59.164+0000][147.164s][info][gc,metaspace   ] GC(1301) Metaspace: 37396K(37760K)->37396K(37760K) NonClass: 32971K(33152K)->32971K(33152K) Class: 4425K(4608K)->4425K(4608K)
[2025-04-17T09:22:59.164+0000][147.164s][info][gc             ] GC(1301) Pause Young (Allocation Failure) 26M->18M(31M) 1.565ms
[2025-04-17T09:22:59.164+0000][147.165s][info][gc,cpu         ] GC(1301) User=0.00s Sys=0.00s Real=0.00s
[2025-04-17T09:22:59.290+0000][147.291s][info][gc,start       ] GC(1302) Pause Young (Allocation Failure)
[2025-04-17T09:22:59.292+0000][147.293s][info][gc,heap        ] GC(1302) DefNew: 9357K(10176K)->154K(10176K) Eden: 9088K(9088K)->0K(9088K) From: 269K(1088K)->154K(1088K)
[2025-04-17T09:22:59.292+0000][147.293s][info][gc,heap        ] GC(1302) Tenured: 18237K(22464K)->18325K(22464K)
[2025-04-17T09:22:59.292+0000][147.293s][info][gc,metaspace   ] GC(1302) Metaspace: 37396K(37760K)->37396K(37760K) NonClass: 32971K(33152K)->32971K(33152K) Class: 4425K(4608K)->4425K(4608K)
[2025-04-17T09:22:59.292+0000][147.293s][info][gc             ] GC(1302) Pause Young (Allocation Failure) 26M->18M(31M) 1.505ms
[2025-04-17T09:22:59.292+0000][147.293s][info][gc,cpu         ] GC(1302) User=0.00s Sys=0.00s Real=0.00s
[2025-04-17T09:22:59.357+0000][147.357s][info][gc,start       ] GC(1303) Pause Young (Allocation Failure)
[2025-04-17T09:22:59.358+0000][147.359s][info][gc,heap        ] GC(1303) DefNew: 9239K(10176K)->126K(10176K) Eden: 9085K(9088K)->0K(9088K) From: 154K(1088K)->126K(1088K)
[2025-04-17T09:22:59.358+0000][147.359s][info][gc,heap        ] GC(1303) Tenured: 18325K(22464K)->18325K(22464K)
[2025-04-17T09:22:59.358+0000][147.359s][info][gc,metaspace   ] GC(1303) Metaspace: 37396K(37760K)->37396K(37760K) NonClass: 32971K(33152K)->32971K(33152K) Class: 4425K(4608K)->4425K(4608K)
[2025-04-17T09:22:59.358+0000][147.359s][info][gc             ] GC(1303) Pause Young (Allocation Failure) 26M->18M(31M) 1.388ms
[2025-04-17T09:22:59.358+0000][147.359s][info][gc,cpu         ] GC(1303) User=0.00s Sys=0.00s Real=0.00s
[2025-04-17T09:22:59.457+0000][147.457s][info][gc,start       ] GC(1304) Pause Young (Allocation Failure)
[2025-04-17T09:22:59.458+0000][147.459s][info][gc,heap        ] GC(1304) DefNew: 9214K(10176K)->130K(10176K) Eden: 9087K(9088K)->0K(9088K) From: 126K(1088K)->130K(1088K)
[2025-04-17T09:22:59.458+0000][147.459s][info][gc,heap        ] GC(1304) Tenured: 18325K(22464K)->18329K(22464K)
[2025-04-17T09:22:59.458+0000][147.459s][info][gc,metaspace   ] GC(1304) Metaspace: 37396K(37760K)->37396K(37760K) NonClass: 32971K(33152K)->32971K(33152K) Class: 4425K(4608K)->4425K(4608K)
[2025-04-17T09:22:59.458+0000][147.459s][info][gc             ] GC(1304) Pause Young (Allocation Failure) 26M->18M(31M) 1.458ms
[2025-04-17T09:22:59.458+0000][147.459s][info][gc,cpu         ] GC(1304) User=0.00s Sys=0.00s Real=0.00s
[2025-04-17T09:22:59.680+0000][147.681s][info][gc,start       ] GC(1305) Pause Young (Allocation Failure)
[2025-04-17T09:22:59.682+0000][147.683s][info][gc,heap        ] GC(1305) DefNew: 9218K(10176K)->150K(10176K) Eden: 9087K(9088K)->0K(9088K) From: 130K(1088K)->150K(1088K)
[2025-04-17T09:22:59.682+0000][147.683s][info][gc,heap        ] GC(1305) Tenured: 18329K(22464K)->18329K(22464K)
[2025-04-17T09:22:59.682+0000][147.683s][info][gc,metaspace   ] GC(1305) Metaspace: 37396K(37760K)->37396K(37760K) NonClass: 32971K(33152K)->32971K(33152K) Class: 4425K(4608K)->4425K(4608K)
[2025-04-17T09:22:59.682+0000][147.683s][info][gc             ] GC(1305) Pause Young (Allocation Failure) 26M->18M(31M) 1.537ms
[2025-04-17T09:22:59.682+0000][147.683s][info][gc,cpu         ] GC(1305) User=0.00s Sys=0.00s Real=0.00s
[2025-04-17T09:22:59.892+0000][147.893s][info][gc,start       ] GC(1306) Pause Young (Allocation Failure)
[2025-04-17T09:22:59.894+0000][147.894s][info][gc,heap        ] GC(1306) DefNew: 9237K(10176K)->137K(10176K) Eden: 9086K(9088K)->0K(9088K) From: 150K(1088K)->137K(1088K)
[2025-04-17T09:22:59.894+0000][147.894s][info][gc,heap        ] GC(1306) Tenured: 18329K(22464K)->18329K(22464K)
[2025-04-17T09:22:59.894+0000][147.894s][info][gc,metaspace   ] GC(1306) Metaspace: 37396K(37760K)->37396K(37760K) NonClass: 32971K(33152K)->32971K(33152K) Class: 4425K(4608K)->4425K(4608K)
[2025-04-17T09:22:59.894+0000][147.894s][info][gc             ] GC(1306) Pause Young (Allocation Failure) 26M->18M(31M) 1.461ms
[2025-04-17T09:22:59.894+0000][147.894s][info][gc,cpu         ] GC(1306) User=0.00s Sys=0.00s Real=0.00s
[2025-04-17T09:23:00.042+0000][148.043s][info][gc,start       ] GC(1307) Pause Young (Allocation Failure)
[2025-04-17T09:23:00.044+0000][148.044s][info][gc,heap        ] GC(1307) DefNew: 9225K(10176K)->110K(10176K) Eden: 9088K(9088K)->0K(9088K) From: 137K(1088K)->110K(1088K)
[2025-04-17T09:23:00.044+0000][148.044s][info][gc,heap        ] GC(1307) Tenured: 18329K(22464K)->18352K(22464K)
[2025-04-17T09:23:00.044+0000][148.044s][info][gc,metaspace   ] GC(1307) Metaspace: 37396K(37760K)->37396K(37760K) NonClass: 32971K(33152K)->32971K(33152K) Class: 4425K(4608K)->4425K(4608K)
[2025-04-17T09:23:00.044+0000][148.044s][info][gc             ] GC(1307) Pause Young (Allocation Failure) 26M->18M(31M) 1.553ms
[2025-04-17T09:23:00.044+0000][148.044s][info][gc,cpu         ] GC(1307) User=0.00s Sys=0.00s Real=0.00s
[2025-04-17T09:23:00.210+0000][148.211s][info][gc,start       ] GC(1308) Pause Young (Allocation Failure)
[2025-04-17T09:23:00.212+0000][148.213s][info][gc,heap        ] GC(1308) DefNew: 9198K(10176K)->129K(10176K) Eden: 9088K(9088K)->0K(9088K) From: 110K(1088K)->129K(1088K)
[2025-04-17T09:23:00.212+0000][148.213s][info][gc,heap        ] GC(1308) Tenured: 18352K(22464K)->18387K(22464K)
[2025-04-17T09:23:00.212+0000][148.213s][info][gc,metaspace   ] GC(1308) Metaspace: 37396K(37760K)->37396K(37760K) NonClass: 32971K(33152K)->32971K(33152K) Class: 4425K(4608K)->4425K(4608K)
[2025-04-17T09:23:00.212+0000][148.213s][info][gc             ] GC(1308) Pause Young (Allocation Failure) 26M->18M(31M) 1.785ms
[2025-04-17T09:23:00.212+0000][148.213s][info][gc,cpu         ] GC(1308) User=0.00s Sys=0.00s Real=0.00s
[2025-04-17T09:23:00.304+0000][148.305s][info][gc,start       ] GC(1309) Pause Young (Allocation Failure)
[2025-04-17T09:23:00.306+0000][148.307s][info][gc,heap        ] GC(1309) DefNew: 9217K(10176K)->117K(10176K) Eden: 9088K(9088K)->0K(9088K) From: 129K(1088K)->117K(1088K)
[2025-04-17T09:23:00.306+0000][148.307s][info][gc,heap        ] GC(1309) Tenured: 18387K(22464K)->18387K(22464K)
[2025-04-17T09:23:00.306+0000][148.307s][info][gc,metaspace   ] GC(1309) Metaspace: 37396K(37760K)->37396K(37760K) NonClass: 32971K(33152K)->32971K(33152K) Class: 4425K(4608K)->4425K(4608K)
[2025-04-17T09:23:00.306+0000][148.307s][info][gc             ] GC(1309) Pause Young (Allocation Failure) 26M->18M(31M) 1.609ms
[2025-04-17T09:23:00.306+0000][148.307s][info][gc,cpu         ] GC(1309) User=0.00s Sys=0.00s Real=0.00s
[2025-04-17T09:23:00.405+0000][148.405s][info][gc,start       ] GC(1310) Pause Young (Allocation Failure)
[2025-04-17T09:23:00.406+0000][148.407s][info][gc,heap        ] GC(1310) DefNew: 9205K(10176K)->78K(10176K) Eden: 9088K(9088K)->0K(9088K) From: 117K(1088K)->78K(1088K)
[2025-04-17T09:23:00.406+0000][148.407s][info][gc,heap        ] GC(1310) Tenured: 18387K(22464K)->18389K(22464K)
[2025-04-17T09:23:00.406+0000][148.407s][info][gc,metaspace   ] GC(1310) Metaspace: 37396K(37760K)->37396K(37760K) NonClass: 32971K(33152K)->32971K(33152K) Class: 4425K(4608K)->4425K(4608K)
[2025-04-17T09:23:00.406+0000][148.407s][info][gc             ] GC(1310) Pause Young (Allocation Failure) 26M->18M(31M) 1.511ms
[2025-04-17T09:23:00.406+0000][148.407s][info][gc,cpu         ] GC(1310) User=0.00s Sys=0.00s Real=0.00s
[2025-04-17T09:23:00.524+0000][148.525s][info][gc,start       ] GC(1311) Pause Young (Allocation Failure)
[2025-04-17T09:23:00.526+0000][148.526s][info][gc,heap        ] GC(1311) DefNew: 9166K(10176K)->92K(10176K) Eden: 9088K(9088K)->0K(9088K) From: 78K(1088K)->92K(1088K)
[2025-04-17T09:23:00.526+0000][148.526s][info][gc,heap        ] GC(1311) Tenured: 18389K(22464K)->18389K(22464K)
[2025-04-17T09:23:00.526+0000][148.526s][info][gc,metaspace   ] GC(1311) Metaspace: 37396K(37760K)->37396K(37760K) NonClass: 32971K(33152K)->32971K(33152K) Class: 4425K(4608K)->4425K(4608K)
[2025-04-17T09:23:00.526+0000][148.526s][info][gc             ] GC(1311) Pause Young (Allocation Failure) 26M->18M(31M) 1.369ms
[2025-04-17T09:23:00.526+0000][148.526s][info][gc,cpu         ] GC(1311) User=0.00s Sys=0.00s Real=0.00s
[2025-04-17T09:23:00.641+0000][148.642s][info][gc,start       ] GC(1312) Pause Young (Allocation Failure)
[2025-04-17T09:23:00.643+0000][148.643s][info][gc,heap        ] GC(1312) DefNew: 9180K(10176K)->78K(10176K) Eden: 9088K(9088K)->0K(9088K) From: 92K(1088K)->78K(1088K)
[2025-04-17T09:23:00.643+0000][148.643s][info][gc,heap        ] GC(1312) Tenured: 18389K(22464K)->18389K(22464K)
[2025-04-17T09:23:00.643+0000][148.643s][info][gc,metaspace   ] GC(1312) Metaspace: 37396K(37760K)->37396K(37760K) NonClass: 32971K(33152K)->32971K(33152K) Class: 4425K(4608K)->4425K(4608K)
[2025-04-17T09:23:00.643+0000][148.643s][info][gc             ] GC(1312) Pause Young (Allocation Failure) 26M->18M(31M) 1.462ms
[2025-04-17T09:23:00.643+0000][148.643s][info][gc,cpu         ] GC(1312) User=0.00s Sys=0.00s Real=0.00s
[2025-04-17T09:23:00.736+0000][148.737s][info][gc,start       ] GC(1313) Pause Young (Allocation Failure)
[2025-04-17T09:23:00.738+0000][148.738s][info][gc,heap        ] GC(1313) DefNew: 9166K(10176K)->93K(10176K) Eden: 9088K(9088K)->0K(9088K) From: 78K(1088K)->93K(1088K)
[2025-04-17T09:23:00.738+0000][148.738s][info][gc,heap        ] GC(1313) Tenured: 18389K(22464K)->18389K(22464K)
[2025-04-17T09:23:00.738+0000][148.738s][info][gc,metaspace   ] GC(1313) Metaspace: 37396K(37760K)->37396K(37760K) NonClass: 32971K(33152K)->32971K(33152K) Class: 4425K(4608K)->4425K(4608K)
[2025-04-17T09:23:00.738+0000][148.738s][info][gc             ] GC(1313) Pause Young (Allocation Failure) 26M->18M(31M) 1.497ms
[2025-04-17T09:23:00.738+0000][148.738s][info][gc,cpu         ] GC(1313) User=0.00s Sys=0.00s Real=0.00s
[2025-04-17T09:23:00.918+0000][148.919s][info][gc,start       ] GC(1314) Pause Young (Allocation Failure)
[2025-04-17T09:23:00.919+0000][148.920s][info][gc,heap        ] GC(1314) DefNew: 9181K(10176K)->89K(10176K) Eden: 9087K(9088K)->0K(9088K) From: 93K(1088K)->89K(1088K)
[2025-04-17T09:23:00.919+0000][148.920s][info][gc,heap        ] GC(1314) Tenured: 18389K(22464K)->18389K(22464K)
[2025-04-17T09:23:00.919+0000][148.920s][info][gc,metaspace   ] GC(1314) Metaspace: 37396K(37760K)->37396K(37760K) NonClass: 32971K(33152K)->32971K(33152K) Class: 4425K(4608K)->4425K(4608K)
[2025-04-17T09:23:00.920+0000][148.920s][info][gc             ] GC(1314) Pause Young (Allocation Failure) 26M->18M(31M) 1.605ms
[2025-04-17T09:23:00.920+0000][148.920s][info][gc,cpu         ] GC(1314) User=0.01s Sys=0.00s Real=0.00s
[2025-04-17T09:23:01.042+0000][149.043s][info][gc,start       ] GC(1315) Pause Young (Allocation Failure)
[2025-04-17T09:23:01.044+0000][149.044s][info][gc,heap        ] GC(1315) DefNew: 9177K(10176K)->65K(10176K) Eden: 9088K(9088K)->0K(9088K) From: 89K(1088K)->65K(1088K)
[2025-04-17T09:23:01.044+0000][149.044s][info][gc,heap        ] GC(1315) Tenured: 18389K(22464K)->18389K(22464K)
[2025-04-17T09:23:01.044+0000][149.044s][info][gc,metaspace   ] GC(1315) Metaspace: 37396K(37760K)->37396K(37760K) NonClass: 32971K(33152K)->32971K(33152K) Class: 4425K(4608K)->4425K(4608K)
[2025-04-17T09:23:01.044+0000][149.044s][info][gc             ] GC(1315) Pause Young (Allocation Failure) 26M->18M(31M) 1.377ms
[2025-04-17T09:23:01.044+0000][149.044s][info][gc,cpu         ] GC(1315) User=0.00s Sys=0.00s Real=0.00s
[2025-04-17T09:23:01.223+0000][149.223s][info][gc,start       ] GC(1316) Pause Young (Allocation Failure)
[2025-04-17T09:23:01.224+0000][149.225s][info][gc,heap        ] GC(1316) DefNew: 9153K(10176K)->100K(10176K) Eden: 9088K(9088K)->0K(9088K) From: 65K(1088K)->100K(1088K)
[2025-04-17T09:23:01.224+0000][149.225s][info][gc,heap        ] GC(1316) Tenured: 18389K(22464K)->18389K(22464K)
[2025-04-17T09:23:01.224+0000][149.225s][info][gc,metaspace   ] GC(1316) Metaspace: 37396K(37760K)->37396K(37760K) NonClass: 32971K(33152K)->32971K(33152K) Class: 4425K(4608K)->4425K(4608K)
[2025-04-17T09:23:01.224+0000][149.225s][info][gc             ] GC(1316) Pause Young (Allocation Failure) 26M->18M(31M) 1.572ms
[2025-04-17T09:23:01.224+0000][149.225s][info][gc,cpu         ] GC(1316) User=0.00s Sys=0.00s Real=0.01s
[2025-04-17T09:23:01.418+0000][149.419s][info][gc,start       ] GC(1317) Pause Young (Allocation Failure)
[2025-04-17T09:23:01.419+0000][149.420s][info][gc,heap        ] GC(1317) DefNew: 9188K(10176K)->82K(10176K) Eden: 9087K(9088K)->0K(9088K) From: 100K(1088K)->82K(1088K)
[2025-04-17T09:23:01.419+0000][149.420s][info][gc,heap        ] GC(1317) Tenured: 18389K(22464K)->18390K(22464K)
[2025-04-17T09:23:01.419+0000][149.420s][info][gc,metaspace   ] GC(1317) Metaspace: 37396K(37760K)->37396K(37760K) NonClass: 32971K(33152K)->32971K(33152K) Class: 4425K(4608K)->4425K(4608K)
[2025-04-17T09:23:01.420+0000][149.420s][info][gc             ] GC(1317) Pause Young (Allocation Failure) 26M->18M(31M) 1.436ms
[2025-04-17T09:23:01.420+0000][149.420s][info][gc,cpu         ] GC(1317) User=0.00s Sys=0.00s Real=0.00s
[2025-04-17T09:23:01.720+0000][149.721s][info][gc,start       ] GC(1318) Pause Young (Allocation Failure)
[2025-04-17T09:23:01.723+0000][149.723s][info][gc,heap        ] GC(1318) DefNew: 9170K(10176K)->96K(10176K) Eden: 9087K(9088K)->0K(9088K) From: 82K(1088K)->96K(1088K)
[2025-04-17T09:23:01.723+0000][149.723s][info][gc,heap        ] GC(1318) Tenured: 18390K(22464K)->18390K(22464K)
[2025-04-17T09:23:01.723+0000][149.723s][info][gc,metaspace   ] GC(1318) Metaspace: 37396K(37760K)->37396K(37760K) NonClass: 32971K(33152K)->32971K(33152K) Class: 4425K(4608K)->4425K(4608K)
[2025-04-17T09:23:01.723+0000][149.723s][info][gc             ] GC(1318) Pause Young (Allocation Failure) 26M->18M(31M) 2.644ms
[2025-04-17T09:23:01.723+0000][149.723s][info][gc,cpu         ] GC(1318) User=0.01s Sys=0.00s Real=0.00s
[2025-04-17T09:23:01.935+0000][149.936s][info][gc,start       ] GC(1319) Pause Young (Allocation Failure)
[2025-04-17T09:23:01.937+0000][149.938s][info][gc,heap        ] GC(1319) DefNew: 9184K(10176K)->77K(10176K) Eden: 9088K(9088K)->0K(9088K) From: 96K(1088K)->77K(1088K)
[2025-04-17T09:23:01.937+0000][149.938s][info][gc,heap        ] GC(1319) Tenured: 18390K(22464K)->18390K(22464K)
[2025-04-17T09:23:01.937+0000][149.938s][info][gc,metaspace   ] GC(1319) Metaspace: 37396K(37760K)->37396K(37760K) NonClass: 32971K(33152K)->32971K(33152K) Class: 4425K(4608K)->4425K(4608K)
[2025-04-17T09:23:01.937+0000][149.938s][info][gc             ] GC(1319) Pause Young (Allocation Failure) 26M->18M(31M) 1.554ms
[2025-04-17T09:23:01.937+0000][149.938s][info][gc,cpu         ] GC(1319) User=0.00s Sys=0.00s Real=0.00s
[2025-04-17T09:23:02.067+0000][150.067s][info][gc,start       ] GC(1320) Pause Young (Allocation Failure)
[2025-04-17T09:23:02.068+0000][150.069s][info][gc,heap        ] GC(1320) DefNew: 9165K(10176K)->84K(10176K) Eden: 9088K(9088K)->0K(9088K) From: 77K(1088K)->84K(1088K)
[2025-04-17T09:23:02.068+0000][150.069s][info][gc,heap        ] GC(1320) Tenured: 18390K(22464K)->18392K(22464K)
[2025-04-17T09:23:02.068+0000][150.069s][info][gc,metaspace   ] GC(1320) Metaspace: 37396K(37760K)->37396K(37760K) NonClass: 32971K(33152K)->32971K(33152K) Class: 4425K(4608K)->4425K(4608K)
[2025-04-17T09:23:02.068+0000][150.069s][info][gc             ] GC(1320) Pause Young (Allocation Failure) 26M->18M(31M) 1.419ms
[2025-04-17T09:23:02.068+0000][150.069s][info][gc,cpu         ] GC(1320) User=0.00s Sys=0.00s Real=0.00s
[2025-04-17T09:23:02.282+0000][150.283s][info][gc,start       ] GC(1321) Pause Young (Allocation Failure)
[2025-04-17T09:23:02.284+0000][150.285s][info][gc,heap        ] GC(1321) DefNew: 9172K(10176K)->82K(10176K) Eden: 9087K(9088K)->0K(9088K) From: 84K(1088K)->82K(1088K)
[2025-04-17T09:23:02.284+0000][150.285s][info][gc,heap        ] GC(1321) Tenured: 18392K(22464K)->18392K(22464K)
[2025-04-17T09:23:02.284+0000][150.285s][info][gc,metaspace   ] GC(1321) Metaspace: 37396K(37760K)->37396K(37760K) NonClass: 32971K(33152K)->32971K(33152K) Class: 4425K(4608K)->4425K(4608K)
[2025-04-17T09:23:02.284+0000][150.285s][info][gc             ] GC(1321) Pause Young (Allocation Failure) 26M->18M(31M) 1.571ms
[2025-04-17T09:23:02.284+0000][150.285s][info][gc,cpu         ] GC(1321) User=0.00s Sys=0.00s Real=0.01s
[2025-04-17T09:23:02.463+0000][150.463s][info][gc,start       ] GC(1322) Pause Young (Allocation Failure)
[2025-04-17T09:23:02.464+0000][150.465s][info][gc,heap        ] GC(1322) DefNew: 9170K(10176K)->98K(10176K) Eden: 9088K(9088K)->0K(9088K) From: 82K(1088K)->98K(1088K)
[2025-04-17T09:23:02.464+0000][150.465s][info][gc,heap        ] GC(1322) Tenured: 18392K(22464K)->18392K(22464K)
[2025-04-17T09:23:02.464+0000][150.465s][info][gc,metaspace   ] GC(1322) Metaspace: 37405K(37760K)->37405K(37760K) NonClass: 32979K(33152K)->32979K(33152K) Class: 4425K(4608K)->4425K(4608K)
[2025-04-17T09:23:02.464+0000][150.465s][info][gc             ] GC(1322) Pause Young (Allocation Failure) 26M->18M(31M) 1.419ms
[2025-04-17T09:23:02.464+0000][150.465s][info][gc,cpu         ] GC(1322) User=0.00s Sys=0.00s Real=0.01s
[2025-04-17T09:23:02.596+0000][150.597s][info][gc,start       ] GC(1323) Pause Young (Allocation Failure)
[2025-04-17T09:23:02.597+0000][150.598s][info][gc,heap        ] GC(1323) DefNew: 9186K(10176K)->95K(10176K) Eden: 9088K(9088K)->0K(9088K) From: 98K(1088K)->95K(1088K)
[2025-04-17T09:23:02.597+0000][150.598s][info][gc,heap        ] GC(1323) Tenured: 18392K(22464K)->18392K(22464K)
[2025-04-17T09:23:02.597+0000][150.598s][info][gc,metaspace   ] GC(1323) Metaspace: 37405K(37760K)->37405K(37760K) NonClass: 32979K(33152K)->32979K(33152K) Class: 4425K(4608K)->4425K(4608K)
[2025-04-17T09:23:02.597+0000][150.598s][info][gc             ] GC(1323) Pause Young (Allocation Failure) 26M->18M(31M) 1.509ms
[2025-04-17T09:23:02.597+0000][150.598s][info][gc,cpu         ] GC(1323) User=0.00s Sys=0.00s Real=0.00s
[2025-04-17T09:23:02.825+0000][150.826s][info][gc,start       ] GC(1324) Pause Young (Allocation Failure)
[2025-04-17T09:23:02.827+0000][150.827s][info][gc,heap        ] GC(1324) DefNew: 9176K(10176K)->75K(10176K) Eden: 9080K(9088K)->0K(9088K) From: 95K(1088K)->75K(1088K)
[2025-04-17T09:23:02.827+0000][150.827s][info][gc,heap        ] GC(1324) Tenured: 18392K(22464K)->18393K(22464K)
[2025-04-17T09:23:02.827+0000][150.827s][info][gc,metaspace   ] GC(1324) Metaspace: 37405K(37760K)->37405K(37760K) NonClass: 32979K(33152K)->32979K(33152K) Class: 4425K(4608K)->4425K(4608K)
[2025-04-17T09:23:02.827+0000][150.827s][info][gc             ] GC(1324) Pause Young (Allocation Failure) 26M->18M(31M) 1.366ms
[2025-04-17T09:23:02.827+0000][150.827s][info][gc,cpu         ] GC(1324) User=0.00s Sys=0.00s Real=0.00s
[2025-04-17T09:23:02.977+0000][150.977s][info][gc,start       ] GC(1325) Pause Young (Allocation Failure)
[2025-04-17T09:23:02.978+0000][150.979s][info][gc,heap        ] GC(1325) DefNew: 9163K(10176K)->90K(10176K) Eden: 9087K(9088K)->0K(9088K) From: 75K(1088K)->90K(1088K)
[2025-04-17T09:23:02.978+0000][150.979s][info][gc,heap        ] GC(1325) Tenured: 18393K(22464K)->18393K(22464K)
[2025-04-17T09:23:02.978+0000][150.979s][info][gc,metaspace   ] GC(1325) Metaspace: 37405K(37760K)->37405K(37760K) NonClass: 32979K(33152K)->32979K(33152K) Class: 4425K(4608K)->4425K(4608K)
[2025-04-17T09:23:02.978+0000][150.979s][info][gc             ] GC(1325) Pause Young (Allocation Failure) 26M->18M(31M) 1.616ms
[2025-04-17T09:23:02.978+0000][150.979s][info][gc,cpu         ] GC(1325) User=0.00s Sys=0.00s Real=0.00s
[2025-04-17T09:23:03.144+0000][151.145s][info][gc,start       ] GC(1326) Pause Young (Allocation Failure)
[2025-04-17T09:23:03.145+0000][151.146s][info][gc,heap        ] GC(1326) DefNew: 9178K(10176K)->106K(10176K) Eden: 9087K(9088K)->0K(9088K) From: 90K(1088K)->106K(1088K)
[2025-04-17T09:23:03.145+0000][151.146s][info][gc,heap        ] GC(1326) Tenured: 18393K(22464K)->18393K(22464K)
[2025-04-17T09:23:03.145+0000][151.146s][info][gc,metaspace   ] GC(1326) Metaspace: 37405K(37760K)->37405K(37760K) NonClass: 32979K(33152K)->32979K(33152K) Class: 4425K(4608K)->4425K(4608K)
[2025-04-17T09:23:03.145+0000][151.146s][info][gc             ] GC(1326) Pause Young (Allocation Failure) 26M->18M(31M) 1.412ms
[2025-04-17T09:23:03.145+0000][151.146s][info][gc,cpu         ] GC(1326) User=0.00s Sys=0.00s Real=0.00s
[2025-04-17T09:23:03.291+0000][151.292s][info][gc,start       ] GC(1327) Pause Young (Allocation Failure)
[2025-04-17T09:23:03.293+0000][151.293s][info][gc,heap        ] GC(1327) DefNew: 9194K(10176K)->107K(10176K) Eden: 9088K(9088K)->0K(9088K) From: 106K(1088K)->107K(1088K)
[2025-04-17T09:23:03.293+0000][151.294s][info][gc,heap        ] GC(1327) Tenured: 18393K(22464K)->18394K(22464K)
[2025-04-17T09:23:03.293+0000][151.294s][info][gc,metaspace   ] GC(1327) Metaspace: 37405K(37760K)->37405K(37760K) NonClass: 32979K(33152K)->32979K(33152K) Class: 4425K(4608K)->4425K(4608K)
[2025-04-17T09:23:03.293+0000][151.294s][info][gc             ] GC(1327) Pause Young (Allocation Failure) 26M->18M(31M) 1.583ms
[2025-04-17T09:23:03.293+0000][151.294s][info][gc,cpu         ] GC(1327) User=0.00s Sys=0.00s Real=0.00s
[2025-04-17T09:23:03.446+0000][151.446s][info][gc,start       ] GC(1328) Pause Young (Allocation Failure)
[2025-04-17T09:23:03.447+0000][151.448s][info][gc,heap        ] GC(1328) DefNew: 9195K(10176K)->112K(10176K) Eden: 9088K(9088K)->0K(9088K) From: 107K(1088K)->112K(1088K)
[2025-04-17T09:23:03.447+0000][151.448s][info][gc,heap        ] GC(1328) Tenured: 18394K(22464K)->18395K(22464K)
[2025-04-17T09:23:03.447+0000][151.448s][info][gc,metaspace   ] GC(1328) Metaspace: 37405K(37760K)->37405K(37760K) NonClass: 32979K(33152K)->32979K(33152K) Class: 4425K(4608K)->4425K(4608K)
[2025-04-17T09:23:03.447+0000][151.448s][info][gc             ] GC(1328) Pause Young (Allocation Failure) 26M->18M(31M) 1.459ms
[2025-04-17T09:23:03.447+0000][151.448s][info][gc,cpu         ] GC(1328) User=0.00s Sys=0.00s Real=0.00s
[2025-04-17T09:23:03.559+0000][151.559s][info][gc,start       ] GC(1329) Pause Young (Allocation Failure)
[2025-04-17T09:23:03.560+0000][151.561s][info][gc,heap        ] GC(1329) DefNew: 9199K(10176K)->120K(10176K) Eden: 9086K(9088K)->0K(9088K) From: 112K(1088K)->120K(1088K)
[2025-04-17T09:23:03.560+0000][151.561s][info][gc,heap        ] GC(1329) Tenured: 18395K(22464K)->18395K(22464K)
[2025-04-17T09:23:03.560+0000][151.561s][info][gc,metaspace   ] GC(1329) Metaspace: 37405K(37760K)->37405K(37760K) NonClass: 32979K(33152K)->32979K(33152K) Class: 4425K(4608K)->4425K(4608K)
[2025-04-17T09:23:03.560+0000][151.561s][info][gc             ] GC(1329) Pause Young (Allocation Failure) 26M->18M(31M) 1.572ms
[2025-04-17T09:23:03.560+0000][151.561s][info][gc,cpu         ] GC(1329) User=0.00s Sys=0.00s Real=0.00s
[2025-04-17T09:23:03.683+0000][151.683s][info][gc,start       ] GC(1330) Pause Young (Allocation Failure)
[2025-04-17T09:23:03.684+0000][151.685s][info][gc,heap        ] GC(1330) DefNew: 9208K(10176K)->145K(10176K) Eden: 9088K(9088K)->0K(9088K) From: 120K(1088K)->145K(1088K)
[2025-04-17T09:23:03.684+0000][151.685s][info][gc,heap        ] GC(1330) Tenured: 18395K(22464K)->18395K(22464K)
[2025-04-17T09:23:03.684+0000][151.685s][info][gc,metaspace   ] GC(1330) Metaspace: 37405K(37760K)->37405K(37760K) NonClass: 32979K(33152K)->32979K(33152K) Class: 4425K(4608K)->4425K(4608K)
[2025-04-17T09:23:03.684+0000][151.685s][info][gc             ] GC(1330) Pause Young (Allocation Failure) 26M->18M(31M) 1.530ms
[2025-04-17T09:23:03.685+0000][151.685s][info][gc,cpu         ] GC(1330) User=0.00s Sys=0.00s Real=0.01s
[2025-04-17T09:23:03.842+0000][151.842s][info][gc,start       ] GC(1331) Pause Young (Allocation Failure)
[2025-04-17T09:23:03.843+0000][151.844s][info][gc,heap        ] GC(1331) DefNew: 9226K(10176K)->96K(10176K) Eden: 9081K(9088K)->0K(9088K) From: 145K(1088K)->96K(1088K)
[2025-04-17T09:23:03.843+0000][151.844s][info][gc,heap        ] GC(1331) Tenured: 18395K(22464K)->18399K(22464K)
[2025-04-17T09:23:03.843+0000][151.844s][info][gc,metaspace   ] GC(1331) Metaspace: 37405K(37760K)->37405K(37760K) NonClass: 32979K(33152K)->32979K(33152K) Class: 4425K(4608K)->4425K(4608K)
[2025-04-17T09:23:03.843+0000][151.844s][info][gc             ] GC(1331) Pause Young (Allocation Failure) 26M->18M(31M) 1.428ms
[2025-04-17T09:23:03.843+0000][151.844s][info][gc,cpu         ] GC(1331) User=0.00s Sys=0.00s Real=0.00s
[2025-04-17T09:23:03.961+0000][151.962s][info][gc,start       ] GC(1332) Pause Young (Allocation Failure)
[2025-04-17T09:23:03.963+0000][151.963s][info][gc,heap        ] GC(1332) DefNew: 9184K(10176K)->97K(10176K) Eden: 9088K(9088K)->0K(9088K) From: 96K(1088K)->97K(1088K)
[2025-04-17T09:23:03.963+0000][151.963s][info][gc,heap        ] GC(1332) Tenured: 18399K(22464K)->18399K(22464K)
[2025-04-17T09:23:03.963+0000][151.963s][info][gc,metaspace   ] GC(1332) Metaspace: 37405K(37760K)->37405K(37760K) NonClass: 32979K(33152K)->32979K(33152K) Class: 4425K(4608K)->4425K(4608K)
[2025-04-17T09:23:03.963+0000][151.963s][info][gc             ] GC(1332) Pause Young (Allocation Failure) 26M->18M(31M) 1.448ms
[2025-04-17T09:23:03.963+0000][151.963s][info][gc,cpu         ] GC(1332) User=0.00s Sys=0.00s Real=0.00s
[2025-04-17T09:23:04.106+0000][152.106s][info][gc,start       ] GC(1333) Pause Young (Allocation Failure)
[2025-04-17T09:23:04.107+0000][152.108s][info][gc,heap        ] GC(1333) DefNew: 9184K(10176K)->112K(10176K) Eden: 9087K(9088K)->0K(9088K) From: 97K(1088K)->112K(1088K)
[2025-04-17T09:23:04.107+0000][152.108s][info][gc,heap        ] GC(1333) Tenured: 18399K(22464K)->18399K(22464K)
[2025-04-17T09:23:04.107+0000][152.108s][info][gc,metaspace   ] GC(1333) Metaspace: 37405K(37760K)->37405K(37760K) NonClass: 32979K(33152K)->32979K(33152K) Class: 4425K(4608K)->4425K(4608K)
[2025-04-17T09:23:04.107+0000][152.108s][info][gc             ] GC(1333) Pause Young (Allocation Failure) 26M->18M(31M) 1.474ms
[2025-04-17T09:23:04.107+0000][152.108s][info][gc,cpu         ] GC(1333) User=0.00s Sys=0.00s Real=0.00s
[2025-04-17T09:23:04.303+0000][152.303s][info][gc,start       ] GC(1334) Pause Young (Allocation Failure)
[2025-04-17T09:23:04.304+0000][152.305s][info][gc,heap        ] GC(1334) DefNew: 9200K(10176K)->97K(10176K) Eden: 9087K(9088K)->0K(9088K) From: 112K(1088K)->97K(1088K)
[2025-04-17T09:23:04.304+0000][152.305s][info][gc,heap        ] GC(1334) Tenured: 18399K(22464K)->18400K(22464K)
[2025-04-17T09:23:04.304+0000][152.305s][info][gc,metaspace   ] GC(1334) Metaspace: 37405K(37760K)->37405K(37760K) NonClass: 32979K(33152K)->32979K(33152K) Class: 4425K(4608K)->4425K(4608K)
[2025-04-17T09:23:04.304+0000][152.305s][info][gc             ] GC(1334) Pause Young (Allocation Failure) 26M->18M(31M) 1.450ms
[2025-04-17T09:23:04.304+0000][152.305s][info][gc,cpu         ] GC(1334) User=0.00s Sys=0.00s Real=0.00s
[2025-04-17T09:23:04.442+0000][152.442s][info][gc,start       ] GC(1335) Pause Young (Allocation Failure)
[2025-04-17T09:23:04.443+0000][152.444s][info][gc,heap        ] GC(1335) DefNew: 9185K(10176K)->92K(10176K) Eden: 9088K(9088K)->0K(9088K) From: 97K(1088K)->92K(1088K)
[2025-04-17T09:23:04.443+0000][152.444s][info][gc,heap        ] GC(1335) Tenured: 18400K(22464K)->18400K(22464K)
[2025-04-17T09:23:04.443+0000][152.444s][info][gc,metaspace   ] GC(1335) Metaspace: 37405K(37760K)->37405K(37760K) NonClass: 32979K(33152K)->32979K(33152K) Class: 4425K(4608K)->4425K(4608K)
[2025-04-17T09:23:04.443+0000][152.444s][info][gc             ] GC(1335) Pause Young (Allocation Failure) 26M->18M(31M) 1.510ms
[2025-04-17T09:23:04.443+0000][152.444s][info][gc,cpu         ] GC(1335) User=0.00s Sys=0.00s Real=0.00s
[2025-04-17T09:23:04.620+0000][152.620s][info][gc,start       ] GC(1336) Pause Young (Allocation Failure)
[2025-04-17T09:23:04.621+0000][152.622s][info][gc,heap        ] GC(1336) DefNew: 9175K(10176K)->101K(10176K) Eden: 9083K(9088K)->0K(9088K) From: 92K(1088K)->101K(1088K)
[2025-04-17T09:23:04.621+0000][152.622s][info][gc,heap        ] GC(1336) Tenured: 18400K(22464K)->18402K(22464K)
[2025-04-17T09:23:04.621+0000][152.622s][info][gc,metaspace   ] GC(1336) Metaspace: 37405K(37760K)->37405K(37760K) NonClass: 32979K(33152K)->32979K(33152K) Class: 4425K(4608K)->4425K(4608K)
[2025-04-17T09:23:04.621+0000][152.622s][info][gc             ] GC(1336) Pause Young (Allocation Failure) 26M->18M(31M) 1.523ms
[2025-04-17T09:23:04.621+0000][152.622s][info][gc,cpu         ] GC(1336) User=0.00s Sys=0.00s Real=0.00s
[2025-04-17T09:23:04.866+0000][152.867s][info][gc,start       ] GC(1337) Pause Young (Allocation Failure)
[2025-04-17T09:23:04.868+0000][152.868s][info][gc,heap        ] GC(1337) DefNew: 9189K(10176K)->114K(10176K) Eden: 9087K(9088K)->0K(9088K) From: 101K(1088K)->114K(1088K)
[2025-04-17T09:23:04.868+0000][152.868s][info][gc,heap        ] GC(1337) Tenured: 18402K(22464K)->18403K(22464K)
[2025-04-17T09:23:04.868+0000][152.868s][info][gc,metaspace   ] GC(1337) Metaspace: 37405K(37760K)->37405K(37760K) NonClass: 32979K(33152K)->32979K(33152K) Class: 4425K(4608K)->4425K(4608K)
[2025-04-17T09:23:04.868+0000][152.868s][info][gc             ] GC(1337) Pause Young (Allocation Failure) 26M->18M(31M) 1.469ms
[2025-04-17T09:23:04.868+0000][152.868s][info][gc,cpu         ] GC(1337) User=0.00s Sys=0.00s Real=0.00s
[2025-04-17T09:23:05.094+0000][153.094s][info][gc,start       ] GC(1338) Pause Young (Allocation Failure)
[2025-04-17T09:23:05.095+0000][153.096s][info][gc,heap        ] GC(1338) DefNew: 9202K(10176K)->104K(10176K) Eden: 9087K(9088K)->0K(9088K) From: 114K(1088K)->104K(1088K)
[2025-04-17T09:23:05.095+0000][153.096s][info][gc,heap        ] GC(1338) Tenured: 18403K(22464K)->18403K(22464K)
[2025-04-17T09:23:05.095+0000][153.096s][info][gc,metaspace   ] GC(1338) Metaspace: 37405K(37760K)->37405K(37760K) NonClass: 32979K(33152K)->32979K(33152K) Class: 4425K(4608K)->4425K(4608K)
[2025-04-17T09:23:05.095+0000][153.096s][info][gc             ] GC(1338) Pause Young (Allocation Failure) 26M->18M(31M) 1.715ms
[2025-04-17T09:23:05.095+0000][153.096s][info][gc,cpu         ] GC(1338) User=0.01s Sys=0.00s Real=0.01s
[2025-04-17T09:23:05.182+0000][153.182s][info][gc,start       ] GC(1339) Pause Young (Allocation Failure)
[2025-04-17T09:23:05.183+0000][153.184s][info][gc,heap        ] GC(1339) DefNew: 9192K(10176K)->115K(10176K) Eden: 9088K(9088K)->0K(9088K) From: 104K(1088K)->115K(1088K)
[2025-04-17T09:23:05.183+0000][153.184s][info][gc,heap        ] GC(1339) Tenured: 18403K(22464K)->18408K(22464K)
[2025-04-17T09:23:05.183+0000][153.184s][info][gc,metaspace   ] GC(1339) Metaspace: 37405K(37760K)->37405K(37760K) NonClass: 32979K(33152K)->32979K(33152K) Class: 4425K(4608K)->4425K(4608K)
[2025-04-17T09:23:05.183+0000][153.184s][info][gc             ] GC(1339) Pause Young (Allocation Failure) 26M->18M(31M) 1.653ms
[2025-04-17T09:23:05.183+0000][153.184s][info][gc,cpu         ] GC(1339) User=0.01s Sys=0.00s Real=0.00s
[2025-04-17T09:23:05.287+0000][153.288s][info][gc,start       ] GC(1340) Pause Young (Allocation Failure)
[2025-04-17T09:23:05.289+0000][153.289s][info][gc,heap        ] GC(1340) DefNew: 9203K(10176K)->98K(10176K) Eden: 9087K(9088K)->0K(9088K) From: 115K(1088K)->98K(1088K)
[2025-04-17T09:23:05.289+0000][153.289s][info][gc,heap        ] GC(1340) Tenured: 18408K(22464K)->18410K(22464K)
[2025-04-17T09:23:05.289+0000][153.289s][info][gc,metaspace   ] GC(1340) Metaspace: 37405K(37760K)->37405K(37760K) NonClass: 32979K(33152K)->32979K(33152K) Class: 4425K(4608K)->4425K(4608K)
[2025-04-17T09:23:05.289+0000][153.289s][info][gc             ] GC(1340) Pause Young (Allocation Failure) 26M->18M(31M) 1.555ms
[2025-04-17T09:23:05.289+0000][153.289s][info][gc,cpu         ] GC(1340) User=0.00s Sys=0.00s Real=0.00s
[2025-04-17T09:23:05.418+0000][153.419s][info][gc,start       ] GC(1341) Pause Young (Allocation Failure)
[2025-04-17T09:23:05.420+0000][153.420s][info][gc,heap        ] GC(1341) DefNew: 9186K(10176K)->133K(10176K) Eden: 9088K(9088K)->0K(9088K) From: 98K(1088K)->133K(1088K)
[2025-04-17T09:23:05.420+0000][153.420s][info][gc,heap        ] GC(1341) Tenured: 18410K(22464K)->18411K(22464K)
[2025-04-17T09:23:05.420+0000][153.420s][info][gc,metaspace   ] GC(1341) Metaspace: 37405K(37760K)->37405K(37760K) NonClass: 32979K(33152K)->32979K(33152K) Class: 4425K(4608K)->4425K(4608K)
[2025-04-17T09:23:05.420+0000][153.420s][info][gc             ] GC(1341) Pause Young (Allocation Failure) 26M->18M(31M) 1.483ms
[2025-04-17T09:23:05.420+0000][153.420s][info][gc,cpu         ] GC(1341) User=0.00s Sys=0.00s Real=0.00s
[2025-04-17T09:23:05.511+0000][153.511s][info][gc,start       ] GC(1342) Pause Young (Allocation Failure)
[2025-04-17T09:23:05.512+0000][153.513s][info][gc,heap        ] GC(1342) DefNew: 9221K(10176K)->118K(10176K) Eden: 9088K(9088K)->0K(9088K) From: 133K(1088K)->118K(1088K)
[2025-04-17T09:23:05.512+0000][153.513s][info][gc,heap        ] GC(1342) Tenured: 18411K(22464K)->18412K(22464K)
[2025-04-17T09:23:05.512+0000][153.513s][info][gc,metaspace   ] GC(1342) Metaspace: 37405K(37760K)->37405K(37760K) NonClass: 32979K(33152K)->32979K(33152K) Class: 4425K(4608K)->4425K(4608K)
[2025-04-17T09:23:05.512+0000][153.513s][info][gc             ] GC(1342) Pause Young (Allocation Failure) 26M->18M(31M) 1.541ms
[2025-04-17T09:23:05.512+0000][153.513s][info][gc,cpu         ] GC(1342) User=0.00s Sys=0.00s Real=0.00s
[2025-04-17T09:23:05.600+0000][153.601s][info][gc,start       ] GC(1343) Pause Young (Allocation Failure)
[2025-04-17T09:23:05.601+0000][153.602s][info][gc,heap        ] GC(1343) DefNew: 9206K(10176K)->124K(10176K) Eden: 9088K(9088K)->0K(9088K) From: 118K(1088K)->124K(1088K)
[2025-04-17T09:23:05.601+0000][153.602s][info][gc,heap        ] GC(1343) Tenured: 18412K(22464K)->18421K(22464K)
[2025-04-17T09:23:05.601+0000][153.602s][info][gc,metaspace   ] GC(1343) Metaspace: 37405K(37760K)->37405K(37760K) NonClass: 32979K(33152K)->32979K(33152K) Class: 4425K(4608K)->4425K(4608K)
[2025-04-17T09:23:05.601+0000][153.602s][info][gc             ] GC(1343) Pause Young (Allocation Failure) 26M->18M(31M) 1.436ms
[2025-04-17T09:23:05.601+0000][153.602s][info][gc,cpu         ] GC(1343) User=0.01s Sys=0.00s Real=0.00s
[2025-04-17T09:23:05.747+0000][153.747s][info][gc,start       ] GC(1344) Pause Young (Allocation Failure)
[2025-04-17T09:23:05.748+0000][153.749s][info][gc,heap        ] GC(1344) DefNew: 9212K(10176K)->105K(10176K) Eden: 9088K(9088K)->0K(9088K) From: 124K(1088K)->105K(1088K)
[2025-04-17T09:23:05.748+0000][153.749s][info][gc,heap        ] GC(1344) Tenured: 18421K(22464K)->18423K(22464K)
[2025-04-17T09:23:05.748+0000][153.749s][info][gc,metaspace   ] GC(1344) Metaspace: 37405K(37760K)->37405K(37760K) NonClass: 32979K(33152K)->32979K(33152K) Class: 4425K(4608K)->4425K(4608K)
[2025-04-17T09:23:05.748+0000][153.749s][info][gc             ] GC(1344) Pause Young (Allocation Failure) 26M->18M(31M) 1.521ms
[2025-04-17T09:23:05.748+0000][153.749s][info][gc,cpu         ] GC(1344) User=0.01s Sys=0.00s Real=0.00s
[2025-04-17T09:23:05.901+0000][153.902s][info][gc,start       ] GC(1345) Pause Young (Allocation Failure)
[2025-04-17T09:23:05.902+0000][153.903s][info][gc,heap        ] GC(1345) DefNew: 9193K(10176K)->111K(10176K) Eden: 9087K(9088K)->0K(9088K) From: 105K(1088K)->111K(1088K)
[2025-04-17T09:23:05.902+0000][153.903s][info][gc,heap        ] GC(1345) Tenured: 18423K(22464K)->18424K(22464K)
[2025-04-17T09:23:05.902+0000][153.903s][info][gc,metaspace   ] GC(1345) Metaspace: 37405K(37760K)->37405K(37760K) NonClass: 32979K(33152K)->32979K(33152K) Class: 4425K(4608K)->4425K(4608K)
[2025-04-17T09:23:05.902+0000][153.903s][info][gc             ] GC(1345) Pause Young (Allocation Failure) 26M->18M(31M) 1.505ms
[2025-04-17T09:23:05.902+0000][153.903s][info][gc,cpu         ] GC(1345) User=0.00s Sys=0.00s Real=0.00s
[2025-04-17T09:23:05.961+0000][153.961s][info][gc,start       ] GC(1346) Pause Young (Allocation Failure)
[2025-04-17T09:23:05.962+0000][153.963s][info][gc,heap        ] GC(1346) DefNew: 9199K(10176K)->127K(10176K) Eden: 9088K(9088K)->0K(9088K) From: 111K(1088K)->127K(1088K)
[2025-04-17T09:23:05.962+0000][153.963s][info][gc,heap        ] GC(1346) Tenured: 18424K(22464K)->18424K(22464K)
[2025-04-17T09:23:05.962+0000][153.963s][info][gc,metaspace   ] GC(1346) Metaspace: 37405K(37760K)->37405K(37760K) NonClass: 32979K(33152K)->32979K(33152K) Class: 4425K(4608K)->4425K(4608K)
[2025-04-17T09:23:05.962+0000][153.963s][info][gc             ] GC(1346) Pause Young (Allocation Failure) 26M->18M(31M) 1.541ms
[2025-04-17T09:23:05.962+0000][153.963s][info][gc,cpu         ] GC(1346) User=0.00s Sys=0.00s Real=0.00s
[2025-04-17T09:23:06.072+0000][154.073s][info][gc,start       ] GC(1347) Pause Young (Allocation Failure)
[2025-04-17T09:23:06.074+0000][154.074s][info][gc,heap        ] GC(1347) DefNew: 9215K(10176K)->112K(10176K) Eden: 9088K(9088K)->0K(9088K) From: 127K(1088K)->112K(1088K)
[2025-04-17T09:23:06.074+0000][154.075s][info][gc,heap        ] GC(1347) Tenured: 18424K(22464K)->18424K(22464K)
[2025-04-17T09:23:06.074+0000][154.075s][info][gc,metaspace   ] GC(1347) Metaspace: 37405K(37760K)->37405K(37760K) NonClass: 32979K(33152K)->32979K(33152K) Class: 4425K(4608K)->4425K(4608K)
[2025-04-17T09:23:06.074+0000][154.075s][info][gc             ] GC(1347) Pause Young (Allocation Failure) 26M->18M(31M) 1.649ms
[2025-04-17T09:23:06.074+0000][154.075s][info][gc,cpu         ] GC(1347) User=0.00s Sys=0.00s Real=0.00s
[2025-04-17T09:23:06.169+0000][154.169s][info][gc,start       ] GC(1348) Pause Young (Allocation Failure)
[2025-04-17T09:23:06.170+0000][154.171s][info][gc,heap        ] GC(1348) DefNew: 9200K(10176K)->109K(10176K) Eden: 9088K(9088K)->0K(9088K) From: 112K(1088K)->109K(1088K)
[2025-04-17T09:23:06.170+0000][154.171s][info][gc,heap        ] GC(1348) Tenured: 18424K(22464K)->18424K(22464K)
[2025-04-17T09:23:06.170+0000][154.171s][info][gc,metaspace   ] GC(1348) Metaspace: 37405K(37760K)->37405K(37760K) NonClass: 32979K(33152K)->32979K(33152K) Class: 4425K(4608K)->4425K(4608K)
[2025-04-17T09:23:06.170+0000][154.171s][info][gc             ] GC(1348) Pause Young (Allocation Failure) 26M->18M(31M) 1.544ms
[2025-04-17T09:23:06.170+0000][154.171s][info][gc,cpu         ] GC(1348) User=0.00s Sys=0.00s Real=0.00s
[2025-04-17T09:23:06.459+0000][154.459s][info][gc,start       ] GC(1349) Pause Young (Allocation Failure)
[2025-04-17T09:23:06.460+0000][154.461s][info][gc,heap        ] GC(1349) DefNew: 9197K(10176K)->116K(10176K) Eden: 9088K(9088K)->0K(9088K) From: 109K(1088K)->116K(1088K)
[2025-04-17T09:23:06.460+0000][154.461s][info][gc,heap        ] GC(1349) Tenured: 18424K(22464K)->18424K(22464K)
[2025-04-17T09:23:06.460+0000][154.461s][info][gc,metaspace   ] GC(1349) Metaspace: 37405K(37760K)->37405K(37760K) NonClass: 32979K(33152K)->32979K(33152K) Class: 4425K(4608K)->4425K(4608K)
[2025-04-17T09:23:06.460+0000][154.461s][info][gc             ] GC(1349) Pause Young (Allocation Failure) 26M->18M(31M) 1.525ms
[2025-04-17T09:23:06.460+0000][154.461s][info][gc,cpu         ] GC(1349) User=0.00s Sys=0.00s Real=0.00s
[2025-04-17T09:23:06.581+0000][154.582s][info][gc,start       ] GC(1350) Pause Young (Allocation Failure)
[2025-04-17T09:23:06.582+0000][154.583s][info][gc,heap        ] GC(1350) DefNew: 9204K(10176K)->125K(10176K) Eden: 9088K(9088K)->0K(9088K) From: 116K(1088K)->125K(1088K)
[2025-04-17T09:23:06.582+0000][154.583s][info][gc,heap        ] GC(1350) Tenured: 18424K(22464K)->18425K(22464K)
[2025-04-17T09:23:06.583+0000][154.583s][info][gc,metaspace   ] GC(1350) Metaspace: 37405K(37760K)->37405K(37760K) NonClass: 32979K(33152K)->32979K(33152K) Class: 4425K(4608K)->4425K(4608K)
[2025-04-17T09:23:06.583+0000][154.583s][info][gc             ] GC(1350) Pause Young (Allocation Failure) 26M->18M(31M) 1.552ms
[2025-04-17T09:23:06.583+0000][154.583s][info][gc,cpu         ] GC(1350) User=0.00s Sys=0.00s Real=0.00s
[2025-04-17T09:23:06.690+0000][154.690s][info][gc,start       ] GC(1351) Pause Young (Allocation Failure)
[2025-04-17T09:23:06.691+0000][154.692s][info][gc,heap        ] GC(1351) DefNew: 9213K(10176K)->109K(10176K) Eden: 9088K(9088K)->0K(9088K) From: 125K(1088K)->109K(1088K)
[2025-04-17T09:23:06.691+0000][154.692s][info][gc,heap        ] GC(1351) Tenured: 18425K(22464K)->18427K(22464K)
[2025-04-17T09:23:06.691+0000][154.692s][info][gc,metaspace   ] GC(1351) Metaspace: 37405K(37760K)->37405K(37760K) NonClass: 32979K(33152K)->32979K(33152K) Class: 4425K(4608K)->4425K(4608K)
[2025-04-17T09:23:06.691+0000][154.692s][info][gc             ] GC(1351) Pause Young (Allocation Failure) 26M->18M(31M) 1.850ms
[2025-04-17T09:23:06.691+0000][154.692s][info][gc,cpu         ] GC(1351) User=0.00s Sys=0.00s Real=0.00s
[2025-04-17T09:23:06.777+0000][154.777s][info][gc,start       ] GC(1352) Pause Young (Allocation Failure)
[2025-04-17T09:23:06.778+0000][154.779s][info][gc,heap        ] GC(1352) DefNew: 9197K(10176K)->125K(10176K) Eden: 9088K(9088K)->0K(9088K) From: 109K(1088K)->125K(1088K)
[2025-04-17T09:23:06.778+0000][154.779s][info][gc,heap        ] GC(1352) Tenured: 18427K(22464K)->18429K(22464K)
[2025-04-17T09:23:06.778+0000][154.779s][info][gc,metaspace   ] GC(1352) Metaspace: 37405K(37760K)->37405K(37760K) NonClass: 32979K(33152K)->32979K(33152K) Class: 4425K(4608K)->4425K(4608K)
[2025-04-17T09:23:06.778+0000][154.779s][info][gc             ] GC(1352) Pause Young (Allocation Failure) 26M->18M(31M) 1.539ms
[2025-04-17T09:23:06.778+0000][154.779s][info][gc,cpu         ] GC(1352) User=0.01s Sys=0.00s Real=0.00s
[2025-04-17T09:23:06.842+0000][154.843s][info][gc,start       ] GC(1353) Pause Young (Allocation Failure)
[2025-04-17T09:23:06.844+0000][154.844s][info][gc,heap        ] GC(1353) DefNew: 9213K(10176K)->143K(10176K) Eden: 9088K(9088K)->0K(9088K) From: 125K(1088K)->143K(1088K)
[2025-04-17T09:23:06.844+0000][154.844s][info][gc,heap        ] GC(1353) Tenured: 18429K(22464K)->18434K(22464K)
[2025-04-17T09:23:06.844+0000][154.844s][info][gc,metaspace   ] GC(1353) Metaspace: 37405K(37760K)->37405K(37760K) NonClass: 32979K(33152K)->32979K(33152K) Class: 4425K(4608K)->4425K(4608K)
[2025-04-17T09:23:06.844+0000][154.844s][info][gc             ] GC(1353) Pause Young (Allocation Failure) 26M->18M(31M) 1.643ms
[2025-04-17T09:23:06.844+0000][154.844s][info][gc,cpu         ] GC(1353) User=0.00s Sys=0.00s Real=0.00s
[2025-04-17T09:23:07.037+0000][155.038s][info][gc,start       ] GC(1354) Pause Young (Allocation Failure)
[2025-04-17T09:23:07.038+0000][155.039s][info][gc,heap        ] GC(1354) DefNew: 9231K(10176K)->117K(10176K) Eden: 9087K(9088K)->0K(9088K) From: 143K(1088K)->117K(1088K)
[2025-04-17T09:23:07.038+0000][155.039s][info][gc,heap        ] GC(1354) Tenured: 18434K(22464K)->18434K(22464K)
[2025-04-17T09:23:07.038+0000][155.039s][info][gc,metaspace   ] GC(1354) Metaspace: 37405K(37760K)->37405K(37760K) NonClass: 32979K(33152K)->32979K(33152K) Class: 4425K(4608K)->4425K(4608K)
[2025-04-17T09:23:07.038+0000][155.039s][info][gc             ] GC(1354) Pause Young (Allocation Failure) 27M->18M(31M) 1.456ms
[2025-04-17T09:23:07.038+0000][155.039s][info][gc,cpu         ] GC(1354) User=0.01s Sys=0.00s Real=0.00s
[2025-04-17T09:23:07.218+0000][155.219s][info][gc,start       ] GC(1355) Pause Young (Allocation Failure)
[2025-04-17T09:23:07.220+0000][155.220s][info][gc,heap        ] GC(1355) DefNew: 9205K(10176K)->101K(10176K) Eden: 9087K(9088K)->0K(9088K) From: 117K(1088K)->101K(1088K)
[2025-04-17T09:23:07.220+0000][155.220s][info][gc,heap        ] GC(1355) Tenured: 18434K(22464K)->18435K(22464K)
[2025-04-17T09:23:07.220+0000][155.220s][info][gc,metaspace   ] GC(1355) Metaspace: 37405K(37760K)->37405K(37760K) NonClass: 32979K(33152K)->32979K(33152K) Class: 4425K(4608K)->4425K(4608K)
[2025-04-17T09:23:07.220+0000][155.220s][info][gc             ] GC(1355) Pause Young (Allocation Failure) 26M->18M(31M) 1.493ms
[2025-04-17T09:23:07.220+0000][155.220s][info][gc,cpu         ] GC(1355) User=0.00s Sys=0.00s Real=0.00s
[2025-04-17T09:23:07.299+0000][155.299s][info][gc,start       ] GC(1356) Pause Young (Allocation Failure)
[2025-04-17T09:23:07.300+0000][155.301s][info][gc,heap        ] GC(1356) DefNew: 9189K(10176K)->124K(10176K) Eden: 9088K(9088K)->0K(9088K) From: 101K(1088K)->124K(1088K)
[2025-04-17T09:23:07.300+0000][155.301s][info][gc,heap        ] GC(1356) Tenured: 18435K(22464K)->18456K(22464K)
[2025-04-17T09:23:07.300+0000][155.301s][info][gc,metaspace   ] GC(1356) Metaspace: 37405K(37760K)->37405K(37760K) NonClass: 32979K(33152K)->32979K(33152K) Class: 4425K(4608K)->4425K(4608K)
[2025-04-17T09:23:07.300+0000][155.301s][info][gc             ] GC(1356) Pause Young (Allocation Failure) 26M->18M(31M) 1.625ms
[2025-04-17T09:23:07.300+0000][155.301s][info][gc,cpu         ] GC(1356) User=0.00s Sys=0.00s Real=0.00s
[2025-04-17T09:23:07.448+0000][155.449s][info][gc,start       ] GC(1357) Pause Young (Allocation Failure)
[2025-04-17T09:23:07.450+0000][155.450s][info][gc,heap        ] GC(1357) DefNew: 9212K(10176K)->86K(10176K) Eden: 9088K(9088K)->0K(9088K) From: 124K(1088K)->86K(1088K)
[2025-04-17T09:23:07.450+0000][155.450s][info][gc,heap        ] GC(1357) Tenured: 18456K(22464K)->18457K(22464K)
[2025-04-17T09:23:07.450+0000][155.450s][info][gc,metaspace   ] GC(1357) Metaspace: 37405K(37760K)->37405K(37760K) NonClass: 32979K(33152K)->32979K(33152K) Class: 4425K(4608K)->4425K(4608K)
[2025-04-17T09:23:07.450+0000][155.450s][info][gc             ] GC(1357) Pause Young (Allocation Failure) 27M->18M(31M) 1.489ms
[2025-04-17T09:23:07.450+0000][155.450s][info][gc,cpu         ] GC(1357) User=0.00s Sys=0.00s Real=0.00s
[2025-04-17T09:23:07.597+0000][155.597s][info][gc,start       ] GC(1358) Pause Young (Allocation Failure)
[2025-04-17T09:23:07.598+0000][155.599s][info][gc,heap        ] GC(1358) DefNew: 9173K(10176K)->87K(10176K) Eden: 9086K(9088K)->0K(9088K) From: 86K(1088K)->87K(1088K)
[2025-04-17T09:23:07.598+0000][155.599s][info][gc,heap        ] GC(1358) Tenured: 18457K(22464K)->18458K(22464K)
[2025-04-17T09:23:07.598+0000][155.599s][info][gc,metaspace   ] GC(1358) Metaspace: 37405K(37760K)->37405K(37760K) NonClass: 32979K(33152K)->32979K(33152K) Class: 4425K(4608K)->4425K(4608K)
[2025-04-17T09:23:07.598+0000][155.599s][info][gc             ] GC(1358) Pause Young (Allocation Failure) 26M->18M(31M) 1.433ms
[2025-04-17T09:23:07.598+0000][155.599s][info][gc,cpu         ] GC(1358) User=0.00s Sys=0.00s Real=0.00s
[2025-04-17T09:23:07.750+0000][155.751s][info][gc,start       ] GC(1359) Pause Young (Allocation Failure)
[2025-04-17T09:23:07.751+0000][155.752s][info][gc,heap        ] GC(1359) DefNew: 9175K(10176K)->100K(10176K) Eden: 9087K(9088K)->0K(9088K) From: 87K(1088K)->100K(1088K)
[2025-04-17T09:23:07.751+0000][155.752s][info][gc,heap        ] GC(1359) Tenured: 18458K(22464K)->18458K(22464K)
[2025-04-17T09:23:07.752+0000][155.752s][info][gc,metaspace   ] GC(1359) Metaspace: 37405K(37760K)->37405K(37760K) NonClass: 32979K(33152K)->32979K(33152K) Class: 4425K(4608K)->4425K(4608K)
[2025-04-17T09:23:07.752+0000][155.752s][info][gc             ] GC(1359) Pause Young (Allocation Failure) 26M->18M(31M) 1.489ms
[2025-04-17T09:23:07.752+0000][155.752s][info][gc,cpu         ] GC(1359) User=0.00s Sys=0.00s Real=0.00s
[2025-04-17T09:23:07.874+0000][155.875s][info][gc,start       ] GC(1360) Pause Young (Allocation Failure)
[2025-04-17T09:23:07.876+0000][155.876s][info][gc,heap        ] GC(1360) DefNew: 9188K(10176K)->87K(10176K) Eden: 9088K(9088K)->0K(9088K) From: 100K(1088K)->87K(1088K)
[2025-04-17T09:23:07.876+0000][155.877s][info][gc,heap        ] GC(1360) Tenured: 18458K(22464K)->18458K(22464K)
[2025-04-17T09:23:07.876+0000][155.877s][info][gc,metaspace   ] GC(1360) Metaspace: 37405K(37760K)->37405K(37760K) NonClass: 32979K(33152K)->32979K(33152K) Class: 4425K(4608K)->4425K(4608K)
[2025-04-17T09:23:07.876+0000][155.877s][info][gc             ] GC(1360) Pause Young (Allocation Failure) 26M->18M(31M) 1.439ms
[2025-04-17T09:23:07.876+0000][155.877s][info][gc,cpu         ] GC(1360) User=0.00s Sys=0.00s Real=0.00s
[2025-04-17T09:23:08.042+0000][156.043s][info][gc,start       ] GC(1361) Pause Young (Allocation Failure)
[2025-04-17T09:23:08.044+0000][156.044s][info][gc,heap        ] GC(1361) DefNew: 9175K(10176K)->104K(10176K) Eden: 9088K(9088K)->0K(9088K) From: 87K(1088K)->104K(1088K)
[2025-04-17T09:23:08.044+0000][156.044s][info][gc,heap        ] GC(1361) Tenured: 18458K(22464K)->18459K(22464K)
[2025-04-17T09:23:08.044+0000][156.044s][info][gc,metaspace   ] GC(1361) Metaspace: 37405K(37760K)->37405K(37760K) NonClass: 32979K(33152K)->32979K(33152K) Class: 4425K(4608K)->4425K(4608K)
[2025-04-17T09:23:08.044+0000][156.044s][info][gc             ] GC(1361) Pause Young (Allocation Failure) 26M->18M(31M) 1.535ms
[2025-04-17T09:23:08.044+0000][156.044s][info][gc,cpu         ] GC(1361) User=0.00s Sys=0.00s Real=0.00s
[2025-04-17T09:23:08.144+0000][156.145s][info][gc,start       ] GC(1362) Pause Young (Allocation Failure)
[2025-04-17T09:23:08.146+0000][156.146s][info][gc,heap        ] GC(1362) DefNew: 9192K(10176K)->84K(10176K) Eden: 9087K(9088K)->0K(9088K) From: 104K(1088K)->84K(1088K)
[2025-04-17T09:23:08.146+0000][156.146s][info][gc,heap        ] GC(1362) Tenured: 18459K(22464K)->18463K(22464K)
[2025-04-17T09:23:08.146+0000][156.147s][info][gc,metaspace   ] GC(1362) Metaspace: 37405K(37760K)->37405K(37760K) NonClass: 32979K(33152K)->32979K(33152K) Class: 4425K(4608K)->4425K(4608K)
[2025-04-17T09:23:08.146+0000][156.147s][info][gc             ] GC(1362) Pause Young (Allocation Failure) 27M->18M(31M) 1.462ms
[2025-04-17T09:23:08.146+0000][156.147s][info][gc,cpu         ] GC(1362) User=0.00s Sys=0.00s Real=0.00s
[2025-04-17T09:23:08.305+0000][156.306s][info][gc,start       ] GC(1363) Pause Young (Allocation Failure)
[2025-04-17T09:23:08.307+0000][156.307s][info][gc,heap        ] GC(1363) DefNew: 9172K(10176K)->99K(10176K) Eden: 9088K(9088K)->0K(9088K) From: 84K(1088K)->99K(1088K)
[2025-04-17T09:23:08.307+0000][156.307s][info][gc,heap        ] GC(1363) Tenured: 18463K(22464K)->18463K(22464K)
[2025-04-17T09:23:08.307+0000][156.307s][info][gc,metaspace   ] GC(1363) Metaspace: 37405K(37760K)->37405K(37760K) NonClass: 32979K(33152K)->32979K(33152K) Class: 4425K(4608K)->4425K(4608K)
[2025-04-17T09:23:08.307+0000][156.307s][info][gc             ] GC(1363) Pause Young (Allocation Failure) 26M->18M(31M) 1.506ms
[2025-04-17T09:23:08.307+0000][156.307s][info][gc,cpu         ] GC(1363) User=0.00s Sys=0.00s Real=0.00s
[2025-04-17T09:23:08.406+0000][156.407s][info][gc,start       ] GC(1364) Pause Young (Allocation Failure)
[2025-04-17T09:23:08.408+0000][156.408s][info][gc,heap        ] GC(1364) DefNew: 9187K(10176K)->83K(10176K) Eden: 9087K(9088K)->0K(9088K) From: 99K(1088K)->83K(1088K)
[2025-04-17T09:23:08.408+0000][156.408s][info][gc,heap        ] GC(1364) Tenured: 18463K(22464K)->18464K(22464K)
[2025-04-17T09:23:08.408+0000][156.408s][info][gc,metaspace   ] GC(1364) Metaspace: 37405K(37760K)->37405K(37760K) NonClass: 32979K(33152K)->32979K(33152K) Class: 4425K(4608K)->4425K(4608K)
[2025-04-17T09:23:08.408+0000][156.408s][info][gc             ] GC(1364) Pause Young (Allocation Failure) 27M->18M(31M) 1.466ms
[2025-04-17T09:23:08.408+0000][156.408s][info][gc,cpu         ] GC(1364) User=0.00s Sys=0.00s Real=0.00s
[2025-04-17T09:23:08.640+0000][156.641s][info][gc,start       ] GC(1365) Pause Young (Allocation Failure)
[2025-04-17T09:23:08.642+0000][156.642s][info][gc,heap        ] GC(1365) DefNew: 9164K(10176K)->98K(10176K) Eden: 9081K(9088K)->0K(9088K) From: 83K(1088K)->98K(1088K)
[2025-04-17T09:23:08.642+0000][156.642s][info][gc,heap        ] GC(1365) Tenured: 18464K(22464K)->18464K(22464K)
[2025-04-17T09:23:08.642+0000][156.642s][info][gc,metaspace   ] GC(1365) Metaspace: 37405K(37760K)->37405K(37760K) NonClass: 32979K(33152K)->32979K(33152K) Class: 4425K(4608K)->4425K(4608K)
[2025-04-17T09:23:08.642+0000][156.642s][info][gc             ] GC(1365) Pause Young (Allocation Failure) 26M->18M(31M) 1.605ms
[2025-04-17T09:23:08.642+0000][156.642s][info][gc,cpu         ] GC(1365) User=0.00s Sys=0.00s Real=0.00s
[2025-04-17T09:23:08.746+0000][156.746s][info][gc,start       ] GC(1366) Pause Young (Allocation Failure)
[2025-04-17T09:23:08.747+0000][156.748s][info][gc,heap        ] GC(1366) DefNew: 9186K(10176K)->92K(10176K) Eden: 9087K(9088K)->0K(9088K) From: 98K(1088K)->92K(1088K)
[2025-04-17T09:23:08.747+0000][156.748s][info][gc,heap        ] GC(1366) Tenured: 18464K(22464K)->18465K(22464K)
[2025-04-17T09:23:08.747+0000][156.748s][info][gc,metaspace   ] GC(1366) Metaspace: 37405K(37760K)->37405K(37760K) NonClass: 32979K(33152K)->32979K(33152K) Class: 4425K(4608K)->4425K(4608K)
[2025-04-17T09:23:08.747+0000][156.748s][info][gc             ] GC(1366) Pause Young (Allocation Failure) 27M->18M(31M) 1.460ms
[2025-04-17T09:23:08.747+0000][156.748s][info][gc,cpu         ] GC(1366) User=0.01s Sys=0.00s Real=0.00s
[2025-04-17T09:23:08.906+0000][156.906s][info][gc,start       ] GC(1367) Pause Young (Allocation Failure)
[2025-04-17T09:23:08.907+0000][156.908s][info][gc,heap        ] GC(1367) DefNew: 9180K(10176K)->111K(10176K) Eden: 9088K(9088K)->0K(9088K) From: 92K(1088K)->111K(1088K)
[2025-04-17T09:23:08.907+0000][156.908s][info][gc,heap        ] GC(1367) Tenured: 18465K(22464K)->18465K(22464K)
[2025-04-17T09:23:08.907+0000][156.908s][info][gc,metaspace   ] GC(1367) Metaspace: 37405K(37760K)->37405K(37760K) NonClass: 32979K(33152K)->32979K(33152K) Class: 4425K(4608K)->4425K(4608K)
[2025-04-17T09:23:08.907+0000][156.908s][info][gc             ] GC(1367) Pause Young (Allocation Failure) 26M->18M(31M) 1.674ms
[2025-04-17T09:23:08.907+0000][156.908s][info][gc,cpu         ] GC(1367) User=0.00s Sys=0.00s Real=0.00s
[2025-04-17T09:23:09.085+0000][157.086s][info][gc,start       ] GC(1368) Pause Young (Allocation Failure)
[2025-04-17T09:23:09.087+0000][157.087s][info][gc,heap        ] GC(1368) DefNew: 9199K(10176K)->88K(10176K) Eden: 9088K(9088K)->0K(9088K) From: 111K(1088K)->88K(1088K)
[2025-04-17T09:23:09.087+0000][157.087s][info][gc,heap        ] GC(1368) Tenured: 18465K(22464K)->18465K(22464K)
[2025-04-17T09:23:09.087+0000][157.087s][info][gc,metaspace   ] GC(1368) Metaspace: 37405K(37760K)->37405K(37760K) NonClass: 32979K(33152K)->32979K(33152K) Class: 4425K(4608K)->4425K(4608K)
[2025-04-17T09:23:09.087+0000][157.087s][info][gc             ] GC(1368) Pause Young (Allocation Failure) 27M->18M(31M) 1.386ms
[2025-04-17T09:23:09.087+0000][157.087s][info][gc,cpu         ] GC(1368) User=0.00s Sys=0.00s Real=0.00s
[2025-04-17T09:23:09.196+0000][157.196s][info][gc,start       ] GC(1369) Pause Young (Allocation Failure)
[2025-04-17T09:23:09.197+0000][157.198s][info][gc,heap        ] GC(1369) DefNew: 9176K(10176K)->103K(10176K) Eden: 9088K(9088K)->0K(9088K) From: 88K(1088K)->103K(1088K)
[2025-04-17T09:23:09.197+0000][157.198s][info][gc,heap        ] GC(1369) Tenured: 18465K(22464K)->18465K(22464K)
[2025-04-17T09:23:09.197+0000][157.198s][info][gc,metaspace   ] GC(1369) Metaspace: 37405K(37760K)->37405K(37760K) NonClass: 32979K(33152K)->32979K(33152K) Class: 4425K(4608K)->4425K(4608K)
[2025-04-17T09:23:09.197+0000][157.198s][info][gc             ] GC(1369) Pause Young (Allocation Failure) 26M->18M(31M) 1.511ms
[2025-04-17T09:23:09.197+0000][157.198s][info][gc,cpu         ] GC(1369) User=0.00s Sys=0.00s Real=0.00s
[2025-04-17T09:23:09.327+0000][157.327s][info][gc,start       ] GC(1370) Pause Young (Allocation Failure)
[2025-04-17T09:23:09.328+0000][157.329s][info][gc,heap        ] GC(1370) DefNew: 9191K(10176K)->133K(10176K) Eden: 9087K(9088K)->0K(9088K) From: 103K(1088K)->133K(1088K)
[2025-04-17T09:23:09.328+0000][157.329s][info][gc,heap        ] GC(1370) Tenured: 18465K(22464K)->18465K(22464K)
[2025-04-17T09:23:09.328+0000][157.329s][info][gc,metaspace   ] GC(1370) Metaspace: 37405K(37760K)->37405K(37760K) NonClass: 32979K(33152K)->32979K(33152K) Class: 4425K(4608K)->4425K(4608K)
[2025-04-17T09:23:09.328+0000][157.329s][info][gc             ] GC(1370) Pause Young (Allocation Failure) 27M->18M(31M) 1.431ms
[2025-04-17T09:23:09.328+0000][157.329s][info][gc,cpu         ] GC(1370) User=0.00s Sys=0.00s Real=0.00s
[2025-04-17T09:23:09.449+0000][157.450s][info][gc,start       ] GC(1371) Pause Young (Allocation Failure)
[2025-04-17T09:23:09.451+0000][157.451s][info][gc,heap        ] GC(1371) DefNew: 9221K(10176K)->119K(10176K) Eden: 9088K(9088K)->0K(9088K) From: 133K(1088K)->119K(1088K)
[2025-04-17T09:23:09.451+0000][157.451s][info][gc,heap        ] GC(1371) Tenured: 18465K(22464K)->18465K(22464K)
[2025-04-17T09:23:09.451+0000][157.451s][info][gc,metaspace   ] GC(1371) Metaspace: 37405K(37760K)->37405K(37760K) NonClass: 32979K(33152K)->32979K(33152K) Class: 4425K(4608K)->4425K(4608K)
[2025-04-17T09:23:09.451+0000][157.451s][info][gc             ] GC(1371) Pause Young (Allocation Failure) 27M->18M(31M) 1.430ms
[2025-04-17T09:23:09.451+0000][157.451s][info][gc,cpu         ] GC(1371) User=0.00s Sys=0.00s Real=0.00s
[2025-04-17T09:23:09.584+0000][157.585s][info][gc,start       ] GC(1372) Pause Young (Allocation Failure)
[2025-04-17T09:23:09.586+0000][157.587s][info][gc,heap        ] GC(1372) DefNew: 9207K(10176K)->121K(10176K) Eden: 9087K(9088K)->0K(9088K) From: 119K(1088K)->121K(1088K)
[2025-04-17T09:23:09.586+0000][157.587s][info][gc,heap        ] GC(1372) Tenured: 18465K(22464K)->18465K(22464K)
[2025-04-17T09:23:09.586+0000][157.587s][info][gc,metaspace   ] GC(1372) Metaspace: 37405K(37760K)->37405K(37760K) NonClass: 32979K(33152K)->32979K(33152K) Class: 4425K(4608K)->4425K(4608K)
[2025-04-17T09:23:09.586+0000][157.587s][info][gc             ] GC(1372) Pause Young (Allocation Failure) 27M->18M(31M) 1.474ms
[2025-04-17T09:23:09.586+0000][157.587s][info][gc,cpu         ] GC(1372) User=0.00s Sys=0.00s Real=0.00s
[2025-04-17T09:23:09.741+0000][157.741s][info][gc,start       ] GC(1373) Pause Young (Allocation Failure)
[2025-04-17T09:23:09.742+0000][157.743s][info][gc,heap        ] GC(1373) DefNew: 9209K(10176K)->126K(10176K) Eden: 9088K(9088K)->0K(9088K) From: 121K(1088K)->126K(1088K)
[2025-04-17T09:23:09.742+0000][157.743s][info][gc,heap        ] GC(1373) Tenured: 18465K(22464K)->18467K(22464K)
[2025-04-17T09:23:09.742+0000][157.743s][info][gc,metaspace   ] GC(1373) Metaspace: 37405K(37760K)->37405K(37760K) NonClass: 32979K(33152K)->32979K(33152K) Class: 4425K(4608K)->4425K(4608K)
[2025-04-17T09:23:09.742+0000][157.743s][info][gc             ] GC(1373) Pause Young (Allocation Failure) 27M->18M(31M) 1.479ms
[2025-04-17T09:23:09.742+0000][157.743s][info][gc,cpu         ] GC(1373) User=0.00s Sys=0.00s Real=0.00s
[2025-04-17T09:23:09.876+0000][157.877s][info][gc,start       ] GC(1374) Pause Young (Allocation Failure)
[2025-04-17T09:23:09.878+0000][157.878s][info][gc,heap        ] GC(1374) DefNew: 9214K(10176K)->127K(10176K) Eden: 9087K(9088K)->0K(9088K) From: 126K(1088K)->127K(1088K)
[2025-04-17T09:23:09.878+0000][157.878s][info][gc,heap        ] GC(1374) Tenured: 18467K(22464K)->18468K(22464K)
[2025-04-17T09:23:09.878+0000][157.878s][info][gc,metaspace   ] GC(1374) Metaspace: 37405K(37760K)->37405K(37760K) NonClass: 32979K(33152K)->32979K(33152K) Class: 4425K(4608K)->4425K(4608K)
[2025-04-17T09:23:09.878+0000][157.878s][info][gc             ] GC(1374) Pause Young (Allocation Failure) 27M->18M(31M) 1.454ms
[2025-04-17T09:23:09.878+0000][157.878s][info][gc,cpu         ] GC(1374) User=0.00s Sys=0.00s Real=0.00s
[2025-04-17T09:23:10.049+0000][158.050s][info][gc,start       ] GC(1375) Pause Young (Allocation Failure)
[2025-04-17T09:23:10.051+0000][158.052s][info][gc,heap        ] GC(1375) DefNew: 9215K(10176K)->133K(10176K) Eden: 9088K(9088K)->0K(9088K) From: 127K(1088K)->133K(1088K)
[2025-04-17T09:23:10.051+0000][158.052s][info][gc,heap        ] GC(1375) Tenured: 18468K(22464K)->18470K(22464K)
[2025-04-17T09:23:10.051+0000][158.052s][info][gc,metaspace   ] GC(1375) Metaspace: 37405K(37760K)->37405K(37760K) NonClass: 32979K(33152K)->32979K(33152K) Class: 4425K(4608K)->4425K(4608K)
[2025-04-17T09:23:10.051+0000][158.052s][info][gc             ] GC(1375) Pause Young (Allocation Failure) 27M->18M(31M) 1.614ms
[2025-04-17T09:23:10.051+0000][158.052s][info][gc,cpu         ] GC(1375) User=0.00s Sys=0.00s Real=0.00s
[2025-04-17T09:23:10.192+0000][158.192s][info][gc,start       ] GC(1376) Pause Young (Allocation Failure)
[2025-04-17T09:23:10.193+0000][158.194s][info][gc,heap        ] GC(1376) DefNew: 9221K(10176K)->123K(10176K) Eden: 9088K(9088K)->0K(9088K) From: 133K(1088K)->123K(1088K)
[2025-04-17T09:23:10.193+0000][158.194s][info][gc,heap        ] GC(1376) Tenured: 18470K(22464K)->18474K(22464K)
[2025-04-17T09:23:10.193+0000][158.194s][info][gc,metaspace   ] GC(1376) Metaspace: 37405K(37760K)->37405K(37760K) NonClass: 32979K(33152K)->32979K(33152K) Class: 4425K(4608K)->4425K(4608K)
[2025-04-17T09:23:10.193+0000][158.194s][info][gc             ] GC(1376) Pause Young (Allocation Failure) 27M->18M(31M) 1.512ms
[2025-04-17T09:23:10.193+0000][158.194s][info][gc,cpu         ] GC(1376) User=0.00s Sys=0.00s Real=0.00s
[2025-04-17T09:23:10.329+0000][158.330s][info][gc,start       ] GC(1377) Pause Young (Allocation Failure)
[2025-04-17T09:23:10.331+0000][158.332s][info][gc,heap        ] GC(1377) DefNew: 9211K(10176K)->162K(10176K) Eden: 9088K(9088K)->0K(9088K) From: 123K(1088K)->162K(1088K)
[2025-04-17T09:23:10.331+0000][158.332s][info][gc,heap        ] GC(1377) Tenured: 18474K(22464K)->18474K(22464K)
[2025-04-17T09:23:10.331+0000][158.332s][info][gc,metaspace   ] GC(1377) Metaspace: 37405K(37760K)->37405K(37760K) NonClass: 32979K(33152K)->32979K(33152K) Class: 4425K(4608K)->4425K(4608K)
[2025-04-17T09:23:10.331+0000][158.332s][info][gc             ] GC(1377) Pause Young (Allocation Failure) 27M->18M(31M) 1.529ms
[2025-04-17T09:23:10.331+0000][158.332s][info][gc,cpu         ] GC(1377) User=0.00s Sys=0.00s Real=0.00s
[2025-04-17T09:23:10.427+0000][158.428s][info][gc,start       ] GC(1378) Pause Young (Allocation Failure)
[2025-04-17T09:23:10.429+0000][158.430s][info][gc,heap        ] GC(1378) DefNew: 9250K(10176K)->137K(10176K) Eden: 9087K(9088K)->0K(9088K) From: 162K(1088K)->137K(1088K)
[2025-04-17T09:23:10.429+0000][158.430s][info][gc,heap        ] GC(1378) Tenured: 18474K(22464K)->18474K(22464K)
[2025-04-17T09:23:10.429+0000][158.430s][info][gc,metaspace   ] GC(1378) Metaspace: 37409K(37760K)->37409K(37760K) NonClass: 32983K(33152K)->32983K(33152K) Class: 4425K(4608K)->4425K(4608K)
[2025-04-17T09:23:10.429+0000][158.430s][info][gc             ] GC(1378) Pause Young (Allocation Failure) 27M->18M(31M) 1.468ms
[2025-04-17T09:23:10.429+0000][158.430s][info][gc,cpu         ] GC(1378) User=0.00s Sys=0.00s Real=0.00s
[2025-04-17T09:23:10.587+0000][158.588s][info][gc,start       ] GC(1379) Pause Young (Allocation Failure)
[2025-04-17T09:23:10.589+0000][158.589s][info][gc,heap        ] GC(1379) DefNew: 9223K(10176K)->136K(10176K) Eden: 9085K(9088K)->0K(9088K) From: 137K(1088K)->136K(1088K)
[2025-04-17T09:23:10.589+0000][158.589s][info][gc,heap        ] GC(1379) Tenured: 18474K(22464K)->18475K(22464K)
[2025-04-17T09:23:10.589+0000][158.589s][info][gc,metaspace   ] GC(1379) Metaspace: 37409K(37760K)->37409K(37760K) NonClass: 32983K(33152K)->32983K(33152K) Class: 4425K(4608K)->4425K(4608K)
[2025-04-17T09:23:10.589+0000][158.589s][info][gc             ] GC(1379) Pause Young (Allocation Failure) 27M->18M(31M) 1.362ms
[2025-04-17T09:23:10.589+0000][158.590s][info][gc,cpu         ] GC(1379) User=0.00s Sys=0.00s Real=0.00s
[2025-04-17T09:23:10.695+0000][158.696s][info][gc,start       ] GC(1380) Pause Young (Allocation Failure)
[2025-04-17T09:23:10.696+0000][158.697s][info][gc,heap        ] GC(1380) DefNew: 9224K(10176K)->129K(10176K) Eden: 9088K(9088K)->0K(9088K) From: 136K(1088K)->129K(1088K)
[2025-04-17T09:23:10.696+0000][158.697s][info][gc,heap        ] GC(1380) Tenured: 18475K(22464K)->18476K(22464K)
[2025-04-17T09:23:10.696+0000][158.697s][info][gc,metaspace   ] GC(1380) Metaspace: 37409K(37760K)->37409K(37760K) NonClass: 32983K(33152K)->32983K(33152K) Class: 4425K(4608K)->4425K(4608K)
[2025-04-17T09:23:10.696+0000][158.697s][info][gc             ] GC(1380) Pause Young (Allocation Failure) 27M->18M(31M) 1.447ms
[2025-04-17T09:23:10.697+0000][158.697s][info][gc,cpu         ] GC(1380) User=0.00s Sys=0.00s Real=0.00s
[2025-04-17T09:23:10.795+0000][158.796s][info][gc,start       ] GC(1381) Pause Young (Allocation Failure)
[2025-04-17T09:23:10.796+0000][158.797s][info][gc,heap        ] GC(1381) DefNew: 9210K(10176K)->122K(10176K) Eden: 9080K(9088K)->0K(9088K) From: 129K(1088K)->122K(1088K)
[2025-04-17T09:23:10.796+0000][158.797s][info][gc,heap        ] GC(1381) Tenured: 18476K(22464K)->18485K(22464K)
[2025-04-17T09:23:10.796+0000][158.797s][info][gc,metaspace   ] GC(1381) Metaspace: 37409K(37760K)->37409K(37760K) NonClass: 32983K(33152K)->32983K(33152K) Class: 4425K(4608K)->4425K(4608K)
[2025-04-17T09:23:10.796+0000][158.797s][info][gc             ] GC(1381) Pause Young (Allocation Failure) 27M->18M(31M) 1.470ms
[2025-04-17T09:23:10.796+0000][158.797s][info][gc,cpu         ] GC(1381) User=0.00s Sys=0.00s Real=0.00s
[2025-04-17T09:23:10.870+0000][158.870s][info][gc,start       ] GC(1382) Pause Young (Allocation Failure)
[2025-04-17T09:23:10.871+0000][158.872s][info][gc,heap        ] GC(1382) DefNew: 9210K(10176K)->124K(10176K) Eden: 9088K(9088K)->0K(9088K) From: 122K(1088K)->124K(1088K)
[2025-04-17T09:23:10.871+0000][158.872s][info][gc,heap        ] GC(1382) Tenured: 18485K(22464K)->18487K(22464K)
[2025-04-17T09:23:10.871+0000][158.872s][info][gc,metaspace   ] GC(1382) Metaspace: 37409K(37760K)->37409K(37760K) NonClass: 32983K(33152K)->32983K(33152K) Class: 4425K(4608K)->4425K(4608K)
[2025-04-17T09:23:10.871+0000][158.872s][info][gc             ] GC(1382) Pause Young (Allocation Failure) 27M->18M(31M) 1.562ms
[2025-04-17T09:23:10.871+0000][158.872s][info][gc,cpu         ] GC(1382) User=0.00s Sys=0.00s Real=0.00s
[2025-04-17T09:23:10.910+0000][158.911s][info][gc,start       ] GC(1383) Pause Young (Allocation Failure)
[2025-04-17T09:23:10.911+0000][158.912s][info][gc,heap        ] GC(1383) DefNew: 9212K(10176K)->130K(10176K) Eden: 9088K(9088K)->0K(9088K) From: 124K(1088K)->130K(1088K)
[2025-04-17T09:23:10.911+0000][158.912s][info][gc,heap        ] GC(1383) Tenured: 18487K(22464K)->18492K(22464K)
[2025-04-17T09:23:10.911+0000][158.912s][info][gc,metaspace   ] GC(1383) Metaspace: 37409K(37760K)->37409K(37760K) NonClass: 32983K(33152K)->32983K(33152K) Class: 4425K(4608K)->4425K(4608K)
[2025-04-17T09:23:10.911+0000][158.912s][info][gc             ] GC(1383) Pause Young (Allocation Failure) 27M->18M(31M) 1.404ms
[2025-04-17T09:23:10.911+0000][158.912s][info][gc,cpu         ] GC(1383) User=0.01s Sys=0.00s Real=0.00s
[2025-04-17T09:23:11.072+0000][159.073s][info][gc,start       ] GC(1384) Pause Young (Allocation Failure)
[2025-04-17T09:23:11.074+0000][159.074s][info][gc,heap        ] GC(1384) DefNew: 9218K(10176K)->136K(10176K) Eden: 9088K(9088K)->0K(9088K) From: 130K(1088K)->136K(1088K)
[2025-04-17T09:23:11.074+0000][159.074s][info][gc,heap        ] GC(1384) Tenured: 18492K(22464K)->18494K(22464K)
[2025-04-17T09:23:11.074+0000][159.074s][info][gc,metaspace   ] GC(1384) Metaspace: 37409K(37760K)->37409K(37760K) NonClass: 32983K(33152K)->32983K(33152K) Class: 4425K(4608K)->4425K(4608K)
[2025-04-17T09:23:11.074+0000][159.074s][info][gc             ] GC(1384) Pause Young (Allocation Failure) 27M->18M(31M) 1.514ms
[2025-04-17T09:23:11.074+0000][159.074s][info][gc,cpu         ] GC(1384) User=0.00s Sys=0.00s Real=0.00s
[2025-04-17T09:23:11.145+0000][159.146s][info][gc,start       ] GC(1385) Pause Young (Allocation Failure)
[2025-04-17T09:23:11.147+0000][159.147s][info][gc,heap        ] GC(1385) DefNew: 9224K(10176K)->108K(10176K) Eden: 9088K(9088K)->0K(9088K) From: 136K(1088K)->108K(1088K)
[2025-04-17T09:23:11.147+0000][159.147s][info][gc,heap        ] GC(1385) Tenured: 18494K(22464K)->18513K(22464K)
[2025-04-17T09:23:11.147+0000][159.147s][info][gc,metaspace   ] GC(1385) Metaspace: 37409K(37760K)->37409K(37760K) NonClass: 32983K(33152K)->32983K(33152K) Class: 4425K(4608K)->4425K(4608K)
[2025-04-17T09:23:11.147+0000][159.147s][info][gc             ] GC(1385) Pause Young (Allocation Failure) 27M->18M(31M) 1.448ms
[2025-04-17T09:23:11.147+0000][159.147s][info][gc,cpu         ] GC(1385) User=0.00s Sys=0.00s Real=0.00s
[2025-04-17T09:23:11.268+0000][159.269s][info][gc,start       ] GC(1386) Pause Young (Allocation Failure)
[2025-04-17T09:23:11.270+0000][159.271s][info][gc,heap        ] GC(1386) DefNew: 9196K(10176K)->117K(10176K) Eden: 9087K(9088K)->0K(9088K) From: 108K(1088K)->117K(1088K)
[2025-04-17T09:23:11.270+0000][159.271s][info][gc,heap        ] GC(1386) Tenured: 18513K(22464K)->18513K(22464K)
[2025-04-17T09:23:11.270+0000][159.271s][info][gc,metaspace   ] GC(1386) Metaspace: 37409K(37760K)->37409K(37760K) NonClass: 32983K(33152K)->32983K(33152K) Class: 4425K(4608K)->4425K(4608K)
[2025-04-17T09:23:11.270+0000][159.271s][info][gc             ] GC(1386) Pause Young (Allocation Failure) 27M->18M(31M) 1.564ms
[2025-04-17T09:23:11.270+0000][159.271s][info][gc,cpu         ] GC(1386) User=0.00s Sys=0.00s Real=0.00s
[2025-04-17T09:23:11.394+0000][159.395s][info][gc,start       ] GC(1387) Pause Young (Allocation Failure)
[2025-04-17T09:23:11.396+0000][159.396s][info][gc,heap        ] GC(1387) DefNew: 9205K(10176K)->98K(10176K) Eden: 9088K(9088K)->0K(9088K) From: 117K(1088K)->98K(1088K)
[2025-04-17T09:23:11.396+0000][159.396s][info][gc,heap        ] GC(1387) Tenured: 18513K(22464K)->18513K(22464K)
[2025-04-17T09:23:11.396+0000][159.396s][info][gc,metaspace   ] GC(1387) Metaspace: 37409K(37760K)->37409K(37760K) NonClass: 32983K(33152K)->32983K(33152K) Class: 4425K(4608K)->4425K(4608K)
[2025-04-17T09:23:11.396+0000][159.396s][info][gc             ] GC(1387) Pause Young (Allocation Failure) 27M->18M(31M) 1.452ms
[2025-04-17T09:23:11.396+0000][159.396s][info][gc,cpu         ] GC(1387) User=0.01s Sys=0.00s Real=0.00s
[2025-04-17T09:23:11.584+0000][159.584s][info][gc,start       ] GC(1388) Pause Young (Allocation Failure)
[2025-04-17T09:23:11.585+0000][159.586s][info][gc,heap        ] GC(1388) DefNew: 9186K(10176K)->133K(10176K) Eden: 9088K(9088K)->0K(9088K) From: 98K(1088K)->133K(1088K)
[2025-04-17T09:23:11.585+0000][159.586s][info][gc,heap        ] GC(1388) Tenured: 18513K(22464K)->18514K(22464K)
[2025-04-17T09:23:11.585+0000][159.586s][info][gc,metaspace   ] GC(1388) Metaspace: 37409K(37760K)->37409K(37760K) NonClass: 32983K(33152K)->32983K(33152K) Class: 4425K(4608K)->4425K(4608K)
[2025-04-17T09:23:11.585+0000][159.586s][info][gc             ] GC(1388) Pause Young (Allocation Failure) 27M->18M(31M) 1.592ms
[2025-04-17T09:23:11.585+0000][159.586s][info][gc,cpu         ] GC(1388) User=0.01s Sys=0.00s Real=0.01s
[2025-04-17T09:23:11.762+0000][159.763s][info][gc,start       ] GC(1389) Pause Young (Allocation Failure)
[2025-04-17T09:23:11.764+0000][159.764s][info][gc,heap        ] GC(1389) DefNew: 9221K(10176K)->113K(10176K) Eden: 9088K(9088K)->0K(9088K) From: 133K(1088K)->113K(1088K)
[2025-04-17T09:23:11.764+0000][159.764s][info][gc,heap        ] GC(1389) Tenured: 18514K(22464K)->18515K(22464K)
[2025-04-17T09:23:11.764+0000][159.764s][info][gc,metaspace   ] GC(1389) Metaspace: 37409K(37760K)->37409K(37760K) NonClass: 32983K(33152K)->32983K(33152K) Class: 4425K(4608K)->4425K(4608K)
[2025-04-17T09:23:11.764+0000][159.764s][info][gc             ] GC(1389) Pause Young (Allocation Failure) 27M->18M(31M) 1.640ms
[2025-04-17T09:23:11.764+0000][159.764s][info][gc,cpu         ] GC(1389) User=0.00s Sys=0.00s Real=0.00s
[2025-04-17T09:23:11.847+0000][159.848s][info][gc,start       ] GC(1390) Pause Young (Allocation Failure)
[2025-04-17T09:23:11.849+0000][159.849s][info][gc,heap        ] GC(1390) DefNew: 9201K(10176K)->137K(10176K) Eden: 9088K(9088K)->0K(9088K) From: 113K(1088K)->137K(1088K)
[2025-04-17T09:23:11.849+0000][159.849s][info][gc,heap        ] GC(1390) Tenured: 18515K(22464K)->18515K(22464K)
[2025-04-17T09:23:11.849+0000][159.849s][info][gc,metaspace   ] GC(1390) Metaspace: 37409K(37760K)->37409K(37760K) NonClass: 32983K(33152K)->32983K(33152K) Class: 4425K(4608K)->4425K(4608K)
[2025-04-17T09:23:11.849+0000][159.850s][info][gc             ] GC(1390) Pause Young (Allocation Failure) 27M->18M(31M) 1.580ms
[2025-04-17T09:23:11.849+0000][159.850s][info][gc,cpu         ] GC(1390) User=0.01s Sys=0.00s Real=0.00s
[2025-04-17T09:23:12.012+0000][160.012s][info][gc,start       ] GC(1391) Pause Young (Allocation Failure)
[2025-04-17T09:23:12.013+0000][160.014s][info][gc,heap        ] GC(1391) DefNew: 9225K(10176K)->139K(10176K) Eden: 9088K(9088K)->0K(9088K) From: 137K(1088K)->139K(1088K)
[2025-04-17T09:23:12.013+0000][160.014s][info][gc,heap        ] GC(1391) Tenured: 18515K(22464K)->18515K(22464K)
[2025-04-17T09:23:12.013+0000][160.014s][info][gc,metaspace   ] GC(1391) Metaspace: 37409K(37760K)->37409K(37760K) NonClass: 32983K(33152K)->32983K(33152K) Class: 4425K(4608K)->4425K(4608K)
[2025-04-17T09:23:12.013+0000][160.014s][info][gc             ] GC(1391) Pause Young (Allocation Failure) 27M->18M(31M) 1.726ms
[2025-04-17T09:23:12.013+0000][160.014s][info][gc,cpu         ] GC(1391) User=0.00s Sys=0.00s Real=0.00s
[2025-04-17T09:23:12.179+0000][160.180s][info][gc,start       ] GC(1392) Pause Young (Allocation Failure)
[2025-04-17T09:23:12.181+0000][160.181s][info][gc,heap        ] GC(1392) DefNew: 9227K(10176K)->151K(10176K) Eden: 9087K(9088K)->0K(9088K) From: 139K(1088K)->151K(1088K)
[2025-04-17T09:23:12.181+0000][160.181s][info][gc,heap        ] GC(1392) Tenured: 18515K(22464K)->18533K(22464K)
[2025-04-17T09:23:12.181+0000][160.181s][info][gc,metaspace   ] GC(1392) Metaspace: 37409K(37760K)->37409K(37760K) NonClass: 32983K(33152K)->32983K(33152K) Class: 4425K(4608K)->4425K(4608K)
[2025-04-17T09:23:12.181+0000][160.182s][info][gc             ] GC(1392) Pause Young (Allocation Failure) 27M->18M(31M) 1.551ms
[2025-04-17T09:23:12.181+0000][160.182s][info][gc,cpu         ] GC(1392) User=0.00s Sys=0.00s Real=0.00s
[2025-04-17T09:23:12.322+0000][160.323s][info][gc,start       ] GC(1393) Pause Young (Allocation Failure)
[2025-04-17T09:23:12.324+0000][160.324s][info][gc,heap        ] GC(1393) DefNew: 9239K(10176K)->126K(10176K) Eden: 9088K(9088K)->0K(9088K) From: 151K(1088K)->126K(1088K)
[2025-04-17T09:23:12.324+0000][160.324s][info][gc,heap        ] GC(1393) Tenured: 18533K(22464K)->18533K(22464K)
[2025-04-17T09:23:12.324+0000][160.324s][info][gc,metaspace   ] GC(1393) Metaspace: 37409K(37760K)->37409K(37760K) NonClass: 32983K(33152K)->32983K(33152K) Class: 4425K(4608K)->4425K(4608K)
[2025-04-17T09:23:12.324+0000][160.324s][info][gc             ] GC(1393) Pause Young (Allocation Failure) 27M->18M(31M) 1.601ms
[2025-04-17T09:23:12.324+0000][160.324s][info][gc,cpu         ] GC(1393) User=0.00s Sys=0.00s Real=0.00s
[2025-04-17T09:23:12.461+0000][160.461s][info][gc,start       ] GC(1394) Pause Young (Allocation Failure)
[2025-04-17T09:23:12.462+0000][160.463s][info][gc,heap        ] GC(1394) DefNew: 9214K(10176K)->111K(10176K) Eden: 9087K(9088K)->0K(9088K) From: 126K(1088K)->111K(1088K)
[2025-04-17T09:23:12.462+0000][160.463s][info][gc,heap        ] GC(1394) Tenured: 18533K(22464K)->18533K(22464K)
[2025-04-17T09:23:12.462+0000][160.463s][info][gc,metaspace   ] GC(1394) Metaspace: 37409K(37760K)->37409K(37760K) NonClass: 32983K(33152K)->32983K(33152K) Class: 4425K(4608K)->4425K(4608K)
[2025-04-17T09:23:12.462+0000][160.463s][info][gc             ] GC(1394) Pause Young (Allocation Failure) 27M->18M(31M) 1.600ms
[2025-04-17T09:23:12.462+0000][160.463s][info][gc,cpu         ] GC(1394) User=0.00s Sys=0.00s Real=0.00s
[2025-04-17T09:23:12.555+0000][160.556s][info][gc,start       ] GC(1395) Pause Young (Allocation Failure)
[2025-04-17T09:23:12.556+0000][160.557s][info][gc,heap        ] GC(1395) DefNew: 9199K(10176K)->126K(10176K) Eden: 9088K(9088K)->0K(9088K) From: 111K(1088K)->126K(1088K)
[2025-04-17T09:23:12.556+0000][160.557s][info][gc,heap        ] GC(1395) Tenured: 18533K(22464K)->18533K(22464K)
[2025-04-17T09:23:12.556+0000][160.557s][info][gc,metaspace   ] GC(1395) Metaspace: 37409K(37760K)->37409K(37760K) NonClass: 32983K(33152K)->32983K(33152K) Class: 4425K(4608K)->4425K(4608K)
[2025-04-17T09:23:12.556+0000][160.557s][info][gc             ] GC(1395) Pause Young (Allocation Failure) 27M->18M(31M) 1.466ms
[2025-04-17T09:23:12.556+0000][160.557s][info][gc,cpu         ] GC(1395) User=0.00s Sys=0.00s Real=0.00s
[2025-04-17T09:23:12.680+0000][160.681s][info][gc,start       ] GC(1396) Pause Young (Allocation Failure)
[2025-04-17T09:23:12.681+0000][160.682s][info][gc,heap        ] GC(1396) DefNew: 9214K(10176K)->108K(10176K) Eden: 9088K(9088K)->0K(9088K) From: 126K(1088K)->108K(1088K)
[2025-04-17T09:23:12.681+0000][160.682s][info][gc,heap        ] GC(1396) Tenured: 18533K(22464K)->18535K(22464K)
[2025-04-17T09:23:12.681+0000][160.682s][info][gc,metaspace   ] GC(1396) Metaspace: 37409K(37760K)->37409K(37760K) NonClass: 32983K(33152K)->32983K(33152K) Class: 4425K(4608K)->4425K(4608K)
[2025-04-17T09:23:12.681+0000][160.682s][info][gc             ] GC(1396) Pause Young (Allocation Failure) 27M->18M(31M) 1.490ms
[2025-04-17T09:23:12.681+0000][160.682s][info][gc,cpu         ] GC(1396) User=0.00s Sys=0.00s Real=0.00s
[2025-04-17T09:23:12.757+0000][160.757s][info][gc,start       ] GC(1397) Pause Young (Allocation Failure)
[2025-04-17T09:23:12.758+0000][160.759s][info][gc,heap        ] GC(1397) DefNew: 9196K(10176K)->123K(10176K) Eden: 9088K(9088K)->0K(9088K) From: 108K(1088K)->123K(1088K)
[2025-04-17T09:23:12.758+0000][160.759s][info][gc,heap        ] GC(1397) Tenured: 18535K(22464K)->18539K(22464K)
[2025-04-17T09:23:12.758+0000][160.759s][info][gc,metaspace   ] GC(1397) Metaspace: 37409K(37760K)->37409K(37760K) NonClass: 32983K(33152K)->32983K(33152K) Class: 4425K(4608K)->4425K(4608K)
[2025-04-17T09:23:12.758+0000][160.759s][info][gc             ] GC(1397) Pause Young (Allocation Failure) 27M->18M(31M) 1.514ms
[2025-04-17T09:23:12.758+0000][160.759s][info][gc,cpu         ] GC(1397) User=0.00s Sys=0.00s Real=0.00s
[2025-04-17T09:23:12.983+0000][160.983s][info][gc,start       ] GC(1398) Pause Young (Allocation Failure)
[2025-04-17T09:23:12.984+0000][160.985s][info][gc,heap        ] GC(1398) DefNew: 9211K(10176K)->139K(10176K) Eden: 9087K(9088K)->0K(9088K) From: 123K(1088K)->139K(1088K)
[2025-04-17T09:23:12.984+0000][160.985s][info][gc,heap        ] GC(1398) Tenured: 18539K(22464K)->18539K(22464K)
[2025-04-17T09:23:12.984+0000][160.985s][info][gc,metaspace   ] GC(1398) Metaspace: 37409K(37760K)->37409K(37760K) NonClass: 32983K(33152K)->32983K(33152K) Class: 4425K(4608K)->4425K(4608K)
[2025-04-17T09:23:12.984+0000][160.985s][info][gc             ] GC(1398) Pause Young (Allocation Failure) 27M->18M(31M) 1.590ms
[2025-04-17T09:23:12.984+0000][160.985s][info][gc,cpu         ] GC(1398) User=0.00s Sys=0.00s Real=0.01s
[2025-04-17T09:23:13.160+0000][161.160s][info][gc,start       ] GC(1399) Pause Young (Allocation Failure)
[2025-04-17T09:23:13.161+0000][161.162s][info][gc,heap        ] GC(1399) DefNew: 9227K(10176K)->128K(10176K) Eden: 9088K(9088K)->0K(9088K) From: 139K(1088K)->128K(1088K)
[2025-04-17T09:23:13.161+0000][161.162s][info][gc,heap        ] GC(1399) Tenured: 18539K(22464K)->18543K(22464K)
[2025-04-17T09:23:13.161+0000][161.162s][info][gc,metaspace   ] GC(1399) Metaspace: 37409K(37760K)->37409K(37760K) NonClass: 32984K(33152K)->32984K(33152K) Class: 4425K(4608K)->4425K(4608K)
[2025-04-17T09:23:13.161+0000][161.162s][info][gc             ] GC(1399) Pause Young (Allocation Failure) 27M->18M(31M) 1.590ms
[2025-04-17T09:23:13.161+0000][161.162s][info][gc,cpu         ] GC(1399) User=0.00s Sys=0.00s Real=0.00s
[2025-04-17T09:23:13.367+0000][161.367s][info][gc,start       ] GC(1400) Pause Young (Allocation Failure)
[2025-04-17T09:23:13.368+0000][161.369s][info][gc,heap        ] GC(1400) DefNew: 9216K(10176K)->128K(10176K) Eden: 9087K(9088K)->0K(9088K) From: 128K(1088K)->128K(1088K)
[2025-04-17T09:23:13.368+0000][161.369s][info][gc,heap        ] GC(1400) Tenured: 18543K(22464K)->18543K(22464K)
[2025-04-17T09:23:13.368+0000][161.369s][info][gc,metaspace   ] GC(1400) Metaspace: 37409K(37760K)->37409K(37760K) NonClass: 32984K(33152K)->32984K(33152K) Class: 4425K(4608K)->4425K(4608K)
[2025-04-17T09:23:13.368+0000][161.369s][info][gc             ] GC(1400) Pause Young (Allocation Failure) 27M->18M(31M) 1.467ms
[2025-04-17T09:23:13.368+0000][161.369s][info][gc,cpu         ] GC(1400) User=0.00s Sys=0.00s Real=0.00s
[2025-04-17T09:23:13.448+0000][161.449s][info][gc,start       ] GC(1401) Pause Young (Allocation Failure)
[2025-04-17T09:23:13.449+0000][161.450s][info][gc,heap        ] GC(1401) DefNew: 9214K(10176K)->132K(10176K) Eden: 9085K(9088K)->0K(9088K) From: 128K(1088K)->132K(1088K)
[2025-04-17T09:23:13.449+0000][161.450s][info][gc,heap        ] GC(1401) Tenured: 18543K(22464K)->18543K(22464K)
[2025-04-17T09:23:13.449+0000][161.450s][info][gc,metaspace   ] GC(1401) Metaspace: 37409K(37760K)->37409K(37760K) NonClass: 32984K(33152K)->32984K(33152K) Class: 4425K(4608K)->4425K(4608K)
[2025-04-17T09:23:13.450+0000][161.450s][info][gc             ] GC(1401) Pause Young (Allocation Failure) 27M->18M(31M) 1.466ms
[2025-04-17T09:23:13.450+0000][161.450s][info][gc,cpu         ] GC(1401) User=0.00s Sys=0.00s Real=0.00s
[2025-04-17T09:23:13.531+0000][161.531s][info][gc,start       ] GC(1402) Pause Young (Allocation Failure)
[2025-04-17T09:23:13.532+0000][161.533s][info][gc,heap        ] GC(1402) DefNew: 9220K(10176K)->149K(10176K) Eden: 9088K(9088K)->0K(9088K) From: 132K(1088K)->149K(1088K)
[2025-04-17T09:23:13.532+0000][161.533s][info][gc,heap        ] GC(1402) Tenured: 18543K(22464K)->18543K(22464K)
[2025-04-17T09:23:13.532+0000][161.533s][info][gc,metaspace   ] GC(1402) Metaspace: 37409K(37760K)->37409K(37760K) NonClass: 32984K(33152K)->32984K(33152K) Class: 4425K(4608K)->4425K(4608K)
[2025-04-17T09:23:13.532+0000][161.533s][info][gc             ] GC(1402) Pause Young (Allocation Failure) 27M->18M(31M) 1.523ms
[2025-04-17T09:23:13.532+0000][161.533s][info][gc,cpu         ] GC(1402) User=0.00s Sys=0.00s Real=0.00s
[2025-04-17T09:23:13.676+0000][161.676s][info][gc,start       ] GC(1403) Pause Young (Allocation Failure)
[2025-04-17T09:23:13.677+0000][161.678s][info][gc,heap        ] GC(1403) DefNew: 9235K(10176K)->147K(10176K) Eden: 9085K(9088K)->0K(9088K) From: 149K(1088K)->147K(1088K)
[2025-04-17T09:23:13.677+0000][161.678s][info][gc,heap        ] GC(1403) Tenured: 18543K(22464K)->18549K(22464K)
[2025-04-17T09:23:13.677+0000][161.678s][info][gc,metaspace   ] GC(1403) Metaspace: 37409K(37760K)->37409K(37760K) NonClass: 32984K(33152K)->32984K(33152K) Class: 4425K(4608K)->4425K(4608K)
[2025-04-17T09:23:13.677+0000][161.678s][info][gc             ] GC(1403) Pause Young (Allocation Failure) 27M->18M(31M) 1.544ms
[2025-04-17T09:23:13.677+0000][161.678s][info][gc,cpu         ] GC(1403) User=0.00s Sys=0.00s Real=0.00s
[2025-04-17T09:23:13.804+0000][161.804s][info][gc,start       ] GC(1404) Pause Young (Allocation Failure)
[2025-04-17T09:23:13.805+0000][161.806s][info][gc,heap        ] GC(1404) DefNew: 9235K(10176K)->133K(10176K) Eden: 9088K(9088K)->0K(9088K) From: 147K(1088K)->133K(1088K)
[2025-04-17T09:23:13.805+0000][161.806s][info][gc,heap        ] GC(1404) Tenured: 18549K(22464K)->18568K(22464K)
[2025-04-17T09:23:13.805+0000][161.806s][info][gc,metaspace   ] GC(1404) Metaspace: 37409K(37760K)->37409K(37760K) NonClass: 32984K(33152K)->32984K(33152K) Class: 4425K(4608K)->4425K(4608K)
[2025-04-17T09:23:13.805+0000][161.806s][info][gc             ] GC(1404) Pause Young (Allocation Failure) 27M->18M(31M) 1.668ms
[2025-04-17T09:23:13.805+0000][161.806s][info][gc,cpu         ] GC(1404) User=0.00s Sys=0.00s Real=0.01s
[2025-04-17T09:23:13.909+0000][161.910s][info][gc,start       ] GC(1405) Pause Young (Allocation Failure)
[2025-04-17T09:23:13.911+0000][161.911s][info][gc,heap        ] GC(1405) DefNew: 9218K(10176K)->117K(10176K) Eden: 9084K(9088K)->0K(9088K) From: 133K(1088K)->117K(1088K)
[2025-04-17T09:23:13.911+0000][161.911s][info][gc,heap        ] GC(1405) Tenured: 18568K(22464K)->18569K(22464K)
[2025-04-17T09:23:13.911+0000][161.911s][info][gc,metaspace   ] GC(1405) Metaspace: 37409K(37760K)->37409K(37760K) NonClass: 32984K(33152K)->32984K(33152K) Class: 4425K(4608K)->4425K(4608K)
[2025-04-17T09:23:13.911+0000][161.911s][info][gc             ] GC(1405) Pause Young (Allocation Failure) 27M->18M(31M) 1.572ms
[2025-04-17T09:23:13.911+0000][161.911s][info][gc,cpu         ] GC(1405) User=0.00s Sys=0.00s Real=0.00s
[2025-04-17T09:23:14.018+0000][162.018s][info][gc,start       ] GC(1406) Pause Young (Allocation Failure)
[2025-04-17T09:23:14.019+0000][162.020s][info][gc,heap        ] GC(1406) DefNew: 9205K(10176K)->124K(10176K) Eden: 9088K(9088K)->0K(9088K) From: 117K(1088K)->124K(1088K)
[2025-04-17T09:23:14.019+0000][162.020s][info][gc,heap        ] GC(1406) Tenured: 18569K(22464K)->18572K(22464K)
[2025-04-17T09:23:14.019+0000][162.020s][info][gc,metaspace   ] GC(1406) Metaspace: 37409K(37760K)->37409K(37760K) NonClass: 32984K(33152K)->32984K(33152K) Class: 4425K(4608K)->4425K(4608K)
[2025-04-17T09:23:14.019+0000][162.020s][info][gc             ] GC(1406) Pause Young (Allocation Failure) 27M->18M(31M) 1.531ms
[2025-04-17T09:23:14.019+0000][162.020s][info][gc,cpu         ] GC(1406) User=0.00s Sys=0.00s Real=0.00s
[2025-04-17T09:23:14.113+0000][162.113s][info][gc,start       ] GC(1407) Pause Young (Allocation Failure)
[2025-04-17T09:23:14.114+0000][162.115s][info][gc,heap        ] GC(1407) DefNew: 9212K(10176K)->106K(10176K) Eden: 9087K(9088K)->0K(9088K) From: 124K(1088K)->106K(1088K)
[2025-04-17T09:23:14.114+0000][162.115s][info][gc,heap        ] GC(1407) Tenured: 18572K(22464K)->18572K(22464K)
[2025-04-17T09:23:14.114+0000][162.115s][info][gc,metaspace   ] GC(1407) Metaspace: 37409K(37760K)->37409K(37760K) NonClass: 32984K(33152K)->32984K(33152K) Class: 4425K(4608K)->4425K(4608K)
[2025-04-17T09:23:14.114+0000][162.115s][info][gc             ] GC(1407) Pause Young (Allocation Failure) 27M->18M(31M) 1.451ms
[2025-04-17T09:23:14.114+0000][162.115s][info][gc,cpu         ] GC(1407) User=0.00s Sys=0.00s Real=0.01s
[2025-04-17T09:23:14.252+0000][162.253s][info][gc,start       ] GC(1408) Pause Young (Allocation Failure)
[2025-04-17T09:23:14.254+0000][162.254s][info][gc,heap        ] GC(1408) DefNew: 9194K(10176K)->133K(10176K) Eden: 9087K(9088K)->0K(9088K) From: 106K(1088K)->133K(1088K)
[2025-04-17T09:23:14.254+0000][162.254s][info][gc,heap        ] GC(1408) Tenured: 18572K(22464K)->18572K(22464K)
[2025-04-17T09:23:14.254+0000][162.254s][info][gc,metaspace   ] GC(1408) Metaspace: 37409K(37760K)->37409K(37760K) NonClass: 32984K(33152K)->32984K(33152K) Class: 4425K(4608K)->4425K(4608K)
[2025-04-17T09:23:14.254+0000][162.254s][info][gc             ] GC(1408) Pause Young (Allocation Failure) 27M->18M(31M) 1.420ms
[2025-04-17T09:23:14.254+0000][162.254s][info][gc,cpu         ] GC(1408) User=0.00s Sys=0.00s Real=0.00s
[2025-04-17T09:23:14.393+0000][162.394s][info][gc,start       ] GC(1409) Pause Young (Allocation Failure)
[2025-04-17T09:23:14.395+0000][162.395s][info][gc,heap        ] GC(1409) DefNew: 9221K(10176K)->127K(10176K) Eden: 9088K(9088K)->0K(9088K) From: 133K(1088K)->127K(1088K)
[2025-04-17T09:23:14.395+0000][162.395s][info][gc,heap        ] GC(1409) Tenured: 18572K(22464K)->18572K(22464K)
[2025-04-17T09:23:14.395+0000][162.396s][info][gc,metaspace   ] GC(1409) Metaspace: 37409K(37760K)->37409K(37760K) NonClass: 32984K(33152K)->32984K(33152K) Class: 4425K(4608K)->4425K(4608K)
[2025-04-17T09:23:14.395+0000][162.396s][info][gc             ] GC(1409) Pause Young (Allocation Failure) 27M->18M(31M) 1.431ms
[2025-04-17T09:23:14.395+0000][162.396s][info][gc,cpu         ] GC(1409) User=0.00s Sys=0.00s Real=0.01s
[2025-04-17T09:23:14.488+0000][162.489s][info][gc,start       ] GC(1410) Pause Young (Allocation Failure)
[2025-04-17T09:23:14.490+0000][162.490s][info][gc,heap        ] GC(1410) DefNew: 9214K(10176K)->133K(10176K) Eden: 9087K(9088K)->0K(9088K) From: 127K(1088K)->133K(1088K)
[2025-04-17T09:23:14.490+0000][162.490s][info][gc,heap        ] GC(1410) Tenured: 18572K(22464K)->18572K(22464K)
[2025-04-17T09:23:14.490+0000][162.490s][info][gc,metaspace   ] GC(1410) Metaspace: 37409K(37760K)->37409K(37760K) NonClass: 32984K(33152K)->32984K(33152K) Class: 4425K(4608K)->4425K(4608K)
[2025-04-17T09:23:14.490+0000][162.490s][info][gc             ] GC(1410) Pause Young (Allocation Failure) 27M->18M(31M) 1.483ms
[2025-04-17T09:23:14.490+0000][162.490s][info][gc,cpu         ] GC(1410) User=0.00s Sys=0.00s Real=0.00s
[2025-04-17T09:23:14.601+0000][162.602s][info][gc,start       ] GC(1411) Pause Young (Allocation Failure)
[2025-04-17T09:23:14.603+0000][162.603s][info][gc,heap        ] GC(1411) DefNew: 9221K(10176K)->125K(10176K) Eden: 9087K(9088K)->0K(9088K) From: 133K(1088K)->125K(1088K)
[2025-04-17T09:23:14.603+0000][162.603s][info][gc,heap        ] GC(1411) Tenured: 18572K(22464K)->18572K(22464K)
[2025-04-17T09:23:14.603+0000][162.603s][info][gc,metaspace   ] GC(1411) Metaspace: 37409K(37760K)->37409K(37760K) NonClass: 32984K(33152K)->32984K(33152K) Class: 4425K(4608K)->4425K(4608K)
[2025-04-17T09:23:14.603+0000][162.603s][info][gc             ] GC(1411) Pause Young (Allocation Failure) 27M->18M(31M) 1.556ms
[2025-04-17T09:23:14.603+0000][162.603s][info][gc,cpu         ] GC(1411) User=0.00s Sys=0.00s Real=0.00s
[2025-04-17T09:23:14.779+0000][162.780s][info][gc,start       ] GC(1412) Pause Young (Allocation Failure)
[2025-04-17T09:23:14.781+0000][162.781s][info][gc,heap        ] GC(1412) DefNew: 9213K(10176K)->140K(10176K) Eden: 9088K(9088K)->0K(9088K) From: 125K(1088K)->140K(1088K)
[2025-04-17T09:23:14.781+0000][162.781s][info][gc,heap        ] GC(1412) Tenured: 18572K(22464K)->18575K(22464K)
[2025-04-17T09:23:14.781+0000][162.781s][info][gc,metaspace   ] GC(1412) Metaspace: 37409K(37760K)->37409K(37760K) NonClass: 32984K(33152K)->32984K(33152K) Class: 4425K(4608K)->4425K(4608K)
[2025-04-17T09:23:14.781+0000][162.781s][info][gc             ] GC(1412) Pause Young (Allocation Failure) 27M->18M(31M) 1.513ms
[2025-04-17T09:23:14.781+0000][162.781s][info][gc,cpu         ] GC(1412) User=0.00s Sys=0.00s Real=0.00s
[2025-04-17T09:23:15.116+0000][163.117s][info][gc,start       ] GC(1413) Pause Young (Allocation Failure)
[2025-04-17T09:23:15.118+0000][163.119s][info][gc,heap        ] GC(1413) DefNew: 9228K(10176K)->133K(10176K) Eden: 9087K(9088K)->0K(9088K) From: 140K(1088K)->133K(1088K)
[2025-04-17T09:23:15.118+0000][163.119s][info][gc,heap        ] GC(1413) Tenured: 18575K(22464K)->18594K(22464K)
[2025-04-17T09:23:15.118+0000][163.119s][info][gc,metaspace   ] GC(1413) Metaspace: 37409K(37760K)->37409K(37760K) NonClass: 32984K(33152K)->32984K(33152K) Class: 4425K(4608K)->4425K(4608K)
[2025-04-17T09:23:15.118+0000][163.119s][info][gc             ] GC(1413) Pause Young (Allocation Failure) 27M->18M(31M) 1.664ms
[2025-04-17T09:23:15.118+0000][163.119s][info][gc,cpu         ] GC(1413) User=0.00s Sys=0.00s Real=0.00s
[2025-04-17T09:23:15.218+0000][163.219s][info][gc,start       ] GC(1414) Pause Young (Allocation Failure)
[2025-04-17T09:23:15.220+0000][163.220s][info][gc,heap        ] GC(1414) DefNew: 9221K(10176K)->136K(10176K) Eden: 9087K(9088K)->0K(9088K) From: 133K(1088K)->136K(1088K)
[2025-04-17T09:23:15.220+0000][163.220s][info][gc,heap        ] GC(1414) Tenured: 18594K(22464K)->18596K(22464K)
[2025-04-17T09:23:15.220+0000][163.220s][info][gc,metaspace   ] GC(1414) Metaspace: 37409K(37760K)->37409K(37760K) NonClass: 32984K(33152K)->32984K(33152K) Class: 4425K(4608K)->4425K(4608K)
[2025-04-17T09:23:15.220+0000][163.221s][info][gc             ] GC(1414) Pause Young (Allocation Failure) 27M->18M(31M) 1.459ms
[2025-04-17T09:23:15.220+0000][163.221s][info][gc,cpu         ] GC(1414) User=0.00s Sys=0.00s Real=0.00s
[2025-04-17T09:23:15.276+0000][163.277s][info][gc,start       ] GC(1415) Pause Young (Allocation Failure)
[2025-04-17T09:23:15.278+0000][163.278s][info][gc,heap        ] GC(1415) DefNew: 9224K(10176K)->115K(10176K) Eden: 9088K(9088K)->0K(9088K) From: 136K(1088K)->115K(1088K)
[2025-04-17T09:23:15.278+0000][163.278s][info][gc,heap        ] GC(1415) Tenured: 18596K(22464K)->18601K(22464K)
[2025-04-17T09:23:15.278+0000][163.278s][info][gc,metaspace   ] GC(1415) Metaspace: 37409K(37760K)->37409K(37760K) NonClass: 32984K(33152K)->32984K(33152K) Class: 4425K(4608K)->4425K(4608K)
[2025-04-17T09:23:15.278+0000][163.278s][info][gc             ] GC(1415) Pause Young (Allocation Failure) 27M->18M(31M) 1.468ms
[2025-04-17T09:23:15.278+0000][163.278s][info][gc,cpu         ] GC(1415) User=0.00s Sys=0.00s Real=0.00s
[2025-04-17T09:23:15.361+0000][163.362s][info][gc,start       ] GC(1416) Pause Young (Allocation Failure)
[2025-04-17T09:23:15.363+0000][163.363s][info][gc,heap        ] GC(1416) DefNew: 9203K(10176K)->136K(10176K) Eden: 9088K(9088K)->0K(9088K) From: 115K(1088K)->136K(1088K)
[2025-04-17T09:23:15.363+0000][163.363s][info][gc,heap        ] GC(1416) Tenured: 18601K(22464K)->18602K(22464K)
[2025-04-17T09:23:15.363+0000][163.363s][info][gc,metaspace   ] GC(1416) Metaspace: 37409K(37760K)->37409K(37760K) NonClass: 32984K(33152K)->32984K(33152K) Class: 4425K(4608K)->4425K(4608K)
[2025-04-17T09:23:15.363+0000][163.363s][info][gc             ] GC(1416) Pause Young (Allocation Failure) 27M->18M(31M) 1.443ms
[2025-04-17T09:23:15.363+0000][163.363s][info][gc,cpu         ] GC(1416) User=0.00s Sys=0.00s Real=0.00s
[2025-04-17T09:23:15.408+0000][163.408s][info][gc,start       ] GC(1417) Pause Young (Allocation Failure)
[2025-04-17T09:23:15.409+0000][163.410s][info][gc,heap        ] GC(1417) DefNew: 9222K(10176K)->137K(10176K) Eden: 9086K(9088K)->0K(9088K) From: 136K(1088K)->137K(1088K)
[2025-04-17T09:23:15.409+0000][163.410s][info][gc,heap        ] GC(1417) Tenured: 18602K(22464K)->18602K(22464K)
[2025-04-17T09:23:15.409+0000][163.410s][info][gc,metaspace   ] GC(1417) Metaspace: 37409K(37760K)->37409K(37760K) NonClass: 32984K(33152K)->32984K(33152K) Class: 4425K(4608K)->4425K(4608K)
[2025-04-17T09:23:15.409+0000][163.410s][info][gc             ] GC(1417) Pause Young (Allocation Failure) 27M->18M(31M) 1.430ms
[2025-04-17T09:23:15.409+0000][163.410s][info][gc,cpu         ] GC(1417) User=0.00s Sys=0.00s Real=0.00s
[2025-04-17T09:23:15.485+0000][163.486s][info][gc,start       ] GC(1418) Pause Young (Allocation Failure)
[2025-04-17T09:23:15.487+0000][163.487s][info][gc,heap        ] GC(1418) DefNew: 9225K(10176K)->134K(10176K) Eden: 9087K(9088K)->0K(9088K) From: 137K(1088K)->134K(1088K)
[2025-04-17T09:23:15.487+0000][163.487s][info][gc,heap        ] GC(1418) Tenured: 18602K(22464K)->18604K(22464K)
[2025-04-17T09:23:15.487+0000][163.487s][info][gc,metaspace   ] GC(1418) Metaspace: 37409K(37760K)->37409K(37760K) NonClass: 32984K(33152K)->32984K(33152K) Class: 4425K(4608K)->4425K(4608K)
[2025-04-17T09:23:15.487+0000][163.487s][info][gc             ] GC(1418) Pause Young (Allocation Failure) 27M->18M(31M) 1.550ms
[2025-04-17T09:23:15.487+0000][163.487s][info][gc,cpu         ] GC(1418) User=0.00s Sys=0.00s Real=0.00s
[2025-04-17T09:23:15.566+0000][163.566s][info][gc,start       ] GC(1419) Pause Young (Allocation Failure)
[2025-04-17T09:23:15.567+0000][163.568s][info][gc,heap        ] GC(1419) DefNew: 9222K(10176K)->112K(10176K) Eden: 9088K(9088K)->0K(9088K) From: 134K(1088K)->112K(1088K)
[2025-04-17T09:23:15.567+0000][163.568s][info][gc,heap        ] GC(1419) Tenured: 18604K(22464K)->18606K(22464K)
[2025-04-17T09:23:15.567+0000][163.568s][info][gc,metaspace   ] GC(1419) Metaspace: 37409K(37760K)->37409K(37760K) NonClass: 32984K(33152K)->32984K(33152K) Class: 4425K(4608K)->4425K(4608K)
[2025-04-17T09:23:15.567+0000][163.568s][info][gc             ] GC(1419) Pause Young (Allocation Failure) 27M->18M(31M) 1.479ms
[2025-04-17T09:23:15.567+0000][163.568s][info][gc,cpu         ] GC(1419) User=0.00s Sys=0.00s Real=0.00s
[2025-04-17T09:23:15.714+0000][163.715s][info][gc,start       ] GC(1420) Pause Young (Allocation Failure)
[2025-04-17T09:23:15.715+0000][163.716s][info][gc,heap        ] GC(1420) DefNew: 9200K(10176K)->124K(10176K) Eden: 9087K(9088K)->0K(9088K) From: 112K(1088K)->124K(1088K)
[2025-04-17T09:23:15.715+0000][163.716s][info][gc,heap        ] GC(1420) Tenured: 18606K(22464K)->18608K(22464K)
[2025-04-17T09:23:15.715+0000][163.716s][info][gc,metaspace   ] GC(1420) Metaspace: 37409K(37760K)->37409K(37760K) NonClass: 32984K(33152K)->32984K(33152K) Class: 4425K(4608K)->4425K(4608K)
[2025-04-17T09:23:15.715+0000][163.716s][info][gc             ] GC(1420) Pause Young (Allocation Failure) 27M->18M(31M) 1.380ms
[2025-04-17T09:23:15.715+0000][163.716s][info][gc,cpu         ] GC(1420) User=0.00s Sys=0.00s Real=0.01s
[2025-04-17T09:23:15.810+0000][163.811s][info][gc,start       ] GC(1421) Pause Young (Allocation Failure)
[2025-04-17T09:23:15.812+0000][163.812s][info][gc,heap        ] GC(1421) DefNew: 9212K(10176K)->109K(10176K) Eden: 9088K(9088K)->0K(9088K) From: 124K(1088K)->109K(1088K)
[2025-04-17T09:23:15.812+0000][163.812s][info][gc,heap        ] GC(1421) Tenured: 18608K(22464K)->18608K(22464K)
[2025-04-17T09:23:15.812+0000][163.812s][info][gc,metaspace   ] GC(1421) Metaspace: 37409K(37760K)->37409K(37760K) NonClass: 32984K(33152K)->32984K(33152K) Class: 4425K(4608K)->4425K(4608K)
[2025-04-17T09:23:15.812+0000][163.813s][info][gc             ] GC(1421) Pause Young (Allocation Failure) 27M->18M(31M) 1.419ms
[2025-04-17T09:23:15.812+0000][163.813s][info][gc,cpu         ] GC(1421) User=0.00s Sys=0.00s Real=0.00s
[2025-04-17T09:23:15.919+0000][163.919s][info][gc,start       ] GC(1422) Pause Young (Allocation Failure)
[2025-04-17T09:23:15.920+0000][163.921s][info][gc,heap        ] GC(1422) DefNew: 9196K(10176K)->124K(10176K) Eden: 9087K(9088K)->0K(9088K) From: 109K(1088K)->124K(1088K)
[2025-04-17T09:23:15.920+0000][163.921s][info][gc,heap        ] GC(1422) Tenured: 18608K(22464K)->18608K(22464K)
[2025-04-17T09:23:15.920+0000][163.921s][info][gc,metaspace   ] GC(1422) Metaspace: 37409K(37760K)->37409K(37760K) NonClass: 32984K(33152K)->32984K(33152K) Class: 4425K(4608K)->4425K(4608K)
[2025-04-17T09:23:15.920+0000][163.921s][info][gc             ] GC(1422) Pause Young (Allocation Failure) 27M->18M(31M) 1.427ms
[2025-04-17T09:23:15.920+0000][163.921s][info][gc,cpu         ] GC(1422) User=0.00s Sys=0.00s Real=0.00s
[2025-04-17T09:23:16.019+0000][164.020s][info][gc,start       ] GC(1423) Pause Young (Allocation Failure)
[2025-04-17T09:23:16.021+0000][164.021s][info][gc,heap        ] GC(1423) DefNew: 9212K(10176K)->96K(10176K) Eden: 9088K(9088K)->0K(9088K) From: 124K(1088K)->96K(1088K)
[2025-04-17T09:23:16.021+0000][164.021s][info][gc,heap        ] GC(1423) Tenured: 18608K(22464K)->18627K(22464K)
[2025-04-17T09:23:16.021+0000][164.021s][info][gc,metaspace   ] GC(1423) Metaspace: 37409K(37760K)->37409K(37760K) NonClass: 32984K(33152K)->32984K(33152K) Class: 4425K(4608K)->4425K(4608K)
[2025-04-17T09:23:16.021+0000][164.021s][info][gc             ] GC(1423) Pause Young (Allocation Failure) 27M->18M(31M) 1.448ms
[2025-04-17T09:23:16.021+0000][164.021s][info][gc,cpu         ] GC(1423) User=0.01s Sys=0.00s Real=0.00s
[2025-04-17T09:23:16.096+0000][164.096s][info][gc,start       ] GC(1424) Pause Young (Allocation Failure)
[2025-04-17T09:23:16.097+0000][164.098s][info][gc,heap        ] GC(1424) DefNew: 9184K(10176K)->93K(10176K) Eden: 9087K(9088K)->0K(9088K) From: 96K(1088K)->93K(1088K)
[2025-04-17T09:23:16.097+0000][164.098s][info][gc,heap        ] GC(1424) Tenured: 18627K(22464K)->18627K(22464K)
[2025-04-17T09:23:16.097+0000][164.098s][info][gc,metaspace   ] GC(1424) Metaspace: 37409K(37760K)->37409K(37760K) NonClass: 32984K(33152K)->32984K(33152K) Class: 4425K(4608K)->4425K(4608K)
[2025-04-17T09:23:16.097+0000][164.098s][info][gc             ] GC(1424) Pause Young (Allocation Failure) 27M->18M(31M) 1.553ms
[2025-04-17T09:23:16.097+0000][164.098s][info][gc,cpu         ] GC(1424) User=0.00s Sys=0.00s Real=0.00s
[2025-04-17T09:23:16.149+0000][164.150s][info][gc,start       ] GC(1425) Pause Young (Allocation Failure)
[2025-04-17T09:23:16.150+0000][164.151s][info][gc,heap        ] GC(1425) DefNew: 9181K(10176K)->80K(10176K) Eden: 9088K(9088K)->0K(9088K) From: 93K(1088K)->80K(1088K)
[2025-04-17T09:23:16.150+0000][164.151s][info][gc,heap        ] GC(1425) Tenured: 18627K(22464K)->18627K(22464K)
[2025-04-17T09:23:16.150+0000][164.151s][info][gc,metaspace   ] GC(1425) Metaspace: 37409K(37760K)->37409K(37760K) NonClass: 32984K(33152K)->32984K(33152K) Class: 4425K(4608K)->4425K(4608K)
[2025-04-17T09:23:16.150+0000][164.151s][info][gc             ] GC(1425) Pause Young (Allocation Failure) 27M->18M(31M) 1.352ms
[2025-04-17T09:23:16.150+0000][164.151s][info][gc,cpu         ] GC(1425) User=0.00s Sys=0.00s Real=0.00s
[2025-04-17T09:23:16.231+0000][164.232s][info][gc,start       ] GC(1426) Pause Young (Allocation Failure)
[2025-04-17T09:23:16.233+0000][164.233s][info][gc,heap        ] GC(1426) DefNew: 9168K(10176K)->111K(10176K) Eden: 9088K(9088K)->0K(9088K) From: 80K(1088K)->111K(1088K)
[2025-04-17T09:23:16.233+0000][164.233s][info][gc,heap        ] GC(1426) Tenured: 18627K(22464K)->18627K(22464K)
[2025-04-17T09:23:16.233+0000][164.233s][info][gc,metaspace   ] GC(1426) Metaspace: 37409K(37760K)->37409K(37760K) NonClass: 32984K(33152K)->32984K(33152K) Class: 4425K(4608K)->4425K(4608K)
[2025-04-17T09:23:16.233+0000][164.233s][info][gc             ] GC(1426) Pause Young (Allocation Failure) 27M->18M(31M) 1.527ms
[2025-04-17T09:23:16.233+0000][164.233s][info][gc,cpu         ] GC(1426) User=0.00s Sys=0.00s Real=0.00s
[2025-04-17T09:23:16.411+0000][164.412s][info][gc,start       ] GC(1427) Pause Young (Allocation Failure)
[2025-04-17T09:23:16.413+0000][164.413s][info][gc,heap        ] GC(1427) DefNew: 9199K(10176K)->157K(10176K) Eden: 9087K(9088K)->0K(9088K) From: 111K(1088K)->157K(1088K)
[2025-04-17T09:23:16.413+0000][164.413s][info][gc,heap        ] GC(1427) Tenured: 18627K(22464K)->18627K(22464K)
[2025-04-17T09:23:16.413+0000][164.413s][info][gc,metaspace   ] GC(1427) Metaspace: 37409K(37760K)->37409K(37760K) NonClass: 32984K(33152K)->32984K(33152K) Class: 4425K(4608K)->4425K(4608K)
[2025-04-17T09:23:16.413+0000][164.413s][info][gc             ] GC(1427) Pause Young (Allocation Failure) 27M->18M(31M) 1.516ms
[2025-04-17T09:23:16.413+0000][164.413s][info][gc,cpu         ] GC(1427) User=0.00s Sys=0.00s Real=0.00s
[2025-04-17T09:23:16.500+0000][164.500s][info][gc,start       ] GC(1428) Pause Young (Allocation Failure)
[2025-04-17T09:23:16.501+0000][164.502s][info][gc,heap        ] GC(1428) DefNew: 9245K(10176K)->90K(10176K) Eden: 9088K(9088K)->0K(9088K) From: 157K(1088K)->90K(1088K)
[2025-04-17T09:23:16.501+0000][164.502s][info][gc,heap        ] GC(1428) Tenured: 18627K(22464K)->18645K(22464K)
[2025-04-17T09:23:16.501+0000][164.502s][info][gc,metaspace   ] GC(1428) Metaspace: 37409K(37760K)->37409K(37760K) NonClass: 32984K(33152K)->32984K(33152K) Class: 4425K(4608K)->4425K(4608K)
[2025-04-17T09:23:16.501+0000][164.502s][info][gc             ] GC(1428) Pause Young (Allocation Failure) 27M->18M(31M) 1.446ms
[2025-04-17T09:23:16.501+0000][164.502s][info][gc,cpu         ] GC(1428) User=0.00s Sys=0.00s Real=0.00s
[2025-04-17T09:23:16.587+0000][164.588s][info][gc,start       ] GC(1429) Pause Young (Allocation Failure)
[2025-04-17T09:23:16.588+0000][164.589s][info][gc,heap        ] GC(1429) DefNew: 9178K(10176K)->126K(10176K) Eden: 9088K(9088K)->0K(9088K) From: 90K(1088K)->126K(1088K)
[2025-04-17T09:23:16.588+0000][164.589s][info][gc,heap        ] GC(1429) Tenured: 18645K(22464K)->18645K(22464K)
[2025-04-17T09:23:16.588+0000][164.589s][info][gc,metaspace   ] GC(1429) Metaspace: 37409K(37760K)->37409K(37760K) NonClass: 32984K(33152K)->32984K(33152K) Class: 4425K(4608K)->4425K(4608K)
[2025-04-17T09:23:16.588+0000][164.589s][info][gc             ] GC(1429) Pause Young (Allocation Failure) 27M->18M(31M) 1.449ms
[2025-04-17T09:23:16.588+0000][164.589s][info][gc,cpu         ] GC(1429) User=0.00s Sys=0.00s Real=0.00s
[2025-04-17T09:23:16.722+0000][164.722s][info][gc,start       ] GC(1430) Pause Young (Allocation Failure)
[2025-04-17T09:23:16.723+0000][164.724s][info][gc,heap        ] GC(1430) DefNew: 9214K(10176K)->103K(10176K) Eden: 9088K(9088K)->0K(9088K) From: 126K(1088K)->103K(1088K)
[2025-04-17T09:23:16.723+0000][164.724s][info][gc,heap        ] GC(1430) Tenured: 18645K(22464K)->18645K(22464K)
[2025-04-17T09:23:16.723+0000][164.724s][info][gc,metaspace   ] GC(1430) Metaspace: 37409K(37760K)->37409K(37760K) NonClass: 32984K(33152K)->32984K(33152K) Class: 4425K(4608K)->4425K(4608K)
[2025-04-17T09:23:16.723+0000][164.724s][info][gc             ] GC(1430) Pause Young (Allocation Failure) 27M->18M(31M) 1.459ms
[2025-04-17T09:23:16.723+0000][164.724s][info][gc,cpu         ] GC(1430) User=0.00s Sys=0.00s Real=0.00s
[2025-04-17T09:23:16.822+0000][164.823s][info][gc,start       ] GC(1431) Pause Young (Allocation Failure)
[2025-04-17T09:23:16.823+0000][164.824s][info][gc,heap        ] GC(1431) DefNew: 9191K(10176K)->107K(10176K) Eden: 9088K(9088K)->0K(9088K) From: 103K(1088K)->107K(1088K)
[2025-04-17T09:23:16.823+0000][164.824s][info][gc,heap        ] GC(1431) Tenured: 18645K(22464K)->18645K(22464K)
[2025-04-17T09:23:16.823+0000][164.824s][info][gc,metaspace   ] GC(1431) Metaspace: 37409K(37760K)->37409K(37760K) NonClass: 32984K(33152K)->32984K(33152K) Class: 4425K(4608K)->4425K(4608K)
[2025-04-17T09:23:16.823+0000][164.824s][info][gc             ] GC(1431) Pause Young (Allocation Failure) 27M->18M(31M) 1.412ms
[2025-04-17T09:23:16.823+0000][164.824s][info][gc,cpu         ] GC(1431) User=0.00s Sys=0.00s Real=0.00s
[2025-04-17T09:23:16.917+0000][164.918s][info][gc,start       ] GC(1432) Pause Young (Allocation Failure)
[2025-04-17T09:23:16.918+0000][164.919s][info][gc,heap        ] GC(1432) DefNew: 9195K(10176K)->110K(10176K) Eden: 9088K(9088K)->0K(9088K) From: 107K(1088K)->110K(1088K)
[2025-04-17T09:23:16.918+0000][164.919s][info][gc,heap        ] GC(1432) Tenured: 18645K(22464K)->18645K(22464K)
[2025-04-17T09:23:16.918+0000][164.919s][info][gc,metaspace   ] GC(1432) Metaspace: 37409K(37760K)->37409K(37760K) NonClass: 32984K(33152K)->32984K(33152K) Class: 4425K(4608K)->4425K(4608K)
[2025-04-17T09:23:16.918+0000][164.919s][info][gc             ] GC(1432) Pause Young (Allocation Failure) 27M->18M(31M) 1.375ms
[2025-04-17T09:23:16.918+0000][164.919s][info][gc,cpu         ] GC(1432) User=0.00s Sys=0.00s Real=0.00s
[2025-04-17T09:23:17.141+0000][165.142s][info][gc,start       ] GC(1433) Pause Young (Allocation Failure)
[2025-04-17T09:23:17.143+0000][165.143s][info][gc,heap        ] GC(1433) DefNew: 9198K(10176K)->116K(10176K) Eden: 9087K(9088K)->0K(9088K) From: 110K(1088K)->116K(1088K)
[2025-04-17T09:23:17.143+0000][165.143s][info][gc,heap        ] GC(1433) Tenured: 18645K(22464K)->18645K(22464K)
[2025-04-17T09:23:17.143+0000][165.143s][info][gc,metaspace   ] GC(1433) Metaspace: 37409K(37760K)->37409K(37760K) NonClass: 32984K(33152K)->32984K(33152K) Class: 4425K(4608K)->4425K(4608K)
[2025-04-17T09:23:17.143+0000][165.143s][info][gc             ] GC(1433) Pause Young (Allocation Failure) 27M->18M(31M) 1.409ms
[2025-04-17T09:23:17.143+0000][165.143s][info][gc,cpu         ] GC(1433) User=0.00s Sys=0.00s Real=0.00s
[2025-04-17T09:23:17.263+0000][165.264s][info][gc,start       ] GC(1434) Pause Young (Allocation Failure)
[2025-04-17T09:23:17.264+0000][165.265s][info][gc,heap        ] GC(1434) DefNew: 9204K(10176K)->130K(10176K) Eden: 9088K(9088K)->0K(9088K) From: 116K(1088K)->130K(1088K)
[2025-04-17T09:23:17.264+0000][165.265s][info][gc,heap        ] GC(1434) Tenured: 18645K(22464K)->18645K(22464K)
[2025-04-17T09:23:17.264+0000][165.265s][info][gc,metaspace   ] GC(1434) Metaspace: 37409K(37760K)->37409K(37760K) NonClass: 32984K(33152K)->32984K(33152K) Class: 4425K(4608K)->4425K(4608K)
[2025-04-17T09:23:17.264+0000][165.265s][info][gc             ] GC(1434) Pause Young (Allocation Failure) 27M->18M(31M) 1.388ms
[2025-04-17T09:23:17.264+0000][165.265s][info][gc,cpu         ] GC(1434) User=0.00s Sys=0.00s Real=0.01s
[2025-04-17T09:23:17.399+0000][165.400s][info][gc,start       ] GC(1435) Pause Young (Allocation Failure)
[2025-04-17T09:23:17.401+0000][165.401s][info][gc,heap        ] GC(1435) DefNew: 9218K(10176K)->127K(10176K) Eden: 9088K(9088K)->0K(9088K) From: 130K(1088K)->127K(1088K)
[2025-04-17T09:23:17.401+0000][165.401s][info][gc,heap        ] GC(1435) Tenured: 18645K(22464K)->18645K(22464K)
[2025-04-17T09:23:17.401+0000][165.401s][info][gc,metaspace   ] GC(1435) Metaspace: 37409K(37760K)->37409K(37760K) NonClass: 32984K(33152K)->32984K(33152K) Class: 4425K(4608K)->4425K(4608K)
[2025-04-17T09:23:17.401+0000][165.401s][info][gc             ] GC(1435) Pause Young (Allocation Failure) 27M->18M(31M) 1.435ms
[2025-04-17T09:23:17.401+0000][165.401s][info][gc,cpu         ] GC(1435) User=0.01s Sys=0.00s Real=0.00s
[2025-04-17T09:23:17.532+0000][165.533s][info][gc,start       ] GC(1436) Pause Young (Allocation Failure)
[2025-04-17T09:23:17.533+0000][165.534s][info][gc,heap        ] GC(1436) DefNew: 9215K(10176K)->149K(10176K) Eden: 9087K(9088K)->0K(9088K) From: 127K(1088K)->149K(1088K)
[2025-04-17T09:23:17.533+0000][165.534s][info][gc,heap        ] GC(1436) Tenured: 18645K(22464K)->18645K(22464K)
[2025-04-17T09:23:17.533+0000][165.534s][info][gc,metaspace   ] GC(1436) Metaspace: 37409K(37760K)->37409K(37760K) NonClass: 32984K(33152K)->32984K(33152K) Class: 4425K(4608K)->4425K(4608K)
[2025-04-17T09:23:17.533+0000][165.534s][info][gc             ] GC(1436) Pause Young (Allocation Failure) 27M->18M(31M) 1.449ms
[2025-04-17T09:23:17.533+0000][165.534s][info][gc,cpu         ] GC(1436) User=0.00s Sys=0.00s Real=0.00s
[2025-04-17T09:23:17.693+0000][165.694s][info][gc,start       ] GC(1437) Pause Young (Allocation Failure)
[2025-04-17T09:23:17.695+0000][165.695s][info][gc,heap        ] GC(1437) DefNew: 9237K(10176K)->117K(10176K) Eden: 9088K(9088K)->0K(9088K) From: 149K(1088K)->117K(1088K)
[2025-04-17T09:23:17.695+0000][165.695s][info][gc,heap        ] GC(1437) Tenured: 18645K(22464K)->18645K(22464K)
[2025-04-17T09:23:17.695+0000][165.695s][info][gc,metaspace   ] GC(1437) Metaspace: 37409K(37760K)->37409K(37760K) NonClass: 32984K(33152K)->32984K(33152K) Class: 4425K(4608K)->4425K(4608K)
[2025-04-17T09:23:17.695+0000][165.695s][info][gc             ] GC(1437) Pause Young (Allocation Failure) 27M->18M(31M) 1.408ms
[2025-04-17T09:23:17.695+0000][165.696s][info][gc,cpu         ] GC(1437) User=0.00s Sys=0.00s Real=0.01s
[2025-04-17T09:23:17.774+0000][165.775s][info][gc,start       ] GC(1438) Pause Young (Allocation Failure)
[2025-04-17T09:23:17.775+0000][165.776s][info][gc,heap        ] GC(1438) DefNew: 9205K(10176K)->124K(10176K) Eden: 9087K(9088K)->0K(9088K) From: 117K(1088K)->124K(1088K)
[2025-04-17T09:23:17.775+0000][165.776s][info][gc,heap        ] GC(1438) Tenured: 18645K(22464K)->18645K(22464K)
[2025-04-17T09:23:17.775+0000][165.776s][info][gc,metaspace   ] GC(1438) Metaspace: 37409K(37760K)->37409K(37760K) NonClass: 32984K(33152K)->32984K(33152K) Class: 4425K(4608K)->4425K(4608K)
[2025-04-17T09:23:17.776+0000][165.776s][info][gc             ] GC(1438) Pause Young (Allocation Failure) 27M->18M(31M) 1.345ms
[2025-04-17T09:23:17.776+0000][165.776s][info][gc,cpu         ] GC(1438) User=0.00s Sys=0.00s Real=0.00s
[2025-04-17T09:23:17.938+0000][165.938s][info][gc,start       ] GC(1439) Pause Young (Allocation Failure)
[2025-04-17T09:23:17.939+0000][165.940s][info][gc,heap        ] GC(1439) DefNew: 9212K(10176K)->118K(10176K) Eden: 9087K(9088K)->0K(9088K) From: 124K(1088K)->118K(1088K)
[2025-04-17T09:23:17.939+0000][165.940s][info][gc,heap        ] GC(1439) Tenured: 18645K(22464K)->18647K(22464K)
[2025-04-17T09:23:17.939+0000][165.940s][info][gc,metaspace   ] GC(1439) Metaspace: 37409K(37760K)->37409K(37760K) NonClass: 32984K(33152K)->32984K(33152K) Class: 4425K(4608K)->4425K(4608K)
[2025-04-17T09:23:17.939+0000][165.940s][info][gc             ] GC(1439) Pause Young (Allocation Failure) 27M->18M(31M) 1.461ms
[2025-04-17T09:23:17.939+0000][165.940s][info][gc,cpu         ] GC(1439) User=0.00s Sys=0.00s Real=0.00s
[2025-04-17T09:23:18.022+0000][166.023s][info][gc,start       ] GC(1440) Pause Young (Allocation Failure)
[2025-04-17T09:23:18.023+0000][166.024s][info][gc,heap        ] GC(1440) DefNew: 9206K(10176K)->137K(10176K) Eden: 9087K(9088K)->0K(9088K) From: 118K(1088K)->137K(1088K)
[2025-04-17T09:23:18.023+0000][166.024s][info][gc,heap        ] GC(1440) Tenured: 18647K(22464K)->18648K(22464K)
[2025-04-17T09:23:18.023+0000][166.024s][info][gc,metaspace   ] GC(1440) Metaspace: 37409K(37760K)->37409K(37760K) NonClass: 32984K(33152K)->32984K(33152K) Class: 4425K(4608K)->4425K(4608K)
[2025-04-17T09:23:18.023+0000][166.024s][info][gc             ] GC(1440) Pause Young (Allocation Failure) 27M->18M(31M) 1.442ms
[2025-04-17T09:23:18.023+0000][166.024s][info][gc,cpu         ] GC(1440) User=0.01s Sys=0.00s Real=0.00s
[2025-04-17T09:23:18.130+0000][166.130s][info][gc,start       ] GC(1441) Pause Young (Allocation Failure)
[2025-04-17T09:23:18.131+0000][166.132s][info][gc,heap        ] GC(1441) DefNew: 9225K(10176K)->115K(10176K) Eden: 9088K(9088K)->0K(9088K) From: 137K(1088K)->115K(1088K)
[2025-04-17T09:23:18.131+0000][166.132s][info][gc,heap        ] GC(1441) Tenured: 18648K(22464K)->18648K(22464K)
[2025-04-17T09:23:18.131+0000][166.132s][info][gc,metaspace   ] GC(1441) Metaspace: 37409K(37760K)->37409K(37760K) NonClass: 32984K(33152K)->32984K(33152K) Class: 4425K(4608K)->4425K(4608K)
[2025-04-17T09:23:18.131+0000][166.132s][info][gc             ] GC(1441) Pause Young (Allocation Failure) 27M->18M(31M) 1.416ms
[2025-04-17T09:23:18.131+0000][166.132s][info][gc,cpu         ] GC(1441) User=0.00s Sys=0.00s Real=0.00s
[2025-04-17T09:23:18.293+0000][166.294s][info][gc,start       ] GC(1442) Pause Young (Allocation Failure)
[2025-04-17T09:23:18.295+0000][166.295s][info][gc,heap        ] GC(1442) DefNew: 9203K(10176K)->104K(10176K) Eden: 9087K(9088K)->0K(9088K) From: 115K(1088K)->104K(1088K)
[2025-04-17T09:23:18.295+0000][166.295s][info][gc,heap        ] GC(1442) Tenured: 18648K(22464K)->18666K(22464K)
[2025-04-17T09:23:18.295+0000][166.295s][info][gc,metaspace   ] GC(1442) Metaspace: 37409K(37760K)->37409K(37760K) NonClass: 32984K(33152K)->32984K(33152K) Class: 4425K(4608K)->4425K(4608K)
[2025-04-17T09:23:18.295+0000][166.295s][info][gc             ] GC(1442) Pause Young (Allocation Failure) 27M->18M(31M) 1.389ms
[2025-04-17T09:23:18.295+0000][166.295s][info][gc,cpu         ] GC(1442) User=0.00s Sys=0.00s Real=0.01s
[2025-04-17T09:23:18.395+0000][166.395s][info][gc,start       ] GC(1443) Pause Young (Allocation Failure)
[2025-04-17T09:23:18.396+0000][166.397s][info][gc,heap        ] GC(1443) DefNew: 9192K(10176K)->178K(10176K) Eden: 9088K(9088K)->0K(9088K) From: 104K(1088K)->178K(1088K)
[2025-04-17T09:23:18.396+0000][166.397s][info][gc,heap        ] GC(1443) Tenured: 18666K(22464K)->18666K(22464K)
[2025-04-17T09:23:18.396+0000][166.397s][info][gc,metaspace   ] GC(1443) Metaspace: 37409K(37760K)->37409K(37760K) NonClass: 32984K(33152K)->32984K(33152K) Class: 4425K(4608K)->4425K(4608K)
[2025-04-17T09:23:18.396+0000][166.397s][info][gc             ] GC(1443) Pause Young (Allocation Failure) 27M->18M(31M) 1.422ms
[2025-04-17T09:23:18.396+0000][166.397s][info][gc,cpu         ] GC(1443) User=0.00s Sys=0.00s Real=0.00s
[2025-04-17T09:23:18.565+0000][166.565s][info][gc,start       ] GC(1444) Pause Young (Allocation Failure)
[2025-04-17T09:23:18.566+0000][166.566s][info][gc,heap        ] GC(1444) DefNew: 9266K(10176K)->154K(10176K) Eden: 9087K(9088K)->0K(9088K) From: 178K(1088K)->154K(1088K)
[2025-04-17T09:23:18.566+0000][166.567s][info][gc,heap        ] GC(1444) Tenured: 18666K(22464K)->18666K(22464K)
[2025-04-17T09:23:18.566+0000][166.567s][info][gc,metaspace   ] GC(1444) Metaspace: 37409K(37760K)->37409K(37760K) NonClass: 32984K(33152K)->32984K(33152K) Class: 4425K(4608K)->4425K(4608K)
[2025-04-17T09:23:18.566+0000][166.567s][info][gc             ] GC(1444) Pause Young (Allocation Failure) 27M->18M(31M) 1.390ms
[2025-04-17T09:23:18.566+0000][166.567s][info][gc,cpu         ] GC(1444) User=0.00s Sys=0.00s Real=0.00s
[2025-04-17T09:23:18.702+0000][166.703s][info][gc,start       ] GC(1445) Pause Young (Allocation Failure)
[2025-04-17T09:23:18.704+0000][166.704s][info][gc,heap        ] GC(1445) DefNew: 9242K(10176K)->202K(10176K) Eden: 9087K(9088K)->0K(9088K) From: 154K(1088K)->202K(1088K)
[2025-04-17T09:23:18.704+0000][166.704s][info][gc,heap        ] GC(1445) Tenured: 18666K(22464K)->18667K(22464K)
[2025-04-17T09:23:18.704+0000][166.704s][info][gc,metaspace   ] GC(1445) Metaspace: 37409K(37760K)->37409K(37760K) NonClass: 32984K(33152K)->32984K(33152K) Class: 4425K(4608K)->4425K(4608K)
[2025-04-17T09:23:18.704+0000][166.704s][info][gc             ] GC(1445) Pause Young (Allocation Failure) 27M->18M(31M) 1.512ms
[2025-04-17T09:23:18.704+0000][166.704s][info][gc,cpu         ] GC(1445) User=0.00s Sys=0.00s Real=0.00s
[2025-04-17T09:23:18.821+0000][166.822s][info][gc,start       ] GC(1446) Pause Young (Allocation Failure)
[2025-04-17T09:23:18.823+0000][166.823s][info][gc,heap        ] GC(1446) DefNew: 9290K(10176K)->160K(10176K) Eden: 9088K(9088K)->0K(9088K) From: 202K(1088K)->160K(1088K)
[2025-04-17T09:23:18.823+0000][166.823s][info][gc,heap        ] GC(1446) Tenured: 18667K(22464K)->18667K(22464K)
[2025-04-17T09:23:18.823+0000][166.823s][info][gc,metaspace   ] GC(1446) Metaspace: 37409K(37760K)->37409K(37760K) NonClass: 32984K(33152K)->32984K(33152K) Class: 4425K(4608K)->4425K(4608K)
[2025-04-17T09:23:18.823+0000][166.823s][info][gc             ] GC(1446) Pause Young (Allocation Failure) 27M->18M(31M) 1.493ms
[2025-04-17T09:23:18.823+0000][166.823s][info][gc,cpu         ] GC(1446) User=0.00s Sys=0.00s Real=0.00s
[2025-04-17T09:23:19.022+0000][167.023s][info][gc,start       ] GC(1447) Pause Young (Allocation Failure)
[2025-04-17T09:23:19.024+0000][167.024s][info][gc,heap        ] GC(1447) DefNew: 9248K(10176K)->184K(10176K) Eden: 9087K(9088K)->0K(9088K) From: 160K(1088K)->184K(1088K)
[2025-04-17T09:23:19.024+0000][167.024s][info][gc,heap        ] GC(1447) Tenured: 18667K(22464K)->18668K(22464K)
[2025-04-17T09:23:19.024+0000][167.024s][info][gc,metaspace   ] GC(1447) Metaspace: 37409K(37760K)->37409K(37760K) NonClass: 32984K(33152K)->32984K(33152K) Class: 4425K(4608K)->4425K(4608K)
[2025-04-17T09:23:19.024+0000][167.024s][info][gc             ] GC(1447) Pause Young (Allocation Failure) 27M->18M(31M) 1.674ms
[2025-04-17T09:23:19.024+0000][167.024s][info][gc,cpu         ] GC(1447) User=0.00s Sys=0.00s Real=0.00s
[2025-04-17T09:23:19.147+0000][167.147s][info][gc,start       ] GC(1448) Pause Young (Allocation Failure)
[2025-04-17T09:23:19.148+0000][167.149s][info][gc,heap        ] GC(1448) DefNew: 9263K(10176K)->160K(10176K) Eden: 9078K(9088K)->0K(9088K) From: 184K(1088K)->160K(1088K)
[2025-04-17T09:23:19.148+0000][167.149s][info][gc,heap        ] GC(1448) Tenured: 18668K(22464K)->18684K(22464K)
[2025-04-17T09:23:19.148+0000][167.149s][info][gc,metaspace   ] GC(1448) Metaspace: 37409K(37760K)->37409K(37760K) NonClass: 32984K(33152K)->32984K(33152K) Class: 4425K(4608K)->4425K(4608K)
[2025-04-17T09:23:19.148+0000][167.149s][info][gc             ] GC(1448) Pause Young (Allocation Failure) 27M->18M(31M) 1.390ms
[2025-04-17T09:23:19.148+0000][167.149s][info][gc,cpu         ] GC(1448) User=0.00s Sys=0.00s Real=0.00s
[2025-04-17T09:23:19.310+0000][167.311s][info][gc,start       ] GC(1449) Pause Young (Allocation Failure)
[2025-04-17T09:23:19.312+0000][167.312s][info][gc,heap        ] GC(1449) DefNew: 9248K(10176K)->140K(10176K) Eden: 9087K(9088K)->0K(9088K) From: 160K(1088K)->140K(1088K)
[2025-04-17T09:23:19.312+0000][167.312s][info][gc,heap        ] GC(1449) Tenured: 18684K(22464K)->18684K(22464K)
[2025-04-17T09:23:19.312+0000][167.312s][info][gc,metaspace   ] GC(1449) Metaspace: 37409K(37760K)->37409K(37760K) NonClass: 32984K(33152K)->32984K(33152K) Class: 4425K(4608K)->4425K(4608K)
[2025-04-17T09:23:19.312+0000][167.312s][info][gc             ] GC(1449) Pause Young (Allocation Failure) 27M->18M(31M) 1.376ms
[2025-04-17T09:23:19.312+0000][167.312s][info][gc,cpu         ] GC(1449) User=0.00s Sys=0.00s Real=0.00s
[2025-04-17T09:23:19.449+0000][167.450s][info][gc,start       ] GC(1450) Pause Young (Allocation Failure)
[2025-04-17T09:23:19.451+0000][167.451s][info][gc,heap        ] GC(1450) DefNew: 9228K(10176K)->153K(10176K) Eden: 9088K(9088K)->0K(9088K) From: 140K(1088K)->153K(1088K)
[2025-04-17T09:23:19.451+0000][167.451s][info][gc,heap        ] GC(1450) Tenured: 18684K(22464K)->18684K(22464K)
[2025-04-17T09:23:19.451+0000][167.451s][info][gc,metaspace   ] GC(1450) Metaspace: 37409K(37760K)->37409K(37760K) NonClass: 32984K(33152K)->32984K(33152K) Class: 4425K(4608K)->4425K(4608K)
[2025-04-17T09:23:19.451+0000][167.451s][info][gc             ] GC(1450) Pause Young (Allocation Failure) 27M->18M(31M) 1.513ms
[2025-04-17T09:23:19.451+0000][167.451s][info][gc,cpu         ] GC(1450) User=0.00s Sys=0.00s Real=0.00s
[2025-04-17T09:23:19.487+0000][167.488s][info][gc,start       ] GC(1451) Pause Young (Allocation Failure)
[2025-04-17T09:23:19.489+0000][167.489s][info][gc,heap        ] GC(1451) DefNew: 9241K(10176K)->208K(10176K) Eden: 9087K(9088K)->0K(9088K) From: 153K(1088K)->208K(1088K)
[2025-04-17T09:23:19.489+0000][167.489s][info][gc,heap        ] GC(1451) Tenured: 18684K(22464K)->18687K(22464K)
[2025-04-17T09:23:19.489+0000][167.489s][info][gc,metaspace   ] GC(1451) Metaspace: 37409K(37760K)->37409K(37760K) NonClass: 32984K(33152K)->32984K(33152K) Class: 4425K(4608K)->4425K(4608K)
[2025-04-17T09:23:19.489+0000][167.489s][info][gc             ] GC(1451) Pause Young (Allocation Failure) 27M->18M(31M) 1.486ms
[2025-04-17T09:23:19.489+0000][167.489s][info][gc,cpu         ] GC(1451) User=0.00s Sys=0.00s Real=0.00s
[2025-04-17T09:23:19.614+0000][167.614s][info][gc,start       ] GC(1452) Pause Young (Allocation Failure)
[2025-04-17T09:23:19.615+0000][167.616s][info][gc,heap        ] GC(1452) DefNew: 9296K(10176K)->151K(10176K) Eden: 9088K(9088K)->0K(9088K) From: 208K(1088K)->151K(1088K)
[2025-04-17T09:23:19.615+0000][167.616s][info][gc,heap        ] GC(1452) Tenured: 18687K(22464K)->18687K(22464K)
[2025-04-17T09:23:19.615+0000][167.616s][info][gc,metaspace   ] GC(1452) Metaspace: 37409K(37760K)->37409K(37760K) NonClass: 32984K(33152K)->32984K(33152K) Class: 4425K(4608K)->4425K(4608K)
[2025-04-17T09:23:19.615+0000][167.616s][info][gc             ] GC(1452) Pause Young (Allocation Failure) 27M->18M(31M) 1.501ms
[2025-04-17T09:23:19.615+0000][167.616s][info][gc,cpu         ] GC(1452) User=0.00s Sys=0.00s Real=0.01s
[2025-04-17T09:23:19.738+0000][167.739s][info][gc,start       ] GC(1453) Pause Young (Allocation Failure)
[2025-04-17T09:23:19.739+0000][167.740s][info][gc,heap        ] GC(1453) DefNew: 9239K(10176K)->150K(10176K) Eden: 9088K(9088K)->0K(9088K) From: 151K(1088K)->150K(1088K)
[2025-04-17T09:23:19.739+0000][167.740s][info][gc,heap        ] GC(1453) Tenured: 18687K(22464K)->18687K(22464K)
[2025-04-17T09:23:19.739+0000][167.740s][info][gc,metaspace   ] GC(1453) Metaspace: 37409K(37760K)->37409K(37760K) NonClass: 32984K(33152K)->32984K(33152K) Class: 4425K(4608K)->4425K(4608K)
[2025-04-17T09:23:19.740+0000][167.740s][info][gc             ] GC(1453) Pause Young (Allocation Failure) 27M->18M(31M) 1.406ms
[2025-04-17T09:23:19.740+0000][167.740s][info][gc,cpu         ] GC(1453) User=0.01s Sys=0.00s Real=0.00s
[2025-04-17T09:23:19.893+0000][167.894s][info][gc,start       ] GC(1454) Pause Young (Allocation Failure)
[2025-04-17T09:23:19.895+0000][167.896s][info][gc,heap        ] GC(1454) DefNew: 9238K(10176K)->168K(10176K) Eden: 9087K(9088K)->0K(9088K) From: 150K(1088K)->168K(1088K)
[2025-04-17T09:23:19.895+0000][167.896s][info][gc,heap        ] GC(1454) Tenured: 18687K(22464K)->18688K(22464K)
[2025-04-17T09:23:19.895+0000][167.896s][info][gc,metaspace   ] GC(1454) Metaspace: 37409K(37760K)->37409K(37760K) NonClass: 32984K(33152K)->32984K(33152K) Class: 4425K(4608K)->4425K(4608K)
[2025-04-17T09:23:19.895+0000][167.896s][info][gc             ] GC(1454) Pause Young (Allocation Failure) 27M->18M(31M) 1.479ms
[2025-04-17T09:23:19.895+0000][167.896s][info][gc,cpu         ] GC(1454) User=0.00s Sys=0.00s Real=0.01s
[2025-04-17T09:23:20.048+0000][168.049s][info][gc,start       ] GC(1455) Pause Young (Allocation Failure)
[2025-04-17T09:23:20.050+0000][168.050s][info][gc,heap        ] GC(1455) DefNew: 9248K(10176K)->153K(10176K) Eden: 9079K(9088K)->0K(9088K) From: 168K(1088K)->153K(1088K)
[2025-04-17T09:23:20.050+0000][168.050s][info][gc,heap        ] GC(1455) Tenured: 18688K(22464K)->18688K(22464K)
[2025-04-17T09:23:20.050+0000][168.050s][info][gc,metaspace   ] GC(1455) Metaspace: 37409K(37760K)->37409K(37760K) NonClass: 32984K(33152K)->32984K(33152K) Class: 4425K(4608K)->4425K(4608K)
[2025-04-17T09:23:20.050+0000][168.050s][info][gc             ] GC(1455) Pause Young (Allocation Failure) 27M->18M(31M) 1.427ms
[2025-04-17T09:23:20.050+0000][168.051s][info][gc,cpu         ] GC(1455) User=0.00s Sys=0.00s Real=0.00s
[2025-04-17T09:23:20.093+0000][168.094s][info][gc,start       ] GC(1456) Pause Young (Allocation Failure)
[2025-04-17T09:23:20.095+0000][168.095s][info][gc,heap        ] GC(1456) DefNew: 9241K(10176K)->157K(10176K) Eden: 9088K(9088K)->0K(9088K) From: 153K(1088K)->157K(1088K)
[2025-04-17T09:23:20.095+0000][168.095s][info][gc,heap        ] GC(1456) Tenured: 18688K(22464K)->18688K(22464K)
[2025-04-17T09:23:20.095+0000][168.095s][info][gc,metaspace   ] GC(1456) Metaspace: 37409K(37760K)->37409K(37760K) NonClass: 32984K(33152K)->32984K(33152K) Class: 4425K(4608K)->4425K(4608K)
[2025-04-17T09:23:20.095+0000][168.095s][info][gc             ] GC(1456) Pause Young (Allocation Failure) 27M->18M(31M) 1.413ms
[2025-04-17T09:23:20.095+0000][168.095s][info][gc,cpu         ] GC(1456) User=0.00s Sys=0.00s Real=0.01s
[2025-04-17T09:23:20.133+0000][168.134s][info][gc,start       ] GC(1457) Pause Young (Allocation Failure)
[2025-04-17T09:23:20.135+0000][168.135s][info][gc,heap        ] GC(1457) DefNew: 9245K(10176K)->149K(10176K) Eden: 9088K(9088K)->0K(9088K) From: 157K(1088K)->149K(1088K)
[2025-04-17T09:23:20.135+0000][168.135s][info][gc,heap        ] GC(1457) Tenured: 18688K(22464K)->18696K(22464K)
[2025-04-17T09:23:20.135+0000][168.135s][info][gc,metaspace   ] GC(1457) Metaspace: 37409K(37760K)->37409K(37760K) NonClass: 32984K(33152K)->32984K(33152K) Class: 4425K(4608K)->4425K(4608K)
[2025-04-17T09:23:20.135+0000][168.135s][info][gc             ] GC(1457) Pause Young (Allocation Failure) 27M->18M(31M) 1.389ms
[2025-04-17T09:23:20.135+0000][168.135s][info][gc,cpu         ] GC(1457) User=0.00s Sys=0.00s Real=0.01s
[2025-04-17T09:23:20.162+0000][168.163s][info][gc,start       ] GC(1458) Pause Young (Allocation Failure)
[2025-04-17T09:23:20.163+0000][168.164s][info][gc,heap        ] GC(1458) DefNew: 9226K(10176K)->107K(10176K) Eden: 9076K(9088K)->0K(9088K) From: 149K(1088K)->107K(1088K)
[2025-04-17T09:23:20.163+0000][168.164s][info][gc,heap        ] GC(1458) Tenured: 18696K(22464K)->18750K(22464K)
[2025-04-17T09:23:20.163+0000][168.164s][info][gc,metaspace   ] GC(1458) Metaspace: 37409K(37760K)->37409K(37760K) NonClass: 32984K(33152K)->32984K(33152K) Class: 4425K(4608K)->4425K(4608K)
[2025-04-17T09:23:20.163+0000][168.164s][info][gc             ] GC(1458) Pause Young (Allocation Failure) 27M->18M(31M) 1.370ms
[2025-04-17T09:23:20.163+0000][168.164s][info][gc,cpu         ] GC(1458) User=0.00s Sys=0.00s Real=0.00s
[2025-04-17T09:23:20.271+0000][168.272s][info][gc,start       ] GC(1459) Pause Young (Allocation Failure)
[2025-04-17T09:23:20.273+0000][168.274s][info][gc,heap        ] GC(1459) DefNew: 9195K(10176K)->123K(10176K) Eden: 9088K(9088K)->0K(9088K) From: 107K(1088K)->123K(1088K)
[2025-04-17T09:23:20.273+0000][168.274s][info][gc,heap        ] GC(1459) Tenured: 18750K(22464K)->18750K(22464K)
[2025-04-17T09:23:20.273+0000][168.274s][info][gc,metaspace   ] GC(1459) Metaspace: 37409K(37760K)->37409K(37760K) NonClass: 32984K(33152K)->32984K(33152K) Class: 4425K(4608K)->4425K(4608K)
[2025-04-17T09:23:20.273+0000][168.274s][info][gc             ] GC(1459) Pause Young (Allocation Failure) 27M->18M(31M) 1.572ms
[2025-04-17T09:23:20.273+0000][168.274s][info][gc,cpu         ] GC(1459) User=0.00s Sys=0.00s Real=0.00s
[2025-04-17T09:23:20.408+0000][168.408s][info][gc,start       ] GC(1460) Pause Young (Allocation Failure)
[2025-04-17T09:23:20.409+0000][168.409s][info][gc,heap        ] GC(1460) DefNew: 9211K(10176K)->105K(10176K) Eden: 9087K(9088K)->0K(9088K) From: 123K(1088K)->105K(1088K)
[2025-04-17T09:23:20.409+0000][168.409s][info][gc,heap        ] GC(1460) Tenured: 18750K(22464K)->18752K(22464K)
[2025-04-17T09:23:20.409+0000][168.409s][info][gc,metaspace   ] GC(1460) Metaspace: 37409K(37760K)->37409K(37760K) NonClass: 32984K(33152K)->32984K(33152K) Class: 4425K(4608K)->4425K(4608K)
[2025-04-17T09:23:20.409+0000][168.410s][info][gc             ] GC(1460) Pause Young (Allocation Failure) 27M->18M(31M) 1.368ms
[2025-04-17T09:23:20.409+0000][168.410s][info][gc,cpu         ] GC(1460) User=0.00s Sys=0.00s Real=0.00s
[2025-04-17T09:23:20.563+0000][168.564s][info][gc,start       ] GC(1461) Pause Young (Allocation Failure)
[2025-04-17T09:23:20.565+0000][168.565s][info][gc,heap        ] GC(1461) DefNew: 9193K(10176K)->103K(10176K) Eden: 9088K(9088K)->0K(9088K) From: 105K(1088K)->103K(1088K)
[2025-04-17T09:23:20.565+0000][168.565s][info][gc,heap        ] GC(1461) Tenured: 18752K(22464K)->18754K(22464K)
[2025-04-17T09:23:20.565+0000][168.565s][info][gc,metaspace   ] GC(1461) Metaspace: 37409K(37760K)->37409K(37760K) NonClass: 32984K(33152K)->32984K(33152K) Class: 4425K(4608K)->4425K(4608K)
[2025-04-17T09:23:20.565+0000][168.565s][info][gc             ] GC(1461) Pause Young (Allocation Failure) 27M->18M(31M) 1.433ms
[2025-04-17T09:23:20.565+0000][168.565s][info][gc,cpu         ] GC(1461) User=0.00s Sys=0.00s Real=0.01s
[2025-04-17T09:23:20.770+0000][168.771s][info][gc,start       ] GC(1462) Pause Young (Allocation Failure)
[2025-04-17T09:23:20.772+0000][168.772s][info][gc,heap        ] GC(1462) DefNew: 9191K(10176K)->85K(10176K) Eden: 9087K(9088K)->0K(9088K) From: 103K(1088K)->85K(1088K)
[2025-04-17T09:23:20.772+0000][168.772s][info][gc,heap        ] GC(1462) Tenured: 18754K(22464K)->18754K(22464K)
[2025-04-17T09:23:20.772+0000][168.772s][info][gc,metaspace   ] GC(1462) Metaspace: 37409K(37760K)->37409K(37760K) NonClass: 32984K(33152K)->32984K(33152K) Class: 4425K(4608K)->4425K(4608K)
[2025-04-17T09:23:20.772+0000][168.772s][info][gc             ] GC(1462) Pause Young (Allocation Failure) 27M->18M(31M) 1.381ms
[2025-04-17T09:23:20.772+0000][168.772s][info][gc,cpu         ] GC(1462) User=0.01s Sys=0.00s Real=0.00s
[2025-04-17T09:23:20.890+0000][168.891s][info][gc,start       ] GC(1463) Pause Young (Allocation Failure)
[2025-04-17T09:23:20.892+0000][168.892s][info][gc,heap        ] GC(1463) DefNew: 9173K(10176K)->88K(10176K) Eden: 9088K(9088K)->0K(9088K) From: 85K(1088K)->88K(1088K)
[2025-04-17T09:23:20.892+0000][168.892s][info][gc,heap        ] GC(1463) Tenured: 18754K(22464K)->18754K(22464K)
[2025-04-17T09:23:20.892+0000][168.892s][info][gc,metaspace   ] GC(1463) Metaspace: 37409K(37760K)->37409K(37760K) NonClass: 32984K(33152K)->32984K(33152K) Class: 4425K(4608K)->4425K(4608K)
[2025-04-17T09:23:20.892+0000][168.892s][info][gc             ] GC(1463) Pause Young (Allocation Failure) 27M->18M(31M) 1.350ms
[2025-04-17T09:23:20.892+0000][168.892s][info][gc,cpu         ] GC(1463) User=0.00s Sys=0.00s Real=0.00s
[2025-04-17T09:23:20.980+0000][168.980s][info][gc,start       ] GC(1464) Pause Young (Allocation Failure)
[2025-04-17T09:23:20.981+0000][168.981s][info][gc,heap        ] GC(1464) DefNew: 9169K(10176K)->74K(10176K) Eden: 9081K(9088K)->0K(9088K) From: 88K(1088K)->74K(1088K)
[2025-04-17T09:23:20.981+0000][168.981s][info][gc,heap        ] GC(1464) Tenured: 18754K(22464K)->18755K(22464K)
[2025-04-17T09:23:20.981+0000][168.982s][info][gc,metaspace   ] GC(1464) Metaspace: 37409K(37760K)->37409K(37760K) NonClass: 32984K(33152K)->32984K(33152K) Class: 4425K(4608K)->4425K(4608K)
[2025-04-17T09:23:20.981+0000][168.982s][info][gc             ] GC(1464) Pause Young (Allocation Failure) 27M->18M(31M) 1.321ms
[2025-04-17T09:23:20.981+0000][168.982s][info][gc,cpu         ] GC(1464) User=0.00s Sys=0.00s Real=0.00s
[2025-04-17T09:23:21.123+0000][169.124s][info][gc,start       ] GC(1465) Pause Young (Allocation Failure)
[2025-04-17T09:23:21.125+0000][169.125s][info][gc,heap        ] GC(1465) DefNew: 9162K(10176K)->97K(10176K) Eden: 9088K(9088K)->0K(9088K) From: 74K(1088K)->97K(1088K)
[2025-04-17T09:23:21.125+0000][169.125s][info][gc,heap        ] GC(1465) Tenured: 18755K(22464K)->18762K(22464K)
[2025-04-17T09:23:21.125+0000][169.125s][info][gc,metaspace   ] GC(1465) Metaspace: 37409K(37760K)->37409K(37760K) NonClass: 32984K(33152K)->32984K(33152K) Class: 4425K(4608K)->4425K(4608K)
[2025-04-17T09:23:21.125+0000][169.125s][info][gc             ] GC(1465) Pause Young (Allocation Failure) 27M->18M(31M) 1.418ms
[2025-04-17T09:23:21.125+0000][169.125s][info][gc,cpu         ] GC(1465) User=0.00s Sys=0.00s Real=0.01s
[2025-04-17T09:23:21.275+0000][169.275s][info][gc,start       ] GC(1466) Pause Young (Allocation Failure)
[2025-04-17T09:23:21.276+0000][169.277s][info][gc,heap        ] GC(1466) DefNew: 9185K(10176K)->102K(10176K) Eden: 9088K(9088K)->0K(9088K) From: 97K(1088K)->102K(1088K)
[2025-04-17T09:23:21.276+0000][169.277s][info][gc,heap        ] GC(1466) Tenured: 18762K(22464K)->18762K(22464K)
[2025-04-17T09:23:21.276+0000][169.277s][info][gc,metaspace   ] GC(1466) Metaspace: 37409K(37760K)->37409K(37760K) NonClass: 32984K(33152K)->32984K(33152K) Class: 4425K(4608K)->4425K(4608K)
[2025-04-17T09:23:21.276+0000][169.277s][info][gc             ] GC(1466) Pause Young (Allocation Failure) 27M->18M(31M) 1.446ms
[2025-04-17T09:23:21.276+0000][169.277s][info][gc,cpu         ] GC(1466) User=0.00s Sys=0.00s Real=0.00s
[2025-04-17T09:23:21.347+0000][169.347s][info][gc,start       ] GC(1467) Pause Young (Allocation Failure)
[2025-04-17T09:23:21.348+0000][169.349s][info][gc,heap        ] GC(1467) DefNew: 9190K(10176K)->85K(10176K) Eden: 9088K(9088K)->0K(9088K) From: 102K(1088K)->85K(1088K)
[2025-04-17T09:23:21.348+0000][169.349s][info][gc,heap        ] GC(1467) Tenured: 18762K(22464K)->18765K(22464K)
[2025-04-17T09:23:21.348+0000][169.349s][info][gc,metaspace   ] GC(1467) Metaspace: 37409K(37760K)->37409K(37760K) NonClass: 32984K(33152K)->32984K(33152K) Class: 4425K(4608K)->4425K(4608K)
[2025-04-17T09:23:21.348+0000][169.349s][info][gc             ] GC(1467) Pause Young (Allocation Failure) 27M->18M(31M) 1.454ms
[2025-04-17T09:23:21.348+0000][169.349s][info][gc,cpu         ] GC(1467) User=0.00s Sys=0.00s Real=0.00s
[2025-04-17T09:23:21.467+0000][169.468s][info][gc,start       ] GC(1468) Pause Young (Allocation Failure)
[2025-04-17T09:23:21.468+0000][169.469s][info][gc,heap        ] GC(1468) DefNew: 9173K(10176K)->78K(10176K) Eden: 9088K(9088K)->0K(9088K) From: 85K(1088K)->78K(1088K)
[2025-04-17T09:23:21.468+0000][169.469s][info][gc,heap        ] GC(1468) Tenured: 18765K(22464K)->18765K(22464K)
[2025-04-17T09:23:21.468+0000][169.469s][info][gc,metaspace   ] GC(1468) Metaspace: 37409K(37760K)->37409K(37760K) NonClass: 32984K(33152K)->32984K(33152K) Class: 4425K(4608K)->4425K(4608K)
[2025-04-17T09:23:21.468+0000][169.469s][info][gc             ] GC(1468) Pause Young (Allocation Failure) 27M->18M(31M) 1.417ms
[2025-04-17T09:23:21.468+0000][169.469s][info][gc,cpu         ] GC(1468) User=0.00s Sys=0.00s Real=0.00s
[2025-04-17T09:23:21.549+0000][169.550s][info][gc,start       ] GC(1469) Pause Young (Allocation Failure)
[2025-04-17T09:23:21.550+0000][169.551s][info][gc,heap        ] GC(1469) DefNew: 9166K(10176K)->93K(10176K) Eden: 9087K(9088K)->0K(9088K) From: 78K(1088K)->93K(1088K)
[2025-04-17T09:23:21.550+0000][169.551s][info][gc,heap        ] GC(1469) Tenured: 18765K(22464K)->18766K(22464K)
[2025-04-17T09:23:21.550+0000][169.551s][info][gc,metaspace   ] GC(1469) Metaspace: 37409K(37760K)->37409K(37760K) NonClass: 32984K(33152K)->32984K(33152K) Class: 4425K(4608K)->4425K(4608K)
[2025-04-17T09:23:21.550+0000][169.551s][info][gc             ] GC(1469) Pause Young (Allocation Failure) 27M->18M(31M) 1.355ms
[2025-04-17T09:23:21.550+0000][169.551s][info][gc,cpu         ] GC(1469) User=0.00s Sys=0.01s Real=0.00s
[2025-04-17T09:23:21.608+0000][169.609s][info][gc,start       ] GC(1470) Pause Young (Allocation Failure)
[2025-04-17T09:23:21.609+0000][169.610s][info][gc,heap        ] GC(1470) DefNew: 9181K(10176K)->87K(10176K) Eden: 9088K(9088K)->0K(9088K) From: 93K(1088K)->87K(1088K)
[2025-04-17T09:23:21.609+0000][169.610s][info][gc,heap        ] GC(1470) Tenured: 18766K(22464K)->18768K(22464K)
[2025-04-17T09:23:21.609+0000][169.610s][info][gc,metaspace   ] GC(1470) Metaspace: 37409K(37760K)->37409K(37760K) NonClass: 32984K(33152K)->32984K(33152K) Class: 4425K(4608K)->4425K(4608K)
[2025-04-17T09:23:21.609+0000][169.610s][info][gc             ] GC(1470) Pause Young (Allocation Failure) 27M->18M(31M) 1.337ms
[2025-04-17T09:23:21.609+0000][169.610s][info][gc,cpu         ] GC(1470) User=0.00s Sys=0.00s Real=0.00s
[2025-04-17T09:23:21.841+0000][169.841s][info][gc,start       ] GC(1471) Pause Young (Allocation Failure)
[2025-04-17T09:23:21.842+0000][169.843s][info][gc,heap        ] GC(1471) DefNew: 9175K(10176K)->110K(10176K) Eden: 9088K(9088K)->0K(9088K) From: 87K(1088K)->110K(1088K)
[2025-04-17T09:23:21.842+0000][169.843s][info][gc,heap        ] GC(1471) Tenured: 18768K(22464K)->18768K(22464K)
[2025-04-17T09:23:21.842+0000][169.843s][info][gc,metaspace   ] GC(1471) Metaspace: 37409K(37760K)->37409K(37760K) NonClass: 32984K(33152K)->32984K(33152K) Class: 4425K(4608K)->4425K(4608K)
[2025-04-17T09:23:21.842+0000][169.843s][info][gc             ] GC(1471) Pause Young (Allocation Failure) 27M->18M(31M) 1.478ms
[2025-04-17T09:23:21.842+0000][169.843s][info][gc,cpu         ] GC(1471) User=0.01s Sys=0.00s Real=0.00s
[2025-04-17T09:23:21.996+0000][169.997s][info][gc,start       ] GC(1472) Pause Young (Allocation Failure)
[2025-04-17T09:23:21.998+0000][169.999s][info][gc,heap        ] GC(1472) DefNew: 9198K(10176K)->111K(10176K) Eden: 9088K(9088K)->0K(9088K) From: 110K(1088K)->111K(1088K)
[2025-04-17T09:23:21.998+0000][169.999s][info][gc,heap        ] GC(1472) Tenured: 18768K(22464K)->18768K(22464K)
[2025-04-17T09:23:21.998+0000][169.999s][info][gc,metaspace   ] GC(1472) Metaspace: 37409K(37760K)->37409K(37760K) NonClass: 32984K(33152K)->32984K(33152K) Class: 4425K(4608K)->4425K(4608K)
[2025-04-17T09:23:21.998+0000][169.999s][info][gc             ] GC(1472) Pause Young (Allocation Failure) 27M->18M(31M) 1.452ms
[2025-04-17T09:23:21.998+0000][169.999s][info][gc,cpu         ] GC(1472) User=0.00s Sys=0.00s Real=0.00s
[2025-04-17T09:23:22.099+0000][170.100s][info][gc,start       ] GC(1473) Pause Young (Allocation Failure)
[2025-04-17T09:23:22.100+0000][170.101s][info][gc,heap        ] GC(1473) DefNew: 9199K(10176K)->112K(10176K) Eden: 9087K(9088K)->0K(9088K) From: 111K(1088K)->112K(1088K)
[2025-04-17T09:23:22.100+0000][170.101s][info][gc,heap        ] GC(1473) Tenured: 18768K(22464K)->18769K(22464K)
[2025-04-17T09:23:22.100+0000][170.101s][info][gc,metaspace   ] GC(1473) Metaspace: 37409K(37760K)->37409K(37760K) NonClass: 32984K(33152K)->32984K(33152K) Class: 4425K(4608K)->4425K(4608K)
[2025-04-17T09:23:22.100+0000][170.101s][info][gc             ] GC(1473) Pause Young (Allocation Failure) 27M->18M(31M) 1.399ms
[2025-04-17T09:23:22.100+0000][170.101s][info][gc,cpu         ] GC(1473) User=0.00s Sys=0.00s Real=0.00s
[2025-04-17T09:23:22.179+0000][170.179s][info][gc,start       ] GC(1474) Pause Young (Allocation Failure)
[2025-04-17T09:23:22.180+0000][170.181s][info][gc,heap        ] GC(1474) DefNew: 9200K(10176K)->94K(10176K) Eden: 9087K(9088K)->0K(9088K) From: 112K(1088K)->94K(1088K)
[2025-04-17T09:23:22.180+0000][170.181s][info][gc,heap        ] GC(1474) Tenured: 18769K(22464K)->18770K(22464K)
[2025-04-17T09:23:22.180+0000][170.181s][info][gc,metaspace   ] GC(1474) Metaspace: 37409K(37760K)->37409K(37760K) NonClass: 32984K(33152K)->32984K(33152K) Class: 4425K(4608K)->4425K(4608K)
[2025-04-17T09:23:22.180+0000][170.181s][info][gc             ] GC(1474) Pause Young (Allocation Failure) 27M->18M(31M) 1.378ms
[2025-04-17T09:23:22.180+0000][170.181s][info][gc,cpu         ] GC(1474) User=0.00s Sys=0.00s Real=0.00s
[2025-04-17T09:23:22.388+0000][170.389s][info][gc,start       ] GC(1475) Pause Young (Allocation Failure)
[2025-04-17T09:23:22.389+0000][170.390s][info][gc,heap        ] GC(1475) DefNew: 9182K(10176K)->92K(10176K) Eden: 9087K(9088K)->0K(9088K) From: 94K(1088K)->92K(1088K)
[2025-04-17T09:23:22.389+0000][170.390s][info][gc,heap        ] GC(1475) Tenured: 18770K(22464K)->18770K(22464K)
[2025-04-17T09:23:22.389+0000][170.390s][info][gc,metaspace   ] GC(1475) Metaspace: 37409K(37760K)->37409K(37760K) NonClass: 32984K(33152K)->32984K(33152K) Class: 4425K(4608K)->4425K(4608K)
[2025-04-17T09:23:22.389+0000][170.390s][info][gc             ] GC(1475) Pause Young (Allocation Failure) 27M->18M(31M) 1.388ms
[2025-04-17T09:23:22.389+0000][170.390s][info][gc,cpu         ] GC(1475) User=0.00s Sys=0.00s Real=0.00s
[2025-04-17T09:23:22.620+0000][170.621s][info][gc,start       ] GC(1476) Pause Young (Allocation Failure)
[2025-04-17T09:23:22.621+0000][170.622s][info][gc,heap        ] GC(1476) DefNew: 9180K(10176K)->96K(10176K) Eden: 9088K(9088K)->0K(9088K) From: 92K(1088K)->96K(1088K)
[2025-04-17T09:23:22.621+0000][170.622s][info][gc,heap        ] GC(1476) Tenured: 18770K(22464K)->18770K(22464K)
[2025-04-17T09:23:22.621+0000][170.622s][info][gc,metaspace   ] GC(1476) Metaspace: 37409K(37760K)->37409K(37760K) NonClass: 32984K(33152K)->32984K(33152K) Class: 4425K(4608K)->4425K(4608K)
[2025-04-17T09:23:22.621+0000][170.622s][info][gc             ] GC(1476) Pause Young (Allocation Failure) 27M->18M(31M) 1.456ms
[2025-04-17T09:23:22.621+0000][170.622s][info][gc,cpu         ] GC(1476) User=0.00s Sys=0.00s Real=0.00s
[2025-04-17T09:23:22.706+0000][170.707s][info][gc,start       ] GC(1477) Pause Young (Allocation Failure)
[2025-04-17T09:23:22.707+0000][170.708s][info][gc,heap        ] GC(1477) DefNew: 9184K(10176K)->100K(10176K) Eden: 9088K(9088K)->0K(9088K) From: 96K(1088K)->100K(1088K)
[2025-04-17T09:23:22.707+0000][170.708s][info][gc,heap        ] GC(1477) Tenured: 18770K(22464K)->18770K(22464K)
[2025-04-17T09:23:22.707+0000][170.708s][info][gc,metaspace   ] GC(1477) Metaspace: 37409K(37760K)->37409K(37760K) NonClass: 32984K(33152K)->32984K(33152K) Class: 4425K(4608K)->4425K(4608K)
[2025-04-17T09:23:22.707+0000][170.708s][info][gc             ] GC(1477) Pause Young (Allocation Failure) 27M->18M(31M) 1.302ms
[2025-04-17T09:23:22.707+0000][170.708s][info][gc,cpu         ] GC(1477) User=0.00s Sys=0.00s Real=0.00s
[2025-04-17T09:23:22.890+0000][170.891s][info][gc,start       ] GC(1478) Pause Young (Allocation Failure)
[2025-04-17T09:23:22.892+0000][170.892s][info][gc,heap        ] GC(1478) DefNew: 9188K(10176K)->139K(10176K) Eden: 9087K(9088K)->0K(9088K) From: 100K(1088K)->139K(1088K)
[2025-04-17T09:23:22.892+0000][170.892s][info][gc,heap        ] GC(1478) Tenured: 18770K(22464K)->18770K(22464K)
[2025-04-17T09:23:22.892+0000][170.892s][info][gc,metaspace   ] GC(1478) Metaspace: 37409K(37760K)->37409K(37760K) NonClass: 32984K(33152K)->32984K(33152K) Class: 4425K(4608K)->4425K(4608K)
[2025-04-17T09:23:22.892+0000][170.892s][info][gc             ] GC(1478) Pause Young (Allocation Failure) 27M->18M(31M) 1.397ms
[2025-04-17T09:23:22.892+0000][170.892s][info][gc,cpu         ] GC(1478) User=0.00s Sys=0.00s Real=0.00s
[2025-04-17T09:23:23.035+0000][171.035s][info][gc,start       ] GC(1479) Pause Young (Allocation Failure)
[2025-04-17T09:23:23.036+0000][171.037s][info][gc,heap        ] GC(1479) DefNew: 9227K(10176K)->125K(10176K) Eden: 9088K(9088K)->0K(9088K) From: 139K(1088K)->125K(1088K)
[2025-04-17T09:23:23.036+0000][171.037s][info][gc,heap        ] GC(1479) Tenured: 18770K(22464K)->18770K(22464K)
[2025-04-17T09:23:23.036+0000][171.037s][info][gc,metaspace   ] GC(1479) Metaspace: 37409K(37760K)->37409K(37760K) NonClass: 32984K(33152K)->32984K(33152K) Class: 4425K(4608K)->4425K(4608K)
[2025-04-17T09:23:23.036+0000][171.037s][info][gc             ] GC(1479) Pause Young (Allocation Failure) 27M->18M(31M) 1.576ms
[2025-04-17T09:23:23.036+0000][171.037s][info][gc,cpu         ] GC(1479) User=0.00s Sys=0.00s Real=0.00s
[2025-04-17T09:23:23.196+0000][171.197s][info][gc,start       ] GC(1480) Pause Young (Allocation Failure)
[2025-04-17T09:23:23.198+0000][171.198s][info][gc,heap        ] GC(1480) DefNew: 9211K(10176K)->121K(10176K) Eden: 9085K(9088K)->0K(9088K) From: 125K(1088K)->121K(1088K)
[2025-04-17T09:23:23.198+0000][171.198s][info][gc,heap        ] GC(1480) Tenured: 18770K(22464K)->18773K(22464K)
[2025-04-17T09:23:23.198+0000][171.198s][info][gc,metaspace   ] GC(1480) Metaspace: 37409K(37760K)->37409K(37760K) NonClass: 32984K(33152K)->32984K(33152K) Class: 4425K(4608K)->4425K(4608K)
[2025-04-17T09:23:23.198+0000][171.198s][info][gc             ] GC(1480) Pause Young (Allocation Failure) 27M->18M(31M) 1.407ms
[2025-04-17T09:23:23.198+0000][171.198s][info][gc,cpu         ] GC(1480) User=0.00s Sys=0.00s Real=0.00s
[2025-04-17T09:23:23.373+0000][171.374s][info][gc,start       ] GC(1481) Pause Young (Allocation Failure)
[2025-04-17T09:23:23.375+0000][171.375s][info][gc,heap        ] GC(1481) DefNew: 9209K(10176K)->131K(10176K) Eden: 9088K(9088K)->0K(9088K) From: 121K(1088K)->131K(1088K)
[2025-04-17T09:23:23.375+0000][171.375s][info][gc,heap        ] GC(1481) Tenured: 18773K(22464K)->18773K(22464K)
[2025-04-17T09:23:23.375+0000][171.375s][info][gc,metaspace   ] GC(1481) Metaspace: 37409K(37760K)->37409K(37760K) NonClass: 32984K(33152K)->32984K(33152K) Class: 4425K(4608K)->4425K(4608K)
[2025-04-17T09:23:23.375+0000][171.375s][info][gc             ] GC(1481) Pause Young (Allocation Failure) 27M->18M(31M) 1.478ms
[2025-04-17T09:23:23.375+0000][171.375s][info][gc,cpu         ] GC(1481) User=0.00s Sys=0.00s Real=0.01s
[2025-04-17T09:23:23.480+0000][171.480s][info][gc,start       ] GC(1482) Pause Young (Allocation Failure)
[2025-04-17T09:23:23.481+0000][171.482s][info][gc,heap        ] GC(1482) DefNew: 9216K(10176K)->114K(10176K) Eden: 9085K(9088K)->0K(9088K) From: 131K(1088K)->114K(1088K)
[2025-04-17T09:23:23.481+0000][171.482s][info][gc,heap        ] GC(1482) Tenured: 18773K(22464K)->18773K(22464K)
[2025-04-17T09:23:23.481+0000][171.482s][info][gc,metaspace   ] GC(1482) Metaspace: 37409K(37760K)->37409K(37760K) NonClass: 32984K(33152K)->32984K(33152K) Class: 4425K(4608K)->4425K(4608K)
[2025-04-17T09:23:23.481+0000][171.482s][info][gc             ] GC(1482) Pause Young (Allocation Failure) 27M->18M(31M) 1.373ms
[2025-04-17T09:23:23.481+0000][171.482s][info][gc,cpu         ] GC(1482) User=0.00s Sys=0.00s Real=0.00s
[2025-04-17T09:23:23.647+0000][171.648s][info][gc,start       ] GC(1483) Pause Young (Allocation Failure)
[2025-04-17T09:23:23.648+0000][171.649s][info][gc,heap        ] GC(1483) DefNew: 9195K(10176K)->183K(10176K) Eden: 9081K(9088K)->0K(9088K) From: 114K(1088K)->183K(1088K)
[2025-04-17T09:23:23.648+0000][171.649s][info][gc,heap        ] GC(1483) Tenured: 18773K(22464K)->18775K(22464K)
[2025-04-17T09:23:23.648+0000][171.649s][info][gc,metaspace   ] GC(1483) Metaspace: 37409K(37760K)->37409K(37760K) NonClass: 32984K(33152K)->32984K(33152K) Class: 4425K(4608K)->4425K(4608K)
[2025-04-17T09:23:23.648+0000][171.649s][info][gc             ] GC(1483) Pause Young (Allocation Failure) 27M->18M(31M) 1.419ms
[2025-04-17T09:23:23.648+0000][171.649s][info][gc,cpu         ] GC(1483) User=0.00s Sys=0.00s Real=0.00s
[2025-04-17T09:23:23.721+0000][171.722s][info][gc,start       ] GC(1484) Pause Young (Allocation Failure)
[2025-04-17T09:23:23.723+0000][171.723s][info][gc,heap        ] GC(1484) DefNew: 9271K(10176K)->213K(10176K) Eden: 9087K(9088K)->0K(9088K) From: 183K(1088K)->213K(1088K)
[2025-04-17T09:23:23.723+0000][171.723s][info][gc,heap        ] GC(1484) Tenured: 18775K(22464K)->18775K(22464K)
[2025-04-17T09:23:23.723+0000][171.723s][info][gc,metaspace   ] GC(1484) Metaspace: 37409K(37760K)->37409K(37760K) NonClass: 32984K(33152K)->32984K(33152K) Class: 4425K(4608K)->4425K(4608K)
[2025-04-17T09:23:23.723+0000][171.723s][info][gc             ] GC(1484) Pause Young (Allocation Failure) 27M->18M(31M) 1.465ms
[2025-04-17T09:23:23.723+0000][171.723s][info][gc,cpu         ] GC(1484) User=0.00s Sys=0.00s Real=0.00s
[2025-04-17T09:23:23.961+0000][171.962s][info][gc,start       ] GC(1485) Pause Young (Allocation Failure)
[2025-04-17T09:23:23.963+0000][171.963s][info][gc,heap        ] GC(1485) DefNew: 9301K(10176K)->181K(10176K) Eden: 9087K(9088K)->0K(9088K) From: 213K(1088K)->181K(1088K)
[2025-04-17T09:23:23.963+0000][171.964s][info][gc,heap        ] GC(1485) Tenured: 18775K(22464K)->18793K(22464K)
[2025-04-17T09:23:23.963+0000][171.964s][info][gc,metaspace   ] GC(1485) Metaspace: 37409K(37760K)->37409K(37760K) NonClass: 32984K(33152K)->32984K(33152K) Class: 4425K(4608K)->4425K(4608K)
[2025-04-17T09:23:23.963+0000][171.964s][info][gc             ] GC(1485) Pause Young (Allocation Failure) 27M->18M(31M) 1.474ms
[2025-04-17T09:23:23.963+0000][171.964s][info][gc,cpu         ] GC(1485) User=0.01s Sys=0.00s Real=0.00s
[2025-04-17T09:23:24.047+0000][172.047s][info][gc,start       ] GC(1486) Pause Young (Allocation Failure)
[2025-04-17T09:23:24.048+0000][172.049s][info][gc,heap        ] GC(1486) DefNew: 9269K(10176K)->194K(10176K) Eden: 9088K(9088K)->0K(9088K) From: 181K(1088K)->194K(1088K)
[2025-04-17T09:23:24.048+0000][172.049s][info][gc,heap        ] GC(1486) Tenured: 18793K(22464K)->18793K(22464K)
[2025-04-17T09:23:24.048+0000][172.049s][info][gc,metaspace   ] GC(1486) Metaspace: 37409K(37760K)->37409K(37760K) NonClass: 32984K(33152K)->32984K(33152K) Class: 4425K(4608K)->4425K(4608K)
[2025-04-17T09:23:24.048+0000][172.049s][info][gc             ] GC(1486) Pause Young (Allocation Failure) 27M->18M(31M) 1.548ms
[2025-04-17T09:23:24.048+0000][172.049s][info][gc,cpu         ] GC(1486) User=0.00s Sys=0.00s Real=0.00s
[2025-04-17T09:23:24.176+0000][172.177s][info][gc,start       ] GC(1487) Pause Young (Allocation Failure)
[2025-04-17T09:23:24.178+0000][172.179s][info][gc,heap        ] GC(1487) DefNew: 9282K(10176K)->226K(10176K) Eden: 9088K(9088K)->0K(9088K) From: 194K(1088K)->226K(1088K)
[2025-04-17T09:23:24.178+0000][172.179s][info][gc,heap        ] GC(1487) Tenured: 18793K(22464K)->18793K(22464K)
[2025-04-17T09:23:24.178+0000][172.179s][info][gc,metaspace   ] GC(1487) Metaspace: 37409K(37760K)->37409K(37760K) NonClass: 32984K(33152K)->32984K(33152K) Class: 4425K(4608K)->4425K(4608K)
[2025-04-17T09:23:24.178+0000][172.179s][info][gc             ] GC(1487) Pause Young (Allocation Failure) 27M->18M(31M) 1.664ms
[2025-04-17T09:23:24.178+0000][172.179s][info][gc,cpu         ] GC(1487) User=0.00s Sys=0.00s Real=0.00s
[2025-04-17T09:23:24.397+0000][172.398s][info][gc,start       ] GC(1488) Pause Young (Allocation Failure)
[2025-04-17T09:23:24.399+0000][172.399s][info][gc,heap        ] GC(1488) DefNew: 9305K(10176K)->196K(10176K) Eden: 9078K(9088K)->0K(9088K) From: 226K(1088K)->196K(1088K)
[2025-04-17T09:23:24.399+0000][172.399s][info][gc,heap        ] GC(1488) Tenured: 18793K(22464K)->18793K(22464K)
[2025-04-17T09:23:24.399+0000][172.399s][info][gc,metaspace   ] GC(1488) Metaspace: 37409K(37760K)->37409K(37760K) NonClass: 32984K(33152K)->32984K(33152K) Class: 4425K(4608K)->4425K(4608K)
[2025-04-17T09:23:24.399+0000][172.399s][info][gc             ] GC(1488) Pause Young (Allocation Failure) 27M->18M(31M) 1.439ms
[2025-04-17T09:23:24.399+0000][172.399s][info][gc,cpu         ] GC(1488) User=0.00s Sys=0.00s Real=0.00s
[2025-04-17T09:23:24.601+0000][172.602s][info][gc,start       ] GC(1489) Pause Young (Allocation Failure)
[2025-04-17T09:23:24.603+0000][172.604s][info][gc,heap        ] GC(1489) DefNew: 9280K(10176K)->201K(10176K) Eden: 9083K(9088K)->0K(9088K) From: 196K(1088K)->201K(1088K)
[2025-04-17T09:23:24.603+0000][172.604s][info][gc,heap        ] GC(1489) Tenured: 18793K(22464K)->18793K(22464K)
[2025-04-17T09:23:24.603+0000][172.604s][info][gc,metaspace   ] GC(1489) Metaspace: 37409K(37760K)->37409K(37760K) NonClass: 32984K(33152K)->32984K(33152K) Class: 4425K(4608K)->4425K(4608K)
[2025-04-17T09:23:24.603+0000][172.604s][info][gc             ] GC(1489) Pause Young (Allocation Failure) 27M->18M(31M) 1.592ms
[2025-04-17T09:23:24.603+0000][172.604s][info][gc,cpu         ] GC(1489) User=0.00s Sys=0.00s Real=0.00s
[2025-04-17T09:23:24.725+0000][172.725s][info][gc,start       ] GC(1490) Pause Young (Allocation Failure)
[2025-04-17T09:23:24.726+0000][172.727s][info][gc,heap        ] GC(1490) DefNew: 9289K(10176K)->178K(10176K) Eden: 9087K(9088K)->0K(9088K) From: 201K(1088K)->178K(1088K)
[2025-04-17T09:23:24.726+0000][172.727s][info][gc,heap        ] GC(1490) Tenured: 18793K(22464K)->18795K(22464K)
[2025-04-17T09:23:24.726+0000][172.727s][info][gc,metaspace   ] GC(1490) Metaspace: 37409K(37760K)->37409K(37760K) NonClass: 32984K(33152K)->32984K(33152K) Class: 4425K(4608K)->4425K(4608K)
[2025-04-17T09:23:24.726+0000][172.727s][info][gc             ] GC(1490) Pause Young (Allocation Failure) 27M->18M(31M) 1.496ms
[2025-04-17T09:23:24.726+0000][172.727s][info][gc,cpu         ] GC(1490) User=0.01s Sys=0.00s Real=0.00s
[2025-04-17T09:23:24.911+0000][172.912s][info][gc,start       ] GC(1491) Pause Young (Allocation Failure)
[2025-04-17T09:23:24.913+0000][172.913s][info][gc,heap        ] GC(1491) DefNew: 9266K(10176K)->191K(10176K) Eden: 9088K(9088K)->0K(9088K) From: 178K(1088K)->191K(1088K)
[2025-04-17T09:23:24.913+0000][172.913s][info][gc,heap        ] GC(1491) Tenured: 18795K(22464K)->18796K(22464K)
[2025-04-17T09:23:24.913+0000][172.913s][info][gc,metaspace   ] GC(1491) Metaspace: 37409K(37760K)->37409K(37760K) NonClass: 32984K(33152K)->32984K(33152K) Class: 4425K(4608K)->4425K(4608K)
[2025-04-17T09:23:24.913+0000][172.913s][info][gc             ] GC(1491) Pause Young (Allocation Failure) 27M->18M(31M) 1.431ms
[2025-04-17T09:23:24.913+0000][172.913s][info][gc,cpu         ] GC(1491) User=0.00s Sys=0.00s Real=0.00s
[2025-04-17T09:23:25.053+0000][173.054s][info][gc,start       ] GC(1492) Pause Young (Allocation Failure)
[2025-04-17T09:23:25.055+0000][173.055s][info][gc,heap        ] GC(1492) DefNew: 9279K(10176K)->172K(10176K) Eden: 9087K(9088K)->0K(9088K) From: 191K(1088K)->172K(1088K)
[2025-04-17T09:23:25.055+0000][173.055s][info][gc,heap        ] GC(1492) Tenured: 18796K(22464K)->18801K(22464K)
[2025-04-17T09:23:25.055+0000][173.055s][info][gc,metaspace   ] GC(1492) Metaspace: 37409K(37760K)->37409K(37760K) NonClass: 32984K(33152K)->32984K(33152K) Class: 4425K(4608K)->4425K(4608K)
[2025-04-17T09:23:25.055+0000][173.055s][info][gc             ] GC(1492) Pause Young (Allocation Failure) 27M->18M(31M) 1.446ms
[2025-04-17T09:23:25.055+0000][173.055s][info][gc,cpu         ] GC(1492) User=0.00s Sys=0.00s Real=0.01s
[2025-04-17T09:23:25.226+0000][173.227s][info][gc,start       ] GC(1493) Pause Young (Allocation Failure)
[2025-04-17T09:23:25.228+0000][173.229s][info][gc,heap        ] GC(1493) DefNew: 9260K(10176K)->166K(10176K) Eden: 9087K(9088K)->0K(9088K) From: 172K(1088K)->166K(1088K)
[2025-04-17T09:23:25.228+0000][173.229s][info][gc,heap        ] GC(1493) Tenured: 18801K(22464K)->18822K(22464K)
[2025-04-17T09:23:25.228+0000][173.229s][info][gc,metaspace   ] GC(1493) Metaspace: 37409K(37760K)->37409K(37760K) NonClass: 32984K(33152K)->32984K(33152K) Class: 4425K(4608K)->4425K(4608K)
[2025-04-17T09:23:25.228+0000][173.229s][info][gc             ] GC(1493) Pause Young (Allocation Failure) 27M->18M(31M) 1.533ms
[2025-04-17T09:23:25.228+0000][173.229s][info][gc,cpu         ] GC(1493) User=0.00s Sys=0.00s Real=0.00s
[2025-04-17T09:23:25.427+0000][173.428s][info][gc,start       ] GC(1494) Pause Young (Allocation Failure)
[2025-04-17T09:23:25.428+0000][173.429s][info][gc,heap        ] GC(1494) DefNew: 9253K(10176K)->156K(10176K) Eden: 9086K(9088K)->0K(9088K) From: 166K(1088K)->156K(1088K)
[2025-04-17T09:23:25.428+0000][173.429s][info][gc,heap        ] GC(1494) Tenured: 18822K(22464K)->18822K(22464K)
[2025-04-17T09:23:25.429+0000][173.429s][info][gc,metaspace   ] GC(1494) Metaspace: 37409K(37760K)->37409K(37760K) NonClass: 32984K(33152K)->32984K(33152K) Class: 4425K(4608K)->4425K(4608K)
[2025-04-17T09:23:25.429+0000][173.429s][info][gc             ] GC(1494) Pause Young (Allocation Failure) 27M->18M(31M) 1.424ms
[2025-04-17T09:23:25.429+0000][173.429s][info][gc,cpu         ] GC(1494) User=0.00s Sys=0.00s Real=0.00s
[2025-04-17T09:23:25.475+0000][173.476s][info][gc,start       ] GC(1495) Pause Young (Allocation Failure)
[2025-04-17T09:23:25.476+0000][173.477s][info][gc,heap        ] GC(1495) DefNew: 9244K(10176K)->197K(10176K) Eden: 9087K(9088K)->0K(9088K) From: 156K(1088K)->197K(1088K)
[2025-04-17T09:23:25.476+0000][173.477s][info][gc,heap        ] GC(1495) Tenured: 18822K(22464K)->18824K(22464K)
[2025-04-17T09:23:25.476+0000][173.477s][info][gc,metaspace   ] GC(1495) Metaspace: 37409K(37760K)->37409K(37760K) NonClass: 32984K(33152K)->32984K(33152K) Class: 4425K(4608K)->4425K(4608K)
[2025-04-17T09:23:25.476+0000][173.477s][info][gc             ] GC(1495) Pause Young (Allocation Failure) 27M->18M(31M) 1.505ms
[2025-04-17T09:23:25.476+0000][173.477s][info][gc,cpu         ] GC(1495) User=0.00s Sys=0.00s Real=0.00s
[2025-04-17T09:23:25.601+0000][173.601s][info][gc,start       ] GC(1496) Pause Young (Allocation Failure)
[2025-04-17T09:23:25.602+0000][173.603s][info][gc,heap        ] GC(1496) DefNew: 9285K(10176K)->172K(10176K) Eden: 9088K(9088K)->0K(9088K) From: 197K(1088K)->172K(1088K)
[2025-04-17T09:23:25.602+0000][173.603s][info][gc,heap        ] GC(1496) Tenured: 18824K(22464K)->18824K(22464K)
[2025-04-17T09:23:25.602+0000][173.603s][info][gc,metaspace   ] GC(1496) Metaspace: 37409K(37760K)->37409K(37760K) NonClass: 32984K(33152K)->32984K(33152K) Class: 4425K(4608K)->4425K(4608K)
[2025-04-17T09:23:25.602+0000][173.603s][info][gc             ] GC(1496) Pause Young (Allocation Failure) 27M->18M(31M) 1.492ms
[2025-04-17T09:23:25.602+0000][173.603s][info][gc,cpu         ] GC(1496) User=0.00s Sys=0.00s Real=0.00s
[2025-04-17T09:23:25.661+0000][173.662s][info][gc,start       ] GC(1497) Pause Young (Allocation Failure)
[2025-04-17T09:23:25.663+0000][173.663s][info][gc,heap        ] GC(1497) DefNew: 9260K(10176K)->166K(10176K) Eden: 9087K(9088K)->0K(9088K) From: 172K(1088K)->166K(1088K)
[2025-04-17T09:23:25.663+0000][173.663s][info][gc,heap        ] GC(1497) Tenured: 18824K(22464K)->18827K(22464K)
[2025-04-17T09:23:25.663+0000][173.663s][info][gc,metaspace   ] GC(1497) Metaspace: 37409K(37760K)->37409K(37760K) NonClass: 32984K(33152K)->32984K(33152K) Class: 4425K(4608K)->4425K(4608K)
[2025-04-17T09:23:25.663+0000][173.663s][info][gc             ] GC(1497) Pause Young (Allocation Failure) 27M->18M(31M) 1.516ms
[2025-04-17T09:23:25.663+0000][173.663s][info][gc,cpu         ] GC(1497) User=0.00s Sys=0.00s Real=0.00s
[2025-04-17T09:23:25.785+0000][173.786s][info][gc,start       ] GC(1498) Pause Young (Allocation Failure)
[2025-04-17T09:23:25.786+0000][173.787s][info][gc,heap        ] GC(1498) DefNew: 9254K(10176K)->111K(10176K) Eden: 9088K(9088K)->0K(9088K) From: 166K(1088K)->111K(1088K)
[2025-04-17T09:23:25.786+0000][173.787s][info][gc,heap        ] GC(1498) Tenured: 18827K(22464K)->18879K(22464K)
[2025-04-17T09:23:25.786+0000][173.787s][info][gc,metaspace   ] GC(1498) Metaspace: 37409K(37760K)->37409K(37760K) NonClass: 32984K(33152K)->32984K(33152K) Class: 4425K(4608K)->4425K(4608K)
[2025-04-17T09:23:25.786+0000][173.787s][info][gc             ] GC(1498) Pause Young (Allocation Failure) 27M->18M(31M) 1.434ms
[2025-04-17T09:23:25.786+0000][173.787s][info][gc,cpu         ] GC(1498) User=0.00s Sys=0.00s Real=0.00s
[2025-04-17T09:23:25.943+0000][173.943s][info][gc,start       ] GC(1499) Pause Young (Allocation Failure)
[2025-04-17T09:23:25.944+0000][173.945s][info][gc,heap        ] GC(1499) DefNew: 9199K(10176K)->79K(10176K) Eden: 9088K(9088K)->0K(9088K) From: 111K(1088K)->79K(1088K)
[2025-04-17T09:23:25.944+0000][173.945s][info][gc,heap        ] GC(1499) Tenured: 18879K(22464K)->18896K(22464K)
[2025-04-17T09:23:25.944+0000][173.945s][info][gc,metaspace   ] GC(1499) Metaspace: 37409K(37760K)->37409K(37760K) NonClass: 32984K(33152K)->32984K(33152K) Class: 4425K(4608K)->4425K(4608K)
[2025-04-17T09:23:25.944+0000][173.945s][info][gc             ] GC(1499) Pause Young (Allocation Failure) 27M->18M(31M) 1.395ms
[2025-04-17T09:23:25.944+0000][173.945s][info][gc,cpu         ] GC(1499) User=0.00s Sys=0.00s Real=0.01s
[2025-04-17T09:23:26.054+0000][174.054s][info][gc,start       ] GC(1500) Pause Young (Allocation Failure)
[2025-04-17T09:23:26.055+0000][174.056s][info][gc,heap        ] GC(1500) DefNew: 9167K(10176K)->72K(10176K) Eden: 9088K(9088K)->0K(9088K) From: 79K(1088K)->72K(1088K)
[2025-04-17T09:23:26.055+0000][174.056s][info][gc,heap        ] GC(1500) Tenured: 18896K(22464K)->18897K(22464K)
[2025-04-17T09:23:26.055+0000][174.056s][info][gc,metaspace   ] GC(1500) Metaspace: 37409K(37760K)->37409K(37760K) NonClass: 32984K(33152K)->32984K(33152K) Class: 4425K(4608K)->4425K(4608K)
[2025-04-17T09:23:26.055+0000][174.056s][info][gc             ] GC(1500) Pause Young (Allocation Failure) 27M->18M(31M) 1.550ms
[2025-04-17T09:23:26.055+0000][174.056s][info][gc,cpu         ] GC(1500) User=0.00s Sys=0.00s Real=0.01s
[2025-04-17T09:23:26.115+0000][174.116s][info][gc,start       ] GC(1501) Pause Young (Allocation Failure)
[2025-04-17T09:23:26.117+0000][174.117s][info][gc,heap        ] GC(1501) DefNew: 9160K(10176K)->84K(10176K) Eden: 9088K(9088K)->0K(9088K) From: 72K(1088K)->84K(1088K)
[2025-04-17T09:23:26.117+0000][174.117s][info][gc,heap        ] GC(1501) Tenured: 18897K(22464K)->18897K(22464K)
[2025-04-17T09:23:26.117+0000][174.117s][info][gc,metaspace   ] GC(1501) Metaspace: 37409K(37760K)->37409K(37760K) NonClass: 32984K(33152K)->32984K(33152K) Class: 4425K(4608K)->4425K(4608K)
[2025-04-17T09:23:26.117+0000][174.117s][info][gc             ] GC(1501) Pause Young (Allocation Failure) 27M->18M(31M) 1.344ms
[2025-04-17T09:23:26.117+0000][174.117s][info][gc,cpu         ] GC(1501) User=0.01s Sys=0.00s Real=0.00s
[2025-04-17T09:23:26.292+0000][174.292s][info][gc,start       ] GC(1502) Pause Young (Allocation Failure)
[2025-04-17T09:23:26.293+0000][174.294s][info][gc,heap        ] GC(1502) DefNew: 9172K(10176K)->111K(10176K) Eden: 9088K(9088K)->0K(9088K) From: 84K(1088K)->111K(1088K)
[2025-04-17T09:23:26.293+0000][174.294s][info][gc,heap        ] GC(1502) Tenured: 18897K(22464K)->18897K(22464K)
[2025-04-17T09:23:26.293+0000][174.294s][info][gc,metaspace   ] GC(1502) Metaspace: 37409K(37760K)->37409K(37760K) NonClass: 32984K(33152K)->32984K(33152K) Class: 4425K(4608K)->4425K(4608K)
[2025-04-17T09:23:26.293+0000][174.294s][info][gc             ] GC(1502) Pause Young (Allocation Failure) 27M->18M(31M) 1.476ms
[2025-04-17T09:23:26.293+0000][174.294s][info][gc,cpu         ] GC(1502) User=0.00s Sys=0.00s Real=0.00s
[2025-04-17T09:23:26.387+0000][174.387s][info][gc,start       ] GC(1503) Pause Young (Allocation Failure)
[2025-04-17T09:23:26.388+0000][174.389s][info][gc,heap        ] GC(1503) DefNew: 9199K(10176K)->92K(10176K) Eden: 9088K(9088K)->0K(9088K) From: 111K(1088K)->92K(1088K)
[2025-04-17T09:23:26.388+0000][174.389s][info][gc,heap        ] GC(1503) Tenured: 18897K(22464K)->18898K(22464K)
[2025-04-17T09:23:26.388+0000][174.389s][info][gc,metaspace   ] GC(1503) Metaspace: 37409K(37760K)->37409K(37760K) NonClass: 32984K(33152K)->32984K(33152K) Class: 4425K(4608K)->4425K(4608K)
[2025-04-17T09:23:26.388+0000][174.389s][info][gc             ] GC(1503) Pause Young (Allocation Failure) 27M->18M(31M) 1.490ms
[2025-04-17T09:23:26.388+0000][174.389s][info][gc,cpu         ] GC(1503) User=0.00s Sys=0.00s Real=0.00s
[2025-04-17T09:23:26.521+0000][174.522s][info][gc,start       ] GC(1504) Pause Young (Allocation Failure)
[2025-04-17T09:23:26.522+0000][174.523s][info][gc,heap        ] GC(1504) DefNew: 9180K(10176K)->99K(10176K) Eden: 9087K(9088K)->0K(9088K) From: 92K(1088K)->99K(1088K)
[2025-04-17T09:23:26.522+0000][174.523s][info][gc,heap        ] GC(1504) Tenured: 18898K(22464K)->18898K(22464K)
[2025-04-17T09:23:26.522+0000][174.523s][info][gc,metaspace   ] GC(1504) Metaspace: 37409K(37760K)->37409K(37760K) NonClass: 32984K(33152K)->32984K(33152K) Class: 4425K(4608K)->4425K(4608K)
[2025-04-17T09:23:26.522+0000][174.523s][info][gc             ] GC(1504) Pause Young (Allocation Failure) 27M->18M(31M) 1.414ms
[2025-04-17T09:23:26.522+0000][174.523s][info][gc,cpu         ] GC(1504) User=0.00s Sys=0.00s Real=0.00s
[2025-04-17T09:23:26.673+0000][174.674s][info][gc,start       ] GC(1505) Pause Young (Allocation Failure)
[2025-04-17T09:23:26.674+0000][174.675s][info][gc,heap        ] GC(1505) DefNew: 9179K(10176K)->102K(10176K) Eden: 9080K(9088K)->0K(9088K) From: 99K(1088K)->102K(1088K)
[2025-04-17T09:23:26.674+0000][174.675s][info][gc,heap        ] GC(1505) Tenured: 18898K(22464K)->18899K(22464K)
[2025-04-17T09:23:26.674+0000][174.675s][info][gc,metaspace   ] GC(1505) Metaspace: 37413K(37760K)->37413K(37760K) NonClass: 32987K(33152K)->32987K(33152K) Class: 4425K(4608K)->4425K(4608K)
[2025-04-17T09:23:26.674+0000][174.675s][info][gc             ] GC(1505) Pause Young (Allocation Failure) 27M->18M(31M) 1.423ms
[2025-04-17T09:23:26.674+0000][174.675s][info][gc,cpu         ] GC(1505) User=0.00s Sys=0.00s Real=0.01s
[2025-04-17T09:23:26.822+0000][174.823s][info][gc,start       ] GC(1506) Pause Young (Allocation Failure)
[2025-04-17T09:23:26.824+0000][174.824s][info][gc,heap        ] GC(1506) DefNew: 9190K(10176K)->98K(10176K) Eden: 9088K(9088K)->0K(9088K) From: 102K(1088K)->98K(1088K)
[2025-04-17T09:23:26.824+0000][174.824s][info][gc,heap        ] GC(1506) Tenured: 18899K(22464K)->18899K(22464K)
[2025-04-17T09:23:26.824+0000][174.824s][info][gc,metaspace   ] GC(1506) Metaspace: 37413K(37760K)->37413K(37760K) NonClass: 32987K(33152K)->32987K(33152K) Class: 4425K(4608K)->4425K(4608K)
[2025-04-17T09:23:26.824+0000][174.825s][info][gc             ] GC(1506) Pause Young (Allocation Failure) 27M->18M(31M) 1.573ms
[2025-04-17T09:23:26.824+0000][174.825s][info][gc,cpu         ] GC(1506) User=0.00s Sys=0.00s Real=0.00s
[2025-04-17T09:23:26.912+0000][174.912s][info][gc,start       ] GC(1507) Pause Young (Allocation Failure)
[2025-04-17T09:23:26.913+0000][174.914s][info][gc,heap        ] GC(1507) DefNew: 9180K(10176K)->101K(10176K) Eden: 9081K(9088K)->0K(9088K) From: 98K(1088K)->101K(1088K)
[2025-04-17T09:23:26.913+0000][174.914s][info][gc,heap        ] GC(1507) Tenured: 18899K(22464K)->18899K(22464K)
[2025-04-17T09:23:26.913+0000][174.914s][info][gc,metaspace   ] GC(1507) Metaspace: 37413K(37760K)->37413K(37760K) NonClass: 32987K(33152K)->32987K(33152K) Class: 4425K(4608K)->4425K(4608K)
[2025-04-17T09:23:26.913+0000][174.914s][info][gc             ] GC(1507) Pause Young (Allocation Failure) 27M->18M(31M) 1.358ms
[2025-04-17T09:23:26.913+0000][174.914s][info][gc,cpu         ] GC(1507) User=0.00s Sys=0.00s Real=0.00s
[2025-04-17T09:23:26.965+0000][174.965s][info][gc,start       ] GC(1508) Pause Young (Allocation Failure)
[2025-04-17T09:23:26.966+0000][174.967s][info][gc,heap        ] GC(1508) DefNew: 9189K(10176K)->87K(10176K) Eden: 9088K(9088K)->0K(9088K) From: 101K(1088K)->87K(1088K)
[2025-04-17T09:23:26.966+0000][174.967s][info][gc,heap        ] GC(1508) Tenured: 18899K(22464K)->18899K(22464K)
[2025-04-17T09:23:26.966+0000][174.967s][info][gc,metaspace   ] GC(1508) Metaspace: 37413K(37760K)->37413K(37760K) NonClass: 32987K(33152K)->32987K(33152K) Class: 4425K(4608K)->4425K(4608K)
[2025-04-17T09:23:26.966+0000][174.967s][info][gc             ] GC(1508) Pause Young (Allocation Failure) 27M->18M(31M) 1.384ms
[2025-04-17T09:23:26.966+0000][174.967s][info][gc,cpu         ] GC(1508) User=0.00s Sys=0.00s Real=0.00s
[2025-04-17T09:23:27.039+0000][175.039s][info][gc,start       ] GC(1509) Pause Young (Allocation Failure)
[2025-04-17T09:23:27.040+0000][175.041s][info][gc,heap        ] GC(1509) DefNew: 9175K(10176K)->126K(10176K) Eden: 9088K(9088K)->0K(9088K) From: 87K(1088K)->126K(1088K)
[2025-04-17T09:23:27.040+0000][175.041s][info][gc,heap        ] GC(1509) Tenured: 18899K(22464K)->18903K(22464K)
[2025-04-17T09:23:27.040+0000][175.041s][info][gc,metaspace   ] GC(1509) Metaspace: 37413K(37760K)->37413K(37760K) NonClass: 32987K(33152K)->32987K(33152K) Class: 4425K(4608K)->4425K(4608K)
[2025-04-17T09:23:27.040+0000][175.041s][info][gc             ] GC(1509) Pause Young (Allocation Failure) 27M->18M(31M) 1.400ms
[2025-04-17T09:23:27.040+0000][175.041s][info][gc,cpu         ] GC(1509) User=0.00s Sys=0.00s Real=0.00s
[2025-04-17T09:23:27.144+0000][175.144s][info][gc,start       ] GC(1510) Pause Young (Allocation Failure)
[2025-04-17T09:23:27.145+0000][175.146s][info][gc,heap        ] GC(1510) DefNew: 9214K(10176K)->89K(10176K) Eden: 9088K(9088K)->0K(9088K) From: 126K(1088K)->89K(1088K)
[2025-04-17T09:23:27.145+0000][175.146s][info][gc,heap        ] GC(1510) Tenured: 18903K(22464K)->18905K(22464K)
[2025-04-17T09:23:27.145+0000][175.146s][info][gc,metaspace   ] GC(1510) Metaspace: 37413K(37760K)->37413K(37760K) NonClass: 32987K(33152K)->32987K(33152K) Class: 4425K(4608K)->4425K(4608K)
[2025-04-17T09:23:27.145+0000][175.146s][info][gc             ] GC(1510) Pause Young (Allocation Failure) 27M->18M(31M) 1.436ms
[2025-04-17T09:23:27.145+0000][175.146s][info][gc,cpu         ] GC(1510) User=0.01s Sys=0.00s Real=0.01s
[2025-04-17T09:23:27.281+0000][175.282s][info][gc,start       ] GC(1511) Pause Young (Allocation Failure)
[2025-04-17T09:23:27.283+0000][175.283s][info][gc,heap        ] GC(1511) DefNew: 9177K(10176K)->157K(10176K) Eden: 9088K(9088K)->0K(9088K) From: 89K(1088K)->157K(1088K)
[2025-04-17T09:23:27.283+0000][175.284s][info][gc,heap        ] GC(1511) Tenured: 18905K(22464K)->18908K(22464K)
[2025-04-17T09:23:27.283+0000][175.284s][info][gc,metaspace   ] GC(1511) Metaspace: 37413K(37760K)->37413K(37760K) NonClass: 32987K(33152K)->32987K(33152K) Class: 4425K(4608K)->4425K(4608K)
[2025-04-17T09:23:27.283+0000][175.284s][info][gc             ] GC(1511) Pause Young (Allocation Failure) 27M->18M(31M) 1.521ms
[2025-04-17T09:23:27.283+0000][175.284s][info][gc,cpu         ] GC(1511) User=0.00s Sys=0.00s Real=0.00s
[2025-04-17T09:23:27.356+0000][175.356s][info][gc,start       ] GC(1512) Pause Young (Allocation Failure)
[2025-04-17T09:23:27.357+0000][175.358s][info][gc,heap        ] GC(1512) DefNew: 9245K(10176K)->89K(10176K) Eden: 9087K(9088K)->0K(9088K) From: 157K(1088K)->89K(1088K)
[2025-04-17T09:23:27.357+0000][175.358s][info][gc,heap        ] GC(1512) Tenured: 18908K(22464K)->18908K(22464K)
[2025-04-17T09:23:27.357+0000][175.358s][info][gc,metaspace   ] GC(1512) Metaspace: 37413K(37760K)->37413K(37760K) NonClass: 32987K(33152K)->32987K(33152K) Class: 4425K(4608K)->4425K(4608K)
[2025-04-17T09:23:27.357+0000][175.358s][info][gc             ] GC(1512) Pause Young (Allocation Failure) 27M->18M(31M) 1.483ms
[2025-04-17T09:23:27.357+0000][175.358s][info][gc,cpu         ] GC(1512) User=0.01s Sys=0.00s Real=0.00s
[2025-04-17T09:23:27.461+0000][175.462s][info][gc,start       ] GC(1513) Pause Young (Allocation Failure)
[2025-04-17T09:23:27.463+0000][175.463s][info][gc,heap        ] GC(1513) DefNew: 9177K(10176K)->101K(10176K) Eden: 9088K(9088K)->0K(9088K) From: 89K(1088K)->101K(1088K)
[2025-04-17T09:23:27.463+0000][175.463s][info][gc,heap        ] GC(1513) Tenured: 18908K(22464K)->18908K(22464K)
[2025-04-17T09:23:27.463+0000][175.463s][info][gc,metaspace   ] GC(1513) Metaspace: 37413K(37760K)->37413K(37760K) NonClass: 32987K(33152K)->32987K(33152K) Class: 4425K(4608K)->4425K(4608K)
[2025-04-17T09:23:27.463+0000][175.463s][info][gc             ] GC(1513) Pause Young (Allocation Failure) 27M->18M(31M) 1.380ms
[2025-04-17T09:23:27.463+0000][175.463s][info][gc,cpu         ] GC(1513) User=0.01s Sys=0.00s Real=0.00s
[2025-04-17T09:23:27.568+0000][175.569s][info][gc,start       ] GC(1514) Pause Young (Allocation Failure)
[2025-04-17T09:23:27.570+0000][175.570s][info][gc,heap        ] GC(1514) DefNew: 9189K(10176K)->91K(10176K) Eden: 9088K(9088K)->0K(9088K) From: 101K(1088K)->91K(1088K)
[2025-04-17T09:23:27.570+0000][175.570s][info][gc,heap        ] GC(1514) Tenured: 18908K(22464K)->18908K(22464K)
[2025-04-17T09:23:27.570+0000][175.570s][info][gc,metaspace   ] GC(1514) Metaspace: 37413K(37760K)->37413K(37760K) NonClass: 32987K(33152K)->32987K(33152K) Class: 4425K(4608K)->4425K(4608K)
[2025-04-17T09:23:27.570+0000][175.570s][info][gc             ] GC(1514) Pause Young (Allocation Failure) 27M->18M(31M) 1.458ms
[2025-04-17T09:23:27.570+0000][175.570s][info][gc,cpu         ] GC(1514) User=0.00s Sys=0.00s Real=0.00s
[2025-04-17T09:23:27.675+0000][175.675s][info][gc,start       ] GC(1515) Pause Young (Allocation Failure)
[2025-04-17T09:23:27.676+0000][175.677s][info][gc,heap        ] GC(1515) DefNew: 9179K(10176K)->104K(10176K) Eden: 9087K(9088K)->0K(9088K) From: 91K(1088K)->104K(1088K)
[2025-04-17T09:23:27.676+0000][175.677s][info][gc,heap        ] GC(1515) Tenured: 18908K(22464K)->18908K(22464K)
[2025-04-17T09:23:27.676+0000][175.677s][info][gc,metaspace   ] GC(1515) Metaspace: 37413K(37760K)->37413K(37760K) NonClass: 32987K(33152K)->32987K(33152K) Class: 4425K(4608K)->4425K(4608K)
[2025-04-17T09:23:27.676+0000][175.677s][info][gc             ] GC(1515) Pause Young (Allocation Failure) 27M->18M(31M) 1.435ms
[2025-04-17T09:23:27.676+0000][175.677s][info][gc,cpu         ] GC(1515) User=0.00s Sys=0.00s Real=0.00s
[2025-04-17T09:23:27.856+0000][175.857s][info][gc,start       ] GC(1516) Pause Young (Allocation Failure)
[2025-04-17T09:23:27.857+0000][175.858s][info][gc,heap        ] GC(1516) DefNew: 9192K(10176K)->99K(10176K) Eden: 9088K(9088K)->0K(9088K) From: 104K(1088K)->99K(1088K)
[2025-04-17T09:23:27.858+0000][175.858s][info][gc,heap        ] GC(1516) Tenured: 18908K(22464K)->18909K(22464K)
[2025-04-17T09:23:27.858+0000][175.858s][info][gc,metaspace   ] GC(1516) Metaspace: 37413K(37760K)->37413K(37760K) NonClass: 32987K(33152K)->32987K(33152K) Class: 4425K(4608K)->4425K(4608K)
[2025-04-17T09:23:27.858+0000][175.858s][info][gc             ] GC(1516) Pause Young (Allocation Failure) 27M->18M(31M) 1.565ms
[2025-04-17T09:23:27.858+0000][175.858s][info][gc,cpu         ] GC(1516) User=0.00s Sys=0.00s Real=0.00s
[2025-04-17T09:23:27.960+0000][175.960s][info][gc,start       ] GC(1517) Pause Young (Allocation Failure)
[2025-04-17T09:23:27.961+0000][175.962s][info][gc,heap        ] GC(1517) DefNew: 9187K(10176K)->77K(10176K) Eden: 9087K(9088K)->0K(9088K) From: 99K(1088K)->77K(1088K)
[2025-04-17T09:23:27.961+0000][175.962s][info][gc,heap        ] GC(1517) Tenured: 18909K(22464K)->18909K(22464K)
[2025-04-17T09:23:27.961+0000][175.962s][info][gc,metaspace   ] GC(1517) Metaspace: 37413K(37760K)->37413K(37760K) NonClass: 32987K(33152K)->32987K(33152K) Class: 4425K(4608K)->4425K(4608K)
[2025-04-17T09:23:27.961+0000][175.962s][info][gc             ] GC(1517) Pause Young (Allocation Failure) 27M->18M(31M) 1.311ms
[2025-04-17T09:23:27.961+0000][175.962s][info][gc,cpu         ] GC(1517) User=0.00s Sys=0.00s Real=0.00s
[2025-04-17T09:23:28.172+0000][176.172s][info][gc,start       ] GC(1518) Pause Young (Allocation Failure)
[2025-04-17T09:23:28.173+0000][176.174s][info][gc,heap        ] GC(1518) DefNew: 9165K(10176K)->91K(10176K) Eden: 9087K(9088K)->0K(9088K) From: 77K(1088K)->91K(1088K)
[2025-04-17T09:23:28.173+0000][176.174s][info][gc,heap        ] GC(1518) Tenured: 18909K(22464K)->18909K(22464K)
[2025-04-17T09:23:28.173+0000][176.174s][info][gc,metaspace   ] GC(1518) Metaspace: 37413K(37760K)->37413K(37760K) NonClass: 32987K(33152K)->32987K(33152K) Class: 4425K(4608K)->4425K(4608K)
[2025-04-17T09:23:28.173+0000][176.174s][info][gc             ] GC(1518) Pause Young (Allocation Failure) 27M->18M(31M) 1.499ms
[2025-04-17T09:23:28.173+0000][176.174s][info][gc,cpu         ] GC(1518) User=0.00s Sys=0.00s Real=0.00s
[2025-04-17T09:23:28.317+0000][176.317s][info][gc,start       ] GC(1519) Pause Young (Allocation Failure)
[2025-04-17T09:23:28.318+0000][176.319s][info][gc,heap        ] GC(1519) DefNew: 9179K(10176K)->118K(10176K) Eden: 9087K(9088K)->0K(9088K) From: 91K(1088K)->118K(1088K)
[2025-04-17T09:23:28.318+0000][176.319s][info][gc,heap        ] GC(1519) Tenured: 18909K(22464K)->18909K(22464K)
[2025-04-17T09:23:28.318+0000][176.319s][info][gc,metaspace   ] GC(1519) Metaspace: 37413K(37760K)->37413K(37760K) NonClass: 32987K(33152K)->32987K(33152K) Class: 4425K(4608K)->4425K(4608K)
[2025-04-17T09:23:28.318+0000][176.319s][info][gc             ] GC(1519) Pause Young (Allocation Failure) 27M->18M(31M) 1.498ms
[2025-04-17T09:23:28.318+0000][176.319s][info][gc,cpu         ] GC(1519) User=0.00s Sys=0.00s Real=0.00s
[2025-04-17T09:23:28.492+0000][176.493s][info][gc,start       ] GC(1520) Pause Young (Allocation Failure)
[2025-04-17T09:23:28.494+0000][176.494s][info][gc,heap        ] GC(1520) DefNew: 9206K(10176K)->110K(10176K) Eden: 9088K(9088K)->0K(9088K) From: 118K(1088K)->110K(1088K)
[2025-04-17T09:23:28.494+0000][176.494s][info][gc,heap        ] GC(1520) Tenured: 18909K(22464K)->18909K(22464K)
[2025-04-17T09:23:28.494+0000][176.494s][info][gc,metaspace   ] GC(1520) Metaspace: 37413K(37760K)->37413K(37760K) NonClass: 32987K(33152K)->32987K(33152K) Class: 4425K(4608K)->4425K(4608K)
[2025-04-17T09:23:28.494+0000][176.495s][info][gc             ] GC(1520) Pause Young (Allocation Failure) 27M->18M(31M) 1.565ms
[2025-04-17T09:23:28.494+0000][176.495s][info][gc,cpu         ] GC(1520) User=0.00s Sys=0.00s Real=0.00s
[2025-04-17T09:23:28.580+0000][176.581s][info][gc,start       ] GC(1521) Pause Young (Allocation Failure)
[2025-04-17T09:23:28.582+0000][176.582s][info][gc,heap        ] GC(1521) DefNew: 9198K(10176K)->116K(10176K) Eden: 9087K(9088K)->0K(9088K) From: 110K(1088K)->116K(1088K)
[2025-04-17T09:23:28.582+0000][176.582s][info][gc,heap        ] GC(1521) Tenured: 18909K(22464K)->18909K(22464K)
[2025-04-17T09:23:28.582+0000][176.583s][info][gc,metaspace   ] GC(1521) Metaspace: 37413K(37760K)->37413K(37760K) NonClass: 32987K(33152K)->32987K(33152K) Class: 4425K(4608K)->4425K(4608K)
[2025-04-17T09:23:28.582+0000][176.583s][info][gc             ] GC(1521) Pause Young (Allocation Failure) 27M->18M(31M) 1.532ms
[2025-04-17T09:23:28.582+0000][176.583s][info][gc,cpu         ] GC(1521) User=0.01s Sys=0.00s Real=0.00s
[2025-04-17T09:23:28.658+0000][176.658s][info][gc,start       ] GC(1522) Pause Young (Allocation Failure)
[2025-04-17T09:23:28.659+0000][176.660s][info][gc,heap        ] GC(1522) DefNew: 9204K(10176K)->115K(10176K) Eden: 9088K(9088K)->0K(9088K) From: 116K(1088K)->115K(1088K)
[2025-04-17T09:23:28.659+0000][176.660s][info][gc,heap        ] GC(1522) Tenured: 18909K(22464K)->18909K(22464K)
[2025-04-17T09:23:28.659+0000][176.660s][info][gc,metaspace   ] GC(1522) Metaspace: 37413K(37760K)->37413K(37760K) NonClass: 32987K(33152K)->32987K(33152K) Class: 4425K(4608K)->4425K(4608K)
[2025-04-17T09:23:28.659+0000][176.660s][info][gc             ] GC(1522) Pause Young (Allocation Failure) 27M->18M(31M) 1.460ms
[2025-04-17T09:23:28.659+0000][176.660s][info][gc,cpu         ] GC(1522) User=0.00s Sys=0.00s Real=0.00s
[2025-04-17T09:23:28.866+0000][176.866s][info][gc,start       ] GC(1523) Pause Young (Allocation Failure)
[2025-04-17T09:23:28.867+0000][176.868s][info][gc,heap        ] GC(1523) DefNew: 9203K(10176K)->121K(10176K) Eden: 9088K(9088K)->0K(9088K) From: 115K(1088K)->121K(1088K)
[2025-04-17T09:23:28.867+0000][176.868s][info][gc,heap        ] GC(1523) Tenured: 18909K(22464K)->18909K(22464K)
[2025-04-17T09:23:28.867+0000][176.868s][info][gc,metaspace   ] GC(1523) Metaspace: 37413K(37760K)->37413K(37760K) NonClass: 32987K(33152K)->32987K(33152K) Class: 4425K(4608K)->4425K(4608K)
[2025-04-17T09:23:28.867+0000][176.868s][info][gc             ] GC(1523) Pause Young (Allocation Failure) 27M->18M(31M) 1.542ms
[2025-04-17T09:23:28.867+0000][176.868s][info][gc,cpu         ] GC(1523) User=0.00s Sys=0.00s Real=0.00s
[2025-04-17T09:23:29.057+0000][177.058s][info][gc,start       ] GC(1524) Pause Young (Allocation Failure)
[2025-04-17T09:23:29.058+0000][177.059s][info][gc,heap        ] GC(1524) DefNew: 9209K(10176K)->105K(10176K) Eden: 9087K(9088K)->0K(9088K) From: 121K(1088K)->105K(1088K)
[2025-04-17T09:23:29.058+0000][177.059s][info][gc,heap        ] GC(1524) Tenured: 18909K(22464K)->18909K(22464K)
[2025-04-17T09:23:29.058+0000][177.059s][info][gc,metaspace   ] GC(1524) Metaspace: 37413K(37760K)->37413K(37760K) NonClass: 32987K(33152K)->32987K(33152K) Class: 4425K(4608K)->4425K(4608K)
[2025-04-17T09:23:29.059+0000][177.059s][info][gc             ] GC(1524) Pause Young (Allocation Failure) 27M->18M(31M) 1.557ms
[2025-04-17T09:23:29.059+0000][177.059s][info][gc,cpu         ] GC(1524) User=0.00s Sys=0.00s Real=0.00s
[2025-04-17T09:23:29.128+0000][177.128s][info][gc,start       ] GC(1525) Pause Young (Allocation Failure)
[2025-04-17T09:23:29.129+0000][177.130s][info][gc,heap        ] GC(1525) DefNew: 9193K(10176K)->86K(10176K) Eden: 9088K(9088K)->0K(9088K) From: 105K(1088K)->86K(1088K)
[2025-04-17T09:23:29.129+0000][177.130s][info][gc,heap        ] GC(1525) Tenured: 18909K(22464K)->18919K(22464K)
[2025-04-17T09:23:29.129+0000][177.130s][info][gc,metaspace   ] GC(1525) Metaspace: 37413K(37760K)->37413K(37760K) NonClass: 32987K(33152K)->32987K(33152K) Class: 4425K(4608K)->4425K(4608K)
[2025-04-17T09:23:29.129+0000][177.130s][info][gc             ] GC(1525) Pause Young (Allocation Failure) 27M->18M(31M) 1.359ms
[2025-04-17T09:23:29.129+0000][177.130s][info][gc,cpu         ] GC(1525) User=0.00s Sys=0.00s Real=0.00s
[2025-04-17T09:23:29.207+0000][177.208s][info][gc,start       ] GC(1526) Pause Young (Allocation Failure)
[2025-04-17T09:23:29.209+0000][177.209s][info][gc,heap        ] GC(1526) DefNew: 9174K(10176K)->152K(10176K) Eden: 9088K(9088K)->0K(9088K) From: 86K(1088K)->152K(1088K)
[2025-04-17T09:23:29.209+0000][177.209s][info][gc,heap        ] GC(1526) Tenured: 18919K(22464K)->18921K(22464K)
[2025-04-17T09:23:29.209+0000][177.209s][info][gc,metaspace   ] GC(1526) Metaspace: 37413K(37760K)->37413K(37760K) NonClass: 32987K(33152K)->32987K(33152K) Class: 4425K(4608K)->4425K(4608K)
[2025-04-17T09:23:29.209+0000][177.209s][info][gc             ] GC(1526) Pause Young (Allocation Failure) 27M->18M(31M) 1.644ms
[2025-04-17T09:23:29.209+0000][177.209s][info][gc,cpu         ] GC(1526) User=0.01s Sys=0.00s Real=0.00s
[2025-04-17T09:23:29.272+0000][177.273s][info][gc,start       ] GC(1527) Pause Young (Allocation Failure)
[2025-04-17T09:23:29.274+0000][177.274s][info][gc,heap        ] GC(1527) DefNew: 9240K(10176K)->100K(10176K) Eden: 9087K(9088K)->0K(9088K) From: 152K(1088K)->100K(1088K)
[2025-04-17T09:23:29.274+0000][177.274s][info][gc,heap        ] GC(1527) Tenured: 18921K(22464K)->18921K(22464K)
[2025-04-17T09:23:29.274+0000][177.274s][info][gc,metaspace   ] GC(1527) Metaspace: 37413K(37760K)->37413K(37760K) NonClass: 32987K(33152K)->32987K(33152K) Class: 4425K(4608K)->4425K(4608K)
[2025-04-17T09:23:29.274+0000][177.274s][info][gc             ] GC(1527) Pause Young (Allocation Failure) 27M->18M(31M) 1.403ms
[2025-04-17T09:23:29.274+0000][177.274s][info][gc,cpu         ] GC(1527) User=0.00s Sys=0.00s Real=0.00s
[2025-04-17T09:23:29.395+0000][177.395s][info][gc,start       ] GC(1528) Pause Young (Allocation Failure)
[2025-04-17T09:23:29.396+0000][177.397s][info][gc,heap        ] GC(1528) DefNew: 9188K(10176K)->138K(10176K) Eden: 9088K(9088K)->0K(9088K) From: 100K(1088K)->138K(1088K)
[2025-04-17T09:23:29.396+0000][177.397s][info][gc,heap        ] GC(1528) Tenured: 18921K(22464K)->18921K(22464K)
[2025-04-17T09:23:29.396+0000][177.397s][info][gc,metaspace   ] GC(1528) Metaspace: 37413K(37760K)->37413K(37760K) NonClass: 32987K(33152K)->32987K(33152K) Class: 4425K(4608K)->4425K(4608K)
[2025-04-17T09:23:29.396+0000][177.397s][info][gc             ] GC(1528) Pause Young (Allocation Failure) 27M->18M(31M) 1.459ms
[2025-04-17T09:23:29.396+0000][177.397s][info][gc,cpu         ] GC(1528) User=0.00s Sys=0.00s Real=0.00s
[2025-04-17T09:23:29.514+0000][177.515s][info][gc,start       ] GC(1529) Pause Young (Allocation Failure)
[2025-04-17T09:23:29.516+0000][177.516s][info][gc,heap        ] GC(1529) DefNew: 9226K(10176K)->149K(10176K) Eden: 9087K(9088K)->0K(9088K) From: 138K(1088K)->149K(1088K)
[2025-04-17T09:23:29.516+0000][177.516s][info][gc,heap        ] GC(1529) Tenured: 18921K(22464K)->18922K(22464K)
[2025-04-17T09:23:29.516+0000][177.516s][info][gc,metaspace   ] GC(1529) Metaspace: 37413K(37760K)->37413K(37760K) NonClass: 32987K(33152K)->32987K(33152K) Class: 4425K(4608K)->4425K(4608K)
[2025-04-17T09:23:29.516+0000][177.517s][info][gc             ] GC(1529) Pause Young (Allocation Failure) 27M->18M(31M) 1.469ms
[2025-04-17T09:23:29.516+0000][177.517s][info][gc,cpu         ] GC(1529) User=0.01s Sys=0.00s Real=0.00s
[2025-04-17T09:23:29.627+0000][177.627s][info][gc,start       ] GC(1530) Pause Young (Allocation Failure)
[2025-04-17T09:23:29.628+0000][177.629s][info][gc,heap        ] GC(1530) DefNew: 9237K(10176K)->121K(10176K) Eden: 9088K(9088K)->0K(9088K) From: 149K(1088K)->121K(1088K)
[2025-04-17T09:23:29.628+0000][177.629s][info][gc,heap        ] GC(1530) Tenured: 18922K(22464K)->18923K(22464K)
[2025-04-17T09:23:29.628+0000][177.629s][info][gc,metaspace   ] GC(1530) Metaspace: 37413K(37760K)->37413K(37760K) NonClass: 32987K(33152K)->32987K(33152K) Class: 4425K(4608K)->4425K(4608K)
[2025-04-17T09:23:29.628+0000][177.629s][info][gc             ] GC(1530) Pause Young (Allocation Failure) 27M->18M(31M) 1.454ms
[2025-04-17T09:23:29.628+0000][177.629s][info][gc,cpu         ] GC(1530) User=0.00s Sys=0.00s Real=0.00s
[2025-04-17T09:23:29.834+0000][177.835s][info][gc,start       ] GC(1531) Pause Young (Allocation Failure)
[2025-04-17T09:23:29.836+0000][177.836s][info][gc,heap        ] GC(1531) DefNew: 9209K(10176K)->141K(10176K) Eden: 9087K(9088K)->0K(9088K) From: 121K(1088K)->141K(1088K)
[2025-04-17T09:23:29.836+0000][177.836s][info][gc,heap        ] GC(1531) Tenured: 18923K(22464K)->18924K(22464K)
[2025-04-17T09:23:29.836+0000][177.837s][info][gc,metaspace   ] GC(1531) Metaspace: 37413K(37760K)->37413K(37760K) NonClass: 32987K(33152K)->32987K(33152K) Class: 4425K(4608K)->4425K(4608K)
[2025-04-17T09:23:29.836+0000][177.837s][info][gc             ] GC(1531) Pause Young (Allocation Failure) 27M->18M(31M) 1.596ms
[2025-04-17T09:23:29.836+0000][177.837s][info][gc,cpu         ] GC(1531) User=0.00s Sys=0.00s Real=0.00s
[2025-04-17T09:23:29.981+0000][177.982s][info][gc,start       ] GC(1532) Pause Young (Allocation Failure)
[2025-04-17T09:23:29.982+0000][177.983s][info][gc,heap        ] GC(1532) DefNew: 9229K(10176K)->148K(10176K) Eden: 9087K(9088K)->0K(9088K) From: 141K(1088K)->148K(1088K)
[2025-04-17T09:23:29.982+0000][177.983s][info][gc,heap        ] GC(1532) Tenured: 18924K(22464K)->18924K(22464K)
[2025-04-17T09:23:29.982+0000][177.983s][info][gc,metaspace   ] GC(1532) Metaspace: 37413K(37760K)->37413K(37760K) NonClass: 32987K(33152K)->32987K(33152K) Class: 4425K(4608K)->4425K(4608K)
[2025-04-17T09:23:29.982+0000][177.983s][info][gc             ] GC(1532) Pause Young (Allocation Failure) 27M->18M(31M) 1.385ms
[2025-04-17T09:23:29.982+0000][177.983s][info][gc,cpu         ] GC(1532) User=0.00s Sys=0.00s Real=0.00s
[2025-04-17T09:23:30.114+0000][178.115s][info][gc,start       ] GC(1533) Pause Young (Allocation Failure)
[2025-04-17T09:23:30.116+0000][178.116s][info][gc,heap        ] GC(1533) DefNew: 9236K(10176K)->136K(10176K) Eden: 9087K(9088K)->0K(9088K) From: 148K(1088K)->136K(1088K)
[2025-04-17T09:23:30.116+0000][178.116s][info][gc,heap        ] GC(1533) Tenured: 18924K(22464K)->18928K(22464K)
[2025-04-17T09:23:30.116+0000][178.116s][info][gc,metaspace   ] GC(1533) Metaspace: 37413K(37760K)->37413K(37760K) NonClass: 32987K(33152K)->32987K(33152K) Class: 4425K(4608K)->4425K(4608K)
[2025-04-17T09:23:30.116+0000][178.116s][info][gc             ] GC(1533) Pause Young (Allocation Failure) 27M->18M(31M) 1.502ms
[2025-04-17T09:23:30.116+0000][178.116s][info][gc,cpu         ] GC(1533) User=0.00s Sys=0.00s Real=0.00s
[2025-04-17T09:23:30.183+0000][178.184s][info][gc,start       ] GC(1534) Pause Young (Allocation Failure)
[2025-04-17T09:23:30.185+0000][178.185s][info][gc,heap        ] GC(1534) DefNew: 9224K(10176K)->159K(10176K) Eden: 9087K(9088K)->0K(9088K) From: 136K(1088K)->159K(1088K)
[2025-04-17T09:23:30.185+0000][178.185s][info][gc,heap        ] GC(1534) Tenured: 18928K(22464K)->18934K(22464K)
[2025-04-17T09:23:30.185+0000][178.185s][info][gc,metaspace   ] GC(1534) Metaspace: 37413K(37760K)->37413K(37760K) NonClass: 32987K(33152K)->32987K(33152K) Class: 4425K(4608K)->4425K(4608K)
[2025-04-17T09:23:30.185+0000][178.185s][info][gc             ] GC(1534) Pause Young (Allocation Failure) 27M->18M(31M) 1.635ms
[2025-04-17T09:23:30.185+0000][178.185s][info][gc,cpu         ] GC(1534) User=0.00s Sys=0.00s Real=0.01s
[2025-04-17T09:23:30.246+0000][178.247s][info][gc,start       ] GC(1535) Pause Young (Allocation Failure)
[2025-04-17T09:23:30.247+0000][178.248s][info][gc,heap        ] GC(1535) DefNew: 9242K(10176K)->125K(10176K) Eden: 9083K(9088K)->0K(9088K) From: 159K(1088K)->125K(1088K)
[2025-04-17T09:23:30.247+0000][178.248s][info][gc,heap        ] GC(1535) Tenured: 18934K(22464K)->18937K(22464K)
[2025-04-17T09:23:30.247+0000][178.248s][info][gc,metaspace   ] GC(1535) Metaspace: 37413K(37760K)->37413K(37760K) NonClass: 32987K(33152K)->32987K(33152K) Class: 4425K(4608K)->4425K(4608K)
[2025-04-17T09:23:30.247+0000][178.248s][info][gc             ] GC(1535) Pause Young (Allocation Failure) 27M->18M(31M) 1.347ms
[2025-04-17T09:23:30.247+0000][178.248s][info][gc,cpu         ] GC(1535) User=0.00s Sys=0.00s Real=0.00s
[2025-04-17T09:23:30.391+0000][178.391s][info][gc,start       ] GC(1536) Pause Young (Allocation Failure)
[2025-04-17T09:23:30.392+0000][178.393s][info][gc,heap        ] GC(1536) DefNew: 9213K(10176K)->128K(10176K) Eden: 9088K(9088K)->0K(9088K) From: 125K(1088K)->128K(1088K)
[2025-04-17T09:23:30.392+0000][178.393s][info][gc,heap        ] GC(1536) Tenured: 18937K(22464K)->18939K(22464K)
[2025-04-17T09:23:30.392+0000][178.393s][info][gc,metaspace   ] GC(1536) Metaspace: 37413K(37760K)->37413K(37760K) NonClass: 32987K(33152K)->32987K(33152K) Class: 4425K(4608K)->4425K(4608K)
[2025-04-17T09:23:30.392+0000][178.393s][info][gc             ] GC(1536) Pause Young (Allocation Failure) 27M->18M(31M) 1.561ms
[2025-04-17T09:23:30.392+0000][178.393s][info][gc,cpu         ] GC(1536) User=0.00s Sys=0.00s Real=0.00s
[2025-04-17T09:23:30.467+0000][178.468s][info][gc,start       ] GC(1537) Pause Young (Allocation Failure)
[2025-04-17T09:23:30.468+0000][178.469s][info][gc,heap        ] GC(1537) DefNew: 9215K(10176K)->141K(10176K) Eden: 9087K(9088K)->0K(9088K) From: 128K(1088K)->141K(1088K)
[2025-04-17T09:23:30.468+0000][178.469s][info][gc,heap        ] GC(1537) Tenured: 18939K(22464K)->18939K(22464K)
[2025-04-17T09:23:30.468+0000][178.469s][info][gc,metaspace   ] GC(1537) Metaspace: 37413K(37760K)->37413K(37760K) NonClass: 32987K(33152K)->32987K(33152K) Class: 4425K(4608K)->4425K(4608K)
[2025-04-17T09:23:30.468+0000][178.469s][info][gc             ] GC(1537) Pause Young (Allocation Failure) 27M->18M(31M) 1.466ms
[2025-04-17T09:23:30.468+0000][178.469s][info][gc,cpu         ] GC(1537) User=0.00s Sys=0.00s Real=0.00s
[2025-04-17T09:23:30.527+0000][178.528s][info][gc,start       ] GC(1538) Pause Young (Allocation Failure)
[2025-04-17T09:23:30.529+0000][178.529s][info][gc,heap        ] GC(1538) DefNew: 9229K(10176K)->143K(10176K) Eden: 9088K(9088K)->0K(9088K) From: 141K(1088K)->143K(1088K)
[2025-04-17T09:23:30.529+0000][178.529s][info][gc,heap        ] GC(1538) Tenured: 18939K(22464K)->18942K(22464K)
[2025-04-17T09:23:30.529+0000][178.529s][info][gc,metaspace   ] GC(1538) Metaspace: 37413K(37760K)->37413K(37760K) NonClass: 32987K(33152K)->32987K(33152K) Class: 4425K(4608K)->4425K(4608K)
[2025-04-17T09:23:30.529+0000][178.529s][info][gc             ] GC(1538) Pause Young (Allocation Failure) 27M->18M(31M) 1.316ms
[2025-04-17T09:23:30.529+0000][178.529s][info][gc,cpu         ] GC(1538) User=0.00s Sys=0.00s Real=0.00s
[2025-04-17T09:23:30.665+0000][178.665s][info][gc,start       ] GC(1539) Pause Young (Allocation Failure)
[2025-04-17T09:23:30.666+0000][178.667s][info][gc,heap        ] GC(1539) DefNew: 9231K(10176K)->128K(10176K) Eden: 9088K(9088K)->0K(9088K) From: 143K(1088K)->128K(1088K)
[2025-04-17T09:23:30.666+0000][178.667s][info][gc,heap        ] GC(1539) Tenured: 18942K(22464K)->18942K(22464K)
[2025-04-17T09:23:30.666+0000][178.667s][info][gc,metaspace   ] GC(1539) Metaspace: 37413K(37760K)->37413K(37760K) NonClass: 32987K(33152K)->32987K(33152K) Class: 4425K(4608K)->4425K(4608K)
[2025-04-17T09:23:30.666+0000][178.667s][info][gc             ] GC(1539) Pause Young (Allocation Failure) 27M->18M(31M) 1.510ms
[2025-04-17T09:23:30.666+0000][178.667s][info][gc,cpu         ] GC(1539) User=0.00s Sys=0.00s Real=0.00s
[2025-04-17T09:23:30.734+0000][178.734s][info][gc,start       ] GC(1540) Pause Young (Allocation Failure)
[2025-04-17T09:23:30.735+0000][178.736s][info][gc,heap        ] GC(1540) DefNew: 9216K(10176K)->137K(10176K) Eden: 9088K(9088K)->0K(9088K) From: 128K(1088K)->137K(1088K)
[2025-04-17T09:23:30.735+0000][178.736s][info][gc,heap        ] GC(1540) Tenured: 18942K(22464K)->18943K(22464K)
[2025-04-17T09:23:30.735+0000][178.736s][info][gc,metaspace   ] GC(1540) Metaspace: 37413K(37760K)->37413K(37760K) NonClass: 32987K(33152K)->32987K(33152K) Class: 4425K(4608K)->4425K(4608K)
[2025-04-17T09:23:30.735+0000][178.736s][info][gc             ] GC(1540) Pause Young (Allocation Failure) 27M->18M(31M) 1.404ms
[2025-04-17T09:23:30.735+0000][178.736s][info][gc,cpu         ] GC(1540) User=0.01s Sys=0.00s Real=0.01s
[2025-04-17T09:23:30.817+0000][178.818s][info][gc,start       ] GC(1541) Pause Young (Allocation Failure)
[2025-04-17T09:23:30.819+0000][178.820s][info][gc,heap        ] GC(1541) DefNew: 9225K(10176K)->158K(10176K) Eden: 9088K(9088K)->0K(9088K) From: 137K(1088K)->158K(1088K)
[2025-04-17T09:23:30.819+0000][178.820s][info][gc,heap        ] GC(1541) Tenured: 18943K(22464K)->18948K(22464K)
[2025-04-17T09:23:30.819+0000][178.820s][info][gc,metaspace   ] GC(1541) Metaspace: 37413K(37760K)->37413K(37760K) NonClass: 32987K(33152K)->32987K(33152K) Class: 4425K(4608K)->4425K(4608K)
[2025-04-17T09:23:30.819+0000][178.820s][info][gc             ] GC(1541) Pause Young (Allocation Failure) 27M->18M(31M) 1.526ms
[2025-04-17T09:23:30.819+0000][178.820s][info][gc,cpu         ] GC(1541) User=0.01s Sys=0.00s Real=0.00s
[2025-04-17T09:23:30.995+0000][178.995s][info][gc,start       ] GC(1542) Pause Young (Allocation Failure)
[2025-04-17T09:23:30.996+0000][178.997s][info][gc,heap        ] GC(1542) DefNew: 9245K(10176K)->129K(10176K) Eden: 9087K(9088K)->0K(9088K) From: 158K(1088K)->129K(1088K)
[2025-04-17T09:23:30.996+0000][178.997s][info][gc,heap        ] GC(1542) Tenured: 18948K(22464K)->18950K(22464K)
[2025-04-17T09:23:30.996+0000][178.997s][info][gc,metaspace   ] GC(1542) Metaspace: 37413K(37760K)->37413K(37760K) NonClass: 32987K(33152K)->32987K(33152K) Class: 4425K(4608K)->4425K(4608K)
[2025-04-17T09:23:30.996+0000][178.997s][info][gc             ] GC(1542) Pause Young (Allocation Failure) 27M->18M(31M) 1.468ms
[2025-04-17T09:23:30.996+0000][178.997s][info][gc,cpu         ] GC(1542) User=0.01s Sys=0.00s Real=0.00s
[2025-04-17T09:23:31.063+0000][179.064s][info][gc,start       ] GC(1543) Pause Young (Allocation Failure)
[2025-04-17T09:23:31.065+0000][179.065s][info][gc,heap        ] GC(1543) DefNew: 9210K(10176K)->99K(10176K) Eden: 9081K(9088K)->0K(9088K) From: 129K(1088K)->99K(1088K)
[2025-04-17T09:23:31.065+0000][179.065s][info][gc,heap        ] GC(1543) Tenured: 18950K(22464K)->18970K(22464K)
[2025-04-17T09:23:31.065+0000][179.065s][info][gc,metaspace   ] GC(1543) Metaspace: 37413K(37760K)->37413K(37760K) NonClass: 32987K(33152K)->32987K(33152K) Class: 4425K(4608K)->4425K(4608K)
[2025-04-17T09:23:31.065+0000][179.065s][info][gc             ] GC(1543) Pause Young (Allocation Failure) 27M->18M(31M) 1.347ms
[2025-04-17T09:23:31.065+0000][179.065s][info][gc,cpu         ] GC(1543) User=0.01s Sys=0.00s Real=0.01s
[2025-04-17T09:23:31.255+0000][179.256s][info][gc,start       ] GC(1544) Pause Young (Allocation Failure)
[2025-04-17T09:23:31.257+0000][179.257s][info][gc,heap        ] GC(1544) DefNew: 9187K(10176K)->119K(10176K) Eden: 9088K(9088K)->0K(9088K) From: 99K(1088K)->119K(1088K)
[2025-04-17T09:23:31.257+0000][179.257s][info][gc,heap        ] GC(1544) Tenured: 18970K(22464K)->18971K(22464K)
[2025-04-17T09:23:31.257+0000][179.257s][info][gc,metaspace   ] GC(1544) Metaspace: 37413K(37760K)->37413K(37760K) NonClass: 32987K(33152K)->32987K(33152K) Class: 4425K(4608K)->4425K(4608K)
[2025-04-17T09:23:31.257+0000][179.257s][info][gc             ] GC(1544) Pause Young (Allocation Failure) 27M->18M(31M) 1.507ms
[2025-04-17T09:23:31.257+0000][179.257s][info][gc,cpu         ] GC(1544) User=0.01s Sys=0.00s Real=0.00s
[2025-04-17T09:23:31.320+0000][179.321s][info][gc,start       ] GC(1545) Pause Young (Allocation Failure)
[2025-04-17T09:23:31.321+0000][179.322s][info][gc,heap        ] GC(1545) DefNew: 9205K(10176K)->87K(10176K) Eden: 9086K(9088K)->0K(9088K) From: 119K(1088K)->87K(1088K)
[2025-04-17T09:23:31.321+0000][179.322s][info][gc,heap        ] GC(1545) Tenured: 18971K(22464K)->18972K(22464K)
[2025-04-17T09:23:31.321+0000][179.322s][info][gc,metaspace   ] GC(1545) Metaspace: 37413K(37760K)->37413K(37760K) NonClass: 32987K(33152K)->32987K(33152K) Class: 4425K(4608K)->4425K(4608K)
[2025-04-17T09:23:31.321+0000][179.322s][info][gc             ] GC(1545) Pause Young (Allocation Failure) 27M->18M(31M) 1.293ms
[2025-04-17T09:23:31.321+0000][179.322s][info][gc,cpu         ] GC(1545) User=0.00s Sys=0.00s Real=0.00s
[2025-04-17T09:23:31.414+0000][179.415s][info][gc,start       ] GC(1546) Pause Young (Allocation Failure)
[2025-04-17T09:23:31.415+0000][179.416s][info][gc,heap        ] GC(1546) DefNew: 9175K(10176K)->76K(10176K) Eden: 9088K(9088K)->0K(9088K) From: 87K(1088K)->76K(1088K)
[2025-04-17T09:23:31.415+0000][179.416s][info][gc,heap        ] GC(1546) Tenured: 18972K(22464K)->18990K(22464K)
[2025-04-17T09:23:31.415+0000][179.416s][info][gc,metaspace   ] GC(1546) Metaspace: 37413K(37760K)->37413K(37760K) NonClass: 32987K(33152K)->32987K(33152K) Class: 4425K(4608K)->4425K(4608K)
[2025-04-17T09:23:31.415+0000][179.416s][info][gc             ] GC(1546) Pause Young (Allocation Failure) 27M->18M(31M) 1.338ms
[2025-04-17T09:23:31.415+0000][179.416s][info][gc,cpu         ] GC(1546) User=0.00s Sys=0.00s Real=0.00s
[2025-04-17T09:23:31.613+0000][179.613s][info][gc,start       ] GC(1547) Pause Young (Allocation Failure)
[2025-04-17T09:23:31.614+0000][179.615s][info][gc,heap        ] GC(1547) DefNew: 9162K(10176K)->88K(10176K) Eden: 9085K(9088K)->0K(9088K) From: 76K(1088K)->88K(1088K)
[2025-04-17T09:23:31.614+0000][179.615s][info][gc,heap        ] GC(1547) Tenured: 18990K(22464K)->18991K(22464K)
[2025-04-17T09:23:31.614+0000][179.615s][info][gc,metaspace   ] GC(1547) Metaspace: 37413K(37760K)->37413K(37760K) NonClass: 32987K(33152K)->32987K(33152K) Class: 4425K(4608K)->4425K(4608K)
[2025-04-17T09:23:31.614+0000][179.615s][info][gc             ] GC(1547) Pause Young (Allocation Failure) 27M->18M(31M) 1.402ms
[2025-04-17T09:23:31.614+0000][179.615s][info][gc,cpu         ] GC(1547) User=0.00s Sys=0.00s Real=0.01s
[2025-04-17T09:23:31.755+0000][179.755s][info][gc,start       ] GC(1548) Pause Young (Allocation Failure)
[2025-04-17T09:23:31.756+0000][179.757s][info][gc,heap        ] GC(1548) DefNew: 9176K(10176K)->82K(10176K) Eden: 9087K(9088K)->0K(9088K) From: 88K(1088K)->82K(1088K)
[2025-04-17T09:23:31.756+0000][179.757s][info][gc,heap        ] GC(1548) Tenured: 18991K(22464K)->18991K(22464K)
[2025-04-17T09:23:31.756+0000][179.757s][info][gc,metaspace   ] GC(1548) Metaspace: 37413K(37760K)->37413K(37760K) NonClass: 32987K(33152K)->32987K(33152K) Class: 4425K(4608K)->4425K(4608K)
[2025-04-17T09:23:31.756+0000][179.757s][info][gc             ] GC(1548) Pause Young (Allocation Failure) 27M->18M(31M) 1.391ms
[2025-04-17T09:23:31.756+0000][179.757s][info][gc,cpu         ] GC(1548) User=0.01s Sys=0.00s Real=0.00s
[2025-04-17T09:23:31.890+0000][179.891s][info][gc,start       ] GC(1549) Pause Young (Allocation Failure)
[2025-04-17T09:23:31.892+0000][179.892s][info][gc,heap        ] GC(1549) DefNew: 9170K(10176K)->99K(10176K) Eden: 9087K(9088K)->0K(9088K) From: 82K(1088K)->99K(1088K)
[2025-04-17T09:23:31.892+0000][179.892s][info][gc,heap        ] GC(1549) Tenured: 18991K(22464K)->18991K(22464K)
[2025-04-17T09:23:31.892+0000][179.892s][info][gc,metaspace   ] GC(1549) Metaspace: 37413K(37760K)->37413K(37760K) NonClass: 32987K(33152K)->32987K(33152K) Class: 4425K(4608K)->4425K(4608K)
[2025-04-17T09:23:31.892+0000][179.892s][info][gc             ] GC(1549) Pause Young (Allocation Failure) 27M->18M(31M) 1.388ms
[2025-04-17T09:23:31.892+0000][179.892s][info][gc,cpu         ] GC(1549) User=0.00s Sys=0.00s Real=0.00s
[2025-04-17T09:23:32.119+0000][180.120s][info][gc,start       ] GC(1550) Pause Young (Allocation Failure)
[2025-04-17T09:23:32.120+0000][180.121s][info][gc,heap        ] GC(1550) DefNew: 9187K(10176K)->113K(10176K) Eden: 9088K(9088K)->0K(9088K) From: 99K(1088K)->113K(1088K)
[2025-04-17T09:23:32.120+0000][180.121s][info][gc,heap        ] GC(1550) Tenured: 18991K(22464K)->18991K(22464K)
[2025-04-17T09:23:32.120+0000][180.121s][info][gc,metaspace   ] GC(1550) Metaspace: 37413K(37760K)->37413K(37760K) NonClass: 32987K(33152K)->32987K(33152K) Class: 4425K(4608K)->4425K(4608K)
[2025-04-17T09:23:32.120+0000][180.121s][info][gc             ] GC(1550) Pause Young (Allocation Failure) 27M->18M(31M) 1.447ms
[2025-04-17T09:23:32.120+0000][180.121s][info][gc,cpu         ] GC(1550) User=0.00s Sys=0.00s Real=0.00s
[2025-04-17T09:23:32.213+0000][180.214s][info][gc,start       ] GC(1551) Pause Young (Allocation Failure)
[2025-04-17T09:23:32.215+0000][180.215s][info][gc,heap        ] GC(1551) DefNew: 9196K(10176K)->112K(10176K) Eden: 9083K(9088K)->0K(9088K) From: 113K(1088K)->112K(1088K)
[2025-04-17T09:23:32.215+0000][180.215s][info][gc,heap        ] GC(1551) Tenured: 18991K(22464K)->18993K(22464K)
[2025-04-17T09:23:32.215+0000][180.215s][info][gc,metaspace   ] GC(1551) Metaspace: 37413K(37760K)->37413K(37760K) NonClass: 32987K(33152K)->32987K(33152K) Class: 4425K(4608K)->4425K(4608K)
[2025-04-17T09:23:32.215+0000][180.215s][info][gc             ] GC(1551) Pause Young (Allocation Failure) 27M->18M(31M) 1.399ms
[2025-04-17T09:23:32.215+0000][180.215s][info][gc,cpu         ] GC(1551) User=0.00s Sys=0.00s Real=0.01s
[2025-04-17T09:23:32.412+0000][180.412s][info][gc,start       ] GC(1552) Pause Young (Allocation Failure)
[2025-04-17T09:23:32.413+0000][180.414s][info][gc,heap        ] GC(1552) DefNew: 9200K(10176K)->88K(10176K) Eden: 9088K(9088K)->0K(9088K) From: 112K(1088K)->88K(1088K)
[2025-04-17T09:23:32.413+0000][180.414s][info][gc,heap        ] GC(1552) Tenured: 18993K(22464K)->18994K(22464K)
[2025-04-17T09:23:32.413+0000][180.414s][info][gc,metaspace   ] GC(1552) Metaspace: 37413K(37760K)->37413K(37760K) NonClass: 32987K(33152K)->32987K(33152K) Class: 4425K(4608K)->4425K(4608K)
[2025-04-17T09:23:32.413+0000][180.414s][info][gc             ] GC(1552) Pause Young (Allocation Failure) 27M->18M(31M) 1.390ms
[2025-04-17T09:23:32.413+0000][180.414s][info][gc,cpu         ] GC(1552) User=0.00s Sys=0.00s Real=0.00s
[2025-04-17T09:23:32.566+0000][180.566s][info][gc,start       ] GC(1553) Pause Young (Allocation Failure)
[2025-04-17T09:23:32.567+0000][180.568s][info][gc,heap        ] GC(1553) DefNew: 9175K(10176K)->172K(10176K) Eden: 9087K(9088K)->0K(9088K) From: 88K(1088K)->172K(1088K)
[2025-04-17T09:23:32.567+0000][180.568s][info][gc,heap        ] GC(1553) Tenured: 18994K(22464K)->18996K(22464K)
[2025-04-17T09:23:32.567+0000][180.568s][info][gc,metaspace   ] GC(1553) Metaspace: 37413K(37760K)->37413K(37760K) NonClass: 32987K(33152K)->32987K(33152K) Class: 4425K(4608K)->4425K(4608K)
[2025-04-17T09:23:32.567+0000][180.568s][info][gc             ] GC(1553) Pause Young (Allocation Failure) 27M->18M(31M) 1.515ms
[2025-04-17T09:23:32.567+0000][180.568s][info][gc,cpu         ] GC(1553) User=0.00s Sys=0.00s Real=0.00s
[2025-04-17T09:23:32.651+0000][180.652s][info][gc,start       ] GC(1554) Pause Young (Allocation Failure)
[2025-04-17T09:23:32.652+0000][180.653s][info][gc,heap        ] GC(1554) DefNew: 9260K(10176K)->151K(10176K) Eden: 9088K(9088K)->0K(9088K) From: 172K(1088K)->151K(1088K)
[2025-04-17T09:23:32.653+0000][180.653s][info][gc,heap        ] GC(1554) Tenured: 18996K(22464K)->18996K(22464K)
[2025-04-17T09:23:32.653+0000][180.653s][info][gc,metaspace   ] GC(1554) Metaspace: 37413K(37760K)->37413K(37760K) NonClass: 32987K(33152K)->32987K(33152K) Class: 4425K(4608K)->4425K(4608K)
[2025-04-17T09:23:32.653+0000][180.653s][info][gc             ] GC(1554) Pause Young (Allocation Failure) 27M->18M(31M) 1.437ms
[2025-04-17T09:23:32.653+0000][180.653s][info][gc,cpu         ] GC(1554) User=0.00s Sys=0.00s Real=0.00s
[2025-04-17T09:23:32.723+0000][180.723s][info][gc,start       ] GC(1555) Pause Young (Allocation Failure)
[2025-04-17T09:23:32.724+0000][180.725s][info][gc,heap        ] GC(1555) DefNew: 9238K(10176K)->148K(10176K) Eden: 9086K(9088K)->0K(9088K) From: 151K(1088K)->148K(1088K)
[2025-04-17T09:23:32.724+0000][180.725s][info][gc,heap        ] GC(1555) Tenured: 18996K(22464K)->18996K(22464K)
[2025-04-17T09:23:32.724+0000][180.725s][info][gc,metaspace   ] GC(1555) Metaspace: 37413K(37760K)->37413K(37760K) NonClass: 32987K(33152K)->32987K(33152K) Class: 4425K(4608K)->4425K(4608K)
[2025-04-17T09:23:32.724+0000][180.725s][info][gc             ] GC(1555) Pause Young (Allocation Failure) 27M->18M(31M) 1.418ms
[2025-04-17T09:23:32.724+0000][180.725s][info][gc,cpu         ] GC(1555) User=0.00s Sys=0.00s Real=0.00s
[2025-04-17T09:23:32.872+0000][180.873s][info][gc,start       ] GC(1556) Pause Young (Allocation Failure)
[2025-04-17T09:23:32.874+0000][180.875s][info][gc,heap        ] GC(1556) DefNew: 9236K(10176K)->141K(10176K) Eden: 9088K(9088K)->0K(9088K) From: 148K(1088K)->141K(1088K)
[2025-04-17T09:23:32.874+0000][180.875s][info][gc,heap        ] GC(1556) Tenured: 18996K(22464K)->18997K(22464K)
[2025-04-17T09:23:32.874+0000][180.875s][info][gc,metaspace   ] GC(1556) Metaspace: 37413K(37760K)->37413K(37760K) NonClass: 32987K(33152K)->32987K(33152K) Class: 4425K(4608K)->4425K(4608K)
[2025-04-17T09:23:32.874+0000][180.875s][info][gc             ] GC(1556) Pause Young (Allocation Failure) 27M->18M(31M) 1.588ms
[2025-04-17T09:23:32.874+0000][180.875s][info][gc,cpu         ] GC(1556) User=0.00s Sys=0.00s Real=0.01s
[2025-04-17T09:23:32.979+0000][180.980s][info][gc,start       ] GC(1557) Pause Young (Allocation Failure)
[2025-04-17T09:23:32.981+0000][180.981s][info][gc,heap        ] GC(1557) DefNew: 9229K(10176K)->145K(10176K) Eden: 9087K(9088K)->0K(9088K) From: 141K(1088K)->145K(1088K)
[2025-04-17T09:23:32.981+0000][180.981s][info][gc,heap        ] GC(1557) Tenured: 18997K(22464K)->18997K(22464K)
[2025-04-17T09:23:32.981+0000][180.981s][info][gc,metaspace   ] GC(1557) Metaspace: 37413K(37760K)->37413K(37760K) NonClass: 32987K(33152K)->32987K(33152K) Class: 4425K(4608K)->4425K(4608K)
[2025-04-17T09:23:32.981+0000][180.981s][info][gc             ] GC(1557) Pause Young (Allocation Failure) 27M->18M(31M) 1.355ms
[2025-04-17T09:23:32.981+0000][180.981s][info][gc,cpu         ] GC(1557) User=0.00s Sys=0.00s Real=0.00s
[2025-04-17T09:23:33.139+0000][181.140s][info][gc,start       ] GC(1558) Pause Young (Allocation Failure)
[2025-04-17T09:23:33.141+0000][181.141s][info][gc,heap        ] GC(1558) DefNew: 9233K(10176K)->159K(10176K) Eden: 9087K(9088K)->0K(9088K) From: 145K(1088K)->159K(1088K)
[2025-04-17T09:23:33.141+0000][181.141s][info][gc,heap        ] GC(1558) Tenured: 18997K(22464K)->18997K(22464K)
[2025-04-17T09:23:33.141+0000][181.141s][info][gc,metaspace   ] GC(1558) Metaspace: 37413K(37760K)->37413K(37760K) NonClass: 32987K(33152K)->32987K(33152K) Class: 4425K(4608K)->4425K(4608K)
[2025-04-17T09:23:33.141+0000][181.141s][info][gc             ] GC(1558) Pause Young (Allocation Failure) 27M->18M(31M) 1.387ms
[2025-04-17T09:23:33.141+0000][181.141s][info][gc,cpu         ] GC(1558) User=0.00s Sys=0.00s Real=0.00s
[2025-04-17T09:23:33.225+0000][181.226s][info][gc,start       ] GC(1559) Pause Young (Allocation Failure)
[2025-04-17T09:23:33.227+0000][181.227s][info][gc,heap        ] GC(1559) DefNew: 9246K(10176K)->155K(10176K) Eden: 9087K(9088K)->0K(9088K) From: 159K(1088K)->155K(1088K)
[2025-04-17T09:23:33.227+0000][181.227s][info][gc,heap        ] GC(1559) Tenured: 18997K(22464K)->18997K(22464K)
[2025-04-17T09:23:33.227+0000][181.227s][info][gc,metaspace   ] GC(1559) Metaspace: 37413K(37760K)->37413K(37760K) NonClass: 32987K(33152K)->32987K(33152K) Class: 4425K(4608K)->4425K(4608K)
[2025-04-17T09:23:33.227+0000][181.227s][info][gc             ] GC(1559) Pause Young (Allocation Failure) 27M->18M(31M) 1.434ms
[2025-04-17T09:23:33.227+0000][181.227s][info][gc,cpu         ] GC(1559) User=0.00s Sys=0.00s Real=0.00s
[2025-04-17T09:23:33.289+0000][181.289s][info][gc,start       ] GC(1560) Pause Young (Allocation Failure)
[2025-04-17T09:23:33.290+0000][181.291s][info][gc,heap        ] GC(1560) DefNew: 9243K(10176K)->159K(10176K) Eden: 9087K(9088K)->0K(9088K) From: 155K(1088K)->159K(1088K)
[2025-04-17T09:23:33.290+0000][181.291s][info][gc,heap        ] GC(1560) Tenured: 18997K(22464K)->18997K(22464K)
[2025-04-17T09:23:33.290+0000][181.291s][info][gc,metaspace   ] GC(1560) Metaspace: 37413K(37760K)->37413K(37760K) NonClass: 32987K(33152K)->32987K(33152K) Class: 4425K(4608K)->4425K(4608K)
[2025-04-17T09:23:33.290+0000][181.291s][info][gc             ] GC(1560) Pause Young (Allocation Failure) 27M->18M(31M) 1.427ms
[2025-04-17T09:23:33.290+0000][181.291s][info][gc,cpu         ] GC(1560) User=0.00s Sys=0.00s Real=0.00s
[2025-04-17T09:23:33.468+0000][181.469s][info][gc,start       ] GC(1561) Pause Young (Allocation Failure)
[2025-04-17T09:23:33.469+0000][181.470s][info][gc,heap        ] GC(1561) DefNew: 9247K(10176K)->148K(10176K) Eden: 9087K(9088K)->0K(9088K) From: 159K(1088K)->148K(1088K)
[2025-04-17T09:23:33.469+0000][181.470s][info][gc,heap        ] GC(1561) Tenured: 18997K(22464K)->18997K(22464K)
[2025-04-17T09:23:33.469+0000][181.470s][info][gc,metaspace   ] GC(1561) Metaspace: 37413K(37760K)->37413K(37760K) NonClass: 32987K(33152K)->32987K(33152K) Class: 4425K(4608K)->4425K(4608K)
[2025-04-17T09:23:33.469+0000][181.470s][info][gc             ] GC(1561) Pause Young (Allocation Failure) 27M->18M(31M) 1.410ms
[2025-04-17T09:23:33.469+0000][181.470s][info][gc,cpu         ] GC(1561) User=0.00s Sys=0.00s Real=0.00s
[2025-04-17T09:23:33.550+0000][181.551s][info][gc,start       ] GC(1562) Pause Young (Allocation Failure)
[2025-04-17T09:23:33.552+0000][181.552s][info][gc,heap        ] GC(1562) DefNew: 9228K(10176K)->165K(10176K) Eden: 9080K(9088K)->0K(9088K) From: 148K(1088K)->165K(1088K)
[2025-04-17T09:23:33.552+0000][181.552s][info][gc,heap        ] GC(1562) Tenured: 18997K(22464K)->18999K(22464K)
[2025-04-17T09:23:33.552+0000][181.552s][info][gc,metaspace   ] GC(1562) Metaspace: 37413K(37760K)->37413K(37760K) NonClass: 32987K(33152K)->32987K(33152K) Class: 4425K(4608K)->4425K(4608K)
[2025-04-17T09:23:33.552+0000][181.552s][info][gc             ] GC(1562) Pause Young (Allocation Failure) 27M->18M(31M) 1.361ms
[2025-04-17T09:23:33.552+0000][181.552s][info][gc,cpu         ] GC(1562) User=0.00s Sys=0.00s Real=0.00s
[2025-04-17T09:23:33.640+0000][181.641s][info][gc,start       ] GC(1563) Pause Young (Allocation Failure)
[2025-04-17T09:23:33.641+0000][181.642s][info][gc,heap        ] GC(1563) DefNew: 9253K(10176K)->158K(10176K) Eden: 9087K(9088K)->0K(9088K) From: 165K(1088K)->158K(1088K)
[2025-04-17T09:23:33.641+0000][181.642s][info][gc,heap        ] GC(1563) Tenured: 18999K(22464K)->18999K(22464K)
[2025-04-17T09:23:33.641+0000][181.642s][info][gc,metaspace   ] GC(1563) Metaspace: 37413K(37760K)->37413K(37760K) NonClass: 32987K(33152K)->32987K(33152K) Class: 4425K(4608K)->4425K(4608K)
[2025-04-17T09:23:33.641+0000][181.642s][info][gc             ] GC(1563) Pause Young (Allocation Failure) 27M->18M(31M) 1.521ms
[2025-04-17T09:23:33.641+0000][181.642s][info][gc,cpu         ] GC(1563) User=0.00s Sys=0.00s Real=0.00s
[2025-04-17T09:23:33.869+0000][181.869s][info][gc,start       ] GC(1564) Pause Young (Allocation Failure)
[2025-04-17T09:23:33.870+0000][181.871s][info][gc,heap        ] GC(1564) DefNew: 9241K(10176K)->136K(10176K) Eden: 9082K(9088K)->0K(9088K) From: 158K(1088K)->136K(1088K)
[2025-04-17T09:23:33.870+0000][181.871s][info][gc,heap        ] GC(1564) Tenured: 18999K(22464K)->19000K(22464K)
[2025-04-17T09:23:33.870+0000][181.871s][info][gc,metaspace   ] GC(1564) Metaspace: 37413K(37760K)->37413K(37760K) NonClass: 32987K(33152K)->32987K(33152K) Class: 4425K(4608K)->4425K(4608K)
[2025-04-17T09:23:33.870+0000][181.871s][info][gc             ] GC(1564) Pause Young (Allocation Failure) 27M->18M(31M) 1.503ms
[2025-04-17T09:23:33.870+0000][181.871s][info][gc,cpu         ] GC(1564) User=0.00s Sys=0.00s Real=0.00s
[2025-04-17T09:23:34.070+0000][182.071s][info][gc,start       ] GC(1565) Pause Young (Allocation Failure)
[2025-04-17T09:23:34.072+0000][182.072s][info][gc,heap        ] GC(1565) DefNew: 9224K(10176K)->168K(10176K) Eden: 9087K(9088K)->0K(9088K) From: 136K(1088K)->168K(1088K)
[2025-04-17T09:23:34.072+0000][182.072s][info][gc,heap        ] GC(1565) Tenured: 19000K(22464K)->19002K(22464K)
[2025-04-17T09:23:34.072+0000][182.072s][info][gc,metaspace   ] GC(1565) Metaspace: 37413K(37760K)->37413K(37760K) NonClass: 32987K(33152K)->32987K(33152K) Class: 4425K(4608K)->4425K(4608K)
[2025-04-17T09:23:34.072+0000][182.072s][info][gc             ] GC(1565) Pause Young (Allocation Failure) 27M->18M(31M) 1.645ms
[2025-04-17T09:23:34.072+0000][182.072s][info][gc,cpu         ] GC(1565) User=0.01s Sys=0.00s Real=0.00s
[2025-04-17T09:23:34.347+0000][182.348s][info][gc,start       ] GC(1566) Pause Young (Allocation Failure)
[2025-04-17T09:23:34.349+0000][182.349s][info][gc,heap        ] GC(1566) DefNew: 9256K(10176K)->177K(10176K) Eden: 9087K(9088K)->0K(9088K) From: 168K(1088K)->177K(1088K)
[2025-04-17T09:23:34.349+0000][182.349s][info][gc,heap        ] GC(1566) Tenured: 19002K(22464K)->19002K(22464K)
[2025-04-17T09:23:34.349+0000][182.349s][info][gc,metaspace   ] GC(1566) Metaspace: 37413K(37760K)->37413K(37760K) NonClass: 32987K(33152K)->32987K(33152K) Class: 4425K(4608K)->4425K(4608K)
[2025-04-17T09:23:34.349+0000][182.349s][info][gc             ] GC(1566) Pause Young (Allocation Failure) 27M->18M(31M) 1.559ms
[2025-04-17T09:23:34.349+0000][182.350s][info][gc,cpu         ] GC(1566) User=0.00s Sys=0.00s Real=0.00s
[2025-04-17T09:23:34.406+0000][182.406s][info][gc,start       ] GC(1567) Pause Young (Allocation Failure)
[2025-04-17T09:23:34.407+0000][182.408s][info][gc,heap        ] GC(1567) DefNew: 9265K(10176K)->179K(10176K) Eden: 9087K(9088K)->0K(9088K) From: 177K(1088K)->179K(1088K)
[2025-04-17T09:23:34.407+0000][182.408s][info][gc,heap        ] GC(1567) Tenured: 19002K(22464K)->19007K(22464K)
[2025-04-17T09:23:34.407+0000][182.408s][info][gc,metaspace   ] GC(1567) Metaspace: 37413K(37760K)->37413K(37760K) NonClass: 32987K(33152K)->32987K(33152K) Class: 4425K(4608K)->4425K(4608K)
[2025-04-17T09:23:34.407+0000][182.408s][info][gc             ] GC(1567) Pause Young (Allocation Failure) 27M->18M(31M) 1.506ms
[2025-04-17T09:23:34.407+0000][182.408s][info][gc,cpu         ] GC(1567) User=0.00s Sys=0.00s Real=0.00s
[2025-04-17T09:23:34.538+0000][182.538s][info][gc,start       ] GC(1568) Pause Young (Allocation Failure)
[2025-04-17T09:23:34.539+0000][182.540s][info][gc,heap        ] GC(1568) DefNew: 9267K(10176K)->133K(10176K) Eden: 9088K(9088K)->0K(9088K) From: 179K(1088K)->133K(1088K)
[2025-04-17T09:23:34.539+0000][182.540s][info][gc,heap        ] GC(1568) Tenured: 19007K(22464K)->19064K(22464K)
[2025-04-17T09:23:34.539+0000][182.540s][info][gc,metaspace   ] GC(1568) Metaspace: 37413K(37760K)->37413K(37760K) NonClass: 32987K(33152K)->32987K(33152K) Class: 4425K(4608K)->4425K(4608K)
[2025-04-17T09:23:34.539+0000][182.540s][info][gc             ] GC(1568) Pause Young (Allocation Failure) 27M->18M(31M) 1.605ms
[2025-04-17T09:23:34.539+0000][182.540s][info][gc,cpu         ] GC(1568) User=0.00s Sys=0.00s Real=0.00s
[2025-04-17T09:23:34.715+0000][182.716s][info][gc,start       ] GC(1569) Pause Young (Allocation Failure)
[2025-04-17T09:23:34.716+0000][182.717s][info][gc,heap        ] GC(1569) DefNew: 9221K(10176K)->123K(10176K) Eden: 9088K(9088K)->0K(9088K) From: 133K(1088K)->123K(1088K)
[2025-04-17T09:23:34.716+0000][182.717s][info][gc,heap        ] GC(1569) Tenured: 19064K(22464K)->19064K(22464K)
[2025-04-17T09:23:34.716+0000][182.717s][info][gc,metaspace   ] GC(1569) Metaspace: 37413K(37760K)->37413K(37760K) NonClass: 32987K(33152K)->32987K(33152K) Class: 4425K(4608K)->4425K(4608K)
[2025-04-17T09:23:34.717+0000][182.717s][info][gc             ] GC(1569) Pause Young (Allocation Failure) 27M->18M(31M) 1.458ms
[2025-04-17T09:23:34.717+0000][182.717s][info][gc,cpu         ] GC(1569) User=0.00s Sys=0.00s Real=0.00s
[2025-04-17T09:23:34.892+0000][182.893s][info][gc,start       ] GC(1570) Pause Young (Allocation Failure)
[2025-04-17T09:23:34.893+0000][182.894s][info][gc,heap        ] GC(1570) DefNew: 9211K(10176K)->129K(10176K) Eden: 9088K(9088K)->0K(9088K) From: 123K(1088K)->129K(1088K)
[2025-04-17T09:23:34.893+0000][182.894s][info][gc,heap        ] GC(1570) Tenured: 19064K(22464K)->19065K(22464K)
[2025-04-17T09:23:34.893+0000][182.894s][info][gc,metaspace   ] GC(1570) Metaspace: 37413K(37760K)->37413K(37760K) NonClass: 32987K(33152K)->32987K(33152K) Class: 4425K(4608K)->4425K(4608K)
[2025-04-17T09:23:34.893+0000][182.894s][info][gc             ] GC(1570) Pause Young (Allocation Failure) 27M->18M(31M) 1.396ms
[2025-04-17T09:23:34.893+0000][182.894s][info][gc,cpu         ] GC(1570) User=0.00s Sys=0.00s Real=0.00s
[2025-04-17T09:23:35.344+0000][183.345s][info][gc,start       ] GC(1571) Pause Young (Allocation Failure)
[2025-04-17T09:23:35.345+0000][183.346s][info][gc,heap        ] GC(1571) DefNew: 9213K(10176K)->137K(10176K) Eden: 9083K(9088K)->0K(9088K) From: 129K(1088K)->137K(1088K)
[2025-04-17T09:23:35.345+0000][183.346s][info][gc,heap        ] GC(1571) Tenured: 19065K(22464K)->19066K(22464K)
[2025-04-17T09:23:35.345+0000][183.346s][info][gc,metaspace   ] GC(1571) Metaspace: 37413K(37760K)->37413K(37760K) NonClass: 32987K(33152K)->32987K(33152K) Class: 4425K(4608K)->4425K(4608K)
[2025-04-17T09:23:35.345+0000][183.346s][info][gc             ] GC(1571) Pause Young (Allocation Failure) 27M->18M(31M) 1.461ms
[2025-04-17T09:23:35.345+0000][183.346s][info][gc,cpu         ] GC(1571) User=0.00s Sys=0.00s Real=0.01s
[2025-04-17T09:23:35.577+0000][183.578s][info][gc,start       ] GC(1572) Pause Young (Allocation Failure)
[2025-04-17T09:23:35.579+0000][183.580s][info][gc,heap        ] GC(1572) DefNew: 9225K(10176K)->136K(10176K) Eden: 9088K(9088K)->0K(9088K) From: 137K(1088K)->136K(1088K)
[2025-04-17T09:23:35.579+0000][183.580s][info][gc,heap        ] GC(1572) Tenured: 19066K(22464K)->19066K(22464K)
[2025-04-17T09:23:35.579+0000][183.580s][info][gc,metaspace   ] GC(1572) Metaspace: 37413K(37760K)->37413K(37760K) NonClass: 32987K(33152K)->32987K(33152K) Class: 4425K(4608K)->4425K(4608K)
[2025-04-17T09:23:35.579+0000][183.580s][info][gc             ] GC(1572) Pause Young (Allocation Failure) 27M->18M(31M) 1.587ms
[2025-04-17T09:23:35.579+0000][183.580s][info][gc,cpu         ] GC(1572) User=0.00s Sys=0.00s Real=0.00s
[2025-04-17T09:23:35.795+0000][183.796s][info][gc,start       ] GC(1573) Pause Young (Allocation Failure)
[2025-04-17T09:23:35.797+0000][183.797s][info][gc,heap        ] GC(1573) DefNew: 9224K(10176K)->119K(10176K) Eden: 9087K(9088K)->0K(9088K) From: 136K(1088K)->119K(1088K)
[2025-04-17T09:23:35.797+0000][183.797s][info][gc,heap        ] GC(1573) Tenured: 19066K(22464K)->19069K(22464K)
[2025-04-17T09:23:35.797+0000][183.797s][info][gc,metaspace   ] GC(1573) Metaspace: 37413K(37760K)->37413K(37760K) NonClass: 32987K(33152K)->32987K(33152K) Class: 4425K(4608K)->4425K(4608K)
[2025-04-17T09:23:35.797+0000][183.797s][info][gc             ] GC(1573) Pause Young (Allocation Failure) 27M->18M(31M) 1.545ms
[2025-04-17T09:23:35.797+0000][183.797s][info][gc,cpu         ] GC(1573) User=0.00s Sys=0.00s Real=0.00s
[2025-04-17T09:23:35.928+0000][183.928s][info][gc,start       ] GC(1574) Pause Young (Allocation Failure)
[2025-04-17T09:23:35.929+0000][183.930s][info][gc,heap        ] GC(1574) DefNew: 9204K(10176K)->165K(10176K) Eden: 9084K(9088K)->0K(9088K) From: 119K(1088K)->165K(1088K)
[2025-04-17T09:23:35.929+0000][183.930s][info][gc,heap        ] GC(1574) Tenured: 19069K(22464K)->19072K(22464K)
[2025-04-17T09:23:35.929+0000][183.930s][info][gc,metaspace   ] GC(1574) Metaspace: 37413K(37760K)->37413K(37760K) NonClass: 32987K(33152K)->32987K(33152K) Class: 4425K(4608K)->4425K(4608K)
[2025-04-17T09:23:35.929+0000][183.930s][info][gc             ] GC(1574) Pause Young (Allocation Failure) 27M->18M(31M) 1.486ms
[2025-04-17T09:23:35.929+0000][183.930s][info][gc,cpu         ] GC(1574) User=0.00s Sys=0.00s Real=0.00s
[2025-04-17T09:23:36.007+0000][184.008s][info][gc,start       ] GC(1575) Pause Young (Allocation Failure)
[2025-04-17T09:23:36.008+0000][184.009s][info][gc,heap        ] GC(1575) DefNew: 9253K(10176K)->169K(10176K) Eden: 9087K(9088K)->0K(9088K) From: 165K(1088K)->169K(1088K)
[2025-04-17T09:23:36.008+0000][184.009s][info][gc,heap        ] GC(1575) Tenured: 19072K(22464K)->19072K(22464K)
[2025-04-17T09:23:36.008+0000][184.009s][info][gc,metaspace   ] GC(1575) Metaspace: 37413K(37760K)->37413K(37760K) NonClass: 32987K(33152K)->32987K(33152K) Class: 4425K(4608K)->4425K(4608K)
[2025-04-17T09:23:36.008+0000][184.009s][info][gc             ] GC(1575) Pause Young (Allocation Failure) 27M->18M(31M) 1.423ms
[2025-04-17T09:23:36.008+0000][184.009s][info][gc,cpu         ] GC(1575) User=0.00s Sys=0.00s Real=0.00s
[2025-04-17T09:23:36.112+0000][184.113s][info][gc,start       ] GC(1576) Pause Young (Allocation Failure)
[2025-04-17T09:23:36.113+0000][184.114s][info][gc,heap        ] GC(1576) DefNew: 9257K(10176K)->182K(10176K) Eden: 9088K(9088K)->0K(9088K) From: 169K(1088K)->182K(1088K)
[2025-04-17T09:23:36.113+0000][184.114s][info][gc,heap        ] GC(1576) Tenured: 19072K(22464K)->19072K(22464K)
[2025-04-17T09:23:36.113+0000][184.114s][info][gc,metaspace   ] GC(1576) Metaspace: 37413K(37760K)->37413K(37760K) NonClass: 32987K(33152K)->32987K(33152K) Class: 4425K(4608K)->4425K(4608K)
[2025-04-17T09:23:36.113+0000][184.114s][info][gc             ] GC(1576) Pause Young (Allocation Failure) 27M->18M(31M) 1.433ms
[2025-04-17T09:23:36.113+0000][184.114s][info][gc,cpu         ] GC(1576) User=0.00s Sys=0.00s Real=0.00s
[2025-04-17T09:23:36.307+0000][184.307s][info][gc,start       ] GC(1577) Pause Young (Allocation Failure)
[2025-04-17T09:23:36.308+0000][184.309s][info][gc,heap        ] GC(1577) DefNew: 9270K(10176K)->171K(10176K) Eden: 9087K(9088K)->0K(9088K) From: 182K(1088K)->171K(1088K)
[2025-04-17T09:23:36.308+0000][184.309s][info][gc,heap        ] GC(1577) Tenured: 19072K(22464K)->19073K(22464K)
[2025-04-17T09:23:36.308+0000][184.309s][info][gc,metaspace   ] GC(1577) Metaspace: 37413K(37760K)->37413K(37760K) NonClass: 32987K(33152K)->32987K(33152K) Class: 4425K(4608K)->4425K(4608K)
[2025-04-17T09:23:36.308+0000][184.309s][info][gc             ] GC(1577) Pause Young (Allocation Failure) 27M->18M(31M) 1.520ms
[2025-04-17T09:23:36.308+0000][184.309s][info][gc,cpu         ] GC(1577) User=0.00s Sys=0.00s Real=0.00s
[2025-04-17T09:23:36.446+0000][184.447s][info][gc,start       ] GC(1578) Pause Young (Allocation Failure)
[2025-04-17T09:23:36.448+0000][184.448s][info][gc,heap        ] GC(1578) DefNew: 9259K(10176K)->173K(10176K) Eden: 9088K(9088K)->0K(9088K) From: 171K(1088K)->173K(1088K)
[2025-04-17T09:23:36.448+0000][184.448s][info][gc,heap        ] GC(1578) Tenured: 19073K(22464K)->19073K(22464K)
[2025-04-17T09:23:36.448+0000][184.448s][info][gc,metaspace   ] GC(1578) Metaspace: 37413K(37760K)->37413K(37760K) NonClass: 32987K(33152K)->32987K(33152K) Class: 4425K(4608K)->4425K(4608K)
[2025-04-17T09:23:36.448+0000][184.448s][info][gc             ] GC(1578) Pause Young (Allocation Failure) 27M->18M(31M) 1.483ms
[2025-04-17T09:23:36.448+0000][184.448s][info][gc,cpu         ] GC(1578) User=0.01s Sys=0.00s Real=0.00s
[2025-04-17T09:23:36.578+0000][184.579s][info][gc,start       ] GC(1579) Pause Young (Allocation Failure)
[2025-04-17T09:23:36.580+0000][184.580s][info][gc,heap        ] GC(1579) DefNew: 9261K(10176K)->179K(10176K) Eden: 9088K(9088K)->0K(9088K) From: 173K(1088K)->179K(1088K)
[2025-04-17T09:23:36.580+0000][184.581s][info][gc,heap        ] GC(1579) Tenured: 19073K(22464K)->19074K(22464K)
[2025-04-17T09:23:36.580+0000][184.581s][info][gc,metaspace   ] GC(1579) Metaspace: 37413K(37760K)->37413K(37760K) NonClass: 32987K(33152K)->32987K(33152K) Class: 4425K(4608K)->4425K(4608K)
[2025-04-17T09:23:36.580+0000][184.581s][info][gc             ] GC(1579) Pause Young (Allocation Failure) 27M->18M(31M) 1.483ms
[2025-04-17T09:23:36.580+0000][184.581s][info][gc,cpu         ] GC(1579) User=0.00s Sys=0.00s Real=0.00s
[2025-04-17T09:23:36.660+0000][184.660s][info][gc,start       ] GC(1580) Pause Young (Allocation Failure)
[2025-04-17T09:23:36.662+0000][184.662s][info][gc,heap        ] GC(1580) DefNew: 9260K(10176K)->173K(10176K) Eden: 9080K(9088K)->0K(9088K) From: 179K(1088K)->173K(1088K)
[2025-04-17T09:23:36.662+0000][184.662s][info][gc,heap        ] GC(1580) Tenured: 19074K(22464K)->19077K(22464K)
[2025-04-17T09:23:36.662+0000][184.663s][info][gc,metaspace   ] GC(1580) Metaspace: 37413K(37760K)->37413K(37760K) NonClass: 32987K(33152K)->32987K(33152K) Class: 4425K(4608K)->4425K(4608K)
[2025-04-17T09:23:36.662+0000][184.663s][info][gc             ] GC(1580) Pause Young (Allocation Failure) 27M->18M(31M) 2.528ms
[2025-04-17T09:23:36.662+0000][184.663s][info][gc,cpu         ] GC(1580) User=0.00s Sys=0.00s Real=0.00s
[2025-04-17T09:23:36.758+0000][184.759s][info][gc,start       ] GC(1581) Pause Young (Allocation Failure)
[2025-04-17T09:23:36.759+0000][184.760s][info][gc,heap        ] GC(1581) DefNew: 9261K(10176K)->151K(10176K) Eden: 9088K(9088K)->0K(9088K) From: 173K(1088K)->151K(1088K)
[2025-04-17T09:23:36.759+0000][184.760s][info][gc,heap        ] GC(1581) Tenured: 19077K(22464K)->19097K(22464K)
[2025-04-17T09:23:36.759+0000][184.760s][info][gc,metaspace   ] GC(1581) Metaspace: 37413K(37760K)->37413K(37760K) NonClass: 32987K(33152K)->32987K(33152K) Class: 4425K(4608K)->4425K(4608K)
[2025-04-17T09:23:36.759+0000][184.760s][info][gc             ] GC(1581) Pause Young (Allocation Failure) 27M->18M(31M) 1.479ms
[2025-04-17T09:23:36.759+0000][184.760s][info][gc,cpu         ] GC(1581) User=0.00s Sys=0.00s Real=0.00s
[2025-04-17T09:23:36.862+0000][184.863s][info][gc,start       ] GC(1582) Pause Young (Allocation Failure)
[2025-04-17T09:23:36.864+0000][184.864s][info][gc,heap        ] GC(1582) DefNew: 9232K(10176K)->139K(10176K) Eden: 9080K(9088K)->0K(9088K) From: 151K(1088K)->139K(1088K)
[2025-04-17T09:23:36.864+0000][184.864s][info][gc,heap        ] GC(1582) Tenured: 19097K(22464K)->19097K(22464K)
[2025-04-17T09:23:36.864+0000][184.864s][info][gc,metaspace   ] GC(1582) Metaspace: 37413K(37760K)->37413K(37760K) NonClass: 32987K(33152K)->32987K(33152K) Class: 4425K(4608K)->4425K(4608K)
[2025-04-17T09:23:36.864+0000][184.864s][info][gc             ] GC(1582) Pause Young (Allocation Failure) 27M->18M(31M) 1.553ms
[2025-04-17T09:23:36.864+0000][184.864s][info][gc,cpu         ] GC(1582) User=0.00s Sys=0.00s Real=0.00s
[2025-04-17T09:23:37.102+0000][185.102s][info][gc,start       ] GC(1583) Pause Young (Allocation Failure)
[2025-04-17T09:23:37.104+0000][185.104s][info][gc,heap        ] GC(1583) DefNew: 9227K(10176K)->170K(10176K) Eden: 9087K(9088K)->0K(9088K) From: 139K(1088K)->170K(1088K)
[2025-04-17T09:23:37.104+0000][185.104s][info][gc,heap        ] GC(1583) Tenured: 19097K(22464K)->19098K(22464K)
[2025-04-17T09:23:37.104+0000][185.104s][info][gc,metaspace   ] GC(1583) Metaspace: 37413K(37760K)->37413K(37760K) NonClass: 32987K(33152K)->32987K(33152K) Class: 4425K(4608K)->4425K(4608K)
[2025-04-17T09:23:37.104+0000][185.104s][info][gc             ] GC(1583) Pause Young (Allocation Failure) 27M->18M(31M) 2.086ms
[2025-04-17T09:23:37.104+0000][185.104s][info][gc,cpu         ] GC(1583) User=0.00s Sys=0.00s Real=0.00s
[2025-04-17T09:23:37.171+0000][185.171s][info][gc,start       ] GC(1584) Pause Young (Allocation Failure)
[2025-04-17T09:23:37.172+0000][185.172s][info][gc,heap        ] GC(1584) DefNew: 9250K(10176K)->132K(10176K) Eden: 9080K(9088K)->0K(9088K) From: 170K(1088K)->132K(1088K)
[2025-04-17T09:23:37.172+0000][185.173s][info][gc,heap        ] GC(1584) Tenured: 19098K(22464K)->19104K(22464K)
[2025-04-17T09:23:37.172+0000][185.173s][info][gc,metaspace   ] GC(1584) Metaspace: 37413K(37760K)->37413K(37760K) NonClass: 32987K(33152K)->32987K(33152K) Class: 4425K(4608K)->4425K(4608K)
[2025-04-17T09:23:37.172+0000][185.173s][info][gc             ] GC(1584) Pause Young (Allocation Failure) 27M->18M(31M) 1.364ms
[2025-04-17T09:23:37.172+0000][185.173s][info][gc,cpu         ] GC(1584) User=0.00s Sys=0.00s Real=0.00s
[2025-04-17T09:23:37.251+0000][185.252s][info][gc,start       ] GC(1585) Pause Young (Allocation Failure)
[2025-04-17T09:23:37.253+0000][185.253s][info][gc,heap        ] GC(1585) DefNew: 9220K(10176K)->167K(10176K) Eden: 9087K(9088K)->0K(9088K) From: 132K(1088K)->167K(1088K)
[2025-04-17T09:23:37.253+0000][185.253s][info][gc,heap        ] GC(1585) Tenured: 19104K(22464K)->19106K(22464K)
[2025-04-17T09:23:37.253+0000][185.253s][info][gc,metaspace   ] GC(1585) Metaspace: 37413K(37760K)->37413K(37760K) NonClass: 32987K(33152K)->32987K(33152K) Class: 4425K(4608K)->4425K(4608K)
[2025-04-17T09:23:37.253+0000][185.253s][info][gc             ] GC(1585) Pause Young (Allocation Failure) 27M->18M(31M) 1.468ms
[2025-04-17T09:23:37.253+0000][185.253s][info][gc,cpu         ] GC(1585) User=0.01s Sys=0.00s Real=0.00s
[2025-04-17T09:23:37.399+0000][185.400s][info][gc,start       ] GC(1586) Pause Young (Allocation Failure)
[2025-04-17T09:23:37.401+0000][185.401s][info][gc,heap        ] GC(1586) DefNew: 9255K(10176K)->159K(10176K) Eden: 9088K(9088K)->0K(9088K) From: 167K(1088K)->159K(1088K)
[2025-04-17T09:23:37.401+0000][185.401s][info][gc,heap        ] GC(1586) Tenured: 19106K(22464K)->19112K(22464K)
[2025-04-17T09:23:37.401+0000][185.401s][info][gc,metaspace   ] GC(1586) Metaspace: 37413K(37760K)->37413K(37760K) NonClass: 32987K(33152K)->32987K(33152K) Class: 4425K(4608K)->4425K(4608K)
[2025-04-17T09:23:37.401+0000][185.401s][info][gc             ] GC(1586) Pause Young (Allocation Failure) 27M->18M(31M) 1.539ms
[2025-04-17T09:23:37.401+0000][185.401s][info][gc,cpu         ] GC(1586) User=0.01s Sys=0.00s Real=0.00s
[2025-04-17T09:23:37.517+0000][185.518s][info][gc,start       ] GC(1587) Pause Young (Allocation Failure)
[2025-04-17T09:23:37.519+0000][185.519s][info][gc,heap        ] GC(1587) DefNew: 9247K(10176K)->174K(10176K) Eden: 9088K(9088K)->0K(9088K) From: 159K(1088K)->174K(1088K)
[2025-04-17T09:23:37.519+0000][185.519s][info][gc,heap        ] GC(1587) Tenured: 19112K(22464K)->19112K(22464K)
[2025-04-17T09:23:37.519+0000][185.519s][info][gc,metaspace   ] GC(1587) Metaspace: 37413K(37760K)->37413K(37760K) NonClass: 32987K(33152K)->32987K(33152K) Class: 4425K(4608K)->4425K(4608K)
[2025-04-17T09:23:37.519+0000][185.519s][info][gc             ] GC(1587) Pause Young (Allocation Failure) 27M->18M(31M) 1.508ms
[2025-04-17T09:23:37.519+0000][185.520s][info][gc,cpu         ] GC(1587) User=0.00s Sys=0.00s Real=0.00s
[2025-04-17T09:23:37.645+0000][185.645s][info][gc,start       ] GC(1588) Pause Young (Allocation Failure)
[2025-04-17T09:23:37.646+0000][185.647s][info][gc,heap        ] GC(1588) DefNew: 9262K(10176K)->144K(10176K) Eden: 9088K(9088K)->0K(9088K) From: 174K(1088K)->144K(1088K)
[2025-04-17T09:23:37.646+0000][185.647s][info][gc,heap        ] GC(1588) Tenured: 19112K(22464K)->19113K(22464K)
[2025-04-17T09:23:37.646+0000][185.647s][info][gc,metaspace   ] GC(1588) Metaspace: 37415K(37760K)->37415K(37760K) NonClass: 32989K(33152K)->32989K(33152K) Class: 4425K(4608K)->4425K(4608K)
[2025-04-17T09:23:37.646+0000][185.647s][info][gc             ] GC(1588) Pause Young (Allocation Failure) 27M->18M(31M) 1.660ms
[2025-04-17T09:23:37.646+0000][185.647s][info][gc,cpu         ] GC(1588) User=0.00s Sys=0.00s Real=0.00s
[2025-04-17T09:23:37.756+0000][185.757s][info][gc,start       ] GC(1589) Pause Young (Allocation Failure)
[2025-04-17T09:23:37.758+0000][185.758s][info][gc,heap        ] GC(1589) DefNew: 9232K(10176K)->107K(10176K) Eden: 9088K(9088K)->0K(9088K) From: 144K(1088K)->107K(1088K)
[2025-04-17T09:23:37.758+0000][185.758s][info][gc,heap        ] GC(1589) Tenured: 19113K(22464K)->19165K(22464K)
[2025-04-17T09:23:37.758+0000][185.758s][info][gc,metaspace   ] GC(1589) Metaspace: 37415K(37760K)->37415K(37760K) NonClass: 32989K(33152K)->32989K(33152K) Class: 4425K(4608K)->4425K(4608K)
[2025-04-17T09:23:37.758+0000][185.758s][info][gc             ] GC(1589) Pause Young (Allocation Failure) 27M->18M(31M) 1.442ms
[2025-04-17T09:23:37.758+0000][185.759s][info][gc,cpu         ] GC(1589) User=0.00s Sys=0.00s Real=0.00s
[2025-04-17T09:23:37.892+0000][185.893s][info][gc,start       ] GC(1590) Pause Young (Allocation Failure)
[2025-04-17T09:23:37.893+0000][185.894s][info][gc,heap        ] GC(1590) DefNew: 9195K(10176K)->101K(10176K) Eden: 9087K(9088K)->0K(9088K) From: 107K(1088K)->101K(1088K)
[2025-04-17T09:23:37.893+0000][185.894s][info][gc,heap        ] GC(1590) Tenured: 19165K(22464K)->19166K(22464K)
[2025-04-17T09:23:37.893+0000][185.894s][info][gc,metaspace   ] GC(1590) Metaspace: 37415K(37760K)->37415K(37760K) NonClass: 32989K(33152K)->32989K(33152K) Class: 4425K(4608K)->4425K(4608K)
[2025-04-17T09:23:37.893+0000][185.894s][info][gc             ] GC(1590) Pause Young (Allocation Failure) 27M->18M(31M) 1.475ms
[2025-04-17T09:23:37.893+0000][185.894s][info][gc,cpu         ] GC(1590) User=0.00s Sys=0.00s Real=0.00s
[2025-04-17T09:23:37.979+0000][185.980s][info][gc,start       ] GC(1591) Pause Young (Allocation Failure)
[2025-04-17T09:23:37.981+0000][185.981s][info][gc,heap        ] GC(1591) DefNew: 9187K(10176K)->107K(10176K) Eden: 9086K(9088K)->0K(9088K) From: 101K(1088K)->107K(1088K)
[2025-04-17T09:23:37.981+0000][185.981s][info][gc,heap        ] GC(1591) Tenured: 19166K(22464K)->19166K(22464K)
[2025-04-17T09:23:37.981+0000][185.981s][info][gc,metaspace   ] GC(1591) Metaspace: 37415K(37760K)->37415K(37760K) NonClass: 32989K(33152K)->32989K(33152K) Class: 4425K(4608K)->4425K(4608K)
[2025-04-17T09:23:37.981+0000][185.981s][info][gc             ] GC(1591) Pause Young (Allocation Failure) 27M->18M(31M) 1.392ms
[2025-04-17T09:23:37.981+0000][185.981s][info][gc,cpu         ] GC(1591) User=0.00s Sys=0.00s Real=0.00s
[2025-04-17T09:23:38.090+0000][186.090s][info][gc,start       ] GC(1592) Pause Young (Allocation Failure)
[2025-04-17T09:23:38.091+0000][186.092s][info][gc,heap        ] GC(1592) DefNew: 9195K(10176K)->104K(10176K) Eden: 9088K(9088K)->0K(9088K) From: 107K(1088K)->104K(1088K)
[2025-04-17T09:23:38.091+0000][186.092s][info][gc,heap        ] GC(1592) Tenured: 19166K(22464K)->19168K(22464K)
[2025-04-17T09:23:38.091+0000][186.092s][info][gc,metaspace   ] GC(1592) Metaspace: 37415K(37760K)->37415K(37760K) NonClass: 32989K(33152K)->32989K(33152K) Class: 4425K(4608K)->4425K(4608K)
[2025-04-17T09:23:38.091+0000][186.092s][info][gc             ] GC(1592) Pause Young (Allocation Failure) 27M->18M(31M) 1.532ms
[2025-04-17T09:23:38.091+0000][186.092s][info][gc,cpu         ] GC(1592) User=0.00s Sys=0.00s Real=0.00s
[2025-04-17T09:23:38.313+0000][186.313s][info][gc,start       ] GC(1593) Pause Young (Allocation Failure)
[2025-04-17T09:23:38.314+0000][186.315s][info][gc,heap        ] GC(1593) DefNew: 9192K(10176K)->101K(10176K) Eden: 9087K(9088K)->0K(9088K) From: 104K(1088K)->101K(1088K)
[2025-04-17T09:23:38.314+0000][186.315s][info][gc,heap        ] GC(1593) Tenured: 19168K(22464K)->19169K(22464K)
[2025-04-17T09:23:38.314+0000][186.315s][info][gc,metaspace   ] GC(1593) Metaspace: 37415K(37760K)->37415K(37760K) NonClass: 32989K(33152K)->32989K(33152K) Class: 4425K(4608K)->4425K(4608K)
[2025-04-17T09:23:38.314+0000][186.315s][info][gc             ] GC(1593) Pause Young (Allocation Failure) 27M->18M(31M) 1.463ms
[2025-04-17T09:23:38.314+0000][186.315s][info][gc,cpu         ] GC(1593) User=0.00s Sys=0.00s Real=0.01s
[2025-04-17T09:23:38.375+0000][186.376s][info][gc,start       ] GC(1594) Pause Young (Allocation Failure)
[2025-04-17T09:23:38.377+0000][186.377s][info][gc,heap        ] GC(1594) DefNew: 9189K(10176K)->96K(10176K) Eden: 9088K(9088K)->0K(9088K) From: 101K(1088K)->96K(1088K)
[2025-04-17T09:23:38.377+0000][186.377s][info][gc,heap        ] GC(1594) Tenured: 19169K(22464K)->19169K(22464K)
[2025-04-17T09:23:38.377+0000][186.377s][info][gc,metaspace   ] GC(1594) Metaspace: 37415K(37760K)->37415K(37760K) NonClass: 32989K(33152K)->32989K(33152K) Class: 4425K(4608K)->4425K(4608K)
[2025-04-17T09:23:38.377+0000][186.377s][info][gc             ] GC(1594) Pause Young (Allocation Failure) 27M->18M(31M) 1.409ms
[2025-04-17T09:23:38.377+0000][186.377s][info][gc,cpu         ] GC(1594) User=0.00s Sys=0.00s Real=0.00s
[2025-04-17T09:23:38.454+0000][186.455s][info][gc,start       ] GC(1595) Pause Young (Allocation Failure)
[2025-04-17T09:23:38.456+0000][186.456s][info][gc,heap        ] GC(1595) DefNew: 9184K(10176K)->96K(10176K) Eden: 9088K(9088K)->0K(9088K) From: 96K(1088K)->96K(1088K)
[2025-04-17T09:23:38.456+0000][186.456s][info][gc,heap        ] GC(1595) Tenured: 19169K(22464K)->19171K(22464K)
[2025-04-17T09:23:38.456+0000][186.456s][info][gc,metaspace   ] GC(1595) Metaspace: 37415K(37760K)->37415K(37760K) NonClass: 32989K(33152K)->32989K(33152K) Class: 4425K(4608K)->4425K(4608K)
[2025-04-17T09:23:38.456+0000][186.456s][info][gc             ] GC(1595) Pause Young (Allocation Failure) 27M->18M(31M) 1.418ms
[2025-04-17T09:23:38.456+0000][186.456s][info][gc,cpu         ] GC(1595) User=0.00s Sys=0.00s Real=0.00s
[2025-04-17T09:23:38.528+0000][186.529s][info][gc,start       ] GC(1596) Pause Young (Allocation Failure)
[2025-04-17T09:23:38.529+0000][186.530s][info][gc,heap        ] GC(1596) DefNew: 9177K(10176K)->81K(10176K) Eden: 9080K(9088K)->0K(9088K) From: 96K(1088K)->81K(1088K)
[2025-04-17T09:23:38.529+0000][186.530s][info][gc,heap        ] GC(1596) Tenured: 19171K(22464K)->19174K(22464K)
[2025-04-17T09:23:38.529+0000][186.530s][info][gc,metaspace   ] GC(1596) Metaspace: 37415K(37760K)->37415K(37760K) NonClass: 32989K(33152K)->32989K(33152K) Class: 4425K(4608K)->4425K(4608K)
[2025-04-17T09:23:38.529+0000][186.530s][info][gc             ] GC(1596) Pause Young (Allocation Failure) 27M->18M(31M) 1.412ms
[2025-04-17T09:23:38.529+0000][186.530s][info][gc,cpu         ] GC(1596) User=0.00s Sys=0.00s Real=0.00s
[2025-04-17T09:23:38.678+0000][186.679s][info][gc,start       ] GC(1597) Pause Young (Allocation Failure)
[2025-04-17T09:23:38.679+0000][186.680s][info][gc,heap        ] GC(1597) DefNew: 9169K(10176K)->108K(10176K) Eden: 9087K(9088K)->0K(9088K) From: 81K(1088K)->108K(1088K)
[2025-04-17T09:23:38.679+0000][186.680s][info][gc,heap        ] GC(1597) Tenured: 19174K(22464K)->19174K(22464K)
[2025-04-17T09:23:38.679+0000][186.680s][info][gc,metaspace   ] GC(1597) Metaspace: 37415K(37760K)->37415K(37760K) NonClass: 32989K(33152K)->32989K(33152K) Class: 4425K(4608K)->4425K(4608K)
[2025-04-17T09:23:38.679+0000][186.680s][info][gc             ] GC(1597) Pause Young (Allocation Failure) 27M->18M(31M) 1.411ms
[2025-04-17T09:23:38.679+0000][186.680s][info][gc,cpu         ] GC(1597) User=0.01s Sys=0.00s Real=0.00s
[2025-04-17T09:23:38.752+0000][186.753s][info][gc,start       ] GC(1598) Pause Young (Allocation Failure)
[2025-04-17T09:23:38.753+0000][186.754s][info][gc,heap        ] GC(1598) DefNew: 9191K(10176K)->97K(10176K) Eden: 9082K(9088K)->0K(9088K) From: 108K(1088K)->97K(1088K)
[2025-04-17T09:23:38.753+0000][186.754s][info][gc,heap        ] GC(1598) Tenured: 19174K(22464K)->19175K(22464K)
[2025-04-17T09:23:38.753+0000][186.754s][info][gc,metaspace   ] GC(1598) Metaspace: 37415K(37760K)->37415K(37760K) NonClass: 32989K(33152K)->32989K(33152K) Class: 4425K(4608K)->4425K(4608K)
[2025-04-17T09:23:38.753+0000][186.754s][info][gc             ] GC(1598) Pause Young (Allocation Failure) 27M->18M(31M) 1.516ms
[2025-04-17T09:23:38.753+0000][186.754s][info][gc,cpu         ] GC(1598) User=0.00s Sys=0.00s Real=0.00s
[2025-04-17T09:23:38.844+0000][186.845s][info][gc,start       ] GC(1599) Pause Young (Allocation Failure)
[2025-04-17T09:23:38.846+0000][186.846s][info][gc,heap        ] GC(1599) DefNew: 9185K(10176K)->90K(10176K) Eden: 9088K(9088K)->0K(9088K) From: 97K(1088K)->90K(1088K)
[2025-04-17T09:23:38.846+0000][186.846s][info][gc,heap        ] GC(1599) Tenured: 19175K(22464K)->19175K(22464K)
[2025-04-17T09:23:38.846+0000][186.846s][info][gc,metaspace   ] GC(1599) Metaspace: 37415K(37760K)->37415K(37760K) NonClass: 32989K(33152K)->32989K(33152K) Class: 4425K(4608K)->4425K(4608K)
[2025-04-17T09:23:38.846+0000][186.846s][info][gc             ] GC(1599) Pause Young (Allocation Failure) 27M->18M(31M) 1.385ms
[2025-04-17T09:23:38.846+0000][186.846s][info][gc,cpu         ] GC(1599) User=0.00s Sys=0.00s Real=0.00s
[2025-04-17T09:23:38.917+0000][186.918s][info][gc,start       ] GC(1600) Pause Young (Allocation Failure)
[2025-04-17T09:23:38.918+0000][186.919s][info][gc,heap        ] GC(1600) DefNew: 9170K(10176K)->114K(10176K) Eden: 9079K(9088K)->0K(9088K) From: 90K(1088K)->114K(1088K)
[2025-04-17T09:23:38.918+0000][186.919s][info][gc,heap        ] GC(1600) Tenured: 19175K(22464K)->19175K(22464K)
[2025-04-17T09:23:38.918+0000][186.919s][info][gc,metaspace   ] GC(1600) Metaspace: 37415K(37760K)->37415K(37760K) NonClass: 32989K(33152K)->32989K(33152K) Class: 4425K(4608K)->4425K(4608K)
[2025-04-17T09:23:38.918+0000][186.919s][info][gc             ] GC(1600) Pause Young (Allocation Failure) 27M->18M(31M) 1.362ms
[2025-04-17T09:23:38.918+0000][186.919s][info][gc,cpu         ] GC(1600) User=0.00s Sys=0.00s Real=0.00s
[2025-04-17T09:23:38.995+0000][186.996s][info][gc,start       ] GC(1601) Pause Young (Allocation Failure)
[2025-04-17T09:23:38.996+0000][186.997s][info][gc,heap        ] GC(1601) DefNew: 9202K(10176K)->105K(10176K) Eden: 9087K(9088K)->0K(9088K) From: 114K(1088K)->105K(1088K)
[2025-04-17T09:23:38.996+0000][186.997s][info][gc,heap        ] GC(1601) Tenured: 19175K(22464K)->19177K(22464K)
[2025-04-17T09:23:38.996+0000][186.997s][info][gc,metaspace   ] GC(1601) Metaspace: 37415K(37760K)->37415K(37760K) NonClass: 32989K(33152K)->32989K(33152K) Class: 4425K(4608K)->4425K(4608K)
[2025-04-17T09:23:38.996+0000][186.997s][info][gc             ] GC(1601) Pause Young (Allocation Failure) 27M->18M(31M) 1.380ms
[2025-04-17T09:23:38.996+0000][186.997s][info][gc,cpu         ] GC(1601) User=0.00s Sys=0.00s Real=0.00s
[2025-04-17T09:23:39.260+0000][187.260s][info][gc,start       ] GC(1602) Pause Young (Allocation Failure)
[2025-04-17T09:23:39.261+0000][187.262s][info][gc,heap        ] GC(1602) DefNew: 9193K(10176K)->84K(10176K) Eden: 9088K(9088K)->0K(9088K) From: 105K(1088K)->84K(1088K)
[2025-04-17T09:23:39.261+0000][187.262s][info][gc,heap        ] GC(1602) Tenured: 19177K(22464K)->19183K(22464K)
[2025-04-17T09:23:39.261+0000][187.262s][info][gc,metaspace   ] GC(1602) Metaspace: 37415K(37760K)->37415K(37760K) NonClass: 32989K(33152K)->32989K(33152K) Class: 4425K(4608K)->4425K(4608K)
[2025-04-17T09:23:39.261+0000][187.262s][info][gc             ] GC(1602) Pause Young (Allocation Failure) 27M->18M(31M) 1.545ms
[2025-04-17T09:23:39.261+0000][187.262s][info][gc,cpu         ] GC(1602) User=0.00s Sys=0.00s Real=0.00s
[2025-04-17T09:23:39.373+0000][187.374s][info][gc,start       ] GC(1603) Pause Young (Allocation Failure)
[2025-04-17T09:23:39.375+0000][187.375s][info][gc,heap        ] GC(1603) DefNew: 9172K(10176K)->100K(10176K) Eden: 9088K(9088K)->0K(9088K) From: 84K(1088K)->100K(1088K)
[2025-04-17T09:23:39.375+0000][187.375s][info][gc,heap        ] GC(1603) Tenured: 19183K(22464K)->19184K(22464K)
[2025-04-17T09:23:39.375+0000][187.375s][info][gc,metaspace   ] GC(1603) Metaspace: 37415K(37760K)->37415K(37760K) NonClass: 32989K(33152K)->32989K(33152K) Class: 4425K(4608K)->4425K(4608K)
[2025-04-17T09:23:39.375+0000][187.375s][info][gc             ] GC(1603) Pause Young (Allocation Failure) 27M->18M(31M) 1.367ms
[2025-04-17T09:23:39.375+0000][187.375s][info][gc,cpu         ] GC(1603) User=0.00s Sys=0.00s Real=0.01s
[2025-04-17T09:23:39.485+0000][187.486s][info][gc,start       ] GC(1604) Pause Young (Allocation Failure)
[2025-04-17T09:23:39.486+0000][187.487s][info][gc,heap        ] GC(1604) DefNew: 9188K(10176K)->88K(10176K) Eden: 9087K(9088K)->0K(9088K) From: 100K(1088K)->88K(1088K)
[2025-04-17T09:23:39.486+0000][187.487s][info][gc,heap        ] GC(1604) Tenured: 19184K(22464K)->19185K(22464K)
[2025-04-17T09:23:39.486+0000][187.487s][info][gc,metaspace   ] GC(1604) Metaspace: 37415K(37760K)->37415K(37760K) NonClass: 32989K(33152K)->32989K(33152K) Class: 4425K(4608K)->4425K(4608K)
[2025-04-17T09:23:39.486+0000][187.487s][info][gc             ] GC(1604) Pause Young (Allocation Failure) 27M->18M(31M) 1.391ms
[2025-04-17T09:23:39.486+0000][187.487s][info][gc,cpu         ] GC(1604) User=0.00s Sys=0.00s Real=0.00s
[2025-04-17T09:23:39.671+0000][187.672s][info][gc,start       ] GC(1605) Pause Young (Allocation Failure)
[2025-04-17T09:23:39.672+0000][187.673s][info][gc,heap        ] GC(1605) DefNew: 9176K(10176K)->86K(10176K) Eden: 9087K(9088K)->0K(9088K) From: 88K(1088K)->86K(1088K)
[2025-04-17T09:23:39.672+0000][187.673s][info][gc,heap        ] GC(1605) Tenured: 19185K(22464K)->19193K(22464K)
[2025-04-17T09:23:39.672+0000][187.673s][info][gc,metaspace   ] GC(1605) Metaspace: 37416K(37760K)->37416K(37760K) NonClass: 32990K(33152K)->32990K(33152K) Class: 4425K(4608K)->4425K(4608K)
[2025-04-17T09:23:39.672+0000][187.673s][info][gc             ] GC(1605) Pause Young (Allocation Failure) 27M->18M(31M) 1.425ms
[2025-04-17T09:23:39.672+0000][187.673s][info][gc,cpu         ] GC(1605) User=0.00s Sys=0.00s Real=0.00s
[2025-04-17T09:23:39.806+0000][187.807s][info][gc,start       ] GC(1606) Pause Young (Allocation Failure)
[2025-04-17T09:23:39.808+0000][187.808s][info][gc,heap        ] GC(1606) DefNew: 9174K(10176K)->82K(10176K) Eden: 9088K(9088K)->0K(9088K) From: 86K(1088K)->82K(1088K)
[2025-04-17T09:23:39.808+0000][187.808s][info][gc,heap        ] GC(1606) Tenured: 19193K(22464K)->19193K(22464K)
[2025-04-17T09:23:39.808+0000][187.808s][info][gc,metaspace   ] GC(1606) Metaspace: 37416K(37760K)->37416K(37760K) NonClass: 32990K(33152K)->32990K(33152K) Class: 4425K(4608K)->4425K(4608K)
[2025-04-17T09:23:39.808+0000][187.809s][info][gc             ] GC(1606) Pause Young (Allocation Failure) 27M->18M(31M) 1.499ms
[2025-04-17T09:23:39.808+0000][187.809s][info][gc,cpu         ] GC(1606) User=0.00s Sys=0.00s Real=0.00s
[2025-04-17T09:23:39.926+0000][187.926s][info][gc,start       ] GC(1607) Pause Young (Allocation Failure)
[2025-04-17T09:23:39.927+0000][187.928s][info][gc,heap        ] GC(1607) DefNew: 9170K(10176K)->95K(10176K) Eden: 9088K(9088K)->0K(9088K) From: 82K(1088K)->95K(1088K)
[2025-04-17T09:23:39.927+0000][187.928s][info][gc,heap        ] GC(1607) Tenured: 19193K(22464K)->19195K(22464K)
[2025-04-17T09:23:39.927+0000][187.928s][info][gc,metaspace   ] GC(1607) Metaspace: 37416K(37760K)->37416K(37760K) NonClass: 32990K(33152K)->32990K(33152K) Class: 4425K(4608K)->4425K(4608K)
[2025-04-17T09:23:39.927+0000][187.928s][info][gc             ] GC(1607) Pause Young (Allocation Failure) 27M->18M(31M) 1.498ms
[2025-04-17T09:23:39.927+0000][187.928s][info][gc,cpu         ] GC(1607) User=0.00s Sys=0.00s Real=0.00s
[2025-04-17T09:23:40.033+0000][188.034s][info][gc,start       ] GC(1608) Pause Young (Allocation Failure)
[2025-04-17T09:23:40.034+0000][188.035s][info][gc,heap        ] GC(1608) DefNew: 9183K(10176K)->85K(10176K) Eden: 9087K(9088K)->0K(9088K) From: 95K(1088K)->85K(1088K)
[2025-04-17T09:23:40.034+0000][188.035s][info][gc,heap        ] GC(1608) Tenured: 19195K(22464K)->19195K(22464K)
[2025-04-17T09:23:40.034+0000][188.035s][info][gc,metaspace   ] GC(1608) Metaspace: 37416K(37760K)->37416K(37760K) NonClass: 32990K(33152K)->32990K(33152K) Class: 4425K(4608K)->4425K(4608K)
[2025-04-17T09:23:40.034+0000][188.035s][info][gc             ] GC(1608) Pause Young (Allocation Failure) 27M->18M(31M) 1.499ms
[2025-04-17T09:23:40.034+0000][188.035s][info][gc,cpu         ] GC(1608) User=0.00s Sys=0.00s Real=0.01s
[2025-04-17T09:23:40.115+0000][188.116s][info][gc,start       ] GC(1609) Pause Young (Allocation Failure)
[2025-04-17T09:23:40.117+0000][188.117s][info][gc,heap        ] GC(1609) DefNew: 9173K(10176K)->101K(10176K) Eden: 9088K(9088K)->0K(9088K) From: 85K(1088K)->101K(1088K)
[2025-04-17T09:23:40.117+0000][188.117s][info][gc,heap        ] GC(1609) Tenured: 19195K(22464K)->19196K(22464K)
[2025-04-17T09:23:40.117+0000][188.117s][info][gc,metaspace   ] GC(1609) Metaspace: 37416K(37760K)->37416K(37760K) NonClass: 32990K(33152K)->32990K(33152K) Class: 4425K(4608K)->4425K(4608K)
[2025-04-17T09:23:40.117+0000][188.117s][info][gc             ] GC(1609) Pause Young (Allocation Failure) 27M->18M(31M) 1.357ms
[2025-04-17T09:23:40.117+0000][188.117s][info][gc,cpu         ] GC(1609) User=0.00s Sys=0.00s Real=0.00s
[2025-04-17T09:23:40.218+0000][188.219s][info][gc,start       ] GC(1610) Pause Young (Allocation Failure)
[2025-04-17T09:23:40.220+0000][188.220s][info][gc,heap        ] GC(1610) DefNew: 9189K(10176K)->85K(10176K) Eden: 9087K(9088K)->0K(9088K) From: 101K(1088K)->85K(1088K)
[2025-04-17T09:23:40.220+0000][188.220s][info][gc,heap        ] GC(1610) Tenured: 19196K(22464K)->19196K(22464K)
[2025-04-17T09:23:40.220+0000][188.220s][info][gc,metaspace   ] GC(1610) Metaspace: 37416K(37760K)->37416K(37760K) NonClass: 32990K(33152K)->32990K(33152K) Class: 4425K(4608K)->4425K(4608K)
[2025-04-17T09:23:40.220+0000][188.220s][info][gc             ] GC(1610) Pause Young (Allocation Failure) 27M->18M(31M) 1.435ms
[2025-04-17T09:23:40.220+0000][188.220s][info][gc,cpu         ] GC(1610) User=0.00s Sys=0.00s Real=0.00s
[2025-04-17T09:23:40.307+0000][188.308s][info][gc,start       ] GC(1611) Pause Young (Allocation Failure)
[2025-04-17T09:23:40.309+0000][188.309s][info][gc,heap        ] GC(1611) DefNew: 9166K(10176K)->117K(10176K) Eden: 9080K(9088K)->0K(9088K) From: 85K(1088K)->117K(1088K)
[2025-04-17T09:23:40.309+0000][188.309s][info][gc,heap        ] GC(1611) Tenured: 19196K(22464K)->19196K(22464K)
[2025-04-17T09:23:40.309+0000][188.309s][info][gc,metaspace   ] GC(1611) Metaspace: 37416K(37760K)->37416K(37760K) NonClass: 32990K(33152K)->32990K(33152K) Class: 4425K(4608K)->4425K(4608K)
[2025-04-17T09:23:40.309+0000][188.309s][info][gc             ] GC(1611) Pause Young (Allocation Failure) 27M->18M(31M) 1.357ms
[2025-04-17T09:23:40.309+0000][188.309s][info][gc,cpu         ] GC(1611) User=0.00s Sys=0.00s Real=0.00s
[2025-04-17T09:23:40.457+0000][188.457s][info][gc,start       ] GC(1612) Pause Young (Allocation Failure)
[2025-04-17T09:23:40.458+0000][188.459s][info][gc,heap        ] GC(1612) DefNew: 9205K(10176K)->103K(10176K) Eden: 9088K(9088K)->0K(9088K) From: 117K(1088K)->103K(1088K)
[2025-04-17T09:23:40.458+0000][188.459s][info][gc,heap        ] GC(1612) Tenured: 19196K(22464K)->19196K(22464K)
[2025-04-17T09:23:40.458+0000][188.459s][info][gc,metaspace   ] GC(1612) Metaspace: 37416K(37760K)->37416K(37760K) NonClass: 32990K(33152K)->32990K(33152K) Class: 4425K(4608K)->4425K(4608K)
[2025-04-17T09:23:40.458+0000][188.459s][info][gc             ] GC(1612) Pause Young (Allocation Failure) 27M->18M(31M) 1.389ms
[2025-04-17T09:23:40.458+0000][188.459s][info][gc,cpu         ] GC(1612) User=0.00s Sys=0.00s Real=0.00s
[2025-04-17T09:23:40.607+0000][188.608s][info][gc,start       ] GC(1613) Pause Young (Allocation Failure)
[2025-04-17T09:23:40.608+0000][188.609s][info][gc,heap        ] GC(1613) DefNew: 9191K(10176K)->105K(10176K) Eden: 9087K(9088K)->0K(9088K) From: 103K(1088K)->105K(1088K)
[2025-04-17T09:23:40.608+0000][188.609s][info][gc,heap        ] GC(1613) Tenured: 19196K(22464K)->19196K(22464K)
[2025-04-17T09:23:40.608+0000][188.609s][info][gc,metaspace   ] GC(1613) Metaspace: 37416K(37760K)->37416K(37760K) NonClass: 32990K(33152K)->32990K(33152K) Class: 4425K(4608K)->4425K(4608K)
[2025-04-17T09:23:40.608+0000][188.609s][info][gc             ] GC(1613) Pause Young (Allocation Failure) 27M->18M(31M) 1.387ms
[2025-04-17T09:23:40.608+0000][188.609s][info][gc,cpu         ] GC(1613) User=0.00s Sys=0.00s Real=0.00s
[2025-04-17T09:23:40.733+0000][188.733s][info][gc,start       ] GC(1614) Pause Young (Allocation Failure)
[2025-04-17T09:23:40.734+0000][188.735s][info][gc,heap        ] GC(1614) DefNew: 9193K(10176K)->146K(10176K) Eden: 9088K(9088K)->0K(9088K) From: 105K(1088K)->146K(1088K)
[2025-04-17T09:23:40.734+0000][188.735s][info][gc,heap        ] GC(1614) Tenured: 19196K(22464K)->19196K(22464K)
[2025-04-17T09:23:40.734+0000][188.735s][info][gc,metaspace   ] GC(1614) Metaspace: 37416K(37760K)->37416K(37760K) NonClass: 32990K(33152K)->32990K(33152K) Class: 4425K(4608K)->4425K(4608K)
[2025-04-17T09:23:40.734+0000][188.735s][info][gc             ] GC(1614) Pause Young (Allocation Failure) 27M->18M(31M) 1.458ms
[2025-04-17T09:23:40.734+0000][188.735s][info][gc,cpu         ] GC(1614) User=0.00s Sys=0.00s Real=0.01s
[2025-04-17T09:23:41.107+0000][189.108s][info][gc,start       ] GC(1615) Pause Young (Allocation Failure)
[2025-04-17T09:23:41.109+0000][189.109s][info][gc,heap        ] GC(1615) DefNew: 9234K(10176K)->158K(10176K) Eden: 9087K(9088K)->0K(9088K) From: 146K(1088K)->158K(1088K)
[2025-04-17T09:23:41.109+0000][189.109s][info][gc,heap        ] GC(1615) Tenured: 19196K(22464K)->19198K(22464K)
[2025-04-17T09:23:41.109+0000][189.109s][info][gc,metaspace   ] GC(1615) Metaspace: 37416K(37760K)->37416K(37760K) NonClass: 32990K(33152K)->32990K(33152K) Class: 4425K(4608K)->4425K(4608K)
[2025-04-17T09:23:41.109+0000][189.109s][info][gc             ] GC(1615) Pause Young (Allocation Failure) 27M->18M(31M) 1.492ms
[2025-04-17T09:23:41.109+0000][189.109s][info][gc,cpu         ] GC(1615) User=0.00s Sys=0.00s Real=0.00s
[2025-04-17T09:23:41.240+0000][189.240s][info][gc,start       ] GC(1616) Pause Young (Allocation Failure)
[2025-04-17T09:23:41.241+0000][189.242s][info][gc,heap        ] GC(1616) DefNew: 9246K(10176K)->151K(10176K) Eden: 9087K(9088K)->0K(9088K) From: 158K(1088K)->151K(1088K)
[2025-04-17T09:23:41.241+0000][189.242s][info][gc,heap        ] GC(1616) Tenured: 19198K(22464K)->19198K(22464K)
[2025-04-17T09:23:41.241+0000][189.242s][info][gc,metaspace   ] GC(1616) Metaspace: 37416K(37760K)->37416K(37760K) NonClass: 32990K(33152K)->32990K(33152K) Class: 4425K(4608K)->4425K(4608K)
[2025-04-17T09:23:41.241+0000][189.242s][info][gc             ] GC(1616) Pause Young (Allocation Failure) 27M->18M(31M) 1.420ms
[2025-04-17T09:23:41.241+0000][189.242s][info][gc,cpu         ] GC(1616) User=0.01s Sys=0.00s Real=0.00s
[2025-04-17T09:23:41.391+0000][189.391s][info][gc,start       ] GC(1617) Pause Young (Allocation Failure)
[2025-04-17T09:23:41.392+0000][189.393s][info][gc,heap        ] GC(1617) DefNew: 9239K(10176K)->155K(10176K) Eden: 9088K(9088K)->0K(9088K) From: 151K(1088K)->155K(1088K)
[2025-04-17T09:23:41.392+0000][189.393s][info][gc,heap        ] GC(1617) Tenured: 19198K(22464K)->19201K(22464K)
[2025-04-17T09:23:41.392+0000][189.393s][info][gc,metaspace   ] GC(1617) Metaspace: 37416K(37760K)->37416K(37760K) NonClass: 32990K(33152K)->32990K(33152K) Class: 4425K(4608K)->4425K(4608K)
[2025-04-17T09:23:41.392+0000][189.393s][info][gc             ] GC(1617) Pause Young (Allocation Failure) 27M->18M(31M) 1.536ms
[2025-04-17T09:23:41.392+0000][189.393s][info][gc,cpu         ] GC(1617) User=0.00s Sys=0.00s Real=0.00s
[2025-04-17T09:23:41.523+0000][189.523s][info][gc,start       ] GC(1618) Pause Young (Allocation Failure)
[2025-04-17T09:23:41.524+0000][189.525s][info][gc,heap        ] GC(1618) DefNew: 9243K(10176K)->180K(10176K) Eden: 9088K(9088K)->0K(9088K) From: 155K(1088K)->180K(1088K)
[2025-04-17T09:23:41.524+0000][189.525s][info][gc,heap        ] GC(1618) Tenured: 19201K(22464K)->19201K(22464K)
[2025-04-17T09:23:41.524+0000][189.525s][info][gc,metaspace   ] GC(1618) Metaspace: 37416K(37760K)->37416K(37760K) NonClass: 32990K(33152K)->32990K(33152K) Class: 4425K(4608K)->4425K(4608K)
[2025-04-17T09:23:41.524+0000][189.525s][info][gc             ] GC(1618) Pause Young (Allocation Failure) 27M->18M(31M) 1.638ms
[2025-04-17T09:23:41.524+0000][189.525s][info][gc,cpu         ] GC(1618) User=0.00s Sys=0.00s Real=0.01s
[2025-04-17T09:23:41.582+0000][189.582s][info][gc,start       ] GC(1619) Pause Young (Allocation Failure)
[2025-04-17T09:23:41.583+0000][189.584s][info][gc,heap        ] GC(1619) DefNew: 9268K(10176K)->148K(10176K) Eden: 9087K(9088K)->0K(9088K) From: 180K(1088K)->148K(1088K)
[2025-04-17T09:23:41.583+0000][189.584s][info][gc,heap        ] GC(1619) Tenured: 19201K(22464K)->19202K(22464K)
[2025-04-17T09:23:41.583+0000][189.584s][info][gc,metaspace   ] GC(1619) Metaspace: 37416K(37760K)->37416K(37760K) NonClass: 32990K(33152K)->32990K(33152K) Class: 4425K(4608K)->4425K(4608K)
[2025-04-17T09:23:41.583+0000][189.584s][info][gc             ] GC(1619) Pause Young (Allocation Failure) 27M->18M(31M) 1.458ms
[2025-04-17T09:23:41.583+0000][189.584s][info][gc,cpu         ] GC(1619) User=0.00s Sys=0.00s Real=0.00s
[2025-04-17T09:23:41.677+0000][189.678s][info][gc,start       ] GC(1620) Pause Young (Allocation Failure)
[2025-04-17T09:23:41.678+0000][189.679s][info][gc,heap        ] GC(1620) DefNew: 9236K(10176K)->136K(10176K) Eden: 9088K(9088K)->0K(9088K) From: 148K(1088K)->136K(1088K)
[2025-04-17T09:23:41.678+0000][189.679s][info][gc,heap        ] GC(1620) Tenured: 19202K(22464K)->19203K(22464K)
[2025-04-17T09:23:41.678+0000][189.679s][info][gc,metaspace   ] GC(1620) Metaspace: 37416K(37760K)->37416K(37760K) NonClass: 32990K(33152K)->32990K(33152K) Class: 4425K(4608K)->4425K(4608K)
[2025-04-17T09:23:41.678+0000][189.679s][info][gc             ] GC(1620) Pause Young (Allocation Failure) 27M->18M(31M) 1.420ms
[2025-04-17T09:23:41.678+0000][189.679s][info][gc,cpu         ] GC(1620) User=0.00s Sys=0.00s Real=0.00s
[2025-04-17T09:23:41.791+0000][189.792s][info][gc,start       ] GC(1621) Pause Young (Allocation Failure)
[2025-04-17T09:23:41.793+0000][189.793s][info][gc,heap        ] GC(1621) DefNew: 9224K(10176K)->153K(10176K) Eden: 9087K(9088K)->0K(9088K) From: 136K(1088K)->153K(1088K)
[2025-04-17T09:23:41.793+0000][189.793s][info][gc,heap        ] GC(1621) Tenured: 19203K(22464K)->19203K(22464K)
[2025-04-17T09:23:41.793+0000][189.793s][info][gc,metaspace   ] GC(1621) Metaspace: 37416K(37760K)->37416K(37760K) NonClass: 32990K(33152K)->32990K(33152K) Class: 4425K(4608K)->4425K(4608K)
[2025-04-17T09:23:41.793+0000][189.793s][info][gc             ] GC(1621) Pause Young (Allocation Failure) 27M->18M(31M) 1.501ms
[2025-04-17T09:23:41.793+0000][189.793s][info][gc,cpu         ] GC(1621) User=0.00s Sys=0.01s Real=0.00s
[2025-04-17T09:23:41.917+0000][189.918s][info][gc,start       ] GC(1622) Pause Young (Allocation Failure)
[2025-04-17T09:23:41.919+0000][189.919s][info][gc,heap        ] GC(1622) DefNew: 9241K(10176K)->164K(10176K) Eden: 9087K(9088K)->0K(9088K) From: 153K(1088K)->164K(1088K)
[2025-04-17T09:23:41.919+0000][189.919s][info][gc,heap        ] GC(1622) Tenured: 19203K(22464K)->19203K(22464K)
[2025-04-17T09:23:41.919+0000][189.919s][info][gc,metaspace   ] GC(1622) Metaspace: 37416K(37760K)->37416K(37760K) NonClass: 32990K(33152K)->32990K(33152K) Class: 4425K(4608K)->4425K(4608K)
[2025-04-17T09:23:41.919+0000][189.919s][info][gc             ] GC(1622) Pause Young (Allocation Failure) 27M->18M(31M) 1.501ms
[2025-04-17T09:23:41.919+0000][189.919s][info][gc,cpu         ] GC(1622) User=0.00s Sys=0.00s Real=0.00s
[2025-04-17T09:23:42.064+0000][190.065s][info][gc,start       ] GC(1623) Pause Young (Allocation Failure)
[2025-04-17T09:23:42.066+0000][190.066s][info][gc,heap        ] GC(1623) DefNew: 9252K(10176K)->192K(10176K) Eden: 9088K(9088K)->0K(9088K) From: 164K(1088K)->192K(1088K)
[2025-04-17T09:23:42.066+0000][190.066s][info][gc,heap        ] GC(1623) Tenured: 19203K(22464K)->19206K(22464K)
[2025-04-17T09:23:42.066+0000][190.066s][info][gc,metaspace   ] GC(1623) Metaspace: 37416K(37760K)->37416K(37760K) NonClass: 32990K(33152K)->32990K(33152K) Class: 4425K(4608K)->4425K(4608K)
[2025-04-17T09:23:42.066+0000][190.067s][info][gc             ] GC(1623) Pause Young (Allocation Failure) 27M->18M(31M) 1.509ms
[2025-04-17T09:23:42.066+0000][190.067s][info][gc,cpu         ] GC(1623) User=0.00s Sys=0.00s Real=0.00s
[2025-04-17T09:23:42.201+0000][190.202s][info][gc,start       ] GC(1624) Pause Young (Allocation Failure)
[2025-04-17T09:23:42.203+0000][190.203s][info][gc,heap        ] GC(1624) DefNew: 9280K(10176K)->154K(10176K) Eden: 9088K(9088K)->0K(9088K) From: 192K(1088K)->154K(1088K)
[2025-04-17T09:23:42.203+0000][190.203s][info][gc,heap        ] GC(1624) Tenured: 19206K(22464K)->19206K(22464K)
[2025-04-17T09:23:42.203+0000][190.203s][info][gc,metaspace   ] GC(1624) Metaspace: 37416K(37760K)->37416K(37760K) NonClass: 32990K(33152K)->32990K(33152K) Class: 4425K(4608K)->4425K(4608K)
[2025-04-17T09:23:42.203+0000][190.203s][info][gc             ] GC(1624) Pause Young (Allocation Failure) 27M->18M(31M) 1.587ms
[2025-04-17T09:23:42.203+0000][190.203s][info][gc,cpu         ] GC(1624) User=0.00s Sys=0.00s Real=0.00s
[2025-04-17T09:23:42.293+0000][190.293s][info][gc,start       ] GC(1625) Pause Young (Allocation Failure)
[2025-04-17T09:23:42.294+0000][190.295s][info][gc,heap        ] GC(1625) DefNew: 9242K(10176K)->148K(10176K) Eden: 9088K(9088K)->0K(9088K) From: 154K(1088K)->148K(1088K)
[2025-04-17T09:23:42.294+0000][190.295s][info][gc,heap        ] GC(1625) Tenured: 19206K(22464K)->19207K(22464K)
[2025-04-17T09:23:42.294+0000][190.295s][info][gc,metaspace   ] GC(1625) Metaspace: 37416K(37760K)->37416K(37760K) NonClass: 32990K(33152K)->32990K(33152K) Class: 4425K(4608K)->4425K(4608K)
[2025-04-17T09:23:42.294+0000][190.295s][info][gc             ] GC(1625) Pause Young (Allocation Failure) 27M->18M(31M) 1.452ms
[2025-04-17T09:23:42.294+0000][190.295s][info][gc,cpu         ] GC(1625) User=0.00s Sys=0.01s Real=0.01s
[2025-04-17T09:23:42.404+0000][190.404s][info][gc,start       ] GC(1626) Pause Young (Allocation Failure)
[2025-04-17T09:23:42.405+0000][190.406s][info][gc,heap        ] GC(1626) DefNew: 9236K(10176K)->142K(10176K) Eden: 9088K(9088K)->0K(9088K) From: 148K(1088K)->142K(1088K)
[2025-04-17T09:23:42.405+0000][190.406s][info][gc,heap        ] GC(1626) Tenured: 19207K(22464K)->19226K(22464K)
[2025-04-17T09:23:42.405+0000][190.406s][info][gc,metaspace   ] GC(1626) Metaspace: 37416K(37760K)->37416K(37760K) NonClass: 32990K(33152K)->32990K(33152K) Class: 4425K(4608K)->4425K(4608K)
[2025-04-17T09:23:42.405+0000][190.406s][info][gc             ] GC(1626) Pause Young (Allocation Failure) 27M->18M(31M) 1.535ms
[2025-04-17T09:23:42.405+0000][190.406s][info][gc,cpu         ] GC(1626) User=0.00s Sys=0.00s Real=0.01s
[2025-04-17T09:23:42.520+0000][190.520s][info][gc,start       ] GC(1627) Pause Young (Allocation Failure)
[2025-04-17T09:23:42.521+0000][190.522s][info][gc,heap        ] GC(1627) DefNew: 9215K(10176K)->126K(10176K) Eden: 9073K(9088K)->0K(9088K) From: 142K(1088K)->126K(1088K)
[2025-04-17T09:23:42.521+0000][190.522s][info][gc,heap        ] GC(1627) Tenured: 19226K(22464K)->19228K(22464K)
[2025-04-17T09:23:42.521+0000][190.522s][info][gc,metaspace   ] GC(1627) Metaspace: 37416K(37760K)->37416K(37760K) NonClass: 32990K(33152K)->32990K(33152K) Class: 4425K(4608K)->4425K(4608K)
[2025-04-17T09:23:42.521+0000][190.522s][info][gc             ] GC(1627) Pause Young (Allocation Failure) 27M->18M(31M) 1.339ms
[2025-04-17T09:23:42.521+0000][190.522s][info][gc,cpu         ] GC(1627) User=0.00s Sys=0.00s Real=0.00s
[2025-04-17T09:23:42.723+0000][190.724s][info][gc,start       ] GC(1628) Pause Young (Allocation Failure)
[2025-04-17T09:23:42.725+0000][190.725s][info][gc,heap        ] GC(1628) DefNew: 9214K(10176K)->138K(10176K) Eden: 9088K(9088K)->0K(9088K) From: 126K(1088K)->138K(1088K)
[2025-04-17T09:23:42.725+0000][190.725s][info][gc,heap        ] GC(1628) Tenured: 19228K(22464K)->19230K(22464K)
[2025-04-17T09:23:42.725+0000][190.725s][info][gc,metaspace   ] GC(1628) Metaspace: 37416K(37760K)->37416K(37760K) NonClass: 32990K(33152K)->32990K(33152K) Class: 4425K(4608K)->4425K(4608K)
[2025-04-17T09:23:42.725+0000][190.726s][info][gc             ] GC(1628) Pause Young (Allocation Failure) 27M->18M(31M) 1.500ms
[2025-04-17T09:23:42.725+0000][190.726s][info][gc,cpu         ] GC(1628) User=0.00s Sys=0.00s Real=0.01s
[2025-04-17T09:23:42.842+0000][190.842s][info][gc,start       ] GC(1629) Pause Young (Allocation Failure)
[2025-04-17T09:23:42.843+0000][190.844s][info][gc,heap        ] GC(1629) DefNew: 9226K(10176K)->118K(10176K) Eden: 9087K(9088K)->0K(9088K) From: 138K(1088K)->118K(1088K)
[2025-04-17T09:23:42.843+0000][190.844s][info][gc,heap        ] GC(1629) Tenured: 19230K(22464K)->19234K(22464K)
[2025-04-17T09:23:42.843+0000][190.844s][info][gc,metaspace   ] GC(1629) Metaspace: 37416K(37760K)->37416K(37760K) NonClass: 32990K(33152K)->32990K(33152K) Class: 4425K(4608K)->4425K(4608K)
[2025-04-17T09:23:42.843+0000][190.844s][info][gc             ] GC(1629) Pause Young (Allocation Failure) 27M->18M(31M) 1.568ms
[2025-04-17T09:23:42.843+0000][190.844s][info][gc,cpu         ] GC(1629) User=0.00s Sys=0.00s Real=0.00s
[2025-04-17T09:23:43.011+0000][191.011s][info][gc,start       ] GC(1630) Pause Young (Allocation Failure)
[2025-04-17T09:23:43.012+0000][191.013s][info][gc,heap        ] GC(1630) DefNew: 9196K(10176K)->95K(10176K) Eden: 9078K(9088K)->0K(9088K) From: 118K(1088K)->95K(1088K)
[2025-04-17T09:23:43.012+0000][191.013s][info][gc,heap        ] GC(1630) Tenured: 19234K(22464K)->19276K(22464K)
[2025-04-17T09:23:43.012+0000][191.013s][info][gc,metaspace   ] GC(1630) Metaspace: 37416K(37760K)->37416K(37760K) NonClass: 32990K(33152K)->32990K(33152K) Class: 4425K(4608K)->4425K(4608K)
[2025-04-17T09:23:43.012+0000][191.013s][info][gc             ] GC(1630) Pause Young (Allocation Failure) 27M->18M(31M) 1.417ms
[2025-04-17T09:23:43.012+0000][191.013s][info][gc,cpu         ] GC(1630) User=0.00s Sys=0.00s Real=0.00s
[2025-04-17T09:23:43.104+0000][191.105s][info][gc,start       ] GC(1631) Pause Young (Allocation Failure)
[2025-04-17T09:23:43.106+0000][191.107s][info][gc,heap        ] GC(1631) DefNew: 9183K(10176K)->85K(10176K) Eden: 9087K(9088K)->0K(9088K) From: 95K(1088K)->85K(1088K)
[2025-04-17T09:23:43.106+0000][191.107s][info][gc,heap        ] GC(1631) Tenured: 19276K(22464K)->19277K(22464K)
[2025-04-17T09:23:43.106+0000][191.107s][info][gc,metaspace   ] GC(1631) Metaspace: 37416K(37760K)->37416K(37760K) NonClass: 32990K(33152K)->32990K(33152K) Class: 4425K(4608K)->4425K(4608K)
[2025-04-17T09:23:43.106+0000][191.107s][info][gc             ] GC(1631) Pause Young (Allocation Failure) 27M->18M(31M) 1.444ms
[2025-04-17T09:23:43.106+0000][191.107s][info][gc,cpu         ] GC(1631) User=0.00s Sys=0.00s Real=0.00s
[2025-04-17T09:23:43.178+0000][191.178s][info][gc,start       ] GC(1632) Pause Young (Allocation Failure)
[2025-04-17T09:23:43.179+0000][191.180s][info][gc,heap        ] GC(1632) DefNew: 9173K(10176K)->79K(10176K) Eden: 9088K(9088K)->0K(9088K) From: 85K(1088K)->79K(1088K)
[2025-04-17T09:23:43.179+0000][191.180s][info][gc,heap        ] GC(1632) Tenured: 19277K(22464K)->19277K(22464K)
[2025-04-17T09:23:43.179+0000][191.180s][info][gc,metaspace   ] GC(1632) Metaspace: 37416K(37760K)->37416K(37760K) NonClass: 32990K(33152K)->32990K(33152K) Class: 4425K(4608K)->4425K(4608K)
[2025-04-17T09:23:43.179+0000][191.180s][info][gc             ] GC(1632) Pause Young (Allocation Failure) 27M->18M(31M) 1.419ms
[2025-04-17T09:23:43.179+0000][191.180s][info][gc,cpu         ] GC(1632) User=0.00s Sys=0.00s Real=0.00s
[2025-04-17T09:23:43.349+0000][191.350s][info][gc,start       ] GC(1633) Pause Young (Allocation Failure)
[2025-04-17T09:23:43.350+0000][191.351s][info][gc,heap        ] GC(1633) DefNew: 9167K(10176K)->105K(10176K) Eden: 9088K(9088K)->0K(9088K) From: 79K(1088K)->105K(1088K)
[2025-04-17T09:23:43.350+0000][191.351s][info][gc,heap        ] GC(1633) Tenured: 19277K(22464K)->19278K(22464K)
[2025-04-17T09:23:43.350+0000][191.351s][info][gc,metaspace   ] GC(1633) Metaspace: 37416K(37760K)->37416K(37760K) NonClass: 32990K(33152K)->32990K(33152K) Class: 4425K(4608K)->4425K(4608K)
[2025-04-17T09:23:43.350+0000][191.351s][info][gc             ] GC(1633) Pause Young (Allocation Failure) 27M->18M(31M) 1.544ms
[2025-04-17T09:23:43.350+0000][191.351s][info][gc,cpu         ] GC(1633) User=0.01s Sys=0.00s Real=0.00s
[2025-04-17T09:23:43.518+0000][191.519s][info][gc,start       ] GC(1634) Pause Young (Allocation Failure)
[2025-04-17T09:23:43.519+0000][191.520s][info][gc,heap        ] GC(1634) DefNew: 9190K(10176K)->101K(10176K) Eden: 9085K(9088K)->0K(9088K) From: 105K(1088K)->101K(1088K)
[2025-04-17T09:23:43.519+0000][191.520s][info][gc,heap        ] GC(1634) Tenured: 19278K(22464K)->19279K(22464K)
[2025-04-17T09:23:43.519+0000][191.520s][info][gc,metaspace   ] GC(1634) Metaspace: 37416K(37760K)->37416K(37760K) NonClass: 32990K(33152K)->32990K(33152K) Class: 4425K(4608K)->4425K(4608K)
[2025-04-17T09:23:43.519+0000][191.520s][info][gc             ] GC(1634) Pause Young (Allocation Failure) 27M->18M(31M) 1.471ms
[2025-04-17T09:23:43.519+0000][191.520s][info][gc,cpu         ] GC(1634) User=0.00s Sys=0.00s Real=0.00s
[2025-04-17T09:23:43.685+0000][191.686s][info][gc,start       ] GC(1635) Pause Young (Allocation Failure)
[2025-04-17T09:23:43.687+0000][191.687s][info][gc,heap        ] GC(1635) DefNew: 9189K(10176K)->111K(10176K) Eden: 9088K(9088K)->0K(9088K) From: 101K(1088K)->111K(1088K)
[2025-04-17T09:23:43.687+0000][191.687s][info][gc,heap        ] GC(1635) Tenured: 19279K(22464K)->19279K(22464K)
[2025-04-17T09:23:43.687+0000][191.687s][info][gc,metaspace   ] GC(1635) Metaspace: 37416K(37760K)->37416K(37760K) NonClass: 32990K(33152K)->32990K(33152K) Class: 4425K(4608K)->4425K(4608K)
[2025-04-17T09:23:43.687+0000][191.687s][info][gc             ] GC(1635) Pause Young (Allocation Failure) 27M->18M(31M) 1.455ms
[2025-04-17T09:23:43.687+0000][191.687s][info][gc,cpu         ] GC(1635) User=0.00s Sys=0.00s Real=0.00s
[2025-04-17T09:23:43.855+0000][191.855s][info][gc,start       ] GC(1636) Pause Young (Allocation Failure)
[2025-04-17T09:23:43.856+0000][191.857s][info][gc,heap        ] GC(1636) DefNew: 9199K(10176K)->101K(10176K) Eden: 9088K(9088K)->0K(9088K) From: 111K(1088K)->101K(1088K)
[2025-04-17T09:23:43.856+0000][191.857s][info][gc,heap        ] GC(1636) Tenured: 19279K(22464K)->19280K(22464K)
[2025-04-17T09:23:43.856+0000][191.857s][info][gc,metaspace   ] GC(1636) Metaspace: 37416K(37760K)->37416K(37760K) NonClass: 32990K(33152K)->32990K(33152K) Class: 4425K(4608K)->4425K(4608K)
[2025-04-17T09:23:43.856+0000][191.857s][info][gc             ] GC(1636) Pause Young (Allocation Failure) 27M->18M(31M) 1.479ms
[2025-04-17T09:23:43.856+0000][191.857s][info][gc,cpu         ] GC(1636) User=0.00s Sys=0.00s Real=0.00s
[2025-04-17T09:23:43.995+0000][191.996s][info][gc,start       ] GC(1637) Pause Young (Allocation Failure)
[2025-04-17T09:23:43.996+0000][191.997s][info][gc,heap        ] GC(1637) DefNew: 9189K(10176K)->115K(10176K) Eden: 9088K(9088K)->0K(9088K) From: 101K(1088K)->115K(1088K)
[2025-04-17T09:23:43.996+0000][191.997s][info][gc,heap        ] GC(1637) Tenured: 19280K(22464K)->19280K(22464K)
[2025-04-17T09:23:43.996+0000][191.997s][info][gc,metaspace   ] GC(1637) Metaspace: 37416K(37760K)->37416K(37760K) NonClass: 32990K(33152K)->32990K(33152K) Class: 4425K(4608K)->4425K(4608K)
[2025-04-17T09:23:43.996+0000][191.997s][info][gc             ] GC(1637) Pause Young (Allocation Failure) 27M->18M(31M) 1.524ms
[2025-04-17T09:23:43.996+0000][191.997s][info][gc,cpu         ] GC(1637) User=0.00s Sys=0.00s Real=0.00s
[2025-04-17T09:23:44.168+0000][192.169s][info][gc,start       ] GC(1638) Pause Young (Allocation Failure)
[2025-04-17T09:23:44.170+0000][192.170s][info][gc,heap        ] GC(1638) DefNew: 9203K(10176K)->101K(10176K) Eden: 9088K(9088K)->0K(9088K) From: 115K(1088K)->101K(1088K)
[2025-04-17T09:23:44.170+0000][192.170s][info][gc,heap        ] GC(1638) Tenured: 19280K(22464K)->19280K(22464K)
[2025-04-17T09:23:44.170+0000][192.170s][info][gc,metaspace   ] GC(1638) Metaspace: 37416K(37760K)->37416K(37760K) NonClass: 32990K(33152K)->32990K(33152K) Class: 4425K(4608K)->4425K(4608K)
[2025-04-17T09:23:44.170+0000][192.170s][info][gc             ] GC(1638) Pause Young (Allocation Failure) 27M->18M(31M) 1.437ms
[2025-04-17T09:23:44.170+0000][192.170s][info][gc,cpu         ] GC(1638) User=0.00s Sys=0.00s Real=0.00s
[2025-04-17T09:23:44.304+0000][192.305s][info][gc,start       ] GC(1639) Pause Young (Allocation Failure)
[2025-04-17T09:23:44.305+0000][192.306s][info][gc,heap        ] GC(1639) DefNew: 9189K(10176K)->112K(10176K) Eden: 9087K(9088K)->0K(9088K) From: 101K(1088K)->112K(1088K)
[2025-04-17T09:23:44.305+0000][192.306s][info][gc,heap        ] GC(1639) Tenured: 19280K(22464K)->19280K(22464K)
[2025-04-17T09:23:44.305+0000][192.306s][info][gc,metaspace   ] GC(1639) Metaspace: 37416K(37760K)->37416K(37760K) NonClass: 32990K(33152K)->32990K(33152K) Class: 4425K(4608K)->4425K(4608K)
[2025-04-17T09:23:44.305+0000][192.306s][info][gc             ] GC(1639) Pause Young (Allocation Failure) 27M->18M(31M) 1.544ms
[2025-04-17T09:23:44.305+0000][192.306s][info][gc,cpu         ] GC(1639) User=0.00s Sys=0.00s Real=0.01s
[2025-04-17T09:23:44.453+0000][192.453s][info][gc,start       ] GC(1640) Pause Young (Allocation Failure)
[2025-04-17T09:23:44.454+0000][192.455s][info][gc,heap        ] GC(1640) DefNew: 9200K(10176K)->100K(10176K) Eden: 9088K(9088K)->0K(9088K) From: 112K(1088K)->100K(1088K)
[2025-04-17T09:23:44.454+0000][192.455s][info][gc,heap        ] GC(1640) Tenured: 19280K(22464K)->19280K(22464K)
[2025-04-17T09:23:44.454+0000][192.455s][info][gc,metaspace   ] GC(1640) Metaspace: 37416K(37760K)->37416K(37760K) NonClass: 32990K(33152K)->32990K(33152K) Class: 4425K(4608K)->4425K(4608K)
[2025-04-17T09:23:44.454+0000][192.455s][info][gc             ] GC(1640) Pause Young (Allocation Failure) 27M->18M(31M) 1.377ms
[2025-04-17T09:23:44.454+0000][192.455s][info][gc,cpu         ] GC(1640) User=0.00s Sys=0.00s Real=0.01s
[2025-04-17T09:23:44.533+0000][192.533s][info][gc,start       ] GC(1641) Pause Young (Allocation Failure)
[2025-04-17T09:23:44.534+0000][192.535s][info][gc,heap        ] GC(1641) DefNew: 9184K(10176K)->105K(10176K) Eden: 9083K(9088K)->0K(9088K) From: 100K(1088K)->105K(1088K)
[2025-04-17T09:23:44.534+0000][192.535s][info][gc,heap        ] GC(1641) Tenured: 19280K(22464K)->19280K(22464K)
[2025-04-17T09:23:44.534+0000][192.535s][info][gc,metaspace   ] GC(1641) Metaspace: 37416K(37760K)->37416K(37760K) NonClass: 32990K(33152K)->32990K(33152K) Class: 4425K(4608K)->4425K(4608K)
[2025-04-17T09:23:44.534+0000][192.535s][info][gc             ] GC(1641) Pause Young (Allocation Failure) 27M->18M(31M) 1.349ms
[2025-04-17T09:23:44.534+0000][192.535s][info][gc,cpu         ] GC(1641) User=0.00s Sys=0.00s Real=0.00s
[2025-04-17T09:23:44.761+0000][192.762s][info][gc,start       ] GC(1642) Pause Young (Allocation Failure)
[2025-04-17T09:23:44.762+0000][192.763s][info][gc,heap        ] GC(1642) DefNew: 9192K(10176K)->125K(10176K) Eden: 9087K(9088K)->0K(9088K) From: 105K(1088K)->125K(1088K)
[2025-04-17T09:23:44.762+0000][192.763s][info][gc,heap        ] GC(1642) Tenured: 19280K(22464K)->19280K(22464K)
[2025-04-17T09:23:44.762+0000][192.763s][info][gc,metaspace   ] GC(1642) Metaspace: 37416K(37760K)->37416K(37760K) NonClass: 32990K(33152K)->32990K(33152K) Class: 4425K(4608K)->4425K(4608K)
[2025-04-17T09:23:44.762+0000][192.763s][info][gc             ] GC(1642) Pause Young (Allocation Failure) 27M->18M(31M) 1.473ms
[2025-04-17T09:23:44.762+0000][192.763s][info][gc,cpu         ] GC(1642) User=0.00s Sys=0.00s Real=0.00s
[2025-04-17T09:23:44.932+0000][192.933s][info][gc,start       ] GC(1643) Pause Young (Allocation Failure)
[2025-04-17T09:23:44.934+0000][192.934s][info][gc,heap        ] GC(1643) DefNew: 9213K(10176K)->112K(10176K) Eden: 9088K(9088K)->0K(9088K) From: 125K(1088K)->112K(1088K)
[2025-04-17T09:23:44.934+0000][192.934s][info][gc,heap        ] GC(1643) Tenured: 19280K(22464K)->19280K(22464K)
[2025-04-17T09:23:44.934+0000][192.934s][info][gc,metaspace   ] GC(1643) Metaspace: 37416K(37760K)->37416K(37760K) NonClass: 32990K(33152K)->32990K(33152K) Class: 4425K(4608K)->4425K(4608K)
[2025-04-17T09:23:44.934+0000][192.934s][info][gc             ] GC(1643) Pause Young (Allocation Failure) 27M->18M(31M) 1.535ms
[2025-04-17T09:23:44.934+0000][192.934s][info][gc,cpu         ] GC(1643) User=0.00s Sys=0.00s Real=0.00s
[2025-04-17T09:23:45.169+0000][193.170s][info][gc,start       ] GC(1644) Pause Young (Allocation Failure)
[2025-04-17T09:23:45.171+0000][193.171s][info][gc,heap        ] GC(1644) DefNew: 9200K(10176K)->161K(10176K) Eden: 9088K(9088K)->0K(9088K) From: 112K(1088K)->161K(1088K)
[2025-04-17T09:23:45.171+0000][193.171s][info][gc,heap        ] GC(1644) Tenured: 19280K(22464K)->19280K(22464K)
[2025-04-17T09:23:45.171+0000][193.171s][info][gc,metaspace   ] GC(1644) Metaspace: 37416K(37760K)->37416K(37760K) NonClass: 32990K(33152K)->32990K(33152K) Class: 4425K(4608K)->4425K(4608K)
[2025-04-17T09:23:45.171+0000][193.171s][info][gc             ] GC(1644) Pause Young (Allocation Failure) 27M->18M(31M) 1.489ms
[2025-04-17T09:23:45.171+0000][193.171s][info][gc,cpu         ] GC(1644) User=0.01s Sys=0.00s Real=0.00s
[2025-04-17T09:23:45.373+0000][193.373s][info][gc,start       ] GC(1645) Pause Young (Allocation Failure)
[2025-04-17T09:23:45.374+0000][193.375s][info][gc,heap        ] GC(1645) DefNew: 9249K(10176K)->132K(10176K) Eden: 9088K(9088K)->0K(9088K) From: 161K(1088K)->132K(1088K)
[2025-04-17T09:23:45.374+0000][193.375s][info][gc,heap        ] GC(1645) Tenured: 19280K(22464K)->19282K(22464K)
[2025-04-17T09:23:45.374+0000][193.375s][info][gc,metaspace   ] GC(1645) Metaspace: 37416K(37760K)->37416K(37760K) NonClass: 32990K(33152K)->32990K(33152K) Class: 4425K(4608K)->4425K(4608K)
[2025-04-17T09:23:45.374+0000][193.375s][info][gc             ] GC(1645) Pause Young (Allocation Failure) 27M->18M(31M) 1.425ms
[2025-04-17T09:23:45.374+0000][193.375s][info][gc,cpu         ] GC(1645) User=0.01s Sys=0.00s Real=0.01s
[2025-04-17T09:23:45.718+0000][193.718s][info][gc,start       ] GC(1646) Pause Young (Allocation Failure)
[2025-04-17T09:23:45.719+0000][193.720s][info][gc,heap        ] GC(1646) DefNew: 9218K(10176K)->137K(10176K) Eden: 9085K(9088K)->0K(9088K) From: 132K(1088K)->137K(1088K)
[2025-04-17T09:23:45.719+0000][193.720s][info][gc,heap        ] GC(1646) Tenured: 19282K(22464K)->19282K(22464K)
[2025-04-17T09:23:45.719+0000][193.720s][info][gc,metaspace   ] GC(1646) Metaspace: 37416K(37760K)->37416K(37760K) NonClass: 32990K(33152K)->32990K(33152K) Class: 4425K(4608K)->4425K(4608K)
[2025-04-17T09:23:45.719+0000][193.720s][info][gc             ] GC(1646) Pause Young (Allocation Failure) 27M->18M(31M) 1.506ms
[2025-04-17T09:23:45.719+0000][193.720s][info][gc,cpu         ] GC(1646) User=0.00s Sys=0.00s Real=0.00s
[2025-04-17T09:23:45.914+0000][193.915s][info][gc,start       ] GC(1647) Pause Young (Allocation Failure)
[2025-04-17T09:23:45.916+0000][193.916s][info][gc,heap        ] GC(1647) DefNew: 9225K(10176K)->137K(10176K) Eden: 9087K(9088K)->0K(9088K) From: 137K(1088K)->137K(1088K)
[2025-04-17T09:23:45.916+0000][193.916s][info][gc,heap        ] GC(1647) Tenured: 19282K(22464K)->19285K(22464K)
[2025-04-17T09:23:45.916+0000][193.916s][info][gc,metaspace   ] GC(1647) Metaspace: 37416K(37760K)->37416K(37760K) NonClass: 32990K(33152K)->32990K(33152K) Class: 4425K(4608K)->4425K(4608K)
[2025-04-17T09:23:45.916+0000][193.916s][info][gc             ] GC(1647) Pause Young (Allocation Failure) 27M->18M(31M) 1.549ms
[2025-04-17T09:23:45.916+0000][193.916s][info][gc,cpu         ] GC(1647) User=0.01s Sys=0.00s Real=0.00s
[2025-04-17T09:23:45.983+0000][193.984s][info][gc,start       ] GC(1648) Pause Young (Allocation Failure)
[2025-04-17T09:23:45.984+0000][193.985s][info][gc,heap        ] GC(1648) DefNew: 9225K(10176K)->182K(10176K) Eden: 9088K(9088K)->0K(9088K) From: 137K(1088K)->182K(1088K)
[2025-04-17T09:23:45.984+0000][193.985s][info][gc,heap        ] GC(1648) Tenured: 19285K(22464K)->19286K(22464K)
[2025-04-17T09:23:45.984+0000][193.985s][info][gc,metaspace   ] GC(1648) Metaspace: 37416K(37760K)->37416K(37760K) NonClass: 32990K(33152K)->32990K(33152K) Class: 4425K(4608K)->4425K(4608K)
[2025-04-17T09:23:45.984+0000][193.985s][info][gc             ] GC(1648) Pause Young (Allocation Failure) 27M->19M(31M) 1.571ms
[2025-04-17T09:23:45.984+0000][193.985s][info][gc,cpu         ] GC(1648) User=0.00s Sys=0.00s Real=0.01s
[2025-04-17T09:23:46.124+0000][194.125s][info][gc,start       ] GC(1649) Pause Young (Allocation Failure)
[2025-04-17T09:23:46.126+0000][194.126s][info][gc,heap        ] GC(1649) DefNew: 9270K(10176K)->137K(10176K) Eden: 9087K(9088K)->0K(9088K) From: 182K(1088K)->137K(1088K)
[2025-04-17T09:23:46.126+0000][194.126s][info][gc,heap        ] GC(1649) Tenured: 19286K(22464K)->19305K(22464K)
[2025-04-17T09:23:46.126+0000][194.126s][info][gc,metaspace   ] GC(1649) Metaspace: 37416K(37760K)->37416K(37760K) NonClass: 32990K(33152K)->32990K(33152K) Class: 4425K(4608K)->4425K(4608K)
[2025-04-17T09:23:46.126+0000][194.126s][info][gc             ] GC(1649) Pause Young (Allocation Failure) 27M->18M(31M) 1.513ms
[2025-04-17T09:23:46.126+0000][194.126s][info][gc,cpu         ] GC(1649) User=0.00s Sys=0.00s Real=0.00s
[2025-04-17T09:23:46.254+0000][194.255s][info][gc,start       ] GC(1650) Pause Young (Allocation Failure)
[2025-04-17T09:23:46.256+0000][194.257s][info][gc,heap        ] GC(1650) DefNew: 9225K(10176K)->115K(10176K) Eden: 9088K(9088K)->0K(9088K) From: 137K(1088K)->115K(1088K)
[2025-04-17T09:23:46.256+0000][194.257s][info][gc,heap        ] GC(1650) Tenured: 19305K(22464K)->19305K(22464K)
[2025-04-17T09:23:46.256+0000][194.257s][info][gc,metaspace   ] GC(1650) Metaspace: 37416K(37760K)->37416K(37760K) NonClass: 32990K(33152K)->32990K(33152K) Class: 4425K(4608K)->4425K(4608K)
[2025-04-17T09:23:46.256+0000][194.257s][info][gc             ] GC(1650) Pause Young (Allocation Failure) 27M->18M(31M) 1.702ms
[2025-04-17T09:23:46.256+0000][194.257s][info][gc,cpu         ] GC(1650) User=0.00s Sys=0.00s Real=0.00s
[2025-04-17T09:23:46.297+0000][194.297s][info][gc,start       ] GC(1651) Pause Young (Allocation Failure)
[2025-04-17T09:23:46.298+0000][194.299s][info][gc,heap        ] GC(1651) DefNew: 9203K(10176K)->164K(10176K) Eden: 9088K(9088K)->0K(9088K) From: 115K(1088K)->164K(1088K)
[2025-04-17T09:23:46.298+0000][194.299s][info][gc,heap        ] GC(1651) Tenured: 19305K(22464K)->19306K(22464K)
[2025-04-17T09:23:46.298+0000][194.299s][info][gc,metaspace   ] GC(1651) Metaspace: 37416K(37760K)->37416K(37760K) NonClass: 32990K(33152K)->32990K(33152K) Class: 4425K(4608K)->4425K(4608K)
[2025-04-17T09:23:46.298+0000][194.299s][info][gc             ] GC(1651) Pause Young (Allocation Failure) 27M->19M(31M) 1.475ms
[2025-04-17T09:23:46.298+0000][194.299s][info][gc,cpu         ] GC(1651) User=0.01s Sys=0.00s Real=0.00s
[2025-04-17T09:23:46.357+0000][194.357s][info][gc,start       ] GC(1652) Pause Young (Allocation Failure)
[2025-04-17T09:23:46.358+0000][194.359s][info][gc,heap        ] GC(1652) DefNew: 9252K(10176K)->113K(10176K) Eden: 9088K(9088K)->0K(9088K) From: 164K(1088K)->113K(1088K)
[2025-04-17T09:23:46.358+0000][194.359s][info][gc,heap        ] GC(1652) Tenured: 19306K(22464K)->19306K(22464K)
[2025-04-17T09:23:46.358+0000][194.359s][info][gc,metaspace   ] GC(1652) Metaspace: 37416K(37760K)->37416K(37760K) NonClass: 32990K(33152K)->32990K(33152K) Class: 4425K(4608K)->4425K(4608K)
[2025-04-17T09:23:46.358+0000][194.359s][info][gc             ] GC(1652) Pause Young (Allocation Failure) 27M->18M(31M) 1.485ms
[2025-04-17T09:23:46.358+0000][194.359s][info][gc,cpu         ] GC(1652) User=0.00s Sys=0.00s Real=0.00s
[2025-04-17T09:23:46.445+0000][194.445s][info][gc,start       ] GC(1653) Pause Young (Allocation Failure)
[2025-04-17T09:23:46.446+0000][194.447s][info][gc,heap        ] GC(1653) DefNew: 9201K(10176K)->111K(10176K) Eden: 9088K(9088K)->0K(9088K) From: 113K(1088K)->111K(1088K)
[2025-04-17T09:23:46.446+0000][194.447s][info][gc,heap        ] GC(1653) Tenured: 19306K(22464K)->19308K(22464K)
[2025-04-17T09:23:46.446+0000][194.447s][info][gc,metaspace   ] GC(1653) Metaspace: 37416K(37760K)->37416K(37760K) NonClass: 32990K(33152K)->32990K(33152K) Class: 4425K(4608K)->4425K(4608K)
[2025-04-17T09:23:46.446+0000][194.447s][info][gc             ] GC(1653) Pause Young (Allocation Failure) 27M->18M(31M) 1.420ms
[2025-04-17T09:23:46.446+0000][194.447s][info][gc,cpu         ] GC(1653) User=0.00s Sys=0.00s Real=0.00s
[2025-04-17T09:23:46.531+0000][194.531s][info][gc,start       ] GC(1654) Pause Young (Allocation Failure)
[2025-04-17T09:23:46.532+0000][194.533s][info][gc,heap        ] GC(1654) DefNew: 9197K(10176K)->112K(10176K) Eden: 9085K(9088K)->0K(9088K) From: 111K(1088K)->112K(1088K)
[2025-04-17T09:23:46.532+0000][194.533s][info][gc,heap        ] GC(1654) Tenured: 19308K(22464K)->19308K(22464K)
[2025-04-17T09:23:46.532+0000][194.533s][info][gc,metaspace   ] GC(1654) Metaspace: 37416K(37760K)->37416K(37760K) NonClass: 32990K(33152K)->32990K(33152K) Class: 4425K(4608K)->4425K(4608K)
[2025-04-17T09:23:46.532+0000][194.533s][info][gc             ] GC(1654) Pause Young (Allocation Failure) 27M->18M(31M) 1.397ms
[2025-04-17T09:23:46.532+0000][194.533s][info][gc,cpu         ] GC(1654) User=0.00s Sys=0.00s Real=0.00s
[2025-04-17T09:23:46.669+0000][194.670s][info][gc,start       ] GC(1655) Pause Young (Allocation Failure)
[2025-04-17T09:23:46.671+0000][194.671s][info][gc,heap        ] GC(1655) DefNew: 9200K(10176K)->131K(10176K) Eden: 9087K(9088K)->0K(9088K) From: 112K(1088K)->131K(1088K)
[2025-04-17T09:23:46.671+0000][194.671s][info][gc,heap        ] GC(1655) Tenured: 19308K(22464K)->19308K(22464K)
[2025-04-17T09:23:46.671+0000][194.671s][info][gc,metaspace   ] GC(1655) Metaspace: 37416K(37760K)->37416K(37760K) NonClass: 32990K(33152K)->32990K(33152K) Class: 4425K(4608K)->4425K(4608K)
[2025-04-17T09:23:46.671+0000][194.671s][info][gc             ] GC(1655) Pause Young (Allocation Failure) 27M->18M(31M) 1.417ms
[2025-04-17T09:23:46.671+0000][194.671s][info][gc,cpu         ] GC(1655) User=0.00s Sys=0.00s Real=0.00s
[2025-04-17T09:23:46.773+0000][194.773s][info][gc,start       ] GC(1656) Pause Young (Allocation Failure)
[2025-04-17T09:23:46.774+0000][194.775s][info][gc,heap        ] GC(1656) DefNew: 9212K(10176K)->95K(10176K) Eden: 9081K(9088K)->0K(9088K) From: 131K(1088K)->95K(1088K)
[2025-04-17T09:23:46.774+0000][194.775s][info][gc,heap        ] GC(1656) Tenured: 19308K(22464K)->19315K(22464K)
[2025-04-17T09:23:46.774+0000][194.775s][info][gc,metaspace   ] GC(1656) Metaspace: 37416K(37760K)->37416K(37760K) NonClass: 32990K(33152K)->32990K(33152K) Class: 4425K(4608K)->4425K(4608K)
[2025-04-17T09:23:46.774+0000][194.775s][info][gc             ] GC(1656) Pause Young (Allocation Failure) 27M->18M(31M) 1.395ms
[2025-04-17T09:23:46.774+0000][194.775s][info][gc,cpu         ] GC(1656) User=0.00s Sys=0.00s Real=0.01s
[2025-04-17T09:23:46.859+0000][194.859s][info][gc,start       ] GC(1657) Pause Young (Allocation Failure)
[2025-04-17T09:23:46.860+0000][194.861s][info][gc,heap        ] GC(1657) DefNew: 9183K(10176K)->121K(10176K) Eden: 9088K(9088K)->0K(9088K) From: 95K(1088K)->121K(1088K)
[2025-04-17T09:23:46.860+0000][194.861s][info][gc,heap        ] GC(1657) Tenured: 19315K(22464K)->19317K(22464K)
[2025-04-17T09:23:46.860+0000][194.861s][info][gc,metaspace   ] GC(1657) Metaspace: 37416K(37760K)->37416K(37760K) NonClass: 32990K(33152K)->32990K(33152K) Class: 4425K(4608K)->4425K(4608K)
[2025-04-17T09:23:46.860+0000][194.861s][info][gc             ] GC(1657) Pause Young (Allocation Failure) 27M->18M(31M) 1.376ms
[2025-04-17T09:23:46.860+0000][194.861s][info][gc,cpu         ] GC(1657) User=0.00s Sys=0.00s Real=0.00s
[2025-04-17T09:23:46.935+0000][194.936s][info][gc,start       ] GC(1658) Pause Young (Allocation Failure)
[2025-04-17T09:23:46.937+0000][194.937s][info][gc,heap        ] GC(1658) DefNew: 9209K(10176K)->107K(10176K) Eden: 9088K(9088K)->0K(9088K) From: 121K(1088K)->107K(1088K)
[2025-04-17T09:23:46.937+0000][194.937s][info][gc,heap        ] GC(1658) Tenured: 19317K(22464K)->19320K(22464K)
[2025-04-17T09:23:46.937+0000][194.937s][info][gc,metaspace   ] GC(1658) Metaspace: 37416K(37760K)->37416K(37760K) NonClass: 32990K(33152K)->32990K(33152K) Class: 4425K(4608K)->4425K(4608K)
[2025-04-17T09:23:46.937+0000][194.937s][info][gc             ] GC(1658) Pause Young (Allocation Failure) 27M->18M(31M) 1.329ms
[2025-04-17T09:23:46.937+0000][194.937s][info][gc,cpu         ] GC(1658) User=0.00s Sys=0.00s Real=0.00s
[2025-04-17T09:23:47.219+0000][195.220s][info][gc,start       ] GC(1659) Pause Young (Allocation Failure)
[2025-04-17T09:23:47.221+0000][195.222s][info][gc,heap        ] GC(1659) DefNew: 9195K(10176K)->109K(10176K) Eden: 9088K(9088K)->0K(9088K) From: 107K(1088K)->109K(1088K)
[2025-04-17T09:23:47.221+0000][195.222s][info][gc,heap        ] GC(1659) Tenured: 19320K(22464K)->19340K(22464K)
[2025-04-17T09:23:47.221+0000][195.222s][info][gc,metaspace   ] GC(1659) Metaspace: 37416K(37760K)->37416K(37760K) NonClass: 32990K(33152K)->32990K(33152K) Class: 4425K(4608K)->4425K(4608K)
[2025-04-17T09:23:47.221+0000][195.222s][info][gc             ] GC(1659) Pause Young (Allocation Failure) 27M->18M(31M) 1.532ms
[2025-04-17T09:23:47.221+0000][195.222s][info][gc,cpu         ] GC(1659) User=0.01s Sys=0.00s Real=0.00s
[2025-04-17T09:23:47.377+0000][195.378s][info][gc,start       ] GC(1660) Pause Young (Allocation Failure)
[2025-04-17T09:23:47.378+0000][195.379s][info][gc,heap        ] GC(1660) DefNew: 9191K(10176K)->91K(10176K) Eden: 9082K(9088K)->0K(9088K) From: 109K(1088K)->91K(1088K)
[2025-04-17T09:23:47.378+0000][195.379s][info][gc,heap        ] GC(1660) Tenured: 19340K(22464K)->19340K(22464K)
[2025-04-17T09:23:47.378+0000][195.379s][info][gc,metaspace   ] GC(1660) Metaspace: 37416K(37760K)->37416K(37760K) NonClass: 32990K(33152K)->32990K(33152K) Class: 4425K(4608K)->4425K(4608K)
[2025-04-17T09:23:47.378+0000][195.379s][info][gc             ] GC(1660) Pause Young (Allocation Failure) 27M->18M(31M) 1.432ms
[2025-04-17T09:23:47.378+0000][195.379s][info][gc,cpu         ] GC(1660) User=0.01s Sys=0.00s Real=0.00s
[2025-04-17T09:23:47.446+0000][195.447s][info][gc,start       ] GC(1661) Pause Young (Allocation Failure)
[2025-04-17T09:23:47.448+0000][195.448s][info][gc,heap        ] GC(1661) DefNew: 9179K(10176K)->110K(10176K) Eden: 9087K(9088K)->0K(9088K) From: 91K(1088K)->110K(1088K)
[2025-04-17T09:23:47.448+0000][195.448s][info][gc,heap        ] GC(1661) Tenured: 19340K(22464K)->19340K(22464K)
[2025-04-17T09:23:47.448+0000][195.448s][info][gc,metaspace   ] GC(1661) Metaspace: 37416K(37760K)->37416K(37760K) NonClass: 32990K(33152K)->32990K(33152K) Class: 4425K(4608K)->4425K(4608K)
[2025-04-17T09:23:47.448+0000][195.448s][info][gc             ] GC(1661) Pause Young (Allocation Failure) 27M->18M(31M) 1.493ms
[2025-04-17T09:23:47.448+0000][195.448s][info][gc,cpu         ] GC(1661) User=0.00s Sys=0.00s Real=0.00s
[2025-04-17T09:23:47.538+0000][195.539s][info][gc,start       ] GC(1662) Pause Young (Allocation Failure)
[2025-04-17T09:23:47.540+0000][195.540s][info][gc,heap        ] GC(1662) DefNew: 9198K(10176K)->84K(10176K) Eden: 9088K(9088K)->0K(9088K) From: 110K(1088K)->84K(1088K)
[2025-04-17T09:23:47.540+0000][195.540s][info][gc,heap        ] GC(1662) Tenured: 19340K(22464K)->19343K(22464K)
[2025-04-17T09:23:47.540+0000][195.540s][info][gc,metaspace   ] GC(1662) Metaspace: 37416K(37760K)->37416K(37760K) NonClass: 32990K(33152K)->32990K(33152K) Class: 4425K(4608K)->4425K(4608K)
[2025-04-17T09:23:47.540+0000][195.540s][info][gc             ] GC(1662) Pause Young (Allocation Failure) 27M->18M(31M) 1.399ms
[2025-04-17T09:23:47.540+0000][195.540s][info][gc,cpu         ] GC(1662) User=0.00s Sys=0.00s Real=0.00s
[2025-04-17T09:23:47.619+0000][195.619s][info][gc,start       ] GC(1663) Pause Young (Allocation Failure)
[2025-04-17T09:23:47.620+0000][195.621s][info][gc,heap        ] GC(1663) DefNew: 9167K(10176K)->92K(10176K) Eden: 9083K(9088K)->0K(9088K) From: 84K(1088K)->92K(1088K)
[2025-04-17T09:23:47.620+0000][195.621s][info][gc,heap        ] GC(1663) Tenured: 19343K(22464K)->19343K(22464K)
[2025-04-17T09:23:47.620+0000][195.621s][info][gc,metaspace   ] GC(1663) Metaspace: 37416K(37760K)->37416K(37760K) NonClass: 32990K(33152K)->32990K(33152K) Class: 4425K(4608K)->4425K(4608K)
[2025-04-17T09:23:47.620+0000][195.621s][info][gc             ] GC(1663) Pause Young (Allocation Failure) 27M->18M(31M) 1.380ms
[2025-04-17T09:23:47.620+0000][195.621s][info][gc,cpu         ] GC(1663) User=0.01s Sys=0.00s Real=0.00s
[2025-04-17T09:23:47.732+0000][195.733s][info][gc,start       ] GC(1664) Pause Young (Allocation Failure)
[2025-04-17T09:23:47.734+0000][195.734s][info][gc,heap        ] GC(1664) DefNew: 9180K(10176K)->103K(10176K) Eden: 9088K(9088K)->0K(9088K) From: 92K(1088K)->103K(1088K)
[2025-04-17T09:23:47.734+0000][195.734s][info][gc,heap        ] GC(1664) Tenured: 19343K(22464K)->19344K(22464K)
[2025-04-17T09:23:47.734+0000][195.734s][info][gc,metaspace   ] GC(1664) Metaspace: 37416K(37760K)->37416K(37760K) NonClass: 32990K(33152K)->32990K(33152K) Class: 4425K(4608K)->4425K(4608K)
[2025-04-17T09:23:47.734+0000][195.734s][info][gc             ] GC(1664) Pause Young (Allocation Failure) 27M->18M(31M) 1.524ms
[2025-04-17T09:23:47.734+0000][195.734s][info][gc,cpu         ] GC(1664) User=0.00s Sys=0.00s Real=0.00s
[2025-04-17T09:23:47.908+0000][195.908s][info][gc,start       ] GC(1665) Pause Young (Allocation Failure)
[2025-04-17T09:23:47.909+0000][195.910s][info][gc,heap        ] GC(1665) DefNew: 9185K(10176K)->389K(10176K) Eden: 9081K(9088K)->0K(9088K) From: 103K(1088K)->389K(1088K)
[2025-04-17T09:23:47.909+0000][195.910s][info][gc,heap        ] GC(1665) Tenured: 19344K(22464K)->19344K(22464K)
[2025-04-17T09:23:47.909+0000][195.910s][info][gc,metaspace   ] GC(1665) Metaspace: 37416K(37760K)->37416K(37760K) NonClass: 32990K(33152K)->32990K(33152K) Class: 4425K(4608K)->4425K(4608K)
[2025-04-17T09:23:47.909+0000][195.910s][info][gc             ] GC(1665) Pause Young (Allocation Failure) 27M->19M(31M) 1.488ms
[2025-04-17T09:23:47.909+0000][195.910s][info][gc,cpu         ] GC(1665) User=0.01s Sys=0.00s Real=0.00s
[2025-04-17T09:23:48.073+0000][196.073s][info][gc,start       ] GC(1666) Pause Young (Allocation Failure)
[2025-04-17T09:23:48.074+0000][196.075s][info][gc,heap        ] GC(1666) DefNew: 9477K(10176K)->388K(10176K) Eden: 9087K(9088K)->0K(9088K) From: 389K(1088K)->388K(1088K)
[2025-04-17T09:23:48.074+0000][196.075s][info][gc,heap        ] GC(1666) Tenured: 19344K(22464K)->19345K(22464K)
[2025-04-17T09:23:48.074+0000][196.075s][info][gc,metaspace   ] GC(1666) Metaspace: 37416K(37760K)->37416K(37760K) NonClass: 32990K(33152K)->32990K(33152K) Class: 4425K(4608K)->4425K(4608K)
[2025-04-17T09:23:48.074+0000][196.075s][info][gc             ] GC(1666) Pause Young (Allocation Failure) 28M->19M(31M) 1.529ms
[2025-04-17T09:23:48.074+0000][196.075s][info][gc,cpu         ] GC(1666) User=0.00s Sys=0.00s Real=0.01s
[2025-04-17T09:23:48.185+0000][196.185s][info][gc,start       ] GC(1667) Pause Young (Allocation Failure)
[2025-04-17T09:23:48.186+0000][196.187s][info][gc,heap        ] GC(1667) DefNew: 9476K(10176K)->394K(10176K) Eden: 9088K(9088K)->0K(9088K) From: 388K(1088K)->394K(1088K)
[2025-04-17T09:23:48.186+0000][196.187s][info][gc,heap        ] GC(1667) Tenured: 19345K(22464K)->19345K(22464K)
[2025-04-17T09:23:48.186+0000][196.187s][info][gc,metaspace   ] GC(1667) Metaspace: 37416K(37760K)->37416K(37760K) NonClass: 32990K(33152K)->32990K(33152K) Class: 4425K(4608K)->4425K(4608K)
[2025-04-17T09:23:48.186+0000][196.187s][info][gc             ] GC(1667) Pause Young (Allocation Failure) 28M->19M(31M) 1.673ms
[2025-04-17T09:23:48.186+0000][196.187s][info][gc,cpu         ] GC(1667) User=0.00s Sys=0.00s Real=0.00s
[2025-04-17T09:23:48.314+0000][196.314s][info][gc,start       ] GC(1668) Pause Young (Allocation Failure)
[2025-04-17T09:23:48.315+0000][196.316s][info][gc,heap        ] GC(1668) DefNew: 9482K(10176K)->369K(10176K) Eden: 9087K(9088K)->0K(9088K) From: 394K(1088K)->369K(1088K)
[2025-04-17T09:23:48.315+0000][196.316s][info][gc,heap        ] GC(1668) Tenured: 19345K(22464K)->19348K(22464K)
[2025-04-17T09:23:48.315+0000][196.316s][info][gc,metaspace   ] GC(1668) Metaspace: 37416K(37760K)->37416K(37760K) NonClass: 32990K(33152K)->32990K(33152K) Class: 4425K(4608K)->4425K(4608K)
[2025-04-17T09:23:48.315+0000][196.316s][info][gc             ] GC(1668) Pause Young (Allocation Failure) 28M->19M(31M) 1.524ms
[2025-04-17T09:23:48.315+0000][196.316s][info][gc,cpu         ] GC(1668) User=0.00s Sys=0.00s Real=0.01s
[2025-04-17T09:23:48.407+0000][196.408s][info][gc,start       ] GC(1669) Pause Young (Allocation Failure)
[2025-04-17T09:23:48.409+0000][196.409s][info][gc,heap        ] GC(1669) DefNew: 9457K(10176K)->434K(10176K) Eden: 9088K(9088K)->0K(9088K) From: 369K(1088K)->434K(1088K)
[2025-04-17T09:23:48.409+0000][196.410s][info][gc,heap        ] GC(1669) Tenured: 19348K(22464K)->19349K(22464K)
[2025-04-17T09:23:48.409+0000][196.410s][info][gc,metaspace   ] GC(1669) Metaspace: 37416K(37760K)->37416K(37760K) NonClass: 32990K(33152K)->32990K(33152K) Class: 4425K(4608K)->4425K(4608K)
[2025-04-17T09:23:48.409+0000][196.410s][info][gc             ] GC(1669) Pause Young (Allocation Failure) 28M->19M(31M) 1.638ms
[2025-04-17T09:23:48.409+0000][196.410s][info][gc,cpu         ] GC(1669) User=0.01s Sys=0.00s Real=0.00s
[2025-04-17T09:23:48.495+0000][196.496s][info][gc,start       ] GC(1670) Pause Young (Allocation Failure)
[2025-04-17T09:23:48.497+0000][196.497s][info][gc,heap        ] GC(1670) DefNew: 9522K(10176K)->393K(10176K) Eden: 9087K(9088K)->0K(9088K) From: 434K(1088K)->393K(1088K)
[2025-04-17T09:23:48.497+0000][196.497s][info][gc,heap        ] GC(1670) Tenured: 19349K(22464K)->19349K(22464K)
[2025-04-17T09:23:48.497+0000][196.497s][info][gc,metaspace   ] GC(1670) Metaspace: 37416K(37760K)->37416K(37760K) NonClass: 32990K(33152K)->32990K(33152K) Class: 4425K(4608K)->4425K(4608K)
[2025-04-17T09:23:48.497+0000][196.497s][info][gc             ] GC(1670) Pause Young (Allocation Failure) 28M->19M(31M) 1.580ms
[2025-04-17T09:23:48.497+0000][196.497s][info][gc,cpu         ] GC(1670) User=0.00s Sys=0.00s Real=0.00s
[2025-04-17T09:23:48.685+0000][196.686s][info][gc,start       ] GC(1671) Pause Young (Allocation Failure)
[2025-04-17T09:23:48.687+0000][196.688s][info][gc,heap        ] GC(1671) DefNew: 9481K(10176K)->405K(10176K) Eden: 9087K(9088K)->0K(9088K) From: 393K(1088K)->405K(1088K)
[2025-04-17T09:23:48.687+0000][196.688s][info][gc,heap        ] GC(1671) Tenured: 19349K(22464K)->19349K(22464K)
[2025-04-17T09:23:48.687+0000][196.688s][info][gc,metaspace   ] GC(1671) Metaspace: 37416K(37760K)->37416K(37760K) NonClass: 32990K(33152K)->32990K(33152K) Class: 4425K(4608K)->4425K(4608K)
[2025-04-17T09:23:48.687+0000][196.688s][info][gc             ] GC(1671) Pause Young (Allocation Failure) 28M->19M(31M) 1.938ms
[2025-04-17T09:23:48.687+0000][196.688s][info][gc,cpu         ] GC(1671) User=0.00s Sys=0.00s Real=0.00s
[2025-04-17T09:23:48.751+0000][196.752s][info][gc,start       ] GC(1672) Pause Young (Allocation Failure)
[2025-04-17T09:23:48.753+0000][196.753s][info][gc,heap        ] GC(1672) DefNew: 9493K(10176K)->420K(10176K) Eden: 9087K(9088K)->0K(9088K) From: 405K(1088K)->420K(1088K)
[2025-04-17T09:23:48.753+0000][196.754s][info][gc,heap        ] GC(1672) Tenured: 19349K(22464K)->19350K(22464K)
[2025-04-17T09:23:48.753+0000][196.754s][info][gc,metaspace   ] GC(1672) Metaspace: 37416K(37760K)->37416K(37760K) NonClass: 32990K(33152K)->32990K(33152K) Class: 4425K(4608K)->4425K(4608K)
[2025-04-17T09:23:48.753+0000][196.754s][info][gc             ] GC(1672) Pause Young (Allocation Failure) 28M->19M(31M) 1.593ms
[2025-04-17T09:23:48.753+0000][196.754s][info][gc,cpu         ] GC(1672) User=0.00s Sys=0.00s Real=0.00s
[2025-04-17T09:23:48.826+0000][196.827s][info][gc,start       ] GC(1673) Pause Young (Allocation Failure)
[2025-04-17T09:23:48.827+0000][196.828s][info][gc,heap        ] GC(1673) DefNew: 9508K(10176K)->373K(10176K) Eden: 9088K(9088K)->0K(9088K) From: 420K(1088K)->373K(1088K)
[2025-04-17T09:23:48.827+0000][196.828s][info][gc,heap        ] GC(1673) Tenured: 19350K(22464K)->19351K(22464K)
[2025-04-17T09:23:48.827+0000][196.828s][info][gc,metaspace   ] GC(1673) Metaspace: 37416K(37760K)->37416K(37760K) NonClass: 32990K(33152K)->32990K(33152K) Class: 4425K(4608K)->4425K(4608K)
[2025-04-17T09:23:48.827+0000][196.828s][info][gc             ] GC(1673) Pause Young (Allocation Failure) 28M->19M(31M) 1.481ms
[2025-04-17T09:23:48.827+0000][196.828s][info][gc,cpu         ] GC(1673) User=0.01s Sys=0.00s Real=0.00s
[2025-04-17T09:23:48.918+0000][196.919s][info][gc,start       ] GC(1674) Pause Young (Allocation Failure)
[2025-04-17T09:23:48.920+0000][196.920s][info][gc,heap        ] GC(1674) DefNew: 9457K(10176K)->366K(10176K) Eden: 9083K(9088K)->0K(9088K) From: 373K(1088K)->366K(1088K)
[2025-04-17T09:23:48.920+0000][196.920s][info][gc,heap        ] GC(1674) Tenured: 19351K(22464K)->19356K(22464K)
[2025-04-17T09:23:48.920+0000][196.920s][info][gc,metaspace   ] GC(1674) Metaspace: 37416K(37760K)->37416K(37760K) NonClass: 32990K(33152K)->32990K(33152K) Class: 4425K(4608K)->4425K(4608K)
[2025-04-17T09:23:48.920+0000][196.921s][info][gc             ] GC(1674) Pause Young (Allocation Failure) 28M->19M(31M) 1.428ms
[2025-04-17T09:23:48.920+0000][196.921s][info][gc,cpu         ] GC(1674) User=0.00s Sys=0.00s Real=0.00s
[2025-04-17T09:23:49.026+0000][197.027s][info][gc,start       ] GC(1675) Pause Young (Allocation Failure)
[2025-04-17T09:23:49.027+0000][197.028s][info][gc,heap        ] GC(1675) DefNew: 9454K(10176K)->364K(10176K) Eden: 9087K(9088K)->0K(9088K) From: 366K(1088K)->364K(1088K)
[2025-04-17T09:23:49.027+0000][197.028s][info][gc,heap        ] GC(1675) Tenured: 19356K(22464K)->19356K(22464K)
[2025-04-17T09:23:49.027+0000][197.028s][info][gc,metaspace   ] GC(1675) Metaspace: 37416K(37760K)->37416K(37760K) NonClass: 32990K(33152K)->32990K(33152K) Class: 4425K(4608K)->4425K(4608K)
[2025-04-17T09:23:49.027+0000][197.028s][info][gc             ] GC(1675) Pause Young (Allocation Failure) 28M->19M(31M) 1.406ms
[2025-04-17T09:23:49.027+0000][197.028s][info][gc,cpu         ] GC(1675) User=0.00s Sys=0.00s Real=0.00s
[2025-04-17T09:23:49.151+0000][197.151s][info][gc,start       ] GC(1676) Pause Young (Allocation Failure)
[2025-04-17T09:23:49.152+0000][197.153s][info][gc,heap        ] GC(1676) DefNew: 9452K(10176K)->371K(10176K) Eden: 9088K(9088K)->0K(9088K) From: 364K(1088K)->371K(1088K)
[2025-04-17T09:23:49.152+0000][197.153s][info][gc,heap        ] GC(1676) Tenured: 19356K(22464K)->19356K(22464K)
[2025-04-17T09:23:49.152+0000][197.153s][info][gc,metaspace   ] GC(1676) Metaspace: 37416K(37760K)->37416K(37760K) NonClass: 32990K(33152K)->32990K(33152K) Class: 4425K(4608K)->4425K(4608K)
[2025-04-17T09:23:49.152+0000][197.153s][info][gc             ] GC(1676) Pause Young (Allocation Failure) 28M->19M(31M) 1.608ms
[2025-04-17T09:23:49.152+0000][197.153s][info][gc,cpu         ] GC(1676) User=0.00s Sys=0.00s Real=0.00s
[2025-04-17T09:23:49.225+0000][197.226s][info][gc,start       ] GC(1677) Pause Young (Allocation Failure)
[2025-04-17T09:23:49.227+0000][197.227s][info][gc,heap        ] GC(1677) DefNew: 9459K(10176K)->382K(10176K) Eden: 9088K(9088K)->0K(9088K) From: 371K(1088K)->382K(1088K)
[2025-04-17T09:23:49.227+0000][197.227s][info][gc,heap        ] GC(1677) Tenured: 19356K(22464K)->19357K(22464K)
[2025-04-17T09:23:49.227+0000][197.227s][info][gc,metaspace   ] GC(1677) Metaspace: 37416K(37760K)->37416K(37760K) NonClass: 32990K(33152K)->32990K(33152K) Class: 4425K(4608K)->4425K(4608K)
[2025-04-17T09:23:49.227+0000][197.227s][info][gc             ] GC(1677) Pause Young (Allocation Failure) 28M->19M(31M) 1.464ms
[2025-04-17T09:23:49.227+0000][197.227s][info][gc,cpu         ] GC(1677) User=0.00s Sys=0.00s Real=0.00s
[2025-04-17T09:23:49.361+0000][197.362s][info][gc,start       ] GC(1678) Pause Young (Allocation Failure)
[2025-04-17T09:23:49.362+0000][197.363s][info][gc,heap        ] GC(1678) DefNew: 9470K(10176K)->371K(10176K) Eden: 9088K(9088K)->0K(9088K) From: 382K(1088K)->371K(1088K)
[2025-04-17T09:23:49.363+0000][197.363s][info][gc,heap        ] GC(1678) Tenured: 19357K(22464K)->19362K(22464K)
[2025-04-17T09:23:49.363+0000][197.363s][info][gc,metaspace   ] GC(1678) Metaspace: 37416K(37760K)->37416K(37760K) NonClass: 32990K(33152K)->32990K(33152K) Class: 4425K(4608K)->4425K(4608K)
[2025-04-17T09:23:49.363+0000][197.363s][info][gc             ] GC(1678) Pause Young (Allocation Failure) 28M->19M(31M) 1.674ms
[2025-04-17T09:23:49.363+0000][197.363s][info][gc,cpu         ] GC(1678) User=0.00s Sys=0.00s Real=0.00s
[2025-04-17T09:23:49.451+0000][197.451s][info][gc,start       ] GC(1679) Pause Young (Allocation Failure)
[2025-04-17T09:23:49.452+0000][197.453s][info][gc,heap        ] GC(1679) DefNew: 9459K(10176K)->371K(10176K) Eden: 9088K(9088K)->0K(9088K) From: 371K(1088K)->371K(1088K)
[2025-04-17T09:23:49.452+0000][197.453s][info][gc,heap        ] GC(1679) Tenured: 19362K(22464K)->19366K(22464K)
[2025-04-17T09:23:49.452+0000][197.453s][info][gc,metaspace   ] GC(1679) Metaspace: 37416K(37760K)->37416K(37760K) NonClass: 32990K(33152K)->32990K(33152K) Class: 4425K(4608K)->4425K(4608K)
[2025-04-17T09:23:49.452+0000][197.453s][info][gc             ] GC(1679) Pause Young (Allocation Failure) 28M->19M(31M) 1.486ms
[2025-04-17T09:23:49.452+0000][197.453s][info][gc,cpu         ] GC(1679) User=0.00s Sys=0.00s Real=0.00s
[2025-04-17T09:23:49.649+0000][197.650s][info][gc,start       ] GC(1680) Pause Young (Allocation Failure)
[2025-04-17T09:23:49.651+0000][197.651s][info][gc,heap        ] GC(1680) DefNew: 9457K(10176K)->83K(10176K) Eden: 9086K(9088K)->0K(9088K) From: 371K(1088K)->83K(1088K)
[2025-04-17T09:23:49.651+0000][197.651s][info][gc,heap        ] GC(1680) Tenured: 19366K(22464K)->19645K(22464K)
[2025-04-17T09:23:49.651+0000][197.651s][info][gc,metaspace   ] GC(1680) Metaspace: 37416K(37760K)->37416K(37760K) NonClass: 32990K(33152K)->32990K(33152K) Class: 4425K(4608K)->4425K(4608K)
[2025-04-17T09:23:49.651+0000][197.651s][info][gc             ] GC(1680) Pause Young (Allocation Failure) 28M->19M(31M) 1.485ms
[2025-04-17T09:23:49.651+0000][197.651s][info][gc,cpu         ] GC(1680) User=0.00s Sys=0.00s Real=0.00s
[2025-04-17T09:23:49.786+0000][197.787s][info][gc,start       ] GC(1681) Pause Young (Allocation Failure)
[2025-04-17T09:23:49.787+0000][197.788s][info][gc,heap        ] GC(1681) DefNew: 9171K(10176K)->96K(10176K) Eden: 9088K(9088K)->0K(9088K) From: 83K(1088K)->96K(1088K)
[2025-04-17T09:23:49.788+0000][197.788s][info][gc,heap        ] GC(1681) Tenured: 19645K(22464K)->19646K(22464K)
[2025-04-17T09:23:49.788+0000][197.788s][info][gc,metaspace   ] GC(1681) Metaspace: 37416K(37760K)->37416K(37760K) NonClass: 32990K(33152K)->32990K(33152K) Class: 4425K(4608K)->4425K(4608K)
[2025-04-17T09:23:49.788+0000][197.788s][info][gc             ] GC(1681) Pause Young (Allocation Failure) 28M->19M(31M) 1.406ms
[2025-04-17T09:23:49.788+0000][197.788s][info][gc,cpu         ] GC(1681) User=0.00s Sys=0.00s Real=0.00s
[2025-04-17T09:23:50.015+0000][198.015s][info][gc,start       ] GC(1682) Pause Young (Allocation Failure)
[2025-04-17T09:23:50.016+0000][198.016s][info][gc,heap        ] GC(1682) DefNew: 9184K(10176K)->80K(10176K) Eden: 9087K(9088K)->0K(9088K) From: 96K(1088K)->80K(1088K)
[2025-04-17T09:23:50.016+0000][198.017s][info][gc,heap        ] GC(1682) Tenured: 19646K(22464K)->19646K(22464K)
[2025-04-17T09:23:50.016+0000][198.017s][info][gc,metaspace   ] GC(1682) Metaspace: 37416K(37760K)->37416K(37760K) NonClass: 32990K(33152K)->32990K(33152K) Class: 4425K(4608K)->4425K(4608K)
[2025-04-17T09:23:50.016+0000][198.017s][info][gc             ] GC(1682) Pause Young (Allocation Failure) 28M->19M(31M) 1.399ms
[2025-04-17T09:23:50.016+0000][198.017s][info][gc,cpu         ] GC(1682) User=0.00s Sys=0.00s Real=0.00s
[2025-04-17T09:23:50.113+0000][198.114s][info][gc,start       ] GC(1683) Pause Young (Allocation Failure)
[2025-04-17T09:23:50.115+0000][198.115s][info][gc,heap        ] GC(1683) DefNew: 9168K(10176K)->96K(10176K) Eden: 9087K(9088K)->0K(9088K) From: 80K(1088K)->96K(1088K)
[2025-04-17T09:23:50.115+0000][198.115s][info][gc,heap        ] GC(1683) Tenured: 19646K(22464K)->19646K(22464K)
[2025-04-17T09:23:50.115+0000][198.115s][info][gc,metaspace   ] GC(1683) Metaspace: 37416K(37760K)->37416K(37760K) NonClass: 32990K(33152K)->32990K(33152K) Class: 4425K(4608K)->4425K(4608K)
[2025-04-17T09:23:50.115+0000][198.115s][info][gc             ] GC(1683) Pause Young (Allocation Failure) 28M->19M(31M) 1.478ms
[2025-04-17T09:23:50.115+0000][198.115s][info][gc,cpu         ] GC(1683) User=0.00s Sys=0.00s Real=0.01s
[2025-04-17T09:23:50.244+0000][198.245s][info][gc,start       ] GC(1684) Pause Young (Allocation Failure)
[2025-04-17T09:23:50.246+0000][198.246s][info][gc,heap        ] GC(1684) DefNew: 9184K(10176K)->79K(10176K) Eden: 9088K(9088K)->0K(9088K) From: 96K(1088K)->79K(1088K)
[2025-04-17T09:23:50.246+0000][198.246s][info][gc,heap        ] GC(1684) Tenured: 19646K(22464K)->19648K(22464K)
[2025-04-17T09:23:50.246+0000][198.246s][info][gc,metaspace   ] GC(1684) Metaspace: 37416K(37760K)->37416K(37760K) NonClass: 32990K(33152K)->32990K(33152K) Class: 4425K(4608K)->4425K(4608K)
[2025-04-17T09:23:50.246+0000][198.246s][info][gc             ] GC(1684) Pause Young (Allocation Failure) 28M->19M(31M) 1.436ms
[2025-04-17T09:23:50.246+0000][198.246s][info][gc,cpu         ] GC(1684) User=0.00s Sys=0.00s Real=0.00s
[2025-04-17T09:23:50.435+0000][198.436s][info][gc,start       ] GC(1685) Pause Young (Allocation Failure)
[2025-04-17T09:23:50.437+0000][198.437s][info][gc,heap        ] GC(1685) DefNew: 9162K(10176K)->88K(10176K) Eden: 9083K(9088K)->0K(9088K) From: 79K(1088K)->88K(1088K)
[2025-04-17T09:23:50.437+0000][198.437s][info][gc,heap        ] GC(1685) Tenured: 19648K(22464K)->19648K(22464K)
[2025-04-17T09:23:50.437+0000][198.437s][info][gc,metaspace   ] GC(1685) Metaspace: 37416K(37760K)->37416K(37760K) NonClass: 32990K(33152K)->32990K(33152K) Class: 4425K(4608K)->4425K(4608K)
[2025-04-17T09:23:50.437+0000][198.437s][info][gc             ] GC(1685) Pause Young (Allocation Failure) 28M->19M(31M) 1.427ms
[2025-04-17T09:23:50.437+0000][198.437s][info][gc,cpu         ] GC(1685) User=0.00s Sys=0.00s Real=0.00s
[2025-04-17T09:23:50.518+0000][198.519s][info][gc,start       ] GC(1686) Pause Young (Allocation Failure)
[2025-04-17T09:23:50.520+0000][198.520s][info][gc,heap        ] GC(1686) DefNew: 9176K(10176K)->81K(10176K) Eden: 9088K(9088K)->0K(9088K) From: 88K(1088K)->81K(1088K)
[2025-04-17T09:23:50.520+0000][198.520s][info][gc,heap        ] GC(1686) Tenured: 19648K(22464K)->19649K(22464K)
[2025-04-17T09:23:50.520+0000][198.520s][info][gc,metaspace   ] GC(1686) Metaspace: 37416K(37760K)->37416K(37760K) NonClass: 32990K(33152K)->32990K(33152K) Class: 4425K(4608K)->4425K(4608K)
[2025-04-17T09:23:50.520+0000][198.520s][info][gc             ] GC(1686) Pause Young (Allocation Failure) 28M->19M(31M) 1.360ms
[2025-04-17T09:23:50.520+0000][198.520s][info][gc,cpu         ] GC(1686) User=0.01s Sys=0.00s Real=0.00s
[2025-04-17T09:23:50.676+0000][198.677s][info][gc,start       ] GC(1687) Pause Young (Allocation Failure)
[2025-04-17T09:23:50.677+0000][198.678s][info][gc,heap        ] GC(1687) DefNew: 9169K(10176K)->100K(10176K) Eden: 9088K(9088K)->0K(9088K) From: 81K(1088K)->100K(1088K)
[2025-04-17T09:23:50.677+0000][198.678s][info][gc,heap        ] GC(1687) Tenured: 19649K(22464K)->19649K(22464K)
[2025-04-17T09:23:50.677+0000][198.678s][info][gc,metaspace   ] GC(1687) Metaspace: 37416K(37760K)->37416K(37760K) NonClass: 32990K(33152K)->32990K(33152K) Class: 4425K(4608K)->4425K(4608K)
[2025-04-17T09:23:50.677+0000][198.678s][info][gc             ] GC(1687) Pause Young (Allocation Failure) 28M->19M(31M) 1.445ms
[2025-04-17T09:23:50.678+0000][198.678s][info][gc,cpu         ] GC(1687) User=0.00s Sys=0.01s Real=0.00s
[2025-04-17T09:23:50.768+0000][198.768s][info][gc,start       ] GC(1688) Pause Young (Allocation Failure)
[2025-04-17T09:23:50.769+0000][198.770s][info][gc,heap        ] GC(1688) DefNew: 9188K(10176K)->110K(10176K) Eden: 9088K(9088K)->0K(9088K) From: 100K(1088K)->110K(1088K)
[2025-04-17T09:23:50.769+0000][198.770s][info][gc,heap        ] GC(1688) Tenured: 19649K(22464K)->19649K(22464K)
[2025-04-17T09:23:50.769+0000][198.770s][info][gc,metaspace   ] GC(1688) Metaspace: 37416K(37760K)->37416K(37760K) NonClass: 32990K(33152K)->32990K(33152K) Class: 4425K(4608K)->4425K(4608K)
[2025-04-17T09:23:50.769+0000][198.770s][info][gc             ] GC(1688) Pause Young (Allocation Failure) 28M->19M(31M) 1.439ms
[2025-04-17T09:23:50.769+0000][198.770s][info][gc,cpu         ] GC(1688) User=0.00s Sys=0.00s Real=0.00s
[2025-04-17T09:23:50.841+0000][198.841s][info][gc,start       ] GC(1689) Pause Young (Allocation Failure)
[2025-04-17T09:23:50.842+0000][198.843s][info][gc,heap        ] GC(1689) DefNew: 9198K(10176K)->86K(10176K) Eden: 9088K(9088K)->0K(9088K) From: 110K(1088K)->86K(1088K)
[2025-04-17T09:23:50.842+0000][198.843s][info][gc,heap        ] GC(1689) Tenured: 19649K(22464K)->19649K(22464K)
[2025-04-17T09:23:50.842+0000][198.843s][info][gc,metaspace   ] GC(1689) Metaspace: 37416K(37760K)->37416K(37760K) NonClass: 32990K(33152K)->32990K(33152K) Class: 4425K(4608K)->4425K(4608K)
[2025-04-17T09:23:50.842+0000][198.843s][info][gc             ] GC(1689) Pause Young (Allocation Failure) 28M->19M(31M) 1.453ms
[2025-04-17T09:23:50.842+0000][198.843s][info][gc,cpu         ] GC(1689) User=0.00s Sys=0.00s Real=0.00s
[2025-04-17T09:23:50.965+0000][198.966s][info][gc,start       ] GC(1690) Pause Young (Allocation Failure)
[2025-04-17T09:23:50.967+0000][198.967s][info][gc,heap        ] GC(1690) DefNew: 9174K(10176K)->121K(10176K) Eden: 9087K(9088K)->0K(9088K) From: 86K(1088K)->121K(1088K)
[2025-04-17T09:23:50.967+0000][198.967s][info][gc,heap        ] GC(1690) Tenured: 19649K(22464K)->19650K(22464K)
[2025-04-17T09:23:50.967+0000][198.967s][info][gc,metaspace   ] GC(1690) Metaspace: 37416K(37760K)->37416K(37760K) NonClass: 32990K(33152K)->32990K(33152K) Class: 4425K(4608K)->4425K(4608K)
[2025-04-17T09:23:50.967+0000][198.967s][info][gc             ] GC(1690) Pause Young (Allocation Failure) 28M->19M(31M) 1.525ms
[2025-04-17T09:23:50.967+0000][198.967s][info][gc,cpu         ] GC(1690) User=0.00s Sys=0.00s Real=0.00s
[2025-04-17T09:23:51.117+0000][199.117s][info][gc,start       ] GC(1691) Pause Young (Allocation Failure)
[2025-04-17T09:23:51.118+0000][199.119s][info][gc,heap        ] GC(1691) DefNew: 9209K(10176K)->102K(10176K) Eden: 9088K(9088K)->0K(9088K) From: 121K(1088K)->102K(1088K)
[2025-04-17T09:23:51.118+0000][199.119s][info][gc,heap        ] GC(1691) Tenured: 19650K(22464K)->19651K(22464K)
[2025-04-17T09:23:51.118+0000][199.119s][info][gc,metaspace   ] GC(1691) Metaspace: 37416K(37760K)->37416K(37760K) NonClass: 32990K(33152K)->32990K(33152K) Class: 4425K(4608K)->4425K(4608K)
[2025-04-17T09:23:51.118+0000][199.119s][info][gc             ] GC(1691) Pause Young (Allocation Failure) 28M->19M(31M) 1.498ms
[2025-04-17T09:23:51.118+0000][199.119s][info][gc,cpu         ] GC(1691) User=0.00s Sys=0.00s Real=0.00s
[2025-04-17T09:23:51.209+0000][199.209s][info][gc,start       ] GC(1692) Pause Young (Allocation Failure)
[2025-04-17T09:23:51.210+0000][199.211s][info][gc,heap        ] GC(1692) DefNew: 9190K(10176K)->94K(10176K) Eden: 9087K(9088K)->0K(9088K) From: 102K(1088K)->94K(1088K)
[2025-04-17T09:23:51.210+0000][199.211s][info][gc,heap        ] GC(1692) Tenured: 19651K(22464K)->19651K(22464K)
[2025-04-17T09:23:51.210+0000][199.211s][info][gc,metaspace   ] GC(1692) Metaspace: 37416K(37760K)->37416K(37760K) NonClass: 32990K(33152K)->32990K(33152K) Class: 4425K(4608K)->4425K(4608K)
[2025-04-17T09:23:51.210+0000][199.211s][info][gc             ] GC(1692) Pause Young (Allocation Failure) 28M->19M(31M) 1.404ms
[2025-04-17T09:23:51.210+0000][199.211s][info][gc,cpu         ] GC(1692) User=0.00s Sys=0.00s Real=0.00s
[2025-04-17T09:23:51.393+0000][199.393s][info][gc,start       ] GC(1693) Pause Young (Allocation Failure)
[2025-04-17T09:23:51.394+0000][199.395s][info][gc,heap        ] GC(1693) DefNew: 9177K(10176K)->105K(10176K) Eden: 9083K(9088K)->0K(9088K) From: 94K(1088K)->105K(1088K)
[2025-04-17T09:23:51.394+0000][199.395s][info][gc,heap        ] GC(1693) Tenured: 19651K(22464K)->19651K(22464K)
[2025-04-17T09:23:51.394+0000][199.395s][info][gc,metaspace   ] GC(1693) Metaspace: 37416K(37760K)->37416K(37760K) NonClass: 32990K(33152K)->32990K(33152K) Class: 4425K(4608K)->4425K(4608K)
[2025-04-17T09:23:51.394+0000][199.395s][info][gc             ] GC(1693) Pause Young (Allocation Failure) 28M->19M(31M) 1.431ms
[2025-04-17T09:23:51.394+0000][199.395s][info][gc,cpu         ] GC(1693) User=0.00s Sys=0.00s Real=0.01s
[2025-04-17T09:23:51.517+0000][199.517s][info][gc,start       ] GC(1694) Pause Young (Allocation Failure)
[2025-04-17T09:23:51.518+0000][199.519s][info][gc,heap        ] GC(1694) DefNew: 9193K(10176K)->120K(10176K) Eden: 9088K(9088K)->0K(9088K) From: 105K(1088K)->120K(1088K)
[2025-04-17T09:23:51.518+0000][199.519s][info][gc,heap        ] GC(1694) Tenured: 19651K(22464K)->19651K(22464K)
[2025-04-17T09:23:51.518+0000][199.519s][info][gc,metaspace   ] GC(1694) Metaspace: 37416K(37760K)->37416K(37760K) NonClass: 32990K(33152K)->32990K(33152K) Class: 4425K(4608K)->4425K(4608K)
[2025-04-17T09:23:51.518+0000][199.519s][info][gc             ] GC(1694) Pause Young (Allocation Failure) 28M->19M(31M) 1.616ms
[2025-04-17T09:23:51.518+0000][199.519s][info][gc,cpu         ] GC(1694) User=0.00s Sys=0.00s Real=0.00s
[2025-04-17T09:23:51.637+0000][199.637s][info][gc,start       ] GC(1695) Pause Young (Allocation Failure)
[2025-04-17T09:23:51.638+0000][199.639s][info][gc,heap        ] GC(1695) DefNew: 9208K(10176K)->102K(10176K) Eden: 9087K(9088K)->0K(9088K) From: 120K(1088K)->102K(1088K)
[2025-04-17T09:23:51.638+0000][199.639s][info][gc,heap        ] GC(1695) Tenured: 19651K(22464K)->19654K(22464K)
[2025-04-17T09:23:51.638+0000][199.639s][info][gc,metaspace   ] GC(1695) Metaspace: 37416K(37760K)->37416K(37760K) NonClass: 32990K(33152K)->32990K(33152K) Class: 4425K(4608K)->4425K(4608K)
[2025-04-17T09:23:51.638+0000][199.639s][info][gc             ] GC(1695) Pause Young (Allocation Failure) 28M->19M(31M) 1.495ms
[2025-04-17T09:23:51.638+0000][199.639s][info][gc,cpu         ] GC(1695) User=0.00s Sys=0.00s Real=0.00s
[2025-04-17T09:23:51.781+0000][199.782s][info][gc,start       ] GC(1696) Pause Young (Allocation Failure)
[2025-04-17T09:23:51.782+0000][199.783s][info][gc,heap        ] GC(1696) DefNew: 9190K(10176K)->119K(10176K) Eden: 9088K(9088K)->0K(9088K) From: 102K(1088K)->119K(1088K)
[2025-04-17T09:23:51.782+0000][199.783s][info][gc,heap        ] GC(1696) Tenured: 19654K(22464K)->19655K(22464K)
[2025-04-17T09:23:51.782+0000][199.783s][info][gc,metaspace   ] GC(1696) Metaspace: 37416K(37760K)->37416K(37760K) NonClass: 32990K(33152K)->32990K(33152K) Class: 4425K(4608K)->4425K(4608K)
[2025-04-17T09:23:51.782+0000][199.783s][info][gc             ] GC(1696) Pause Young (Allocation Failure) 28M->19M(31M) 1.461ms
[2025-04-17T09:23:51.782+0000][199.783s][info][gc,cpu         ] GC(1696) User=0.00s Sys=0.00s Real=0.00s
[2025-04-17T09:23:51.994+0000][199.994s][info][gc,start       ] GC(1697) Pause Young (Allocation Failure)
[2025-04-17T09:23:51.995+0000][199.996s][info][gc,heap        ] GC(1697) DefNew: 9196K(10176K)->112K(10176K) Eden: 9077K(9088K)->0K(9088K) From: 119K(1088K)->112K(1088K)
[2025-04-17T09:23:51.995+0000][199.996s][info][gc,heap        ] GC(1697) Tenured: 19655K(22464K)->19655K(22464K)
[2025-04-17T09:23:51.995+0000][199.996s][info][gc,metaspace   ] GC(1697) Metaspace: 37416K(37760K)->37416K(37760K) NonClass: 32990K(33152K)->32990K(33152K) Class: 4425K(4608K)->4425K(4608K)
[2025-04-17T09:23:51.995+0000][199.996s][info][gc             ] GC(1697) Pause Young (Allocation Failure) 28M->19M(31M) 1.436ms
[2025-04-17T09:23:51.995+0000][199.996s][info][gc,cpu         ] GC(1697) User=0.01s Sys=0.00s Real=0.01s
[2025-04-17T09:23:52.140+0000][200.140s][info][gc,start       ] GC(1698) Pause Young (Allocation Failure)
[2025-04-17T09:23:52.141+0000][200.142s][info][gc,heap        ] GC(1698) DefNew: 9200K(10176K)->121K(10176K) Eden: 9088K(9088K)->0K(9088K) From: 112K(1088K)->121K(1088K)
[2025-04-17T09:23:52.141+0000][200.142s][info][gc,heap        ] GC(1698) Tenured: 19655K(22464K)->19655K(22464K)
[2025-04-17T09:23:52.141+0000][200.142s][info][gc,metaspace   ] GC(1698) Metaspace: 37416K(37760K)->37416K(37760K) NonClass: 32990K(33152K)->32990K(33152K) Class: 4425K(4608K)->4425K(4608K)
[2025-04-17T09:23:52.141+0000][200.142s][info][gc             ] GC(1698) Pause Young (Allocation Failure) 28M->19M(31M) 1.473ms
[2025-04-17T09:23:52.141+0000][200.142s][info][gc,cpu         ] GC(1698) User=0.01s Sys=0.00s Real=0.00s
[2025-04-17T09:23:52.373+0000][200.373s][info][gc,start       ] GC(1699) Pause Young (Allocation Failure)
[2025-04-17T09:23:52.374+0000][200.375s][info][gc,heap        ] GC(1699) DefNew: 9209K(10176K)->111K(10176K) Eden: 9087K(9088K)->0K(9088K) From: 121K(1088K)->111K(1088K)
[2025-04-17T09:23:52.374+0000][200.375s][info][gc,heap        ] GC(1699) Tenured: 19655K(22464K)->19655K(22464K)
[2025-04-17T09:23:52.374+0000][200.375s][info][gc,metaspace   ] GC(1699) Metaspace: 37416K(37760K)->37416K(37760K) NonClass: 32990K(33152K)->32990K(33152K) Class: 4425K(4608K)->4425K(4608K)
[2025-04-17T09:23:52.374+0000][200.375s][info][gc             ] GC(1699) Pause Young (Allocation Failure) 28M->19M(31M) 1.508ms
[2025-04-17T09:23:52.374+0000][200.375s][info][gc,cpu         ] GC(1699) User=0.00s Sys=0.00s Real=0.01s
[2025-04-17T09:23:52.535+0000][200.535s][info][gc,start       ] GC(1700) Pause Young (Allocation Failure)
[2025-04-17T09:23:52.536+0000][200.537s][info][gc,heap        ] GC(1700) DefNew: 9199K(10176K)->125K(10176K) Eden: 9088K(9088K)->0K(9088K) From: 111K(1088K)->125K(1088K)
[2025-04-17T09:23:52.536+0000][200.537s][info][gc,heap        ] GC(1700) Tenured: 19655K(22464K)->19658K(22464K)
[2025-04-17T09:23:52.536+0000][200.537s][info][gc,metaspace   ] GC(1700) Metaspace: 37416K(37760K)->37416K(37760K) NonClass: 32990K(33152K)->32990K(33152K) Class: 4425K(4608K)->4425K(4608K)
[2025-04-17T09:23:52.536+0000][200.537s][info][gc             ] GC(1700) Pause Young (Allocation Failure) 28M->19M(31M) 1.473ms
[2025-04-17T09:23:52.536+0000][200.537s][info][gc,cpu         ] GC(1700) User=0.00s Sys=0.00s Real=0.00s
[2025-04-17T09:23:52.645+0000][200.645s][info][gc,start       ] GC(1701) Pause Young (Allocation Failure)
[2025-04-17T09:23:52.646+0000][200.647s][info][gc,heap        ] GC(1701) DefNew: 9213K(10176K)->109K(10176K) Eden: 9087K(9088K)->0K(9088K) From: 125K(1088K)->109K(1088K)
[2025-04-17T09:23:52.646+0000][200.647s][info][gc,heap        ] GC(1701) Tenured: 19658K(22464K)->19659K(22464K)
[2025-04-17T09:23:52.646+0000][200.647s][info][gc,metaspace   ] GC(1701) Metaspace: 37416K(37760K)->37416K(37760K) NonClass: 32990K(33152K)->32990K(33152K) Class: 4425K(4608K)->4425K(4608K)
[2025-04-17T09:23:52.646+0000][200.647s][info][gc             ] GC(1701) Pause Young (Allocation Failure) 28M->19M(31M) 1.568ms
[2025-04-17T09:23:52.646+0000][200.647s][info][gc,cpu         ] GC(1701) User=0.00s Sys=0.00s Real=0.00s
[2025-04-17T09:23:52.865+0000][200.865s][info][gc,start       ] GC(1702) Pause Young (Allocation Failure)
[2025-04-17T09:23:52.866+0000][200.867s][info][gc,heap        ] GC(1702) DefNew: 9197K(10176K)->126K(10176K) Eden: 9088K(9088K)->0K(9088K) From: 109K(1088K)->126K(1088K)
[2025-04-17T09:23:52.866+0000][200.867s][info][gc,heap        ] GC(1702) Tenured: 19659K(22464K)->19661K(22464K)
[2025-04-17T09:23:52.866+0000][200.867s][info][gc,metaspace   ] GC(1702) Metaspace: 37416K(37760K)->37416K(37760K) NonClass: 32990K(33152K)->32990K(33152K) Class: 4425K(4608K)->4425K(4608K)
[2025-04-17T09:23:52.866+0000][200.867s][info][gc             ] GC(1702) Pause Young (Allocation Failure) 28M->19M(31M) 1.509ms
[2025-04-17T09:23:52.866+0000][200.867s][info][gc,cpu         ] GC(1702) User=0.00s Sys=0.00s Real=0.00s
[2025-04-17T09:23:52.960+0000][200.961s][info][gc,start       ] GC(1703) Pause Young (Allocation Failure)
[2025-04-17T09:23:52.961+0000][200.962s][info][gc,heap        ] GC(1703) DefNew: 9213K(10176K)->116K(10176K) Eden: 9086K(9088K)->0K(9088K) From: 126K(1088K)->116K(1088K)
[2025-04-17T09:23:52.961+0000][200.962s][info][gc,heap        ] GC(1703) Tenured: 19661K(22464K)->19661K(22464K)
[2025-04-17T09:23:52.961+0000][200.962s][info][gc,metaspace   ] GC(1703) Metaspace: 37416K(37760K)->37416K(37760K) NonClass: 32990K(33152K)->32990K(33152K) Class: 4425K(4608K)->4425K(4608K)
[2025-04-17T09:23:52.961+0000][200.962s][info][gc             ] GC(1703) Pause Young (Allocation Failure) 28M->19M(31M) 1.392ms
[2025-04-17T09:23:52.961+0000][200.962s][info][gc,cpu         ] GC(1703) User=0.00s Sys=0.00s Real=0.00s
[2025-04-17T09:23:53.093+0000][201.094s][info][gc,start       ] GC(1704) Pause Young (Allocation Failure)
[2025-04-17T09:23:53.095+0000][201.095s][info][gc,heap        ] GC(1704) DefNew: 9204K(10176K)->110K(10176K) Eden: 9088K(9088K)->0K(9088K) From: 116K(1088K)->110K(1088K)
[2025-04-17T09:23:53.095+0000][201.095s][info][gc,heap        ] GC(1704) Tenured: 19661K(22464K)->19661K(22464K)
[2025-04-17T09:23:53.095+0000][201.095s][info][gc,metaspace   ] GC(1704) Metaspace: 37416K(37760K)->37416K(37760K) NonClass: 32990K(33152K)->32990K(33152K) Class: 4425K(4608K)->4425K(4608K)
[2025-04-17T09:23:53.095+0000][201.095s][info][gc             ] GC(1704) Pause Young (Allocation Failure) 28M->19M(31M) 1.432ms
[2025-04-17T09:23:53.095+0000][201.095s][info][gc,cpu         ] GC(1704) User=0.00s Sys=0.00s Real=0.01s
[2025-04-17T09:23:53.191+0000][201.192s][info][gc,start       ] GC(1705) Pause Young (Allocation Failure)
[2025-04-17T09:23:53.193+0000][201.193s][info][gc,heap        ] GC(1705) DefNew: 9196K(10176K)->131K(10176K) Eden: 9085K(9088K)->0K(9088K) From: 110K(1088K)->131K(1088K)
[2025-04-17T09:23:53.193+0000][201.193s][info][gc,heap        ] GC(1705) Tenured: 19661K(22464K)->19665K(22464K)
[2025-04-17T09:23:53.193+0000][201.193s][info][gc,metaspace   ] GC(1705) Metaspace: 37416K(37760K)->37416K(37760K) NonClass: 32990K(33152K)->32990K(33152K) Class: 4425K(4608K)->4425K(4608K)
[2025-04-17T09:23:53.193+0000][201.193s][info][gc             ] GC(1705) Pause Young (Allocation Failure) 28M->19M(31M) 1.422ms
[2025-04-17T09:23:53.193+0000][201.193s][info][gc,cpu         ] GC(1705) User=0.00s Sys=0.00s Real=0.00s
[2025-04-17T09:23:53.308+0000][201.309s][info][gc,start       ] GC(1706) Pause Young (Allocation Failure)
[2025-04-17T09:23:53.309+0000][201.310s][info][gc,heap        ] GC(1706) DefNew: 9219K(10176K)->125K(10176K) Eden: 9088K(9088K)->0K(9088K) From: 131K(1088K)->125K(1088K)
[2025-04-17T09:23:53.309+0000][201.310s][info][gc,heap        ] GC(1706) Tenured: 19665K(22464K)->19672K(22464K)
[2025-04-17T09:23:53.309+0000][201.310s][info][gc,metaspace   ] GC(1706) Metaspace: 37416K(37760K)->37416K(37760K) NonClass: 32990K(33152K)->32990K(33152K) Class: 4425K(4608K)->4425K(4608K)
[2025-04-17T09:23:53.309+0000][201.310s][info][gc             ] GC(1706) Pause Young (Allocation Failure) 28M->19M(31M) 1.458ms
[2025-04-17T09:23:53.309+0000][201.310s][info][gc,cpu         ] GC(1706) User=0.01s Sys=0.00s Real=0.00s
[2025-04-17T09:23:53.455+0000][201.455s][info][gc,start       ] GC(1707) Pause Young (Allocation Failure)
[2025-04-17T09:23:53.456+0000][201.457s][info][gc,heap        ] GC(1707) DefNew: 9210K(10176K)->112K(10176K) Eden: 9084K(9088K)->0K(9088K) From: 125K(1088K)->112K(1088K)
[2025-04-17T09:23:53.456+0000][201.457s][info][gc,heap        ] GC(1707) Tenured: 19672K(22464K)->19672K(22464K)
[2025-04-17T09:23:53.456+0000][201.457s][info][gc,metaspace   ] GC(1707) Metaspace: 37416K(37760K)->37416K(37760K) NonClass: 32990K(33152K)->32990K(33152K) Class: 4425K(4608K)->4425K(4608K)
[2025-04-17T09:23:53.456+0000][201.457s][info][gc             ] GC(1707) Pause Young (Allocation Failure) 28M->19M(31M) 1.435ms
[2025-04-17T09:23:53.456+0000][201.457s][info][gc,cpu         ] GC(1707) User=0.01s Sys=0.00s Real=0.00s
[2025-04-17T09:23:53.657+0000][201.657s][info][gc,start       ] GC(1708) Pause Young (Allocation Failure)
[2025-04-17T09:23:53.658+0000][201.659s][info][gc,heap        ] GC(1708) DefNew: 9200K(10176K)->108K(10176K) Eden: 9088K(9088K)->0K(9088K) From: 112K(1088K)->108K(1088K)
[2025-04-17T09:23:53.658+0000][201.659s][info][gc,heap        ] GC(1708) Tenured: 19672K(22464K)->19676K(22464K)
[2025-04-17T09:23:53.658+0000][201.659s][info][gc,metaspace   ] GC(1708) Metaspace: 37416K(37760K)->37416K(37760K) NonClass: 32990K(33152K)->32990K(33152K) Class: 4425K(4608K)->4425K(4608K)
[2025-04-17T09:23:53.658+0000][201.659s][info][gc             ] GC(1708) Pause Young (Allocation Failure) 28M->19M(31M) 1.604ms
[2025-04-17T09:23:53.658+0000][201.659s][info][gc,cpu         ] GC(1708) User=0.01s Sys=0.00s Real=0.00s
[2025-04-17T09:23:53.775+0000][201.775s][info][gc,start       ] GC(1709) Pause Young (Allocation Failure)
[2025-04-17T09:23:53.776+0000][201.777s][info][gc,heap        ] GC(1709) DefNew: 9196K(10176K)->106K(10176K) Eden: 9087K(9088K)->0K(9088K) From: 108K(1088K)->106K(1088K)
[2025-04-17T09:23:53.776+0000][201.777s][info][gc,heap        ] GC(1709) Tenured: 19676K(22464K)->19681K(22464K)
[2025-04-17T09:23:53.776+0000][201.777s][info][gc,metaspace   ] GC(1709) Metaspace: 37416K(37760K)->37416K(37760K) NonClass: 32990K(33152K)->32990K(33152K) Class: 4425K(4608K)->4425K(4608K)
[2025-04-17T09:23:53.776+0000][201.777s][info][gc             ] GC(1709) Pause Young (Allocation Failure) 28M->19M(31M) 1.431ms
[2025-04-17T09:23:53.776+0000][201.777s][info][gc,cpu         ] GC(1709) User=0.00s Sys=0.00s Real=0.00s
[2025-04-17T09:23:53.879+0000][201.880s][info][gc,start       ] GC(1710) Pause Young (Allocation Failure)
[2025-04-17T09:23:53.881+0000][201.881s][info][gc,heap        ] GC(1710) DefNew: 9194K(10176K)->137K(10176K) Eden: 9088K(9088K)->0K(9088K) From: 106K(1088K)->137K(1088K)
[2025-04-17T09:23:53.881+0000][201.881s][info][gc,heap        ] GC(1710) Tenured: 19681K(22464K)->19683K(22464K)
[2025-04-17T09:23:53.881+0000][201.881s][info][gc,metaspace   ] GC(1710) Metaspace: 37416K(37760K)->37416K(37760K) NonClass: 32990K(33152K)->32990K(33152K) Class: 4425K(4608K)->4425K(4608K)
[2025-04-17T09:23:53.881+0000][201.881s][info][gc             ] GC(1710) Pause Young (Allocation Failure) 28M->19M(31M) 1.471ms
[2025-04-17T09:23:53.881+0000][201.881s][info][gc,cpu         ] GC(1710) User=0.00s Sys=0.00s Real=0.00s
[2025-04-17T09:23:53.972+0000][201.972s][info][gc,start       ] GC(1711) Pause Young (Allocation Failure)
[2025-04-17T09:23:53.973+0000][201.974s][info][gc,heap        ] GC(1711) DefNew: 9225K(10176K)->110K(10176K) Eden: 9088K(9088K)->0K(9088K) From: 137K(1088K)->110K(1088K)
[2025-04-17T09:23:53.973+0000][201.974s][info][gc,heap        ] GC(1711) Tenured: 19683K(22464K)->19684K(22464K)
[2025-04-17T09:23:53.973+0000][201.974s][info][gc,metaspace   ] GC(1711) Metaspace: 37416K(37760K)->37416K(37760K) NonClass: 32990K(33152K)->32990K(33152K) Class: 4425K(4608K)->4425K(4608K)
[2025-04-17T09:23:53.973+0000][201.974s][info][gc             ] GC(1711) Pause Young (Allocation Failure) 28M->19M(31M) 1.560ms
[2025-04-17T09:23:53.973+0000][201.974s][info][gc,cpu         ] GC(1711) User=0.00s Sys=0.00s Real=0.00s
[2025-04-17T09:23:54.059+0000][202.060s][info][gc,start       ] GC(1712) Pause Young (Allocation Failure)
[2025-04-17T09:23:54.061+0000][202.061s][info][gc,heap        ] GC(1712) DefNew: 9197K(10176K)->106K(10176K) Eden: 9087K(9088K)->0K(9088K) From: 110K(1088K)->106K(1088K)
[2025-04-17T09:23:54.061+0000][202.061s][info][gc,heap        ] GC(1712) Tenured: 19684K(22464K)->19692K(22464K)
[2025-04-17T09:23:54.061+0000][202.061s][info][gc,metaspace   ] GC(1712) Metaspace: 37416K(37760K)->37416K(37760K) NonClass: 32990K(33152K)->32990K(33152K) Class: 4425K(4608K)->4425K(4608K)
[2025-04-17T09:23:54.061+0000][202.061s][info][gc             ] GC(1712) Pause Young (Allocation Failure) 28M->19M(31M) 1.375ms
[2025-04-17T09:23:54.061+0000][202.061s][info][gc,cpu         ] GC(1712) User=0.00s Sys=0.00s Real=0.00s
[2025-04-17T09:23:54.147+0000][202.148s][info][gc,start       ] GC(1713) Pause Young (Allocation Failure)
[2025-04-17T09:23:54.149+0000][202.149s][info][gc,heap        ] GC(1713) DefNew: 9194K(10176K)->152K(10176K) Eden: 9087K(9088K)->0K(9088K) From: 106K(1088K)->152K(1088K)
[2025-04-17T09:23:54.149+0000][202.149s][info][gc,heap        ] GC(1713) Tenured: 19692K(22464K)->19692K(22464K)
[2025-04-17T09:23:54.149+0000][202.149s][info][gc,metaspace   ] GC(1713) Metaspace: 37416K(37760K)->37416K(37760K) NonClass: 32990K(33152K)->32990K(33152K) Class: 4425K(4608K)->4425K(4608K)
[2025-04-17T09:23:54.149+0000][202.149s][info][gc             ] GC(1713) Pause Young (Allocation Failure) 28M->19M(31M) 1.513ms
[2025-04-17T09:23:54.149+0000][202.149s][info][gc,cpu         ] GC(1713) User=0.00s Sys=0.00s Real=0.00s
[2025-04-17T09:23:54.244+0000][202.244s][info][gc,start       ] GC(1714) Pause Young (Allocation Failure)
[2025-04-17T09:23:54.245+0000][202.246s][info][gc,heap        ] GC(1714) DefNew: 9240K(10176K)->118K(10176K) Eden: 9087K(9088K)->0K(9088K) From: 152K(1088K)->118K(1088K)
[2025-04-17T09:23:54.245+0000][202.246s][info][gc,heap        ] GC(1714) Tenured: 19692K(22464K)->19695K(22464K)
[2025-04-17T09:23:54.245+0000][202.246s][info][gc,metaspace   ] GC(1714) Metaspace: 37416K(37760K)->37416K(37760K) NonClass: 32990K(33152K)->32990K(33152K) Class: 4425K(4608K)->4425K(4608K)
[2025-04-17T09:23:54.245+0000][202.246s][info][gc             ] GC(1714) Pause Young (Allocation Failure) 28M->19M(31M) 1.481ms
[2025-04-17T09:23:54.245+0000][202.246s][info][gc,cpu         ] GC(1714) User=0.00s Sys=0.00s Real=0.01s
[2025-04-17T09:23:54.441+0000][202.441s][info][gc,start       ] GC(1715) Pause Young (Allocation Failure)
[2025-04-17T09:23:54.442+0000][202.443s][info][gc,heap        ] GC(1715) DefNew: 9206K(10176K)->135K(10176K) Eden: 9087K(9088K)->0K(9088K) From: 118K(1088K)->135K(1088K)
[2025-04-17T09:23:54.442+0000][202.443s][info][gc,heap        ] GC(1715) Tenured: 19695K(22464K)->19695K(22464K)
[2025-04-17T09:23:54.442+0000][202.443s][info][gc,metaspace   ] GC(1715) Metaspace: 37416K(37760K)->37416K(37760K) NonClass: 32990K(33152K)->32990K(33152K) Class: 4425K(4608K)->4425K(4608K)
[2025-04-17T09:23:54.442+0000][202.443s][info][gc             ] GC(1715) Pause Young (Allocation Failure) 28M->19M(31M) 1.804ms
[2025-04-17T09:23:54.442+0000][202.443s][info][gc,cpu         ] GC(1715) User=0.00s Sys=0.00s Real=0.00s
[2025-04-17T09:23:54.604+0000][202.605s][info][gc,start       ] GC(1716) Pause Young (Allocation Failure)
[2025-04-17T09:23:54.606+0000][202.607s][info][gc,heap        ] GC(1716) DefNew: 9223K(10176K)->129K(10176K) Eden: 9088K(9088K)->0K(9088K) From: 135K(1088K)->129K(1088K)
[2025-04-17T09:23:54.606+0000][202.607s][info][gc,heap        ] GC(1716) Tenured: 19695K(22464K)->19695K(22464K)
[2025-04-17T09:23:54.606+0000][202.607s][info][gc,metaspace   ] GC(1716) Metaspace: 37416K(37760K)->37416K(37760K) NonClass: 32990K(33152K)->32990K(33152K) Class: 4425K(4608K)->4425K(4608K)
[2025-04-17T09:23:54.606+0000][202.607s][info][gc             ] GC(1716) Pause Young (Allocation Failure) 28M->19M(31M) 1.477ms
[2025-04-17T09:23:54.606+0000][202.607s][info][gc,cpu         ] GC(1716) User=0.01s Sys=0.00s Real=0.00s
[2025-04-17T09:23:54.780+0000][202.781s][info][gc,start       ] GC(1717) Pause Young (Allocation Failure)
[2025-04-17T09:23:54.781+0000][202.782s][info][gc,heap        ] GC(1717) DefNew: 9212K(10176K)->97K(10176K) Eden: 9083K(9088K)->0K(9088K) From: 129K(1088K)->97K(1088K)
[2025-04-17T09:23:54.781+0000][202.782s][info][gc,heap        ] GC(1717) Tenured: 19695K(22464K)->19698K(22464K)
[2025-04-17T09:23:54.781+0000][202.782s][info][gc,metaspace   ] GC(1717) Metaspace: 37416K(37760K)->37416K(37760K) NonClass: 32990K(33152K)->32990K(33152K) Class: 4425K(4608K)->4425K(4608K)
[2025-04-17T09:23:54.781+0000][202.782s][info][gc             ] GC(1717) Pause Young (Allocation Failure) 28M->19M(31M) 1.513ms
[2025-04-17T09:23:54.781+0000][202.782s][info][gc,cpu         ] GC(1717) User=0.01s Sys=0.00s Real=0.00s
[2025-04-17T09:23:54.892+0000][202.892s][info][gc,start       ] GC(1718) Pause Young (Allocation Failure)
[2025-04-17T09:23:54.893+0000][202.894s][info][gc,heap        ] GC(1718) DefNew: 9185K(10176K)->134K(10176K) Eden: 9088K(9088K)->0K(9088K) From: 97K(1088K)->134K(1088K)
[2025-04-17T09:23:54.893+0000][202.894s][info][gc,heap        ] GC(1718) Tenured: 19698K(22464K)->19698K(22464K)
[2025-04-17T09:23:54.893+0000][202.894s][info][gc,metaspace   ] GC(1718) Metaspace: 37416K(37760K)->37416K(37760K) NonClass: 32990K(33152K)->32990K(33152K) Class: 4425K(4608K)->4425K(4608K)
[2025-04-17T09:23:54.893+0000][202.894s][info][gc             ] GC(1718) Pause Young (Allocation Failure) 28M->19M(31M) 1.502ms
[2025-04-17T09:23:54.893+0000][202.894s][info][gc,cpu         ] GC(1718) User=0.00s Sys=0.00s Real=0.00s
[2025-04-17T09:23:55.005+0000][203.006s][info][gc,start       ] GC(1719) Pause Young (Allocation Failure)
[2025-04-17T09:23:55.006+0000][203.007s][info][gc,heap        ] GC(1719) DefNew: 9222K(10176K)->96K(10176K) Eden: 9088K(9088K)->0K(9088K) From: 134K(1088K)->96K(1088K)
[2025-04-17T09:23:55.006+0000][203.007s][info][gc,heap        ] GC(1719) Tenured: 19698K(22464K)->19699K(22464K)
[2025-04-17T09:23:55.006+0000][203.007s][info][gc,metaspace   ] GC(1719) Metaspace: 37416K(37760K)->37416K(37760K) NonClass: 32990K(33152K)->32990K(33152K) Class: 4425K(4608K)->4425K(4608K)
[2025-04-17T09:23:55.007+0000][203.007s][info][gc             ] GC(1719) Pause Young (Allocation Failure) 28M->19M(31M) 1.384ms
[2025-04-17T09:23:55.007+0000][203.007s][info][gc,cpu         ] GC(1719) User=0.00s Sys=0.00s Real=0.00s
[2025-04-17T09:23:55.143+0000][203.144s][info][gc,start       ] GC(1720) Pause Young (Allocation Failure)
[2025-04-17T09:23:55.145+0000][203.145s][info][gc,heap        ] GC(1720) DefNew: 9184K(10176K)->112K(10176K) Eden: 9087K(9088K)->0K(9088K) From: 96K(1088K)->112K(1088K)
[2025-04-17T09:23:55.145+0000][203.145s][info][gc,heap        ] GC(1720) Tenured: 19699K(22464K)->19703K(22464K)
[2025-04-17T09:23:55.145+0000][203.145s][info][gc,metaspace   ] GC(1720) Metaspace: 37416K(37760K)->37416K(37760K) NonClass: 32990K(33152K)->32990K(33152K) Class: 4425K(4608K)->4425K(4608K)
[2025-04-17T09:23:55.145+0000][203.145s][info][gc             ] GC(1720) Pause Young (Allocation Failure) 28M->19M(31M) 1.484ms
[2025-04-17T09:23:55.145+0000][203.145s][info][gc,cpu         ] GC(1720) User=0.01s Sys=0.00s Real=0.01s
[2025-04-17T09:23:55.339+0000][203.340s][info][gc,start       ] GC(1721) Pause Young (Allocation Failure)
[2025-04-17T09:23:55.341+0000][203.342s][info][gc,heap        ] GC(1721) DefNew: 9190K(10176K)->143K(10176K) Eden: 9077K(9088K)->0K(9088K) From: 112K(1088K)->143K(1088K)
[2025-04-17T09:23:55.341+0000][203.342s][info][gc,heap        ] GC(1721) Tenured: 19703K(22464K)->19708K(22464K)
[2025-04-17T09:23:55.341+0000][203.342s][info][gc,metaspace   ] GC(1721) Metaspace: 37416K(37760K)->37416K(37760K) NonClass: 32990K(33152K)->32990K(33152K) Class: 4425K(4608K)->4425K(4608K)
[2025-04-17T09:23:55.341+0000][203.342s][info][gc             ] GC(1721) Pause Young (Allocation Failure) 28M->19M(31M) 1.498ms
[2025-04-17T09:23:55.341+0000][203.342s][info][gc,cpu         ] GC(1721) User=0.00s Sys=0.00s Real=0.00s
[2025-04-17T09:23:55.609+0000][203.610s][info][gc,start       ] GC(1722) Pause Young (Allocation Failure)
[2025-04-17T09:23:55.611+0000][203.611s][info][gc,heap        ] GC(1722) DefNew: 9231K(10176K)->115K(10176K) Eden: 9088K(9088K)->0K(9088K) From: 143K(1088K)->115K(1088K)
[2025-04-17T09:23:55.611+0000][203.611s][info][gc,heap        ] GC(1722) Tenured: 19708K(22464K)->19708K(22464K)
[2025-04-17T09:23:55.611+0000][203.611s][info][gc,metaspace   ] GC(1722) Metaspace: 37416K(37760K)->37416K(37760K) NonClass: 32990K(33152K)->32990K(33152K) Class: 4425K(4608K)->4425K(4608K)
[2025-04-17T09:23:55.611+0000][203.611s][info][gc             ] GC(1722) Pause Young (Allocation Failure) 28M->19M(31M) 1.447ms
[2025-04-17T09:23:55.611+0000][203.611s][info][gc,cpu         ] GC(1722) User=0.00s Sys=0.00s Real=0.00s
[2025-04-17T09:23:55.753+0000][203.753s][info][gc,start       ] GC(1723) Pause Young (Allocation Failure)
[2025-04-17T09:23:55.754+0000][203.755s][info][gc,heap        ] GC(1723) DefNew: 9202K(10176K)->98K(10176K) Eden: 9087K(9088K)->0K(9088K) From: 115K(1088K)->98K(1088K)
[2025-04-17T09:23:55.754+0000][203.755s][info][gc,heap        ] GC(1723) Tenured: 19708K(22464K)->19712K(22464K)
[2025-04-17T09:23:55.754+0000][203.755s][info][gc,metaspace   ] GC(1723) Metaspace: 37416K(37760K)->37416K(37760K) NonClass: 32990K(33152K)->32990K(33152K) Class: 4425K(4608K)->4425K(4608K)
[2025-04-17T09:23:55.754+0000][203.755s][info][gc             ] GC(1723) Pause Young (Allocation Failure) 28M->19M(31M) 1.434ms
[2025-04-17T09:23:55.754+0000][203.755s][info][gc,cpu         ] GC(1723) User=0.00s Sys=0.00s Real=0.01s
[2025-04-17T09:23:55.914+0000][203.915s][info][gc,start       ] GC(1724) Pause Young (Allocation Failure)
[2025-04-17T09:23:55.916+0000][203.916s][info][gc,heap        ] GC(1724) DefNew: 9186K(10176K)->99K(10176K) Eden: 9088K(9088K)->0K(9088K) From: 98K(1088K)->99K(1088K)
[2025-04-17T09:23:55.916+0000][203.916s][info][gc,heap        ] GC(1724) Tenured: 19712K(22464K)->19713K(22464K)
[2025-04-17T09:23:55.916+0000][203.916s][info][gc,metaspace   ] GC(1724) Metaspace: 37416K(37760K)->37416K(37760K) NonClass: 32990K(33152K)->32990K(33152K) Class: 4425K(4608K)->4425K(4608K)
[2025-04-17T09:23:55.916+0000][203.916s][info][gc             ] GC(1724) Pause Young (Allocation Failure) 28M->19M(31M) 1.416ms
[2025-04-17T09:23:55.916+0000][203.916s][info][gc,cpu         ] GC(1724) User=0.01s Sys=0.00s Real=0.00s
[2025-04-17T09:23:56.018+0000][204.019s][info][gc,start       ] GC(1725) Pause Young (Allocation Failure)
[2025-04-17T09:23:56.020+0000][204.020s][info][gc,heap        ] GC(1725) DefNew: 9187K(10176K)->115K(10176K) Eden: 9088K(9088K)->0K(9088K) From: 99K(1088K)->115K(1088K)
[2025-04-17T09:23:56.020+0000][204.020s][info][gc,heap        ] GC(1725) Tenured: 19713K(22464K)->19715K(22464K)
[2025-04-17T09:23:56.020+0000][204.020s][info][gc,metaspace   ] GC(1725) Metaspace: 37416K(37760K)->37416K(37760K) NonClass: 32990K(33152K)->32990K(33152K) Class: 4425K(4608K)->4425K(4608K)
[2025-04-17T09:23:56.020+0000][204.020s][info][gc             ] GC(1725) Pause Young (Allocation Failure) 28M->19M(31M) 1.461ms
[2025-04-17T09:23:56.020+0000][204.020s][info][gc,cpu         ] GC(1725) User=0.00s Sys=0.00s Real=0.00s
[2025-04-17T09:23:56.117+0000][204.117s][info][gc,start       ] GC(1726) Pause Young (Allocation Failure)
[2025-04-17T09:23:56.118+0000][204.119s][info][gc,heap        ] GC(1726) DefNew: 9202K(10176K)->114K(10176K) Eden: 9087K(9088K)->0K(9088K) From: 115K(1088K)->114K(1088K)
[2025-04-17T09:23:56.118+0000][204.119s][info][gc,heap        ] GC(1726) Tenured: 19715K(22464K)->19719K(22464K)
[2025-04-17T09:23:56.118+0000][204.119s][info][gc,metaspace   ] GC(1726) Metaspace: 37416K(37760K)->37416K(37760K) NonClass: 32990K(33152K)->32990K(33152K) Class: 4425K(4608K)->4425K(4608K)
[2025-04-17T09:23:56.118+0000][204.119s][info][gc             ] GC(1726) Pause Young (Allocation Failure) 28M->19M(31M) 1.450ms
[2025-04-17T09:23:56.118+0000][204.119s][info][gc,cpu         ] GC(1726) User=0.00s Sys=0.00s Real=0.00s
[2025-04-17T09:23:56.321+0000][204.321s][info][gc,start       ] GC(1727) Pause Young (Allocation Failure)
[2025-04-17T09:23:56.322+0000][204.323s][info][gc,heap        ] GC(1727) DefNew: 9202K(10176K)->116K(10176K) Eden: 9088K(9088K)->0K(9088K) From: 114K(1088K)->116K(1088K)
[2025-04-17T09:23:56.322+0000][204.323s][info][gc,heap        ] GC(1727) Tenured: 19719K(22464K)->19719K(22464K)
[2025-04-17T09:23:56.322+0000][204.323s][info][gc,metaspace   ] GC(1727) Metaspace: 37416K(37760K)->37416K(37760K) NonClass: 32990K(33152K)->32990K(33152K) Class: 4425K(4608K)->4425K(4608K)
[2025-04-17T09:23:56.322+0000][204.323s][info][gc             ] GC(1727) Pause Young (Allocation Failure) 28M->19M(31M) 1.440ms
[2025-04-17T09:23:56.322+0000][204.323s][info][gc,cpu         ] GC(1727) User=0.00s Sys=0.00s Real=0.00s
[2025-04-17T09:23:56.424+0000][204.424s][info][gc,start       ] GC(1728) Pause Young (Allocation Failure)
[2025-04-17T09:23:56.425+0000][204.426s][info][gc,heap        ] GC(1728) DefNew: 9204K(10176K)->109K(10176K) Eden: 9088K(9088K)->0K(9088K) From: 116K(1088K)->109K(1088K)
[2025-04-17T09:23:56.425+0000][204.426s][info][gc,heap        ] GC(1728) Tenured: 19719K(22464K)->19720K(22464K)
[2025-04-17T09:23:56.425+0000][204.426s][info][gc,metaspace   ] GC(1728) Metaspace: 37416K(37760K)->37416K(37760K) NonClass: 32990K(33152K)->32990K(33152K) Class: 4425K(4608K)->4425K(4608K)
[2025-04-17T09:23:56.425+0000][204.426s][info][gc             ] GC(1728) Pause Young (Allocation Failure) 28M->19M(31M) 1.542ms
[2025-04-17T09:23:56.425+0000][204.426s][info][gc,cpu         ] GC(1728) User=0.00s Sys=0.00s Real=0.01s
[2025-04-17T09:23:56.630+0000][204.630s][info][gc,start       ] GC(1729) Pause Young (Allocation Failure)
[2025-04-17T09:23:56.631+0000][204.632s][info][gc,heap        ] GC(1729) DefNew: 9191K(10176K)->125K(10176K) Eden: 9082K(9088K)->0K(9088K) From: 109K(1088K)->125K(1088K)
[2025-04-17T09:23:56.631+0000][204.632s][info][gc,heap        ] GC(1729) Tenured: 19720K(22464K)->19722K(22464K)
[2025-04-17T09:23:56.631+0000][204.632s][info][gc,metaspace   ] GC(1729) Metaspace: 37416K(37760K)->37416K(37760K) NonClass: 32990K(33152K)->32990K(33152K) Class: 4425K(4608K)->4425K(4608K)
[2025-04-17T09:23:56.631+0000][204.632s][info][gc             ] GC(1729) Pause Young (Allocation Failure) 28M->19M(31M) 1.466ms
[2025-04-17T09:23:56.631+0000][204.632s][info][gc,cpu         ] GC(1729) User=0.00s Sys=0.00s Real=0.00s
[2025-04-17T09:23:56.713+0000][204.713s][info][gc,start       ] GC(1730) Pause Young (Allocation Failure)
[2025-04-17T09:23:56.714+0000][204.715s][info][gc,heap        ] GC(1730) DefNew: 9213K(10176K)->100K(10176K) Eden: 9087K(9088K)->0K(9088K) From: 125K(1088K)->100K(1088K)
[2025-04-17T09:23:56.714+0000][204.715s][info][gc,heap        ] GC(1730) Tenured: 19722K(22464K)->19730K(22464K)
[2025-04-17T09:23:56.714+0000][204.715s][info][gc,metaspace   ] GC(1730) Metaspace: 37416K(37760K)->37416K(37760K) NonClass: 32990K(33152K)->32990K(33152K) Class: 4425K(4608K)->4425K(4608K)
[2025-04-17T09:23:56.714+0000][204.715s][info][gc             ] GC(1730) Pause Young (Allocation Failure) 28M->19M(31M) 1.425ms
[2025-04-17T09:23:56.714+0000][204.715s][info][gc,cpu         ] GC(1730) User=0.00s Sys=0.00s Real=0.00s
[2025-04-17T09:23:56.834+0000][204.835s][info][gc,start       ] GC(1731) Pause Young (Allocation Failure)
[2025-04-17T09:23:56.836+0000][204.836s][info][gc,heap        ] GC(1731) DefNew: 9188K(10176K)->116K(10176K) Eden: 9087K(9088K)->0K(9088K) From: 100K(1088K)->116K(1088K)
[2025-04-17T09:23:56.836+0000][204.836s][info][gc,heap        ] GC(1731) Tenured: 19730K(22464K)->19731K(22464K)
[2025-04-17T09:23:56.836+0000][204.836s][info][gc,metaspace   ] GC(1731) Metaspace: 37416K(37760K)->37416K(37760K) NonClass: 32990K(33152K)->32990K(33152K) Class: 4425K(4608K)->4425K(4608K)
[2025-04-17T09:23:56.836+0000][204.836s][info][gc             ] GC(1731) Pause Young (Allocation Failure) 28M->19M(31M) 1.424ms
[2025-04-17T09:23:56.836+0000][204.836s][info][gc,cpu         ] GC(1731) User=0.00s Sys=0.00s Real=0.00s
[2025-04-17T09:23:56.904+0000][204.905s][info][gc,start       ] GC(1732) Pause Young (Allocation Failure)
[2025-04-17T09:23:56.905+0000][204.906s][info][gc,heap        ] GC(1732) DefNew: 9204K(10176K)->97K(10176K) Eden: 9087K(9088K)->0K(9088K) From: 116K(1088K)->97K(1088K)
[2025-04-17T09:23:56.906+0000][204.906s][info][gc,heap        ] GC(1732) Tenured: 19731K(22464K)->19733K(22464K)
[2025-04-17T09:23:56.906+0000][204.906s][info][gc,metaspace   ] GC(1732) Metaspace: 37416K(37760K)->37416K(37760K) NonClass: 32990K(33152K)->32990K(33152K) Class: 4425K(4608K)->4425K(4608K)
[2025-04-17T09:23:56.906+0000][204.906s][info][gc             ] GC(1732) Pause Young (Allocation Failure) 28M->19M(31M) 1.385ms
[2025-04-17T09:23:56.906+0000][204.906s][info][gc,cpu         ] GC(1732) User=0.00s Sys=0.00s Real=0.00s
[2025-04-17T09:23:57.102+0000][205.102s][info][gc,start       ] GC(1733) Pause Young (Allocation Failure)
[2025-04-17T09:23:57.103+0000][205.104s][info][gc,heap        ] GC(1733) DefNew: 9185K(10176K)->113K(10176K) Eden: 9088K(9088K)->0K(9088K) From: 97K(1088K)->113K(1088K)
[2025-04-17T09:23:57.103+0000][205.104s][info][gc,heap        ] GC(1733) Tenured: 19733K(22464K)->19734K(22464K)
[2025-04-17T09:23:57.103+0000][205.104s][info][gc,metaspace   ] GC(1733) Metaspace: 37419K(37760K)->37419K(37760K) NonClass: 32993K(33152K)->32993K(33152K) Class: 4425K(4608K)->4425K(4608K)
[2025-04-17T09:23:57.103+0000][205.104s][info][gc             ] GC(1733) Pause Young (Allocation Failure) 28M->19M(31M) 1.481ms
[2025-04-17T09:23:57.103+0000][205.104s][info][gc,cpu         ] GC(1733) User=0.01s Sys=0.00s Real=0.00s
[2025-04-17T09:23:57.268+0000][205.269s][info][gc,start       ] GC(1734) Pause Young (Allocation Failure)
[2025-04-17T09:23:57.270+0000][205.270s][info][gc,heap        ] GC(1734) DefNew: 9191K(10176K)->118K(10176K) Eden: 9077K(9088K)->0K(9088K) From: 113K(1088K)->118K(1088K)
[2025-04-17T09:23:57.270+0000][205.270s][info][gc,heap        ] GC(1734) Tenured: 19734K(22464K)->19734K(22464K)
[2025-04-17T09:23:57.270+0000][205.270s][info][gc,metaspace   ] GC(1734) Metaspace: 37419K(37760K)->37419K(37760K) NonClass: 32993K(33152K)->32993K(33152K) Class: 4425K(4608K)->4425K(4608K)
[2025-04-17T09:23:57.270+0000][205.270s][info][gc             ] GC(1734) Pause Young (Allocation Failure) 28M->19M(31M) 1.388ms
[2025-04-17T09:23:57.270+0000][205.270s][info][gc,cpu         ] GC(1734) User=0.00s Sys=0.00s Real=0.00s
[2025-04-17T09:23:57.401+0000][205.402s][info][gc,start       ] GC(1735) Pause Young (Allocation Failure)
[2025-04-17T09:23:57.403+0000][205.403s][info][gc,heap        ] GC(1735) DefNew: 9206K(10176K)->98K(10176K) Eden: 9088K(9088K)->0K(9088K) From: 118K(1088K)->98K(1088K)
[2025-04-17T09:23:57.403+0000][205.403s][info][gc,heap        ] GC(1735) Tenured: 19734K(22464K)->19734K(22464K)
[2025-04-17T09:23:57.403+0000][205.403s][info][gc,metaspace   ] GC(1735) Metaspace: 37419K(37760K)->37419K(37760K) NonClass: 32993K(33152K)->32993K(33152K) Class: 4425K(4608K)->4425K(4608K)
[2025-04-17T09:23:57.403+0000][205.403s][info][gc             ] GC(1735) Pause Young (Allocation Failure) 28M->19M(31M) 1.397ms
[2025-04-17T09:23:57.403+0000][205.403s][info][gc,cpu         ] GC(1735) User=0.00s Sys=0.00s Real=0.00s
[2025-04-17T09:23:57.530+0000][205.531s][info][gc,start       ] GC(1736) Pause Young (Allocation Failure)
[2025-04-17T09:23:57.532+0000][205.532s][info][gc,heap        ] GC(1736) DefNew: 9186K(10176K)->119K(10176K) Eden: 9088K(9088K)->0K(9088K) From: 98K(1088K)->119K(1088K)
[2025-04-17T09:23:57.532+0000][205.532s][info][gc,heap        ] GC(1736) Tenured: 19734K(22464K)->19734K(22464K)
[2025-04-17T09:23:57.532+0000][205.532s][info][gc,metaspace   ] GC(1736) Metaspace: 37419K(37760K)->37419K(37760K) NonClass: 32993K(33152K)->32993K(33152K) Class: 4425K(4608K)->4425K(4608K)
[2025-04-17T09:23:57.532+0000][205.532s][info][gc             ] GC(1736) Pause Young (Allocation Failure) 28M->19M(31M) 1.417ms
[2025-04-17T09:23:57.532+0000][205.532s][info][gc,cpu         ] GC(1736) User=0.00s Sys=0.00s Real=0.00s
[2025-04-17T09:23:57.604+0000][205.605s][info][gc,start       ] GC(1737) Pause Young (Allocation Failure)
[2025-04-17T09:23:57.606+0000][205.606s][info][gc,heap        ] GC(1737) DefNew: 9207K(10176K)->99K(10176K) Eden: 9088K(9088K)->0K(9088K) From: 119K(1088K)->99K(1088K)
[2025-04-17T09:23:57.606+0000][205.606s][info][gc,heap        ] GC(1737) Tenured: 19734K(22464K)->19736K(22464K)
[2025-04-17T09:23:57.606+0000][205.607s][info][gc,metaspace   ] GC(1737) Metaspace: 37419K(37760K)->37419K(37760K) NonClass: 32993K(33152K)->32993K(33152K) Class: 4425K(4608K)->4425K(4608K)
[2025-04-17T09:23:57.606+0000][205.607s][info][gc             ] GC(1737) Pause Young (Allocation Failure) 28M->19M(31M) 1.424ms
[2025-04-17T09:23:57.606+0000][205.607s][info][gc,cpu         ] GC(1737) User=0.00s Sys=0.00s Real=0.00s
[2025-04-17T09:23:57.749+0000][205.750s][info][gc,start       ] GC(1738) Pause Young (Allocation Failure)
[2025-04-17T09:23:57.750+0000][205.751s][info][gc,heap        ] GC(1738) DefNew: 9187K(10176K)->108K(10176K) Eden: 9087K(9088K)->0K(9088K) From: 99K(1088K)->108K(1088K)
[2025-04-17T09:23:57.750+0000][205.751s][info][gc,heap        ] GC(1738) Tenured: 19736K(22464K)->19736K(22464K)
[2025-04-17T09:23:57.750+0000][205.751s][info][gc,metaspace   ] GC(1738) Metaspace: 37423K(37760K)->37423K(37760K) NonClass: 32997K(33152K)->32997K(33152K) Class: 4425K(4608K)->4425K(4608K)
[2025-04-17T09:23:57.750+0000][205.751s][info][gc             ] GC(1738) Pause Young (Allocation Failure) 28M->19M(31M) 1.387ms
[2025-04-17T09:23:57.750+0000][205.751s][info][gc,cpu         ] GC(1738) User=0.00s Sys=0.00s Real=0.00s
[2025-04-17T09:23:57.814+0000][205.815s][info][gc,start       ] GC(1739) Pause Young (Allocation Failure)
[2025-04-17T09:23:57.816+0000][205.817s][info][gc,heap        ] GC(1739) DefNew: 9196K(10176K)->111K(10176K) Eden: 9087K(9088K)->0K(9088K) From: 108K(1088K)->111K(1088K)
[2025-04-17T09:23:57.816+0000][205.817s][info][gc,heap        ] GC(1739) Tenured: 19736K(22464K)->19737K(22464K)
[2025-04-17T09:23:57.816+0000][205.817s][info][gc,metaspace   ] GC(1739) Metaspace: 37423K(37760K)->37423K(37760K) NonClass: 32997K(33152K)->32997K(33152K) Class: 4425K(4608K)->4425K(4608K)
[2025-04-17T09:23:57.816+0000][205.817s][info][gc             ] GC(1739) Pause Young (Allocation Failure) 28M->19M(31M) 1.470ms
[2025-04-17T09:23:57.816+0000][205.817s][info][gc,cpu         ] GC(1739) User=0.00s Sys=0.00s Real=0.00s
[2025-04-17T09:23:57.894+0000][205.895s][info][gc,start       ] GC(1740) Pause Young (Allocation Failure)
[2025-04-17T09:23:57.896+0000][205.896s][info][gc,heap        ] GC(1740) DefNew: 9195K(10176K)->101K(10176K) Eden: 9083K(9088K)->0K(9088K) From: 111K(1088K)->101K(1088K)
[2025-04-17T09:23:57.896+0000][205.896s][info][gc,heap        ] GC(1740) Tenured: 19737K(22464K)->19738K(22464K)
[2025-04-17T09:23:57.896+0000][205.896s][info][gc,metaspace   ] GC(1740) Metaspace: 37423K(37760K)->37423K(37760K) NonClass: 32997K(33152K)->32997K(33152K) Class: 4425K(4608K)->4425K(4608K)
[2025-04-17T09:23:57.896+0000][205.896s][info][gc             ] GC(1740) Pause Young (Allocation Failure) 28M->19M(31M) 1.310ms
[2025-04-17T09:23:57.896+0000][205.896s][info][gc,cpu         ] GC(1740) User=0.01s Sys=0.00s Real=0.00s
[2025-04-17T09:23:57.985+0000][205.986s][info][gc,start       ] GC(1741) Pause Young (Allocation Failure)
[2025-04-17T09:23:57.986+0000][205.987s][info][gc,heap        ] GC(1741) DefNew: 9189K(10176K)->110K(10176K) Eden: 9087K(9088K)->0K(9088K) From: 101K(1088K)->110K(1088K)
[2025-04-17T09:23:57.986+0000][205.987s][info][gc,heap        ] GC(1741) Tenured: 19738K(22464K)->19740K(22464K)
[2025-04-17T09:23:57.986+0000][205.987s][info][gc,metaspace   ] GC(1741) Metaspace: 37423K(37760K)->37423K(37760K) NonClass: 32997K(33152K)->32997K(33152K) Class: 4425K(4608K)->4425K(4608K)
[2025-04-17T09:23:57.986+0000][205.987s][info][gc             ] GC(1741) Pause Young (Allocation Failure) 28M->19M(31M) 1.493ms
[2025-04-17T09:23:57.986+0000][205.987s][info][gc,cpu         ] GC(1741) User=0.00s Sys=0.00s Real=0.00s
[2025-04-17T09:23:58.077+0000][206.077s][info][gc,start       ] GC(1742) Pause Young (Allocation Failure)
[2025-04-17T09:23:58.078+0000][206.079s][info][gc,heap        ] GC(1742) DefNew: 9198K(10176K)->116K(10176K) Eden: 9088K(9088K)->0K(9088K) From: 110K(1088K)->116K(1088K)
[2025-04-17T09:23:58.078+0000][206.079s][info][gc,heap        ] GC(1742) Tenured: 19740K(22464K)->19741K(22464K)
[2025-04-17T09:23:58.078+0000][206.079s][info][gc,metaspace   ] GC(1742) Metaspace: 37423K(37760K)->37423K(37760K) NonClass: 32997K(33152K)->32997K(33152K) Class: 4425K(4608K)->4425K(4608K)
[2025-04-17T09:23:58.078+0000][206.079s][info][gc             ] GC(1742) Pause Young (Allocation Failure) 28M->19M(31M) 1.345ms
[2025-04-17T09:23:58.078+0000][206.079s][info][gc,cpu         ] GC(1742) User=0.00s Sys=0.00s Real=0.00s
[2025-04-17T09:23:58.174+0000][206.175s][info][gc,start       ] GC(1743) Pause Young (Allocation Failure)
[2025-04-17T09:23:58.176+0000][206.176s][info][gc,heap        ] GC(1743) DefNew: 9191K(10176K)->103K(10176K) Eden: 9075K(9088K)->0K(9088K) From: 116K(1088K)->103K(1088K)
[2025-04-17T09:23:58.176+0000][206.176s][info][gc,heap        ] GC(1743) Tenured: 19741K(22464K)->19743K(22464K)
[2025-04-17T09:23:58.176+0000][206.176s][info][gc,metaspace   ] GC(1743) Metaspace: 37423K(37760K)->37423K(37760K) NonClass: 32997K(33152K)->32997K(33152K) Class: 4425K(4608K)->4425K(4608K)
[2025-04-17T09:23:58.176+0000][206.176s][info][gc             ] GC(1743) Pause Young (Allocation Failure) 28M->19M(31M) 1.481ms
[2025-04-17T09:23:58.176+0000][206.176s][info][gc,cpu         ] GC(1743) User=0.00s Sys=0.01s Real=0.00s
[2025-04-17T09:23:58.263+0000][206.264s][info][gc,start       ] GC(1744) Pause Young (Allocation Failure)
[2025-04-17T09:23:58.264+0000][206.265s][info][gc,heap        ] GC(1744) DefNew: 9191K(10176K)->114K(10176K) Eden: 9088K(9088K)->0K(9088K) From: 103K(1088K)->114K(1088K)
[2025-04-17T09:23:58.264+0000][206.265s][info][gc,heap        ] GC(1744) Tenured: 19743K(22464K)->19746K(22464K)
[2025-04-17T09:23:58.264+0000][206.265s][info][gc,metaspace   ] GC(1744) Metaspace: 37423K(37760K)->37423K(37760K) NonClass: 32997K(33152K)->32997K(33152K) Class: 4425K(4608K)->4425K(4608K)
[2025-04-17T09:23:58.264+0000][206.265s][info][gc             ] GC(1744) Pause Young (Allocation Failure) 28M->19M(31M) 1.386ms
[2025-04-17T09:23:58.264+0000][206.265s][info][gc,cpu         ] GC(1744) User=0.00s Sys=0.00s Real=0.01s
[2025-04-17T09:23:58.424+0000][206.424s][info][gc,start       ] GC(1745) Pause Young (Allocation Failure)
[2025-04-17T09:23:58.425+0000][206.426s][info][gc,heap        ] GC(1745) DefNew: 9199K(10176K)->93K(10176K) Eden: 9085K(9088K)->0K(9088K) From: 114K(1088K)->93K(1088K)
[2025-04-17T09:23:58.425+0000][206.426s][info][gc,heap        ] GC(1745) Tenured: 19746K(22464K)->19757K(22464K)
[2025-04-17T09:23:58.425+0000][206.426s][info][gc,metaspace   ] GC(1745) Metaspace: 37423K(37760K)->37423K(37760K) NonClass: 32997K(33152K)->32997K(33152K) Class: 4425K(4608K)->4425K(4608K)
[2025-04-17T09:23:58.425+0000][206.426s][info][gc             ] GC(1745) Pause Young (Allocation Failure) 28M->19M(31M) 1.648ms
[2025-04-17T09:23:58.425+0000][206.426s][info][gc,cpu         ] GC(1745) User=0.00s Sys=0.00s Real=0.01s
[2025-04-17T09:23:58.559+0000][206.559s][info][gc,start       ] GC(1746) Pause Young (Allocation Failure)
[2025-04-17T09:23:58.560+0000][206.561s][info][gc,heap        ] GC(1746) DefNew: 9179K(10176K)->89K(10176K) Eden: 9086K(9088K)->0K(9088K) From: 93K(1088K)->89K(1088K)
[2025-04-17T09:23:58.560+0000][206.561s][info][gc,heap        ] GC(1746) Tenured: 19757K(22464K)->19757K(22464K)
[2025-04-17T09:23:58.560+0000][206.561s][info][gc,metaspace   ] GC(1746) Metaspace: 37424K(37760K)->37424K(37760K) NonClass: 32998K(33152K)->32998K(33152K) Class: 4425K(4608K)->4425K(4608K)
[2025-04-17T09:23:58.560+0000][206.561s][info][gc             ] GC(1746) Pause Young (Allocation Failure) 28M->19M(31M) 1.420ms
[2025-04-17T09:23:58.560+0000][206.561s][info][gc,cpu         ] GC(1746) User=0.00s Sys=0.00s Real=0.00s
[2025-04-17T09:23:58.675+0000][206.675s][info][gc,start       ] GC(1747) Pause Young (Allocation Failure)
[2025-04-17T09:23:58.676+0000][206.677s][info][gc,heap        ] GC(1747) DefNew: 9177K(10176K)->91K(10176K) Eden: 9087K(9088K)->0K(9088K) From: 89K(1088K)->91K(1088K)
[2025-04-17T09:23:58.676+0000][206.677s][info][gc,heap        ] GC(1747) Tenured: 19757K(22464K)->19757K(22464K)
[2025-04-17T09:23:58.676+0000][206.677s][info][gc,metaspace   ] GC(1747) Metaspace: 37424K(37760K)->37424K(37760K) NonClass: 32998K(33152K)->32998K(33152K) Class: 4425K(4608K)->4425K(4608K)
[2025-04-17T09:23:58.676+0000][206.677s][info][gc             ] GC(1747) Pause Young (Allocation Failure) 28M->19M(31M) 1.556ms
[2025-04-17T09:23:58.676+0000][206.677s][info][gc,cpu         ] GC(1747) User=0.00s Sys=0.00s Real=0.00s
[2025-04-17T09:23:58.744+0000][206.744s][info][gc,start       ] GC(1748) Pause Young (Allocation Failure)
[2025-04-17T09:23:58.745+0000][206.746s][info][gc,heap        ] GC(1748) DefNew: 9175K(10176K)->109K(10176K) Eden: 9083K(9088K)->0K(9088K) From: 91K(1088K)->109K(1088K)
[2025-04-17T09:23:58.745+0000][206.746s][info][gc,heap        ] GC(1748) Tenured: 19757K(22464K)->19759K(22464K)
[2025-04-17T09:23:58.745+0000][206.746s][info][gc,metaspace   ] GC(1748) Metaspace: 37424K(37760K)->37424K(37760K) NonClass: 32998K(33152K)->32998K(33152K) Class: 4425K(4608K)->4425K(4608K)
[2025-04-17T09:23:58.745+0000][206.746s][info][gc             ] GC(1748) Pause Young (Allocation Failure) 28M->19M(31M) 1.315ms
[2025-04-17T09:23:58.745+0000][206.746s][info][gc,cpu         ] GC(1748) User=0.01s Sys=0.00s Real=0.01s
[2025-04-17T09:23:58.816+0000][206.816s][info][gc,start       ] GC(1749) Pause Young (Allocation Failure)
[2025-04-17T09:23:58.817+0000][206.818s][info][gc,heap        ] GC(1749) DefNew: 9197K(10176K)->87K(10176K) Eden: 9087K(9088K)->0K(9088K) From: 109K(1088K)->87K(1088K)
[2025-04-17T09:23:58.817+0000][206.818s][info][gc,heap        ] GC(1749) Tenured: 19759K(22464K)->19761K(22464K)
[2025-04-17T09:23:58.817+0000][206.818s][info][gc,metaspace   ] GC(1749) Metaspace: 37424K(37760K)->37424K(37760K) NonClass: 32998K(33152K)->32998K(33152K) Class: 4425K(4608K)->4425K(4608K)
[2025-04-17T09:23:58.817+0000][206.818s][info][gc             ] GC(1749) Pause Young (Allocation Failure) 28M->19M(31M) 1.361ms
[2025-04-17T09:23:58.817+0000][206.818s][info][gc,cpu         ] GC(1749) User=0.00s Sys=0.00s Real=0.00s
[2025-04-17T09:23:58.905+0000][206.905s][info][gc,start       ] GC(1750) Pause Young (Allocation Failure)
[2025-04-17T09:23:58.906+0000][206.906s][info][gc,heap        ] GC(1750) DefNew: 9175K(10176K)->87K(10176K) Eden: 9088K(9088K)->0K(9088K) From: 87K(1088K)->87K(1088K)
[2025-04-17T09:23:58.906+0000][206.906s][info][gc,heap        ] GC(1750) Tenured: 19761K(22464K)->19761K(22464K)
[2025-04-17T09:23:58.906+0000][206.906s][info][gc,metaspace   ] GC(1750) Metaspace: 37425K(37760K)->37425K(37760K) NonClass: 32999K(33152K)->32999K(33152K) Class: 4425K(4608K)->4425K(4608K)
[2025-04-17T09:23:58.906+0000][206.907s][info][gc             ] GC(1750) Pause Young (Allocation Failure) 28M->19M(31M) 1.363ms
[2025-04-17T09:23:58.906+0000][206.907s][info][gc,cpu         ] GC(1750) User=0.00s Sys=0.00s Real=0.00s
[2025-04-17T09:23:59.171+0000][207.171s][info][gc,start       ] GC(1751) Pause Young (Allocation Failure)
[2025-04-17T09:23:59.172+0000][207.173s][info][gc,heap        ] GC(1751) DefNew: 9174K(10176K)->91K(10176K) Eden: 9087K(9088K)->0K(9088K) From: 87K(1088K)->91K(1088K)
[2025-04-17T09:23:59.172+0000][207.173s][info][gc,heap        ] GC(1751) Tenured: 19761K(22464K)->19761K(22464K)
[2025-04-17T09:23:59.172+0000][207.173s][info][gc,metaspace   ] GC(1751) Metaspace: 37425K(37760K)->37425K(37760K) NonClass: 32999K(33152K)->32999K(33152K) Class: 4425K(4608K)->4425K(4608K)
[2025-04-17T09:23:59.172+0000][207.173s][info][gc             ] GC(1751) Pause Young (Allocation Failure) 28M->19M(31M) 1.497ms
[2025-04-17T09:23:59.172+0000][207.173s][info][gc,cpu         ] GC(1751) User=0.00s Sys=0.00s Real=0.00s
[2025-04-17T09:23:59.280+0000][207.281s][info][gc,start       ] GC(1752) Pause Young (Allocation Failure)
[2025-04-17T09:23:59.282+0000][207.282s][info][gc,heap        ] GC(1752) DefNew: 9179K(10176K)->100K(10176K) Eden: 9087K(9088K)->0K(9088K) From: 91K(1088K)->100K(1088K)
[2025-04-17T09:23:59.282+0000][207.282s][info][gc,heap        ] GC(1752) Tenured: 19761K(22464K)->19764K(22464K)
[2025-04-17T09:23:59.282+0000][207.282s][info][gc,metaspace   ] GC(1752) Metaspace: 37425K(37760K)->37425K(37760K) NonClass: 32999K(33152K)->32999K(33152K) Class: 4425K(4608K)->4425K(4608K)
[2025-04-17T09:23:59.282+0000][207.282s][info][gc             ] GC(1752) Pause Young (Allocation Failure) 28M->19M(31M) 1.511ms
[2025-04-17T09:23:59.282+0000][207.282s][info][gc,cpu         ] GC(1752) User=0.00s Sys=0.00s Real=0.00s
[2025-04-17T09:23:59.461+0000][207.461s][info][gc,start       ] GC(1753) Pause Young (Allocation Failure)
[2025-04-17T09:23:59.462+0000][207.463s][info][gc,heap        ] GC(1753) DefNew: 9188K(10176K)->121K(10176K) Eden: 9088K(9088K)->0K(9088K) From: 100K(1088K)->121K(1088K)
[2025-04-17T09:23:59.462+0000][207.463s][info][gc,heap        ] GC(1753) Tenured: 19764K(22464K)->19765K(22464K)
[2025-04-17T09:23:59.462+0000][207.463s][info][gc,metaspace   ] GC(1753) Metaspace: 37425K(37760K)->37425K(37760K) NonClass: 32999K(33152K)->32999K(33152K) Class: 4425K(4608K)->4425K(4608K)
[2025-04-17T09:23:59.462+0000][207.463s][info][gc             ] GC(1753) Pause Young (Allocation Failure) 28M->19M(31M) 1.642ms
[2025-04-17T09:23:59.462+0000][207.463s][info][gc,cpu         ] GC(1753) User=0.00s Sys=0.00s Real=0.00s
[2025-04-17T09:23:59.734+0000][207.735s][info][gc,start       ] GC(1754) Pause Young (Allocation Failure)
[2025-04-17T09:23:59.736+0000][207.736s][info][gc,heap        ] GC(1754) DefNew: 9207K(10176K)->90K(10176K) Eden: 9086K(9088K)->0K(9088K) From: 121K(1088K)->90K(1088K)
[2025-04-17T09:23:59.736+0000][207.736s][info][gc,heap        ] GC(1754) Tenured: 19765K(22464K)->19766K(22464K)
[2025-04-17T09:23:59.736+0000][207.736s][info][gc,metaspace   ] GC(1754) Metaspace: 37425K(37760K)->37425K(37760K) NonClass: 32999K(33152K)->32999K(33152K) Class: 4425K(4608K)->4425K(4608K)
[2025-04-17T09:23:59.736+0000][207.736s][info][gc             ] GC(1754) Pause Young (Allocation Failure) 28M->19M(31M) 1.385ms
[2025-04-17T09:23:59.736+0000][207.736s][info][gc,cpu         ] GC(1754) User=0.00s Sys=0.00s Real=0.00s
[2025-04-17T09:23:59.825+0000][207.825s][info][gc,start       ] GC(1755) Pause Young (Allocation Failure)
[2025-04-17T09:23:59.826+0000][207.827s][info][gc,heap        ] GC(1755) DefNew: 9178K(10176K)->104K(10176K) Eden: 9088K(9088K)->0K(9088K) From: 90K(1088K)->104K(1088K)
[2025-04-17T09:23:59.826+0000][207.827s][info][gc,heap        ] GC(1755) Tenured: 19766K(22464K)->19766K(22464K)
[2025-04-17T09:23:59.826+0000][207.827s][info][gc,metaspace   ] GC(1755) Metaspace: 37425K(37760K)->37425K(37760K) NonClass: 32999K(33152K)->32999K(33152K) Class: 4425K(4608K)->4425K(4608K)
[2025-04-17T09:23:59.826+0000][207.827s][info][gc             ] GC(1755) Pause Young (Allocation Failure) 28M->19M(31M) 1.398ms
[2025-04-17T09:23:59.826+0000][207.827s][info][gc,cpu         ] GC(1755) User=0.00s Sys=0.00s Real=0.00s
[2025-04-17T09:23:59.975+0000][207.976s][info][gc,start       ] GC(1756) Pause Young (Allocation Failure)
[2025-04-17T09:23:59.977+0000][207.977s][info][gc,heap        ] GC(1756) DefNew: 9191K(10176K)->90K(10176K) Eden: 9087K(9088K)->0K(9088K) From: 104K(1088K)->90K(1088K)
[2025-04-17T09:23:59.977+0000][207.977s][info][gc,heap        ] GC(1756) Tenured: 19766K(22464K)->19766K(22464K)
[2025-04-17T09:23:59.977+0000][207.977s][info][gc,metaspace   ] GC(1756) Metaspace: 37425K(37760K)->37425K(37760K) NonClass: 32999K(33152K)->32999K(33152K) Class: 4425K(4608K)->4425K(4608K)
[2025-04-17T09:23:59.977+0000][207.977s][info][gc             ] GC(1756) Pause Young (Allocation Failure) 28M->19M(31M) 1.455ms
[2025-04-17T09:23:59.977+0000][207.977s][info][gc,cpu         ] GC(1756) User=0.00s Sys=0.00s Real=0.00s
[2025-04-17T09:24:00.093+0000][208.093s][info][gc,start       ] GC(1757) Pause Young (Allocation Failure)
[2025-04-17T09:24:00.094+0000][208.095s][info][gc,heap        ] GC(1757) DefNew: 9178K(10176K)->85K(10176K) Eden: 9088K(9088K)->0K(9088K) From: 90K(1088K)->85K(1088K)
[2025-04-17T09:24:00.094+0000][208.095s][info][gc,heap        ] GC(1757) Tenured: 19766K(22464K)->19771K(22464K)
[2025-04-17T09:24:00.094+0000][208.095s][info][gc,metaspace   ] GC(1757) Metaspace: 37425K(37760K)->37425K(37760K) NonClass: 32999K(33152K)->32999K(33152K) Class: 4425K(4608K)->4425K(4608K)
[2025-04-17T09:24:00.094+0000][208.095s][info][gc             ] GC(1757) Pause Young (Allocation Failure) 28M->19M(31M) 1.474ms
[2025-04-17T09:24:00.094+0000][208.095s][info][gc,cpu         ] GC(1757) User=0.00s Sys=0.00s Real=0.01s
[2025-04-17T09:24:00.226+0000][208.226s][info][gc,start       ] GC(1758) Pause Young (Allocation Failure)
[2025-04-17T09:24:00.227+0000][208.228s][info][gc,heap        ] GC(1758) DefNew: 9173K(10176K)->100K(10176K) Eden: 9088K(9088K)->0K(9088K) From: 85K(1088K)->100K(1088K)
[2025-04-17T09:24:00.227+0000][208.228s][info][gc,heap        ] GC(1758) Tenured: 19771K(22464K)->19771K(22464K)
[2025-04-17T09:24:00.227+0000][208.228s][info][gc,metaspace   ] GC(1758) Metaspace: 37425K(37760K)->37425K(37760K) NonClass: 32999K(33152K)->32999K(33152K) Class: 4425K(4608K)->4425K(4608K)
[2025-04-17T09:24:00.227+0000][208.228s][info][gc             ] GC(1758) Pause Young (Allocation Failure) 28M->19M(31M) 1.420ms
[2025-04-17T09:24:00.227+0000][208.228s][info][gc,cpu         ] GC(1758) User=0.01s Sys=0.00s Real=0.00s
[2025-04-17T09:24:00.323+0000][208.324s][info][gc,start       ] GC(1759) Pause Young (Allocation Failure)
[2025-04-17T09:24:00.325+0000][208.325s][info][gc,heap        ] GC(1759) DefNew: 9188K(10176K)->136K(10176K) Eden: 9087K(9088K)->0K(9088K) From: 100K(1088K)->136K(1088K)
[2025-04-17T09:24:00.325+0000][208.325s][info][gc,heap        ] GC(1759) Tenured: 19771K(22464K)->19773K(22464K)
[2025-04-17T09:24:00.325+0000][208.325s][info][gc,metaspace   ] GC(1759) Metaspace: 37425K(37760K)->37425K(37760K) NonClass: 32999K(33152K)->32999K(33152K) Class: 4425K(4608K)->4425K(4608K)
[2025-04-17T09:24:00.325+0000][208.325s][info][gc             ] GC(1759) Pause Young (Allocation Failure) 28M->19M(31M) 1.534ms
[2025-04-17T09:24:00.325+0000][208.326s][info][gc,cpu         ] GC(1759) User=0.00s Sys=0.00s Real=0.01s
[2025-04-17T09:24:00.388+0000][208.389s][info][gc,start       ] GC(1760) Pause Young (Allocation Failure)
[2025-04-17T09:24:00.389+0000][208.390s][info][gc,heap        ] GC(1760) DefNew: 9218K(10176K)->75K(10176K) Eden: 9081K(9088K)->0K(9088K) From: 136K(1088K)->75K(1088K)
[2025-04-17T09:24:00.389+0000][208.390s][info][gc,heap        ] GC(1760) Tenured: 19773K(22464K)->19774K(22464K)
[2025-04-17T09:24:00.389+0000][208.390s][info][gc,metaspace   ] GC(1760) Metaspace: 37425K(37760K)->37425K(37760K) NonClass: 32999K(33152K)->32999K(33152K) Class: 4425K(4608K)->4425K(4608K)
[2025-04-17T09:24:00.389+0000][208.390s][info][gc             ] GC(1760) Pause Young (Allocation Failure) 28M->19M(31M) 1.339ms
[2025-04-17T09:24:00.389+0000][208.390s][info][gc,cpu         ] GC(1760) User=0.00s Sys=0.00s Real=0.00s
[2025-04-17T09:24:00.530+0000][208.531s][info][gc,start       ] GC(1761) Pause Young (Allocation Failure)
[2025-04-17T09:24:00.532+0000][208.532s][info][gc,heap        ] GC(1761) DefNew: 9163K(10176K)->122K(10176K) Eden: 9088K(9088K)->0K(9088K) From: 75K(1088K)->122K(1088K)
[2025-04-17T09:24:00.532+0000][208.532s][info][gc,heap        ] GC(1761) Tenured: 19774K(22464K)->19776K(22464K)
[2025-04-17T09:24:00.532+0000][208.532s][info][gc,metaspace   ] GC(1761) Metaspace: 37430K(37760K)->37430K(37760K) NonClass: 33005K(33152K)->33005K(33152K) Class: 4425K(4608K)->4425K(4608K)
[2025-04-17T09:24:00.532+0000][208.532s][info][gc             ] GC(1761) Pause Young (Allocation Failure) 28M->19M(31M) 1.498ms
[2025-04-17T09:24:00.532+0000][208.532s][info][gc,cpu         ] GC(1761) User=0.00s Sys=0.00s Real=0.00s
[2025-04-17T09:24:00.668+0000][208.668s][info][gc,start       ] GC(1762) Pause Young (Allocation Failure)
[2025-04-17T09:24:00.669+0000][208.670s][info][gc,heap        ] GC(1762) DefNew: 9204K(10176K)->92K(10176K) Eden: 9081K(9088K)->0K(9088K) From: 122K(1088K)->92K(1088K)
[2025-04-17T09:24:00.669+0000][208.670s][info][gc,heap        ] GC(1762) Tenured: 19776K(22464K)->19778K(22464K)
[2025-04-17T09:24:00.669+0000][208.670s][info][gc,metaspace   ] GC(1762) Metaspace: 37430K(37760K)->37430K(37760K) NonClass: 33005K(33152K)->33005K(33152K) Class: 4425K(4608K)->4425K(4608K)
[2025-04-17T09:24:00.669+0000][208.670s][info][gc             ] GC(1762) Pause Young (Allocation Failure) 28M->19M(31M) 1.410ms
[2025-04-17T09:24:00.669+0000][208.670s][info][gc,cpu         ] GC(1762) User=0.00s Sys=0.00s Real=0.00s
[2025-04-17T09:24:00.777+0000][208.777s][info][gc,start       ] GC(1763) Pause Young (Allocation Failure)
[2025-04-17T09:24:00.778+0000][208.779s][info][gc,heap        ] GC(1763) DefNew: 9180K(10176K)->77K(10176K) Eden: 9088K(9088K)->0K(9088K) From: 92K(1088K)->77K(1088K)
[2025-04-17T09:24:00.778+0000][208.779s][info][gc,heap        ] GC(1763) Tenured: 19778K(22464K)->19778K(22464K)
[2025-04-17T09:24:00.778+0000][208.779s][info][gc,metaspace   ] GC(1763) Metaspace: 37430K(37760K)->37430K(37760K) NonClass: 33005K(33152K)->33005K(33152K) Class: 4425K(4608K)->4425K(4608K)
[2025-04-17T09:24:00.778+0000][208.779s][info][gc             ] GC(1763) Pause Young (Allocation Failure) 28M->19M(31M) 1.329ms
[2025-04-17T09:24:00.778+0000][208.779s][info][gc,cpu         ] GC(1763) User=0.00s Sys=0.00s Real=0.00s
[2025-04-17T09:24:00.850+0000][208.851s][info][gc,start       ] GC(1764) Pause Young (Allocation Failure)
[2025-04-17T09:24:00.851+0000][208.852s][info][gc,heap        ] GC(1764) DefNew: 9165K(10176K)->105K(10176K) Eden: 9087K(9088K)->0K(9088K) From: 77K(1088K)->105K(1088K)
[2025-04-17T09:24:00.851+0000][208.852s][info][gc,heap        ] GC(1764) Tenured: 19778K(22464K)->19778K(22464K)
[2025-04-17T09:24:00.851+0000][208.852s][info][gc,metaspace   ] GC(1764) Metaspace: 37430K(37760K)->37430K(37760K) NonClass: 33005K(33152K)->33005K(33152K) Class: 4425K(4608K)->4425K(4608K)
[2025-04-17T09:24:00.851+0000][208.852s][info][gc             ] GC(1764) Pause Young (Allocation Failure) 28M->19M(31M) 1.376ms
[2025-04-17T09:24:00.851+0000][208.852s][info][gc,cpu         ] GC(1764) User=0.00s Sys=0.00s Real=0.00s
[2025-04-17T09:24:00.967+0000][208.967s][info][gc,start       ] GC(1765) Pause Young (Allocation Failure)
[2025-04-17T09:24:00.968+0000][208.969s][info][gc,heap        ] GC(1765) DefNew: 9193K(10176K)->121K(10176K) Eden: 9087K(9088K)->0K(9088K) From: 105K(1088K)->121K(1088K)
[2025-04-17T09:24:00.968+0000][208.969s][info][gc,heap        ] GC(1765) Tenured: 19778K(22464K)->19778K(22464K)
[2025-04-17T09:24:00.968+0000][208.969s][info][gc,metaspace   ] GC(1765) Metaspace: 37430K(37760K)->37430K(37760K) NonClass: 33005K(33152K)->33005K(33152K) Class: 4425K(4608K)->4425K(4608K)
[2025-04-17T09:24:00.968+0000][208.969s][info][gc             ] GC(1765) Pause Young (Allocation Failure) 28M->19M(31M) 1.440ms
[2025-04-17T09:24:00.968+0000][208.969s][info][gc,cpu         ] GC(1765) User=0.00s Sys=0.00s Real=0.00s
[2025-04-17T09:24:01.135+0000][209.135s][info][gc,start       ] GC(1766) Pause Young (Allocation Failure)
[2025-04-17T09:24:01.136+0000][209.137s][info][gc,heap        ] GC(1766) DefNew: 9205K(10176K)->83K(10176K) Eden: 9084K(9088K)->0K(9088K) From: 121K(1088K)->83K(1088K)
[2025-04-17T09:24:01.136+0000][209.137s][info][gc,heap        ] GC(1766) Tenured: 19778K(22464K)->19779K(22464K)
[2025-04-17T09:24:01.136+0000][209.137s][info][gc,metaspace   ] GC(1766) Metaspace: 37430K(37760K)->37430K(37760K) NonClass: 33005K(33152K)->33005K(33152K) Class: 4425K(4608K)->4425K(4608K)
[2025-04-17T09:24:01.136+0000][209.137s][info][gc             ] GC(1766) Pause Young (Allocation Failure) 28M->19M(31M) 1.393ms
[2025-04-17T09:24:01.136+0000][209.137s][info][gc,cpu         ] GC(1766) User=0.01s Sys=0.00s Real=0.00s
[2025-04-17T09:24:01.288+0000][209.289s][info][gc,start       ] GC(1767) Pause Young (Allocation Failure)
[2025-04-17T09:24:01.289+0000][209.290s][info][gc,heap        ] GC(1767) DefNew: 9171K(10176K)->115K(10176K) Eden: 9087K(9088K)->0K(9088K) From: 83K(1088K)->115K(1088K)
[2025-04-17T09:24:01.289+0000][209.290s][info][gc,heap        ] GC(1767) Tenured: 19779K(22464K)->19780K(22464K)
[2025-04-17T09:24:01.289+0000][209.290s][info][gc,metaspace   ] GC(1767) Metaspace: 37430K(37760K)->37430K(37760K) NonClass: 33005K(33152K)->33005K(33152K) Class: 4425K(4608K)->4425K(4608K)
[2025-04-17T09:24:01.289+0000][209.290s][info][gc             ] GC(1767) Pause Young (Allocation Failure) 28M->19M(31M) 1.500ms
[2025-04-17T09:24:01.289+0000][209.290s][info][gc,cpu         ] GC(1767) User=0.00s Sys=0.00s Real=0.00s
[2025-04-17T09:24:01.379+0000][209.379s][info][gc,start       ] GC(1768) Pause Young (Allocation Failure)
[2025-04-17T09:24:01.380+0000][209.381s][info][gc,heap        ] GC(1768) DefNew: 9203K(10176K)->110K(10176K) Eden: 9088K(9088K)->0K(9088K) From: 115K(1088K)->110K(1088K)
[2025-04-17T09:24:01.380+0000][209.381s][info][gc,heap        ] GC(1768) Tenured: 19780K(22464K)->19781K(22464K)
[2025-04-17T09:24:01.380+0000][209.381s][info][gc,metaspace   ] GC(1768) Metaspace: 37430K(37760K)->37430K(37760K) NonClass: 33005K(33152K)->33005K(33152K) Class: 4425K(4608K)->4425K(4608K)
[2025-04-17T09:24:01.380+0000][209.381s][info][gc             ] GC(1768) Pause Young (Allocation Failure) 28M->19M(31M) 1.518ms
[2025-04-17T09:24:01.380+0000][209.381s][info][gc,cpu         ] GC(1768) User=0.00s Sys=0.00s Real=0.00s
[2025-04-17T09:24:01.469+0000][209.470s][info][gc,start       ] GC(1769) Pause Young (Allocation Failure)
[2025-04-17T09:24:01.470+0000][209.471s][info][gc,heap        ] GC(1769) DefNew: 9198K(10176K)->111K(10176K) Eden: 9088K(9088K)->0K(9088K) From: 110K(1088K)->111K(1088K)
[2025-04-17T09:24:01.470+0000][209.471s][info][gc,heap        ] GC(1769) Tenured: 19781K(22464K)->19782K(22464K)
[2025-04-17T09:24:01.470+0000][209.471s][info][gc,metaspace   ] GC(1769) Metaspace: 37430K(37760K)->37430K(37760K) NonClass: 33005K(33152K)->33005K(33152K) Class: 4425K(4608K)->4425K(4608K)
[2025-04-17T09:24:01.470+0000][209.471s][info][gc             ] GC(1769) Pause Young (Allocation Failure) 28M->19M(31M) 1.425ms
[2025-04-17T09:24:01.470+0000][209.471s][info][gc,cpu         ] GC(1769) User=0.00s Sys=0.00s Real=0.00s
[2025-04-17T09:24:01.687+0000][209.688s][info][gc,start       ] GC(1770) Pause Young (Allocation Failure)
[2025-04-17T09:24:01.689+0000][209.689s][info][gc,heap        ] GC(1770) DefNew: 9199K(10176K)->88K(10176K) Eden: 9087K(9088K)->0K(9088K) From: 111K(1088K)->88K(1088K)
[2025-04-17T09:24:01.689+0000][209.689s][info][gc,heap        ] GC(1770) Tenured: 19782K(22464K)->19783K(22464K)
[2025-04-17T09:24:01.689+0000][209.689s][info][gc,metaspace   ] GC(1770) Metaspace: 37430K(37760K)->37430K(37760K) NonClass: 33005K(33152K)->33005K(33152K) Class: 4425K(4608K)->4425K(4608K)
[2025-04-17T09:24:01.689+0000][209.689s][info][gc             ] GC(1770) Pause Young (Allocation Failure) 28M->19M(31M) 1.351ms
[2025-04-17T09:24:01.689+0000][209.689s][info][gc,cpu         ] GC(1770) User=0.00s Sys=0.00s Real=0.00s
[2025-04-17T09:24:01.774+0000][209.775s][info][gc,start       ] GC(1771) Pause Young (Allocation Failure)
[2025-04-17T09:24:01.775+0000][209.776s][info][gc,heap        ] GC(1771) DefNew: 9173K(10176K)->140K(10176K) Eden: 9085K(9088K)->0K(9088K) From: 88K(1088K)->140K(1088K)
[2025-04-17T09:24:01.776+0000][209.776s][info][gc,heap        ] GC(1771) Tenured: 19783K(22464K)->19785K(22464K)
[2025-04-17T09:24:01.776+0000][209.776s][info][gc,metaspace   ] GC(1771) Metaspace: 37430K(37760K)->37430K(37760K) NonClass: 33005K(33152K)->33005K(33152K) Class: 4425K(4608K)->4425K(4608K)
[2025-04-17T09:24:01.776+0000][209.776s][info][gc             ] GC(1771) Pause Young (Allocation Failure) 28M->19M(31M) 1.569ms
[2025-04-17T09:24:01.776+0000][209.776s][info][gc,cpu         ] GC(1771) User=0.01s Sys=0.00s Real=0.01s
[2025-04-17T09:24:01.865+0000][209.866s][info][gc,start       ] GC(1772) Pause Young (Allocation Failure)
[2025-04-17T09:24:01.866+0000][209.867s][info][gc,heap        ] GC(1772) DefNew: 9228K(10176K)->111K(10176K) Eden: 9087K(9088K)->0K(9088K) From: 140K(1088K)->111K(1088K)
[2025-04-17T09:24:01.866+0000][209.867s][info][gc,heap        ] GC(1772) Tenured: 19785K(22464K)->19785K(22464K)
[2025-04-17T09:24:01.866+0000][209.867s][info][gc,metaspace   ] GC(1772) Metaspace: 37430K(37760K)->37430K(37760K) NonClass: 33005K(33152K)->33005K(33152K) Class: 4425K(4608K)->4425K(4608K)
[2025-04-17T09:24:01.866+0000][209.867s][info][gc             ] GC(1772) Pause Young (Allocation Failure) 28M->19M(31M) 1.430ms
[2025-04-17T09:24:01.867+0000][209.867s][info][gc,cpu         ] GC(1772) User=0.00s Sys=0.00s Real=0.00s
[2025-04-17T09:24:01.938+0000][209.938s][info][gc,start       ] GC(1773) Pause Young (Allocation Failure)
[2025-04-17T09:24:01.939+0000][209.940s][info][gc,heap        ] GC(1773) DefNew: 9199K(10176K)->105K(10176K) Eden: 9088K(9088K)->0K(9088K) From: 111K(1088K)->105K(1088K)
[2025-04-17T09:24:01.939+0000][209.940s][info][gc,heap        ] GC(1773) Tenured: 19785K(22464K)->19785K(22464K)
[2025-04-17T09:24:01.939+0000][209.940s][info][gc,metaspace   ] GC(1773) Metaspace: 37430K(37760K)->37430K(37760K) NonClass: 33005K(33152K)->33005K(33152K) Class: 4425K(4608K)->4425K(4608K)
[2025-04-17T09:24:01.939+0000][209.940s][info][gc             ] GC(1773) Pause Young (Allocation Failure) 28M->19M(31M) 1.447ms
[2025-04-17T09:24:01.939+0000][209.940s][info][gc,cpu         ] GC(1773) User=0.00s Sys=0.00s Real=0.00s
[2025-04-17T09:24:02.058+0000][210.059s][info][gc,start       ] GC(1774) Pause Young (Allocation Failure)
[2025-04-17T09:24:02.059+0000][210.060s][info][gc,heap        ] GC(1774) DefNew: 9193K(10176K)->95K(10176K) Eden: 9088K(9088K)->0K(9088K) From: 105K(1088K)->95K(1088K)
[2025-04-17T09:24:02.059+0000][210.060s][info][gc,heap        ] GC(1774) Tenured: 19785K(22464K)->19788K(22464K)
[2025-04-17T09:24:02.059+0000][210.060s][info][gc,metaspace   ] GC(1774) Metaspace: 37430K(37760K)->37430K(37760K) NonClass: 33005K(33152K)->33005K(33152K) Class: 4425K(4608K)->4425K(4608K)
[2025-04-17T09:24:02.059+0000][210.060s][info][gc             ] GC(1774) Pause Young (Allocation Failure) 28M->19M(31M) 1.514ms
[2025-04-17T09:24:02.059+0000][210.060s][info][gc,cpu         ] GC(1774) User=0.00s Sys=0.00s Real=0.00s
[2025-04-17T09:24:02.175+0000][210.176s][info][gc,start       ] GC(1775) Pause Young (Allocation Failure)
[2025-04-17T09:24:02.176+0000][210.177s][info][gc,heap        ] GC(1775) DefNew: 9183K(10176K)->111K(10176K) Eden: 9087K(9088K)->0K(9088K) From: 95K(1088K)->111K(1088K)
[2025-04-17T09:24:02.176+0000][210.177s][info][gc,heap        ] GC(1775) Tenured: 19788K(22464K)->19788K(22464K)
[2025-04-17T09:24:02.177+0000][210.177s][info][gc,metaspace   ] GC(1775) Metaspace: 37430K(37760K)->37430K(37760K) NonClass: 33005K(33152K)->33005K(33152K) Class: 4425K(4608K)->4425K(4608K)
[2025-04-17T09:24:02.177+0000][210.177s][info][gc             ] GC(1775) Pause Young (Allocation Failure) 28M->19M(31M) 1.432ms
[2025-04-17T09:24:02.177+0000][210.177s][info][gc,cpu         ] GC(1775) User=0.00s Sys=0.00s Real=0.00s
[2025-04-17T09:24:02.394+0000][210.395s][info][gc,start       ] GC(1776) Pause Young (Allocation Failure)
[2025-04-17T09:24:02.395+0000][210.396s][info][gc,heap        ] GC(1776) DefNew: 9199K(10176K)->106K(10176K) Eden: 9087K(9088K)->0K(9088K) From: 111K(1088K)->106K(1088K)
[2025-04-17T09:24:02.395+0000][210.396s][info][gc,heap        ] GC(1776) Tenured: 19788K(22464K)->19790K(22464K)
[2025-04-17T09:24:02.395+0000][210.396s][info][gc,metaspace   ] GC(1776) Metaspace: 37430K(37760K)->37430K(37760K) NonClass: 33005K(33152K)->33005K(33152K) Class: 4425K(4608K)->4425K(4608K)
[2025-04-17T09:24:02.396+0000][210.396s][info][gc             ] GC(1776) Pause Young (Allocation Failure) 28M->19M(31M) 1.616ms
[2025-04-17T09:24:02.396+0000][210.396s][info][gc,cpu         ] GC(1776) User=0.00s Sys=0.00s Real=0.01s
[2025-04-17T09:24:02.526+0000][210.527s][info][gc,start       ] GC(1777) Pause Young (Allocation Failure)
[2025-04-17T09:24:02.528+0000][210.528s][info][gc,heap        ] GC(1777) DefNew: 9194K(10176K)->107K(10176K) Eden: 9088K(9088K)->0K(9088K) From: 106K(1088K)->107K(1088K)
[2025-04-17T09:24:02.528+0000][210.528s][info][gc,heap        ] GC(1777) Tenured: 19790K(22464K)->19795K(22464K)
[2025-04-17T09:24:02.528+0000][210.528s][info][gc,metaspace   ] GC(1777) Metaspace: 37437K(37760K)->37437K(37760K) NonClass: 33011K(33152K)->33011K(33152K) Class: 4425K(4608K)->4425K(4608K)
[2025-04-17T09:24:02.528+0000][210.528s][info][gc             ] GC(1777) Pause Young (Allocation Failure) 28M->19M(31M) 1.546ms
[2025-04-17T09:24:02.528+0000][210.528s][info][gc,cpu         ] GC(1777) User=0.00s Sys=0.00s Real=0.00s
[2025-04-17T09:24:02.606+0000][210.607s][info][gc,start       ] GC(1778) Pause Young (Allocation Failure)
[2025-04-17T09:24:02.607+0000][210.608s][info][gc,heap        ] GC(1778) DefNew: 9195K(10176K)->91K(10176K) Eden: 9087K(9088K)->0K(9088K) From: 107K(1088K)->91K(1088K)
[2025-04-17T09:24:02.607+0000][210.608s][info][gc,heap        ] GC(1778) Tenured: 19795K(22464K)->19795K(22464K)
[2025-04-17T09:24:02.607+0000][210.608s][info][gc,metaspace   ] GC(1778) Metaspace: 37437K(37760K)->37437K(37760K) NonClass: 33011K(33152K)->33011K(33152K) Class: 4425K(4608K)->4425K(4608K)
[2025-04-17T09:24:02.608+0000][210.608s][info][gc             ] GC(1778) Pause Young (Allocation Failure) 28M->19M(31M) 1.498ms
[2025-04-17T09:24:02.608+0000][210.608s][info][gc,cpu         ] GC(1778) User=0.00s Sys=0.00s Real=0.00s
[2025-04-17T09:24:02.717+0000][210.717s][info][gc,start       ] GC(1779) Pause Young (Allocation Failure)
[2025-04-17T09:24:02.718+0000][210.719s][info][gc,heap        ] GC(1779) DefNew: 9179K(10176K)->109K(10176K) Eden: 9087K(9088K)->0K(9088K) From: 91K(1088K)->109K(1088K)
[2025-04-17T09:24:02.718+0000][210.719s][info][gc,heap        ] GC(1779) Tenured: 19795K(22464K)->19795K(22464K)
[2025-04-17T09:24:02.718+0000][210.719s][info][gc,metaspace   ] GC(1779) Metaspace: 37437K(37760K)->37437K(37760K) NonClass: 33011K(33152K)->33011K(33152K) Class: 4425K(4608K)->4425K(4608K)
[2025-04-17T09:24:02.718+0000][210.719s][info][gc             ] GC(1779) Pause Young (Allocation Failure) 28M->19M(31M) 1.502ms
[2025-04-17T09:24:02.718+0000][210.719s][info][gc,cpu         ] GC(1779) User=0.00s Sys=0.00s Real=0.00s
[2025-04-17T09:24:02.827+0000][210.828s][info][gc,start       ] GC(1780) Pause Young (Allocation Failure)
[2025-04-17T09:24:02.829+0000][210.829s][info][gc,heap        ] GC(1780) DefNew: 9197K(10176K)->91K(10176K) Eden: 9088K(9088K)->0K(9088K) From: 109K(1088K)->91K(1088K)
[2025-04-17T09:24:02.829+0000][210.829s][info][gc,heap        ] GC(1780) Tenured: 19795K(22464K)->19796K(22464K)
[2025-04-17T09:24:02.829+0000][210.829s][info][gc,metaspace   ] GC(1780) Metaspace: 37437K(37760K)->37437K(37760K) NonClass: 33011K(33152K)->33011K(33152K) Class: 4425K(4608K)->4425K(4608K)
[2025-04-17T09:24:02.829+0000][210.829s][info][gc             ] GC(1780) Pause Young (Allocation Failure) 28M->19M(31M) 1.645ms
[2025-04-17T09:24:02.829+0000][210.829s][info][gc,cpu         ] GC(1780) User=0.00s Sys=0.00s Real=0.00s
[2025-04-17T09:24:02.961+0000][210.962s][info][gc,start       ] GC(1781) Pause Young (Allocation Failure)
[2025-04-17T09:24:02.963+0000][210.963s][info][gc,heap        ] GC(1781) DefNew: 9165K(10176K)->88K(10176K) Eden: 9073K(9088K)->0K(9088K) From: 91K(1088K)->88K(1088K)
[2025-04-17T09:24:02.963+0000][210.963s][info][gc,heap        ] GC(1781) Tenured: 19796K(22464K)->19802K(22464K)
[2025-04-17T09:24:02.963+0000][210.963s][info][gc,metaspace   ] GC(1781) Metaspace: 37437K(37760K)->37437K(37760K) NonClass: 33011K(33152K)->33011K(33152K) Class: 4425K(4608K)->4425K(4608K)
[2025-04-17T09:24:02.963+0000][210.963s][info][gc             ] GC(1781) Pause Young (Allocation Failure) 28M->19M(31M) 1.553ms
[2025-04-17T09:24:02.963+0000][210.963s][info][gc,cpu         ] GC(1781) User=0.00s Sys=0.00s Real=0.00s
[2025-04-17T09:24:03.073+0000][211.073s][info][gc,start       ] GC(1782) Pause Young (Allocation Failure)
[2025-04-17T09:24:03.074+0000][211.075s][info][gc,heap        ] GC(1782) DefNew: 9176K(10176K)->102K(10176K) Eden: 9088K(9088K)->0K(9088K) From: 88K(1088K)->102K(1088K)
[2025-04-17T09:24:03.074+0000][211.075s][info][gc,heap        ] GC(1782) Tenured: 19802K(22464K)->19804K(22464K)
[2025-04-17T09:24:03.074+0000][211.075s][info][gc,metaspace   ] GC(1782) Metaspace: 37437K(37760K)->37437K(37760K) NonClass: 33011K(33152K)->33011K(33152K) Class: 4425K(4608K)->4425K(4608K)
[2025-04-17T09:24:03.074+0000][211.075s][info][gc             ] GC(1782) Pause Young (Allocation Failure) 28M->19M(31M) 1.388ms
[2025-04-17T09:24:03.074+0000][211.075s][info][gc,cpu         ] GC(1782) User=0.00s Sys=0.00s Real=0.00s
[2025-04-17T09:24:03.165+0000][211.166s][info][gc,start       ] GC(1783) Pause Young (Allocation Failure)
[2025-04-17T09:24:03.167+0000][211.167s][info][gc,heap        ] GC(1783) DefNew: 9186K(10176K)->74K(10176K) Eden: 9083K(9088K)->0K(9088K) From: 102K(1088K)->74K(1088K)
[2025-04-17T09:24:03.167+0000][211.167s][info][gc,heap        ] GC(1783) Tenured: 19804K(22464K)->19806K(22464K)
[2025-04-17T09:24:03.167+0000][211.167s][info][gc,metaspace   ] GC(1783) Metaspace: 37437K(37760K)->37437K(37760K) NonClass: 33011K(33152K)->33011K(33152K) Class: 4425K(4608K)->4425K(4608K)
[2025-04-17T09:24:03.167+0000][211.167s][info][gc             ] GC(1783) Pause Young (Allocation Failure) 28M->19M(31M) 1.382ms
[2025-04-17T09:24:03.167+0000][211.167s][info][gc,cpu         ] GC(1783) User=0.00s Sys=0.00s Real=0.00s
[2025-04-17T09:24:03.265+0000][211.266s][info][gc,start       ] GC(1784) Pause Young (Allocation Failure)
[2025-04-17T09:24:03.266+0000][211.267s][info][gc,heap        ] GC(1784) DefNew: 9162K(10176K)->104K(10176K) Eden: 9088K(9088K)->0K(9088K) From: 74K(1088K)->104K(1088K)
[2025-04-17T09:24:03.266+0000][211.267s][info][gc,heap        ] GC(1784) Tenured: 19806K(22464K)->19806K(22464K)
[2025-04-17T09:24:03.266+0000][211.267s][info][gc,metaspace   ] GC(1784) Metaspace: 37437K(37760K)->37437K(37760K) NonClass: 33011K(33152K)->33011K(33152K) Class: 4425K(4608K)->4425K(4608K)
[2025-04-17T09:24:03.266+0000][211.267s][info][gc             ] GC(1784) Pause Young (Allocation Failure) 28M->19M(31M) 1.468ms
[2025-04-17T09:24:03.266+0000][211.267s][info][gc,cpu         ] GC(1784) User=0.00s Sys=0.00s Real=0.00s
[2025-04-17T09:24:03.363+0000][211.364s][info][gc,start       ] GC(1785) Pause Young (Allocation Failure)
[2025-04-17T09:24:03.365+0000][211.366s][info][gc,heap        ] GC(1785) DefNew: 9192K(10176K)->96K(10176K) Eden: 9088K(9088K)->0K(9088K) From: 104K(1088K)->96K(1088K)
[2025-04-17T09:24:03.365+0000][211.366s][info][gc,heap        ] GC(1785) Tenured: 19806K(22464K)->19808K(22464K)
[2025-04-17T09:24:03.365+0000][211.366s][info][gc,metaspace   ] GC(1785) Metaspace: 37437K(37760K)->37437K(37760K) NonClass: 33011K(33152K)->33011K(33152K) Class: 4425K(4608K)->4425K(4608K)
[2025-04-17T09:24:03.365+0000][211.366s][info][gc             ] GC(1785) Pause Young (Allocation Failure) 28M->19M(31M) 1.785ms
[2025-04-17T09:24:03.365+0000][211.366s][info][gc,cpu         ] GC(1785) User=0.00s Sys=0.00s Real=0.01s
[2025-04-17T09:24:03.476+0000][211.476s][info][gc,start       ] GC(1786) Pause Young (Allocation Failure)
[2025-04-17T09:24:03.477+0000][211.478s][info][gc,heap        ] GC(1786) DefNew: 9184K(10176K)->120K(10176K) Eden: 9088K(9088K)->0K(9088K) From: 96K(1088K)->120K(1088K)
[2025-04-17T09:24:03.477+0000][211.478s][info][gc,heap        ] GC(1786) Tenured: 19808K(22464K)->19809K(22464K)
[2025-04-17T09:24:03.477+0000][211.478s][info][gc,metaspace   ] GC(1786) Metaspace: 37437K(37760K)->37437K(37760K) NonClass: 33011K(33152K)->33011K(33152K) Class: 4425K(4608K)->4425K(4608K)
[2025-04-17T09:24:03.477+0000][211.478s][info][gc             ] GC(1786) Pause Young (Allocation Failure) 28M->19M(31M) 1.733ms
[2025-04-17T09:24:03.477+0000][211.478s][info][gc,cpu         ] GC(1786) User=0.00s Sys=0.00s Real=0.00s
[2025-04-17T09:24:03.552+0000][211.553s][info][gc,start       ] GC(1787) Pause Young (Allocation Failure)
[2025-04-17T09:24:03.554+0000][211.554s][info][gc,heap        ] GC(1787) DefNew: 9208K(10176K)->83K(10176K) Eden: 9088K(9088K)->0K(9088K) From: 120K(1088K)->83K(1088K)
[2025-04-17T09:24:03.554+0000][211.554s][info][gc,heap        ] GC(1787) Tenured: 19809K(22464K)->19810K(22464K)
[2025-04-17T09:24:03.554+0000][211.554s][info][gc,metaspace   ] GC(1787) Metaspace: 37438K(37760K)->37438K(37760K) NonClass: 33012K(33152K)->33012K(33152K) Class: 4425K(4608K)->4425K(4608K)
[2025-04-17T09:24:03.554+0000][211.554s][info][gc             ] GC(1787) Pause Young (Allocation Failure) 28M->19M(31M) 1.355ms
[2025-04-17T09:24:03.554+0000][211.554s][info][gc,cpu         ] GC(1787) User=0.00s Sys=0.00s Real=0.00s
[2025-04-17T09:24:03.720+0000][211.720s][info][gc,start       ] GC(1788) Pause Young (Allocation Failure)
[2025-04-17T09:24:03.721+0000][211.722s][info][gc,heap        ] GC(1788) DefNew: 9171K(10176K)->105K(10176K) Eden: 9088K(9088K)->0K(9088K) From: 83K(1088K)->105K(1088K)
[2025-04-17T09:24:03.721+0000][211.722s][info][gc,heap        ] GC(1788) Tenured: 19810K(22464K)->19810K(22464K)
[2025-04-17T09:24:03.721+0000][211.722s][info][gc,metaspace   ] GC(1788) Metaspace: 37438K(37760K)->37438K(37760K) NonClass: 33012K(33152K)->33012K(33152K) Class: 4425K(4608K)->4425K(4608K)
[2025-04-17T09:24:03.721+0000][211.722s][info][gc             ] GC(1788) Pause Young (Allocation Failure) 28M->19M(31M) 1.537ms
[2025-04-17T09:24:03.721+0000][211.722s][info][gc,cpu         ] GC(1788) User=0.00s Sys=0.00s Real=0.00s
[2025-04-17T09:24:03.802+0000][211.802s][info][gc,start       ] GC(1789) Pause Young (Allocation Failure)
[2025-04-17T09:24:03.803+0000][211.804s][info][gc,heap        ] GC(1789) DefNew: 9193K(10176K)->100K(10176K) Eden: 9087K(9088K)->0K(9088K) From: 105K(1088K)->100K(1088K)
[2025-04-17T09:24:03.803+0000][211.804s][info][gc,heap        ] GC(1789) Tenured: 19810K(22464K)->19810K(22464K)
[2025-04-17T09:24:03.803+0000][211.804s][info][gc,metaspace   ] GC(1789) Metaspace: 37438K(37760K)->37438K(37760K) NonClass: 33012K(33152K)->33012K(33152K) Class: 4425K(4608K)->4425K(4608K)
[2025-04-17T09:24:03.803+0000][211.804s][info][gc             ] GC(1789) Pause Young (Allocation Failure) 28M->19M(31M) 1.472ms
[2025-04-17T09:24:03.803+0000][211.804s][info][gc,cpu         ] GC(1789) User=0.01s Sys=0.00s Real=0.00s
[2025-04-17T09:24:03.859+0000][211.860s][info][gc,start       ] GC(1790) Pause Young (Allocation Failure)
[2025-04-17T09:24:03.860+0000][211.861s][info][gc,heap        ] GC(1790) DefNew: 9182K(10176K)->104K(10176K) Eden: 9082K(9088K)->0K(9088K) From: 100K(1088K)->104K(1088K)
[2025-04-17T09:24:03.860+0000][211.861s][info][gc,heap        ] GC(1790) Tenured: 19810K(22464K)->19812K(22464K)
[2025-04-17T09:24:03.860+0000][211.861s][info][gc,metaspace   ] GC(1790) Metaspace: 37438K(37760K)->37438K(37760K) NonClass: 33012K(33152K)->33012K(33152K) Class: 4425K(4608K)->4425K(4608K)
[2025-04-17T09:24:03.861+0000][211.861s][info][gc             ] GC(1790) Pause Young (Allocation Failure) 28M->19M(31M) 1.451ms
[2025-04-17T09:24:03.861+0000][211.861s][info][gc,cpu         ] GC(1790) User=0.00s Sys=0.00s Real=0.00s
[2025-04-17T09:24:03.948+0000][211.948s][info][gc,start       ] GC(1791) Pause Young (Allocation Failure)
[2025-04-17T09:24:03.949+0000][211.950s][info][gc,heap        ] GC(1791) DefNew: 9192K(10176K)->87K(10176K) Eden: 9088K(9088K)->0K(9088K) From: 104K(1088K)->87K(1088K)
[2025-04-17T09:24:03.949+0000][211.950s][info][gc,heap        ] GC(1791) Tenured: 19812K(22464K)->19813K(22464K)
[2025-04-17T09:24:03.949+0000][211.950s][info][gc,metaspace   ] GC(1791) Metaspace: 37438K(37760K)->37438K(37760K) NonClass: 33012K(33152K)->33012K(33152K) Class: 4425K(4608K)->4425K(4608K)
[2025-04-17T09:24:03.949+0000][211.950s][info][gc             ] GC(1791) Pause Young (Allocation Failure) 28M->19M(31M) 1.476ms
[2025-04-17T09:24:03.949+0000][211.950s][info][gc,cpu         ] GC(1791) User=0.00s Sys=0.00s Real=0.00s
[2025-04-17T09:24:04.030+0000][212.031s][info][gc,start       ] GC(1792) Pause Young (Allocation Failure)
[2025-04-17T09:24:04.031+0000][212.032s][info][gc,heap        ] GC(1792) DefNew: 9175K(10176K)->92K(10176K) Eden: 9088K(9088K)->0K(9088K) From: 87K(1088K)->92K(1088K)
[2025-04-17T09:24:04.031+0000][212.032s][info][gc,heap        ] GC(1792) Tenured: 19813K(22464K)->19814K(22464K)
[2025-04-17T09:24:04.031+0000][212.032s][info][gc,metaspace   ] GC(1792) Metaspace: 37438K(37760K)->37438K(37760K) NonClass: 33012K(33152K)->33012K(33152K) Class: 4425K(4608K)->4425K(4608K)
[2025-04-17T09:24:04.031+0000][212.032s][info][gc             ] GC(1792) Pause Young (Allocation Failure) 28M->19M(31M) 1.409ms
[2025-04-17T09:24:04.031+0000][212.032s][info][gc,cpu         ] GC(1792) User=0.00s Sys=0.00s Real=0.00s
[2025-04-17T09:24:04.086+0000][212.087s][info][gc,start       ] GC(1793) Pause Young (Allocation Failure)
[2025-04-17T09:24:04.087+0000][212.088s][info][gc,heap        ] GC(1793) DefNew: 9180K(10176K)->81K(10176K) Eden: 9087K(9088K)->0K(9088K) From: 92K(1088K)->81K(1088K)
[2025-04-17T09:24:04.087+0000][212.088s][info][gc,heap        ] GC(1793) Tenured: 19814K(22464K)->19814K(22464K)
[2025-04-17T09:24:04.087+0000][212.088s][info][gc,metaspace   ] GC(1793) Metaspace: 37438K(37760K)->37438K(37760K) NonClass: 33012K(33152K)->33012K(33152K) Class: 4425K(4608K)->4425K(4608K)
[2025-04-17T09:24:04.087+0000][212.088s][info][gc             ] GC(1793) Pause Young (Allocation Failure) 28M->19M(31M) 1.390ms
[2025-04-17T09:24:04.087+0000][212.088s][info][gc,cpu         ] GC(1793) User=0.00s Sys=0.00s Real=0.00s
[2025-04-17T09:24:04.184+0000][212.185s][info][gc,start       ] GC(1794) Pause Young (Allocation Failure)
[2025-04-17T09:24:04.186+0000][212.186s][info][gc,heap        ] GC(1794) DefNew: 9164K(10176K)->88K(10176K) Eden: 9082K(9088K)->0K(9088K) From: 81K(1088K)->88K(1088K)
[2025-04-17T09:24:04.186+0000][212.186s][info][gc,heap        ] GC(1794) Tenured: 19814K(22464K)->19814K(22464K)
[2025-04-17T09:24:04.186+0000][212.186s][info][gc,metaspace   ] GC(1794) Metaspace: 37438K(37760K)->37438K(37760K) NonClass: 33012K(33152K)->33012K(33152K) Class: 4425K(4608K)->4425K(4608K)
[2025-04-17T09:24:04.186+0000][212.186s][info][gc             ] GC(1794) Pause Young (Allocation Failure) 28M->19M(31M) 1.391ms
[2025-04-17T09:24:04.186+0000][212.186s][info][gc,cpu         ] GC(1794) User=0.00s Sys=0.00s Real=0.00s
[2025-04-17T09:24:04.406+0000][212.407s][info][gc,start       ] GC(1795) Pause Young (Allocation Failure)
[2025-04-17T09:24:04.407+0000][212.408s][info][gc,heap        ] GC(1795) DefNew: 9176K(10176K)->86K(10176K) Eden: 9088K(9088K)->0K(9088K) From: 88K(1088K)->86K(1088K)
[2025-04-17T09:24:04.407+0000][212.408s][info][gc,heap        ] GC(1795) Tenured: 19814K(22464K)->19815K(22464K)
[2025-04-17T09:24:04.407+0000][212.408s][info][gc,metaspace   ] GC(1795) Metaspace: 37438K(37760K)->37438K(37760K) NonClass: 33012K(33152K)->33012K(33152K) Class: 4425K(4608K)->4425K(4608K)
[2025-04-17T09:24:04.407+0000][212.408s][info][gc             ] GC(1795) Pause Young (Allocation Failure) 28M->19M(31M) 1.512ms
[2025-04-17T09:24:04.407+0000][212.408s][info][gc,cpu         ] GC(1795) User=0.01s Sys=0.00s Real=0.00s
[2025-04-17T09:24:04.587+0000][212.588s][info][gc,start       ] GC(1796) Pause Young (Allocation Failure)
[2025-04-17T09:24:04.589+0000][212.589s][info][gc,heap        ] GC(1796) DefNew: 9174K(10176K)->159K(10176K) Eden: 9088K(9088K)->0K(9088K) From: 86K(1088K)->159K(1088K)
[2025-04-17T09:24:04.589+0000][212.589s][info][gc,heap        ] GC(1796) Tenured: 19815K(22464K)->19817K(22464K)
[2025-04-17T09:24:04.589+0000][212.589s][info][gc,metaspace   ] GC(1796) Metaspace: 37438K(37760K)->37438K(37760K) NonClass: 33012K(33152K)->33012K(33152K) Class: 4425K(4608K)->4425K(4608K)
[2025-04-17T09:24:04.589+0000][212.589s][info][gc             ] GC(1796) Pause Young (Allocation Failure) 28M->19M(31M) 1.597ms
[2025-04-17T09:24:04.589+0000][212.589s][info][gc,cpu         ] GC(1796) User=0.01s Sys=0.00s Real=0.00s
[2025-04-17T09:24:04.673+0000][212.673s][info][gc,start       ] GC(1797) Pause Young (Allocation Failure)
[2025-04-17T09:24:04.674+0000][212.675s][info][gc,heap        ] GC(1797) DefNew: 9247K(10176K)->143K(10176K) Eden: 9088K(9088K)->0K(9088K) From: 159K(1088K)->143K(1088K)
[2025-04-17T09:24:04.674+0000][212.675s][info][gc,heap        ] GC(1797) Tenured: 19817K(22464K)->19818K(22464K)
[2025-04-17T09:24:04.674+0000][212.675s][info][gc,metaspace   ] GC(1797) Metaspace: 37438K(37760K)->37438K(37760K) NonClass: 33012K(33152K)->33012K(33152K) Class: 4425K(4608K)->4425K(4608K)
[2025-04-17T09:24:04.674+0000][212.675s][info][gc             ] GC(1797) Pause Young (Allocation Failure) 28M->19M(31M) 1.510ms
[2025-04-17T09:24:04.674+0000][212.675s][info][gc,cpu         ] GC(1797) User=0.00s Sys=0.00s Real=0.01s
[2025-04-17T09:24:04.789+0000][212.789s][info][gc,start       ] GC(1798) Pause Young (Allocation Failure)
[2025-04-17T09:24:04.790+0000][212.791s][info][gc,heap        ] GC(1798) DefNew: 9224K(10176K)->128K(10176K) Eden: 9080K(9088K)->0K(9088K) From: 143K(1088K)->128K(1088K)
[2025-04-17T09:24:04.790+0000][212.791s][info][gc,heap        ] GC(1798) Tenured: 19818K(22464K)->19819K(22464K)
[2025-04-17T09:24:04.790+0000][212.791s][info][gc,metaspace   ] GC(1798) Metaspace: 37438K(37760K)->37438K(37760K) NonClass: 33012K(33152K)->33012K(33152K) Class: 4425K(4608K)->4425K(4608K)
[2025-04-17T09:24:04.790+0000][212.791s][info][gc             ] GC(1798) Pause Young (Allocation Failure) 28M->19M(31M) 1.394ms
[2025-04-17T09:24:04.790+0000][212.791s][info][gc,cpu         ] GC(1798) User=0.00s Sys=0.00s Real=0.00s
[2025-04-17T09:24:04.918+0000][212.918s][info][gc,start       ] GC(1799) Pause Young (Allocation Failure)
[2025-04-17T09:24:04.919+0000][212.920s][info][gc,heap        ] GC(1799) DefNew: 9216K(10176K)->160K(10176K) Eden: 9087K(9088K)->0K(9088K) From: 128K(1088K)->160K(1088K)
[2025-04-17T09:24:04.919+0000][212.920s][info][gc,heap        ] GC(1799) Tenured: 19819K(22464K)->19819K(22464K)
[2025-04-17T09:24:04.919+0000][212.920s][info][gc,metaspace   ] GC(1799) Metaspace: 37438K(37760K)->37438K(37760K) NonClass: 33012K(33152K)->33012K(33152K) Class: 4425K(4608K)->4425K(4608K)
[2025-04-17T09:24:04.919+0000][212.920s][info][gc             ] GC(1799) Pause Young (Allocation Failure) 28M->19M(31M) 1.417ms
[2025-04-17T09:24:04.919+0000][212.920s][info][gc,cpu         ] GC(1799) User=0.00s Sys=0.00s Real=0.00s
[2025-04-17T09:24:05.031+0000][213.032s][info][gc,start       ] GC(1800) Pause Young (Allocation Failure)
[2025-04-17T09:24:05.033+0000][213.033s][info][gc,heap        ] GC(1800) DefNew: 9248K(10176K)->143K(10176K) Eden: 9088K(9088K)->0K(9088K) From: 160K(1088K)->143K(1088K)
[2025-04-17T09:24:05.033+0000][213.033s][info][gc,heap        ] GC(1800) Tenured: 19819K(22464K)->19819K(22464K)
[2025-04-17T09:24:05.033+0000][213.033s][info][gc,metaspace   ] GC(1800) Metaspace: 37438K(37760K)->37438K(37760K) NonClass: 33012K(33152K)->33012K(33152K) Class: 4425K(4608K)->4425K(4608K)
[2025-04-17T09:24:05.033+0000][213.033s][info][gc             ] GC(1800) Pause Young (Allocation Failure) 28M->19M(31M) 1.548ms
[2025-04-17T09:24:05.033+0000][213.033s][info][gc,cpu         ] GC(1800) User=0.00s Sys=0.00s Real=0.00s
[2025-04-17T09:24:05.334+0000][213.335s][info][gc,start       ] GC(1801) Pause Young (Allocation Failure)
[2025-04-17T09:24:05.336+0000][213.336s][info][gc,heap        ] GC(1801) DefNew: 9231K(10176K)->158K(10176K) Eden: 9088K(9088K)->0K(9088K) From: 143K(1088K)->158K(1088K)
[2025-04-17T09:24:05.336+0000][213.336s][info][gc,heap        ] GC(1801) Tenured: 19819K(22464K)->19820K(22464K)
[2025-04-17T09:24:05.336+0000][213.336s][info][gc,metaspace   ] GC(1801) Metaspace: 37438K(37760K)->37438K(37760K) NonClass: 33012K(33152K)->33012K(33152K) Class: 4425K(4608K)->4425K(4608K)
[2025-04-17T09:24:05.336+0000][213.337s][info][gc             ] GC(1801) Pause Young (Allocation Failure) 28M->19M(31M) 1.434ms
[2025-04-17T09:24:05.336+0000][213.337s][info][gc,cpu         ] GC(1801) User=0.00s Sys=0.00s Real=0.00s
[2025-04-17T09:24:05.453+0000][213.454s][info][gc,start       ] GC(1802) Pause Young (Allocation Failure)
[2025-04-17T09:24:05.454+0000][213.455s][info][gc,heap        ] GC(1802) DefNew: 9246K(10176K)->159K(10176K) Eden: 9088K(9088K)->0K(9088K) From: 158K(1088K)->159K(1088K)
[2025-04-17T09:24:05.454+0000][213.455s][info][gc,heap        ] GC(1802) Tenured: 19820K(22464K)->19820K(22464K)
[2025-04-17T09:24:05.454+0000][213.455s][info][gc,metaspace   ] GC(1802) Metaspace: 37438K(37760K)->37438K(37760K) NonClass: 33012K(33152K)->33012K(33152K) Class: 4425K(4608K)->4425K(4608K)
[2025-04-17T09:24:05.454+0000][213.455s][info][gc             ] GC(1802) Pause Young (Allocation Failure) 28M->19M(31M) 1.489ms
[2025-04-17T09:24:05.454+0000][213.455s][info][gc,cpu         ] GC(1802) User=0.00s Sys=0.00s Real=0.01s
[2025-04-17T09:24:05.549+0000][213.549s][info][gc,start       ] GC(1803) Pause Young (Allocation Failure)
[2025-04-17T09:24:05.550+0000][213.551s][info][gc,heap        ] GC(1803) DefNew: 9247K(10176K)->149K(10176K) Eden: 9088K(9088K)->0K(9088K) From: 159K(1088K)->149K(1088K)
[2025-04-17T09:24:05.550+0000][213.551s][info][gc,heap        ] GC(1803) Tenured: 19820K(22464K)->19824K(22464K)
[2025-04-17T09:24:05.550+0000][213.551s][info][gc,metaspace   ] GC(1803) Metaspace: 37438K(37760K)->37438K(37760K) NonClass: 33012K(33152K)->33012K(33152K) Class: 4425K(4608K)->4425K(4608K)
[2025-04-17T09:24:05.550+0000][213.551s][info][gc             ] GC(1803) Pause Young (Allocation Failure) 28M->19M(31M) 1.533ms
[2025-04-17T09:24:05.550+0000][213.551s][info][gc,cpu         ] GC(1803) User=0.01s Sys=0.00s Real=0.00s
[2025-04-17T09:24:05.681+0000][213.681s][info][gc,start       ] GC(1804) Pause Young (Allocation Failure)
[2025-04-17T09:24:05.682+0000][213.683s][info][gc,heap        ] GC(1804) DefNew: 9237K(10176K)->153K(10176K) Eden: 9088K(9088K)->0K(9088K) From: 149K(1088K)->153K(1088K)
[2025-04-17T09:24:05.682+0000][213.683s][info][gc,heap        ] GC(1804) Tenured: 19824K(22464K)->19824K(22464K)
[2025-04-17T09:24:05.682+0000][213.683s][info][gc,metaspace   ] GC(1804) Metaspace: 37438K(37760K)->37438K(37760K) NonClass: 33012K(33152K)->33012K(33152K) Class: 4425K(4608K)->4425K(4608K)
[2025-04-17T09:24:05.682+0000][213.683s][info][gc             ] GC(1804) Pause Young (Allocation Failure) 28M->19M(31M) 1.432ms
[2025-04-17T09:24:05.682+0000][213.683s][info][gc,cpu         ] GC(1804) User=0.00s Sys=0.00s Real=0.00s
[2025-04-17T09:24:05.790+0000][213.791s][info][gc,start       ] GC(1805) Pause Young (Allocation Failure)
[2025-04-17T09:24:05.792+0000][213.792s][info][gc,heap        ] GC(1805) DefNew: 9241K(10176K)->143K(10176K) Eden: 9087K(9088K)->0K(9088K) From: 153K(1088K)->143K(1088K)
[2025-04-17T09:24:05.792+0000][213.792s][info][gc,heap        ] GC(1805) Tenured: 19824K(22464K)->19825K(22464K)
[2025-04-17T09:24:05.792+0000][213.792s][info][gc,metaspace   ] GC(1805) Metaspace: 37438K(37760K)->37438K(37760K) NonClass: 33012K(33152K)->33012K(33152K) Class: 4425K(4608K)->4425K(4608K)
[2025-04-17T09:24:05.792+0000][213.792s][info][gc             ] GC(1805) Pause Young (Allocation Failure) 28M->19M(31M) 1.447ms
[2025-04-17T09:24:05.792+0000][213.792s][info][gc,cpu         ] GC(1805) User=0.00s Sys=0.00s Real=0.00s
[2025-04-17T09:24:06.035+0000][214.036s][info][gc,start       ] GC(1806) Pause Young (Allocation Failure)
[2025-04-17T09:24:06.037+0000][214.037s][info][gc,heap        ] GC(1806) DefNew: 9231K(10176K)->175K(10176K) Eden: 9088K(9088K)->0K(9088K) From: 143K(1088K)->175K(1088K)
[2025-04-17T09:24:06.037+0000][214.037s][info][gc,heap        ] GC(1806) Tenured: 19825K(22464K)->19826K(22464K)
[2025-04-17T09:24:06.037+0000][214.037s][info][gc,metaspace   ] GC(1806) Metaspace: 37438K(37760K)->37438K(37760K) NonClass: 33012K(33152K)->33012K(33152K) Class: 4425K(4608K)->4425K(4608K)
[2025-04-17T09:24:06.037+0000][214.037s][info][gc             ] GC(1806) Pause Young (Allocation Failure) 28M->19M(31M) 1.444ms
[2025-04-17T09:24:06.037+0000][214.037s][info][gc,cpu         ] GC(1806) User=0.00s Sys=0.00s Real=0.00s
[2025-04-17T09:24:06.113+0000][214.114s][info][gc,start       ] GC(1807) Pause Young (Allocation Failure)
[2025-04-17T09:24:06.115+0000][214.116s][info][gc,heap        ] GC(1807) DefNew: 9263K(10176K)->150K(10176K) Eden: 9088K(9088K)->0K(9088K) From: 175K(1088K)->150K(1088K)
[2025-04-17T09:24:06.115+0000][214.116s][info][gc,heap        ] GC(1807) Tenured: 19826K(22464K)->19826K(22464K)
[2025-04-17T09:24:06.115+0000][214.116s][info][gc,metaspace   ] GC(1807) Metaspace: 37438K(37760K)->37438K(37760K) NonClass: 33012K(33152K)->33012K(33152K) Class: 4425K(4608K)->4425K(4608K)
[2025-04-17T09:24:06.115+0000][214.116s][info][gc             ] GC(1807) Pause Young (Allocation Failure) 28M->19M(31M) 1.601ms
[2025-04-17T09:24:06.115+0000][214.116s][info][gc,cpu         ] GC(1807) User=0.00s Sys=0.00s Real=0.01s
[2025-04-17T09:24:06.174+0000][214.175s][info][gc,start       ] GC(1808) Pause Young (Allocation Failure)
[2025-04-17T09:24:06.176+0000][214.176s][info][gc,heap        ] GC(1808) DefNew: 9238K(10176K)->162K(10176K) Eden: 9088K(9088K)->0K(9088K) From: 150K(1088K)->162K(1088K)
[2025-04-17T09:24:06.176+0000][214.176s][info][gc,heap        ] GC(1808) Tenured: 19826K(22464K)->19826K(22464K)
[2025-04-17T09:24:06.176+0000][214.176s][info][gc,metaspace   ] GC(1808) Metaspace: 37438K(37760K)->37438K(37760K) NonClass: 33012K(33152K)->33012K(33152K) Class: 4425K(4608K)->4425K(4608K)
[2025-04-17T09:24:06.176+0000][214.176s][info][gc             ] GC(1808) Pause Young (Allocation Failure) 28M->19M(31M) 1.590ms
[2025-04-17T09:24:06.176+0000][214.176s][info][gc,cpu         ] GC(1808) User=0.01s Sys=0.00s Real=0.00s
[2025-04-17T09:24:06.258+0000][214.259s][info][gc,start       ] GC(1809) Pause Young (Allocation Failure)
[2025-04-17T09:24:06.260+0000][214.261s][info][gc,heap        ] GC(1809) DefNew: 9250K(10176K)->146K(10176K) Eden: 9087K(9088K)->0K(9088K) From: 162K(1088K)->146K(1088K)
[2025-04-17T09:24:06.260+0000][214.261s][info][gc,heap        ] GC(1809) Tenured: 19826K(22464K)->19828K(22464K)
[2025-04-17T09:24:06.260+0000][214.261s][info][gc,metaspace   ] GC(1809) Metaspace: 37438K(37760K)->37438K(37760K) NonClass: 33012K(33152K)->33012K(33152K) Class: 4425K(4608K)->4425K(4608K)
[2025-04-17T09:24:06.260+0000][214.261s][info][gc             ] GC(1809) Pause Young (Allocation Failure) 28M->19M(31M) 1.519ms
[2025-04-17T09:24:06.260+0000][214.261s][info][gc,cpu         ] GC(1809) User=0.00s Sys=0.00s Real=0.00s
[2025-04-17T09:24:06.331+0000][214.331s][info][gc,start       ] GC(1810) Pause Young (Allocation Failure)
[2025-04-17T09:24:06.332+0000][214.333s][info][gc,heap        ] GC(1810) DefNew: 9234K(10176K)->165K(10176K) Eden: 9087K(9088K)->0K(9088K) From: 146K(1088K)->165K(1088K)
[2025-04-17T09:24:06.332+0000][214.333s][info][gc,heap        ] GC(1810) Tenured: 19828K(22464K)->19832K(22464K)
[2025-04-17T09:24:06.332+0000][214.333s][info][gc,metaspace   ] GC(1810) Metaspace: 37438K(37760K)->37438K(37760K) NonClass: 33012K(33152K)->33012K(33152K) Class: 4425K(4608K)->4425K(4608K)
[2025-04-17T09:24:06.332+0000][214.333s][info][gc             ] GC(1810) Pause Young (Allocation Failure) 28M->19M(31M) 1.465ms
[2025-04-17T09:24:06.332+0000][214.333s][info][gc,cpu         ] GC(1810) User=0.00s Sys=0.00s Real=0.00s
[2025-04-17T09:24:06.406+0000][214.407s][info][gc,start       ] GC(1811) Pause Young (Allocation Failure)
[2025-04-17T09:24:06.408+0000][214.409s][info][gc,heap        ] GC(1811) DefNew: 9253K(10176K)->103K(10176K) Eden: 9088K(9088K)->0K(9088K) From: 165K(1088K)->103K(1088K)
[2025-04-17T09:24:06.408+0000][214.409s][info][gc,heap        ] GC(1811) Tenured: 19832K(22464K)->19887K(22464K)
[2025-04-17T09:24:06.408+0000][214.409s][info][gc,metaspace   ] GC(1811) Metaspace: 37438K(37760K)->37438K(37760K) NonClass: 33012K(33152K)->33012K(33152K) Class: 4425K(4608K)->4425K(4608K)
[2025-04-17T09:24:06.408+0000][214.409s][info][gc             ] GC(1811) Pause Young (Allocation Failure) 28M->19M(31M) 2.031ms
[2025-04-17T09:24:06.408+0000][214.409s][info][gc,cpu         ] GC(1811) User=0.01s Sys=0.00s Real=0.00s
[2025-04-17T09:24:06.503+0000][214.504s][info][gc,start       ] GC(1812) Pause Young (Allocation Failure)
[2025-04-17T09:24:06.505+0000][214.505s][info][gc,heap        ] GC(1812) DefNew: 9191K(10176K)->110K(10176K) Eden: 9087K(9088K)->0K(9088K) From: 103K(1088K)->110K(1088K)
[2025-04-17T09:24:06.505+0000][214.505s][info][gc,heap        ] GC(1812) Tenured: 19887K(22464K)->19887K(22464K)
[2025-04-17T09:24:06.505+0000][214.505s][info][gc,metaspace   ] GC(1812) Metaspace: 37438K(37760K)->37438K(37760K) NonClass: 33012K(33152K)->33012K(33152K) Class: 4425K(4608K)->4425K(4608K)
[2025-04-17T09:24:06.505+0000][214.505s][info][gc             ] GC(1812) Pause Young (Allocation Failure) 28M->19M(31M) 1.402ms
[2025-04-17T09:24:06.505+0000][214.505s][info][gc,cpu         ] GC(1812) User=0.00s Sys=0.00s Real=0.01s
[2025-04-17T09:24:06.563+0000][214.564s][info][gc,start       ] GC(1813) Pause Young (Allocation Failure)
[2025-04-17T09:24:06.565+0000][214.565s][info][gc,heap        ] GC(1813) DefNew: 9198K(10176K)->100K(10176K) Eden: 9088K(9088K)->0K(9088K) From: 110K(1088K)->100K(1088K)
[2025-04-17T09:24:06.565+0000][214.565s][info][gc,heap        ] GC(1813) Tenured: 19887K(22464K)->19887K(22464K)
[2025-04-17T09:24:06.565+0000][214.565s][info][gc,metaspace   ] GC(1813) Metaspace: 37438K(37760K)->37438K(37760K) NonClass: 33012K(33152K)->33012K(33152K) Class: 4425K(4608K)->4425K(4608K)
[2025-04-17T09:24:06.565+0000][214.565s][info][gc             ] GC(1813) Pause Young (Allocation Failure) 28M->19M(31M) 1.434ms
[2025-04-17T09:24:06.565+0000][214.565s][info][gc,cpu         ] GC(1813) User=0.00s Sys=0.00s Real=0.01s
[2025-04-17T09:24:06.698+0000][214.699s][info][gc,start       ] GC(1814) Pause Young (Allocation Failure)
[2025-04-17T09:24:06.700+0000][214.700s][info][gc,heap        ] GC(1814) DefNew: 9188K(10176K)->108K(10176K) Eden: 9087K(9088K)->0K(9088K) From: 100K(1088K)->108K(1088K)
[2025-04-17T09:24:06.700+0000][214.700s][info][gc,heap        ] GC(1814) Tenured: 19887K(22464K)->19889K(22464K)
[2025-04-17T09:24:06.700+0000][214.700s][info][gc,metaspace   ] GC(1814) Metaspace: 37438K(37760K)->37438K(37760K) NonClass: 33012K(33152K)->33012K(33152K) Class: 4425K(4608K)->4425K(4608K)
[2025-04-17T09:24:06.700+0000][214.700s][info][gc             ] GC(1814) Pause Young (Allocation Failure) 28M->19M(31M) 1.475ms
[2025-04-17T09:24:06.700+0000][214.700s][info][gc,cpu         ] GC(1814) User=0.00s Sys=0.00s Real=0.00s
[2025-04-17T09:24:06.801+0000][214.801s][info][gc,start       ] GC(1815) Pause Young (Allocation Failure)
[2025-04-17T09:24:06.802+0000][214.803s][info][gc,heap        ] GC(1815) DefNew: 9195K(10176K)->129K(10176K) Eden: 9087K(9088K)->0K(9088K) From: 108K(1088K)->129K(1088K)
[2025-04-17T09:24:06.802+0000][214.803s][info][gc,heap        ] GC(1815) Tenured: 19889K(22464K)->19889K(22464K)
[2025-04-17T09:24:06.802+0000][214.803s][info][gc,metaspace   ] GC(1815) Metaspace: 37438K(37760K)->37438K(37760K) NonClass: 33012K(33152K)->33012K(33152K) Class: 4425K(4608K)->4425K(4608K)
[2025-04-17T09:24:06.802+0000][214.803s][info][gc             ] GC(1815) Pause Young (Allocation Failure) 28M->19M(31M) 1.488ms
[2025-04-17T09:24:06.802+0000][214.803s][info][gc,cpu         ] GC(1815) User=0.00s Sys=0.00s Real=0.00s
[2025-04-17T09:24:06.868+0000][214.869s][info][gc,start       ] GC(1816) Pause Young (Allocation Failure)
[2025-04-17T09:24:06.869+0000][214.870s][info][gc,heap        ] GC(1816) DefNew: 9217K(10176K)->86K(10176K) Eden: 9088K(9088K)->0K(9088K) From: 129K(1088K)->86K(1088K)
[2025-04-17T09:24:06.869+0000][214.870s][info][gc,heap        ] GC(1816) Tenured: 19889K(22464K)->19890K(22464K)
[2025-04-17T09:24:06.869+0000][214.870s][info][gc,metaspace   ] GC(1816) Metaspace: 37438K(37760K)->37438K(37760K) NonClass: 33012K(33152K)->33012K(33152K) Class: 4425K(4608K)->4425K(4608K)
[2025-04-17T09:24:06.869+0000][214.870s][info][gc             ] GC(1816) Pause Young (Allocation Failure) 28M->19M(31M) 1.500ms
[2025-04-17T09:24:06.869+0000][214.870s][info][gc,cpu         ] GC(1816) User=0.00s Sys=0.00s Real=0.00s
[2025-04-17T09:24:07.008+0000][215.009s][info][gc,start       ] GC(1817) Pause Young (Allocation Failure)
[2025-04-17T09:24:07.009+0000][215.010s][info][gc,heap        ] GC(1817) DefNew: 9170K(10176K)->71K(10176K) Eden: 9084K(9088K)->0K(9088K) From: 86K(1088K)->71K(1088K)
[2025-04-17T09:24:07.009+0000][215.010s][info][gc,heap        ] GC(1817) Tenured: 19890K(22464K)->19893K(22464K)
[2025-04-17T09:24:07.009+0000][215.010s][info][gc,metaspace   ] GC(1817) Metaspace: 37438K(37760K)->37438K(37760K) NonClass: 33012K(33152K)->33012K(33152K) Class: 4425K(4608K)->4425K(4608K)
[2025-04-17T09:24:07.009+0000][215.010s][info][gc             ] GC(1817) Pause Young (Allocation Failure) 28M->19M(31M) 1.330ms
[2025-04-17T09:24:07.009+0000][215.010s][info][gc,cpu         ] GC(1817) User=0.00s Sys=0.00s Real=0.00s
[2025-04-17T09:24:07.119+0000][215.120s][info][gc,start       ] GC(1818) Pause Young (Allocation Failure)
[2025-04-17T09:24:07.121+0000][215.121s][info][gc,heap        ] GC(1818) DefNew: 9156K(10176K)->123K(10176K) Eden: 9085K(9088K)->0K(9088K) From: 71K(1088K)->123K(1088K)
[2025-04-17T09:24:07.121+0000][215.121s][info][gc,heap        ] GC(1818) Tenured: 19893K(22464K)->19893K(22464K)
[2025-04-17T09:24:07.121+0000][215.121s][info][gc,metaspace   ] GC(1818) Metaspace: 37438K(37760K)->37438K(37760K) NonClass: 33012K(33152K)->33012K(33152K) Class: 4425K(4608K)->4425K(4608K)
[2025-04-17T09:24:07.121+0000][215.121s][info][gc             ] GC(1818) Pause Young (Allocation Failure) 28M->19M(31M) 1.533ms
[2025-04-17T09:24:07.121+0000][215.121s][info][gc,cpu         ] GC(1818) User=0.00s Sys=0.00s Real=0.00s
[2025-04-17T09:24:07.236+0000][215.237s][info][gc,start       ] GC(1819) Pause Young (Allocation Failure)
[2025-04-17T09:24:07.238+0000][215.238s][info][gc,heap        ] GC(1819) DefNew: 9200K(10176K)->87K(10176K) Eden: 9076K(9088K)->0K(9088K) From: 123K(1088K)->87K(1088K)
[2025-04-17T09:24:07.238+0000][215.238s][info][gc,heap        ] GC(1819) Tenured: 19893K(22464K)->19895K(22464K)
[2025-04-17T09:24:07.238+0000][215.238s][info][gc,metaspace   ] GC(1819) Metaspace: 37438K(37760K)->37438K(37760K) NonClass: 33012K(33152K)->33012K(33152K) Class: 4425K(4608K)->4425K(4608K)
[2025-04-17T09:24:07.238+0000][215.238s][info][gc             ] GC(1819) Pause Young (Allocation Failure) 28M->19M(31M) 1.381ms
[2025-04-17T09:24:07.238+0000][215.238s][info][gc,cpu         ] GC(1819) User=0.00s Sys=0.00s Real=0.00s
[2025-04-17T09:24:07.339+0000][215.339s][info][gc,start       ] GC(1820) Pause Young (Allocation Failure)
[2025-04-17T09:24:07.340+0000][215.341s][info][gc,heap        ] GC(1820) DefNew: 9175K(10176K)->99K(10176K) Eden: 9087K(9088K)->0K(9088K) From: 87K(1088K)->99K(1088K)
[2025-04-17T09:24:07.340+0000][215.341s][info][gc,heap        ] GC(1820) Tenured: 19895K(22464K)->19897K(22464K)
[2025-04-17T09:24:07.340+0000][215.341s][info][gc,metaspace   ] GC(1820) Metaspace: 37438K(37760K)->37438K(37760K) NonClass: 33012K(33152K)->33012K(33152K) Class: 4425K(4608K)->4425K(4608K)
[2025-04-17T09:24:07.340+0000][215.341s][info][gc             ] GC(1820) Pause Young (Allocation Failure) 28M->19M(31M) 1.384ms
[2025-04-17T09:24:07.340+0000][215.341s][info][gc,cpu         ] GC(1820) User=0.00s Sys=0.00s Real=0.00s
[2025-04-17T09:24:07.411+0000][215.411s][info][gc,start       ] GC(1821) Pause Young (Allocation Failure)
[2025-04-17T09:24:07.412+0000][215.413s][info][gc,heap        ] GC(1821) DefNew: 9187K(10176K)->79K(10176K) Eden: 9087K(9088K)->0K(9088K) From: 99K(1088K)->79K(1088K)
[2025-04-17T09:24:07.412+0000][215.413s][info][gc,heap        ] GC(1821) Tenured: 19897K(22464K)->19901K(22464K)
[2025-04-17T09:24:07.412+0000][215.413s][info][gc,metaspace   ] GC(1821) Metaspace: 37438K(37760K)->37438K(37760K) NonClass: 33012K(33152K)->33012K(33152K) Class: 4425K(4608K)->4425K(4608K)
[2025-04-17T09:24:07.412+0000][215.413s][info][gc             ] GC(1821) Pause Young (Allocation Failure) 28M->19M(31M) 1.450ms
[2025-04-17T09:24:07.412+0000][215.413s][info][gc,cpu         ] GC(1821) User=0.00s Sys=0.00s Real=0.00s
[2025-04-17T09:24:07.461+0000][215.462s][info][gc,start       ] GC(1822) Pause Young (Allocation Failure)
[2025-04-17T09:24:07.463+0000][215.463s][info][gc,heap        ] GC(1822) DefNew: 9167K(10176K)->95K(10176K) Eden: 9088K(9088K)->0K(9088K) From: 79K(1088K)->95K(1088K)
[2025-04-17T09:24:07.463+0000][215.463s][info][gc,heap        ] GC(1822) Tenured: 19901K(22464K)->19901K(22464K)
[2025-04-17T09:24:07.463+0000][215.463s][info][gc,metaspace   ] GC(1822) Metaspace: 37438K(37760K)->37438K(37760K) NonClass: 33012K(33152K)->33012K(33152K) Class: 4425K(4608K)->4425K(4608K)
[2025-04-17T09:24:07.463+0000][215.463s][info][gc             ] GC(1822) Pause Young (Allocation Failure) 28M->19M(31M) 1.558ms
[2025-04-17T09:24:07.463+0000][215.463s][info][gc,cpu         ] GC(1822) User=0.00s Sys=0.00s Real=0.00s
[2025-04-17T09:24:07.568+0000][215.569s][info][gc,start       ] GC(1823) Pause Young (Allocation Failure)
[2025-04-17T09:24:07.569+0000][215.570s][info][gc,heap        ] GC(1823) DefNew: 9183K(10176K)->96K(10176K) Eden: 9088K(9088K)->0K(9088K) From: 95K(1088K)->96K(1088K)
[2025-04-17T09:24:07.569+0000][215.570s][info][gc,heap        ] GC(1823) Tenured: 19901K(22464K)->19901K(22464K)
[2025-04-17T09:24:07.569+0000][215.570s][info][gc,metaspace   ] GC(1823) Metaspace: 37438K(37760K)->37438K(37760K) NonClass: 33012K(33152K)->33012K(33152K) Class: 4425K(4608K)->4425K(4608K)
[2025-04-17T09:24:07.569+0000][215.570s][info][gc             ] GC(1823) Pause Young (Allocation Failure) 28M->19M(31M) 1.401ms
[2025-04-17T09:24:07.569+0000][215.570s][info][gc,cpu         ] GC(1823) User=0.00s Sys=0.00s Real=0.00s
[2025-04-17T09:24:07.680+0000][215.681s][info][gc,start       ] GC(1824) Pause Young (Allocation Failure)
[2025-04-17T09:24:07.682+0000][215.682s][info][gc,heap        ] GC(1824) DefNew: 9184K(10176K)->99K(10176K) Eden: 9088K(9088K)->0K(9088K) From: 96K(1088K)->99K(1088K)
[2025-04-17T09:24:07.682+0000][215.682s][info][gc,heap        ] GC(1824) Tenured: 19901K(22464K)->19901K(22464K)
[2025-04-17T09:24:07.682+0000][215.682s][info][gc,metaspace   ] GC(1824) Metaspace: 37438K(37760K)->37438K(37760K) NonClass: 33012K(33152K)->33012K(33152K) Class: 4425K(4608K)->4425K(4608K)
[2025-04-17T09:24:07.682+0000][215.682s][info][gc             ] GC(1824) Pause Young (Allocation Failure) 28M->19M(31M) 1.370ms
[2025-04-17T09:24:07.682+0000][215.682s][info][gc,cpu         ] GC(1824) User=0.00s Sys=0.00s Real=0.00s
[2025-04-17T09:24:07.812+0000][215.813s][info][gc,start       ] GC(1825) Pause Young (Allocation Failure)
[2025-04-17T09:24:07.814+0000][215.814s][info][gc,heap        ] GC(1825) DefNew: 9187K(10176K)->85K(10176K) Eden: 9088K(9088K)->0K(9088K) From: 99K(1088K)->85K(1088K)
[2025-04-17T09:24:07.814+0000][215.814s][info][gc,heap        ] GC(1825) Tenured: 19901K(22464K)->19902K(22464K)
[2025-04-17T09:24:07.814+0000][215.815s][info][gc,metaspace   ] GC(1825) Metaspace: 37438K(37760K)->37438K(37760K) NonClass: 33012K(33152K)->33012K(33152K) Class: 4425K(4608K)->4425K(4608K)
[2025-04-17T09:24:07.814+0000][215.815s][info][gc             ] GC(1825) Pause Young (Allocation Failure) 28M->19M(31M) 1.549ms
[2025-04-17T09:24:07.814+0000][215.815s][info][gc,cpu         ] GC(1825) User=0.01s Sys=0.00s Real=0.00s
[2025-04-17T09:24:08.018+0000][216.018s][info][gc,start       ] GC(1826) Pause Young (Allocation Failure)
[2025-04-17T09:24:08.019+0000][216.020s][info][gc,heap        ] GC(1826) DefNew: 9173K(10176K)->76K(10176K) Eden: 9088K(9088K)->0K(9088K) From: 85K(1088K)->76K(1088K)
[2025-04-17T09:24:08.019+0000][216.020s][info][gc,heap        ] GC(1826) Tenured: 19902K(22464K)->19904K(22464K)
[2025-04-17T09:24:08.019+0000][216.020s][info][gc,metaspace   ] GC(1826) Metaspace: 37438K(37760K)->37438K(37760K) NonClass: 33012K(33152K)->33012K(33152K) Class: 4425K(4608K)->4425K(4608K)
[2025-04-17T09:24:08.019+0000][216.020s][info][gc             ] GC(1826) Pause Young (Allocation Failure) 28M->19M(31M) 1.583ms
[2025-04-17T09:24:08.019+0000][216.020s][info][gc,cpu         ] GC(1826) User=0.01s Sys=0.00s Real=0.00s
[2025-04-17T09:24:08.102+0000][216.102s][info][gc,start       ] GC(1827) Pause Young (Allocation Failure)
[2025-04-17T09:24:08.103+0000][216.104s][info][gc,heap        ] GC(1827) DefNew: 9164K(10176K)->91K(10176K) Eden: 9087K(9088K)->0K(9088K) From: 76K(1088K)->91K(1088K)
[2025-04-17T09:24:08.103+0000][216.104s][info][gc,heap        ] GC(1827) Tenured: 19904K(22464K)->19904K(22464K)
[2025-04-17T09:24:08.103+0000][216.104s][info][gc,metaspace   ] GC(1827) Metaspace: 37438K(37760K)->37438K(37760K) NonClass: 33012K(33152K)->33012K(33152K) Class: 4425K(4608K)->4425K(4608K)
[2025-04-17T09:24:08.103+0000][216.104s][info][gc             ] GC(1827) Pause Young (Allocation Failure) 28M->19M(31M) 1.441ms
[2025-04-17T09:24:08.103+0000][216.104s][info][gc,cpu         ] GC(1827) User=0.00s Sys=0.00s Real=0.00s
[2025-04-17T09:24:08.293+0000][216.294s][info][gc,start       ] GC(1828) Pause Young (Allocation Failure)
[2025-04-17T09:24:08.295+0000][216.296s][info][gc,heap        ] GC(1828) DefNew: 9179K(10176K)->92K(10176K) Eden: 9087K(9088K)->0K(9088K) From: 91K(1088K)->92K(1088K)
[2025-04-17T09:24:08.295+0000][216.296s][info][gc,heap        ] GC(1828) Tenured: 19904K(22464K)->19904K(22464K)
[2025-04-17T09:24:08.295+0000][216.296s][info][gc,metaspace   ] GC(1828) Metaspace: 37438K(37760K)->37438K(37760K) NonClass: 33012K(33152K)->33012K(33152K) Class: 4425K(4608K)->4425K(4608K)
[2025-04-17T09:24:08.295+0000][216.296s][info][gc             ] GC(1828) Pause Young (Allocation Failure) 28M->19M(31M) 1.644ms
[2025-04-17T09:24:08.295+0000][216.296s][info][gc,cpu         ] GC(1828) User=0.00s Sys=0.00s Real=0.01s
[2025-04-17T09:24:08.440+0000][216.441s][info][gc,start       ] GC(1829) Pause Young (Allocation Failure)
[2025-04-17T09:24:08.442+0000][216.442s][info][gc,heap        ] GC(1829) DefNew: 9180K(10176K)->92K(10176K) Eden: 9088K(9088K)->0K(9088K) From: 92K(1088K)->92K(1088K)
[2025-04-17T09:24:08.442+0000][216.442s][info][gc,heap        ] GC(1829) Tenured: 19904K(22464K)->19905K(22464K)
[2025-04-17T09:24:08.442+0000][216.442s][info][gc,metaspace   ] GC(1829) Metaspace: 37438K(37760K)->37438K(37760K) NonClass: 33012K(33152K)->33012K(33152K) Class: 4425K(4608K)->4425K(4608K)
[2025-04-17T09:24:08.442+0000][216.442s][info][gc             ] GC(1829) Pause Young (Allocation Failure) 28M->19M(31M) 1.607ms
[2025-04-17T09:24:08.442+0000][216.442s][info][gc,cpu         ] GC(1829) User=0.00s Sys=0.00s Real=0.00s
[2025-04-17T09:24:08.654+0000][216.655s][info][gc,start       ] GC(1830) Pause Young (Allocation Failure)
[2025-04-17T09:24:08.656+0000][216.656s][info][gc,heap        ] GC(1830) DefNew: 9180K(10176K)->80K(10176K) Eden: 9088K(9088K)->0K(9088K) From: 92K(1088K)->80K(1088K)
[2025-04-17T09:24:08.656+0000][216.657s][info][gc,heap        ] GC(1830) Tenured: 19905K(22464K)->19905K(22464K)
[2025-04-17T09:24:08.656+0000][216.657s][info][gc,metaspace   ] GC(1830) Metaspace: 37438K(37760K)->37438K(37760K) NonClass: 33012K(33152K)->33012K(33152K) Class: 4425K(4608K)->4425K(4608K)
[2025-04-17T09:24:08.656+0000][216.657s][info][gc             ] GC(1830) Pause Young (Allocation Failure) 28M->19M(31M) 1.421ms
[2025-04-17T09:24:08.656+0000][216.657s][info][gc,cpu         ] GC(1830) User=0.00s Sys=0.00s Real=0.00s
[2025-04-17T09:24:08.759+0000][216.760s][info][gc,start       ] GC(1831) Pause Young (Allocation Failure)
[2025-04-17T09:24:08.761+0000][216.761s][info][gc,heap        ] GC(1831) DefNew: 9168K(10176K)->97K(10176K) Eden: 9088K(9088K)->0K(9088K) From: 80K(1088K)->97K(1088K)
[2025-04-17T09:24:08.761+0000][216.761s][info][gc,heap        ] GC(1831) Tenured: 19905K(22464K)->19905K(22464K)
[2025-04-17T09:24:08.761+0000][216.761s][info][gc,metaspace   ] GC(1831) Metaspace: 37438K(37760K)->37438K(37760K) NonClass: 33012K(33152K)->33012K(33152K) Class: 4425K(4608K)->4425K(4608K)
[2025-04-17T09:24:08.761+0000][216.761s][info][gc             ] GC(1831) Pause Young (Allocation Failure) 28M->19M(31M) 1.434ms
[2025-04-17T09:24:08.761+0000][216.761s][info][gc,cpu         ] GC(1831) User=0.00s Sys=0.00s Real=0.00s
[2025-04-17T09:24:08.873+0000][216.873s][info][gc,start       ] GC(1832) Pause Young (Allocation Failure)
[2025-04-17T09:24:08.874+0000][216.875s][info][gc,heap        ] GC(1832) DefNew: 9185K(10176K)->81K(10176K) Eden: 9087K(9088K)->0K(9088K) From: 97K(1088K)->81K(1088K)
[2025-04-17T09:24:08.874+0000][216.875s][info][gc,heap        ] GC(1832) Tenured: 19905K(22464K)->19905K(22464K)
[2025-04-17T09:24:08.874+0000][216.875s][info][gc,metaspace   ] GC(1832) Metaspace: 37438K(37760K)->37438K(37760K) NonClass: 33012K(33152K)->33012K(33152K) Class: 4425K(4608K)->4425K(4608K)
[2025-04-17T09:24:08.874+0000][216.875s][info][gc             ] GC(1832) Pause Young (Allocation Failure) 28M->19M(31M) 1.514ms
[2025-04-17T09:24:08.874+0000][216.875s][info][gc,cpu         ] GC(1832) User=0.01s Sys=0.00s Real=0.01s
[2025-04-17T09:24:08.957+0000][216.958s][info][gc,start       ] GC(1833) Pause Young (Allocation Failure)
[2025-04-17T09:24:08.959+0000][216.959s][info][gc,heap        ] GC(1833) DefNew: 9169K(10176K)->76K(10176K) Eden: 9088K(9088K)->0K(9088K) From: 81K(1088K)->76K(1088K)
[2025-04-17T09:24:08.959+0000][216.959s][info][gc,heap        ] GC(1833) Tenured: 19905K(22464K)->19907K(22464K)
[2025-04-17T09:24:08.959+0000][216.959s][info][gc,metaspace   ] GC(1833) Metaspace: 37438K(37760K)->37438K(37760K) NonClass: 33012K(33152K)->33012K(33152K) Class: 4425K(4608K)->4425K(4608K)
[2025-04-17T09:24:08.959+0000][216.959s][info][gc             ] GC(1833) Pause Young (Allocation Failure) 28M->19M(31M) 1.370ms
[2025-04-17T09:24:08.959+0000][216.959s][info][gc,cpu         ] GC(1833) User=0.00s Sys=0.00s Real=0.00s
[2025-04-17T09:24:09.115+0000][217.115s][info][gc,start       ] GC(1834) Pause Young (Allocation Failure)
[2025-04-17T09:24:09.116+0000][217.117s][info][gc,heap        ] GC(1834) DefNew: 9164K(10176K)->172K(10176K) Eden: 9088K(9088K)->0K(9088K) From: 76K(1088K)->172K(1088K)
[2025-04-17T09:24:09.116+0000][217.117s][info][gc,heap        ] GC(1834) Tenured: 19907K(22464K)->19907K(22464K)
[2025-04-17T09:24:09.116+0000][217.117s][info][gc,metaspace   ] GC(1834) Metaspace: 37438K(37760K)->37438K(37760K) NonClass: 33012K(33152K)->33012K(33152K) Class: 4425K(4608K)->4425K(4608K)
[2025-04-17T09:24:09.116+0000][217.117s][info][gc             ] GC(1834) Pause Young (Allocation Failure) 28M->19M(31M) 1.648ms
[2025-04-17T09:24:09.116+0000][217.117s][info][gc,cpu         ] GC(1834) User=0.00s Sys=0.00s Real=0.00s
[2025-04-17T09:24:09.289+0000][217.289s][info][gc,start       ] GC(1835) Pause Young (Allocation Failure)
[2025-04-17T09:24:09.290+0000][217.291s][info][gc,heap        ] GC(1835) DefNew: 9260K(10176K)->99K(10176K) Eden: 9087K(9088K)->0K(9088K) From: 172K(1088K)->99K(1088K)
[2025-04-17T09:24:09.290+0000][217.291s][info][gc,heap        ] GC(1835) Tenured: 19907K(22464K)->19907K(22464K)
[2025-04-17T09:24:09.290+0000][217.291s][info][gc,metaspace   ] GC(1835) Metaspace: 37438K(37760K)->37438K(37760K) NonClass: 33012K(33152K)->33012K(33152K) Class: 4425K(4608K)->4425K(4608K)
[2025-04-17T09:24:09.290+0000][217.291s][info][gc             ] GC(1835) Pause Young (Allocation Failure) 28M->19M(31M) 1.491ms
[2025-04-17T09:24:09.290+0000][217.291s][info][gc,cpu         ] GC(1835) User=0.00s Sys=0.00s Real=0.00s
[2025-04-17T09:24:09.374+0000][217.374s][info][gc,start       ] GC(1836) Pause Young (Allocation Failure)
[2025-04-17T09:24:09.375+0000][217.376s][info][gc,heap        ] GC(1836) DefNew: 9186K(10176K)->100K(10176K) Eden: 9087K(9088K)->0K(9088K) From: 99K(1088K)->100K(1088K)
[2025-04-17T09:24:09.375+0000][217.376s][info][gc,heap        ] GC(1836) Tenured: 19907K(22464K)->19907K(22464K)
[2025-04-17T09:24:09.375+0000][217.376s][info][gc,metaspace   ] GC(1836) Metaspace: 37438K(37760K)->37438K(37760K) NonClass: 33012K(33152K)->33012K(33152K) Class: 4425K(4608K)->4425K(4608K)
[2025-04-17T09:24:09.375+0000][217.376s][info][gc             ] GC(1836) Pause Young (Allocation Failure) 28M->19M(31M) 1.415ms
[2025-04-17T09:24:09.375+0000][217.376s][info][gc,cpu         ] GC(1836) User=0.00s Sys=0.00s Real=0.01s
[2025-04-17T09:24:09.468+0000][217.469s][info][gc,start       ] GC(1837) Pause Young (Allocation Failure)
[2025-04-17T09:24:09.470+0000][217.470s][info][gc,heap        ] GC(1837) DefNew: 9188K(10176K)->100K(10176K) Eden: 9087K(9088K)->0K(9088K) From: 100K(1088K)->100K(1088K)
[2025-04-17T09:24:09.470+0000][217.470s][info][gc,heap        ] GC(1837) Tenured: 19907K(22464K)->19909K(22464K)
[2025-04-17T09:24:09.470+0000][217.470s][info][gc,metaspace   ] GC(1837) Metaspace: 37438K(37760K)->37438K(37760K) NonClass: 33012K(33152K)->33012K(33152K) Class: 4425K(4608K)->4425K(4608K)
[2025-04-17T09:24:09.470+0000][217.470s][info][gc             ] GC(1837) Pause Young (Allocation Failure) 28M->19M(31M) 1.420ms
[2025-04-17T09:24:09.470+0000][217.470s][info][gc,cpu         ] GC(1837) User=0.00s Sys=0.00s Real=0.00s
[2025-04-17T09:24:09.549+0000][217.550s][info][gc,start       ] GC(1838) Pause Young (Allocation Failure)
[2025-04-17T09:24:09.551+0000][217.551s][info][gc,heap        ] GC(1838) DefNew: 9188K(10176K)->149K(10176K) Eden: 9088K(9088K)->0K(9088K) From: 100K(1088K)->149K(1088K)
[2025-04-17T09:24:09.551+0000][217.551s][info][gc,heap        ] GC(1838) Tenured: 19909K(22464K)->19910K(22464K)
[2025-04-17T09:24:09.551+0000][217.551s][info][gc,metaspace   ] GC(1838) Metaspace: 37438K(37760K)->37438K(37760K) NonClass: 33012K(33152K)->33012K(33152K) Class: 4425K(4608K)->4425K(4608K)
[2025-04-17T09:24:09.551+0000][217.551s][info][gc             ] GC(1838) Pause Young (Allocation Failure) 28M->19M(31M) 1.522ms
[2025-04-17T09:24:09.551+0000][217.551s][info][gc,cpu         ] GC(1838) User=0.00s Sys=0.00s Real=0.00s
[2025-04-17T09:24:09.691+0000][217.691s][info][gc,start       ] GC(1839) Pause Young (Allocation Failure)
[2025-04-17T09:24:09.692+0000][217.693s][info][gc,heap        ] GC(1839) DefNew: 9237K(10176K)->127K(10176K) Eden: 9088K(9088K)->0K(9088K) From: 149K(1088K)->127K(1088K)
[2025-04-17T09:24:09.692+0000][217.693s][info][gc,heap        ] GC(1839) Tenured: 19910K(22464K)->19910K(22464K)
[2025-04-17T09:24:09.692+0000][217.693s][info][gc,metaspace   ] GC(1839) Metaspace: 37438K(37760K)->37438K(37760K) NonClass: 33012K(33152K)->33012K(33152K) Class: 4425K(4608K)->4425K(4608K)
[2025-04-17T09:24:09.692+0000][217.693s][info][gc             ] GC(1839) Pause Young (Allocation Failure) 28M->19M(31M) 1.491ms
[2025-04-17T09:24:09.692+0000][217.693s][info][gc,cpu         ] GC(1839) User=0.00s Sys=0.00s Real=0.00s
[2025-04-17T09:24:09.877+0000][217.878s][info][gc,start       ] GC(1840) Pause Young (Allocation Failure)
[2025-04-17T09:24:09.878+0000][217.879s][info][gc,heap        ] GC(1840) DefNew: 9208K(10176K)->121K(10176K) Eden: 9080K(9088K)->0K(9088K) From: 127K(1088K)->121K(1088K)
[2025-04-17T09:24:09.878+0000][217.879s][info][gc,heap        ] GC(1840) Tenured: 19910K(22464K)->19910K(22464K)
[2025-04-17T09:24:09.878+0000][217.879s][info][gc,metaspace   ] GC(1840) Metaspace: 37438K(37760K)->37438K(37760K) NonClass: 33012K(33152K)->33012K(33152K) Class: 4425K(4608K)->4425K(4608K)
[2025-04-17T09:24:09.878+0000][217.879s][info][gc             ] GC(1840) Pause Young (Allocation Failure) 28M->19M(31M) 1.518ms
[2025-04-17T09:24:09.878+0000][217.879s][info][gc,cpu         ] GC(1840) User=0.00s Sys=0.00s Real=0.00s
[2025-04-17T09:24:10.012+0000][218.013s][info][gc,start       ] GC(1841) Pause Young (Allocation Failure)
[2025-04-17T09:24:10.014+0000][218.014s][info][gc,heap        ] GC(1841) DefNew: 9209K(10176K)->133K(10176K) Eden: 9088K(9088K)->0K(9088K) From: 121K(1088K)->133K(1088K)
[2025-04-17T09:24:10.014+0000][218.014s][info][gc,heap        ] GC(1841) Tenured: 19910K(22464K)->19911K(22464K)
[2025-04-17T09:24:10.014+0000][218.014s][info][gc,metaspace   ] GC(1841) Metaspace: 37438K(37760K)->37438K(37760K) NonClass: 33012K(33152K)->33012K(33152K) Class: 4425K(4608K)->4425K(4608K)
[2025-04-17T09:24:10.014+0000][218.014s][info][gc             ] GC(1841) Pause Young (Allocation Failure) 28M->19M(31M) 1.492ms
[2025-04-17T09:24:10.014+0000][218.014s][info][gc,cpu         ] GC(1841) User=0.00s Sys=0.00s Real=0.00s
[2025-04-17T09:24:10.181+0000][218.181s][info][gc,start       ] GC(1842) Pause Young (Allocation Failure)
[2025-04-17T09:24:10.182+0000][218.183s][info][gc,heap        ] GC(1842) DefNew: 9221K(10176K)->144K(10176K) Eden: 9088K(9088K)->0K(9088K) From: 133K(1088K)->144K(1088K)
[2025-04-17T09:24:10.182+0000][218.183s][info][gc,heap        ] GC(1842) Tenured: 19911K(22464K)->19911K(22464K)
[2025-04-17T09:24:10.182+0000][218.183s][info][gc,metaspace   ] GC(1842) Metaspace: 37438K(37760K)->37438K(37760K) NonClass: 33012K(33152K)->33012K(33152K) Class: 4425K(4608K)->4425K(4608K)
[2025-04-17T09:24:10.182+0000][218.183s][info][gc             ] GC(1842) Pause Young (Allocation Failure) 28M->19M(31M) 1.491ms
[2025-04-17T09:24:10.182+0000][218.183s][info][gc,cpu         ] GC(1842) User=0.00s Sys=0.00s Real=0.00s
[2025-04-17T09:24:10.399+0000][218.400s][info][gc,start       ] GC(1843) Pause Young (Allocation Failure)
[2025-04-17T09:24:10.401+0000][218.401s][info][gc,heap        ] GC(1843) DefNew: 9232K(10176K)->135K(10176K) Eden: 9088K(9088K)->0K(9088K) From: 144K(1088K)->135K(1088K)
[2025-04-17T09:24:10.401+0000][218.401s][info][gc,heap        ] GC(1843) Tenured: 19911K(22464K)->19914K(22464K)
[2025-04-17T09:24:10.401+0000][218.401s][info][gc,metaspace   ] GC(1843) Metaspace: 37438K(37760K)->37438K(37760K) NonClass: 33012K(33152K)->33012K(33152K) Class: 4425K(4608K)->4425K(4608K)
[2025-04-17T09:24:10.401+0000][218.401s][info][gc             ] GC(1843) Pause Young (Allocation Failure) 28M->19M(31M) 1.468ms
[2025-04-17T09:24:10.401+0000][218.401s][info][gc,cpu         ] GC(1843) User=0.00s Sys=0.00s Real=0.00s
[2025-04-17T09:24:10.482+0000][218.482s][info][gc,start       ] GC(1844) Pause Young (Allocation Failure)
[2025-04-17T09:24:10.483+0000][218.484s][info][gc,heap        ] GC(1844) DefNew: 9222K(10176K)->119K(10176K) Eden: 9087K(9088K)->0K(9088K) From: 135K(1088K)->119K(1088K)
[2025-04-17T09:24:10.483+0000][218.484s][info][gc,heap        ] GC(1844) Tenured: 19914K(22464K)->19914K(22464K)
[2025-04-17T09:24:10.483+0000][218.484s][info][gc,metaspace   ] GC(1844) Metaspace: 37438K(37760K)->37438K(37760K) NonClass: 33012K(33152K)->33012K(33152K) Class: 4425K(4608K)->4425K(4608K)
[2025-04-17T09:24:10.483+0000][218.484s][info][gc             ] GC(1844) Pause Young (Allocation Failure) 28M->19M(31M) 1.355ms
[2025-04-17T09:24:10.483+0000][218.484s][info][gc,cpu         ] GC(1844) User=0.00s Sys=0.00s Real=0.00s
[2025-04-17T09:24:10.541+0000][218.542s][info][gc,start       ] GC(1845) Pause Young (Allocation Failure)
[2025-04-17T09:24:10.543+0000][218.543s][info][gc,heap        ] GC(1845) DefNew: 9207K(10176K)->138K(10176K) Eden: 9088K(9088K)->0K(9088K) From: 119K(1088K)->138K(1088K)
[2025-04-17T09:24:10.543+0000][218.543s][info][gc,heap        ] GC(1845) Tenured: 19914K(22464K)->19914K(22464K)
[2025-04-17T09:24:10.543+0000][218.543s][info][gc,metaspace   ] GC(1845) Metaspace: 37438K(37760K)->37438K(37760K) NonClass: 33012K(33152K)->33012K(33152K) Class: 4425K(4608K)->4425K(4608K)
[2025-04-17T09:24:10.543+0000][218.543s][info][gc             ] GC(1845) Pause Young (Allocation Failure) 28M->19M(31M) 1.336ms
[2025-04-17T09:24:10.543+0000][218.543s][info][gc,cpu         ] GC(1845) User=0.00s Sys=0.00s Real=0.00s
[2025-04-17T09:24:10.600+0000][218.600s][info][gc,start       ] GC(1846) Pause Young (Allocation Failure)
[2025-04-17T09:24:10.601+0000][218.602s][info][gc,heap        ] GC(1846) DefNew: 9226K(10176K)->123K(10176K) Eden: 9088K(9088K)->0K(9088K) From: 138K(1088K)->123K(1088K)
[2025-04-17T09:24:10.601+0000][218.602s][info][gc,heap        ] GC(1846) Tenured: 19914K(22464K)->19914K(22464K)
[2025-04-17T09:24:10.601+0000][218.602s][info][gc,metaspace   ] GC(1846) Metaspace: 37438K(37760K)->37438K(37760K) NonClass: 33012K(33152K)->33012K(33152K) Class: 4425K(4608K)->4425K(4608K)
[2025-04-17T09:24:10.601+0000][218.602s][info][gc             ] GC(1846) Pause Young (Allocation Failure) 28M->19M(31M) 1.266ms
[2025-04-17T09:24:10.601+0000][218.602s][info][gc,cpu         ] GC(1846) User=0.00s Sys=0.00s Real=0.00s
[2025-04-17T09:24:10.742+0000][218.742s][info][gc,start       ] GC(1847) Pause Young (Allocation Failure)
[2025-04-17T09:24:10.743+0000][218.744s][info][gc,heap        ] GC(1847) DefNew: 9211K(10176K)->146K(10176K) Eden: 9087K(9088K)->0K(9088K) From: 123K(1088K)->146K(1088K)
[2025-04-17T09:24:10.743+0000][218.744s][info][gc,heap        ] GC(1847) Tenured: 19914K(22464K)->19914K(22464K)
[2025-04-17T09:24:10.743+0000][218.744s][info][gc,metaspace   ] GC(1847) Metaspace: 37438K(37760K)->37438K(37760K) NonClass: 33012K(33152K)->33012K(33152K) Class: 4425K(4608K)->4425K(4608K)
[2025-04-17T09:24:10.743+0000][218.744s][info][gc             ] GC(1847) Pause Young (Allocation Failure) 28M->19M(31M) 1.422ms
[2025-04-17T09:24:10.743+0000][218.744s][info][gc,cpu         ] GC(1847) User=0.00s Sys=0.00s Real=0.00s
[2025-04-17T09:24:10.897+0000][218.898s][info][gc,start       ] GC(1848) Pause Young (Allocation Failure)
[2025-04-17T09:24:10.898+0000][218.899s][info][gc,heap        ] GC(1848) DefNew: 9234K(10176K)->181K(10176K) Eden: 9088K(9088K)->0K(9088K) From: 146K(1088K)->181K(1088K)
[2025-04-17T09:24:10.898+0000][218.899s][info][gc,heap        ] GC(1848) Tenured: 19914K(22464K)->19915K(22464K)
[2025-04-17T09:24:10.898+0000][218.899s][info][gc,metaspace   ] GC(1848) Metaspace: 37438K(37760K)->37438K(37760K) NonClass: 33012K(33152K)->33012K(33152K) Class: 4425K(4608K)->4425K(4608K)
[2025-04-17T09:24:10.898+0000][218.899s][info][gc             ] GC(1848) Pause Young (Allocation Failure) 28M->19M(31M) 1.430ms
[2025-04-17T09:24:10.898+0000][218.899s][info][gc,cpu         ] GC(1848) User=0.00s Sys=0.00s Real=0.00s
[2025-04-17T09:24:10.988+0000][218.988s][info][gc,start       ] GC(1849) Pause Young (Allocation Failure)
[2025-04-17T09:24:10.989+0000][218.990s][info][gc,heap        ] GC(1849) DefNew: 9269K(10176K)->148K(10176K) Eden: 9088K(9088K)->0K(9088K) From: 181K(1088K)->148K(1088K)
[2025-04-17T09:24:10.989+0000][218.990s][info][gc,heap        ] GC(1849) Tenured: 19915K(22464K)->19932K(22464K)
[2025-04-17T09:24:10.989+0000][218.990s][info][gc,metaspace   ] GC(1849) Metaspace: 37438K(37760K)->37438K(37760K) NonClass: 33012K(33152K)->33012K(33152K) Class: 4425K(4608K)->4425K(4608K)
[2025-04-17T09:24:10.989+0000][218.990s][info][gc             ] GC(1849) Pause Young (Allocation Failure) 28M->19M(31M) 1.428ms
[2025-04-17T09:24:10.989+0000][218.990s][info][gc,cpu         ] GC(1849) User=0.00s Sys=0.00s Real=0.00s
[2025-04-17T09:24:11.126+0000][219.126s][info][gc,start       ] GC(1850) Pause Young (Allocation Failure)
[2025-04-17T09:24:11.127+0000][219.128s][info][gc,heap        ] GC(1850) DefNew: 9236K(10176K)->149K(10176K) Eden: 9088K(9088K)->0K(9088K) From: 148K(1088K)->149K(1088K)
[2025-04-17T09:24:11.127+0000][219.128s][info][gc,heap        ] GC(1850) Tenured: 19932K(22464K)->19933K(22464K)
[2025-04-17T09:24:11.127+0000][219.128s][info][gc,metaspace   ] GC(1850) Metaspace: 37438K(37760K)->37438K(37760K) NonClass: 33012K(33152K)->33012K(33152K) Class: 4425K(4608K)->4425K(4608K)
[2025-04-17T09:24:11.127+0000][219.128s][info][gc             ] GC(1850) Pause Young (Allocation Failure) 28M->19M(31M) 1.570ms
[2025-04-17T09:24:11.127+0000][219.128s][info][gc,cpu         ] GC(1850) User=0.00s Sys=0.00s Real=0.00s
[2025-04-17T09:24:11.223+0000][219.223s][info][gc,start       ] GC(1851) Pause Young (Allocation Failure)
[2025-04-17T09:24:11.224+0000][219.225s][info][gc,heap        ] GC(1851) DefNew: 9237K(10176K)->191K(10176K) Eden: 9088K(9088K)->0K(9088K) From: 149K(1088K)->191K(1088K)
[2025-04-17T09:24:11.224+0000][219.225s][info][gc,heap        ] GC(1851) Tenured: 19933K(22464K)->19934K(22464K)
[2025-04-17T09:24:11.224+0000][219.225s][info][gc,metaspace   ] GC(1851) Metaspace: 37438K(37760K)->37438K(37760K) NonClass: 33012K(33152K)->33012K(33152K) Class: 4425K(4608K)->4425K(4608K)
[2025-04-17T09:24:11.224+0000][219.225s][info][gc             ] GC(1851) Pause Young (Allocation Failure) 28M->19M(31M) 1.644ms
[2025-04-17T09:24:11.224+0000][219.225s][info][gc,cpu         ] GC(1851) User=0.00s Sys=0.00s Real=0.01s
[2025-04-17T09:24:11.406+0000][219.407s][info][gc,start       ] GC(1852) Pause Young (Allocation Failure)
[2025-04-17T09:24:11.408+0000][219.408s][info][gc,heap        ] GC(1852) DefNew: 9279K(10176K)->159K(10176K) Eden: 9087K(9088K)->0K(9088K) From: 191K(1088K)->159K(1088K)
[2025-04-17T09:24:11.408+0000][219.408s][info][gc,heap        ] GC(1852) Tenured: 19934K(22464K)->19937K(22464K)
[2025-04-17T09:24:11.408+0000][219.408s][info][gc,metaspace   ] GC(1852) Metaspace: 37438K(37760K)->37438K(37760K) NonClass: 33012K(33152K)->33012K(33152K) Class: 4425K(4608K)->4425K(4608K)
[2025-04-17T09:24:11.408+0000][219.408s][info][gc             ] GC(1852) Pause Young (Allocation Failure) 28M->19M(31M) 1.490ms
[2025-04-17T09:24:11.408+0000][219.408s][info][gc,cpu         ] GC(1852) User=0.00s Sys=0.00s Real=0.00s
[2025-04-17T09:24:11.495+0000][219.496s][info][gc,start       ] GC(1853) Pause Young (Allocation Failure)
[2025-04-17T09:24:11.497+0000][219.497s][info][gc,heap        ] GC(1853) DefNew: 9247K(10176K)->134K(10176K) Eden: 9087K(9088K)->0K(9088K) From: 159K(1088K)->134K(1088K)
[2025-04-17T09:24:11.497+0000][219.497s][info][gc,heap        ] GC(1853) Tenured: 19937K(22464K)->19937K(22464K)
[2025-04-17T09:24:11.497+0000][219.497s][info][gc,metaspace   ] GC(1853) Metaspace: 37438K(37760K)->37438K(37760K) NonClass: 33012K(33152K)->33012K(33152K) Class: 4425K(4608K)->4425K(4608K)
[2025-04-17T09:24:11.497+0000][219.497s][info][gc             ] GC(1853) Pause Young (Allocation Failure) 28M->19M(31M) 1.402ms
[2025-04-17T09:24:11.497+0000][219.497s][info][gc,cpu         ] GC(1853) User=0.00s Sys=0.00s Real=0.00s
[2025-04-17T09:24:11.761+0000][219.762s][info][gc,start       ] GC(1854) Pause Young (Allocation Failure)
[2025-04-17T09:24:11.763+0000][219.764s][info][gc,heap        ] GC(1854) DefNew: 9222K(10176K)->144K(10176K) Eden: 9087K(9088K)->0K(9088K) From: 134K(1088K)->144K(1088K)
[2025-04-17T09:24:11.763+0000][219.764s][info][gc,heap        ] GC(1854) Tenured: 19937K(22464K)->19937K(22464K)
[2025-04-17T09:24:11.763+0000][219.764s][info][gc,metaspace   ] GC(1854) Metaspace: 37438K(37760K)->37438K(37760K) NonClass: 33012K(33152K)->33012K(33152K) Class: 4425K(4608K)->4425K(4608K)
[2025-04-17T09:24:11.763+0000][219.764s][info][gc             ] GC(1854) Pause Young (Allocation Failure) 28M->19M(31M) 1.581ms
[2025-04-17T09:24:11.763+0000][219.764s][info][gc,cpu         ] GC(1854) User=0.00s Sys=0.00s Real=0.00s
[2025-04-17T09:24:11.910+0000][219.911s][info][gc,start       ] GC(1855) Pause Young (Allocation Failure)
[2025-04-17T09:24:11.912+0000][219.912s][info][gc,heap        ] GC(1855) DefNew: 9223K(10176K)->126K(10176K) Eden: 9079K(9088K)->0K(9088K) From: 144K(1088K)->126K(1088K)
[2025-04-17T09:24:11.912+0000][219.912s][info][gc,heap        ] GC(1855) Tenured: 19937K(22464K)->19958K(22464K)
[2025-04-17T09:24:11.912+0000][219.912s][info][gc,metaspace   ] GC(1855) Metaspace: 37438K(37760K)->37438K(37760K) NonClass: 33012K(33152K)->33012K(33152K) Class: 4425K(4608K)->4425K(4608K)
[2025-04-17T09:24:11.912+0000][219.912s][info][gc             ] GC(1855) Pause Young (Allocation Failure) 28M->19M(31M) 1.471ms
[2025-04-17T09:24:11.912+0000][219.912s][info][gc,cpu         ] GC(1855) User=0.00s Sys=0.00s Real=0.00s
[2025-04-17T09:24:12.050+0000][220.050s][info][gc,start       ] GC(1856) Pause Young (Allocation Failure)
[2025-04-17T09:24:12.051+0000][220.052s][info][gc,heap        ] GC(1856) DefNew: 9214K(10176K)->148K(10176K) Eden: 9088K(9088K)->0K(9088K) From: 126K(1088K)->148K(1088K)
[2025-04-17T09:24:12.051+0000][220.052s][info][gc,heap        ] GC(1856) Tenured: 19958K(22464K)->19958K(22464K)
[2025-04-17T09:24:12.051+0000][220.052s][info][gc,metaspace   ] GC(1856) Metaspace: 37438K(37760K)->37438K(37760K) NonClass: 33012K(33152K)->33012K(33152K) Class: 4425K(4608K)->4425K(4608K)
[2025-04-17T09:24:12.051+0000][220.052s][info][gc             ] GC(1856) Pause Young (Allocation Failure) 28M->19M(31M) 1.610ms
[2025-04-17T09:24:12.051+0000][220.052s][info][gc,cpu         ] GC(1856) User=0.00s Sys=0.00s Real=0.00s
[2025-04-17T09:24:12.153+0000][220.153s][info][gc,start       ] GC(1857) Pause Young (Allocation Failure)
[2025-04-17T09:24:12.154+0000][220.155s][info][gc,heap        ] GC(1857) DefNew: 9236K(10176K)->140K(10176K) Eden: 9088K(9088K)->0K(9088K) From: 148K(1088K)->140K(1088K)
[2025-04-17T09:24:12.154+0000][220.155s][info][gc,heap        ] GC(1857) Tenured: 19958K(22464K)->19959K(22464K)
[2025-04-17T09:24:12.154+0000][220.155s][info][gc,metaspace   ] GC(1857) Metaspace: 37438K(37760K)->37438K(37760K) NonClass: 33012K(33152K)->33012K(33152K) Class: 4425K(4608K)->4425K(4608K)
[2025-04-17T09:24:12.154+0000][220.155s][info][gc             ] GC(1857) Pause Young (Allocation Failure) 28M->19M(31M) 1.422ms
[2025-04-17T09:24:12.154+0000][220.155s][info][gc,cpu         ] GC(1857) User=0.00s Sys=0.00s Real=0.01s
[2025-04-17T09:24:12.264+0000][220.265s][info][gc,start       ] GC(1858) Pause Young (Allocation Failure)
[2025-04-17T09:24:12.266+0000][220.266s][info][gc,heap        ] GC(1858) DefNew: 9228K(10176K)->146K(10176K) Eden: 9088K(9088K)->0K(9088K) From: 140K(1088K)->146K(1088K)
[2025-04-17T09:24:12.266+0000][220.266s][info][gc,heap        ] GC(1858) Tenured: 19959K(22464K)->19960K(22464K)
[2025-04-17T09:24:12.266+0000][220.266s][info][gc,metaspace   ] GC(1858) Metaspace: 37438K(37760K)->37438K(37760K) NonClass: 33012K(33152K)->33012K(33152K) Class: 4425K(4608K)->4425K(4608K)
[2025-04-17T09:24:12.266+0000][220.266s][info][gc             ] GC(1858) Pause Young (Allocation Failure) 28M->19M(31M) 1.456ms
[2025-04-17T09:24:12.266+0000][220.267s][info][gc,cpu         ] GC(1858) User=0.00s Sys=0.00s Real=0.00s
[2025-04-17T09:24:12.380+0000][220.380s][info][gc,start       ] GC(1859) Pause Young (Allocation Failure)
[2025-04-17T09:24:12.381+0000][220.382s][info][gc,heap        ] GC(1859) DefNew: 9234K(10176K)->126K(10176K) Eden: 9088K(9088K)->0K(9088K) From: 146K(1088K)->126K(1088K)
[2025-04-17T09:24:12.381+0000][220.382s][info][gc,heap        ] GC(1859) Tenured: 19960K(22464K)->19961K(22464K)
[2025-04-17T09:24:12.381+0000][220.382s][info][gc,metaspace   ] GC(1859) Metaspace: 37438K(37760K)->37438K(37760K) NonClass: 33012K(33152K)->33012K(33152K) Class: 4425K(4608K)->4425K(4608K)
[2025-04-17T09:24:12.381+0000][220.382s][info][gc             ] GC(1859) Pause Young (Allocation Failure) 28M->19M(31M) 1.461ms
[2025-04-17T09:24:12.381+0000][220.382s][info][gc,cpu         ] GC(1859) User=0.00s Sys=0.00s Real=0.00s
[2025-04-17T09:24:12.520+0000][220.521s][info][gc,start       ] GC(1860) Pause Young (Allocation Failure)
[2025-04-17T09:24:12.522+0000][220.522s][info][gc,heap        ] GC(1860) DefNew: 9214K(10176K)->120K(10176K) Eden: 9088K(9088K)->0K(9088K) From: 126K(1088K)->120K(1088K)
[2025-04-17T09:24:12.522+0000][220.522s][info][gc,heap        ] GC(1860) Tenured: 19961K(22464K)->19965K(22464K)
[2025-04-17T09:24:12.522+0000][220.522s][info][gc,metaspace   ] GC(1860) Metaspace: 37438K(37760K)->37438K(37760K) NonClass: 33012K(33152K)->33012K(33152K) Class: 4425K(4608K)->4425K(4608K)
[2025-04-17T09:24:12.522+0000][220.522s][info][gc             ] GC(1860) Pause Young (Allocation Failure) 28M->19M(31M) 1.374ms
[2025-04-17T09:24:12.522+0000][220.522s][info][gc,cpu         ] GC(1860) User=0.01s Sys=0.00s Real=0.00s
[2025-04-17T09:24:12.640+0000][220.641s][info][gc,start       ] GC(1861) Pause Young (Allocation Failure)
[2025-04-17T09:24:12.642+0000][220.642s][info][gc,heap        ] GC(1861) DefNew: 9208K(10176K)->124K(10176K) Eden: 9088K(9088K)->0K(9088K) From: 120K(1088K)->124K(1088K)
[2025-04-17T09:24:12.642+0000][220.642s][info][gc,heap        ] GC(1861) Tenured: 19965K(22464K)->19965K(22464K)
[2025-04-17T09:24:12.642+0000][220.642s][info][gc,metaspace   ] GC(1861) Metaspace: 37438K(37760K)->37438K(37760K) NonClass: 33012K(33152K)->33012K(33152K) Class: 4425K(4608K)->4425K(4608K)
[2025-04-17T09:24:12.642+0000][220.643s][info][gc             ] GC(1861) Pause Young (Allocation Failure) 28M->19M(31M) 1.456ms
[2025-04-17T09:24:12.642+0000][220.643s][info][gc,cpu         ] GC(1861) User=0.01s Sys=0.00s Real=0.00s
[2025-04-17T09:24:12.805+0000][220.805s][info][gc,start       ] GC(1862) Pause Young (Allocation Failure)
[2025-04-17T09:24:12.806+0000][220.807s][info][gc,heap        ] GC(1862) DefNew: 9212K(10176K)->127K(10176K) Eden: 9087K(9088K)->0K(9088K) From: 124K(1088K)->127K(1088K)
[2025-04-17T09:24:12.806+0000][220.807s][info][gc,heap        ] GC(1862) Tenured: 19965K(22464K)->19973K(22464K)
[2025-04-17T09:24:12.806+0000][220.807s][info][gc,metaspace   ] GC(1862) Metaspace: 37438K(37760K)->37438K(37760K) NonClass: 33012K(33152K)->33012K(33152K) Class: 4425K(4608K)->4425K(4608K)
[2025-04-17T09:24:12.806+0000][220.807s][info][gc             ] GC(1862) Pause Young (Allocation Failure) 28M->19M(31M) 1.454ms
[2025-04-17T09:24:12.806+0000][220.807s][info][gc,cpu         ] GC(1862) User=0.00s Sys=0.00s Real=0.00s
[2025-04-17T09:24:12.910+0000][220.911s][info][gc,start       ] GC(1863) Pause Young (Allocation Failure)
[2025-04-17T09:24:12.911+0000][220.912s][info][gc,heap        ] GC(1863) DefNew: 9215K(10176K)->89K(10176K) Eden: 9088K(9088K)->0K(9088K) From: 127K(1088K)->89K(1088K)
[2025-04-17T09:24:12.911+0000][220.912s][info][gc,heap        ] GC(1863) Tenured: 19973K(22464K)->20009K(22464K)
[2025-04-17T09:24:12.911+0000][220.912s][info][gc,metaspace   ] GC(1863) Metaspace: 37438K(37760K)->37438K(37760K) NonClass: 33012K(33152K)->33012K(33152K) Class: 4425K(4608K)->4425K(4608K)
[2025-04-17T09:24:12.911+0000][220.912s][info][gc             ] GC(1863) Pause Young (Allocation Failure) 28M->19M(31M) 1.462ms
[2025-04-17T09:24:12.911+0000][220.912s][info][gc,cpu         ] GC(1863) User=0.00s Sys=0.00s Real=0.00s
[2025-04-17T09:24:13.008+0000][221.009s][info][gc,start       ] GC(1864) Pause Young (Allocation Failure)
[2025-04-17T09:24:13.010+0000][221.010s][info][gc,heap        ] GC(1864) DefNew: 9177K(10176K)->84K(10176K) Eden: 9087K(9088K)->0K(9088K) From: 89K(1088K)->84K(1088K)
[2025-04-17T09:24:13.010+0000][221.010s][info][gc,heap        ] GC(1864) Tenured: 20009K(22464K)->20009K(22464K)
[2025-04-17T09:24:13.010+0000][221.010s][info][gc,metaspace   ] GC(1864) Metaspace: 37438K(37760K)->37438K(37760K) NonClass: 33012K(33152K)->33012K(33152K) Class: 4425K(4608K)->4425K(4608K)
[2025-04-17T09:24:13.010+0000][221.010s][info][gc             ] GC(1864) Pause Young (Allocation Failure) 28M->19M(31M) 1.559ms
[2025-04-17T09:24:13.010+0000][221.010s][info][gc,cpu         ] GC(1864) User=0.00s Sys=0.00s Real=0.00s
[2025-04-17T09:24:13.171+0000][221.172s][info][gc,start       ] GC(1865) Pause Young (Allocation Failure)
[2025-04-17T09:24:13.173+0000][221.173s][info][gc,heap        ] GC(1865) DefNew: 9172K(10176K)->95K(10176K) Eden: 9087K(9088K)->0K(9088K) From: 84K(1088K)->95K(1088K)
[2025-04-17T09:24:13.173+0000][221.173s][info][gc,heap        ] GC(1865) Tenured: 20009K(22464K)->20009K(22464K)
[2025-04-17T09:24:13.173+0000][221.173s][info][gc,metaspace   ] GC(1865) Metaspace: 37438K(37760K)->37438K(37760K) NonClass: 33012K(33152K)->33012K(33152K) Class: 4425K(4608K)->4425K(4608K)
[2025-04-17T09:24:13.173+0000][221.173s][info][gc             ] GC(1865) Pause Young (Allocation Failure) 28M->19M(31M) 1.456ms
[2025-04-17T09:24:13.173+0000][221.173s][info][gc,cpu         ] GC(1865) User=0.00s Sys=0.00s Real=0.00s
[2025-04-17T09:24:13.293+0000][221.294s][info][gc,start       ] GC(1866) Pause Young (Allocation Failure)
[2025-04-17T09:24:13.294+0000][221.295s][info][gc,heap        ] GC(1866) DefNew: 9183K(10176K)->105K(10176K) Eden: 9088K(9088K)->0K(9088K) From: 95K(1088K)->105K(1088K)
[2025-04-17T09:24:13.294+0000][221.295s][info][gc,heap        ] GC(1866) Tenured: 20009K(22464K)->20009K(22464K)
[2025-04-17T09:24:13.294+0000][221.295s][info][gc,metaspace   ] GC(1866) Metaspace: 37438K(37760K)->37438K(37760K) NonClass: 33012K(33152K)->33012K(33152K) Class: 4425K(4608K)->4425K(4608K)
[2025-04-17T09:24:13.294+0000][221.295s][info][gc             ] GC(1866) Pause Young (Allocation Failure) 28M->19M(31M) 1.489ms
[2025-04-17T09:24:13.294+0000][221.295s][info][gc,cpu         ] GC(1866) User=0.00s Sys=0.00s Real=0.01s
[2025-04-17T09:24:13.389+0000][221.390s][info][gc,start       ] GC(1867) Pause Young (Allocation Failure)
[2025-04-17T09:24:13.390+0000][221.391s][info][gc,heap        ] GC(1867) DefNew: 9193K(10176K)->93K(10176K) Eden: 9088K(9088K)->0K(9088K) From: 105K(1088K)->93K(1088K)
[2025-04-17T09:24:13.390+0000][221.391s][info][gc,heap        ] GC(1867) Tenured: 20009K(22464K)->20009K(22464K)
[2025-04-17T09:24:13.390+0000][221.391s][info][gc,metaspace   ] GC(1867) Metaspace: 37438K(37760K)->37438K(37760K) NonClass: 33012K(33152K)->33012K(33152K) Class: 4425K(4608K)->4425K(4608K)
[2025-04-17T09:24:13.390+0000][221.391s][info][gc             ] GC(1867) Pause Young (Allocation Failure) 28M->19M(31M) 1.421ms
[2025-04-17T09:24:13.390+0000][221.391s][info][gc,cpu         ] GC(1867) User=0.00s Sys=0.00s Real=0.00s
[2025-04-17T09:24:13.551+0000][221.552s][info][gc,start       ] GC(1868) Pause Young (Allocation Failure)
[2025-04-17T09:24:13.552+0000][221.553s][info][gc,heap        ] GC(1868) DefNew: 9181K(10176K)->81K(10176K) Eden: 9088K(9088K)->0K(9088K) From: 93K(1088K)->81K(1088K)
[2025-04-17T09:24:13.552+0000][221.553s][info][gc,heap        ] GC(1868) Tenured: 20009K(22464K)->20009K(22464K)
[2025-04-17T09:24:13.552+0000][221.553s][info][gc,metaspace   ] GC(1868) Metaspace: 37438K(37760K)->37438K(37760K) NonClass: 33012K(33152K)->33012K(33152K) Class: 4425K(4608K)->4425K(4608K)
[2025-04-17T09:24:13.552+0000][221.553s][info][gc             ] GC(1868) Pause Young (Allocation Failure) 28M->19M(31M) 1.392ms
[2025-04-17T09:24:13.552+0000][221.553s][info][gc,cpu         ] GC(1868) User=0.00s Sys=0.00s Real=0.00s
[2025-04-17T09:24:13.643+0000][221.644s][info][gc,start       ] GC(1869) Pause Young (Allocation Failure)
[2025-04-17T09:24:13.645+0000][221.645s][info][gc,heap        ] GC(1869) DefNew: 9169K(10176K)->76K(10176K) Eden: 9087K(9088K)->0K(9088K) From: 81K(1088K)->76K(1088K)
[2025-04-17T09:24:13.645+0000][221.645s][info][gc,heap        ] GC(1869) Tenured: 20009K(22464K)->20010K(22464K)
[2025-04-17T09:24:13.645+0000][221.645s][info][gc,metaspace   ] GC(1869) Metaspace: 37438K(37760K)->37438K(37760K) NonClass: 33012K(33152K)->33012K(33152K) Class: 4425K(4608K)->4425K(4608K)
[2025-04-17T09:24:13.645+0000][221.645s][info][gc             ] GC(1869) Pause Young (Allocation Failure) 28M->19M(31M) 1.318ms
[2025-04-17T09:24:13.645+0000][221.645s][info][gc,cpu         ] GC(1869) User=0.00s Sys=0.00s Real=0.01s
[2025-04-17T09:24:13.737+0000][221.737s][info][gc,start       ] GC(1870) Pause Young (Allocation Failure)
[2025-04-17T09:24:13.738+0000][221.739s][info][gc,heap        ] GC(1870) DefNew: 9164K(10176K)->114K(10176K) Eden: 9088K(9088K)->0K(9088K) From: 76K(1088K)->114K(1088K)
[2025-04-17T09:24:13.738+0000][221.739s][info][gc,heap        ] GC(1870) Tenured: 20010K(22464K)->20010K(22464K)
[2025-04-17T09:24:13.738+0000][221.739s][info][gc,metaspace   ] GC(1870) Metaspace: 37438K(37760K)->37438K(37760K) NonClass: 33012K(33152K)->33012K(33152K) Class: 4425K(4608K)->4425K(4608K)
[2025-04-17T09:24:13.738+0000][221.739s][info][gc             ] GC(1870) Pause Young (Allocation Failure) 28M->19M(31M) 1.431ms
[2025-04-17T09:24:13.738+0000][221.739s][info][gc,cpu         ] GC(1870) User=0.00s Sys=0.00s Real=0.00s
[2025-04-17T09:24:13.852+0000][221.853s][info][gc,start       ] GC(1871) Pause Young (Allocation Failure)
[2025-04-17T09:24:13.853+0000][221.854s][info][gc,heap        ] GC(1871) DefNew: 9202K(10176K)->102K(10176K) Eden: 9088K(9088K)->0K(9088K) From: 114K(1088K)->102K(1088K)
[2025-04-17T09:24:13.853+0000][221.854s][info][gc,heap        ] GC(1871) Tenured: 20010K(22464K)->20012K(22464K)
[2025-04-17T09:24:13.853+0000][221.854s][info][gc,metaspace   ] GC(1871) Metaspace: 37438K(37760K)->37438K(37760K) NonClass: 33012K(33152K)->33012K(33152K) Class: 4425K(4608K)->4425K(4608K)
[2025-04-17T09:24:13.854+0000][221.854s][info][gc             ] GC(1871) Pause Young (Allocation Failure) 28M->19M(31M) 1.520ms
[2025-04-17T09:24:13.854+0000][221.854s][info][gc,cpu         ] GC(1871) User=0.00s Sys=0.00s Real=0.00s
[2025-04-17T09:24:13.949+0000][221.950s][info][gc,start       ] GC(1872) Pause Young (Allocation Failure)
[2025-04-17T09:24:13.950+0000][221.951s][info][gc,heap        ] GC(1872) DefNew: 9190K(10176K)->114K(10176K) Eden: 9087K(9088K)->0K(9088K) From: 102K(1088K)->114K(1088K)
[2025-04-17T09:24:13.950+0000][221.951s][info][gc,heap        ] GC(1872) Tenured: 20012K(22464K)->20012K(22464K)
[2025-04-17T09:24:13.950+0000][221.951s][info][gc,metaspace   ] GC(1872) Metaspace: 37438K(37760K)->37438K(37760K) NonClass: 33012K(33152K)->33012K(33152K) Class: 4425K(4608K)->4425K(4608K)
[2025-04-17T09:24:13.950+0000][221.951s][info][gc             ] GC(1872) Pause Young (Allocation Failure) 28M->19M(31M) 1.428ms
[2025-04-17T09:24:13.950+0000][221.951s][info][gc,cpu         ] GC(1872) User=0.00s Sys=0.00s Real=0.00s
[2025-04-17T09:24:14.065+0000][222.066s][info][gc,start       ] GC(1873) Pause Young (Allocation Failure)
[2025-04-17T09:24:14.066+0000][222.067s][info][gc,heap        ] GC(1873) DefNew: 9202K(10176K)->107K(10176K) Eden: 9088K(9088K)->0K(9088K) From: 114K(1088K)->107K(1088K)
[2025-04-17T09:24:14.066+0000][222.067s][info][gc,heap        ] GC(1873) Tenured: 20012K(22464K)->20012K(22464K)
[2025-04-17T09:24:14.066+0000][222.067s][info][gc,metaspace   ] GC(1873) Metaspace: 37438K(37760K)->37438K(37760K) NonClass: 33012K(33152K)->33012K(33152K) Class: 4425K(4608K)->4425K(4608K)
[2025-04-17T09:24:14.066+0000][222.067s][info][gc             ] GC(1873) Pause Young (Allocation Failure) 28M->19M(31M) 1.388ms
[2025-04-17T09:24:14.066+0000][222.067s][info][gc,cpu         ] GC(1873) User=0.00s Sys=0.00s Real=0.00s
[2025-04-17T09:24:14.218+0000][222.219s][info][gc,start       ] GC(1874) Pause Young (Allocation Failure)
[2025-04-17T09:24:14.219+0000][222.220s][info][gc,heap        ] GC(1874) DefNew: 9189K(10176K)->101K(10176K) Eden: 9082K(9088K)->0K(9088K) From: 107K(1088K)->101K(1088K)
[2025-04-17T09:24:14.219+0000][222.220s][info][gc,heap        ] GC(1874) Tenured: 20012K(22464K)->20014K(22464K)
[2025-04-17T09:24:14.219+0000][222.220s][info][gc,metaspace   ] GC(1874) Metaspace: 37438K(37760K)->37438K(37760K) NonClass: 33012K(33152K)->33012K(33152K) Class: 4425K(4608K)->4425K(4608K)
[2025-04-17T09:24:14.219+0000][222.220s][info][gc             ] GC(1874) Pause Young (Allocation Failure) 28M->19M(31M) 1.344ms
[2025-04-17T09:24:14.219+0000][222.220s][info][gc,cpu         ] GC(1874) User=0.00s Sys=0.00s Real=0.00s
[2025-04-17T09:24:14.373+0000][222.374s][info][gc,start       ] GC(1875) Pause Young (Allocation Failure)
[2025-04-17T09:24:14.375+0000][222.375s][info][gc,heap        ] GC(1875) DefNew: 9189K(10176K)->133K(10176K) Eden: 9088K(9088K)->0K(9088K) From: 101K(1088K)->133K(1088K)
[2025-04-17T09:24:14.375+0000][222.375s][info][gc,heap        ] GC(1875) Tenured: 20014K(22464K)->20015K(22464K)
[2025-04-17T09:24:14.375+0000][222.375s][info][gc,metaspace   ] GC(1875) Metaspace: 37438K(37760K)->37438K(37760K) NonClass: 33012K(33152K)->33012K(33152K) Class: 4425K(4608K)->4425K(4608K)
[2025-04-17T09:24:14.375+0000][222.375s][info][gc             ] GC(1875) Pause Young (Allocation Failure) 28M->19M(31M) 1.702ms
[2025-04-17T09:24:14.375+0000][222.375s][info][gc,cpu         ] GC(1875) User=0.00s Sys=0.00s Real=0.01s
[2025-04-17T09:24:14.466+0000][222.467s][info][gc,start       ] GC(1876) Pause Young (Allocation Failure)
[2025-04-17T09:24:14.467+0000][222.468s][info][gc,heap        ] GC(1876) DefNew: 9221K(10176K)->111K(10176K) Eden: 9088K(9088K)->0K(9088K) From: 133K(1088K)->111K(1088K)
[2025-04-17T09:24:14.467+0000][222.468s][info][gc,heap        ] GC(1876) Tenured: 20015K(22464K)->20016K(22464K)
[2025-04-17T09:24:14.467+0000][222.468s][info][gc,metaspace   ] GC(1876) Metaspace: 37438K(37760K)->37438K(37760K) NonClass: 33012K(33152K)->33012K(33152K) Class: 4425K(4608K)->4425K(4608K)
[2025-04-17T09:24:14.467+0000][222.468s][info][gc             ] GC(1876) Pause Young (Allocation Failure) 28M->19M(31M) 1.550ms
[2025-04-17T09:24:14.467+0000][222.468s][info][gc,cpu         ] GC(1876) User=0.00s Sys=0.00s Real=0.00s
[2025-04-17T09:24:14.671+0000][222.671s][info][gc,start       ] GC(1877) Pause Young (Allocation Failure)
[2025-04-17T09:24:14.672+0000][222.673s][info][gc,heap        ] GC(1877) DefNew: 9199K(10176K)->129K(10176K) Eden: 9087K(9088K)->0K(9088K) From: 111K(1088K)->129K(1088K)
[2025-04-17T09:24:14.672+0000][222.673s][info][gc,heap        ] GC(1877) Tenured: 20016K(22464K)->20017K(22464K)
[2025-04-17T09:24:14.672+0000][222.673s][info][gc,metaspace   ] GC(1877) Metaspace: 37438K(37760K)->37438K(37760K) NonClass: 33012K(33152K)->33012K(33152K) Class: 4425K(4608K)->4425K(4608K)
[2025-04-17T09:24:14.672+0000][222.673s][info][gc             ] GC(1877) Pause Young (Allocation Failure) 28M->19M(31M) 1.535ms
[2025-04-17T09:24:14.672+0000][222.673s][info][gc,cpu         ] GC(1877) User=0.00s Sys=0.00s Real=0.00s
[2025-04-17T09:24:14.825+0000][222.825s][info][gc,start       ] GC(1878) Pause Young (Allocation Failure)
[2025-04-17T09:24:14.826+0000][222.827s][info][gc,heap        ] GC(1878) DefNew: 9217K(10176K)->132K(10176K) Eden: 9088K(9088K)->0K(9088K) From: 129K(1088K)->132K(1088K)
[2025-04-17T09:24:14.826+0000][222.827s][info][gc,heap        ] GC(1878) Tenured: 20017K(22464K)->20017K(22464K)
[2025-04-17T09:24:14.826+0000][222.827s][info][gc,metaspace   ] GC(1878) Metaspace: 37438K(37760K)->37438K(37760K) NonClass: 33012K(33152K)->33012K(33152K) Class: 4425K(4608K)->4425K(4608K)
[2025-04-17T09:24:14.826+0000][222.827s][info][gc             ] GC(1878) Pause Young (Allocation Failure) 28M->19M(31M) 1.603ms
[2025-04-17T09:24:14.826+0000][222.827s][info][gc,cpu         ] GC(1878) User=0.00s Sys=0.00s Real=0.00s
[2025-04-17T09:24:15.032+0000][223.033s][info][gc,start       ] GC(1879) Pause Young (Allocation Failure)
[2025-04-17T09:24:15.034+0000][223.034s][info][gc,heap        ] GC(1879) DefNew: 9220K(10176K)->148K(10176K) Eden: 9088K(9088K)->0K(9088K) From: 132K(1088K)->148K(1088K)
[2025-04-17T09:24:15.034+0000][223.034s][info][gc,heap        ] GC(1879) Tenured: 20017K(22464K)->20017K(22464K)
[2025-04-17T09:24:15.034+0000][223.034s][info][gc,metaspace   ] GC(1879) Metaspace: 37438K(37760K)->37438K(37760K) NonClass: 33012K(33152K)->33012K(33152K) Class: 4425K(4608K)->4425K(4608K)
[2025-04-17T09:24:15.034+0000][223.034s][info][gc             ] GC(1879) Pause Young (Allocation Failure) 28M->19M(31M) 1.493ms
[2025-04-17T09:24:15.034+0000][223.034s][info][gc,cpu         ] GC(1879) User=0.00s Sys=0.00s Real=0.00s
[2025-04-17T09:24:15.172+0000][223.173s][info][gc,start       ] GC(1880) Pause Young (Allocation Failure)
[2025-04-17T09:24:15.174+0000][223.174s][info][gc,heap        ] GC(1880) DefNew: 9236K(10176K)->149K(10176K) Eden: 9088K(9088K)->0K(9088K) From: 148K(1088K)->149K(1088K)
[2025-04-17T09:24:15.174+0000][223.174s][info][gc,heap        ] GC(1880) Tenured: 20017K(22464K)->20017K(22464K)
[2025-04-17T09:24:15.174+0000][223.174s][info][gc,metaspace   ] GC(1880) Metaspace: 37438K(37760K)->37438K(37760K) NonClass: 33012K(33152K)->33012K(33152K) Class: 4425K(4608K)->4425K(4608K)
[2025-04-17T09:24:15.174+0000][223.174s][info][gc             ] GC(1880) Pause Young (Allocation Failure) 28M->19M(31M) 1.444ms
[2025-04-17T09:24:15.174+0000][223.174s][info][gc,cpu         ] GC(1880) User=0.00s Sys=0.00s Real=0.00s
[2025-04-17T09:24:15.422+0000][223.422s][info][gc,start       ] GC(1881) Pause Young (Allocation Failure)
[2025-04-17T09:24:15.423+0000][223.424s][info][gc,heap        ] GC(1881) DefNew: 9237K(10176K)->143K(10176K) Eden: 9087K(9088K)->0K(9088K) From: 149K(1088K)->143K(1088K)
[2025-04-17T09:24:15.423+0000][223.424s][info][gc,heap        ] GC(1881) Tenured: 20017K(22464K)->20017K(22464K)
[2025-04-17T09:24:15.423+0000][223.424s][info][gc,metaspace   ] GC(1881) Metaspace: 37438K(37760K)->37438K(37760K) NonClass: 33012K(33152K)->33012K(33152K) Class: 4425K(4608K)->4425K(4608K)
[2025-04-17T09:24:15.423+0000][223.424s][info][gc             ] GC(1881) Pause Young (Allocation Failure) 28M->19M(31M) 1.481ms
[2025-04-17T09:24:15.423+0000][223.424s][info][gc,cpu         ] GC(1881) User=0.00s Sys=0.00s Real=0.00s
[2025-04-17T09:24:15.575+0000][223.575s][info][gc,start       ] GC(1882) Pause Young (Allocation Failure)
[2025-04-17T09:24:15.576+0000][223.577s][info][gc,heap        ] GC(1882) DefNew: 9231K(10176K)->158K(10176K) Eden: 9088K(9088K)->0K(9088K) From: 143K(1088K)->158K(1088K)
[2025-04-17T09:24:15.576+0000][223.577s][info][gc,heap        ] GC(1882) Tenured: 20017K(22464K)->20017K(22464K)
[2025-04-17T09:24:15.576+0000][223.577s][info][gc,metaspace   ] GC(1882) Metaspace: 37438K(37760K)->37438K(37760K) NonClass: 33012K(33152K)->33012K(33152K) Class: 4425K(4608K)->4425K(4608K)
[2025-04-17T09:24:15.576+0000][223.577s][info][gc             ] GC(1882) Pause Young (Allocation Failure) 28M->19M(31M) 1.493ms
[2025-04-17T09:24:15.576+0000][223.577s][info][gc,cpu         ] GC(1882) User=0.01s Sys=0.00s Real=0.00s
[2025-04-17T09:24:15.671+0000][223.672s][info][gc,start       ] GC(1883) Pause Young (Allocation Failure)
[2025-04-17T09:24:15.673+0000][223.674s][info][gc,heap        ] GC(1883) DefNew: 9246K(10176K)->159K(10176K) Eden: 9087K(9088K)->0K(9088K) From: 158K(1088K)->159K(1088K)
[2025-04-17T09:24:15.673+0000][223.674s][info][gc,heap        ] GC(1883) Tenured: 20017K(22464K)->20017K(22464K)
[2025-04-17T09:24:15.673+0000][223.674s][info][gc,metaspace   ] GC(1883) Metaspace: 37438K(37760K)->37438K(37760K) NonClass: 33012K(33152K)->33012K(33152K) Class: 4425K(4608K)->4425K(4608K)
[2025-04-17T09:24:15.673+0000][223.674s][info][gc             ] GC(1883) Pause Young (Allocation Failure) 28M->19M(31M) 1.606ms
[2025-04-17T09:24:15.673+0000][223.674s][info][gc,cpu         ] GC(1883) User=0.00s Sys=0.00s Real=0.00s
[2025-04-17T09:24:15.783+0000][223.784s][info][gc,start       ] GC(1884) Pause Young (Allocation Failure)
[2025-04-17T09:24:15.785+0000][223.785s][info][gc,heap        ] GC(1884) DefNew: 9247K(10176K)->180K(10176K) Eden: 9088K(9088K)->0K(9088K) From: 159K(1088K)->180K(1088K)
[2025-04-17T09:24:15.785+0000][223.785s][info][gc,heap        ] GC(1884) Tenured: 20017K(22464K)->20017K(22464K)
[2025-04-17T09:24:15.785+0000][223.785s][info][gc,metaspace   ] GC(1884) Metaspace: 37438K(37760K)->37438K(37760K) NonClass: 33012K(33152K)->33012K(33152K) Class: 4425K(4608K)->4425K(4608K)
[2025-04-17T09:24:15.785+0000][223.785s][info][gc             ] GC(1884) Pause Young (Allocation Failure) 28M->19M(31M) 1.721ms
[2025-04-17T09:24:15.785+0000][223.785s][info][gc,cpu         ] GC(1884) User=0.00s Sys=0.00s Real=0.01s
[2025-04-17T09:24:16.038+0000][224.039s][info][gc,start       ] GC(1885) Pause Young (Allocation Failure)
[2025-04-17T09:24:16.040+0000][224.040s][info][gc,heap        ] GC(1885) DefNew: 9268K(10176K)->121K(10176K) Eden: 9088K(9088K)->0K(9088K) From: 180K(1088K)->121K(1088K)
[2025-04-17T09:24:16.040+0000][224.040s][info][gc,heap        ] GC(1885) Tenured: 20017K(22464K)->20037K(22464K)
[2025-04-17T09:24:16.040+0000][224.040s][info][gc,metaspace   ] GC(1885) Metaspace: 37438K(37760K)->37438K(37760K) NonClass: 33012K(33152K)->33012K(33152K) Class: 4425K(4608K)->4425K(4608K)
[2025-04-17T09:24:16.040+0000][224.040s][info][gc             ] GC(1885) Pause Young (Allocation Failure) 28M->19M(31M) 1.620ms
[2025-04-17T09:24:16.040+0000][224.040s][info][gc,cpu         ] GC(1885) User=0.00s Sys=0.00s Real=0.00s
[2025-04-17T09:24:16.154+0000][224.154s][info][gc,start       ] GC(1886) Pause Young (Allocation Failure)
[2025-04-17T09:24:16.155+0000][224.156s][info][gc,heap        ] GC(1886) DefNew: 9209K(10176K)->151K(10176K) Eden: 9088K(9088K)->0K(9088K) From: 121K(1088K)->151K(1088K)
[2025-04-17T09:24:16.155+0000][224.156s][info][gc,heap        ] GC(1886) Tenured: 20037K(22464K)->20040K(22464K)
[2025-04-17T09:24:16.155+0000][224.156s][info][gc,metaspace   ] GC(1886) Metaspace: 37438K(37760K)->37438K(37760K) NonClass: 33012K(33152K)->33012K(33152K) Class: 4425K(4608K)->4425K(4608K)
[2025-04-17T09:24:16.155+0000][224.156s][info][gc             ] GC(1886) Pause Young (Allocation Failure) 28M->19M(31M) 1.649ms
[2025-04-17T09:24:16.155+0000][224.156s][info][gc,cpu         ] GC(1886) User=0.00s Sys=0.00s Real=0.01s
[2025-04-17T09:24:16.228+0000][224.229s][info][gc,start       ] GC(1887) Pause Young (Allocation Failure)
[2025-04-17T09:24:16.230+0000][224.230s][info][gc,heap        ] GC(1887) DefNew: 9239K(10176K)->123K(10176K) Eden: 9088K(9088K)->0K(9088K) From: 151K(1088K)->123K(1088K)
[2025-04-17T09:24:16.230+0000][224.230s][info][gc,heap        ] GC(1887) Tenured: 20040K(22464K)->20042K(22464K)
[2025-04-17T09:24:16.230+0000][224.230s][info][gc,metaspace   ] GC(1887) Metaspace: 37438K(37760K)->37438K(37760K) NonClass: 33012K(33152K)->33012K(33152K) Class: 4425K(4608K)->4425K(4608K)
[2025-04-17T09:24:16.230+0000][224.230s][info][gc             ] GC(1887) Pause Young (Allocation Failure) 28M->19M(31M) 1.448ms
[2025-04-17T09:24:16.230+0000][224.231s][info][gc,cpu         ] GC(1887) User=0.00s Sys=0.00s Real=0.00s
[2025-04-17T09:24:16.323+0000][224.324s][info][gc,start       ] GC(1888) Pause Young (Allocation Failure)
[2025-04-17T09:24:16.325+0000][224.325s][info][gc,heap        ] GC(1888) DefNew: 9211K(10176K)->163K(10176K) Eden: 9087K(9088K)->0K(9088K) From: 123K(1088K)->163K(1088K)
[2025-04-17T09:24:16.325+0000][224.325s][info][gc,heap        ] GC(1888) Tenured: 20042K(22464K)->20043K(22464K)
[2025-04-17T09:24:16.325+0000][224.325s][info][gc,metaspace   ] GC(1888) Metaspace: 37438K(37760K)->37438K(37760K) NonClass: 33012K(33152K)->33012K(33152K) Class: 4425K(4608K)->4425K(4608K)
[2025-04-17T09:24:16.325+0000][224.325s][info][gc             ] GC(1888) Pause Young (Allocation Failure) 28M->19M(31M) 1.594ms
[2025-04-17T09:24:16.325+0000][224.325s][info][gc,cpu         ] GC(1888) User=0.01s Sys=0.00s Real=0.01s
[2025-04-17T09:24:16.370+0000][224.371s][info][gc,start       ] GC(1889) Pause Young (Allocation Failure)
[2025-04-17T09:24:16.371+0000][224.372s][info][gc,heap        ] GC(1889) DefNew: 9251K(10176K)->119K(10176K) Eden: 9087K(9088K)->0K(9088K) From: 163K(1088K)->119K(1088K)
[2025-04-17T09:24:16.371+0000][224.372s][info][gc,heap        ] GC(1889) Tenured: 20043K(22464K)->20045K(22464K)
[2025-04-17T09:24:16.371+0000][224.372s][info][gc,metaspace   ] GC(1889) Metaspace: 37438K(37760K)->37438K(37760K) NonClass: 33012K(33152K)->33012K(33152K) Class: 4425K(4608K)->4425K(4608K)
[2025-04-17T09:24:16.371+0000][224.372s][info][gc             ] GC(1889) Pause Young (Allocation Failure) 28M->19M(31M) 1.501ms
[2025-04-17T09:24:16.371+0000][224.372s][info][gc,cpu         ] GC(1889) User=0.00s Sys=0.00s Real=0.00s
[2025-04-17T09:24:16.438+0000][224.438s][info][gc,start       ] GC(1890) Pause Young (Allocation Failure)
[2025-04-17T09:24:16.439+0000][224.440s][info][gc,heap        ] GC(1890) DefNew: 9207K(10176K)->187K(10176K) Eden: 9088K(9088K)->0K(9088K) From: 119K(1088K)->187K(1088K)
[2025-04-17T09:24:16.439+0000][224.440s][info][gc,heap        ] GC(1890) Tenured: 20045K(22464K)->20054K(22464K)
[2025-04-17T09:24:16.439+0000][224.440s][info][gc,metaspace   ] GC(1890) Metaspace: 37438K(37760K)->37438K(37760K) NonClass: 33012K(33152K)->33012K(33152K) Class: 4425K(4608K)->4425K(4608K)
[2025-04-17T09:24:16.439+0000][224.440s][info][gc             ] GC(1890) Pause Young (Allocation Failure) 28M->19M(31M) 1.810ms
[2025-04-17T09:24:16.439+0000][224.440s][info][gc,cpu         ] GC(1890) User=0.00s Sys=0.00s Real=0.00s
[2025-04-17T09:24:16.499+0000][224.499s][info][gc,start       ] GC(1891) Pause Young (Allocation Failure)
[2025-04-17T09:24:16.500+0000][224.501s][info][gc,heap        ] GC(1891) DefNew: 9275K(10176K)->130K(10176K) Eden: 9088K(9088K)->0K(9088K) From: 187K(1088K)->130K(1088K)
[2025-04-17T09:24:16.500+0000][224.501s][info][gc,heap        ] GC(1891) Tenured: 20054K(22464K)->20055K(22464K)
[2025-04-17T09:24:16.500+0000][224.501s][info][gc,metaspace   ] GC(1891) Metaspace: 37438K(37760K)->37438K(37760K) NonClass: 33012K(33152K)->33012K(33152K) Class: 4425K(4608K)->4425K(4608K)
[2025-04-17T09:24:16.500+0000][224.501s][info][gc             ] GC(1891) Pause Young (Allocation Failure) 28M->19M(31M) 1.496ms
[2025-04-17T09:24:16.500+0000][224.501s][info][gc,cpu         ] GC(1891) User=0.00s Sys=0.00s Real=0.00s
[2025-04-17T09:24:16.550+0000][224.551s][info][gc,start       ] GC(1892) Pause Young (Allocation Failure)
[2025-04-17T09:24:16.551+0000][224.552s][info][gc,heap        ] GC(1892) DefNew: 9214K(10176K)->125K(10176K) Eden: 9083K(9088K)->0K(9088K) From: 130K(1088K)->125K(1088K)
[2025-04-17T09:24:16.551+0000][224.552s][info][gc,heap        ] GC(1892) Tenured: 20055K(22464K)->20060K(22464K)
[2025-04-17T09:24:16.551+0000][224.552s][info][gc,metaspace   ] GC(1892) Metaspace: 37438K(37760K)->37438K(37760K) NonClass: 33012K(33152K)->33012K(33152K) Class: 4425K(4608K)->4425K(4608K)
[2025-04-17T09:24:16.551+0000][224.552s][info][gc             ] GC(1892) Pause Young (Allocation Failure) 28M->19M(31M) 1.478ms
[2025-04-17T09:24:16.551+0000][224.552s][info][gc,cpu         ] GC(1892) User=0.01s Sys=0.00s Real=0.00s
[2025-04-17T09:24:16.628+0000][224.629s][info][gc,start       ] GC(1893) Pause Young (Allocation Failure)
[2025-04-17T09:24:16.630+0000][224.630s][info][gc,heap        ] GC(1893) DefNew: 9213K(10176K)->109K(10176K) Eden: 9087K(9088K)->0K(9088K) From: 125K(1088K)->109K(1088K)
[2025-04-17T09:24:16.630+0000][224.630s][info][gc,heap        ] GC(1893) Tenured: 20060K(22464K)->20077K(22464K)
[2025-04-17T09:24:16.630+0000][224.630s][info][gc,metaspace   ] GC(1893) Metaspace: 37438K(37760K)->37438K(37760K) NonClass: 33012K(33152K)->33012K(33152K) Class: 4425K(4608K)->4425K(4608K)
[2025-04-17T09:24:16.630+0000][224.630s][info][gc             ] GC(1893) Pause Young (Allocation Failure) 28M->19M(31M) 1.542ms
[2025-04-17T09:24:16.630+0000][224.630s][info][gc,cpu         ] GC(1893) User=0.00s Sys=0.00s Real=0.00s
[2025-04-17T09:24:16.723+0000][224.724s][info][gc,start       ] GC(1894) Pause Young (Allocation Failure)
[2025-04-17T09:24:16.724+0000][224.725s][info][gc,heap        ] GC(1894) DefNew: 9197K(10176K)->121K(10176K) Eden: 9087K(9088K)->0K(9088K) From: 109K(1088K)->121K(1088K)
[2025-04-17T09:24:16.724+0000][224.725s][info][gc,heap        ] GC(1894) Tenured: 20077K(22464K)->20078K(22464K)
[2025-04-17T09:24:16.724+0000][224.725s][info][gc,metaspace   ] GC(1894) Metaspace: 37438K(37760K)->37438K(37760K) NonClass: 33012K(33152K)->33012K(33152K) Class: 4425K(4608K)->4425K(4608K)
[2025-04-17T09:24:16.724+0000][224.725s][info][gc             ] GC(1894) Pause Young (Allocation Failure) 28M->19M(31M) 1.514ms
[2025-04-17T09:24:16.724+0000][224.725s][info][gc,cpu         ] GC(1894) User=0.00s Sys=0.00s Real=0.01s
[2025-04-17T09:24:16.838+0000][224.839s][info][gc,start       ] GC(1895) Pause Young (Allocation Failure)
[2025-04-17T09:24:16.839+0000][224.840s][info][gc,heap        ] GC(1895) DefNew: 9209K(10176K)->109K(10176K) Eden: 9088K(9088K)->0K(9088K) From: 121K(1088K)->109K(1088K)
[2025-04-17T09:24:16.839+0000][224.840s][info][gc,heap        ] GC(1895) Tenured: 20078K(22464K)->20079K(22464K)
[2025-04-17T09:24:16.839+0000][224.840s][info][gc,metaspace   ] GC(1895) Metaspace: 37438K(37760K)->37438K(37760K) NonClass: 33012K(33152K)->33012K(33152K) Class: 4425K(4608K)->4425K(4608K)
[2025-04-17T09:24:16.839+0000][224.840s][info][gc             ] GC(1895) Pause Young (Allocation Failure) 28M->19M(31M) 1.521ms
[2025-04-17T09:24:16.839+0000][224.840s][info][gc,cpu         ] GC(1895) User=0.00s Sys=0.00s Real=0.00s
[2025-04-17T09:24:16.932+0000][224.933s][info][gc,start       ] GC(1896) Pause Young (Allocation Failure)
[2025-04-17T09:24:16.933+0000][224.934s][info][gc,heap        ] GC(1896) DefNew: 9197K(10176K)->117K(10176K) Eden: 9087K(9088K)->0K(9088K) From: 109K(1088K)->117K(1088K)
[2025-04-17T09:24:16.933+0000][224.934s][info][gc,heap        ] GC(1896) Tenured: 20079K(22464K)->20081K(22464K)
[2025-04-17T09:24:16.933+0000][224.934s][info][gc,metaspace   ] GC(1896) Metaspace: 37438K(37760K)->37438K(37760K) NonClass: 33012K(33152K)->33012K(33152K) Class: 4425K(4608K)->4425K(4608K)
[2025-04-17T09:24:16.933+0000][224.934s][info][gc             ] GC(1896) Pause Young (Allocation Failure) 28M->19M(31M) 1.468ms
[2025-04-17T09:24:16.933+0000][224.934s][info][gc,cpu         ] GC(1896) User=0.00s Sys=0.01s Real=0.00s
[2025-04-17T09:24:17.041+0000][225.041s][info][gc,start       ] GC(1897) Pause Young (Allocation Failure)
[2025-04-17T09:24:17.042+0000][225.043s][info][gc,heap        ] GC(1897) DefNew: 9205K(10176K)->102K(10176K) Eden: 9087K(9088K)->0K(9088K) From: 117K(1088K)->102K(1088K)
[2025-04-17T09:24:17.042+0000][225.043s][info][gc,heap        ] GC(1897) Tenured: 20081K(22464K)->20083K(22464K)
[2025-04-17T09:24:17.042+0000][225.043s][info][gc,metaspace   ] GC(1897) Metaspace: 37438K(37760K)->37438K(37760K) NonClass: 33012K(33152K)->33012K(33152K) Class: 4425K(4608K)->4425K(4608K)
[2025-04-17T09:24:17.042+0000][225.043s][info][gc             ] GC(1897) Pause Young (Allocation Failure) 28M->19M(31M) 1.547ms
[2025-04-17T09:24:17.042+0000][225.043s][info][gc,cpu         ] GC(1897) User=0.00s Sys=0.00s Real=0.00s
[2025-04-17T09:24:17.172+0000][225.173s][info][gc,start       ] GC(1898) Pause Young (Allocation Failure)
[2025-04-17T09:24:17.174+0000][225.175s][info][gc,heap        ] GC(1898) DefNew: 9190K(10176K)->118K(10176K) Eden: 9088K(9088K)->0K(9088K) From: 102K(1088K)->118K(1088K)
[2025-04-17T09:24:17.174+0000][225.175s][info][gc,heap        ] GC(1898) Tenured: 20083K(22464K)->20083K(22464K)
[2025-04-17T09:24:17.174+0000][225.175s][info][gc,metaspace   ] GC(1898) Metaspace: 37438K(37760K)->37438K(37760K) NonClass: 33012K(33152K)->33012K(33152K) Class: 4425K(4608K)->4425K(4608K)
[2025-04-17T09:24:17.174+0000][225.175s][info][gc             ] GC(1898) Pause Young (Allocation Failure) 28M->19M(31M) 1.662ms
[2025-04-17T09:24:17.174+0000][225.175s][info][gc,cpu         ] GC(1898) User=0.00s Sys=0.00s Real=0.01s
[2025-04-17T09:24:17.392+0000][225.393s][info][gc,start       ] GC(1899) Pause Young (Allocation Failure)
[2025-04-17T09:24:17.393+0000][225.394s][info][gc,heap        ] GC(1899) DefNew: 9206K(10176K)->106K(10176K) Eden: 9087K(9088K)->0K(9088K) From: 118K(1088K)->106K(1088K)
[2025-04-17T09:24:17.393+0000][225.394s][info][gc,heap        ] GC(1899) Tenured: 20083K(22464K)->20084K(22464K)
[2025-04-17T09:24:17.393+0000][225.394s][info][gc,metaspace   ] GC(1899) Metaspace: 37438K(37760K)->37438K(37760K) NonClass: 33012K(33152K)->33012K(33152K) Class: 4425K(4608K)->4425K(4608K)
[2025-04-17T09:24:17.393+0000][225.394s][info][gc             ] GC(1899) Pause Young (Allocation Failure) 28M->19M(31M) 1.497ms
[2025-04-17T09:24:17.393+0000][225.394s][info][gc,cpu         ] GC(1899) User=0.01s Sys=0.00s Real=0.00s
[2025-04-17T09:24:17.482+0000][225.483s][info][gc,start       ] GC(1900) Pause Young (Allocation Failure)
[2025-04-17T09:24:17.483+0000][225.484s][info][gc,heap        ] GC(1900) DefNew: 9194K(10176K)->104K(10176K) Eden: 9088K(9088K)->0K(9088K) From: 106K(1088K)->104K(1088K)
[2025-04-17T09:24:17.483+0000][225.484s][info][gc,heap        ] GC(1900) Tenured: 20084K(22464K)->20085K(22464K)
[2025-04-17T09:24:17.483+0000][225.484s][info][gc,metaspace   ] GC(1900) Metaspace: 37438K(37760K)->37438K(37760K) NonClass: 33012K(33152K)->33012K(33152K) Class: 4425K(4608K)->4425K(4608K)
[2025-04-17T09:24:17.483+0000][225.484s][info][gc             ] GC(1900) Pause Young (Allocation Failure) 28M->19M(31M) 1.483ms
[2025-04-17T09:24:17.483+0000][225.484s][info][gc,cpu         ] GC(1900) User=0.00s Sys=0.00s Real=0.00s
[2025-04-17T09:24:17.550+0000][225.550s][info][gc,start       ] GC(1901) Pause Young (Allocation Failure)
[2025-04-17T09:24:17.551+0000][225.552s][info][gc,heap        ] GC(1901) DefNew: 9192K(10176K)->109K(10176K) Eden: 9088K(9088K)->0K(9088K) From: 104K(1088K)->109K(1088K)
[2025-04-17T09:24:17.551+0000][225.552s][info][gc,heap        ] GC(1901) Tenured: 20085K(22464K)->20085K(22464K)
[2025-04-17T09:24:17.551+0000][225.552s][info][gc,metaspace   ] GC(1901) Metaspace: 37438K(37760K)->37438K(37760K) NonClass: 33012K(33152K)->33012K(33152K) Class: 4425K(4608K)->4425K(4608K)
[2025-04-17T09:24:17.551+0000][225.552s][info][gc             ] GC(1901) Pause Young (Allocation Failure) 28M->19M(31M) 1.381ms
[2025-04-17T09:24:17.551+0000][225.552s][info][gc,cpu         ] GC(1901) User=0.00s Sys=0.00s Real=0.00s
[2025-04-17T09:24:17.643+0000][225.644s][info][gc,start       ] GC(1902) Pause Young (Allocation Failure)
[2025-04-17T09:24:17.645+0000][225.645s][info][gc,heap        ] GC(1902) DefNew: 9197K(10176K)->123K(10176K) Eden: 9088K(9088K)->0K(9088K) From: 109K(1088K)->123K(1088K)
[2025-04-17T09:24:17.645+0000][225.645s][info][gc,heap        ] GC(1902) Tenured: 20085K(22464K)->20085K(22464K)
[2025-04-17T09:24:17.645+0000][225.645s][info][gc,metaspace   ] GC(1902) Metaspace: 37438K(37760K)->37438K(37760K) NonClass: 33012K(33152K)->33012K(33152K) Class: 4425K(4608K)->4425K(4608K)
[2025-04-17T09:24:17.645+0000][225.645s][info][gc             ] GC(1902) Pause Young (Allocation Failure) 28M->19M(31M) 1.520ms
[2025-04-17T09:24:17.645+0000][225.645s][info][gc,cpu         ] GC(1902) User=0.00s Sys=0.00s Real=0.01s
[2025-04-17T09:24:17.804+0000][225.804s][info][gc,start       ] GC(1903) Pause Young (Allocation Failure)
[2025-04-17T09:24:17.805+0000][225.806s][info][gc,heap        ] GC(1903) DefNew: 9211K(10176K)->153K(10176K) Eden: 9087K(9088K)->0K(9088K) From: 123K(1088K)->153K(1088K)
[2025-04-17T09:24:17.805+0000][225.806s][info][gc,heap        ] GC(1903) Tenured: 20085K(22464K)->20088K(22464K)
[2025-04-17T09:24:17.805+0000][225.806s][info][gc,metaspace   ] GC(1903) Metaspace: 37438K(37760K)->37438K(37760K) NonClass: 33012K(33152K)->33012K(33152K) Class: 4425K(4608K)->4425K(4608K)
[2025-04-17T09:24:17.805+0000][225.806s][info][gc             ] GC(1903) Pause Young (Allocation Failure) 28M->19M(31M) 1.532ms
[2025-04-17T09:24:17.805+0000][225.806s][info][gc,cpu         ] GC(1903) User=0.01s Sys=0.00s Real=0.01s
[2025-04-17T09:24:18.012+0000][226.012s][info][gc,start       ] GC(1904) Pause Young (Allocation Failure)
[2025-04-17T09:24:18.013+0000][226.014s][info][gc,heap        ] GC(1904) DefNew: 9241K(10176K)->220K(10176K) Eden: 9087K(9088K)->0K(9088K) From: 153K(1088K)->220K(1088K)
[2025-04-17T09:24:18.013+0000][226.014s][info][gc,heap        ] GC(1904) Tenured: 20088K(22464K)->20089K(22464K)
[2025-04-17T09:24:18.013+0000][226.014s][info][gc,metaspace   ] GC(1904) Metaspace: 37438K(37760K)->37438K(37760K) NonClass: 33012K(33152K)->33012K(33152K) Class: 4425K(4608K)->4425K(4608K)
[2025-04-17T09:24:18.013+0000][226.014s][info][gc             ] GC(1904) Pause Young (Allocation Failure) 28M->19M(31M) 1.609ms
[2025-04-17T09:24:18.013+0000][226.014s][info][gc,cpu         ] GC(1904) User=0.00s Sys=0.00s Real=0.00s
[2025-04-17T09:24:18.063+0000][226.064s][info][gc,start       ] GC(1905) Pause Young (Allocation Failure)
[2025-04-17T09:24:18.065+0000][226.066s][info][gc,heap        ] GC(1905) DefNew: 9308K(10176K)->247K(10176K) Eden: 9088K(9088K)->0K(9088K) From: 220K(1088K)->247K(1088K)
[2025-04-17T09:24:18.065+0000][226.066s][info][gc,heap        ] GC(1905) Tenured: 20089K(22464K)->20107K(22464K)
[2025-04-17T09:24:18.065+0000][226.066s][info][gc,metaspace   ] GC(1905) Metaspace: 37438K(37760K)->37438K(37760K) NonClass: 33012K(33152K)->33012K(33152K) Class: 4425K(4608K)->4425K(4608K)
[2025-04-17T09:24:18.065+0000][226.066s][info][gc             ] GC(1905) Pause Young (Allocation Failure) 28M->19M(31M) 1.641ms
[2025-04-17T09:24:18.065+0000][226.066s][info][gc,cpu         ] GC(1905) User=0.00s Sys=0.00s Real=0.01s
[2025-04-17T09:24:18.137+0000][226.137s][info][gc,start       ] GC(1906) Pause Young (Allocation Failure)
[2025-04-17T09:24:18.138+0000][226.139s][info][gc,heap        ] GC(1906) DefNew: 9335K(10176K)->187K(10176K) Eden: 9087K(9088K)->0K(9088K) From: 247K(1088K)->187K(1088K)
[2025-04-17T09:24:18.138+0000][226.139s][info][gc,heap        ] GC(1906) Tenured: 20107K(22464K)->20107K(22464K)
[2025-04-17T09:24:18.138+0000][226.139s][info][gc,metaspace   ] GC(1906) Metaspace: 37438K(37760K)->37438K(37760K) NonClass: 33012K(33152K)->33012K(33152K) Class: 4425K(4608K)->4425K(4608K)
[2025-04-17T09:24:18.138+0000][226.139s][info][gc             ] GC(1906) Pause Young (Allocation Failure) 28M->19M(31M) 1.554ms
[2025-04-17T09:24:18.138+0000][226.139s][info][gc,cpu         ] GC(1906) User=0.00s Sys=0.00s Real=0.00s
[2025-04-17T09:24:18.232+0000][226.233s][info][gc,start       ] GC(1907) Pause Young (Allocation Failure)
[2025-04-17T09:24:18.234+0000][226.234s][info][gc,heap        ] GC(1907) DefNew: 9274K(10176K)->207K(10176K) Eden: 9087K(9088K)->0K(9088K) From: 187K(1088K)->207K(1088K)
[2025-04-17T09:24:18.234+0000][226.234s][info][gc,heap        ] GC(1907) Tenured: 20107K(22464K)->20108K(22464K)
[2025-04-17T09:24:18.234+0000][226.234s][info][gc,metaspace   ] GC(1907) Metaspace: 37438K(37760K)->37438K(37760K) NonClass: 33012K(33152K)->33012K(33152K) Class: 4425K(4608K)->4425K(4608K)
[2025-04-17T09:24:18.234+0000][226.235s][info][gc             ] GC(1907) Pause Young (Allocation Failure) 28M->19M(31M) 1.516ms
[2025-04-17T09:24:18.234+0000][226.235s][info][gc,cpu         ] GC(1907) User=0.01s Sys=0.00s Real=0.00s
[2025-04-17T09:24:18.387+0000][226.387s][info][gc,start       ] GC(1908) Pause Young (Allocation Failure)
[2025-04-17T09:24:18.388+0000][226.389s][info][gc,heap        ] GC(1908) DefNew: 9293K(10176K)->213K(10176K) Eden: 9085K(9088K)->0K(9088K) From: 207K(1088K)->213K(1088K)
[2025-04-17T09:24:18.388+0000][226.389s][info][gc,heap        ] GC(1908) Tenured: 20108K(22464K)->20108K(22464K)
[2025-04-17T09:24:18.388+0000][226.389s][info][gc,metaspace   ] GC(1908) Metaspace: 37438K(37760K)->37438K(37760K) NonClass: 33012K(33152K)->33012K(33152K) Class: 4425K(4608K)->4425K(4608K)
[2025-04-17T09:24:18.388+0000][226.389s][info][gc             ] GC(1908) Pause Young (Allocation Failure) 28M->19M(31M) 1.543ms
[2025-04-17T09:24:18.388+0000][226.389s][info][gc,cpu         ] GC(1908) User=0.00s Sys=0.00s Real=0.00s
[2025-04-17T09:24:18.543+0000][226.543s][info][gc,start       ] GC(1909) Pause Young (Allocation Failure)
[2025-04-17T09:24:18.544+0000][226.545s][info][gc,heap        ] GC(1909) DefNew: 9301K(10176K)->212K(10176K) Eden: 9088K(9088K)->0K(9088K) From: 213K(1088K)->212K(1088K)
[2025-04-17T09:24:18.544+0000][226.545s][info][gc,heap        ] GC(1909) Tenured: 20108K(22464K)->20108K(22464K)
[2025-04-17T09:24:18.544+0000][226.545s][info][gc,metaspace   ] GC(1909) Metaspace: 37438K(37760K)->37438K(37760K) NonClass: 33012K(33152K)->33012K(33152K) Class: 4425K(4608K)->4425K(4608K)
[2025-04-17T09:24:18.544+0000][226.545s][info][gc             ] GC(1909) Pause Young (Allocation Failure) 28M->19M(31M) 1.544ms
[2025-04-17T09:24:18.544+0000][226.545s][info][gc,cpu         ] GC(1909) User=0.00s Sys=0.00s Real=0.01s
[2025-04-17T09:24:18.647+0000][226.648s][info][gc,start       ] GC(1910) Pause Young (Allocation Failure)
[2025-04-17T09:24:18.648+0000][226.649s][info][gc,heap        ] GC(1910) DefNew: 9300K(10176K)->194K(10176K) Eden: 9088K(9088K)->0K(9088K) From: 212K(1088K)->194K(1088K)
[2025-04-17T09:24:18.648+0000][226.649s][info][gc,heap        ] GC(1910) Tenured: 20108K(22464K)->20111K(22464K)
[2025-04-17T09:24:18.648+0000][226.649s][info][gc,metaspace   ] GC(1910) Metaspace: 37438K(37760K)->37438K(37760K) NonClass: 33012K(33152K)->33012K(33152K) Class: 4425K(4608K)->4425K(4608K)
[2025-04-17T09:24:18.648+0000][226.649s][info][gc             ] GC(1910) Pause Young (Allocation Failure) 28M->19M(31M) 1.527ms
[2025-04-17T09:24:18.648+0000][226.649s][info][gc,cpu         ] GC(1910) User=0.00s Sys=0.00s Real=0.00s
[2025-04-17T09:24:18.688+0000][226.688s][info][gc,start       ] GC(1911) Pause Young (Allocation Failure)
[2025-04-17T09:24:18.689+0000][226.690s][info][gc,heap        ] GC(1911) DefNew: 9282K(10176K)->225K(10176K) Eden: 9088K(9088K)->0K(9088K) From: 194K(1088K)->225K(1088K)
[2025-04-17T09:24:18.689+0000][226.690s][info][gc,heap        ] GC(1911) Tenured: 20111K(22464K)->20111K(22464K)
[2025-04-17T09:24:18.689+0000][226.690s][info][gc,metaspace   ] GC(1911) Metaspace: 37438K(37760K)->37438K(37760K) NonClass: 33012K(33152K)->33012K(33152K) Class: 4425K(4608K)->4425K(4608K)
[2025-04-17T09:24:18.689+0000][226.690s][info][gc             ] GC(1911) Pause Young (Allocation Failure) 28M->19M(31M) 1.716ms
[2025-04-17T09:24:18.689+0000][226.690s][info][gc,cpu         ] GC(1911) User=0.00s Sys=0.00s Real=0.00s
[2025-04-17T09:24:18.747+0000][226.747s][info][gc,start       ] GC(1912) Pause Young (Allocation Failure)
[2025-04-17T09:24:18.748+0000][226.749s][info][gc,heap        ] GC(1912) DefNew: 9313K(10176K)->196K(10176K) Eden: 9088K(9088K)->0K(9088K) From: 225K(1088K)->196K(1088K)
[2025-04-17T09:24:18.748+0000][226.749s][info][gc,heap        ] GC(1912) Tenured: 20111K(22464K)->20111K(22464K)
[2025-04-17T09:24:18.748+0000][226.749s][info][gc,metaspace   ] GC(1912) Metaspace: 37438K(37760K)->37438K(37760K) NonClass: 33012K(33152K)->33012K(33152K) Class: 4425K(4608K)->4425K(4608K)
[2025-04-17T09:24:18.748+0000][226.749s][info][gc             ] GC(1912) Pause Young (Allocation Failure) 28M->19M(31M) 1.439ms
[2025-04-17T09:24:18.748+0000][226.749s][info][gc,cpu         ] GC(1912) User=0.00s Sys=0.00s Real=0.00s
[2025-04-17T09:24:18.805+0000][226.806s][info][gc,start       ] GC(1913) Pause Young (Allocation Failure)
[2025-04-17T09:24:18.807+0000][226.807s][info][gc,heap        ] GC(1913) DefNew: 9284K(10176K)->193K(10176K) Eden: 9088K(9088K)->0K(9088K) From: 196K(1088K)->193K(1088K)
[2025-04-17T09:24:18.807+0000][226.807s][info][gc,heap        ] GC(1913) Tenured: 20111K(22464K)->20113K(22464K)
[2025-04-17T09:24:18.807+0000][226.807s][info][gc,metaspace   ] GC(1913) Metaspace: 37438K(37760K)->37438K(37760K) NonClass: 33012K(33152K)->33012K(33152K) Class: 4425K(4608K)->4425K(4608K)
[2025-04-17T09:24:18.807+0000][226.807s][info][gc             ] GC(1913) Pause Young (Allocation Failure) 28M->19M(31M) 1.716ms
[2025-04-17T09:24:18.807+0000][226.807s][info][gc,cpu         ] GC(1913) User=0.00s Sys=0.00s Real=0.00s
[2025-04-17T09:24:18.916+0000][226.917s][info][gc,start       ] GC(1914) Pause Young (Allocation Failure)
[2025-04-17T09:24:18.918+0000][226.918s][info][gc,heap        ] GC(1914) DefNew: 9281K(10176K)->209K(10176K) Eden: 9087K(9088K)->0K(9088K) From: 193K(1088K)->209K(1088K)
[2025-04-17T09:24:18.918+0000][226.918s][info][gc,heap        ] GC(1914) Tenured: 20113K(22464K)->20114K(22464K)
[2025-04-17T09:24:18.918+0000][226.918s][info][gc,metaspace   ] GC(1914) Metaspace: 37438K(37760K)->37438K(37760K) NonClass: 33012K(33152K)->33012K(33152K) Class: 4425K(4608K)->4425K(4608K)
[2025-04-17T09:24:18.918+0000][226.918s][info][gc             ] GC(1914) Pause Young (Allocation Failure) 28M->19M(31M) 1.690ms
[2025-04-17T09:24:18.918+0000][226.918s][info][gc,cpu         ] GC(1914) User=0.01s Sys=0.00s Real=0.00s
[2025-04-17T09:24:18.967+0000][226.968s][info][gc,start       ] GC(1915) Pause Young (Allocation Failure)
[2025-04-17T09:24:18.969+0000][226.969s][info][gc,heap        ] GC(1915) DefNew: 9297K(10176K)->200K(10176K) Eden: 9087K(9088K)->0K(9088K) From: 209K(1088K)->200K(1088K)
[2025-04-17T09:24:18.969+0000][226.969s][info][gc,heap        ] GC(1915) Tenured: 20114K(22464K)->20120K(22464K)
[2025-04-17T09:24:18.969+0000][226.969s][info][gc,metaspace   ] GC(1915) Metaspace: 37438K(37760K)->37438K(37760K) NonClass: 33012K(33152K)->33012K(33152K) Class: 4425K(4608K)->4425K(4608K)
[2025-04-17T09:24:18.969+0000][226.970s][info][gc             ] GC(1915) Pause Young (Allocation Failure) 28M->19M(31M) 1.508ms
[2025-04-17T09:24:18.969+0000][226.970s][info][gc,cpu         ] GC(1915) User=0.00s Sys=0.00s Real=0.00s
[2025-04-17T09:24:19.053+0000][227.053s][info][gc,start       ] GC(1916) Pause Young (Allocation Failure)
[2025-04-17T09:24:19.054+0000][227.055s][info][gc,heap        ] GC(1916) DefNew: 9288K(10176K)->202K(10176K) Eden: 9088K(9088K)->0K(9088K) From: 200K(1088K)->202K(1088K)
[2025-04-17T09:24:19.054+0000][227.055s][info][gc,heap        ] GC(1916) Tenured: 20120K(22464K)->20123K(22464K)
[2025-04-17T09:24:19.054+0000][227.055s][info][gc,metaspace   ] GC(1916) Metaspace: 37438K(37760K)->37438K(37760K) NonClass: 33012K(33152K)->33012K(33152K) Class: 4425K(4608K)->4425K(4608K)
[2025-04-17T09:24:19.054+0000][227.055s][info][gc             ] GC(1916) Pause Young (Allocation Failure) 28M->19M(31M) 1.471ms
[2025-04-17T09:24:19.054+0000][227.055s][info][gc,cpu         ] GC(1916) User=0.00s Sys=0.00s Real=0.01s
[2025-04-17T09:24:19.182+0000][227.182s][info][gc,start       ] GC(1917) Pause Young (Allocation Failure)
[2025-04-17T09:24:19.183+0000][227.184s][info][gc,heap        ] GC(1917) DefNew: 9290K(10176K)->233K(10176K) Eden: 9088K(9088K)->0K(9088K) From: 202K(1088K)->233K(1088K)
[2025-04-17T09:24:19.183+0000][227.184s][info][gc,heap        ] GC(1917) Tenured: 20123K(22464K)->20125K(22464K)
[2025-04-17T09:24:19.183+0000][227.184s][info][gc,metaspace   ] GC(1917) Metaspace: 37438K(37760K)->37438K(37760K) NonClass: 33012K(33152K)->33012K(33152K) Class: 4425K(4608K)->4425K(4608K)
[2025-04-17T09:24:19.183+0000][227.184s][info][gc             ] GC(1917) Pause Young (Allocation Failure) 28M->19M(31M) 1.591ms
[2025-04-17T09:24:19.183+0000][227.184s][info][gc,cpu         ] GC(1917) User=0.00s Sys=0.00s Real=0.00s
[2025-04-17T09:24:19.264+0000][227.265s][info][gc,start       ] GC(1918) Pause Young (Allocation Failure)
[2025-04-17T09:24:19.265+0000][227.266s][info][gc,heap        ] GC(1918) DefNew: 9321K(10176K)->154K(10176K) Eden: 9087K(9088K)->0K(9088K) From: 233K(1088K)->154K(1088K)
[2025-04-17T09:24:19.265+0000][227.266s][info][gc,heap        ] GC(1918) Tenured: 20125K(22464K)->20170K(22464K)
[2025-04-17T09:24:19.265+0000][227.266s][info][gc,metaspace   ] GC(1918) Metaspace: 37438K(37760K)->37438K(37760K) NonClass: 33012K(33152K)->33012K(33152K) Class: 4425K(4608K)->4425K(4608K)
[2025-04-17T09:24:19.265+0000][227.266s][info][gc             ] GC(1918) Pause Young (Allocation Failure) 28M->19M(31M) 1.436ms
[2025-04-17T09:24:19.265+0000][227.266s][info][gc,cpu         ] GC(1918) User=0.01s Sys=0.00s Real=0.01s
[2025-04-17T09:24:19.330+0000][227.331s][info][gc,start       ] GC(1919) Pause Young (Allocation Failure)
[2025-04-17T09:24:19.332+0000][227.332s][info][gc,heap        ] GC(1919) DefNew: 9242K(10176K)->143K(10176K) Eden: 9087K(9088K)->0K(9088K) From: 154K(1088K)->143K(1088K)
[2025-04-17T09:24:19.332+0000][227.332s][info][gc,heap        ] GC(1919) Tenured: 20170K(22464K)->20222K(22464K)
[2025-04-17T09:24:19.332+0000][227.333s][info][gc,metaspace   ] GC(1919) Metaspace: 37438K(37760K)->37438K(37760K) NonClass: 33012K(33152K)->33012K(33152K) Class: 4425K(4608K)->4425K(4608K)
[2025-04-17T09:24:19.332+0000][227.333s][info][gc             ] GC(1919) Pause Young (Allocation Failure) 28M->19M(31M) 1.626ms
[2025-04-17T09:24:19.332+0000][227.333s][info][gc,cpu         ] GC(1919) User=0.00s Sys=0.00s Real=0.00s
[2025-04-17T09:24:19.397+0000][227.398s][info][gc,start       ] GC(1920) Pause Young (Allocation Failure)
[2025-04-17T09:24:19.399+0000][227.399s][info][gc,heap        ] GC(1920) DefNew: 9231K(10176K)->100K(10176K) Eden: 9088K(9088K)->0K(9088K) From: 143K(1088K)->100K(1088K)
[2025-04-17T09:24:19.399+0000][227.399s][info][gc,heap        ] GC(1920) Tenured: 20222K(22464K)->20224K(22464K)
[2025-04-17T09:24:19.399+0000][227.399s][info][gc,metaspace   ] GC(1920) Metaspace: 37438K(37760K)->37438K(37760K) NonClass: 33012K(33152K)->33012K(33152K) Class: 4425K(4608K)->4425K(4608K)
[2025-04-17T09:24:19.399+0000][227.399s][info][gc             ] GC(1920) Pause Young (Allocation Failure) 28M->19M(31M) 1.328ms
[2025-04-17T09:24:19.399+0000][227.399s][info][gc,cpu         ] GC(1920) User=0.00s Sys=0.00s Real=0.00s
[2025-04-17T09:24:19.459+0000][227.460s][info][gc,start       ] GC(1921) Pause Young (Allocation Failure)
[2025-04-17T09:24:19.460+0000][227.461s][info][gc,heap        ] GC(1921) DefNew: 9188K(10176K)->88K(10176K) Eden: 9087K(9088K)->0K(9088K) From: 100K(1088K)->88K(1088K)
[2025-04-17T09:24:19.460+0000][227.461s][info][gc,heap        ] GC(1921) Tenured: 20224K(22464K)->20226K(22464K)
[2025-04-17T09:24:19.460+0000][227.461s][info][gc,metaspace   ] GC(1921) Metaspace: 37438K(37760K)->37438K(37760K) NonClass: 33012K(33152K)->33012K(33152K) Class: 4425K(4608K)->4425K(4608K)
[2025-04-17T09:24:19.460+0000][227.461s][info][gc             ] GC(1921) Pause Young (Allocation Failure) 28M->19M(31M) 1.370ms
[2025-04-17T09:24:19.460+0000][227.461s][info][gc,cpu         ] GC(1921) User=0.00s Sys=0.00s Real=0.00s
[2025-04-17T09:24:19.589+0000][227.589s][info][gc,start       ] GC(1922) Pause Young (Allocation Failure)
[2025-04-17T09:24:19.590+0000][227.591s][info][gc,heap        ] GC(1922) DefNew: 9176K(10176K)->83K(10176K) Eden: 9087K(9088K)->0K(9088K) From: 88K(1088K)->83K(1088K)
[2025-04-17T09:24:19.590+0000][227.591s][info][gc,heap        ] GC(1922) Tenured: 20226K(22464K)->20227K(22464K)
[2025-04-17T09:24:19.590+0000][227.591s][info][gc,metaspace   ] GC(1922) Metaspace: 37438K(37760K)->37438K(37760K) NonClass: 33012K(33152K)->33012K(33152K) Class: 4425K(4608K)->4425K(4608K)
[2025-04-17T09:24:19.590+0000][227.591s][info][gc             ] GC(1922) Pause Young (Allocation Failure) 28M->19M(31M) 1.498ms
[2025-04-17T09:24:19.590+0000][227.591s][info][gc,cpu         ] GC(1922) User=0.00s Sys=0.00s Real=0.00s
[2025-04-17T09:24:19.708+0000][227.709s][info][gc,start       ] GC(1923) Pause Young (Allocation Failure)
[2025-04-17T09:24:19.709+0000][227.710s][info][gc,heap        ] GC(1923) DefNew: 9171K(10176K)->80K(10176K) Eden: 9088K(9088K)->0K(9088K) From: 83K(1088K)->80K(1088K)
[2025-04-17T09:24:19.709+0000][227.710s][info][gc,heap        ] GC(1923) Tenured: 20227K(22464K)->20230K(22464K)
[2025-04-17T09:24:19.710+0000][227.710s][info][gc,metaspace   ] GC(1923) Metaspace: 37438K(37760K)->37438K(37760K) NonClass: 33012K(33152K)->33012K(33152K) Class: 4425K(4608K)->4425K(4608K)
[2025-04-17T09:24:19.710+0000][227.710s][info][gc             ] GC(1923) Pause Young (Allocation Failure) 28M->19M(31M) 1.423ms
[2025-04-17T09:24:19.710+0000][227.710s][info][gc,cpu         ] GC(1923) User=0.00s Sys=0.00s Real=0.00s
[2025-04-17T09:24:19.869+0000][227.869s][info][gc,start       ] GC(1924) Pause Young (Allocation Failure)
[2025-04-17T09:24:19.870+0000][227.871s][info][gc,heap        ] GC(1924) DefNew: 9168K(10176K)->78K(10176K) Eden: 9088K(9088K)->0K(9088K) From: 80K(1088K)->78K(1088K)
[2025-04-17T09:24:19.870+0000][227.871s][info][gc,heap        ] GC(1924) Tenured: 20230K(22464K)->20232K(22464K)
[2025-04-17T09:24:19.870+0000][227.871s][info][gc,metaspace   ] GC(1924) Metaspace: 37438K(37760K)->37438K(37760K) NonClass: 33012K(33152K)->33012K(33152K) Class: 4425K(4608K)->4425K(4608K)
[2025-04-17T09:24:19.870+0000][227.871s][info][gc             ] GC(1924) Pause Young (Allocation Failure) 28M->19M(31M) 1.485ms
[2025-04-17T09:24:19.870+0000][227.871s][info][gc,cpu         ] GC(1924) User=0.00s Sys=0.00s Real=0.00s
[2025-04-17T09:24:19.945+0000][227.945s][info][gc,start       ] GC(1925) Pause Young (Allocation Failure)
[2025-04-17T09:24:19.946+0000][227.947s][info][gc,heap        ] GC(1925) DefNew: 9166K(10176K)->96K(10176K) Eden: 9088K(9088K)->0K(9088K) From: 78K(1088K)->96K(1088K)
[2025-04-17T09:24:19.946+0000][227.947s][info][gc,heap        ] GC(1925) Tenured: 20232K(22464K)->20233K(22464K)
[2025-04-17T09:24:19.946+0000][227.947s][info][gc,metaspace   ] GC(1925) Metaspace: 37438K(37760K)->37438K(37760K) NonClass: 33012K(33152K)->33012K(33152K) Class: 4425K(4608K)->4425K(4608K)
[2025-04-17T09:24:19.946+0000][227.947s][info][gc             ] GC(1925) Pause Young (Allocation Failure) 28M->19M(31M) 1.417ms
[2025-04-17T09:24:19.946+0000][227.947s][info][gc,cpu         ] GC(1925) User=0.00s Sys=0.00s Real=0.00s
[2025-04-17T09:24:20.006+0000][228.006s][info][gc,start       ] GC(1926) Pause Young (Allocation Failure)
[2025-04-17T09:24:20.007+0000][228.007s][info][gc,heap        ] GC(1926) DefNew: 9184K(10176K)->80K(10176K) Eden: 9088K(9088K)->0K(9088K) From: 96K(1088K)->80K(1088K)
[2025-04-17T09:24:20.007+0000][228.007s][info][gc,heap        ] GC(1926) Tenured: 20233K(22464K)->20233K(22464K)
[2025-04-17T09:24:20.007+0000][228.008s][info][gc,metaspace   ] GC(1926) Metaspace: 37438K(37760K)->37438K(37760K) NonClass: 33012K(33152K)->33012K(33152K) Class: 4425K(4608K)->4425K(4608K)
[2025-04-17T09:24:20.007+0000][228.008s][info][gc             ] GC(1926) Pause Young (Allocation Failure) 28M->19M(31M) 1.359ms
[2025-04-17T09:24:20.007+0000][228.008s][info][gc,cpu         ] GC(1926) User=0.00s Sys=0.00s Real=0.00s
[2025-04-17T09:24:20.118+0000][228.119s][info][gc,start       ] GC(1927) Pause Young (Allocation Failure)
[2025-04-17T09:24:20.120+0000][228.120s][info][gc,heap        ] GC(1927) DefNew: 9168K(10176K)->76K(10176K) Eden: 9087K(9088K)->0K(9088K) From: 80K(1088K)->76K(1088K)
[2025-04-17T09:24:20.120+0000][228.120s][info][gc,heap        ] GC(1927) Tenured: 20233K(22464K)->20234K(22464K)
[2025-04-17T09:24:20.120+0000][228.120s][info][gc,metaspace   ] GC(1927) Metaspace: 37438K(37760K)->37438K(37760K) NonClass: 33012K(33152K)->33012K(33152K) Class: 4425K(4608K)->4425K(4608K)
[2025-04-17T09:24:20.120+0000][228.120s][info][gc             ] GC(1927) Pause Young (Allocation Failure) 28M->19M(31M) 1.503ms
[2025-04-17T09:24:20.120+0000][228.120s][info][gc,cpu         ] GC(1927) User=0.00s Sys=0.00s Real=0.00s
[2025-04-17T09:24:20.279+0000][228.279s][info][gc,start       ] GC(1928) Pause Young (Allocation Failure)
[2025-04-17T09:24:20.280+0000][228.281s][info][gc,heap        ] GC(1928) DefNew: 9164K(10176K)->84K(10176K) Eden: 9088K(9088K)->0K(9088K) From: 76K(1088K)->84K(1088K)
[2025-04-17T09:24:20.280+0000][228.281s][info][gc,heap        ] GC(1928) Tenured: 20234K(22464K)->20234K(22464K)
[2025-04-17T09:24:20.280+0000][228.281s][info][gc,metaspace   ] GC(1928) Metaspace: 37438K(37760K)->37438K(37760K) NonClass: 33012K(33152K)->33012K(33152K) Class: 4425K(4608K)->4425K(4608K)
[2025-04-17T09:24:20.280+0000][228.281s][info][gc             ] GC(1928) Pause Young (Allocation Failure) 28M->19M(31M) 1.409ms
[2025-04-17T09:24:20.280+0000][228.281s][info][gc,cpu         ] GC(1928) User=0.00s Sys=0.00s Real=0.00s
[2025-04-17T09:24:20.392+0000][228.393s][info][gc,start       ] GC(1929) Pause Young (Allocation Failure)
[2025-04-17T09:24:20.394+0000][228.394s][info][gc,heap        ] GC(1929) DefNew: 9172K(10176K)->105K(10176K) Eden: 9088K(9088K)->0K(9088K) From: 84K(1088K)->105K(1088K)
[2025-04-17T09:24:20.394+0000][228.394s][info][gc,heap        ] GC(1929) Tenured: 20234K(22464K)->20234K(22464K)
[2025-04-17T09:24:20.394+0000][228.394s][info][gc,metaspace   ] GC(1929) Metaspace: 37438K(37760K)->37438K(37760K) NonClass: 33012K(33152K)->33012K(33152K) Class: 4425K(4608K)->4425K(4608K)
[2025-04-17T09:24:20.394+0000][228.394s][info][gc             ] GC(1929) Pause Young (Allocation Failure) 28M->19M(31M) 1.379ms
[2025-04-17T09:24:20.394+0000][228.394s][info][gc,cpu         ] GC(1929) User=0.00s Sys=0.00s Real=0.00s
[2025-04-17T09:24:20.563+0000][228.564s][info][gc,start       ] GC(1930) Pause Young (Allocation Failure)
[2025-04-17T09:24:20.565+0000][228.565s][info][gc,heap        ] GC(1930) DefNew: 9193K(10176K)->97K(10176K) Eden: 9087K(9088K)->0K(9088K) From: 105K(1088K)->97K(1088K)
[2025-04-17T09:24:20.565+0000][228.565s][info][gc,heap        ] GC(1930) Tenured: 20234K(22464K)->20236K(22464K)
[2025-04-17T09:24:20.565+0000][228.565s][info][gc,metaspace   ] GC(1930) Metaspace: 37438K(37760K)->37438K(37760K) NonClass: 33012K(33152K)->33012K(33152K) Class: 4425K(4608K)->4425K(4608K)
[2025-04-17T09:24:20.565+0000][228.565s][info][gc             ] GC(1930) Pause Young (Allocation Failure) 28M->19M(31M) 1.526ms
[2025-04-17T09:24:20.565+0000][228.565s][info][gc,cpu         ] GC(1930) User=0.00s Sys=0.00s Real=0.01s
[2025-04-17T09:24:20.645+0000][228.645s][info][gc,start       ] GC(1931) Pause Young (Allocation Failure)
[2025-04-17T09:24:20.646+0000][228.647s][info][gc,heap        ] GC(1931) DefNew: 9185K(10176K)->76K(10176K) Eden: 9088K(9088K)->0K(9088K) From: 97K(1088K)->76K(1088K)
[2025-04-17T09:24:20.646+0000][228.647s][info][gc,heap        ] GC(1931) Tenured: 20236K(22464K)->20237K(22464K)
[2025-04-17T09:24:20.646+0000][228.647s][info][gc,metaspace   ] GC(1931) Metaspace: 37438K(37760K)->37438K(37760K) NonClass: 33012K(33152K)->33012K(33152K) Class: 4425K(4608K)->4425K(4608K)
[2025-04-17T09:24:20.646+0000][228.647s][info][gc             ] GC(1931) Pause Young (Allocation Failure) 28M->19M(31M) 1.314ms
[2025-04-17T09:24:20.646+0000][228.647s][info][gc,cpu         ] GC(1931) User=0.00s Sys=0.00s Real=0.00s
[2025-04-17T09:24:20.781+0000][228.781s][info][gc,start       ] GC(1932) Pause Young (Allocation Failure)
[2025-04-17T09:24:20.782+0000][228.783s][info][gc,heap        ] GC(1932) DefNew: 9163K(10176K)->90K(10176K) Eden: 9086K(9088K)->0K(9088K) From: 76K(1088K)->90K(1088K)
[2025-04-17T09:24:20.782+0000][228.783s][info][gc,heap        ] GC(1932) Tenured: 20237K(22464K)->20237K(22464K)
[2025-04-17T09:24:20.782+0000][228.783s][info][gc,metaspace   ] GC(1932) Metaspace: 37438K(37760K)->37438K(37760K) NonClass: 33012K(33152K)->33012K(33152K) Class: 4425K(4608K)->4425K(4608K)
[2025-04-17T09:24:20.782+0000][228.783s][info][gc             ] GC(1932) Pause Young (Allocation Failure) 28M->19M(31M) 1.386ms
[2025-04-17T09:24:20.782+0000][228.783s][info][gc,cpu         ] GC(1932) User=0.00s Sys=0.00s Real=0.00s
[2025-04-17T09:24:20.873+0000][228.874s][info][gc,start       ] GC(1933) Pause Young (Allocation Failure)
[2025-04-17T09:24:20.875+0000][228.875s][info][gc,heap        ] GC(1933) DefNew: 9178K(10176K)->84K(10176K) Eden: 9087K(9088K)->0K(9088K) From: 90K(1088K)->84K(1088K)
[2025-04-17T09:24:20.875+0000][228.875s][info][gc,heap        ] GC(1933) Tenured: 20237K(22464K)->20237K(22464K)
[2025-04-17T09:24:20.875+0000][228.875s][info][gc,metaspace   ] GC(1933) Metaspace: 37438K(37760K)->37438K(37760K) NonClass: 33012K(33152K)->33012K(33152K) Class: 4425K(4608K)->4425K(4608K)
[2025-04-17T09:24:20.875+0000][228.875s][info][gc             ] GC(1933) Pause Young (Allocation Failure) 28M->19M(31M) 1.363ms
[2025-04-17T09:24:20.875+0000][228.875s][info][gc,cpu         ] GC(1933) User=0.00s Sys=0.00s Real=0.01s
[2025-04-17T09:24:21.007+0000][229.008s][info][gc,start       ] GC(1934) Pause Young (Allocation Failure)
[2025-04-17T09:24:21.009+0000][229.009s][info][gc,heap        ] GC(1934) DefNew: 9172K(10176K)->98K(10176K) Eden: 9087K(9088K)->0K(9088K) From: 84K(1088K)->98K(1088K)
[2025-04-17T09:24:21.009+0000][229.010s][info][gc,heap        ] GC(1934) Tenured: 20237K(22464K)->20237K(22464K)
[2025-04-17T09:24:21.009+0000][229.010s][info][gc,metaspace   ] GC(1934) Metaspace: 37438K(37760K)->37438K(37760K) NonClass: 33012K(33152K)->33012K(33152K) Class: 4425K(4608K)->4425K(4608K)
[2025-04-17T09:24:21.009+0000][229.010s][info][gc             ] GC(1934) Pause Young (Allocation Failure) 28M->19M(31M) 1.430ms
[2025-04-17T09:24:21.009+0000][229.010s][info][gc,cpu         ] GC(1934) User=0.00s Sys=0.00s Real=0.00s
[2025-04-17T09:24:21.159+0000][229.160s][info][gc,start       ] GC(1935) Pause Young (Allocation Failure)
[2025-04-17T09:24:21.161+0000][229.161s][info][gc,heap        ] GC(1935) DefNew: 9186K(10176K)->88K(10176K) Eden: 9087K(9088K)->0K(9088K) From: 98K(1088K)->88K(1088K)
[2025-04-17T09:24:21.161+0000][229.161s][info][gc,heap        ] GC(1935) Tenured: 20237K(22464K)->20237K(22464K)
[2025-04-17T09:24:21.161+0000][229.161s][info][gc,metaspace   ] GC(1935) Metaspace: 37438K(37760K)->37438K(37760K) NonClass: 33012K(33152K)->33012K(33152K) Class: 4425K(4608K)->4425K(4608K)
[2025-04-17T09:24:21.161+0000][229.161s][info][gc             ] GC(1935) Pause Young (Allocation Failure) 28M->19M(31M) 1.453ms
[2025-04-17T09:24:21.161+0000][229.161s][info][gc,cpu         ] GC(1935) User=0.00s Sys=0.00s Real=0.00s
[2025-04-17T09:24:21.290+0000][229.291s][info][gc,start       ] GC(1936) Pause Young (Allocation Failure)
[2025-04-17T09:24:21.291+0000][229.292s][info][gc,heap        ] GC(1936) DefNew: 9176K(10176K)->105K(10176K) Eden: 9088K(9088K)->0K(9088K) From: 88K(1088K)->105K(1088K)
[2025-04-17T09:24:21.291+0000][229.292s][info][gc,heap        ] GC(1936) Tenured: 20237K(22464K)->20237K(22464K)
[2025-04-17T09:24:21.291+0000][229.292s][info][gc,metaspace   ] GC(1936) Metaspace: 37438K(37760K)->37438K(37760K) NonClass: 33012K(33152K)->33012K(33152K) Class: 4425K(4608K)->4425K(4608K)
[2025-04-17T09:24:21.291+0000][229.292s][info][gc             ] GC(1936) Pause Young (Allocation Failure) 28M->19M(31M) 1.439ms
[2025-04-17T09:24:21.291+0000][229.292s][info][gc,cpu         ] GC(1936) User=0.00s Sys=0.00s Real=0.00s
[2025-04-17T09:24:21.437+0000][229.437s][info][gc,start       ] GC(1937) Pause Young (Allocation Failure)
[2025-04-17T09:24:21.438+0000][229.439s][info][gc,heap        ] GC(1937) DefNew: 9193K(10176K)->91K(10176K) Eden: 9088K(9088K)->0K(9088K) From: 105K(1088K)->91K(1088K)
[2025-04-17T09:24:21.438+0000][229.439s][info][gc,heap        ] GC(1937) Tenured: 20237K(22464K)->20237K(22464K)
[2025-04-17T09:24:21.438+0000][229.439s][info][gc,metaspace   ] GC(1937) Metaspace: 37438K(37760K)->37438K(37760K) NonClass: 33012K(33152K)->33012K(33152K) Class: 4425K(4608K)->4425K(4608K)
[2025-04-17T09:24:21.438+0000][229.439s][info][gc             ] GC(1937) Pause Young (Allocation Failure) 28M->19M(31M) 1.459ms
[2025-04-17T09:24:21.438+0000][229.439s][info][gc,cpu         ] GC(1937) User=0.00s Sys=0.00s Real=0.00s
[2025-04-17T09:24:21.593+0000][229.593s][info][gc,start       ] GC(1938) Pause Young (Allocation Failure)
[2025-04-17T09:24:21.594+0000][229.595s][info][gc,heap        ] GC(1938) DefNew: 9179K(10176K)->105K(10176K) Eden: 9088K(9088K)->0K(9088K) From: 91K(1088K)->105K(1088K)
[2025-04-17T09:24:21.594+0000][229.595s][info][gc,heap        ] GC(1938) Tenured: 20237K(22464K)->20240K(22464K)
[2025-04-17T09:24:21.594+0000][229.595s][info][gc,metaspace   ] GC(1938) Metaspace: 37438K(37760K)->37438K(37760K) NonClass: 33012K(33152K)->33012K(33152K) Class: 4425K(4608K)->4425K(4608K)
[2025-04-17T09:24:21.594+0000][229.595s][info][gc             ] GC(1938) Pause Young (Allocation Failure) 28M->19M(31M) 1.396ms
[2025-04-17T09:24:21.594+0000][229.595s][info][gc,cpu         ] GC(1938) User=0.00s Sys=0.00s Real=0.01s
[2025-04-17T09:24:21.660+0000][229.661s][info][gc,start       ] GC(1939) Pause Young (Allocation Failure)
[2025-04-17T09:24:21.661+0000][229.662s][info][gc,heap        ] GC(1939) DefNew: 9193K(10176K)->104K(10176K) Eden: 9088K(9088K)->0K(9088K) From: 105K(1088K)->104K(1088K)
[2025-04-17T09:24:21.661+0000][229.662s][info][gc,heap        ] GC(1939) Tenured: 20240K(22464K)->20240K(22464K)
[2025-04-17T09:24:21.661+0000][229.662s][info][gc,metaspace   ] GC(1939) Metaspace: 37438K(37760K)->37438K(37760K) NonClass: 33012K(33152K)->33012K(33152K) Class: 4425K(4608K)->4425K(4608K)
[2025-04-17T09:24:21.661+0000][229.662s][info][gc             ] GC(1939) Pause Young (Allocation Failure) 28M->19M(31M) 1.346ms
[2025-04-17T09:24:21.661+0000][229.662s][info][gc,cpu         ] GC(1939) User=0.00s Sys=0.00s Real=0.00s
[2025-04-17T09:24:21.734+0000][229.735s][info][gc,start       ] GC(1940) Pause Young (Allocation Failure)
[2025-04-17T09:24:21.735+0000][229.736s][info][gc,heap        ] GC(1940) DefNew: 9185K(10176K)->115K(10176K) Eden: 9081K(9088K)->0K(9088K) From: 104K(1088K)->115K(1088K)
[2025-04-17T09:24:21.735+0000][229.736s][info][gc,heap        ] GC(1940) Tenured: 20240K(22464K)->20241K(22464K)
[2025-04-17T09:24:21.735+0000][229.736s][info][gc,metaspace   ] GC(1940) Metaspace: 37438K(37760K)->37438K(37760K) NonClass: 33012K(33152K)->33012K(33152K) Class: 4425K(4608K)->4425K(4608K)
[2025-04-17T09:24:21.735+0000][229.736s][info][gc             ] GC(1940) Pause Young (Allocation Failure) 28M->19M(31M) 1.416ms
[2025-04-17T09:24:21.735+0000][229.736s][info][gc,cpu         ] GC(1940) User=0.01s Sys=0.00s Real=0.01s
[2025-04-17T09:24:21.812+0000][229.812s][info][gc,start       ] GC(1941) Pause Young (Allocation Failure)
[2025-04-17T09:24:21.813+0000][229.814s][info][gc,heap        ] GC(1941) DefNew: 9203K(10176K)->104K(10176K) Eden: 9087K(9088K)->0K(9088K) From: 115K(1088K)->104K(1088K)
[2025-04-17T09:24:21.813+0000][229.814s][info][gc,heap        ] GC(1941) Tenured: 20241K(22464K)->20241K(22464K)
[2025-04-17T09:24:21.813+0000][229.814s][info][gc,metaspace   ] GC(1941) Metaspace: 37438K(37760K)->37438K(37760K) NonClass: 33012K(33152K)->33012K(33152K) Class: 4425K(4608K)->4425K(4608K)
[2025-04-17T09:24:21.813+0000][229.814s][info][gc             ] GC(1941) Pause Young (Allocation Failure) 28M->19M(31M) 1.350ms
[2025-04-17T09:24:21.813+0000][229.814s][info][gc,cpu         ] GC(1941) User=0.00s Sys=0.00s Real=0.00s
[2025-04-17T09:24:21.864+0000][229.865s][info][gc,start       ] GC(1942) Pause Young (Allocation Failure)
[2025-04-17T09:24:21.866+0000][229.866s][info][gc,heap        ] GC(1942) DefNew: 9192K(10176K)->105K(10176K) Eden: 9087K(9088K)->0K(9088K) From: 104K(1088K)->105K(1088K)
[2025-04-17T09:24:21.866+0000][229.866s][info][gc,heap        ] GC(1942) Tenured: 20241K(22464K)->20241K(22464K)
[2025-04-17T09:24:21.866+0000][229.866s][info][gc,metaspace   ] GC(1942) Metaspace: 37438K(37760K)->37438K(37760K) NonClass: 33012K(33152K)->33012K(33152K) Class: 4425K(4608K)->4425K(4608K)
[2025-04-17T09:24:21.866+0000][229.866s][info][gc             ] GC(1942) Pause Young (Allocation Failure) 28M->19M(31M) 1.511ms
[2025-04-17T09:24:21.866+0000][229.866s][info][gc,cpu         ] GC(1942) User=0.00s Sys=0.00s Real=0.00s
[2025-04-17T09:24:21.921+0000][229.922s][info][gc,start       ] GC(1943) Pause Young (Allocation Failure)
[2025-04-17T09:24:21.923+0000][229.923s][info][gc,heap        ] GC(1943) DefNew: 9193K(10176K)->120K(10176K) Eden: 9087K(9088K)->0K(9088K) From: 105K(1088K)->120K(1088K)
[2025-04-17T09:24:21.923+0000][229.923s][info][gc,heap        ] GC(1943) Tenured: 20241K(22464K)->20244K(22464K)
[2025-04-17T09:24:21.923+0000][229.923s][info][gc,metaspace   ] GC(1943) Metaspace: 37438K(37760K)->37438K(37760K) NonClass: 33012K(33152K)->33012K(33152K) Class: 4425K(4608K)->4425K(4608K)
[2025-04-17T09:24:21.923+0000][229.923s][info][gc             ] GC(1943) Pause Young (Allocation Failure) 28M->19M(31M) 1.434ms
[2025-04-17T09:24:21.923+0000][229.923s][info][gc,cpu         ] GC(1943) User=0.00s Sys=0.00s Real=0.00s
[2025-04-17T09:24:21.976+0000][229.977s][info][gc,start       ] GC(1944) Pause Young (Allocation Failure)
[2025-04-17T09:24:21.977+0000][229.978s][info][gc,heap        ] GC(1944) DefNew: 9208K(10176K)->115K(10176K) Eden: 9087K(9088K)->0K(9088K) From: 120K(1088K)->115K(1088K)
[2025-04-17T09:24:21.977+0000][229.978s][info][gc,heap        ] GC(1944) Tenured: 20244K(22464K)->20244K(22464K)
[2025-04-17T09:24:21.978+0000][229.978s][info][gc,metaspace   ] GC(1944) Metaspace: 37438K(37760K)->37438K(37760K) NonClass: 33012K(33152K)->33012K(33152K) Class: 4425K(4608K)->4425K(4608K)
[2025-04-17T09:24:21.978+0000][229.978s][info][gc             ] GC(1944) Pause Young (Allocation Failure) 28M->19M(31M) 1.366ms
[2025-04-17T09:24:21.978+0000][229.978s][info][gc,cpu         ] GC(1944) User=0.00s Sys=0.00s Real=0.00s
[2025-04-17T09:24:22.035+0000][230.035s][info][gc,start       ] GC(1945) Pause Young (Allocation Failure)
[2025-04-17T09:24:22.036+0000][230.037s][info][gc,heap        ] GC(1945) DefNew: 9203K(10176K)->88K(10176K) Eden: 9087K(9088K)->0K(9088K) From: 115K(1088K)->88K(1088K)
[2025-04-17T09:24:22.036+0000][230.037s][info][gc,heap        ] GC(1945) Tenured: 20244K(22464K)->20246K(22464K)
[2025-04-17T09:24:22.036+0000][230.037s][info][gc,metaspace   ] GC(1945) Metaspace: 37438K(37760K)->37438K(37760K) NonClass: 33012K(33152K)->33012K(33152K) Class: 4425K(4608K)->4425K(4608K)
[2025-04-17T09:24:22.036+0000][230.037s][info][gc             ] GC(1945) Pause Young (Allocation Failure) 28M->19M(31M) 1.341ms
[2025-04-17T09:24:22.036+0000][230.037s][info][gc,cpu         ] GC(1945) User=0.01s Sys=0.00s Real=0.00s
[2025-04-17T09:24:22.114+0000][230.115s][info][gc,start       ] GC(1946) Pause Young (Allocation Failure)
[2025-04-17T09:24:22.115+0000][230.116s][info][gc,heap        ] GC(1946) DefNew: 9175K(10176K)->91K(10176K) Eden: 9086K(9088K)->0K(9088K) From: 88K(1088K)->91K(1088K)
[2025-04-17T09:24:22.115+0000][230.116s][info][gc,heap        ] GC(1946) Tenured: 20246K(22464K)->20246K(22464K)
[2025-04-17T09:24:22.115+0000][230.116s][info][gc,metaspace   ] GC(1946) Metaspace: 37438K(37760K)->37438K(37760K) NonClass: 33012K(33152K)->33012K(33152K) Class: 4425K(4608K)->4425K(4608K)
[2025-04-17T09:24:22.115+0000][230.116s][info][gc             ] GC(1946) Pause Young (Allocation Failure) 28M->19M(31M) 1.438ms
[2025-04-17T09:24:22.115+0000][230.116s][info][gc,cpu         ] GC(1946) User=0.00s Sys=0.00s Real=0.01s
[2025-04-17T09:24:22.204+0000][230.205s][info][gc,start       ] GC(1947) Pause Young (Allocation Failure)
[2025-04-17T09:24:22.206+0000][230.206s][info][gc,heap        ] GC(1947) DefNew: 9179K(10176K)->79K(10176K) Eden: 9088K(9088K)->0K(9088K) From: 91K(1088K)->79K(1088K)
[2025-04-17T09:24:22.206+0000][230.206s][info][gc,heap        ] GC(1947) Tenured: 20246K(22464K)->20248K(22464K)
[2025-04-17T09:24:22.206+0000][230.206s][info][gc,metaspace   ] GC(1947) Metaspace: 37438K(37760K)->37438K(37760K) NonClass: 33012K(33152K)->33012K(33152K) Class: 4425K(4608K)->4425K(4608K)
[2025-04-17T09:24:22.206+0000][230.206s][info][gc             ] GC(1947) Pause Young (Allocation Failure) 28M->19M(31M) 1.382ms
[2025-04-17T09:24:22.206+0000][230.206s][info][gc,cpu         ] GC(1947) User=0.00s Sys=0.00s Real=0.00s
[2025-04-17T09:24:22.356+0000][230.356s][info][gc,start       ] GC(1948) Pause Young (Allocation Failure)
[2025-04-17T09:24:22.357+0000][230.358s][info][gc,heap        ] GC(1948) DefNew: 9167K(10176K)->86K(10176K) Eden: 9088K(9088K)->0K(9088K) From: 79K(1088K)->86K(1088K)
[2025-04-17T09:24:22.357+0000][230.358s][info][gc,heap        ] GC(1948) Tenured: 20248K(22464K)->20250K(22464K)
[2025-04-17T09:24:22.357+0000][230.358s][info][gc,metaspace   ] GC(1948) Metaspace: 37438K(37760K)->37438K(37760K) NonClass: 33012K(33152K)->33012K(33152K) Class: 4425K(4608K)->4425K(4608K)
[2025-04-17T09:24:22.357+0000][230.358s][info][gc             ] GC(1948) Pause Young (Allocation Failure) 28M->19M(31M) 1.518ms
[2025-04-17T09:24:22.357+0000][230.358s][info][gc,cpu         ] GC(1948) User=0.00s Sys=0.00s Real=0.00s
[2025-04-17T09:24:22.418+0000][230.418s][info][gc,start       ] GC(1949) Pause Young (Allocation Failure)
[2025-04-17T09:24:22.419+0000][230.420s][info][gc,heap        ] GC(1949) DefNew: 9174K(10176K)->102K(10176K) Eden: 9088K(9088K)->0K(9088K) From: 86K(1088K)->102K(1088K)
[2025-04-17T09:24:22.419+0000][230.420s][info][gc,heap        ] GC(1949) Tenured: 20250K(22464K)->20253K(22464K)
[2025-04-17T09:24:22.419+0000][230.420s][info][gc,metaspace   ] GC(1949) Metaspace: 37438K(37760K)->37438K(37760K) NonClass: 33012K(33152K)->33012K(33152K) Class: 4425K(4608K)->4425K(4608K)
[2025-04-17T09:24:22.419+0000][230.420s][info][gc             ] GC(1949) Pause Young (Allocation Failure) 28M->19M(31M) 1.517ms
[2025-04-17T09:24:22.419+0000][230.420s][info][gc,cpu         ] GC(1949) User=0.00s Sys=0.00s Real=0.00s
[2025-04-17T09:24:22.508+0000][230.508s][info][gc,start       ] GC(1950) Pause Young (Allocation Failure)
[2025-04-17T09:24:22.509+0000][230.510s][info][gc,heap        ] GC(1950) DefNew: 9188K(10176K)->85K(10176K) Eden: 9086K(9088K)->0K(9088K) From: 102K(1088K)->85K(1088K)
[2025-04-17T09:24:22.509+0000][230.510s][info][gc,heap        ] GC(1950) Tenured: 20253K(22464K)->20254K(22464K)
[2025-04-17T09:24:22.509+0000][230.510s][info][gc,metaspace   ] GC(1950) Metaspace: 37438K(37760K)->37438K(37760K) NonClass: 33012K(33152K)->33012K(33152K) Class: 4425K(4608K)->4425K(4608K)
[2025-04-17T09:24:22.509+0000][230.510s][info][gc             ] GC(1950) Pause Young (Allocation Failure) 28M->19M(31M) 1.534ms
[2025-04-17T09:24:22.509+0000][230.510s][info][gc,cpu         ] GC(1950) User=0.00s Sys=0.00s Real=0.00s
[2025-04-17T09:24:22.566+0000][230.566s][info][gc,start       ] GC(1951) Pause Young (Allocation Failure)
[2025-04-17T09:24:22.567+0000][230.568s][info][gc,heap        ] GC(1951) DefNew: 9173K(10176K)->107K(10176K) Eden: 9088K(9088K)->0K(9088K) From: 85K(1088K)->107K(1088K)
[2025-04-17T09:24:22.567+0000][230.568s][info][gc,heap        ] GC(1951) Tenured: 20254K(22464K)->20255K(22464K)
[2025-04-17T09:24:22.567+0000][230.568s][info][gc,metaspace   ] GC(1951) Metaspace: 37438K(37760K)->37438K(37760K) NonClass: 33012K(33152K)->33012K(33152K) Class: 4425K(4608K)->4425K(4608K)
[2025-04-17T09:24:22.567+0000][230.568s][info][gc             ] GC(1951) Pause Young (Allocation Failure) 28M->19M(31M) 1.386ms
[2025-04-17T09:24:22.567+0000][230.568s][info][gc,cpu         ] GC(1951) User=0.01s Sys=0.00s Real=0.00s
[2025-04-17T09:24:22.635+0000][230.636s][info][gc,start       ] GC(1952) Pause Young (Allocation Failure)
[2025-04-17T09:24:22.636+0000][230.637s][info][gc,heap        ] GC(1952) DefNew: 9195K(10176K)->78K(10176K) Eden: 9088K(9088K)->0K(9088K) From: 107K(1088K)->78K(1088K)
[2025-04-17T09:24:22.636+0000][230.637s][info][gc,heap        ] GC(1952) Tenured: 20255K(22464K)->20256K(22464K)
[2025-04-17T09:24:22.636+0000][230.637s][info][gc,metaspace   ] GC(1952) Metaspace: 37438K(37760K)->37438K(37760K) NonClass: 33012K(33152K)->33012K(33152K) Class: 4425K(4608K)->4425K(4608K)
[2025-04-17T09:24:22.636+0000][230.637s][info][gc             ] GC(1952) Pause Young (Allocation Failure) 28M->19M(31M) 1.309ms
[2025-04-17T09:24:22.636+0000][230.637s][info][gc,cpu         ] GC(1952) User=0.00s Sys=0.00s Real=0.00s
[2025-04-17T09:24:22.706+0000][230.707s][info][gc,start       ] GC(1953) Pause Young (Allocation Failure)
[2025-04-17T09:24:22.707+0000][230.708s][info][gc,heap        ] GC(1953) DefNew: 9161K(10176K)->95K(10176K) Eden: 9083K(9088K)->0K(9088K) From: 78K(1088K)->95K(1088K)
[2025-04-17T09:24:22.707+0000][230.708s][info][gc,heap        ] GC(1953) Tenured: 20256K(22464K)->20257K(22464K)
[2025-04-17T09:24:22.707+0000][230.708s][info][gc,metaspace   ] GC(1953) Metaspace: 37438K(37760K)->37438K(37760K) NonClass: 33012K(33152K)->33012K(33152K) Class: 4425K(4608K)->4425K(4608K)
[2025-04-17T09:24:22.707+0000][230.708s][info][gc             ] GC(1953) Pause Young (Allocation Failure) 28M->19M(31M) 1.342ms
[2025-04-17T09:24:22.707+0000][230.708s][info][gc,cpu         ] GC(1953) User=0.00s Sys=0.00s Real=0.00s
[2025-04-17T09:24:22.879+0000][230.879s][info][gc,start       ] GC(1954) Pause Young (Allocation Failure)
[2025-04-17T09:24:22.880+0000][230.881s][info][gc,heap        ] GC(1954) DefNew: 9183K(10176K)->86K(10176K) Eden: 9088K(9088K)->0K(9088K) From: 95K(1088K)->86K(1088K)
[2025-04-17T09:24:22.880+0000][230.881s][info][gc,heap        ] GC(1954) Tenured: 20257K(22464K)->20257K(22464K)
[2025-04-17T09:24:22.880+0000][230.881s][info][gc,metaspace   ] GC(1954) Metaspace: 37438K(37760K)->37438K(37760K) NonClass: 33012K(33152K)->33012K(33152K) Class: 4425K(4608K)->4425K(4608K)
[2025-04-17T09:24:22.880+0000][230.881s][info][gc             ] GC(1954) Pause Young (Allocation Failure) 28M->19M(31M) 1.556ms
[2025-04-17T09:24:22.880+0000][230.881s][info][gc,cpu         ] GC(1954) User=0.00s Sys=0.00s Real=0.00s
[2025-04-17T09:24:23.082+0000][231.082s][info][gc,start       ] GC(1955) Pause Young (Allocation Failure)
[2025-04-17T09:24:23.083+0000][231.084s][info][gc,heap        ] GC(1955) DefNew: 9169K(10176K)->74K(10176K) Eden: 9083K(9088K)->0K(9088K) From: 86K(1088K)->74K(1088K)
[2025-04-17T09:24:23.083+0000][231.084s][info][gc,heap        ] GC(1955) Tenured: 20257K(22464K)->20257K(22464K)
[2025-04-17T09:24:23.083+0000][231.084s][info][gc,metaspace   ] GC(1955) Metaspace: 37438K(37760K)->37438K(37760K) NonClass: 33012K(33152K)->33012K(33152K) Class: 4425K(4608K)->4425K(4608K)
[2025-04-17T09:24:23.083+0000][231.084s][info][gc             ] GC(1955) Pause Young (Allocation Failure) 28M->19M(31M) 1.455ms
[2025-04-17T09:24:23.083+0000][231.084s][info][gc,cpu         ] GC(1955) User=0.00s Sys=0.00s Real=0.00s
