[2025-04-16T14:38:25.994+0000][0.003s][info][gc] Using Serial
[2025-04-16T14:38:25.994+0000][0.003s][info][gc,init] Version: 17.0.14+7-Ubuntu-122.04.1 (release)
[2025-04-16T14:38:25.994+0000][0.003s][info][gc,init] CPUs: 1 total, 1 available
[2025-04-16T14:38:25.994+0000][0.003s][info][gc,init] Memory: 892M
[2025-04-16T14:38:25.994+0000][0.003s][info][gc,init] Large Page Support: Disabled
[2025-04-16T14:38:25.994+0000][0.003s][info][gc,init] NUMA Support: Disabled
[2025-04-16T14:38:25.994+0000][0.003s][info][gc,init] Compressed Oops: Enabled (32-bit)
[2025-04-16T14:38:25.994+0000][0.003s][info][gc,init] Heap Min Capacity: 8M
[2025-04-16T14:38:25.994+0000][0.003s][info][gc,init] Heap Initial Capacity: 14M
[2025-04-16T14:38:25.994+0000][0.003s][info][gc,init] Heap Max Capacity: 224M
[2025-04-16T14:38:25.994+0000][0.003s][info][gc,init] Pre-touch: Disabled
[2025-04-16T14:38:26.003+0000][0.013s][info][gc,metaspace] CDS archive(s) mapped at: [0x000076db18000000-0x000076db18bc9000-0x000076db18bc9000), size 12357632, SharedBaseAddress: 0x000076db18000000, ArchiveRelocationMode: 1.
[2025-04-16T14:38:26.004+0000][0.013s][info][gc,metaspace] Compressed class space mapped at: 0x000076db19000000-0x000076db59000000, reserved size: 1073741824
[2025-04-16T14:38:26.004+0000][0.013s][info][gc,metaspace] Narrow klass base: 0x000076db18000000, Narrow klass shift: 0, Narrow klass range: 0x100000000
[2025-04-16T14:38:26.191+0000][0.200s][info][gc,start    ] GC(0) Pause Young (Allocation Failure)
[2025-04-16T14:38:26.196+0000][0.205s][info][gc,heap     ] GC(0) DefNew: 3820K(4288K)->447K(4288K) Eden: 3820K(3840K)->0K(3840K) From: 0K(448K)->447K(448K)
[2025-04-16T14:38:26.196+0000][0.205s][info][gc,heap     ] GC(0) Tenured: 0K(9600K)->749K(9600K)
[2025-04-16T14:38:26.196+0000][0.205s][info][gc,metaspace] GC(0) Metaspace: 1126K(1280K)->1126K(1280K) NonClass: 1018K(1088K)->1018K(1088K) Class: 107K(192K)->107K(192K)
[2025-04-16T14:38:26.196+0000][0.205s][info][gc          ] GC(0) Pause Young (Allocation Failure) 3M->1M(13M) 4.996ms
[2025-04-16T14:38:26.196+0000][0.205s][info][gc,cpu      ] GC(0) User=0.00s Sys=0.00s Real=0.01s
[2025-04-16T14:38:26.340+0000][0.349s][info][gc,start    ] GC(1) Pause Young (Allocation Failure)
[2025-04-16T14:38:26.342+0000][0.351s][info][gc,heap     ] GC(1) DefNew: 4287K(4288K)->343K(4288K) Eden: 3840K(3840K)->0K(3840K) From: 447K(448K)->343K(448K)
[2025-04-16T14:38:26.342+0000][0.351s][info][gc,heap     ] GC(1) Tenured: 749K(9600K)->1195K(9600K)
[2025-04-16T14:38:26.342+0000][0.351s][info][gc,metaspace] GC(1) Metaspace: 1471K(1664K)->1471K(1664K) NonClass: 1334K(1408K)->1334K(1408K) Class: 137K(256K)->137K(256K)
[2025-04-16T14:38:26.342+0000][0.351s][info][gc          ] GC(1) Pause Young (Allocation Failure) 4M->1M(13M) 2.431ms
[2025-04-16T14:38:26.342+0000][0.351s][info][gc,cpu      ] GC(1) User=0.00s Sys=0.00s Real=0.00s
[2025-04-16T14:38:26.553+0000][0.562s][info][gc,start    ] GC(2) Pause Young (Allocation Failure)
[2025-04-16T14:38:26.556+0000][0.565s][info][gc,heap     ] GC(2) DefNew: 4183K(4288K)->448K(4288K) Eden: 3840K(3840K)->0K(3840K) From: 343K(448K)->448K(448K)
[2025-04-16T14:38:26.556+0000][0.565s][info][gc,heap     ] GC(2) Tenured: 1195K(9600K)->2017K(9600K)
[2025-04-16T14:38:26.556+0000][0.565s][info][gc,metaspace] GC(2) Metaspace: 2708K(2880K)->2708K(2880K) NonClass: 2459K(2496K)->2459K(2496K) Class: 249K(384K)->249K(384K)
[2025-04-16T14:38:26.556+0000][0.565s][info][gc          ] GC(2) Pause Young (Allocation Failure) 5M->2M(13M) 3.358ms
[2025-04-16T14:38:26.556+0000][0.565s][info][gc,cpu      ] GC(2) User=0.01s Sys=0.00s Real=0.01s
[2025-04-16T14:38:26.676+0000][0.685s][info][gc,start    ] GC(3) Pause Young (Allocation Failure)
[2025-04-16T14:38:26.678+0000][0.687s][info][gc,heap     ] GC(3) DefNew: 4288K(4288K)->161K(4288K) Eden: 3840K(3840K)->0K(3840K) From: 448K(448K)->161K(448K)
[2025-04-16T14:38:26.678+0000][0.687s][info][gc,heap     ] GC(3) Tenured: 2017K(9600K)->2420K(9600K)
[2025-04-16T14:38:26.678+0000][0.687s][info][gc,metaspace] GC(3) Metaspace: 3309K(3456K)->3309K(3456K) NonClass: 2989K(3072K)->2989K(3072K) Class: 320K(384K)->320K(384K)
[2025-04-16T14:38:26.678+0000][0.687s][info][gc          ] GC(3) Pause Young (Allocation Failure) 6M->2M(13M) 1.885ms
[2025-04-16T14:38:26.678+0000][0.687s][info][gc,cpu      ] GC(3) User=0.00s Sys=0.00s Real=0.00s
[2025-04-16T14:38:26.751+0000][0.760s][info][gc,start    ] GC(4) Pause Young (Allocation Failure)
[2025-04-16T14:38:26.752+0000][0.761s][info][gc,heap     ] GC(4) DefNew: 4001K(4288K)->316K(4288K) Eden: 3840K(3840K)->0K(3840K) From: 161K(448K)->316K(448K)
[2025-04-16T14:38:26.752+0000][0.761s][info][gc,heap     ] GC(4) Tenured: 2420K(9600K)->2420K(9600K)
[2025-04-16T14:38:26.752+0000][0.761s][info][gc,metaspace] GC(4) Metaspace: 3852K(3968K)->3852K(3968K) NonClass: 3458K(3520K)->3458K(3520K) Class: 393K(448K)->393K(448K)
[2025-04-16T14:38:26.752+0000][0.761s][info][gc          ] GC(4) Pause Young (Allocation Failure) 6M->2M(13M) 1.147ms
[2025-04-16T14:38:26.752+0000][0.761s][info][gc,cpu      ] GC(4) User=0.00s Sys=0.00s Real=0.00s
[2025-04-16T14:38:26.835+0000][0.844s][info][gc,start    ] GC(5) Pause Young (Allocation Failure)
[2025-04-16T14:38:26.836+0000][0.845s][info][gc,heap     ] GC(5) DefNew: 4156K(4288K)->310K(4288K) Eden: 3840K(3840K)->0K(3840K) From: 316K(448K)->310K(448K)
[2025-04-16T14:38:26.836+0000][0.845s][info][gc,heap     ] GC(5) Tenured: 2420K(9600K)->2556K(9600K)
[2025-04-16T14:38:26.836+0000][0.845s][info][gc,metaspace] GC(5) Metaspace: 4261K(4416K)->4261K(4416K) NonClass: 3817K(3904K)->3817K(3904K) Class: 443K(512K)->443K(512K)
[2025-04-16T14:38:26.836+0000][0.845s][info][gc          ] GC(5) Pause Young (Allocation Failure) 6M->2M(13M) 1.521ms
[2025-04-16T14:38:26.836+0000][0.845s][info][gc,cpu      ] GC(5) User=0.00s Sys=0.00s Real=0.00s
[2025-04-16T14:38:26.943+0000][0.952s][info][gc,start    ] GC(6) Pause Young (Allocation Failure)
[2025-04-16T14:38:26.946+0000][0.955s][info][gc,heap     ] GC(6) DefNew: 4150K(4288K)->344K(4288K) Eden: 3840K(3840K)->0K(3840K) From: 310K(448K)->344K(448K)
[2025-04-16T14:38:26.946+0000][0.955s][info][gc,heap     ] GC(6) Tenured: 2556K(9600K)->2703K(9600K)
[2025-04-16T14:38:26.946+0000][0.955s][info][gc,metaspace] GC(6) Metaspace: 4939K(5120K)->4939K(5120K) NonClass: 4399K(4480K)->4399K(4480K) Class: 540K(640K)->540K(640K)
[2025-04-16T14:38:26.946+0000][0.955s][info][gc          ] GC(6) Pause Young (Allocation Failure) 6M->2M(13M) 2.646ms
[2025-04-16T14:38:26.946+0000][0.955s][info][gc,cpu      ] GC(6) User=0.00s Sys=0.00s Real=0.01s
[2025-04-16T14:38:26.988+0000][0.997s][info][gc,start    ] GC(7) Pause Young (Allocation Failure)
[2025-04-16T14:38:26.990+0000][0.999s][info][gc,heap     ] GC(7) DefNew: 4184K(4288K)->291K(4288K) Eden: 3840K(3840K)->0K(3840K) From: 344K(448K)->291K(448K)
[2025-04-16T14:38:26.990+0000][0.999s][info][gc,heap     ] GC(7) Tenured: 2703K(9600K)->2836K(9600K)
[2025-04-16T14:38:26.990+0000][0.999s][info][gc,metaspace] GC(7) Metaspace: 5161K(5312K)->5161K(5312K) NonClass: 4589K(4672K)->4589K(4672K) Class: 571K(640K)->571K(640K)
[2025-04-16T14:38:26.990+0000][0.999s][info][gc          ] GC(7) Pause Young (Allocation Failure) 6M->3M(13M) 1.453ms
[2025-04-16T14:38:26.990+0000][0.999s][info][gc,cpu      ] GC(7) User=0.00s Sys=0.00s Real=0.00s
[2025-04-16T14:38:27.110+0000][1.119s][info][gc,start    ] GC(8) Pause Young (Allocation Failure)
[2025-04-16T14:38:27.112+0000][1.121s][info][gc,heap     ] GC(8) DefNew: 4124K(4288K)->438K(4288K) Eden: 3832K(3840K)->0K(3840K) From: 291K(448K)->438K(448K)
[2025-04-16T14:38:27.112+0000][1.121s][info][gc,heap     ] GC(8) Tenured: 2836K(9600K)->3005K(9600K)
[2025-04-16T14:38:27.112+0000][1.121s][info][gc,metaspace] GC(8) Metaspace: 5787K(6016K)->5787K(6016K) NonClass: 5118K(5248K)->5118K(5248K) Class: 669K(768K)->669K(768K)
[2025-04-16T14:38:27.112+0000][1.121s][info][gc          ] GC(8) Pause Young (Allocation Failure) 6M->3M(13M) 1.875ms
[2025-04-16T14:38:27.112+0000][1.121s][info][gc,cpu      ] GC(8) User=0.00s Sys=0.00s Real=0.00s
[2025-04-16T14:38:27.221+0000][1.230s][info][gc,start    ] GC(9) Pause Young (Allocation Failure)
[2025-04-16T14:38:27.223+0000][1.232s][info][gc,heap     ] GC(9) DefNew: 4278K(4288K)->199K(4288K) Eden: 3840K(3840K)->0K(3840K) From: 438K(448K)->199K(448K)
[2025-04-16T14:38:27.223+0000][1.232s][info][gc,heap     ] GC(9) Tenured: 3005K(9600K)->3385K(9600K)
[2025-04-16T14:38:27.223+0000][1.232s][info][gc,metaspace] GC(9) Metaspace: 6347K(6528K)->6347K(6528K) NonClass: 5598K(5696K)->5598K(5696K) Class: 749K(832K)->749K(832K)
[2025-04-16T14:38:27.223+0000][1.232s][info][gc          ] GC(9) Pause Young (Allocation Failure) 7M->3M(13M) 2.293ms
[2025-04-16T14:38:27.223+0000][1.232s][info][gc,cpu      ] GC(9) User=0.00s Sys=0.00s Real=0.00s
[2025-04-16T14:38:27.369+0000][1.378s][info][gc,start    ] GC(10) Pause Young (Allocation Failure)
[2025-04-16T14:38:27.370+0000][1.379s][info][gc,heap     ] GC(10) DefNew: 4039K(4288K)->410K(4288K) Eden: 3840K(3840K)->0K(3840K) From: 199K(448K)->410K(448K)
[2025-04-16T14:38:27.370+0000][1.379s][info][gc,heap     ] GC(10) Tenured: 3385K(9600K)->3385K(9600K)
[2025-04-16T14:38:27.370+0000][1.379s][info][gc,metaspace] GC(10) Metaspace: 6859K(7104K)->6859K(7104K) NonClass: 6036K(6144K)->6036K(6144K) Class: 823K(960K)->823K(960K)
[2025-04-16T14:38:27.370+0000][1.379s][info][gc          ] GC(10) Pause Young (Allocation Failure) 7M->3M(13M) 1.829ms
[2025-04-16T14:38:27.370+0000][1.379s][info][gc,cpu      ] GC(10) User=0.00s Sys=0.00s Real=0.00s
[2025-04-16T14:38:27.495+0000][1.504s][info][gc,start    ] GC(11) Pause Young (Allocation Failure)
[2025-04-16T14:38:27.499+0000][1.508s][info][gc,heap     ] GC(11) DefNew: 4250K(4288K)->239K(4288K) Eden: 3840K(3840K)->0K(3840K) From: 410K(448K)->239K(448K)
[2025-04-16T14:38:27.499+0000][1.508s][info][gc,heap     ] GC(11) Tenured: 3385K(9600K)->3774K(9600K)
[2025-04-16T14:38:27.499+0000][1.508s][info][gc,metaspace] GC(11) Metaspace: 7493K(7680K)->7493K(7680K) NonClass: 6560K(6656K)->6560K(6656K) Class: 933K(1024K)->933K(1024K)
[2025-04-16T14:38:27.499+0000][1.508s][info][gc          ] GC(11) Pause Young (Allocation Failure) 7M->3M(13M) 4.727ms
[2025-04-16T14:38:27.499+0000][1.508s][info][gc,cpu      ] GC(11) User=0.01s Sys=0.00s Real=0.00s
[2025-04-16T14:38:27.574+0000][1.583s][info][gc,start    ] GC(12) Pause Young (Allocation Failure)
[2025-04-16T14:38:27.576+0000][1.585s][info][gc,heap     ] GC(12) DefNew: 4079K(4288K)->122K(4288K) Eden: 3840K(3840K)->0K(3840K) From: 239K(448K)->122K(448K)
[2025-04-16T14:38:27.576+0000][1.585s][info][gc,heap     ] GC(12) Tenured: 3774K(9600K)->3983K(9600K)
[2025-04-16T14:38:27.576+0000][1.585s][info][gc,metaspace] GC(12) Metaspace: 7893K(8128K)->7893K(8128K) NonClass: 6893K(7040K)->6893K(7040K) Class: 999K(1088K)->999K(1088K)
[2025-04-16T14:38:27.576+0000][1.585s][info][gc          ] GC(12) Pause Young (Allocation Failure) 7M->4M(13M) 2.499ms
[2025-04-16T14:38:27.576+0000][1.585s][info][gc,cpu      ] GC(12) User=0.00s Sys=0.00s Real=0.01s
[2025-04-16T14:38:27.618+0000][1.627s][info][gc,start    ] GC(13) Pause Young (Allocation Failure)
[2025-04-16T14:38:27.619+0000][1.628s][info][gc,heap     ] GC(13) DefNew: 3962K(4288K)->156K(4288K) Eden: 3840K(3840K)->0K(3840K) From: 122K(448K)->156K(448K)
[2025-04-16T14:38:27.619+0000][1.628s][info][gc,heap     ] GC(13) Tenured: 3983K(9600K)->3983K(9600K)
[2025-04-16T14:38:27.619+0000][1.628s][info][gc,metaspace] GC(13) Metaspace: 8276K(8512K)->8276K(8512K) NonClass: 7236K(7360K)->7236K(7360K) Class: 1040K(1152K)->1040K(1152K)
[2025-04-16T14:38:27.620+0000][1.629s][info][gc          ] GC(13) Pause Young (Allocation Failure) 7M->4M(13M) 1.964ms
[2025-04-16T14:38:27.620+0000][1.629s][info][gc,cpu      ] GC(13) User=0.00s Sys=0.00s Real=0.00s
[2025-04-16T14:38:27.661+0000][1.670s][info][gc,start    ] GC(14) Pause Young (Allocation Failure)
[2025-04-16T14:38:27.662+0000][1.671s][info][gc,heap     ] GC(14) DefNew: 3996K(4288K)->204K(4288K) Eden: 3840K(3840K)->0K(3840K) From: 156K(448K)->204K(448K)
[2025-04-16T14:38:27.662+0000][1.671s][info][gc,heap     ] GC(14) Tenured: 3983K(9600K)->3983K(9600K)
[2025-04-16T14:38:27.662+0000][1.671s][info][gc,metaspace] GC(14) Metaspace: 8517K(8704K)->8517K(8704K) NonClass: 7447K(7552K)->7447K(7552K) Class: 1070K(1152K)->1070K(1152K)
[2025-04-16T14:38:27.662+0000][1.671s][info][gc          ] GC(14) Pause Young (Allocation Failure) 7M->4M(13M) 1.165ms
[2025-04-16T14:38:27.662+0000][1.671s][info][gc,cpu      ] GC(14) User=0.00s Sys=0.00s Real=0.00s
[2025-04-16T14:38:27.721+0000][1.730s][info][gc,start    ] GC(15) Pause Young (Allocation Failure)
[2025-04-16T14:38:27.723+0000][1.732s][info][gc,heap     ] GC(15) DefNew: 4044K(4288K)->306K(4288K) Eden: 3840K(3840K)->0K(3840K) From: 204K(448K)->306K(448K)
[2025-04-16T14:38:27.723+0000][1.732s][info][gc,heap     ] GC(15) Tenured: 3983K(9600K)->3983K(9600K)
[2025-04-16T14:38:27.723+0000][1.732s][info][gc,metaspace] GC(15) Metaspace: 8833K(9024K)->8833K(9024K) NonClass: 7714K(7808K)->7714K(7808K) Class: 1118K(1216K)->1118K(1216K)
[2025-04-16T14:38:27.723+0000][1.732s][info][gc          ] GC(15) Pause Young (Allocation Failure) 7M->4M(13M) 1.301ms
[2025-04-16T14:38:27.723+0000][1.732s][info][gc,cpu      ] GC(15) User=0.00s Sys=0.00s Real=0.00s
[2025-04-16T14:38:27.820+0000][1.829s][info][gc,start    ] GC(16) Pause Young (Allocation Failure)
[2025-04-16T14:38:27.822+0000][1.831s][info][gc,heap     ] GC(16) DefNew: 4146K(4288K)->356K(4288K) Eden: 3840K(3840K)->0K(3840K) From: 306K(448K)->356K(448K)
[2025-04-16T14:38:27.822+0000][1.831s][info][gc,heap     ] GC(16) Tenured: 3983K(9600K)->4082K(9600K)
[2025-04-16T14:38:27.822+0000][1.831s][info][gc,metaspace] GC(16) Metaspace: 9309K(9472K)->9309K(9472K) NonClass: 8128K(8192K)->8128K(8192K) Class: 1181K(1280K)->1181K(1280K)
[2025-04-16T14:38:27.822+0000][1.831s][info][gc          ] GC(16) Pause Young (Allocation Failure) 7M->4M(13M) 1.671ms
[2025-04-16T14:38:27.822+0000][1.831s][info][gc,cpu      ] GC(16) User=0.01s Sys=0.00s Real=0.00s
[2025-04-16T14:38:27.868+0000][1.877s][info][gc,start    ] GC(17) Pause Young (Allocation Failure)
[2025-04-16T14:38:27.872+0000][1.881s][info][gc,heap     ] GC(17) DefNew: 4196K(4288K)->263K(4288K) Eden: 3840K(3840K)->0K(3840K) From: 356K(448K)->263K(448K)
[2025-04-16T14:38:27.872+0000][1.881s][info][gc,heap     ] GC(17) Tenured: 4082K(9600K)->4246K(9600K)
[2025-04-16T14:38:27.872+0000][1.881s][info][gc,metaspace] GC(17) Metaspace: 9595K(9856K)->9595K(9856K) NonClass: 8366K(8512K)->8366K(8512K) Class: 1228K(1344K)->1228K(1344K)
[2025-04-16T14:38:27.872+0000][1.881s][info][gc          ] GC(17) Pause Young (Allocation Failure) 8M->4M(13M) 3.425ms
[2025-04-16T14:38:27.872+0000][1.881s][info][gc,cpu      ] GC(17) User=0.00s Sys=0.00s Real=0.00s
[2025-04-16T14:38:27.925+0000][1.934s][info][gc,start    ] GC(18) Pause Young (Allocation Failure)
[2025-04-16T14:38:27.927+0000][1.936s][info][gc,heap     ] GC(18) DefNew: 4103K(4288K)->195K(4288K) Eden: 3840K(3840K)->0K(3840K) From: 263K(448K)->195K(448K)
[2025-04-16T14:38:27.927+0000][1.936s][info][gc,heap     ] GC(18) Tenured: 4246K(9600K)->4415K(9600K)
[2025-04-16T14:38:27.927+0000][1.936s][info][gc,metaspace] GC(18) Metaspace: 10057K(10240K)->10057K(10240K) NonClass: 8769K(8832K)->8769K(8832K) Class: 1288K(1408K)->1288K(1408K)
[2025-04-16T14:38:27.927+0000][1.936s][info][gc          ] GC(18) Pause Young (Allocation Failure) 8M->4M(13M) 2.276ms
[2025-04-16T14:38:27.927+0000][1.936s][info][gc,cpu      ] GC(18) User=0.00s Sys=0.00s Real=0.00s
[2025-04-16T14:38:27.970+0000][1.979s][info][gc,start    ] GC(19) Pause Young (Allocation Failure)
[2025-04-16T14:38:27.971+0000][1.980s][info][gc,heap     ] GC(19) DefNew: 4035K(4288K)->272K(4288K) Eden: 3840K(3840K)->0K(3840K) From: 195K(448K)->272K(448K)
[2025-04-16T14:38:27.971+0000][1.980s][info][gc,heap     ] GC(19) Tenured: 4415K(9600K)->4415K(9600K)
[2025-04-16T14:38:27.971+0000][1.980s][info][gc,metaspace] GC(19) Metaspace: 10283K(10496K)->10283K(10496K) NonClass: 8972K(9088K)->8972K(9088K) Class: 1310K(1408K)->1310K(1408K)
[2025-04-16T14:38:27.971+0000][1.980s][info][gc          ] GC(19) Pause Young (Allocation Failure) 8M->4M(13M) 1.411ms
[2025-04-16T14:38:27.972+0000][1.981s][info][gc,cpu      ] GC(19) User=0.00s Sys=0.00s Real=0.00s
[2025-04-16T14:38:28.070+0000][2.079s][info][gc,start    ] GC(20) Pause Young (Allocation Failure)
[2025-04-16T14:38:28.072+0000][2.081s][info][gc,heap     ] GC(20) DefNew: 4112K(4288K)->378K(4288K) Eden: 3840K(3840K)->0K(3840K) From: 272K(448K)->378K(448K)
[2025-04-16T14:38:28.072+0000][2.081s][info][gc,heap     ] GC(20) Tenured: 4415K(9600K)->4486K(9600K)
[2025-04-16T14:38:28.072+0000][2.081s][info][gc,metaspace] GC(20) Metaspace: 10658K(10880K)->10658K(10880K) NonClass: 9305K(9408K)->9305K(9408K) Class: 1353K(1472K)->1353K(1472K)
[2025-04-16T14:38:28.072+0000][2.081s][info][gc          ] GC(20) Pause Young (Allocation Failure) 8M->4M(13M) 1.739ms
[2025-04-16T14:38:28.072+0000][2.081s][info][gc,cpu      ] GC(20) User=0.00s Sys=0.00s Real=0.00s
[2025-04-16T14:38:28.131+0000][2.140s][info][gc,start    ] GC(21) Pause Young (Allocation Failure)
[2025-04-16T14:38:28.135+0000][2.144s][info][gc,heap     ] GC(21) DefNew: 4218K(4288K)->447K(4288K) Eden: 3840K(3840K)->0K(3840K) From: 378K(448K)->447K(448K)
[2025-04-16T14:38:28.135+0000][2.145s][info][gc,heap     ] GC(21) Tenured: 4486K(9600K)->4716K(9600K)
[2025-04-16T14:38:28.135+0000][2.145s][info][gc,metaspace] GC(21) Metaspace: 10856K(11072K)->10856K(11072K) NonClass: 9478K(9600K)->9478K(9600K) Class: 1377K(1472K)->1377K(1472K)
[2025-04-16T14:38:28.136+0000][2.145s][info][gc          ] GC(21) Pause Young (Allocation Failure) 8M->5M(13M) 4.056ms
[2025-04-16T14:38:28.136+0000][2.145s][info][gc,cpu      ] GC(21) User=0.00s Sys=0.00s Real=0.01s
[2025-04-16T14:38:28.151+0000][2.160s][info][gc,start    ] GC(22) Pause Young (Allocation Failure)
[2025-04-16T14:38:28.152+0000][2.161s][info][gc,heap     ] GC(22) DefNew: 4287K(4288K)->11K(4288K) Eden: 3840K(3840K)->0K(3840K) From: 447K(448K)->11K(448K)
[2025-04-16T14:38:28.152+0000][2.161s][info][gc,heap     ] GC(22) Tenured: 4716K(9600K)->5163K(9600K)
[2025-04-16T14:38:28.152+0000][2.161s][info][gc,metaspace] GC(22) Metaspace: 10863K(11072K)->10863K(11072K) NonClass: 9484K(9600K)->9484K(9600K) Class: 1378K(1472K)->1378K(1472K)
[2025-04-16T14:38:28.152+0000][2.161s][info][gc          ] GC(22) Pause Young (Allocation Failure) 8M->5M(13M) 1.201ms
[2025-04-16T14:38:28.152+0000][2.161s][info][gc,cpu      ] GC(22) User=0.00s Sys=0.00s Real=0.00s
[2025-04-16T14:38:28.178+0000][2.187s][info][gc,start    ] GC(23) Pause Young (Allocation Failure)
[2025-04-16T14:38:28.178+0000][2.187s][info][gc,heap     ] GC(23) DefNew: 3851K(4288K)->37K(4288K) Eden: 3840K(3840K)->0K(3840K) From: 11K(448K)->37K(448K)
[2025-04-16T14:38:28.178+0000][2.187s][info][gc,heap     ] GC(23) Tenured: 5163K(9600K)->5163K(9600K)
[2025-04-16T14:38:28.178+0000][2.187s][info][gc,metaspace] GC(23) Metaspace: 11009K(11200K)->11009K(11200K) NonClass: 9621K(9728K)->9621K(9728K) Class: 1387K(1472K)->1387K(1472K)
[2025-04-16T14:38:28.178+0000][2.187s][info][gc          ] GC(23) Pause Young (Allocation Failure) 8M->5M(13M) 0.636ms
[2025-04-16T14:38:28.178+0000][2.187s][info][gc,cpu      ] GC(23) User=0.00s Sys=0.00s Real=0.00s
[2025-04-16T14:38:28.197+0000][2.206s][info][gc,start    ] GC(24) Pause Young (Allocation Failure)
[2025-04-16T14:38:28.197+0000][2.206s][info][gc,heap     ] GC(24) DefNew: 3877K(4288K)->60K(4288K) Eden: 3840K(3840K)->0K(3840K) From: 37K(448K)->60K(448K)
[2025-04-16T14:38:28.197+0000][2.206s][info][gc,heap     ] GC(24) Tenured: 5163K(9600K)->5163K(9600K)
[2025-04-16T14:38:28.197+0000][2.206s][info][gc,metaspace] GC(24) Metaspace: 11059K(11200K)->11059K(11200K) NonClass: 9664K(9728K)->9664K(9728K) Class: 1394K(1472K)->1394K(1472K)
[2025-04-16T14:38:28.197+0000][2.206s][info][gc          ] GC(24) Pause Young (Allocation Failure) 8M->5M(13M) 0.578ms
[2025-04-16T14:38:28.197+0000][2.206s][info][gc,cpu      ] GC(24) User=0.00s Sys=0.00s Real=0.00s
[2025-04-16T14:38:28.228+0000][2.237s][info][gc,start    ] GC(25) Pause Young (Allocation Failure)
[2025-04-16T14:38:28.229+0000][2.238s][info][gc,heap     ] GC(25) DefNew: 3900K(4288K)->111K(4288K) Eden: 3840K(3840K)->0K(3840K) From: 60K(448K)->111K(448K)
[2025-04-16T14:38:28.229+0000][2.238s][info][gc,heap     ] GC(25) Tenured: 5163K(9600K)->5163K(9600K)
[2025-04-16T14:38:28.229+0000][2.238s][info][gc,metaspace] GC(25) Metaspace: 11287K(11520K)->11287K(11520K) NonClass: 9868K(9984K)->9868K(9984K) Class: 1419K(1536K)->1419K(1536K)
[2025-04-16T14:38:28.229+0000][2.238s][info][gc          ] GC(25) Pause Young (Allocation Failure) 8M->5M(13M) 0.771ms
[2025-04-16T14:38:28.229+0000][2.238s][info][gc,cpu      ] GC(25) User=0.00s Sys=0.00s Real=0.00s
[2025-04-16T14:38:28.331+0000][2.340s][info][gc,start    ] GC(26) Pause Young (Allocation Failure)
[2025-04-16T14:38:28.333+0000][2.342s][info][gc,heap     ] GC(26) DefNew: 3951K(4288K)->448K(4288K) Eden: 3840K(3840K)->0K(3840K) From: 111K(448K)->448K(448K)
[2025-04-16T14:38:28.333+0000][2.342s][info][gc,heap     ] GC(26) Tenured: 5163K(9600K)->5286K(9600K)
[2025-04-16T14:38:28.333+0000][2.342s][info][gc,metaspace] GC(26) Metaspace: 11531K(11712K)->11531K(11712K) NonClass: 10080K(10176K)->10080K(10176K) Class: 1451K(1536K)->1451K(1536K)
[2025-04-16T14:38:28.333+0000][2.342s][info][gc          ] GC(26) Pause Young (Allocation Failure) 8M->5M(13M) 2.007ms
[2025-04-16T14:38:28.334+0000][2.343s][info][gc,cpu      ] GC(26) User=0.01s Sys=0.00s Real=0.00s
[2025-04-16T14:38:28.409+0000][2.418s][info][gc,start    ] GC(27) Pause Young (Allocation Failure)
[2025-04-16T14:38:28.411+0000][2.420s][info][gc,heap     ] GC(27) DefNew: 4288K(4288K)->159K(4288K) Eden: 3840K(3840K)->0K(3840K) From: 448K(448K)->159K(448K)
[2025-04-16T14:38:28.411+0000][2.420s][info][gc,heap     ] GC(27) Tenured: 5286K(9600K)->5711K(9600K)
[2025-04-16T14:38:28.411+0000][2.420s][info][gc,metaspace] GC(27) Metaspace: 11693K(11840K)->11693K(11840K) NonClass: 10220K(10304K)->10220K(10304K) Class: 1472K(1536K)->1472K(1536K)
[2025-04-16T14:38:28.411+0000][2.420s][info][gc          ] GC(27) Pause Young (Allocation Failure) 9M->5M(13M) 2.385ms
[2025-04-16T14:38:28.411+0000][2.420s][info][gc,cpu      ] GC(27) User=0.00s Sys=0.00s Real=0.00s
[2025-04-16T14:38:28.485+0000][2.494s][info][gc,start    ] GC(28) Pause Young (Allocation Failure)
[2025-04-16T14:38:28.487+0000][2.496s][info][gc,heap     ] GC(28) DefNew: 3999K(4288K)->299K(4288K) Eden: 3840K(3840K)->0K(3840K) From: 159K(448K)->299K(448K)
[2025-04-16T14:38:28.487+0000][2.496s][info][gc,heap     ] GC(28) Tenured: 5711K(9600K)->5711K(9600K)
[2025-04-16T14:38:28.487+0000][2.496s][info][gc,metaspace] GC(28) Metaspace: 11877K(12096K)->11877K(12096K) NonClass: 10388K(10496K)->10388K(10496K) Class: 1488K(1600K)->1488K(1600K)
[2025-04-16T14:38:28.487+0000][2.496s][info][gc          ] GC(28) Pause Young (Allocation Failure) 9M->5M(13M) 2.429ms
[2025-04-16T14:38:28.487+0000][2.496s][info][gc,cpu      ] GC(28) User=0.00s Sys=0.00s Real=0.00s
[2025-04-16T14:38:28.560+0000][2.569s][info][gc,start    ] GC(29) Pause Young (Allocation Failure)
[2025-04-16T14:38:28.562+0000][2.571s][info][gc,heap     ] GC(29) DefNew: 4139K(4288K)->286K(4288K) Eden: 3840K(3840K)->0K(3840K) From: 299K(448K)->286K(448K)
[2025-04-16T14:38:28.562+0000][2.571s][info][gc,heap     ] GC(29) Tenured: 5711K(9600K)->5848K(9600K)
[2025-04-16T14:38:28.562+0000][2.571s][info][gc,metaspace] GC(29) Metaspace: 12006K(12224K)->12006K(12224K) NonClass: 10508K(10624K)->10508K(10624K) Class: 1497K(1600K)->1497K(1600K)
[2025-04-16T14:38:28.562+0000][2.571s][info][gc          ] GC(29) Pause Young (Allocation Failure) 9M->5M(13M) 2.004ms
[2025-04-16T14:38:28.562+0000][2.571s][info][gc,cpu      ] GC(29) User=0.00s Sys=0.00s Real=0.00s
[2025-04-16T14:38:28.633+0000][2.642s][info][gc,start    ] GC(30) Pause Young (Allocation Failure)
[2025-04-16T14:38:28.635+0000][2.644s][info][gc,heap     ] GC(30) DefNew: 4126K(4288K)->278K(4288K) Eden: 3840K(3840K)->0K(3840K) From: 286K(448K)->278K(448K)
[2025-04-16T14:38:28.635+0000][2.644s][info][gc,heap     ] GC(30) Tenured: 5848K(9600K)->5994K(9600K)
[2025-04-16T14:38:28.635+0000][2.644s][info][gc,metaspace] GC(30) Metaspace: 12265K(12480K)->12265K(12480K) NonClass: 10732K(10880K)->10732K(10880K) Class: 1532K(1600K)->1532K(1600K)
[2025-04-16T14:38:28.635+0000][2.644s][info][gc          ] GC(30) Pause Young (Allocation Failure) 9M->6M(13M) 2.155ms
[2025-04-16T14:38:28.635+0000][2.644s][info][gc,cpu      ] GC(30) User=0.00s Sys=0.00s Real=0.01s
[2025-04-16T14:38:28.747+0000][2.756s][info][gc,start    ] GC(31) Pause Young (Allocation Failure)
[2025-04-16T14:38:28.750+0000][2.759s][info][gc,heap     ] GC(31) DefNew: 4118K(4288K)->335K(4288K) Eden: 3840K(3840K)->0K(3840K) From: 278K(448K)->335K(448K)
[2025-04-16T14:38:28.750+0000][2.759s][info][gc,heap     ] GC(31) Tenured: 5994K(9600K)->6119K(9600K)
[2025-04-16T14:38:28.750+0000][2.759s][info][gc,metaspace] GC(31) Metaspace: 12672K(12864K)->12672K(12864K) NonClass: 11090K(11200K)->11090K(11200K) Class: 1581K(1664K)->1581K(1664K)
[2025-04-16T14:38:28.750+0000][2.759s][info][gc          ] GC(31) Pause Young (Allocation Failure) 9M->6M(13M) 2.761ms
[2025-04-16T14:38:28.750+0000][2.759s][info][gc,cpu      ] GC(31) User=0.01s Sys=0.00s Real=0.00s
[2025-04-16T14:38:28.795+0000][2.804s][info][gc,start    ] GC(32) Pause Young (Allocation Failure)
[2025-04-16T14:38:28.797+0000][2.806s][info][gc,heap     ] GC(32) DefNew: 4175K(4288K)->276K(4288K) Eden: 3840K(3840K)->0K(3840K) From: 335K(448K)->276K(448K)
[2025-04-16T14:38:28.797+0000][2.806s][info][gc,heap     ] GC(32) Tenured: 6119K(9600K)->6240K(9600K)
[2025-04-16T14:38:28.797+0000][2.806s][info][gc,metaspace] GC(32) Metaspace: 13022K(13248K)->13022K(13248K) NonClass: 11404K(11520K)->11404K(11520K) Class: 1617K(1728K)->1617K(1728K)
[2025-04-16T14:38:28.798+0000][2.807s][info][gc          ] GC(32) Pause Young (Allocation Failure) 10M->6M(13M) 2.239ms
[2025-04-16T14:38:28.798+0000][2.807s][info][gc,cpu      ] GC(32) User=0.00s Sys=0.00s Real=0.00s
[2025-04-16T14:38:28.909+0000][2.918s][info][gc,start    ] GC(33) Pause Young (Allocation Failure)
[2025-04-16T14:38:28.911+0000][2.920s][info][gc,heap     ] GC(33) DefNew: 4116K(4288K)->318K(4288K) Eden: 3840K(3840K)->0K(3840K) From: 276K(448K)->318K(448K)
[2025-04-16T14:38:28.911+0000][2.920s][info][gc,heap     ] GC(33) Tenured: 6240K(9600K)->6411K(9600K)
[2025-04-16T14:38:28.911+0000][2.920s][info][gc,metaspace] GC(33) Metaspace: 13333K(13568K)->13333K(13568K) NonClass: 11673K(11776K)->11673K(11776K) Class: 1659K(1792K)->1659K(1792K)
[2025-04-16T14:38:28.911+0000][2.920s][info][gc          ] GC(33) Pause Young (Allocation Failure) 10M->6M(13M) 2.882ms
[2025-04-16T14:38:28.911+0000][2.920s][info][gc,cpu      ] GC(33) User=0.00s Sys=0.00s Real=0.00s
[2025-04-16T14:38:29.005+0000][3.014s][info][gc,start    ] GC(34) Pause Young (Allocation Failure)
[2025-04-16T14:38:29.008+0000][3.017s][info][gc,heap     ] GC(34) DefNew: 4158K(4288K)->228K(4288K) Eden: 3840K(3840K)->0K(3840K) From: 318K(448K)->228K(448K)
[2025-04-16T14:38:29.008+0000][3.017s][info][gc,heap     ] GC(34) Tenured: 6411K(9600K)->6710K(9600K)
[2025-04-16T14:38:29.008+0000][3.017s][info][gc,metaspace] GC(34) Metaspace: 13704K(13952K)->13704K(13952K) NonClass: 11989K(12160K)->11989K(12160K) Class: 1715K(1792K)->1715K(1792K)
[2025-04-16T14:38:29.008+0000][3.017s][info][gc          ] GC(34) Pause Young (Allocation Failure) 10M->6M(13M) 2.874ms
[2025-04-16T14:38:29.009+0000][3.018s][info][gc,cpu      ] GC(34) User=0.01s Sys=0.00s Real=0.00s
[2025-04-16T14:38:29.087+0000][3.096s][info][gc,start    ] GC(35) Pause Young (Allocation Failure)
[2025-04-16T14:38:29.090+0000][3.099s][info][gc,heap     ] GC(35) DefNew: 4068K(4288K)->153K(4288K) Eden: 3840K(3840K)->0K(3840K) From: 228K(448K)->153K(448K)
[2025-04-16T14:38:29.090+0000][3.099s][info][gc,heap     ] GC(35) Tenured: 6710K(9600K)->6926K(9600K)
[2025-04-16T14:38:29.090+0000][3.099s][info][gc,metaspace] GC(35) Metaspace: 14304K(14528K)->14304K(14528K) NonClass: 12515K(12672K)->12515K(12672K) Class: 1788K(1856K)->1788K(1856K)
[2025-04-16T14:38:29.090+0000][3.099s][info][gc          ] GC(35) Pause Young (Allocation Failure) 10M->6M(13M) 2.742ms
[2025-04-16T14:38:29.091+0000][3.100s][info][gc,cpu      ] GC(35) User=0.00s Sys=0.00s Real=0.00s
[2025-04-16T14:38:29.185+0000][3.194s][info][gc,start    ] GC(36) Pause Young (Allocation Failure)
[2025-04-16T14:38:29.187+0000][3.196s][info][gc,heap     ] GC(36) DefNew: 3993K(4288K)->332K(4288K) Eden: 3840K(3840K)->0K(3840K) From: 153K(448K)->332K(448K)
[2025-04-16T14:38:29.187+0000][3.196s][info][gc,heap     ] GC(36) Tenured: 6926K(9600K)->6926K(9600K)
[2025-04-16T14:38:29.187+0000][3.196s][info][gc,metaspace] GC(36) Metaspace: 14703K(14912K)->14703K(14912K) NonClass: 12868K(12992K)->12868K(12992K) Class: 1834K(1920K)->1834K(1920K)
[2025-04-16T14:38:29.187+0000][3.196s][info][gc          ] GC(36) Pause Young (Allocation Failure) 10M->7M(13M) 1.506ms
[2025-04-16T14:38:29.187+0000][3.196s][info][gc,cpu      ] GC(36) User=0.00s Sys=0.00s Real=0.00s
[2025-04-16T14:38:29.267+0000][3.276s][info][gc,start    ] GC(37) Pause Young (Allocation Failure)
[2025-04-16T14:38:29.270+0000][3.279s][info][gc,heap     ] GC(37) DefNew: 4172K(4288K)->317K(4288K) Eden: 3840K(3840K)->0K(3840K) From: 332K(448K)->317K(448K)
[2025-04-16T14:38:29.270+0000][3.279s][info][gc,heap     ] GC(37) Tenured: 6926K(9600K)->7060K(9600K)
[2025-04-16T14:38:29.270+0000][3.279s][info][gc,metaspace] GC(37) Metaspace: 14966K(15232K)->14966K(15232K) NonClass: 13096K(13248K)->13096K(13248K) Class: 1870K(1984K)->1870K(1984K)
[2025-04-16T14:38:29.270+0000][3.279s][info][gc          ] GC(37) Pause Young (Allocation Failure) 10M->7M(13M) 3.189ms
[2025-04-16T14:38:29.270+0000][3.279s][info][gc,cpu      ] GC(37) User=0.00s Sys=0.00s Real=0.00s
[2025-04-16T14:38:29.362+0000][3.371s][info][gc,start    ] GC(38) Pause Young (Allocation Failure)
[2025-04-16T14:38:29.365+0000][3.374s][info][gc,heap     ] GC(38) DefNew: 4157K(4288K)->354K(4288K) Eden: 3840K(3840K)->0K(3840K) From: 317K(448K)->354K(448K)
[2025-04-16T14:38:29.365+0000][3.374s][info][gc,heap     ] GC(38) Tenured: 7060K(9600K)->7242K(9600K)
[2025-04-16T14:38:29.365+0000][3.374s][info][gc,metaspace] GC(38) Metaspace: 16498K(16768K)->16498K(16768K) NonClass: 14429K(14528K)->14429K(14528K) Class: 2069K(2240K)->2069K(2240K)
[2025-04-16T14:38:29.365+0000][3.374s][info][gc          ] GC(38) Pause Young (Allocation Failure) 10M->7M(13M) 3.080ms
[2025-04-16T14:38:29.366+0000][3.375s][info][gc,cpu      ] GC(38) User=0.00s Sys=0.00s Real=0.01s
[2025-04-16T14:38:29.416+0000][3.425s][info][gc,start    ] GC(39) Pause Young (Allocation Failure)
[2025-04-16T14:38:29.418+0000][3.428s][info][gc,heap     ] GC(39) DefNew: 4194K(4288K)->138K(4288K) Eden: 3840K(3840K)->0K(3840K) From: 354K(448K)->138K(448K)
[2025-04-16T14:38:29.418+0000][3.428s][info][gc,heap     ] GC(39) Tenured: 7242K(9600K)->7575K(9600K)
[2025-04-16T14:38:29.419+0000][3.428s][info][gc,metaspace] GC(39) Metaspace: 16640K(16896K)->16640K(16896K) NonClass: 14546K(14656K)->14546K(14656K) Class: 2093K(2240K)->2093K(2240K)
[2025-04-16T14:38:29.419+0000][3.428s][info][gc          ] GC(39) Pause Young (Allocation Failure) 11M->7M(13M) 3.027ms
[2025-04-16T14:38:29.419+0000][3.428s][info][gc,cpu      ] GC(39) User=0.00s Sys=0.00s Real=0.00s
[2025-04-16T14:38:29.494+0000][3.503s][info][gc,start    ] GC(40) Pause Young (Allocation Failure)
[2025-04-16T14:38:29.496+0000][3.505s][info][gc,heap     ] GC(40) DefNew: 3978K(4288K)->356K(4288K) Eden: 3840K(3840K)->0K(3840K) From: 138K(448K)->356K(448K)
[2025-04-16T14:38:29.496+0000][3.505s][info][gc,heap     ] GC(40) Tenured: 7575K(9600K)->7575K(9600K)
[2025-04-16T14:38:29.496+0000][3.505s][info][gc,metaspace] GC(40) Metaspace: 17295K(17536K)->17295K(17536K) NonClass: 15125K(15232K)->15125K(15232K) Class: 2169K(2304K)->2169K(2304K)
[2025-04-16T14:38:29.496+0000][3.505s][info][gc          ] GC(40) Pause Young (Allocation Failure) 11M->7M(13M) 1.668ms
[2025-04-16T14:38:29.497+0000][3.506s][info][gc,cpu      ] GC(40) User=0.00s Sys=0.00s Real=0.00s
[2025-04-16T14:38:29.618+0000][3.627s][info][gc,start    ] GC(41) Pause Young (Allocation Failure)
[2025-04-16T14:38:29.623+0000][3.632s][info][gc,heap     ] GC(41) DefNew: 4196K(4288K)->447K(4288K) Eden: 3840K(3840K)->0K(3840K) From: 356K(448K)->447K(448K)
[2025-04-16T14:38:29.623+0000][3.632s][info][gc,heap     ] GC(41) Tenured: 7575K(9600K)->7900K(9600K)
[2025-04-16T14:38:29.623+0000][3.632s][info][gc,metaspace] GC(41) Metaspace: 17766K(18048K)->17766K(18048K) NonClass: 15520K(15680K)->15520K(15680K) Class: 2245K(2368K)->2245K(2368K)
[2025-04-16T14:38:29.623+0000][3.632s][info][gc          ] GC(41) Pause Young (Allocation Failure) 11M->8M(13M) 4.715ms
[2025-04-16T14:38:29.623+0000][3.632s][info][gc,cpu      ] GC(41) User=0.00s Sys=0.00s Real=0.00s
[2025-04-16T14:38:29.740+0000][3.749s][info][gc,start    ] GC(42) Pause Young (Allocation Failure)
[2025-04-16T14:38:29.746+0000][3.756s][info][gc,heap     ] GC(42) DefNew: 4287K(4288K)->300K(4288K) Eden: 3840K(3840K)->0K(3840K) From: 447K(448K)->300K(448K)
[2025-04-16T14:38:29.747+0000][3.756s][info][gc,heap     ] GC(42) Tenured: 7900K(9600K)->8337K(9600K)
[2025-04-16T14:38:29.747+0000][3.756s][info][gc,metaspace] GC(42) Metaspace: 18160K(18432K)->18160K(18432K) NonClass: 15828K(16000K)->15828K(16000K) Class: 2331K(2432K)->2331K(2432K)
[2025-04-16T14:38:29.747+0000][3.756s][info][gc          ] GC(42) Pause Young (Allocation Failure) 11M->8M(13M) 6.312ms
[2025-04-16T14:38:29.747+0000][3.756s][info][gc,cpu      ] GC(42) User=0.00s Sys=0.00s Real=0.01s
[2025-04-16T14:38:29.830+0000][3.839s][info][gc,start    ] GC(43) Pause Young (Allocation Failure)
[2025-04-16T14:38:29.833+0000][3.842s][info][gc,heap     ] GC(43) DefNew: 4140K(4288K)->378K(4288K) Eden: 3840K(3840K)->0K(3840K) From: 300K(448K)->378K(448K)
[2025-04-16T14:38:29.833+0000][3.842s][info][gc,heap     ] GC(43) Tenured: 8337K(9600K)->8590K(9600K)
[2025-04-16T14:38:29.833+0000][3.842s][info][gc,metaspace] GC(43) Metaspace: 19124K(19392K)->19124K(19392K) NonClass: 16677K(16832K)->16677K(16832K) Class: 2446K(2560K)->2446K(2560K)
[2025-04-16T14:38:29.833+0000][3.842s][info][gc          ] GC(43) Pause Young (Allocation Failure) 12M->8M(13M) 3.200ms
[2025-04-16T14:38:29.833+0000][3.842s][info][gc,cpu      ] GC(43) User=0.01s Sys=0.00s Real=0.00s
[2025-04-16T14:38:29.886+0000][3.895s][info][gc,start    ] GC(44) Pause Young (Allocation Failure)
[2025-04-16T14:38:29.888+0000][3.897s][info][gc,heap     ] GC(44) DefNew: 4202K(4288K)->164K(4288K) Eden: 3823K(3840K)->0K(3840K) From: 378K(448K)->164K(448K)
[2025-04-16T14:38:29.888+0000][3.897s][info][gc,heap     ] GC(44) Tenured: 8590K(9600K)->8957K(9600K)
[2025-04-16T14:38:29.888+0000][3.897s][info][gc,metaspace] GC(44) Metaspace: 19557K(19840K)->19557K(19840K) NonClass: 17067K(17216K)->17067K(17216K) Class: 2490K(2624K)->2490K(2624K)
[2025-04-16T14:38:29.888+0000][3.897s][info][gc          ] GC(44) Pause Young (Allocation Failure) 12M->8M(13M) 1.766ms
[2025-04-16T14:38:29.889+0000][3.898s][info][gc,cpu      ] GC(44) User=0.00s Sys=0.00s Real=0.00s
[2025-04-16T14:38:29.952+0000][3.961s][info][gc,start    ] GC(45) Pause Young (Allocation Failure)
[2025-04-16T14:38:29.954+0000][3.963s][info][gc,heap     ] GC(45) DefNew: 4004K(4288K)->426K(4288K) Eden: 3840K(3840K)->0K(3840K) From: 164K(448K)->426K(448K)
[2025-04-16T14:38:29.954+0000][3.963s][info][gc,heap     ] GC(45) Tenured: 8957K(9600K)->8957K(9600K)
[2025-04-16T14:38:29.954+0000][3.963s][info][gc,metaspace] GC(45) Metaspace: 20067K(20352K)->20067K(20352K) NonClass: 17525K(17664K)->17525K(17664K) Class: 2541K(2688K)->2541K(2688K)
[2025-04-16T14:38:29.954+0000][3.963s][info][gc          ] GC(45) Pause Young (Allocation Failure) 12M->9M(13M) 1.449ms
[2025-04-16T14:38:29.955+0000][3.964s][info][gc,cpu      ] GC(45) User=0.00s Sys=0.00s Real=0.00s
[2025-04-16T14:38:30.018+0000][4.027s][info][gc,start    ] GC(46) Pause Young (Allocation Failure)
[2025-04-16T14:38:30.021+0000][4.030s][info][gc,heap     ] GC(46) DefNew: 4266K(4288K)->127K(4288K) Eden: 3840K(3840K)->0K(3840K) From: 426K(448K)->127K(448K)
[2025-04-16T14:38:30.021+0000][4.030s][info][gc,heap     ] GC(46) Tenured: 8957K(9600K)->9370K(9600K)
[2025-04-16T14:38:30.021+0000][4.030s][info][gc,metaspace] GC(46) Metaspace: 20592K(20928K)->20592K(20928K) NonClass: 18002K(18176K)->18002K(18176K) Class: 2590K(2752K)->2590K(2752K)
[2025-04-16T14:38:30.021+0000][4.030s][info][gc          ] GC(46) Pause Young (Allocation Failure) 12M->9M(13M) 3.037ms
[2025-04-16T14:38:30.021+0000][4.030s][info][gc,cpu      ] GC(46) User=0.00s Sys=0.00s Real=0.00s
[2025-04-16T14:38:30.128+0000][4.137s][info][gc,start    ] GC(47) Pause Young (Allocation Failure)
[2025-04-16T14:38:30.133+0000][4.142s][info][gc          ] GC(47) Pause Young (Allocation Failure) 13M->9M(13M) 4.599ms
[2025-04-16T14:38:30.133+0000][4.142s][info][gc,cpu      ] GC(47) User=0.01s Sys=0.00s Real=0.00s
[2025-04-16T14:38:30.133+0000][4.142s][info][gc,start    ] GC(48) Pause Full (Allocation Failure)
[2025-04-16T14:38:30.133+0000][4.142s][info][gc,phases,start] GC(48) Phase 1: Mark live objects
[2025-04-16T14:38:30.164+0000][4.173s][info][gc,phases      ] GC(48) Phase 1: Mark live objects 31.465ms
[2025-04-16T14:38:30.164+0000][4.173s][info][gc,phases,start] GC(48) Phase 2: Compute new object addresses
[2025-04-16T14:38:30.171+0000][4.180s][info][gc,phases      ] GC(48) Phase 2: Compute new object addresses 7.273ms
[2025-04-16T14:38:30.171+0000][4.180s][info][gc,phases,start] GC(48) Phase 3: Adjust pointers
[2025-04-16T14:38:30.183+0000][4.192s][info][gc,phases      ] GC(48) Phase 3: Adjust pointers 11.361ms
[2025-04-16T14:38:30.183+0000][4.192s][info][gc,phases,start] GC(48) Phase 4: Move objects
[2025-04-16T14:38:30.184+0000][4.193s][info][gc,phases      ] GC(48) Phase 4: Move objects 1.469ms
[2025-04-16T14:38:30.185+0000][4.194s][info][gc,heap        ] GC(48) DefNew: 3967K(4288K)->0K(7040K) Eden: 3840K(3840K)->0K(6272K) From: 127K(448K)->0K(768K)
[2025-04-16T14:38:30.185+0000][4.194s][info][gc,heap        ] GC(48) Tenured: 9370K(9600K)->9354K(15592K)
[2025-04-16T14:38:30.185+0000][4.194s][info][gc,metaspace   ] GC(48) Metaspace: 21279K(21504K)->21279K(21504K) NonClass: 18617K(18752K)->18617K(18752K) Class: 2661K(2752K)->2661K(2752K)
[2025-04-16T14:38:30.185+0000][4.194s][info][gc             ] GC(48) Pause Full (Allocation Failure) 9M->9M(22M) 52.134ms
[2025-04-16T14:38:30.185+0000][4.194s][info][gc,cpu         ] GC(48) User=0.05s Sys=0.00s Real=0.06s
[2025-04-16T14:38:30.308+0000][4.317s][info][gc,start       ] GC(49) Pause Young (Allocation Failure)
[2025-04-16T14:38:30.311+0000][4.320s][info][gc,heap        ] GC(49) DefNew: 6272K(7040K)->387K(7040K) Eden: 6272K(6272K)->0K(6272K) From: 0K(768K)->387K(768K)
[2025-04-16T14:38:30.311+0000][4.320s][info][gc,heap        ] GC(49) Tenured: 9354K(15592K)->9354K(15592K)
[2025-04-16T14:38:30.311+0000][4.320s][info][gc,metaspace   ] GC(49) Metaspace: 21765K(22080K)->21765K(22080K) NonClass: 19031K(19200K)->19031K(19200K) Class: 2733K(2880K)->2733K(2880K)
[2025-04-16T14:38:30.311+0000][4.320s][info][gc             ] GC(49) Pause Young (Allocation Failure) 15M->9M(22M) 3.096ms
[2025-04-16T14:38:30.311+0000][4.320s][info][gc,cpu         ] GC(49) User=0.00s Sys=0.00s Real=0.00s
[2025-04-16T14:38:30.392+0000][4.401s][info][gc,start       ] GC(50) Pause Young (Allocation Failure)
[2025-04-16T14:38:30.396+0000][4.405s][info][gc,heap        ] GC(50) DefNew: 6659K(7040K)->229K(7040K) Eden: 6272K(6272K)->0K(6272K) From: 387K(768K)->229K(768K)
[2025-04-16T14:38:30.396+0000][4.405s][info][gc,heap        ] GC(50) Tenured: 9354K(15592K)->9734K(15592K)
[2025-04-16T14:38:30.396+0000][4.405s][info][gc,metaspace   ] GC(50) Metaspace: 22684K(22976K)->22684K(22976K) NonClass: 19869K(20032K)->19869K(20032K) Class: 2815K(2944K)->2815K(2944K)
[2025-04-16T14:38:30.396+0000][4.405s][info][gc             ] GC(50) Pause Young (Allocation Failure) 15M->9M(22M) 3.976ms
[2025-04-16T14:38:30.396+0000][4.405s][info][gc,cpu         ] GC(50) User=0.01s Sys=0.00s Real=0.01s
[2025-04-16T14:38:30.480+0000][4.489s][info][gc,start       ] GC(51) Pause Young (Allocation Failure)
[2025-04-16T14:38:30.483+0000][4.492s][info][gc,heap        ] GC(51) DefNew: 6501K(7040K)->288K(7040K) Eden: 6272K(6272K)->0K(6272K) From: 229K(768K)->288K(768K)
[2025-04-16T14:38:30.483+0000][4.492s][info][gc,heap        ] GC(51) Tenured: 9734K(15592K)->9734K(15592K)
[2025-04-16T14:38:30.483+0000][4.492s][info][gc,metaspace   ] GC(51) Metaspace: 23651K(23936K)->23651K(23936K) NonClass: 20749K(20864K)->20749K(20864K) Class: 2902K(3072K)->2902K(3072K)
[2025-04-16T14:38:30.483+0000][4.492s][info][gc             ] GC(51) Pause Young (Allocation Failure) 15M->9M(22M) 2.501ms
[2025-04-16T14:38:30.483+0000][4.492s][info][gc,cpu         ] GC(51) User=0.00s Sys=0.00s Real=0.00s
[2025-04-16T14:38:30.558+0000][4.567s][info][gc,start       ] GC(52) Pause Young (Allocation Failure)
[2025-04-16T14:38:30.560+0000][4.569s][info][gc,heap        ] GC(52) DefNew: 6554K(7040K)->382K(7040K) Eden: 6265K(6272K)->0K(6272K) From: 288K(768K)->382K(768K)
[2025-04-16T14:38:30.560+0000][4.569s][info][gc,heap        ] GC(52) Tenured: 9734K(15592K)->9734K(15592K)
[2025-04-16T14:38:30.560+0000][4.569s][info][gc,metaspace   ] GC(52) Metaspace: 24413K(24704K)->24413K(24704K) NonClass: 21403K(21568K)->21403K(21568K) Class: 3010K(3136K)->3010K(3136K)
[2025-04-16T14:38:30.560+0000][4.569s][info][gc             ] GC(52) Pause Young (Allocation Failure) 15M->9M(22M) 1.663ms
[2025-04-16T14:38:30.560+0000][4.569s][info][gc,cpu         ] GC(52) User=0.00s Sys=0.00s Real=0.00s
[2025-04-16T14:38:30.633+0000][4.642s][info][gc,start       ] GC(53) Pause Young (Allocation Failure)
[2025-04-16T14:38:30.636+0000][4.645s][info][gc,heap        ] GC(53) DefNew: 6654K(7040K)->523K(7040K) Eden: 6272K(6272K)->0K(6272K) From: 382K(768K)->523K(768K)
[2025-04-16T14:38:30.636+0000][4.645s][info][gc,heap        ] GC(53) Tenured: 9734K(15592K)->9734K(15592K)
[2025-04-16T14:38:30.636+0000][4.645s][info][gc,metaspace   ] GC(53) Metaspace: 25084K(25344K)->25084K(25344K) NonClass: 21969K(22080K)->21969K(22080K) Class: 3114K(3264K)->3114K(3264K)
[2025-04-16T14:38:30.636+0000][4.645s][info][gc             ] GC(53) Pause Young (Allocation Failure) 16M->10M(22M) 2.996ms
[2025-04-16T14:38:30.636+0000][4.645s][info][gc,cpu         ] GC(53) User=0.01s Sys=0.00s Real=0.01s
[2025-04-16T14:38:30.768+0000][4.777s][info][gc,start       ] GC(54) Pause Young (Allocation Failure)
[2025-04-16T14:38:30.774+0000][4.783s][info][gc,heap        ] GC(54) DefNew: 6795K(7040K)->664K(7040K) Eden: 6272K(6272K)->0K(6272K) From: 523K(768K)->664K(768K)
[2025-04-16T14:38:30.774+0000][4.783s][info][gc,heap        ] GC(54) Tenured: 9734K(15592K)->9889K(15592K)
[2025-04-16T14:38:30.774+0000][4.783s][info][gc,metaspace   ] GC(54) Metaspace: 25669K(25984K)->25669K(25984K) NonClass: 22463K(22592K)->22463K(22592K) Class: 3206K(3392K)->3206K(3392K)
[2025-04-16T14:38:30.774+0000][4.783s][info][gc             ] GC(54) Pause Young (Allocation Failure) 16M->10M(22M) 5.558ms
[2025-04-16T14:38:30.774+0000][4.783s][info][gc,cpu         ] GC(54) User=0.00s Sys=0.00s Real=0.00s
[2025-04-16T14:38:30.889+0000][4.898s][info][gc,start       ] GC(55) Pause Young (Allocation Failure)
[2025-04-16T14:38:30.895+0000][4.904s][info][gc,heap        ] GC(55) DefNew: 6936K(7040K)->659K(7040K) Eden: 6272K(6272K)->0K(6272K) From: 664K(768K)->659K(768K)
[2025-04-16T14:38:30.895+0000][4.905s][info][gc,heap        ] GC(55) Tenured: 9889K(15592K)->10243K(15592K)
[2025-04-16T14:38:30.895+0000][4.905s][info][gc,metaspace   ] GC(55) Metaspace: 26444K(26816K)->26444K(26816K) NonClass: 23149K(23360K)->23149K(23360K) Class: 3294K(3456K)->3294K(3456K)
[2025-04-16T14:38:30.896+0000][4.905s][info][gc             ] GC(55) Pause Young (Allocation Failure) 16M->10M(22M) 6.397ms
[2025-04-16T14:38:30.896+0000][4.905s][info][gc,cpu         ] GC(55) User=0.00s Sys=0.00s Real=0.01s
[2025-04-16T14:38:30.977+0000][4.986s][info][gc,start       ] GC(56) Pause Young (Allocation Failure)
[2025-04-16T14:38:30.981+0000][4.990s][info][gc,heap        ] GC(56) DefNew: 6931K(7040K)->472K(7040K) Eden: 6272K(6272K)->0K(6272K) From: 659K(768K)->472K(768K)
[2025-04-16T14:38:30.981+0000][4.990s][info][gc,heap        ] GC(56) Tenured: 10243K(15592K)->10541K(15592K)
[2025-04-16T14:38:30.981+0000][4.990s][info][gc,metaspace   ] GC(56) Metaspace: 27119K(27392K)->27119K(27392K) NonClass: 23725K(23872K)->23725K(23872K) Class: 3394K(3520K)->3394K(3520K)
[2025-04-16T14:38:30.981+0000][4.990s][info][gc             ] GC(56) Pause Young (Allocation Failure) 16M->10M(22M) 3.759ms
[2025-04-16T14:38:30.982+0000][4.991s][info][gc,cpu         ] GC(56) User=0.01s Sys=0.00s Real=0.00s
[2025-04-16T14:38:31.093+0000][5.102s][info][gc,start       ] GC(57) Pause Young (Allocation Failure)
[2025-04-16T14:38:31.098+0000][5.107s][info][gc,heap        ] GC(57) DefNew: 6744K(7040K)->475K(7040K) Eden: 6272K(6272K)->0K(6272K) From: 472K(768K)->475K(768K)
[2025-04-16T14:38:31.098+0000][5.108s][info][gc,heap        ] GC(57) Tenured: 10541K(15592K)->10869K(15592K)
[2025-04-16T14:38:31.099+0000][5.108s][info][gc,metaspace   ] GC(57) Metaspace: 27412K(27776K)->27412K(27776K) NonClass: 23980K(24192K)->23980K(24192K) Class: 3431K(3584K)->3431K(3584K)
[2025-04-16T14:38:31.099+0000][5.108s][info][gc             ] GC(57) Pause Young (Allocation Failure) 16M->11M(22M) 5.074ms
[2025-04-16T14:38:31.099+0000][5.108s][info][gc,cpu         ] GC(57) User=0.00s Sys=0.00s Real=0.01s
[2025-04-16T14:38:31.223+0000][5.232s][info][gc,start       ] GC(58) Pause Young (Allocation Failure)
[2025-04-16T14:38:31.230+0000][5.239s][info][gc,heap        ] GC(58) DefNew: 6747K(7040K)->767K(7040K) Eden: 6272K(6272K)->0K(6272K) From: 475K(768K)->767K(768K)
[2025-04-16T14:38:31.230+0000][5.239s][info][gc,heap        ] GC(58) Tenured: 10869K(15592K)->11049K(15592K)
[2025-04-16T14:38:31.230+0000][5.239s][info][gc,metaspace   ] GC(58) Metaspace: 27878K(28160K)->27878K(28160K) NonClass: 24386K(24512K)->24386K(24512K) Class: 3491K(3648K)->3491K(3648K)
[2025-04-16T14:38:31.230+0000][5.239s][info][gc             ] GC(58) Pause Young (Allocation Failure) 17M->11M(22M) 6.330ms
[2025-04-16T14:38:31.230+0000][5.239s][info][gc,cpu         ] GC(58) User=0.01s Sys=0.00s Real=0.01s
[2025-04-16T14:38:31.307+0000][5.316s][info][gc,start       ] GC(59) Pause Young (Allocation Failure)
[2025-04-16T14:38:31.314+0000][5.323s][info][gc,heap        ] GC(59) DefNew: 7039K(7040K)->236K(7040K) Eden: 6272K(6272K)->0K(6272K) From: 767K(768K)->236K(768K)
[2025-04-16T14:38:31.314+0000][5.323s][info][gc,heap        ] GC(59) Tenured: 11049K(15592K)->11796K(15592K)
[2025-04-16T14:38:31.314+0000][5.323s][info][gc,metaspace   ] GC(59) Metaspace: 28327K(28608K)->28327K(28608K) NonClass: 24765K(24896K)->24765K(24896K) Class: 3561K(3712K)->3561K(3712K)
[2025-04-16T14:38:31.314+0000][5.323s][info][gc             ] GC(59) Pause Young (Allocation Failure) 17M->11M(22M) 6.777ms
[2025-04-16T14:38:31.314+0000][5.323s][info][gc,cpu         ] GC(59) User=0.00s Sys=0.00s Real=0.00s
[2025-04-16T14:38:31.409+0000][5.418s][info][gc,start       ] GC(60) Pause Young (Allocation Failure)
[2025-04-16T14:38:31.412+0000][5.421s][info][gc,heap        ] GC(60) DefNew: 6508K(7040K)->450K(7040K) Eden: 6272K(6272K)->0K(6272K) From: 236K(768K)->450K(768K)
[2025-04-16T14:38:31.412+0000][5.421s][info][gc,heap        ] GC(60) Tenured: 11796K(15592K)->11796K(15592K)
[2025-04-16T14:38:31.412+0000][5.421s][info][gc,metaspace   ] GC(60) Metaspace: 28810K(29056K)->28810K(29056K) NonClass: 25187K(25344K)->25187K(25344K) Class: 3622K(3712K)->3622K(3712K)
[2025-04-16T14:38:31.412+0000][5.421s][info][gc             ] GC(60) Pause Young (Allocation Failure) 17M->11M(22M) 2.426ms
[2025-04-16T14:38:31.412+0000][5.421s][info][gc,cpu         ] GC(60) User=0.00s Sys=0.00s Real=0.00s
[2025-04-16T14:38:31.587+0000][5.596s][info][gc,start       ] GC(61) Pause Young (Allocation Failure)
[2025-04-16T14:38:31.591+0000][5.600s][info][gc,heap        ] GC(61) DefNew: 6722K(7040K)->696K(7040K) Eden: 6272K(6272K)->0K(6272K) From: 450K(768K)->696K(768K)
[2025-04-16T14:38:31.591+0000][5.600s][info][gc,heap        ] GC(61) Tenured: 11796K(15592K)->12001K(15592K)
[2025-04-16T14:38:31.591+0000][5.600s][info][gc,metaspace   ] GC(61) Metaspace: 29316K(29632K)->29316K(29632K) NonClass: 25624K(25792K)->25624K(25792K) Class: 3692K(3840K)->3692K(3840K)
[2025-04-16T14:38:31.591+0000][5.600s][info][gc             ] GC(61) Pause Young (Allocation Failure) 18M->12M(22M) 3.660ms
[2025-04-16T14:38:31.591+0000][5.600s][info][gc,cpu         ] GC(61) User=0.00s Sys=0.00s Real=0.00s
[2025-04-16T14:38:52.617+0000][26.626s][info][gc,start       ] GC(62) Pause Young (Allocation Failure)
[2025-04-16T14:38:52.621+0000][26.630s][info][gc,heap        ] GC(62) DefNew: 6968K(7040K)->283K(7040K) Eden: 6272K(6272K)->0K(6272K) From: 696K(768K)->283K(768K)
[2025-04-16T14:38:52.621+0000][26.630s][info][gc,heap        ] GC(62) Tenured: 12001K(15592K)->12643K(15592K)
[2025-04-16T14:38:52.621+0000][26.630s][info][gc,metaspace   ] GC(62) Metaspace: 30383K(30656K)->30383K(30656K) NonClass: 26565K(26688K)->26565K(26688K) Class: 3818K(3968K)->3818K(3968K)
[2025-04-16T14:38:52.621+0000][26.630s][info][gc             ] GC(62) Pause Young (Allocation Failure) 18M->12M(22M) 3.965ms
[2025-04-16T14:38:52.621+0000][26.630s][info][gc,cpu         ] GC(62) User=0.00s Sys=0.00s Real=0.00s
[2025-04-16T14:38:52.703+0000][26.712s][info][gc,start       ] GC(63) Pause Young (Allocation Failure)
[2025-04-16T14:38:52.708+0000][26.717s][info][gc,heap        ] GC(63) DefNew: 6555K(7040K)->457K(7040K) Eden: 6272K(6272K)->0K(6272K) From: 283K(768K)->457K(768K)
[2025-04-16T14:38:52.708+0000][26.717s][info][gc,heap        ] GC(63) Tenured: 12643K(15592K)->12643K(15592K)
[2025-04-16T14:38:52.708+0000][26.717s][info][gc,metaspace   ] GC(63) Metaspace: 30945K(31232K)->30945K(31232K) NonClass: 27064K(27200K)->27064K(27200K) Class: 3881K(4032K)->3881K(4032K)
[2025-04-16T14:38:52.708+0000][26.717s][info][gc             ] GC(63) Pause Young (Allocation Failure) 18M->12M(22M) 4.398ms
[2025-04-16T14:38:52.708+0000][26.717s][info][gc,cpu         ] GC(63) User=0.01s Sys=0.00s Real=0.01s
[2025-04-16T14:38:52.795+0000][26.804s][info][gc,start       ] GC(64) Pause Young (Allocation Failure)
[2025-04-16T14:38:52.800+0000][26.809s][info][gc,heap        ] GC(64) DefNew: 6729K(7040K)->406K(7040K) Eden: 6272K(6272K)->0K(6272K) From: 457K(768K)->406K(768K)
[2025-04-16T14:38:52.800+0000][26.809s][info][gc,heap        ] GC(64) Tenured: 12643K(15592K)->12906K(15592K)
[2025-04-16T14:38:52.800+0000][26.809s][info][gc,metaspace   ] GC(64) Metaspace: 31556K(31936K)->31556K(31936K) NonClass: 27591K(27776K)->27591K(27776K) Class: 3965K(4160K)->3965K(4160K)
[2025-04-16T14:38:52.800+0000][26.809s][info][gc             ] GC(64) Pause Young (Allocation Failure) 18M->13M(22M) 5.282ms
[2025-04-16T14:38:52.800+0000][26.809s][info][gc,cpu         ] GC(64) User=0.01s Sys=0.00s Real=0.00s
[2025-04-16T14:38:52.884+0000][26.893s][info][gc,start       ] GC(65) Pause Young (Allocation Failure)
[2025-04-16T14:38:52.887+0000][26.896s][info][gc,heap        ] GC(65) DefNew: 6678K(7040K)->296K(7040K) Eden: 6272K(6272K)->0K(6272K) From: 406K(768K)->296K(768K)
[2025-04-16T14:38:52.887+0000][26.896s][info][gc,heap        ] GC(65) Tenured: 12906K(15592K)->13065K(15592K)
[2025-04-16T14:38:52.887+0000][26.896s][info][gc,metaspace   ] GC(65) Metaspace: 32030K(32384K)->32030K(32384K) NonClass: 27986K(28160K)->27986K(28160K) Class: 4043K(4224K)->4043K(4224K)
[2025-04-16T14:38:52.887+0000][26.896s][info][gc             ] GC(65) Pause Young (Allocation Failure) 19M->13M(22M) 3.156ms
[2025-04-16T14:38:52.887+0000][26.896s][info][gc,cpu         ] GC(65) User=0.00s Sys=0.00s Real=0.00s
[2025-04-16T14:38:52.951+0000][26.960s][info][gc,start       ] GC(66) Pause Young (Allocation Failure)
[2025-04-16T14:38:52.955+0000][26.964s][info][gc,heap        ] GC(66) DefNew: 6568K(7040K)->376K(7040K) Eden: 6272K(6272K)->0K(6272K) From: 296K(768K)->376K(768K)
[2025-04-16T14:38:52.955+0000][26.964s][info][gc,heap        ] GC(66) Tenured: 13065K(15592K)->13065K(15592K)
[2025-04-16T14:38:52.955+0000][26.964s][info][gc,metaspace   ] GC(66) Metaspace: 32502K(32832K)->32502K(32832K) NonClass: 28398K(28544K)->28398K(28544K) Class: 4103K(4288K)->4103K(4288K)
[2025-04-16T14:38:52.955+0000][26.964s][info][gc             ] GC(66) Pause Young (Allocation Failure) 19M->13M(22M) 4.109ms
[2025-04-16T14:38:52.955+0000][26.964s][info][gc,cpu         ] GC(66) User=0.00s Sys=0.00s Real=0.01s
[2025-04-16T14:38:53.021+0000][27.030s][info][gc,start       ] GC(67) Pause Young (Allocation Failure)
[2025-04-16T14:38:53.023+0000][27.032s][info][gc,heap        ] GC(67) DefNew: 6648K(7040K)->438K(7040K) Eden: 6272K(6272K)->0K(6272K) From: 376K(768K)->438K(768K)
[2025-04-16T14:38:53.023+0000][27.032s][info][gc,heap        ] GC(67) Tenured: 13065K(15592K)->13065K(15592K)
[2025-04-16T14:38:53.023+0000][27.032s][info][gc,metaspace   ] GC(67) Metaspace: 33039K(33408K)->33039K(33408K) NonClass: 28853K(29056K)->28853K(29056K) Class: 4186K(4352K)->4186K(4352K)
[2025-04-16T14:38:53.023+0000][27.032s][info][gc             ] GC(67) Pause Young (Allocation Failure) 19M->13M(22M) 2.032ms
[2025-04-16T14:38:53.023+0000][27.032s][info][gc,cpu         ] GC(67) User=0.00s Sys=0.00s Real=0.00s
[2025-04-16T14:38:53.087+0000][27.096s][info][gc,start       ] GC(68) Pause Young (Allocation Failure)
[2025-04-16T14:38:53.090+0000][27.099s][info][gc,heap        ] GC(68) DefNew: 6710K(7040K)->329K(7040K) Eden: 6272K(6272K)->0K(6272K) From: 438K(768K)->329K(768K)
[2025-04-16T14:38:53.090+0000][27.099s][info][gc,heap        ] GC(68) Tenured: 13065K(15592K)->13245K(15592K)
[2025-04-16T14:38:53.090+0000][27.099s][info][gc,metaspace   ] GC(68) Metaspace: 33350K(33664K)->33350K(33664K) NonClass: 29098K(29248K)->29098K(29248K) Class: 4251K(4416K)->4251K(4416K)
[2025-04-16T14:38:53.090+0000][27.099s][info][gc             ] GC(68) Pause Young (Allocation Failure) 19M->13M(22M) 3.301ms
[2025-04-16T14:38:53.090+0000][27.099s][info][gc,cpu         ] GC(68) User=0.00s Sys=0.00s Real=0.00s
[2025-04-16T14:38:53.160+0000][27.169s][info][gc,start       ] GC(69) Pause Young (Allocation Failure)
[2025-04-16T14:38:53.163+0000][27.172s][info][gc,heap        ] GC(69) DefNew: 6601K(7040K)->378K(7040K) Eden: 6272K(6272K)->0K(6272K) From: 329K(768K)->378K(768K)
[2025-04-16T14:38:53.163+0000][27.172s][info][gc,heap        ] GC(69) Tenured: 13245K(15592K)->13245K(15592K)
[2025-04-16T14:38:53.163+0000][27.172s][info][gc,metaspace   ] GC(69) Metaspace: 33789K(34112K)->33789K(34112K) NonClass: 29478K(29632K)->29478K(29632K) Class: 4310K(4480K)->4310K(4480K)
[2025-04-16T14:38:53.163+0000][27.172s][info][gc             ] GC(69) Pause Young (Allocation Failure) 19M->13M(22M) 3.024ms
[2025-04-16T14:38:53.163+0000][27.172s][info][gc,cpu         ] GC(69) User=0.01s Sys=0.00s Real=0.00s
[2025-04-16T14:38:54.998+0000][29.007s][info][gc,start       ] GC(70) Pause Young (Allocation Failure)
[2025-04-16T14:38:55.001+0000][29.010s][info][gc,heap        ] GC(70) DefNew: 6650K(7040K)->746K(7040K) Eden: 6272K(6272K)->0K(6272K) From: 378K(768K)->746K(768K)
[2025-04-16T14:38:55.001+0000][29.010s][info][gc,heap        ] GC(70) Tenured: 13245K(15592K)->13245K(15592K)
[2025-04-16T14:38:55.001+0000][29.010s][info][gc,metaspace   ] GC(70) Metaspace: 34654K(35008K)->34654K(35008K) NonClass: 30243K(30400K)->30243K(30400K) Class: 4411K(4608K)->4411K(4608K)
[2025-04-16T14:38:55.001+0000][29.010s][info][gc             ] GC(70) Pause Young (Allocation Failure) 19M->13M(22M) 3.067ms
[2025-04-16T14:38:55.001+0000][29.010s][info][gc,cpu         ] GC(70) User=0.01s Sys=0.00s Real=0.00s
[2025-04-16T14:39:06.935+0000][40.944s][info][gc,start       ] GC(71) Pause Young (Allocation Failure)
[2025-04-16T14:39:06.938+0000][40.947s][info][gc,heap        ] GC(71) DefNew: 7015K(7040K)->373K(7040K) Eden: 6269K(6272K)->0K(6272K) From: 746K(768K)->373K(768K)
[2025-04-16T14:39:06.938+0000][40.948s][info][gc,heap        ] GC(71) Tenured: 13245K(15592K)->13960K(15592K)
[2025-04-16T14:39:06.938+0000][40.948s][info][gc,metaspace   ] GC(71) Metaspace: 34936K(35328K)->34936K(35328K) NonClass: 30522K(30720K)->30522K(30720K) Class: 4413K(4608K)->4413K(4608K)
[2025-04-16T14:39:06.939+0000][40.948s][info][gc             ] GC(71) Pause Young (Allocation Failure) 19M->13M(22M) 3.127ms
[2025-04-16T14:39:06.939+0000][40.948s][info][gc,cpu         ] GC(71) User=0.00s Sys=0.00s Real=0.00s
[2025-04-16T14:39:12.952+0000][46.961s][info][gc,start       ] GC(72) Pause Young (Allocation Failure)
[2025-04-16T14:39:12.954+0000][46.963s][info][gc,heap        ] GC(72) DefNew: 6645K(7040K)->498K(7040K) Eden: 6272K(6272K)->0K(6272K) From: 373K(768K)->498K(768K)
[2025-04-16T14:39:12.954+0000][46.963s][info][gc,heap        ] GC(72) Tenured: 13960K(15592K)->13960K(15592K)
[2025-04-16T14:39:12.954+0000][46.963s][info][gc,metaspace   ] GC(72) Metaspace: 35231K(35584K)->35231K(35584K) NonClass: 30817K(30976K)->30817K(30976K) Class: 4414K(4608K)->4414K(4608K)
[2025-04-16T14:39:12.954+0000][46.963s][info][gc             ] GC(72) Pause Young (Allocation Failure) 20M->14M(22M) 1.585ms
[2025-04-16T14:39:12.954+0000][46.963s][info][gc,cpu         ] GC(72) User=0.01s Sys=0.00s Real=0.00s
[2025-04-16T14:39:18.600+0000][52.609s][info][gc,start       ] GC(73) Pause Young (Allocation Failure)
[2025-04-16T14:39:18.602+0000][52.611s][info][gc,heap        ] GC(73) DefNew: 6770K(7040K)->247K(7040K) Eden: 6272K(6272K)->0K(6272K) From: 498K(768K)->247K(768K)
[2025-04-16T14:39:18.602+0000][52.611s][info][gc,heap        ] GC(73) Tenured: 13960K(15592K)->14252K(15592K)
[2025-04-16T14:39:18.602+0000][52.611s][info][gc,metaspace   ] GC(73) Metaspace: 35419K(35776K)->35419K(35776K) NonClass: 31005K(31168K)->31005K(31168K) Class: 4414K(4608K)->4414K(4608K)
[2025-04-16T14:39:18.602+0000][52.611s][info][gc             ] GC(73) Pause Young (Allocation Failure) 20M->14M(22M) 2.100ms
[2025-04-16T14:39:18.602+0000][52.611s][info][gc,cpu         ] GC(73) User=0.00s Sys=0.00s Real=0.00s
[2025-04-16T14:39:20.837+0000][54.846s][info][gc,start       ] GC(74) Pause Full (Metadata GC Threshold)
[2025-04-16T14:39:20.837+0000][54.846s][info][gc,phases,start] GC(74) Phase 1: Mark live objects
[2025-04-16T14:39:20.859+0000][54.868s][info][gc,phases      ] GC(74) Phase 1: Mark live objects 21.954ms
[2025-04-16T14:39:20.859+0000][54.868s][info][gc,phases,start] GC(74) Phase 2: Compute new object addresses
[2025-04-16T14:39:20.864+0000][54.873s][info][gc,phases      ] GC(74) Phase 2: Compute new object addresses 5.084ms
[2025-04-16T14:39:20.864+0000][54.873s][info][gc,phases,start] GC(74) Phase 3: Adjust pointers
[2025-04-16T14:39:20.877+0000][54.886s][info][gc,phases      ] GC(74) Phase 3: Adjust pointers 13.115ms
[2025-04-16T14:39:20.877+0000][54.886s][info][gc,phases,start] GC(74) Phase 4: Move objects
[2025-04-16T14:39:20.880+0000][54.889s][info][gc,phases      ] GC(74) Phase 4: Move objects 2.739ms
[2025-04-16T14:39:20.880+0000][54.889s][info][gc,heap        ] GC(74) DefNew: 3702K(7040K)->0K(10176K) Eden: 3454K(6272K)->0K(9088K) From: 247K(768K)->0K(1088K)
[2025-04-16T14:39:20.880+0000][54.889s][info][gc,heap        ] GC(74) Tenured: 14252K(15592K)->13489K(22484K)
[2025-04-16T14:39:20.880+0000][54.889s][info][gc,metaspace   ] GC(74) Metaspace: 35494K(35840K)->35494K(35840K) NonClass: 31080K(31232K)->31080K(31232K) Class: 4414K(4608K)->4414K(4608K)
[2025-04-16T14:39:20.880+0000][54.889s][info][gc             ] GC(74) Pause Full (Metadata GC Threshold) 17M->13M(31M) 43.585ms
[2025-04-16T14:39:20.880+0000][54.889s][info][gc,cpu         ] GC(74) User=0.04s Sys=0.00s Real=0.04s
[2025-04-16T14:39:26.241+0000][60.250s][info][gc,start       ] GC(75) Pause Young (Allocation Failure)
[2025-04-16T14:39:26.243+0000][60.252s][info][gc,heap        ] GC(75) DefNew: 9088K(10176K)->132K(10176K) Eden: 9088K(9088K)->0K(9088K) From: 0K(1088K)->132K(1088K)
[2025-04-16T14:39:26.243+0000][60.252s][info][gc,heap        ] GC(75) Tenured: 13489K(22484K)->13489K(22484K)
[2025-04-16T14:39:26.243+0000][60.252s][info][gc,metaspace   ] GC(75) Metaspace: 35635K(35968K)->35635K(35968K) NonClass: 31221K(31360K)->31221K(31360K) Class: 4414K(4608K)->4414K(4608K)
[2025-04-16T14:39:26.243+0000][60.252s][info][gc             ] GC(75) Pause Young (Allocation Failure) 22M->13M(31M) 1.403ms
[2025-04-16T14:39:26.243+0000][60.252s][info][gc,cpu         ] GC(75) User=0.00s Sys=0.00s Real=0.00s
[2025-04-16T14:39:31.410+0000][65.419s][info][gc,start       ] GC(76) Pause Young (Allocation Failure)
[2025-04-16T14:39:31.411+0000][65.420s][info][gc,heap        ] GC(76) DefNew: 9220K(10176K)->182K(10176K) Eden: 9088K(9088K)->0K(9088K) From: 132K(1088K)->182K(1088K)
[2025-04-16T14:39:31.411+0000][65.420s][info][gc,heap        ] GC(76) Tenured: 13489K(22484K)->13489K(22484K)
[2025-04-16T14:39:31.411+0000][65.420s][info][gc,metaspace   ] GC(76) Metaspace: 35741K(36160K)->35741K(36160K) NonClass: 31326K(31552K)->31326K(31552K) Class: 4415K(4608K)->4415K(4608K)
[2025-04-16T14:39:31.411+0000][65.420s][info][gc             ] GC(76) Pause Young (Allocation Failure) 22M->13M(31M) 1.448ms
[2025-04-16T14:39:31.411+0000][65.420s][info][gc,cpu         ] GC(76) User=0.01s Sys=0.00s Real=0.00s
[2025-04-16T14:39:35.952+0000][69.961s][info][gc,start       ] GC(77) Pause Young (Allocation Failure)
[2025-04-16T14:39:35.954+0000][69.963s][info][gc,heap        ] GC(77) DefNew: 9270K(10176K)->189K(10176K) Eden: 9088K(9088K)->0K(9088K) From: 182K(1088K)->189K(1088K)
[2025-04-16T14:39:35.954+0000][69.963s][info][gc,heap        ] GC(77) Tenured: 13489K(22484K)->13489K(22484K)
[2025-04-16T14:39:35.954+0000][69.963s][info][gc,metaspace   ] GC(77) Metaspace: 35871K(36224K)->35871K(36224K) NonClass: 31456K(31616K)->31456K(31616K) Class: 4415K(4608K)->4415K(4608K)
[2025-04-16T14:39:35.954+0000][69.963s][info][gc             ] GC(77) Pause Young (Allocation Failure) 22M->13M(31M) 1.676ms
[2025-04-16T14:39:35.954+0000][69.963s][info][gc,cpu         ] GC(77) User=0.00s Sys=0.00s Real=0.00s
[2025-04-16T14:39:40.097+0000][74.106s][info][gc,start       ] GC(78) Pause Young (Allocation Failure)
[2025-04-16T14:39:40.099+0000][74.108s][info][gc,heap        ] GC(78) DefNew: 9277K(10176K)->247K(10176K) Eden: 9088K(9088K)->0K(9088K) From: 189K(1088K)->247K(1088K)
[2025-04-16T14:39:40.099+0000][74.108s][info][gc,heap        ] GC(78) Tenured: 13489K(22484K)->13489K(22484K)
[2025-04-16T14:39:40.099+0000][74.108s][info][gc,metaspace   ] GC(78) Metaspace: 35956K(36352K)->35956K(36352K) NonClass: 31540K(31744K)->31540K(31744K) Class: 4415K(4608K)->4415K(4608K)
[2025-04-16T14:39:40.099+0000][74.108s][info][gc             ] GC(78) Pause Young (Allocation Failure) 22M->13M(31M) 1.535ms
[2025-04-16T14:39:40.099+0000][74.108s][info][gc,cpu         ] GC(78) User=0.00s Sys=0.00s Real=0.00s
[2025-04-16T14:39:43.953+0000][77.962s][info][gc,start       ] GC(79) Pause Young (Allocation Failure)
[2025-04-16T14:39:43.954+0000][77.964s][info][gc,heap        ] GC(79) DefNew: 9335K(10176K)->345K(10176K) Eden: 9088K(9088K)->0K(9088K) From: 247K(1088K)->345K(1088K)
[2025-04-16T14:39:43.955+0000][77.964s][info][gc,heap        ] GC(79) Tenured: 13489K(22484K)->13489K(22484K)
[2025-04-16T14:39:43.955+0000][77.964s][info][gc,metaspace   ] GC(79) Metaspace: 36199K(36544K)->36199K(36544K) NonClass: 31783K(31936K)->31783K(31936K) Class: 4415K(4608K)->4415K(4608K)
[2025-04-16T14:39:43.955+0000][77.964s][info][gc             ] GC(79) Pause Young (Allocation Failure) 22M->13M(31M) 1.953ms
[2025-04-16T14:39:43.955+0000][77.964s][info][gc,cpu         ] GC(79) User=0.00s Sys=0.00s Real=0.01s
[2025-04-16T14:39:46.869+0000][80.878s][info][gc,start       ] GC(80) Pause Young (Allocation Failure)
[2025-04-16T14:39:46.871+0000][80.880s][info][gc,heap        ] GC(80) DefNew: 9433K(10176K)->413K(10176K) Eden: 9087K(9088K)->0K(9088K) From: 345K(1088K)->413K(1088K)
[2025-04-16T14:39:46.871+0000][80.880s][info][gc,heap        ] GC(80) Tenured: 13489K(22484K)->13489K(22484K)
[2025-04-16T14:39:46.871+0000][80.880s][info][gc,metaspace   ] GC(80) Metaspace: 36223K(36544K)->36223K(36544K) NonClass: 31807K(31936K)->31807K(31936K) Class: 4415K(4608K)->4415K(4608K)
[2025-04-16T14:39:46.871+0000][80.880s][info][gc             ] GC(80) Pause Young (Allocation Failure) 22M->13M(31M) 1.702ms
[2025-04-16T14:39:46.871+0000][80.880s][info][gc,cpu         ] GC(80) User=0.00s Sys=0.00s Real=0.00s
[2025-04-16T14:39:49.957+0000][83.966s][info][gc,start       ] GC(81) Pause Young (Allocation Failure)
[2025-04-16T14:39:49.959+0000][83.968s][info][gc,heap        ] GC(81) DefNew: 9495K(10176K)->420K(10176K) Eden: 9082K(9088K)->0K(9088K) From: 413K(1088K)->420K(1088K)
[2025-04-16T14:39:49.959+0000][83.968s][info][gc,heap        ] GC(81) Tenured: 13489K(22484K)->13489K(22484K)
[2025-04-16T14:39:49.959+0000][83.968s][info][gc,metaspace   ] GC(81) Metaspace: 36241K(36608K)->36241K(36608K) NonClass: 31826K(32000K)->31826K(32000K) Class: 4415K(4608K)->4415K(4608K)
[2025-04-16T14:39:49.959+0000][83.968s][info][gc             ] GC(81) Pause Young (Allocation Failure) 22M->13M(31M) 1.712ms
[2025-04-16T14:39:49.959+0000][83.968s][info][gc,cpu         ] GC(81) User=0.00s Sys=0.00s Real=0.00s
[2025-04-16T14:39:53.102+0000][87.111s][info][gc,start       ] GC(82) Pause Young (Allocation Failure)
[2025-04-16T14:39:53.104+0000][87.113s][info][gc,heap        ] GC(82) DefNew: 9508K(10176K)->425K(10176K) Eden: 9088K(9088K)->0K(9088K) From: 420K(1088K)->425K(1088K)
[2025-04-16T14:39:53.104+0000][87.113s][info][gc,heap        ] GC(82) Tenured: 13489K(22484K)->13489K(22484K)
[2025-04-16T14:39:53.104+0000][87.113s][info][gc,metaspace   ] GC(82) Metaspace: 36266K(36672K)->36266K(36672K) NonClass: 31851K(32064K)->31851K(32064K) Class: 4415K(4608K)->4415K(4608K)
[2025-04-16T14:39:53.104+0000][87.113s][info][gc             ] GC(82) Pause Young (Allocation Failure) 22M->13M(31M) 1.929ms
[2025-04-16T14:39:53.104+0000][87.113s][info][gc,cpu         ] GC(82) User=0.01s Sys=0.00s Real=0.01s
[2025-04-16T14:39:56.150+0000][90.159s][info][gc,start       ] GC(83) Pause Young (Allocation Failure)
[2025-04-16T14:39:56.152+0000][90.161s][info][gc,heap        ] GC(83) DefNew: 9513K(10176K)->427K(10176K) Eden: 9088K(9088K)->0K(9088K) From: 425K(1088K)->427K(1088K)
[2025-04-16T14:39:56.152+0000][90.161s][info][gc,heap        ] GC(83) Tenured: 13489K(22484K)->13489K(22484K)
[2025-04-16T14:39:56.152+0000][90.161s][info][gc,metaspace   ] GC(83) Metaspace: 36355K(36736K)->36355K(36736K) NonClass: 31940K(32128K)->31940K(32128K) Class: 4415K(4608K)->4415K(4608K)
[2025-04-16T14:39:56.152+0000][90.161s][info][gc             ] GC(83) Pause Young (Allocation Failure) 22M->13M(31M) 1.753ms
[2025-04-16T14:39:56.152+0000][90.161s][info][gc,cpu         ] GC(83) User=0.00s Sys=0.00s Real=0.00s
[2025-04-16T14:39:58.836+0000][92.845s][info][gc,start       ] GC(84) Pause Young (Allocation Failure)
[2025-04-16T14:39:58.838+0000][92.847s][info][gc,heap        ] GC(84) DefNew: 9514K(10176K)->482K(10176K) Eden: 9087K(9088K)->0K(9088K) From: 427K(1088K)->482K(1088K)
[2025-04-16T14:39:58.838+0000][92.847s][info][gc,heap        ] GC(84) Tenured: 13489K(22484K)->13489K(22484K)
[2025-04-16T14:39:58.838+0000][92.847s][info][gc,metaspace   ] GC(84) Metaspace: 36371K(36736K)->36371K(36736K) NonClass: 31955K(32128K)->31955K(32128K) Class: 4415K(4608K)->4415K(4608K)
[2025-04-16T14:39:58.838+0000][92.847s][info][gc             ] GC(84) Pause Young (Allocation Failure) 22M->13M(31M) 1.829ms
[2025-04-16T14:39:58.838+0000][92.847s][info][gc,cpu         ] GC(84) User=0.00s Sys=0.00s Real=0.00s
[2025-04-16T14:40:01.597+0000][95.606s][info][gc,start       ] GC(85) Pause Young (Allocation Failure)
[2025-04-16T14:40:01.599+0000][95.608s][info][gc,heap        ] GC(85) DefNew: 9570K(10176K)->487K(10176K) Eden: 9088K(9088K)->0K(9088K) From: 482K(1088K)->487K(1088K)
[2025-04-16T14:40:01.599+0000][95.608s][info][gc,heap        ] GC(85) Tenured: 13489K(22484K)->13489K(22484K)
[2025-04-16T14:40:01.599+0000][95.608s][info][gc,metaspace   ] GC(85) Metaspace: 36398K(36800K)->36398K(36800K) NonClass: 31982K(32192K)->31982K(32192K) Class: 4415K(4608K)->4415K(4608K)
[2025-04-16T14:40:01.599+0000][95.608s][info][gc             ] GC(85) Pause Young (Allocation Failure) 22M->13M(31M) 2.310ms
[2025-04-16T14:40:01.599+0000][95.608s][info][gc,cpu         ] GC(85) User=0.00s Sys=0.00s Real=0.00s
[2025-04-16T14:40:04.341+0000][98.350s][info][gc,start       ] GC(86) Pause Young (Allocation Failure)
[2025-04-16T14:40:04.343+0000][98.352s][info][gc,heap        ] GC(86) DefNew: 9575K(10176K)->524K(10176K) Eden: 9088K(9088K)->0K(9088K) From: 487K(1088K)->524K(1088K)
[2025-04-16T14:40:04.343+0000][98.352s][info][gc,heap        ] GC(86) Tenured: 13489K(22484K)->13489K(22484K)
[2025-04-16T14:40:04.343+0000][98.352s][info][gc,metaspace   ] GC(86) Metaspace: 36942K(37312K)->36942K(37312K) NonClass: 32526K(32704K)->32526K(32704K) Class: 4415K(4608K)->4415K(4608K)
[2025-04-16T14:40:04.343+0000][98.352s][info][gc             ] GC(86) Pause Young (Allocation Failure) 22M->13M(31M) 2.087ms
[2025-04-16T14:40:04.343+0000][98.352s][info][gc,cpu         ] GC(86) User=0.00s Sys=0.00s Real=0.00s
[2025-04-16T14:40:06.870+0000][100.879s][info][gc,start       ] GC(87) Pause Young (Allocation Failure)
[2025-04-16T14:40:06.874+0000][100.883s][info][gc,heap        ] GC(87) DefNew: 9601K(10176K)->538K(10176K) Eden: 9076K(9088K)->0K(9088K) From: 524K(1088K)->538K(1088K)
[2025-04-16T14:40:06.874+0000][100.883s][info][gc,heap        ] GC(87) Tenured: 13489K(22484K)->13489K(22484K)
[2025-04-16T14:40:06.874+0000][100.883s][info][gc,metaspace   ] GC(87) Metaspace: 36953K(37312K)->36953K(37312K) NonClass: 32538K(32704K)->32538K(32704K) Class: 4415K(4608K)->4415K(4608K)
[2025-04-16T14:40:06.874+0000][100.883s][info][gc             ] GC(87) Pause Young (Allocation Failure) 22M->13M(31M) 4.032ms
[2025-04-16T14:40:06.874+0000][100.883s][info][gc,cpu         ] GC(87) User=0.01s Sys=0.00s Real=0.01s
[2025-04-16T14:40:09.058+0000][103.067s][info][gc,start       ] GC(88) Pause Young (Allocation Failure)
[2025-04-16T14:40:09.060+0000][103.069s][info][gc,heap        ] GC(88) DefNew: 9626K(10176K)->546K(10176K) Eden: 9088K(9088K)->0K(9088K) From: 538K(1088K)->546K(1088K)
[2025-04-16T14:40:09.060+0000][103.069s][info][gc,heap        ] GC(88) Tenured: 13489K(22484K)->13489K(22484K)
[2025-04-16T14:40:09.060+0000][103.069s][info][gc,metaspace   ] GC(88) Metaspace: 36973K(37376K)->36973K(37376K) NonClass: 32558K(32768K)->32558K(32768K) Class: 4415K(4608K)->4415K(4608K)
[2025-04-16T14:40:09.060+0000][103.069s][info][gc             ] GC(88) Pause Young (Allocation Failure) 22M->13M(31M) 2.061ms
[2025-04-16T14:40:09.060+0000][103.069s][info][gc,cpu         ] GC(88) User=0.00s Sys=0.00s Real=0.00s
[2025-04-16T14:40:11.410+0000][105.419s][info][gc,start       ] GC(89) Pause Young (Allocation Failure)
[2025-04-16T14:40:11.412+0000][105.421s][info][gc,heap        ] GC(89) DefNew: 9634K(10176K)->508K(10176K) Eden: 9088K(9088K)->0K(9088K) From: 546K(1088K)->508K(1088K)
[2025-04-16T14:40:11.412+0000][105.421s][info][gc,heap        ] GC(89) Tenured: 13489K(22484K)->13541K(22484K)
[2025-04-16T14:40:11.412+0000][105.421s][info][gc,metaspace   ] GC(89) Metaspace: 36974K(37376K)->36974K(37376K) NonClass: 32559K(32768K)->32559K(32768K) Class: 4415K(4608K)->4415K(4608K)
[2025-04-16T14:40:11.412+0000][105.421s][info][gc             ] GC(89) Pause Young (Allocation Failure) 22M->13M(31M) 2.082ms
[2025-04-16T14:40:11.412+0000][105.421s][info][gc,cpu         ] GC(89) User=0.00s Sys=0.00s Real=0.00s
[2025-04-16T14:40:13.394+0000][107.403s][info][gc,start       ] GC(90) Pause Young (Allocation Failure)
[2025-04-16T14:40:13.396+0000][107.405s][info][gc,heap        ] GC(90) DefNew: 9596K(10176K)->567K(10176K) Eden: 9088K(9088K)->0K(9088K) From: 508K(1088K)->567K(1088K)
[2025-04-16T14:40:13.396+0000][107.405s][info][gc,heap        ] GC(90) Tenured: 13541K(22484K)->13541K(22484K)
[2025-04-16T14:40:13.396+0000][107.405s][info][gc,metaspace   ] GC(90) Metaspace: 37016K(37376K)->37016K(37376K) NonClass: 32599K(32768K)->32599K(32768K) Class: 4416K(4608K)->4416K(4608K)
[2025-04-16T14:40:13.396+0000][107.405s][info][gc             ] GC(90) Pause Young (Allocation Failure) 22M->13M(31M) 2.138ms
[2025-04-16T14:40:13.396+0000][107.405s][info][gc,cpu         ] GC(90) User=0.01s Sys=0.00s Real=0.00s
[2025-04-16T14:40:15.941+0000][109.950s][info][gc,start       ] GC(91) Pause Young (Allocation Failure)
[2025-04-16T14:40:15.943+0000][109.952s][info][gc,heap        ] GC(91) DefNew: 9652K(10176K)->508K(10176K) Eden: 9085K(9088K)->0K(9088K) From: 567K(1088K)->508K(1088K)
[2025-04-16T14:40:15.943+0000][109.952s][info][gc,heap        ] GC(91) Tenured: 13541K(22484K)->13580K(22484K)
[2025-04-16T14:40:15.943+0000][109.952s][info][gc,metaspace   ] GC(91) Metaspace: 37016K(37376K)->37016K(37376K) NonClass: 32599K(32768K)->32599K(32768K) Class: 4416K(4608K)->4416K(4608K)
[2025-04-16T14:40:15.943+0000][109.952s][info][gc             ] GC(91) Pause Young (Allocation Failure) 22M->13M(31M) 2.200ms
[2025-04-16T14:40:15.943+0000][109.952s][info][gc,cpu         ] GC(91) User=0.00s Sys=0.00s Real=0.00s
[2025-04-16T14:40:18.379+0000][112.388s][info][gc,start       ] GC(92) Pause Young (Allocation Failure)
[2025-04-16T14:40:18.381+0000][112.390s][info][gc,heap        ] GC(92) DefNew: 9596K(10176K)->475K(10176K) Eden: 9088K(9088K)->0K(9088K) From: 508K(1088K)->475K(1088K)
[2025-04-16T14:40:18.381+0000][112.390s][info][gc,heap        ] GC(92) Tenured: 13580K(22484K)->13620K(22484K)
[2025-04-16T14:40:18.381+0000][112.390s][info][gc,metaspace   ] GC(92) Metaspace: 37016K(37376K)->37016K(37376K) NonClass: 32599K(32768K)->32599K(32768K) Class: 4416K(4608K)->4416K(4608K)
[2025-04-16T14:40:18.381+0000][112.390s][info][gc             ] GC(92) Pause Young (Allocation Failure) 22M->13M(31M) 2.146ms
[2025-04-16T14:40:18.381+0000][112.390s][info][gc,cpu         ] GC(92) User=0.00s Sys=0.00s Real=0.00s
[2025-04-16T14:40:20.752+0000][114.761s][info][gc,start       ] GC(93) Pause Young (Allocation Failure)
[2025-04-16T14:40:20.754+0000][114.763s][info][gc,heap        ] GC(93) DefNew: 9563K(10176K)->470K(10176K) Eden: 9087K(9088K)->0K(9088K) From: 475K(1088K)->470K(1088K)
[2025-04-16T14:40:20.754+0000][114.763s][info][gc,heap        ] GC(93) Tenured: 13620K(22484K)->13658K(22484K)
[2025-04-16T14:40:20.754+0000][114.763s][info][gc,metaspace   ] GC(93) Metaspace: 37030K(37376K)->37030K(37376K) NonClass: 32613K(32768K)->32613K(32768K) Class: 4416K(4608K)->4416K(4608K)
[2025-04-16T14:40:20.754+0000][114.763s][info][gc             ] GC(93) Pause Young (Allocation Failure) 22M->13M(31M) 2.046ms
[2025-04-16T14:40:20.754+0000][114.763s][info][gc,cpu         ] GC(93) User=0.00s Sys=0.00s Real=0.01s
[2025-04-16T14:40:22.579+0000][116.588s][info][gc,start       ] GC(94) Pause Young (Allocation Failure)
[2025-04-16T14:40:22.581+0000][116.590s][info][gc,heap        ] GC(94) DefNew: 9558K(10176K)->392K(10176K) Eden: 9088K(9088K)->0K(9088K) From: 470K(1088K)->392K(1088K)
[2025-04-16T14:40:22.581+0000][116.590s][info][gc,heap        ] GC(94) Tenured: 13658K(22484K)->13758K(22484K)
[2025-04-16T14:40:22.581+0000][116.590s][info][gc,metaspace   ] GC(94) Metaspace: 37030K(37376K)->37030K(37376K) NonClass: 32613K(32768K)->32613K(32768K) Class: 4416K(4608K)->4416K(4608K)
[2025-04-16T14:40:22.581+0000][116.590s][info][gc             ] GC(94) Pause Young (Allocation Failure) 22M->13M(31M) 1.795ms
[2025-04-16T14:40:22.581+0000][116.590s][info][gc,cpu         ] GC(94) User=0.00s Sys=0.00s Real=0.00s
[2025-04-16T14:40:24.604+0000][118.613s][info][gc,start       ] GC(95) Pause Young (Allocation Failure)
[2025-04-16T14:40:24.606+0000][118.615s][info][gc,heap        ] GC(95) DefNew: 9480K(10176K)->370K(10176K) Eden: 9088K(9088K)->0K(9088K) From: 392K(1088K)->370K(1088K)
[2025-04-16T14:40:24.606+0000][118.615s][info][gc,heap        ] GC(95) Tenured: 13758K(22484K)->13794K(22484K)
[2025-04-16T14:40:24.606+0000][118.615s][info][gc,metaspace   ] GC(95) Metaspace: 37030K(37376K)->37030K(37376K) NonClass: 32614K(32768K)->32614K(32768K) Class: 4416K(4608K)->4416K(4608K)
[2025-04-16T14:40:24.606+0000][118.615s][info][gc             ] GC(95) Pause Young (Allocation Failure) 22M->13M(31M) 1.908ms
[2025-04-16T14:40:24.606+0000][118.615s][info][gc,cpu         ] GC(95) User=0.00s Sys=0.00s Real=0.01s
[2025-04-16T14:40:26.750+0000][120.759s][info][gc,start       ] GC(96) Pause Young (Allocation Failure)
[2025-04-16T14:40:26.752+0000][120.761s][info][gc,heap        ] GC(96) DefNew: 9458K(10176K)->369K(10176K) Eden: 9088K(9088K)->0K(9088K) From: 370K(1088K)->369K(1088K)
[2025-04-16T14:40:26.752+0000][120.761s][info][gc,heap        ] GC(96) Tenured: 13794K(22484K)->13812K(22484K)
[2025-04-16T14:40:26.752+0000][120.761s][info][gc,metaspace   ] GC(96) Metaspace: 37032K(37376K)->37032K(37376K) NonClass: 32616K(32768K)->32616K(32768K) Class: 4416K(4608K)->4416K(4608K)
[2025-04-16T14:40:26.752+0000][120.761s][info][gc             ] GC(96) Pause Young (Allocation Failure) 22M->13M(31M) 1.706ms
[2025-04-16T14:40:26.752+0000][120.761s][info][gc,cpu         ] GC(96) User=0.00s Sys=0.00s Real=0.00s
[2025-04-16T14:40:28.526+0000][122.535s][info][gc,start       ] GC(97) Pause Young (Allocation Failure)
[2025-04-16T14:40:28.527+0000][122.536s][info][gc,heap        ] GC(97) DefNew: 9457K(10176K)->362K(10176K) Eden: 9088K(9088K)->0K(9088K) From: 369K(1088K)->362K(1088K)
[2025-04-16T14:40:28.527+0000][122.536s][info][gc,heap        ] GC(97) Tenured: 13812K(22484K)->13832K(22484K)
[2025-04-16T14:40:28.527+0000][122.536s][info][gc,metaspace   ] GC(97) Metaspace: 37063K(37440K)->37063K(37440K) NonClass: 32646K(32832K)->32646K(32832K) Class: 4416K(4608K)->4416K(4608K)
[2025-04-16T14:40:28.527+0000][122.536s][info][gc             ] GC(97) Pause Young (Allocation Failure) 22M->13M(31M) 1.757ms
[2025-04-16T14:40:28.527+0000][122.536s][info][gc,cpu         ] GC(97) User=0.00s Sys=0.00s Real=0.00s
[2025-04-16T14:40:30.692+0000][124.701s][info][gc,start       ] GC(98) Pause Young (Allocation Failure)
[2025-04-16T14:40:30.694+0000][124.703s][info][gc,heap        ] GC(98) DefNew: 9450K(10176K)->374K(10176K) Eden: 9088K(9088K)->0K(9088K) From: 362K(1088K)->374K(1088K)
[2025-04-16T14:40:30.694+0000][124.703s][info][gc,heap        ] GC(98) Tenured: 13832K(22484K)->13850K(22484K)
[2025-04-16T14:40:30.694+0000][124.703s][info][gc,metaspace   ] GC(98) Metaspace: 37063K(37440K)->37063K(37440K) NonClass: 32646K(32832K)->32646K(32832K) Class: 4416K(4608K)->4416K(4608K)
[2025-04-16T14:40:30.694+0000][124.703s][info][gc             ] GC(98) Pause Young (Allocation Failure) 22M->13M(31M) 1.869ms
[2025-04-16T14:40:30.694+0000][124.703s][info][gc,cpu         ] GC(98) User=0.00s Sys=0.00s Real=0.00s
[2025-04-16T14:40:32.770+0000][126.779s][info][gc,start       ] GC(99) Pause Young (Allocation Failure)
[2025-04-16T14:40:32.771+0000][126.780s][info][gc,heap        ] GC(99) DefNew: 9462K(10176K)->350K(10176K) Eden: 9087K(9088K)->0K(9088K) From: 374K(1088K)->350K(1088K)
[2025-04-16T14:40:32.771+0000][126.780s][info][gc,heap        ] GC(99) Tenured: 13850K(22484K)->13890K(22484K)
[2025-04-16T14:40:32.771+0000][126.780s][info][gc,metaspace   ] GC(99) Metaspace: 37063K(37440K)->37063K(37440K) NonClass: 32646K(32832K)->32646K(32832K) Class: 4416K(4608K)->4416K(4608K)
[2025-04-16T14:40:32.771+0000][126.780s][info][gc             ] GC(99) Pause Young (Allocation Failure) 22M->13M(31M) 1.870ms
[2025-04-16T14:40:32.771+0000][126.780s][info][gc,cpu         ] GC(99) User=0.00s Sys=0.00s Real=0.00s
[2025-04-16T14:40:34.628+0000][128.637s][info][gc,start       ] GC(100) Pause Young (Allocation Failure)
[2025-04-16T14:40:34.630+0000][128.639s][info][gc,heap        ] GC(100) DefNew: 9438K(10176K)->356K(10176K) Eden: 9088K(9088K)->0K(9088K) From: 350K(1088K)->356K(1088K)
[2025-04-16T14:40:34.630+0000][128.639s][info][gc,heap        ] GC(100) Tenured: 13890K(22484K)->13908K(22484K)
[2025-04-16T14:40:34.630+0000][128.639s][info][gc,metaspace   ] GC(100) Metaspace: 37100K(37440K)->37100K(37440K) NonClass: 32683K(32832K)->32683K(32832K) Class: 4416K(4608K)->4416K(4608K)
[2025-04-16T14:40:34.630+0000][128.639s][info][gc             ] GC(100) Pause Young (Allocation Failure) 22M->13M(31M) 1.839ms
[2025-04-16T14:40:34.630+0000][128.639s][info][gc,cpu         ] GC(100) User=0.00s Sys=0.00s Real=0.00s
[2025-04-16T14:40:36.157+0000][130.166s][info][gc,start       ] GC(101) Pause Young (Allocation Failure)
[2025-04-16T14:40:36.159+0000][130.168s][info][gc,heap        ] GC(101) DefNew: 9444K(10176K)->355K(10176K) Eden: 9088K(9088K)->0K(9088K) From: 356K(1088K)->355K(1088K)
[2025-04-16T14:40:36.159+0000][130.168s][info][gc,heap        ] GC(101) Tenured: 13908K(22484K)->13927K(22484K)
[2025-04-16T14:40:36.159+0000][130.168s][info][gc,metaspace   ] GC(101) Metaspace: 37100K(37440K)->37100K(37440K) NonClass: 32683K(32832K)->32683K(32832K) Class: 4416K(4608K)->4416K(4608K)
[2025-04-16T14:40:36.159+0000][130.168s][info][gc             ] GC(101) Pause Young (Allocation Failure) 22M->13M(31M) 2.017ms
[2025-04-16T14:40:36.159+0000][130.168s][info][gc,cpu         ] GC(101) User=0.00s Sys=0.00s Real=0.00s
[2025-04-16T14:40:37.893+0000][131.902s][info][gc,start       ] GC(102) Pause Young (Allocation Failure)
[2025-04-16T14:40:37.895+0000][131.904s][info][gc,heap        ] GC(102) DefNew: 9443K(10176K)->335K(10176K) Eden: 9088K(9088K)->0K(9088K) From: 355K(1088K)->335K(1088K)
[2025-04-16T14:40:37.895+0000][131.904s][info][gc,heap        ] GC(102) Tenured: 13927K(22484K)->13945K(22484K)
[2025-04-16T14:40:37.895+0000][131.904s][info][gc,metaspace   ] GC(102) Metaspace: 37100K(37440K)->37100K(37440K) NonClass: 32683K(32832K)->32683K(32832K) Class: 4416K(4608K)->4416K(4608K)
[2025-04-16T14:40:37.895+0000][131.904s][info][gc             ] GC(102) Pause Young (Allocation Failure) 22M->13M(31M) 1.916ms
[2025-04-16T14:40:37.895+0000][131.904s][info][gc,cpu         ] GC(102) User=0.00s Sys=0.00s Real=0.01s
[2025-04-16T14:40:39.711+0000][133.720s][info][gc,start       ] GC(103) Pause Young (Allocation Failure)
[2025-04-16T14:40:39.714+0000][133.723s][info][gc,heap        ] GC(103) DefNew: 9423K(10176K)->326K(10176K) Eden: 9088K(9088K)->0K(9088K) From: 335K(1088K)->326K(1088K)
[2025-04-16T14:40:39.714+0000][133.723s][info][gc,heap        ] GC(103) Tenured: 13945K(22484K)->13964K(22484K)
[2025-04-16T14:40:39.714+0000][133.723s][info][gc,metaspace   ] GC(103) Metaspace: 37100K(37440K)->37100K(37440K) NonClass: 32683K(32832K)->32683K(32832K) Class: 4416K(4608K)->4416K(4608K)
[2025-04-16T14:40:39.714+0000][133.723s][info][gc             ] GC(103) Pause Young (Allocation Failure) 22M->13M(31M) 2.690ms
[2025-04-16T14:40:39.714+0000][133.723s][info][gc,cpu         ] GC(103) User=0.01s Sys=0.00s Real=0.00s
[2025-04-16T14:40:41.439+0000][135.448s][info][gc,start       ] GC(104) Pause Young (Allocation Failure)
[2025-04-16T14:40:41.441+0000][135.450s][info][gc,heap        ] GC(104) DefNew: 9414K(10176K)->317K(10176K) Eden: 9088K(9088K)->0K(9088K) From: 326K(1088K)->317K(1088K)
[2025-04-16T14:40:41.441+0000][135.450s][info][gc,heap        ] GC(104) Tenured: 13964K(22484K)->13982K(22484K)
[2025-04-16T14:40:41.441+0000][135.450s][info][gc,metaspace   ] GC(104) Metaspace: 37108K(37440K)->37108K(37440K) NonClass: 32692K(32832K)->32692K(32832K) Class: 4416K(4608K)->4416K(4608K)
[2025-04-16T14:40:41.441+0000][135.450s][info][gc             ] GC(104) Pause Young (Allocation Failure) 22M->13M(31M) 2.080ms
[2025-04-16T14:40:41.441+0000][135.450s][info][gc,cpu         ] GC(104) User=0.00s Sys=0.00s Real=0.00s
[2025-04-16T14:40:43.365+0000][137.374s][info][gc,start       ] GC(105) Pause Young (Allocation Failure)
[2025-04-16T14:40:43.367+0000][137.376s][info][gc,heap        ] GC(105) DefNew: 9404K(10176K)->334K(10176K) Eden: 9087K(9088K)->0K(9088K) From: 317K(1088K)->334K(1088K)
[2025-04-16T14:40:43.367+0000][137.376s][info][gc,heap        ] GC(105) Tenured: 13982K(22484K)->14001K(22484K)
[2025-04-16T14:40:43.367+0000][137.376s][info][gc,metaspace   ] GC(105) Metaspace: 37108K(37440K)->37108K(37440K) NonClass: 32692K(32832K)->32692K(32832K) Class: 4416K(4608K)->4416K(4608K)
[2025-04-16T14:40:43.367+0000][137.376s][info][gc             ] GC(105) Pause Young (Allocation Failure) 22M->13M(31M) 1.755ms
[2025-04-16T14:40:43.367+0000][137.376s][info][gc,cpu         ] GC(105) User=0.00s Sys=0.00s Real=0.00s
[2025-04-16T14:40:45.087+0000][139.096s][info][gc,start       ] GC(106) Pause Young (Allocation Failure)
[2025-04-16T14:40:45.088+0000][139.097s][info][gc,heap        ] GC(106) DefNew: 9422K(10176K)->286K(10176K) Eden: 9088K(9088K)->0K(9088K) From: 334K(1088K)->286K(1088K)
[2025-04-16T14:40:45.088+0000][139.097s][info][gc,heap        ] GC(106) Tenured: 14001K(22484K)->14018K(22484K)
[2025-04-16T14:40:45.088+0000][139.097s][info][gc,metaspace   ] GC(106) Metaspace: 37108K(37440K)->37108K(37440K) NonClass: 32692K(32832K)->32692K(32832K) Class: 4416K(4608K)->4416K(4608K)
[2025-04-16T14:40:45.088+0000][139.097s][info][gc             ] GC(106) Pause Young (Allocation Failure) 22M->13M(31M) 1.767ms
[2025-04-16T14:40:45.088+0000][139.097s][info][gc,cpu         ] GC(106) User=0.00s Sys=0.00s Real=0.00s
[2025-04-16T14:40:46.593+0000][140.602s][info][gc,start       ] GC(107) Pause Young (Allocation Failure)
[2025-04-16T14:40:46.596+0000][140.605s][info][gc,heap        ] GC(107) DefNew: 9374K(10176K)->300K(10176K) Eden: 9088K(9088K)->0K(9088K) From: 286K(1088K)->300K(1088K)
[2025-04-16T14:40:46.596+0000][140.605s][info][gc,heap        ] GC(107) Tenured: 14018K(22484K)->14036K(22484K)
[2025-04-16T14:40:46.596+0000][140.605s][info][gc,metaspace   ] GC(107) Metaspace: 37123K(37504K)->37123K(37504K) NonClass: 32706K(32896K)->32706K(32896K) Class: 4417K(4608K)->4417K(4608K)
[2025-04-16T14:40:46.596+0000][140.605s][info][gc             ] GC(107) Pause Young (Allocation Failure) 22M->14M(31M) 2.182ms
[2025-04-16T14:40:46.596+0000][140.605s][info][gc,cpu         ] GC(107) User=0.01s Sys=0.00s Real=0.01s
[2025-04-16T14:40:48.221+0000][142.230s][info][gc,start       ] GC(108) Pause Young (Allocation Failure)
[2025-04-16T14:40:48.223+0000][142.232s][info][gc,heap        ] GC(108) DefNew: 9388K(10176K)->300K(10176K) Eden: 9088K(9088K)->0K(9088K) From: 300K(1088K)->300K(1088K)
[2025-04-16T14:40:48.223+0000][142.232s][info][gc,heap        ] GC(108) Tenured: 14036K(22484K)->14058K(22484K)
[2025-04-16T14:40:48.223+0000][142.232s][info][gc,metaspace   ] GC(108) Metaspace: 37127K(37504K)->37127K(37504K) NonClass: 32709K(32896K)->32709K(32896K) Class: 4417K(4608K)->4417K(4608K)
[2025-04-16T14:40:48.223+0000][142.232s][info][gc             ] GC(108) Pause Young (Allocation Failure) 22M->14M(31M) 2.794ms
[2025-04-16T14:40:48.223+0000][142.232s][info][gc,cpu         ] GC(108) User=0.00s Sys=0.00s Real=0.00s
[2025-04-16T14:40:50.067+0000][144.076s][info][gc,start       ] GC(109) Pause Young (Allocation Failure)
[2025-04-16T14:40:50.069+0000][144.078s][info][gc,heap        ] GC(109) DefNew: 9388K(10176K)->298K(10176K) Eden: 9088K(9088K)->0K(9088K) From: 300K(1088K)->298K(1088K)
[2025-04-16T14:40:50.069+0000][144.078s][info][gc,heap        ] GC(109) Tenured: 14058K(22484K)->14065K(22484K)
[2025-04-16T14:40:50.069+0000][144.078s][info][gc,metaspace   ] GC(109) Metaspace: 37127K(37504K)->37127K(37504K) NonClass: 32709K(32896K)->32709K(32896K) Class: 4417K(4608K)->4417K(4608K)
[2025-04-16T14:40:50.069+0000][144.078s][info][gc             ] GC(109) Pause Young (Allocation Failure) 22M->14M(31M) 1.801ms
[2025-04-16T14:40:50.069+0000][144.078s][info][gc,cpu         ] GC(109) User=0.00s Sys=0.00s Real=0.00s
[2025-04-16T14:40:51.629+0000][145.638s][info][gc,start       ] GC(110) Pause Young (Allocation Failure)
[2025-04-16T14:40:51.631+0000][145.640s][info][gc,heap        ] GC(110) DefNew: 9386K(10176K)->342K(10176K) Eden: 9087K(9088K)->0K(9088K) From: 298K(1088K)->342K(1088K)
[2025-04-16T14:40:51.631+0000][145.640s][info][gc,heap        ] GC(110) Tenured: 14065K(22484K)->14093K(22484K)
[2025-04-16T14:40:51.631+0000][145.640s][info][gc,metaspace   ] GC(110) Metaspace: 37127K(37504K)->37127K(37504K) NonClass: 32709K(32896K)->32709K(32896K) Class: 4417K(4608K)->4417K(4608K)
[2025-04-16T14:40:51.631+0000][145.640s][info][gc             ] GC(110) Pause Young (Allocation Failure) 22M->14M(31M) 2.140ms
[2025-04-16T14:40:51.631+0000][145.640s][info][gc,cpu         ] GC(110) User=0.00s Sys=0.00s Real=0.00s
[2025-04-16T14:40:53.132+0000][147.141s][info][gc,start       ] GC(111) Pause Young (Allocation Failure)
[2025-04-16T14:40:53.133+0000][147.142s][info][gc,heap        ] GC(111) DefNew: 9430K(10176K)->284K(10176K) Eden: 9087K(9088K)->0K(9088K) From: 342K(1088K)->284K(1088K)
[2025-04-16T14:40:53.133+0000][147.142s][info][gc,heap        ] GC(111) Tenured: 14093K(22484K)->14111K(22484K)
[2025-04-16T14:40:53.133+0000][147.142s][info][gc,metaspace   ] GC(111) Metaspace: 37147K(37504K)->37147K(37504K) NonClass: 32730K(32896K)->32730K(32896K) Class: 4417K(4608K)->4417K(4608K)
[2025-04-16T14:40:53.133+0000][147.142s][info][gc             ] GC(111) Pause Young (Allocation Failure) 22M->14M(31M) 1.721ms
[2025-04-16T14:40:53.133+0000][147.142s][info][gc,cpu         ] GC(111) User=0.00s Sys=0.00s Real=0.00s
[2025-04-16T14:40:54.617+0000][148.626s][info][gc,start       ] GC(112) Pause Young (Allocation Failure)
[2025-04-16T14:40:54.618+0000][148.627s][info][gc,heap        ] GC(112) DefNew: 9372K(10176K)->260K(10176K) Eden: 9088K(9088K)->0K(9088K) From: 284K(1088K)->260K(1088K)
[2025-04-16T14:40:54.618+0000][148.627s][info][gc,heap        ] GC(112) Tenured: 14111K(22484K)->14133K(22484K)
[2025-04-16T14:40:54.618+0000][148.627s][info][gc,metaspace   ] GC(112) Metaspace: 37147K(37504K)->37147K(37504K) NonClass: 32730K(32896K)->32730K(32896K) Class: 4417K(4608K)->4417K(4608K)
[2025-04-16T14:40:54.619+0000][148.628s][info][gc             ] GC(112) Pause Young (Allocation Failure) 22M->14M(31M) 1.770ms
[2025-04-16T14:40:54.619+0000][148.628s][info][gc,cpu         ] GC(112) User=0.00s Sys=0.00s Real=0.00s
[2025-04-16T14:40:56.432+0000][150.441s][info][gc,start       ] GC(113) Pause Young (Allocation Failure)
[2025-04-16T14:40:56.433+0000][150.442s][info][gc,heap        ] GC(113) DefNew: 9348K(10176K)->242K(10176K) Eden: 9088K(9088K)->0K(9088K) From: 260K(1088K)->242K(1088K)
[2025-04-16T14:40:56.433+0000][150.442s][info][gc,heap        ] GC(113) Tenured: 14133K(22484K)->14151K(22484K)
[2025-04-16T14:40:56.433+0000][150.442s][info][gc,metaspace   ] GC(113) Metaspace: 37147K(37504K)->37147K(37504K) NonClass: 32730K(32896K)->32730K(32896K) Class: 4417K(4608K)->4417K(4608K)
[2025-04-16T14:40:56.433+0000][150.442s][info][gc             ] GC(113) Pause Young (Allocation Failure) 22M->14M(31M) 1.623ms
[2025-04-16T14:40:56.433+0000][150.442s][info][gc,cpu         ] GC(113) User=0.00s Sys=0.00s Real=0.00s
[2025-04-16T14:40:57.797+0000][151.806s][info][gc,start       ] GC(114) Pause Young (Allocation Failure)
[2025-04-16T14:40:57.799+0000][151.808s][info][gc,heap        ] GC(114) DefNew: 9330K(10176K)->258K(10176K) Eden: 9088K(9088K)->0K(9088K) From: 242K(1088K)->258K(1088K)
[2025-04-16T14:40:57.799+0000][151.808s][info][gc,heap        ] GC(114) Tenured: 14151K(22484K)->14152K(22484K)
[2025-04-16T14:40:57.799+0000][151.808s][info][gc,metaspace   ] GC(114) Metaspace: 37157K(37504K)->37157K(37504K) NonClass: 32740K(32896K)->32740K(32896K) Class: 4417K(4608K)->4417K(4608K)
[2025-04-16T14:40:57.799+0000][151.808s][info][gc             ] GC(114) Pause Young (Allocation Failure) 22M->14M(31M) 1.692ms
[2025-04-16T14:40:57.799+0000][151.808s][info][gc,cpu         ] GC(114) User=0.00s Sys=0.00s Real=0.00s
[2025-04-16T14:40:59.341+0000][153.350s][info][gc,start       ] GC(115) Pause Young (Allocation Failure)
[2025-04-16T14:40:59.345+0000][153.354s][info][gc,heap        ] GC(115) DefNew: 9346K(10176K)->218K(10176K) Eden: 9088K(9088K)->0K(9088K) From: 258K(1088K)->218K(1088K)
[2025-04-16T14:40:59.345+0000][153.354s][info][gc,heap        ] GC(115) Tenured: 14152K(22484K)->14173K(22484K)
[2025-04-16T14:40:59.345+0000][153.354s][info][gc,metaspace   ] GC(115) Metaspace: 37162K(37504K)->37162K(37504K) NonClass: 32745K(32896K)->32745K(32896K) Class: 4417K(4608K)->4417K(4608K)
[2025-04-16T14:40:59.345+0000][153.354s][info][gc             ] GC(115) Pause Young (Allocation Failure) 22M->14M(31M) 4.116ms
[2025-04-16T14:40:59.345+0000][153.354s][info][gc,cpu         ] GC(115) User=0.00s Sys=0.00s Real=0.01s
[2025-04-16T14:41:01.078+0000][155.087s][info][gc,start       ] GC(116) Pause Young (Allocation Failure)
[2025-04-16T14:41:01.079+0000][155.088s][info][gc,heap        ] GC(116) DefNew: 9306K(10176K)->203K(10176K) Eden: 9088K(9088K)->0K(9088K) From: 218K(1088K)->203K(1088K)
[2025-04-16T14:41:01.079+0000][155.088s][info][gc,heap        ] GC(116) Tenured: 14173K(22484K)->14192K(22484K)
[2025-04-16T14:41:01.079+0000][155.088s][info][gc,metaspace   ] GC(116) Metaspace: 37163K(37504K)->37163K(37504K) NonClass: 32746K(32896K)->32746K(32896K) Class: 4417K(4608K)->4417K(4608K)
[2025-04-16T14:41:01.079+0000][155.088s][info][gc             ] GC(116) Pause Young (Allocation Failure) 22M->14M(31M) 1.602ms
[2025-04-16T14:41:01.079+0000][155.088s][info][gc,cpu         ] GC(116) User=0.00s Sys=0.00s Real=0.00s
[2025-04-16T14:41:02.596+0000][156.605s][info][gc,start       ] GC(117) Pause Young (Allocation Failure)
[2025-04-16T14:41:02.599+0000][156.608s][info][gc,heap        ] GC(117) DefNew: 9291K(10176K)->196K(10176K) Eden: 9088K(9088K)->0K(9088K) From: 203K(1088K)->196K(1088K)
[2025-04-16T14:41:02.599+0000][156.608s][info][gc,heap        ] GC(117) Tenured: 14192K(22484K)->14210K(22484K)
[2025-04-16T14:41:02.599+0000][156.608s][info][gc,metaspace   ] GC(117) Metaspace: 37188K(37568K)->37188K(37568K) NonClass: 32770K(32960K)->32770K(32960K) Class: 4417K(4608K)->4417K(4608K)
[2025-04-16T14:41:02.599+0000][156.608s][info][gc             ] GC(117) Pause Young (Allocation Failure) 22M->14M(31M) 2.639ms
[2025-04-16T14:41:02.600+0000][156.609s][info][gc,cpu         ] GC(117) User=0.01s Sys=0.00s Real=0.00s
[2025-04-16T14:41:04.123+0000][158.132s][info][gc,start       ] GC(118) Pause Young (Allocation Failure)
[2025-04-16T14:41:04.124+0000][158.133s][info][gc,heap        ] GC(118) DefNew: 9284K(10176K)->202K(10176K) Eden: 9088K(9088K)->0K(9088K) From: 196K(1088K)->202K(1088K)
[2025-04-16T14:41:04.124+0000][158.133s][info][gc,heap        ] GC(118) Tenured: 14210K(22484K)->14210K(22484K)
[2025-04-16T14:41:04.124+0000][158.133s][info][gc,metaspace   ] GC(118) Metaspace: 37188K(37568K)->37188K(37568K) NonClass: 32770K(32960K)->32770K(32960K) Class: 4417K(4608K)->4417K(4608K)
[2025-04-16T14:41:04.124+0000][158.133s][info][gc             ] GC(118) Pause Young (Allocation Failure) 22M->14M(31M) 1.616ms
[2025-04-16T14:41:04.124+0000][158.133s][info][gc,cpu         ] GC(118) User=0.00s Sys=0.00s Real=0.01s
[2025-04-16T14:41:05.509+0000][159.518s][info][gc,start       ] GC(119) Pause Young (Allocation Failure)
[2025-04-16T14:41:05.511+0000][159.520s][info][gc,heap        ] GC(119) DefNew: 9290K(10176K)->169K(10176K) Eden: 9088K(9088K)->0K(9088K) From: 202K(1088K)->169K(1088K)
[2025-04-16T14:41:05.511+0000][159.520s][info][gc,heap        ] GC(119) Tenured: 14210K(22484K)->14228K(22484K)
[2025-04-16T14:41:05.511+0000][159.520s][info][gc,metaspace   ] GC(119) Metaspace: 37188K(37568K)->37188K(37568K) NonClass: 32770K(32960K)->32770K(32960K) Class: 4417K(4608K)->4417K(4608K)
[2025-04-16T14:41:05.511+0000][159.520s][info][gc             ] GC(119) Pause Young (Allocation Failure) 22M->14M(31M) 1.617ms
[2025-04-16T14:41:05.511+0000][159.520s][info][gc,cpu         ] GC(119) User=0.00s Sys=0.00s Real=0.00s
[2025-04-16T14:41:07.312+0000][161.321s][info][gc,start       ] GC(120) Pause Young (Allocation Failure)
[2025-04-16T14:41:07.314+0000][161.323s][info][gc,heap        ] GC(120) DefNew: 9257K(10176K)->158K(10176K) Eden: 9088K(9088K)->0K(9088K) From: 169K(1088K)->158K(1088K)
[2025-04-16T14:41:07.314+0000][161.323s][info][gc,heap        ] GC(120) Tenured: 14228K(22484K)->14245K(22484K)
[2025-04-16T14:41:07.314+0000][161.323s][info][gc,metaspace   ] GC(120) Metaspace: 37188K(37568K)->37188K(37568K) NonClass: 32770K(32960K)->32770K(32960K) Class: 4417K(4608K)->4417K(4608K)
[2025-04-16T14:41:07.314+0000][161.323s][info][gc             ] GC(120) Pause Young (Allocation Failure) 22M->14M(31M) 1.663ms
[2025-04-16T14:41:07.314+0000][161.323s][info][gc,cpu         ] GC(120) User=0.00s Sys=0.00s Real=0.00s
[2025-04-16T14:41:08.826+0000][162.835s][info][gc,start       ] GC(121) Pause Young (Allocation Failure)
[2025-04-16T14:41:08.827+0000][162.836s][info][gc,heap        ] GC(121) DefNew: 9246K(10176K)->170K(10176K) Eden: 9088K(9088K)->0K(9088K) From: 158K(1088K)->170K(1088K)
[2025-04-16T14:41:08.827+0000][162.836s][info][gc,heap        ] GC(121) Tenured: 14245K(22484K)->14246K(22484K)
[2025-04-16T14:41:08.827+0000][162.836s][info][gc,metaspace   ] GC(121) Metaspace: 37208K(37568K)->37208K(37568K) NonClass: 32789K(32960K)->32789K(32960K) Class: 4418K(4608K)->4418K(4608K)
[2025-04-16T14:41:08.827+0000][162.836s][info][gc             ] GC(121) Pause Young (Allocation Failure) 22M->14M(31M) 1.684ms
[2025-04-16T14:41:08.827+0000][162.836s][info][gc,cpu         ] GC(121) User=0.00s Sys=0.00s Real=0.00s
[2025-04-16T14:41:10.205+0000][164.214s][info][gc,start       ] GC(122) Pause Young (Allocation Failure)
[2025-04-16T14:41:10.207+0000][164.216s][info][gc,heap        ] GC(122) DefNew: 9258K(10176K)->142K(10176K) Eden: 9087K(9088K)->0K(9088K) From: 170K(1088K)->142K(1088K)
[2025-04-16T14:41:10.207+0000][164.216s][info][gc,heap        ] GC(122) Tenured: 14246K(22484K)->14265K(22484K)
[2025-04-16T14:41:10.207+0000][164.216s][info][gc,metaspace   ] GC(122) Metaspace: 37208K(37568K)->37208K(37568K) NonClass: 32789K(32960K)->32789K(32960K) Class: 4418K(4608K)->4418K(4608K)
[2025-04-16T14:41:10.207+0000][164.216s][info][gc             ] GC(122) Pause Young (Allocation Failure) 22M->14M(31M) 1.861ms
[2025-04-16T14:41:10.207+0000][164.216s][info][gc,cpu         ] GC(122) User=0.00s Sys=0.00s Real=0.00s
[2025-04-16T14:41:11.945+0000][165.954s][info][gc,start       ] GC(123) Pause Young (Allocation Failure)
[2025-04-16T14:41:11.947+0000][165.956s][info][gc,heap        ] GC(123) DefNew: 9230K(10176K)->129K(10176K) Eden: 9088K(9088K)->0K(9088K) From: 142K(1088K)->129K(1088K)
[2025-04-16T14:41:11.947+0000][165.956s][info][gc,heap        ] GC(123) Tenured: 14265K(22484K)->14284K(22484K)
[2025-04-16T14:41:11.947+0000][165.956s][info][gc,metaspace   ] GC(123) Metaspace: 37208K(37568K)->37208K(37568K) NonClass: 32789K(32960K)->32789K(32960K) Class: 4418K(4608K)->4418K(4608K)
[2025-04-16T14:41:11.947+0000][165.956s][info][gc             ] GC(123) Pause Young (Allocation Failure) 22M->14M(31M) 1.654ms
[2025-04-16T14:41:11.947+0000][165.956s][info][gc,cpu         ] GC(123) User=0.00s Sys=0.00s Real=0.00s
[2025-04-16T14:41:13.124+0000][167.133s][info][gc,start       ] GC(124) Pause Young (Allocation Failure)
[2025-04-16T14:41:13.126+0000][167.135s][info][gc,heap        ] GC(124) DefNew: 9217K(10176K)->134K(10176K) Eden: 9088K(9088K)->0K(9088K) From: 129K(1088K)->134K(1088K)
[2025-04-16T14:41:13.126+0000][167.135s][info][gc,heap        ] GC(124) Tenured: 14284K(22484K)->14285K(22484K)
[2025-04-16T14:41:13.126+0000][167.135s][info][gc,metaspace   ] GC(124) Metaspace: 37217K(37568K)->37217K(37568K) NonClass: 32799K(32960K)->32799K(32960K) Class: 4418K(4608K)->4418K(4608K)
[2025-04-16T14:41:13.126+0000][167.135s][info][gc             ] GC(124) Pause Young (Allocation Failure) 22M->14M(31M) 1.687ms
[2025-04-16T14:41:13.126+0000][167.135s][info][gc,cpu         ] GC(124) User=0.00s Sys=0.00s Real=0.01s
[2025-04-16T14:41:14.796+0000][168.805s][info][gc,start       ] GC(125) Pause Young (Allocation Failure)
[2025-04-16T14:41:14.797+0000][168.806s][info][gc,heap        ] GC(125) DefNew: 9222K(10176K)->99K(10176K) Eden: 9088K(9088K)->0K(9088K) From: 134K(1088K)->99K(1088K)
[2025-04-16T14:41:14.797+0000][168.806s][info][gc,heap        ] GC(125) Tenured: 14285K(22484K)->14303K(22484K)
[2025-04-16T14:41:14.797+0000][168.806s][info][gc,metaspace   ] GC(125) Metaspace: 37217K(37568K)->37217K(37568K) NonClass: 32799K(32960K)->32799K(32960K) Class: 4418K(4608K)->4418K(4608K)
[2025-04-16T14:41:14.797+0000][168.806s][info][gc             ] GC(125) Pause Young (Allocation Failure) 22M->14M(31M) 1.629ms
[2025-04-16T14:41:14.797+0000][168.806s][info][gc,cpu         ] GC(125) User=0.00s Sys=0.00s Real=0.00s
[2025-04-16T14:41:16.236+0000][170.245s][info][gc,start       ] GC(126) Pause Young (Allocation Failure)
[2025-04-16T14:41:16.238+0000][170.247s][info][gc,heap        ] GC(126) DefNew: 9187K(10176K)->96K(10176K) Eden: 9088K(9088K)->0K(9088K) From: 99K(1088K)->96K(1088K)
[2025-04-16T14:41:16.238+0000][170.247s][info][gc,heap        ] GC(126) Tenured: 14303K(22484K)->14322K(22484K)
[2025-04-16T14:41:16.238+0000][170.247s][info][gc,metaspace   ] GC(126) Metaspace: 37217K(37568K)->37217K(37568K) NonClass: 32799K(32960K)->32799K(32960K) Class: 4418K(4608K)->4418K(4608K)
[2025-04-16T14:41:16.238+0000][170.247s][info][gc             ] GC(126) Pause Young (Allocation Failure) 22M->14M(31M) 1.546ms
[2025-04-16T14:41:16.238+0000][170.247s][info][gc,cpu         ] GC(126) User=0.00s Sys=0.00s Real=0.00s
[2025-04-16T14:41:17.779+0000][171.788s][info][gc,start       ] GC(127) Pause Young (Allocation Failure)
[2025-04-16T14:41:17.780+0000][171.789s][info][gc,heap        ] GC(127) DefNew: 9184K(10176K)->86K(10176K) Eden: 9088K(9088K)->0K(9088K) From: 96K(1088K)->86K(1088K)
[2025-04-16T14:41:17.780+0000][171.789s][info][gc,heap        ] GC(127) Tenured: 14322K(22484K)->14322K(22484K)
[2025-04-16T14:41:17.780+0000][171.789s][info][gc,metaspace   ] GC(127) Metaspace: 37217K(37568K)->37217K(37568K) NonClass: 32799K(32960K)->32799K(32960K) Class: 4418K(4608K)->4418K(4608K)
[2025-04-16T14:41:17.780+0000][171.789s][info][gc             ] GC(127) Pause Young (Allocation Failure) 22M->14M(31M) 1.706ms
[2025-04-16T14:41:17.780+0000][171.789s][info][gc,cpu         ] GC(127) User=0.00s Sys=0.00s Real=0.00s
[2025-04-16T14:41:19.643+0000][173.652s][info][gc,start       ] GC(128) Pause Young (Allocation Failure)
[2025-04-16T14:41:19.645+0000][173.654s][info][gc,heap        ] GC(128) DefNew: 9174K(10176K)->80K(10176K) Eden: 9088K(9088K)->0K(9088K) From: 86K(1088K)->80K(1088K)
[2025-04-16T14:41:19.645+0000][173.654s][info][gc,heap        ] GC(128) Tenured: 14322K(22484K)->14322K(22484K)
[2025-04-16T14:41:19.645+0000][173.654s][info][gc,metaspace   ] GC(128) Metaspace: 37218K(37568K)->37218K(37568K) NonClass: 32800K(32960K)->32800K(32960K) Class: 4418K(4608K)->4418K(4608K)
[2025-04-16T14:41:19.645+0000][173.654s][info][gc             ] GC(128) Pause Young (Allocation Failure) 22M->14M(31M) 1.574ms
[2025-04-16T14:41:19.645+0000][173.654s][info][gc,cpu         ] GC(128) User=0.00s Sys=0.00s Real=0.01s
[2025-04-16T14:41:20.873+0000][174.882s][info][gc,start       ] GC(129) Pause Young (Allocation Failure)
[2025-04-16T14:41:20.875+0000][174.884s][info][gc,heap        ] GC(129) DefNew: 9168K(10176K)->82K(10176K) Eden: 9088K(9088K)->0K(9088K) From: 80K(1088K)->82K(1088K)
[2025-04-16T14:41:20.875+0000][174.884s][info][gc,heap        ] GC(129) Tenured: 14322K(22484K)->14323K(22484K)
[2025-04-16T14:41:20.875+0000][174.884s][info][gc,metaspace   ] GC(129) Metaspace: 37218K(37568K)->37218K(37568K) NonClass: 32800K(32960K)->32800K(32960K) Class: 4418K(4608K)->4418K(4608K)
[2025-04-16T14:41:20.875+0000][174.884s][info][gc             ] GC(129) Pause Young (Allocation Failure) 22M->14M(31M) 1.678ms
[2025-04-16T14:41:20.875+0000][174.884s][info][gc,cpu         ] GC(129) User=0.00s Sys=0.00s Real=0.01s
[2025-04-16T14:41:22.493+0000][176.502s][info][gc,start       ] GC(130) Pause Young (Allocation Failure)
[2025-04-16T14:41:22.494+0000][176.503s][info][gc,heap        ] GC(130) DefNew: 9170K(10176K)->78K(10176K) Eden: 9088K(9088K)->0K(9088K) From: 82K(1088K)->78K(1088K)
[2025-04-16T14:41:22.494+0000][176.503s][info][gc,heap        ] GC(130) Tenured: 14323K(22484K)->14324K(22484K)
[2025-04-16T14:41:22.494+0000][176.503s][info][gc,metaspace   ] GC(130) Metaspace: 37219K(37568K)->37219K(37568K) NonClass: 32801K(32960K)->32801K(32960K) Class: 4418K(4608K)->4418K(4608K)
[2025-04-16T14:41:22.494+0000][176.503s][info][gc             ] GC(130) Pause Young (Allocation Failure) 22M->14M(31M) 1.527ms
[2025-04-16T14:41:22.494+0000][176.503s][info][gc,cpu         ] GC(130) User=0.01s Sys=0.00s Real=0.01s
[2025-04-16T14:41:24.092+0000][178.101s][info][gc,start       ] GC(131) Pause Young (Allocation Failure)
[2025-04-16T14:41:24.094+0000][178.103s][info][gc,heap        ] GC(131) DefNew: 9166K(10176K)->98K(10176K) Eden: 9088K(9088K)->0K(9088K) From: 78K(1088K)->98K(1088K)
[2025-04-16T14:41:24.094+0000][178.103s][info][gc,heap        ] GC(131) Tenured: 14324K(22484K)->14324K(22484K)
[2025-04-16T14:41:24.094+0000][178.103s][info][gc,metaspace   ] GC(131) Metaspace: 37224K(37568K)->37224K(37568K) NonClass: 32806K(32960K)->32806K(32960K) Class: 4418K(4608K)->4418K(4608K)
[2025-04-16T14:41:24.094+0000][178.103s][info][gc             ] GC(131) Pause Young (Allocation Failure) 22M->14M(31M) 1.646ms
[2025-04-16T14:41:24.094+0000][178.103s][info][gc,cpu         ] GC(131) User=0.00s Sys=0.00s Real=0.00s
[2025-04-16T14:41:25.817+0000][179.826s][info][gc,start       ] GC(132) Pause Young (Allocation Failure)
[2025-04-16T14:41:25.819+0000][179.828s][info][gc,heap        ] GC(132) DefNew: 9186K(10176K)->81K(10176K) Eden: 9088K(9088K)->0K(9088K) From: 98K(1088K)->81K(1088K)
[2025-04-16T14:41:25.819+0000][179.828s][info][gc,heap        ] GC(132) Tenured: 14324K(22484K)->14324K(22484K)
[2025-04-16T14:41:25.819+0000][179.828s][info][gc,metaspace   ] GC(132) Metaspace: 37224K(37568K)->37224K(37568K) NonClass: 32806K(32960K)->32806K(32960K) Class: 4418K(4608K)->4418K(4608K)
[2025-04-16T14:41:25.819+0000][179.828s][info][gc             ] GC(132) Pause Young (Allocation Failure) 22M->14M(31M) 1.480ms
[2025-04-16T14:41:25.819+0000][179.828s][info][gc,cpu         ] GC(132) User=0.01s Sys=0.00s Real=0.00s
[2025-04-16T14:41:27.585+0000][181.594s][info][gc,start       ] GC(133) Pause Young (Allocation Failure)
[2025-04-16T14:41:27.587+0000][181.596s][info][gc,heap        ] GC(133) DefNew: 9169K(10176K)->78K(10176K) Eden: 9088K(9088K)->0K(9088K) From: 81K(1088K)->78K(1088K)
[2025-04-16T14:41:27.587+0000][181.596s][info][gc,heap        ] GC(133) Tenured: 14324K(22484K)->14324K(22484K)
[2025-04-16T14:41:27.587+0000][181.596s][info][gc,metaspace   ] GC(133) Metaspace: 37224K(37568K)->37224K(37568K) NonClass: 32806K(32960K)->32806K(32960K) Class: 4418K(4608K)->4418K(4608K)
[2025-04-16T14:41:27.587+0000][181.596s][info][gc             ] GC(133) Pause Young (Allocation Failure) 22M->14M(31M) 1.471ms
[2025-04-16T14:41:27.587+0000][181.596s][info][gc,cpu         ] GC(133) User=0.00s Sys=0.00s Real=0.00s
[2025-04-16T14:41:28.963+0000][182.972s][info][gc,start       ] GC(134) Pause Young (Allocation Failure)
[2025-04-16T14:41:28.965+0000][182.974s][info][gc,heap        ] GC(134) DefNew: 9166K(10176K)->78K(10176K) Eden: 9088K(9088K)->0K(9088K) From: 78K(1088K)->78K(1088K)
[2025-04-16T14:41:28.965+0000][182.974s][info][gc,heap        ] GC(134) Tenured: 14324K(22484K)->14325K(22484K)
[2025-04-16T14:41:28.965+0000][182.974s][info][gc,metaspace   ] GC(134) Metaspace: 37224K(37568K)->37224K(37568K) NonClass: 32806K(32960K)->32806K(32960K) Class: 4418K(4608K)->4418K(4608K)
[2025-04-16T14:41:28.965+0000][182.974s][info][gc             ] GC(134) Pause Young (Allocation Failure) 22M->14M(31M) 1.631ms
[2025-04-16T14:41:28.965+0000][182.974s][info][gc,cpu         ] GC(134) User=0.01s Sys=0.00s Real=0.01s
[2025-04-16T14:41:30.586+0000][184.595s][info][gc,start       ] GC(135) Pause Young (Allocation Failure)
[2025-04-16T14:41:30.588+0000][184.597s][info][gc,heap        ] GC(135) DefNew: 9166K(10176K)->81K(10176K) Eden: 9087K(9088K)->0K(9088K) From: 78K(1088K)->81K(1088K)
[2025-04-16T14:41:30.588+0000][184.597s][info][gc,heap        ] GC(135) Tenured: 14325K(22484K)->14325K(22484K)
[2025-04-16T14:41:30.588+0000][184.597s][info][gc,metaspace   ] GC(135) Metaspace: 37224K(37568K)->37224K(37568K) NonClass: 32806K(32960K)->32806K(32960K) Class: 4418K(4608K)->4418K(4608K)
[2025-04-16T14:41:30.588+0000][184.597s][info][gc             ] GC(135) Pause Young (Allocation Failure) 22M->14M(31M) 1.594ms
[2025-04-16T14:41:30.588+0000][184.597s][info][gc,cpu         ] GC(135) User=0.00s Sys=0.00s Real=0.00s
[2025-04-16T14:41:32.410+0000][186.419s][info][gc,start       ] GC(136) Pause Young (Allocation Failure)
[2025-04-16T14:41:32.412+0000][186.421s][info][gc,heap        ] GC(136) DefNew: 9169K(10176K)->93K(10176K) Eden: 9088K(9088K)->0K(9088K) From: 81K(1088K)->93K(1088K)
[2025-04-16T14:41:32.412+0000][186.421s][info][gc,heap        ] GC(136) Tenured: 14325K(22484K)->14328K(22484K)
[2025-04-16T14:41:32.412+0000][186.421s][info][gc,metaspace   ] GC(136) Metaspace: 37226K(37632K)->37226K(37632K) NonClass: 32808K(33024K)->32808K(33024K) Class: 4418K(4608K)->4418K(4608K)
[2025-04-16T14:41:32.412+0000][186.421s][info][gc             ] GC(136) Pause Young (Allocation Failure) 22M->14M(31M) 2.173ms
[2025-04-16T14:41:32.412+0000][186.421s][info][gc,cpu         ] GC(136) User=0.00s Sys=0.00s Real=0.00s
[2025-04-16T14:41:33.909+0000][187.918s][info][gc,start       ] GC(137) Pause Young (Allocation Failure)
[2025-04-16T14:41:33.911+0000][187.920s][info][gc,heap        ] GC(137) DefNew: 9181K(10176K)->80K(10176K) Eden: 9088K(9088K)->0K(9088K) From: 93K(1088K)->80K(1088K)
[2025-04-16T14:41:33.911+0000][187.920s][info][gc,heap        ] GC(137) Tenured: 14328K(22484K)->14328K(22484K)
[2025-04-16T14:41:33.911+0000][187.920s][info][gc,metaspace   ] GC(137) Metaspace: 37226K(37632K)->37226K(37632K) NonClass: 32808K(33024K)->32808K(33024K) Class: 4418K(4608K)->4418K(4608K)
[2025-04-16T14:41:33.911+0000][187.920s][info][gc             ] GC(137) Pause Young (Allocation Failure) 22M->14M(31M) 1.590ms
[2025-04-16T14:41:33.911+0000][187.920s][info][gc,cpu         ] GC(137) User=0.00s Sys=0.00s Real=0.00s
[2025-04-16T14:41:35.725+0000][189.734s][info][gc,start       ] GC(138) Pause Young (Allocation Failure)
[2025-04-16T14:41:35.727+0000][189.736s][info][gc,heap        ] GC(138) DefNew: 9168K(10176K)->73K(10176K) Eden: 9088K(9088K)->0K(9088K) From: 80K(1088K)->73K(1088K)
[2025-04-16T14:41:35.727+0000][189.736s][info][gc,heap        ] GC(138) Tenured: 14328K(22484K)->14329K(22484K)
[2025-04-16T14:41:35.727+0000][189.736s][info][gc,metaspace   ] GC(138) Metaspace: 37226K(37632K)->37226K(37632K) NonClass: 32808K(33024K)->32808K(33024K) Class: 4418K(4608K)->4418K(4608K)
[2025-04-16T14:41:35.727+0000][189.736s][info][gc             ] GC(138) Pause Young (Allocation Failure) 22M->14M(31M) 1.512ms
[2025-04-16T14:41:35.727+0000][189.736s][info][gc,cpu         ] GC(138) User=0.01s Sys=0.00s Real=0.00s
[2025-04-16T14:41:37.216+0000][191.225s][info][gc,start       ] GC(139) Pause Young (Allocation Failure)
[2025-04-16T14:41:37.217+0000][191.226s][info][gc,heap        ] GC(139) DefNew: 9161K(10176K)->87K(10176K) Eden: 9088K(9088K)->0K(9088K) From: 73K(1088K)->87K(1088K)
[2025-04-16T14:41:37.217+0000][191.227s][info][gc,heap        ] GC(139) Tenured: 14329K(22484K)->14330K(22484K)
[2025-04-16T14:41:37.218+0000][191.227s][info][gc,metaspace   ] GC(139) Metaspace: 37226K(37632K)->37226K(37632K) NonClass: 32808K(33024K)->32808K(33024K) Class: 4418K(4608K)->4418K(4608K)
[2025-04-16T14:41:37.218+0000][191.227s][info][gc             ] GC(139) Pause Young (Allocation Failure) 22M->14M(31M) 1.482ms
[2025-04-16T14:41:37.218+0000][191.227s][info][gc,cpu         ] GC(139) User=0.00s Sys=0.00s Real=0.00s
[2025-04-16T14:41:38.743+0000][192.752s][info][gc,start       ] GC(140) Pause Young (Allocation Failure)
[2025-04-16T14:41:38.745+0000][192.754s][info][gc,heap        ] GC(140) DefNew: 9175K(10176K)->74K(10176K) Eden: 9088K(9088K)->0K(9088K) From: 87K(1088K)->74K(1088K)
[2025-04-16T14:41:38.745+0000][192.754s][info][gc,heap        ] GC(140) Tenured: 14330K(22484K)->14330K(22484K)
[2025-04-16T14:41:38.745+0000][192.754s][info][gc,metaspace   ] GC(140) Metaspace: 37226K(37632K)->37226K(37632K) NonClass: 32808K(33024K)->32808K(33024K) Class: 4418K(4608K)->4418K(4608K)
[2025-04-16T14:41:38.745+0000][192.754s][info][gc             ] GC(140) Pause Young (Allocation Failure) 22M->14M(31M) 1.426ms
[2025-04-16T14:41:38.745+0000][192.754s][info][gc,cpu         ] GC(140) User=0.00s Sys=0.00s Real=0.01s
[2025-04-16T14:41:40.409+0000][194.418s][info][gc,start       ] GC(141) Pause Young (Allocation Failure)
[2025-04-16T14:41:40.412+0000][194.421s][info][gc,heap        ] GC(141) DefNew: 9162K(10176K)->85K(10176K) Eden: 9088K(9088K)->0K(9088K) From: 74K(1088K)->85K(1088K)
[2025-04-16T14:41:40.412+0000][194.421s][info][gc,heap        ] GC(141) Tenured: 14330K(22484K)->14330K(22484K)
[2025-04-16T14:41:40.412+0000][194.421s][info][gc,metaspace   ] GC(141) Metaspace: 37226K(37632K)->37226K(37632K) NonClass: 32808K(33024K)->32808K(33024K) Class: 4418K(4608K)->4418K(4608K)
[2025-04-16T14:41:40.412+0000][194.421s][info][gc             ] GC(141) Pause Young (Allocation Failure) 22M->14M(31M) 2.429ms
[2025-04-16T14:41:40.412+0000][194.421s][info][gc,cpu         ] GC(141) User=0.00s Sys=0.00s Real=0.00s
[2025-04-16T14:41:42.043+0000][196.052s][info][gc,start       ] GC(142) Pause Young (Allocation Failure)
[2025-04-16T14:41:42.046+0000][196.055s][info][gc,heap        ] GC(142) DefNew: 9173K(10176K)->87K(10176K) Eden: 9087K(9088K)->0K(9088K) From: 85K(1088K)->87K(1088K)
[2025-04-16T14:41:42.046+0000][196.055s][info][gc,heap        ] GC(142) Tenured: 14330K(22484K)->14330K(22484K)
[2025-04-16T14:41:42.046+0000][196.055s][info][gc,metaspace   ] GC(142) Metaspace: 37231K(37632K)->37231K(37632K) NonClass: 32812K(33024K)->32812K(33024K) Class: 4418K(4608K)->4418K(4608K)
[2025-04-16T14:41:42.046+0000][196.055s][info][gc             ] GC(142) Pause Young (Allocation Failure) 22M->14M(31M) 2.424ms
[2025-04-16T14:41:42.046+0000][196.055s][info][gc,cpu         ] GC(142) User=0.00s Sys=0.00s Real=0.01s
[2025-04-16T14:41:43.632+0000][197.641s][info][gc,start       ] GC(143) Pause Young (Allocation Failure)
[2025-04-16T14:41:43.633+0000][197.643s][info][gc,heap        ] GC(143) DefNew: 9175K(10176K)->75K(10176K) Eden: 9088K(9088K)->0K(9088K) From: 87K(1088K)->75K(1088K)
[2025-04-16T14:41:43.634+0000][197.643s][info][gc,heap        ] GC(143) Tenured: 14330K(22484K)->14331K(22484K)
[2025-04-16T14:41:43.634+0000][197.643s][info][gc,metaspace   ] GC(143) Metaspace: 37231K(37632K)->37231K(37632K) NonClass: 32812K(33024K)->32812K(33024K) Class: 4418K(4608K)->4418K(4608K)
[2025-04-16T14:41:43.634+0000][197.643s][info][gc             ] GC(143) Pause Young (Allocation Failure) 22M->14M(31M) 1.467ms
[2025-04-16T14:41:43.634+0000][197.643s][info][gc,cpu         ] GC(143) User=0.00s Sys=0.00s Real=0.00s
[2025-04-16T14:41:45.477+0000][199.486s][info][gc,start       ] GC(144) Pause Young (Allocation Failure)
[2025-04-16T14:41:45.479+0000][199.488s][info][gc,heap        ] GC(144) DefNew: 9163K(10176K)->94K(10176K) Eden: 9088K(9088K)->0K(9088K) From: 75K(1088K)->94K(1088K)
[2025-04-16T14:41:45.479+0000][199.488s][info][gc,heap        ] GC(144) Tenured: 14331K(22484K)->14331K(22484K)
[2025-04-16T14:41:45.479+0000][199.488s][info][gc,metaspace   ] GC(144) Metaspace: 37231K(37632K)->37231K(37632K) NonClass: 32812K(33024K)->32812K(33024K) Class: 4418K(4608K)->4418K(4608K)
[2025-04-16T14:41:45.479+0000][199.488s][info][gc             ] GC(144) Pause Young (Allocation Failure) 22M->14M(31M) 1.584ms
[2025-04-16T14:41:45.479+0000][199.488s][info][gc,cpu         ] GC(144) User=0.01s Sys=0.00s Real=0.00s
[2025-04-16T14:41:47.112+0000][201.121s][info][gc,start       ] GC(145) Pause Young (Allocation Failure)
[2025-04-16T14:41:47.113+0000][201.122s][info][gc,heap        ] GC(145) DefNew: 9182K(10176K)->95K(10176K) Eden: 9088K(9088K)->0K(9088K) From: 94K(1088K)->95K(1088K)
[2025-04-16T14:41:47.113+0000][201.123s][info][gc,heap        ] GC(145) Tenured: 14331K(22484K)->14331K(22484K)
[2025-04-16T14:41:47.113+0000][201.123s][info][gc,metaspace   ] GC(145) Metaspace: 37231K(37632K)->37231K(37632K) NonClass: 32812K(33024K)->32812K(33024K) Class: 4418K(4608K)->4418K(4608K)
[2025-04-16T14:41:47.114+0000][201.123s][info][gc             ] GC(145) Pause Young (Allocation Failure) 22M->14M(31M) 1.569ms
[2025-04-16T14:41:47.114+0000][201.123s][info][gc,cpu         ] GC(145) User=0.00s Sys=0.00s Real=0.00s
[2025-04-16T14:41:48.588+0000][202.597s][info][gc,start       ] GC(146) Pause Young (Allocation Failure)
[2025-04-16T14:41:48.590+0000][202.599s][info][gc,heap        ] GC(146) DefNew: 9183K(10176K)->79K(10176K) Eden: 9088K(9088K)->0K(9088K) From: 95K(1088K)->79K(1088K)
[2025-04-16T14:41:48.590+0000][202.599s][info][gc,heap        ] GC(146) Tenured: 14331K(22484K)->14332K(22484K)
[2025-04-16T14:41:48.590+0000][202.599s][info][gc,metaspace   ] GC(146) Metaspace: 37232K(37632K)->37232K(37632K) NonClass: 32814K(33024K)->32814K(33024K) Class: 4418K(4608K)->4418K(4608K)
[2025-04-16T14:41:48.590+0000][202.599s][info][gc             ] GC(146) Pause Young (Allocation Failure) 22M->14M(31M) 1.477ms
[2025-04-16T14:41:48.590+0000][202.599s][info][gc,cpu         ] GC(146) User=0.00s Sys=0.00s Real=0.00s
[2025-04-16T14:41:50.048+0000][204.057s][info][gc,start       ] GC(147) Pause Young (Allocation Failure)
[2025-04-16T14:41:50.049+0000][204.058s][info][gc,heap        ] GC(147) DefNew: 9167K(10176K)->94K(10176K) Eden: 9088K(9088K)->0K(9088K) From: 79K(1088K)->94K(1088K)
[2025-04-16T14:41:50.049+0000][204.058s][info][gc,heap        ] GC(147) Tenured: 14332K(22484K)->14333K(22484K)
[2025-04-16T14:41:50.049+0000][204.059s][info][gc,metaspace   ] GC(147) Metaspace: 37232K(37632K)->37232K(37632K) NonClass: 32814K(33024K)->32814K(33024K) Class: 4418K(4608K)->4418K(4608K)
[2025-04-16T14:41:50.050+0000][204.059s][info][gc             ] GC(147) Pause Young (Allocation Failure) 22M->14M(31M) 1.430ms
[2025-04-16T14:41:50.050+0000][204.059s][info][gc,cpu         ] GC(147) User=0.00s Sys=0.00s Real=0.00s
[2025-04-16T14:41:51.708+0000][205.717s][info][gc,start       ] GC(148) Pause Young (Allocation Failure)
[2025-04-16T14:41:51.710+0000][205.719s][info][gc,heap        ] GC(148) DefNew: 9182K(10176K)->87K(10176K) Eden: 9088K(9088K)->0K(9088K) From: 94K(1088K)->87K(1088K)
[2025-04-16T14:41:51.710+0000][205.719s][info][gc,heap        ] GC(148) Tenured: 14333K(22484K)->14333K(22484K)
[2025-04-16T14:41:51.710+0000][205.719s][info][gc,metaspace   ] GC(148) Metaspace: 37235K(37632K)->37235K(37632K) NonClass: 32816K(33024K)->32816K(33024K) Class: 4418K(4608K)->4418K(4608K)
[2025-04-16T14:41:51.710+0000][205.719s][info][gc             ] GC(148) Pause Young (Allocation Failure) 22M->14M(31M) 1.474ms
[2025-04-16T14:41:51.710+0000][205.719s][info][gc,cpu         ] GC(148) User=0.01s Sys=0.00s Real=0.00s
[2025-04-16T14:41:53.395+0000][207.404s][info][gc,start       ] GC(149) Pause Young (Allocation Failure)
[2025-04-16T14:41:53.397+0000][207.406s][info][gc,heap        ] GC(149) DefNew: 9175K(10176K)->90K(10176K) Eden: 9088K(9088K)->0K(9088K) From: 87K(1088K)->90K(1088K)
[2025-04-16T14:41:53.397+0000][207.406s][info][gc,heap        ] GC(149) Tenured: 14333K(22484K)->14333K(22484K)
[2025-04-16T14:41:53.397+0000][207.406s][info][gc,metaspace   ] GC(149) Metaspace: 37235K(37632K)->37235K(37632K) NonClass: 32816K(33024K)->32816K(33024K) Class: 4418K(4608K)->4418K(4608K)
[2025-04-16T14:41:53.397+0000][207.406s][info][gc             ] GC(149) Pause Young (Allocation Failure) 22M->14M(31M) 1.606ms
[2025-04-16T14:41:53.397+0000][207.406s][info][gc,cpu         ] GC(149) User=0.01s Sys=0.00s Real=0.00s
[2025-04-16T14:41:54.803+0000][208.812s][info][gc,start       ] GC(150) Pause Young (Allocation Failure)
[2025-04-16T14:41:54.805+0000][208.814s][info][gc,heap        ] GC(150) DefNew: 9171K(10176K)->83K(10176K) Eden: 9080K(9088K)->0K(9088K) From: 90K(1088K)->83K(1088K)
[2025-04-16T14:41:54.805+0000][208.814s][info][gc,heap        ] GC(150) Tenured: 14333K(22484K)->14333K(22484K)
[2025-04-16T14:41:54.805+0000][208.814s][info][gc,metaspace   ] GC(150) Metaspace: 37240K(37632K)->37240K(37632K) NonClass: 32821K(33024K)->32821K(33024K) Class: 4418K(4608K)->4418K(4608K)
[2025-04-16T14:41:54.805+0000][208.814s][info][gc             ] GC(150) Pause Young (Allocation Failure) 22M->14M(31M) 1.474ms
[2025-04-16T14:41:54.805+0000][208.814s][info][gc,cpu         ] GC(150) User=0.00s Sys=0.00s Real=0.01s
[2025-04-16T14:41:56.175+0000][210.184s][info][gc,start       ] GC(151) Pause Young (Allocation Failure)
[2025-04-16T14:41:56.177+0000][210.186s][info][gc,heap        ] GC(151) DefNew: 9171K(10176K)->76K(10176K) Eden: 9088K(9088K)->0K(9088K) From: 83K(1088K)->76K(1088K)
[2025-04-16T14:41:56.177+0000][210.186s][info][gc,heap        ] GC(151) Tenured: 14333K(22484K)->14333K(22484K)
[2025-04-16T14:41:56.177+0000][210.186s][info][gc,metaspace   ] GC(151) Metaspace: 37242K(37632K)->37242K(37632K) NonClass: 32824K(33024K)->32824K(33024K) Class: 4418K(4608K)->4418K(4608K)
[2025-04-16T14:41:56.177+0000][210.186s][info][gc             ] GC(151) Pause Young (Allocation Failure) 22M->14M(31M) 1.497ms
[2025-04-16T14:41:56.177+0000][210.186s][info][gc,cpu         ] GC(151) User=0.00s Sys=0.00s Real=0.00s
[2025-04-16T14:41:57.815+0000][211.824s][info][gc,start       ] GC(152) Pause Young (Allocation Failure)
[2025-04-16T14:41:57.817+0000][211.826s][info][gc,heap        ] GC(152) DefNew: 9164K(10176K)->92K(10176K) Eden: 9088K(9088K)->0K(9088K) From: 76K(1088K)->92K(1088K)
[2025-04-16T14:41:57.817+0000][211.826s][info][gc,heap        ] GC(152) Tenured: 14333K(22484K)->14333K(22484K)
[2025-04-16T14:41:57.817+0000][211.826s][info][gc,metaspace   ] GC(152) Metaspace: 37242K(37632K)->37242K(37632K) NonClass: 32824K(33024K)->32824K(33024K) Class: 4418K(4608K)->4418K(4608K)
[2025-04-16T14:41:57.817+0000][211.826s][info][gc             ] GC(152) Pause Young (Allocation Failure) 22M->14M(31M) 1.510ms
[2025-04-16T14:41:57.817+0000][211.826s][info][gc,cpu         ] GC(152) User=0.00s Sys=0.00s Real=0.00s
[2025-04-16T14:41:59.493+0000][213.502s][info][gc,start       ] GC(153) Pause Young (Allocation Failure)
[2025-04-16T14:41:59.494+0000][213.504s][info][gc,heap        ] GC(153) DefNew: 9180K(10176K)->79K(10176K) Eden: 9088K(9088K)->0K(9088K) From: 92K(1088K)->79K(1088K)
[2025-04-16T14:41:59.495+0000][213.504s][info][gc,heap        ] GC(153) Tenured: 14333K(22484K)->14334K(22484K)
[2025-04-16T14:41:59.495+0000][213.504s][info][gc,metaspace   ] GC(153) Metaspace: 37242K(37632K)->37242K(37632K) NonClass: 32824K(33024K)->32824K(33024K) Class: 4418K(4608K)->4418K(4608K)
[2025-04-16T14:41:59.495+0000][213.504s][info][gc             ] GC(153) Pause Young (Allocation Failure) 22M->14M(31M) 1.513ms
[2025-04-16T14:41:59.495+0000][213.504s][info][gc,cpu         ] GC(153) User=0.00s Sys=0.00s Real=0.01s
[2025-04-16T14:42:01.170+0000][215.180s][info][gc,start       ] GC(154) Pause Young (Allocation Failure)
[2025-04-16T14:42:01.172+0000][215.181s][info][gc,heap        ] GC(154) DefNew: 9167K(10176K)->101K(10176K) Eden: 9088K(9088K)->0K(9088K) From: 79K(1088K)->101K(1088K)
[2025-04-16T14:42:01.172+0000][215.181s][info][gc,heap        ] GC(154) Tenured: 14334K(22484K)->14334K(22484K)
[2025-04-16T14:42:01.172+0000][215.181s][info][gc,metaspace   ] GC(154) Metaspace: 37242K(37632K)->37242K(37632K) NonClass: 32824K(33024K)->32824K(33024K) Class: 4418K(4608K)->4418K(4608K)
[2025-04-16T14:42:01.172+0000][215.181s][info][gc             ] GC(154) Pause Young (Allocation Failure) 22M->14M(31M) 1.574ms
[2025-04-16T14:42:01.172+0000][215.181s][info][gc,cpu         ] GC(154) User=0.00s Sys=0.00s Real=0.00s
[2025-04-16T14:42:02.705+0000][216.714s][info][gc,start       ] GC(155) Pause Young (Allocation Failure)
[2025-04-16T14:42:02.706+0000][216.715s][info][gc,heap        ] GC(155) DefNew: 9189K(10176K)->76K(10176K) Eden: 9088K(9088K)->0K(9088K) From: 101K(1088K)->76K(1088K)
[2025-04-16T14:42:02.706+0000][216.715s][info][gc,heap        ] GC(155) Tenured: 14334K(22484K)->14334K(22484K)
[2025-04-16T14:42:02.706+0000][216.715s][info][gc,metaspace   ] GC(155) Metaspace: 37242K(37632K)->37242K(37632K) NonClass: 32824K(33024K)->32824K(33024K) Class: 4418K(4608K)->4418K(4608K)
[2025-04-16T14:42:02.706+0000][216.715s][info][gc             ] GC(155) Pause Young (Allocation Failure) 22M->14M(31M) 1.584ms
[2025-04-16T14:42:02.706+0000][216.715s][info][gc,cpu         ] GC(155) User=0.01s Sys=0.00s Real=0.00s
[2025-04-16T14:42:04.135+0000][218.144s][info][gc,start       ] GC(156) Pause Young (Allocation Failure)
[2025-04-16T14:42:04.137+0000][218.146s][info][gc,heap        ] GC(156) DefNew: 9164K(10176K)->76K(10176K) Eden: 9088K(9088K)->0K(9088K) From: 76K(1088K)->76K(1088K)
[2025-04-16T14:42:04.137+0000][218.146s][info][gc,heap        ] GC(156) Tenured: 14334K(22484K)->14334K(22484K)
[2025-04-16T14:42:04.137+0000][218.146s][info][gc,metaspace   ] GC(156) Metaspace: 37242K(37632K)->37242K(37632K) NonClass: 32824K(33024K)->32824K(33024K) Class: 4418K(4608K)->4418K(4608K)
[2025-04-16T14:42:04.137+0000][218.146s][info][gc             ] GC(156) Pause Young (Allocation Failure) 22M->14M(31M) 1.432ms
[2025-04-16T14:42:04.137+0000][218.146s][info][gc,cpu         ] GC(156) User=0.00s Sys=0.00s Real=0.00s
[2025-04-16T14:42:05.682+0000][219.691s][info][gc,start       ] GC(157) Pause Young (Allocation Failure)
[2025-04-16T14:42:05.684+0000][219.693s][info][gc,heap        ] GC(157) DefNew: 9164K(10176K)->92K(10176K) Eden: 9088K(9088K)->0K(9088K) From: 76K(1088K)->92K(1088K)
[2025-04-16T14:42:05.684+0000][219.693s][info][gc,heap        ] GC(157) Tenured: 14334K(22484K)->14334K(22484K)
[2025-04-16T14:42:05.684+0000][219.693s][info][gc,metaspace   ] GC(157) Metaspace: 37242K(37632K)->37242K(37632K) NonClass: 32824K(33024K)->32824K(33024K) Class: 4418K(4608K)->4418K(4608K)
[2025-04-16T14:42:05.684+0000][219.693s][info][gc             ] GC(157) Pause Young (Allocation Failure) 22M->14M(31M) 1.613ms
[2025-04-16T14:42:05.684+0000][219.693s][info][gc,cpu         ] GC(157) User=0.00s Sys=0.00s Real=0.00s
[2025-04-16T14:42:07.141+0000][221.150s][info][gc,start       ] GC(158) Pause Young (Allocation Failure)
[2025-04-16T14:42:07.142+0000][221.151s][info][gc,heap        ] GC(158) DefNew: 9180K(10176K)->89K(10176K) Eden: 9088K(9088K)->0K(9088K) From: 92K(1088K)->89K(1088K)
[2025-04-16T14:42:07.142+0000][221.151s][info][gc,heap        ] GC(158) Tenured: 14334K(22484K)->14334K(22484K)
[2025-04-16T14:42:07.142+0000][221.151s][info][gc,metaspace   ] GC(158) Metaspace: 37242K(37632K)->37242K(37632K) NonClass: 32824K(33024K)->32824K(33024K) Class: 4418K(4608K)->4418K(4608K)
[2025-04-16T14:42:07.142+0000][221.151s][info][gc             ] GC(158) Pause Young (Allocation Failure) 22M->14M(31M) 1.553ms
[2025-04-16T14:42:07.142+0000][221.151s][info][gc,cpu         ] GC(158) User=0.01s Sys=0.00s Real=0.00s
[2025-04-16T14:42:08.983+0000][222.992s][info][gc,start       ] GC(159) Pause Young (Allocation Failure)
[2025-04-16T14:42:08.984+0000][222.993s][info][gc,heap        ] GC(159) DefNew: 9177K(10176K)->74K(10176K) Eden: 9087K(9088K)->0K(9088K) From: 89K(1088K)->74K(1088K)
[2025-04-16T14:42:08.984+0000][222.993s][info][gc,heap        ] GC(159) Tenured: 14334K(22484K)->14335K(22484K)
[2025-04-16T14:42:08.984+0000][222.993s][info][gc,metaspace   ] GC(159) Metaspace: 37242K(37632K)->37242K(37632K) NonClass: 32824K(33024K)->32824K(33024K) Class: 4418K(4608K)->4418K(4608K)
[2025-04-16T14:42:08.984+0000][222.993s][info][gc             ] GC(159) Pause Young (Allocation Failure) 22M->14M(31M) 1.449ms
[2025-04-16T14:42:08.984+0000][222.993s][info][gc,cpu         ] GC(159) User=0.00s Sys=0.00s Real=0.01s
[2025-04-16T14:42:10.595+0000][224.604s][info][gc,start       ] GC(160) Pause Young (Allocation Failure)
[2025-04-16T14:42:10.596+0000][224.605s][info][gc,heap        ] GC(160) DefNew: 9162K(10176K)->81K(10176K) Eden: 9088K(9088K)->0K(9088K) From: 74K(1088K)->81K(1088K)
[2025-04-16T14:42:10.596+0000][224.605s][info][gc,heap        ] GC(160) Tenured: 14335K(22484K)->14337K(22484K)
[2025-04-16T14:42:10.596+0000][224.605s][info][gc,metaspace   ] GC(160) Metaspace: 37242K(37632K)->37242K(37632K) NonClass: 32824K(33024K)->32824K(33024K) Class: 4418K(4608K)->4418K(4608K)
[2025-04-16T14:42:10.596+0000][224.605s][info][gc             ] GC(160) Pause Young (Allocation Failure) 22M->14M(31M) 1.527ms
[2025-04-16T14:42:10.596+0000][224.605s][info][gc,cpu         ] GC(160) User=0.00s Sys=0.00s Real=0.00s
[2025-04-16T14:42:12.108+0000][226.117s][info][gc,start       ] GC(161) Pause Young (Allocation Failure)
[2025-04-16T14:42:12.109+0000][226.118s][info][gc,heap        ] GC(161) DefNew: 9169K(10176K)->76K(10176K) Eden: 9088K(9088K)->0K(9088K) From: 81K(1088K)->76K(1088K)
[2025-04-16T14:42:12.109+0000][226.119s][info][gc,heap        ] GC(161) Tenured: 14337K(22484K)->14337K(22484K)
[2025-04-16T14:42:12.110+0000][226.119s][info][gc,metaspace   ] GC(161) Metaspace: 37242K(37632K)->37242K(37632K) NonClass: 32824K(33024K)->32824K(33024K) Class: 4418K(4608K)->4418K(4608K)
[2025-04-16T14:42:12.110+0000][226.119s][info][gc             ] GC(161) Pause Young (Allocation Failure) 22M->14M(31M) 1.346ms
[2025-04-16T14:42:12.110+0000][226.119s][info][gc,cpu         ] GC(161) User=0.00s Sys=0.00s Real=0.00s
[2025-04-16T14:42:13.526+0000][227.535s][info][gc,start       ] GC(162) Pause Young (Allocation Failure)
[2025-04-16T14:42:13.527+0000][227.536s][info][gc,heap        ] GC(162) DefNew: 9164K(10176K)->92K(10176K) Eden: 9088K(9088K)->0K(9088K) From: 76K(1088K)->92K(1088K)
[2025-04-16T14:42:13.527+0000][227.536s][info][gc,heap        ] GC(162) Tenured: 14337K(22484K)->14337K(22484K)
[2025-04-16T14:42:13.527+0000][227.536s][info][gc,metaspace   ] GC(162) Metaspace: 37246K(37632K)->37246K(37632K) NonClass: 32828K(33024K)->32828K(33024K) Class: 4418K(4608K)->4418K(4608K)
[2025-04-16T14:42:13.527+0000][227.536s][info][gc             ] GC(162) Pause Young (Allocation Failure) 22M->14M(31M) 1.331ms
[2025-04-16T14:42:13.527+0000][227.536s][info][gc,cpu         ] GC(162) User=0.00s Sys=0.00s Real=0.00s
[2025-04-16T14:42:15.318+0000][229.327s][info][gc,start       ] GC(163) Pause Young (Allocation Failure)
[2025-04-16T14:42:15.319+0000][229.328s][info][gc,heap        ] GC(163) DefNew: 9176K(10176K)->83K(10176K) Eden: 9083K(9088K)->0K(9088K) From: 92K(1088K)->83K(1088K)
[2025-04-16T14:42:15.319+0000][229.328s][info][gc,heap        ] GC(163) Tenured: 14337K(22484K)->14337K(22484K)
[2025-04-16T14:42:15.319+0000][229.328s][info][gc,metaspace   ] GC(163) Metaspace: 37246K(37632K)->37246K(37632K) NonClass: 32828K(33024K)->32828K(33024K) Class: 4418K(4608K)->4418K(4608K)
[2025-04-16T14:42:15.319+0000][229.328s][info][gc             ] GC(163) Pause Young (Allocation Failure) 22M->14M(31M) 1.367ms
[2025-04-16T14:42:15.319+0000][229.328s][info][gc,cpu         ] GC(163) User=0.00s Sys=0.00s Real=0.00s
[2025-04-16T14:42:16.821+0000][230.830s][info][gc,start       ] GC(164) Pause Young (Allocation Failure)
[2025-04-16T14:42:16.823+0000][230.832s][info][gc,heap        ] GC(164) DefNew: 9171K(10176K)->76K(10176K) Eden: 9088K(9088K)->0K(9088K) From: 83K(1088K)->76K(1088K)
[2025-04-16T14:42:16.823+0000][230.832s][info][gc,heap        ] GC(164) Tenured: 14337K(22484K)->14337K(22484K)
[2025-04-16T14:42:16.823+0000][230.832s][info][gc,metaspace   ] GC(164) Metaspace: 37246K(37632K)->37246K(37632K) NonClass: 32828K(33024K)->32828K(33024K) Class: 4418K(4608K)->4418K(4608K)
[2025-04-16T14:42:16.823+0000][230.832s][info][gc             ] GC(164) Pause Young (Allocation Failure) 22M->14M(31M) 1.512ms
[2025-04-16T14:42:16.823+0000][230.832s][info][gc,cpu         ] GC(164) User=0.00s Sys=0.00s Real=0.00s
[2025-04-16T14:42:18.597+0000][232.606s][info][gc,start       ] GC(165) Pause Young (Allocation Failure)
[2025-04-16T14:42:18.598+0000][232.607s][info][gc,heap        ] GC(165) DefNew: 9164K(10176K)->107K(10176K) Eden: 9088K(9088K)->0K(9088K) From: 76K(1088K)->107K(1088K)
[2025-04-16T14:42:18.598+0000][232.607s][info][gc,heap        ] GC(165) Tenured: 14337K(22484K)->14337K(22484K)
[2025-04-16T14:42:18.598+0000][232.607s][info][gc,metaspace   ] GC(165) Metaspace: 37247K(37632K)->37247K(37632K) NonClass: 32829K(33024K)->32829K(33024K) Class: 4418K(4608K)->4418K(4608K)
[2025-04-16T14:42:18.598+0000][232.607s][info][gc             ] GC(165) Pause Young (Allocation Failure) 22M->14M(31M) 1.510ms
[2025-04-16T14:42:18.598+0000][232.607s][info][gc,cpu         ] GC(165) User=0.00s Sys=0.00s Real=0.00s
[2025-04-16T14:42:20.229+0000][234.238s][info][gc,start       ] GC(166) Pause Young (Allocation Failure)
[2025-04-16T14:42:20.230+0000][234.239s][info][gc,heap        ] GC(166) DefNew: 9195K(10176K)->78K(10176K) Eden: 9088K(9088K)->0K(9088K) From: 107K(1088K)->78K(1088K)
[2025-04-16T14:42:20.230+0000][234.239s][info][gc,heap        ] GC(166) Tenured: 14337K(22484K)->14337K(22484K)
[2025-04-16T14:42:20.230+0000][234.239s][info][gc,metaspace   ] GC(166) Metaspace: 37247K(37632K)->37247K(37632K) NonClass: 32829K(33024K)->32829K(33024K) Class: 4418K(4608K)->4418K(4608K)
[2025-04-16T14:42:20.230+0000][234.239s][info][gc             ] GC(166) Pause Young (Allocation Failure) 22M->14M(31M) 1.513ms
[2025-04-16T14:42:20.230+0000][234.240s][info][gc,cpu         ] GC(166) User=0.00s Sys=0.00s Real=0.00s
[2025-04-16T14:42:21.636+0000][235.645s][info][gc,start       ] GC(167) Pause Young (Allocation Failure)
[2025-04-16T14:42:21.638+0000][235.647s][info][gc,heap        ] GC(167) DefNew: 9166K(10176K)->78K(10176K) Eden: 9088K(9088K)->0K(9088K) From: 78K(1088K)->78K(1088K)
[2025-04-16T14:42:21.638+0000][235.647s][info][gc,heap        ] GC(167) Tenured: 14337K(22484K)->14337K(22484K)
[2025-04-16T14:42:21.638+0000][235.647s][info][gc,metaspace   ] GC(167) Metaspace: 37247K(37632K)->37247K(37632K) NonClass: 32829K(33024K)->32829K(33024K) Class: 4418K(4608K)->4418K(4608K)
[2025-04-16T14:42:21.638+0000][235.647s][info][gc             ] GC(167) Pause Young (Allocation Failure) 22M->14M(31M) 1.430ms
[2025-04-16T14:42:21.638+0000][235.647s][info][gc,cpu         ] GC(167) User=0.00s Sys=0.00s Real=0.00s
[2025-04-16T14:42:23.298+0000][237.307s][info][gc,start       ] GC(168) Pause Young (Allocation Failure)
[2025-04-16T14:42:23.299+0000][237.308s][info][gc,heap        ] GC(168) DefNew: 9166K(10176K)->96K(10176K) Eden: 9088K(9088K)->0K(9088K) From: 78K(1088K)->96K(1088K)
[2025-04-16T14:42:23.299+0000][237.308s][info][gc,heap        ] GC(168) Tenured: 14337K(22484K)->14338K(22484K)
[2025-04-16T14:42:23.299+0000][237.308s][info][gc,metaspace   ] GC(168) Metaspace: 37247K(37632K)->37247K(37632K) NonClass: 32829K(33024K)->32829K(33024K) Class: 4418K(4608K)->4418K(4608K)
[2025-04-16T14:42:23.299+0000][237.308s][info][gc             ] GC(168) Pause Young (Allocation Failure) 22M->14M(31M) 1.454ms
[2025-04-16T14:42:23.299+0000][237.308s][info][gc,cpu         ] GC(168) User=0.00s Sys=0.00s Real=0.00s
[2025-04-16T14:42:25.031+0000][239.040s][info][gc,start       ] GC(169) Pause Young (Allocation Failure)
[2025-04-16T14:42:25.032+0000][239.041s][info][gc,heap        ] GC(169) DefNew: 9184K(10176K)->102K(10176K) Eden: 9088K(9088K)->0K(9088K) From: 96K(1088K)->102K(1088K)
[2025-04-16T14:42:25.032+0000][239.041s][info][gc,heap        ] GC(169) Tenured: 14338K(22484K)->14338K(22484K)
[2025-04-16T14:42:25.032+0000][239.041s][info][gc,metaspace   ] GC(169) Metaspace: 37247K(37632K)->37247K(37632K) NonClass: 32829K(33024K)->32829K(33024K) Class: 4418K(4608K)->4418K(4608K)
[2025-04-16T14:42:25.032+0000][239.041s][info][gc             ] GC(169) Pause Young (Allocation Failure) 22M->14M(31M) 1.661ms
[2025-04-16T14:42:25.032+0000][239.041s][info][gc,cpu         ] GC(169) User=0.00s Sys=0.00s Real=0.00s
[2025-04-16T14:42:26.694+0000][240.703s][info][gc,start       ] GC(170) Pause Young (Allocation Failure)
[2025-04-16T14:42:26.696+0000][240.705s][info][gc,heap        ] GC(170) DefNew: 9190K(10176K)->86K(10176K) Eden: 9088K(9088K)->0K(9088K) From: 102K(1088K)->86K(1088K)
[2025-04-16T14:42:26.696+0000][240.705s][info][gc,heap        ] GC(170) Tenured: 14338K(22484K)->14338K(22484K)
[2025-04-16T14:42:26.696+0000][240.705s][info][gc,metaspace   ] GC(170) Metaspace: 37248K(37632K)->37248K(37632K) NonClass: 32830K(33024K)->32830K(33024K) Class: 4418K(4608K)->4418K(4608K)
[2025-04-16T14:42:26.696+0000][240.705s][info][gc             ] GC(170) Pause Young (Allocation Failure) 22M->14M(31M) 1.460ms
[2025-04-16T14:42:26.696+0000][240.705s][info][gc,cpu         ] GC(170) User=0.00s Sys=0.00s Real=0.00s
[2025-04-16T14:42:28.182+0000][242.191s][info][gc,start       ] GC(171) Pause Young (Allocation Failure)
[2025-04-16T14:42:28.183+0000][242.192s][info][gc,heap        ] GC(171) DefNew: 9174K(10176K)->95K(10176K) Eden: 9087K(9088K)->0K(9088K) From: 86K(1088K)->95K(1088K)
[2025-04-16T14:42:28.183+0000][242.192s][info][gc,heap        ] GC(171) Tenured: 14338K(22484K)->14338K(22484K)
[2025-04-16T14:42:28.183+0000][242.192s][info][gc,metaspace   ] GC(171) Metaspace: 37248K(37632K)->37248K(37632K) NonClass: 32830K(33024K)->32830K(33024K) Class: 4418K(4608K)->4418K(4608K)
[2025-04-16T14:42:28.183+0000][242.192s][info][gc             ] GC(171) Pause Young (Allocation Failure) 22M->14M(31M) 1.646ms
[2025-04-16T14:42:28.183+0000][242.192s][info][gc,cpu         ] GC(171) User=0.00s Sys=0.00s Real=0.00s
[2025-04-16T14:42:29.870+0000][243.879s][info][gc,start       ] GC(172) Pause Young (Allocation Failure)
[2025-04-16T14:42:29.871+0000][243.880s][info][gc,heap        ] GC(172) DefNew: 9182K(10176K)->83K(10176K) Eden: 9087K(9088K)->0K(9088K) From: 95K(1088K)->83K(1088K)
[2025-04-16T14:42:29.871+0000][243.881s][info][gc,heap        ] GC(172) Tenured: 14338K(22484K)->14338K(22484K)
[2025-04-16T14:42:29.871+0000][243.881s][info][gc,metaspace   ] GC(172) Metaspace: 37264K(37632K)->37264K(37632K) NonClass: 32846K(33024K)->32846K(33024K) Class: 4418K(4608K)->4418K(4608K)
[2025-04-16T14:42:29.872+0000][243.881s][info][gc             ] GC(172) Pause Young (Allocation Failure) 22M->14M(31M) 1.502ms
[2025-04-16T14:42:29.872+0000][243.881s][info][gc,cpu         ] GC(172) User=0.00s Sys=0.00s Real=0.00s
[2025-04-16T14:42:31.624+0000][245.633s][info][gc,start       ] GC(173) Pause Young (Allocation Failure)
[2025-04-16T14:42:31.625+0000][245.634s][info][gc,heap        ] GC(173) DefNew: 9171K(10176K)->78K(10176K) Eden: 9088K(9088K)->0K(9088K) From: 83K(1088K)->78K(1088K)
[2025-04-16T14:42:31.625+0000][245.634s][info][gc,heap        ] GC(173) Tenured: 14338K(22484K)->14338K(22484K)
[2025-04-16T14:42:31.625+0000][245.634s][info][gc,metaspace   ] GC(173) Metaspace: 37264K(37632K)->37264K(37632K) NonClass: 32846K(33024K)->32846K(33024K) Class: 4418K(4608K)->4418K(4608K)
[2025-04-16T14:42:31.625+0000][245.634s][info][gc             ] GC(173) Pause Young (Allocation Failure) 22M->14M(31M) 1.550ms
[2025-04-16T14:42:31.625+0000][245.634s][info][gc,cpu         ] GC(173) User=0.01s Sys=0.00s Real=0.01s
[2025-04-16T14:42:33.045+0000][247.054s][info][gc,start       ] GC(174) Pause Young (Allocation Failure)
[2025-04-16T14:42:33.046+0000][247.055s][info][gc,heap        ] GC(174) DefNew: 9166K(10176K)->81K(10176K) Eden: 9088K(9088K)->0K(9088K) From: 78K(1088K)->81K(1088K)
[2025-04-16T14:42:33.046+0000][247.055s][info][gc,heap        ] GC(174) Tenured: 14338K(22484K)->14338K(22484K)
[2025-04-16T14:42:33.046+0000][247.055s][info][gc,metaspace   ] GC(174) Metaspace: 37264K(37632K)->37264K(37632K) NonClass: 32846K(33024K)->32846K(33024K) Class: 4418K(4608K)->4418K(4608K)
[2025-04-16T14:42:33.046+0000][247.055s][info][gc             ] GC(174) Pause Young (Allocation Failure) 22M->14M(31M) 1.543ms
[2025-04-16T14:42:33.046+0000][247.055s][info][gc,cpu         ] GC(174) User=0.00s Sys=0.00s Real=0.00s
[2025-04-16T14:42:34.506+0000][248.515s][info][gc,start       ] GC(175) Pause Young (Allocation Failure)
[2025-04-16T14:42:34.508+0000][248.517s][info][gc,heap        ] GC(175) DefNew: 9169K(10176K)->82K(10176K) Eden: 9087K(9088K)->0K(9088K) From: 81K(1088K)->82K(1088K)
[2025-04-16T14:42:34.508+0000][248.517s][info][gc,heap        ] GC(175) Tenured: 14338K(22484K)->14341K(22484K)
[2025-04-16T14:42:34.508+0000][248.517s][info][gc,metaspace   ] GC(175) Metaspace: 37267K(37632K)->37267K(37632K) NonClass: 32848K(33024K)->32848K(33024K) Class: 4418K(4608K)->4418K(4608K)
[2025-04-16T14:42:34.508+0000][248.517s][info][gc             ] GC(175) Pause Young (Allocation Failure) 22M->14M(31M) 1.597ms
[2025-04-16T14:42:34.508+0000][248.517s][info][gc,cpu         ] GC(175) User=0.00s Sys=0.00s Real=0.00s
[2025-04-16T14:42:36.133+0000][250.142s][info][gc,start       ] GC(176) Pause Young (Allocation Failure)
[2025-04-16T14:42:36.135+0000][250.144s][info][gc,heap        ] GC(176) DefNew: 9170K(10176K)->101K(10176K) Eden: 9088K(9088K)->0K(9088K) From: 82K(1088K)->101K(1088K)
[2025-04-16T14:42:36.135+0000][250.144s][info][gc,heap        ] GC(176) Tenured: 14341K(22484K)->14341K(22484K)
[2025-04-16T14:42:36.135+0000][250.144s][info][gc,metaspace   ] GC(176) Metaspace: 37267K(37632K)->37267K(37632K) NonClass: 32848K(33024K)->32848K(33024K) Class: 4418K(4608K)->4418K(4608K)
[2025-04-16T14:42:36.135+0000][250.144s][info][gc             ] GC(176) Pause Young (Allocation Failure) 22M->14M(31M) 1.569ms
[2025-04-16T14:42:36.135+0000][250.144s][info][gc,cpu         ] GC(176) User=0.00s Sys=0.00s Real=0.01s
[2025-04-16T14:42:37.634+0000][251.643s][info][gc,start       ] GC(177) Pause Young (Allocation Failure)
[2025-04-16T14:42:37.635+0000][251.644s][info][gc,heap        ] GC(177) DefNew: 9189K(10176K)->94K(10176K) Eden: 9088K(9088K)->0K(9088K) From: 101K(1088K)->94K(1088K)
[2025-04-16T14:42:37.635+0000][251.644s][info][gc,heap        ] GC(177) Tenured: 14341K(22484K)->14341K(22484K)
[2025-04-16T14:42:37.635+0000][251.644s][info][gc,metaspace   ] GC(177) Metaspace: 37267K(37632K)->37267K(37632K) NonClass: 32848K(33024K)->32848K(33024K) Class: 4418K(4608K)->4418K(4608K)
[2025-04-16T14:42:37.635+0000][251.644s][info][gc             ] GC(177) Pause Young (Allocation Failure) 22M->14M(31M) 1.463ms
[2025-04-16T14:42:37.635+0000][251.644s][info][gc,cpu         ] GC(177) User=0.01s Sys=0.00s Real=0.01s
[2025-04-16T14:42:39.382+0000][253.391s][info][gc,start       ] GC(178) Pause Young (Allocation Failure)
[2025-04-16T14:42:39.383+0000][253.392s][info][gc,heap        ] GC(178) DefNew: 9182K(10176K)->94K(10176K) Eden: 9088K(9088K)->0K(9088K) From: 94K(1088K)->94K(1088K)
[2025-04-16T14:42:39.383+0000][253.392s][info][gc,heap        ] GC(178) Tenured: 14341K(22484K)->14341K(22484K)
[2025-04-16T14:42:39.383+0000][253.392s][info][gc,metaspace   ] GC(178) Metaspace: 37267K(37632K)->37267K(37632K) NonClass: 32848K(33024K)->32848K(33024K) Class: 4418K(4608K)->4418K(4608K)
[2025-04-16T14:42:39.383+0000][253.392s][info][gc             ] GC(178) Pause Young (Allocation Failure) 22M->14M(31M) 1.425ms
[2025-04-16T14:42:39.383+0000][253.392s][info][gc,cpu         ] GC(178) User=0.00s Sys=0.00s Real=0.00s
[2025-04-16T14:42:41.018+0000][255.027s][info][gc,start       ] GC(179) Pause Young (Allocation Failure)
[2025-04-16T14:42:41.020+0000][255.029s][info][gc,heap        ] GC(179) DefNew: 9182K(10176K)->80K(10176K) Eden: 9088K(9088K)->0K(9088K) From: 94K(1088K)->80K(1088K)
[2025-04-16T14:42:41.020+0000][255.029s][info][gc,heap        ] GC(179) Tenured: 14341K(22484K)->14341K(22484K)
[2025-04-16T14:42:41.020+0000][255.029s][info][gc,metaspace   ] GC(179) Metaspace: 37267K(37632K)->37267K(37632K) NonClass: 32849K(33024K)->32849K(33024K) Class: 4418K(4608K)->4418K(4608K)
[2025-04-16T14:42:41.020+0000][255.029s][info][gc             ] GC(179) Pause Young (Allocation Failure) 22M->14M(31M) 1.450ms
[2025-04-16T14:42:41.020+0000][255.029s][info][gc,cpu         ] GC(179) User=0.00s Sys=0.00s Real=0.00s
[2025-04-16T14:42:42.602+0000][256.611s][info][gc,start       ] GC(180) Pause Young (Allocation Failure)
[2025-04-16T14:42:42.604+0000][256.613s][info][gc,heap        ] GC(180) DefNew: 9165K(10176K)->83K(10176K) Eden: 9085K(9088K)->0K(9088K) From: 80K(1088K)->83K(1088K)
[2025-04-16T14:42:42.604+0000][256.613s][info][gc,heap        ] GC(180) Tenured: 14341K(22484K)->14342K(22484K)
[2025-04-16T14:42:42.604+0000][256.613s][info][gc,metaspace   ] GC(180) Metaspace: 37267K(37632K)->37267K(37632K) NonClass: 32849K(33024K)->32849K(33024K) Class: 4418K(4608K)->4418K(4608K)
[2025-04-16T14:42:42.604+0000][256.613s][info][gc             ] GC(180) Pause Young (Allocation Failure) 22M->14M(31M) 1.562ms
[2025-04-16T14:42:42.604+0000][256.613s][info][gc,cpu         ] GC(180) User=0.01s Sys=0.00s Real=0.00s
[2025-04-16T14:42:44.228+0000][258.237s][info][gc,start       ] GC(181) Pause Young (Allocation Failure)
[2025-04-16T14:42:44.229+0000][258.238s][info][gc,heap        ] GC(181) DefNew: 9171K(10176K)->103K(10176K) Eden: 9088K(9088K)->0K(9088K) From: 83K(1088K)->103K(1088K)
[2025-04-16T14:42:44.229+0000][258.238s][info][gc,heap        ] GC(181) Tenured: 14342K(22484K)->14342K(22484K)
[2025-04-16T14:42:44.229+0000][258.238s][info][gc,metaspace   ] GC(181) Metaspace: 37267K(37632K)->37267K(37632K) NonClass: 32849K(33024K)->32849K(33024K) Class: 4418K(4608K)->4418K(4608K)
[2025-04-16T14:42:44.229+0000][258.238s][info][gc             ] GC(181) Pause Young (Allocation Failure) 22M->14M(31M) 1.611ms
[2025-04-16T14:42:44.229+0000][258.238s][info][gc,cpu         ] GC(181) User=0.00s Sys=0.00s Real=0.00s
[2025-04-16T14:42:45.844+0000][259.853s][info][gc,start       ] GC(182) Pause Young (Allocation Failure)
[2025-04-16T14:42:45.845+0000][259.854s][info][gc,heap        ] GC(182) DefNew: 9191K(10176K)->69K(10176K) Eden: 9088K(9088K)->0K(9088K) From: 103K(1088K)->69K(1088K)
[2025-04-16T14:42:45.845+0000][259.854s][info][gc,heap        ] GC(182) Tenured: 14342K(22484K)->14344K(22484K)
[2025-04-16T14:42:45.845+0000][259.854s][info][gc,metaspace   ] GC(182) Metaspace: 37267K(37632K)->37267K(37632K) NonClass: 32849K(33024K)->32849K(33024K) Class: 4418K(4608K)->4418K(4608K)
[2025-04-16T14:42:45.845+0000][259.854s][info][gc             ] GC(182) Pause Young (Allocation Failure) 22M->14M(31M) 1.282ms
[2025-04-16T14:42:45.845+0000][259.854s][info][gc,cpu         ] GC(182) User=0.01s Sys=0.00s Real=0.01s
[2025-04-16T14:42:47.297+0000][261.306s][info][gc,start       ] GC(183) Pause Young (Allocation Failure)
[2025-04-16T14:42:47.299+0000][261.308s][info][gc,heap        ] GC(183) DefNew: 9157K(10176K)->96K(10176K) Eden: 9087K(9088K)->0K(9088K) From: 69K(1088K)->96K(1088K)
[2025-04-16T14:42:47.299+0000][261.308s][info][gc,heap        ] GC(183) Tenured: 14344K(22484K)->14344K(22484K)
[2025-04-16T14:42:47.299+0000][261.308s][info][gc,metaspace   ] GC(183) Metaspace: 37268K(37632K)->37268K(37632K) NonClass: 32849K(33024K)->32849K(33024K) Class: 4418K(4608K)->4418K(4608K)
[2025-04-16T14:42:47.299+0000][261.308s][info][gc             ] GC(183) Pause Young (Allocation Failure) 22M->14M(31M) 1.477ms
[2025-04-16T14:42:47.299+0000][261.308s][info][gc,cpu         ] GC(183) User=0.00s Sys=0.00s Real=0.00s
[2025-04-16T14:42:48.828+0000][262.837s][info][gc,start       ] GC(184) Pause Young (Allocation Failure)
[2025-04-16T14:42:48.830+0000][262.839s][info][gc,heap        ] GC(184) DefNew: 9184K(10176K)->96K(10176K) Eden: 9088K(9088K)->0K(9088K) From: 96K(1088K)->96K(1088K)
[2025-04-16T14:42:48.830+0000][262.839s][info][gc,heap        ] GC(184) Tenured: 14344K(22484K)->14344K(22484K)
[2025-04-16T14:42:48.830+0000][262.839s][info][gc,metaspace   ] GC(184) Metaspace: 37270K(37632K)->37270K(37632K) NonClass: 32851K(33024K)->32851K(33024K) Class: 4418K(4608K)->4418K(4608K)
[2025-04-16T14:42:48.830+0000][262.839s][info][gc             ] GC(184) Pause Young (Allocation Failure) 22M->14M(31M) 1.766ms
[2025-04-16T14:42:48.831+0000][262.840s][info][gc,cpu         ] GC(184) User=0.01s Sys=0.00s Real=0.00s
[2025-04-16T14:42:50.238+0000][264.247s][info][gc,start       ] GC(185) Pause Young (Allocation Failure)
[2025-04-16T14:42:50.239+0000][264.248s][info][gc,heap        ] GC(185) DefNew: 9178K(10176K)->86K(10176K) Eden: 9082K(9088K)->0K(9088K) From: 96K(1088K)->86K(1088K)
[2025-04-16T14:42:50.239+0000][264.248s][info][gc,heap        ] GC(185) Tenured: 14344K(22484K)->14345K(22484K)
[2025-04-16T14:42:50.239+0000][264.248s][info][gc,metaspace   ] GC(185) Metaspace: 37270K(37632K)->37270K(37632K) NonClass: 32851K(33024K)->32851K(33024K) Class: 4418K(4608K)->4418K(4608K)
[2025-04-16T14:42:50.239+0000][264.249s][info][gc             ] GC(185) Pause Young (Allocation Failure) 22M->14M(31M) 1.458ms
[2025-04-16T14:42:50.240+0000][264.249s][info][gc,cpu         ] GC(185) User=0.00s Sys=0.00s Real=0.00s
[2025-04-16T14:42:52.002+0000][266.011s][info][gc,start       ] GC(186) Pause Young (Allocation Failure)
[2025-04-16T14:42:52.003+0000][266.012s][info][gc,heap        ] GC(186) DefNew: 9174K(10176K)->95K(10176K) Eden: 9088K(9088K)->0K(9088K) From: 86K(1088K)->95K(1088K)
[2025-04-16T14:42:52.003+0000][266.012s][info][gc,heap        ] GC(186) Tenured: 14345K(22484K)->14347K(22484K)
[2025-04-16T14:42:52.003+0000][266.012s][info][gc,metaspace   ] GC(186) Metaspace: 37270K(37632K)->37270K(37632K) NonClass: 32851K(33024K)->32851K(33024K) Class: 4418K(4608K)->4418K(4608K)
[2025-04-16T14:42:52.003+0000][266.012s][info][gc             ] GC(186) Pause Young (Allocation Failure) 22M->14M(31M) 1.500ms
[2025-04-16T14:42:52.003+0000][266.012s][info][gc,cpu         ] GC(186) User=0.00s Sys=0.00s Real=0.00s
[2025-04-16T14:42:53.378+0000][267.387s][info][gc,start       ] GC(187) Pause Young (Allocation Failure)
[2025-04-16T14:42:53.379+0000][267.388s][info][gc,heap        ] GC(187) DefNew: 9183K(10176K)->80K(10176K) Eden: 9088K(9088K)->0K(9088K) From: 95K(1088K)->80K(1088K)
[2025-04-16T14:42:53.379+0000][267.388s][info][gc,heap        ] GC(187) Tenured: 14347K(22484K)->14347K(22484K)
[2025-04-16T14:42:53.379+0000][267.388s][info][gc,metaspace   ] GC(187) Metaspace: 37270K(37632K)->37270K(37632K) NonClass: 32851K(33024K)->32851K(33024K) Class: 4418K(4608K)->4418K(4608K)
[2025-04-16T14:42:53.379+0000][267.389s][info][gc             ] GC(187) Pause Young (Allocation Failure) 22M->14M(31M) 1.485ms
[2025-04-16T14:42:53.379+0000][267.389s][info][gc,cpu         ] GC(187) User=0.00s Sys=0.00s Real=0.00s
[2025-04-16T14:42:55.144+0000][269.153s][info][gc,start       ] GC(188) Pause Young (Allocation Failure)
[2025-04-16T14:42:55.146+0000][269.155s][info][gc,heap        ] GC(188) DefNew: 9168K(10176K)->96K(10176K) Eden: 9088K(9088K)->0K(9088K) From: 80K(1088K)->96K(1088K)
[2025-04-16T14:42:55.146+0000][269.155s][info][gc,heap        ] GC(188) Tenured: 14347K(22484K)->14348K(22484K)
[2025-04-16T14:42:55.146+0000][269.155s][info][gc,metaspace   ] GC(188) Metaspace: 37270K(37632K)->37270K(37632K) NonClass: 32851K(33024K)->32851K(33024K) Class: 4418K(4608K)->4418K(4608K)
[2025-04-16T14:42:55.146+0000][269.155s][info][gc             ] GC(188) Pause Young (Allocation Failure) 22M->14M(31M) 1.652ms
[2025-04-16T14:42:55.146+0000][269.155s][info][gc,cpu         ] GC(188) User=0.00s Sys=0.00s Real=0.00s
[2025-04-16T14:42:56.628+0000][270.637s][info][gc,start       ] GC(189) Pause Young (Allocation Failure)
[2025-04-16T14:42:56.630+0000][270.639s][info][gc,heap        ] GC(189) DefNew: 9179K(10176K)->89K(10176K) Eden: 9082K(9088K)->0K(9088K) From: 96K(1088K)->89K(1088K)
[2025-04-16T14:42:56.630+0000][270.639s][info][gc,heap        ] GC(189) Tenured: 14348K(22484K)->14348K(22484K)
[2025-04-16T14:42:56.630+0000][270.639s][info][gc,metaspace   ] GC(189) Metaspace: 37270K(37632K)->37270K(37632K) NonClass: 32851K(33024K)->32851K(33024K) Class: 4418K(4608K)->4418K(4608K)
[2025-04-16T14:42:56.630+0000][270.639s][info][gc             ] GC(189) Pause Young (Allocation Failure) 22M->14M(31M) 1.494ms
[2025-04-16T14:42:56.630+0000][270.639s][info][gc,cpu         ] GC(189) User=0.00s Sys=0.00s Real=0.00s
[2025-04-16T14:42:58.046+0000][272.055s][info][gc,start       ] GC(190) Pause Young (Allocation Failure)
[2025-04-16T14:42:58.048+0000][272.057s][info][gc,heap        ] GC(190) DefNew: 9177K(10176K)->81K(10176K) Eden: 9088K(9088K)->0K(9088K) From: 89K(1088K)->81K(1088K)
[2025-04-16T14:42:58.048+0000][272.057s][info][gc,heap        ] GC(190) Tenured: 14348K(22484K)->14350K(22484K)
[2025-04-16T14:42:58.048+0000][272.057s][info][gc,metaspace   ] GC(190) Metaspace: 37270K(37632K)->37270K(37632K) NonClass: 32851K(33024K)->32851K(33024K) Class: 4418K(4608K)->4418K(4608K)
[2025-04-16T14:42:58.048+0000][272.057s][info][gc             ] GC(190) Pause Young (Allocation Failure) 22M->14M(31M) 1.553ms
[2025-04-16T14:42:58.048+0000][272.057s][info][gc,cpu         ] GC(190) User=0.00s Sys=0.00s Real=0.00s
[2025-04-16T14:42:59.882+0000][273.891s][info][gc,start       ] GC(191) Pause Young (Allocation Failure)
[2025-04-16T14:42:59.884+0000][273.893s][info][gc,heap        ] GC(191) DefNew: 9169K(10176K)->98K(10176K) Eden: 9088K(9088K)->0K(9088K) From: 81K(1088K)->98K(1088K)
[2025-04-16T14:42:59.884+0000][273.893s][info][gc,heap        ] GC(191) Tenured: 14350K(22484K)->14351K(22484K)
[2025-04-16T14:42:59.884+0000][273.893s][info][gc,metaspace   ] GC(191) Metaspace: 37270K(37632K)->37270K(37632K) NonClass: 32851K(33024K)->32851K(33024K) Class: 4418K(4608K)->4418K(4608K)
[2025-04-16T14:42:59.884+0000][273.893s][info][gc             ] GC(191) Pause Young (Allocation Failure) 22M->14M(31M) 1.949ms
[2025-04-16T14:42:59.884+0000][273.893s][info][gc,cpu         ] GC(191) User=0.01s Sys=0.00s Real=0.00s
[2025-04-16T14:43:01.496+0000][275.505s][info][gc,start       ] GC(192) Pause Young (Allocation Failure)
[2025-04-16T14:43:01.498+0000][275.507s][info][gc,heap        ] GC(192) DefNew: 9186K(10176K)->83K(10176K) Eden: 9088K(9088K)->0K(9088K) From: 98K(1088K)->83K(1088K)
[2025-04-16T14:43:01.498+0000][275.507s][info][gc,heap        ] GC(192) Tenured: 14351K(22484K)->14351K(22484K)
[2025-04-16T14:43:01.498+0000][275.507s][info][gc,metaspace   ] GC(192) Metaspace: 37270K(37632K)->37270K(37632K) NonClass: 32851K(33024K)->32851K(33024K) Class: 4418K(4608K)->4418K(4608K)
[2025-04-16T14:43:01.498+0000][275.507s][info][gc             ] GC(192) Pause Young (Allocation Failure) 22M->14M(31M) 1.490ms
[2025-04-16T14:43:01.498+0000][275.507s][info][gc,cpu         ] GC(192) User=0.01s Sys=0.00s Real=0.00s
[2025-04-16T14:43:02.746+0000][276.755s][info][gc,start       ] GC(193) Pause Young (Allocation Failure)
[2025-04-16T14:43:02.747+0000][276.756s][info][gc,heap        ] GC(193) DefNew: 9171K(10176K)->88K(10176K) Eden: 9088K(9088K)->0K(9088K) From: 83K(1088K)->88K(1088K)
[2025-04-16T14:43:02.747+0000][276.756s][info][gc,heap        ] GC(193) Tenured: 14351K(22484K)->14351K(22484K)
[2025-04-16T14:43:02.747+0000][276.756s][info][gc,metaspace   ] GC(193) Metaspace: 37270K(37632K)->37270K(37632K) NonClass: 32851K(33024K)->32851K(33024K) Class: 4418K(4608K)->4418K(4608K)
[2025-04-16T14:43:02.747+0000][276.756s][info][gc             ] GC(193) Pause Young (Allocation Failure) 22M->14M(31M) 1.386ms
[2025-04-16T14:43:02.747+0000][276.756s][info][gc,cpu         ] GC(193) User=0.01s Sys=0.00s Real=0.00s
[2025-04-16T14:43:04.505+0000][278.514s][info][gc,start       ] GC(194) Pause Young (Allocation Failure)
[2025-04-16T14:43:04.507+0000][278.516s][info][gc,heap        ] GC(194) DefNew: 9176K(10176K)->101K(10176K) Eden: 9087K(9088K)->0K(9088K) From: 88K(1088K)->101K(1088K)
[2025-04-16T14:43:04.507+0000][278.516s][info][gc,heap        ] GC(194) Tenured: 14351K(22484K)->14351K(22484K)
[2025-04-16T14:43:04.507+0000][278.516s][info][gc,metaspace   ] GC(194) Metaspace: 37270K(37632K)->37270K(37632K) NonClass: 32851K(33024K)->32851K(33024K) Class: 4418K(4608K)->4418K(4608K)
[2025-04-16T14:43:04.507+0000][278.516s][info][gc             ] GC(194) Pause Young (Allocation Failure) 22M->14M(31M) 2.152ms
[2025-04-16T14:43:04.507+0000][278.516s][info][gc,cpu         ] GC(194) User=0.00s Sys=0.00s Real=0.00s
[2025-04-16T14:43:06.224+0000][280.233s][info][gc,start       ] GC(195) Pause Young (Allocation Failure)
[2025-04-16T14:43:06.226+0000][280.235s][info][gc,heap        ] GC(195) DefNew: 9188K(10176K)->90K(10176K) Eden: 9087K(9088K)->0K(9088K) From: 101K(1088K)->90K(1088K)
[2025-04-16T14:43:06.226+0000][280.235s][info][gc,heap        ] GC(195) Tenured: 14351K(22484K)->14351K(22484K)
[2025-04-16T14:43:06.226+0000][280.235s][info][gc,metaspace   ] GC(195) Metaspace: 37270K(37632K)->37270K(37632K) NonClass: 32851K(33024K)->32851K(33024K) Class: 4418K(4608K)->4418K(4608K)
[2025-04-16T14:43:06.226+0000][280.235s][info][gc             ] GC(195) Pause Young (Allocation Failure) 22M->14M(31M) 1.534ms
[2025-04-16T14:43:06.226+0000][280.235s][info][gc,cpu         ] GC(195) User=0.00s Sys=0.00s Real=0.00s
[2025-04-16T14:43:07.977+0000][281.986s][info][gc,start       ] GC(196) Pause Young (Allocation Failure)
[2025-04-16T14:43:07.979+0000][281.988s][info][gc,heap        ] GC(196) DefNew: 9178K(10176K)->106K(10176K) Eden: 9088K(9088K)->0K(9088K) From: 90K(1088K)->106K(1088K)
[2025-04-16T14:43:07.979+0000][281.988s][info][gc,heap        ] GC(196) Tenured: 14351K(22484K)->14354K(22484K)
[2025-04-16T14:43:07.979+0000][281.988s][info][gc,metaspace   ] GC(196) Metaspace: 37270K(37632K)->37270K(37632K) NonClass: 32851K(33024K)->32851K(33024K) Class: 4418K(4608K)->4418K(4608K)
[2025-04-16T14:43:07.979+0000][281.988s][info][gc             ] GC(196) Pause Young (Allocation Failure) 22M->14M(31M) 1.461ms
[2025-04-16T14:43:07.979+0000][281.988s][info][gc,cpu         ] GC(196) User=0.00s Sys=0.00s Real=0.00s
[2025-04-16T14:43:09.337+0000][283.346s][info][gc,start       ] GC(197) Pause Young (Allocation Failure)
[2025-04-16T14:43:09.339+0000][283.348s][info][gc,heap        ] GC(197) DefNew: 9194K(10176K)->85K(10176K) Eden: 9088K(9088K)->0K(9088K) From: 106K(1088K)->85K(1088K)
[2025-04-16T14:43:09.339+0000][283.348s][info][gc,heap        ] GC(197) Tenured: 14354K(22484K)->14354K(22484K)
[2025-04-16T14:43:09.339+0000][283.348s][info][gc,metaspace   ] GC(197) Metaspace: 37270K(37632K)->37270K(37632K) NonClass: 32851K(33024K)->32851K(33024K) Class: 4418K(4608K)->4418K(4608K)
[2025-04-16T14:43:09.339+0000][283.348s][info][gc             ] GC(197) Pause Young (Allocation Failure) 22M->14M(31M) 1.510ms
[2025-04-16T14:43:09.339+0000][283.348s][info][gc,cpu         ] GC(197) User=0.00s Sys=0.00s Real=0.00s
[2025-04-16T14:43:10.736+0000][284.745s][info][gc,start       ] GC(198) Pause Young (Allocation Failure)
[2025-04-16T14:43:10.738+0000][284.747s][info][gc,heap        ] GC(198) DefNew: 9173K(10176K)->86K(10176K) Eden: 9088K(9088K)->0K(9088K) From: 85K(1088K)->86K(1088K)
[2025-04-16T14:43:10.738+0000][284.747s][info][gc,heap        ] GC(198) Tenured: 14354K(22484K)->14355K(22484K)
[2025-04-16T14:43:10.738+0000][284.747s][info][gc,metaspace   ] GC(198) Metaspace: 37271K(37632K)->37271K(37632K) NonClass: 32852K(33024K)->32852K(33024K) Class: 4418K(4608K)->4418K(4608K)
[2025-04-16T14:43:10.738+0000][284.747s][info][gc             ] GC(198) Pause Young (Allocation Failure) 22M->14M(31M) 1.377ms
[2025-04-16T14:43:10.738+0000][284.747s][info][gc,cpu         ] GC(198) User=0.00s Sys=0.00s Real=0.00s
[2025-04-16T14:43:12.534+0000][286.543s][info][gc,start       ] GC(199) Pause Young (Allocation Failure)
[2025-04-16T14:43:12.535+0000][286.544s][info][gc,heap        ] GC(199) DefNew: 9174K(10176K)->102K(10176K) Eden: 9088K(9088K)->0K(9088K) From: 86K(1088K)->102K(1088K)
[2025-04-16T14:43:12.535+0000][286.544s][info][gc,heap        ] GC(199) Tenured: 14355K(22484K)->14356K(22484K)
[2025-04-16T14:43:12.535+0000][286.544s][info][gc,metaspace   ] GC(199) Metaspace: 37271K(37632K)->37271K(37632K) NonClass: 32852K(33024K)->32852K(33024K) Class: 4418K(4608K)->4418K(4608K)
[2025-04-16T14:43:12.535+0000][286.545s][info][gc             ] GC(199) Pause Young (Allocation Failure) 22M->14M(31M) 1.387ms
[2025-04-16T14:43:12.536+0000][286.545s][info][gc,cpu         ] GC(199) User=0.00s Sys=0.00s Real=0.00s
[2025-04-16T14:43:14.251+0000][288.260s][info][gc,start       ] GC(200) Pause Young (Allocation Failure)
[2025-04-16T14:43:14.253+0000][288.262s][info][gc,heap        ] GC(200) DefNew: 9182K(10176K)->89K(10176K) Eden: 9080K(9088K)->0K(9088K) From: 102K(1088K)->89K(1088K)
[2025-04-16T14:43:14.253+0000][288.262s][info][gc,heap        ] GC(200) Tenured: 14356K(22484K)->14356K(22484K)
[2025-04-16T14:43:14.253+0000][288.262s][info][gc,metaspace   ] GC(200) Metaspace: 37271K(37632K)->37271K(37632K) NonClass: 32852K(33024K)->32852K(33024K) Class: 4418K(4608K)->4418K(4608K)
[2025-04-16T14:43:14.253+0000][288.262s][info][gc             ] GC(200) Pause Young (Allocation Failure) 22M->14M(31M) 1.529ms
[2025-04-16T14:43:14.253+0000][288.262s][info][gc,cpu         ] GC(200) User=0.00s Sys=0.00s Real=0.00s
[2025-04-16T14:43:15.464+0000][289.473s][info][gc,start       ] GC(201) Pause Young (Allocation Failure)
[2025-04-16T14:43:15.465+0000][289.474s][info][gc,heap        ] GC(201) DefNew: 9177K(10176K)->86K(10176K) Eden: 9088K(9088K)->0K(9088K) From: 89K(1088K)->86K(1088K)
[2025-04-16T14:43:15.465+0000][289.474s][info][gc,heap        ] GC(201) Tenured: 14356K(22484K)->14356K(22484K)
[2025-04-16T14:43:15.465+0000][289.474s][info][gc,metaspace   ] GC(201) Metaspace: 37271K(37632K)->37271K(37632K) NonClass: 32852K(33024K)->32852K(33024K) Class: 4418K(4608K)->4418K(4608K)
[2025-04-16T14:43:15.465+0000][289.475s][info][gc             ] GC(201) Pause Young (Allocation Failure) 22M->14M(31M) 1.560ms
[2025-04-16T14:43:15.465+0000][289.475s][info][gc,cpu         ] GC(201) User=0.00s Sys=0.00s Real=0.01s
[2025-04-16T14:43:17.174+0000][291.183s][info][gc,start       ] GC(202) Pause Young (Allocation Failure)
[2025-04-16T14:43:17.175+0000][291.184s][info][gc,heap        ] GC(202) DefNew: 9174K(10176K)->100K(10176K) Eden: 9088K(9088K)->0K(9088K) From: 86K(1088K)->100K(1088K)
[2025-04-16T14:43:17.175+0000][291.184s][info][gc,heap        ] GC(202) Tenured: 14356K(22484K)->14357K(22484K)
[2025-04-16T14:43:17.175+0000][291.184s][info][gc,metaspace   ] GC(202) Metaspace: 37272K(37632K)->37272K(37632K) NonClass: 32853K(33024K)->32853K(33024K) Class: 4418K(4608K)->4418K(4608K)
[2025-04-16T14:43:17.175+0000][291.184s][info][gc             ] GC(202) Pause Young (Allocation Failure) 22M->14M(31M) 1.503ms
[2025-04-16T14:43:17.175+0000][291.184s][info][gc,cpu         ] GC(202) User=0.00s Sys=0.00s Real=0.01s
[2025-04-16T14:43:18.844+0000][292.853s][info][gc,start       ] GC(203) Pause Young (Allocation Failure)
[2025-04-16T14:43:18.845+0000][292.854s][info][gc,heap        ] GC(203) DefNew: 9183K(10176K)->88K(10176K) Eden: 9082K(9088K)->0K(9088K) From: 100K(1088K)->88K(1088K)
[2025-04-16T14:43:18.845+0000][292.854s][info][gc,heap        ] GC(203) Tenured: 14357K(22484K)->14359K(22484K)
[2025-04-16T14:43:18.845+0000][292.854s][info][gc,metaspace   ] GC(203) Metaspace: 37272K(37632K)->37272K(37632K) NonClass: 32853K(33024K)->32853K(33024K) Class: 4418K(4608K)->4418K(4608K)
[2025-04-16T14:43:18.845+0000][292.854s][info][gc             ] GC(203) Pause Young (Allocation Failure) 22M->14M(31M) 1.642ms
[2025-04-16T14:43:18.845+0000][292.854s][info][gc,cpu         ] GC(203) User=0.01s Sys=0.00s Real=0.01s
[2025-04-16T14:43:20.390+0000][294.399s][info][gc,start       ] GC(204) Pause Young (Allocation Failure)
[2025-04-16T14:43:20.391+0000][294.400s][info][gc,heap        ] GC(204) DefNew: 9176K(10176K)->83K(10176K) Eden: 9088K(9088K)->0K(9088K) From: 88K(1088K)->83K(1088K)
[2025-04-16T14:43:20.391+0000][294.401s][info][gc,heap        ] GC(204) Tenured: 14359K(22484K)->14359K(22484K)
[2025-04-16T14:43:20.392+0000][294.401s][info][gc,metaspace   ] GC(204) Metaspace: 37272K(37632K)->37272K(37632K) NonClass: 32853K(33024K)->32853K(33024K) Class: 4418K(4608K)->4418K(4608K)
[2025-04-16T14:43:20.392+0000][294.401s][info][gc             ] GC(204) Pause Young (Allocation Failure) 22M->14M(31M) 1.355ms
[2025-04-16T14:43:20.392+0000][294.401s][info][gc,cpu         ] GC(204) User=0.00s Sys=0.00s Real=0.00s
[2025-04-16T14:43:21.992+0000][296.001s][info][gc,start       ] GC(205) Pause Young (Allocation Failure)
[2025-04-16T14:43:21.993+0000][296.002s][info][gc,heap        ] GC(205) DefNew: 9171K(10176K)->94K(10176K) Eden: 9088K(9088K)->0K(9088K) From: 83K(1088K)->94K(1088K)
[2025-04-16T14:43:21.993+0000][296.002s][info][gc,heap        ] GC(205) Tenured: 14359K(22484K)->14360K(22484K)
[2025-04-16T14:43:21.993+0000][296.002s][info][gc,metaspace   ] GC(205) Metaspace: 37274K(37632K)->37274K(37632K) NonClass: 32855K(33024K)->32855K(33024K) Class: 4418K(4608K)->4418K(4608K)
[2025-04-16T14:43:21.993+0000][296.002s][info][gc             ] GC(205) Pause Young (Allocation Failure) 22M->14M(31M) 1.484ms
[2025-04-16T14:43:21.993+0000][296.002s][info][gc,cpu         ] GC(205) User=0.00s Sys=0.00s Real=0.00s
[2025-04-16T14:43:23.628+0000][297.637s][info][gc,start       ] GC(206) Pause Young (Allocation Failure)
[2025-04-16T14:43:23.629+0000][297.638s][info][gc,heap        ] GC(206) DefNew: 9182K(10176K)->101K(10176K) Eden: 9088K(9088K)->0K(9088K) From: 94K(1088K)->101K(1088K)
[2025-04-16T14:43:23.629+0000][297.638s][info][gc,heap        ] GC(206) Tenured: 14360K(22484K)->14362K(22484K)
[2025-04-16T14:43:23.629+0000][297.638s][info][gc,metaspace   ] GC(206) Metaspace: 37276K(37632K)->37276K(37632K) NonClass: 32857K(33024K)->32857K(33024K) Class: 4418K(4608K)->4418K(4608K)
[2025-04-16T14:43:23.629+0000][297.638s][info][gc             ] GC(206) Pause Young (Allocation Failure) 22M->14M(31M) 1.567ms
[2025-04-16T14:43:23.629+0000][297.638s][info][gc,cpu         ] GC(206) User=0.00s Sys=0.00s Real=0.00s
[2025-04-16T14:43:25.283+0000][299.292s][info][gc,start       ] GC(207) Pause Young (Allocation Failure)
[2025-04-16T14:43:25.284+0000][299.293s][info][gc,heap        ] GC(207) DefNew: 9189K(10176K)->84K(10176K) Eden: 9088K(9088K)->0K(9088K) From: 101K(1088K)->84K(1088K)
[2025-04-16T14:43:25.284+0000][299.294s][info][gc,heap        ] GC(207) Tenured: 14362K(22484K)->14362K(22484K)
[2025-04-16T14:43:25.285+0000][299.294s][info][gc,metaspace   ] GC(207) Metaspace: 37277K(37696K)->37277K(37696K) NonClass: 32858K(33088K)->32858K(33088K) Class: 4418K(4608K)->4418K(4608K)
[2025-04-16T14:43:25.285+0000][299.294s][info][gc             ] GC(207) Pause Young (Allocation Failure) 23M->14M(31M) 1.458ms
[2025-04-16T14:43:25.285+0000][299.294s][info][gc,cpu         ] GC(207) User=0.00s Sys=0.00s Real=0.01s
[2025-04-16T14:43:27.040+0000][301.049s][info][gc,start       ] GC(208) Pause Young (Allocation Failure)
[2025-04-16T14:43:27.041+0000][301.050s][info][gc,heap        ] GC(208) DefNew: 9172K(10176K)->99K(10176K) Eden: 9088K(9088K)->0K(9088K) From: 84K(1088K)->99K(1088K)
[2025-04-16T14:43:27.041+0000][301.050s][info][gc,heap        ] GC(208) Tenured: 14362K(22484K)->14362K(22484K)
[2025-04-16T14:43:27.041+0000][301.050s][info][gc,metaspace   ] GC(208) Metaspace: 37279K(37696K)->37279K(37696K) NonClass: 32860K(33088K)->32860K(33088K) Class: 4418K(4608K)->4418K(4608K)
[2025-04-16T14:43:27.041+0000][301.050s][info][gc             ] GC(208) Pause Young (Allocation Failure) 22M->14M(31M) 1.581ms
[2025-04-16T14:43:27.041+0000][301.050s][info][gc,cpu         ] GC(208) User=0.00s Sys=0.00s Real=0.00s
[2025-04-16T14:43:28.416+0000][302.425s][info][gc,start       ] GC(209) Pause Young (Allocation Failure)
[2025-04-16T14:43:28.417+0000][302.426s][info][gc,heap        ] GC(209) DefNew: 9187K(10176K)->104K(10176K) Eden: 9088K(9088K)->0K(9088K) From: 99K(1088K)->104K(1088K)
[2025-04-16T14:43:28.417+0000][302.426s][info][gc,heap        ] GC(209) Tenured: 14362K(22484K)->14365K(22484K)
[2025-04-16T14:43:28.417+0000][302.426s][info][gc,metaspace   ] GC(209) Metaspace: 37279K(37696K)->37279K(37696K) NonClass: 32860K(33088K)->32860K(33088K) Class: 4418K(4608K)->4418K(4608K)
[2025-04-16T14:43:28.417+0000][302.426s][info][gc             ] GC(209) Pause Young (Allocation Failure) 22M->14M(31M) 1.596ms
[2025-04-16T14:43:28.417+0000][302.426s][info][gc,cpu         ] GC(209) User=0.00s Sys=0.00s Real=0.00s
[2025-04-16T14:43:30.040+0000][304.049s][info][gc,start       ] GC(210) Pause Young (Allocation Failure)
[2025-04-16T14:43:30.042+0000][304.051s][info][gc,heap        ] GC(210) DefNew: 9187K(10176K)->102K(10176K) Eden: 9082K(9088K)->0K(9088K) From: 104K(1088K)->102K(1088K)
[2025-04-16T14:43:30.042+0000][304.051s][info][gc,heap        ] GC(210) Tenured: 14365K(22484K)->14366K(22484K)
[2025-04-16T14:43:30.042+0000][304.051s][info][gc,metaspace   ] GC(210) Metaspace: 37279K(37696K)->37279K(37696K) NonClass: 32860K(33088K)->32860K(33088K) Class: 4418K(4608K)->4418K(4608K)
[2025-04-16T14:43:30.042+0000][304.051s][info][gc             ] GC(210) Pause Young (Allocation Failure) 23M->14M(31M) 1.402ms
[2025-04-16T14:43:30.042+0000][304.051s][info][gc,cpu         ] GC(210) User=0.01s Sys=0.00s Real=0.00s
[2025-04-16T14:43:31.586+0000][305.595s][info][gc,start       ] GC(211) Pause Young (Allocation Failure)
[2025-04-16T14:43:31.588+0000][305.597s][info][gc,heap        ] GC(211) DefNew: 9190K(10176K)->107K(10176K) Eden: 9087K(9088K)->0K(9088K) From: 102K(1088K)->107K(1088K)
[2025-04-16T14:43:31.588+0000][305.597s][info][gc,heap        ] GC(211) Tenured: 14366K(22484K)->14366K(22484K)
[2025-04-16T14:43:31.588+0000][305.597s][info][gc,metaspace   ] GC(211) Metaspace: 37279K(37696K)->37279K(37696K) NonClass: 32860K(33088K)->32860K(33088K) Class: 4418K(4608K)->4418K(4608K)
[2025-04-16T14:43:31.588+0000][305.597s][info][gc             ] GC(211) Pause Young (Allocation Failure) 23M->14M(31M) 1.581ms
[2025-04-16T14:43:31.588+0000][305.597s][info][gc,cpu         ] GC(211) User=0.01s Sys=0.00s Real=0.00s
[2025-04-16T14:43:33.239+0000][307.248s][info][gc,start       ] GC(212) Pause Young (Allocation Failure)
[2025-04-16T14:43:33.241+0000][307.250s][info][gc,heap        ] GC(212) DefNew: 9195K(10176K)->101K(10176K) Eden: 9087K(9088K)->0K(9088K) From: 107K(1088K)->101K(1088K)
[2025-04-16T14:43:33.241+0000][307.250s][info][gc,heap        ] GC(212) Tenured: 14366K(22484K)->14368K(22484K)
[2025-04-16T14:43:33.241+0000][307.250s][info][gc,metaspace   ] GC(212) Metaspace: 37282K(37696K)->37282K(37696K) NonClass: 32863K(33088K)->32863K(33088K) Class: 4418K(4608K)->4418K(4608K)
[2025-04-16T14:43:33.241+0000][307.250s][info][gc             ] GC(212) Pause Young (Allocation Failure) 23M->14M(31M) 1.602ms
[2025-04-16T14:43:33.241+0000][307.250s][info][gc,cpu         ] GC(212) User=0.00s Sys=0.00s Real=0.00s
[2025-04-16T14:43:34.968+0000][308.977s][info][gc,start       ] GC(213) Pause Young (Allocation Failure)
[2025-04-16T14:43:34.969+0000][308.978s][info][gc,heap        ] GC(213) DefNew: 9189K(10176K)->87K(10176K) Eden: 9088K(9088K)->0K(9088K) From: 101K(1088K)->87K(1088K)
[2025-04-16T14:43:34.969+0000][308.979s][info][gc,heap        ] GC(213) Tenured: 14368K(22484K)->14369K(22484K)
[2025-04-16T14:43:34.969+0000][308.979s][info][gc,metaspace   ] GC(213) Metaspace: 37282K(37696K)->37282K(37696K) NonClass: 32863K(33088K)->32863K(33088K) Class: 4418K(4608K)->4418K(4608K)
[2025-04-16T14:43:34.970+0000][308.979s][info][gc             ] GC(213) Pause Young (Allocation Failure) 23M->14M(31M) 1.511ms
[2025-04-16T14:43:34.970+0000][308.979s][info][gc,cpu         ] GC(213) User=0.00s Sys=0.00s Real=0.00s
[2025-04-16T14:43:36.766+0000][310.775s][info][gc,start       ] GC(214) Pause Young (Allocation Failure)
[2025-04-16T14:43:36.767+0000][310.776s][info][gc,heap        ] GC(214) DefNew: 9175K(10176K)->102K(10176K) Eden: 9088K(9088K)->0K(9088K) From: 87K(1088K)->102K(1088K)
[2025-04-16T14:43:36.767+0000][310.776s][info][gc,heap        ] GC(214) Tenured: 14369K(22484K)->14370K(22484K)
[2025-04-16T14:43:36.767+0000][310.776s][info][gc,metaspace   ] GC(214) Metaspace: 37282K(37696K)->37282K(37696K) NonClass: 32863K(33088K)->32863K(33088K) Class: 4418K(4608K)->4418K(4608K)
[2025-04-16T14:43:36.767+0000][310.776s][info][gc             ] GC(214) Pause Young (Allocation Failure) 22M->14M(31M) 1.529ms
[2025-04-16T14:43:36.767+0000][310.776s][info][gc,cpu         ] GC(214) User=0.01s Sys=0.00s Real=0.00s
[2025-04-16T14:43:38.438+0000][312.447s][info][gc,start       ] GC(215) Pause Young (Allocation Failure)
[2025-04-16T14:43:38.441+0000][312.450s][info][gc,heap        ] GC(215) DefNew: 9190K(10176K)->89K(10176K) Eden: 9088K(9088K)->0K(9088K) From: 102K(1088K)->89K(1088K)
[2025-04-16T14:43:38.441+0000][312.450s][info][gc,heap        ] GC(215) Tenured: 14370K(22484K)->14370K(22484K)
[2025-04-16T14:43:38.441+0000][312.450s][info][gc,metaspace   ] GC(215) Metaspace: 37288K(37696K)->37288K(37696K) NonClass: 32869K(33088K)->32869K(33088K) Class: 4418K(4608K)->4418K(4608K)
[2025-04-16T14:43:38.441+0000][312.450s][info][gc             ] GC(215) Pause Young (Allocation Failure) 23M->14M(31M) 2.517ms
[2025-04-16T14:43:38.441+0000][312.450s][info][gc,cpu         ] GC(215) User=0.01s Sys=0.00s Real=0.00s
[2025-04-16T14:43:40.184+0000][314.193s][info][gc,start       ] GC(216) Pause Young (Allocation Failure)
[2025-04-16T14:43:40.186+0000][314.195s][info][gc,heap        ] GC(216) DefNew: 9177K(10176K)->98K(10176K) Eden: 9088K(9088K)->0K(9088K) From: 89K(1088K)->98K(1088K)
[2025-04-16T14:43:40.186+0000][314.195s][info][gc,heap        ] GC(216) Tenured: 14370K(22484K)->14370K(22484K)
[2025-04-16T14:43:40.186+0000][314.195s][info][gc,metaspace   ] GC(216) Metaspace: 37288K(37696K)->37288K(37696K) NonClass: 32869K(33088K)->32869K(33088K) Class: 4418K(4608K)->4418K(4608K)
[2025-04-16T14:43:40.186+0000][314.195s][info][gc             ] GC(216) Pause Young (Allocation Failure) 22M->14M(31M) 1.619ms
[2025-04-16T14:43:40.186+0000][314.195s][info][gc,cpu         ] GC(216) User=0.00s Sys=0.00s Real=0.00s
[2025-04-16T14:43:41.681+0000][315.690s][info][gc,start       ] GC(217) Pause Young (Allocation Failure)
[2025-04-16T14:43:41.683+0000][315.692s][info][gc,heap        ] GC(217) DefNew: 9186K(10176K)->109K(10176K) Eden: 9088K(9088K)->0K(9088K) From: 98K(1088K)->109K(1088K)
[2025-04-16T14:43:41.683+0000][315.692s][info][gc,heap        ] GC(217) Tenured: 14370K(22484K)->14370K(22484K)
[2025-04-16T14:43:41.683+0000][315.692s][info][gc,metaspace   ] GC(217) Metaspace: 37288K(37696K)->37288K(37696K) NonClass: 32869K(33088K)->32869K(33088K) Class: 4418K(4608K)->4418K(4608K)
[2025-04-16T14:43:41.683+0000][315.692s][info][gc             ] GC(217) Pause Young (Allocation Failure) 23M->14M(31M) 1.538ms
[2025-04-16T14:43:41.683+0000][315.692s][info][gc,cpu         ] GC(217) User=0.00s Sys=0.00s Real=0.00s
[2025-04-16T14:43:43.235+0000][317.244s][info][gc,start       ] GC(218) Pause Young (Allocation Failure)
[2025-04-16T14:43:43.236+0000][317.245s][info][gc,heap        ] GC(218) DefNew: 9197K(10176K)->97K(10176K) Eden: 9088K(9088K)->0K(9088K) From: 109K(1088K)->97K(1088K)
[2025-04-16T14:43:43.236+0000][317.245s][info][gc,heap        ] GC(218) Tenured: 14370K(22484K)->14372K(22484K)
[2025-04-16T14:43:43.236+0000][317.245s][info][gc,metaspace   ] GC(218) Metaspace: 37288K(37696K)->37288K(37696K) NonClass: 32869K(33088K)->32869K(33088K) Class: 4419K(4608K)->4419K(4608K)
[2025-04-16T14:43:43.236+0000][317.245s][info][gc             ] GC(218) Pause Young (Allocation Failure) 23M->14M(31M) 1.615ms
[2025-04-16T14:43:43.236+0000][317.245s][info][gc,cpu         ] GC(218) User=0.00s Sys=0.00s Real=0.00s
[2025-04-16T14:43:44.924+0000][318.933s][info][gc,start       ] GC(219) Pause Young (Allocation Failure)
[2025-04-16T14:43:44.925+0000][318.934s][info][gc,heap        ] GC(219) DefNew: 9185K(10176K)->112K(10176K) Eden: 9088K(9088K)->0K(9088K) From: 97K(1088K)->112K(1088K)
[2025-04-16T14:43:44.925+0000][318.934s][info][gc,heap        ] GC(219) Tenured: 14372K(22484K)->14372K(22484K)
[2025-04-16T14:43:44.925+0000][318.934s][info][gc,metaspace   ] GC(219) Metaspace: 37288K(37696K)->37288K(37696K) NonClass: 32869K(33088K)->32869K(33088K) Class: 4419K(4608K)->4419K(4608K)
[2025-04-16T14:43:44.925+0000][318.934s][info][gc             ] GC(219) Pause Young (Allocation Failure) 23M->14M(31M) 1.481ms
[2025-04-16T14:43:44.925+0000][318.934s][info][gc,cpu         ] GC(219) User=0.00s Sys=0.00s Real=0.01s
[2025-04-16T14:43:46.310+0000][320.319s][info][gc,start       ] GC(220) Pause Young (Allocation Failure)
[2025-04-16T14:43:46.312+0000][320.321s][info][gc,heap        ] GC(220) DefNew: 9200K(10176K)->112K(10176K) Eden: 9088K(9088K)->0K(9088K) From: 112K(1088K)->112K(1088K)
[2025-04-16T14:43:46.312+0000][320.321s][info][gc,heap        ] GC(220) Tenured: 14372K(22484K)->14373K(22484K)
[2025-04-16T14:43:46.312+0000][320.321s][info][gc,metaspace   ] GC(220) Metaspace: 37289K(37696K)->37289K(37696K) NonClass: 32870K(33088K)->32870K(33088K) Class: 4419K(4608K)->4419K(4608K)
[2025-04-16T14:43:46.312+0000][320.321s][info][gc             ] GC(220) Pause Young (Allocation Failure) 23M->14M(31M) 1.632ms
[2025-04-16T14:43:46.312+0000][320.321s][info][gc,cpu         ] GC(220) User=0.00s Sys=0.00s Real=0.00s
[2025-04-16T14:43:47.852+0000][321.861s][info][gc,start       ] GC(221) Pause Young (Allocation Failure)
[2025-04-16T14:43:47.853+0000][321.862s][info][gc,heap        ] GC(221) DefNew: 9200K(10176K)->93K(10176K) Eden: 9088K(9088K)->0K(9088K) From: 112K(1088K)->93K(1088K)
[2025-04-16T14:43:47.853+0000][321.862s][info][gc,heap        ] GC(221) Tenured: 14373K(22484K)->14376K(22484K)
[2025-04-16T14:43:47.853+0000][321.862s][info][gc,metaspace   ] GC(221) Metaspace: 37289K(37696K)->37289K(37696K) NonClass: 32870K(33088K)->32870K(33088K) Class: 4419K(4608K)->4419K(4608K)
[2025-04-16T14:43:47.853+0000][321.862s][info][gc             ] GC(221) Pause Young (Allocation Failure) 23M->14M(31M) 1.567ms
[2025-04-16T14:43:47.853+0000][321.862s][info][gc,cpu         ] GC(221) User=0.00s Sys=0.00s Real=0.00s
[2025-04-16T14:43:49.561+0000][323.570s][info][gc,start       ] GC(222) Pause Young (Allocation Failure)
[2025-04-16T14:43:49.563+0000][323.572s][info][gc,heap        ] GC(222) DefNew: 9181K(10176K)->94K(10176K) Eden: 9087K(9088K)->0K(9088K) From: 93K(1088K)->94K(1088K)
[2025-04-16T14:43:49.563+0000][323.572s][info][gc,heap        ] GC(222) Tenured: 14376K(22484K)->14376K(22484K)
[2025-04-16T14:43:49.563+0000][323.572s][info][gc,metaspace   ] GC(222) Metaspace: 37303K(37696K)->37303K(37696K) NonClass: 32881K(33088K)->32881K(33088K) Class: 4422K(4608K)->4422K(4608K)
[2025-04-16T14:43:49.563+0000][323.572s][info][gc             ] GC(222) Pause Young (Allocation Failure) 23M->14M(31M) 1.631ms
[2025-04-16T14:43:49.563+0000][323.572s][info][gc,cpu         ] GC(222) User=0.01s Sys=0.00s Real=0.00s
[2025-04-16T14:43:51.007+0000][325.017s][info][gc,start       ] GC(223) Pause Young (Allocation Failure)
[2025-04-16T14:43:51.009+0000][325.018s][info][gc,heap        ] GC(223) DefNew: 9182K(10176K)->95K(10176K) Eden: 9087K(9088K)->0K(9088K) From: 94K(1088K)->95K(1088K)
[2025-04-16T14:43:51.009+0000][325.018s][info][gc,heap        ] GC(223) Tenured: 14376K(22484K)->14376K(22484K)
[2025-04-16T14:43:51.009+0000][325.018s][info][gc,metaspace   ] GC(223) Metaspace: 37303K(37696K)->37303K(37696K) NonClass: 32881K(33088K)->32881K(33088K) Class: 4422K(4608K)->4422K(4608K)
[2025-04-16T14:43:51.009+0000][325.018s][info][gc             ] GC(223) Pause Young (Allocation Failure) 23M->14M(31M) 1.578ms
[2025-04-16T14:43:51.009+0000][325.018s][info][gc,cpu         ] GC(223) User=0.00s Sys=0.00s Real=0.00s
[2025-04-16T14:43:52.692+0000][326.701s][info][gc,start       ] GC(224) Pause Young (Allocation Failure)
[2025-04-16T14:43:52.694+0000][326.703s][info][gc,heap        ] GC(224) DefNew: 9183K(10176K)->94K(10176K) Eden: 9088K(9088K)->0K(9088K) From: 95K(1088K)->94K(1088K)
[2025-04-16T14:43:52.694+0000][326.703s][info][gc,heap        ] GC(224) Tenured: 14376K(22484K)->14376K(22484K)
[2025-04-16T14:43:52.694+0000][326.703s][info][gc,metaspace   ] GC(224) Metaspace: 37303K(37696K)->37303K(37696K) NonClass: 32881K(33088K)->32881K(33088K) Class: 4422K(4608K)->4422K(4608K)
[2025-04-16T14:43:52.694+0000][326.703s][info][gc             ] GC(224) Pause Young (Allocation Failure) 23M->14M(31M) 1.526ms
[2025-04-16T14:43:52.694+0000][326.703s][info][gc,cpu         ] GC(224) User=0.00s Sys=0.00s Real=0.00s
[2025-04-16T14:43:54.186+0000][328.195s][info][gc,start       ] GC(225) Pause Young (Allocation Failure)
[2025-04-16T14:43:54.187+0000][328.196s][info][gc,heap        ] GC(225) DefNew: 9182K(10176K)->97K(10176K) Eden: 9088K(9088K)->0K(9088K) From: 94K(1088K)->97K(1088K)
[2025-04-16T14:43:54.187+0000][328.196s][info][gc,heap        ] GC(225) Tenured: 14376K(22484K)->14378K(22484K)
[2025-04-16T14:43:54.187+0000][328.196s][info][gc,metaspace   ] GC(225) Metaspace: 37303K(37696K)->37303K(37696K) NonClass: 32881K(33088K)->32881K(33088K) Class: 4422K(4608K)->4422K(4608K)
[2025-04-16T14:43:54.187+0000][328.196s][info][gc             ] GC(225) Pause Young (Allocation Failure) 23M->14M(31M) 1.561ms
[2025-04-16T14:43:54.187+0000][328.196s][info][gc,cpu         ] GC(225) User=0.00s Sys=0.00s Real=0.00s
[2025-04-16T14:43:55.888+0000][329.897s][info][gc,start       ] GC(226) Pause Young (Allocation Failure)
[2025-04-16T14:43:55.890+0000][329.899s][info][gc,heap        ] GC(226) DefNew: 9185K(10176K)->118K(10176K) Eden: 9087K(9088K)->0K(9088K) From: 97K(1088K)->118K(1088K)
[2025-04-16T14:43:55.890+0000][329.899s][info][gc,heap        ] GC(226) Tenured: 14378K(22484K)->14380K(22484K)
[2025-04-16T14:43:55.890+0000][329.899s][info][gc,metaspace   ] GC(226) Metaspace: 37303K(37696K)->37303K(37696K) NonClass: 32881K(33088K)->32881K(33088K) Class: 4422K(4608K)->4422K(4608K)
[2025-04-16T14:43:55.890+0000][329.899s][info][gc             ] GC(226) Pause Young (Allocation Failure) 23M->14M(31M) 1.562ms
[2025-04-16T14:43:55.890+0000][329.899s][info][gc,cpu         ] GC(226) User=0.00s Sys=0.00s Real=0.00s
[2025-04-16T14:43:57.502+0000][331.512s][info][gc,start       ] GC(227) Pause Young (Allocation Failure)
[2025-04-16T14:43:57.504+0000][331.513s][info][gc,heap        ] GC(227) DefNew: 9206K(10176K)->123K(10176K) Eden: 9088K(9088K)->0K(9088K) From: 118K(1088K)->123K(1088K)
[2025-04-16T14:43:57.504+0000][331.513s][info][gc,heap        ] GC(227) Tenured: 14380K(22484K)->14380K(22484K)
[2025-04-16T14:43:57.504+0000][331.513s][info][gc,metaspace   ] GC(227) Metaspace: 37303K(37696K)->37303K(37696K) NonClass: 32881K(33088K)->32881K(33088K) Class: 4422K(4608K)->4422K(4608K)
[2025-04-16T14:43:57.504+0000][331.513s][info][gc             ] GC(227) Pause Young (Allocation Failure) 23M->14M(31M) 1.702ms
[2025-04-16T14:43:57.504+0000][331.513s][info][gc,cpu         ] GC(227) User=0.00s Sys=0.00s Real=0.01s
[2025-04-16T14:43:58.847+0000][332.856s][info][gc,start       ] GC(228) Pause Young (Allocation Failure)
[2025-04-16T14:43:58.848+0000][332.857s][info][gc,heap        ] GC(228) DefNew: 9211K(10176K)->95K(10176K) Eden: 9088K(9088K)->0K(9088K) From: 123K(1088K)->95K(1088K)
[2025-04-16T14:43:58.848+0000][332.857s][info][gc,heap        ] GC(228) Tenured: 14380K(22484K)->14381K(22484K)
[2025-04-16T14:43:58.848+0000][332.857s][info][gc,metaspace   ] GC(228) Metaspace: 37303K(37696K)->37303K(37696K) NonClass: 32881K(33088K)->32881K(33088K) Class: 4422K(4608K)->4422K(4608K)
[2025-04-16T14:43:58.848+0000][332.857s][info][gc             ] GC(228) Pause Young (Allocation Failure) 23M->14M(31M) 1.438ms
[2025-04-16T14:43:58.848+0000][332.857s][info][gc,cpu         ] GC(228) User=0.00s Sys=0.00s Real=0.00s
[2025-04-16T14:44:00.503+0000][334.513s][info][gc,start       ] GC(229) Pause Young (Allocation Failure)
[2025-04-16T14:44:00.505+0000][334.514s][info][gc,heap        ] GC(229) DefNew: 9178K(10176K)->96K(10176K) Eden: 9083K(9088K)->0K(9088K) From: 95K(1088K)->96K(1088K)
[2025-04-16T14:44:00.505+0000][334.514s][info][gc,heap        ] GC(229) Tenured: 14381K(22484K)->14384K(22484K)
[2025-04-16T14:44:00.505+0000][334.514s][info][gc,metaspace   ] GC(229) Metaspace: 37303K(37696K)->37303K(37696K) NonClass: 32881K(33088K)->32881K(33088K) Class: 4422K(4608K)->4422K(4608K)
[2025-04-16T14:44:00.505+0000][334.514s][info][gc             ] GC(229) Pause Young (Allocation Failure) 23M->14M(31M) 1.474ms
[2025-04-16T14:44:00.505+0000][334.514s][info][gc,cpu         ] GC(229) User=0.00s Sys=0.00s Real=0.01s
[2025-04-16T14:44:02.332+0000][336.341s][info][gc,start       ] GC(230) Pause Young (Allocation Failure)
[2025-04-16T14:44:02.333+0000][336.342s][info][gc,heap        ] GC(230) DefNew: 9184K(10176K)->91K(10176K) Eden: 9088K(9088K)->0K(9088K) From: 96K(1088K)->91K(1088K)
[2025-04-16T14:44:02.333+0000][336.342s][info][gc,heap        ] GC(230) Tenured: 14384K(22484K)->14387K(22484K)
[2025-04-16T14:44:02.333+0000][336.342s][info][gc,metaspace   ] GC(230) Metaspace: 37303K(37696K)->37303K(37696K) NonClass: 32881K(33088K)->32881K(33088K) Class: 4422K(4608K)->4422K(4608K)
[2025-04-16T14:44:02.333+0000][336.342s][info][gc             ] GC(230) Pause Young (Allocation Failure) 23M->14M(31M) 1.545ms
[2025-04-16T14:44:02.333+0000][336.342s][info][gc,cpu         ] GC(230) User=0.00s Sys=0.00s Real=0.00s
[2025-04-16T14:44:03.598+0000][337.607s][info][gc,start       ] GC(231) Pause Young (Allocation Failure)
[2025-04-16T14:44:03.599+0000][337.608s][info][gc,heap        ] GC(231) DefNew: 9179K(10176K)->103K(10176K) Eden: 9088K(9088K)->0K(9088K) From: 91K(1088K)->103K(1088K)
[2025-04-16T14:44:03.599+0000][337.608s][info][gc,heap        ] GC(231) Tenured: 14387K(22484K)->14391K(22484K)
[2025-04-16T14:44:03.599+0000][337.608s][info][gc,metaspace   ] GC(231) Metaspace: 37303K(37696K)->37303K(37696K) NonClass: 32881K(33088K)->32881K(33088K) Class: 4422K(4608K)->4422K(4608K)
[2025-04-16T14:44:03.599+0000][337.608s][info][gc             ] GC(231) Pause Young (Allocation Failure) 23M->14M(31M) 1.553ms
[2025-04-16T14:44:03.599+0000][337.608s][info][gc,cpu         ] GC(231) User=0.01s Sys=0.00s Real=0.00s
[2025-04-16T14:44:05.311+0000][339.320s][info][gc,start       ] GC(232) Pause Young (Allocation Failure)
[2025-04-16T14:44:05.312+0000][339.321s][info][gc,heap        ] GC(232) DefNew: 9191K(10176K)->74K(10176K) Eden: 9088K(9088K)->0K(9088K) From: 103K(1088K)->74K(1088K)
[2025-04-16T14:44:05.312+0000][339.321s][info][gc,heap        ] GC(232) Tenured: 14391K(22484K)->14391K(22484K)
[2025-04-16T14:44:05.312+0000][339.321s][info][gc,metaspace   ] GC(232) Metaspace: 37303K(37696K)->37303K(37696K) NonClass: 32881K(33088K)->32881K(33088K) Class: 4422K(4608K)->4422K(4608K)
[2025-04-16T14:44:05.312+0000][339.321s][info][gc             ] GC(232) Pause Young (Allocation Failure) 23M->14M(31M) 1.265ms
[2025-04-16T14:44:05.312+0000][339.321s][info][gc,cpu         ] GC(232) User=0.01s Sys=0.00s Real=0.00s
[2025-04-16T14:44:06.799+0000][340.808s][info][gc,start       ] GC(233) Pause Young (Allocation Failure)
[2025-04-16T14:44:06.801+0000][340.810s][info][gc,heap        ] GC(233) DefNew: 9162K(10176K)->87K(10176K) Eden: 9088K(9088K)->0K(9088K) From: 74K(1088K)->87K(1088K)
[2025-04-16T14:44:06.801+0000][340.810s][info][gc,heap        ] GC(233) Tenured: 14391K(22484K)->14393K(22484K)
[2025-04-16T14:44:06.801+0000][340.810s][info][gc,metaspace   ] GC(233) Metaspace: 37305K(37696K)->37305K(37696K) NonClass: 32882K(33088K)->32882K(33088K) Class: 4423K(4608K)->4423K(4608K)
[2025-04-16T14:44:06.801+0000][340.810s][info][gc             ] GC(233) Pause Young (Allocation Failure) 23M->14M(31M) 1.512ms
[2025-04-16T14:44:06.801+0000][340.810s][info][gc,cpu         ] GC(233) User=0.00s Sys=0.00s Real=0.00s
[2025-04-16T14:44:08.449+0000][342.458s][info][gc,start       ] GC(234) Pause Young (Allocation Failure)
[2025-04-16T14:44:08.451+0000][342.460s][info][gc,heap        ] GC(234) DefNew: 9175K(10176K)->106K(10176K) Eden: 9088K(9088K)->0K(9088K) From: 87K(1088K)->106K(1088K)
[2025-04-16T14:44:08.451+0000][342.460s][info][gc,heap        ] GC(234) Tenured: 14393K(22484K)->14395K(22484K)
[2025-04-16T14:44:08.451+0000][342.460s][info][gc,metaspace   ] GC(234) Metaspace: 37305K(37696K)->37305K(37696K) NonClass: 32882K(33088K)->32882K(33088K) Class: 4423K(4608K)->4423K(4608K)
[2025-04-16T14:44:08.451+0000][342.460s][info][gc             ] GC(234) Pause Young (Allocation Failure) 23M->14M(31M) 1.613ms
[2025-04-16T14:44:08.451+0000][342.460s][info][gc,cpu         ] GC(234) User=0.00s Sys=0.00s Real=0.00s
[2025-04-16T14:44:10.079+0000][344.088s][info][gc,start       ] GC(235) Pause Young (Allocation Failure)
[2025-04-16T14:44:10.081+0000][344.090s][info][gc,heap        ] GC(235) DefNew: 9194K(10176K)->95K(10176K) Eden: 9088K(9088K)->0K(9088K) From: 106K(1088K)->95K(1088K)
[2025-04-16T14:44:10.081+0000][344.090s][info][gc,heap        ] GC(235) Tenured: 14395K(22484K)->14395K(22484K)
[2025-04-16T14:44:10.081+0000][344.090s][info][gc,metaspace   ] GC(235) Metaspace: 37305K(37696K)->37305K(37696K) NonClass: 32882K(33088K)->32882K(33088K) Class: 4423K(4608K)->4423K(4608K)
[2025-04-16T14:44:10.081+0000][344.090s][info][gc             ] GC(235) Pause Young (Allocation Failure) 23M->14M(31M) 1.469ms
[2025-04-16T14:44:10.081+0000][344.090s][info][gc,cpu         ] GC(235) User=0.00s Sys=0.00s Real=0.00s
[2025-04-16T14:44:12.014+0000][346.023s][info][gc,start       ] GC(236) Pause Young (Allocation Failure)
[2025-04-16T14:44:12.016+0000][346.025s][info][gc,heap        ] GC(236) DefNew: 9183K(10176K)->87K(10176K) Eden: 9087K(9088K)->0K(9088K) From: 95K(1088K)->87K(1088K)
[2025-04-16T14:44:12.016+0000][346.025s][info][gc,heap        ] GC(236) Tenured: 14395K(22484K)->14397K(22484K)
[2025-04-16T14:44:12.016+0000][346.025s][info][gc,metaspace   ] GC(236) Metaspace: 37305K(37696K)->37305K(37696K) NonClass: 32882K(33088K)->32882K(33088K) Class: 4423K(4608K)->4423K(4608K)
[2025-04-16T14:44:12.016+0000][346.025s][info][gc             ] GC(236) Pause Young (Allocation Failure) 23M->14M(31M) 1.467ms
[2025-04-16T14:44:12.016+0000][346.025s][info][gc,cpu         ] GC(236) User=0.00s Sys=0.00s Real=0.00s
[2025-04-16T14:44:13.485+0000][347.494s][info][gc,start       ] GC(237) Pause Young (Allocation Failure)
[2025-04-16T14:44:13.487+0000][347.496s][info][gc,heap        ] GC(237) DefNew: 9175K(10176K)->87K(10176K) Eden: 9088K(9088K)->0K(9088K) From: 87K(1088K)->87K(1088K)
[2025-04-16T14:44:13.487+0000][347.496s][info][gc,heap        ] GC(237) Tenured: 14397K(22484K)->14399K(22484K)
[2025-04-16T14:44:13.487+0000][347.496s][info][gc,metaspace   ] GC(237) Metaspace: 37305K(37696K)->37305K(37696K) NonClass: 32882K(33088K)->32882K(33088K) Class: 4423K(4608K)->4423K(4608K)
[2025-04-16T14:44:13.487+0000][347.496s][info][gc             ] GC(237) Pause Young (Allocation Failure) 23M->14M(31M) 1.672ms
[2025-04-16T14:44:13.487+0000][347.496s][info][gc,cpu         ] GC(237) User=0.00s Sys=0.00s Real=0.00s
[2025-04-16T14:44:15.215+0000][349.224s][info][gc,start       ] GC(238) Pause Young (Allocation Failure)
[2025-04-16T14:44:15.217+0000][349.226s][info][gc,heap        ] GC(238) DefNew: 9175K(10176K)->99K(10176K) Eden: 9088K(9088K)->0K(9088K) From: 87K(1088K)->99K(1088K)
[2025-04-16T14:44:15.217+0000][349.226s][info][gc,heap        ] GC(238) Tenured: 14399K(22484K)->14400K(22484K)
[2025-04-16T14:44:15.217+0000][349.226s][info][gc,metaspace   ] GC(238) Metaspace: 37305K(37696K)->37305K(37696K) NonClass: 32882K(33088K)->32882K(33088K) Class: 4423K(4608K)->4423K(4608K)
[2025-04-16T14:44:15.217+0000][349.226s][info][gc             ] GC(238) Pause Young (Allocation Failure) 23M->14M(31M) 1.618ms
[2025-04-16T14:44:15.217+0000][349.226s][info][gc,cpu         ] GC(238) User=0.00s Sys=0.00s Real=0.00s
[2025-04-16T14:44:16.644+0000][350.653s][info][gc,start       ] GC(239) Pause Young (Allocation Failure)
[2025-04-16T14:44:16.645+0000][350.654s][info][gc,heap        ] GC(239) DefNew: 9181K(10176K)->90K(10176K) Eden: 9082K(9088K)->0K(9088K) From: 99K(1088K)->90K(1088K)
[2025-04-16T14:44:16.645+0000][350.654s][info][gc,heap        ] GC(239) Tenured: 14400K(22484K)->14400K(22484K)
[2025-04-16T14:44:16.645+0000][350.654s][info][gc,metaspace   ] GC(239) Metaspace: 37305K(37696K)->37305K(37696K) NonClass: 32882K(33088K)->32882K(33088K) Class: 4423K(4608K)->4423K(4608K)
[2025-04-16T14:44:16.645+0000][350.654s][info][gc             ] GC(239) Pause Young (Allocation Failure) 23M->14M(31M) 1.381ms
[2025-04-16T14:44:16.645+0000][350.654s][info][gc,cpu         ] GC(239) User=0.00s Sys=0.00s Real=0.01s
[2025-04-16T14:44:18.273+0000][352.282s][info][gc,start       ] GC(240) Pause Young (Allocation Failure)
[2025-04-16T14:44:18.275+0000][352.284s][info][gc,heap        ] GC(240) DefNew: 9178K(10176K)->87K(10176K) Eden: 9088K(9088K)->0K(9088K) From: 90K(1088K)->87K(1088K)
[2025-04-16T14:44:18.275+0000][352.284s][info][gc,heap        ] GC(240) Tenured: 14400K(22484K)->14400K(22484K)
[2025-04-16T14:44:18.275+0000][352.284s][info][gc,metaspace   ] GC(240) Metaspace: 37305K(37696K)->37305K(37696K) NonClass: 32882K(33088K)->32882K(33088K) Class: 4423K(4608K)->4423K(4608K)
[2025-04-16T14:44:18.275+0000][352.284s][info][gc             ] GC(240) Pause Young (Allocation Failure) 23M->14M(31M) 1.554ms
[2025-04-16T14:44:18.275+0000][352.284s][info][gc,cpu         ] GC(240) User=0.00s Sys=0.00s Real=0.01s
[2025-04-16T14:44:19.784+0000][353.793s][info][gc,start       ] GC(241) Pause Young (Allocation Failure)
[2025-04-16T14:44:19.785+0000][353.794s][info][gc,heap        ] GC(241) DefNew: 9175K(10176K)->89K(10176K) Eden: 9088K(9088K)->0K(9088K) From: 87K(1088K)->89K(1088K)
[2025-04-16T14:44:19.785+0000][353.794s][info][gc,heap        ] GC(241) Tenured: 14400K(22484K)->14402K(22484K)
[2025-04-16T14:44:19.785+0000][353.794s][info][gc,metaspace   ] GC(241) Metaspace: 37306K(37696K)->37306K(37696K) NonClass: 32883K(33088K)->32883K(33088K) Class: 4423K(4608K)->4423K(4608K)
[2025-04-16T14:44:19.785+0000][353.794s][info][gc             ] GC(241) Pause Young (Allocation Failure) 23M->14M(31M) 1.543ms
[2025-04-16T14:44:19.785+0000][353.794s][info][gc,cpu         ] GC(241) User=0.00s Sys=0.00s Real=0.01s
[2025-04-16T14:44:21.423+0000][355.432s][info][gc,start       ] GC(242) Pause Young (Allocation Failure)
[2025-04-16T14:44:21.424+0000][355.433s][info][gc,heap        ] GC(242) DefNew: 9177K(10176K)->100K(10176K) Eden: 9087K(9088K)->0K(9088K) From: 89K(1088K)->100K(1088K)
[2025-04-16T14:44:21.424+0000][355.434s][info][gc,heap        ] GC(242) Tenured: 14402K(22484K)->14403K(22484K)
[2025-04-16T14:44:21.424+0000][355.434s][info][gc,metaspace   ] GC(242) Metaspace: 37306K(37696K)->37306K(37696K) NonClass: 32883K(33088K)->32883K(33088K) Class: 4423K(4608K)->4423K(4608K)
[2025-04-16T14:44:21.425+0000][355.434s][info][gc             ] GC(242) Pause Young (Allocation Failure) 23M->14M(31M) 1.526ms
[2025-04-16T14:44:21.425+0000][355.434s][info][gc,cpu         ] GC(242) User=0.00s Sys=0.00s Real=0.01s
[2025-04-16T14:44:23.086+0000][357.095s][info][gc,start       ] GC(243) Pause Young (Allocation Failure)
[2025-04-16T14:44:23.089+0000][357.098s][info][gc,heap        ] GC(243) DefNew: 9188K(10176K)->80K(10176K) Eden: 9088K(9088K)->0K(9088K) From: 100K(1088K)->80K(1088K)
[2025-04-16T14:44:23.089+0000][357.098s][info][gc,heap        ] GC(243) Tenured: 14403K(22484K)->14405K(22484K)
[2025-04-16T14:44:23.089+0000][357.098s][info][gc,metaspace   ] GC(243) Metaspace: 37306K(37696K)->37306K(37696K) NonClass: 32883K(33088K)->32883K(33088K) Class: 4423K(4608K)->4423K(4608K)
[2025-04-16T14:44:23.089+0000][357.098s][info][gc             ] GC(243) Pause Young (Allocation Failure) 23M->14M(31M) 3.433ms
[2025-04-16T14:44:23.089+0000][357.098s][info][gc,cpu         ] GC(243) User=0.00s Sys=0.00s Real=0.00s
[2025-04-16T14:44:24.761+0000][358.770s][info][gc,start       ] GC(244) Pause Young (Allocation Failure)
[2025-04-16T14:44:24.762+0000][358.771s][info][gc,heap        ] GC(244) DefNew: 9168K(10176K)->83K(10176K) Eden: 9088K(9088K)->0K(9088K) From: 80K(1088K)->83K(1088K)
[2025-04-16T14:44:24.762+0000][358.771s][info][gc,heap        ] GC(244) Tenured: 14405K(22484K)->14405K(22484K)
[2025-04-16T14:44:24.762+0000][358.771s][info][gc,metaspace   ] GC(244) Metaspace: 37306K(37696K)->37306K(37696K) NonClass: 32883K(33088K)->32883K(33088K) Class: 4423K(4608K)->4423K(4608K)
[2025-04-16T14:44:24.762+0000][358.771s][info][gc             ] GC(244) Pause Young (Allocation Failure) 23M->14M(31M) 1.341ms
[2025-04-16T14:44:24.762+0000][358.771s][info][gc,cpu         ] GC(244) User=0.00s Sys=0.00s Real=0.00s
[2025-04-16T14:44:26.376+0000][360.385s][info][gc,start       ] GC(245) Pause Young (Allocation Failure)
[2025-04-16T14:44:26.377+0000][360.386s][info][gc,heap        ] GC(245) DefNew: 9171K(10176K)->91K(10176K) Eden: 9088K(9088K)->0K(9088K) From: 83K(1088K)->91K(1088K)
[2025-04-16T14:44:26.377+0000][360.386s][info][gc,heap        ] GC(245) Tenured: 14405K(22484K)->14406K(22484K)
[2025-04-16T14:44:26.377+0000][360.386s][info][gc,metaspace   ] GC(245) Metaspace: 37306K(37696K)->37306K(37696K) NonClass: 32883K(33088K)->32883K(33088K) Class: 4423K(4608K)->4423K(4608K)
[2025-04-16T14:44:26.377+0000][360.386s][info][gc             ] GC(245) Pause Young (Allocation Failure) 23M->14M(31M) 1.564ms
[2025-04-16T14:44:26.377+0000][360.386s][info][gc,cpu         ] GC(245) User=0.00s Sys=0.00s Real=0.00s
[2025-04-16T14:44:28.043+0000][362.052s][info][gc,start       ] GC(246) Pause Young (Allocation Failure)
[2025-04-16T14:44:28.045+0000][362.054s][info][gc,heap        ] GC(246) DefNew: 9179K(10176K)->99K(10176K) Eden: 9088K(9088K)->0K(9088K) From: 91K(1088K)->99K(1088K)
[2025-04-16T14:44:28.045+0000][362.054s][info][gc,heap        ] GC(246) Tenured: 14406K(22484K)->14406K(22484K)
[2025-04-16T14:44:28.045+0000][362.054s][info][gc,metaspace   ] GC(246) Metaspace: 37307K(37696K)->37307K(37696K) NonClass: 32883K(33088K)->32883K(33088K) Class: 4423K(4608K)->4423K(4608K)
[2025-04-16T14:44:28.045+0000][362.054s][info][gc             ] GC(246) Pause Young (Allocation Failure) 23M->14M(31M) 1.304ms
[2025-04-16T14:44:28.045+0000][362.054s][info][gc,cpu         ] GC(246) User=0.00s Sys=0.00s Real=0.01s
[2025-04-16T14:44:29.614+0000][363.623s][info][gc,start       ] GC(247) Pause Young (Allocation Failure)
[2025-04-16T14:44:29.616+0000][363.625s][info][gc,heap        ] GC(247) DefNew: 9187K(10176K)->85K(10176K) Eden: 9088K(9088K)->0K(9088K) From: 99K(1088K)->85K(1088K)
[2025-04-16T14:44:29.616+0000][363.625s][info][gc,heap        ] GC(247) Tenured: 14406K(22484K)->14406K(22484K)
[2025-04-16T14:44:29.616+0000][363.625s][info][gc,metaspace   ] GC(247) Metaspace: 37307K(37696K)->37307K(37696K) NonClass: 32884K(33088K)->32884K(33088K) Class: 4423K(4608K)->4423K(4608K)
[2025-04-16T14:44:29.616+0000][363.625s][info][gc             ] GC(247) Pause Young (Allocation Failure) 23M->14M(31M) 1.573ms
[2025-04-16T14:44:29.616+0000][363.625s][info][gc,cpu         ] GC(247) User=0.00s Sys=0.00s Real=0.01s
[2025-04-16T14:44:31.168+0000][365.177s][info][gc,start       ] GC(248) Pause Young (Allocation Failure)
[2025-04-16T14:44:31.169+0000][365.178s][info][gc,heap        ] GC(248) DefNew: 9173K(10176K)->105K(10176K) Eden: 9088K(9088K)->0K(9088K) From: 85K(1088K)->105K(1088K)
[2025-04-16T14:44:31.169+0000][365.178s][info][gc,heap        ] GC(248) Tenured: 14406K(22484K)->14409K(22484K)
[2025-04-16T14:44:31.169+0000][365.178s][info][gc,metaspace   ] GC(248) Metaspace: 37307K(37696K)->37307K(37696K) NonClass: 32884K(33088K)->32884K(33088K) Class: 4423K(4608K)->4423K(4608K)
[2025-04-16T14:44:31.169+0000][365.178s][info][gc             ] GC(248) Pause Young (Allocation Failure) 23M->14M(31M) 1.425ms
[2025-04-16T14:44:31.169+0000][365.178s][info][gc,cpu         ] GC(248) User=0.00s Sys=0.00s Real=0.00s
[2025-04-16T14:44:32.820+0000][366.829s][info][gc,start       ] GC(249) Pause Young (Allocation Failure)
[2025-04-16T14:44:32.821+0000][366.830s][info][gc,heap        ] GC(249) DefNew: 9193K(10176K)->98K(10176K) Eden: 9088K(9088K)->0K(9088K) From: 105K(1088K)->98K(1088K)
[2025-04-16T14:44:32.821+0000][366.830s][info][gc,heap        ] GC(249) Tenured: 14409K(22484K)->14410K(22484K)
[2025-04-16T14:44:32.821+0000][366.830s][info][gc,metaspace   ] GC(249) Metaspace: 37307K(37696K)->37307K(37696K) NonClass: 32884K(33088K)->32884K(33088K) Class: 4423K(4608K)->4423K(4608K)
[2025-04-16T14:44:32.821+0000][366.830s][info][gc             ] GC(249) Pause Young (Allocation Failure) 23M->14M(31M) 1.576ms
[2025-04-16T14:44:32.821+0000][366.830s][info][gc,cpu         ] GC(249) User=0.01s Sys=0.00s Real=0.00s
[2025-04-16T14:44:34.480+0000][368.489s][info][gc,start       ] GC(250) Pause Young (Allocation Failure)
[2025-04-16T14:44:34.481+0000][368.490s][info][gc,heap        ] GC(250) DefNew: 9186K(10176K)->70K(10176K) Eden: 9088K(9088K)->0K(9088K) From: 98K(1088K)->70K(1088K)
[2025-04-16T14:44:34.481+0000][368.490s][info][gc,heap        ] GC(250) Tenured: 14410K(22484K)->14410K(22484K)
[2025-04-16T14:44:34.481+0000][368.490s][info][gc,metaspace   ] GC(250) Metaspace: 37309K(37696K)->37309K(37696K) NonClass: 32885K(33088K)->32885K(33088K) Class: 4424K(4608K)->4424K(4608K)
[2025-04-16T14:44:34.481+0000][368.490s][info][gc             ] GC(250) Pause Young (Allocation Failure) 23M->14M(31M) 1.446ms
[2025-04-16T14:44:34.481+0000][368.490s][info][gc,cpu         ] GC(250) User=0.00s Sys=0.00s Real=0.00s
[2025-04-16T14:44:36.033+0000][370.042s][info][gc,start       ] GC(251) Pause Young (Allocation Failure)
[2025-04-16T14:44:36.035+0000][370.044s][info][gc,heap        ] GC(251) DefNew: 9158K(10176K)->81K(10176K) Eden: 9088K(9088K)->0K(9088K) From: 70K(1088K)->81K(1088K)
[2025-04-16T14:44:36.035+0000][370.044s][info][gc,heap        ] GC(251) Tenured: 14410K(22484K)->14411K(22484K)
[2025-04-16T14:44:36.035+0000][370.044s][info][gc,metaspace   ] GC(251) Metaspace: 37309K(37696K)->37309K(37696K) NonClass: 32885K(33088K)->32885K(33088K) Class: 4424K(4608K)->4424K(4608K)
[2025-04-16T14:44:36.035+0000][370.044s][info][gc             ] GC(251) Pause Young (Allocation Failure) 23M->14M(31M) 1.367ms
[2025-04-16T14:44:36.035+0000][370.044s][info][gc,cpu         ] GC(251) User=0.00s Sys=0.00s Real=0.01s
[2025-04-16T14:44:37.487+0000][371.496s][info][gc,start       ] GC(252) Pause Young (Allocation Failure)
[2025-04-16T14:44:37.489+0000][371.498s][info][gc,heap        ] GC(252) DefNew: 9169K(10176K)->84K(10176K) Eden: 9088K(9088K)->0K(9088K) From: 81K(1088K)->84K(1088K)
[2025-04-16T14:44:37.489+0000][371.498s][info][gc,heap        ] GC(252) Tenured: 14411K(22484K)->14411K(22484K)
[2025-04-16T14:44:37.489+0000][371.498s][info][gc,metaspace   ] GC(252) Metaspace: 37309K(37696K)->37309K(37696K) NonClass: 32885K(33088K)->32885K(33088K) Class: 4424K(4608K)->4424K(4608K)
[2025-04-16T14:44:37.489+0000][371.498s][info][gc             ] GC(252) Pause Young (Allocation Failure) 23M->14M(31M) 1.538ms
[2025-04-16T14:44:37.489+0000][371.498s][info][gc,cpu         ] GC(252) User=0.00s Sys=0.00s Real=0.00s
[2025-04-16T14:44:39.138+0000][373.147s][info][gc,start       ] GC(253) Pause Young (Allocation Failure)
[2025-04-16T14:44:39.139+0000][373.148s][info][gc,heap        ] GC(253) DefNew: 9172K(10176K)->96K(10176K) Eden: 9088K(9088K)->0K(9088K) From: 84K(1088K)->96K(1088K)
[2025-04-16T14:44:39.139+0000][373.148s][info][gc,heap        ] GC(253) Tenured: 14411K(22484K)->14411K(22484K)
[2025-04-16T14:44:39.139+0000][373.148s][info][gc,metaspace   ] GC(253) Metaspace: 37309K(37696K)->37309K(37696K) NonClass: 32885K(33088K)->32885K(33088K) Class: 4424K(4608K)->4424K(4608K)
[2025-04-16T14:44:39.139+0000][373.148s][info][gc             ] GC(253) Pause Young (Allocation Failure) 23M->14M(31M) 1.479ms
[2025-04-16T14:44:39.139+0000][373.148s][info][gc,cpu         ] GC(253) User=0.00s Sys=0.00s Real=0.00s
[2025-04-16T14:44:40.685+0000][374.694s][info][gc,start       ] GC(254) Pause Young (Allocation Failure)
[2025-04-16T14:44:40.686+0000][374.695s][info][gc,heap        ] GC(254) DefNew: 9184K(10176K)->69K(10176K) Eden: 9088K(9088K)->0K(9088K) From: 96K(1088K)->69K(1088K)
[2025-04-16T14:44:40.686+0000][374.695s][info][gc,heap        ] GC(254) Tenured: 14411K(22484K)->14411K(22484K)
[2025-04-16T14:44:40.686+0000][374.695s][info][gc,metaspace   ] GC(254) Metaspace: 37309K(37696K)->37309K(37696K) NonClass: 32885K(33088K)->32885K(33088K) Class: 4424K(4608K)->4424K(4608K)
[2025-04-16T14:44:40.686+0000][374.695s][info][gc             ] GC(254) Pause Young (Allocation Failure) 23M->14M(31M) 1.370ms
[2025-04-16T14:44:40.686+0000][374.695s][info][gc,cpu         ] GC(254) User=0.00s Sys=0.00s Real=0.00s
[2025-04-16T14:44:42.450+0000][376.459s][info][gc,start       ] GC(255) Pause Young (Allocation Failure)
[2025-04-16T14:44:42.451+0000][376.460s][info][gc,heap        ] GC(255) DefNew: 9157K(10176K)->79K(10176K) Eden: 9088K(9088K)->0K(9088K) From: 69K(1088K)->79K(1088K)
[2025-04-16T14:44:42.451+0000][376.460s][info][gc,heap        ] GC(255) Tenured: 14411K(22484K)->14412K(22484K)
[2025-04-16T14:44:42.451+0000][376.460s][info][gc,metaspace   ] GC(255) Metaspace: 37310K(37696K)->37310K(37696K) NonClass: 32885K(33088K)->32885K(33088K) Class: 4424K(4608K)->4424K(4608K)
[2025-04-16T14:44:42.451+0000][376.460s][info][gc             ] GC(255) Pause Young (Allocation Failure) 23M->14M(31M) 1.566ms
[2025-04-16T14:44:42.451+0000][376.460s][info][gc,cpu         ] GC(255) User=0.00s Sys=0.00s Real=0.00s
[2025-04-16T14:44:44.124+0000][378.133s][info][gc,start       ] GC(256) Pause Young (Allocation Failure)
[2025-04-16T14:44:44.125+0000][378.134s][info][gc,heap        ] GC(256) DefNew: 9167K(10176K)->84K(10176K) Eden: 9088K(9088K)->0K(9088K) From: 79K(1088K)->84K(1088K)
[2025-04-16T14:44:44.125+0000][378.134s][info][gc,heap        ] GC(256) Tenured: 14412K(22484K)->14412K(22484K)
[2025-04-16T14:44:44.125+0000][378.134s][info][gc,metaspace   ] GC(256) Metaspace: 37310K(37696K)->37310K(37696K) NonClass: 32885K(33088K)->32885K(33088K) Class: 4424K(4608K)->4424K(4608K)
[2025-04-16T14:44:44.125+0000][378.134s][info][gc             ] GC(256) Pause Young (Allocation Failure) 23M->14M(31M) 1.582ms
[2025-04-16T14:44:44.125+0000][378.134s][info][gc,cpu         ] GC(256) User=0.00s Sys=0.00s Real=0.01s
[2025-04-16T14:44:45.473+0000][379.482s][info][gc,start       ] GC(257) Pause Young (Allocation Failure)
[2025-04-16T14:44:45.474+0000][379.483s][info][gc,heap        ] GC(257) DefNew: 9172K(10176K)->94K(10176K) Eden: 9088K(9088K)->0K(9088K) From: 84K(1088K)->94K(1088K)
[2025-04-16T14:44:45.474+0000][379.483s][info][gc,heap        ] GC(257) Tenured: 14412K(22484K)->14415K(22484K)
[2025-04-16T14:44:45.474+0000][379.483s][info][gc,metaspace   ] GC(257) Metaspace: 37310K(37696K)->37310K(37696K) NonClass: 32885K(33088K)->32885K(33088K) Class: 4424K(4608K)->4424K(4608K)
[2025-04-16T14:44:45.474+0000][379.483s][info][gc             ] GC(257) Pause Young (Allocation Failure) 23M->14M(31M) 1.379ms
[2025-04-16T14:44:45.474+0000][379.483s][info][gc,cpu         ] GC(257) User=0.00s Sys=0.00s Real=0.01s
[2025-04-16T14:44:47.209+0000][381.218s][info][gc,start       ] GC(258) Pause Young (Allocation Failure)
[2025-04-16T14:44:47.210+0000][381.219s][info][gc,heap        ] GC(258) DefNew: 9177K(10176K)->84K(10176K) Eden: 9083K(9088K)->0K(9088K) From: 94K(1088K)->84K(1088K)
[2025-04-16T14:44:47.210+0000][381.219s][info][gc,heap        ] GC(258) Tenured: 14415K(22484K)->14415K(22484K)
[2025-04-16T14:44:47.210+0000][381.219s][info][gc,metaspace   ] GC(258) Metaspace: 37310K(37696K)->37310K(37696K) NonClass: 32885K(33088K)->32885K(33088K) Class: 4424K(4608K)->4424K(4608K)
[2025-04-16T14:44:47.210+0000][381.220s][info][gc             ] GC(258) Pause Young (Allocation Failure) 23M->14M(31M) 1.316ms
[2025-04-16T14:44:47.210+0000][381.220s][info][gc,cpu         ] GC(258) User=0.00s Sys=0.00s Real=0.00s
[2025-04-16T14:44:48.932+0000][382.941s][info][gc,start       ] GC(259) Pause Young (Allocation Failure)
[2025-04-16T14:44:48.933+0000][382.942s][info][gc,heap        ] GC(259) DefNew: 9172K(10176K)->95K(10176K) Eden: 9088K(9088K)->0K(9088K) From: 84K(1088K)->95K(1088K)
[2025-04-16T14:44:48.933+0000][382.942s][info][gc,heap        ] GC(259) Tenured: 14415K(22484K)->14415K(22484K)
[2025-04-16T14:44:48.933+0000][382.942s][info][gc,metaspace   ] GC(259) Metaspace: 37310K(37696K)->37310K(37696K) NonClass: 32885K(33088K)->32885K(33088K) Class: 4424K(4608K)->4424K(4608K)
[2025-04-16T14:44:48.933+0000][382.942s][info][gc             ] GC(259) Pause Young (Allocation Failure) 23M->14M(31M) 1.562ms
[2025-04-16T14:44:48.933+0000][382.942s][info][gc,cpu         ] GC(259) User=0.00s Sys=0.00s Real=0.00s
[2025-04-16T14:44:50.436+0000][384.445s][info][gc,start       ] GC(260) Pause Young (Allocation Failure)
[2025-04-16T14:44:50.437+0000][384.446s][info][gc,heap        ] GC(260) DefNew: 9183K(10176K)->75K(10176K) Eden: 9087K(9088K)->0K(9088K) From: 95K(1088K)->75K(1088K)
[2025-04-16T14:44:50.437+0000][384.446s][info][gc,heap        ] GC(260) Tenured: 14415K(22484K)->14415K(22484K)
[2025-04-16T14:44:50.437+0000][384.446s][info][gc,metaspace   ] GC(260) Metaspace: 37310K(37696K)->37310K(37696K) NonClass: 32885K(33088K)->32885K(33088K) Class: 4424K(4608K)->4424K(4608K)
[2025-04-16T14:44:50.437+0000][384.446s][info][gc             ] GC(260) Pause Young (Allocation Failure) 23M->14M(31M) 1.465ms
[2025-04-16T14:44:50.437+0000][384.446s][info][gc,cpu         ] GC(260) User=0.00s Sys=0.00s Real=0.00s
[2025-04-16T14:44:52.152+0000][386.161s][info][gc,start       ] GC(261) Pause Young (Allocation Failure)
[2025-04-16T14:44:52.154+0000][386.163s][info][gc,heap        ] GC(261) DefNew: 9163K(10176K)->89K(10176K) Eden: 9088K(9088K)->0K(9088K) From: 75K(1088K)->89K(1088K)
[2025-04-16T14:44:52.154+0000][386.163s][info][gc,heap        ] GC(261) Tenured: 14415K(22484K)->14418K(22484K)
[2025-04-16T14:44:52.154+0000][386.163s][info][gc,metaspace   ] GC(261) Metaspace: 37310K(37696K)->37310K(37696K) NonClass: 32885K(33088K)->32885K(33088K) Class: 4424K(4608K)->4424K(4608K)
[2025-04-16T14:44:52.154+0000][386.163s][info][gc             ] GC(261) Pause Young (Allocation Failure) 23M->14M(31M) 1.481ms
[2025-04-16T14:44:52.154+0000][386.163s][info][gc,cpu         ] GC(261) User=0.00s Sys=0.00s Real=0.00s
[2025-04-16T14:44:53.630+0000][387.639s][info][gc,start       ] GC(262) Pause Young (Allocation Failure)
[2025-04-16T14:44:53.632+0000][387.641s][info][gc,heap        ] GC(262) DefNew: 9177K(10176K)->85K(10176K) Eden: 9088K(9088K)->0K(9088K) From: 89K(1088K)->85K(1088K)
[2025-04-16T14:44:53.632+0000][387.641s][info][gc,heap        ] GC(262) Tenured: 14418K(22484K)->14419K(22484K)
[2025-04-16T14:44:53.632+0000][387.641s][info][gc,metaspace   ] GC(262) Metaspace: 37310K(37696K)->37310K(37696K) NonClass: 32885K(33088K)->32885K(33088K) Class: 4424K(4608K)->4424K(4608K)
[2025-04-16T14:44:53.632+0000][387.641s][info][gc             ] GC(262) Pause Young (Allocation Failure) 23M->14M(31M) 1.444ms
[2025-04-16T14:44:53.632+0000][387.641s][info][gc,cpu         ] GC(262) User=0.00s Sys=0.00s Real=0.00s
[2025-04-16T14:44:54.976+0000][388.985s][info][gc,start       ] GC(263) Pause Young (Allocation Failure)
[2025-04-16T14:44:54.978+0000][388.987s][info][gc,heap        ] GC(263) DefNew: 9173K(10176K)->76K(10176K) Eden: 9088K(9088K)->0K(9088K) From: 85K(1088K)->76K(1088K)
[2025-04-16T14:44:54.978+0000][388.987s][info][gc,heap        ] GC(263) Tenured: 14419K(22484K)->14419K(22484K)
[2025-04-16T14:44:54.978+0000][388.987s][info][gc,metaspace   ] GC(263) Metaspace: 37310K(37696K)->37310K(37696K) NonClass: 32885K(33088K)->32885K(33088K) Class: 4424K(4608K)->4424K(4608K)
[2025-04-16T14:44:54.978+0000][388.987s][info][gc             ] GC(263) Pause Young (Allocation Failure) 23M->14M(31M) 1.368ms
[2025-04-16T14:44:54.978+0000][388.987s][info][gc,cpu         ] GC(263) User=0.00s Sys=0.00s Real=0.00s
[2025-04-16T14:44:56.533+0000][390.542s][info][gc,start       ] GC(264) Pause Young (Allocation Failure)
[2025-04-16T14:44:56.534+0000][390.543s][info][gc,heap        ] GC(264) DefNew: 9164K(10176K)->80K(10176K) Eden: 9088K(9088K)->0K(9088K) From: 76K(1088K)->80K(1088K)
[2025-04-16T14:44:56.534+0000][390.543s][info][gc,heap        ] GC(264) Tenured: 14419K(22484K)->14419K(22484K)
[2025-04-16T14:44:56.534+0000][390.543s][info][gc,metaspace   ] GC(264) Metaspace: 37310K(37696K)->37310K(37696K) NonClass: 32885K(33088K)->32885K(33088K) Class: 4424K(4608K)->4424K(4608K)
[2025-04-16T14:44:56.534+0000][390.543s][info][gc             ] GC(264) Pause Young (Allocation Failure) 23M->14M(31M) 1.518ms
[2025-04-16T14:44:56.534+0000][390.543s][info][gc,cpu         ] GC(264) User=0.00s Sys=0.00s Real=0.01s
[2025-04-16T14:44:58.307+0000][392.316s][info][gc,start       ] GC(265) Pause Young (Allocation Failure)
[2025-04-16T14:44:58.308+0000][392.317s][info][gc,heap        ] GC(265) DefNew: 9168K(10176K)->87K(10176K) Eden: 9088K(9088K)->0K(9088K) From: 80K(1088K)->87K(1088K)
[2025-04-16T14:44:58.308+0000][392.317s][info][gc,heap        ] GC(265) Tenured: 14419K(22484K)->14420K(22484K)
[2025-04-16T14:44:58.308+0000][392.317s][info][gc,metaspace   ] GC(265) Metaspace: 37310K(37696K)->37310K(37696K) NonClass: 32885K(33088K)->32885K(33088K) Class: 4424K(4608K)->4424K(4608K)
[2025-04-16T14:44:58.309+0000][392.318s][info][gc             ] GC(265) Pause Young (Allocation Failure) 23M->14M(31M) 1.334ms
[2025-04-16T14:44:58.309+0000][392.318s][info][gc,cpu         ] GC(265) User=0.00s Sys=0.00s Real=0.00s
[2025-04-16T14:44:59.861+0000][393.870s][info][gc,start       ] GC(266) Pause Young (Allocation Failure)
[2025-04-16T14:44:59.862+0000][393.871s][info][gc,heap        ] GC(266) DefNew: 9175K(10176K)->89K(10176K) Eden: 9088K(9088K)->0K(9088K) From: 87K(1088K)->89K(1088K)
[2025-04-16T14:44:59.862+0000][393.871s][info][gc,heap        ] GC(266) Tenured: 14420K(22484K)->14420K(22484K)
[2025-04-16T14:44:59.862+0000][393.871s][info][gc,metaspace   ] GC(266) Metaspace: 37310K(37696K)->37310K(37696K) NonClass: 32885K(33088K)->32885K(33088K) Class: 4424K(4608K)->4424K(4608K)
[2025-04-16T14:44:59.862+0000][393.871s][info][gc             ] GC(266) Pause Young (Allocation Failure) 23M->14M(31M) 1.342ms
[2025-04-16T14:44:59.862+0000][393.871s][info][gc,cpu         ] GC(266) User=0.00s Sys=0.00s Real=0.00s
[2025-04-16T14:45:01.283+0000][395.292s][info][gc,start       ] GC(267) Pause Young (Allocation Failure)
[2025-04-16T14:45:01.284+0000][395.293s][info][gc,heap        ] GC(267) DefNew: 9177K(10176K)->72K(10176K) Eden: 9088K(9088K)->0K(9088K) From: 89K(1088K)->72K(1088K)
[2025-04-16T14:45:01.284+0000][395.293s][info][gc,heap        ] GC(267) Tenured: 14420K(22484K)->14420K(22484K)
[2025-04-16T14:45:01.284+0000][395.293s][info][gc,metaspace   ] GC(267) Metaspace: 37310K(37696K)->37310K(37696K) NonClass: 32885K(33088K)->32885K(33088K) Class: 4424K(4608K)->4424K(4608K)
[2025-04-16T14:45:01.284+0000][395.293s][info][gc             ] GC(267) Pause Young (Allocation Failure) 23M->14M(31M) 1.358ms
[2025-04-16T14:45:01.284+0000][395.293s][info][gc,cpu         ] GC(267) User=0.00s Sys=0.00s Real=0.01s
[2025-04-16T14:45:02.950+0000][396.959s][info][gc,start       ] GC(268) Pause Young (Allocation Failure)
[2025-04-16T14:45:02.952+0000][396.961s][info][gc,heap        ] GC(268) DefNew: 9160K(10176K)->72K(10176K) Eden: 9088K(9088K)->0K(9088K) From: 72K(1088K)->72K(1088K)
[2025-04-16T14:45:02.952+0000][396.961s][info][gc,heap        ] GC(268) Tenured: 14420K(22484K)->14420K(22484K)
[2025-04-16T14:45:02.952+0000][396.961s][info][gc,metaspace   ] GC(268) Metaspace: 37310K(37696K)->37310K(37696K) NonClass: 32885K(33088K)->32885K(33088K) Class: 4424K(4608K)->4424K(4608K)
[2025-04-16T14:45:02.952+0000][396.961s][info][gc             ] GC(268) Pause Young (Allocation Failure) 23M->14M(31M) 1.382ms
[2025-04-16T14:45:02.952+0000][396.961s][info][gc,cpu         ] GC(268) User=0.00s Sys=0.00s Real=0.00s
[2025-04-16T14:45:04.762+0000][398.771s][info][gc,start       ] GC(269) Pause Young (Allocation Failure)
[2025-04-16T14:45:04.763+0000][398.772s][info][gc,heap        ] GC(269) DefNew: 9160K(10176K)->68K(10176K) Eden: 9088K(9088K)->0K(9088K) From: 72K(1088K)->68K(1088K)
[2025-04-16T14:45:04.763+0000][398.772s][info][gc,heap        ] GC(269) Tenured: 14420K(22484K)->14420K(22484K)
[2025-04-16T14:45:04.763+0000][398.772s][info][gc,metaspace   ] GC(269) Metaspace: 37310K(37696K)->37310K(37696K) NonClass: 32885K(33088K)->32885K(33088K) Class: 4424K(4608K)->4424K(4608K)
[2025-04-16T14:45:04.763+0000][398.773s][info][gc             ] GC(269) Pause Young (Allocation Failure) 23M->14M(31M) 1.382ms
[2025-04-16T14:45:04.764+0000][398.773s][info][gc,cpu         ] GC(269) User=0.00s Sys=0.00s Real=0.00s
[2025-04-16T14:45:06.230+0000][400.239s][info][gc,start       ] GC(270) Pause Young (Allocation Failure)
[2025-04-16T14:45:06.232+0000][400.241s][info][gc,heap        ] GC(270) DefNew: 9156K(10176K)->132K(10176K) Eden: 9088K(9088K)->0K(9088K) From: 68K(1088K)->132K(1088K)
[2025-04-16T14:45:06.232+0000][400.241s][info][gc,heap        ] GC(270) Tenured: 14420K(22484K)->14420K(22484K)
[2025-04-16T14:45:06.232+0000][400.241s][info][gc,metaspace   ] GC(270) Metaspace: 37310K(37696K)->37310K(37696K) NonClass: 32885K(33088K)->32885K(33088K) Class: 4424K(4608K)->4424K(4608K)
[2025-04-16T14:45:06.232+0000][400.241s][info][gc             ] GC(270) Pause Young (Allocation Failure) 23M->14M(31M) 1.542ms
[2025-04-16T14:45:06.232+0000][400.241s][info][gc,cpu         ] GC(270) User=0.00s Sys=0.00s Real=0.00s
[2025-04-16T14:45:07.825+0000][401.834s][info][gc,start       ] GC(271) Pause Young (Allocation Failure)
[2025-04-16T14:45:07.826+0000][401.835s][info][gc,heap        ] GC(271) DefNew: 9220K(10176K)->73K(10176K) Eden: 9088K(9088K)->0K(9088K) From: 132K(1088K)->73K(1088K)
[2025-04-16T14:45:07.826+0000][401.835s][info][gc,heap        ] GC(271) Tenured: 14420K(22484K)->14420K(22484K)
[2025-04-16T14:45:07.826+0000][401.835s][info][gc,metaspace   ] GC(271) Metaspace: 37310K(37696K)->37310K(37696K) NonClass: 32885K(33088K)->32885K(33088K) Class: 4424K(4608K)->4424K(4608K)
[2025-04-16T14:45:07.826+0000][401.835s][info][gc             ] GC(271) Pause Young (Allocation Failure) 23M->14M(31M) 1.434ms
[2025-04-16T14:45:07.826+0000][401.835s][info][gc,cpu         ] GC(271) User=0.00s Sys=0.00s Real=0.00s
[2025-04-16T14:45:09.235+0000][403.244s][info][gc,start       ] GC(272) Pause Young (Allocation Failure)
[2025-04-16T14:45:09.236+0000][403.245s][info][gc,heap        ] GC(272) DefNew: 9161K(10176K)->75K(10176K) Eden: 9088K(9088K)->0K(9088K) From: 73K(1088K)->75K(1088K)
[2025-04-16T14:45:09.236+0000][403.245s][info][gc,heap        ] GC(272) Tenured: 14420K(22484K)->14420K(22484K)
[2025-04-16T14:45:09.236+0000][403.245s][info][gc,metaspace   ] GC(272) Metaspace: 37310K(37696K)->37310K(37696K) NonClass: 32885K(33088K)->32885K(33088K) Class: 4424K(4608K)->4424K(4608K)
[2025-04-16T14:45:09.236+0000][403.245s][info][gc             ] GC(272) Pause Young (Allocation Failure) 23M->14M(31M) 1.245ms
[2025-04-16T14:45:09.236+0000][403.245s][info][gc,cpu         ] GC(272) User=0.00s Sys=0.00s Real=0.00s
[2025-04-16T14:45:10.690+0000][404.699s][info][gc,start       ] GC(273) Pause Young (Allocation Failure)
[2025-04-16T14:45:10.691+0000][404.700s][info][gc,heap        ] GC(273) DefNew: 9163K(10176K)->77K(10176K) Eden: 9088K(9088K)->0K(9088K) From: 75K(1088K)->77K(1088K)
[2025-04-16T14:45:10.691+0000][404.700s][info][gc,heap        ] GC(273) Tenured: 14420K(22484K)->14420K(22484K)
[2025-04-16T14:45:10.691+0000][404.700s][info][gc,metaspace   ] GC(273) Metaspace: 37310K(37696K)->37310K(37696K) NonClass: 32885K(33088K)->32885K(33088K) Class: 4424K(4608K)->4424K(4608K)
[2025-04-16T14:45:10.691+0000][404.700s][info][gc             ] GC(273) Pause Young (Allocation Failure) 23M->14M(31M) 1.449ms
[2025-04-16T14:45:10.691+0000][404.700s][info][gc,cpu         ] GC(273) User=0.00s Sys=0.00s Real=0.00s
[2025-04-16T14:45:12.533+0000][406.542s][info][gc,start       ] GC(274) Pause Young (Allocation Failure)
[2025-04-16T14:45:12.534+0000][406.543s][info][gc,heap        ] GC(274) DefNew: 9165K(10176K)->88K(10176K) Eden: 9088K(9088K)->0K(9088K) From: 77K(1088K)->88K(1088K)
[2025-04-16T14:45:12.534+0000][406.543s][info][gc,heap        ] GC(274) Tenured: 14420K(22484K)->14420K(22484K)
[2025-04-16T14:45:12.534+0000][406.543s][info][gc,metaspace   ] GC(274) Metaspace: 37310K(37696K)->37310K(37696K) NonClass: 32885K(33088K)->32885K(33088K) Class: 4424K(4608K)->4424K(4608K)
[2025-04-16T14:45:12.534+0000][406.543s][info][gc             ] GC(274) Pause Young (Allocation Failure) 23M->14M(31M) 1.263ms
[2025-04-16T14:45:12.534+0000][406.543s][info][gc,cpu         ] GC(274) User=0.00s Sys=0.00s Real=0.01s
[2025-04-16T14:45:14.164+0000][408.173s][info][gc,start       ] GC(275) Pause Young (Allocation Failure)
[2025-04-16T14:45:14.166+0000][408.175s][info][gc,heap        ] GC(275) DefNew: 9176K(10176K)->70K(10176K) Eden: 9088K(9088K)->0K(9088K) From: 88K(1088K)->70K(1088K)
[2025-04-16T14:45:14.166+0000][408.175s][info][gc,heap        ] GC(275) Tenured: 14420K(22484K)->14420K(22484K)
[2025-04-16T14:45:14.166+0000][408.175s][info][gc,metaspace   ] GC(275) Metaspace: 37310K(37696K)->37310K(37696K) NonClass: 32885K(33088K)->32885K(33088K) Class: 4424K(4608K)->4424K(4608K)
[2025-04-16T14:45:14.166+0000][408.175s][info][gc             ] GC(275) Pause Young (Allocation Failure) 23M->14M(31M) 1.286ms
[2025-04-16T14:45:14.166+0000][408.175s][info][gc,cpu         ] GC(275) User=0.00s Sys=0.00s Real=0.00s
[2025-04-16T14:45:15.991+0000][410.000s][info][gc,start       ] GC(276) Pause Young (Allocation Failure)
[2025-04-16T14:45:15.992+0000][410.001s][info][gc,heap        ] GC(276) DefNew: 9152K(10176K)->75K(10176K) Eden: 9082K(9088K)->0K(9088K) From: 70K(1088K)->75K(1088K)
[2025-04-16T14:45:15.992+0000][410.001s][info][gc,heap        ] GC(276) Tenured: 14420K(22484K)->14420K(22484K)
[2025-04-16T14:45:15.992+0000][410.001s][info][gc,metaspace   ] GC(276) Metaspace: 37310K(37696K)->37310K(37696K) NonClass: 32885K(33088K)->32885K(33088K) Class: 4424K(4608K)->4424K(4608K)
[2025-04-16T14:45:15.992+0000][410.001s][info][gc             ] GC(276) Pause Young (Allocation Failure) 23M->14M(31M) 1.276ms
[2025-04-16T14:45:15.992+0000][410.001s][info][gc,cpu         ] GC(276) User=0.00s Sys=0.00s Real=0.00s
[2025-04-16T14:45:17.271+0000][411.280s][info][gc,start       ] GC(277) Pause Young (Allocation Failure)
[2025-04-16T14:45:17.272+0000][411.281s][info][gc,heap        ] GC(277) DefNew: 9163K(10176K)->79K(10176K) Eden: 9088K(9088K)->0K(9088K) From: 75K(1088K)->79K(1088K)
[2025-04-16T14:45:17.272+0000][411.281s][info][gc,heap        ] GC(277) Tenured: 14420K(22484K)->14420K(22484K)
[2025-04-16T14:45:17.272+0000][411.281s][info][gc,metaspace   ] GC(277) Metaspace: 37310K(37696K)->37310K(37696K) NonClass: 32885K(33088K)->32885K(33088K) Class: 4424K(4608K)->4424K(4608K)
[2025-04-16T14:45:17.272+0000][411.281s][info][gc             ] GC(277) Pause Young (Allocation Failure) 23M->14M(31M) 1.486ms
[2025-04-16T14:45:17.272+0000][411.281s][info][gc,cpu         ] GC(277) User=0.00s Sys=0.00s Real=0.00s
[2025-04-16T14:45:19.008+0000][413.017s][info][gc,start       ] GC(278) Pause Young (Allocation Failure)
[2025-04-16T14:45:19.009+0000][413.018s][info][gc,heap        ] GC(278) DefNew: 9167K(10176K)->88K(10176K) Eden: 9088K(9088K)->0K(9088K) From: 79K(1088K)->88K(1088K)
[2025-04-16T14:45:19.009+0000][413.018s][info][gc,heap        ] GC(278) Tenured: 14420K(22484K)->14420K(22484K)
[2025-04-16T14:45:19.009+0000][413.018s][info][gc,metaspace   ] GC(278) Metaspace: 37310K(37696K)->37310K(37696K) NonClass: 32885K(33088K)->32885K(33088K) Class: 4424K(4608K)->4424K(4608K)
[2025-04-16T14:45:19.009+0000][413.018s][info][gc             ] GC(278) Pause Young (Allocation Failure) 23M->14M(31M) 1.302ms
[2025-04-16T14:45:19.009+0000][413.018s][info][gc,cpu         ] GC(278) User=0.00s Sys=0.00s Real=0.00s
[2025-04-16T14:45:20.577+0000][414.586s][info][gc,start       ] GC(279) Pause Young (Allocation Failure)
[2025-04-16T14:45:20.579+0000][414.588s][info][gc,heap        ] GC(279) DefNew: 9176K(10176K)->70K(10176K) Eden: 9088K(9088K)->0K(9088K) From: 88K(1088K)->70K(1088K)
[2025-04-16T14:45:20.579+0000][414.588s][info][gc,heap        ] GC(279) Tenured: 14420K(22484K)->14420K(22484K)
[2025-04-16T14:45:20.579+0000][414.588s][info][gc,metaspace   ] GC(279) Metaspace: 37310K(37696K)->37310K(37696K) NonClass: 32885K(33088K)->32885K(33088K) Class: 4424K(4608K)->4424K(4608K)
[2025-04-16T14:45:20.579+0000][414.588s][info][gc             ] GC(279) Pause Young (Allocation Failure) 23M->14M(31M) 1.307ms
[2025-04-16T14:45:20.579+0000][414.588s][info][gc,cpu         ] GC(279) User=0.00s Sys=0.00s Real=0.00s
[2025-04-16T14:45:22.264+0000][416.273s][info][gc,start       ] GC(280) Pause Young (Allocation Failure)
[2025-04-16T14:45:22.265+0000][416.274s][info][gc,heap        ] GC(280) DefNew: 9155K(10176K)->91K(10176K) Eden: 9084K(9088K)->0K(9088K) From: 70K(1088K)->91K(1088K)
[2025-04-16T14:45:22.265+0000][416.274s][info][gc,heap        ] GC(280) Tenured: 14420K(22484K)->14420K(22484K)
[2025-04-16T14:45:22.265+0000][416.274s][info][gc,metaspace   ] GC(280) Metaspace: 37316K(37696K)->37316K(37696K) NonClass: 32892K(33088K)->32892K(33088K) Class: 4424K(4608K)->4424K(4608K)
[2025-04-16T14:45:22.265+0000][416.274s][info][gc             ] GC(280) Pause Young (Allocation Failure) 23M->14M(31M) 1.378ms
[2025-04-16T14:45:22.265+0000][416.274s][info][gc,cpu         ] GC(280) User=0.01s Sys=0.00s Real=0.01s
[2025-04-16T14:45:23.773+0000][417.782s][info][gc,start       ] GC(281) Pause Young (Allocation Failure)
[2025-04-16T14:45:23.774+0000][417.783s][info][gc,heap        ] GC(281) DefNew: 9179K(10176K)->72K(10176K) Eden: 9087K(9088K)->0K(9088K) From: 91K(1088K)->72K(1088K)
[2025-04-16T14:45:23.774+0000][417.783s][info][gc,heap        ] GC(281) Tenured: 14420K(22484K)->14420K(22484K)
[2025-04-16T14:45:23.774+0000][417.783s][info][gc,metaspace   ] GC(281) Metaspace: 37316K(37696K)->37316K(37696K) NonClass: 32892K(33088K)->32892K(33088K) Class: 4424K(4608K)->4424K(4608K)
[2025-04-16T14:45:23.774+0000][417.783s][info][gc             ] GC(281) Pause Young (Allocation Failure) 23M->14M(31M) 1.398ms
[2025-04-16T14:45:23.774+0000][417.783s][info][gc,cpu         ] GC(281) User=0.00s Sys=0.00s Real=0.01s
[2025-04-16T14:45:25.522+0000][419.531s][info][gc,start       ] GC(282) Pause Young (Allocation Failure)
[2025-04-16T14:45:25.523+0000][419.532s][info][gc,heap        ] GC(282) DefNew: 9160K(10176K)->93K(10176K) Eden: 9088K(9088K)->0K(9088K) From: 72K(1088K)->93K(1088K)
[2025-04-16T14:45:25.523+0000][419.532s][info][gc,heap        ] GC(282) Tenured: 14420K(22484K)->14420K(22484K)
[2025-04-16T14:45:25.523+0000][419.532s][info][gc,metaspace   ] GC(282) Metaspace: 37316K(37696K)->37316K(37696K) NonClass: 32892K(33088K)->32892K(33088K) Class: 4424K(4608K)->4424K(4608K)
[2025-04-16T14:45:25.523+0000][419.532s][info][gc             ] GC(282) Pause Young (Allocation Failure) 23M->14M(31M) 1.431ms
[2025-04-16T14:45:25.523+0000][419.532s][info][gc,cpu         ] GC(282) User=0.00s Sys=0.00s Real=0.00s
[2025-04-16T14:45:27.201+0000][421.210s][info][gc,start       ] GC(283) Pause Young (Allocation Failure)
[2025-04-16T14:45:27.203+0000][421.212s][info][gc,heap        ] GC(283) DefNew: 9181K(10176K)->88K(10176K) Eden: 9088K(9088K)->0K(9088K) From: 93K(1088K)->88K(1088K)
[2025-04-16T14:45:27.203+0000][421.212s][info][gc,heap        ] GC(283) Tenured: 14420K(22484K)->14420K(22484K)
[2025-04-16T14:45:27.203+0000][421.212s][info][gc,metaspace   ] GC(283) Metaspace: 37316K(37696K)->37316K(37696K) NonClass: 32892K(33088K)->32892K(33088K) Class: 4424K(4608K)->4424K(4608K)
[2025-04-16T14:45:27.203+0000][421.212s][info][gc             ] GC(283) Pause Young (Allocation Failure) 23M->14M(31M) 1.387ms
[2025-04-16T14:45:27.203+0000][421.212s][info][gc,cpu         ] GC(283) User=0.00s Sys=0.00s Real=0.00s
[2025-04-16T14:45:28.777+0000][422.787s][info][gc,start       ] GC(284) Pause Young (Allocation Failure)
[2025-04-16T14:45:28.779+0000][422.788s][info][gc,heap        ] GC(284) DefNew: 9175K(10176K)->85K(10176K) Eden: 9087K(9088K)->0K(9088K) From: 88K(1088K)->85K(1088K)
[2025-04-16T14:45:28.779+0000][422.788s][info][gc,heap        ] GC(284) Tenured: 14420K(22484K)->14420K(22484K)
[2025-04-16T14:45:28.779+0000][422.788s][info][gc,metaspace   ] GC(284) Metaspace: 37316K(37696K)->37316K(37696K) NonClass: 32892K(33088K)->32892K(33088K) Class: 4424K(4608K)->4424K(4608K)
[2025-04-16T14:45:28.779+0000][422.788s][info][gc             ] GC(284) Pause Young (Allocation Failure) 23M->14M(31M) 1.449ms
[2025-04-16T14:45:28.779+0000][422.788s][info][gc,cpu         ] GC(284) User=0.00s Sys=0.00s Real=0.00s
[2025-04-16T14:45:30.498+0000][424.507s][info][gc,start       ] GC(285) Pause Young (Allocation Failure)
[2025-04-16T14:45:30.499+0000][424.508s][info][gc,heap        ] GC(285) DefNew: 9173K(10176K)->102K(10176K) Eden: 9088K(9088K)->0K(9088K) From: 85K(1088K)->102K(1088K)
[2025-04-16T14:45:30.499+0000][424.508s][info][gc,heap        ] GC(285) Tenured: 14420K(22484K)->14420K(22484K)
[2025-04-16T14:45:30.499+0000][424.508s][info][gc,metaspace   ] GC(285) Metaspace: 37316K(37696K)->37316K(37696K) NonClass: 32892K(33088K)->32892K(33088K) Class: 4424K(4608K)->4424K(4608K)
[2025-04-16T14:45:30.499+0000][424.508s][info][gc             ] GC(285) Pause Young (Allocation Failure) 23M->14M(31M) 1.332ms
[2025-04-16T14:45:30.499+0000][424.508s][info][gc,cpu         ] GC(285) User=0.00s Sys=0.00s Real=0.00s
[2025-04-16T14:45:32.256+0000][426.265s][info][gc,start       ] GC(286) Pause Young (Allocation Failure)
[2025-04-16T14:45:32.257+0000][426.266s][info][gc,heap        ] GC(286) DefNew: 9190K(10176K)->72K(10176K) Eden: 9088K(9088K)->0K(9088K) From: 102K(1088K)->72K(1088K)
[2025-04-16T14:45:32.257+0000][426.266s][info][gc,heap        ] GC(286) Tenured: 14420K(22484K)->14420K(22484K)
[2025-04-16T14:45:32.257+0000][426.266s][info][gc,metaspace   ] GC(286) Metaspace: 37316K(37696K)->37316K(37696K) NonClass: 32892K(33088K)->32892K(33088K) Class: 4424K(4608K)->4424K(4608K)
[2025-04-16T14:45:32.257+0000][426.266s][info][gc             ] GC(286) Pause Young (Allocation Failure) 23M->14M(31M) 1.426ms
[2025-04-16T14:45:32.257+0000][426.266s][info][gc,cpu         ] GC(286) User=0.00s Sys=0.00s Real=0.00s
[2025-04-16T14:45:33.924+0000][427.933s][info][gc,start       ] GC(287) Pause Young (Allocation Failure)
[2025-04-16T14:45:33.926+0000][427.935s][info][gc,heap        ] GC(287) DefNew: 9160K(10176K)->81K(10176K) Eden: 9088K(9088K)->0K(9088K) From: 72K(1088K)->81K(1088K)
[2025-04-16T14:45:33.926+0000][427.935s][info][gc,heap        ] GC(287) Tenured: 14420K(22484K)->14420K(22484K)
[2025-04-16T14:45:33.926+0000][427.935s][info][gc,metaspace   ] GC(287) Metaspace: 37317K(37696K)->37317K(37696K) NonClass: 32893K(33088K)->32893K(33088K) Class: 4424K(4608K)->4424K(4608K)
[2025-04-16T14:45:33.926+0000][427.935s][info][gc             ] GC(287) Pause Young (Allocation Failure) 23M->14M(31M) 1.327ms
[2025-04-16T14:45:33.926+0000][427.935s][info][gc,cpu         ] GC(287) User=0.00s Sys=0.00s Real=0.00s
[2025-04-16T14:45:35.439+0000][429.448s][info][gc,start       ] GC(288) Pause Young (Allocation Failure)
[2025-04-16T14:45:35.440+0000][429.449s][info][gc,heap        ] GC(288) DefNew: 9169K(10176K)->72K(10176K) Eden: 9088K(9088K)->0K(9088K) From: 81K(1088K)->72K(1088K)
[2025-04-16T14:45:35.440+0000][429.449s][info][gc,heap        ] GC(288) Tenured: 14420K(22484K)->14420K(22484K)
[2025-04-16T14:45:35.440+0000][429.449s][info][gc,metaspace   ] GC(288) Metaspace: 37317K(37696K)->37317K(37696K) NonClass: 32893K(33088K)->32893K(33088K) Class: 4424K(4608K)->4424K(4608K)
[2025-04-16T14:45:35.440+0000][429.449s][info][gc             ] GC(288) Pause Young (Allocation Failure) 23M->14M(31M) 1.421ms
[2025-04-16T14:45:35.440+0000][429.449s][info][gc,cpu         ] GC(288) User=0.01s Sys=0.00s Real=0.00s
[2025-04-16T14:45:37.074+0000][431.083s][info][gc,start       ] GC(289) Pause Young (Allocation Failure)
[2025-04-16T14:45:37.075+0000][431.084s][info][gc,heap        ] GC(289) DefNew: 9160K(10176K)->88K(10176K) Eden: 9087K(9088K)->0K(9088K) From: 72K(1088K)->88K(1088K)
[2025-04-16T14:45:37.075+0000][431.084s][info][gc,heap        ] GC(289) Tenured: 14420K(22484K)->14420K(22484K)
[2025-04-16T14:45:37.075+0000][431.084s][info][gc,metaspace   ] GC(289) Metaspace: 37317K(37696K)->37317K(37696K) NonClass: 32893K(33088K)->32893K(33088K) Class: 4424K(4608K)->4424K(4608K)
[2025-04-16T14:45:37.075+0000][431.084s][info][gc             ] GC(289) Pause Young (Allocation Failure) 23M->14M(31M) 1.517ms
[2025-04-16T14:45:37.075+0000][431.085s][info][gc,cpu         ] GC(289) User=0.01s Sys=0.00s Real=0.01s
[2025-04-16T14:45:38.533+0000][432.542s][info][gc,start       ] GC(290) Pause Young (Allocation Failure)
[2025-04-16T14:45:38.534+0000][432.543s][info][gc,heap        ] GC(290) DefNew: 9176K(10176K)->70K(10176K) Eden: 9088K(9088K)->0K(9088K) From: 88K(1088K)->70K(1088K)
[2025-04-16T14:45:38.534+0000][432.543s][info][gc,heap        ] GC(290) Tenured: 14420K(22484K)->14420K(22484K)
[2025-04-16T14:45:38.534+0000][432.543s][info][gc,metaspace   ] GC(290) Metaspace: 37317K(37696K)->37317K(37696K) NonClass: 32893K(33088K)->32893K(33088K) Class: 4424K(4608K)->4424K(4608K)
[2025-04-16T14:45:38.534+0000][432.543s][info][gc             ] GC(290) Pause Young (Allocation Failure) 23M->14M(31M) 1.352ms
[2025-04-16T14:45:38.534+0000][432.543s][info][gc,cpu         ] GC(290) User=0.00s Sys=0.00s Real=0.01s
[2025-04-16T14:45:40.060+0000][434.070s][info][gc,start       ] GC(291) Pause Young (Allocation Failure)
[2025-04-16T14:45:40.062+0000][434.071s][info][gc,heap        ] GC(291) DefNew: 9158K(10176K)->73K(10176K) Eden: 9088K(9088K)->0K(9088K) From: 70K(1088K)->73K(1088K)
[2025-04-16T14:45:40.062+0000][434.071s][info][gc,heap        ] GC(291) Tenured: 14420K(22484K)->14420K(22484K)
[2025-04-16T14:45:40.062+0000][434.071s][info][gc,metaspace   ] GC(291) Metaspace: 37317K(37696K)->37317K(37696K) NonClass: 32893K(33088K)->32893K(33088K) Class: 4424K(4608K)->4424K(4608K)
[2025-04-16T14:45:40.062+0000][434.071s][info][gc             ] GC(291) Pause Young (Allocation Failure) 23M->14M(31M) 1.244ms
[2025-04-16T14:45:40.062+0000][434.071s][info][gc,cpu         ] GC(291) User=0.01s Sys=0.00s Real=0.00s
[2025-04-16T14:45:41.684+0000][435.693s][info][gc,start       ] GC(292) Pause Young (Allocation Failure)
[2025-04-16T14:45:41.685+0000][435.694s][info][gc,heap        ] GC(292) DefNew: 9161K(10176K)->82K(10176K) Eden: 9088K(9088K)->0K(9088K) From: 73K(1088K)->82K(1088K)
[2025-04-16T14:45:41.685+0000][435.694s][info][gc,heap        ] GC(292) Tenured: 14420K(22484K)->14420K(22484K)
[2025-04-16T14:45:41.685+0000][435.694s][info][gc,metaspace   ] GC(292) Metaspace: 37317K(37696K)->37317K(37696K) NonClass: 32893K(33088K)->32893K(33088K) Class: 4424K(4608K)->4424K(4608K)
[2025-04-16T14:45:41.685+0000][435.694s][info][gc             ] GC(292) Pause Young (Allocation Failure) 23M->14M(31M) 1.551ms
[2025-04-16T14:45:41.685+0000][435.694s][info][gc,cpu         ] GC(292) User=0.00s Sys=0.00s Real=0.01s
[2025-04-16T14:45:43.260+0000][437.269s][info][gc,start       ] GC(293) Pause Young (Allocation Failure)
[2025-04-16T14:45:43.261+0000][437.270s][info][gc,heap        ] GC(293) DefNew: 9166K(10176K)->78K(10176K) Eden: 9084K(9088K)->0K(9088K) From: 82K(1088K)->78K(1088K)
[2025-04-16T14:45:43.261+0000][437.270s][info][gc,heap        ] GC(293) Tenured: 14420K(22484K)->14420K(22484K)
[2025-04-16T14:45:43.261+0000][437.270s][info][gc,metaspace   ] GC(293) Metaspace: 37317K(37696K)->37317K(37696K) NonClass: 32893K(33088K)->32893K(33088K) Class: 4424K(4608K)->4424K(4608K)
[2025-04-16T14:45:43.261+0000][437.270s][info][gc             ] GC(293) Pause Young (Allocation Failure) 23M->14M(31M) 1.401ms
[2025-04-16T14:45:43.261+0000][437.270s][info][gc,cpu         ] GC(293) User=0.00s Sys=0.00s Real=0.00s
[2025-04-16T14:45:44.850+0000][438.859s][info][gc,start       ] GC(294) Pause Young (Allocation Failure)
[2025-04-16T14:45:44.851+0000][438.860s][info][gc,heap        ] GC(294) DefNew: 9151K(10176K)->75K(10176K) Eden: 9072K(9088K)->0K(9088K) From: 78K(1088K)->75K(1088K)
[2025-04-16T14:45:44.851+0000][438.860s][info][gc,heap        ] GC(294) Tenured: 14420K(22484K)->14420K(22484K)
[2025-04-16T14:45:44.851+0000][438.860s][info][gc,metaspace   ] GC(294) Metaspace: 37317K(37696K)->37317K(37696K) NonClass: 32893K(33088K)->32893K(33088K) Class: 4424K(4608K)->4424K(4608K)
[2025-04-16T14:45:44.851+0000][438.860s][info][gc             ] GC(294) Pause Young (Allocation Failure) 23M->14M(31M) 1.374ms
[2025-04-16T14:45:44.851+0000][438.860s][info][gc,cpu         ] GC(294) User=0.00s Sys=0.00s Real=0.00s
[2025-04-16T14:45:46.491+0000][440.500s][info][gc,start       ] GC(295) Pause Young (Allocation Failure)
[2025-04-16T14:45:46.493+0000][440.502s][info][gc,heap        ] GC(295) DefNew: 9163K(10176K)->72K(10176K) Eden: 9087K(9088K)->0K(9088K) From: 75K(1088K)->72K(1088K)
[2025-04-16T14:45:46.493+0000][440.502s][info][gc,heap        ] GC(295) Tenured: 14420K(22484K)->14420K(22484K)
[2025-04-16T14:45:46.493+0000][440.502s][info][gc,metaspace   ] GC(295) Metaspace: 37317K(37696K)->37317K(37696K) NonClass: 32893K(33088K)->32893K(33088K) Class: 4424K(4608K)->4424K(4608K)
[2025-04-16T14:45:46.493+0000][440.502s][info][gc             ] GC(295) Pause Young (Allocation Failure) 23M->14M(31M) 1.312ms
[2025-04-16T14:45:46.493+0000][440.502s][info][gc,cpu         ] GC(295) User=0.00s Sys=0.00s Real=0.00s
[2025-04-16T14:45:48.285+0000][442.294s][info][gc,start       ] GC(296) Pause Young (Allocation Failure)
[2025-04-16T14:45:48.286+0000][442.295s][info][gc,heap        ] GC(296) DefNew: 9160K(10176K)->73K(10176K) Eden: 9088K(9088K)->0K(9088K) From: 72K(1088K)->73K(1088K)
[2025-04-16T14:45:48.286+0000][442.295s][info][gc,heap        ] GC(296) Tenured: 14420K(22484K)->14420K(22484K)
[2025-04-16T14:45:48.286+0000][442.295s][info][gc,metaspace   ] GC(296) Metaspace: 37319K(37696K)->37319K(37696K) NonClass: 32895K(33088K)->32895K(33088K) Class: 4424K(4608K)->4424K(4608K)
[2025-04-16T14:45:48.286+0000][442.295s][info][gc             ] GC(296) Pause Young (Allocation Failure) 23M->14M(31M) 1.520ms
[2025-04-16T14:45:48.286+0000][442.295s][info][gc,cpu         ] GC(296) User=0.00s Sys=0.00s Real=0.00s
[2025-04-16T14:45:49.722+0000][443.731s][info][gc,start       ] GC(297) Pause Young (Allocation Failure)
[2025-04-16T14:45:49.723+0000][443.732s][info][gc,heap        ] GC(297) DefNew: 9161K(10176K)->91K(10176K) Eden: 9088K(9088K)->0K(9088K) From: 73K(1088K)->91K(1088K)
[2025-04-16T14:45:49.723+0000][443.732s][info][gc,heap        ] GC(297) Tenured: 14420K(22484K)->14420K(22484K)
[2025-04-16T14:45:49.723+0000][443.732s][info][gc,metaspace   ] GC(297) Metaspace: 37319K(37696K)->37319K(37696K) NonClass: 32895K(33088K)->32895K(33088K) Class: 4424K(4608K)->4424K(4608K)
[2025-04-16T14:45:49.723+0000][443.732s][info][gc             ] GC(297) Pause Young (Allocation Failure) 23M->14M(31M) 1.413ms
[2025-04-16T14:45:49.723+0000][443.732s][info][gc,cpu         ] GC(297) User=0.00s Sys=0.00s Real=0.00s
[2025-04-16T14:45:51.478+0000][445.487s][info][gc,start       ] GC(298) Pause Young (Allocation Failure)
[2025-04-16T14:45:51.479+0000][445.488s][info][gc,heap        ] GC(298) DefNew: 9179K(10176K)->82K(10176K) Eden: 9088K(9088K)->0K(9088K) From: 91K(1088K)->82K(1088K)
[2025-04-16T14:45:51.479+0000][445.488s][info][gc,heap        ] GC(298) Tenured: 14420K(22484K)->14420K(22484K)
[2025-04-16T14:45:51.479+0000][445.488s][info][gc,metaspace   ] GC(298) Metaspace: 37319K(37696K)->37319K(37696K) NonClass: 32895K(33088K)->32895K(33088K) Class: 4424K(4608K)->4424K(4608K)
[2025-04-16T14:45:51.479+0000][445.488s][info][gc             ] GC(298) Pause Young (Allocation Failure) 23M->14M(31M) 1.458ms
[2025-04-16T14:45:51.479+0000][445.488s][info][gc,cpu         ] GC(298) User=0.00s Sys=0.00s Real=0.00s
[2025-04-16T14:45:52.973+0000][446.982s][info][gc,start       ] GC(299) Pause Young (Allocation Failure)
[2025-04-16T14:45:52.974+0000][446.983s][info][gc,heap        ] GC(299) DefNew: 9164K(10176K)->93K(10176K) Eden: 9082K(9088K)->0K(9088K) From: 82K(1088K)->93K(1088K)
[2025-04-16T14:45:52.974+0000][446.984s][info][gc,heap        ] GC(299) Tenured: 14420K(22484K)->14420K(22484K)
[2025-04-16T14:45:52.974+0000][446.984s][info][gc,metaspace   ] GC(299) Metaspace: 37319K(37696K)->37319K(37696K) NonClass: 32895K(33088K)->32895K(33088K) Class: 4424K(4608K)->4424K(4608K)
[2025-04-16T14:45:52.975+0000][446.984s][info][gc             ] GC(299) Pause Young (Allocation Failure) 23M->14M(31M) 1.368ms
[2025-04-16T14:45:52.975+0000][446.984s][info][gc,cpu         ] GC(299) User=0.00s Sys=0.00s Real=0.01s
[2025-04-16T14:45:54.601+0000][448.610s][info][gc,start       ] GC(300) Pause Young (Allocation Failure)
[2025-04-16T14:45:54.602+0000][448.611s][info][gc,heap        ] GC(300) DefNew: 9181K(10176K)->75K(10176K) Eden: 9088K(9088K)->0K(9088K) From: 93K(1088K)->75K(1088K)
[2025-04-16T14:45:54.602+0000][448.611s][info][gc,heap        ] GC(300) Tenured: 14420K(22484K)->14420K(22484K)
[2025-04-16T14:45:54.602+0000][448.611s][info][gc,metaspace   ] GC(300) Metaspace: 37319K(37696K)->37319K(37696K) NonClass: 32895K(33088K)->32895K(33088K) Class: 4424K(4608K)->4424K(4608K)
[2025-04-16T14:45:54.602+0000][448.611s][info][gc             ] GC(300) Pause Young (Allocation Failure) 23M->14M(31M) 1.401ms
[2025-04-16T14:45:54.602+0000][448.611s][info][gc,cpu         ] GC(300) User=0.00s Sys=0.00s Real=0.00s
[2025-04-16T14:45:56.340+0000][450.349s][info][gc,start       ] GC(301) Pause Young (Allocation Failure)
[2025-04-16T14:45:56.341+0000][450.350s][info][gc,heap        ] GC(301) DefNew: 9163K(10176K)->90K(10176K) Eden: 9088K(9088K)->0K(9088K) From: 75K(1088K)->90K(1088K)
[2025-04-16T14:45:56.341+0000][450.350s][info][gc,heap        ] GC(301) Tenured: 14420K(22484K)->14420K(22484K)
[2025-04-16T14:45:56.341+0000][450.350s][info][gc,metaspace   ] GC(301) Metaspace: 37319K(37696K)->37319K(37696K) NonClass: 32895K(33088K)->32895K(33088K) Class: 4424K(4608K)->4424K(4608K)
[2025-04-16T14:45:56.341+0000][450.350s][info][gc             ] GC(301) Pause Young (Allocation Failure) 23M->14M(31M) 1.432ms
[2025-04-16T14:45:56.341+0000][450.350s][info][gc,cpu         ] GC(301) User=0.00s Sys=0.00s Real=0.00s
[2025-04-16T14:45:57.881+0000][451.890s][info][gc,start       ] GC(302) Pause Young (Allocation Failure)
[2025-04-16T14:45:57.883+0000][451.892s][info][gc,heap        ] GC(302) DefNew: 9178K(10176K)->74K(10176K) Eden: 9088K(9088K)->0K(9088K) From: 90K(1088K)->74K(1088K)
[2025-04-16T14:45:57.883+0000][451.892s][info][gc,heap        ] GC(302) Tenured: 14420K(22484K)->14420K(22484K)
[2025-04-16T14:45:57.883+0000][451.892s][info][gc,metaspace   ] GC(302) Metaspace: 37319K(37696K)->37319K(37696K) NonClass: 32895K(33088K)->32895K(33088K) Class: 4424K(4608K)->4424K(4608K)
[2025-04-16T14:45:57.883+0000][451.892s][info][gc             ] GC(302) Pause Young (Allocation Failure) 23M->14M(31M) 1.337ms
[2025-04-16T14:45:57.883+0000][451.892s][info][gc,cpu         ] GC(302) User=0.00s Sys=0.00s Real=0.00s
[2025-04-16T14:45:59.603+0000][453.612s][info][gc,start       ] GC(303) Pause Young (Allocation Failure)
[2025-04-16T14:45:59.605+0000][453.614s][info][gc,heap        ] GC(303) DefNew: 9162K(10176K)->77K(10176K) Eden: 9088K(9088K)->0K(9088K) From: 74K(1088K)->77K(1088K)
[2025-04-16T14:45:59.605+0000][453.614s][info][gc,heap        ] GC(303) Tenured: 14420K(22484K)->14420K(22484K)
[2025-04-16T14:45:59.605+0000][453.614s][info][gc,metaspace   ] GC(303) Metaspace: 37319K(37696K)->37319K(37696K) NonClass: 32895K(33088K)->32895K(33088K) Class: 4424K(4608K)->4424K(4608K)
[2025-04-16T14:45:59.605+0000][453.614s][info][gc             ] GC(303) Pause Young (Allocation Failure) 23M->14M(31M) 1.382ms
[2025-04-16T14:45:59.605+0000][453.614s][info][gc,cpu         ] GC(303) User=0.00s Sys=0.00s Real=0.01s
[2025-04-16T14:46:01.191+0000][455.200s][info][gc,start       ] GC(304) Pause Young (Allocation Failure)
[2025-04-16T14:46:01.192+0000][455.202s][info][gc,heap        ] GC(304) DefNew: 9165K(10176K)->87K(10176K) Eden: 9088K(9088K)->0K(9088K) From: 77K(1088K)->87K(1088K)
[2025-04-16T14:46:01.193+0000][455.202s][info][gc,heap        ] GC(304) Tenured: 14420K(22484K)->14420K(22484K)
[2025-04-16T14:46:01.193+0000][455.202s][info][gc,metaspace   ] GC(304) Metaspace: 37319K(37696K)->37319K(37696K) NonClass: 32895K(33088K)->32895K(33088K) Class: 4424K(4608K)->4424K(4608K)
[2025-04-16T14:46:01.193+0000][455.202s][info][gc             ] GC(304) Pause Young (Allocation Failure) 23M->14M(31M) 1.394ms
[2025-04-16T14:46:01.193+0000][455.202s][info][gc,cpu         ] GC(304) User=0.01s Sys=0.00s Real=0.00s
[2025-04-16T14:46:02.904+0000][456.913s][info][gc,start       ] GC(305) Pause Young (Allocation Failure)
[2025-04-16T14:46:02.905+0000][456.914s][info][gc,heap        ] GC(305) DefNew: 9175K(10176K)->91K(10176K) Eden: 9088K(9088K)->0K(9088K) From: 87K(1088K)->91K(1088K)
[2025-04-16T14:46:02.905+0000][456.914s][info][gc,heap        ] GC(305) Tenured: 14420K(22484K)->14420K(22484K)
[2025-04-16T14:46:02.905+0000][456.914s][info][gc,metaspace   ] GC(305) Metaspace: 37319K(37696K)->37319K(37696K) NonClass: 32895K(33088K)->32895K(33088K) Class: 4424K(4608K)->4424K(4608K)
[2025-04-16T14:46:02.905+0000][456.914s][info][gc             ] GC(305) Pause Young (Allocation Failure) 23M->14M(31M) 1.433ms
[2025-04-16T14:46:02.905+0000][456.914s][info][gc,cpu         ] GC(305) User=0.01s Sys=0.00s Real=0.01s
[2025-04-16T14:46:04.484+0000][458.493s][info][gc,start       ] GC(306) Pause Young (Allocation Failure)
[2025-04-16T14:46:04.485+0000][458.494s][info][gc,heap        ] GC(306) DefNew: 9179K(10176K)->73K(10176K) Eden: 9088K(9088K)->0K(9088K) From: 91K(1088K)->73K(1088K)
[2025-04-16T14:46:04.485+0000][458.494s][info][gc,heap        ] GC(306) Tenured: 14420K(22484K)->14420K(22484K)
[2025-04-16T14:46:04.485+0000][458.494s][info][gc,metaspace   ] GC(306) Metaspace: 37319K(37696K)->37319K(37696K) NonClass: 32895K(33088K)->32895K(33088K) Class: 4424K(4608K)->4424K(4608K)
[2025-04-16T14:46:04.485+0000][458.494s][info][gc             ] GC(306) Pause Young (Allocation Failure) 23M->14M(31M) 1.399ms
[2025-04-16T14:46:04.485+0000][458.494s][info][gc,cpu         ] GC(306) User=0.00s Sys=0.00s Real=0.01s
[2025-04-16T14:46:06.233+0000][460.242s][info][gc,start       ] GC(307) Pause Young (Allocation Failure)
[2025-04-16T14:46:06.234+0000][460.243s][info][gc,heap        ] GC(307) DefNew: 9161K(10176K)->105K(10176K) Eden: 9088K(9088K)->0K(9088K) From: 73K(1088K)->105K(1088K)
[2025-04-16T14:46:06.234+0000][460.243s][info][gc,heap        ] GC(307) Tenured: 14420K(22484K)->14420K(22484K)
[2025-04-16T14:46:06.234+0000][460.243s][info][gc,metaspace   ] GC(307) Metaspace: 37319K(37696K)->37319K(37696K) NonClass: 32895K(33088K)->32895K(33088K) Class: 4424K(4608K)->4424K(4608K)
[2025-04-16T14:46:06.234+0000][460.243s][info][gc             ] GC(307) Pause Young (Allocation Failure) 23M->14M(31M) 1.475ms
[2025-04-16T14:46:06.234+0000][460.243s][info][gc,cpu         ] GC(307) User=0.00s Sys=0.00s Real=0.01s
[2025-04-16T14:46:07.722+0000][461.731s][info][gc,start       ] GC(308) Pause Young (Allocation Failure)
[2025-04-16T14:46:07.724+0000][461.733s][info][gc,heap        ] GC(308) DefNew: 9193K(10176K)->93K(10176K) Eden: 9088K(9088K)->0K(9088K) From: 105K(1088K)->93K(1088K)
[2025-04-16T14:46:07.724+0000][461.733s][info][gc,heap        ] GC(308) Tenured: 14420K(22484K)->14420K(22484K)
[2025-04-16T14:46:07.724+0000][461.733s][info][gc,metaspace   ] GC(308) Metaspace: 37319K(37696K)->37319K(37696K) NonClass: 32895K(33088K)->32895K(33088K) Class: 4424K(4608K)->4424K(4608K)
[2025-04-16T14:46:07.724+0000][461.733s][info][gc             ] GC(308) Pause Young (Allocation Failure) 23M->14M(31M) 1.470ms
[2025-04-16T14:46:07.724+0000][461.733s][info][gc,cpu         ] GC(308) User=0.01s Sys=0.00s Real=0.00s
[2025-04-16T14:46:09.090+0000][463.099s][info][gc,start       ] GC(309) Pause Young (Allocation Failure)
[2025-04-16T14:46:09.091+0000][463.100s][info][gc,heap        ] GC(309) DefNew: 9181K(10176K)->96K(10176K) Eden: 9088K(9088K)->0K(9088K) From: 93K(1088K)->96K(1088K)
[2025-04-16T14:46:09.091+0000][463.100s][info][gc,heap        ] GC(309) Tenured: 14420K(22484K)->14420K(22484K)
[2025-04-16T14:46:09.091+0000][463.100s][info][gc,metaspace   ] GC(309) Metaspace: 37319K(37696K)->37319K(37696K) NonClass: 32895K(33088K)->32895K(33088K) Class: 4424K(4608K)->4424K(4608K)
[2025-04-16T14:46:09.091+0000][463.100s][info][gc             ] GC(309) Pause Young (Allocation Failure) 23M->14M(31M) 1.388ms
[2025-04-16T14:46:09.091+0000][463.100s][info][gc,cpu         ] GC(309) User=0.00s Sys=0.00s Real=0.00s
[2025-04-16T14:46:10.979+0000][464.988s][info][gc,start       ] GC(310) Pause Young (Allocation Failure)
[2025-04-16T14:46:10.980+0000][464.989s][info][gc,heap        ] GC(310) DefNew: 9184K(10176K)->96K(10176K) Eden: 9088K(9088K)->0K(9088K) From: 96K(1088K)->96K(1088K)
[2025-04-16T14:46:10.980+0000][464.989s][info][gc,heap        ] GC(310) Tenured: 14420K(22484K)->14420K(22484K)
[2025-04-16T14:46:10.980+0000][464.989s][info][gc,metaspace   ] GC(310) Metaspace: 37319K(37696K)->37319K(37696K) NonClass: 32895K(33088K)->32895K(33088K) Class: 4424K(4608K)->4424K(4608K)
[2025-04-16T14:46:10.980+0000][464.989s][info][gc             ] GC(310) Pause Young (Allocation Failure) 23M->14M(31M) 1.438ms
[2025-04-16T14:46:10.980+0000][464.989s][info][gc,cpu         ] GC(310) User=0.00s Sys=0.00s Real=0.00s
[2025-04-16T14:46:12.562+0000][466.571s][info][gc,start       ] GC(311) Pause Young (Allocation Failure)
[2025-04-16T14:46:12.564+0000][466.573s][info][gc,heap        ] GC(311) DefNew: 9184K(10176K)->78K(10176K) Eden: 9088K(9088K)->0K(9088K) From: 96K(1088K)->78K(1088K)
[2025-04-16T14:46:12.564+0000][466.573s][info][gc,heap        ] GC(311) Tenured: 14420K(22484K)->14422K(22484K)
[2025-04-16T14:46:12.564+0000][466.573s][info][gc,metaspace   ] GC(311) Metaspace: 37319K(37696K)->37319K(37696K) NonClass: 32895K(33088K)->32895K(33088K) Class: 4424K(4608K)->4424K(4608K)
[2025-04-16T14:46:12.564+0000][466.573s][info][gc             ] GC(311) Pause Young (Allocation Failure) 23M->14M(31M) 1.439ms
[2025-04-16T14:46:12.564+0000][466.573s][info][gc,cpu         ] GC(311) User=0.00s Sys=0.00s Real=0.00s
[2025-04-16T14:46:13.987+0000][467.996s][info][gc,start       ] GC(312) Pause Young (Allocation Failure)
[2025-04-16T14:46:13.989+0000][467.998s][info][gc,heap        ] GC(312) DefNew: 9166K(10176K)->80K(10176K) Eden: 9088K(9088K)->0K(9088K) From: 78K(1088K)->80K(1088K)
[2025-04-16T14:46:13.989+0000][467.998s][info][gc,heap        ] GC(312) Tenured: 14422K(22484K)->14422K(22484K)
[2025-04-16T14:46:13.989+0000][467.998s][info][gc,metaspace   ] GC(312) Metaspace: 37319K(37696K)->37319K(37696K) NonClass: 32895K(33088K)->32895K(33088K) Class: 4424K(4608K)->4424K(4608K)
[2025-04-16T14:46:13.989+0000][467.998s][info][gc             ] GC(312) Pause Young (Allocation Failure) 23M->14M(31M) 1.300ms
[2025-04-16T14:46:13.989+0000][467.998s][info][gc,cpu         ] GC(312) User=0.00s Sys=0.00s Real=0.00s
[2025-04-16T14:46:15.670+0000][469.679s][info][gc,start       ] GC(313) Pause Young (Allocation Failure)
[2025-04-16T14:46:15.671+0000][469.680s][info][gc,heap        ] GC(313) DefNew: 9168K(10176K)->88K(10176K) Eden: 9088K(9088K)->0K(9088K) From: 80K(1088K)->88K(1088K)
[2025-04-16T14:46:15.671+0000][469.681s][info][gc,heap        ] GC(313) Tenured: 14422K(22484K)->14422K(22484K)
[2025-04-16T14:46:15.672+0000][469.681s][info][gc,metaspace   ] GC(313) Metaspace: 37319K(37696K)->37319K(37696K) NonClass: 32895K(33088K)->32895K(33088K) Class: 4424K(4608K)->4424K(4608K)
[2025-04-16T14:46:15.672+0000][469.681s][info][gc             ] GC(313) Pause Young (Allocation Failure) 23M->14M(31M) 1.466ms
[2025-04-16T14:46:15.672+0000][469.681s][info][gc,cpu         ] GC(313) User=0.00s Sys=0.00s Real=0.00s
[2025-04-16T14:46:17.284+0000][471.293s][info][gc,start       ] GC(314) Pause Young (Allocation Failure)
[2025-04-16T14:46:17.285+0000][471.294s][info][gc,heap        ] GC(314) DefNew: 9176K(10176K)->110K(10176K) Eden: 9088K(9088K)->0K(9088K) From: 88K(1088K)->110K(1088K)
[2025-04-16T14:46:17.285+0000][471.294s][info][gc,heap        ] GC(314) Tenured: 14422K(22484K)->14422K(22484K)
[2025-04-16T14:46:17.285+0000][471.294s][info][gc,metaspace   ] GC(314) Metaspace: 37319K(37696K)->37319K(37696K) NonClass: 32895K(33088K)->32895K(33088K) Class: 4424K(4608K)->4424K(4608K)
[2025-04-16T14:46:17.285+0000][471.294s][info][gc             ] GC(314) Pause Young (Allocation Failure) 23M->14M(31M) 1.368ms
[2025-04-16T14:46:17.285+0000][471.294s][info][gc,cpu         ] GC(314) User=0.00s Sys=0.00s Real=0.01s
[2025-04-16T14:46:18.768+0000][472.777s][info][gc,start       ] GC(315) Pause Young (Allocation Failure)
[2025-04-16T14:46:18.769+0000][472.778s][info][gc,heap        ] GC(315) DefNew: 9198K(10176K)->98K(10176K) Eden: 9088K(9088K)->0K(9088K) From: 110K(1088K)->98K(1088K)
[2025-04-16T14:46:18.769+0000][472.778s][info][gc,heap        ] GC(315) Tenured: 14422K(22484K)->14422K(22484K)
[2025-04-16T14:46:18.769+0000][472.778s][info][gc,metaspace   ] GC(315) Metaspace: 37319K(37696K)->37319K(37696K) NonClass: 32895K(33088K)->32895K(33088K) Class: 4424K(4608K)->4424K(4608K)
[2025-04-16T14:46:18.769+0000][472.778s][info][gc             ] GC(315) Pause Young (Allocation Failure) 23M->14M(31M) 1.445ms
[2025-04-16T14:46:18.769+0000][472.778s][info][gc,cpu         ] GC(315) User=0.00s Sys=0.00s Real=0.00s
[2025-04-16T14:46:20.341+0000][474.350s][info][gc,start       ] GC(316) Pause Young (Allocation Failure)
[2025-04-16T14:46:20.342+0000][474.351s][info][gc,heap        ] GC(316) DefNew: 9186K(10176K)->81K(10176K) Eden: 9088K(9088K)->0K(9088K) From: 98K(1088K)->81K(1088K)
[2025-04-16T14:46:20.342+0000][474.351s][info][gc,heap        ] GC(316) Tenured: 14422K(22484K)->14422K(22484K)
[2025-04-16T14:46:20.342+0000][474.351s][info][gc,metaspace   ] GC(316) Metaspace: 37319K(37696K)->37319K(37696K) NonClass: 32895K(33088K)->32895K(33088K) Class: 4424K(4608K)->4424K(4608K)
[2025-04-16T14:46:20.342+0000][474.351s][info][gc             ] GC(316) Pause Young (Allocation Failure) 23M->14M(31M) 1.363ms
[2025-04-16T14:46:20.342+0000][474.351s][info][gc,cpu         ] GC(316) User=0.00s Sys=0.00s Real=0.00s
[2025-04-16T14:46:21.964+0000][475.973s][info][gc,start       ] GC(317) Pause Young (Allocation Failure)
[2025-04-16T14:46:21.965+0000][475.974s][info][gc,heap        ] GC(317) DefNew: 9169K(10176K)->83K(10176K) Eden: 9087K(9088K)->0K(9088K) From: 81K(1088K)->83K(1088K)
[2025-04-16T14:46:21.965+0000][475.974s][info][gc,heap        ] GC(317) Tenured: 14422K(22484K)->14422K(22484K)
[2025-04-16T14:46:21.965+0000][475.974s][info][gc,metaspace   ] GC(317) Metaspace: 37319K(37696K)->37319K(37696K) NonClass: 32895K(33088K)->32895K(33088K) Class: 4424K(4608K)->4424K(4608K)
[2025-04-16T14:46:21.965+0000][475.974s][info][gc             ] GC(317) Pause Young (Allocation Failure) 23M->14M(31M) 1.404ms
[2025-04-16T14:46:21.965+0000][475.974s][info][gc,cpu         ] GC(317) User=0.00s Sys=0.00s Real=0.01s
[2025-04-16T14:46:23.570+0000][477.579s][info][gc,start       ] GC(318) Pause Young (Allocation Failure)
[2025-04-16T14:46:23.572+0000][477.581s][info][gc,heap        ] GC(318) DefNew: 9171K(10176K)->86K(10176K) Eden: 9088K(9088K)->0K(9088K) From: 83K(1088K)->86K(1088K)
[2025-04-16T14:46:23.572+0000][477.581s][info][gc,heap        ] GC(318) Tenured: 14422K(22484K)->14422K(22484K)
[2025-04-16T14:46:23.572+0000][477.581s][info][gc,metaspace   ] GC(318) Metaspace: 37319K(37696K)->37319K(37696K) NonClass: 32895K(33088K)->32895K(33088K) Class: 4424K(4608K)->4424K(4608K)
[2025-04-16T14:46:23.572+0000][477.581s][info][gc             ] GC(318) Pause Young (Allocation Failure) 23M->14M(31M) 1.401ms
[2025-04-16T14:46:23.572+0000][477.581s][info][gc,cpu         ] GC(318) User=0.01s Sys=0.00s Real=0.00s
[2025-04-16T14:46:25.031+0000][479.040s][info][gc,start       ] GC(319) Pause Young (Allocation Failure)
[2025-04-16T14:46:25.032+0000][479.041s][info][gc,heap        ] GC(319) DefNew: 9174K(10176K)->105K(10176K) Eden: 9088K(9088K)->0K(9088K) From: 86K(1088K)->105K(1088K)
[2025-04-16T14:46:25.032+0000][479.041s][info][gc,heap        ] GC(319) Tenured: 14422K(22484K)->14424K(22484K)
[2025-04-16T14:46:25.032+0000][479.041s][info][gc,metaspace   ] GC(319) Metaspace: 37319K(37696K)->37319K(37696K) NonClass: 32895K(33088K)->32895K(33088K) Class: 4424K(4608K)->4424K(4608K)
[2025-04-16T14:46:25.032+0000][479.041s][info][gc             ] GC(319) Pause Young (Allocation Failure) 23M->14M(31M) 1.451ms
[2025-04-16T14:46:25.032+0000][479.041s][info][gc,cpu         ] GC(319) User=0.00s Sys=0.00s Real=0.00s
[2025-04-16T14:46:26.678+0000][480.687s][info][gc,start       ] GC(320) Pause Young (Allocation Failure)
[2025-04-16T14:46:26.679+0000][480.688s][info][gc,heap        ] GC(320) DefNew: 9192K(10176K)->81K(10176K) Eden: 9087K(9088K)->0K(9088K) From: 105K(1088K)->81K(1088K)
[2025-04-16T14:46:26.679+0000][480.688s][info][gc,heap        ] GC(320) Tenured: 14424K(22484K)->14424K(22484K)
[2025-04-16T14:46:26.679+0000][480.688s][info][gc,metaspace   ] GC(320) Metaspace: 37319K(37696K)->37319K(37696K) NonClass: 32895K(33088K)->32895K(33088K) Class: 4424K(4608K)->4424K(4608K)
[2025-04-16T14:46:26.679+0000][480.688s][info][gc             ] GC(320) Pause Young (Allocation Failure) 23M->14M(31M) 1.293ms
[2025-04-16T14:46:26.679+0000][480.689s][info][gc,cpu         ] GC(320) User=0.00s Sys=0.00s Real=0.00s
[2025-04-16T14:46:28.329+0000][482.338s][info][gc,start       ] GC(321) Pause Young (Allocation Failure)
[2025-04-16T14:46:28.330+0000][482.339s][info][gc,heap        ] GC(321) DefNew: 9169K(10176K)->88K(10176K) Eden: 9088K(9088K)->0K(9088K) From: 81K(1088K)->88K(1088K)
[2025-04-16T14:46:28.330+0000][482.339s][info][gc,heap        ] GC(321) Tenured: 14424K(22484K)->14424K(22484K)
[2025-04-16T14:46:28.330+0000][482.339s][info][gc,metaspace   ] GC(321) Metaspace: 37319K(37696K)->37319K(37696K) NonClass: 32895K(33088K)->32895K(33088K) Class: 4424K(4608K)->4424K(4608K)
[2025-04-16T14:46:28.330+0000][482.339s][info][gc             ] GC(321) Pause Young (Allocation Failure) 23M->14M(31M) 1.407ms
[2025-04-16T14:46:28.330+0000][482.339s][info][gc,cpu         ] GC(321) User=0.01s Sys=0.00s Real=0.00s
[2025-04-16T14:46:29.840+0000][483.849s][info][gc,start       ] GC(322) Pause Young (Allocation Failure)
[2025-04-16T14:46:29.841+0000][483.850s][info][gc,heap        ] GC(322) DefNew: 9176K(10176K)->80K(10176K) Eden: 9088K(9088K)->0K(9088K) From: 88K(1088K)->80K(1088K)
[2025-04-16T14:46:29.841+0000][483.850s][info][gc,heap        ] GC(322) Tenured: 14424K(22484K)->14425K(22484K)
[2025-04-16T14:46:29.841+0000][483.850s][info][gc,metaspace   ] GC(322) Metaspace: 37319K(37696K)->37319K(37696K) NonClass: 32895K(33088K)->32895K(33088K) Class: 4424K(4608K)->4424K(4608K)
[2025-04-16T14:46:29.841+0000][483.850s][info][gc             ] GC(322) Pause Young (Allocation Failure) 23M->14M(31M) 1.399ms
[2025-04-16T14:46:29.841+0000][483.850s][info][gc,cpu         ] GC(322) User=0.00s Sys=0.00s Real=0.00s
[2025-04-16T14:46:31.581+0000][485.590s][info][gc,start       ] GC(323) Pause Young (Allocation Failure)
[2025-04-16T14:46:31.582+0000][485.591s][info][gc,heap        ] GC(323) DefNew: 9168K(10176K)->78K(10176K) Eden: 9088K(9088K)->0K(9088K) From: 80K(1088K)->78K(1088K)
[2025-04-16T14:46:31.582+0000][485.591s][info][gc,heap        ] GC(323) Tenured: 14425K(22484K)->14427K(22484K)
[2025-04-16T14:46:31.582+0000][485.591s][info][gc,metaspace   ] GC(323) Metaspace: 37319K(37696K)->37319K(37696K) NonClass: 32895K(33088K)->32895K(33088K) Class: 4424K(4608K)->4424K(4608K)
[2025-04-16T14:46:31.582+0000][485.591s][info][gc             ] GC(323) Pause Young (Allocation Failure) 23M->14M(31M) 1.324ms
[2025-04-16T14:46:31.582+0000][485.591s][info][gc,cpu         ] GC(323) User=0.00s Sys=0.00s Real=0.00s
[2025-04-16T14:46:33.103+0000][487.112s][info][gc,start       ] GC(324) Pause Young (Allocation Failure)
[2025-04-16T14:46:33.104+0000][487.113s][info][gc,heap        ] GC(324) DefNew: 9166K(10176K)->98K(10176K) Eden: 9088K(9088K)->0K(9088K) From: 78K(1088K)->98K(1088K)
[2025-04-16T14:46:33.104+0000][487.113s][info][gc,heap        ] GC(324) Tenured: 14427K(22484K)->14427K(22484K)
[2025-04-16T14:46:33.104+0000][487.113s][info][gc,metaspace   ] GC(324) Metaspace: 37319K(37696K)->37319K(37696K) NonClass: 32895K(33088K)->32895K(33088K) Class: 4424K(4608K)->4424K(4608K)
[2025-04-16T14:46:33.104+0000][487.113s][info][gc             ] GC(324) Pause Young (Allocation Failure) 23M->14M(31M) 1.352ms
[2025-04-16T14:46:33.104+0000][487.113s][info][gc,cpu         ] GC(324) User=0.00s Sys=0.00s Real=0.01s
[2025-04-16T14:46:34.676+0000][488.685s][info][gc,start       ] GC(325) Pause Young (Allocation Failure)
[2025-04-16T14:46:34.677+0000][488.686s][info][gc,heap        ] GC(325) DefNew: 9186K(10176K)->86K(10176K) Eden: 9088K(9088K)->0K(9088K) From: 98K(1088K)->86K(1088K)
[2025-04-16T14:46:34.677+0000][488.686s][info][gc,heap        ] GC(325) Tenured: 14427K(22484K)->14427K(22484K)
[2025-04-16T14:46:34.677+0000][488.687s][info][gc,metaspace   ] GC(325) Metaspace: 37319K(37696K)->37319K(37696K) NonClass: 32895K(33088K)->32895K(33088K) Class: 4424K(4608K)->4424K(4608K)
[2025-04-16T14:46:34.678+0000][488.687s][info][gc             ] GC(325) Pause Young (Allocation Failure) 23M->14M(31M) 1.435ms
[2025-04-16T14:46:34.678+0000][488.687s][info][gc,cpu         ] GC(325) User=0.00s Sys=0.00s Real=0.00s
[2025-04-16T14:46:36.201+0000][490.210s][info][gc,start       ] GC(326) Pause Young (Allocation Failure)
[2025-04-16T14:46:36.202+0000][490.211s][info][gc,heap        ] GC(326) DefNew: 9166K(10176K)->87K(10176K) Eden: 9079K(9088K)->0K(9088K) From: 86K(1088K)->87K(1088K)
[2025-04-16T14:46:36.202+0000][490.211s][info][gc,heap        ] GC(326) Tenured: 14427K(22484K)->14427K(22484K)
[2025-04-16T14:46:36.202+0000][490.211s][info][gc,metaspace   ] GC(326) Metaspace: 37319K(37696K)->37319K(37696K) NonClass: 32895K(33088K)->32895K(33088K) Class: 4424K(4608K)->4424K(4608K)
[2025-04-16T14:46:36.202+0000][490.211s][info][gc             ] GC(326) Pause Young (Allocation Failure) 23M->14M(31M) 1.363ms
[2025-04-16T14:46:36.202+0000][490.211s][info][gc,cpu         ] GC(326) User=0.00s Sys=0.00s Real=0.00s
[2025-04-16T14:46:37.861+0000][491.870s][info][gc,start       ] GC(327) Pause Young (Allocation Failure)
[2025-04-16T14:46:37.863+0000][491.872s][info][gc,heap        ] GC(327) DefNew: 9175K(10176K)->81K(10176K) Eden: 9088K(9088K)->0K(9088K) From: 87K(1088K)->81K(1088K)
[2025-04-16T14:46:37.863+0000][491.872s][info][gc,heap        ] GC(327) Tenured: 14427K(22484K)->14430K(22484K)
[2025-04-16T14:46:37.863+0000][491.872s][info][gc,metaspace   ] GC(327) Metaspace: 37319K(37696K)->37319K(37696K) NonClass: 32895K(33088K)->32895K(33088K) Class: 4424K(4608K)->4424K(4608K)
[2025-04-16T14:46:37.863+0000][491.872s][info][gc             ] GC(327) Pause Young (Allocation Failure) 23M->14M(31M) 1.369ms
[2025-04-16T14:46:37.863+0000][491.872s][info][gc,cpu         ] GC(327) User=0.01s Sys=0.00s Real=0.00s
[2025-04-16T14:46:39.568+0000][493.577s][info][gc,start       ] GC(328) Pause Young (Allocation Failure)
[2025-04-16T14:46:39.569+0000][493.578s][info][gc,heap        ] GC(328) DefNew: 9169K(10176K)->111K(10176K) Eden: 9088K(9088K)->0K(9088K) From: 81K(1088K)->111K(1088K)
[2025-04-16T14:46:39.569+0000][493.578s][info][gc,heap        ] GC(328) Tenured: 14430K(22484K)->14430K(22484K)
[2025-04-16T14:46:39.569+0000][493.578s][info][gc,metaspace   ] GC(328) Metaspace: 37319K(37696K)->37319K(37696K) NonClass: 32895K(33088K)->32895K(33088K) Class: 4424K(4608K)->4424K(4608K)
[2025-04-16T14:46:39.569+0000][493.578s][info][gc             ] GC(328) Pause Young (Allocation Failure) 23M->14M(31M) 1.499ms
[2025-04-16T14:46:39.569+0000][493.578s][info][gc,cpu         ] GC(328) User=0.00s Sys=0.00s Real=0.00s
[2025-04-16T14:46:40.917+0000][494.926s][info][gc,start       ] GC(329) Pause Young (Allocation Failure)
[2025-04-16T14:46:40.919+0000][494.928s][info][gc,heap        ] GC(329) DefNew: 9192K(10176K)->92K(10176K) Eden: 9081K(9088K)->0K(9088K) From: 111K(1088K)->92K(1088K)
[2025-04-16T14:46:40.919+0000][494.928s][info][gc,heap        ] GC(329) Tenured: 14430K(22484K)->14430K(22484K)
[2025-04-16T14:46:40.919+0000][494.928s][info][gc,metaspace   ] GC(329) Metaspace: 37319K(37696K)->37319K(37696K) NonClass: 32895K(33088K)->32895K(33088K) Class: 4424K(4608K)->4424K(4608K)
[2025-04-16T14:46:40.919+0000][494.928s][info][gc             ] GC(329) Pause Young (Allocation Failure) 23M->14M(31M) 1.390ms
[2025-04-16T14:46:40.919+0000][494.928s][info][gc,cpu         ] GC(329) User=0.00s Sys=0.00s Real=0.00s
[2025-04-16T14:46:42.647+0000][496.656s][info][gc,start       ] GC(330) Pause Young (Allocation Failure)
[2025-04-16T14:46:42.649+0000][496.658s][info][gc,heap        ] GC(330) DefNew: 9180K(10176K)->82K(10176K) Eden: 9088K(9088K)->0K(9088K) From: 92K(1088K)->82K(1088K)
[2025-04-16T14:46:42.649+0000][496.658s][info][gc,heap        ] GC(330) Tenured: 14430K(22484K)->14431K(22484K)
[2025-04-16T14:46:42.649+0000][496.658s][info][gc,metaspace   ] GC(330) Metaspace: 37319K(37696K)->37319K(37696K) NonClass: 32895K(33088K)->32895K(33088K) Class: 4424K(4608K)->4424K(4608K)
[2025-04-16T14:46:42.649+0000][496.658s][info][gc             ] GC(330) Pause Young (Allocation Failure) 23M->14M(31M) 1.375ms
[2025-04-16T14:46:42.649+0000][496.658s][info][gc,cpu         ] GC(330) User=0.00s Sys=0.00s Real=0.00s
[2025-04-16T14:46:44.199+0000][498.208s][info][gc,start       ] GC(331) Pause Young (Allocation Failure)
[2025-04-16T14:46:44.200+0000][498.209s][info][gc,heap        ] GC(331) DefNew: 9158K(10176K)->86K(10176K) Eden: 9076K(9088K)->0K(9088K) From: 82K(1088K)->86K(1088K)
[2025-04-16T14:46:44.200+0000][498.209s][info][gc,heap        ] GC(331) Tenured: 14431K(22484K)->14432K(22484K)
[2025-04-16T14:46:44.200+0000][498.209s][info][gc,metaspace   ] GC(331) Metaspace: 37319K(37696K)->37319K(37696K) NonClass: 32895K(33088K)->32895K(33088K) Class: 4424K(4608K)->4424K(4608K)
[2025-04-16T14:46:44.200+0000][498.209s][info][gc             ] GC(331) Pause Young (Allocation Failure) 23M->14M(31M) 1.458ms
[2025-04-16T14:46:44.200+0000][498.209s][info][gc,cpu         ] GC(331) User=0.00s Sys=0.00s Real=0.00s
[2025-04-16T14:46:46.138+0000][500.147s][info][gc,start       ] GC(332) Pause Young (Allocation Failure)
[2025-04-16T14:46:46.140+0000][500.149s][info][gc,heap        ] GC(332) DefNew: 9174K(10176K)->89K(10176K) Eden: 9088K(9088K)->0K(9088K) From: 86K(1088K)->89K(1088K)
[2025-04-16T14:46:46.140+0000][500.149s][info][gc,heap        ] GC(332) Tenured: 14432K(22484K)->14432K(22484K)
[2025-04-16T14:46:46.140+0000][500.149s][info][gc,metaspace   ] GC(332) Metaspace: 37319K(37696K)->37319K(37696K) NonClass: 32895K(33088K)->32895K(33088K) Class: 4424K(4608K)->4424K(4608K)
[2025-04-16T14:46:46.140+0000][500.149s][info][gc             ] GC(332) Pause Young (Allocation Failure) 23M->14M(31M) 1.420ms
[2025-04-16T14:46:46.140+0000][500.149s][info][gc,cpu         ] GC(332) User=0.00s Sys=0.00s Real=0.00s
[2025-04-16T14:46:47.851+0000][501.860s][info][gc,start       ] GC(333) Pause Young (Allocation Failure)
[2025-04-16T14:46:47.852+0000][501.861s][info][gc,heap        ] GC(333) DefNew: 9177K(10176K)->109K(10176K) Eden: 9088K(9088K)->0K(9088K) From: 89K(1088K)->109K(1088K)
[2025-04-16T14:46:47.852+0000][501.861s][info][gc,heap        ] GC(333) Tenured: 14432K(22484K)->14433K(22484K)
[2025-04-16T14:46:47.852+0000][501.861s][info][gc,metaspace   ] GC(333) Metaspace: 37319K(37696K)->37319K(37696K) NonClass: 32895K(33088K)->32895K(33088K) Class: 4424K(4608K)->4424K(4608K)
[2025-04-16T14:46:47.853+0000][501.862s][info][gc             ] GC(333) Pause Young (Allocation Failure) 23M->14M(31M) 1.597ms
[2025-04-16T14:46:47.853+0000][501.862s][info][gc,cpu         ] GC(333) User=0.00s Sys=0.00s Real=0.00s
[2025-04-16T14:46:49.265+0000][503.274s][info][gc,start       ] GC(334) Pause Young (Allocation Failure)
[2025-04-16T14:46:49.266+0000][503.275s][info][gc,heap        ] GC(334) DefNew: 9197K(10176K)->101K(10176K) Eden: 9088K(9088K)->0K(9088K) From: 109K(1088K)->101K(1088K)
[2025-04-16T14:46:49.266+0000][503.275s][info][gc,heap        ] GC(334) Tenured: 14433K(22484K)->14433K(22484K)
[2025-04-16T14:46:49.266+0000][503.275s][info][gc,metaspace   ] GC(334) Metaspace: 37319K(37696K)->37319K(37696K) NonClass: 32895K(33088K)->32895K(33088K) Class: 4424K(4608K)->4424K(4608K)
[2025-04-16T14:46:49.266+0000][503.275s][info][gc             ] GC(334) Pause Young (Allocation Failure) 23M->14M(31M) 1.428ms
[2025-04-16T14:46:49.266+0000][503.275s][info][gc,cpu         ] GC(334) User=0.00s Sys=0.00s Real=0.00s
[2025-04-16T14:46:50.789+0000][504.798s][info][gc,start       ] GC(335) Pause Young (Allocation Failure)
[2025-04-16T14:46:50.790+0000][504.799s][info][gc,heap        ] GC(335) DefNew: 9189K(10176K)->119K(10176K) Eden: 9088K(9088K)->0K(9088K) From: 101K(1088K)->119K(1088K)
[2025-04-16T14:46:50.790+0000][504.799s][info][gc,heap        ] GC(335) Tenured: 14433K(22484K)->14435K(22484K)
[2025-04-16T14:46:50.790+0000][504.799s][info][gc,metaspace   ] GC(335) Metaspace: 37320K(37696K)->37320K(37696K) NonClass: 32896K(33088K)->32896K(33088K) Class: 4424K(4608K)->4424K(4608K)
[2025-04-16T14:46:50.790+0000][504.799s][info][gc             ] GC(335) Pause Young (Allocation Failure) 23M->14M(31M) 1.424ms
[2025-04-16T14:46:50.790+0000][504.799s][info][gc,cpu         ] GC(335) User=0.00s Sys=0.00s Real=0.00s
[2025-04-16T14:46:52.450+0000][506.459s][info][gc,start       ] GC(336) Pause Young (Allocation Failure)
[2025-04-16T14:46:52.452+0000][506.461s][info][gc,heap        ] GC(336) DefNew: 9207K(10176K)->86K(10176K) Eden: 9088K(9088K)->0K(9088K) From: 119K(1088K)->86K(1088K)
[2025-04-16T14:46:52.452+0000][506.461s][info][gc,heap        ] GC(336) Tenured: 14435K(22484K)->14435K(22484K)
[2025-04-16T14:46:52.452+0000][506.461s][info][gc,metaspace   ] GC(336) Metaspace: 37320K(37696K)->37320K(37696K) NonClass: 32896K(33088K)->32896K(33088K) Class: 4424K(4608K)->4424K(4608K)
[2025-04-16T14:46:52.452+0000][506.461s][info][gc             ] GC(336) Pause Young (Allocation Failure) 23M->14M(31M) 1.418ms
[2025-04-16T14:46:52.452+0000][506.461s][info][gc,cpu         ] GC(336) User=0.01s Sys=0.00s Real=0.00s
[2025-04-16T14:46:54.085+0000][508.094s][info][gc,start       ] GC(337) Pause Young (Allocation Failure)
[2025-04-16T14:46:54.087+0000][508.096s][info][gc,heap        ] GC(337) DefNew: 9174K(10176K)->104K(10176K) Eden: 9088K(9088K)->0K(9088K) From: 86K(1088K)->104K(1088K)
[2025-04-16T14:46:54.087+0000][508.096s][info][gc,heap        ] GC(337) Tenured: 14435K(22484K)->14435K(22484K)
[2025-04-16T14:46:54.087+0000][508.096s][info][gc,metaspace   ] GC(337) Metaspace: 37321K(37696K)->37321K(37696K) NonClass: 32897K(33088K)->32897K(33088K) Class: 4424K(4608K)->4424K(4608K)
[2025-04-16T14:46:54.087+0000][508.096s][info][gc             ] GC(337) Pause Young (Allocation Failure) 23M->14M(31M) 1.399ms
[2025-04-16T14:46:54.087+0000][508.096s][info][gc,cpu         ] GC(337) User=0.00s Sys=0.00s Real=0.00s
[2025-04-16T14:46:55.730+0000][509.739s][info][gc,start       ] GC(338) Pause Young (Allocation Failure)
[2025-04-16T14:46:55.731+0000][509.740s][info][gc,heap        ] GC(338) DefNew: 9186K(10176K)->94K(10176K) Eden: 9081K(9088K)->0K(9088K) From: 104K(1088K)->94K(1088K)
[2025-04-16T14:46:55.731+0000][509.740s][info][gc,heap        ] GC(338) Tenured: 14435K(22484K)->14436K(22484K)
[2025-04-16T14:46:55.731+0000][509.740s][info][gc,metaspace   ] GC(338) Metaspace: 37321K(37696K)->37321K(37696K) NonClass: 32897K(33088K)->32897K(33088K) Class: 4424K(4608K)->4424K(4608K)
[2025-04-16T14:46:55.731+0000][509.740s][info][gc             ] GC(338) Pause Young (Allocation Failure) 23M->14M(31M) 1.255ms
[2025-04-16T14:46:55.731+0000][509.740s][info][gc,cpu         ] GC(338) User=0.00s Sys=0.00s Real=0.00s
[2025-04-16T14:46:57.060+0000][511.069s][info][gc,start       ] GC(339) Pause Young (Allocation Failure)
[2025-04-16T14:46:57.061+0000][511.070s][info][gc,heap        ] GC(339) DefNew: 9172K(10176K)->104K(10176K) Eden: 9077K(9088K)->0K(9088K) From: 94K(1088K)->104K(1088K)
[2025-04-16T14:46:57.061+0000][511.070s][info][gc,heap        ] GC(339) Tenured: 14436K(22484K)->14437K(22484K)
[2025-04-16T14:46:57.061+0000][511.070s][info][gc,metaspace   ] GC(339) Metaspace: 37321K(37696K)->37321K(37696K) NonClass: 32897K(33088K)->32897K(33088K) Class: 4424K(4608K)->4424K(4608K)
[2025-04-16T14:46:57.061+0000][511.070s][info][gc             ] GC(339) Pause Young (Allocation Failure) 23M->14M(31M) 1.397ms
[2025-04-16T14:46:57.061+0000][511.070s][info][gc,cpu         ] GC(339) User=0.01s Sys=0.00s Real=0.00s
[2025-04-16T14:46:58.679+0000][512.688s][info][gc,start       ] GC(340) Pause Young (Allocation Failure)
[2025-04-16T14:46:58.680+0000][512.689s][info][gc,heap        ] GC(340) DefNew: 9192K(10176K)->84K(10176K) Eden: 9088K(9088K)->0K(9088K) From: 104K(1088K)->84K(1088K)
[2025-04-16T14:46:58.680+0000][512.689s][info][gc,heap        ] GC(340) Tenured: 14437K(22484K)->14440K(22484K)
[2025-04-16T14:46:58.680+0000][512.689s][info][gc,metaspace   ] GC(340) Metaspace: 37321K(37696K)->37321K(37696K) NonClass: 32897K(33088K)->32897K(33088K) Class: 4424K(4608K)->4424K(4608K)
[2025-04-16T14:46:58.680+0000][512.689s][info][gc             ] GC(340) Pause Young (Allocation Failure) 23M->14M(31M) 1.364ms
[2025-04-16T14:46:58.680+0000][512.689s][info][gc,cpu         ] GC(340) User=0.00s Sys=0.00s Real=0.00s
[2025-04-16T14:47:00.230+0000][514.239s][info][gc,start       ] GC(341) Pause Young (Allocation Failure)
[2025-04-16T14:47:00.231+0000][514.240s][info][gc,heap        ] GC(341) DefNew: 9172K(10176K)->100K(10176K) Eden: 9088K(9088K)->0K(9088K) From: 84K(1088K)->100K(1088K)
[2025-04-16T14:47:00.231+0000][514.240s][info][gc,heap        ] GC(341) Tenured: 14440K(22484K)->14440K(22484K)
[2025-04-16T14:47:00.231+0000][514.240s][info][gc,metaspace   ] GC(341) Metaspace: 37321K(37696K)->37321K(37696K) NonClass: 32897K(33088K)->32897K(33088K) Class: 4424K(4608K)->4424K(4608K)
[2025-04-16T14:47:00.231+0000][514.240s][info][gc             ] GC(341) Pause Young (Allocation Failure) 23M->14M(31M) 1.341ms
[2025-04-16T14:47:00.231+0000][514.240s][info][gc,cpu         ] GC(341) User=0.00s Sys=0.00s Real=0.00s
[2025-04-16T14:47:01.947+0000][515.956s][info][gc,start       ] GC(342) Pause Young (Allocation Failure)
[2025-04-16T14:47:01.948+0000][515.957s][info][gc,heap        ] GC(342) DefNew: 9186K(10176K)->92K(10176K) Eden: 9085K(9088K)->0K(9088K) From: 100K(1088K)->92K(1088K)
[2025-04-16T14:47:01.948+0000][515.957s][info][gc,heap        ] GC(342) Tenured: 14440K(22484K)->14440K(22484K)
[2025-04-16T14:47:01.948+0000][515.957s][info][gc,metaspace   ] GC(342) Metaspace: 37322K(37696K)->37322K(37696K) NonClass: 32898K(33088K)->32898K(33088K) Class: 4424K(4608K)->4424K(4608K)
[2025-04-16T14:47:01.948+0000][515.958s][info][gc             ] GC(342) Pause Young (Allocation Failure) 23M->14M(31M) 1.356ms
[2025-04-16T14:47:01.949+0000][515.958s][info][gc,cpu         ] GC(342) User=0.00s Sys=0.00s Real=0.00s
[2025-04-16T14:47:03.352+0000][517.361s][info][gc,start       ] GC(343) Pause Young (Allocation Failure)
[2025-04-16T14:47:03.353+0000][517.362s][info][gc,heap        ] GC(343) DefNew: 9180K(10176K)->85K(10176K) Eden: 9088K(9088K)->0K(9088K) From: 92K(1088K)->85K(1088K)
[2025-04-16T14:47:03.353+0000][517.362s][info][gc,heap        ] GC(343) Tenured: 14440K(22484K)->14441K(22484K)
[2025-04-16T14:47:03.353+0000][517.362s][info][gc,metaspace   ] GC(343) Metaspace: 37325K(37696K)->37325K(37696K) NonClass: 32901K(33088K)->32901K(33088K) Class: 4424K(4608K)->4424K(4608K)
[2025-04-16T14:47:03.353+0000][517.362s][info][gc             ] GC(343) Pause Young (Allocation Failure) 23M->14M(31M) 1.308ms
[2025-04-16T14:47:03.353+0000][517.362s][info][gc,cpu         ] GC(343) User=0.00s Sys=0.00s Real=0.00s
[2025-04-16T14:47:04.924+0000][518.933s][info][gc,start       ] GC(344) Pause Young (Allocation Failure)
[2025-04-16T14:47:04.926+0000][518.935s][info][gc,heap        ] GC(344) DefNew: 9173K(10176K)->96K(10176K) Eden: 9087K(9088K)->0K(9088K) From: 85K(1088K)->96K(1088K)
[2025-04-16T14:47:04.926+0000][518.935s][info][gc,heap        ] GC(344) Tenured: 14441K(22484K)->14442K(22484K)
[2025-04-16T14:47:04.926+0000][518.935s][info][gc,metaspace   ] GC(344) Metaspace: 37325K(37696K)->37325K(37696K) NonClass: 32901K(33088K)->32901K(33088K) Class: 4424K(4608K)->4424K(4608K)
[2025-04-16T14:47:04.926+0000][518.935s][info][gc             ] GC(344) Pause Young (Allocation Failure) 23M->14M(31M) 1.442ms
[2025-04-16T14:47:04.926+0000][518.935s][info][gc,cpu         ] GC(344) User=0.01s Sys=0.00s Real=0.00s
[2025-04-16T14:47:06.339+0000][520.348s][info][gc,start       ] GC(345) Pause Young (Allocation Failure)
[2025-04-16T14:47:06.340+0000][520.349s][info][gc,heap        ] GC(345) DefNew: 9184K(10176K)->80K(10176K) Eden: 9088K(9088K)->0K(9088K) From: 96K(1088K)->80K(1088K)
[2025-04-16T14:47:06.340+0000][520.349s][info][gc,heap        ] GC(345) Tenured: 14442K(22484K)->14443K(22484K)
[2025-04-16T14:47:06.340+0000][520.349s][info][gc,metaspace   ] GC(345) Metaspace: 37325K(37696K)->37325K(37696K) NonClass: 32901K(33088K)->32901K(33088K) Class: 4424K(4608K)->4424K(4608K)
[2025-04-16T14:47:06.340+0000][520.349s][info][gc             ] GC(345) Pause Young (Allocation Failure) 23M->14M(31M) 1.428ms
[2025-04-16T14:47:06.340+0000][520.349s][info][gc,cpu         ] GC(345) User=0.00s Sys=0.01s Real=0.00s
[2025-04-16T14:47:08.068+0000][522.077s][info][gc,start       ] GC(346) Pause Young (Allocation Failure)
[2025-04-16T14:47:08.069+0000][522.078s][info][gc,heap        ] GC(346) DefNew: 9168K(10176K)->99K(10176K) Eden: 9088K(9088K)->0K(9088K) From: 80K(1088K)->99K(1088K)
[2025-04-16T14:47:08.069+0000][522.078s][info][gc,heap        ] GC(346) Tenured: 14443K(22484K)->14443K(22484K)
[2025-04-16T14:47:08.069+0000][522.078s][info][gc,metaspace   ] GC(346) Metaspace: 37325K(37696K)->37325K(37696K) NonClass: 32901K(33088K)->32901K(33088K) Class: 4424K(4608K)->4424K(4608K)
[2025-04-16T14:47:08.069+0000][522.078s][info][gc             ] GC(346) Pause Young (Allocation Failure) 23M->14M(31M) 1.383ms
[2025-04-16T14:47:08.069+0000][522.078s][info][gc,cpu         ] GC(346) User=0.01s Sys=0.00s Real=0.00s
[2025-04-16T14:47:09.682+0000][523.691s][info][gc,start       ] GC(347) Pause Young (Allocation Failure)
[2025-04-16T14:47:09.684+0000][523.693s][info][gc,heap        ] GC(347) DefNew: 9187K(10176K)->112K(10176K) Eden: 9088K(9088K)->0K(9088K) From: 99K(1088K)->112K(1088K)
[2025-04-16T14:47:09.684+0000][523.693s][info][gc,heap        ] GC(347) Tenured: 14443K(22484K)->14445K(22484K)
[2025-04-16T14:47:09.684+0000][523.693s][info][gc,metaspace   ] GC(347) Metaspace: 37325K(37696K)->37325K(37696K) NonClass: 32901K(33088K)->32901K(33088K) Class: 4424K(4608K)->4424K(4608K)
[2025-04-16T14:47:09.684+0000][523.693s][info][gc             ] GC(347) Pause Young (Allocation Failure) 23M->14M(31M) 1.454ms
[2025-04-16T14:47:09.684+0000][523.693s][info][gc,cpu         ] GC(347) User=0.00s Sys=0.00s Real=0.00s
[2025-04-16T14:47:11.050+0000][525.059s][info][gc,start       ] GC(348) Pause Young (Allocation Failure)
[2025-04-16T14:47:11.052+0000][525.061s][info][gc,heap        ] GC(348) DefNew: 9200K(10176K)->82K(10176K) Eden: 9088K(9088K)->0K(9088K) From: 112K(1088K)->82K(1088K)
[2025-04-16T14:47:11.052+0000][525.061s][info][gc,heap        ] GC(348) Tenured: 14445K(22484K)->14446K(22484K)
[2025-04-16T14:47:11.052+0000][525.061s][info][gc,metaspace   ] GC(348) Metaspace: 37330K(37696K)->37330K(37696K) NonClass: 32905K(33088K)->32905K(33088K) Class: 4424K(4608K)->4424K(4608K)
[2025-04-16T14:47:11.052+0000][525.061s][info][gc             ] GC(348) Pause Young (Allocation Failure) 23M->14M(31M) 1.462ms
[2025-04-16T14:47:11.052+0000][525.061s][info][gc,cpu         ] GC(348) User=0.00s Sys=0.00s Real=0.00s
[2025-04-16T14:47:12.975+0000][526.984s][info][gc,start       ] GC(349) Pause Young (Allocation Failure)
[2025-04-16T14:47:12.976+0000][526.985s][info][gc,heap        ] GC(349) DefNew: 9170K(10176K)->78K(10176K) Eden: 9088K(9088K)->0K(9088K) From: 82K(1088K)->78K(1088K)
[2025-04-16T14:47:12.976+0000][526.985s][info][gc,heap        ] GC(349) Tenured: 14446K(22484K)->14446K(22484K)
[2025-04-16T14:47:12.976+0000][526.985s][info][gc,metaspace   ] GC(349) Metaspace: 37330K(37696K)->37330K(37696K) NonClass: 32905K(33088K)->32905K(33088K) Class: 4424K(4608K)->4424K(4608K)
[2025-04-16T14:47:12.976+0000][526.985s][info][gc             ] GC(349) Pause Young (Allocation Failure) 23M->14M(31M) 1.406ms
[2025-04-16T14:47:12.976+0000][526.985s][info][gc,cpu         ] GC(349) User=0.00s Sys=0.00s Real=0.00s
[2025-04-16T14:47:14.335+0000][528.344s][info][gc,start       ] GC(350) Pause Young (Allocation Failure)
[2025-04-16T14:47:14.337+0000][528.346s][info][gc,heap        ] GC(350) DefNew: 9166K(10176K)->99K(10176K) Eden: 9088K(9088K)->0K(9088K) From: 78K(1088K)->99K(1088K)
[2025-04-16T14:47:14.337+0000][528.346s][info][gc,heap        ] GC(350) Tenured: 14446K(22484K)->14447K(22484K)
[2025-04-16T14:47:14.337+0000][528.346s][info][gc,metaspace   ] GC(350) Metaspace: 37330K(37696K)->37330K(37696K) NonClass: 32905K(33088K)->32905K(33088K) Class: 4424K(4608K)->4424K(4608K)
[2025-04-16T14:47:14.337+0000][528.346s][info][gc             ] GC(350) Pause Young (Allocation Failure) 23M->14M(31M) 1.451ms
[2025-04-16T14:47:14.337+0000][528.346s][info][gc,cpu         ] GC(350) User=0.00s Sys=0.00s Real=0.00s
[2025-04-16T14:47:15.759+0000][529.768s][info][gc,start       ] GC(351) Pause Young (Allocation Failure)
[2025-04-16T14:47:15.760+0000][529.769s][info][gc,heap        ] GC(351) DefNew: 9187K(10176K)->87K(10176K) Eden: 9088K(9088K)->0K(9088K) From: 99K(1088K)->87K(1088K)
[2025-04-16T14:47:15.760+0000][529.769s][info][gc,heap        ] GC(351) Tenured: 14447K(22484K)->14448K(22484K)
[2025-04-16T14:47:15.760+0000][529.769s][info][gc,metaspace   ] GC(351) Metaspace: 37330K(37696K)->37330K(37696K) NonClass: 32905K(33088K)->32905K(33088K) Class: 4424K(4608K)->4424K(4608K)
[2025-04-16T14:47:15.760+0000][529.769s][info][gc             ] GC(351) Pause Young (Allocation Failure) 23M->14M(31M) 1.312ms
[2025-04-16T14:47:15.760+0000][529.769s][info][gc,cpu         ] GC(351) User=0.00s Sys=0.00s Real=0.00s
[2025-04-16T14:47:17.663+0000][531.672s][info][gc,start       ] GC(352) Pause Young (Allocation Failure)
[2025-04-16T14:47:17.665+0000][531.674s][info][gc,heap        ] GC(352) DefNew: 9175K(10176K)->81K(10176K) Eden: 9088K(9088K)->0K(9088K) From: 87K(1088K)->81K(1088K)
[2025-04-16T14:47:17.665+0000][531.674s][info][gc,heap        ] GC(352) Tenured: 14448K(22484K)->14451K(22484K)
[2025-04-16T14:47:17.665+0000][531.674s][info][gc,metaspace   ] GC(352) Metaspace: 37330K(37696K)->37330K(37696K) NonClass: 32905K(33088K)->32905K(33088K) Class: 4424K(4608K)->4424K(4608K)
[2025-04-16T14:47:17.665+0000][531.674s][info][gc             ] GC(352) Pause Young (Allocation Failure) 23M->14M(31M) 1.358ms
[2025-04-16T14:47:17.665+0000][531.674s][info][gc,cpu         ] GC(352) User=0.00s Sys=0.00s Real=0.01s
[2025-04-16T14:47:19.210+0000][533.219s][info][gc,start       ] GC(353) Pause Young (Allocation Failure)
[2025-04-16T14:47:19.211+0000][533.220s][info][gc,heap        ] GC(353) DefNew: 9169K(10176K)->90K(10176K) Eden: 9088K(9088K)->0K(9088K) From: 81K(1088K)->90K(1088K)
[2025-04-16T14:47:19.211+0000][533.220s][info][gc,heap        ] GC(353) Tenured: 14451K(22484K)->14451K(22484K)
[2025-04-16T14:47:19.211+0000][533.220s][info][gc,metaspace   ] GC(353) Metaspace: 37330K(37696K)->37330K(37696K) NonClass: 32905K(33088K)->32905K(33088K) Class: 4424K(4608K)->4424K(4608K)
[2025-04-16T14:47:19.211+0000][533.220s][info][gc             ] GC(353) Pause Young (Allocation Failure) 23M->14M(31M) 1.330ms
[2025-04-16T14:47:19.211+0000][533.220s][info][gc,cpu         ] GC(353) User=0.00s Sys=0.00s Real=0.00s
[2025-04-16T14:47:20.941+0000][534.950s][info][gc,start       ] GC(354) Pause Young (Allocation Failure)
[2025-04-16T14:47:20.942+0000][534.951s][info][gc,heap        ] GC(354) DefNew: 9178K(10176K)->101K(10176K) Eden: 9088K(9088K)->0K(9088K) From: 90K(1088K)->101K(1088K)
[2025-04-16T14:47:20.942+0000][534.951s][info][gc,heap        ] GC(354) Tenured: 14451K(22484K)->14451K(22484K)
[2025-04-16T14:47:20.942+0000][534.951s][info][gc,metaspace   ] GC(354) Metaspace: 37330K(37696K)->37330K(37696K) NonClass: 32906K(33088K)->32906K(33088K) Class: 4424K(4608K)->4424K(4608K)
[2025-04-16T14:47:20.942+0000][534.951s][info][gc             ] GC(354) Pause Young (Allocation Failure) 23M->14M(31M) 1.366ms
[2025-04-16T14:47:20.942+0000][534.951s][info][gc,cpu         ] GC(354) User=0.00s Sys=0.00s Real=0.00s
[2025-04-16T14:47:22.355+0000][536.364s][info][gc,start       ] GC(355) Pause Young (Allocation Failure)
[2025-04-16T14:47:22.357+0000][536.366s][info][gc,heap        ] GC(355) DefNew: 9189K(10176K)->96K(10176K) Eden: 9088K(9088K)->0K(9088K) From: 101K(1088K)->96K(1088K)
[2025-04-16T14:47:22.357+0000][536.366s][info][gc,heap        ] GC(355) Tenured: 14451K(22484K)->14452K(22484K)
[2025-04-16T14:47:22.357+0000][536.366s][info][gc,metaspace   ] GC(355) Metaspace: 37330K(37696K)->37330K(37696K) NonClass: 32906K(33088K)->32906K(33088K) Class: 4424K(4608K)->4424K(4608K)
[2025-04-16T14:47:22.357+0000][536.366s][info][gc             ] GC(355) Pause Young (Allocation Failure) 23M->14M(31M) 1.447ms
[2025-04-16T14:47:22.357+0000][536.366s][info][gc,cpu         ] GC(355) User=0.01s Sys=0.01s Real=0.00s
[2025-04-16T14:47:24.070+0000][538.079s][info][gc,start       ] GC(356) Pause Young (Allocation Failure)
[2025-04-16T14:47:24.072+0000][538.081s][info][gc,heap        ] GC(356) DefNew: 9170K(10176K)->87K(10176K) Eden: 9074K(9088K)->0K(9088K) From: 96K(1088K)->87K(1088K)
[2025-04-16T14:47:24.072+0000][538.081s][info][gc,heap        ] GC(356) Tenured: 14452K(22484K)->14452K(22484K)
[2025-04-16T14:47:24.072+0000][538.081s][info][gc,metaspace   ] GC(356) Metaspace: 37330K(37696K)->37330K(37696K) NonClass: 32906K(33088K)->32906K(33088K) Class: 4424K(4608K)->4424K(4608K)
[2025-04-16T14:47:24.072+0000][538.081s][info][gc             ] GC(356) Pause Young (Allocation Failure) 23M->14M(31M) 1.393ms
[2025-04-16T14:47:24.072+0000][538.081s][info][gc,cpu         ] GC(356) User=0.00s Sys=0.00s Real=0.00s
[2025-04-16T14:47:25.474+0000][539.483s][info][gc,start       ] GC(357) Pause Young (Allocation Failure)
[2025-04-16T14:47:25.475+0000][539.484s][info][gc,heap        ] GC(357) DefNew: 9175K(10176K)->87K(10176K) Eden: 9088K(9088K)->0K(9088K) From: 87K(1088K)->87K(1088K)
[2025-04-16T14:47:25.475+0000][539.484s][info][gc,heap        ] GC(357) Tenured: 14452K(22484K)->14452K(22484K)
[2025-04-16T14:47:25.475+0000][539.484s][info][gc,metaspace   ] GC(357) Metaspace: 37330K(37696K)->37330K(37696K) NonClass: 32906K(33088K)->32906K(33088K) Class: 4424K(4608K)->4424K(4608K)
[2025-04-16T14:47:25.475+0000][539.484s][info][gc             ] GC(357) Pause Young (Allocation Failure) 23M->14M(31M) 1.424ms
[2025-04-16T14:47:25.475+0000][539.484s][info][gc,cpu         ] GC(357) User=0.00s Sys=0.00s Real=0.01s
[2025-04-16T14:47:27.172+0000][541.181s][info][gc,start       ] GC(358) Pause Young (Allocation Failure)
[2025-04-16T14:47:27.173+0000][541.182s][info][gc,heap        ] GC(358) DefNew: 9175K(10176K)->103K(10176K) Eden: 9088K(9088K)->0K(9088K) From: 87K(1088K)->103K(1088K)
[2025-04-16T14:47:27.173+0000][541.182s][info][gc,heap        ] GC(358) Tenured: 14452K(22484K)->14453K(22484K)
[2025-04-16T14:47:27.173+0000][541.182s][info][gc,metaspace   ] GC(358) Metaspace: 37330K(37696K)->37330K(37696K) NonClass: 32906K(33088K)->32906K(33088K) Class: 4424K(4608K)->4424K(4608K)
[2025-04-16T14:47:27.173+0000][541.183s][info][gc             ] GC(358) Pause Young (Allocation Failure) 23M->14M(31M) 1.483ms
[2025-04-16T14:47:27.174+0000][541.183s][info][gc,cpu         ] GC(358) User=0.00s Sys=0.00s Real=0.00s
[2025-04-16T14:47:28.852+0000][542.861s][info][gc,start       ] GC(359) Pause Young (Allocation Failure)
[2025-04-16T14:47:28.853+0000][542.862s][info][gc,heap        ] GC(359) DefNew: 9191K(10176K)->81K(10176K) Eden: 9088K(9088K)->0K(9088K) From: 103K(1088K)->81K(1088K)
[2025-04-16T14:47:28.853+0000][542.862s][info][gc,heap        ] GC(359) Tenured: 14453K(22484K)->14453K(22484K)
[2025-04-16T14:47:28.853+0000][542.862s][info][gc,metaspace   ] GC(359) Metaspace: 37330K(37696K)->37330K(37696K) NonClass: 32906K(33088K)->32906K(33088K) Class: 4424K(4608K)->4424K(4608K)
[2025-04-16T14:47:28.853+0000][542.862s][info][gc             ] GC(359) Pause Young (Allocation Failure) 23M->14M(31M) 1.249ms
[2025-04-16T14:47:28.853+0000][542.862s][info][gc,cpu         ] GC(359) User=0.00s Sys=0.00s Real=0.00s
[2025-04-16T14:47:30.383+0000][544.392s][info][gc,start       ] GC(360) Pause Young (Allocation Failure)
[2025-04-16T14:47:30.384+0000][544.393s][info][gc,heap        ] GC(360) DefNew: 9169K(10176K)->92K(10176K) Eden: 9088K(9088K)->0K(9088K) From: 81K(1088K)->92K(1088K)
[2025-04-16T14:47:30.384+0000][544.394s][info][gc,heap        ] GC(360) Tenured: 14453K(22484K)->14455K(22484K)
[2025-04-16T14:47:30.384+0000][544.394s][info][gc,metaspace   ] GC(360) Metaspace: 37330K(37696K)->37330K(37696K) NonClass: 32906K(33088K)->32906K(33088K) Class: 4424K(4608K)->4424K(4608K)
[2025-04-16T14:47:30.385+0000][544.394s][info][gc             ] GC(360) Pause Young (Allocation Failure) 23M->14M(31M) 1.362ms
[2025-04-16T14:47:30.385+0000][544.394s][info][gc,cpu         ] GC(360) User=0.00s Sys=0.01s Real=0.01s
[2025-04-16T14:47:31.999+0000][546.008s][info][gc,start       ] GC(361) Pause Young (Allocation Failure)
[2025-04-16T14:47:32.000+0000][546.009s][info][gc,heap        ] GC(361) DefNew: 9180K(10176K)->93K(10176K) Eden: 9088K(9088K)->0K(9088K) From: 92K(1088K)->93K(1088K)
[2025-04-16T14:47:32.000+0000][546.009s][info][gc,heap        ] GC(361) Tenured: 14455K(22484K)->14455K(22484K)
[2025-04-16T14:47:32.000+0000][546.009s][info][gc,metaspace   ] GC(361) Metaspace: 37330K(37696K)->37330K(37696K) NonClass: 32906K(33088K)->32906K(33088K) Class: 4424K(4608K)->4424K(4608K)
[2025-04-16T14:47:32.000+0000][546.009s][info][gc             ] GC(361) Pause Young (Allocation Failure) 23M->14M(31M) 1.333ms
[2025-04-16T14:47:32.000+0000][546.009s][info][gc,cpu         ] GC(361) User=0.00s Sys=0.00s Real=0.00s
[2025-04-16T14:47:33.620+0000][547.629s][info][gc,start       ] GC(362) Pause Young (Allocation Failure)
[2025-04-16T14:47:33.621+0000][547.630s][info][gc,heap        ] GC(362) DefNew: 9181K(10176K)->111K(10176K) Eden: 9088K(9088K)->0K(9088K) From: 93K(1088K)->111K(1088K)
[2025-04-16T14:47:33.621+0000][547.630s][info][gc,heap        ] GC(362) Tenured: 14455K(22484K)->14455K(22484K)
[2025-04-16T14:47:33.621+0000][547.630s][info][gc,metaspace   ] GC(362) Metaspace: 37330K(37696K)->37330K(37696K) NonClass: 32906K(33088K)->32906K(33088K) Class: 4424K(4608K)->4424K(4608K)
[2025-04-16T14:47:33.621+0000][547.630s][info][gc             ] GC(362) Pause Young (Allocation Failure) 23M->14M(31M) 1.412ms
[2025-04-16T14:47:33.621+0000][547.630s][info][gc,cpu         ] GC(362) User=0.00s Sys=0.00s Real=0.00s
[2025-04-16T14:47:35.350+0000][549.359s][info][gc,start       ] GC(363) Pause Young (Allocation Failure)
[2025-04-16T14:47:35.352+0000][549.361s][info][gc,heap        ] GC(363) DefNew: 9199K(10176K)->110K(10176K) Eden: 9088K(9088K)->0K(9088K) From: 111K(1088K)->110K(1088K)
[2025-04-16T14:47:35.352+0000][549.361s][info][gc,heap        ] GC(363) Tenured: 14455K(22484K)->14456K(22484K)
[2025-04-16T14:47:35.352+0000][549.361s][info][gc,metaspace   ] GC(363) Metaspace: 37330K(37696K)->37330K(37696K) NonClass: 32906K(33088K)->32906K(33088K) Class: 4424K(4608K)->4424K(4608K)
[2025-04-16T14:47:35.352+0000][549.361s][info][gc             ] GC(363) Pause Young (Allocation Failure) 23M->14M(31M) 1.329ms
[2025-04-16T14:47:35.352+0000][549.361s][info][gc,cpu         ] GC(363) User=0.00s Sys=0.00s Real=0.00s
[2025-04-16T14:47:36.854+0000][550.863s][info][gc,start       ] GC(364) Pause Young (Allocation Failure)
[2025-04-16T14:47:36.856+0000][550.865s][info][gc,heap        ] GC(364) DefNew: 9198K(10176K)->106K(10176K) Eden: 9087K(9088K)->0K(9088K) From: 110K(1088K)->106K(1088K)
[2025-04-16T14:47:36.856+0000][550.865s][info][gc,heap        ] GC(364) Tenured: 14456K(22484K)->14456K(22484K)
[2025-04-16T14:47:36.856+0000][550.865s][info][gc,metaspace   ] GC(364) Metaspace: 37330K(37696K)->37330K(37696K) NonClass: 32906K(33088K)->32906K(33088K) Class: 4424K(4608K)->4424K(4608K)
[2025-04-16T14:47:36.856+0000][550.865s][info][gc             ] GC(364) Pause Young (Allocation Failure) 23M->14M(31M) 1.430ms
[2025-04-16T14:47:36.856+0000][550.865s][info][gc,cpu         ] GC(364) User=0.00s Sys=0.00s Real=0.00s
[2025-04-16T14:47:38.411+0000][552.420s][info][gc,start       ] GC(365) Pause Young (Allocation Failure)
[2025-04-16T14:47:38.413+0000][552.422s][info][gc,heap        ] GC(365) DefNew: 9194K(10176K)->93K(10176K) Eden: 9088K(9088K)->0K(9088K) From: 106K(1088K)->93K(1088K)
[2025-04-16T14:47:38.413+0000][552.422s][info][gc,heap        ] GC(365) Tenured: 14456K(22484K)->14458K(22484K)
[2025-04-16T14:47:38.413+0000][552.422s][info][gc,metaspace   ] GC(365) Metaspace: 37330K(37696K)->37330K(37696K) NonClass: 32906K(33088K)->32906K(33088K) Class: 4424K(4608K)->4424K(4608K)
[2025-04-16T14:47:38.413+0000][552.422s][info][gc             ] GC(365) Pause Young (Allocation Failure) 23M->14M(31M) 1.268ms
[2025-04-16T14:47:38.413+0000][552.422s][info][gc,cpu         ] GC(365) User=0.00s Sys=0.00s Real=0.00s
[2025-04-16T14:47:39.979+0000][553.988s][info][gc,start       ] GC(366) Pause Young (Allocation Failure)
[2025-04-16T14:47:39.980+0000][553.989s][info][gc,heap        ] GC(366) DefNew: 9181K(10176K)->97K(10176K) Eden: 9088K(9088K)->0K(9088K) From: 93K(1088K)->97K(1088K)
[2025-04-16T14:47:39.980+0000][553.989s][info][gc,heap        ] GC(366) Tenured: 14458K(22484K)->14461K(22484K)
[2025-04-16T14:47:39.980+0000][553.989s][info][gc,metaspace   ] GC(366) Metaspace: 37330K(37696K)->37330K(37696K) NonClass: 32906K(33088K)->32906K(33088K) Class: 4424K(4608K)->4424K(4608K)
[2025-04-16T14:47:39.980+0000][553.989s][info][gc             ] GC(366) Pause Young (Allocation Failure) 23M->14M(31M) 1.404ms
[2025-04-16T14:47:39.980+0000][553.989s][info][gc,cpu         ] GC(366) User=0.00s Sys=0.00s Real=0.00s
[2025-04-16T14:47:41.526+0000][555.535s][info][gc,start       ] GC(367) Pause Young (Allocation Failure)
[2025-04-16T14:47:41.527+0000][555.536s][info][gc,heap        ] GC(367) DefNew: 9185K(10176K)->106K(10176K) Eden: 9088K(9088K)->0K(9088K) From: 97K(1088K)->106K(1088K)
[2025-04-16T14:47:41.527+0000][555.536s][info][gc,heap        ] GC(367) Tenured: 14461K(22484K)->14462K(22484K)
[2025-04-16T14:47:41.527+0000][555.536s][info][gc,metaspace   ] GC(367) Metaspace: 37330K(37696K)->37330K(37696K) NonClass: 32906K(33088K)->32906K(33088K) Class: 4424K(4608K)->4424K(4608K)
[2025-04-16T14:47:41.527+0000][555.536s][info][gc             ] GC(367) Pause Young (Allocation Failure) 23M->14M(31M) 1.414ms
[2025-04-16T14:47:41.527+0000][555.537s][info][gc,cpu         ] GC(367) User=0.00s Sys=0.00s Real=0.00s
[2025-04-16T14:47:43.243+0000][557.252s][info][gc,start       ] GC(368) Pause Young (Allocation Failure)
[2025-04-16T14:47:43.244+0000][557.253s][info][gc,heap        ] GC(368) DefNew: 9194K(10176K)->90K(10176K) Eden: 9088K(9088K)->0K(9088K) From: 106K(1088K)->90K(1088K)
[2025-04-16T14:47:43.244+0000][557.253s][info][gc,heap        ] GC(368) Tenured: 14462K(22484K)->14462K(22484K)
[2025-04-16T14:47:43.244+0000][557.253s][info][gc,metaspace   ] GC(368) Metaspace: 37330K(37696K)->37330K(37696K) NonClass: 32906K(33088K)->32906K(33088K) Class: 4424K(4608K)->4424K(4608K)
[2025-04-16T14:47:43.244+0000][557.253s][info][gc             ] GC(368) Pause Young (Allocation Failure) 23M->14M(31M) 1.354ms
[2025-04-16T14:47:43.244+0000][557.253s][info][gc,cpu         ] GC(368) User=0.00s Sys=0.00s Real=0.01s
[2025-04-16T14:47:44.683+0000][558.692s][info][gc,start       ] GC(369) Pause Young (Allocation Failure)
[2025-04-16T14:47:44.684+0000][558.693s][info][gc,heap        ] GC(369) DefNew: 9178K(10176K)->86K(10176K) Eden: 9088K(9088K)->0K(9088K) From: 90K(1088K)->86K(1088K)
[2025-04-16T14:47:44.684+0000][558.694s][info][gc,heap        ] GC(369) Tenured: 14462K(22484K)->14465K(22484K)
[2025-04-16T14:47:44.684+0000][558.694s][info][gc,metaspace   ] GC(369) Metaspace: 37330K(37696K)->37330K(37696K) NonClass: 32906K(33088K)->32906K(33088K) Class: 4424K(4608K)->4424K(4608K)
[2025-04-16T14:47:44.685+0000][558.694s][info][gc             ] GC(369) Pause Young (Allocation Failure) 23M->14M(31M) 1.226ms
[2025-04-16T14:47:44.685+0000][558.694s][info][gc,cpu         ] GC(369) User=0.00s Sys=0.00s Real=0.01s
[2025-04-16T14:47:46.397+0000][560.406s][info][gc,start       ] GC(370) Pause Young (Allocation Failure)
[2025-04-16T14:47:46.398+0000][560.407s][info][gc,heap        ] GC(370) DefNew: 9174K(10176K)->88K(10176K) Eden: 9088K(9088K)->0K(9088K) From: 86K(1088K)->88K(1088K)
[2025-04-16T14:47:46.398+0000][560.407s][info][gc,heap        ] GC(370) Tenured: 14465K(22484K)->14465K(22484K)
[2025-04-16T14:47:46.398+0000][560.407s][info][gc,metaspace   ] GC(370) Metaspace: 37330K(37696K)->37330K(37696K) NonClass: 32906K(33088K)->32906K(33088K) Class: 4424K(4608K)->4424K(4608K)
[2025-04-16T14:47:46.398+0000][560.407s][info][gc             ] GC(370) Pause Young (Allocation Failure) 23M->14M(31M) 1.273ms
[2025-04-16T14:47:46.398+0000][560.407s][info][gc,cpu         ] GC(370) User=0.00s Sys=0.00s Real=0.00s
[2025-04-16T14:47:47.880+0000][561.889s][info][gc,start       ] GC(371) Pause Young (Allocation Failure)
[2025-04-16T14:47:47.882+0000][561.891s][info][gc,heap        ] GC(371) DefNew: 9176K(10176K)->92K(10176K) Eden: 9088K(9088K)->0K(9088K) From: 88K(1088K)->92K(1088K)
[2025-04-16T14:47:47.882+0000][561.891s][info][gc,heap        ] GC(371) Tenured: 14465K(22484K)->14465K(22484K)
[2025-04-16T14:47:47.882+0000][561.891s][info][gc,metaspace   ] GC(371) Metaspace: 37330K(37696K)->37330K(37696K) NonClass: 32906K(33088K)->32906K(33088K) Class: 4424K(4608K)->4424K(4608K)
[2025-04-16T14:47:47.882+0000][561.891s][info][gc             ] GC(371) Pause Young (Allocation Failure) 23M->14M(31M) 1.318ms
[2025-04-16T14:47:47.882+0000][561.891s][info][gc,cpu         ] GC(371) User=0.00s Sys=0.00s Real=0.00s
[2025-04-16T14:47:49.354+0000][563.363s][info][gc,start       ] GC(372) Pause Young (Allocation Failure)
[2025-04-16T14:47:49.356+0000][563.365s][info][gc,heap        ] GC(372) DefNew: 9180K(10176K)->106K(10176K) Eden: 9088K(9088K)->0K(9088K) From: 92K(1088K)->106K(1088K)
[2025-04-16T14:47:49.356+0000][563.365s][info][gc,heap        ] GC(372) Tenured: 14465K(22484K)->14467K(22484K)
[2025-04-16T14:47:49.356+0000][563.365s][info][gc,metaspace   ] GC(372) Metaspace: 37330K(37696K)->37330K(37696K) NonClass: 32906K(33088K)->32906K(33088K) Class: 4424K(4608K)->4424K(4608K)
[2025-04-16T14:47:49.356+0000][563.365s][info][gc             ] GC(372) Pause Young (Allocation Failure) 23M->14M(31M) 1.390ms
[2025-04-16T14:47:49.356+0000][563.365s][info][gc,cpu         ] GC(372) User=0.00s Sys=0.00s Real=0.00s
[2025-04-16T14:47:50.919+0000][564.928s][info][gc,start       ] GC(373) Pause Young (Allocation Failure)
[2025-04-16T14:47:50.920+0000][564.929s][info][gc,heap        ] GC(373) DefNew: 9194K(10176K)->87K(10176K) Eden: 9088K(9088K)->0K(9088K) From: 106K(1088K)->87K(1088K)
[2025-04-16T14:47:50.920+0000][564.929s][info][gc,heap        ] GC(373) Tenured: 14467K(22484K)->14468K(22484K)
[2025-04-16T14:47:50.920+0000][564.929s][info][gc,metaspace   ] GC(373) Metaspace: 37330K(37696K)->37330K(37696K) NonClass: 32906K(33088K)->32906K(33088K) Class: 4424K(4608K)->4424K(4608K)
[2025-04-16T14:47:50.920+0000][564.929s][info][gc             ] GC(373) Pause Young (Allocation Failure) 23M->14M(31M) 1.367ms
[2025-04-16T14:47:50.920+0000][564.929s][info][gc,cpu         ] GC(373) User=0.00s Sys=0.00s Real=0.00s
[2025-04-16T14:47:52.460+0000][566.469s][info][gc,start       ] GC(374) Pause Young (Allocation Failure)
[2025-04-16T14:47:52.461+0000][566.470s][info][gc,heap        ] GC(374) DefNew: 9175K(10176K)->83K(10176K) Eden: 9088K(9088K)->0K(9088K) From: 87K(1088K)->83K(1088K)
[2025-04-16T14:47:52.461+0000][566.470s][info][gc,heap        ] GC(374) Tenured: 14468K(22484K)->14475K(22484K)
[2025-04-16T14:47:52.461+0000][566.470s][info][gc,metaspace   ] GC(374) Metaspace: 37330K(37696K)->37330K(37696K) NonClass: 32906K(33088K)->32906K(33088K) Class: 4424K(4608K)->4424K(4608K)
[2025-04-16T14:47:52.461+0000][566.470s][info][gc             ] GC(374) Pause Young (Allocation Failure) 23M->14M(31M) 1.382ms
[2025-04-16T14:47:52.461+0000][566.470s][info][gc,cpu         ] GC(374) User=0.00s Sys=0.00s Real=0.00s
[2025-04-16T14:47:54.119+0000][568.128s][info][gc,start       ] GC(375) Pause Young (Allocation Failure)
[2025-04-16T14:47:54.120+0000][568.129s][info][gc,heap        ] GC(375) DefNew: 9171K(10176K)->87K(10176K) Eden: 9088K(9088K)->0K(9088K) From: 83K(1088K)->87K(1088K)
[2025-04-16T14:47:54.120+0000][568.129s][info][gc,heap        ] GC(375) Tenured: 14475K(22484K)->14475K(22484K)
[2025-04-16T14:47:54.120+0000][568.129s][info][gc,metaspace   ] GC(375) Metaspace: 37330K(37696K)->37330K(37696K) NonClass: 32906K(33088K)->32906K(33088K) Class: 4424K(4608K)->4424K(4608K)
[2025-04-16T14:47:54.120+0000][568.129s][info][gc             ] GC(375) Pause Young (Allocation Failure) 23M->14M(31M) 1.450ms
[2025-04-16T14:47:54.120+0000][568.129s][info][gc,cpu         ] GC(375) User=0.00s Sys=0.00s Real=0.00s
[2025-04-16T14:47:55.462+0000][569.471s][info][gc,start       ] GC(376) Pause Young (Allocation Failure)
[2025-04-16T14:47:55.464+0000][569.473s][info][gc,heap        ] GC(376) DefNew: 9175K(10176K)->85K(10176K) Eden: 9088K(9088K)->0K(9088K) From: 87K(1088K)->85K(1088K)
[2025-04-16T14:47:55.464+0000][569.473s][info][gc,heap        ] GC(376) Tenured: 14475K(22484K)->14476K(22484K)
[2025-04-16T14:47:55.464+0000][569.473s][info][gc,metaspace   ] GC(376) Metaspace: 37330K(37696K)->37330K(37696K) NonClass: 32906K(33088K)->32906K(33088K) Class: 4424K(4608K)->4424K(4608K)
[2025-04-16T14:47:55.464+0000][569.473s][info][gc             ] GC(376) Pause Young (Allocation Failure) 23M->14M(31M) 1.359ms
[2025-04-16T14:47:55.464+0000][569.473s][info][gc,cpu         ] GC(376) User=0.00s Sys=0.00s Real=0.00s
[2025-04-16T14:47:57.359+0000][571.368s][info][gc,start       ] GC(377) Pause Young (Allocation Failure)
[2025-04-16T14:47:57.360+0000][571.369s][info][gc,heap        ] GC(377) DefNew: 9173K(10176K)->96K(10176K) Eden: 9087K(9088K)->0K(9088K) From: 85K(1088K)->96K(1088K)
[2025-04-16T14:47:57.360+0000][571.369s][info][gc,heap        ] GC(377) Tenured: 14476K(22484K)->14476K(22484K)
[2025-04-16T14:47:57.360+0000][571.369s][info][gc,metaspace   ] GC(377) Metaspace: 37330K(37696K)->37330K(37696K) NonClass: 32906K(33088K)->32906K(33088K) Class: 4424K(4608K)->4424K(4608K)
[2025-04-16T14:47:57.360+0000][571.369s][info][gc             ] GC(377) Pause Young (Allocation Failure) 23M->14M(31M) 1.326ms
[2025-04-16T14:47:57.360+0000][571.369s][info][gc,cpu         ] GC(377) User=0.00s Sys=0.00s Real=0.00s
[2025-04-16T14:47:58.776+0000][572.785s][info][gc,start       ] GC(378) Pause Young (Allocation Failure)
[2025-04-16T14:47:58.778+0000][572.787s][info][gc,heap        ] GC(378) DefNew: 9183K(10176K)->88K(10176K) Eden: 9086K(9088K)->0K(9088K) From: 96K(1088K)->88K(1088K)
[2025-04-16T14:47:58.778+0000][572.787s][info][gc,heap        ] GC(378) Tenured: 14476K(22484K)->14477K(22484K)
[2025-04-16T14:47:58.778+0000][572.787s][info][gc,metaspace   ] GC(378) Metaspace: 37330K(37696K)->37330K(37696K) NonClass: 32906K(33088K)->32906K(33088K) Class: 4424K(4608K)->4424K(4608K)
[2025-04-16T14:47:58.778+0000][572.787s][info][gc             ] GC(378) Pause Young (Allocation Failure) 23M->14M(31M) 1.371ms
[2025-04-16T14:47:58.778+0000][572.787s][info][gc,cpu         ] GC(378) User=0.00s Sys=0.00s Real=0.00s
[2025-04-16T14:48:00.602+0000][574.611s][info][gc,start       ] GC(379) Pause Young (Allocation Failure)
[2025-04-16T14:48:00.603+0000][574.612s][info][gc,heap        ] GC(379) DefNew: 9176K(10176K)->83K(10176K) Eden: 9087K(9088K)->0K(9088K) From: 88K(1088K)->83K(1088K)
[2025-04-16T14:48:00.603+0000][574.612s][info][gc,heap        ] GC(379) Tenured: 14477K(22484K)->14477K(22484K)
[2025-04-16T14:48:00.603+0000][574.612s][info][gc,metaspace   ] GC(379) Metaspace: 37330K(37696K)->37330K(37696K) NonClass: 32906K(33088K)->32906K(33088K) Class: 4424K(4608K)->4424K(4608K)
[2025-04-16T14:48:00.603+0000][574.612s][info][gc             ] GC(379) Pause Young (Allocation Failure) 23M->14M(31M) 1.308ms
[2025-04-16T14:48:00.603+0000][574.612s][info][gc,cpu         ] GC(379) User=0.00s Sys=0.00s Real=0.00s
[2025-04-16T14:48:02.131+0000][576.140s][info][gc,start       ] GC(380) Pause Young (Allocation Failure)
[2025-04-16T14:48:02.132+0000][576.141s][info][gc,heap        ] GC(380) DefNew: 9171K(10176K)->102K(10176K) Eden: 9088K(9088K)->0K(9088K) From: 83K(1088K)->102K(1088K)
[2025-04-16T14:48:02.132+0000][576.141s][info][gc,heap        ] GC(380) Tenured: 14477K(22484K)->14480K(22484K)
[2025-04-16T14:48:02.132+0000][576.141s][info][gc,metaspace   ] GC(380) Metaspace: 37330K(37696K)->37330K(37696K) NonClass: 32906K(33088K)->32906K(33088K) Class: 4424K(4608K)->4424K(4608K)
[2025-04-16T14:48:02.132+0000][576.141s][info][gc             ] GC(380) Pause Young (Allocation Failure) 23M->14M(31M) 1.411ms
[2025-04-16T14:48:02.132+0000][576.141s][info][gc,cpu         ] GC(380) User=0.00s Sys=0.00s Real=0.00s
[2025-04-16T14:48:03.756+0000][577.765s][info][gc,start       ] GC(381) Pause Young (Allocation Failure)
[2025-04-16T14:48:03.757+0000][577.766s][info][gc,heap        ] GC(381) DefNew: 9190K(10176K)->87K(10176K) Eden: 9088K(9088K)->0K(9088K) From: 102K(1088K)->87K(1088K)
[2025-04-16T14:48:03.757+0000][577.766s][info][gc,heap        ] GC(381) Tenured: 14480K(22484K)->14480K(22484K)
[2025-04-16T14:48:03.757+0000][577.766s][info][gc,metaspace   ] GC(381) Metaspace: 37330K(37696K)->37330K(37696K) NonClass: 32906K(33088K)->32906K(33088K) Class: 4424K(4608K)->4424K(4608K)
[2025-04-16T14:48:03.757+0000][577.766s][info][gc             ] GC(381) Pause Young (Allocation Failure) 23M->14M(31M) 1.380ms
[2025-04-16T14:48:03.757+0000][577.766s][info][gc,cpu         ] GC(381) User=0.00s Sys=0.00s Real=0.00s
[2025-04-16T14:48:05.425+0000][579.434s][info][gc,start       ] GC(382) Pause Young (Allocation Failure)
[2025-04-16T14:48:05.426+0000][579.435s][info][gc,heap        ] GC(382) DefNew: 9175K(10176K)->79K(10176K) Eden: 9088K(9088K)->0K(9088K) From: 87K(1088K)->79K(1088K)
[2025-04-16T14:48:05.426+0000][579.435s][info][gc,heap        ] GC(382) Tenured: 14480K(22484K)->14481K(22484K)
[2025-04-16T14:48:05.426+0000][579.435s][info][gc,metaspace   ] GC(382) Metaspace: 37330K(37696K)->37330K(37696K) NonClass: 32906K(33088K)->32906K(33088K) Class: 4424K(4608K)->4424K(4608K)
[2025-04-16T14:48:05.426+0000][579.435s][info][gc             ] GC(382) Pause Young (Allocation Failure) 23M->14M(31M) 1.360ms
[2025-04-16T14:48:05.426+0000][579.435s][info][gc,cpu         ] GC(382) User=0.00s Sys=0.00s Real=0.00s
[2025-04-16T14:48:07.024+0000][581.033s][info][gc,start       ] GC(383) Pause Young (Allocation Failure)
[2025-04-16T14:48:07.025+0000][581.034s][info][gc,heap        ] GC(383) DefNew: 9167K(10176K)->81K(10176K) Eden: 9088K(9088K)->0K(9088K) From: 79K(1088K)->81K(1088K)
[2025-04-16T14:48:07.025+0000][581.034s][info][gc,heap        ] GC(383) Tenured: 14481K(22484K)->14481K(22484K)
[2025-04-16T14:48:07.025+0000][581.034s][info][gc,metaspace   ] GC(383) Metaspace: 37330K(37696K)->37330K(37696K) NonClass: 32906K(33088K)->32906K(33088K) Class: 4424K(4608K)->4424K(4608K)
[2025-04-16T14:48:07.025+0000][581.034s][info][gc             ] GC(383) Pause Young (Allocation Failure) 23M->14M(31M) 1.386ms
[2025-04-16T14:48:07.025+0000][581.034s][info][gc,cpu         ] GC(383) User=0.00s Sys=0.00s Real=0.01s
[2025-04-16T14:48:08.581+0000][582.590s][info][gc,start       ] GC(384) Pause Young (Allocation Failure)
[2025-04-16T14:48:08.583+0000][582.592s][info][gc,heap        ] GC(384) DefNew: 9169K(10176K)->90K(10176K) Eden: 9088K(9088K)->0K(9088K) From: 81K(1088K)->90K(1088K)
[2025-04-16T14:48:08.583+0000][582.592s][info][gc,heap        ] GC(384) Tenured: 14481K(22484K)->14481K(22484K)
[2025-04-16T14:48:08.583+0000][582.592s][info][gc,metaspace   ] GC(384) Metaspace: 37330K(37696K)->37330K(37696K) NonClass: 32906K(33088K)->32906K(33088K) Class: 4424K(4608K)->4424K(4608K)
[2025-04-16T14:48:08.583+0000][582.592s][info][gc             ] GC(384) Pause Young (Allocation Failure) 23M->14M(31M) 1.452ms
[2025-04-16T14:48:08.583+0000][582.592s][info][gc,cpu         ] GC(384) User=0.00s Sys=0.00s Real=0.00s
[2025-04-16T14:48:10.116+0000][584.125s][info][gc,start       ] GC(385) Pause Young (Allocation Failure)
[2025-04-16T14:48:10.117+0000][584.126s][info][gc,heap        ] GC(385) DefNew: 9178K(10176K)->76K(10176K) Eden: 9088K(9088K)->0K(9088K) From: 90K(1088K)->76K(1088K)
[2025-04-16T14:48:10.117+0000][584.126s][info][gc,heap        ] GC(385) Tenured: 14481K(22484K)->14481K(22484K)
[2025-04-16T14:48:10.117+0000][584.126s][info][gc,metaspace   ] GC(385) Metaspace: 37330K(37696K)->37330K(37696K) NonClass: 32906K(33088K)->32906K(33088K) Class: 4424K(4608K)->4424K(4608K)
[2025-04-16T14:48:10.117+0000][584.126s][info][gc             ] GC(385) Pause Young (Allocation Failure) 23M->14M(31M) 1.281ms
[2025-04-16T14:48:10.117+0000][584.126s][info][gc,cpu         ] GC(385) User=0.01s Sys=0.00s Real=0.00s
[2025-04-16T14:48:11.801+0000][585.810s][info][gc,start       ] GC(386) Pause Young (Allocation Failure)
[2025-04-16T14:48:11.802+0000][585.811s][info][gc,heap        ] GC(386) DefNew: 9164K(10176K)->78K(10176K) Eden: 9088K(9088K)->0K(9088K) From: 76K(1088K)->78K(1088K)
[2025-04-16T14:48:11.802+0000][585.811s][info][gc,heap        ] GC(386) Tenured: 14481K(22484K)->14481K(22484K)
[2025-04-16T14:48:11.802+0000][585.811s][info][gc,metaspace   ] GC(386) Metaspace: 37331K(37696K)->37331K(37696K) NonClass: 32906K(33088K)->32906K(33088K) Class: 4424K(4608K)->4424K(4608K)
[2025-04-16T14:48:11.802+0000][585.811s][info][gc             ] GC(386) Pause Young (Allocation Failure) 23M->14M(31M) 1.402ms
[2025-04-16T14:48:11.802+0000][585.811s][info][gc,cpu         ] GC(386) User=0.00s Sys=0.00s Real=0.00s
[2025-04-16T14:48:13.420+0000][587.430s][info][gc,start       ] GC(387) Pause Young (Allocation Failure)
[2025-04-16T14:48:13.422+0000][587.431s][info][gc,heap        ] GC(387) DefNew: 9166K(10176K)->81K(10176K) Eden: 9088K(9088K)->0K(9088K) From: 78K(1088K)->81K(1088K)
[2025-04-16T14:48:13.422+0000][587.431s][info][gc,heap        ] GC(387) Tenured: 14481K(22484K)->14482K(22484K)
[2025-04-16T14:48:13.422+0000][587.431s][info][gc,metaspace   ] GC(387) Metaspace: 37331K(37696K)->37331K(37696K) NonClass: 32906K(33088K)->32906K(33088K) Class: 4424K(4608K)->4424K(4608K)
[2025-04-16T14:48:13.422+0000][587.431s][info][gc             ] GC(387) Pause Young (Allocation Failure) 23M->14M(31M) 1.377ms
[2025-04-16T14:48:13.422+0000][587.431s][info][gc,cpu         ] GC(387) User=0.00s Sys=0.00s Real=0.00s
[2025-04-16T14:48:14.783+0000][588.792s][info][gc,start       ] GC(388) Pause Young (Allocation Failure)
[2025-04-16T14:48:14.784+0000][588.793s][info][gc,heap        ] GC(388) DefNew: 9169K(10176K)->78K(10176K) Eden: 9088K(9088K)->0K(9088K) From: 81K(1088K)->78K(1088K)
[2025-04-16T14:48:14.784+0000][588.794s][info][gc,heap        ] GC(388) Tenured: 14482K(22484K)->14484K(22484K)
[2025-04-16T14:48:14.784+0000][588.794s][info][gc,metaspace   ] GC(388) Metaspace: 37331K(37696K)->37331K(37696K) NonClass: 32906K(33088K)->32906K(33088K) Class: 4424K(4608K)->4424K(4608K)
[2025-04-16T14:48:14.785+0000][588.794s][info][gc             ] GC(388) Pause Young (Allocation Failure) 23M->14M(31M) 1.417ms
[2025-04-16T14:48:14.785+0000][588.794s][info][gc,cpu         ] GC(388) User=0.01s Sys=0.00s Real=0.01s
[2025-04-16T14:48:16.317+0000][590.326s][info][gc,start       ] GC(389) Pause Young (Allocation Failure)
[2025-04-16T14:48:16.318+0000][590.327s][info][gc,heap        ] GC(389) DefNew: 9166K(10176K)->96K(10176K) Eden: 9088K(9088K)->0K(9088K) From: 78K(1088K)->96K(1088K)
[2025-04-16T14:48:16.318+0000][590.327s][info][gc,heap        ] GC(389) Tenured: 14484K(22484K)->14484K(22484K)
[2025-04-16T14:48:16.318+0000][590.327s][info][gc,metaspace   ] GC(389) Metaspace: 37331K(37696K)->37331K(37696K) NonClass: 32906K(33088K)->32906K(33088K) Class: 4424K(4608K)->4424K(4608K)
[2025-04-16T14:48:16.318+0000][590.327s][info][gc             ] GC(389) Pause Young (Allocation Failure) 23M->14M(31M) 1.355ms
[2025-04-16T14:48:16.318+0000][590.327s][info][gc,cpu         ] GC(389) User=0.00s Sys=0.00s Real=0.00s
[2025-04-16T14:48:18.118+0000][592.127s][info][gc,start       ] GC(390) Pause Young (Allocation Failure)
[2025-04-16T14:48:18.120+0000][592.129s][info][gc,heap        ] GC(390) DefNew: 9184K(10176K)->76K(10176K) Eden: 9088K(9088K)->0K(9088K) From: 96K(1088K)->76K(1088K)
[2025-04-16T14:48:18.120+0000][592.129s][info][gc,heap        ] GC(390) Tenured: 14484K(22484K)->14484K(22484K)
[2025-04-16T14:48:18.120+0000][592.129s][info][gc,metaspace   ] GC(390) Metaspace: 37331K(37696K)->37331K(37696K) NonClass: 32906K(33088K)->32906K(33088K) Class: 4424K(4608K)->4424K(4608K)
[2025-04-16T14:48:18.120+0000][592.129s][info][gc             ] GC(390) Pause Young (Allocation Failure) 23M->14M(31M) 1.378ms
[2025-04-16T14:48:18.120+0000][592.129s][info][gc,cpu         ] GC(390) User=0.00s Sys=0.00s Real=0.00s
[2025-04-16T14:48:19.466+0000][593.475s][info][gc,start       ] GC(391) Pause Young (Allocation Failure)
[2025-04-16T14:48:19.467+0000][593.476s][info][gc,heap        ] GC(391) DefNew: 9164K(10176K)->76K(10176K) Eden: 9088K(9088K)->0K(9088K) From: 76K(1088K)->76K(1088K)
[2025-04-16T14:48:19.467+0000][593.476s][info][gc,heap        ] GC(391) Tenured: 14484K(22484K)->14484K(22484K)
[2025-04-16T14:48:19.467+0000][593.476s][info][gc,metaspace   ] GC(391) Metaspace: 37331K(37696K)->37331K(37696K) NonClass: 32906K(33088K)->32906K(33088K) Class: 4424K(4608K)->4424K(4608K)
[2025-04-16T14:48:19.467+0000][593.476s][info][gc             ] GC(391) Pause Young (Allocation Failure) 23M->14M(31M) 1.265ms
[2025-04-16T14:48:19.467+0000][593.476s][info][gc,cpu         ] GC(391) User=0.00s Sys=0.00s Real=0.00s
[2025-04-16T14:48:21.220+0000][595.229s][info][gc,start       ] GC(392) Pause Young (Allocation Failure)
[2025-04-16T14:48:21.222+0000][595.231s][info][gc,heap        ] GC(392) DefNew: 9164K(10176K)->85K(10176K) Eden: 9088K(9088K)->0K(9088K) From: 76K(1088K)->85K(1088K)
[2025-04-16T14:48:21.222+0000][595.231s][info][gc,heap        ] GC(392) Tenured: 14484K(22484K)->14485K(22484K)
[2025-04-16T14:48:21.222+0000][595.231s][info][gc,metaspace   ] GC(392) Metaspace: 37331K(37696K)->37331K(37696K) NonClass: 32906K(33088K)->32906K(33088K) Class: 4424K(4608K)->4424K(4608K)
[2025-04-16T14:48:21.222+0000][595.231s][info][gc             ] GC(392) Pause Young (Allocation Failure) 23M->14M(31M) 1.457ms
[2025-04-16T14:48:21.222+0000][595.231s][info][gc,cpu         ] GC(392) User=0.01s Sys=0.00s Real=0.00s
[2025-04-16T14:48:22.810+0000][596.819s][info][gc,start       ] GC(393) Pause Young (Allocation Failure)
[2025-04-16T14:48:22.811+0000][596.820s][info][gc,heap        ] GC(393) DefNew: 9173K(10176K)->90K(10176K) Eden: 9088K(9088K)->0K(9088K) From: 85K(1088K)->90K(1088K)
[2025-04-16T14:48:22.811+0000][596.820s][info][gc,heap        ] GC(393) Tenured: 14485K(22484K)->14486K(22484K)
[2025-04-16T14:48:22.811+0000][596.820s][info][gc,metaspace   ] GC(393) Metaspace: 37331K(37696K)->37331K(37696K) NonClass: 32906K(33088K)->32906K(33088K) Class: 4424K(4608K)->4424K(4608K)
[2025-04-16T14:48:22.811+0000][596.820s][info][gc             ] GC(393) Pause Young (Allocation Failure) 23M->14M(31M) 1.284ms
[2025-04-16T14:48:22.811+0000][596.820s][info][gc,cpu         ] GC(393) User=0.00s Sys=0.00s Real=0.00s
[2025-04-16T14:48:24.684+0000][598.693s][info][gc,start       ] GC(394) Pause Young (Allocation Failure)
[2025-04-16T14:48:24.686+0000][598.695s][info][gc,heap        ] GC(394) DefNew: 9178K(10176K)->72K(10176K) Eden: 9088K(9088K)->0K(9088K) From: 90K(1088K)->72K(1088K)
[2025-04-16T14:48:24.686+0000][598.695s][info][gc,heap        ] GC(394) Tenured: 14486K(22484K)->14486K(22484K)
[2025-04-16T14:48:24.686+0000][598.695s][info][gc,metaspace   ] GC(394) Metaspace: 37331K(37696K)->37331K(37696K) NonClass: 32906K(33088K)->32906K(33088K) Class: 4424K(4608K)->4424K(4608K)
[2025-04-16T14:48:24.686+0000][598.695s][info][gc             ] GC(394) Pause Young (Allocation Failure) 23M->14M(31M) 1.455ms
[2025-04-16T14:48:24.686+0000][598.695s][info][gc,cpu         ] GC(394) User=0.00s Sys=0.00s Real=0.00s
[2025-04-16T14:48:25.959+0000][599.968s][info][gc,start       ] GC(395) Pause Young (Allocation Failure)
[2025-04-16T14:48:25.961+0000][599.970s][info][gc,heap        ] GC(395) DefNew: 9153K(10176K)->77K(10176K) Eden: 9081K(9088K)->0K(9088K) From: 72K(1088K)->77K(1088K)
[2025-04-16T14:48:25.961+0000][599.970s][info][gc,heap        ] GC(395) Tenured: 14486K(22484K)->14486K(22484K)
[2025-04-16T14:48:25.961+0000][599.970s][info][gc,metaspace   ] GC(395) Metaspace: 37331K(37696K)->37331K(37696K) NonClass: 32906K(33088K)->32906K(33088K) Class: 4424K(4608K)->4424K(4608K)
[2025-04-16T14:48:25.961+0000][599.970s][info][gc             ] GC(395) Pause Young (Allocation Failure) 23M->14M(31M) 1.336ms
[2025-04-16T14:48:25.961+0000][599.970s][info][gc,cpu         ] GC(395) User=0.00s Sys=0.00s Real=0.00s
[2025-04-16T14:48:27.379+0000][601.388s][info][gc,start       ] GC(396) Pause Young (Allocation Failure)
[2025-04-16T14:48:27.380+0000][601.389s][info][gc,heap        ] GC(396) DefNew: 9165K(10176K)->82K(10176K) Eden: 9088K(9088K)->0K(9088K) From: 77K(1088K)->82K(1088K)
[2025-04-16T14:48:27.380+0000][601.389s][info][gc,heap        ] GC(396) Tenured: 14486K(22484K)->14487K(22484K)
[2025-04-16T14:48:27.380+0000][601.389s][info][gc,metaspace   ] GC(396) Metaspace: 37331K(37696K)->37331K(37696K) NonClass: 32906K(33088K)->32906K(33088K) Class: 4424K(4608K)->4424K(4608K)
[2025-04-16T14:48:27.380+0000][601.389s][info][gc             ] GC(396) Pause Young (Allocation Failure) 23M->14M(31M) 1.341ms
[2025-04-16T14:48:27.380+0000][601.389s][info][gc,cpu         ] GC(396) User=0.00s Sys=0.00s Real=0.00s
[2025-04-16T14:48:28.871+0000][602.880s][info][gc,start       ] GC(397) Pause Young (Allocation Failure)
[2025-04-16T14:48:28.872+0000][602.881s][info][gc,heap        ] GC(397) DefNew: 9170K(10176K)->88K(10176K) Eden: 9088K(9088K)->0K(9088K) From: 82K(1088K)->88K(1088K)
[2025-04-16T14:48:28.872+0000][602.881s][info][gc,heap        ] GC(397) Tenured: 14487K(22484K)->14487K(22484K)
[2025-04-16T14:48:28.872+0000][602.881s][info][gc,metaspace   ] GC(397) Metaspace: 37331K(37696K)->37331K(37696K) NonClass: 32906K(33088K)->32906K(33088K) Class: 4424K(4608K)->4424K(4608K)
[2025-04-16T14:48:28.872+0000][602.881s][info][gc             ] GC(397) Pause Young (Allocation Failure) 23M->14M(31M) 1.267ms
[2025-04-16T14:48:28.872+0000][602.881s][info][gc,cpu         ] GC(397) User=0.00s Sys=0.00s Real=0.00s
[2025-04-16T14:48:30.484+0000][604.493s][info][gc,start       ] GC(398) Pause Young (Allocation Failure)
[2025-04-16T14:48:30.485+0000][604.494s][info][gc,heap        ] GC(398) DefNew: 9176K(10176K)->80K(10176K) Eden: 9088K(9088K)->0K(9088K) From: 88K(1088K)->80K(1088K)
[2025-04-16T14:48:30.485+0000][604.494s][info][gc,heap        ] GC(398) Tenured: 14487K(22484K)->14487K(22484K)
[2025-04-16T14:48:30.485+0000][604.494s][info][gc,metaspace   ] GC(398) Metaspace: 37331K(37696K)->37331K(37696K) NonClass: 32906K(33088K)->32906K(33088K) Class: 4424K(4608K)->4424K(4608K)
[2025-04-16T14:48:30.485+0000][604.494s][info][gc             ] GC(398) Pause Young (Allocation Failure) 23M->14M(31M) 1.366ms
[2025-04-16T14:48:30.485+0000][604.494s][info][gc,cpu         ] GC(398) User=0.00s Sys=0.00s Real=0.01s
[2025-04-16T14:48:32.097+0000][606.106s][info][gc,start       ] GC(399) Pause Young (Allocation Failure)
[2025-04-16T14:48:32.098+0000][606.107s][info][gc,heap        ] GC(399) DefNew: 9168K(10176K)->75K(10176K) Eden: 9088K(9088K)->0K(9088K) From: 80K(1088K)->75K(1088K)
[2025-04-16T14:48:32.098+0000][606.107s][info][gc,heap        ] GC(399) Tenured: 14487K(22484K)->14487K(22484K)
[2025-04-16T14:48:32.098+0000][606.107s][info][gc,metaspace   ] GC(399) Metaspace: 37331K(37696K)->37331K(37696K) NonClass: 32906K(33088K)->32906K(33088K) Class: 4424K(4608K)->4424K(4608K)
[2025-04-16T14:48:32.098+0000][606.107s][info][gc             ] GC(399) Pause Young (Allocation Failure) 23M->14M(31M) 1.427ms
[2025-04-16T14:48:32.098+0000][606.107s][info][gc,cpu         ] GC(399) User=0.01s Sys=0.00s Real=0.00s
[2025-04-16T14:48:33.869+0000][607.878s][info][gc,start       ] GC(400) Pause Young (Allocation Failure)
[2025-04-16T14:48:33.870+0000][607.879s][info][gc,heap        ] GC(400) DefNew: 9163K(10176K)->83K(10176K) Eden: 9088K(9088K)->0K(9088K) From: 75K(1088K)->83K(1088K)
[2025-04-16T14:48:33.870+0000][607.879s][info][gc,heap        ] GC(400) Tenured: 14487K(22484K)->14487K(22484K)
[2025-04-16T14:48:33.870+0000][607.879s][info][gc,metaspace   ] GC(400) Metaspace: 37331K(37696K)->37331K(37696K) NonClass: 32906K(33088K)->32906K(33088K) Class: 4424K(4608K)->4424K(4608K)
[2025-04-16T14:48:33.870+0000][607.879s][info][gc             ] GC(400) Pause Young (Allocation Failure) 23M->14M(31M) 1.378ms
[2025-04-16T14:48:33.870+0000][607.879s][info][gc,cpu         ] GC(400) User=0.00s Sys=0.00s Real=0.00s
[2025-04-16T14:48:35.486+0000][609.495s][info][gc,start       ] GC(401) Pause Young (Allocation Failure)
[2025-04-16T14:48:35.487+0000][609.496s][info][gc,heap        ] GC(401) DefNew: 9171K(10176K)->88K(10176K) Eden: 9088K(9088K)->0K(9088K) From: 83K(1088K)->88K(1088K)
[2025-04-16T14:48:35.487+0000][609.496s][info][gc,heap        ] GC(401) Tenured: 14487K(22484K)->14488K(22484K)
[2025-04-16T14:48:35.487+0000][609.496s][info][gc,metaspace   ] GC(401) Metaspace: 37331K(37696K)->37331K(37696K) NonClass: 32906K(33088K)->32906K(33088K) Class: 4424K(4608K)->4424K(4608K)
[2025-04-16T14:48:35.487+0000][609.497s][info][gc             ] GC(401) Pause Young (Allocation Failure) 23M->14M(31M) 1.400ms
[2025-04-16T14:48:35.488+0000][609.497s][info][gc,cpu         ] GC(401) User=0.00s Sys=0.00s Real=0.00s
[2025-04-16T14:48:37.118+0000][611.127s][info][gc,start       ] GC(402) Pause Young (Allocation Failure)
[2025-04-16T14:48:37.120+0000][611.129s][info][gc,heap        ] GC(402) DefNew: 9176K(10176K)->71K(10176K) Eden: 9088K(9088K)->0K(9088K) From: 88K(1088K)->71K(1088K)
[2025-04-16T14:48:37.120+0000][611.129s][info][gc,heap        ] GC(402) Tenured: 14488K(22484K)->14488K(22484K)
[2025-04-16T14:48:37.120+0000][611.129s][info][gc,metaspace   ] GC(402) Metaspace: 37331K(37696K)->37331K(37696K) NonClass: 32906K(33088K)->32906K(33088K) Class: 4424K(4608K)->4424K(4608K)
[2025-04-16T14:48:37.120+0000][611.129s][info][gc             ] GC(402) Pause Young (Allocation Failure) 23M->14M(31M) 1.319ms
[2025-04-16T14:48:37.120+0000][611.129s][info][gc,cpu         ] GC(402) User=0.00s Sys=0.00s Real=0.00s
[2025-04-16T14:48:38.414+0000][612.423s][info][gc,start       ] GC(403) Pause Young (Allocation Failure)
[2025-04-16T14:48:38.415+0000][612.424s][info][gc,heap        ] GC(403) DefNew: 9159K(10176K)->75K(10176K) Eden: 9088K(9088K)->0K(9088K) From: 71K(1088K)->75K(1088K)
[2025-04-16T14:48:38.415+0000][612.424s][info][gc,heap        ] GC(403) Tenured: 14488K(22484K)->14488K(22484K)
[2025-04-16T14:48:38.415+0000][612.424s][info][gc,metaspace   ] GC(403) Metaspace: 37331K(37696K)->37331K(37696K) NonClass: 32906K(33088K)->32906K(33088K) Class: 4424K(4608K)->4424K(4608K)
[2025-04-16T14:48:38.415+0000][612.424s][info][gc             ] GC(403) Pause Young (Allocation Failure) 23M->14M(31M) 1.207ms
[2025-04-16T14:48:38.415+0000][612.424s][info][gc,cpu         ] GC(403) User=0.00s Sys=0.00s Real=0.01s
[2025-04-16T14:48:40.278+0000][614.287s][info][gc,start       ] GC(404) Pause Young (Allocation Failure)
[2025-04-16T14:48:40.279+0000][614.288s][info][gc,heap        ] GC(404) DefNew: 9163K(10176K)->70K(10176K) Eden: 9088K(9088K)->0K(9088K) From: 75K(1088K)->70K(1088K)
[2025-04-16T14:48:40.279+0000][614.288s][info][gc,heap        ] GC(404) Tenured: 14488K(22484K)->14488K(22484K)
[2025-04-16T14:48:40.279+0000][614.288s][info][gc,metaspace   ] GC(404) Metaspace: 37331K(37696K)->37331K(37696K) NonClass: 32906K(33088K)->32906K(33088K) Class: 4424K(4608K)->4424K(4608K)
[2025-04-16T14:48:40.279+0000][614.288s][info][gc             ] GC(404) Pause Young (Allocation Failure) 23M->14M(31M) 1.319ms
[2025-04-16T14:48:40.279+0000][614.288s][info][gc,cpu         ] GC(404) User=0.00s Sys=0.00s Real=0.00s
[2025-04-16T14:48:41.765+0000][615.774s][info][gc,start       ] GC(405) Pause Young (Allocation Failure)
[2025-04-16T14:48:41.767+0000][615.776s][info][gc,heap        ] GC(405) DefNew: 9158K(10176K)->89K(10176K) Eden: 9088K(9088K)->0K(9088K) From: 70K(1088K)->89K(1088K)
[2025-04-16T14:48:41.767+0000][615.776s][info][gc,heap        ] GC(405) Tenured: 14488K(22484K)->14488K(22484K)
[2025-04-16T14:48:41.767+0000][615.776s][info][gc,metaspace   ] GC(405) Metaspace: 37331K(37696K)->37331K(37696K) NonClass: 32906K(33088K)->32906K(33088K) Class: 4424K(4608K)->4424K(4608K)
[2025-04-16T14:48:41.767+0000][615.776s][info][gc             ] GC(405) Pause Young (Allocation Failure) 23M->14M(31M) 1.276ms
[2025-04-16T14:48:41.767+0000][615.776s][info][gc,cpu         ] GC(405) User=0.00s Sys=0.00s Real=0.00s
[2025-04-16T14:48:43.453+0000][617.463s][info][gc,start       ] GC(406) Pause Young (Allocation Failure)
[2025-04-16T14:48:43.455+0000][617.464s][info][gc,heap        ] GC(406) DefNew: 9177K(10176K)->77K(10176K) Eden: 9088K(9088K)->0K(9088K) From: 89K(1088K)->77K(1088K)
[2025-04-16T14:48:43.455+0000][617.464s][info][gc,heap        ] GC(406) Tenured: 14488K(22484K)->14488K(22484K)
[2025-04-16T14:48:43.455+0000][617.464s][info][gc,metaspace   ] GC(406) Metaspace: 37331K(37696K)->37331K(37696K) NonClass: 32906K(33088K)->32906K(33088K) Class: 4424K(4608K)->4424K(4608K)
[2025-04-16T14:48:43.455+0000][617.464s][info][gc             ] GC(406) Pause Young (Allocation Failure) 23M->14M(31M) 1.374ms
[2025-04-16T14:48:43.455+0000][617.464s][info][gc,cpu         ] GC(406) User=0.00s Sys=0.00s Real=0.01s
[2025-04-16T14:48:44.880+0000][618.889s][info][gc,start       ] GC(407) Pause Young (Allocation Failure)
[2025-04-16T14:48:44.881+0000][618.890s][info][gc,heap        ] GC(407) DefNew: 9165K(10176K)->72K(10176K) Eden: 9088K(9088K)->0K(9088K) From: 77K(1088K)->72K(1088K)
[2025-04-16T14:48:44.881+0000][618.890s][info][gc,heap        ] GC(407) Tenured: 14488K(22484K)->14488K(22484K)
[2025-04-16T14:48:44.881+0000][618.890s][info][gc,metaspace   ] GC(407) Metaspace: 37331K(37696K)->37331K(37696K) NonClass: 32906K(33088K)->32906K(33088K) Class: 4424K(4608K)->4424K(4608K)
[2025-04-16T14:48:44.881+0000][618.890s][info][gc             ] GC(407) Pause Young (Allocation Failure) 23M->14M(31M) 1.227ms
[2025-04-16T14:48:44.881+0000][618.890s][info][gc,cpu         ] GC(407) User=0.00s Sys=0.00s Real=0.00s
[2025-04-16T14:48:46.494+0000][620.503s][info][gc,start       ] GC(408) Pause Young (Allocation Failure)
[2025-04-16T14:48:46.495+0000][620.504s][info][gc,heap        ] GC(408) DefNew: 9160K(10176K)->97K(10176K) Eden: 9088K(9088K)->0K(9088K) From: 72K(1088K)->97K(1088K)
[2025-04-16T14:48:46.495+0000][620.504s][info][gc,heap        ] GC(408) Tenured: 14488K(22484K)->14488K(22484K)
[2025-04-16T14:48:46.495+0000][620.504s][info][gc,metaspace   ] GC(408) Metaspace: 37331K(37696K)->37331K(37696K) NonClass: 32906K(33088K)->32906K(33088K) Class: 4424K(4608K)->4424K(4608K)
[2025-04-16T14:48:46.495+0000][620.504s][info][gc             ] GC(408) Pause Young (Allocation Failure) 23M->14M(31M) 1.382ms
[2025-04-16T14:48:46.495+0000][620.504s][info][gc,cpu         ] GC(408) User=0.00s Sys=0.00s Real=0.01s
[2025-04-16T14:48:47.991+0000][622.000s][info][gc,start       ] GC(409) Pause Young (Allocation Failure)
[2025-04-16T14:48:47.992+0000][622.001s][info][gc,heap        ] GC(409) DefNew: 9185K(10176K)->84K(10176K) Eden: 9088K(9088K)->0K(9088K) From: 97K(1088K)->84K(1088K)
[2025-04-16T14:48:47.992+0000][622.001s][info][gc,heap        ] GC(409) Tenured: 14488K(22484K)->14488K(22484K)
[2025-04-16T14:48:47.992+0000][622.001s][info][gc,metaspace   ] GC(409) Metaspace: 37331K(37696K)->37331K(37696K) NonClass: 32906K(33088K)->32906K(33088K) Class: 4424K(4608K)->4424K(4608K)
[2025-04-16T14:48:47.992+0000][622.001s][info][gc             ] GC(409) Pause Young (Allocation Failure) 23M->14M(31M) 1.377ms
[2025-04-16T14:48:47.992+0000][622.001s][info][gc,cpu         ] GC(409) User=0.00s Sys=0.00s Real=0.00s
[2025-04-16T14:48:49.698+0000][623.707s][info][gc,start       ] GC(410) Pause Young (Allocation Failure)
[2025-04-16T14:48:49.699+0000][623.708s][info][gc,heap        ] GC(410) DefNew: 9172K(10176K)->77K(10176K) Eden: 9088K(9088K)->0K(9088K) From: 84K(1088K)->77K(1088K)
[2025-04-16T14:48:49.699+0000][623.708s][info][gc,heap        ] GC(410) Tenured: 14488K(22484K)->14488K(22484K)
[2025-04-16T14:48:49.699+0000][623.708s][info][gc,metaspace   ] GC(410) Metaspace: 37331K(37696K)->37331K(37696K) NonClass: 32906K(33088K)->32906K(33088K) Class: 4424K(4608K)->4424K(4608K)
[2025-04-16T14:48:49.699+0000][623.708s][info][gc             ] GC(410) Pause Young (Allocation Failure) 23M->14M(31M) 1.359ms
[2025-04-16T14:48:49.699+0000][623.708s][info][gc,cpu         ] GC(410) User=0.00s Sys=0.00s Real=0.00s
[2025-04-16T14:48:51.328+0000][625.337s][info][gc,start       ] GC(411) Pause Young (Allocation Failure)
[2025-04-16T14:48:51.330+0000][625.339s][info][gc,heap        ] GC(411) DefNew: 9165K(10176K)->72K(10176K) Eden: 9088K(9088K)->0K(9088K) From: 77K(1088K)->72K(1088K)
[2025-04-16T14:48:51.330+0000][625.339s][info][gc,heap        ] GC(411) Tenured: 14488K(22484K)->14488K(22484K)
[2025-04-16T14:48:51.330+0000][625.339s][info][gc,metaspace   ] GC(411) Metaspace: 37332K(37696K)->37332K(37696K) NonClass: 32907K(33088K)->32907K(33088K) Class: 4424K(4608K)->4424K(4608K)
[2025-04-16T14:48:51.330+0000][625.339s][info][gc             ] GC(411) Pause Young (Allocation Failure) 23M->14M(31M) 1.268ms
[2025-04-16T14:48:51.330+0000][625.339s][info][gc,cpu         ] GC(411) User=0.01s Sys=0.00s Real=0.00s
[2025-04-16T14:48:53.081+0000][627.090s][info][gc,start       ] GC(412) Pause Young (Allocation Failure)
[2025-04-16T14:48:53.082+0000][627.091s][info][gc,heap        ] GC(412) DefNew: 9160K(10176K)->90K(10176K) Eden: 9088K(9088K)->0K(9088K) From: 72K(1088K)->90K(1088K)
[2025-04-16T14:48:53.082+0000][627.091s][info][gc,heap        ] GC(412) Tenured: 14488K(22484K)->14488K(22484K)
[2025-04-16T14:48:53.082+0000][627.091s][info][gc,metaspace   ] GC(412) Metaspace: 37332K(37696K)->37332K(37696K) NonClass: 32907K(33088K)->32907K(33088K) Class: 4424K(4608K)->4424K(4608K)
[2025-04-16T14:48:53.082+0000][627.091s][info][gc             ] GC(412) Pause Young (Allocation Failure) 23M->14M(31M) 1.334ms
[2025-04-16T14:48:53.082+0000][627.091s][info][gc,cpu         ] GC(412) User=0.00s Sys=0.00s Real=0.00s
[2025-04-16T14:48:54.827+0000][628.836s][info][gc,start       ] GC(413) Pause Young (Allocation Failure)
[2025-04-16T14:48:54.828+0000][628.837s][info][gc,heap        ] GC(413) DefNew: 9178K(10176K)->84K(10176K) Eden: 9088K(9088K)->0K(9088K) From: 90K(1088K)->84K(1088K)
[2025-04-16T14:48:54.828+0000][628.837s][info][gc,heap        ] GC(413) Tenured: 14488K(22484K)->14488K(22484K)
[2025-04-16T14:48:54.828+0000][628.837s][info][gc,metaspace   ] GC(413) Metaspace: 37332K(37696K)->37332K(37696K) NonClass: 32907K(33088K)->32907K(33088K) Class: 4424K(4608K)->4424K(4608K)
[2025-04-16T14:48:54.828+0000][628.837s][info][gc             ] GC(413) Pause Young (Allocation Failure) 23M->14M(31M) 1.460ms
[2025-04-16T14:48:54.828+0000][628.837s][info][gc,cpu         ] GC(413) User=0.00s Sys=0.00s Real=0.00s
[2025-04-16T14:48:56.365+0000][630.374s][info][gc,start       ] GC(414) Pause Young (Allocation Failure)
[2025-04-16T14:48:56.366+0000][630.375s][info][gc,heap        ] GC(414) DefNew: 9170K(10176K)->75K(10176K) Eden: 9086K(9088K)->0K(9088K) From: 84K(1088K)->75K(1088K)
[2025-04-16T14:48:56.366+0000][630.376s][info][gc,heap        ] GC(414) Tenured: 14488K(22484K)->14488K(22484K)
[2025-04-16T14:48:56.366+0000][630.376s][info][gc,metaspace   ] GC(414) Metaspace: 37332K(37696K)->37332K(37696K) NonClass: 32907K(33088K)->32907K(33088K) Class: 4424K(4608K)->4424K(4608K)
[2025-04-16T14:48:56.367+0000][630.376s][info][gc             ] GC(414) Pause Young (Allocation Failure) 23M->14M(31M) 1.165ms
[2025-04-16T14:48:56.367+0000][630.376s][info][gc,cpu         ] GC(414) User=0.00s Sys=0.00s Real=0.00s
[2025-04-16T14:48:58.038+0000][632.047s][info][gc,start       ] GC(415) Pause Young (Allocation Failure)
[2025-04-16T14:48:58.039+0000][632.048s][info][gc,heap        ] GC(415) DefNew: 9163K(10176K)->76K(10176K) Eden: 9088K(9088K)->0K(9088K) From: 75K(1088K)->76K(1088K)
[2025-04-16T14:48:58.039+0000][632.048s][info][gc,heap        ] GC(415) Tenured: 14488K(22484K)->14488K(22484K)
[2025-04-16T14:48:58.039+0000][632.048s][info][gc,metaspace   ] GC(415) Metaspace: 37332K(37696K)->37332K(37696K) NonClass: 32907K(33088K)->32907K(33088K) Class: 4424K(4608K)->4424K(4608K)
[2025-04-16T14:48:58.039+0000][632.048s][info][gc             ] GC(415) Pause Young (Allocation Failure) 23M->14M(31M) 1.321ms
[2025-04-16T14:48:58.039+0000][632.048s][info][gc,cpu         ] GC(415) User=0.00s Sys=0.00s Real=0.00s
[2025-04-16T14:48:59.783+0000][633.792s][info][gc,start       ] GC(416) Pause Young (Allocation Failure)
[2025-04-16T14:48:59.784+0000][633.793s][info][gc,heap        ] GC(416) DefNew: 9164K(10176K)->94K(10176K) Eden: 9088K(9088K)->0K(9088K) From: 76K(1088K)->94K(1088K)
[2025-04-16T14:48:59.784+0000][633.793s][info][gc,heap        ] GC(416) Tenured: 14488K(22484K)->14488K(22484K)
[2025-04-16T14:48:59.784+0000][633.793s][info][gc,metaspace   ] GC(416) Metaspace: 37332K(37696K)->37332K(37696K) NonClass: 32907K(33088K)->32907K(33088K) Class: 4424K(4608K)->4424K(4608K)
[2025-04-16T14:48:59.784+0000][633.793s][info][gc             ] GC(416) Pause Young (Allocation Failure) 23M->14M(31M) 1.312ms
[2025-04-16T14:48:59.784+0000][633.793s][info][gc,cpu         ] GC(416) User=0.00s Sys=0.00s Real=0.01s
[2025-04-16T14:49:01.450+0000][635.459s][info][gc,start       ] GC(417) Pause Young (Allocation Failure)
[2025-04-16T14:49:01.451+0000][635.460s][info][gc,heap        ] GC(417) DefNew: 9182K(10176K)->72K(10176K) Eden: 9088K(9088K)->0K(9088K) From: 94K(1088K)->72K(1088K)
[2025-04-16T14:49:01.451+0000][635.460s][info][gc,heap        ] GC(417) Tenured: 14488K(22484K)->14488K(22484K)
[2025-04-16T14:49:01.451+0000][635.460s][info][gc,metaspace   ] GC(417) Metaspace: 37332K(37696K)->37332K(37696K) NonClass: 32907K(33088K)->32907K(33088K) Class: 4424K(4608K)->4424K(4608K)
[2025-04-16T14:49:01.451+0000][635.460s][info][gc             ] GC(417) Pause Young (Allocation Failure) 23M->14M(31M) 1.179ms
[2025-04-16T14:49:01.451+0000][635.460s][info][gc,cpu         ] GC(417) User=0.00s Sys=0.00s Real=0.00s
[2025-04-16T14:49:02.965+0000][636.974s][info][gc,start       ] GC(418) Pause Young (Allocation Failure)
[2025-04-16T14:49:02.966+0000][636.975s][info][gc,heap        ] GC(418) DefNew: 9160K(10176K)->70K(10176K) Eden: 9088K(9088K)->0K(9088K) From: 72K(1088K)->70K(1088K)
[2025-04-16T14:49:02.966+0000][636.975s][info][gc,heap        ] GC(418) Tenured: 14488K(22484K)->14488K(22484K)
[2025-04-16T14:49:02.966+0000][636.975s][info][gc,metaspace   ] GC(418) Metaspace: 37332K(37696K)->37332K(37696K) NonClass: 32907K(33088K)->32907K(33088K) Class: 4424K(4608K)->4424K(4608K)
[2025-04-16T14:49:02.966+0000][636.975s][info][gc             ] GC(418) Pause Young (Allocation Failure) 23M->14M(31M) 1.182ms
[2025-04-16T14:49:02.966+0000][636.975s][info][gc,cpu         ] GC(418) User=0.00s Sys=0.00s Real=0.00s
[2025-04-16T14:49:04.733+0000][638.742s][info][gc,start       ] GC(419) Pause Young (Allocation Failure)
[2025-04-16T14:49:04.734+0000][638.743s][info][gc,heap        ] GC(419) DefNew: 9158K(10176K)->72K(10176K) Eden: 9088K(9088K)->0K(9088K) From: 70K(1088K)->72K(1088K)
[2025-04-16T14:49:04.734+0000][638.743s][info][gc,heap        ] GC(419) Tenured: 14488K(22484K)->14488K(22484K)
[2025-04-16T14:49:04.734+0000][638.743s][info][gc,metaspace   ] GC(419) Metaspace: 37332K(37696K)->37332K(37696K) NonClass: 32907K(33088K)->32907K(33088K) Class: 4424K(4608K)->4424K(4608K)
[2025-04-16T14:49:04.734+0000][638.743s][info][gc             ] GC(419) Pause Young (Allocation Failure) 23M->14M(31M) 1.336ms
[2025-04-16T14:49:04.734+0000][638.743s][info][gc,cpu         ] GC(419) User=0.01s Sys=0.00s Real=0.01s
[2025-04-16T14:49:06.075+0000][640.084s][info][gc,start       ] GC(420) Pause Young (Allocation Failure)
[2025-04-16T14:49:06.076+0000][640.085s][info][gc,heap        ] GC(420) DefNew: 9160K(10176K)->80K(10176K) Eden: 9088K(9088K)->0K(9088K) From: 72K(1088K)->80K(1088K)
[2025-04-16T14:49:06.076+0000][640.085s][info][gc,heap        ] GC(420) Tenured: 14488K(22484K)->14489K(22484K)
[2025-04-16T14:49:06.076+0000][640.085s][info][gc,metaspace   ] GC(420) Metaspace: 37332K(37696K)->37332K(37696K) NonClass: 32907K(33088K)->32907K(33088K) Class: 4424K(4608K)->4424K(4608K)
[2025-04-16T14:49:06.076+0000][640.085s][info][gc             ] GC(420) Pause Young (Allocation Failure) 23M->14M(31M) 1.260ms
[2025-04-16T14:49:06.076+0000][640.085s][info][gc,cpu         ] GC(420) User=0.01s Sys=0.00s Real=0.00s
[2025-04-16T14:49:07.893+0000][641.902s][info][gc,start       ] GC(421) Pause Young (Allocation Failure)
[2025-04-16T14:49:07.894+0000][641.903s][info][gc,heap        ] GC(421) DefNew: 9168K(10176K)->70K(10176K) Eden: 9088K(9088K)->0K(9088K) From: 80K(1088K)->70K(1088K)
[2025-04-16T14:49:07.894+0000][641.903s][info][gc,heap        ] GC(421) Tenured: 14489K(22484K)->14489K(22484K)
[2025-04-16T14:49:07.894+0000][641.903s][info][gc,metaspace   ] GC(421) Metaspace: 37332K(37696K)->37332K(37696K) NonClass: 32907K(33088K)->32907K(33088K) Class: 4424K(4608K)->4424K(4608K)
[2025-04-16T14:49:07.894+0000][641.903s][info][gc             ] GC(421) Pause Young (Allocation Failure) 23M->14M(31M) 1.213ms
[2025-04-16T14:49:07.894+0000][641.903s][info][gc,cpu         ] GC(421) User=0.00s Sys=0.00s Real=0.01s
[2025-04-16T14:49:09.434+0000][643.443s][info][gc,start       ] GC(422) Pause Young (Allocation Failure)
[2025-04-16T14:49:09.435+0000][643.444s][info][gc,heap        ] GC(422) DefNew: 9158K(10176K)->79K(10176K) Eden: 9088K(9088K)->0K(9088K) From: 70K(1088K)->79K(1088K)
[2025-04-16T14:49:09.435+0000][643.444s][info][gc,heap        ] GC(422) Tenured: 14489K(22484K)->14489K(22484K)
[2025-04-16T14:49:09.435+0000][643.444s][info][gc,metaspace   ] GC(422) Metaspace: 37332K(37696K)->37332K(37696K) NonClass: 32907K(33088K)->32907K(33088K) Class: 4424K(4608K)->4424K(4608K)
[2025-04-16T14:49:09.435+0000][643.444s][info][gc             ] GC(422) Pause Young (Allocation Failure) 23M->14M(31M) 1.263ms
[2025-04-16T14:49:09.435+0000][643.444s][info][gc,cpu         ] GC(422) User=0.00s Sys=0.00s Real=0.01s
[2025-04-16T14:49:11.026+0000][645.035s][info][gc,start       ] GC(423) Pause Young (Allocation Failure)
[2025-04-16T14:49:11.027+0000][645.036s][info][gc,heap        ] GC(423) DefNew: 9162K(10176K)->91K(10176K) Eden: 9082K(9088K)->0K(9088K) From: 79K(1088K)->91K(1088K)
[2025-04-16T14:49:11.027+0000][645.036s][info][gc,heap        ] GC(423) Tenured: 14489K(22484K)->14489K(22484K)
[2025-04-16T14:49:11.027+0000][645.036s][info][gc,metaspace   ] GC(423) Metaspace: 37332K(37696K)->37332K(37696K) NonClass: 32907K(33088K)->32907K(33088K) Class: 4424K(4608K)->4424K(4608K)
[2025-04-16T14:49:11.027+0000][645.036s][info][gc             ] GC(423) Pause Young (Allocation Failure) 23M->14M(31M) 1.364ms
[2025-04-16T14:49:11.027+0000][645.036s][info][gc,cpu         ] GC(423) User=0.01s Sys=0.00s Real=0.00s
[2025-04-16T14:49:12.527+0000][646.536s][info][gc,start       ] GC(424) Pause Young (Allocation Failure)
[2025-04-16T14:49:12.528+0000][646.537s][info][gc,heap        ] GC(424) DefNew: 9179K(10176K)->72K(10176K) Eden: 9088K(9088K)->0K(9088K) From: 91K(1088K)->72K(1088K)
[2025-04-16T14:49:12.528+0000][646.537s][info][gc,heap        ] GC(424) Tenured: 14489K(22484K)->14489K(22484K)
[2025-04-16T14:49:12.528+0000][646.537s][info][gc,metaspace   ] GC(424) Metaspace: 37332K(37696K)->37332K(37696K) NonClass: 32907K(33088K)->32907K(33088K) Class: 4424K(4608K)->4424K(4608K)
[2025-04-16T14:49:12.528+0000][646.537s][info][gc             ] GC(424) Pause Young (Allocation Failure) 23M->14M(31M) 1.327ms
[2025-04-16T14:49:12.528+0000][646.537s][info][gc,cpu         ] GC(424) User=0.00s Sys=0.00s Real=0.00s
[2025-04-16T14:49:14.060+0000][648.069s][info][gc,start       ] GC(425) Pause Young (Allocation Failure)
[2025-04-16T14:49:14.061+0000][648.070s][info][gc,heap        ] GC(425) DefNew: 9160K(10176K)->68K(10176K) Eden: 9088K(9088K)->0K(9088K) From: 72K(1088K)->68K(1088K)
[2025-04-16T14:49:14.061+0000][648.070s][info][gc,heap        ] GC(425) Tenured: 14489K(22484K)->14489K(22484K)
[2025-04-16T14:49:14.061+0000][648.070s][info][gc,metaspace   ] GC(425) Metaspace: 37332K(37696K)->37332K(37696K) NonClass: 32907K(33088K)->32907K(33088K) Class: 4424K(4608K)->4424K(4608K)
[2025-04-16T14:49:14.061+0000][648.070s][info][gc             ] GC(425) Pause Young (Allocation Failure) 23M->14M(31M) 1.168ms
[2025-04-16T14:49:14.061+0000][648.070s][info][gc,cpu         ] GC(425) User=0.00s Sys=0.00s Real=0.00s
[2025-04-16T14:49:15.660+0000][649.669s][info][gc,start       ] GC(426) Pause Young (Allocation Failure)
[2025-04-16T14:49:15.661+0000][649.670s][info][gc,heap        ] GC(426) DefNew: 9149K(10176K)->79K(10176K) Eden: 9081K(9088K)->0K(9088K) From: 68K(1088K)->79K(1088K)
[2025-04-16T14:49:15.661+0000][649.670s][info][gc,heap        ] GC(426) Tenured: 14489K(22484K)->14489K(22484K)
[2025-04-16T14:49:15.661+0000][649.670s][info][gc,metaspace   ] GC(426) Metaspace: 37332K(37696K)->37332K(37696K) NonClass: 32907K(33088K)->32907K(33088K) Class: 4424K(4608K)->4424K(4608K)
[2025-04-16T14:49:15.661+0000][649.670s][info][gc             ] GC(426) Pause Young (Allocation Failure) 23M->14M(31M) 1.249ms
[2025-04-16T14:49:15.661+0000][649.670s][info][gc,cpu         ] GC(426) User=0.00s Sys=0.00s Real=0.00s
[2025-04-16T14:49:17.197+0000][651.206s][info][gc,start       ] GC(427) Pause Young (Allocation Failure)
[2025-04-16T14:49:17.198+0000][651.207s][info][gc,heap        ] GC(427) DefNew: 9154K(10176K)->75K(10176K) Eden: 9074K(9088K)->0K(9088K) From: 79K(1088K)->75K(1088K)
[2025-04-16T14:49:17.198+0000][651.207s][info][gc,heap        ] GC(427) Tenured: 14489K(22484K)->14489K(22484K)
[2025-04-16T14:49:17.198+0000][651.207s][info][gc,metaspace   ] GC(427) Metaspace: 37332K(37696K)->37332K(37696K) NonClass: 32907K(33088K)->32907K(33088K) Class: 4424K(4608K)->4424K(4608K)
[2025-04-16T14:49:17.198+0000][651.207s][info][gc             ] GC(427) Pause Young (Allocation Failure) 23M->14M(31M) 1.284ms
[2025-04-16T14:49:17.198+0000][651.207s][info][gc,cpu         ] GC(427) User=0.00s Sys=0.00s Real=0.00s
[2025-04-16T14:49:18.917+0000][652.926s][info][gc,start       ] GC(428) Pause Young (Allocation Failure)
[2025-04-16T14:49:18.919+0000][652.928s][info][gc,heap        ] GC(428) DefNew: 9163K(10176K)->84K(10176K) Eden: 9088K(9088K)->0K(9088K) From: 75K(1088K)->84K(1088K)
[2025-04-16T14:49:18.919+0000][652.928s][info][gc,heap        ] GC(428) Tenured: 14489K(22484K)->14489K(22484K)
[2025-04-16T14:49:18.919+0000][652.928s][info][gc,metaspace   ] GC(428) Metaspace: 37332K(37696K)->37332K(37696K) NonClass: 32907K(33088K)->32907K(33088K) Class: 4424K(4608K)->4424K(4608K)
[2025-04-16T14:49:18.919+0000][652.928s][info][gc             ] GC(428) Pause Young (Allocation Failure) 23M->14M(31M) 1.439ms
[2025-04-16T14:49:18.919+0000][652.928s][info][gc,cpu         ] GC(428) User=0.01s Sys=0.00s Real=0.00s
[2025-04-16T14:49:20.416+0000][654.425s][info][gc,start       ] GC(429) Pause Young (Allocation Failure)
[2025-04-16T14:49:20.418+0000][654.427s][info][gc,heap        ] GC(429) DefNew: 9172K(10176K)->90K(10176K) Eden: 9088K(9088K)->0K(9088K) From: 84K(1088K)->90K(1088K)
[2025-04-16T14:49:20.418+0000][654.427s][info][gc,heap        ] GC(429) Tenured: 14489K(22484K)->14489K(22484K)
[2025-04-16T14:49:20.418+0000][654.427s][info][gc,metaspace   ] GC(429) Metaspace: 37332K(37696K)->37332K(37696K) NonClass: 32907K(33088K)->32907K(33088K) Class: 4424K(4608K)->4424K(4608K)
[2025-04-16T14:49:20.418+0000][654.427s][info][gc             ] GC(429) Pause Young (Allocation Failure) 23M->14M(31M) 1.314ms
[2025-04-16T14:49:20.418+0000][654.427s][info][gc,cpu         ] GC(429) User=0.00s Sys=0.00s Real=0.00s
[2025-04-16T14:49:22.055+0000][656.064s][info][gc,start       ] GC(430) Pause Young (Allocation Failure)
[2025-04-16T14:49:22.056+0000][656.066s][info][gc,heap        ] GC(430) DefNew: 9178K(10176K)->83K(10176K) Eden: 9088K(9088K)->0K(9088K) From: 90K(1088K)->83K(1088K)
[2025-04-16T14:49:22.057+0000][656.066s][info][gc,heap        ] GC(430) Tenured: 14489K(22484K)->14489K(22484K)
[2025-04-16T14:49:22.057+0000][656.066s][info][gc,metaspace   ] GC(430) Metaspace: 37332K(37696K)->37332K(37696K) NonClass: 32907K(33088K)->32907K(33088K) Class: 4424K(4608K)->4424K(4608K)
[2025-04-16T14:49:22.057+0000][656.066s][info][gc             ] GC(430) Pause Young (Allocation Failure) 23M->14M(31M) 1.270ms
[2025-04-16T14:49:22.057+0000][656.066s][info][gc,cpu         ] GC(430) User=0.00s Sys=0.00s Real=0.00s
[2025-04-16T14:49:23.551+0000][657.560s][info][gc,start       ] GC(431) Pause Young (Allocation Failure)
[2025-04-16T14:49:23.552+0000][657.561s][info][gc,heap        ] GC(431) DefNew: 9171K(10176K)->74K(10176K) Eden: 9088K(9088K)->0K(9088K) From: 83K(1088K)->74K(1088K)
[2025-04-16T14:49:23.552+0000][657.561s][info][gc,heap        ] GC(431) Tenured: 14489K(22484K)->14489K(22484K)
[2025-04-16T14:49:23.552+0000][657.561s][info][gc,metaspace   ] GC(431) Metaspace: 37332K(37696K)->37332K(37696K) NonClass: 32907K(33088K)->32907K(33088K) Class: 4424K(4608K)->4424K(4608K)
[2025-04-16T14:49:23.552+0000][657.561s][info][gc             ] GC(431) Pause Young (Allocation Failure) 23M->14M(31M) 1.208ms
[2025-04-16T14:49:23.552+0000][657.561s][info][gc,cpu         ] GC(431) User=0.00s Sys=0.00s Real=0.00s
[2025-04-16T14:49:24.913+0000][658.922s][info][gc,start       ] GC(432) Pause Young (Allocation Failure)
[2025-04-16T14:49:24.914+0000][658.923s][info][gc,heap        ] GC(432) DefNew: 9162K(10176K)->91K(10176K) Eden: 9088K(9088K)->0K(9088K) From: 74K(1088K)->91K(1088K)
[2025-04-16T14:49:24.914+0000][658.923s][info][gc,heap        ] GC(432) Tenured: 14489K(22484K)->14489K(22484K)
[2025-04-16T14:49:24.914+0000][658.923s][info][gc,metaspace   ] GC(432) Metaspace: 37332K(37696K)->37332K(37696K) NonClass: 32907K(33088K)->32907K(33088K) Class: 4424K(4608K)->4424K(4608K)
[2025-04-16T14:49:24.914+0000][658.923s][info][gc             ] GC(432) Pause Young (Allocation Failure) 23M->14M(31M) 1.246ms
[2025-04-16T14:49:24.914+0000][658.923s][info][gc,cpu         ] GC(432) User=0.00s Sys=0.00s Real=0.00s
[2025-04-16T14:49:26.581+0000][660.590s][info][gc,start       ] GC(433) Pause Young (Allocation Failure)
[2025-04-16T14:49:26.582+0000][660.591s][info][gc,heap        ] GC(433) DefNew: 9179K(10176K)->74K(10176K) Eden: 9088K(9088K)->0K(9088K) From: 91K(1088K)->74K(1088K)
[2025-04-16T14:49:26.582+0000][660.591s][info][gc,heap        ] GC(433) Tenured: 14489K(22484K)->14489K(22484K)
[2025-04-16T14:49:26.582+0000][660.591s][info][gc,metaspace   ] GC(433) Metaspace: 37332K(37696K)->37332K(37696K) NonClass: 32907K(33088K)->32907K(33088K) Class: 4424K(4608K)->4424K(4608K)
[2025-04-16T14:49:26.582+0000][660.591s][info][gc             ] GC(433) Pause Young (Allocation Failure) 23M->14M(31M) 1.276ms
[2025-04-16T14:49:26.582+0000][660.591s][info][gc,cpu         ] GC(433) User=0.00s Sys=0.00s Real=0.00s
[2025-04-16T14:49:28.242+0000][662.251s][info][gc,start       ] GC(434) Pause Young (Allocation Failure)
[2025-04-16T14:49:28.243+0000][662.252s][info][gc,heap        ] GC(434) DefNew: 9162K(10176K)->77K(10176K) Eden: 9088K(9088K)->0K(9088K) From: 74K(1088K)->77K(1088K)
[2025-04-16T14:49:28.243+0000][662.252s][info][gc,heap        ] GC(434) Tenured: 14489K(22484K)->14489K(22484K)
[2025-04-16T14:49:28.243+0000][662.252s][info][gc,metaspace   ] GC(434) Metaspace: 37332K(37696K)->37332K(37696K) NonClass: 32907K(33088K)->32907K(33088K) Class: 4424K(4608K)->4424K(4608K)
[2025-04-16T14:49:28.243+0000][662.252s][info][gc             ] GC(434) Pause Young (Allocation Failure) 23M->14M(31M) 1.241ms
[2025-04-16T14:49:28.243+0000][662.252s][info][gc,cpu         ] GC(434) User=0.00s Sys=0.00s Real=0.00s
[2025-04-16T14:49:29.707+0000][663.716s][info][gc,start       ] GC(435) Pause Young (Allocation Failure)
[2025-04-16T14:49:29.708+0000][663.717s][info][gc,heap        ] GC(435) DefNew: 9165K(10176K)->78K(10176K) Eden: 9087K(9088K)->0K(9088K) From: 77K(1088K)->78K(1088K)
[2025-04-16T14:49:29.708+0000][663.717s][info][gc,heap        ] GC(435) Tenured: 14489K(22484K)->14489K(22484K)
[2025-04-16T14:49:29.708+0000][663.717s][info][gc,metaspace   ] GC(435) Metaspace: 37332K(37696K)->37332K(37696K) NonClass: 32907K(33088K)->32907K(33088K) Class: 4424K(4608K)->4424K(4608K)
[2025-04-16T14:49:29.708+0000][663.717s][info][gc             ] GC(435) Pause Young (Allocation Failure) 23M->14M(31M) 1.364ms
[2025-04-16T14:49:29.708+0000][663.717s][info][gc,cpu         ] GC(435) User=0.00s Sys=0.00s Real=0.00s
[2025-04-16T14:49:31.218+0000][665.227s][info][gc,start       ] GC(436) Pause Young (Allocation Failure)
[2025-04-16T14:49:31.219+0000][665.228s][info][gc,heap        ] GC(436) DefNew: 9166K(10176K)->92K(10176K) Eden: 9088K(9088K)->0K(9088K) From: 78K(1088K)->92K(1088K)
[2025-04-16T14:49:31.219+0000][665.229s][info][gc,heap        ] GC(436) Tenured: 14489K(22484K)->14489K(22484K)
[2025-04-16T14:49:31.220+0000][665.229s][info][gc,metaspace   ] GC(436) Metaspace: 37332K(37696K)->37332K(37696K) NonClass: 32907K(33088K)->32907K(33088K) Class: 4424K(4608K)->4424K(4608K)
[2025-04-16T14:49:31.220+0000][665.229s][info][gc             ] GC(436) Pause Young (Allocation Failure) 23M->14M(31M) 1.464ms
[2025-04-16T14:49:31.220+0000][665.229s][info][gc,cpu         ] GC(436) User=0.00s Sys=0.00s Real=0.00s
[2025-04-16T14:49:33.042+0000][667.051s][info][gc,start       ] GC(437) Pause Young (Allocation Failure)
[2025-04-16T14:49:33.043+0000][667.052s][info][gc,heap        ] GC(437) DefNew: 9180K(10176K)->93K(10176K) Eden: 9088K(9088K)->0K(9088K) From: 92K(1088K)->93K(1088K)
[2025-04-16T14:49:33.043+0000][667.052s][info][gc,heap        ] GC(437) Tenured: 14489K(22484K)->14489K(22484K)
[2025-04-16T14:49:33.043+0000][667.052s][info][gc,metaspace   ] GC(437) Metaspace: 37332K(37696K)->37332K(37696K) NonClass: 32907K(33088K)->32907K(33088K) Class: 4424K(4608K)->4424K(4608K)
[2025-04-16T14:49:33.043+0000][667.052s][info][gc             ] GC(437) Pause Young (Allocation Failure) 23M->14M(31M) 1.295ms
[2025-04-16T14:49:33.043+0000][667.052s][info][gc,cpu         ] GC(437) User=0.00s Sys=0.00s Real=0.00s
[2025-04-16T14:49:34.796+0000][668.805s][info][gc,start       ] GC(438) Pause Young (Allocation Failure)
[2025-04-16T14:49:34.797+0000][668.806s][info][gc,heap        ] GC(438) DefNew: 9181K(10176K)->87K(10176K) Eden: 9088K(9088K)->0K(9088K) From: 93K(1088K)->87K(1088K)
[2025-04-16T14:49:34.797+0000][668.806s][info][gc,heap        ] GC(438) Tenured: 14489K(22484K)->14489K(22484K)
[2025-04-16T14:49:34.797+0000][668.806s][info][gc,metaspace   ] GC(438) Metaspace: 37332K(37696K)->37332K(37696K) NonClass: 32907K(33088K)->32907K(33088K) Class: 4424K(4608K)->4424K(4608K)
[2025-04-16T14:49:34.797+0000][668.806s][info][gc             ] GC(438) Pause Young (Allocation Failure) 23M->14M(31M) 1.396ms
[2025-04-16T14:49:34.797+0000][668.806s][info][gc,cpu         ] GC(438) User=0.00s Sys=0.00s Real=0.00s
[2025-04-16T14:49:36.391+0000][670.400s][info][gc,start       ] GC(439) Pause Young (Allocation Failure)
[2025-04-16T14:49:36.392+0000][670.401s][info][gc,heap        ] GC(439) DefNew: 9173K(10176K)->95K(10176K) Eden: 9085K(9088K)->0K(9088K) From: 87K(1088K)->95K(1088K)
[2025-04-16T14:49:36.392+0000][670.401s][info][gc,heap        ] GC(439) Tenured: 14489K(22484K)->14489K(22484K)
[2025-04-16T14:49:36.392+0000][670.401s][info][gc,metaspace   ] GC(439) Metaspace: 37332K(37696K)->37332K(37696K) NonClass: 32907K(33088K)->32907K(33088K) Class: 4424K(4608K)->4424K(4608K)
[2025-04-16T14:49:36.392+0000][670.401s][info][gc             ] GC(439) Pause Young (Allocation Failure) 23M->14M(31M) 1.403ms
[2025-04-16T14:49:36.392+0000][670.401s][info][gc,cpu         ] GC(439) User=0.00s Sys=0.00s Real=0.00s
[2025-04-16T14:49:37.890+0000][671.899s][info][gc,start       ] GC(440) Pause Young (Allocation Failure)
[2025-04-16T14:49:37.891+0000][671.900s][info][gc,heap        ] GC(440) DefNew: 9183K(10176K)->90K(10176K) Eden: 9088K(9088K)->0K(9088K) From: 95K(1088K)->90K(1088K)
[2025-04-16T14:49:37.891+0000][671.900s][info][gc,heap        ] GC(440) Tenured: 14489K(22484K)->14489K(22484K)
[2025-04-16T14:49:37.891+0000][671.900s][info][gc,metaspace   ] GC(440) Metaspace: 37332K(37696K)->37332K(37696K) NonClass: 32907K(33088K)->32907K(33088K) Class: 4424K(4608K)->4424K(4608K)
[2025-04-16T14:49:37.891+0000][671.900s][info][gc             ] GC(440) Pause Young (Allocation Failure) 23M->14M(31M) 1.409ms
[2025-04-16T14:49:37.891+0000][671.900s][info][gc,cpu         ] GC(440) User=0.00s Sys=0.00s Real=0.00s
[2025-04-16T14:49:39.605+0000][673.614s][info][gc,start       ] GC(441) Pause Young (Allocation Failure)
[2025-04-16T14:49:39.606+0000][673.615s][info][gc,heap        ] GC(441) DefNew: 9178K(10176K)->94K(10176K) Eden: 9088K(9088K)->0K(9088K) From: 90K(1088K)->94K(1088K)
[2025-04-16T14:49:39.606+0000][673.615s][info][gc,heap        ] GC(441) Tenured: 14489K(22484K)->14489K(22484K)
[2025-04-16T14:49:39.606+0000][673.615s][info][gc,metaspace   ] GC(441) Metaspace: 37332K(37696K)->37332K(37696K) NonClass: 32907K(33088K)->32907K(33088K) Class: 4424K(4608K)->4424K(4608K)
[2025-04-16T14:49:39.606+0000][673.615s][info][gc             ] GC(441) Pause Young (Allocation Failure) 23M->14M(31M) 1.286ms
[2025-04-16T14:49:39.606+0000][673.615s][info][gc,cpu         ] GC(441) User=0.00s Sys=0.00s Real=0.00s
[2025-04-16T14:49:41.327+0000][675.336s][info][gc,start       ] GC(442) Pause Young (Allocation Failure)
[2025-04-16T14:49:41.329+0000][675.338s][info][gc,heap        ] GC(442) DefNew: 9182K(10176K)->79K(10176K) Eden: 9088K(9088K)->0K(9088K) From: 94K(1088K)->79K(1088K)
[2025-04-16T14:49:41.329+0000][675.338s][info][gc,heap        ] GC(442) Tenured: 14489K(22484K)->14489K(22484K)
[2025-04-16T14:49:41.329+0000][675.338s][info][gc,metaspace   ] GC(442) Metaspace: 37332K(37696K)->37332K(37696K) NonClass: 32907K(33088K)->32907K(33088K) Class: 4424K(4608K)->4424K(4608K)
[2025-04-16T14:49:41.329+0000][675.338s][info][gc             ] GC(442) Pause Young (Allocation Failure) 23M->14M(31M) 1.212ms
[2025-04-16T14:49:41.329+0000][675.338s][info][gc,cpu         ] GC(442) User=0.00s Sys=0.00s Real=0.00s
[2025-04-16T14:49:42.796+0000][676.805s][info][gc,start       ] GC(443) Pause Young (Allocation Failure)
[2025-04-16T14:49:42.797+0000][676.806s][info][gc,heap        ] GC(443) DefNew: 9154K(10176K)->83K(10176K) Eden: 9075K(9088K)->0K(9088K) From: 79K(1088K)->83K(1088K)
[2025-04-16T14:49:42.797+0000][676.806s][info][gc,heap        ] GC(443) Tenured: 14489K(22484K)->14490K(22484K)
[2025-04-16T14:49:42.797+0000][676.806s][info][gc,metaspace   ] GC(443) Metaspace: 37332K(37696K)->37332K(37696K) NonClass: 32907K(33088K)->32907K(33088K) Class: 4424K(4608K)->4424K(4608K)
[2025-04-16T14:49:42.797+0000][676.806s][info][gc             ] GC(443) Pause Young (Allocation Failure) 23M->14M(31M) 1.336ms
[2025-04-16T14:49:42.797+0000][676.806s][info][gc,cpu         ] GC(443) User=0.00s Sys=0.00s Real=0.00s
[2025-04-16T14:49:44.426+0000][678.435s][info][gc,start       ] GC(444) Pause Young (Allocation Failure)
[2025-04-16T14:49:44.427+0000][678.436s][info][gc,heap        ] GC(444) DefNew: 9171K(10176K)->103K(10176K) Eden: 9088K(9088K)->0K(9088K) From: 83K(1088K)->103K(1088K)
[2025-04-16T14:49:44.427+0000][678.436s][info][gc,heap        ] GC(444) Tenured: 14490K(22484K)->14491K(22484K)
[2025-04-16T14:49:44.427+0000][678.436s][info][gc,metaspace   ] GC(444) Metaspace: 37332K(37696K)->37332K(37696K) NonClass: 32907K(33088K)->32907K(33088K) Class: 4424K(4608K)->4424K(4608K)
[2025-04-16T14:49:44.427+0000][678.436s][info][gc             ] GC(444) Pause Young (Allocation Failure) 23M->14M(31M) 1.376ms
[2025-04-16T14:49:44.427+0000][678.436s][info][gc,cpu         ] GC(444) User=0.00s Sys=0.00s Real=0.00s
[2025-04-16T14:49:45.913+0000][679.922s][info][gc,start       ] GC(445) Pause Young (Allocation Failure)
[2025-04-16T14:49:45.914+0000][679.923s][info][gc,heap        ] GC(445) DefNew: 9191K(10176K)->95K(10176K) Eden: 9088K(9088K)->0K(9088K) From: 103K(1088K)->95K(1088K)
[2025-04-16T14:49:45.914+0000][679.923s][info][gc,heap        ] GC(445) Tenured: 14491K(22484K)->14491K(22484K)
[2025-04-16T14:49:45.914+0000][679.923s][info][gc,metaspace   ] GC(445) Metaspace: 37332K(37696K)->37332K(37696K) NonClass: 32907K(33088K)->32907K(33088K) Class: 4424K(4608K)->4424K(4608K)
[2025-04-16T14:49:45.914+0000][679.923s][info][gc             ] GC(445) Pause Young (Allocation Failure) 23M->14M(31M) 1.250ms
[2025-04-16T14:49:45.914+0000][679.923s][info][gc,cpu         ] GC(445) User=0.00s Sys=0.00s Real=0.00s
[2025-04-16T14:49:47.690+0000][681.699s][info][gc,start       ] GC(446) Pause Young (Allocation Failure)
[2025-04-16T14:49:47.691+0000][681.700s][info][gc,heap        ] GC(446) DefNew: 9183K(10176K)->82K(10176K) Eden: 9088K(9088K)->0K(9088K) From: 95K(1088K)->82K(1088K)
[2025-04-16T14:49:47.691+0000][681.700s][info][gc,heap        ] GC(446) Tenured: 14491K(22484K)->14491K(22484K)
[2025-04-16T14:49:47.691+0000][681.700s][info][gc,metaspace   ] GC(446) Metaspace: 37332K(37696K)->37332K(37696K) NonClass: 32907K(33088K)->32907K(33088K) Class: 4424K(4608K)->4424K(4608K)
[2025-04-16T14:49:47.691+0000][681.700s][info][gc             ] GC(446) Pause Young (Allocation Failure) 23M->14M(31M) 1.411ms
[2025-04-16T14:49:47.691+0000][681.700s][info][gc,cpu         ] GC(446) User=0.00s Sys=0.00s Real=0.00s
[2025-04-16T14:49:49.281+0000][683.290s][info][gc,start       ] GC(447) Pause Young (Allocation Failure)
[2025-04-16T14:49:49.282+0000][683.291s][info][gc,heap        ] GC(447) DefNew: 9170K(10176K)->81K(10176K) Eden: 9088K(9088K)->0K(9088K) From: 82K(1088K)->81K(1088K)
[2025-04-16T14:49:49.282+0000][683.291s][info][gc,heap        ] GC(447) Tenured: 14491K(22484K)->14491K(22484K)
[2025-04-16T14:49:49.282+0000][683.291s][info][gc,metaspace   ] GC(447) Metaspace: 37332K(37696K)->37332K(37696K) NonClass: 32907K(33088K)->32907K(33088K) Class: 4424K(4608K)->4424K(4608K)
[2025-04-16T14:49:49.282+0000][683.291s][info][gc             ] GC(447) Pause Young (Allocation Failure) 23M->14M(31M) 1.340ms
[2025-04-16T14:49:49.282+0000][683.291s][info][gc,cpu         ] GC(447) User=0.00s Sys=0.00s Real=0.00s
[2025-04-16T14:49:50.908+0000][684.917s][info][gc,start       ] GC(448) Pause Young (Allocation Failure)
[2025-04-16T14:49:50.909+0000][684.918s][info][gc,heap        ] GC(448) DefNew: 9169K(10176K)->93K(10176K) Eden: 9088K(9088K)->0K(9088K) From: 81K(1088K)->93K(1088K)
[2025-04-16T14:49:50.909+0000][684.918s][info][gc,heap        ] GC(448) Tenured: 14491K(22484K)->14491K(22484K)
[2025-04-16T14:49:50.909+0000][684.918s][info][gc,metaspace   ] GC(448) Metaspace: 37332K(37696K)->37332K(37696K) NonClass: 32907K(33088K)->32907K(33088K) Class: 4424K(4608K)->4424K(4608K)
[2025-04-16T14:49:50.909+0000][684.918s][info][gc             ] GC(448) Pause Young (Allocation Failure) 23M->14M(31M) 1.282ms
[2025-04-16T14:49:50.909+0000][684.918s][info][gc,cpu         ] GC(448) User=0.00s Sys=0.00s Real=0.00s
[2025-04-16T14:49:52.728+0000][686.737s][info][gc,start       ] GC(449) Pause Young (Allocation Failure)
[2025-04-16T14:49:52.729+0000][686.738s][info][gc,heap        ] GC(449) DefNew: 9181K(10176K)->81K(10176K) Eden: 9088K(9088K)->0K(9088K) From: 93K(1088K)->81K(1088K)
[2025-04-16T14:49:52.729+0000][686.738s][info][gc,heap        ] GC(449) Tenured: 14491K(22484K)->14491K(22484K)
[2025-04-16T14:49:52.729+0000][686.738s][info][gc,metaspace   ] GC(449) Metaspace: 37332K(37696K)->37332K(37696K) NonClass: 32907K(33088K)->32907K(33088K) Class: 4424K(4608K)->4424K(4608K)
[2025-04-16T14:49:52.729+0000][686.738s][info][gc             ] GC(449) Pause Young (Allocation Failure) 23M->14M(31M) 1.250ms
[2025-04-16T14:49:52.729+0000][686.738s][info][gc,cpu         ] GC(449) User=0.00s Sys=0.00s Real=0.00s
[2025-04-16T14:49:54.183+0000][688.192s][info][gc,start       ] GC(450) Pause Young (Allocation Failure)
[2025-04-16T14:49:54.184+0000][688.193s][info][gc,heap        ] GC(450) DefNew: 9169K(10176K)->100K(10176K) Eden: 9088K(9088K)->0K(9088K) From: 81K(1088K)->100K(1088K)
[2025-04-16T14:49:54.184+0000][688.193s][info][gc,heap        ] GC(450) Tenured: 14491K(22484K)->14493K(22484K)
[2025-04-16T14:49:54.184+0000][688.193s][info][gc,metaspace   ] GC(450) Metaspace: 37332K(37696K)->37332K(37696K) NonClass: 32907K(33088K)->32907K(33088K) Class: 4424K(4608K)->4424K(4608K)
[2025-04-16T14:49:54.184+0000][688.193s][info][gc             ] GC(450) Pause Young (Allocation Failure) 23M->14M(31M) 1.393ms
[2025-04-16T14:49:54.184+0000][688.193s][info][gc,cpu         ] GC(450) User=0.00s Sys=0.00s Real=0.01s
[2025-04-16T14:49:55.743+0000][689.753s][info][gc,start       ] GC(451) Pause Young (Allocation Failure)
[2025-04-16T14:49:55.745+0000][689.754s][info][gc,heap        ] GC(451) DefNew: 9188K(10176K)->89K(10176K) Eden: 9088K(9088K)->0K(9088K) From: 100K(1088K)->89K(1088K)
[2025-04-16T14:49:55.745+0000][689.754s][info][gc,heap        ] GC(451) Tenured: 14493K(22484K)->14493K(22484K)
[2025-04-16T14:49:55.745+0000][689.754s][info][gc,metaspace   ] GC(451) Metaspace: 37332K(37696K)->37332K(37696K) NonClass: 32907K(33088K)->32907K(33088K) Class: 4424K(4608K)->4424K(4608K)
[2025-04-16T14:49:55.745+0000][689.754s][info][gc             ] GC(451) Pause Young (Allocation Failure) 23M->14M(31M) 1.370ms
[2025-04-16T14:49:55.745+0000][689.754s][info][gc,cpu         ] GC(451) User=0.00s Sys=0.00s Real=0.01s
[2025-04-16T14:49:57.478+0000][691.488s][info][gc,start       ] GC(452) Pause Young (Allocation Failure)
[2025-04-16T14:49:57.480+0000][691.489s][info][gc,heap        ] GC(452) DefNew: 9177K(10176K)->86K(10176K) Eden: 9088K(9088K)->0K(9088K) From: 89K(1088K)->86K(1088K)
[2025-04-16T14:49:57.480+0000][691.489s][info][gc,heap        ] GC(452) Tenured: 14493K(22484K)->14493K(22484K)
[2025-04-16T14:49:57.480+0000][691.489s][info][gc,metaspace   ] GC(452) Metaspace: 37332K(37696K)->37332K(37696K) NonClass: 32907K(33088K)->32907K(33088K) Class: 4424K(4608K)->4424K(4608K)
[2025-04-16T14:49:57.480+0000][691.489s][info][gc             ] GC(452) Pause Young (Allocation Failure) 23M->14M(31M) 1.237ms
[2025-04-16T14:49:57.480+0000][691.489s][info][gc,cpu         ] GC(452) User=0.00s Sys=0.00s Real=0.00s
[2025-04-16T14:49:59.098+0000][693.107s][info][gc,start       ] GC(453) Pause Young (Allocation Failure)
[2025-04-16T14:49:59.100+0000][693.109s][info][gc,heap        ] GC(453) DefNew: 9174K(10176K)->90K(10176K) Eden: 9088K(9088K)->0K(9088K) From: 86K(1088K)->90K(1088K)
[2025-04-16T14:49:59.100+0000][693.109s][info][gc,heap        ] GC(453) Tenured: 14493K(22484K)->14493K(22484K)
[2025-04-16T14:49:59.100+0000][693.109s][info][gc,metaspace   ] GC(453) Metaspace: 37332K(37696K)->37332K(37696K) NonClass: 32907K(33088K)->32907K(33088K) Class: 4424K(4608K)->4424K(4608K)
[2025-04-16T14:49:59.100+0000][693.109s][info][gc             ] GC(453) Pause Young (Allocation Failure) 23M->14M(31M) 1.375ms
[2025-04-16T14:49:59.100+0000][693.109s][info][gc,cpu         ] GC(453) User=0.00s Sys=0.00s Real=0.00s
[2025-04-16T14:50:00.607+0000][694.616s][info][gc,start       ] GC(454) Pause Young (Allocation Failure)
[2025-04-16T14:50:00.608+0000][694.617s][info][gc,heap        ] GC(454) DefNew: 9178K(10176K)->100K(10176K) Eden: 9087K(9088K)->0K(9088K) From: 90K(1088K)->100K(1088K)
[2025-04-16T14:50:00.608+0000][694.618s][info][gc,heap        ] GC(454) Tenured: 14493K(22484K)->14493K(22484K)
[2025-04-16T14:50:00.609+0000][694.618s][info][gc,metaspace   ] GC(454) Metaspace: 37332K(37696K)->37332K(37696K) NonClass: 32907K(33088K)->32907K(33088K) Class: 4424K(4608K)->4424K(4608K)
[2025-04-16T14:50:00.609+0000][694.618s][info][gc             ] GC(454) Pause Young (Allocation Failure) 23M->14M(31M) 1.328ms
[2025-04-16T14:50:00.609+0000][694.618s][info][gc,cpu         ] GC(454) User=0.00s Sys=0.00s Real=0.00s
[2025-04-16T14:50:02.218+0000][696.227s][info][gc,start       ] GC(455) Pause Young (Allocation Failure)
[2025-04-16T14:50:02.220+0000][696.229s][info][gc,heap        ] GC(455) DefNew: 9187K(10176K)->91K(10176K) Eden: 9087K(9088K)->0K(9088K) From: 100K(1088K)->91K(1088K)
[2025-04-16T14:50:02.220+0000][696.229s][info][gc,heap        ] GC(455) Tenured: 14493K(22484K)->14494K(22484K)
[2025-04-16T14:50:02.220+0000][696.229s][info][gc,metaspace   ] GC(455) Metaspace: 37332K(37696K)->37332K(37696K) NonClass: 32907K(33088K)->32907K(33088K) Class: 4424K(4608K)->4424K(4608K)
[2025-04-16T14:50:02.220+0000][696.229s][info][gc             ] GC(455) Pause Young (Allocation Failure) 23M->14M(31M) 1.257ms
[2025-04-16T14:50:02.220+0000][696.229s][info][gc,cpu         ] GC(455) User=0.00s Sys=0.00s Real=0.00s
[2025-04-16T14:50:03.904+0000][697.914s][info][gc,start       ] GC(456) Pause Young (Allocation Failure)
[2025-04-16T14:50:03.906+0000][697.915s][info][gc,heap        ] GC(456) DefNew: 9170K(10176K)->86K(10176K) Eden: 9079K(9088K)->0K(9088K) From: 91K(1088K)->86K(1088K)
[2025-04-16T14:50:03.906+0000][697.915s][info][gc,heap        ] GC(456) Tenured: 14494K(22484K)->14495K(22484K)
[2025-04-16T14:50:03.906+0000][697.915s][info][gc,metaspace   ] GC(456) Metaspace: 37332K(37696K)->37332K(37696K) NonClass: 32908K(33088K)->32908K(33088K) Class: 4424K(4608K)->4424K(4608K)
[2025-04-16T14:50:03.906+0000][697.915s][info][gc             ] GC(456) Pause Young (Allocation Failure) 23M->14M(31M) 1.228ms
[2025-04-16T14:50:03.906+0000][697.915s][info][gc,cpu         ] GC(456) User=0.00s Sys=0.00s Real=0.00s
[2025-04-16T14:50:05.543+0000][699.552s][info][gc,start       ] GC(457) Pause Young (Allocation Failure)
[2025-04-16T14:50:05.544+0000][699.553s][info][gc,heap        ] GC(457) DefNew: 9174K(10176K)->93K(10176K) Eden: 9088K(9088K)->0K(9088K) From: 86K(1088K)->93K(1088K)
[2025-04-16T14:50:05.544+0000][699.554s][info][gc,heap        ] GC(457) Tenured: 14495K(22484K)->14497K(22484K)
[2025-04-16T14:50:05.545+0000][699.554s][info][gc,metaspace   ] GC(457) Metaspace: 37332K(37696K)->37332K(37696K) NonClass: 32908K(33088K)->32908K(33088K) Class: 4424K(4608K)->4424K(4608K)
[2025-04-16T14:50:05.545+0000][699.554s][info][gc             ] GC(457) Pause Young (Allocation Failure) 23M->14M(31M) 1.337ms
[2025-04-16T14:50:05.545+0000][699.554s][info][gc,cpu         ] GC(457) User=0.00s Sys=0.00s Real=0.01s
[2025-04-16T14:50:07.129+0000][701.138s][info][gc,start       ] GC(458) Pause Young (Allocation Failure)
[2025-04-16T14:50:07.131+0000][701.140s][info][gc,heap        ] GC(458) DefNew: 9181K(10176K)->98K(10176K) Eden: 9088K(9088K)->0K(9088K) From: 93K(1088K)->98K(1088K)
[2025-04-16T14:50:07.131+0000][701.140s][info][gc,heap        ] GC(458) Tenured: 14497K(22484K)->14499K(22484K)
[2025-04-16T14:50:07.131+0000][701.140s][info][gc,metaspace   ] GC(458) Metaspace: 37332K(37696K)->37332K(37696K) NonClass: 32908K(33088K)->32908K(33088K) Class: 4424K(4608K)->4424K(4608K)
[2025-04-16T14:50:07.131+0000][701.140s][info][gc             ] GC(458) Pause Young (Allocation Failure) 23M->14M(31M) 1.318ms
[2025-04-16T14:50:07.131+0000][701.140s][info][gc,cpu         ] GC(458) User=0.00s Sys=0.00s Real=0.00s
[2025-04-16T14:50:08.602+0000][702.611s][info][gc,start       ] GC(459) Pause Young (Allocation Failure)
[2025-04-16T14:50:08.603+0000][702.612s][info][gc,heap        ] GC(459) DefNew: 9186K(10176K)->94K(10176K) Eden: 9088K(9088K)->0K(9088K) From: 98K(1088K)->94K(1088K)
[2025-04-16T14:50:08.603+0000][702.612s][info][gc,heap        ] GC(459) Tenured: 14499K(22484K)->14499K(22484K)
[2025-04-16T14:50:08.603+0000][702.612s][info][gc,metaspace   ] GC(459) Metaspace: 37332K(37696K)->37332K(37696K) NonClass: 32908K(33088K)->32908K(33088K) Class: 4424K(4608K)->4424K(4608K)
[2025-04-16T14:50:08.603+0000][702.612s][info][gc             ] GC(459) Pause Young (Allocation Failure) 23M->14M(31M) 1.216ms
[2025-04-16T14:50:08.603+0000][702.612s][info][gc,cpu         ] GC(459) User=0.00s Sys=0.00s Real=0.00s
[2025-04-16T14:50:10.310+0000][704.319s][info][gc,start       ] GC(460) Pause Young (Allocation Failure)
[2025-04-16T14:50:10.312+0000][704.321s][info][gc,heap        ] GC(460) DefNew: 9177K(10176K)->101K(10176K) Eden: 9082K(9088K)->0K(9088K) From: 94K(1088K)->101K(1088K)
[2025-04-16T14:50:10.312+0000][704.321s][info][gc,heap        ] GC(460) Tenured: 14499K(22484K)->14499K(22484K)
[2025-04-16T14:50:10.312+0000][704.321s][info][gc,metaspace   ] GC(460) Metaspace: 37332K(37696K)->37332K(37696K) NonClass: 32908K(33088K)->32908K(33088K) Class: 4424K(4608K)->4424K(4608K)
[2025-04-16T14:50:10.312+0000][704.321s][info][gc             ] GC(460) Pause Young (Allocation Failure) 23M->14M(31M) 1.215ms
[2025-04-16T14:50:10.312+0000][704.321s][info][gc,cpu         ] GC(460) User=0.00s Sys=0.00s Real=0.00s
[2025-04-16T14:50:12.076+0000][706.085s][info][gc,start       ] GC(461) Pause Young (Allocation Failure)
[2025-04-16T14:50:12.077+0000][706.086s][info][gc,heap        ] GC(461) DefNew: 9189K(10176K)->83K(10176K) Eden: 9088K(9088K)->0K(9088K) From: 101K(1088K)->83K(1088K)
[2025-04-16T14:50:12.077+0000][706.086s][info][gc,heap        ] GC(461) Tenured: 14499K(22484K)->14499K(22484K)
[2025-04-16T14:50:12.077+0000][706.086s][info][gc,metaspace   ] GC(461) Metaspace: 37332K(37696K)->37332K(37696K) NonClass: 32908K(33088K)->32908K(33088K) Class: 4424K(4608K)->4424K(4608K)
[2025-04-16T14:50:12.077+0000][706.086s][info][gc             ] GC(461) Pause Young (Allocation Failure) 23M->14M(31M) 1.316ms
[2025-04-16T14:50:12.077+0000][706.086s][info][gc,cpu         ] GC(461) User=0.00s Sys=0.00s Real=0.00s
[2025-04-16T14:50:13.737+0000][707.746s][info][gc,start       ] GC(462) Pause Young (Allocation Failure)
[2025-04-16T14:50:13.738+0000][707.747s][info][gc,heap        ] GC(462) DefNew: 9171K(10176K)->98K(10176K) Eden: 9088K(9088K)->0K(9088K) From: 83K(1088K)->98K(1088K)
[2025-04-16T14:50:13.738+0000][707.747s][info][gc,heap        ] GC(462) Tenured: 14499K(22484K)->14500K(22484K)
[2025-04-16T14:50:13.738+0000][707.748s][info][gc,metaspace   ] GC(462) Metaspace: 37332K(37696K)->37332K(37696K) NonClass: 32908K(33088K)->32908K(33088K) Class: 4424K(4608K)->4424K(4608K)
[2025-04-16T14:50:13.739+0000][707.748s][info][gc             ] GC(462) Pause Young (Allocation Failure) 23M->14M(31M) 1.210ms
[2025-04-16T14:50:13.739+0000][707.748s][info][gc,cpu         ] GC(462) User=0.00s Sys=0.00s Real=0.00s
[2025-04-16T14:50:15.428+0000][709.437s][info][gc,start       ] GC(463) Pause Young (Allocation Failure)
[2025-04-16T14:50:15.430+0000][709.439s][info][gc,heap        ] GC(463) DefNew: 9186K(10176K)->117K(10176K) Eden: 9088K(9088K)->0K(9088K) From: 98K(1088K)->117K(1088K)
[2025-04-16T14:50:15.430+0000][709.439s][info][gc,heap        ] GC(463) Tenured: 14500K(22484K)->14500K(22484K)
[2025-04-16T14:50:15.430+0000][709.439s][info][gc,metaspace   ] GC(463) Metaspace: 37332K(37696K)->37332K(37696K) NonClass: 32908K(33088K)->32908K(33088K) Class: 4424K(4608K)->4424K(4608K)
[2025-04-16T14:50:15.430+0000][709.439s][info][gc             ] GC(463) Pause Young (Allocation Failure) 23M->14M(31M) 1.306ms
[2025-04-16T14:50:15.430+0000][709.439s][info][gc,cpu         ] GC(463) User=0.00s Sys=0.00s Real=0.00s
[2025-04-16T14:50:16.872+0000][710.881s][info][gc,start       ] GC(464) Pause Young (Allocation Failure)
[2025-04-16T14:50:16.873+0000][710.882s][info][gc,heap        ] GC(464) DefNew: 9205K(10176K)->80K(10176K) Eden: 9087K(9088K)->0K(9088K) From: 117K(1088K)->80K(1088K)
[2025-04-16T14:50:16.873+0000][710.882s][info][gc,heap        ] GC(464) Tenured: 14500K(22484K)->14501K(22484K)
[2025-04-16T14:50:16.873+0000][710.882s][info][gc,metaspace   ] GC(464) Metaspace: 37332K(37696K)->37332K(37696K) NonClass: 32908K(33088K)->32908K(33088K) Class: 4424K(4608K)->4424K(4608K)
[2025-04-16T14:50:16.873+0000][710.882s][info][gc             ] GC(464) Pause Young (Allocation Failure) 23M->14M(31M) 1.445ms
[2025-04-16T14:50:16.873+0000][710.882s][info][gc,cpu         ] GC(464) User=0.00s Sys=0.00s Real=0.00s
[2025-04-16T14:50:18.604+0000][712.613s][info][gc,start       ] GC(465) Pause Young (Allocation Failure)
[2025-04-16T14:50:18.605+0000][712.614s][info][gc,heap        ] GC(465) DefNew: 9158K(10176K)->85K(10176K) Eden: 9078K(9088K)->0K(9088K) From: 80K(1088K)->85K(1088K)
[2025-04-16T14:50:18.605+0000][712.614s][info][gc,heap        ] GC(465) Tenured: 14501K(22484K)->14504K(22484K)
[2025-04-16T14:50:18.605+0000][712.614s][info][gc,metaspace   ] GC(465) Metaspace: 37332K(37696K)->37332K(37696K) NonClass: 32908K(33088K)->32908K(33088K) Class: 4424K(4608K)->4424K(4608K)
[2025-04-16T14:50:18.605+0000][712.614s][info][gc             ] GC(465) Pause Young (Allocation Failure) 23M->14M(31M) 1.225ms
[2025-04-16T14:50:18.605+0000][712.614s][info][gc,cpu         ] GC(465) User=0.00s Sys=0.00s Real=0.00s
[2025-04-16T14:50:20.192+0000][714.201s][info][gc,start       ] GC(466) Pause Young (Allocation Failure)
[2025-04-16T14:50:20.194+0000][714.203s][info][gc,heap        ] GC(466) DefNew: 9173K(10176K)->95K(10176K) Eden: 9088K(9088K)->0K(9088K) From: 85K(1088K)->95K(1088K)
[2025-04-16T14:50:20.194+0000][714.203s][info][gc,heap        ] GC(466) Tenured: 14504K(22484K)->14504K(22484K)
[2025-04-16T14:50:20.194+0000][714.203s][info][gc,metaspace   ] GC(466) Metaspace: 37332K(37696K)->37332K(37696K) NonClass: 32908K(33088K)->32908K(33088K) Class: 4424K(4608K)->4424K(4608K)
[2025-04-16T14:50:20.194+0000][714.203s][info][gc             ] GC(466) Pause Young (Allocation Failure) 23M->14M(31M) 1.309ms
[2025-04-16T14:50:20.194+0000][714.203s][info][gc,cpu         ] GC(466) User=0.01s Sys=0.00s Real=0.00s
[2025-04-16T14:50:21.969+0000][715.978s][info][gc,start       ] GC(467) Pause Young (Allocation Failure)
[2025-04-16T14:50:21.971+0000][715.980s][info][gc,heap        ] GC(467) DefNew: 9183K(10176K)->94K(10176K) Eden: 9088K(9088K)->0K(9088K) From: 95K(1088K)->94K(1088K)
[2025-04-16T14:50:21.971+0000][715.980s][info][gc,heap        ] GC(467) Tenured: 14504K(22484K)->14504K(22484K)
[2025-04-16T14:50:21.971+0000][715.980s][info][gc,metaspace   ] GC(467) Metaspace: 37333K(37696K)->37333K(37696K) NonClass: 32908K(33088K)->32908K(33088K) Class: 4425K(4608K)->4425K(4608K)
[2025-04-16T14:50:21.971+0000][715.980s][info][gc             ] GC(467) Pause Young (Allocation Failure) 23M->14M(31M) 1.451ms
[2025-04-16T14:50:21.971+0000][715.980s][info][gc,cpu         ] GC(467) User=0.00s Sys=0.00s Real=0.00s
[2025-04-16T14:50:23.371+0000][717.380s][info][gc,start       ] GC(468) Pause Young (Allocation Failure)
[2025-04-16T14:50:23.372+0000][717.381s][info][gc,heap        ] GC(468) DefNew: 9182K(10176K)->83K(10176K) Eden: 9088K(9088K)->0K(9088K) From: 94K(1088K)->83K(1088K)
[2025-04-16T14:50:23.372+0000][717.381s][info][gc,heap        ] GC(468) Tenured: 14504K(22484K)->14505K(22484K)
[2025-04-16T14:50:23.372+0000][717.381s][info][gc,metaspace   ] GC(468) Metaspace: 37333K(37696K)->37333K(37696K) NonClass: 32908K(33088K)->32908K(33088K) Class: 4425K(4608K)->4425K(4608K)
[2025-04-16T14:50:23.372+0000][717.381s][info][gc             ] GC(468) Pause Young (Allocation Failure) 23M->14M(31M) 1.241ms
[2025-04-16T14:50:23.372+0000][717.381s][info][gc,cpu         ] GC(468) User=0.00s Sys=0.00s Real=0.00s
[2025-04-16T14:50:24.874+0000][718.883s][info][gc,start       ] GC(469) Pause Young (Allocation Failure)
[2025-04-16T14:50:24.875+0000][718.884s][info][gc,heap        ] GC(469) DefNew: 9171K(10176K)->86K(10176K) Eden: 9088K(9088K)->0K(9088K) From: 83K(1088K)->86K(1088K)
[2025-04-16T14:50:24.875+0000][718.884s][info][gc,heap        ] GC(469) Tenured: 14505K(22484K)->14505K(22484K)
[2025-04-16T14:50:24.875+0000][718.884s][info][gc,metaspace   ] GC(469) Metaspace: 37333K(37696K)->37333K(37696K) NonClass: 32908K(33088K)->32908K(33088K) Class: 4425K(4608K)->4425K(4608K)
[2025-04-16T14:50:24.875+0000][718.884s][info][gc             ] GC(469) Pause Young (Allocation Failure) 23M->14M(31M) 1.355ms
[2025-04-16T14:50:24.875+0000][718.884s][info][gc,cpu         ] GC(469) User=0.00s Sys=0.00s Real=0.01s
[2025-04-16T14:50:26.486+0000][720.495s][info][gc,start       ] GC(470) Pause Young (Allocation Failure)
[2025-04-16T14:50:26.487+0000][720.496s][info][gc,heap        ] GC(470) DefNew: 9174K(10176K)->86K(10176K) Eden: 9087K(9088K)->0K(9088K) From: 86K(1088K)->86K(1088K)
[2025-04-16T14:50:26.487+0000][720.496s][info][gc,heap        ] GC(470) Tenured: 14505K(22484K)->14505K(22484K)
[2025-04-16T14:50:26.487+0000][720.496s][info][gc,metaspace   ] GC(470) Metaspace: 37333K(37696K)->37333K(37696K) NonClass: 32908K(33088K)->32908K(33088K) Class: 4425K(4608K)->4425K(4608K)
[2025-04-16T14:50:26.487+0000][720.496s][info][gc             ] GC(470) Pause Young (Allocation Failure) 23M->14M(31M) 1.416ms
[2025-04-16T14:50:26.487+0000][720.496s][info][gc,cpu         ] GC(470) User=0.00s Sys=0.00s Real=0.00s
[2025-04-16T14:50:28.032+0000][722.041s][info][gc,start       ] GC(471) Pause Young (Allocation Failure)
[2025-04-16T14:50:28.033+0000][722.042s][info][gc,heap        ] GC(471) DefNew: 9174K(10176K)->104K(10176K) Eden: 9088K(9088K)->0K(9088K) From: 86K(1088K)->104K(1088K)
[2025-04-16T14:50:28.033+0000][722.042s][info][gc,heap        ] GC(471) Tenured: 14505K(22484K)->14506K(22484K)
[2025-04-16T14:50:28.033+0000][722.042s][info][gc,metaspace   ] GC(471) Metaspace: 37333K(37696K)->37333K(37696K) NonClass: 32908K(33088K)->32908K(33088K) Class: 4425K(4608K)->4425K(4608K)
[2025-04-16T14:50:28.033+0000][722.042s][info][gc             ] GC(471) Pause Young (Allocation Failure) 23M->14M(31M) 1.332ms
[2025-04-16T14:50:28.033+0000][722.042s][info][gc,cpu         ] GC(471) User=0.00s Sys=0.00s Real=0.00s
[2025-04-16T14:50:29.510+0000][723.519s][info][gc,start       ] GC(472) Pause Young (Allocation Failure)
[2025-04-16T14:50:29.511+0000][723.520s][info][gc,heap        ] GC(472) DefNew: 9192K(10176K)->95K(10176K) Eden: 9088K(9088K)->0K(9088K) From: 104K(1088K)->95K(1088K)
[2025-04-16T14:50:29.511+0000][723.520s][info][gc,heap        ] GC(472) Tenured: 14506K(22484K)->14506K(22484K)
[2025-04-16T14:50:29.511+0000][723.520s][info][gc,metaspace   ] GC(472) Metaspace: 37333K(37696K)->37333K(37696K) NonClass: 32908K(33088K)->32908K(33088K) Class: 4425K(4608K)->4425K(4608K)
[2025-04-16T14:50:29.511+0000][723.520s][info][gc             ] GC(472) Pause Young (Allocation Failure) 23M->14M(31M) 1.474ms
[2025-04-16T14:50:29.511+0000][723.520s][info][gc,cpu         ] GC(472) User=0.00s Sys=0.00s Real=0.00s
[2025-04-16T14:50:31.178+0000][725.187s][info][gc,start       ] GC(473) Pause Young (Allocation Failure)
[2025-04-16T14:50:31.179+0000][725.188s][info][gc,heap        ] GC(473) DefNew: 9177K(10176K)->88K(10176K) Eden: 9082K(9088K)->0K(9088K) From: 95K(1088K)->88K(1088K)
[2025-04-16T14:50:31.179+0000][725.188s][info][gc,heap        ] GC(473) Tenured: 14506K(22484K)->14509K(22484K)
[2025-04-16T14:50:31.179+0000][725.188s][info][gc,metaspace   ] GC(473) Metaspace: 37333K(37696K)->37333K(37696K) NonClass: 32908K(33088K)->32908K(33088K) Class: 4425K(4608K)->4425K(4608K)
[2025-04-16T14:50:31.179+0000][725.188s][info][gc             ] GC(473) Pause Young (Allocation Failure) 23M->14M(31M) 1.413ms
[2025-04-16T14:50:31.179+0000][725.188s][info][gc,cpu         ] GC(473) User=0.00s Sys=0.00s Real=0.00s
[2025-04-16T14:50:32.648+0000][726.657s][info][gc,start       ] GC(474) Pause Young (Allocation Failure)
[2025-04-16T14:50:32.649+0000][726.658s][info][gc,heap        ] GC(474) DefNew: 9176K(10176K)->85K(10176K) Eden: 9088K(9088K)->0K(9088K) From: 88K(1088K)->85K(1088K)
[2025-04-16T14:50:32.649+0000][726.658s][info][gc,heap        ] GC(474) Tenured: 14509K(22484K)->14509K(22484K)
[2025-04-16T14:50:32.649+0000][726.658s][info][gc,metaspace   ] GC(474) Metaspace: 37333K(37696K)->37333K(37696K) NonClass: 32908K(33088K)->32908K(33088K) Class: 4425K(4608K)->4425K(4608K)
[2025-04-16T14:50:32.649+0000][726.658s][info][gc             ] GC(474) Pause Young (Allocation Failure) 23M->14M(31M) 1.422ms
[2025-04-16T14:50:32.649+0000][726.658s][info][gc,cpu         ] GC(474) User=0.00s Sys=0.00s Real=0.00s
[2025-04-16T14:50:34.301+0000][728.310s][info][gc,start       ] GC(475) Pause Young (Allocation Failure)
[2025-04-16T14:50:34.303+0000][728.312s][info][gc,heap        ] GC(475) DefNew: 9173K(10176K)->82K(10176K) Eden: 9088K(9088K)->0K(9088K) From: 85K(1088K)->82K(1088K)
[2025-04-16T14:50:34.303+0000][728.312s][info][gc,heap        ] GC(475) Tenured: 14509K(22484K)->14509K(22484K)
[2025-04-16T14:50:34.303+0000][728.312s][info][gc,metaspace   ] GC(475) Metaspace: 37334K(37696K)->37334K(37696K) NonClass: 32909K(33088K)->32909K(33088K) Class: 4425K(4608K)->4425K(4608K)
[2025-04-16T14:50:34.303+0000][728.312s][info][gc             ] GC(475) Pause Young (Allocation Failure) 23M->14M(31M) 1.417ms
[2025-04-16T14:50:34.303+0000][728.312s][info][gc,cpu         ] GC(475) User=0.00s Sys=0.00s Real=0.00s
[2025-04-16T14:50:35.500+0000][729.509s][info][gc,start       ] GC(476) Pause Young (Allocation Failure)
[2025-04-16T14:50:35.501+0000][729.510s][info][gc,heap        ] GC(476) DefNew: 9170K(10176K)->103K(10176K) Eden: 9088K(9088K)->0K(9088K) From: 82K(1088K)->103K(1088K)
[2025-04-16T14:50:35.501+0000][729.510s][info][gc,heap        ] GC(476) Tenured: 14509K(22484K)->14510K(22484K)
[2025-04-16T14:50:35.501+0000][729.510s][info][gc,metaspace   ] GC(476) Metaspace: 37334K(37696K)->37334K(37696K) NonClass: 32909K(33088K)->32909K(33088K) Class: 4425K(4608K)->4425K(4608K)
[2025-04-16T14:50:35.501+0000][729.510s][info][gc             ] GC(476) Pause Young (Allocation Failure) 23M->14M(31M) 1.292ms
[2025-04-16T14:50:35.501+0000][729.510s][info][gc,cpu         ] GC(476) User=0.00s Sys=0.00s Real=0.00s
[2025-04-16T14:50:37.577+0000][731.586s][info][gc,start       ] GC(477) Pause Young (Allocation Failure)
[2025-04-16T14:50:37.578+0000][731.587s][info][gc,heap        ] GC(477) DefNew: 9191K(10176K)->94K(10176K) Eden: 9088K(9088K)->0K(9088K) From: 103K(1088K)->94K(1088K)
[2025-04-16T14:50:37.578+0000][731.587s][info][gc,heap        ] GC(477) Tenured: 14510K(22484K)->14510K(22484K)
[2025-04-16T14:50:37.578+0000][731.587s][info][gc,metaspace   ] GC(477) Metaspace: 37334K(37696K)->37334K(37696K) NonClass: 32909K(33088K)->32909K(33088K) Class: 4425K(4608K)->4425K(4608K)
[2025-04-16T14:50:37.578+0000][731.587s][info][gc             ] GC(477) Pause Young (Allocation Failure) 23M->14M(31M) 1.411ms
[2025-04-16T14:50:37.578+0000][731.587s][info][gc,cpu         ] GC(477) User=0.00s Sys=0.00s Real=0.00s
[2025-04-16T14:50:39.222+0000][733.231s][info][gc,start       ] GC(478) Pause Young (Allocation Failure)
[2025-04-16T14:50:39.223+0000][733.232s][info][gc,heap        ] GC(478) DefNew: 9171K(10176K)->88K(10176K) Eden: 9077K(9088K)->0K(9088K) From: 94K(1088K)->88K(1088K)
[2025-04-16T14:50:39.223+0000][733.232s][info][gc,heap        ] GC(478) Tenured: 14510K(22484K)->14511K(22484K)
[2025-04-16T14:50:39.223+0000][733.232s][info][gc,metaspace   ] GC(478) Metaspace: 37334K(37696K)->37334K(37696K) NonClass: 32909K(33088K)->32909K(33088K) Class: 4425K(4608K)->4425K(4608K)
[2025-04-16T14:50:39.223+0000][733.232s][info][gc             ] GC(478) Pause Young (Allocation Failure) 23M->14M(31M) 1.269ms
[2025-04-16T14:50:39.223+0000][733.232s][info][gc,cpu         ] GC(478) User=0.00s Sys=0.00s Real=0.00s
[2025-04-16T14:50:40.626+0000][734.635s][info][gc,start       ] GC(479) Pause Young (Allocation Failure)
[2025-04-16T14:50:40.627+0000][734.636s][info][gc,heap        ] GC(479) DefNew: 9176K(10176K)->83K(10176K) Eden: 9088K(9088K)->0K(9088K) From: 88K(1088K)->83K(1088K)
[2025-04-16T14:50:40.627+0000][734.636s][info][gc,heap        ] GC(479) Tenured: 14511K(22484K)->14511K(22484K)
[2025-04-16T14:50:40.627+0000][734.636s][info][gc,metaspace   ] GC(479) Metaspace: 37334K(37696K)->37334K(37696K) NonClass: 32909K(33088K)->32909K(33088K) Class: 4425K(4608K)->4425K(4608K)
[2025-04-16T14:50:40.627+0000][734.636s][info][gc             ] GC(479) Pause Young (Allocation Failure) 23M->14M(31M) 1.310ms
[2025-04-16T14:50:40.627+0000][734.636s][info][gc,cpu         ] GC(479) User=0.00s Sys=0.00s Real=0.00s
[2025-04-16T14:50:42.207+0000][736.216s][info][gc,start       ] GC(480) Pause Young (Allocation Failure)
[2025-04-16T14:50:42.209+0000][736.218s][info][gc,heap        ] GC(480) DefNew: 9171K(10176K)->102K(10176K) Eden: 9088K(9088K)->0K(9088K) From: 83K(1088K)->102K(1088K)
[2025-04-16T14:50:42.209+0000][736.218s][info][gc,heap        ] GC(480) Tenured: 14511K(22484K)->14514K(22484K)
[2025-04-16T14:50:42.209+0000][736.218s][info][gc,metaspace   ] GC(480) Metaspace: 37334K(37696K)->37334K(37696K) NonClass: 32909K(33088K)->32909K(33088K) Class: 4425K(4608K)->4425K(4608K)
[2025-04-16T14:50:42.209+0000][736.218s][info][gc             ] GC(480) Pause Young (Allocation Failure) 23M->14M(31M) 1.274ms
[2025-04-16T14:50:42.209+0000][736.218s][info][gc,cpu         ] GC(480) User=0.00s Sys=0.00s Real=0.00s
[2025-04-16T14:50:44.094+0000][738.103s][info][gc,start       ] GC(481) Pause Young (Allocation Failure)
[2025-04-16T14:50:44.095+0000][738.104s][info][gc,heap        ] GC(481) DefNew: 9190K(10176K)->102K(10176K) Eden: 9088K(9088K)->0K(9088K) From: 102K(1088K)->102K(1088K)
[2025-04-16T14:50:44.095+0000][738.104s][info][gc,heap        ] GC(481) Tenured: 14514K(22484K)->14515K(22484K)
[2025-04-16T14:50:44.095+0000][738.104s][info][gc,metaspace   ] GC(481) Metaspace: 37334K(37696K)->37334K(37696K) NonClass: 32909K(33088K)->32909K(33088K) Class: 4425K(4608K)->4425K(4608K)
[2025-04-16T14:50:44.095+0000][738.104s][info][gc             ] GC(481) Pause Young (Allocation Failure) 23M->14M(31M) 1.361ms
[2025-04-16T14:50:44.095+0000][738.104s][info][gc,cpu         ] GC(481) User=0.00s Sys=0.00s Real=0.01s
[2025-04-16T14:50:45.512+0000][739.521s][info][gc,start       ] GC(482) Pause Young (Allocation Failure)
[2025-04-16T14:50:45.513+0000][739.522s][info][gc,heap        ] GC(482) DefNew: 9183K(10176K)->85K(10176K) Eden: 9081K(9088K)->0K(9088K) From: 102K(1088K)->85K(1088K)
[2025-04-16T14:50:45.513+0000][739.522s][info][gc,heap        ] GC(482) Tenured: 14515K(22484K)->14517K(22484K)
[2025-04-16T14:50:45.513+0000][739.522s][info][gc,metaspace   ] GC(482) Metaspace: 37334K(37696K)->37334K(37696K) NonClass: 32909K(33088K)->32909K(33088K) Class: 4425K(4608K)->4425K(4608K)
[2025-04-16T14:50:45.513+0000][739.523s][info][gc             ] GC(482) Pause Young (Allocation Failure) 23M->14M(31M) 1.279ms
[2025-04-16T14:50:45.514+0000][739.523s][info][gc,cpu         ] GC(482) User=0.00s Sys=0.00s Real=0.00s
[2025-04-16T14:50:46.868+0000][740.877s][info][gc,start       ] GC(483) Pause Young (Allocation Failure)
[2025-04-16T14:50:46.869+0000][740.878s][info][gc,heap        ] GC(483) DefNew: 9173K(10176K)->85K(10176K) Eden: 9088K(9088K)->0K(9088K) From: 85K(1088K)->85K(1088K)
[2025-04-16T14:50:46.869+0000][740.878s][info][gc,heap        ] GC(483) Tenured: 14517K(22484K)->14517K(22484K)
[2025-04-16T14:50:46.869+0000][740.878s][info][gc,metaspace   ] GC(483) Metaspace: 37334K(37696K)->37334K(37696K) NonClass: 32909K(33088K)->32909K(33088K) Class: 4425K(4608K)->4425K(4608K)
[2025-04-16T14:50:46.869+0000][740.878s][info][gc             ] GC(483) Pause Young (Allocation Failure) 23M->14M(31M) 1.463ms
[2025-04-16T14:50:46.869+0000][740.878s][info][gc,cpu         ] GC(483) User=0.00s Sys=0.00s Real=0.00s
[2025-04-16T14:50:48.490+0000][742.499s][info][gc,start       ] GC(484) Pause Young (Allocation Failure)
[2025-04-16T14:50:48.491+0000][742.500s][info][gc,heap        ] GC(484) DefNew: 9173K(10176K)->79K(10176K) Eden: 9088K(9088K)->0K(9088K) From: 85K(1088K)->79K(1088K)
[2025-04-16T14:50:48.491+0000][742.500s][info][gc,heap        ] GC(484) Tenured: 14517K(22484K)->14520K(22484K)
[2025-04-16T14:50:48.491+0000][742.500s][info][gc,metaspace   ] GC(484) Metaspace: 37334K(37696K)->37334K(37696K) NonClass: 32909K(33088K)->32909K(33088K) Class: 4425K(4608K)->4425K(4608K)
[2025-04-16T14:50:48.491+0000][742.500s][info][gc             ] GC(484) Pause Young (Allocation Failure) 23M->14M(31M) 1.217ms
[2025-04-16T14:50:48.491+0000][742.500s][info][gc,cpu         ] GC(484) User=0.00s Sys=0.00s Real=0.00s
[2025-04-16T14:50:50.137+0000][744.146s][info][gc,start       ] GC(485) Pause Young (Allocation Failure)
[2025-04-16T14:50:50.138+0000][744.147s][info][gc,heap        ] GC(485) DefNew: 9167K(10176K)->101K(10176K) Eden: 9087K(9088K)->0K(9088K) From: 79K(1088K)->101K(1088K)
[2025-04-16T14:50:50.138+0000][744.147s][info][gc,heap        ] GC(485) Tenured: 14520K(22484K)->14521K(22484K)
[2025-04-16T14:50:50.138+0000][744.147s][info][gc,metaspace   ] GC(485) Metaspace: 37334K(37696K)->37334K(37696K) NonClass: 32909K(33088K)->32909K(33088K) Class: 4425K(4608K)->4425K(4608K)
[2025-04-16T14:50:50.138+0000][744.147s][info][gc             ] GC(485) Pause Young (Allocation Failure) 23M->14M(31M) 1.263ms
[2025-04-16T14:50:50.138+0000][744.147s][info][gc,cpu         ] GC(485) User=0.00s Sys=0.00s Real=0.00s
[2025-04-16T14:50:51.501+0000][745.510s][info][gc,start       ] GC(486) Pause Young (Allocation Failure)
[2025-04-16T14:50:51.502+0000][745.511s][info][gc,heap        ] GC(486) DefNew: 9189K(10176K)->80K(10176K) Eden: 9088K(9088K)->0K(9088K) From: 101K(1088K)->80K(1088K)
[2025-04-16T14:50:51.502+0000][745.511s][info][gc,heap        ] GC(486) Tenured: 14521K(22484K)->14522K(22484K)
[2025-04-16T14:50:51.502+0000][745.511s][info][gc,metaspace   ] GC(486) Metaspace: 37334K(37696K)->37334K(37696K) NonClass: 32909K(33088K)->32909K(33088K) Class: 4425K(4608K)->4425K(4608K)
[2025-04-16T14:50:51.502+0000][745.511s][info][gc             ] GC(486) Pause Young (Allocation Failure) 23M->14M(31M) 1.293ms
[2025-04-16T14:50:51.502+0000][745.511s][info][gc,cpu         ] GC(486) User=0.00s Sys=0.00s Real=0.00s
[2025-04-16T14:50:53.218+0000][747.227s][info][gc,start       ] GC(487) Pause Young (Allocation Failure)
[2025-04-16T14:50:53.219+0000][747.228s][info][gc,heap        ] GC(487) DefNew: 9157K(10176K)->85K(10176K) Eden: 9076K(9088K)->0K(9088K) From: 80K(1088K)->85K(1088K)
[2025-04-16T14:50:53.219+0000][747.228s][info][gc,heap        ] GC(487) Tenured: 14522K(22484K)->14522K(22484K)
[2025-04-16T14:50:53.219+0000][747.228s][info][gc,metaspace   ] GC(487) Metaspace: 37334K(37696K)->37334K(37696K) NonClass: 32909K(33088K)->32909K(33088K) Class: 4425K(4608K)->4425K(4608K)
[2025-04-16T14:50:53.219+0000][747.228s][info][gc             ] GC(487) Pause Young (Allocation Failure) 23M->14M(31M) 1.228ms
[2025-04-16T14:50:53.219+0000][747.228s][info][gc,cpu         ] GC(487) User=0.00s Sys=0.00s Real=0.00s
[2025-04-16T14:50:54.670+0000][748.679s][info][gc,start       ] GC(488) Pause Young (Allocation Failure)
[2025-04-16T14:50:54.671+0000][748.680s][info][gc,heap        ] GC(488) DefNew: 9173K(10176K)->83K(10176K) Eden: 9088K(9088K)->0K(9088K) From: 85K(1088K)->83K(1088K)
[2025-04-16T14:50:54.671+0000][748.680s][info][gc,heap        ] GC(488) Tenured: 14522K(22484K)->14522K(22484K)
[2025-04-16T14:50:54.671+0000][748.680s][info][gc,metaspace   ] GC(488) Metaspace: 37334K(37696K)->37334K(37696K) NonClass: 32909K(33088K)->32909K(33088K) Class: 4425K(4608K)->4425K(4608K)
[2025-04-16T14:50:54.671+0000][748.680s][info][gc             ] GC(488) Pause Young (Allocation Failure) 23M->14M(31M) 1.195ms
[2025-04-16T14:50:54.671+0000][748.680s][info][gc,cpu         ] GC(488) User=0.00s Sys=0.00s Real=0.00s
[2025-04-16T14:50:56.436+0000][750.445s][info][gc,start       ] GC(489) Pause Young (Allocation Failure)
[2025-04-16T14:50:56.437+0000][750.446s][info][gc,heap        ] GC(489) DefNew: 9171K(10176K)->105K(10176K) Eden: 9088K(9088K)->0K(9088K) From: 83K(1088K)->105K(1088K)
[2025-04-16T14:50:56.437+0000][750.446s][info][gc,heap        ] GC(489) Tenured: 14522K(22484K)->14522K(22484K)
[2025-04-16T14:50:56.437+0000][750.446s][info][gc,metaspace   ] GC(489) Metaspace: 37334K(37696K)->37334K(37696K) NonClass: 32909K(33088K)->32909K(33088K) Class: 4425K(4608K)->4425K(4608K)
[2025-04-16T14:50:56.437+0000][750.446s][info][gc             ] GC(489) Pause Young (Allocation Failure) 23M->14M(31M) 1.306ms
[2025-04-16T14:50:56.437+0000][750.446s][info][gc,cpu         ] GC(489) User=0.00s Sys=0.00s Real=0.00s
[2025-04-16T14:50:58.246+0000][752.255s][info][gc,start       ] GC(490) Pause Young (Allocation Failure)
[2025-04-16T14:50:58.247+0000][752.256s][info][gc,heap        ] GC(490) DefNew: 9193K(10176K)->102K(10176K) Eden: 9088K(9088K)->0K(9088K) From: 105K(1088K)->102K(1088K)
[2025-04-16T14:50:58.247+0000][752.256s][info][gc,heap        ] GC(490) Tenured: 14522K(22484K)->14523K(22484K)
[2025-04-16T14:50:58.247+0000][752.256s][info][gc,metaspace   ] GC(490) Metaspace: 37334K(37696K)->37334K(37696K) NonClass: 32909K(33088K)->32909K(33088K) Class: 4425K(4608K)->4425K(4608K)
[2025-04-16T14:50:58.247+0000][752.256s][info][gc             ] GC(490) Pause Young (Allocation Failure) 23M->14M(31M) 1.333ms
[2025-04-16T14:50:58.247+0000][752.256s][info][gc,cpu         ] GC(490) User=0.01s Sys=0.00s Real=0.00s
[2025-04-16T14:50:59.976+0000][753.985s][info][gc,start       ] GC(491) Pause Young (Allocation Failure)
[2025-04-16T14:50:59.977+0000][753.986s][info][gc,heap        ] GC(491) DefNew: 9190K(10176K)->82K(10176K) Eden: 9088K(9088K)->0K(9088K) From: 102K(1088K)->82K(1088K)
[2025-04-16T14:50:59.977+0000][753.986s][info][gc,heap        ] GC(491) Tenured: 14523K(22484K)->14524K(22484K)
[2025-04-16T14:50:59.977+0000][753.986s][info][gc,metaspace   ] GC(491) Metaspace: 37334K(37696K)->37334K(37696K) NonClass: 32909K(33088K)->32909K(33088K) Class: 4425K(4608K)->4425K(4608K)
[2025-04-16T14:50:59.977+0000][753.986s][info][gc             ] GC(491) Pause Young (Allocation Failure) 23M->14M(31M) 1.323ms
[2025-04-16T14:50:59.977+0000][753.986s][info][gc,cpu         ] GC(491) User=0.00s Sys=0.00s Real=0.00s
[2025-04-16T14:51:01.230+0000][755.239s][info][gc,start       ] GC(492) Pause Young (Allocation Failure)
[2025-04-16T14:51:01.231+0000][755.240s][info][gc,heap        ] GC(492) DefNew: 9170K(10176K)->85K(10176K) Eden: 9088K(9088K)->0K(9088K) From: 82K(1088K)->85K(1088K)
[2025-04-16T14:51:01.231+0000][755.240s][info][gc,heap        ] GC(492) Tenured: 14524K(22484K)->14524K(22484K)
[2025-04-16T14:51:01.231+0000][755.240s][info][gc,metaspace   ] GC(492) Metaspace: 37334K(37696K)->37334K(37696K) NonClass: 32909K(33088K)->32909K(33088K) Class: 4425K(4608K)->4425K(4608K)
[2025-04-16T14:51:01.231+0000][755.240s][info][gc             ] GC(492) Pause Young (Allocation Failure) 23M->14M(31M) 1.234ms
[2025-04-16T14:51:01.231+0000][755.240s][info][gc,cpu         ] GC(492) User=0.00s Sys=0.00s Real=0.00s
[2025-04-16T14:51:02.965+0000][756.975s][info][gc,start       ] GC(493) Pause Young (Allocation Failure)
[2025-04-16T14:51:02.967+0000][756.976s][info][gc,heap        ] GC(493) DefNew: 9173K(10176K)->90K(10176K) Eden: 9088K(9088K)->0K(9088K) From: 85K(1088K)->90K(1088K)
[2025-04-16T14:51:02.967+0000][756.976s][info][gc,heap        ] GC(493) Tenured: 14524K(22484K)->14524K(22484K)
[2025-04-16T14:51:02.967+0000][756.976s][info][gc,metaspace   ] GC(493) Metaspace: 37334K(37696K)->37334K(37696K) NonClass: 32909K(33088K)->32909K(33088K) Class: 4425K(4608K)->4425K(4608K)
[2025-04-16T14:51:02.967+0000][756.976s][info][gc             ] GC(493) Pause Young (Allocation Failure) 23M->14M(31M) 1.325ms
[2025-04-16T14:51:02.967+0000][756.976s][info][gc,cpu         ] GC(493) User=0.01s Sys=0.00s Real=0.00s
[2025-04-16T14:51:04.595+0000][758.604s][info][gc,start       ] GC(494) Pause Young (Allocation Failure)
[2025-04-16T14:51:04.596+0000][758.605s][info][gc,heap        ] GC(494) DefNew: 9178K(10176K)->106K(10176K) Eden: 9088K(9088K)->0K(9088K) From: 90K(1088K)->106K(1088K)
[2025-04-16T14:51:04.596+0000][758.605s][info][gc,heap        ] GC(494) Tenured: 14524K(22484K)->14524K(22484K)
[2025-04-16T14:51:04.596+0000][758.605s][info][gc,metaspace   ] GC(494) Metaspace: 37341K(37696K)->37341K(37696K) NonClass: 32916K(33088K)->32916K(33088K) Class: 4425K(4608K)->4425K(4608K)
[2025-04-16T14:51:04.596+0000][758.605s][info][gc             ] GC(494) Pause Young (Allocation Failure) 23M->14M(31M) 1.217ms
[2025-04-16T14:51:04.596+0000][758.605s][info][gc,cpu         ] GC(494) User=0.00s Sys=0.00s Real=0.00s
[2025-04-16T14:51:06.188+0000][760.197s][info][gc,start       ] GC(495) Pause Young (Allocation Failure)
[2025-04-16T14:51:06.189+0000][760.199s][info][gc,heap        ] GC(495) DefNew: 9194K(10176K)->95K(10176K) Eden: 9088K(9088K)->0K(9088K) From: 106K(1088K)->95K(1088K)
[2025-04-16T14:51:06.190+0000][760.199s][info][gc,heap        ] GC(495) Tenured: 14524K(22484K)->14528K(22484K)
[2025-04-16T14:51:06.190+0000][760.199s][info][gc,metaspace   ] GC(495) Metaspace: 37341K(37696K)->37341K(37696K) NonClass: 32916K(33088K)->32916K(33088K) Class: 4425K(4608K)->4425K(4608K)
[2025-04-16T14:51:06.190+0000][760.199s][info][gc             ] GC(495) Pause Young (Allocation Failure) 23M->14M(31M) 1.322ms
[2025-04-16T14:51:06.190+0000][760.199s][info][gc,cpu         ] GC(495) User=0.00s Sys=0.00s Real=0.00s
[2025-04-16T14:51:07.857+0000][761.866s][info][gc,start       ] GC(496) Pause Young (Allocation Failure)
[2025-04-16T14:51:07.859+0000][761.868s][info][gc,heap        ] GC(496) DefNew: 9183K(10176K)->86K(10176K) Eden: 9088K(9088K)->0K(9088K) From: 95K(1088K)->86K(1088K)
[2025-04-16T14:51:07.859+0000][761.868s][info][gc,heap        ] GC(496) Tenured: 14528K(22484K)->14528K(22484K)
[2025-04-16T14:51:07.859+0000][761.868s][info][gc,metaspace   ] GC(496) Metaspace: 37341K(37696K)->37341K(37696K) NonClass: 32916K(33088K)->32916K(33088K) Class: 4425K(4608K)->4425K(4608K)
[2025-04-16T14:51:07.859+0000][761.868s][info][gc             ] GC(496) Pause Young (Allocation Failure) 23M->14M(31M) 1.435ms
[2025-04-16T14:51:07.859+0000][761.868s][info][gc,cpu         ] GC(496) User=0.00s Sys=0.00s Real=0.00s
[2025-04-16T14:51:09.338+0000][763.347s][info][gc,start       ] GC(497) Pause Young (Allocation Failure)
[2025-04-16T14:51:09.340+0000][763.349s][info][gc,heap        ] GC(497) DefNew: 9174K(10176K)->90K(10176K) Eden: 9088K(9088K)->0K(9088K) From: 86K(1088K)->90K(1088K)
[2025-04-16T14:51:09.340+0000][763.349s][info][gc,heap        ] GC(497) Tenured: 14528K(22484K)->14528K(22484K)
[2025-04-16T14:51:09.340+0000][763.349s][info][gc,metaspace   ] GC(497) Metaspace: 37341K(37696K)->37341K(37696K) NonClass: 32916K(33088K)->32916K(33088K) Class: 4425K(4608K)->4425K(4608K)
[2025-04-16T14:51:09.340+0000][763.349s][info][gc             ] GC(497) Pause Young (Allocation Failure) 23M->14M(31M) 1.267ms
[2025-04-16T14:51:09.340+0000][763.349s][info][gc,cpu         ] GC(497) User=0.00s Sys=0.00s Real=0.00s
[2025-04-16T14:51:10.747+0000][764.756s][info][gc,start       ] GC(498) Pause Young (Allocation Failure)
[2025-04-16T14:51:10.748+0000][764.757s][info][gc,heap        ] GC(498) DefNew: 9178K(10176K)->97K(10176K) Eden: 9088K(9088K)->0K(9088K) From: 90K(1088K)->97K(1088K)
[2025-04-16T14:51:10.748+0000][764.757s][info][gc,heap        ] GC(498) Tenured: 14528K(22484K)->14528K(22484K)
[2025-04-16T14:51:10.748+0000][764.757s][info][gc,metaspace   ] GC(498) Metaspace: 37341K(37696K)->37341K(37696K) NonClass: 32916K(33088K)->32916K(33088K) Class: 4425K(4608K)->4425K(4608K)
[2025-04-16T14:51:10.748+0000][764.757s][info][gc             ] GC(498) Pause Young (Allocation Failure) 23M->14M(31M) 1.348ms
[2025-04-16T14:51:10.748+0000][764.757s][info][gc,cpu         ] GC(498) User=0.00s Sys=0.00s Real=0.00s
[2025-04-16T14:51:12.462+0000][766.471s][info][gc,start       ] GC(499) Pause Young (Allocation Failure)
[2025-04-16T14:51:12.463+0000][766.472s][info][gc,heap        ] GC(499) DefNew: 9185K(10176K)->104K(10176K) Eden: 9088K(9088K)->0K(9088K) From: 97K(1088K)->104K(1088K)
[2025-04-16T14:51:12.463+0000][766.472s][info][gc,heap        ] GC(499) Tenured: 14528K(22484K)->14530K(22484K)
[2025-04-16T14:51:12.463+0000][766.472s][info][gc,metaspace   ] GC(499) Metaspace: 37341K(37696K)->37341K(37696K) NonClass: 32916K(33088K)->32916K(33088K) Class: 4425K(4608K)->4425K(4608K)
[2025-04-16T14:51:12.463+0000][766.472s][info][gc             ] GC(499) Pause Young (Allocation Failure) 23M->14M(31M) 1.316ms
[2025-04-16T14:51:12.463+0000][766.472s][info][gc,cpu         ] GC(499) User=0.00s Sys=0.00s Real=0.00s
[2025-04-16T14:51:13.970+0000][767.979s][info][gc,start       ] GC(500) Pause Young (Allocation Failure)
[2025-04-16T14:51:13.971+0000][767.980s][info][gc,heap        ] GC(500) DefNew: 9192K(10176K)->92K(10176K) Eden: 9088K(9088K)->0K(9088K) From: 104K(1088K)->92K(1088K)
[2025-04-16T14:51:13.971+0000][767.980s][info][gc,heap        ] GC(500) Tenured: 14530K(22484K)->14533K(22484K)
[2025-04-16T14:51:13.971+0000][767.980s][info][gc,metaspace   ] GC(500) Metaspace: 37341K(37696K)->37341K(37696K) NonClass: 32916K(33088K)->32916K(33088K) Class: 4425K(4608K)->4425K(4608K)
[2025-04-16T14:51:13.971+0000][767.980s][info][gc             ] GC(500) Pause Young (Allocation Failure) 23M->14M(31M) 1.369ms
[2025-04-16T14:51:13.971+0000][767.980s][info][gc,cpu         ] GC(500) User=0.00s Sys=0.00s Real=0.00s
[2025-04-16T14:51:15.648+0000][769.657s][info][gc,start       ] GC(501) Pause Young (Allocation Failure)
[2025-04-16T14:51:15.650+0000][769.659s][info][gc,heap        ] GC(501) DefNew: 9170K(10176K)->89K(10176K) Eden: 9078K(9088K)->0K(9088K) From: 92K(1088K)->89K(1088K)
[2025-04-16T14:51:15.650+0000][769.659s][info][gc,heap        ] GC(501) Tenured: 14533K(22484K)->14533K(22484K)
[2025-04-16T14:51:15.650+0000][769.659s][info][gc,metaspace   ] GC(501) Metaspace: 37341K(37696K)->37341K(37696K) NonClass: 32916K(33088K)->32916K(33088K) Class: 4425K(4608K)->4425K(4608K)
[2025-04-16T14:51:15.650+0000][769.659s][info][gc             ] GC(501) Pause Young (Allocation Failure) 23M->14M(31M) 2.044ms
[2025-04-16T14:51:15.650+0000][769.659s][info][gc,cpu         ] GC(501) User=0.01s Sys=0.00s Real=0.00s
[2025-04-16T14:51:17.236+0000][771.245s][info][gc,start       ] GC(502) Pause Young (Allocation Failure)
[2025-04-16T14:51:17.237+0000][771.246s][info][gc,heap        ] GC(502) DefNew: 9177K(10176K)->99K(10176K) Eden: 9088K(9088K)->0K(9088K) From: 89K(1088K)->99K(1088K)
[2025-04-16T14:51:17.237+0000][771.246s][info][gc,heap        ] GC(502) Tenured: 14533K(22484K)->14533K(22484K)
[2025-04-16T14:51:17.237+0000][771.246s][info][gc,metaspace   ] GC(502) Metaspace: 37341K(37696K)->37341K(37696K) NonClass: 32916K(33088K)->32916K(33088K) Class: 4425K(4608K)->4425K(4608K)
[2025-04-16T14:51:17.237+0000][771.246s][info][gc             ] GC(502) Pause Young (Allocation Failure) 23M->14M(31M) 1.373ms
[2025-04-16T14:51:17.237+0000][771.246s][info][gc,cpu         ] GC(502) User=0.00s Sys=0.00s Real=0.00s
[2025-04-16T14:51:19.015+0000][773.025s][info][gc,start       ] GC(503) Pause Young (Allocation Failure)
[2025-04-16T14:51:19.017+0000][773.026s][info][gc,heap        ] GC(503) DefNew: 9187K(10176K)->101K(10176K) Eden: 9088K(9088K)->0K(9088K) From: 99K(1088K)->101K(1088K)
[2025-04-16T14:51:19.017+0000][773.026s][info][gc,heap        ] GC(503) Tenured: 14533K(22484K)->14533K(22484K)
[2025-04-16T14:51:19.017+0000][773.026s][info][gc,metaspace   ] GC(503) Metaspace: 37341K(37696K)->37341K(37696K) NonClass: 32916K(33088K)->32916K(33088K) Class: 4425K(4608K)->4425K(4608K)
[2025-04-16T14:51:19.017+0000][773.026s][info][gc             ] GC(503) Pause Young (Allocation Failure) 23M->14M(31M) 1.276ms
[2025-04-16T14:51:19.017+0000][773.026s][info][gc,cpu         ] GC(503) User=0.00s Sys=0.00s Real=0.00s
[2025-04-16T14:51:20.601+0000][774.610s][info][gc,start       ] GC(504) Pause Young (Allocation Failure)
[2025-04-16T14:51:20.603+0000][774.612s][info][gc,heap        ] GC(504) DefNew: 9189K(10176K)->95K(10176K) Eden: 9088K(9088K)->0K(9088K) From: 101K(1088K)->95K(1088K)
[2025-04-16T14:51:20.603+0000][774.612s][info][gc,heap        ] GC(504) Tenured: 14533K(22484K)->14533K(22484K)
[2025-04-16T14:51:20.603+0000][774.612s][info][gc,metaspace   ] GC(504) Metaspace: 37341K(37696K)->37341K(37696K) NonClass: 32916K(33088K)->32916K(33088K) Class: 4425K(4608K)->4425K(4608K)
[2025-04-16T14:51:20.603+0000][774.612s][info][gc             ] GC(504) Pause Young (Allocation Failure) 23M->14M(31M) 1.341ms
[2025-04-16T14:51:20.603+0000][774.612s][info][gc,cpu         ] GC(504) User=0.01s Sys=0.00s Real=0.00s
[2025-04-16T14:51:22.195+0000][776.204s][info][gc,start       ] GC(505) Pause Young (Allocation Failure)
[2025-04-16T14:51:22.196+0000][776.205s][info][gc,heap        ] GC(505) DefNew: 9183K(10176K)->71K(10176K) Eden: 9088K(9088K)->0K(9088K) From: 95K(1088K)->71K(1088K)
[2025-04-16T14:51:22.196+0000][776.205s][info][gc,heap        ] GC(505) Tenured: 14533K(22484K)->14536K(22484K)
[2025-04-16T14:51:22.196+0000][776.205s][info][gc,metaspace   ] GC(505) Metaspace: 37352K(37696K)->37352K(37696K) NonClass: 32927K(33088K)->32927K(33088K) Class: 4425K(4608K)->4425K(4608K)
[2025-04-16T14:51:22.196+0000][776.206s][info][gc             ] GC(505) Pause Young (Allocation Failure) 23M->14M(31M) 1.323ms
[2025-04-16T14:51:22.196+0000][776.206s][info][gc,cpu         ] GC(505) User=0.00s Sys=0.00s Real=0.00s
[2025-04-16T14:51:23.539+0000][777.548s][info][gc,start       ] GC(506) Pause Young (Allocation Failure)
[2025-04-16T14:51:23.541+0000][777.550s][info][gc,heap        ] GC(506) DefNew: 9159K(10176K)->82K(10176K) Eden: 9088K(9088K)->0K(9088K) From: 71K(1088K)->82K(1088K)
[2025-04-16T14:51:23.541+0000][777.550s][info][gc,heap        ] GC(506) Tenured: 14536K(22484K)->14537K(22484K)
[2025-04-16T14:51:23.541+0000][777.550s][info][gc,metaspace   ] GC(506) Metaspace: 37352K(37696K)->37352K(37696K) NonClass: 32927K(33088K)->32927K(33088K) Class: 4425K(4608K)->4425K(4608K)
[2025-04-16T14:51:23.541+0000][777.550s][info][gc             ] GC(506) Pause Young (Allocation Failure) 23M->14M(31M) 1.306ms
[2025-04-16T14:51:23.541+0000][777.550s][info][gc,cpu         ] GC(506) User=0.00s Sys=0.00s Real=0.00s
[2025-04-16T14:51:25.442+0000][779.451s][info][gc,start       ] GC(507) Pause Young (Allocation Failure)
[2025-04-16T14:51:25.443+0000][779.452s][info][gc,heap        ] GC(507) DefNew: 9170K(10176K)->80K(10176K) Eden: 9088K(9088K)->0K(9088K) From: 82K(1088K)->80K(1088K)
[2025-04-16T14:51:25.443+0000][779.452s][info][gc,heap        ] GC(507) Tenured: 14537K(22484K)->14537K(22484K)
[2025-04-16T14:51:25.443+0000][779.452s][info][gc,metaspace   ] GC(507) Metaspace: 37352K(37696K)->37352K(37696K) NonClass: 32927K(33088K)->32927K(33088K) Class: 4425K(4608K)->4425K(4608K)
[2025-04-16T14:51:25.443+0000][779.452s][info][gc             ] GC(507) Pause Young (Allocation Failure) 23M->14M(31M) 1.382ms
[2025-04-16T14:51:25.443+0000][779.452s][info][gc,cpu         ] GC(507) User=0.01s Sys=0.00s Real=0.00s
[2025-04-16T14:51:26.826+0000][780.835s][info][gc,start       ] GC(508) Pause Young (Allocation Failure)
[2025-04-16T14:51:26.827+0000][780.836s][info][gc,heap        ] GC(508) DefNew: 9168K(10176K)->95K(10176K) Eden: 9088K(9088K)->0K(9088K) From: 80K(1088K)->95K(1088K)
[2025-04-16T14:51:26.827+0000][780.836s][info][gc,heap        ] GC(508) Tenured: 14537K(22484K)->14540K(22484K)
[2025-04-16T14:51:26.827+0000][780.836s][info][gc,metaspace   ] GC(508) Metaspace: 37352K(37696K)->37352K(37696K) NonClass: 32927K(33088K)->32927K(33088K) Class: 4425K(4608K)->4425K(4608K)
[2025-04-16T14:51:26.827+0000][780.836s][info][gc             ] GC(508) Pause Young (Allocation Failure) 23M->14M(31M) 1.312ms
[2025-04-16T14:51:26.827+0000][780.836s][info][gc,cpu         ] GC(508) User=0.00s Sys=0.00s Real=0.00s
[2025-04-16T14:51:28.462+0000][782.471s][info][gc,start       ] GC(509) Pause Young (Allocation Failure)
[2025-04-16T14:51:28.463+0000][782.472s][info][gc,heap        ] GC(509) DefNew: 9183K(10176K)->76K(10176K) Eden: 9088K(9088K)->0K(9088K) From: 95K(1088K)->76K(1088K)
[2025-04-16T14:51:28.463+0000][782.472s][info][gc,heap        ] GC(509) Tenured: 14540K(22484K)->14543K(22484K)
[2025-04-16T14:51:28.463+0000][782.472s][info][gc,metaspace   ] GC(509) Metaspace: 37352K(37696K)->37352K(37696K) NonClass: 32927K(33088K)->32927K(33088K) Class: 4425K(4608K)->4425K(4608K)
[2025-04-16T14:51:28.463+0000][782.472s][info][gc             ] GC(509) Pause Young (Allocation Failure) 23M->14M(31M) 1.304ms
[2025-04-16T14:51:28.463+0000][782.472s][info][gc,cpu         ] GC(509) User=0.00s Sys=0.00s Real=0.00s
[2025-04-16T14:51:30.113+0000][784.122s][info][gc,start       ] GC(510) Pause Young (Allocation Failure)
[2025-04-16T14:51:30.114+0000][784.123s][info][gc,heap        ] GC(510) DefNew: 9164K(10176K)->79K(10176K) Eden: 9088K(9088K)->0K(9088K) From: 76K(1088K)->79K(1088K)
[2025-04-16T14:51:30.114+0000][784.123s][info][gc,heap        ] GC(510) Tenured: 14543K(22484K)->14543K(22484K)
[2025-04-16T14:51:30.114+0000][784.123s][info][gc,metaspace   ] GC(510) Metaspace: 37352K(37696K)->37352K(37696K) NonClass: 32927K(33088K)->32927K(33088K) Class: 4425K(4608K)->4425K(4608K)
[2025-04-16T14:51:30.114+0000][784.123s][info][gc             ] GC(510) Pause Young (Allocation Failure) 23M->14M(31M) 1.251ms
[2025-04-16T14:51:30.114+0000][784.123s][info][gc,cpu         ] GC(510) User=0.00s Sys=0.00s Real=0.00s
[2025-04-16T14:51:31.628+0000][785.637s][info][gc,start       ] GC(511) Pause Young (Allocation Failure)
[2025-04-16T14:51:31.629+0000][785.638s][info][gc,heap        ] GC(511) DefNew: 9167K(10176K)->100K(10176K) Eden: 9088K(9088K)->0K(9088K) From: 79K(1088K)->100K(1088K)
[2025-04-16T14:51:31.629+0000][785.638s][info][gc,heap        ] GC(511) Tenured: 14543K(22484K)->14544K(22484K)
[2025-04-16T14:51:31.629+0000][785.638s][info][gc,metaspace   ] GC(511) Metaspace: 37352K(37696K)->37352K(37696K) NonClass: 32927K(33088K)->32927K(33088K) Class: 4425K(4608K)->4425K(4608K)
[2025-04-16T14:51:31.629+0000][785.638s][info][gc             ] GC(511) Pause Young (Allocation Failure) 23M->14M(31M) 1.208ms
[2025-04-16T14:51:31.629+0000][785.638s][info][gc,cpu         ] GC(511) User=0.01s Sys=0.00s Real=0.00s
[2025-04-16T14:51:33.196+0000][787.205s][info][gc,start       ] GC(512) Pause Young (Allocation Failure)
[2025-04-16T14:51:33.197+0000][787.206s][info][gc,heap        ] GC(512) DefNew: 9188K(10176K)->91K(10176K) Eden: 9088K(9088K)->0K(9088K) From: 100K(1088K)->91K(1088K)
[2025-04-16T14:51:33.197+0000][787.206s][info][gc,heap        ] GC(512) Tenured: 14544K(22484K)->14545K(22484K)
[2025-04-16T14:51:33.197+0000][787.206s][info][gc,metaspace   ] GC(512) Metaspace: 37352K(37696K)->37352K(37696K) NonClass: 32927K(33088K)->32927K(33088K) Class: 4425K(4608K)->4425K(4608K)
[2025-04-16T14:51:33.197+0000][787.206s][info][gc             ] GC(512) Pause Young (Allocation Failure) 23M->14M(31M) 1.320ms
[2025-04-16T14:51:33.197+0000][787.206s][info][gc,cpu         ] GC(512) User=0.00s Sys=0.00s Real=0.00s
[2025-04-16T14:51:34.701+0000][788.710s][info][gc,start       ] GC(513) Pause Young (Allocation Failure)
[2025-04-16T14:51:34.702+0000][788.711s][info][gc,heap        ] GC(513) DefNew: 9179K(10176K)->78K(10176K) Eden: 9088K(9088K)->0K(9088K) From: 91K(1088K)->78K(1088K)
[2025-04-16T14:51:34.702+0000][788.711s][info][gc,heap        ] GC(513) Tenured: 14545K(22484K)->14545K(22484K)
[2025-04-16T14:51:34.702+0000][788.711s][info][gc,metaspace   ] GC(513) Metaspace: 37352K(37696K)->37352K(37696K) NonClass: 32927K(33088K)->32927K(33088K) Class: 4425K(4608K)->4425K(4608K)
[2025-04-16T14:51:34.702+0000][788.711s][info][gc             ] GC(513) Pause Young (Allocation Failure) 23M->14M(31M) 1.308ms
[2025-04-16T14:51:34.702+0000][788.711s][info][gc,cpu         ] GC(513) User=0.00s Sys=0.00s Real=0.00s
[2025-04-16T14:51:36.549+0000][790.558s][info][gc,start       ] GC(514) Pause Young (Allocation Failure)
[2025-04-16T14:51:36.551+0000][790.560s][info][gc,heap        ] GC(514) DefNew: 9166K(10176K)->68K(10176K) Eden: 9088K(9088K)->0K(9088K) From: 78K(1088K)->68K(1088K)
[2025-04-16T14:51:36.551+0000][790.560s][info][gc,heap        ] GC(514) Tenured: 14545K(22484K)->14545K(22484K)
[2025-04-16T14:51:36.551+0000][790.560s][info][gc,metaspace   ] GC(514) Metaspace: 37352K(37696K)->37352K(37696K) NonClass: 32927K(33088K)->32927K(33088K) Class: 4425K(4608K)->4425K(4608K)
[2025-04-16T14:51:36.551+0000][790.560s][info][gc             ] GC(514) Pause Young (Allocation Failure) 23M->14M(31M) 1.365ms
[2025-04-16T14:51:36.551+0000][790.560s][info][gc,cpu         ] GC(514) User=0.01s Sys=0.00s Real=0.00s
[2025-04-16T14:51:38.185+0000][792.194s][info][gc,start       ] GC(515) Pause Young (Allocation Failure)
[2025-04-16T14:51:38.186+0000][792.195s][info][gc,heap        ] GC(515) DefNew: 9156K(10176K)->80K(10176K) Eden: 9088K(9088K)->0K(9088K) From: 68K(1088K)->80K(1088K)
[2025-04-16T14:51:38.186+0000][792.195s][info][gc,heap        ] GC(515) Tenured: 14545K(22484K)->14545K(22484K)
[2025-04-16T14:51:38.186+0000][792.195s][info][gc,metaspace   ] GC(515) Metaspace: 37352K(37696K)->37352K(37696K) NonClass: 32927K(33088K)->32927K(33088K) Class: 4425K(4608K)->4425K(4608K)
[2025-04-16T14:51:38.186+0000][792.195s][info][gc             ] GC(515) Pause Young (Allocation Failure) 23M->14M(31M) 1.352ms
[2025-04-16T14:51:38.186+0000][792.195s][info][gc,cpu         ] GC(515) User=0.00s Sys=0.00s Real=0.00s
[2025-04-16T14:51:39.768+0000][793.777s][info][gc,start       ] GC(516) Pause Young (Allocation Failure)
[2025-04-16T14:51:39.769+0000][793.778s][info][gc,heap        ] GC(516) DefNew: 9168K(10176K)->94K(10176K) Eden: 9088K(9088K)->0K(9088K) From: 80K(1088K)->94K(1088K)
[2025-04-16T14:51:39.769+0000][793.778s][info][gc,heap        ] GC(516) Tenured: 14545K(22484K)->14546K(22484K)
[2025-04-16T14:51:39.769+0000][793.778s][info][gc,metaspace   ] GC(516) Metaspace: 37352K(37696K)->37352K(37696K) NonClass: 32927K(33088K)->32927K(33088K) Class: 4425K(4608K)->4425K(4608K)
[2025-04-16T14:51:39.769+0000][793.778s][info][gc             ] GC(516) Pause Young (Allocation Failure) 23M->14M(31M) 1.308ms
[2025-04-16T14:51:39.769+0000][793.778s][info][gc,cpu         ] GC(516) User=0.00s Sys=0.00s Real=0.00s
[2025-04-16T14:51:41.131+0000][795.140s][info][gc,start       ] GC(517) Pause Young (Allocation Failure)
[2025-04-16T14:51:41.133+0000][795.142s][info][gc,heap        ] GC(517) DefNew: 9182K(10176K)->86K(10176K) Eden: 9088K(9088K)->0K(9088K) From: 94K(1088K)->86K(1088K)
[2025-04-16T14:51:41.133+0000][795.142s][info][gc,heap        ] GC(517) Tenured: 14546K(22484K)->14546K(22484K)
[2025-04-16T14:51:41.133+0000][795.142s][info][gc,metaspace   ] GC(517) Metaspace: 37352K(37696K)->37352K(37696K) NonClass: 32927K(33088K)->32927K(33088K) Class: 4425K(4608K)->4425K(4608K)
[2025-04-16T14:51:41.133+0000][795.142s][info][gc             ] GC(517) Pause Young (Allocation Failure) 23M->14M(31M) 1.231ms
[2025-04-16T14:51:41.133+0000][795.142s][info][gc,cpu         ] GC(517) User=0.00s Sys=0.00s Real=0.00s
[2025-04-16T14:51:42.742+0000][796.751s][info][gc,start       ] GC(518) Pause Young (Allocation Failure)
[2025-04-16T14:51:42.743+0000][796.752s][info][gc,heap        ] GC(518) DefNew: 9171K(10176K)->97K(10176K) Eden: 9085K(9088K)->0K(9088K) From: 86K(1088K)->97K(1088K)
[2025-04-16T14:51:42.743+0000][796.752s][info][gc,heap        ] GC(518) Tenured: 14546K(22484K)->14546K(22484K)
[2025-04-16T14:51:42.743+0000][796.752s][info][gc,metaspace   ] GC(518) Metaspace: 37352K(37696K)->37352K(37696K) NonClass: 32927K(33088K)->32927K(33088K) Class: 4425K(4608K)->4425K(4608K)
[2025-04-16T14:51:42.743+0000][796.752s][info][gc             ] GC(518) Pause Young (Allocation Failure) 23M->14M(31M) 1.372ms
[2025-04-16T14:51:42.743+0000][796.752s][info][gc,cpu         ] GC(518) User=0.00s Sys=0.00s Real=0.00s
[2025-04-16T14:51:44.291+0000][798.300s][info][gc,start       ] GC(519) Pause Young (Allocation Failure)
[2025-04-16T14:51:44.292+0000][798.301s][info][gc,heap        ] GC(519) DefNew: 9185K(10176K)->76K(10176K) Eden: 9088K(9088K)->0K(9088K) From: 97K(1088K)->76K(1088K)
[2025-04-16T14:51:44.292+0000][798.301s][info][gc,heap        ] GC(519) Tenured: 14546K(22484K)->14546K(22484K)
[2025-04-16T14:51:44.292+0000][798.301s][info][gc,metaspace   ] GC(519) Metaspace: 37352K(37696K)->37352K(37696K) NonClass: 32927K(33088K)->32927K(33088K) Class: 4425K(4608K)->4425K(4608K)
[2025-04-16T14:51:44.292+0000][798.301s][info][gc             ] GC(519) Pause Young (Allocation Failure) 23M->14M(31M) 1.339ms
[2025-04-16T14:51:44.292+0000][798.301s][info][gc,cpu         ] GC(519) User=0.00s Sys=0.00s Real=0.00s
[2025-04-16T14:51:45.792+0000][799.801s][info][gc,start       ] GC(520) Pause Young (Allocation Failure)
[2025-04-16T14:51:45.793+0000][799.802s][info][gc,heap        ] GC(520) DefNew: 9164K(10176K)->92K(10176K) Eden: 9088K(9088K)->0K(9088K) From: 76K(1088K)->92K(1088K)
[2025-04-16T14:51:45.793+0000][799.802s][info][gc,heap        ] GC(520) Tenured: 14546K(22484K)->14548K(22484K)
[2025-04-16T14:51:45.793+0000][799.802s][info][gc,metaspace   ] GC(520) Metaspace: 37352K(37696K)->37352K(37696K) NonClass: 32927K(33088K)->32927K(33088K) Class: 4425K(4608K)->4425K(4608K)
[2025-04-16T14:51:45.793+0000][799.803s][info][gc             ] GC(520) Pause Young (Allocation Failure) 23M->14M(31M) 1.313ms
[2025-04-16T14:51:45.793+0000][799.803s][info][gc,cpu         ] GC(520) User=0.00s Sys=0.00s Real=0.00s
[2025-04-16T14:51:47.360+0000][801.369s][info][gc,start       ] GC(521) Pause Young (Allocation Failure)
[2025-04-16T14:51:47.362+0000][801.371s][info][gc,heap        ] GC(521) DefNew: 9180K(10176K)->88K(10176K) Eden: 9088K(9088K)->0K(9088K) From: 92K(1088K)->88K(1088K)
[2025-04-16T14:51:47.362+0000][801.371s][info][gc,heap        ] GC(521) Tenured: 14548K(22484K)->14548K(22484K)
[2025-04-16T14:51:47.362+0000][801.371s][info][gc,metaspace   ] GC(521) Metaspace: 37352K(37696K)->37352K(37696K) NonClass: 32927K(33088K)->32927K(33088K) Class: 4425K(4608K)->4425K(4608K)
[2025-04-16T14:51:47.362+0000][801.371s][info][gc             ] GC(521) Pause Young (Allocation Failure) 23M->14M(31M) 2.220ms
[2025-04-16T14:51:47.362+0000][801.371s][info][gc,cpu         ] GC(521) User=0.00s Sys=0.00s Real=0.00s
[2025-04-16T14:51:48.877+0000][802.886s][info][gc,start       ] GC(522) Pause Young (Allocation Failure)
[2025-04-16T14:51:48.880+0000][802.889s][info][gc,heap        ] GC(522) DefNew: 9176K(10176K)->108K(10176K) Eden: 9088K(9088K)->0K(9088K) From: 88K(1088K)->108K(1088K)
[2025-04-16T14:51:48.880+0000][802.889s][info][gc,heap        ] GC(522) Tenured: 14548K(22484K)->14548K(22484K)
[2025-04-16T14:51:48.880+0000][802.889s][info][gc,metaspace   ] GC(522) Metaspace: 37352K(37696K)->37352K(37696K) NonClass: 32927K(33088K)->32927K(33088K) Class: 4425K(4608K)->4425K(4608K)
[2025-04-16T14:51:48.880+0000][802.889s][info][gc             ] GC(522) Pause Young (Allocation Failure) 23M->14M(31M) 2.622ms
[2025-04-16T14:51:48.880+0000][802.889s][info][gc,cpu         ] GC(522) User=0.00s Sys=0.00s Real=0.00s
[2025-04-16T14:51:50.576+0000][804.585s][info][gc,start       ] GC(523) Pause Young (Allocation Failure)
[2025-04-16T14:51:50.578+0000][804.587s][info][gc,heap        ] GC(523) DefNew: 9196K(10176K)->78K(10176K) Eden: 9088K(9088K)->0K(9088K) From: 108K(1088K)->78K(1088K)
[2025-04-16T14:51:50.578+0000][804.587s][info][gc,heap        ] GC(523) Tenured: 14548K(22484K)->14548K(22484K)
[2025-04-16T14:51:50.578+0000][804.587s][info][gc,metaspace   ] GC(523) Metaspace: 37352K(37696K)->37352K(37696K) NonClass: 32927K(33088K)->32927K(33088K) Class: 4425K(4608K)->4425K(4608K)
[2025-04-16T14:51:50.578+0000][804.587s][info][gc             ] GC(523) Pause Young (Allocation Failure) 23M->14M(31M) 1.279ms
[2025-04-16T14:51:50.578+0000][804.587s][info][gc,cpu         ] GC(523) User=0.00s Sys=0.00s Real=0.00s
[2025-04-16T14:51:52.188+0000][806.198s][info][gc,start       ] GC(524) Pause Young (Allocation Failure)
[2025-04-16T14:51:52.190+0000][806.199s][info][gc,heap        ] GC(524) DefNew: 9166K(10176K)->77K(10176K) Eden: 9088K(9088K)->0K(9088K) From: 78K(1088K)->77K(1088K)
[2025-04-16T14:51:52.190+0000][806.199s][info][gc,heap        ] GC(524) Tenured: 14548K(22484K)->14549K(22484K)
[2025-04-16T14:51:52.190+0000][806.199s][info][gc,metaspace   ] GC(524) Metaspace: 37352K(37696K)->37352K(37696K) NonClass: 32927K(33088K)->32927K(33088K) Class: 4425K(4608K)->4425K(4608K)
[2025-04-16T14:51:52.190+0000][806.199s][info][gc             ] GC(524) Pause Young (Allocation Failure) 23M->14M(31M) 1.236ms
[2025-04-16T14:51:52.190+0000][806.199s][info][gc,cpu         ] GC(524) User=0.00s Sys=0.00s Real=0.00s
[2025-04-16T14:51:53.982+0000][807.991s][info][gc,start       ] GC(525) Pause Young (Allocation Failure)
[2025-04-16T14:51:53.983+0000][807.992s][info][gc,heap        ] GC(525) DefNew: 9165K(10176K)->95K(10176K) Eden: 9088K(9088K)->0K(9088K) From: 77K(1088K)->95K(1088K)
[2025-04-16T14:51:53.983+0000][807.992s][info][gc,heap        ] GC(525) Tenured: 14549K(22484K)->14549K(22484K)
[2025-04-16T14:51:53.983+0000][807.992s][info][gc,metaspace   ] GC(525) Metaspace: 37352K(37696K)->37352K(37696K) NonClass: 32927K(33088K)->32927K(33088K) Class: 4425K(4608K)->4425K(4608K)
[2025-04-16T14:51:53.983+0000][807.992s][info][gc             ] GC(525) Pause Young (Allocation Failure) 23M->14M(31M) 1.250ms
[2025-04-16T14:51:53.983+0000][807.993s][info][gc,cpu         ] GC(525) User=0.00s Sys=0.00s Real=0.00s
[2025-04-16T14:51:55.784+0000][809.793s][info][gc,start       ] GC(526) Pause Young (Allocation Failure)
[2025-04-16T14:51:55.786+0000][809.795s][info][gc,heap        ] GC(526) DefNew: 9183K(10176K)->87K(10176K) Eden: 9088K(9088K)->0K(9088K) From: 95K(1088K)->87K(1088K)
[2025-04-16T14:51:55.786+0000][809.795s][info][gc,heap        ] GC(526) Tenured: 14549K(22484K)->14549K(22484K)
[2025-04-16T14:51:55.786+0000][809.795s][info][gc,metaspace   ] GC(526) Metaspace: 37352K(37696K)->37352K(37696K) NonClass: 32927K(33088K)->32927K(33088K) Class: 4425K(4608K)->4425K(4608K)
[2025-04-16T14:51:55.786+0000][809.795s][info][gc             ] GC(526) Pause Young (Allocation Failure) 23M->14M(31M) 1.375ms
[2025-04-16T14:51:55.786+0000][809.795s][info][gc,cpu         ] GC(526) User=0.01s Sys=0.00s Real=0.00s
[2025-04-16T14:51:57.185+0000][811.194s][info][gc,start       ] GC(527) Pause Young (Allocation Failure)
[2025-04-16T14:51:57.186+0000][811.195s][info][gc,heap        ] GC(527) DefNew: 9170K(10176K)->93K(10176K) Eden: 9082K(9088K)->0K(9088K) From: 87K(1088K)->93K(1088K)
[2025-04-16T14:51:57.186+0000][811.195s][info][gc,heap        ] GC(527) Tenured: 14549K(22484K)->14551K(22484K)
[2025-04-16T14:51:57.186+0000][811.195s][info][gc,metaspace   ] GC(527) Metaspace: 37352K(37696K)->37352K(37696K) NonClass: 32927K(33088K)->32927K(33088K) Class: 4425K(4608K)->4425K(4608K)
[2025-04-16T14:51:57.186+0000][811.195s][info][gc             ] GC(527) Pause Young (Allocation Failure) 23M->14M(31M) 1.352ms
[2025-04-16T14:51:57.186+0000][811.195s][info][gc,cpu         ] GC(527) User=0.00s Sys=0.00s Real=0.00s
[2025-04-16T14:51:58.762+0000][812.771s][info][gc,start       ] GC(528) Pause Young (Allocation Failure)
[2025-04-16T14:51:58.763+0000][812.772s][info][gc,heap        ] GC(528) DefNew: 9181K(10176K)->73K(10176K) Eden: 9088K(9088K)->0K(9088K) From: 93K(1088K)->73K(1088K)
[2025-04-16T14:51:58.763+0000][812.772s][info][gc,heap        ] GC(528) Tenured: 14551K(22484K)->14553K(22484K)
[2025-04-16T14:51:58.763+0000][812.772s][info][gc,metaspace   ] GC(528) Metaspace: 37352K(37696K)->37352K(37696K) NonClass: 32927K(33088K)->32927K(33088K) Class: 4425K(4608K)->4425K(4608K)
[2025-04-16T14:51:58.763+0000][812.772s][info][gc             ] GC(528) Pause Young (Allocation Failure) 23M->14M(31M) 1.379ms
[2025-04-16T14:51:58.763+0000][812.772s][info][gc,cpu         ] GC(528) User=0.00s Sys=0.00s Real=0.00s
[2025-04-16T14:52:00.552+0000][814.561s][info][gc,start       ] GC(529) Pause Young (Allocation Failure)
[2025-04-16T14:52:00.553+0000][814.562s][info][gc,heap        ] GC(529) DefNew: 9161K(10176K)->90K(10176K) Eden: 9088K(9088K)->0K(9088K) From: 73K(1088K)->90K(1088K)
[2025-04-16T14:52:00.553+0000][814.562s][info][gc,heap        ] GC(529) Tenured: 14553K(22484K)->14553K(22484K)
[2025-04-16T14:52:00.553+0000][814.562s][info][gc,metaspace   ] GC(529) Metaspace: 37352K(37696K)->37352K(37696K) NonClass: 32927K(33088K)->32927K(33088K) Class: 4425K(4608K)->4425K(4608K)
[2025-04-16T14:52:00.553+0000][814.562s][info][gc             ] GC(529) Pause Young (Allocation Failure) 23M->14M(31M) 1.239ms
[2025-04-16T14:52:00.553+0000][814.562s][info][gc,cpu         ] GC(529) User=0.00s Sys=0.00s Real=0.00s
[2025-04-16T14:52:02.219+0000][816.228s][info][gc,start       ] GC(530) Pause Young (Allocation Failure)
[2025-04-16T14:52:02.220+0000][816.229s][info][gc,heap        ] GC(530) DefNew: 9178K(10176K)->80K(10176K) Eden: 9088K(9088K)->0K(9088K) From: 90K(1088K)->80K(1088K)
[2025-04-16T14:52:02.220+0000][816.229s][info][gc,heap        ] GC(530) Tenured: 14553K(22484K)->14553K(22484K)
[2025-04-16T14:52:02.220+0000][816.229s][info][gc,metaspace   ] GC(530) Metaspace: 37352K(37696K)->37352K(37696K) NonClass: 32927K(33088K)->32927K(33088K) Class: 4425K(4608K)->4425K(4608K)
[2025-04-16T14:52:02.220+0000][816.229s][info][gc             ] GC(530) Pause Young (Allocation Failure) 23M->14M(31M) 1.236ms
[2025-04-16T14:52:02.220+0000][816.229s][info][gc,cpu         ] GC(530) User=0.00s Sys=0.00s Real=0.00s
[2025-04-16T14:52:03.634+0000][817.643s][info][gc,start       ] GC(531) Pause Young (Allocation Failure)
[2025-04-16T14:52:03.635+0000][817.644s][info][gc,heap        ] GC(531) DefNew: 9168K(10176K)->71K(10176K) Eden: 9088K(9088K)->0K(9088K) From: 80K(1088K)->71K(1088K)
[2025-04-16T14:52:03.635+0000][817.644s][info][gc,heap        ] GC(531) Tenured: 14553K(22484K)->14553K(22484K)
[2025-04-16T14:52:03.635+0000][817.644s][info][gc,metaspace   ] GC(531) Metaspace: 37352K(37696K)->37352K(37696K) NonClass: 32927K(33088K)->32927K(33088K) Class: 4425K(4608K)->4425K(4608K)
[2025-04-16T14:52:03.635+0000][817.644s][info][gc             ] GC(531) Pause Young (Allocation Failure) 23M->14M(31M) 1.334ms
[2025-04-16T14:52:03.635+0000][817.644s][info][gc,cpu         ] GC(531) User=0.01s Sys=0.00s Real=0.01s
[2025-04-16T14:52:05.284+0000][819.293s][info][gc,start       ] GC(532) Pause Young (Allocation Failure)
[2025-04-16T14:52:05.286+0000][819.295s][info][gc,heap        ] GC(532) DefNew: 9159K(10176K)->76K(10176K) Eden: 9088K(9088K)->0K(9088K) From: 71K(1088K)->76K(1088K)
[2025-04-16T14:52:05.286+0000][819.295s][info][gc,heap        ] GC(532) Tenured: 14553K(22484K)->14553K(22484K)
[2025-04-16T14:52:05.286+0000][819.295s][info][gc,metaspace   ] GC(532) Metaspace: 37352K(37696K)->37352K(37696K) NonClass: 32927K(33088K)->32927K(33088K) Class: 4425K(4608K)->4425K(4608K)
[2025-04-16T14:52:05.286+0000][819.295s][info][gc             ] GC(532) Pause Young (Allocation Failure) 23M->14M(31M) 1.300ms
[2025-04-16T14:52:05.286+0000][819.295s][info][gc,cpu         ] GC(532) User=0.00s Sys=0.00s Real=0.00s
[2025-04-16T14:52:06.840+0000][820.849s][info][gc,start       ] GC(533) Pause Young (Allocation Failure)
[2025-04-16T14:52:06.841+0000][820.850s][info][gc,heap        ] GC(533) DefNew: 9164K(10176K)->73K(10176K) Eden: 9088K(9088K)->0K(9088K) From: 76K(1088K)->73K(1088K)
[2025-04-16T14:52:06.841+0000][820.850s][info][gc,heap        ] GC(533) Tenured: 14553K(22484K)->14553K(22484K)
[2025-04-16T14:52:06.841+0000][820.850s][info][gc,metaspace   ] GC(533) Metaspace: 37352K(37696K)->37352K(37696K) NonClass: 32927K(33088K)->32927K(33088K) Class: 4425K(4608K)->4425K(4608K)
[2025-04-16T14:52:06.841+0000][820.850s][info][gc             ] GC(533) Pause Young (Allocation Failure) 23M->14M(31M) 1.231ms
[2025-04-16T14:52:06.841+0000][820.850s][info][gc,cpu         ] GC(533) User=0.00s Sys=0.00s Real=0.00s
[2025-04-16T14:52:08.463+0000][822.472s][info][gc,start       ] GC(534) Pause Young (Allocation Failure)
[2025-04-16T14:52:08.464+0000][822.473s][info][gc,heap        ] GC(534) DefNew: 9161K(10176K)->76K(10176K) Eden: 9088K(9088K)->0K(9088K) From: 73K(1088K)->76K(1088K)
[2025-04-16T14:52:08.464+0000][822.473s][info][gc,heap        ] GC(534) Tenured: 14553K(22484K)->14553K(22484K)
[2025-04-16T14:52:08.464+0000][822.473s][info][gc,metaspace   ] GC(534) Metaspace: 37352K(37696K)->37352K(37696K) NonClass: 32927K(33088K)->32927K(33088K) Class: 4425K(4608K)->4425K(4608K)
[2025-04-16T14:52:08.464+0000][822.473s][info][gc             ] GC(534) Pause Young (Allocation Failure) 23M->14M(31M) 1.389ms
[2025-04-16T14:52:08.464+0000][822.473s][info][gc,cpu         ] GC(534) User=0.00s Sys=0.00s Real=0.01s
[2025-04-16T14:52:10.112+0000][824.122s][info][gc,start       ] GC(535) Pause Young (Allocation Failure)
[2025-04-16T14:52:10.114+0000][824.123s][info][gc,heap        ] GC(535) DefNew: 9164K(10176K)->89K(10176K) Eden: 9087K(9088K)->0K(9088K) From: 76K(1088K)->89K(1088K)
[2025-04-16T14:52:10.114+0000][824.123s][info][gc,heap        ] GC(535) Tenured: 14553K(22484K)->14553K(22484K)
[2025-04-16T14:52:10.114+0000][824.123s][info][gc,metaspace   ] GC(535) Metaspace: 37352K(37696K)->37352K(37696K) NonClass: 32927K(33088K)->32927K(33088K) Class: 4425K(4608K)->4425K(4608K)
[2025-04-16T14:52:10.114+0000][824.123s][info][gc             ] GC(535) Pause Young (Allocation Failure) 23M->14M(31M) 1.217ms
[2025-04-16T14:52:10.114+0000][824.123s][info][gc,cpu         ] GC(535) User=0.00s Sys=0.00s Real=0.00s
[2025-04-16T14:52:11.591+0000][825.600s][info][gc,start       ] GC(536) Pause Young (Allocation Failure)
[2025-04-16T14:52:11.593+0000][825.602s][info][gc,heap        ] GC(536) DefNew: 9177K(10176K)->88K(10176K) Eden: 9088K(9088K)->0K(9088K) From: 89K(1088K)->88K(1088K)
[2025-04-16T14:52:11.593+0000][825.602s][info][gc,heap        ] GC(536) Tenured: 14553K(22484K)->14554K(22484K)
[2025-04-16T14:52:11.593+0000][825.602s][info][gc,metaspace   ] GC(536) Metaspace: 37352K(37696K)->37352K(37696K) NonClass: 32927K(33088K)->32927K(33088K) Class: 4425K(4608K)->4425K(4608K)
[2025-04-16T14:52:11.593+0000][825.602s][info][gc             ] GC(536) Pause Young (Allocation Failure) 23M->14M(31M) 1.185ms
[2025-04-16T14:52:11.593+0000][825.602s][info][gc,cpu         ] GC(536) User=0.00s Sys=0.00s Real=0.00s
[2025-04-16T14:52:13.542+0000][827.551s][info][gc,start       ] GC(537) Pause Young (Allocation Failure)
[2025-04-16T14:52:13.543+0000][827.553s][info][gc,heap        ] GC(537) DefNew: 9176K(10176K)->79K(10176K) Eden: 9088K(9088K)->0K(9088K) From: 88K(1088K)->79K(1088K)
[2025-04-16T14:52:13.544+0000][827.553s][info][gc,heap        ] GC(537) Tenured: 14554K(22484K)->14554K(22484K)
[2025-04-16T14:52:13.544+0000][827.553s][info][gc,metaspace   ] GC(537) Metaspace: 37352K(37696K)->37352K(37696K) NonClass: 32927K(33088K)->32927K(33088K) Class: 4425K(4608K)->4425K(4608K)
[2025-04-16T14:52:13.544+0000][827.553s][info][gc             ] GC(537) Pause Young (Allocation Failure) 23M->14M(31M) 1.260ms
[2025-04-16T14:52:13.544+0000][827.553s][info][gc,cpu         ] GC(537) User=0.00s Sys=0.00s Real=0.00s
[2025-04-16T14:52:15.148+0000][829.157s][info][gc,start       ] GC(538) Pause Young (Allocation Failure)
[2025-04-16T14:52:15.149+0000][829.158s][info][gc,heap        ] GC(538) DefNew: 9167K(10176K)->91K(10176K) Eden: 9087K(9088K)->0K(9088K) From: 79K(1088K)->91K(1088K)
[2025-04-16T14:52:15.149+0000][829.159s][info][gc,heap        ] GC(538) Tenured: 14554K(22484K)->14554K(22484K)
[2025-04-16T14:52:15.149+0000][829.159s][info][gc,metaspace   ] GC(538) Metaspace: 37352K(37696K)->37352K(37696K) NonClass: 32927K(33088K)->32927K(33088K) Class: 4425K(4608K)->4425K(4608K)
[2025-04-16T14:52:15.150+0000][829.159s][info][gc             ] GC(538) Pause Young (Allocation Failure) 23M->14M(31M) 1.251ms
[2025-04-16T14:52:15.150+0000][829.159s][info][gc,cpu         ] GC(538) User=0.00s Sys=0.00s Real=0.00s
[2025-04-16T14:52:16.808+0000][830.818s][info][gc,start       ] GC(539) Pause Young (Allocation Failure)
[2025-04-16T14:52:16.810+0000][830.819s][info][gc,heap        ] GC(539) DefNew: 9179K(10176K)->76K(10176K) Eden: 9088K(9088K)->0K(9088K) From: 91K(1088K)->76K(1088K)
[2025-04-16T14:52:16.810+0000][830.819s][info][gc,heap        ] GC(539) Tenured: 14554K(22484K)->14554K(22484K)
[2025-04-16T14:52:16.810+0000][830.819s][info][gc,metaspace   ] GC(539) Metaspace: 37352K(37696K)->37352K(37696K) NonClass: 32927K(33088K)->32927K(33088K) Class: 4425K(4608K)->4425K(4608K)
[2025-04-16T14:52:16.810+0000][830.819s][info][gc             ] GC(539) Pause Young (Allocation Failure) 23M->14M(31M) 1.403ms
[2025-04-16T14:52:16.810+0000][830.819s][info][gc,cpu         ] GC(539) User=0.00s Sys=0.00s Real=0.00s
[2025-04-16T14:52:18.148+0000][832.157s][info][gc,start       ] GC(540) Pause Young (Allocation Failure)
[2025-04-16T14:52:18.149+0000][832.158s][info][gc,heap        ] GC(540) DefNew: 9164K(10176K)->71K(10176K) Eden: 9088K(9088K)->0K(9088K) From: 76K(1088K)->71K(1088K)
[2025-04-16T14:52:18.149+0000][832.158s][info][gc,heap        ] GC(540) Tenured: 14554K(22484K)->14554K(22484K)
[2025-04-16T14:52:18.149+0000][832.158s][info][gc,metaspace   ] GC(540) Metaspace: 37352K(37696K)->37352K(37696K) NonClass: 32927K(33088K)->32927K(33088K) Class: 4425K(4608K)->4425K(4608K)
[2025-04-16T14:52:18.149+0000][832.158s][info][gc             ] GC(540) Pause Young (Allocation Failure) 23M->14M(31M) 1.349ms
[2025-04-16T14:52:18.149+0000][832.158s][info][gc,cpu         ] GC(540) User=0.00s Sys=0.00s Real=0.00s
[2025-04-16T14:52:19.836+0000][833.845s][info][gc,start       ] GC(541) Pause Young (Allocation Failure)
[2025-04-16T14:52:19.837+0000][833.846s][info][gc,heap        ] GC(541) DefNew: 9159K(10176K)->89K(10176K) Eden: 9088K(9088K)->0K(9088K) From: 71K(1088K)->89K(1088K)
[2025-04-16T14:52:19.837+0000][833.846s][info][gc,heap        ] GC(541) Tenured: 14554K(22484K)->14554K(22484K)
[2025-04-16T14:52:19.837+0000][833.846s][info][gc,metaspace   ] GC(541) Metaspace: 37352K(37696K)->37352K(37696K) NonClass: 32927K(33088K)->32927K(33088K) Class: 4425K(4608K)->4425K(4608K)
[2025-04-16T14:52:19.837+0000][833.846s][info][gc             ] GC(541) Pause Young (Allocation Failure) 23M->14M(31M) 1.349ms
[2025-04-16T14:52:19.837+0000][833.846s][info][gc,cpu         ] GC(541) User=0.00s Sys=0.00s Real=0.00s
[2025-04-16T14:52:21.579+0000][835.588s][info][gc,start       ] GC(542) Pause Young (Allocation Failure)
[2025-04-16T14:52:21.580+0000][835.589s][info][gc,heap        ] GC(542) DefNew: 9177K(10176K)->106K(10176K) Eden: 9088K(9088K)->0K(9088K) From: 89K(1088K)->106K(1088K)
[2025-04-16T14:52:21.580+0000][835.590s][info][gc,heap        ] GC(542) Tenured: 14554K(22484K)->14554K(22484K)
[2025-04-16T14:52:21.580+0000][835.590s][info][gc,metaspace   ] GC(542) Metaspace: 37352K(37696K)->37352K(37696K) NonClass: 32927K(33088K)->32927K(33088K) Class: 4425K(4608K)->4425K(4608K)
[2025-04-16T14:52:21.581+0000][835.590s][info][gc             ] GC(542) Pause Young (Allocation Failure) 23M->14M(31M) 1.395ms
[2025-04-16T14:52:21.581+0000][835.590s][info][gc,cpu         ] GC(542) User=0.00s Sys=0.00s Real=0.00s
[2025-04-16T14:52:23.136+0000][837.145s][info][gc,start       ] GC(543) Pause Young (Allocation Failure)
[2025-04-16T14:52:23.138+0000][837.147s][info][gc,heap        ] GC(543) DefNew: 9194K(10176K)->84K(10176K) Eden: 9088K(9088K)->0K(9088K) From: 106K(1088K)->84K(1088K)
[2025-04-16T14:52:23.138+0000][837.147s][info][gc,heap        ] GC(543) Tenured: 14554K(22484K)->14554K(22484K)
[2025-04-16T14:52:23.138+0000][837.147s][info][gc,metaspace   ] GC(543) Metaspace: 37352K(37696K)->37352K(37696K) NonClass: 32927K(33088K)->32927K(33088K) Class: 4425K(4608K)->4425K(4608K)
[2025-04-16T14:52:23.138+0000][837.147s][info][gc             ] GC(543) Pause Young (Allocation Failure) 23M->14M(31M) 1.453ms
[2025-04-16T14:52:23.138+0000][837.147s][info][gc,cpu         ] GC(543) User=0.00s Sys=0.00s Real=0.00s
[2025-04-16T14:52:24.396+0000][838.405s][info][gc,start       ] GC(544) Pause Young (Allocation Failure)
[2025-04-16T14:52:24.397+0000][838.406s][info][gc,heap        ] GC(544) DefNew: 9157K(10176K)->75K(10176K) Eden: 9072K(9088K)->0K(9088K) From: 84K(1088K)->75K(1088K)
[2025-04-16T14:52:24.397+0000][838.406s][info][gc,heap        ] GC(544) Tenured: 14554K(22484K)->14554K(22484K)
[2025-04-16T14:52:24.397+0000][838.406s][info][gc,metaspace   ] GC(544) Metaspace: 37352K(37696K)->37352K(37696K) NonClass: 32927K(33088K)->32927K(33088K) Class: 4425K(4608K)->4425K(4608K)
[2025-04-16T14:52:24.397+0000][838.406s][info][gc             ] GC(544) Pause Young (Allocation Failure) 23M->14M(31M) 1.283ms
[2025-04-16T14:52:24.397+0000][838.406s][info][gc,cpu         ] GC(544) User=0.00s Sys=0.00s Real=0.00s
[2025-04-16T14:52:26.347+0000][840.356s][info][gc,start       ] GC(545) Pause Young (Allocation Failure)
[2025-04-16T14:52:26.349+0000][840.358s][info][gc,heap        ] GC(545) DefNew: 9163K(10176K)->72K(10176K) Eden: 9088K(9088K)->0K(9088K) From: 75K(1088K)->72K(1088K)
[2025-04-16T14:52:26.349+0000][840.358s][info][gc,heap        ] GC(545) Tenured: 14554K(22484K)->14554K(22484K)
[2025-04-16T14:52:26.349+0000][840.358s][info][gc,metaspace   ] GC(545) Metaspace: 37352K(37696K)->37352K(37696K) NonClass: 32927K(33088K)->32927K(33088K) Class: 4425K(4608K)->4425K(4608K)
[2025-04-16T14:52:26.349+0000][840.358s][info][gc             ] GC(545) Pause Young (Allocation Failure) 23M->14M(31M) 1.208ms
[2025-04-16T14:52:26.349+0000][840.358s][info][gc,cpu         ] GC(545) User=0.00s Sys=0.00s Real=0.00s
[2025-04-16T14:52:27.644+0000][841.653s][info][gc,start       ] GC(546) Pause Young (Allocation Failure)
[2025-04-16T14:52:27.645+0000][841.654s][info][gc,heap        ] GC(546) DefNew: 9160K(10176K)->90K(10176K) Eden: 9088K(9088K)->0K(9088K) From: 72K(1088K)->90K(1088K)
[2025-04-16T14:52:27.645+0000][841.654s][info][gc,heap        ] GC(546) Tenured: 14554K(22484K)->14554K(22484K)
[2025-04-16T14:52:27.645+0000][841.654s][info][gc,metaspace   ] GC(546) Metaspace: 37352K(37696K)->37352K(37696K) NonClass: 32927K(33088K)->32927K(33088K) Class: 4425K(4608K)->4425K(4608K)
[2025-04-16T14:52:27.645+0000][841.654s][info][gc             ] GC(546) Pause Young (Allocation Failure) 23M->14M(31M) 1.244ms
[2025-04-16T14:52:27.645+0000][841.654s][info][gc,cpu         ] GC(546) User=0.00s Sys=0.00s Real=0.01s
[2025-04-16T14:52:29.464+0000][843.473s][info][gc,start       ] GC(547) Pause Young (Allocation Failure)
[2025-04-16T14:52:29.465+0000][843.474s][info][gc,heap        ] GC(547) DefNew: 9178K(10176K)->88K(10176K) Eden: 9088K(9088K)->0K(9088K) From: 90K(1088K)->88K(1088K)
[2025-04-16T14:52:29.465+0000][843.474s][info][gc,heap        ] GC(547) Tenured: 14554K(22484K)->14554K(22484K)
[2025-04-16T14:52:29.465+0000][843.474s][info][gc,metaspace   ] GC(547) Metaspace: 37352K(37696K)->37352K(37696K) NonClass: 32927K(33088K)->32927K(33088K) Class: 4425K(4608K)->4425K(4608K)
[2025-04-16T14:52:29.465+0000][843.474s][info][gc             ] GC(547) Pause Young (Allocation Failure) 23M->14M(31M) 1.212ms
[2025-04-16T14:52:29.465+0000][843.474s][info][gc,cpu         ] GC(547) User=0.00s Sys=0.00s Real=0.00s
[2025-04-16T14:52:30.787+0000][844.796s][info][gc,start       ] GC(548) Pause Young (Allocation Failure)
[2025-04-16T14:52:30.789+0000][844.798s][info][gc,heap        ] GC(548) DefNew: 9176K(10176K)->91K(10176K) Eden: 9088K(9088K)->0K(9088K) From: 88K(1088K)->91K(1088K)
[2025-04-16T14:52:30.789+0000][844.798s][info][gc,heap        ] GC(548) Tenured: 14554K(22484K)->14554K(22484K)
[2025-04-16T14:52:30.789+0000][844.798s][info][gc,metaspace   ] GC(548) Metaspace: 37354K(37696K)->37354K(37696K) NonClass: 32928K(33088K)->32928K(33088K) Class: 4426K(4608K)->4426K(4608K)
[2025-04-16T14:52:30.789+0000][844.798s][info][gc             ] GC(548) Pause Young (Allocation Failure) 23M->14M(31M) 1.296ms
[2025-04-16T14:52:30.789+0000][844.798s][info][gc,cpu         ] GC(548) User=0.00s Sys=0.00s Real=0.00s
[2025-04-16T14:52:32.270+0000][846.279s][info][gc,start       ] GC(549) Pause Young (Allocation Failure)
[2025-04-16T14:52:32.271+0000][846.280s][info][gc,heap        ] GC(549) DefNew: 9178K(10176K)->73K(10176K) Eden: 9087K(9088K)->0K(9088K) From: 91K(1088K)->73K(1088K)
[2025-04-16T14:52:32.271+0000][846.280s][info][gc,heap        ] GC(549) Tenured: 14554K(22484K)->14554K(22484K)
[2025-04-16T14:52:32.271+0000][846.280s][info][gc,metaspace   ] GC(549) Metaspace: 37354K(37696K)->37354K(37696K) NonClass: 32928K(33088K)->32928K(33088K) Class: 4426K(4608K)->4426K(4608K)
[2025-04-16T14:52:32.271+0000][846.280s][info][gc             ] GC(549) Pause Young (Allocation Failure) 23M->14M(31M) 1.321ms
[2025-04-16T14:52:32.271+0000][846.280s][info][gc,cpu         ] GC(549) User=0.00s Sys=0.00s Real=0.00s
[2025-04-16T14:52:33.719+0000][847.729s][info][gc,start       ] GC(550) Pause Young (Allocation Failure)
[2025-04-16T14:52:33.721+0000][847.730s][info][gc,heap        ] GC(550) DefNew: 9147K(10176K)->77K(10176K) Eden: 9074K(9088K)->0K(9088K) From: 73K(1088K)->77K(1088K)
[2025-04-16T14:52:33.721+0000][847.730s][info][gc,heap        ] GC(550) Tenured: 14554K(22484K)->14554K(22484K)
[2025-04-16T14:52:33.721+0000][847.730s][info][gc,metaspace   ] GC(550) Metaspace: 37354K(37696K)->37354K(37696K) NonClass: 32928K(33088K)->32928K(33088K) Class: 4426K(4608K)->4426K(4608K)
[2025-04-16T14:52:33.721+0000][847.730s][info][gc             ] GC(550) Pause Young (Allocation Failure) 23M->14M(31M) 1.387ms
[2025-04-16T14:52:33.721+0000][847.730s][info][gc,cpu         ] GC(550) User=0.00s Sys=0.00s Real=0.00s
[2025-04-16T14:52:35.537+0000][849.546s][info][gc,start       ] GC(551) Pause Young (Allocation Failure)
[2025-04-16T14:52:35.538+0000][849.547s][info][gc,heap        ] GC(551) DefNew: 9165K(10176K)->83K(10176K) Eden: 9088K(9088K)->0K(9088K) From: 77K(1088K)->83K(1088K)
[2025-04-16T14:52:35.538+0000][849.547s][info][gc,heap        ] GC(551) Tenured: 14554K(22484K)->14554K(22484K)
[2025-04-16T14:52:35.538+0000][849.547s][info][gc,metaspace   ] GC(551) Metaspace: 37354K(37696K)->37354K(37696K) NonClass: 32928K(33088K)->32928K(33088K) Class: 4426K(4608K)->4426K(4608K)
[2025-04-16T14:52:35.538+0000][849.547s][info][gc             ] GC(551) Pause Young (Allocation Failure) 23M->14M(31M) 1.389ms
[2025-04-16T14:52:35.538+0000][849.547s][info][gc,cpu         ] GC(551) User=0.01s Sys=0.00s Real=0.00s
[2025-04-16T14:52:36.955+0000][850.964s][info][gc,start       ] GC(552) Pause Young (Allocation Failure)
[2025-04-16T14:52:36.956+0000][850.965s][info][gc,heap        ] GC(552) DefNew: 9171K(10176K)->90K(10176K) Eden: 9088K(9088K)->0K(9088K) From: 83K(1088K)->90K(1088K)
[2025-04-16T14:52:36.956+0000][850.965s][info][gc,heap        ] GC(552) Tenured: 14554K(22484K)->14554K(22484K)
[2025-04-16T14:52:36.956+0000][850.965s][info][gc,metaspace   ] GC(552) Metaspace: 37354K(37696K)->37354K(37696K) NonClass: 32928K(33088K)->32928K(33088K) Class: 4426K(4608K)->4426K(4608K)
[2025-04-16T14:52:36.956+0000][850.965s][info][gc             ] GC(552) Pause Young (Allocation Failure) 23M->14M(31M) 1.375ms
[2025-04-16T14:52:36.956+0000][850.965s][info][gc,cpu         ] GC(552) User=0.00s Sys=0.00s Real=0.00s
[2025-04-16T14:52:38.668+0000][852.677s][info][gc,start       ] GC(553) Pause Young (Allocation Failure)
[2025-04-16T14:52:38.669+0000][852.678s][info][gc,heap        ] GC(553) DefNew: 9178K(10176K)->74K(10176K) Eden: 9088K(9088K)->0K(9088K) From: 90K(1088K)->74K(1088K)
[2025-04-16T14:52:38.669+0000][852.678s][info][gc,heap        ] GC(553) Tenured: 14554K(22484K)->14554K(22484K)
[2025-04-16T14:52:38.669+0000][852.678s][info][gc,metaspace   ] GC(553) Metaspace: 37354K(37696K)->37354K(37696K) NonClass: 32928K(33088K)->32928K(33088K) Class: 4426K(4608K)->4426K(4608K)
[2025-04-16T14:52:38.669+0000][852.678s][info][gc             ] GC(553) Pause Young (Allocation Failure) 23M->14M(31M) 1.282ms
[2025-04-16T14:52:38.669+0000][852.678s][info][gc,cpu         ] GC(553) User=0.01s Sys=0.00s Real=0.00s
[2025-04-16T14:52:40.208+0000][854.217s][info][gc,start       ] GC(554) Pause Young (Allocation Failure)
[2025-04-16T14:52:40.209+0000][854.218s][info][gc,heap        ] GC(554) DefNew: 9162K(10176K)->64K(10176K) Eden: 9088K(9088K)->0K(9088K) From: 74K(1088K)->64K(1088K)
[2025-04-16T14:52:40.209+0000][854.218s][info][gc,heap        ] GC(554) Tenured: 14554K(22484K)->14554K(22484K)
[2025-04-16T14:52:40.209+0000][854.218s][info][gc,metaspace   ] GC(554) Metaspace: 37354K(37696K)->37354K(37696K) NonClass: 32928K(33088K)->32928K(33088K) Class: 4426K(4608K)->4426K(4608K)
[2025-04-16T14:52:40.209+0000][854.218s][info][gc             ] GC(554) Pause Young (Allocation Failure) 23M->14M(31M) 1.299ms
[2025-04-16T14:52:40.209+0000][854.218s][info][gc,cpu         ] GC(554) User=0.00s Sys=0.00s Real=0.00s
[2025-04-16T14:52:41.618+0000][855.627s][info][gc,start       ] GC(555) Pause Young (Allocation Failure)
[2025-04-16T14:52:41.619+0000][855.628s][info][gc,heap        ] GC(555) DefNew: 9152K(10176K)->75K(10176K) Eden: 9088K(9088K)->0K(9088K) From: 64K(1088K)->75K(1088K)
[2025-04-16T14:52:41.619+0000][855.628s][info][gc,heap        ] GC(555) Tenured: 14554K(22484K)->14554K(22484K)
[2025-04-16T14:52:41.619+0000][855.628s][info][gc,metaspace   ] GC(555) Metaspace: 37354K(37696K)->37354K(37696K) NonClass: 32928K(33088K)->32928K(33088K) Class: 4426K(4608K)->4426K(4608K)
[2025-04-16T14:52:41.619+0000][855.628s][info][gc             ] GC(555) Pause Young (Allocation Failure) 23M->14M(31M) 1.357ms
[2025-04-16T14:52:41.619+0000][855.628s][info][gc,cpu         ] GC(555) User=0.00s Sys=0.00s Real=0.00s
[2025-04-16T14:52:43.236+0000][857.245s][info][gc,start       ] GC(556) Pause Young (Allocation Failure)
[2025-04-16T14:52:43.237+0000][857.247s][info][gc,heap        ] GC(556) DefNew: 9163K(10176K)->97K(10176K) Eden: 9088K(9088K)->0K(9088K) From: 75K(1088K)->97K(1088K)
[2025-04-16T14:52:43.238+0000][857.247s][info][gc,heap        ] GC(556) Tenured: 14554K(22484K)->14554K(22484K)
[2025-04-16T14:52:43.238+0000][857.247s][info][gc,metaspace   ] GC(556) Metaspace: 37354K(37696K)->37354K(37696K) NonClass: 32928K(33088K)->32928K(33088K) Class: 4426K(4608K)->4426K(4608K)
[2025-04-16T14:52:43.238+0000][857.247s][info][gc             ] GC(556) Pause Young (Allocation Failure) 23M->14M(31M) 1.478ms
[2025-04-16T14:52:43.238+0000][857.247s][info][gc,cpu         ] GC(556) User=0.00s Sys=0.01s Real=0.00s
[2025-04-16T14:52:44.993+0000][859.002s][info][gc,start       ] GC(557) Pause Young (Allocation Failure)
[2025-04-16T14:52:44.994+0000][859.003s][info][gc,heap        ] GC(557) DefNew: 9184K(10176K)->83K(10176K) Eden: 9087K(9088K)->0K(9088K) From: 97K(1088K)->83K(1088K)
[2025-04-16T14:52:44.994+0000][859.003s][info][gc,heap        ] GC(557) Tenured: 14554K(22484K)->14554K(22484K)
[2025-04-16T14:52:44.994+0000][859.003s][info][gc,metaspace   ] GC(557) Metaspace: 37354K(37696K)->37354K(37696K) NonClass: 32928K(33088K)->32928K(33088K) Class: 4426K(4608K)->4426K(4608K)
[2025-04-16T14:52:44.994+0000][859.004s][info][gc             ] GC(557) Pause Young (Allocation Failure) 23M->14M(31M) 1.350ms
[2025-04-16T14:52:44.994+0000][859.004s][info][gc,cpu         ] GC(557) User=0.00s Sys=0.00s Real=0.01s
[2025-04-16T14:52:46.403+0000][860.412s][info][gc,start       ] GC(558) Pause Young (Allocation Failure)
[2025-04-16T14:52:46.404+0000][860.413s][info][gc,heap        ] GC(558) DefNew: 9165K(10176K)->66K(10176K) Eden: 9081K(9088K)->0K(9088K) From: 83K(1088K)->66K(1088K)
[2025-04-16T14:52:46.404+0000][860.413s][info][gc,heap        ] GC(558) Tenured: 14554K(22484K)->14554K(22484K)
[2025-04-16T14:52:46.404+0000][860.413s][info][gc,metaspace   ] GC(558) Metaspace: 37354K(37696K)->37354K(37696K) NonClass: 32928K(33088K)->32928K(33088K) Class: 4426K(4608K)->4426K(4608K)
[2025-04-16T14:52:46.404+0000][860.413s][info][gc             ] GC(558) Pause Young (Allocation Failure) 23M->14M(31M) 1.397ms
[2025-04-16T14:52:46.404+0000][860.413s][info][gc,cpu         ] GC(558) User=0.00s Sys=0.00s Real=0.01s
[2025-04-16T14:52:48.162+0000][862.171s][info][gc,start       ] GC(559) Pause Young (Allocation Failure)
[2025-04-16T14:52:48.163+0000][862.172s][info][gc,heap        ] GC(559) DefNew: 9151K(10176K)->80K(10176K) Eden: 9084K(9088K)->0K(9088K) From: 66K(1088K)->80K(1088K)
[2025-04-16T14:52:48.163+0000][862.172s][info][gc,heap        ] GC(559) Tenured: 14554K(22484K)->14554K(22484K)
[2025-04-16T14:52:48.163+0000][862.172s][info][gc,metaspace   ] GC(559) Metaspace: 37354K(37696K)->37354K(37696K) NonClass: 32928K(33088K)->32928K(33088K) Class: 4426K(4608K)->4426K(4608K)
[2025-04-16T14:52:48.163+0000][862.172s][info][gc             ] GC(559) Pause Young (Allocation Failure) 23M->14M(31M) 1.411ms
[2025-04-16T14:52:48.163+0000][862.172s][info][gc,cpu         ] GC(559) User=0.01s Sys=0.00s Real=0.00s
[2025-04-16T14:52:49.564+0000][863.573s][info][gc,start       ] GC(560) Pause Young (Allocation Failure)
[2025-04-16T14:52:49.565+0000][863.574s][info][gc,heap        ] GC(560) DefNew: 9168K(10176K)->75K(10176K) Eden: 9088K(9088K)->0K(9088K) From: 80K(1088K)->75K(1088K)
[2025-04-16T14:52:49.565+0000][863.574s][info][gc,heap        ] GC(560) Tenured: 14554K(22484K)->14554K(22484K)
[2025-04-16T14:52:49.565+0000][863.574s][info][gc,metaspace   ] GC(560) Metaspace: 37354K(37696K)->37354K(37696K) NonClass: 32928K(33088K)->32928K(33088K) Class: 4426K(4608K)->4426K(4608K)
[2025-04-16T14:52:49.565+0000][863.574s][info][gc             ] GC(560) Pause Young (Allocation Failure) 23M->14M(31M) 1.302ms
[2025-04-16T14:52:49.565+0000][863.574s][info][gc,cpu         ] GC(560) User=0.00s Sys=0.00s Real=0.01s
[2025-04-16T14:52:51.136+0000][865.145s][info][gc,start       ] GC(561) Pause Young (Allocation Failure)
[2025-04-16T14:52:51.137+0000][865.146s][info][gc,heap        ] GC(561) DefNew: 9163K(10176K)->93K(10176K) Eden: 9088K(9088K)->0K(9088K) From: 75K(1088K)->93K(1088K)
[2025-04-16T14:52:51.137+0000][865.146s][info][gc,heap        ] GC(561) Tenured: 14554K(22484K)->14554K(22484K)
[2025-04-16T14:52:51.137+0000][865.147s][info][gc,metaspace   ] GC(561) Metaspace: 37354K(37696K)->37354K(37696K) NonClass: 32928K(33088K)->32928K(33088K) Class: 4426K(4608K)->4426K(4608K)
[2025-04-16T14:52:51.138+0000][865.147s][info][gc             ] GC(561) Pause Young (Allocation Failure) 23M->14M(31M) 1.401ms
[2025-04-16T14:52:51.138+0000][865.147s][info][gc,cpu         ] GC(561) User=0.00s Sys=0.00s Real=0.00s
[2025-04-16T14:52:52.810+0000][866.819s][info][gc,start       ] GC(562) Pause Young (Allocation Failure)
[2025-04-16T14:52:52.811+0000][866.820s][info][gc,heap        ] GC(562) DefNew: 9181K(10176K)->85K(10176K) Eden: 9088K(9088K)->0K(9088K) From: 93K(1088K)->85K(1088K)
[2025-04-16T14:52:52.811+0000][866.820s][info][gc,heap        ] GC(562) Tenured: 14554K(22484K)->14554K(22484K)
[2025-04-16T14:52:52.811+0000][866.820s][info][gc,metaspace   ] GC(562) Metaspace: 37354K(37696K)->37354K(37696K) NonClass: 32928K(33088K)->32928K(33088K) Class: 4426K(4608K)->4426K(4608K)
[2025-04-16T14:52:52.811+0000][866.820s][info][gc             ] GC(562) Pause Young (Allocation Failure) 23M->14M(31M) 1.408ms
[2025-04-16T14:52:52.811+0000][866.820s][info][gc,cpu         ] GC(562) User=0.00s Sys=0.00s Real=0.00s
[2025-04-16T14:52:54.154+0000][868.163s][info][gc,start       ] GC(563) Pause Young (Allocation Failure)
[2025-04-16T14:52:54.155+0000][868.164s][info][gc,heap        ] GC(563) DefNew: 9157K(10176K)->77K(10176K) Eden: 9072K(9088K)->0K(9088K) From: 85K(1088K)->77K(1088K)
[2025-04-16T14:52:54.155+0000][868.164s][info][gc,heap        ] GC(563) Tenured: 14554K(22484K)->14557K(22484K)
[2025-04-16T14:52:54.155+0000][868.164s][info][gc,metaspace   ] GC(563) Metaspace: 37354K(37696K)->37354K(37696K) NonClass: 32928K(33088K)->32928K(33088K) Class: 4426K(4608K)->4426K(4608K)
[2025-04-16T14:52:54.155+0000][868.164s][info][gc             ] GC(563) Pause Young (Allocation Failure) 23M->14M(31M) 1.319ms
[2025-04-16T14:52:54.155+0000][868.164s][info][gc,cpu         ] GC(563) User=0.00s Sys=0.00s Real=0.01s
[2025-04-16T14:52:55.833+0000][869.842s][info][gc,start       ] GC(564) Pause Young (Allocation Failure)
[2025-04-16T14:52:55.835+0000][869.844s][info][gc,heap        ] GC(564) DefNew: 9165K(10176K)->82K(10176K) Eden: 9088K(9088K)->0K(9088K) From: 77K(1088K)->82K(1088K)
[2025-04-16T14:52:55.835+0000][869.844s][info][gc,heap        ] GC(564) Tenured: 14557K(22484K)->14557K(22484K)
[2025-04-16T14:52:55.835+0000][869.844s][info][gc,metaspace   ] GC(564) Metaspace: 37354K(37696K)->37354K(37696K) NonClass: 32928K(33088K)->32928K(33088K) Class: 4426K(4608K)->4426K(4608K)
[2025-04-16T14:52:55.835+0000][869.844s][info][gc             ] GC(564) Pause Young (Allocation Failure) 23M->14M(31M) 1.414ms
[2025-04-16T14:52:55.835+0000][869.844s][info][gc,cpu         ] GC(564) User=0.01s Sys=0.00s Real=0.01s
[2025-04-16T14:52:57.542+0000][871.551s][info][gc,start       ] GC(565) Pause Young (Allocation Failure)
[2025-04-16T14:52:57.543+0000][871.552s][info][gc,heap        ] GC(565) DefNew: 9170K(10176K)->90K(10176K) Eden: 9088K(9088K)->0K(9088K) From: 82K(1088K)->90K(1088K)
[2025-04-16T14:52:57.543+0000][871.552s][info][gc,heap        ] GC(565) Tenured: 14557K(22484K)->14557K(22484K)
[2025-04-16T14:52:57.543+0000][871.552s][info][gc,metaspace   ] GC(565) Metaspace: 37354K(37696K)->37354K(37696K) NonClass: 32928K(33088K)->32928K(33088K) Class: 4426K(4608K)->4426K(4608K)
[2025-04-16T14:52:57.543+0000][871.552s][info][gc             ] GC(565) Pause Young (Allocation Failure) 23M->14M(31M) 1.335ms
[2025-04-16T14:52:57.543+0000][871.552s][info][gc,cpu         ] GC(565) User=0.01s Sys=0.00s Real=0.00s
[2025-04-16T14:52:59.202+0000][873.211s][info][gc,start       ] GC(566) Pause Young (Allocation Failure)
[2025-04-16T14:52:59.203+0000][873.212s][info][gc,heap        ] GC(566) DefNew: 9178K(10176K)->76K(10176K) Eden: 9088K(9088K)->0K(9088K) From: 90K(1088K)->76K(1088K)
[2025-04-16T14:52:59.203+0000][873.212s][info][gc,heap        ] GC(566) Tenured: 14557K(22484K)->14557K(22484K)
[2025-04-16T14:52:59.203+0000][873.212s][info][gc,metaspace   ] GC(566) Metaspace: 37354K(37696K)->37354K(37696K) NonClass: 32928K(33088K)->32928K(33088K) Class: 4426K(4608K)->4426K(4608K)
[2025-04-16T14:52:59.203+0000][873.212s][info][gc             ] GC(566) Pause Young (Allocation Failure) 23M->14M(31M) 1.179ms
[2025-04-16T14:52:59.203+0000][873.212s][info][gc,cpu         ] GC(566) User=0.00s Sys=0.00s Real=0.00s
[2025-04-16T14:53:00.664+0000][874.673s][info][gc,start       ] GC(567) Pause Young (Allocation Failure)
[2025-04-16T14:53:00.665+0000][874.674s][info][gc,heap        ] GC(567) DefNew: 9159K(10176K)->96K(10176K) Eden: 9082K(9088K)->0K(9088K) From: 76K(1088K)->96K(1088K)
[2025-04-16T14:53:00.665+0000][874.674s][info][gc,heap        ] GC(567) Tenured: 14557K(22484K)->14557K(22484K)
[2025-04-16T14:53:00.665+0000][874.674s][info][gc,metaspace   ] GC(567) Metaspace: 37354K(37696K)->37354K(37696K) NonClass: 32928K(33088K)->32928K(33088K) Class: 4426K(4608K)->4426K(4608K)
[2025-04-16T14:53:00.665+0000][874.674s][info][gc             ] GC(567) Pause Young (Allocation Failure) 23M->14M(31M) 1.275ms
[2025-04-16T14:53:00.665+0000][874.674s][info][gc,cpu         ] GC(567) User=0.00s Sys=0.00s Real=0.00s
[2025-04-16T14:53:02.133+0000][876.142s][info][gc,start       ] GC(568) Pause Young (Allocation Failure)
[2025-04-16T14:53:02.134+0000][876.143s][info][gc,heap        ] GC(568) DefNew: 9184K(10176K)->77K(10176K) Eden: 9088K(9088K)->0K(9088K) From: 96K(1088K)->77K(1088K)
[2025-04-16T14:53:02.134+0000][876.143s][info][gc,heap        ] GC(568) Tenured: 14557K(22484K)->14557K(22484K)
[2025-04-16T14:53:02.134+0000][876.143s][info][gc,metaspace   ] GC(568) Metaspace: 37354K(37696K)->37354K(37696K) NonClass: 32928K(33088K)->32928K(33088K) Class: 4426K(4608K)->4426K(4608K)
[2025-04-16T14:53:02.134+0000][876.143s][info][gc             ] GC(568) Pause Young (Allocation Failure) 23M->14M(31M) 1.320ms
[2025-04-16T14:53:02.134+0000][876.143s][info][gc,cpu         ] GC(568) User=0.00s Sys=0.00s Real=0.00s
[2025-04-16T14:53:03.915+0000][877.924s][info][gc,start       ] GC(569) Pause Young (Allocation Failure)
[2025-04-16T14:53:03.916+0000][877.925s][info][gc,heap        ] GC(569) DefNew: 9165K(10176K)->100K(10176K) Eden: 9088K(9088K)->0K(9088K) From: 77K(1088K)->100K(1088K)
[2025-04-16T14:53:03.916+0000][877.925s][info][gc,heap        ] GC(569) Tenured: 14557K(22484K)->14557K(22484K)
[2025-04-16T14:53:03.916+0000][877.925s][info][gc,metaspace   ] GC(569) Metaspace: 37354K(37696K)->37354K(37696K) NonClass: 32928K(33088K)->32928K(33088K) Class: 4426K(4608K)->4426K(4608K)
[2025-04-16T14:53:03.916+0000][877.925s][info][gc             ] GC(569) Pause Young (Allocation Failure) 23M->14M(31M) 1.374ms
[2025-04-16T14:53:03.916+0000][877.925s][info][gc,cpu         ] GC(569) User=0.00s Sys=0.00s Real=0.00s
[2025-04-16T14:53:05.354+0000][879.363s][info][gc,start       ] GC(570) Pause Young (Allocation Failure)
[2025-04-16T14:53:05.355+0000][879.364s][info][gc,heap        ] GC(570) DefNew: 9188K(10176K)->78K(10176K) Eden: 9088K(9088K)->0K(9088K) From: 100K(1088K)->78K(1088K)
[2025-04-16T14:53:05.355+0000][879.364s][info][gc,heap        ] GC(570) Tenured: 14557K(22484K)->14557K(22484K)
[2025-04-16T14:53:05.355+0000][879.364s][info][gc,metaspace   ] GC(570) Metaspace: 37354K(37696K)->37354K(37696K) NonClass: 32928K(33088K)->32928K(33088K) Class: 4426K(4608K)->4426K(4608K)
[2025-04-16T14:53:05.355+0000][879.364s][info][gc             ] GC(570) Pause Young (Allocation Failure) 23M->14M(31M) 1.134ms
[2025-04-16T14:53:05.355+0000][879.364s][info][gc,cpu         ] GC(570) User=0.00s Sys=0.00s Real=0.01s
[2025-04-16T14:53:07.041+0000][881.050s][info][gc,start       ] GC(571) Pause Young (Allocation Failure)
[2025-04-16T14:53:07.042+0000][881.051s][info][gc,heap        ] GC(571) DefNew: 9166K(10176K)->108K(10176K) Eden: 9087K(9088K)->0K(9088K) From: 78K(1088K)->108K(1088K)
[2025-04-16T14:53:07.042+0000][881.051s][info][gc,heap        ] GC(571) Tenured: 14557K(22484K)->14557K(22484K)
[2025-04-16T14:53:07.042+0000][881.051s][info][gc,metaspace   ] GC(571) Metaspace: 37354K(37696K)->37354K(37696K) NonClass: 32928K(33088K)->32928K(33088K) Class: 4426K(4608K)->4426K(4608K)
[2025-04-16T14:53:07.042+0000][881.051s][info][gc             ] GC(571) Pause Young (Allocation Failure) 23M->14M(31M) 1.409ms
[2025-04-16T14:53:07.042+0000][881.051s][info][gc,cpu         ] GC(571) User=0.00s Sys=0.00s Real=0.00s
[2025-04-16T14:53:08.786+0000][882.795s][info][gc,start       ] GC(572) Pause Young (Allocation Failure)
[2025-04-16T14:53:08.787+0000][882.796s][info][gc,heap        ] GC(572) DefNew: 9196K(10176K)->77K(10176K) Eden: 9088K(9088K)->0K(9088K) From: 108K(1088K)->77K(1088K)
[2025-04-16T14:53:08.787+0000][882.796s][info][gc,heap        ] GC(572) Tenured: 14557K(22484K)->14558K(22484K)
[2025-04-16T14:53:08.787+0000][882.796s][info][gc,metaspace   ] GC(572) Metaspace: 37354K(37696K)->37354K(37696K) NonClass: 32928K(33088K)->32928K(33088K) Class: 4426K(4608K)->4426K(4608K)
[2025-04-16T14:53:08.787+0000][882.796s][info][gc             ] GC(572) Pause Young (Allocation Failure) 23M->14M(31M) 1.316ms
[2025-04-16T14:53:08.787+0000][882.796s][info][gc,cpu         ] GC(572) User=0.00s Sys=0.00s Real=0.00s
[2025-04-16T14:53:10.364+0000][884.373s][info][gc,start       ] GC(573) Pause Young (Allocation Failure)
[2025-04-16T14:53:10.365+0000][884.374s][info][gc,heap        ] GC(573) DefNew: 9165K(10176K)->77K(10176K) Eden: 9088K(9088K)->0K(9088K) From: 77K(1088K)->77K(1088K)
[2025-04-16T14:53:10.365+0000][884.374s][info][gc,heap        ] GC(573) Tenured: 14558K(22484K)->14559K(22484K)
[2025-04-16T14:53:10.365+0000][884.374s][info][gc,metaspace   ] GC(573) Metaspace: 37354K(37696K)->37354K(37696K) NonClass: 32928K(33088K)->32928K(33088K) Class: 4426K(4608K)->4426K(4608K)
[2025-04-16T14:53:10.365+0000][884.374s][info][gc             ] GC(573) Pause Young (Allocation Failure) 23M->14M(31M) 1.290ms
[2025-04-16T14:53:10.365+0000][884.374s][info][gc,cpu         ] GC(573) User=0.00s Sys=0.00s Real=0.01s
[2025-04-16T14:53:12.066+0000][886.075s][info][gc,start       ] GC(574) Pause Young (Allocation Failure)
[2025-04-16T14:53:12.067+0000][886.076s][info][gc,heap        ] GC(574) DefNew: 9165K(10176K)->94K(10176K) Eden: 9088K(9088K)->0K(9088K) From: 77K(1088K)->94K(1088K)
[2025-04-16T14:53:12.067+0000][886.076s][info][gc,heap        ] GC(574) Tenured: 14559K(22484K)->14559K(22484K)
[2025-04-16T14:53:12.067+0000][886.076s][info][gc,metaspace   ] GC(574) Metaspace: 37354K(37696K)->37354K(37696K) NonClass: 32928K(33088K)->32928K(33088K) Class: 4426K(4608K)->4426K(4608K)
[2025-04-16T14:53:12.067+0000][886.076s][info][gc             ] GC(574) Pause Young (Allocation Failure) 23M->14M(31M) 1.228ms
[2025-04-16T14:53:12.067+0000][886.077s][info][gc,cpu         ] GC(574) User=0.00s Sys=0.00s Real=0.00s
[2025-04-16T14:53:13.565+0000][887.574s][info][gc,start       ] GC(575) Pause Young (Allocation Failure)
[2025-04-16T14:53:13.566+0000][887.575s][info][gc,heap        ] GC(575) DefNew: 9182K(10176K)->93K(10176K) Eden: 9088K(9088K)->0K(9088K) From: 94K(1088K)->93K(1088K)
[2025-04-16T14:53:13.566+0000][887.576s][info][gc,heap        ] GC(575) Tenured: 14559K(22484K)->14559K(22484K)
[2025-04-16T14:53:13.566+0000][887.576s][info][gc,metaspace   ] GC(575) Metaspace: 37354K(37696K)->37354K(37696K) NonClass: 32928K(33088K)->32928K(33088K) Class: 4426K(4608K)->4426K(4608K)
[2025-04-16T14:53:13.567+0000][887.576s][info][gc             ] GC(575) Pause Young (Allocation Failure) 23M->14M(31M) 1.192ms
[2025-04-16T14:53:13.567+0000][887.576s][info][gc,cpu         ] GC(575) User=0.01s Sys=0.00s Real=0.00s
[2025-04-16T14:53:15.305+0000][889.314s][info][gc,start       ] GC(576) Pause Young (Allocation Failure)
[2025-04-16T14:53:15.307+0000][889.316s][info][gc,heap        ] GC(576) DefNew: 9181K(10176K)->86K(10176K) Eden: 9088K(9088K)->0K(9088K) From: 93K(1088K)->86K(1088K)
[2025-04-16T14:53:15.307+0000][889.316s][info][gc,heap        ] GC(576) Tenured: 14559K(22484K)->14559K(22484K)
[2025-04-16T14:53:15.307+0000][889.316s][info][gc,metaspace   ] GC(576) Metaspace: 37354K(37696K)->37354K(37696K) NonClass: 32928K(33088K)->32928K(33088K) Class: 4426K(4608K)->4426K(4608K)
[2025-04-16T14:53:15.307+0000][889.316s][info][gc             ] GC(576) Pause Young (Allocation Failure) 23M->14M(31M) 1.238ms
[2025-04-16T14:53:15.307+0000][889.316s][info][gc,cpu         ] GC(576) User=0.00s Sys=0.00s Real=0.00s
[2025-04-16T14:53:16.631+0000][890.640s][info][gc,start       ] GC(577) Pause Young (Allocation Failure)
[2025-04-16T14:53:16.632+0000][890.641s][info][gc,heap        ] GC(577) DefNew: 9174K(10176K)->82K(10176K) Eden: 9088K(9088K)->0K(9088K) From: 86K(1088K)->82K(1088K)
[2025-04-16T14:53:16.632+0000][890.641s][info][gc,heap        ] GC(577) Tenured: 14559K(22484K)->14559K(22484K)
[2025-04-16T14:53:16.632+0000][890.641s][info][gc,metaspace   ] GC(577) Metaspace: 37354K(37696K)->37354K(37696K) NonClass: 32928K(33088K)->32928K(33088K) Class: 4426K(4608K)->4426K(4608K)
[2025-04-16T14:53:16.632+0000][890.641s][info][gc             ] GC(577) Pause Young (Allocation Failure) 23M->14M(31M) 1.200ms
[2025-04-16T14:53:16.632+0000][890.641s][info][gc,cpu         ] GC(577) User=0.00s Sys=0.00s Real=0.00s
[2025-04-16T14:53:18.421+0000][892.430s][info][gc,start       ] GC(578) Pause Young (Allocation Failure)
[2025-04-16T14:53:18.422+0000][892.431s][info][gc,heap        ] GC(578) DefNew: 9170K(10176K)->81K(10176K) Eden: 9088K(9088K)->0K(9088K) From: 82K(1088K)->81K(1088K)
[2025-04-16T14:53:18.422+0000][892.431s][info][gc,heap        ] GC(578) Tenured: 14559K(22484K)->14559K(22484K)
[2025-04-16T14:53:18.422+0000][892.432s][info][gc,metaspace   ] GC(578) Metaspace: 37354K(37696K)->37354K(37696K) NonClass: 32928K(33088K)->32928K(33088K) Class: 4426K(4608K)->4426K(4608K)
[2025-04-16T14:53:18.423+0000][892.432s][info][gc             ] GC(578) Pause Young (Allocation Failure) 23M->14M(31M) 1.313ms
[2025-04-16T14:53:18.423+0000][892.432s][info][gc,cpu         ] GC(578) User=0.00s Sys=0.00s Real=0.00s
[2025-04-16T14:53:20.168+0000][894.177s][info][gc,start       ] GC(579) Pause Young (Allocation Failure)
[2025-04-16T14:53:20.170+0000][894.179s][info][gc,heap        ] GC(579) DefNew: 9169K(10176K)->78K(10176K) Eden: 9088K(9088K)->0K(9088K) From: 81K(1088K)->78K(1088K)
[2025-04-16T14:53:20.170+0000][894.179s][info][gc,heap        ] GC(579) Tenured: 14559K(22484K)->14559K(22484K)
[2025-04-16T14:53:20.170+0000][894.179s][info][gc,metaspace   ] GC(579) Metaspace: 37354K(37696K)->37354K(37696K) NonClass: 32928K(33088K)->32928K(33088K) Class: 4426K(4608K)->4426K(4608K)
[2025-04-16T14:53:20.170+0000][894.179s][info][gc             ] GC(579) Pause Young (Allocation Failure) 23M->14M(31M) 1.338ms
[2025-04-16T14:53:20.170+0000][894.179s][info][gc,cpu         ] GC(579) User=0.00s Sys=0.00s Real=0.00s
[2025-04-16T14:53:21.664+0000][895.673s][info][gc,start       ] GC(580) Pause Young (Allocation Failure)
[2025-04-16T14:53:21.665+0000][895.674s][info][gc,heap        ] GC(580) DefNew: 9166K(10176K)->99K(10176K) Eden: 9088K(9088K)->0K(9088K) From: 78K(1088K)->99K(1088K)
[2025-04-16T14:53:21.665+0000][895.674s][info][gc,heap        ] GC(580) Tenured: 14559K(22484K)->14559K(22484K)
[2025-04-16T14:53:21.665+0000][895.674s][info][gc,metaspace   ] GC(580) Metaspace: 37354K(37696K)->37354K(37696K) NonClass: 32928K(33088K)->32928K(33088K) Class: 4426K(4608K)->4426K(4608K)
[2025-04-16T14:53:21.665+0000][895.674s][info][gc             ] GC(580) Pause Young (Allocation Failure) 23M->14M(31M) 1.246ms
[2025-04-16T14:53:21.665+0000][895.674s][info][gc,cpu         ] GC(580) User=0.00s Sys=0.00s Real=0.01s
[2025-04-16T14:53:23.088+0000][897.097s][info][gc,start       ] GC(581) Pause Young (Allocation Failure)
[2025-04-16T14:53:23.089+0000][897.098s][info][gc,heap        ] GC(581) DefNew: 9187K(10176K)->82K(10176K) Eden: 9088K(9088K)->0K(9088K) From: 99K(1088K)->82K(1088K)
[2025-04-16T14:53:23.089+0000][897.098s][info][gc,heap        ] GC(581) Tenured: 14559K(22484K)->14562K(22484K)
[2025-04-16T14:53:23.089+0000][897.098s][info][gc,metaspace   ] GC(581) Metaspace: 37354K(37696K)->37354K(37696K) NonClass: 32928K(33088K)->32928K(33088K) Class: 4426K(4608K)->4426K(4608K)
[2025-04-16T14:53:23.089+0000][897.098s][info][gc             ] GC(581) Pause Young (Allocation Failure) 23M->14M(31M) 1.227ms
[2025-04-16T14:53:23.089+0000][897.098s][info][gc,cpu         ] GC(581) User=0.00s Sys=0.00s Real=0.00s
[2025-04-16T14:53:25.073+0000][899.082s][info][gc,start       ] GC(582) Pause Young (Allocation Failure)
[2025-04-16T14:53:25.074+0000][899.083s][info][gc,heap        ] GC(582) DefNew: 9170K(10176K)->82K(10176K) Eden: 9088K(9088K)->0K(9088K) From: 82K(1088K)->82K(1088K)
[2025-04-16T14:53:25.074+0000][899.083s][info][gc,heap        ] GC(582) Tenured: 14562K(22484K)->14562K(22484K)
[2025-04-16T14:53:25.074+0000][899.083s][info][gc,metaspace   ] GC(582) Metaspace: 37354K(37696K)->37354K(37696K) NonClass: 32928K(33088K)->32928K(33088K) Class: 4426K(4608K)->4426K(4608K)
[2025-04-16T14:53:25.074+0000][899.083s][info][gc             ] GC(582) Pause Young (Allocation Failure) 23M->14M(31M) 1.326ms
[2025-04-16T14:53:25.074+0000][899.083s][info][gc,cpu         ] GC(582) User=0.00s Sys=0.00s Real=0.01s
[2025-04-16T14:53:26.410+0000][900.419s][info][gc,start       ] GC(583) Pause Young (Allocation Failure)
[2025-04-16T14:53:26.411+0000][900.420s][info][gc,heap        ] GC(583) DefNew: 9170K(10176K)->79K(10176K) Eden: 9088K(9088K)->0K(9088K) From: 82K(1088K)->79K(1088K)
[2025-04-16T14:53:26.411+0000][900.420s][info][gc,heap        ] GC(583) Tenured: 14562K(22484K)->14562K(22484K)
[2025-04-16T14:53:26.411+0000][900.420s][info][gc,metaspace   ] GC(583) Metaspace: 37354K(37696K)->37354K(37696K) NonClass: 32928K(33088K)->32928K(33088K) Class: 4426K(4608K)->4426K(4608K)
[2025-04-16T14:53:26.411+0000][900.420s][info][gc             ] GC(583) Pause Young (Allocation Failure) 23M->14M(31M) 1.288ms
[2025-04-16T14:53:26.411+0000][900.420s][info][gc,cpu         ] GC(583) User=0.00s Sys=0.00s Real=0.00s
[2025-04-16T14:53:28.067+0000][902.076s][info][gc,start       ] GC(584) Pause Young (Allocation Failure)
[2025-04-16T14:53:28.068+0000][902.077s][info][gc,heap        ] GC(584) DefNew: 9167K(10176K)->96K(10176K) Eden: 9087K(9088K)->0K(9088K) From: 79K(1088K)->96K(1088K)
[2025-04-16T14:53:28.068+0000][902.077s][info][gc,heap        ] GC(584) Tenured: 14562K(22484K)->14562K(22484K)
[2025-04-16T14:53:28.068+0000][902.077s][info][gc,metaspace   ] GC(584) Metaspace: 37354K(37696K)->37354K(37696K) NonClass: 32928K(33088K)->32928K(33088K) Class: 4426K(4608K)->4426K(4608K)
[2025-04-16T14:53:28.068+0000][902.077s][info][gc             ] GC(584) Pause Young (Allocation Failure) 23M->14M(31M) 1.286ms
[2025-04-16T14:53:28.068+0000][902.077s][info][gc,cpu         ] GC(584) User=0.00s Sys=0.00s Real=0.00s
[2025-04-16T14:53:29.707+0000][903.716s][info][gc,start       ] GC(585) Pause Young (Allocation Failure)
[2025-04-16T14:53:29.709+0000][903.718s][info][gc,heap        ] GC(585) DefNew: 9184K(10176K)->80K(10176K) Eden: 9088K(9088K)->0K(9088K) From: 96K(1088K)->80K(1088K)
[2025-04-16T14:53:29.709+0000][903.718s][info][gc,heap        ] GC(585) Tenured: 14562K(22484K)->14563K(22484K)
[2025-04-16T14:53:29.709+0000][903.718s][info][gc,metaspace   ] GC(585) Metaspace: 37354K(37696K)->37354K(37696K) NonClass: 32928K(33088K)->32928K(33088K) Class: 4426K(4608K)->4426K(4608K)
[2025-04-16T14:53:29.709+0000][903.718s][info][gc             ] GC(585) Pause Young (Allocation Failure) 23M->14M(31M) 1.117ms
[2025-04-16T14:53:29.709+0000][903.718s][info][gc,cpu         ] GC(585) User=0.00s Sys=0.00s Real=0.00s
[2025-04-16T14:53:31.226+0000][905.235s][info][gc,start       ] GC(586) Pause Young (Allocation Failure)
[2025-04-16T14:53:31.227+0000][905.236s][info][gc,heap        ] GC(586) DefNew: 9168K(10176K)->85K(10176K) Eden: 9088K(9088K)->0K(9088K) From: 80K(1088K)->85K(1088K)
[2025-04-16T14:53:31.227+0000][905.236s][info][gc,heap        ] GC(586) Tenured: 14563K(22484K)->14563K(22484K)
[2025-04-16T14:53:31.227+0000][905.236s][info][gc,metaspace   ] GC(586) Metaspace: 37354K(37696K)->37354K(37696K) NonClass: 32928K(33088K)->32928K(33088K) Class: 4426K(4608K)->4426K(4608K)
[2025-04-16T14:53:31.227+0000][905.236s][info][gc             ] GC(586) Pause Young (Allocation Failure) 23M->14M(31M) 1.375ms
[2025-04-16T14:53:31.227+0000][905.236s][info][gc,cpu         ] GC(586) User=0.00s Sys=0.00s Real=0.00s
[2025-04-16T14:53:32.769+0000][906.778s][info][gc,start       ] GC(587) Pause Young (Allocation Failure)
[2025-04-16T14:53:32.770+0000][906.779s][info][gc,heap        ] GC(587) DefNew: 9173K(10176K)->85K(10176K) Eden: 9088K(9088K)->0K(9088K) From: 85K(1088K)->85K(1088K)
[2025-04-16T14:53:32.770+0000][906.779s][info][gc,heap        ] GC(587) Tenured: 14563K(22484K)->14563K(22484K)
[2025-04-16T14:53:32.770+0000][906.779s][info][gc,metaspace   ] GC(587) Metaspace: 37354K(37696K)->37354K(37696K) NonClass: 32928K(33088K)->32928K(33088K) Class: 4426K(4608K)->4426K(4608K)
[2025-04-16T14:53:32.770+0000][906.779s][info][gc             ] GC(587) Pause Young (Allocation Failure) 23M->14M(31M) 1.295ms
[2025-04-16T14:53:32.770+0000][906.779s][info][gc,cpu         ] GC(587) User=0.00s Sys=0.00s Real=0.00s
[2025-04-16T14:53:34.425+0000][908.434s][info][gc,start       ] GC(588) Pause Young (Allocation Failure)
[2025-04-16T14:53:34.427+0000][908.436s][info][gc,heap        ] GC(588) DefNew: 9173K(10176K)->84K(10176K) Eden: 9088K(9088K)->0K(9088K) From: 85K(1088K)->84K(1088K)
[2025-04-16T14:53:34.427+0000][908.436s][info][gc,heap        ] GC(588) Tenured: 14563K(22484K)->14563K(22484K)
[2025-04-16T14:53:34.427+0000][908.436s][info][gc,metaspace   ] GC(588) Metaspace: 37354K(37696K)->37354K(37696K) NonClass: 32928K(33088K)->32928K(33088K) Class: 4426K(4608K)->4426K(4608K)
[2025-04-16T14:53:34.427+0000][908.436s][info][gc             ] GC(588) Pause Young (Allocation Failure) 23M->14M(31M) 1.290ms
[2025-04-16T14:53:34.427+0000][908.436s][info][gc,cpu         ] GC(588) User=0.00s Sys=0.00s Real=0.00s
[2025-04-16T14:53:35.820+0000][909.829s][info][gc,start       ] GC(589) Pause Young (Allocation Failure)
[2025-04-16T14:53:35.821+0000][909.830s][info][gc,heap        ] GC(589) DefNew: 9172K(10176K)->83K(10176K) Eden: 9088K(9088K)->0K(9088K) From: 84K(1088K)->83K(1088K)
[2025-04-16T14:53:35.821+0000][909.830s][info][gc,heap        ] GC(589) Tenured: 14563K(22484K)->14563K(22484K)
[2025-04-16T14:53:35.821+0000][909.830s][info][gc,metaspace   ] GC(589) Metaspace: 37354K(37696K)->37354K(37696K) NonClass: 32928K(33088K)->32928K(33088K) Class: 4426K(4608K)->4426K(4608K)
[2025-04-16T14:53:35.821+0000][909.831s][info][gc             ] GC(589) Pause Young (Allocation Failure) 23M->14M(31M) 1.379ms
[2025-04-16T14:53:35.822+0000][909.831s][info][gc,cpu         ] GC(589) User=0.00s Sys=0.00s Real=0.00s
[2025-04-16T14:53:37.356+0000][911.365s][info][gc,start       ] GC(590) Pause Young (Allocation Failure)
[2025-04-16T14:53:37.357+0000][911.366s][info][gc,heap        ] GC(590) DefNew: 9171K(10176K)->99K(10176K) Eden: 9088K(9088K)->0K(9088K) From: 83K(1088K)->99K(1088K)
[2025-04-16T14:53:37.357+0000][911.366s][info][gc,heap        ] GC(590) Tenured: 14563K(22484K)->14563K(22484K)
[2025-04-16T14:53:37.357+0000][911.366s][info][gc,metaspace   ] GC(590) Metaspace: 37354K(37696K)->37354K(37696K) NonClass: 32928K(33088K)->32928K(33088K) Class: 4426K(4608K)->4426K(4608K)
[2025-04-16T14:53:37.357+0000][911.366s][info][gc             ] GC(590) Pause Young (Allocation Failure) 23M->14M(31M) 1.395ms
[2025-04-16T14:53:37.357+0000][911.366s][info][gc,cpu         ] GC(590) User=0.00s Sys=0.00s Real=0.00s
[2025-04-16T14:53:39.156+0000][913.165s][info][gc,start       ] GC(591) Pause Young (Allocation Failure)
[2025-04-16T14:53:39.157+0000][913.166s][info][gc,heap        ] GC(591) DefNew: 9187K(10176K)->80K(10176K) Eden: 9088K(9088K)->0K(9088K) From: 99K(1088K)->80K(1088K)
[2025-04-16T14:53:39.157+0000][913.166s][info][gc,heap        ] GC(591) Tenured: 14563K(22484K)->14565K(22484K)
[2025-04-16T14:53:39.157+0000][913.166s][info][gc,metaspace   ] GC(591) Metaspace: 37354K(37696K)->37354K(37696K) NonClass: 32928K(33088K)->32928K(33088K) Class: 4426K(4608K)->4426K(4608K)
[2025-04-16T14:53:39.157+0000][913.166s][info][gc             ] GC(591) Pause Young (Allocation Failure) 23M->14M(31M) 1.283ms
[2025-04-16T14:53:39.157+0000][913.166s][info][gc,cpu         ] GC(591) User=0.00s Sys=0.00s Real=0.00s
[2025-04-16T14:53:40.834+0000][914.843s][info][gc,start       ] GC(592) Pause Young (Allocation Failure)
[2025-04-16T14:53:40.835+0000][914.844s][info][gc,heap        ] GC(592) DefNew: 9157K(10176K)->83K(10176K) Eden: 9076K(9088K)->0K(9088K) From: 80K(1088K)->83K(1088K)
[2025-04-16T14:53:40.835+0000][914.844s][info][gc,heap        ] GC(592) Tenured: 14565K(22484K)->14567K(22484K)
[2025-04-16T14:53:40.835+0000][914.844s][info][gc,metaspace   ] GC(592) Metaspace: 37354K(37696K)->37354K(37696K) NonClass: 32928K(33088K)->32928K(33088K) Class: 4426K(4608K)->4426K(4608K)
[2025-04-16T14:53:40.835+0000][914.845s][info][gc             ] GC(592) Pause Young (Allocation Failure) 23M->14M(31M) 1.354ms
[2025-04-16T14:53:40.836+0000][914.845s][info][gc,cpu         ] GC(592) User=0.00s Sys=0.00s Real=0.00s
[2025-04-16T14:53:42.263+0000][916.272s][info][gc,start       ] GC(593) Pause Young (Allocation Failure)
[2025-04-16T14:53:42.265+0000][916.274s][info][gc,heap        ] GC(593) DefNew: 9171K(10176K)->94K(10176K) Eden: 9087K(9088K)->0K(9088K) From: 83K(1088K)->94K(1088K)
[2025-04-16T14:53:42.265+0000][916.274s][info][gc,heap        ] GC(593) Tenured: 14567K(22484K)->14568K(22484K)
[2025-04-16T14:53:42.265+0000][916.274s][info][gc,metaspace   ] GC(593) Metaspace: 37354K(37696K)->37354K(37696K) NonClass: 32928K(33088K)->32928K(33088K) Class: 4426K(4608K)->4426K(4608K)
[2025-04-16T14:53:42.265+0000][916.274s][info][gc             ] GC(593) Pause Young (Allocation Failure) 23M->14M(31M) 1.364ms
[2025-04-16T14:53:42.265+0000][916.274s][info][gc,cpu         ] GC(593) User=0.00s Sys=0.00s Real=0.01s
[2025-04-16T14:53:43.768+0000][917.777s][info][gc,start       ] GC(594) Pause Young (Allocation Failure)
[2025-04-16T14:53:43.770+0000][917.779s][info][gc,heap        ] GC(594) DefNew: 9182K(10176K)->101K(10176K) Eden: 9088K(9088K)->0K(9088K) From: 94K(1088K)->101K(1088K)
[2025-04-16T14:53:43.770+0000][917.779s][info][gc,heap        ] GC(594) Tenured: 14568K(22484K)->14568K(22484K)
[2025-04-16T14:53:43.770+0000][917.779s][info][gc,metaspace   ] GC(594) Metaspace: 37354K(37696K)->37354K(37696K) NonClass: 32928K(33088K)->32928K(33088K) Class: 4426K(4608K)->4426K(4608K)
[2025-04-16T14:53:43.770+0000][917.779s][info][gc             ] GC(594) Pause Young (Allocation Failure) 23M->14M(31M) 1.270ms
[2025-04-16T14:53:43.770+0000][917.779s][info][gc,cpu         ] GC(594) User=0.00s Sys=0.00s Real=0.00s
[2025-04-16T14:53:45.325+0000][919.334s][info][gc,start       ] GC(595) Pause Young (Allocation Failure)
[2025-04-16T14:53:45.326+0000][919.335s][info][gc,heap        ] GC(595) DefNew: 9181K(10176K)->91K(10176K) Eden: 9080K(9088K)->0K(9088K) From: 101K(1088K)->91K(1088K)
[2025-04-16T14:53:45.326+0000][919.335s][info][gc,heap        ] GC(595) Tenured: 14568K(22484K)->14569K(22484K)
[2025-04-16T14:53:45.326+0000][919.335s][info][gc,metaspace   ] GC(595) Metaspace: 37354K(37696K)->37354K(37696K) NonClass: 32928K(33088K)->32928K(33088K) Class: 4426K(4608K)->4426K(4608K)
[2025-04-16T14:53:45.326+0000][919.335s][info][gc             ] GC(595) Pause Young (Allocation Failure) 23M->14M(31M) 1.192ms
[2025-04-16T14:53:45.326+0000][919.335s][info][gc,cpu         ] GC(595) User=0.01s Sys=0.00s Real=0.00s
[2025-04-16T14:53:46.922+0000][920.931s][info][gc,start       ] GC(596) Pause Young (Allocation Failure)
[2025-04-16T14:53:46.923+0000][920.932s][info][gc,heap        ] GC(596) DefNew: 9179K(10176K)->81K(10176K) Eden: 9088K(9088K)->0K(9088K) From: 91K(1088K)->81K(1088K)
[2025-04-16T14:53:46.923+0000][920.932s][info][gc,heap        ] GC(596) Tenured: 14569K(22484K)->14570K(22484K)
[2025-04-16T14:53:46.923+0000][920.932s][info][gc,metaspace   ] GC(596) Metaspace: 37354K(37696K)->37354K(37696K) NonClass: 32928K(33088K)->32928K(33088K) Class: 4426K(4608K)->4426K(4608K)
[2025-04-16T14:53:46.923+0000][920.932s][info][gc             ] GC(596) Pause Young (Allocation Failure) 23M->14M(31M) 1.352ms
[2025-04-16T14:53:46.923+0000][920.932s][info][gc,cpu         ] GC(596) User=0.00s Sys=0.00s Real=0.00s
[2025-04-16T14:53:48.394+0000][922.403s][info][gc,start       ] GC(597) Pause Young (Allocation Failure)
[2025-04-16T14:53:48.396+0000][922.405s][info][gc,heap        ] GC(597) DefNew: 9164K(10176K)->103K(10176K) Eden: 9082K(9088K)->0K(9088K) From: 81K(1088K)->103K(1088K)
[2025-04-16T14:53:48.396+0000][922.405s][info][gc,heap        ] GC(597) Tenured: 14570K(22484K)->14570K(22484K)
[2025-04-16T14:53:48.396+0000][922.405s][info][gc,metaspace   ] GC(597) Metaspace: 37354K(37696K)->37354K(37696K) NonClass: 32928K(33088K)->32928K(33088K) Class: 4426K(4608K)->4426K(4608K)
[2025-04-16T14:53:48.396+0000][922.405s][info][gc             ] GC(597) Pause Young (Allocation Failure) 23M->14M(31M) 1.324ms
[2025-04-16T14:53:48.396+0000][922.405s][info][gc,cpu         ] GC(597) User=0.00s Sys=0.00s Real=0.00s
[2025-04-16T14:53:50.171+0000][924.180s][info][gc,start       ] GC(598) Pause Young (Allocation Failure)
[2025-04-16T14:53:50.172+0000][924.181s][info][gc,heap        ] GC(598) DefNew: 9191K(10176K)->85K(10176K) Eden: 9088K(9088K)->0K(9088K) From: 103K(1088K)->85K(1088K)
[2025-04-16T14:53:50.172+0000][924.181s][info][gc,heap        ] GC(598) Tenured: 14570K(22484K)->14570K(22484K)
[2025-04-16T14:53:50.172+0000][924.181s][info][gc,metaspace   ] GC(598) Metaspace: 37354K(37696K)->37354K(37696K) NonClass: 32928K(33088K)->32928K(33088K) Class: 4426K(4608K)->4426K(4608K)
[2025-04-16T14:53:50.172+0000][924.182s][info][gc             ] GC(598) Pause Young (Allocation Failure) 23M->14M(31M) 1.380ms
[2025-04-16T14:53:50.172+0000][924.182s][info][gc,cpu         ] GC(598) User=0.00s Sys=0.00s Real=0.00s
[2025-04-16T14:53:51.466+0000][925.475s][info][gc,start       ] GC(599) Pause Young (Allocation Failure)
[2025-04-16T14:53:51.467+0000][925.476s][info][gc,heap        ] GC(599) DefNew: 9173K(10176K)->80K(10176K) Eden: 9088K(9088K)->0K(9088K) From: 85K(1088K)->80K(1088K)
[2025-04-16T14:53:51.467+0000][925.477s][info][gc,heap        ] GC(599) Tenured: 14570K(22484K)->14570K(22484K)
[2025-04-16T14:53:51.467+0000][925.477s][info][gc,metaspace   ] GC(599) Metaspace: 37354K(37696K)->37354K(37696K) NonClass: 32928K(33088K)->32928K(33088K) Class: 4426K(4608K)->4426K(4608K)
[2025-04-16T14:53:51.468+0000][925.477s][info][gc             ] GC(599) Pause Young (Allocation Failure) 23M->14M(31M) 1.288ms
[2025-04-16T14:53:51.468+0000][925.477s][info][gc,cpu         ] GC(599) User=0.01s Sys=0.00s Real=0.00s
[2025-04-16T14:53:53.160+0000][927.169s][info][gc,start       ] GC(600) Pause Young (Allocation Failure)
[2025-04-16T14:53:53.161+0000][927.170s][info][gc,heap        ] GC(600) DefNew: 9168K(10176K)->93K(10176K) Eden: 9088K(9088K)->0K(9088K) From: 80K(1088K)->93K(1088K)
[2025-04-16T14:53:53.161+0000][927.170s][info][gc,heap        ] GC(600) Tenured: 14570K(22484K)->14572K(22484K)
[2025-04-16T14:53:53.161+0000][927.170s][info][gc,metaspace   ] GC(600) Metaspace: 37354K(37696K)->37354K(37696K) NonClass: 32928K(33088K)->32928K(33088K) Class: 4426K(4608K)->4426K(4608K)
[2025-04-16T14:53:53.161+0000][927.170s][info][gc             ] GC(600) Pause Young (Allocation Failure) 23M->14M(31M) 1.297ms
[2025-04-16T14:53:53.161+0000][927.170s][info][gc,cpu         ] GC(600) User=0.00s Sys=0.00s Real=0.00s
[2025-04-16T14:53:55.081+0000][929.090s][info][gc,start       ] GC(601) Pause Young (Allocation Failure)
[2025-04-16T14:53:55.082+0000][929.091s][info][gc,heap        ] GC(601) DefNew: 9181K(10176K)->87K(10176K) Eden: 9088K(9088K)->0K(9088K) From: 93K(1088K)->87K(1088K)
[2025-04-16T14:53:55.082+0000][929.091s][info][gc,heap        ] GC(601) Tenured: 14572K(22484K)->14573K(22484K)
[2025-04-16T14:53:55.082+0000][929.091s][info][gc,metaspace   ] GC(601) Metaspace: 37354K(37696K)->37354K(37696K) NonClass: 32928K(33088K)->32928K(33088K) Class: 4426K(4608K)->4426K(4608K)
[2025-04-16T14:53:55.082+0000][929.091s][info][gc             ] GC(601) Pause Young (Allocation Failure) 23M->14M(31M) 1.343ms
[2025-04-16T14:53:55.082+0000][929.091s][info][gc,cpu         ] GC(601) User=0.00s Sys=0.00s Real=0.00s
[2025-04-16T14:53:56.536+0000][930.545s][info][gc,start       ] GC(602) Pause Young (Allocation Failure)
[2025-04-16T14:53:56.537+0000][930.546s][info][gc,heap        ] GC(602) DefNew: 9175K(10176K)->83K(10176K) Eden: 9088K(9088K)->0K(9088K) From: 87K(1088K)->83K(1088K)
[2025-04-16T14:53:56.537+0000][930.546s][info][gc,heap        ] GC(602) Tenured: 14573K(22484K)->14573K(22484K)
[2025-04-16T14:53:56.537+0000][930.546s][info][gc,metaspace   ] GC(602) Metaspace: 37354K(37696K)->37354K(37696K) NonClass: 32928K(33088K)->32928K(33088K) Class: 4426K(4608K)->4426K(4608K)
[2025-04-16T14:53:56.537+0000][930.546s][info][gc             ] GC(602) Pause Young (Allocation Failure) 23M->14M(31M) 1.369ms
[2025-04-16T14:53:56.537+0000][930.546s][info][gc,cpu         ] GC(602) User=0.00s Sys=0.00s Real=0.00s
[2025-04-16T14:53:58.026+0000][932.035s][info][gc,start       ] GC(603) Pause Young (Allocation Failure)
[2025-04-16T14:53:58.027+0000][932.036s][info][gc,heap        ] GC(603) DefNew: 9171K(10176K)->84K(10176K) Eden: 9088K(9088K)->0K(9088K) From: 83K(1088K)->84K(1088K)
[2025-04-16T14:53:58.027+0000][932.036s][info][gc,heap        ] GC(603) Tenured: 14573K(22484K)->14573K(22484K)
[2025-04-16T14:53:58.027+0000][932.036s][info][gc,metaspace   ] GC(603) Metaspace: 37354K(37696K)->37354K(37696K) NonClass: 32928K(33088K)->32928K(33088K) Class: 4426K(4608K)->4426K(4608K)
[2025-04-16T14:53:58.027+0000][932.036s][info][gc             ] GC(603) Pause Young (Allocation Failure) 23M->14M(31M) 1.349ms
[2025-04-16T14:53:58.027+0000][932.036s][info][gc,cpu         ] GC(603) User=0.00s Sys=0.00s Real=0.00s
[2025-04-16T14:53:59.686+0000][933.695s][info][gc,start       ] GC(604) Pause Young (Allocation Failure)
[2025-04-16T14:53:59.687+0000][933.696s][info][gc,heap        ] GC(604) DefNew: 9172K(10176K)->103K(10176K) Eden: 9088K(9088K)->0K(9088K) From: 84K(1088K)->103K(1088K)
[2025-04-16T14:53:59.687+0000][933.696s][info][gc,heap        ] GC(604) Tenured: 14573K(22484K)->14573K(22484K)
[2025-04-16T14:53:59.687+0000][933.696s][info][gc,metaspace   ] GC(604) Metaspace: 37354K(37696K)->37354K(37696K) NonClass: 32928K(33088K)->32928K(33088K) Class: 4426K(4608K)->4426K(4608K)
[2025-04-16T14:53:59.687+0000][933.696s][info][gc             ] GC(604) Pause Young (Allocation Failure) 23M->14M(31M) 1.287ms
[2025-04-16T14:53:59.687+0000][933.696s][info][gc,cpu         ] GC(604) User=0.00s Sys=0.00s Real=0.00s
[2025-04-16T14:54:01.358+0000][935.367s][info][gc,start       ] GC(605) Pause Young (Allocation Failure)
[2025-04-16T14:54:01.359+0000][935.368s][info][gc,heap        ] GC(605) DefNew: 9191K(10176K)->100K(10176K) Eden: 9088K(9088K)->0K(9088K) From: 103K(1088K)->100K(1088K)
[2025-04-16T14:54:01.359+0000][935.368s][info][gc,heap        ] GC(605) Tenured: 14573K(22484K)->14574K(22484K)
[2025-04-16T14:54:01.359+0000][935.368s][info][gc,metaspace   ] GC(605) Metaspace: 37354K(37696K)->37354K(37696K) NonClass: 32928K(33088K)->32928K(33088K) Class: 4426K(4608K)->4426K(4608K)
[2025-04-16T14:54:01.359+0000][935.368s][info][gc             ] GC(605) Pause Young (Allocation Failure) 23M->14M(31M) 1.364ms
[2025-04-16T14:54:01.359+0000][935.368s][info][gc,cpu         ] GC(605) User=0.01s Sys=0.00s Real=0.00s
[2025-04-16T14:54:02.868+0000][936.877s][info][gc,start       ] GC(606) Pause Young (Allocation Failure)
[2025-04-16T14:54:02.869+0000][936.878s][info][gc,heap        ] GC(606) DefNew: 9188K(10176K)->98K(10176K) Eden: 9088K(9088K)->0K(9088K) From: 100K(1088K)->98K(1088K)
[2025-04-16T14:54:02.869+0000][936.878s][info][gc,heap        ] GC(606) Tenured: 14574K(22484K)->14574K(22484K)
[2025-04-16T14:54:02.869+0000][936.878s][info][gc,metaspace   ] GC(606) Metaspace: 37354K(37696K)->37354K(37696K) NonClass: 32928K(33088K)->32928K(33088K) Class: 4426K(4608K)->4426K(4608K)
[2025-04-16T14:54:02.869+0000][936.878s][info][gc             ] GC(606) Pause Young (Allocation Failure) 23M->14M(31M) 1.352ms
[2025-04-16T14:54:02.869+0000][936.878s][info][gc,cpu         ] GC(606) User=0.00s Sys=0.00s Real=0.00s
[2025-04-16T14:54:04.483+0000][938.492s][info][gc,start       ] GC(607) Pause Young (Allocation Failure)
[2025-04-16T14:54:04.484+0000][938.493s][info][gc,heap        ] GC(607) DefNew: 9186K(10176K)->88K(10176K) Eden: 9088K(9088K)->0K(9088K) From: 98K(1088K)->88K(1088K)
[2025-04-16T14:54:04.484+0000][938.493s][info][gc,heap        ] GC(607) Tenured: 14574K(22484K)->14575K(22484K)
[2025-04-16T14:54:04.484+0000][938.493s][info][gc,metaspace   ] GC(607) Metaspace: 37354K(37696K)->37354K(37696K) NonClass: 32928K(33088K)->32928K(33088K) Class: 4426K(4608K)->4426K(4608K)
[2025-04-16T14:54:04.484+0000][938.493s][info][gc             ] GC(607) Pause Young (Allocation Failure) 23M->14M(31M) 1.250ms
[2025-04-16T14:54:04.484+0000][938.493s][info][gc,cpu         ] GC(607) User=0.01s Sys=0.00s Real=0.00s
[2025-04-16T14:54:06.014+0000][940.023s][info][gc,start       ] GC(608) Pause Young (Allocation Failure)
[2025-04-16T14:54:06.015+0000][940.024s][info][gc,heap        ] GC(608) DefNew: 9176K(10176K)->100K(10176K) Eden: 9088K(9088K)->0K(9088K) From: 88K(1088K)->100K(1088K)
[2025-04-16T14:54:06.015+0000][940.024s][info][gc,heap        ] GC(608) Tenured: 14575K(22484K)->14577K(22484K)
[2025-04-16T14:54:06.015+0000][940.024s][info][gc,metaspace   ] GC(608) Metaspace: 37354K(37696K)->37354K(37696K) NonClass: 32928K(33088K)->32928K(33088K) Class: 4426K(4608K)->4426K(4608K)
[2025-04-16T14:54:06.015+0000][940.024s][info][gc             ] GC(608) Pause Young (Allocation Failure) 23M->14M(31M) 1.253ms
[2025-04-16T14:54:06.015+0000][940.024s][info][gc,cpu         ] GC(608) User=0.00s Sys=0.00s Real=0.01s
[2025-04-16T14:54:07.774+0000][941.783s][info][gc,start       ] GC(609) Pause Young (Allocation Failure)
[2025-04-16T14:54:07.776+0000][941.785s][info][gc,heap        ] GC(609) DefNew: 9188K(10176K)->85K(10176K) Eden: 9088K(9088K)->0K(9088K) From: 100K(1088K)->85K(1088K)
[2025-04-16T14:54:07.776+0000][941.785s][info][gc,heap        ] GC(609) Tenured: 14577K(22484K)->14578K(22484K)
[2025-04-16T14:54:07.776+0000][941.785s][info][gc,metaspace   ] GC(609) Metaspace: 37354K(37696K)->37354K(37696K) NonClass: 32928K(33088K)->32928K(33088K) Class: 4426K(4608K)->4426K(4608K)
[2025-04-16T14:54:07.776+0000][941.785s][info][gc             ] GC(609) Pause Young (Allocation Failure) 23M->14M(31M) 1.426ms
[2025-04-16T14:54:07.776+0000][941.785s][info][gc,cpu         ] GC(609) User=0.00s Sys=0.00s Real=0.00s
[2025-04-16T14:54:09.413+0000][943.422s][info][gc,start       ] GC(610) Pause Young (Allocation Failure)
[2025-04-16T14:54:09.415+0000][943.424s][info][gc,heap        ] GC(610) DefNew: 9173K(10176K)->100K(10176K) Eden: 9088K(9088K)->0K(9088K) From: 85K(1088K)->100K(1088K)
[2025-04-16T14:54:09.415+0000][943.424s][info][gc,heap        ] GC(610) Tenured: 14578K(22484K)->14580K(22484K)
[2025-04-16T14:54:09.415+0000][943.424s][info][gc,metaspace   ] GC(610) Metaspace: 37354K(37696K)->37354K(37696K) NonClass: 32928K(33088K)->32928K(33088K) Class: 4426K(4608K)->4426K(4608K)
[2025-04-16T14:54:09.415+0000][943.424s][info][gc             ] GC(610) Pause Young (Allocation Failure) 23M->14M(31M) 1.203ms
[2025-04-16T14:54:09.415+0000][943.424s][info][gc,cpu         ] GC(610) User=0.00s Sys=0.00s Real=0.01s
[2025-04-16T14:54:10.997+0000][945.006s][info][gc,start       ] GC(611) Pause Young (Allocation Failure)
[2025-04-16T14:54:10.998+0000][945.007s][info][gc,heap        ] GC(611) DefNew: 9188K(10176K)->96K(10176K) Eden: 9088K(9088K)->0K(9088K) From: 100K(1088K)->96K(1088K)
[2025-04-16T14:54:10.998+0000][945.007s][info][gc,heap        ] GC(611) Tenured: 14580K(22484K)->14580K(22484K)
[2025-04-16T14:54:10.998+0000][945.007s][info][gc,metaspace   ] GC(611) Metaspace: 37354K(37696K)->37354K(37696K) NonClass: 32928K(33088K)->32928K(33088K) Class: 4426K(4608K)->4426K(4608K)
[2025-04-16T14:54:10.998+0000][945.007s][info][gc             ] GC(611) Pause Young (Allocation Failure) 23M->14M(31M) 1.276ms
[2025-04-16T14:54:10.998+0000][945.007s][info][gc,cpu         ] GC(611) User=0.00s Sys=0.00s Real=0.00s
[2025-04-16T14:54:12.860+0000][946.869s][info][gc,start       ] GC(612) Pause Young (Allocation Failure)
[2025-04-16T14:54:12.861+0000][946.870s][info][gc,heap        ] GC(612) DefNew: 9184K(10176K)->85K(10176K) Eden: 9088K(9088K)->0K(9088K) From: 96K(1088K)->85K(1088K)
[2025-04-16T14:54:12.861+0000][946.870s][info][gc,heap        ] GC(612) Tenured: 14580K(22484K)->14583K(22484K)
[2025-04-16T14:54:12.861+0000][946.870s][info][gc,metaspace   ] GC(612) Metaspace: 37354K(37696K)->37354K(37696K) NonClass: 32928K(33088K)->32928K(33088K) Class: 4426K(4608K)->4426K(4608K)
[2025-04-16T14:54:12.861+0000][946.870s][info][gc             ] GC(612) Pause Young (Allocation Failure) 23M->14M(31M) 1.271ms
[2025-04-16T14:54:12.861+0000][946.870s][info][gc,cpu         ] GC(612) User=0.01s Sys=0.00s Real=0.00s
[2025-04-16T14:54:14.468+0000][948.477s][info][gc,start       ] GC(613) Pause Young (Allocation Failure)
[2025-04-16T14:54:14.469+0000][948.478s][info][gc,heap        ] GC(613) DefNew: 9173K(10176K)->86K(10176K) Eden: 9088K(9088K)->0K(9088K) From: 85K(1088K)->86K(1088K)
[2025-04-16T14:54:14.469+0000][948.478s][info][gc,heap        ] GC(613) Tenured: 14583K(22484K)->14583K(22484K)
[2025-04-16T14:54:14.469+0000][948.478s][info][gc,metaspace   ] GC(613) Metaspace: 37354K(37696K)->37354K(37696K) NonClass: 32928K(33088K)->32928K(33088K) Class: 4426K(4608K)->4426K(4608K)
[2025-04-16T14:54:14.469+0000][948.478s][info][gc             ] GC(613) Pause Young (Allocation Failure) 23M->14M(31M) 1.332ms
[2025-04-16T14:54:14.469+0000][948.478s][info][gc,cpu         ] GC(613) User=0.00s Sys=0.00s Real=0.00s
[2025-04-16T14:54:16.376+0000][950.385s][info][gc,start       ] GC(614) Pause Young (Allocation Failure)
[2025-04-16T14:54:16.377+0000][950.386s][info][gc,heap        ] GC(614) DefNew: 9174K(10176K)->105K(10176K) Eden: 9088K(9088K)->0K(9088K) From: 86K(1088K)->105K(1088K)
[2025-04-16T14:54:16.377+0000][950.386s][info][gc,heap        ] GC(614) Tenured: 14583K(22484K)->14583K(22484K)
[2025-04-16T14:54:16.377+0000][950.386s][info][gc,metaspace   ] GC(614) Metaspace: 37354K(37696K)->37354K(37696K) NonClass: 32928K(33088K)->32928K(33088K) Class: 4426K(4608K)->4426K(4608K)
[2025-04-16T14:54:16.377+0000][950.386s][info][gc             ] GC(614) Pause Young (Allocation Failure) 23M->14M(31M) 1.362ms
[2025-04-16T14:54:16.377+0000][950.386s][info][gc,cpu         ] GC(614) User=0.00s Sys=0.00s Real=0.00s
[2025-04-16T14:54:17.731+0000][951.740s][info][gc,start       ] GC(615) Pause Young (Allocation Failure)
[2025-04-16T14:54:17.733+0000][951.742s][info][gc,heap        ] GC(615) DefNew: 9193K(10176K)->91K(10176K) Eden: 9088K(9088K)->0K(9088K) From: 105K(1088K)->91K(1088K)
[2025-04-16T14:54:17.733+0000][951.742s][info][gc,heap        ] GC(615) Tenured: 14583K(22484K)->14585K(22484K)
[2025-04-16T14:54:17.733+0000][951.742s][info][gc,metaspace   ] GC(615) Metaspace: 37354K(37696K)->37354K(37696K) NonClass: 32928K(33088K)->32928K(33088K) Class: 4426K(4608K)->4426K(4608K)
[2025-04-16T14:54:17.733+0000][951.742s][info][gc             ] GC(615) Pause Young (Allocation Failure) 23M->14M(31M) 1.305ms
[2025-04-16T14:54:17.733+0000][951.742s][info][gc,cpu         ] GC(615) User=0.00s Sys=0.00s Real=0.00s
[2025-04-16T14:54:19.579+0000][953.588s][info][gc,start       ] GC(616) Pause Young (Allocation Failure)
[2025-04-16T14:54:19.580+0000][953.589s][info][gc,heap        ] GC(616) DefNew: 9179K(10176K)->83K(10176K) Eden: 9088K(9088K)->0K(9088K) From: 91K(1088K)->83K(1088K)
[2025-04-16T14:54:19.580+0000][953.590s][info][gc,heap        ] GC(616) Tenured: 14585K(22484K)->14585K(22484K)
[2025-04-16T14:54:19.581+0000][953.590s][info][gc,metaspace   ] GC(616) Metaspace: 37354K(37696K)->37354K(37696K) NonClass: 32928K(33088K)->32928K(33088K) Class: 4426K(4608K)->4426K(4608K)
[2025-04-16T14:54:19.581+0000][953.590s][info][gc             ] GC(616) Pause Young (Allocation Failure) 23M->14M(31M) 1.220ms
[2025-04-16T14:54:19.581+0000][953.590s][info][gc,cpu         ] GC(616) User=0.00s Sys=0.00s Real=0.00s
[2025-04-16T14:54:21.294+0000][955.303s][info][gc,start       ] GC(617) Pause Young (Allocation Failure)
[2025-04-16T14:54:21.295+0000][955.304s][info][gc,heap        ] GC(617) DefNew: 9171K(10176K)->85K(10176K) Eden: 9088K(9088K)->0K(9088K) From: 83K(1088K)->85K(1088K)
[2025-04-16T14:54:21.295+0000][955.304s][info][gc,heap        ] GC(617) Tenured: 14585K(22484K)->14585K(22484K)
[2025-04-16T14:54:21.295+0000][955.304s][info][gc,metaspace   ] GC(617) Metaspace: 37354K(37696K)->37354K(37696K) NonClass: 32928K(33088K)->32928K(33088K) Class: 4426K(4608K)->4426K(4608K)
[2025-04-16T14:54:21.295+0000][955.304s][info][gc             ] GC(617) Pause Young (Allocation Failure) 23M->14M(31M) 1.386ms
[2025-04-16T14:54:21.295+0000][955.304s][info][gc,cpu         ] GC(617) User=0.00s Sys=0.00s Real=0.01s
[2025-04-16T14:54:22.778+0000][956.787s][info][gc,start       ] GC(618) Pause Young (Allocation Failure)
[2025-04-16T14:54:22.779+0000][956.788s][info][gc,heap        ] GC(618) DefNew: 9173K(10176K)->107K(10176K) Eden: 9087K(9088K)->0K(9088K) From: 85K(1088K)->107K(1088K)
[2025-04-16T14:54:22.779+0000][956.788s][info][gc,heap        ] GC(618) Tenured: 14585K(22484K)->14585K(22484K)
[2025-04-16T14:54:22.779+0000][956.788s][info][gc,metaspace   ] GC(618) Metaspace: 37358K(37696K)->37358K(37696K) NonClass: 32932K(33088K)->32932K(33088K) Class: 4426K(4608K)->4426K(4608K)
[2025-04-16T14:54:22.779+0000][956.788s][info][gc             ] GC(618) Pause Young (Allocation Failure) 23M->14M(31M) 1.394ms
[2025-04-16T14:54:22.779+0000][956.788s][info][gc,cpu         ] GC(618) User=0.00s Sys=0.00s Real=0.00s
[2025-04-16T14:54:24.599+0000][958.608s][info][gc,start       ] GC(619) Pause Young (Allocation Failure)
[2025-04-16T14:54:24.600+0000][958.609s][info][gc,heap        ] GC(619) DefNew: 9195K(10176K)->83K(10176K) Eden: 9087K(9088K)->0K(9088K) From: 107K(1088K)->83K(1088K)
[2025-04-16T14:54:24.600+0000][958.609s][info][gc,heap        ] GC(619) Tenured: 14585K(22484K)->14585K(22484K)
[2025-04-16T14:54:24.600+0000][958.609s][info][gc,metaspace   ] GC(619) Metaspace: 37358K(37696K)->37358K(37696K) NonClass: 32932K(33088K)->32932K(33088K) Class: 4426K(4608K)->4426K(4608K)
[2025-04-16T14:54:24.600+0000][958.609s][info][gc             ] GC(619) Pause Young (Allocation Failure) 23M->14M(31M) 1.287ms
[2025-04-16T14:54:24.600+0000][958.609s][info][gc,cpu         ] GC(619) User=0.00s Sys=0.00s Real=0.00s
[2025-04-16T14:54:26.176+0000][960.185s][info][gc,start       ] GC(620) Pause Young (Allocation Failure)
[2025-04-16T14:54:26.177+0000][960.186s][info][gc,heap        ] GC(620) DefNew: 9171K(10176K)->91K(10176K) Eden: 9088K(9088K)->0K(9088K) From: 83K(1088K)->91K(1088K)
[2025-04-16T14:54:26.177+0000][960.186s][info][gc,heap        ] GC(620) Tenured: 14585K(22484K)->14585K(22484K)
[2025-04-16T14:54:26.177+0000][960.186s][info][gc,metaspace   ] GC(620) Metaspace: 37358K(37696K)->37358K(37696K) NonClass: 32932K(33088K)->32932K(33088K) Class: 4426K(4608K)->4426K(4608K)
[2025-04-16T14:54:26.177+0000][960.186s][info][gc             ] GC(620) Pause Young (Allocation Failure) 23M->14M(31M) 1.351ms
[2025-04-16T14:54:26.177+0000][960.186s][info][gc,cpu         ] GC(620) User=0.00s Sys=0.00s Real=0.00s
[2025-04-16T14:54:27.889+0000][961.899s][info][gc,start       ] GC(621) Pause Young (Allocation Failure)
[2025-04-16T14:54:27.891+0000][961.900s][info][gc,heap        ] GC(621) DefNew: 9179K(10176K)->86K(10176K) Eden: 9087K(9088K)->0K(9088K) From: 91K(1088K)->86K(1088K)
[2025-04-16T14:54:27.891+0000][961.900s][info][gc,heap        ] GC(621) Tenured: 14585K(22484K)->14588K(22484K)
[2025-04-16T14:54:27.891+0000][961.900s][info][gc,metaspace   ] GC(621) Metaspace: 37358K(37696K)->37358K(37696K) NonClass: 32932K(33088K)->32932K(33088K) Class: 4426K(4608K)->4426K(4608K)
[2025-04-16T14:54:27.891+0000][961.900s][info][gc             ] GC(621) Pause Young (Allocation Failure) 23M->14M(31M) 1.210ms
[2025-04-16T14:54:27.891+0000][961.900s][info][gc,cpu         ] GC(621) User=0.00s Sys=0.00s Real=0.00s
[2025-04-16T14:54:29.239+0000][963.248s][info][gc,start       ] GC(622) Pause Young (Allocation Failure)
[2025-04-16T14:54:29.241+0000][963.250s][info][gc,heap        ] GC(622) DefNew: 9174K(10176K)->94K(10176K) Eden: 9088K(9088K)->0K(9088K) From: 86K(1088K)->94K(1088K)
[2025-04-16T14:54:29.241+0000][963.250s][info][gc,heap        ] GC(622) Tenured: 14588K(22484K)->14589K(22484K)
[2025-04-16T14:54:29.241+0000][963.250s][info][gc,metaspace   ] GC(622) Metaspace: 37358K(37696K)->37358K(37696K) NonClass: 32932K(33088K)->32932K(33088K) Class: 4426K(4608K)->4426K(4608K)
[2025-04-16T14:54:29.241+0000][963.250s][info][gc             ] GC(622) Pause Young (Allocation Failure) 23M->14M(31M) 1.398ms
[2025-04-16T14:54:29.241+0000][963.250s][info][gc,cpu         ] GC(622) User=0.00s Sys=0.00s Real=0.00s
[2025-04-16T14:54:30.925+0000][964.934s][info][gc,start       ] GC(623) Pause Young (Allocation Failure)
[2025-04-16T14:54:30.926+0000][964.935s][info][gc,heap        ] GC(623) DefNew: 9182K(10176K)->100K(10176K) Eden: 9087K(9088K)->0K(9088K) From: 94K(1088K)->100K(1088K)
[2025-04-16T14:54:30.926+0000][964.935s][info][gc,heap        ] GC(623) Tenured: 14589K(22484K)->14591K(22484K)
[2025-04-16T14:54:30.926+0000][964.935s][info][gc,metaspace   ] GC(623) Metaspace: 37359K(37696K)->37359K(37696K) NonClass: 32932K(33088K)->32932K(33088K) Class: 4426K(4608K)->4426K(4608K)
[2025-04-16T14:54:30.926+0000][964.935s][info][gc             ] GC(623) Pause Young (Allocation Failure) 23M->14M(31M) 1.338ms
[2025-04-16T14:54:30.926+0000][964.935s][info][gc,cpu         ] GC(623) User=0.00s Sys=0.00s Real=0.00s
[2025-04-16T14:54:32.510+0000][966.519s][info][gc,start       ] GC(624) Pause Young (Allocation Failure)
[2025-04-16T14:54:32.511+0000][966.520s][info][gc,heap        ] GC(624) DefNew: 9188K(10176K)->82K(10176K) Eden: 9088K(9088K)->0K(9088K) From: 100K(1088K)->82K(1088K)
[2025-04-16T14:54:32.511+0000][966.520s][info][gc,heap        ] GC(624) Tenured: 14591K(22484K)->14593K(22484K)
[2025-04-16T14:54:32.511+0000][966.520s][info][gc,metaspace   ] GC(624) Metaspace: 37359K(37696K)->37359K(37696K) NonClass: 32932K(33088K)->32932K(33088K) Class: 4426K(4608K)->4426K(4608K)
[2025-04-16T14:54:32.511+0000][966.520s][info][gc             ] GC(624) Pause Young (Allocation Failure) 23M->14M(31M) 1.226ms
[2025-04-16T14:54:32.511+0000][966.520s][info][gc,cpu         ] GC(624) User=0.00s Sys=0.00s Real=0.00s
[2025-04-16T14:54:33.991+0000][968.000s][info][gc,start       ] GC(625) Pause Young (Allocation Failure)
[2025-04-16T14:54:33.993+0000][968.002s][info][gc,heap        ] GC(625) DefNew: 9170K(10176K)->87K(10176K) Eden: 9088K(9088K)->0K(9088K) From: 82K(1088K)->87K(1088K)
[2025-04-16T14:54:33.993+0000][968.002s][info][gc,heap        ] GC(625) Tenured: 14593K(22484K)->14593K(22484K)
[2025-04-16T14:54:33.993+0000][968.002s][info][gc,metaspace   ] GC(625) Metaspace: 37359K(37696K)->37359K(37696K) NonClass: 32932K(33088K)->32932K(33088K) Class: 4426K(4608K)->4426K(4608K)
[2025-04-16T14:54:33.993+0000][968.002s][info][gc             ] GC(625) Pause Young (Allocation Failure) 23M->14M(31M) 1.303ms
[2025-04-16T14:54:33.993+0000][968.002s][info][gc,cpu         ] GC(625) User=0.00s Sys=0.00s Real=0.00s
[2025-04-16T14:54:35.478+0000][969.487s][info][gc,start       ] GC(626) Pause Young (Allocation Failure)
[2025-04-16T14:54:35.479+0000][969.488s][info][gc,heap        ] GC(626) DefNew: 9175K(10176K)->97K(10176K) Eden: 9088K(9088K)->0K(9088K) From: 87K(1088K)->97K(1088K)
[2025-04-16T14:54:35.479+0000][969.488s][info][gc,heap        ] GC(626) Tenured: 14593K(22484K)->14593K(22484K)
[2025-04-16T14:54:35.479+0000][969.488s][info][gc,metaspace   ] GC(626) Metaspace: 37359K(37696K)->37359K(37696K) NonClass: 32932K(33088K)->32932K(33088K) Class: 4426K(4608K)->4426K(4608K)
[2025-04-16T14:54:35.479+0000][969.488s][info][gc             ] GC(626) Pause Young (Allocation Failure) 23M->14M(31M) 1.332ms
[2025-04-16T14:54:35.479+0000][969.488s][info][gc,cpu         ] GC(626) User=0.00s Sys=0.00s Real=0.00s
[2025-04-16T14:54:37.268+0000][971.277s][info][gc,start       ] GC(627) Pause Young (Allocation Failure)
[2025-04-16T14:54:37.269+0000][971.278s][info][gc,heap        ] GC(627) DefNew: 9185K(10176K)->107K(10176K) Eden: 9088K(9088K)->0K(9088K) From: 97K(1088K)->107K(1088K)
[2025-04-16T14:54:37.269+0000][971.278s][info][gc,heap        ] GC(627) Tenured: 14593K(22484K)->14593K(22484K)
[2025-04-16T14:54:37.269+0000][971.278s][info][gc,metaspace   ] GC(627) Metaspace: 37359K(37696K)->37359K(37696K) NonClass: 32932K(33088K)->32932K(33088K) Class: 4426K(4608K)->4426K(4608K)
[2025-04-16T14:54:37.269+0000][971.278s][info][gc             ] GC(627) Pause Young (Allocation Failure) 23M->14M(31M) 1.398ms
[2025-04-16T14:54:37.269+0000][971.278s][info][gc,cpu         ] GC(627) User=0.00s Sys=0.00s Real=0.00s
[2025-04-16T14:54:38.958+0000][972.967s][info][gc,start       ] GC(628) Pause Young (Allocation Failure)
[2025-04-16T14:54:38.959+0000][972.968s][info][gc,heap        ] GC(628) DefNew: 9195K(10176K)->100K(10176K) Eden: 9088K(9088K)->0K(9088K) From: 107K(1088K)->100K(1088K)
[2025-04-16T14:54:38.959+0000][972.968s][info][gc,heap        ] GC(628) Tenured: 14593K(22484K)->14595K(22484K)
[2025-04-16T14:54:38.959+0000][972.968s][info][gc,metaspace   ] GC(628) Metaspace: 37359K(37696K)->37359K(37696K) NonClass: 32932K(33088K)->32932K(33088K) Class: 4426K(4608K)->4426K(4608K)
[2025-04-16T14:54:38.959+0000][972.968s][info][gc             ] GC(628) Pause Young (Allocation Failure) 23M->14M(31M) 1.359ms
[2025-04-16T14:54:38.959+0000][972.968s][info][gc,cpu         ] GC(628) User=0.00s Sys=0.00s Real=0.00s
[2025-04-16T14:54:40.292+0000][974.301s][info][gc,start       ] GC(629) Pause Young (Allocation Failure)
[2025-04-16T14:54:40.293+0000][974.302s][info][gc,heap        ] GC(629) DefNew: 9182K(10176K)->84K(10176K) Eden: 9082K(9088K)->0K(9088K) From: 100K(1088K)->84K(1088K)
[2025-04-16T14:54:40.293+0000][974.302s][info][gc,heap        ] GC(629) Tenured: 14595K(22484K)->14596K(22484K)
[2025-04-16T14:54:40.293+0000][974.302s][info][gc,metaspace   ] GC(629) Metaspace: 37359K(37696K)->37359K(37696K) NonClass: 32932K(33088K)->32932K(33088K) Class: 4426K(4608K)->4426K(4608K)
[2025-04-16T14:54:40.293+0000][974.302s][info][gc             ] GC(629) Pause Young (Allocation Failure) 23M->14M(31M) 1.472ms
[2025-04-16T14:54:40.293+0000][974.302s][info][gc,cpu         ] GC(629) User=0.00s Sys=0.00s Real=0.00s
[2025-04-16T14:54:42.072+0000][976.081s][info][gc,start       ] GC(630) Pause Young (Allocation Failure)
[2025-04-16T14:54:42.073+0000][976.082s][info][gc,heap        ] GC(630) DefNew: 9172K(10176K)->90K(10176K) Eden: 9088K(9088K)->0K(9088K) From: 84K(1088K)->90K(1088K)
[2025-04-16T14:54:42.073+0000][976.082s][info][gc,heap        ] GC(630) Tenured: 14596K(22484K)->14596K(22484K)
[2025-04-16T14:54:42.073+0000][976.082s][info][gc,metaspace   ] GC(630) Metaspace: 37359K(37696K)->37359K(37696K) NonClass: 32932K(33088K)->32932K(33088K) Class: 4426K(4608K)->4426K(4608K)
[2025-04-16T14:54:42.073+0000][976.082s][info][gc             ] GC(630) Pause Young (Allocation Failure) 23M->14M(31M) 1.268ms
[2025-04-16T14:54:42.073+0000][976.082s][info][gc,cpu         ] GC(630) User=0.00s Sys=0.00s Real=0.00s
[2025-04-16T14:54:43.871+0000][977.880s][info][gc,start       ] GC(631) Pause Young (Allocation Failure)
[2025-04-16T14:54:43.872+0000][977.881s][info][gc,heap        ] GC(631) DefNew: 9178K(10176K)->84K(10176K) Eden: 9088K(9088K)->0K(9088K) From: 90K(1088K)->84K(1088K)
[2025-04-16T14:54:43.872+0000][977.881s][info][gc,heap        ] GC(631) Tenured: 14596K(22484K)->14598K(22484K)
[2025-04-16T14:54:43.872+0000][977.881s][info][gc,metaspace   ] GC(631) Metaspace: 37359K(37696K)->37359K(37696K) NonClass: 32932K(33088K)->32932K(33088K) Class: 4426K(4608K)->4426K(4608K)
[2025-04-16T14:54:43.872+0000][977.881s][info][gc             ] GC(631) Pause Young (Allocation Failure) 23M->14M(31M) 1.200ms
[2025-04-16T14:54:43.872+0000][977.881s][info][gc,cpu         ] GC(631) User=0.00s Sys=0.00s Real=0.00s
[2025-04-16T14:54:45.264+0000][979.273s][info][gc,start       ] GC(632) Pause Young (Allocation Failure)
[2025-04-16T14:54:45.265+0000][979.274s][info][gc,heap        ] GC(632) DefNew: 9172K(10176K)->109K(10176K) Eden: 9088K(9088K)->0K(9088K) From: 84K(1088K)->109K(1088K)
[2025-04-16T14:54:45.265+0000][979.274s][info][gc,heap        ] GC(632) Tenured: 14598K(22484K)->14598K(22484K)
[2025-04-16T14:54:45.265+0000][979.274s][info][gc,metaspace   ] GC(632) Metaspace: 37359K(37696K)->37359K(37696K) NonClass: 32932K(33088K)->32932K(33088K) Class: 4426K(4608K)->4426K(4608K)
[2025-04-16T14:54:45.265+0000][979.274s][info][gc             ] GC(632) Pause Young (Allocation Failure) 23M->14M(31M) 1.263ms
[2025-04-16T14:54:45.265+0000][979.274s][info][gc,cpu         ] GC(632) User=0.00s Sys=0.00s Real=0.01s
[2025-04-16T14:54:47.113+0000][981.122s][info][gc,start       ] GC(633) Pause Young (Allocation Failure)
[2025-04-16T14:54:47.114+0000][981.123s][info][gc,heap        ] GC(633) DefNew: 9197K(10176K)->104K(10176K) Eden: 9088K(9088K)->0K(9088K) From: 109K(1088K)->104K(1088K)
[2025-04-16T14:54:47.114+0000][981.123s][info][gc,heap        ] GC(633) Tenured: 14598K(22484K)->14598K(22484K)
[2025-04-16T14:54:47.114+0000][981.123s][info][gc,metaspace   ] GC(633) Metaspace: 37359K(37696K)->37359K(37696K) NonClass: 32932K(33088K)->32932K(33088K) Class: 4426K(4608K)->4426K(4608K)
[2025-04-16T14:54:47.114+0000][981.123s][info][gc             ] GC(633) Pause Young (Allocation Failure) 23M->14M(31M) 1.222ms
[2025-04-16T14:54:47.114+0000][981.123s][info][gc,cpu         ] GC(633) User=0.00s Sys=0.00s Real=0.01s
[2025-04-16T14:54:48.810+0000][982.819s][info][gc,start       ] GC(634) Pause Young (Allocation Failure)
[2025-04-16T14:54:48.811+0000][982.820s][info][gc,heap        ] GC(634) DefNew: 9192K(10176K)->99K(10176K) Eden: 9088K(9088K)->0K(9088K) From: 104K(1088K)->99K(1088K)
[2025-04-16T14:54:48.811+0000][982.820s][info][gc,heap        ] GC(634) Tenured: 14598K(22484K)->14599K(22484K)
[2025-04-16T14:54:48.811+0000][982.820s][info][gc,metaspace   ] GC(634) Metaspace: 37359K(37696K)->37359K(37696K) NonClass: 32932K(33088K)->32932K(33088K) Class: 4426K(4608K)->4426K(4608K)
[2025-04-16T14:54:48.811+0000][982.820s][info][gc             ] GC(634) Pause Young (Allocation Failure) 23M->14M(31M) 1.360ms
[2025-04-16T14:54:48.811+0000][982.820s][info][gc,cpu         ] GC(634) User=0.00s Sys=0.00s Real=0.00s
[2025-04-16T14:54:50.410+0000][984.419s][info][gc,start       ] GC(635) Pause Young (Allocation Failure)
[2025-04-16T14:54:50.411+0000][984.420s][info][gc,heap        ] GC(635) DefNew: 9172K(10176K)->87K(10176K) Eden: 9072K(9088K)->0K(9088K) From: 99K(1088K)->87K(1088K)
[2025-04-16T14:54:50.411+0000][984.420s][info][gc,heap        ] GC(635) Tenured: 14599K(22484K)->14601K(22484K)
[2025-04-16T14:54:50.411+0000][984.420s][info][gc,metaspace   ] GC(635) Metaspace: 37359K(37696K)->37359K(37696K) NonClass: 32932K(33088K)->32932K(33088K) Class: 4426K(4608K)->4426K(4608K)
[2025-04-16T14:54:50.411+0000][984.420s][info][gc             ] GC(635) Pause Young (Allocation Failure) 23M->14M(31M) 1.272ms
[2025-04-16T14:54:50.411+0000][984.420s][info][gc,cpu         ] GC(635) User=0.01s Sys=0.00s Real=0.00s
[2025-04-16T14:54:51.912+0000][985.921s][info][gc,start       ] GC(636) Pause Young (Allocation Failure)
[2025-04-16T14:54:51.913+0000][985.922s][info][gc,heap        ] GC(636) DefNew: 9175K(10176K)->84K(10176K) Eden: 9088K(9088K)->0K(9088K) From: 87K(1088K)->84K(1088K)
[2025-04-16T14:54:51.913+0000][985.922s][info][gc,heap        ] GC(636) Tenured: 14601K(22484K)->14601K(22484K)
[2025-04-16T14:54:51.913+0000][985.922s][info][gc,metaspace   ] GC(636) Metaspace: 37359K(37696K)->37359K(37696K) NonClass: 32932K(33088K)->32932K(33088K) Class: 4426K(4608K)->4426K(4608K)
[2025-04-16T14:54:51.913+0000][985.922s][info][gc             ] GC(636) Pause Young (Allocation Failure) 23M->14M(31M) 1.165ms
[2025-04-16T14:54:51.913+0000][985.922s][info][gc,cpu         ] GC(636) User=0.00s Sys=0.00s Real=0.00s
[2025-04-16T14:54:53.488+0000][987.497s][info][gc,start       ] GC(637) Pause Young (Allocation Failure)
[2025-04-16T14:54:53.489+0000][987.498s][info][gc,heap        ] GC(637) DefNew: 9172K(10176K)->120K(10176K) Eden: 9088K(9088K)->0K(9088K) From: 84K(1088K)->120K(1088K)
[2025-04-16T14:54:53.489+0000][987.498s][info][gc,heap        ] GC(637) Tenured: 14601K(22484K)->14601K(22484K)
[2025-04-16T14:54:53.489+0000][987.498s][info][gc,metaspace   ] GC(637) Metaspace: 37359K(37696K)->37359K(37696K) NonClass: 32932K(33088K)->32932K(33088K) Class: 4426K(4608K)->4426K(4608K)
[2025-04-16T14:54:53.489+0000][987.498s][info][gc             ] GC(637) Pause Young (Allocation Failure) 23M->14M(31M) 1.265ms
[2025-04-16T14:54:53.489+0000][987.498s][info][gc,cpu         ] GC(637) User=0.00s Sys=0.00s Real=0.00s
[2025-04-16T14:54:54.968+0000][988.977s][info][gc,start       ] GC(638) Pause Young (Allocation Failure)
[2025-04-16T14:54:54.969+0000][988.978s][info][gc,heap        ] GC(638) DefNew: 9208K(10176K)->100K(10176K) Eden: 9088K(9088K)->0K(9088K) From: 120K(1088K)->100K(1088K)
[2025-04-16T14:54:54.969+0000][988.978s][info][gc,heap        ] GC(638) Tenured: 14601K(22484K)->14604K(22484K)
[2025-04-16T14:54:54.969+0000][988.978s][info][gc,metaspace   ] GC(638) Metaspace: 37359K(37696K)->37359K(37696K) NonClass: 32932K(33088K)->32932K(33088K) Class: 4426K(4608K)->4426K(4608K)
[2025-04-16T14:54:54.969+0000][988.978s][info][gc             ] GC(638) Pause Young (Allocation Failure) 23M->14M(31M) 1.553ms
[2025-04-16T14:54:54.969+0000][988.978s][info][gc,cpu         ] GC(638) User=0.01s Sys=0.00s Real=0.00s
[2025-04-16T14:54:56.778+0000][990.787s][info][gc,start       ] GC(639) Pause Young (Allocation Failure)
[2025-04-16T14:54:56.779+0000][990.788s][info][gc,heap        ] GC(639) DefNew: 9188K(10176K)->88K(10176K) Eden: 9088K(9088K)->0K(9088K) From: 100K(1088K)->88K(1088K)
[2025-04-16T14:54:56.779+0000][990.788s][info][gc,heap        ] GC(639) Tenured: 14604K(22484K)->14605K(22484K)
[2025-04-16T14:54:56.779+0000][990.788s][info][gc,metaspace   ] GC(639) Metaspace: 37359K(37696K)->37359K(37696K) NonClass: 32932K(33088K)->32932K(33088K) Class: 4426K(4608K)->4426K(4608K)
[2025-04-16T14:54:56.779+0000][990.788s][info][gc             ] GC(639) Pause Young (Allocation Failure) 23M->14M(31M) 1.369ms
[2025-04-16T14:54:56.779+0000][990.788s][info][gc,cpu         ] GC(639) User=0.00s Sys=0.00s Real=0.00s
[2025-04-16T14:54:58.300+0000][992.309s][info][gc,start       ] GC(640) Pause Young (Allocation Failure)
[2025-04-16T14:54:58.301+0000][992.310s][info][gc,heap        ] GC(640) DefNew: 9176K(10176K)->83K(10176K) Eden: 9088K(9088K)->0K(9088K) From: 88K(1088K)->83K(1088K)
[2025-04-16T14:54:58.301+0000][992.310s][info][gc,heap        ] GC(640) Tenured: 14605K(22484K)->14605K(22484K)
[2025-04-16T14:54:58.301+0000][992.310s][info][gc,metaspace   ] GC(640) Metaspace: 37359K(37696K)->37359K(37696K) NonClass: 32932K(33088K)->32932K(33088K) Class: 4426K(4608K)->4426K(4608K)
[2025-04-16T14:54:58.301+0000][992.310s][info][gc             ] GC(640) Pause Young (Allocation Failure) 23M->14M(31M) 1.257ms
[2025-04-16T14:54:58.301+0000][992.310s][info][gc,cpu         ] GC(640) User=0.00s Sys=0.00s Real=0.00s
[2025-04-16T14:54:59.921+0000][993.930s][info][gc,start       ] GC(641) Pause Young (Allocation Failure)
[2025-04-16T14:54:59.922+0000][993.931s][info][gc,heap        ] GC(641) DefNew: 9171K(10176K)->83K(10176K) Eden: 9088K(9088K)->0K(9088K) From: 83K(1088K)->83K(1088K)
[2025-04-16T14:54:59.922+0000][993.931s][info][gc,heap        ] GC(641) Tenured: 14605K(22484K)->14605K(22484K)
[2025-04-16T14:54:59.922+0000][993.931s][info][gc,metaspace   ] GC(641) Metaspace: 37359K(37696K)->37359K(37696K) NonClass: 32932K(33088K)->32932K(33088K) Class: 4426K(4608K)->4426K(4608K)
[2025-04-16T14:54:59.922+0000][993.931s][info][gc             ] GC(641) Pause Young (Allocation Failure) 23M->14M(31M) 1.327ms
[2025-04-16T14:54:59.922+0000][993.931s][info][gc,cpu         ] GC(641) User=0.00s Sys=0.00s Real=0.00s
[2025-04-16T14:55:01.586+0000][995.595s][info][gc,start       ] GC(642) Pause Young (Allocation Failure)
[2025-04-16T14:55:01.587+0000][995.596s][info][gc,heap        ] GC(642) DefNew: 9171K(10176K)->105K(10176K) Eden: 9088K(9088K)->0K(9088K) From: 83K(1088K)->105K(1088K)
[2025-04-16T14:55:01.587+0000][995.596s][info][gc,heap        ] GC(642) Tenured: 14605K(22484K)->14605K(22484K)
[2025-04-16T14:55:01.587+0000][995.596s][info][gc,metaspace   ] GC(642) Metaspace: 37359K(37696K)->37359K(37696K) NonClass: 32932K(33088K)->32932K(33088K) Class: 4426K(4608K)->4426K(4608K)
[2025-04-16T14:55:01.587+0000][995.596s][info][gc             ] GC(642) Pause Young (Allocation Failure) 23M->14M(31M) 1.333ms
[2025-04-16T14:55:01.587+0000][995.596s][info][gc,cpu         ] GC(642) User=0.00s Sys=0.00s Real=0.00s
[2025-04-16T14:55:03.194+0000][997.203s][info][gc,start       ] GC(643) Pause Young (Allocation Failure)
[2025-04-16T14:55:03.195+0000][997.204s][info][gc,heap        ] GC(643) DefNew: 9193K(10176K)->99K(10176K) Eden: 9088K(9088K)->0K(9088K) From: 105K(1088K)->99K(1088K)
[2025-04-16T14:55:03.195+0000][997.204s][info][gc,heap        ] GC(643) Tenured: 14605K(22484K)->14606K(22484K)
[2025-04-16T14:55:03.195+0000][997.204s][info][gc,metaspace   ] GC(643) Metaspace: 37359K(37696K)->37359K(37696K) NonClass: 32932K(33088K)->32932K(33088K) Class: 4426K(4608K)->4426K(4608K)
[2025-04-16T14:55:03.195+0000][997.204s][info][gc             ] GC(643) Pause Young (Allocation Failure) 23M->14M(31M) 1.362ms
[2025-04-16T14:55:03.195+0000][997.204s][info][gc,cpu         ] GC(643) User=0.00s Sys=0.00s Real=0.01s
[2025-04-16T14:55:04.506+0000][998.515s][info][gc,start       ] GC(644) Pause Young (Allocation Failure)
[2025-04-16T14:55:04.507+0000][998.516s][info][gc,heap        ] GC(644) DefNew: 9187K(10176K)->84K(10176K) Eden: 9088K(9088K)->0K(9088K) From: 99K(1088K)->84K(1088K)
[2025-04-16T14:55:04.507+0000][998.516s][info][gc,heap        ] GC(644) Tenured: 14606K(22484K)->14609K(22484K)
[2025-04-16T14:55:04.507+0000][998.516s][info][gc,metaspace   ] GC(644) Metaspace: 37359K(37696K)->37359K(37696K) NonClass: 32932K(33088K)->32932K(33088K) Class: 4426K(4608K)->4426K(4608K)
[2025-04-16T14:55:04.507+0000][998.516s][info][gc             ] GC(644) Pause Young (Allocation Failure) 23M->14M(31M) 1.272ms
[2025-04-16T14:55:04.507+0000][998.516s][info][gc,cpu         ] GC(644) User=0.00s Sys=0.00s Real=0.00s
[2025-04-16T14:55:06.180+0000][1000.189s][info][gc,start       ] GC(645) Pause Young (Allocation Failure)
[2025-04-16T14:55:06.182+0000][1000.191s][info][gc,heap        ] GC(645) DefNew: 9172K(10176K)->79K(10176K) Eden: 9088K(9088K)->0K(9088K) From: 84K(1088K)->79K(1088K)
[2025-04-16T14:55:06.182+0000][1000.191s][info][gc,heap        ] GC(645) Tenured: 14609K(22484K)->14611K(22484K)
[2025-04-16T14:55:06.182+0000][1000.191s][info][gc,metaspace   ] GC(645) Metaspace: 37359K(37696K)->37359K(37696K) NonClass: 32932K(33088K)->32932K(33088K) Class: 4426K(4608K)->4426K(4608K)
[2025-04-16T14:55:06.182+0000][1000.191s][info][gc             ] GC(645) Pause Young (Allocation Failure) 23M->14M(31M) 1.420ms
[2025-04-16T14:55:06.182+0000][1000.191s][info][gc,cpu         ] GC(645) User=0.00s Sys=0.00s Real=0.00s
[2025-04-16T14:55:07.924+0000][1001.933s][info][gc,start       ] GC(646) Pause Young (Allocation Failure)
[2025-04-16T14:55:07.925+0000][1001.934s][info][gc,heap        ] GC(646) DefNew: 9167K(10176K)->82K(10176K) Eden: 9088K(9088K)->0K(9088K) From: 79K(1088K)->82K(1088K)
[2025-04-16T14:55:07.925+0000][1001.934s][info][gc,heap        ] GC(646) Tenured: 14611K(22484K)->14611K(22484K)
[2025-04-16T14:55:07.925+0000][1001.934s][info][gc,metaspace   ] GC(646) Metaspace: 37359K(37696K)->37359K(37696K) NonClass: 32933K(33088K)->32933K(33088K) Class: 4426K(4608K)->4426K(4608K)
[2025-04-16T14:55:07.925+0000][1001.934s][info][gc             ] GC(646) Pause Young (Allocation Failure) 23M->14M(31M) 1.282ms
[2025-04-16T14:55:07.925+0000][1001.934s][info][gc,cpu         ] GC(646) User=0.00s Sys=0.00s Real=0.01s
[2025-04-16T14:55:09.384+0000][1003.393s][info][gc,start       ] GC(647) Pause Young (Allocation Failure)
[2025-04-16T14:55:09.386+0000][1003.395s][info][gc,heap        ] GC(647) DefNew: 9170K(10176K)->92K(10176K) Eden: 9088K(9088K)->0K(9088K) From: 82K(1088K)->92K(1088K)
[2025-04-16T14:55:09.386+0000][1003.395s][info][gc,heap        ] GC(647) Tenured: 14611K(22484K)->14613K(22484K)
[2025-04-16T14:55:09.386+0000][1003.395s][info][gc,metaspace   ] GC(647) Metaspace: 37359K(37696K)->37359K(37696K) NonClass: 32933K(33088K)->32933K(33088K) Class: 4426K(4608K)->4426K(4608K)
[2025-04-16T14:55:09.386+0000][1003.395s][info][gc             ] GC(647) Pause Young (Allocation Failure) 23M->14M(31M) 1.306ms
[2025-04-16T14:55:09.386+0000][1003.395s][info][gc,cpu         ] GC(647) User=0.00s Sys=0.00s Real=0.00s
[2025-04-16T14:55:11.147+0000][1005.156s][info][gc,start       ] GC(648) Pause Young (Allocation Failure)
[2025-04-16T14:55:11.148+0000][1005.157s][info][gc,heap        ] GC(648) DefNew: 9180K(10176K)->83K(10176K) Eden: 9088K(9088K)->0K(9088K) From: 92K(1088K)->83K(1088K)
[2025-04-16T14:55:11.148+0000][1005.157s][info][gc,heap        ] GC(648) Tenured: 14613K(22484K)->14614K(22484K)
[2025-04-16T14:55:11.148+0000][1005.157s][info][gc,metaspace   ] GC(648) Metaspace: 37359K(37696K)->37359K(37696K) NonClass: 32933K(33088K)->32933K(33088K) Class: 4426K(4608K)->4426K(4608K)
[2025-04-16T14:55:11.148+0000][1005.157s][info][gc             ] GC(648) Pause Young (Allocation Failure) 23M->14M(31M) 1.288ms
[2025-04-16T14:55:11.148+0000][1005.157s][info][gc,cpu         ] GC(648) User=0.00s Sys=0.00s Real=0.00s
[2025-04-16T14:55:12.919+0000][1006.928s][info][gc,start       ] GC(649) Pause Young (Allocation Failure)
[2025-04-16T14:55:12.920+0000][1006.929s][info][gc,heap        ] GC(649) DefNew: 9171K(10176K)->75K(10176K) Eden: 9088K(9088K)->0K(9088K) From: 83K(1088K)->75K(1088K)
[2025-04-16T14:55:12.920+0000][1006.929s][info][gc,heap        ] GC(649) Tenured: 14614K(22484K)->14614K(22484K)
[2025-04-16T14:55:12.920+0000][1006.929s][info][gc,metaspace   ] GC(649) Metaspace: 37359K(37696K)->37359K(37696K) NonClass: 32933K(33088K)->32933K(33088K) Class: 4426K(4608K)->4426K(4608K)
[2025-04-16T14:55:12.920+0000][1006.929s][info][gc             ] GC(649) Pause Young (Allocation Failure) 23M->14M(31M) 1.243ms
[2025-04-16T14:55:12.920+0000][1006.929s][info][gc,cpu         ] GC(649) User=0.00s Sys=0.00s Real=0.00s
[2025-04-16T14:55:14.703+0000][1008.712s][info][gc,start       ] GC(650) Pause Young (Allocation Failure)
[2025-04-16T14:55:14.704+0000][1008.713s][info][gc,heap        ] GC(650) DefNew: 9163K(10176K)->66K(10176K) Eden: 9088K(9088K)->0K(9088K) From: 75K(1088K)->66K(1088K)
[2025-04-16T14:55:14.704+0000][1008.713s][info][gc,heap        ] GC(650) Tenured: 14614K(22484K)->14614K(22484K)
[2025-04-16T14:55:14.704+0000][1008.713s][info][gc,metaspace   ] GC(650) Metaspace: 37359K(37696K)->37359K(37696K) NonClass: 32933K(33088K)->32933K(33088K) Class: 4426K(4608K)->4426K(4608K)
[2025-04-16T14:55:14.704+0000][1008.713s][info][gc             ] GC(650) Pause Young (Allocation Failure) 23M->14M(31M) 1.186ms
[2025-04-16T14:55:14.704+0000][1008.713s][info][gc,cpu         ] GC(650) User=0.00s Sys=0.00s Real=0.01s
[2025-04-16T14:55:16.146+0000][1010.155s][info][gc,start       ] GC(651) Pause Young (Allocation Failure)
[2025-04-16T14:55:16.147+0000][1010.156s][info][gc,heap        ] GC(651) DefNew: 9154K(10176K)->80K(10176K) Eden: 9088K(9088K)->0K(9088K) From: 66K(1088K)->80K(1088K)
[2025-04-16T14:55:16.147+0000][1010.156s][info][gc,heap        ] GC(651) Tenured: 14614K(22484K)->14614K(22484K)
[2025-04-16T14:55:16.147+0000][1010.156s][info][gc,metaspace   ] GC(651) Metaspace: 37359K(37696K)->37359K(37696K) NonClass: 32933K(33088K)->32933K(33088K) Class: 4426K(4608K)->4426K(4608K)
[2025-04-16T14:55:16.147+0000][1010.156s][info][gc             ] GC(651) Pause Young (Allocation Failure) 23M->14M(31M) 1.213ms
[2025-04-16T14:55:16.147+0000][1010.156s][info][gc,cpu         ] GC(651) User=0.01s Sys=0.00s Real=0.00s
[2025-04-16T14:55:18.039+0000][1012.048s][info][gc,start       ] GC(652) Pause Young (Allocation Failure)
[2025-04-16T14:55:18.040+0000][1012.049s][info][gc,heap        ] GC(652) DefNew: 9168K(10176K)->75K(10176K) Eden: 9088K(9088K)->0K(9088K) From: 80K(1088K)->75K(1088K)
[2025-04-16T14:55:18.040+0000][1012.049s][info][gc,heap        ] GC(652) Tenured: 14614K(22484K)->14615K(22484K)
[2025-04-16T14:55:18.040+0000][1012.049s][info][gc,metaspace   ] GC(652) Metaspace: 37359K(37696K)->37359K(37696K) NonClass: 32933K(33088K)->32933K(33088K) Class: 4426K(4608K)->4426K(4608K)
[2025-04-16T14:55:18.040+0000][1012.050s][info][gc             ] GC(652) Pause Young (Allocation Failure) 23M->14M(31M) 1.232ms
[2025-04-16T14:55:18.041+0000][1012.050s][info][gc,cpu         ] GC(652) User=0.00s Sys=0.00s Real=0.00s
[2025-04-16T14:55:19.824+0000][1013.833s][info][gc,start       ] GC(653) Pause Young (Allocation Failure)
[2025-04-16T14:55:19.825+0000][1013.834s][info][gc,heap        ] GC(653) DefNew: 9163K(10176K)->91K(10176K) Eden: 9088K(9088K)->0K(9088K) From: 75K(1088K)->91K(1088K)
[2025-04-16T14:55:19.825+0000][1013.834s][info][gc,heap        ] GC(653) Tenured: 14615K(22484K)->14615K(22484K)
[2025-04-16T14:55:19.825+0000][1013.834s][info][gc,metaspace   ] GC(653) Metaspace: 37359K(37696K)->37359K(37696K) NonClass: 32933K(33088K)->32933K(33088K) Class: 4426K(4608K)->4426K(4608K)
[2025-04-16T14:55:19.825+0000][1013.834s][info][gc             ] GC(653) Pause Young (Allocation Failure) 23M->14M(31M) 1.373ms
[2025-04-16T14:55:19.825+0000][1013.834s][info][gc,cpu         ] GC(653) User=0.00s Sys=0.00s Real=0.01s
[2025-04-16T14:55:21.340+0000][1015.349s][info][gc,start       ] GC(654) Pause Young (Allocation Failure)
[2025-04-16T14:55:21.341+0000][1015.350s][info][gc,heap        ] GC(654) DefNew: 9179K(10176K)->91K(10176K) Eden: 9088K(9088K)->0K(9088K) From: 91K(1088K)->91K(1088K)
[2025-04-16T14:55:21.341+0000][1015.350s][info][gc,heap        ] GC(654) Tenured: 14615K(22484K)->14615K(22484K)
[2025-04-16T14:55:21.341+0000][1015.350s][info][gc,metaspace   ] GC(654) Metaspace: 37359K(37696K)->37359K(37696K) NonClass: 32933K(33088K)->32933K(33088K) Class: 4426K(4608K)->4426K(4608K)
[2025-04-16T14:55:21.341+0000][1015.350s][info][gc             ] GC(654) Pause Young (Allocation Failure) 23M->14M(31M) 1.306ms
[2025-04-16T14:55:21.341+0000][1015.350s][info][gc,cpu         ] GC(654) User=0.00s Sys=0.00s Real=0.00s
[2025-04-16T14:55:22.917+0000][1016.926s][info][gc,start       ] GC(655) Pause Young (Allocation Failure)
[2025-04-16T14:55:22.918+0000][1016.927s][info][gc,heap        ] GC(655) DefNew: 9179K(10176K)->73K(10176K) Eden: 9088K(9088K)->0K(9088K) From: 91K(1088K)->73K(1088K)
[2025-04-16T14:55:22.918+0000][1016.927s][info][gc,heap        ] GC(655) Tenured: 14615K(22484K)->14615K(22484K)
[2025-04-16T14:55:22.918+0000][1016.927s][info][gc,metaspace   ] GC(655) Metaspace: 37359K(37696K)->37359K(37696K) NonClass: 32933K(33088K)->32933K(33088K) Class: 4426K(4608K)->4426K(4608K)
[2025-04-16T14:55:22.918+0000][1016.927s][info][gc             ] GC(655) Pause Young (Allocation Failure) 23M->14M(31M) 1.321ms
[2025-04-16T14:55:22.918+0000][1016.927s][info][gc,cpu         ] GC(655) User=0.00s Sys=0.00s Real=0.00s
[2025-04-16T14:55:24.629+0000][1018.638s][info][gc,start       ] GC(656) Pause Young (Allocation Failure)
[2025-04-16T14:55:24.630+0000][1018.639s][info][gc,heap        ] GC(656) DefNew: 9161K(10176K)->77K(10176K) Eden: 9088K(9088K)->0K(9088K) From: 73K(1088K)->77K(1088K)
[2025-04-16T14:55:24.630+0000][1018.639s][info][gc,heap        ] GC(656) Tenured: 14615K(22484K)->14616K(22484K)
[2025-04-16T14:55:24.630+0000][1018.639s][info][gc,metaspace   ] GC(656) Metaspace: 37359K(37696K)->37359K(37696K) NonClass: 32933K(33088K)->32933K(33088K) Class: 4426K(4608K)->4426K(4608K)
[2025-04-16T14:55:24.630+0000][1018.639s][info][gc             ] GC(656) Pause Young (Allocation Failure) 23M->14M(31M) 1.335ms
[2025-04-16T14:55:24.630+0000][1018.639s][info][gc,cpu         ] GC(656) User=0.01s Sys=0.00s Real=0.00s
[2025-04-16T14:55:26.080+0000][1020.089s][info][gc,start       ] GC(657) Pause Young (Allocation Failure)
[2025-04-16T14:55:26.081+0000][1020.090s][info][gc,heap        ] GC(657) DefNew: 9165K(10176K)->79K(10176K) Eden: 9088K(9088K)->0K(9088K) From: 77K(1088K)->79K(1088K)
[2025-04-16T14:55:26.081+0000][1020.090s][info][gc,heap        ] GC(657) Tenured: 14616K(22484K)->14616K(22484K)
[2025-04-16T14:55:26.081+0000][1020.090s][info][gc,metaspace   ] GC(657) Metaspace: 37359K(37696K)->37359K(37696K) NonClass: 32933K(33088K)->32933K(33088K) Class: 4426K(4608K)->4426K(4608K)
[2025-04-16T14:55:26.081+0000][1020.090s][info][gc             ] GC(657) Pause Young (Allocation Failure) 23M->14M(31M) 1.221ms
[2025-04-16T14:55:26.081+0000][1020.090s][info][gc,cpu         ] GC(657) User=0.00s Sys=0.00s Real=0.00s
[2025-04-16T14:55:27.763+0000][1021.772s][info][gc,start       ] GC(658) Pause Young (Allocation Failure)
[2025-04-16T14:55:27.764+0000][1021.773s][info][gc,heap        ] GC(658) DefNew: 9167K(10176K)->73K(10176K) Eden: 9088K(9088K)->0K(9088K) From: 79K(1088K)->73K(1088K)
[2025-04-16T14:55:27.764+0000][1021.773s][info][gc,heap        ] GC(658) Tenured: 14616K(22484K)->14616K(22484K)
[2025-04-16T14:55:27.764+0000][1021.773s][info][gc,metaspace   ] GC(658) Metaspace: 37359K(37696K)->37359K(37696K) NonClass: 32933K(33088K)->32933K(33088K) Class: 4426K(4608K)->4426K(4608K)
[2025-04-16T14:55:27.764+0000][1021.773s][info][gc             ] GC(658) Pause Young (Allocation Failure) 23M->14M(31M) 1.204ms
[2025-04-16T14:55:27.764+0000][1021.773s][info][gc,cpu         ] GC(658) User=0.00s Sys=0.00s Real=0.00s
[2025-04-16T14:55:29.404+0000][1023.413s][info][gc,start       ] GC(659) Pause Young (Allocation Failure)
[2025-04-16T14:55:29.405+0000][1023.414s][info][gc,heap        ] GC(659) DefNew: 9161K(10176K)->91K(10176K) Eden: 9088K(9088K)->0K(9088K) From: 73K(1088K)->91K(1088K)
[2025-04-16T14:55:29.405+0000][1023.414s][info][gc,heap        ] GC(659) Tenured: 14616K(22484K)->14616K(22484K)
[2025-04-16T14:55:29.405+0000][1023.414s][info][gc,metaspace   ] GC(659) Metaspace: 37359K(37696K)->37359K(37696K) NonClass: 32933K(33088K)->32933K(33088K) Class: 4426K(4608K)->4426K(4608K)
[2025-04-16T14:55:29.405+0000][1023.414s][info][gc             ] GC(659) Pause Young (Allocation Failure) 23M->14M(31M) 1.328ms
[2025-04-16T14:55:29.405+0000][1023.414s][info][gc,cpu         ] GC(659) User=0.00s Sys=0.00s Real=0.00s
[2025-04-16T14:55:30.917+0000][1024.926s][info][gc,start       ] GC(660) Pause Young (Allocation Failure)
[2025-04-16T14:55:30.918+0000][1024.927s][info][gc,heap        ] GC(660) DefNew: 9179K(10176K)->90K(10176K) Eden: 9088K(9088K)->0K(9088K) From: 91K(1088K)->90K(1088K)
[2025-04-16T14:55:30.918+0000][1024.927s][info][gc,heap        ] GC(660) Tenured: 14616K(22484K)->14616K(22484K)
[2025-04-16T14:55:30.918+0000][1024.927s][info][gc,metaspace   ] GC(660) Metaspace: 37359K(37696K)->37359K(37696K) NonClass: 32933K(33088K)->32933K(33088K) Class: 4426K(4608K)->4426K(4608K)
[2025-04-16T14:55:30.918+0000][1024.927s][info][gc             ] GC(660) Pause Young (Allocation Failure) 23M->14M(31M) 1.192ms
[2025-04-16T14:55:30.918+0000][1024.927s][info][gc,cpu         ] GC(660) User=0.00s Sys=0.00s Real=0.00s
[2025-04-16T14:55:32.684+0000][1026.693s][info][gc,start       ] GC(661) Pause Young (Allocation Failure)
[2025-04-16T14:55:32.685+0000][1026.694s][info][gc,heap        ] GC(661) DefNew: 9178K(10176K)->74K(10176K) Eden: 9088K(9088K)->0K(9088K) From: 90K(1088K)->74K(1088K)
[2025-04-16T14:55:32.685+0000][1026.694s][info][gc,heap        ] GC(661) Tenured: 14616K(22484K)->14618K(22484K)
[2025-04-16T14:55:32.685+0000][1026.694s][info][gc,metaspace   ] GC(661) Metaspace: 37359K(37696K)->37359K(37696K) NonClass: 32933K(33088K)->32933K(33088K) Class: 4426K(4608K)->4426K(4608K)
[2025-04-16T14:55:32.685+0000][1026.694s][info][gc             ] GC(661) Pause Young (Allocation Failure) 23M->14M(31M) 1.456ms
[2025-04-16T14:55:32.685+0000][1026.694s][info][gc,cpu         ] GC(661) User=0.00s Sys=0.00s Real=0.01s
[2025-04-16T14:55:34.070+0000][1028.079s][info][gc,start       ] GC(662) Pause Young (Allocation Failure)
[2025-04-16T14:55:34.072+0000][1028.081s][info][gc,heap        ] GC(662) DefNew: 9162K(10176K)->76K(10176K) Eden: 9088K(9088K)->0K(9088K) From: 74K(1088K)->76K(1088K)
[2025-04-16T14:55:34.072+0000][1028.081s][info][gc,heap        ] GC(662) Tenured: 14618K(22484K)->14618K(22484K)
[2025-04-16T14:55:34.072+0000][1028.081s][info][gc,metaspace   ] GC(662) Metaspace: 37359K(37696K)->37359K(37696K) NonClass: 32933K(33088K)->32933K(33088K) Class: 4426K(4608K)->4426K(4608K)
[2025-04-16T14:55:34.072+0000][1028.081s][info][gc             ] GC(662) Pause Young (Allocation Failure) 23M->14M(31M) 1.219ms
[2025-04-16T14:55:34.072+0000][1028.081s][info][gc,cpu         ] GC(662) User=0.00s Sys=0.00s Real=0.00s
[2025-04-16T14:55:35.965+0000][1029.974s][info][gc,start       ] GC(663) Pause Young (Allocation Failure)
[2025-04-16T14:55:35.966+0000][1029.975s][info][gc,heap        ] GC(663) DefNew: 9164K(10176K)->71K(10176K) Eden: 9088K(9088K)->0K(9088K) From: 76K(1088K)->71K(1088K)
[2025-04-16T14:55:35.966+0000][1029.975s][info][gc,heap        ] GC(663) Tenured: 14618K(22484K)->14618K(22484K)
[2025-04-16T14:55:35.966+0000][1029.975s][info][gc,metaspace   ] GC(663) Metaspace: 37359K(37696K)->37359K(37696K) NonClass: 32933K(33088K)->32933K(33088K) Class: 4426K(4608K)->4426K(4608K)
[2025-04-16T14:55:35.966+0000][1029.975s][info][gc             ] GC(663) Pause Young (Allocation Failure) 23M->14M(31M) 1.284ms
[2025-04-16T14:55:35.966+0000][1029.975s][info][gc,cpu         ] GC(663) User=0.00s Sys=0.00s Real=0.00s
[2025-04-16T14:55:37.411+0000][1031.420s][info][gc,start       ] GC(664) Pause Young (Allocation Failure)
[2025-04-16T14:55:37.412+0000][1031.421s][info][gc,heap        ] GC(664) DefNew: 9159K(10176K)->94K(10176K) Eden: 9088K(9088K)->0K(9088K) From: 71K(1088K)->94K(1088K)
[2025-04-16T14:55:37.412+0000][1031.421s][info][gc,heap        ] GC(664) Tenured: 14618K(22484K)->14619K(22484K)
[2025-04-16T14:55:37.412+0000][1031.421s][info][gc,metaspace   ] GC(664) Metaspace: 37359K(37696K)->37359K(37696K) NonClass: 32933K(33088K)->32933K(33088K) Class: 4426K(4608K)->4426K(4608K)
[2025-04-16T14:55:37.412+0000][1031.421s][info][gc             ] GC(664) Pause Young (Allocation Failure) 23M->14M(31M) 1.360ms
[2025-04-16T14:55:37.412+0000][1031.421s][info][gc,cpu         ] GC(664) User=0.00s Sys=0.00s Real=0.00s
[2025-04-16T14:55:38.914+0000][1032.923s][info][gc,start       ] GC(665) Pause Young (Allocation Failure)
[2025-04-16T14:55:38.915+0000][1032.924s][info][gc,heap        ] GC(665) DefNew: 9177K(10176K)->79K(10176K) Eden: 9082K(9088K)->0K(9088K) From: 94K(1088K)->79K(1088K)
[2025-04-16T14:55:38.915+0000][1032.924s][info][gc,heap        ] GC(665) Tenured: 14619K(22484K)->14619K(22484K)
[2025-04-16T14:55:38.915+0000][1032.924s][info][gc,metaspace   ] GC(665) Metaspace: 37359K(37696K)->37359K(37696K) NonClass: 32933K(33088K)->32933K(33088K) Class: 4426K(4608K)->4426K(4608K)
[2025-04-16T14:55:38.915+0000][1032.924s][info][gc             ] GC(665) Pause Young (Allocation Failure) 23M->14M(31M) 1.171ms
[2025-04-16T14:55:38.915+0000][1032.924s][info][gc,cpu         ] GC(665) User=0.00s Sys=0.00s Real=0.01s
[2025-04-16T14:55:40.613+0000][1034.622s][info][gc,start       ] GC(666) Pause Young (Allocation Failure)
[2025-04-16T14:55:40.614+0000][1034.623s][info][gc,heap        ] GC(666) DefNew: 9167K(10176K)->73K(10176K) Eden: 9088K(9088K)->0K(9088K) From: 79K(1088K)->73K(1088K)
[2025-04-16T14:55:40.614+0000][1034.623s][info][gc,heap        ] GC(666) Tenured: 14619K(22484K)->14619K(22484K)
[2025-04-16T14:55:40.614+0000][1034.623s][info][gc,metaspace   ] GC(666) Metaspace: 37359K(37696K)->37359K(37696K) NonClass: 32933K(33088K)->32933K(33088K) Class: 4426K(4608K)->4426K(4608K)
[2025-04-16T14:55:40.614+0000][1034.623s][info][gc             ] GC(666) Pause Young (Allocation Failure) 23M->14M(31M) 1.335ms
[2025-04-16T14:55:40.614+0000][1034.623s][info][gc,cpu         ] GC(666) User=0.00s Sys=0.00s Real=0.01s
[2025-04-16T14:55:42.366+0000][1036.375s][info][gc,start       ] GC(667) Pause Young (Allocation Failure)
[2025-04-16T14:55:42.367+0000][1036.376s][info][gc,heap        ] GC(667) DefNew: 9161K(10176K)->60K(10176K) Eden: 9088K(9088K)->0K(9088K) From: 73K(1088K)->60K(1088K)
[2025-04-16T14:55:42.367+0000][1036.376s][info][gc,heap        ] GC(667) Tenured: 14619K(22484K)->14619K(22484K)
[2025-04-16T14:55:42.367+0000][1036.376s][info][gc,metaspace   ] GC(667) Metaspace: 37359K(37696K)->37359K(37696K) NonClass: 32933K(33088K)->32933K(33088K) Class: 4426K(4608K)->4426K(4608K)
[2025-04-16T14:55:42.367+0000][1036.376s][info][gc             ] GC(667) Pause Young (Allocation Failure) 23M->14M(31M) 1.197ms
[2025-04-16T14:55:42.367+0000][1036.376s][info][gc,cpu         ] GC(667) User=0.00s Sys=0.00s Real=0.00s
[2025-04-16T14:55:43.898+0000][1037.907s][info][gc,start       ] GC(668) Pause Young (Allocation Failure)
[2025-04-16T14:55:43.900+0000][1037.909s][info][gc,heap        ] GC(668) DefNew: 9148K(10176K)->72K(10176K) Eden: 9088K(9088K)->0K(9088K) From: 60K(1088K)->72K(1088K)
[2025-04-16T14:55:43.900+0000][1037.909s][info][gc,heap        ] GC(668) Tenured: 14619K(22484K)->14619K(22484K)
[2025-04-16T14:55:43.900+0000][1037.909s][info][gc,metaspace   ] GC(668) Metaspace: 37359K(37696K)->37359K(37696K) NonClass: 32933K(33088K)->32933K(33088K) Class: 4426K(4608K)->4426K(4608K)
[2025-04-16T14:55:43.900+0000][1037.909s][info][gc             ] GC(668) Pause Young (Allocation Failure) 23M->14M(31M) 1.312ms
[2025-04-16T14:55:43.900+0000][1037.909s][info][gc,cpu         ] GC(668) User=0.00s Sys=0.00s Real=0.00s
[2025-04-16T14:55:45.578+0000][1039.587s][info][gc,start       ] GC(669) Pause Young (Allocation Failure)
[2025-04-16T14:55:45.580+0000][1039.589s][info][gc,heap        ] GC(669) DefNew: 9160K(10176K)->70K(10176K) Eden: 9088K(9088K)->0K(9088K) From: 72K(1088K)->70K(1088K)
[2025-04-16T14:55:45.580+0000][1039.589s][info][gc,heap        ] GC(669) Tenured: 14619K(22484K)->14619K(22484K)
[2025-04-16T14:55:45.580+0000][1039.589s][info][gc,metaspace   ] GC(669) Metaspace: 37359K(37696K)->37359K(37696K) NonClass: 32933K(33088K)->32933K(33088K) Class: 4426K(4608K)->4426K(4608K)
[2025-04-16T14:55:45.580+0000][1039.589s][info][gc             ] GC(669) Pause Young (Allocation Failure) 23M->14M(31M) 1.250ms
[2025-04-16T14:55:45.580+0000][1039.589s][info][gc,cpu         ] GC(669) User=0.00s Sys=0.00s Real=0.00s
[2025-04-16T14:55:47.134+0000][1041.143s][info][gc,start       ] GC(670) Pause Young (Allocation Failure)
[2025-04-16T14:55:47.135+0000][1041.145s][info][gc,heap        ] GC(670) DefNew: 9158K(10176K)->90K(10176K) Eden: 9088K(9088K)->0K(9088K) From: 70K(1088K)->90K(1088K)
[2025-04-16T14:55:47.136+0000][1041.145s][info][gc,heap        ] GC(670) Tenured: 14619K(22484K)->14619K(22484K)
[2025-04-16T14:55:47.136+0000][1041.145s][info][gc,metaspace   ] GC(670) Metaspace: 37359K(37696K)->37359K(37696K) NonClass: 32933K(33088K)->32933K(33088K) Class: 4426K(4608K)->4426K(4608K)
[2025-04-16T14:55:47.136+0000][1041.145s][info][gc             ] GC(670) Pause Young (Allocation Failure) 23M->14M(31M) 1.306ms
[2025-04-16T14:55:47.136+0000][1041.145s][info][gc,cpu         ] GC(670) User=0.00s Sys=0.00s Real=0.00s
[2025-04-16T14:55:48.862+0000][1042.871s][info][gc,start       ] GC(671) Pause Young (Allocation Failure)
[2025-04-16T14:55:48.863+0000][1042.872s][info][gc,heap        ] GC(671) DefNew: 9178K(10176K)->89K(10176K) Eden: 9088K(9088K)->0K(9088K) From: 90K(1088K)->89K(1088K)
[2025-04-16T14:55:48.863+0000][1042.872s][info][gc,heap        ] GC(671) Tenured: 14619K(22484K)->14619K(22484K)
[2025-04-16T14:55:48.863+0000][1042.872s][info][gc,metaspace   ] GC(671) Metaspace: 37359K(37696K)->37359K(37696K) NonClass: 32933K(33088K)->32933K(33088K) Class: 4426K(4608K)->4426K(4608K)
[2025-04-16T14:55:48.863+0000][1042.872s][info][gc             ] GC(671) Pause Young (Allocation Failure) 23M->14M(31M) 1.291ms
[2025-04-16T14:55:48.863+0000][1042.872s][info][gc,cpu         ] GC(671) User=0.00s Sys=0.00s Real=0.00s
[2025-04-16T14:55:50.466+0000][1044.475s][info][gc,start       ] GC(672) Pause Young (Allocation Failure)
[2025-04-16T14:55:50.468+0000][1044.477s][info][gc,heap        ] GC(672) DefNew: 9177K(10176K)->73K(10176K) Eden: 9088K(9088K)->0K(9088K) From: 89K(1088K)->73K(1088K)
[2025-04-16T14:55:50.468+0000][1044.477s][info][gc,heap        ] GC(672) Tenured: 14619K(22484K)->14619K(22484K)
[2025-04-16T14:55:50.468+0000][1044.477s][info][gc,metaspace   ] GC(672) Metaspace: 37359K(37696K)->37359K(37696K) NonClass: 32933K(33088K)->32933K(33088K) Class: 4426K(4608K)->4426K(4608K)
[2025-04-16T14:55:50.468+0000][1044.477s][info][gc             ] GC(672) Pause Young (Allocation Failure) 23M->14M(31M) 1.241ms
[2025-04-16T14:55:50.468+0000][1044.477s][info][gc,cpu         ] GC(672) User=0.00s Sys=0.00s Real=0.00s
[2025-04-16T14:55:52.018+0000][1046.027s][info][gc,start       ] GC(673) Pause Young (Allocation Failure)
[2025-04-16T14:55:52.019+0000][1046.028s][info][gc,heap        ] GC(673) DefNew: 9161K(10176K)->72K(10176K) Eden: 9088K(9088K)->0K(9088K) From: 73K(1088K)->72K(1088K)
[2025-04-16T14:55:52.019+0000][1046.028s][info][gc,heap        ] GC(673) Tenured: 14619K(22484K)->14619K(22484K)
[2025-04-16T14:55:52.019+0000][1046.028s][info][gc,metaspace   ] GC(673) Metaspace: 37359K(37696K)->37359K(37696K) NonClass: 32933K(33088K)->32933K(33088K) Class: 4426K(4608K)->4426K(4608K)
[2025-04-16T14:55:52.019+0000][1046.028s][info][gc             ] GC(673) Pause Young (Allocation Failure) 23M->14M(31M) 1.373ms
[2025-04-16T14:55:52.019+0000][1046.028s][info][gc,cpu         ] GC(673) User=0.00s Sys=0.00s Real=0.00s
[2025-04-16T14:55:53.692+0000][1047.701s][info][gc,start       ] GC(674) Pause Young (Allocation Failure)
[2025-04-16T14:55:53.693+0000][1047.702s][info][gc,heap        ] GC(674) DefNew: 9160K(10176K)->85K(10176K) Eden: 9088K(9088K)->0K(9088K) From: 72K(1088K)->85K(1088K)
[2025-04-16T14:55:53.693+0000][1047.702s][info][gc,heap        ] GC(674) Tenured: 14619K(22484K)->14619K(22484K)
[2025-04-16T14:55:53.693+0000][1047.702s][info][gc,metaspace   ] GC(674) Metaspace: 37359K(37696K)->37359K(37696K) NonClass: 32933K(33088K)->32933K(33088K) Class: 4426K(4608K)->4426K(4608K)
[2025-04-16T14:55:53.693+0000][1047.702s][info][gc             ] GC(674) Pause Young (Allocation Failure) 23M->14M(31M) 1.233ms
[2025-04-16T14:55:53.693+0000][1047.702s][info][gc,cpu         ] GC(674) User=0.00s Sys=0.00s Real=0.00s
[2025-04-16T14:55:55.348+0000][1049.357s][info][gc,start       ] GC(675) Pause Young (Allocation Failure)
[2025-04-16T14:55:55.349+0000][1049.358s][info][gc,heap        ] GC(675) DefNew: 9173K(10176K)->88K(10176K) Eden: 9088K(9088K)->0K(9088K) From: 85K(1088K)->88K(1088K)
[2025-04-16T14:55:55.349+0000][1049.359s][info][gc,heap        ] GC(675) Tenured: 14619K(22484K)->14619K(22484K)
[2025-04-16T14:55:55.349+0000][1049.359s][info][gc,metaspace   ] GC(675) Metaspace: 37359K(37696K)->37359K(37696K) NonClass: 32933K(33088K)->32933K(33088K) Class: 4426K(4608K)->4426K(4608K)
[2025-04-16T14:55:55.350+0000][1049.359s][info][gc             ] GC(675) Pause Young (Allocation Failure) 23M->14M(31M) 1.205ms
[2025-04-16T14:55:55.350+0000][1049.359s][info][gc,cpu         ] GC(675) User=0.00s Sys=0.00s Real=0.00s
[2025-04-16T14:55:57.013+0000][1051.022s][info][gc,start       ] GC(676) Pause Young (Allocation Failure)
[2025-04-16T14:55:57.015+0000][1051.024s][info][gc,heap        ] GC(676) DefNew: 9176K(10176K)->88K(10176K) Eden: 9088K(9088K)->0K(9088K) From: 88K(1088K)->88K(1088K)
[2025-04-16T14:55:57.015+0000][1051.024s][info][gc,heap        ] GC(676) Tenured: 14619K(22484K)->14619K(22484K)
[2025-04-16T14:55:57.015+0000][1051.024s][info][gc,metaspace   ] GC(676) Metaspace: 37359K(37696K)->37359K(37696K) NonClass: 32933K(33088K)->32933K(33088K) Class: 4426K(4608K)->4426K(4608K)
[2025-04-16T14:55:57.015+0000][1051.024s][info][gc             ] GC(676) Pause Young (Allocation Failure) 23M->14M(31M) 1.256ms
[2025-04-16T14:55:57.015+0000][1051.024s][info][gc,cpu         ] GC(676) User=0.00s Sys=0.00s Real=0.01s
[2025-04-16T14:55:58.474+0000][1052.483s][info][gc,start       ] GC(677) Pause Young (Allocation Failure)
[2025-04-16T14:55:58.475+0000][1052.484s][info][gc,heap        ] GC(677) DefNew: 9176K(10176K)->73K(10176K) Eden: 9088K(9088K)->0K(9088K) From: 88K(1088K)->73K(1088K)
[2025-04-16T14:55:58.475+0000][1052.484s][info][gc,heap        ] GC(677) Tenured: 14619K(22484K)->14619K(22484K)
[2025-04-16T14:55:58.475+0000][1052.484s][info][gc,metaspace   ] GC(677) Metaspace: 37359K(37696K)->37359K(37696K) NonClass: 32933K(33088K)->32933K(33088K) Class: 4426K(4608K)->4426K(4608K)
[2025-04-16T14:55:58.475+0000][1052.484s][info][gc             ] GC(677) Pause Young (Allocation Failure) 23M->14M(31M) 1.345ms
[2025-04-16T14:55:58.475+0000][1052.484s][info][gc,cpu         ] GC(677) User=0.00s Sys=0.00s Real=0.01s
[2025-04-16T14:55:59.968+0000][1053.977s][info][gc,start       ] GC(678) Pause Young (Allocation Failure)
[2025-04-16T14:55:59.969+0000][1053.979s][info][gc,heap        ] GC(678) DefNew: 9161K(10176K)->97K(10176K) Eden: 9088K(9088K)->0K(9088K) From: 73K(1088K)->97K(1088K)
[2025-04-16T14:55:59.970+0000][1053.979s][info][gc,heap        ] GC(678) Tenured: 14619K(22484K)->14619K(22484K)
[2025-04-16T14:55:59.970+0000][1053.979s][info][gc,metaspace   ] GC(678) Metaspace: 37359K(37696K)->37359K(37696K) NonClass: 32933K(33088K)->32933K(33088K) Class: 4426K(4608K)->4426K(4608K)
[2025-04-16T14:55:59.970+0000][1053.979s][info][gc             ] GC(678) Pause Young (Allocation Failure) 23M->14M(31M) 1.314ms
[2025-04-16T14:55:59.970+0000][1053.979s][info][gc,cpu         ] GC(678) User=0.00s Sys=0.00s Real=0.00s
[2025-04-16T14:56:01.649+0000][1055.658s][info][gc,start       ] GC(679) Pause Young (Allocation Failure)
[2025-04-16T14:56:01.650+0000][1055.659s][info][gc,heap        ] GC(679) DefNew: 9185K(10176K)->73K(10176K) Eden: 9088K(9088K)->0K(9088K) From: 97K(1088K)->73K(1088K)
[2025-04-16T14:56:01.650+0000][1055.659s][info][gc,heap        ] GC(679) Tenured: 14619K(22484K)->14619K(22484K)
[2025-04-16T14:56:01.650+0000][1055.659s][info][gc,metaspace   ] GC(679) Metaspace: 37359K(37696K)->37359K(37696K) NonClass: 32933K(33088K)->32933K(33088K) Class: 4426K(4608K)->4426K(4608K)
[2025-04-16T14:56:01.650+0000][1055.659s][info][gc             ] GC(679) Pause Young (Allocation Failure) 23M->14M(31M) 1.346ms
[2025-04-16T14:56:01.650+0000][1055.659s][info][gc,cpu         ] GC(679) User=0.01s Sys=0.00s Real=0.00s
[2025-04-16T14:56:03.185+0000][1057.194s][info][gc,start       ] GC(680) Pause Young (Allocation Failure)
[2025-04-16T14:56:03.186+0000][1057.195s][info][gc,heap        ] GC(680) DefNew: 9161K(10176K)->85K(10176K) Eden: 9088K(9088K)->0K(9088K) From: 73K(1088K)->85K(1088K)
[2025-04-16T14:56:03.186+0000][1057.195s][info][gc,heap        ] GC(680) Tenured: 14619K(22484K)->14619K(22484K)
[2025-04-16T14:56:03.186+0000][1057.195s][info][gc,metaspace   ] GC(680) Metaspace: 37359K(37696K)->37359K(37696K) NonClass: 32933K(33088K)->32933K(33088K) Class: 4426K(4608K)->4426K(4608K)
[2025-04-16T14:56:03.186+0000][1057.195s][info][gc             ] GC(680) Pause Young (Allocation Failure) 23M->14M(31M) 1.397ms
[2025-04-16T14:56:03.186+0000][1057.195s][info][gc,cpu         ] GC(680) User=0.00s Sys=0.00s Real=0.00s
[2025-04-16T14:56:04.921+0000][1058.930s][info][gc,start       ] GC(681) Pause Young (Allocation Failure)
[2025-04-16T14:56:04.923+0000][1058.932s][info][gc,heap        ] GC(681) DefNew: 9173K(10176K)->94K(10176K) Eden: 9087K(9088K)->0K(9088K) From: 85K(1088K)->94K(1088K)
[2025-04-16T14:56:04.923+0000][1058.932s][info][gc,heap        ] GC(681) Tenured: 14619K(22484K)->14619K(22484K)
[2025-04-16T14:56:04.923+0000][1058.932s][info][gc,metaspace   ] GC(681) Metaspace: 37359K(37696K)->37359K(37696K) NonClass: 32933K(33088K)->32933K(33088K) Class: 4426K(4608K)->4426K(4608K)
[2025-04-16T14:56:04.923+0000][1058.932s][info][gc             ] GC(681) Pause Young (Allocation Failure) 23M->14M(31M) 1.335ms
[2025-04-16T14:56:04.923+0000][1058.932s][info][gc,cpu         ] GC(681) User=0.00s Sys=0.00s Real=0.00s
[2025-04-16T14:56:06.518+0000][1060.527s][info][gc,start       ] GC(682) Pause Young (Allocation Failure)
[2025-04-16T14:56:06.519+0000][1060.528s][info][gc,heap        ] GC(682) DefNew: 9179K(10176K)->80K(10176K) Eden: 9084K(9088K)->0K(9088K) From: 94K(1088K)->80K(1088K)
[2025-04-16T14:56:06.519+0000][1060.528s][info][gc,heap        ] GC(682) Tenured: 14619K(22484K)->14619K(22484K)
[2025-04-16T14:56:06.519+0000][1060.528s][info][gc,metaspace   ] GC(682) Metaspace: 37359K(37696K)->37359K(37696K) NonClass: 32933K(33088K)->32933K(33088K) Class: 4426K(4608K)->4426K(4608K)
[2025-04-16T14:56:06.519+0000][1060.528s][info][gc             ] GC(682) Pause Young (Allocation Failure) 23M->14M(31M) 1.490ms
[2025-04-16T14:56:06.519+0000][1060.528s][info][gc,cpu         ] GC(682) User=0.00s Sys=0.00s Real=0.00s
[2025-04-16T14:56:08.285+0000][1062.294s][info][gc,start       ] GC(683) Pause Young (Allocation Failure)
[2025-04-16T14:56:08.286+0000][1062.295s][info][gc,heap        ] GC(683) DefNew: 9156K(10176K)->75K(10176K) Eden: 9076K(9088K)->0K(9088K) From: 80K(1088K)->75K(1088K)
[2025-04-16T14:56:08.286+0000][1062.295s][info][gc,heap        ] GC(683) Tenured: 14619K(22484K)->14619K(22484K)
[2025-04-16T14:56:08.286+0000][1062.295s][info][gc,metaspace   ] GC(683) Metaspace: 37359K(37696K)->37359K(37696K) NonClass: 32933K(33088K)->32933K(33088K) Class: 4426K(4608K)->4426K(4608K)
[2025-04-16T14:56:08.286+0000][1062.296s][info][gc             ] GC(683) Pause Young (Allocation Failure) 23M->14M(31M) 1.282ms
[2025-04-16T14:56:08.287+0000][1062.296s][info][gc,cpu         ] GC(683) User=0.00s Sys=0.00s Real=0.00s
[2025-04-16T14:56:09.699+0000][1063.708s][info][gc,start       ] GC(684) Pause Young (Allocation Failure)
[2025-04-16T14:56:09.701+0000][1063.710s][info][gc,heap        ] GC(684) DefNew: 9163K(10176K)->76K(10176K) Eden: 9088K(9088K)->0K(9088K) From: 75K(1088K)->76K(1088K)
[2025-04-16T14:56:09.701+0000][1063.710s][info][gc,heap        ] GC(684) Tenured: 14619K(22484K)->14619K(22484K)
[2025-04-16T14:56:09.701+0000][1063.710s][info][gc,metaspace   ] GC(684) Metaspace: 37359K(37696K)->37359K(37696K) NonClass: 32933K(33088K)->32933K(33088K) Class: 4426K(4608K)->4426K(4608K)
[2025-04-16T14:56:09.701+0000][1063.710s][info][gc             ] GC(684) Pause Young (Allocation Failure) 23M->14M(31M) 1.205ms
[2025-04-16T14:56:09.701+0000][1063.710s][info][gc,cpu         ] GC(684) User=0.00s Sys=0.00s Real=0.00s
[2025-04-16T14:56:11.368+0000][1065.377s][info][gc,start       ] GC(685) Pause Young (Allocation Failure)
[2025-04-16T14:56:11.370+0000][1065.379s][info][gc,heap        ] GC(685) DefNew: 9164K(10176K)->73K(10176K) Eden: 9087K(9088K)->0K(9088K) From: 76K(1088K)->73K(1088K)
[2025-04-16T14:56:11.370+0000][1065.379s][info][gc,heap        ] GC(685) Tenured: 14619K(22484K)->14619K(22484K)
[2025-04-16T14:56:11.370+0000][1065.379s][info][gc,metaspace   ] GC(685) Metaspace: 37359K(37696K)->37359K(37696K) NonClass: 32933K(33088K)->32933K(33088K) Class: 4426K(4608K)->4426K(4608K)
[2025-04-16T14:56:11.370+0000][1065.379s][info][gc             ] GC(685) Pause Young (Allocation Failure) 23M->14M(31M) 1.242ms
[2025-04-16T14:56:11.370+0000][1065.379s][info][gc,cpu         ] GC(685) User=0.00s Sys=0.00s Real=0.00s
[2025-04-16T14:56:13.070+0000][1067.079s][info][gc,start       ] GC(686) Pause Young (Allocation Failure)
[2025-04-16T14:56:13.071+0000][1067.080s][info][gc,heap        ] GC(686) DefNew: 9161K(10176K)->90K(10176K) Eden: 9088K(9088K)->0K(9088K) From: 73K(1088K)->90K(1088K)
[2025-04-16T14:56:13.071+0000][1067.080s][info][gc,heap        ] GC(686) Tenured: 14619K(22484K)->14619K(22484K)
[2025-04-16T14:56:13.071+0000][1067.080s][info][gc,metaspace   ] GC(686) Metaspace: 37360K(37696K)->37360K(37696K) NonClass: 32933K(33088K)->32933K(33088K) Class: 4426K(4608K)->4426K(4608K)
[2025-04-16T14:56:13.071+0000][1067.080s][info][gc             ] GC(686) Pause Young (Allocation Failure) 23M->14M(31M) 1.331ms
[2025-04-16T14:56:13.071+0000][1067.080s][info][gc,cpu         ] GC(686) User=0.01s Sys=0.00s Real=0.00s
[2025-04-16T14:56:14.652+0000][1068.661s][info][gc,start       ] GC(687) Pause Young (Allocation Failure)
[2025-04-16T14:56:14.653+0000][1068.662s][info][gc,heap        ] GC(687) DefNew: 9177K(10176K)->83K(10176K) Eden: 9086K(9088K)->0K(9088K) From: 90K(1088K)->83K(1088K)
[2025-04-16T14:56:14.653+0000][1068.662s][info][gc,heap        ] GC(687) Tenured: 14619K(22484K)->14619K(22484K)
[2025-04-16T14:56:14.653+0000][1068.662s][info][gc,metaspace   ] GC(687) Metaspace: 37360K(37696K)->37360K(37696K) NonClass: 32933K(33088K)->32933K(33088K) Class: 4426K(4608K)->4426K(4608K)
[2025-04-16T14:56:14.653+0000][1068.662s][info][gc             ] GC(687) Pause Young (Allocation Failure) 23M->14M(31M) 1.217ms
[2025-04-16T14:56:14.653+0000][1068.662s][info][gc,cpu         ] GC(687) User=0.01s Sys=0.00s Real=0.00s
[2025-04-16T14:56:16.521+0000][1070.530s][info][gc,start       ] GC(688) Pause Young (Allocation Failure)
[2025-04-16T14:56:16.522+0000][1070.531s][info][gc,heap        ] GC(688) DefNew: 9166K(10176K)->78K(10176K) Eden: 9083K(9088K)->0K(9088K) From: 83K(1088K)->78K(1088K)
[2025-04-16T14:56:16.522+0000][1070.531s][info][gc,heap        ] GC(688) Tenured: 14619K(22484K)->14619K(22484K)
[2025-04-16T14:56:16.522+0000][1070.531s][info][gc,metaspace   ] GC(688) Metaspace: 37360K(37696K)->37360K(37696K) NonClass: 32933K(33088K)->32933K(33088K) Class: 4426K(4608K)->4426K(4608K)
[2025-04-16T14:56:16.522+0000][1070.531s][info][gc             ] GC(688) Pause Young (Allocation Failure) 23M->14M(31M) 1.343ms
[2025-04-16T14:56:16.522+0000][1070.531s][info][gc,cpu         ] GC(688) User=0.01s Sys=0.00s Real=0.00s
[2025-04-16T14:56:17.931+0000][1071.940s][info][gc,start       ] GC(689) Pause Young (Allocation Failure)
[2025-04-16T14:56:17.932+0000][1071.941s][info][gc,heap        ] GC(689) DefNew: 9166K(10176K)->76K(10176K) Eden: 9088K(9088K)->0K(9088K) From: 78K(1088K)->76K(1088K)
[2025-04-16T14:56:17.932+0000][1071.941s][info][gc,heap        ] GC(689) Tenured: 14619K(22484K)->14619K(22484K)
[2025-04-16T14:56:17.932+0000][1071.941s][info][gc,metaspace   ] GC(689) Metaspace: 37360K(37696K)->37360K(37696K) NonClass: 32933K(33088K)->32933K(33088K) Class: 4426K(4608K)->4426K(4608K)
[2025-04-16T14:56:17.932+0000][1071.941s][info][gc             ] GC(689) Pause Young (Allocation Failure) 23M->14M(31M) 1.188ms
[2025-04-16T14:56:17.932+0000][1071.941s][info][gc,cpu         ] GC(689) User=0.00s Sys=0.00s Real=0.00s
[2025-04-16T14:56:19.937+0000][1073.946s][info][gc,start       ] GC(690) Pause Young (Allocation Failure)
[2025-04-16T14:56:19.938+0000][1073.947s][info][gc,heap        ] GC(690) DefNew: 9164K(10176K)->92K(10176K) Eden: 9088K(9088K)->0K(9088K) From: 76K(1088K)->92K(1088K)
[2025-04-16T14:56:19.938+0000][1073.947s][info][gc,heap        ] GC(690) Tenured: 14619K(22484K)->14619K(22484K)
[2025-04-16T14:56:19.938+0000][1073.947s][info][gc,metaspace   ] GC(690) Metaspace: 37360K(37696K)->37360K(37696K) NonClass: 32933K(33088K)->32933K(33088K) Class: 4426K(4608K)->4426K(4608K)
[2025-04-16T14:56:19.938+0000][1073.947s][info][gc             ] GC(690) Pause Young (Allocation Failure) 23M->14M(31M) 1.284ms
[2025-04-16T14:56:19.938+0000][1073.947s][info][gc,cpu         ] GC(690) User=0.00s Sys=0.00s Real=0.00s
[2025-04-16T14:56:21.577+0000][1075.586s][info][gc,start       ] GC(691) Pause Young (Allocation Failure)
[2025-04-16T14:56:21.578+0000][1075.587s][info][gc,heap        ] GC(691) DefNew: 9180K(10176K)->91K(10176K) Eden: 9088K(9088K)->0K(9088K) From: 92K(1088K)->91K(1088K)
[2025-04-16T14:56:21.578+0000][1075.587s][info][gc,heap        ] GC(691) Tenured: 14619K(22484K)->14619K(22484K)
[2025-04-16T14:56:21.578+0000][1075.587s][info][gc,metaspace   ] GC(691) Metaspace: 37360K(37696K)->37360K(37696K) NonClass: 32933K(33088K)->32933K(33088K) Class: 4426K(4608K)->4426K(4608K)
[2025-04-16T14:56:21.578+0000][1075.587s][info][gc             ] GC(691) Pause Young (Allocation Failure) 23M->14M(31M) 1.314ms
[2025-04-16T14:56:21.578+0000][1075.587s][info][gc,cpu         ] GC(691) User=0.00s Sys=0.00s Real=0.00s
[2025-04-16T14:56:22.799+0000][1076.808s][info][gc,start       ] GC(692) Pause Young (Allocation Failure)
[2025-04-16T14:56:22.800+0000][1076.809s][info][gc,heap        ] GC(692) DefNew: 9179K(10176K)->114K(10176K) Eden: 9088K(9088K)->0K(9088K) From: 91K(1088K)->114K(1088K)
[2025-04-16T14:56:22.800+0000][1076.809s][info][gc,heap        ] GC(692) Tenured: 14619K(22484K)->14619K(22484K)
[2025-04-16T14:56:22.800+0000][1076.809s][info][gc,metaspace   ] GC(692) Metaspace: 37360K(37696K)->37360K(37696K) NonClass: 32933K(33088K)->32933K(33088K) Class: 4426K(4608K)->4426K(4608K)
[2025-04-16T14:56:22.800+0000][1076.809s][info][gc             ] GC(692) Pause Young (Allocation Failure) 23M->14M(31M) 1.314ms
[2025-04-16T14:56:22.800+0000][1076.809s][info][gc,cpu         ] GC(692) User=0.00s Sys=0.00s Real=0.00s
[2025-04-16T14:56:24.695+0000][1078.704s][info][gc,start       ] GC(693) Pause Young (Allocation Failure)
[2025-04-16T14:56:24.696+0000][1078.705s][info][gc,heap        ] GC(693) DefNew: 9202K(10176K)->64K(10176K) Eden: 9088K(9088K)->0K(9088K) From: 114K(1088K)->64K(1088K)
[2025-04-16T14:56:24.696+0000][1078.705s][info][gc,heap        ] GC(693) Tenured: 14619K(22484K)->14619K(22484K)
[2025-04-16T14:56:24.696+0000][1078.706s][info][gc,metaspace   ] GC(693) Metaspace: 37360K(37696K)->37360K(37696K) NonClass: 32933K(33088K)->32933K(33088K) Class: 4426K(4608K)->4426K(4608K)
[2025-04-16T14:56:24.697+0000][1078.706s][info][gc             ] GC(693) Pause Young (Allocation Failure) 23M->14M(31M) 1.305ms
[2025-04-16T14:56:24.697+0000][1078.706s][info][gc,cpu         ] GC(693) User=0.00s Sys=0.00s Real=0.00s
[2025-04-16T14:56:26.248+0000][1080.257s][info][gc,start       ] GC(694) Pause Young (Allocation Failure)
[2025-04-16T14:56:26.249+0000][1080.258s][info][gc,heap        ] GC(694) DefNew: 9152K(10176K)->76K(10176K) Eden: 9088K(9088K)->0K(9088K) From: 64K(1088K)->76K(1088K)
[2025-04-16T14:56:26.249+0000][1080.258s][info][gc,heap        ] GC(694) Tenured: 14619K(22484K)->14619K(22484K)
[2025-04-16T14:56:26.249+0000][1080.258s][info][gc,metaspace   ] GC(694) Metaspace: 37361K(37696K)->37361K(37696K) NonClass: 32934K(33088K)->32934K(33088K) Class: 4426K(4608K)->4426K(4608K)
[2025-04-16T14:56:26.249+0000][1080.258s][info][gc             ] GC(694) Pause Young (Allocation Failure) 23M->14M(31M) 1.200ms
[2025-04-16T14:56:26.249+0000][1080.258s][info][gc,cpu         ] GC(694) User=0.00s Sys=0.00s Real=0.00s
[2025-04-16T14:56:27.859+0000][1081.868s][info][gc,start       ] GC(695) Pause Young (Allocation Failure)
[2025-04-16T14:56:27.861+0000][1081.870s][info][gc,heap        ] GC(695) DefNew: 9164K(10176K)->76K(10176K) Eden: 9088K(9088K)->0K(9088K) From: 76K(1088K)->76K(1088K)
[2025-04-16T14:56:27.861+0000][1081.870s][info][gc,heap        ] GC(695) Tenured: 14619K(22484K)->14619K(22484K)
[2025-04-16T14:56:27.861+0000][1081.870s][info][gc,metaspace   ] GC(695) Metaspace: 37361K(37696K)->37361K(37696K) NonClass: 32934K(33088K)->32934K(33088K) Class: 4426K(4608K)->4426K(4608K)
[2025-04-16T14:56:27.861+0000][1081.870s][info][gc             ] GC(695) Pause Young (Allocation Failure) 23M->14M(31M) 1.406ms
[2025-04-16T14:56:27.861+0000][1081.870s][info][gc,cpu         ] GC(695) User=0.00s Sys=0.00s Real=0.00s
[2025-04-16T14:56:29.407+0000][1083.416s][info][gc,start       ] GC(696) Pause Young (Allocation Failure)
[2025-04-16T14:56:29.408+0000][1083.417s][info][gc,heap        ] GC(696) DefNew: 9164K(10176K)->95K(10176K) Eden: 9088K(9088K)->0K(9088K) From: 76K(1088K)->95K(1088K)
[2025-04-16T14:56:29.408+0000][1083.417s][info][gc,heap        ] GC(696) Tenured: 14619K(22484K)->14619K(22484K)
[2025-04-16T14:56:29.408+0000][1083.417s][info][gc,metaspace   ] GC(696) Metaspace: 37361K(37696K)->37361K(37696K) NonClass: 32934K(33088K)->32934K(33088K) Class: 4426K(4608K)->4426K(4608K)
[2025-04-16T14:56:29.408+0000][1083.417s][info][gc             ] GC(696) Pause Young (Allocation Failure) 23M->14M(31M) 1.269ms
[2025-04-16T14:56:29.408+0000][1083.417s][info][gc,cpu         ] GC(696) User=0.00s Sys=0.00s Real=0.00s
[2025-04-16T14:56:30.969+0000][1084.978s][info][gc,start       ] GC(697) Pause Young (Allocation Failure)
[2025-04-16T14:56:30.970+0000][1084.979s][info][gc,heap        ] GC(697) DefNew: 9183K(10176K)->86K(10176K) Eden: 9088K(9088K)->0K(9088K) From: 95K(1088K)->86K(1088K)
[2025-04-16T14:56:30.970+0000][1084.979s][info][gc,heap        ] GC(697) Tenured: 14619K(22484K)->14619K(22484K)
[2025-04-16T14:56:30.970+0000][1084.979s][info][gc,metaspace   ] GC(697) Metaspace: 37362K(37696K)->37362K(37696K) NonClass: 32935K(33088K)->32935K(33088K) Class: 4426K(4608K)->4426K(4608K)
[2025-04-16T14:56:30.970+0000][1084.979s][info][gc             ] GC(697) Pause Young (Allocation Failure) 23M->14M(31M) 1.193ms
[2025-04-16T14:56:30.970+0000][1084.979s][info][gc,cpu         ] GC(697) User=0.00s Sys=0.00s Real=0.00s
[2025-04-16T14:56:32.866+0000][1086.875s][info][gc,start       ] GC(698) Pause Young (Allocation Failure)
[2025-04-16T14:56:32.868+0000][1086.877s][info][gc,heap        ] GC(698) DefNew: 9162K(10176K)->81K(10176K) Eden: 9075K(9088K)->0K(9088K) From: 86K(1088K)->81K(1088K)
[2025-04-16T14:56:32.868+0000][1086.877s][info][gc,heap        ] GC(698) Tenured: 14619K(22484K)->14619K(22484K)
[2025-04-16T14:56:32.868+0000][1086.877s][info][gc,metaspace   ] GC(698) Metaspace: 37362K(37696K)->37362K(37696K) NonClass: 32935K(33088K)->32935K(33088K) Class: 4426K(4608K)->4426K(4608K)
[2025-04-16T14:56:32.868+0000][1086.878s][info][gc             ] GC(698) Pause Young (Allocation Failure) 23M->14M(31M) 2.797ms
[2025-04-16T14:56:32.869+0000][1086.878s][info][gc,cpu         ] GC(698) User=0.01s Sys=0.00s Real=0.00s
[2025-04-16T14:56:34.417+0000][1088.426s][info][gc,start       ] GC(699) Pause Young (Allocation Failure)
[2025-04-16T14:56:34.419+0000][1088.428s][info][gc,heap        ] GC(699) DefNew: 9169K(10176K)->77K(10176K) Eden: 9088K(9088K)->0K(9088K) From: 81K(1088K)->77K(1088K)
[2025-04-16T14:56:34.419+0000][1088.428s][info][gc,heap        ] GC(699) Tenured: 14619K(22484K)->14621K(22484K)
[2025-04-16T14:56:34.419+0000][1088.428s][info][gc,metaspace   ] GC(699) Metaspace: 37362K(37696K)->37362K(37696K) NonClass: 32935K(33088K)->32935K(33088K) Class: 4426K(4608K)->4426K(4608K)
[2025-04-16T14:56:34.419+0000][1088.428s][info][gc             ] GC(699) Pause Young (Allocation Failure) 23M->14M(31M) 1.224ms
[2025-04-16T14:56:34.419+0000][1088.428s][info][gc,cpu         ] GC(699) User=0.00s Sys=0.00s Real=0.00s
[2025-04-16T14:56:36.158+0000][1090.167s][info][gc,start       ] GC(700) Pause Young (Allocation Failure)
[2025-04-16T14:56:36.159+0000][1090.168s][info][gc,heap        ] GC(700) DefNew: 9165K(10176K)->93K(10176K) Eden: 9087K(9088K)->0K(9088K) From: 77K(1088K)->93K(1088K)
[2025-04-16T14:56:36.159+0000][1090.168s][info][gc,heap        ] GC(700) Tenured: 14621K(22484K)->14621K(22484K)
[2025-04-16T14:56:36.159+0000][1090.168s][info][gc,metaspace   ] GC(700) Metaspace: 37362K(37696K)->37362K(37696K) NonClass: 32935K(33088K)->32935K(33088K) Class: 4426K(4608K)->4426K(4608K)
[2025-04-16T14:56:36.159+0000][1090.168s][info][gc             ] GC(700) Pause Young (Allocation Failure) 23M->14M(31M) 1.234ms
[2025-04-16T14:56:36.159+0000][1090.168s][info][gc,cpu         ] GC(700) User=0.01s Sys=0.00s Real=0.00s
[2025-04-16T14:56:37.818+0000][1091.827s][info][gc,start       ] GC(701) Pause Young (Allocation Failure)
[2025-04-16T14:56:37.819+0000][1091.828s][info][gc,heap        ] GC(701) DefNew: 9181K(10176K)->75K(10176K) Eden: 9088K(9088K)->0K(9088K) From: 93K(1088K)->75K(1088K)
[2025-04-16T14:56:37.819+0000][1091.828s][info][gc,heap        ] GC(701) Tenured: 14621K(22484K)->14622K(22484K)
[2025-04-16T14:56:37.819+0000][1091.828s][info][gc,metaspace   ] GC(701) Metaspace: 37362K(37696K)->37362K(37696K) NonClass: 32935K(33088K)->32935K(33088K) Class: 4426K(4608K)->4426K(4608K)
[2025-04-16T14:56:37.819+0000][1091.828s][info][gc             ] GC(701) Pause Young (Allocation Failure) 23M->14M(31M) 1.239ms
[2025-04-16T14:56:37.819+0000][1091.828s][info][gc,cpu         ] GC(701) User=0.00s Sys=0.00s Real=0.00s
[2025-04-16T14:56:39.379+0000][1093.388s][info][gc,start       ] GC(702) Pause Young (Allocation Failure)
[2025-04-16T14:56:39.380+0000][1093.389s][info][gc,heap        ] GC(702) DefNew: 9163K(10176K)->94K(10176K) Eden: 9088K(9088K)->0K(9088K) From: 75K(1088K)->94K(1088K)
[2025-04-16T14:56:39.380+0000][1093.389s][info][gc,heap        ] GC(702) Tenured: 14622K(22484K)->14622K(22484K)
[2025-04-16T14:56:39.380+0000][1093.389s][info][gc,metaspace   ] GC(702) Metaspace: 37362K(37696K)->37362K(37696K) NonClass: 32935K(33088K)->32935K(33088K) Class: 4426K(4608K)->4426K(4608K)
[2025-04-16T14:56:39.380+0000][1093.389s][info][gc             ] GC(702) Pause Young (Allocation Failure) 23M->14M(31M) 1.269ms
[2025-04-16T14:56:39.380+0000][1093.389s][info][gc,cpu         ] GC(702) User=0.00s Sys=0.00s Real=0.00s
[2025-04-16T14:56:41.044+0000][1095.053s][info][gc,start       ] GC(703) Pause Young (Allocation Failure)
[2025-04-16T14:56:41.046+0000][1095.055s][info][gc,heap        ] GC(703) DefNew: 9182K(10176K)->76K(10176K) Eden: 9088K(9088K)->0K(9088K) From: 94K(1088K)->76K(1088K)
[2025-04-16T14:56:41.046+0000][1095.055s][info][gc,heap        ] GC(703) Tenured: 14622K(22484K)->14622K(22484K)
[2025-04-16T14:56:41.046+0000][1095.055s][info][gc,metaspace   ] GC(703) Metaspace: 37362K(37696K)->37362K(37696K) NonClass: 32935K(33088K)->32935K(33088K) Class: 4426K(4608K)->4426K(4608K)
[2025-04-16T14:56:41.046+0000][1095.055s][info][gc             ] GC(703) Pause Young (Allocation Failure) 23M->14M(31M) 1.346ms
[2025-04-16T14:56:41.046+0000][1095.055s][info][gc,cpu         ] GC(703) User=0.00s Sys=0.00s Real=0.00s
[2025-04-16T14:56:42.490+0000][1096.499s][info][gc,start       ] GC(704) Pause Young (Allocation Failure)
[2025-04-16T14:56:42.491+0000][1096.500s][info][gc,heap        ] GC(704) DefNew: 9164K(10176K)->99K(10176K) Eden: 9088K(9088K)->0K(9088K) From: 76K(1088K)->99K(1088K)
[2025-04-16T14:56:42.491+0000][1096.500s][info][gc,heap        ] GC(704) Tenured: 14622K(22484K)->14622K(22484K)
[2025-04-16T14:56:42.491+0000][1096.500s][info][gc,metaspace   ] GC(704) Metaspace: 37362K(37696K)->37362K(37696K) NonClass: 32935K(33088K)->32935K(33088K) Class: 4426K(4608K)->4426K(4608K)
[2025-04-16T14:56:42.491+0000][1096.500s][info][gc             ] GC(704) Pause Young (Allocation Failure) 23M->14M(31M) 1.360ms
[2025-04-16T14:56:42.491+0000][1096.500s][info][gc,cpu         ] GC(704) User=0.01s Sys=0.00s Real=0.00s
[2025-04-16T14:56:44.046+0000][1098.055s][info][gc,start       ] GC(705) Pause Young (Allocation Failure)
[2025-04-16T14:56:44.047+0000][1098.056s][info][gc,heap        ] GC(705) DefNew: 9187K(10176K)->94K(10176K) Eden: 9088K(9088K)->0K(9088K) From: 99K(1088K)->94K(1088K)
[2025-04-16T14:56:44.047+0000][1098.056s][info][gc,heap        ] GC(705) Tenured: 14622K(22484K)->14622K(22484K)
[2025-04-16T14:56:44.047+0000][1098.056s][info][gc,metaspace   ] GC(705) Metaspace: 37371K(37696K)->37371K(37696K) NonClass: 32944K(33088K)->32944K(33088K) Class: 4426K(4608K)->4426K(4608K)
[2025-04-16T14:56:44.047+0000][1098.056s][info][gc             ] GC(705) Pause Young (Allocation Failure) 23M->14M(31M) 1.372ms
[2025-04-16T14:56:44.047+0000][1098.056s][info][gc,cpu         ] GC(705) User=0.00s Sys=0.00s Real=0.00s
[2025-04-16T14:56:45.652+0000][1099.661s][info][gc,start       ] GC(706) Pause Young (Allocation Failure)
[2025-04-16T14:56:45.653+0000][1099.662s][info][gc,heap        ] GC(706) DefNew: 9182K(10176K)->66K(10176K) Eden: 9088K(9088K)->0K(9088K) From: 94K(1088K)->66K(1088K)
[2025-04-16T14:56:45.653+0000][1099.662s][info][gc,heap        ] GC(706) Tenured: 14622K(22484K)->14622K(22484K)
[2025-04-16T14:56:45.653+0000][1099.662s][info][gc,metaspace   ] GC(706) Metaspace: 37371K(37696K)->37371K(37696K) NonClass: 32944K(33088K)->32944K(33088K) Class: 4426K(4608K)->4426K(4608K)
[2025-04-16T14:56:45.653+0000][1099.662s][info][gc             ] GC(706) Pause Young (Allocation Failure) 23M->14M(31M) 1.133ms
[2025-04-16T14:56:45.653+0000][1099.662s][info][gc,cpu         ] GC(706) User=0.00s Sys=0.00s Real=0.00s
[2025-04-16T14:56:47.386+0000][1101.395s][info][gc,start       ] GC(707) Pause Young (Allocation Failure)
[2025-04-16T14:56:47.387+0000][1101.396s][info][gc,heap        ] GC(707) DefNew: 9145K(10176K)->80K(10176K) Eden: 9078K(9088K)->0K(9088K) From: 66K(1088K)->80K(1088K)
[2025-04-16T14:56:47.387+0000][1101.396s][info][gc,heap        ] GC(707) Tenured: 14622K(22484K)->14622K(22484K)
[2025-04-16T14:56:47.387+0000][1101.396s][info][gc,metaspace   ] GC(707) Metaspace: 37371K(37696K)->37371K(37696K) NonClass: 32944K(33088K)->32944K(33088K) Class: 4426K(4608K)->4426K(4608K)
[2025-04-16T14:56:47.387+0000][1101.396s][info][gc             ] GC(707) Pause Young (Allocation Failure) 23M->14M(31M) 1.241ms
[2025-04-16T14:56:47.387+0000][1101.396s][info][gc,cpu         ] GC(707) User=0.00s Sys=0.00s Real=0.00s
[2025-04-16T14:56:49.208+0000][1103.217s][info][gc,start       ] GC(708) Pause Young (Allocation Failure)
[2025-04-16T14:56:49.209+0000][1103.218s][info][gc,heap        ] GC(708) DefNew: 9168K(10176K)->79K(10176K) Eden: 9088K(9088K)->0K(9088K) From: 80K(1088K)->79K(1088K)
[2025-04-16T14:56:49.209+0000][1103.218s][info][gc,heap        ] GC(708) Tenured: 14622K(22484K)->14622K(22484K)
[2025-04-16T14:56:49.209+0000][1103.218s][info][gc,metaspace   ] GC(708) Metaspace: 37372K(37696K)->37372K(37696K) NonClass: 32946K(33088K)->32946K(33088K) Class: 4426K(4608K)->4426K(4608K)
[2025-04-16T14:56:49.209+0000][1103.218s][info][gc             ] GC(708) Pause Young (Allocation Failure) 23M->14M(31M) 1.276ms
[2025-04-16T14:56:49.209+0000][1103.218s][info][gc,cpu         ] GC(708) User=0.00s Sys=0.00s Real=0.00s
[2025-04-16T14:56:50.645+0000][1104.654s][info][gc,start       ] GC(709) Pause Young (Allocation Failure)
[2025-04-16T14:56:50.646+0000][1104.655s][info][gc,heap        ] GC(709) DefNew: 9167K(10176K)->95K(10176K) Eden: 9088K(9088K)->0K(9088K) From: 79K(1088K)->95K(1088K)
[2025-04-16T14:56:50.646+0000][1104.655s][info][gc,heap        ] GC(709) Tenured: 14622K(22484K)->14623K(22484K)
[2025-04-16T14:56:50.646+0000][1104.655s][info][gc,metaspace   ] GC(709) Metaspace: 37372K(37696K)->37372K(37696K) NonClass: 32946K(33088K)->32946K(33088K) Class: 4426K(4608K)->4426K(4608K)
[2025-04-16T14:56:50.646+0000][1104.655s][info][gc             ] GC(709) Pause Young (Allocation Failure) 23M->14M(31M) 1.290ms
[2025-04-16T14:56:50.646+0000][1104.655s][info][gc,cpu         ] GC(709) User=0.00s Sys=0.00s Real=0.00s
[2025-04-16T14:56:52.294+0000][1106.303s][info][gc,start       ] GC(710) Pause Young (Allocation Failure)
[2025-04-16T14:56:52.295+0000][1106.304s][info][gc,heap        ] GC(710) DefNew: 9183K(10176K)->93K(10176K) Eden: 9088K(9088K)->0K(9088K) From: 95K(1088K)->93K(1088K)
[2025-04-16T14:56:52.295+0000][1106.304s][info][gc,heap        ] GC(710) Tenured: 14623K(22484K)->14625K(22484K)
[2025-04-16T14:56:52.295+0000][1106.304s][info][gc,metaspace   ] GC(710) Metaspace: 37372K(37696K)->37372K(37696K) NonClass: 32946K(33088K)->32946K(33088K) Class: 4426K(4608K)->4426K(4608K)
[2025-04-16T14:56:52.295+0000][1106.304s][info][gc             ] GC(710) Pause Young (Allocation Failure) 23M->14M(31M) 1.286ms
[2025-04-16T14:56:52.295+0000][1106.304s][info][gc,cpu         ] GC(710) User=0.00s Sys=0.00s Real=0.01s
[2025-04-16T14:56:54.198+0000][1108.207s][info][gc,start       ] GC(711) Pause Young (Allocation Failure)
[2025-04-16T14:56:54.200+0000][1108.209s][info][gc,heap        ] GC(711) DefNew: 9181K(10176K)->74K(10176K) Eden: 9088K(9088K)->0K(9088K) From: 93K(1088K)->74K(1088K)
[2025-04-16T14:56:54.200+0000][1108.209s][info][gc,heap        ] GC(711) Tenured: 14625K(22484K)->14625K(22484K)
[2025-04-16T14:56:54.200+0000][1108.209s][info][gc,metaspace   ] GC(711) Metaspace: 37372K(37696K)->37372K(37696K) NonClass: 32946K(33088K)->32946K(33088K) Class: 4426K(4608K)->4426K(4608K)
[2025-04-16T14:56:54.200+0000][1108.209s][info][gc             ] GC(711) Pause Young (Allocation Failure) 23M->14M(31M) 1.285ms
[2025-04-16T14:56:54.200+0000][1108.209s][info][gc,cpu         ] GC(711) User=0.00s Sys=0.00s Real=0.00s
[2025-04-16T14:56:55.649+0000][1109.658s][info][gc,start       ] GC(712) Pause Young (Allocation Failure)
[2025-04-16T14:56:55.650+0000][1109.660s][info][gc,heap        ] GC(712) DefNew: 9157K(10176K)->81K(10176K) Eden: 9083K(9088K)->0K(9088K) From: 74K(1088K)->81K(1088K)
[2025-04-16T14:56:55.651+0000][1109.660s][info][gc,heap        ] GC(712) Tenured: 14625K(22484K)->14626K(22484K)
[2025-04-16T14:56:55.651+0000][1109.660s][info][gc,metaspace   ] GC(712) Metaspace: 37372K(37696K)->37372K(37696K) NonClass: 32946K(33088K)->32946K(33088K) Class: 4426K(4608K)->4426K(4608K)
[2025-04-16T14:56:55.651+0000][1109.660s][info][gc             ] GC(712) Pause Young (Allocation Failure) 23M->14M(31M) 1.202ms
[2025-04-16T14:56:55.651+0000][1109.660s][info][gc,cpu         ] GC(712) User=0.00s Sys=0.00s Real=0.00s
[2025-04-16T14:56:56.992+0000][1111.001s][info][gc,start       ] GC(713) Pause Young (Allocation Failure)
[2025-04-16T14:56:56.993+0000][1111.002s][info][gc,heap        ] GC(713) DefNew: 9169K(10176K)->79K(10176K) Eden: 9087K(9088K)->0K(9088K) From: 81K(1088K)->79K(1088K)
[2025-04-16T14:56:56.993+0000][1111.002s][info][gc,heap        ] GC(713) Tenured: 14626K(22484K)->14626K(22484K)
[2025-04-16T14:56:56.993+0000][1111.002s][info][gc,metaspace   ] GC(713) Metaspace: 37372K(37696K)->37372K(37696K) NonClass: 32946K(33088K)->32946K(33088K) Class: 4426K(4608K)->4426K(4608K)
[2025-04-16T14:56:56.993+0000][1111.002s][info][gc             ] GC(713) Pause Young (Allocation Failure) 23M->14M(31M) 1.246ms
[2025-04-16T14:56:56.993+0000][1111.002s][info][gc,cpu         ] GC(713) User=0.00s Sys=0.00s Real=0.00s
[2025-04-16T14:56:58.683+0000][1112.692s][info][gc,start       ] GC(714) Pause Young (Allocation Failure)
[2025-04-16T14:56:58.684+0000][1112.693s][info][gc,heap        ] GC(714) DefNew: 9167K(10176K)->101K(10176K) Eden: 9088K(9088K)->0K(9088K) From: 79K(1088K)->101K(1088K)
[2025-04-16T14:56:58.684+0000][1112.693s][info][gc,heap        ] GC(714) Tenured: 14626K(22484K)->14626K(22484K)
[2025-04-16T14:56:58.684+0000][1112.693s][info][gc,metaspace   ] GC(714) Metaspace: 37372K(37696K)->37372K(37696K) NonClass: 32946K(33088K)->32946K(33088K) Class: 4426K(4608K)->4426K(4608K)
[2025-04-16T14:56:58.684+0000][1112.693s][info][gc             ] GC(714) Pause Young (Allocation Failure) 23M->14M(31M) 1.290ms
[2025-04-16T14:56:58.684+0000][1112.693s][info][gc,cpu         ] GC(714) User=0.01s Sys=0.00s Real=0.01s
[2025-04-16T14:57:00.446+0000][1114.455s][info][gc,start       ] GC(715) Pause Young (Allocation Failure)
[2025-04-16T14:57:00.447+0000][1114.456s][info][gc,heap        ] GC(715) DefNew: 9189K(10176K)->79K(10176K) Eden: 9088K(9088K)->0K(9088K) From: 101K(1088K)->79K(1088K)
[2025-04-16T14:57:00.447+0000][1114.456s][info][gc,heap        ] GC(715) Tenured: 14626K(22484K)->14626K(22484K)
[2025-04-16T14:57:00.447+0000][1114.456s][info][gc,metaspace   ] GC(715) Metaspace: 37378K(37696K)->37378K(37696K) NonClass: 32951K(33088K)->32951K(33088K) Class: 4426K(4608K)->4426K(4608K)
[2025-04-16T14:57:00.447+0000][1114.456s][info][gc             ] GC(715) Pause Young (Allocation Failure) 23M->14M(31M) 1.348ms
[2025-04-16T14:57:00.447+0000][1114.456s][info][gc,cpu         ] GC(715) User=0.00s Sys=0.00s Real=0.00s
[2025-04-16T14:57:01.998+0000][1116.007s][info][gc,start       ] GC(716) Pause Young (Allocation Failure)
[2025-04-16T14:57:01.999+0000][1116.008s][info][gc,heap        ] GC(716) DefNew: 9167K(10176K)->97K(10176K) Eden: 9088K(9088K)->0K(9088K) From: 79K(1088K)->97K(1088K)
[2025-04-16T14:57:01.999+0000][1116.008s][info][gc,heap        ] GC(716) Tenured: 14626K(22484K)->14626K(22484K)
[2025-04-16T14:57:01.999+0000][1116.008s][info][gc,metaspace   ] GC(716) Metaspace: 37378K(37696K)->37378K(37696K) NonClass: 32951K(33088K)->32951K(33088K) Class: 4426K(4608K)->4426K(4608K)
[2025-04-16T14:57:01.999+0000][1116.008s][info][gc             ] GC(716) Pause Young (Allocation Failure) 23M->14M(31M) 1.255ms
[2025-04-16T14:57:01.999+0000][1116.008s][info][gc,cpu         ] GC(716) User=0.00s Sys=0.00s Real=0.00s
[2025-04-16T14:57:03.473+0000][1117.482s][info][gc,start       ] GC(717) Pause Young (Allocation Failure)
[2025-04-16T14:57:03.474+0000][1117.483s][info][gc,heap        ] GC(717) DefNew: 9185K(10176K)->97K(10176K) Eden: 9088K(9088K)->0K(9088K) From: 97K(1088K)->97K(1088K)
[2025-04-16T14:57:03.474+0000][1117.484s][info][gc,heap        ] GC(717) Tenured: 14626K(22484K)->14626K(22484K)
[2025-04-16T14:57:03.474+0000][1117.484s][info][gc,metaspace   ] GC(717) Metaspace: 37378K(37696K)->37378K(37696K) NonClass: 32951K(33088K)->32951K(33088K) Class: 4426K(4608K)->4426K(4608K)
[2025-04-16T14:57:03.475+0000][1117.484s][info][gc             ] GC(717) Pause Young (Allocation Failure) 23M->14M(31M) 1.306ms
[2025-04-16T14:57:03.475+0000][1117.484s][info][gc,cpu         ] GC(717) User=0.00s Sys=0.00s Real=0.01s
[2025-04-16T14:57:05.267+0000][1119.276s][info][gc,start       ] GC(718) Pause Young (Allocation Failure)
[2025-04-16T14:57:05.269+0000][1119.278s][info][gc,heap        ] GC(718) DefNew: 9185K(10176K)->94K(10176K) Eden: 9087K(9088K)->0K(9088K) From: 97K(1088K)->94K(1088K)
[2025-04-16T14:57:05.269+0000][1119.278s][info][gc,heap        ] GC(718) Tenured: 14626K(22484K)->14626K(22484K)
[2025-04-16T14:57:05.269+0000][1119.278s][info][gc,metaspace   ] GC(718) Metaspace: 37378K(37696K)->37378K(37696K) NonClass: 32951K(33088K)->32951K(33088K) Class: 4426K(4608K)->4426K(4608K)
[2025-04-16T14:57:05.269+0000][1119.278s][info][gc             ] GC(718) Pause Young (Allocation Failure) 23M->14M(31M) 1.334ms
[2025-04-16T14:57:05.269+0000][1119.278s][info][gc,cpu         ] GC(718) User=0.00s Sys=0.00s Real=0.00s
[2025-04-16T14:57:06.779+0000][1120.788s][info][gc,start       ] GC(719) Pause Young (Allocation Failure)
[2025-04-16T14:57:06.780+0000][1120.789s][info][gc,heap        ] GC(719) DefNew: 9171K(10176K)->84K(10176K) Eden: 9076K(9088K)->0K(9088K) From: 94K(1088K)->84K(1088K)
[2025-04-16T14:57:06.780+0000][1120.789s][info][gc,heap        ] GC(719) Tenured: 14626K(22484K)->14626K(22484K)
[2025-04-16T14:57:06.780+0000][1120.789s][info][gc,metaspace   ] GC(719) Metaspace: 37378K(37696K)->37378K(37696K) NonClass: 32951K(33088K)->32951K(33088K) Class: 4426K(4608K)->4426K(4608K)
[2025-04-16T14:57:06.780+0000][1120.789s][info][gc             ] GC(719) Pause Young (Allocation Failure) 23M->14M(31M) 1.270ms
[2025-04-16T14:57:06.780+0000][1120.789s][info][gc,cpu         ] GC(719) User=0.00s Sys=0.00s Real=0.00s
[2025-04-16T14:57:08.216+0000][1122.225s][info][gc,start       ] GC(720) Pause Young (Allocation Failure)
[2025-04-16T14:57:08.217+0000][1122.226s][info][gc,heap        ] GC(720) DefNew: 9172K(10176K)->80K(10176K) Eden: 9088K(9088K)->0K(9088K) From: 84K(1088K)->80K(1088K)
[2025-04-16T14:57:08.217+0000][1122.226s][info][gc,heap        ] GC(720) Tenured: 14626K(22484K)->14628K(22484K)
[2025-04-16T14:57:08.217+0000][1122.226s][info][gc,metaspace   ] GC(720) Metaspace: 37378K(37696K)->37378K(37696K) NonClass: 32951K(33088K)->32951K(33088K) Class: 4426K(4608K)->4426K(4608K)
[2025-04-16T14:57:08.217+0000][1122.226s][info][gc             ] GC(720) Pause Young (Allocation Failure) 23M->14M(31M) 1.223ms
[2025-04-16T14:57:08.217+0000][1122.226s][info][gc,cpu         ] GC(720) User=0.00s Sys=0.00s Real=0.00s
[2025-04-16T14:57:09.782+0000][1123.791s][info][gc,start       ] GC(721) Pause Young (Allocation Failure)
[2025-04-16T14:57:09.783+0000][1123.792s][info][gc,heap        ] GC(721) DefNew: 9168K(10176K)->79K(10176K) Eden: 9088K(9088K)->0K(9088K) From: 80K(1088K)->79K(1088K)
[2025-04-16T14:57:09.783+0000][1123.792s][info][gc,heap        ] GC(721) Tenured: 14628K(22484K)->14628K(22484K)
[2025-04-16T14:57:09.783+0000][1123.792s][info][gc,metaspace   ] GC(721) Metaspace: 37378K(37696K)->37378K(37696K) NonClass: 32951K(33088K)->32951K(33088K) Class: 4426K(4608K)->4426K(4608K)
[2025-04-16T14:57:09.783+0000][1123.792s][info][gc             ] GC(721) Pause Young (Allocation Failure) 23M->14M(31M) 1.326ms
[2025-04-16T14:57:09.783+0000][1123.792s][info][gc,cpu         ] GC(721) User=0.01s Sys=0.00s Real=0.00s
[2025-04-16T14:57:11.622+0000][1125.631s][info][gc,start       ] GC(722) Pause Young (Allocation Failure)
[2025-04-16T14:57:11.624+0000][1125.633s][info][gc,heap        ] GC(722) DefNew: 9167K(10176K)->83K(10176K) Eden: 9088K(9088K)->0K(9088K) From: 79K(1088K)->83K(1088K)
[2025-04-16T14:57:11.624+0000][1125.633s][info][gc,heap        ] GC(722) Tenured: 14628K(22484K)->14628K(22484K)
[2025-04-16T14:57:11.624+0000][1125.633s][info][gc,metaspace   ] GC(722) Metaspace: 37379K(37696K)->37379K(37696K) NonClass: 32952K(33088K)->32952K(33088K) Class: 4426K(4608K)->4426K(4608K)
[2025-04-16T14:57:11.624+0000][1125.633s][info][gc             ] GC(722) Pause Young (Allocation Failure) 23M->14M(31M) 1.356ms
[2025-04-16T14:57:11.624+0000][1125.633s][info][gc,cpu         ] GC(722) User=0.00s Sys=0.00s Real=0.00s
[2025-04-16T14:57:13.231+0000][1127.240s][info][gc,start       ] GC(723) Pause Young (Allocation Failure)
[2025-04-16T14:57:13.232+0000][1127.241s][info][gc,heap        ] GC(723) DefNew: 9171K(10176K)->96K(10176K) Eden: 9088K(9088K)->0K(9088K) From: 83K(1088K)->96K(1088K)
[2025-04-16T14:57:13.232+0000][1127.241s][info][gc,heap        ] GC(723) Tenured: 14628K(22484K)->14629K(22484K)
[2025-04-16T14:57:13.232+0000][1127.241s][info][gc,metaspace   ] GC(723) Metaspace: 37379K(37696K)->37379K(37696K) NonClass: 32952K(33088K)->32952K(33088K) Class: 4426K(4608K)->4426K(4608K)
[2025-04-16T14:57:13.232+0000][1127.241s][info][gc             ] GC(723) Pause Young (Allocation Failure) 23M->14M(31M) 1.215ms
[2025-04-16T14:57:13.232+0000][1127.241s][info][gc,cpu         ] GC(723) User=0.00s Sys=0.00s Real=0.00s
[2025-04-16T14:57:15.018+0000][1129.027s][info][gc,start       ] GC(724) Pause Young (Allocation Failure)
[2025-04-16T14:57:15.019+0000][1129.028s][info][gc,heap        ] GC(724) DefNew: 9184K(10176K)->80K(10176K) Eden: 9088K(9088K)->0K(9088K) From: 96K(1088K)->80K(1088K)
[2025-04-16T14:57:15.019+0000][1129.028s][info][gc,heap        ] GC(724) Tenured: 14629K(22484K)->14629K(22484K)
[2025-04-16T14:57:15.019+0000][1129.028s][info][gc,metaspace   ] GC(724) Metaspace: 37379K(37696K)->37379K(37696K) NonClass: 32952K(33088K)->32952K(33088K) Class: 4426K(4608K)->4426K(4608K)
[2025-04-16T14:57:15.019+0000][1129.028s][info][gc             ] GC(724) Pause Young (Allocation Failure) 23M->14M(31M) 1.221ms
[2025-04-16T14:57:15.019+0000][1129.028s][info][gc,cpu         ] GC(724) User=0.00s Sys=0.01s Real=0.00s
[2025-04-16T14:57:16.573+0000][1130.582s][info][gc,start       ] GC(725) Pause Young (Allocation Failure)
[2025-04-16T14:57:16.574+0000][1130.583s][info][gc,heap        ] GC(725) DefNew: 9168K(10176K)->83K(10176K) Eden: 9088K(9088K)->0K(9088K) From: 80K(1088K)->83K(1088K)
[2025-04-16T14:57:16.574+0000][1130.583s][info][gc,heap        ] GC(725) Tenured: 14629K(22484K)->14629K(22484K)
[2025-04-16T14:57:16.574+0000][1130.583s][info][gc,metaspace   ] GC(725) Metaspace: 37381K(37696K)->37381K(37696K) NonClass: 32954K(33088K)->32954K(33088K) Class: 4426K(4608K)->4426K(4608K)
[2025-04-16T14:57:16.574+0000][1130.583s][info][gc             ] GC(725) Pause Young (Allocation Failure) 23M->14M(31M) 1.215ms
[2025-04-16T14:57:16.574+0000][1130.583s][info][gc,cpu         ] GC(725) User=0.01s Sys=0.00s Real=0.00s
[2025-04-16T14:57:18.180+0000][1132.189s][info][gc,start       ] GC(726) Pause Young (Allocation Failure)
[2025-04-16T14:57:18.181+0000][1132.190s][info][gc,heap        ] GC(726) DefNew: 9171K(10176K)->91K(10176K) Eden: 9088K(9088K)->0K(9088K) From: 83K(1088K)->91K(1088K)
[2025-04-16T14:57:18.181+0000][1132.190s][info][gc,heap        ] GC(726) Tenured: 14629K(22484K)->14629K(22484K)
[2025-04-16T14:57:18.181+0000][1132.190s][info][gc,metaspace   ] GC(726) Metaspace: 37381K(37696K)->37381K(37696K) NonClass: 32954K(33088K)->32954K(33088K) Class: 4426K(4608K)->4426K(4608K)
[2025-04-16T14:57:18.181+0000][1132.190s][info][gc             ] GC(726) Pause Young (Allocation Failure) 23M->14M(31M) 1.273ms
[2025-04-16T14:57:18.181+0000][1132.190s][info][gc,cpu         ] GC(726) User=0.00s Sys=0.00s Real=0.00s
[2025-04-16T14:57:19.488+0000][1133.497s][info][gc,start       ] GC(727) Pause Young (Allocation Failure)
[2025-04-16T14:57:19.489+0000][1133.498s][info][gc,heap        ] GC(727) DefNew: 9179K(10176K)->98K(10176K) Eden: 9087K(9088K)->0K(9088K) From: 91K(1088K)->98K(1088K)
[2025-04-16T14:57:19.489+0000][1133.498s][info][gc,heap        ] GC(727) Tenured: 14629K(22484K)->14632K(22484K)
[2025-04-16T14:57:19.489+0000][1133.498s][info][gc,metaspace   ] GC(727) Metaspace: 37381K(37696K)->37381K(37696K) NonClass: 32954K(33088K)->32954K(33088K) Class: 4426K(4608K)->4426K(4608K)
[2025-04-16T14:57:19.489+0000][1133.498s][info][gc             ] GC(727) Pause Young (Allocation Failure) 23M->14M(31M) 1.230ms
[2025-04-16T14:57:19.489+0000][1133.498s][info][gc,cpu         ] GC(727) User=0.00s Sys=0.00s Real=0.00s
[2025-04-16T14:57:21.252+0000][1135.261s][info][gc,start       ] GC(728) Pause Young (Allocation Failure)
[2025-04-16T14:57:21.253+0000][1135.262s][info][gc,heap        ] GC(728) DefNew: 9186K(10176K)->92K(10176K) Eden: 9088K(9088K)->0K(9088K) From: 98K(1088K)->92K(1088K)
[2025-04-16T14:57:21.253+0000][1135.262s][info][gc,heap        ] GC(728) Tenured: 14632K(22484K)->14633K(22484K)
[2025-04-16T14:57:21.253+0000][1135.262s][info][gc,metaspace   ] GC(728) Metaspace: 37381K(37696K)->37381K(37696K) NonClass: 32954K(33088K)->32954K(33088K) Class: 4426K(4608K)->4426K(4608K)
[2025-04-16T14:57:21.253+0000][1135.262s][info][gc             ] GC(728) Pause Young (Allocation Failure) 23M->14M(31M) 1.317ms
[2025-04-16T14:57:21.253+0000][1135.262s][info][gc,cpu         ] GC(728) User=0.01s Sys=0.00s Real=0.00s
[2025-04-16T14:57:23.160+0000][1137.169s][info][gc,start       ] GC(729) Pause Young (Allocation Failure)
[2025-04-16T14:57:23.161+0000][1137.170s][info][gc,heap        ] GC(729) DefNew: 9180K(10176K)->90K(10176K) Eden: 9088K(9088K)->0K(9088K) From: 92K(1088K)->90K(1088K)
[2025-04-16T14:57:23.161+0000][1137.170s][info][gc,heap        ] GC(729) Tenured: 14633K(22484K)->14634K(22484K)
[2025-04-16T14:57:23.161+0000][1137.170s][info][gc,metaspace   ] GC(729) Metaspace: 37381K(37696K)->37381K(37696K) NonClass: 32954K(33088K)->32954K(33088K) Class: 4426K(4608K)->4426K(4608K)
[2025-04-16T14:57:23.161+0000][1137.170s][info][gc             ] GC(729) Pause Young (Allocation Failure) 23M->14M(31M) 1.379ms
[2025-04-16T14:57:23.161+0000][1137.170s][info][gc,cpu         ] GC(729) User=0.00s Sys=0.00s Real=0.00s
[2025-04-16T14:57:24.505+0000][1138.514s][info][gc,start       ] GC(730) Pause Young (Allocation Failure)
[2025-04-16T14:57:24.506+0000][1138.515s][info][gc,heap        ] GC(730) DefNew: 9178K(10176K)->85K(10176K) Eden: 9088K(9088K)->0K(9088K) From: 90K(1088K)->85K(1088K)
[2025-04-16T14:57:24.506+0000][1138.515s][info][gc,heap        ] GC(730) Tenured: 14634K(22484K)->14634K(22484K)
[2025-04-16T14:57:24.506+0000][1138.515s][info][gc,metaspace   ] GC(730) Metaspace: 37381K(37696K)->37381K(37696K) NonClass: 32954K(33088K)->32954K(33088K) Class: 4426K(4608K)->4426K(4608K)
[2025-04-16T14:57:24.506+0000][1138.515s][info][gc             ] GC(730) Pause Young (Allocation Failure) 23M->14M(31M) 1.237ms
[2025-04-16T14:57:24.506+0000][1138.515s][info][gc,cpu         ] GC(730) User=0.00s Sys=0.00s Real=0.00s
[2025-04-16T14:57:26.037+0000][1140.046s][info][gc,start       ] GC(731) Pause Young (Allocation Failure)
[2025-04-16T14:57:26.039+0000][1140.048s][info][gc,heap        ] GC(731) DefNew: 9173K(10176K)->84K(10176K) Eden: 9088K(9088K)->0K(9088K) From: 85K(1088K)->84K(1088K)
[2025-04-16T14:57:26.039+0000][1140.048s][info][gc,heap        ] GC(731) Tenured: 14634K(22484K)->14634K(22484K)
[2025-04-16T14:57:26.039+0000][1140.048s][info][gc,metaspace   ] GC(731) Metaspace: 37381K(37696K)->37381K(37696K) NonClass: 32954K(33088K)->32954K(33088K) Class: 4426K(4608K)->4426K(4608K)
[2025-04-16T14:57:26.039+0000][1140.048s][info][gc             ] GC(731) Pause Young (Allocation Failure) 23M->14M(31M) 1.298ms
[2025-04-16T14:57:26.039+0000][1140.048s][info][gc,cpu         ] GC(731) User=0.00s Sys=0.00s Real=0.00s
[2025-04-16T14:57:27.730+0000][1141.739s][info][gc,start       ] GC(732) Pause Young (Allocation Failure)
[2025-04-16T14:57:27.731+0000][1141.740s][info][gc,heap        ] GC(732) DefNew: 9172K(10176K)->101K(10176K) Eden: 9088K(9088K)->0K(9088K) From: 84K(1088K)->101K(1088K)
[2025-04-16T14:57:27.731+0000][1141.740s][info][gc,heap        ] GC(732) Tenured: 14634K(22484K)->14635K(22484K)
[2025-04-16T14:57:27.731+0000][1141.740s][info][gc,metaspace   ] GC(732) Metaspace: 37381K(37696K)->37381K(37696K) NonClass: 32954K(33088K)->32954K(33088K) Class: 4426K(4608K)->4426K(4608K)
[2025-04-16T14:57:27.731+0000][1141.740s][info][gc             ] GC(732) Pause Young (Allocation Failure) 23M->14M(31M) 1.346ms
[2025-04-16T14:57:27.731+0000][1141.740s][info][gc,cpu         ] GC(732) User=0.00s Sys=0.00s Real=0.00s
[2025-04-16T14:57:29.304+0000][1143.313s][info][gc,start       ] GC(733) Pause Young (Allocation Failure)
[2025-04-16T14:57:29.305+0000][1143.314s][info][gc,heap        ] GC(733) DefNew: 9189K(10176K)->92K(10176K) Eden: 9088K(9088K)->0K(9088K) From: 101K(1088K)->92K(1088K)
[2025-04-16T14:57:29.305+0000][1143.314s][info][gc,heap        ] GC(733) Tenured: 14635K(22484K)->14635K(22484K)
[2025-04-16T14:57:29.305+0000][1143.314s][info][gc,metaspace   ] GC(733) Metaspace: 37381K(37696K)->37381K(37696K) NonClass: 32954K(33088K)->32954K(33088K) Class: 4426K(4608K)->4426K(4608K)
[2025-04-16T14:57:29.305+0000][1143.314s][info][gc             ] GC(733) Pause Young (Allocation Failure) 23M->14M(31M) 1.259ms
[2025-04-16T14:57:29.305+0000][1143.314s][info][gc,cpu         ] GC(733) User=0.00s Sys=0.00s Real=0.01s
[2025-04-16T14:57:30.994+0000][1145.003s][info][gc,start       ] GC(734) Pause Young (Allocation Failure)
[2025-04-16T14:57:30.995+0000][1145.004s][info][gc,heap        ] GC(734) DefNew: 9177K(10176K)->87K(10176K) Eden: 9085K(9088K)->0K(9088K) From: 92K(1088K)->87K(1088K)
[2025-04-16T14:57:30.995+0000][1145.004s][info][gc,heap        ] GC(734) Tenured: 14635K(22484K)->14635K(22484K)
[2025-04-16T14:57:30.995+0000][1145.004s][info][gc,metaspace   ] GC(734) Metaspace: 37381K(37696K)->37381K(37696K) NonClass: 32954K(33088K)->32954K(33088K) Class: 4426K(4608K)->4426K(4608K)
[2025-04-16T14:57:30.995+0000][1145.004s][info][gc             ] GC(734) Pause Young (Allocation Failure) 23M->14M(31M) 1.232ms
[2025-04-16T14:57:30.995+0000][1145.004s][info][gc,cpu         ] GC(734) User=0.00s Sys=0.00s Real=0.01s
[2025-04-16T14:57:32.685+0000][1146.694s][info][gc,start       ] GC(735) Pause Young (Allocation Failure)
[2025-04-16T14:57:32.686+0000][1146.695s][info][gc,heap        ] GC(735) DefNew: 9175K(10176K)->84K(10176K) Eden: 9088K(9088K)->0K(9088K) From: 87K(1088K)->84K(1088K)
[2025-04-16T14:57:32.686+0000][1146.695s][info][gc,heap        ] GC(735) Tenured: 14635K(22484K)->14635K(22484K)
[2025-04-16T14:57:32.686+0000][1146.695s][info][gc,metaspace   ] GC(735) Metaspace: 37381K(37696K)->37381K(37696K) NonClass: 32954K(33088K)->32954K(33088K) Class: 4426K(4608K)->4426K(4608K)
[2025-04-16T14:57:32.686+0000][1146.695s][info][gc             ] GC(735) Pause Young (Allocation Failure) 23M->14M(31M) 1.272ms
[2025-04-16T14:57:32.686+0000][1146.695s][info][gc,cpu         ] GC(735) User=0.00s Sys=0.00s Real=0.00s
[2025-04-16T14:57:34.039+0000][1148.048s][info][gc,start       ] GC(736) Pause Young (Allocation Failure)
[2025-04-16T14:57:34.041+0000][1148.050s][info][gc,heap        ] GC(736) DefNew: 9172K(10176K)->104K(10176K) Eden: 9088K(9088K)->0K(9088K) From: 84K(1088K)->104K(1088K)
[2025-04-16T14:57:34.041+0000][1148.050s][info][gc,heap        ] GC(736) Tenured: 14635K(22484K)->14636K(22484K)
[2025-04-16T14:57:34.041+0000][1148.050s][info][gc,metaspace   ] GC(736) Metaspace: 37381K(37696K)->37381K(37696K) NonClass: 32954K(33088K)->32954K(33088K) Class: 4426K(4608K)->4426K(4608K)
[2025-04-16T14:57:34.041+0000][1148.050s][info][gc             ] GC(736) Pause Young (Allocation Failure) 23M->14M(31M) 1.334ms
[2025-04-16T14:57:34.041+0000][1148.050s][info][gc,cpu         ] GC(736) User=0.01s Sys=0.00s Real=0.00s
[2025-04-16T14:57:35.801+0000][1149.811s][info][gc,start       ] GC(737) Pause Young (Allocation Failure)
[2025-04-16T14:57:35.803+0000][1149.812s][info][gc,heap        ] GC(737) DefNew: 9192K(10176K)->93K(10176K) Eden: 9088K(9088K)->0K(9088K) From: 104K(1088K)->93K(1088K)
[2025-04-16T14:57:35.803+0000][1149.812s][info][gc,heap        ] GC(737) Tenured: 14636K(22484K)->14638K(22484K)
[2025-04-16T14:57:35.803+0000][1149.812s][info][gc,metaspace   ] GC(737) Metaspace: 37381K(37696K)->37381K(37696K) NonClass: 32954K(33088K)->32954K(33088K) Class: 4426K(4608K)->4426K(4608K)
[2025-04-16T14:57:35.803+0000][1149.812s][info][gc             ] GC(737) Pause Young (Allocation Failure) 23M->14M(31M) 1.296ms
[2025-04-16T14:57:35.803+0000][1149.812s][info][gc,cpu         ] GC(737) User=0.00s Sys=0.00s Real=0.00s
[2025-04-16T14:57:37.336+0000][1151.345s][info][gc,start       ] GC(738) Pause Young (Allocation Failure)
[2025-04-16T14:57:37.338+0000][1151.347s][info][gc,heap        ] GC(738) DefNew: 9179K(10176K)->104K(10176K) Eden: 9085K(9088K)->0K(9088K) From: 93K(1088K)->104K(1088K)
[2025-04-16T14:57:37.338+0000][1151.347s][info][gc,heap        ] GC(738) Tenured: 14638K(22484K)->14638K(22484K)
[2025-04-16T14:57:37.338+0000][1151.347s][info][gc,metaspace   ] GC(738) Metaspace: 37381K(37696K)->37381K(37696K) NonClass: 32954K(33088K)->32954K(33088K) Class: 4426K(4608K)->4426K(4608K)
[2025-04-16T14:57:37.338+0000][1151.347s][info][gc             ] GC(738) Pause Young (Allocation Failure) 23M->14M(31M) 1.246ms
[2025-04-16T14:57:37.338+0000][1151.347s][info][gc,cpu         ] GC(738) User=0.00s Sys=0.00s Real=0.00s
[2025-04-16T14:57:38.852+0000][1152.861s][info][gc,start       ] GC(739) Pause Young (Allocation Failure)
[2025-04-16T14:57:38.853+0000][1152.862s][info][gc,heap        ] GC(739) DefNew: 9192K(10176K)->85K(10176K) Eden: 9088K(9088K)->0K(9088K) From: 104K(1088K)->85K(1088K)
[2025-04-16T14:57:38.853+0000][1152.862s][info][gc,heap        ] GC(739) Tenured: 14638K(22484K)->14639K(22484K)
[2025-04-16T14:57:38.853+0000][1152.862s][info][gc,metaspace   ] GC(739) Metaspace: 37381K(37696K)->37381K(37696K) NonClass: 32954K(33088K)->32954K(33088K) Class: 4426K(4608K)->4426K(4608K)
[2025-04-16T14:57:38.853+0000][1152.862s][info][gc             ] GC(739) Pause Young (Allocation Failure) 23M->14M(31M) 1.322ms
[2025-04-16T14:57:38.853+0000][1152.862s][info][gc,cpu         ] GC(739) User=0.00s Sys=0.00s Real=0.00s
[2025-04-16T14:57:40.374+0000][1154.383s][info][gc,start       ] GC(740) Pause Young (Allocation Failure)
[2025-04-16T14:57:40.375+0000][1154.384s][info][gc,heap        ] GC(740) DefNew: 9173K(10176K)->108K(10176K) Eden: 9088K(9088K)->0K(9088K) From: 85K(1088K)->108K(1088K)
[2025-04-16T14:57:40.375+0000][1154.384s][info][gc,heap        ] GC(740) Tenured: 14639K(22484K)->14640K(22484K)
[2025-04-16T14:57:40.375+0000][1154.384s][info][gc,metaspace   ] GC(740) Metaspace: 37381K(37696K)->37381K(37696K) NonClass: 32954K(33088K)->32954K(33088K) Class: 4426K(4608K)->4426K(4608K)
[2025-04-16T14:57:40.375+0000][1154.384s][info][gc             ] GC(740) Pause Young (Allocation Failure) 23M->14M(31M) 1.350ms
[2025-04-16T14:57:40.375+0000][1154.384s][info][gc,cpu         ] GC(740) User=0.00s Sys=0.00s Real=0.01s
[2025-04-16T14:57:42.204+0000][1156.213s][info][gc,start       ] GC(741) Pause Young (Allocation Failure)
[2025-04-16T14:57:42.206+0000][1156.215s][info][gc,heap        ] GC(741) DefNew: 9196K(10176K)->102K(10176K) Eden: 9088K(9088K)->0K(9088K) From: 108K(1088K)->102K(1088K)
[2025-04-16T14:57:42.206+0000][1156.215s][info][gc,heap        ] GC(741) Tenured: 14640K(22484K)->14640K(22484K)
[2025-04-16T14:57:42.206+0000][1156.215s][info][gc,metaspace   ] GC(741) Metaspace: 37381K(37696K)->37381K(37696K) NonClass: 32954K(33088K)->32954K(33088K) Class: 4426K(4608K)->4426K(4608K)
[2025-04-16T14:57:42.206+0000][1156.215s][info][gc             ] GC(741) Pause Young (Allocation Failure) 23M->14M(31M) 1.391ms
[2025-04-16T14:57:42.206+0000][1156.215s][info][gc,cpu         ] GC(741) User=0.00s Sys=0.00s Real=0.00s
[2025-04-16T14:57:43.574+0000][1157.583s][info][gc,start       ] GC(742) Pause Young (Allocation Failure)
[2025-04-16T14:57:43.575+0000][1157.584s][info][gc,heap        ] GC(742) DefNew: 9190K(10176K)->96K(10176K) Eden: 9088K(9088K)->0K(9088K) From: 102K(1088K)->96K(1088K)
[2025-04-16T14:57:43.575+0000][1157.584s][info][gc,heap        ] GC(742) Tenured: 14640K(22484K)->14643K(22484K)
[2025-04-16T14:57:43.575+0000][1157.584s][info][gc,metaspace   ] GC(742) Metaspace: 37381K(37696K)->37381K(37696K) NonClass: 32954K(33088K)->32954K(33088K) Class: 4426K(4608K)->4426K(4608K)
[2025-04-16T14:57:43.575+0000][1157.584s][info][gc             ] GC(742) Pause Young (Allocation Failure) 23M->14M(31M) 1.363ms
[2025-04-16T14:57:43.575+0000][1157.584s][info][gc,cpu         ] GC(742) User=0.00s Sys=0.00s Real=0.01s
[2025-04-16T14:57:45.304+0000][1159.313s][info][gc,start       ] GC(743) Pause Young (Allocation Failure)
[2025-04-16T14:57:45.306+0000][1159.315s][info][gc,heap        ] GC(743) DefNew: 9182K(10176K)->84K(10176K) Eden: 9086K(9088K)->0K(9088K) From: 96K(1088K)->84K(1088K)
[2025-04-16T14:57:45.306+0000][1159.315s][info][gc,heap        ] GC(743) Tenured: 14643K(22484K)->14645K(22484K)
[2025-04-16T14:57:45.306+0000][1159.315s][info][gc,metaspace   ] GC(743) Metaspace: 37381K(37696K)->37381K(37696K) NonClass: 32954K(33088K)->32954K(33088K) Class: 4426K(4608K)->4426K(4608K)
[2025-04-16T14:57:45.306+0000][1159.315s][info][gc             ] GC(743) Pause Young (Allocation Failure) 23M->14M(31M) 1.267ms
[2025-04-16T14:57:45.306+0000][1159.315s][info][gc,cpu         ] GC(743) User=0.00s Sys=0.00s Real=0.00s
[2025-04-16T14:57:46.797+0000][1160.806s][info][gc,start       ] GC(744) Pause Young (Allocation Failure)
[2025-04-16T14:57:46.798+0000][1160.807s][info][gc,heap        ] GC(744) DefNew: 9172K(10176K)->80K(10176K) Eden: 9088K(9088K)->0K(9088K) From: 84K(1088K)->80K(1088K)
[2025-04-16T14:57:46.798+0000][1160.807s][info][gc,heap        ] GC(744) Tenured: 14645K(22484K)->14646K(22484K)
[2025-04-16T14:57:46.798+0000][1160.807s][info][gc,metaspace   ] GC(744) Metaspace: 37381K(37696K)->37381K(37696K) NonClass: 32954K(33088K)->32954K(33088K) Class: 4426K(4608K)->4426K(4608K)
[2025-04-16T14:57:46.798+0000][1160.807s][info][gc             ] GC(744) Pause Young (Allocation Failure) 23M->14M(31M) 1.300ms
[2025-04-16T14:57:46.798+0000][1160.807s][info][gc,cpu         ] GC(744) User=0.00s Sys=0.00s Real=0.00s
[2025-04-16T14:57:48.438+0000][1162.447s][info][gc,start       ] GC(745) Pause Young (Allocation Failure)
[2025-04-16T14:57:48.439+0000][1162.448s][info][gc,heap        ] GC(745) DefNew: 9168K(10176K)->84K(10176K) Eden: 9088K(9088K)->0K(9088K) From: 80K(1088K)->84K(1088K)
[2025-04-16T14:57:48.439+0000][1162.448s][info][gc,heap        ] GC(745) Tenured: 14646K(22484K)->14646K(22484K)
[2025-04-16T14:57:48.439+0000][1162.448s][info][gc,metaspace   ] GC(745) Metaspace: 37381K(37696K)->37381K(37696K) NonClass: 32954K(33088K)->32954K(33088K) Class: 4426K(4608K)->4426K(4608K)
[2025-04-16T14:57:48.439+0000][1162.448s][info][gc             ] GC(745) Pause Young (Allocation Failure) 23M->14M(31M) 1.382ms
[2025-04-16T14:57:48.439+0000][1162.448s][info][gc,cpu         ] GC(745) User=0.00s Sys=0.00s Real=0.00s
[2025-04-16T14:57:50.202+0000][1164.211s][info][gc,start       ] GC(746) Pause Young (Allocation Failure)
[2025-04-16T14:57:50.203+0000][1164.212s][info][gc,heap        ] GC(746) DefNew: 9172K(10176K)->97K(10176K) Eden: 9088K(9088K)->0K(9088K) From: 84K(1088K)->97K(1088K)
[2025-04-16T14:57:50.203+0000][1164.212s][info][gc,heap        ] GC(746) Tenured: 14646K(22484K)->14648K(22484K)
[2025-04-16T14:57:50.203+0000][1164.212s][info][gc,metaspace   ] GC(746) Metaspace: 37381K(37696K)->37381K(37696K) NonClass: 32954K(33088K)->32954K(33088K) Class: 4426K(4608K)->4426K(4608K)
[2025-04-16T14:57:50.203+0000][1164.212s][info][gc             ] GC(746) Pause Young (Allocation Failure) 23M->14M(31M) 1.215ms
[2025-04-16T14:57:50.203+0000][1164.212s][info][gc,cpu         ] GC(746) User=0.00s Sys=0.00s Real=0.00s
[2025-04-16T14:57:51.798+0000][1165.807s][info][gc,start       ] GC(747) Pause Young (Allocation Failure)
[2025-04-16T14:57:51.799+0000][1165.808s][info][gc,heap        ] GC(747) DefNew: 9185K(10176K)->83K(10176K) Eden: 9088K(9088K)->0K(9088K) From: 97K(1088K)->83K(1088K)
[2025-04-16T14:57:51.799+0000][1165.808s][info][gc,heap        ] GC(747) Tenured: 14648K(22484K)->14648K(22484K)
[2025-04-16T14:57:51.799+0000][1165.808s][info][gc,metaspace   ] GC(747) Metaspace: 37381K(37696K)->37381K(37696K) NonClass: 32954K(33088K)->32954K(33088K) Class: 4426K(4608K)->4426K(4608K)
[2025-04-16T14:57:51.799+0000][1165.808s][info][gc             ] GC(747) Pause Young (Allocation Failure) 23M->14M(31M) 1.329ms
[2025-04-16T14:57:51.799+0000][1165.808s][info][gc,cpu         ] GC(747) User=0.00s Sys=0.00s Real=0.00s
[2025-04-16T14:57:53.288+0000][1167.297s][info][gc,start       ] GC(748) Pause Young (Allocation Failure)
[2025-04-16T14:57:53.289+0000][1167.298s][info][gc,heap        ] GC(748) DefNew: 9171K(10176K)->86K(10176K) Eden: 9088K(9088K)->0K(9088K) From: 83K(1088K)->86K(1088K)
[2025-04-16T14:57:53.289+0000][1167.298s][info][gc,heap        ] GC(748) Tenured: 14648K(22484K)->14648K(22484K)
[2025-04-16T14:57:53.289+0000][1167.298s][info][gc,metaspace   ] GC(748) Metaspace: 37381K(37696K)->37381K(37696K) NonClass: 32954K(33088K)->32954K(33088K) Class: 4426K(4608K)->4426K(4608K)
[2025-04-16T14:57:53.289+0000][1167.298s][info][gc             ] GC(748) Pause Young (Allocation Failure) 23M->14M(31M) 1.347ms
[2025-04-16T14:57:53.289+0000][1167.299s][info][gc,cpu         ] GC(748) User=0.01s Sys=0.00s Real=0.00s
[2025-04-16T14:57:54.917+0000][1168.926s][info][gc,start       ] GC(749) Pause Young (Allocation Failure)
[2025-04-16T14:57:54.918+0000][1168.927s][info][gc,heap        ] GC(749) DefNew: 9174K(10176K)->88K(10176K) Eden: 9088K(9088K)->0K(9088K) From: 86K(1088K)->88K(1088K)
[2025-04-16T14:57:54.918+0000][1168.927s][info][gc,heap        ] GC(749) Tenured: 14648K(22484K)->14648K(22484K)
[2025-04-16T14:57:54.918+0000][1168.927s][info][gc,metaspace   ] GC(749) Metaspace: 37381K(37696K)->37381K(37696K) NonClass: 32954K(33088K)->32954K(33088K) Class: 4426K(4608K)->4426K(4608K)
[2025-04-16T14:57:54.918+0000][1168.927s][info][gc             ] GC(749) Pause Young (Allocation Failure) 23M->14M(31M) 1.342ms
[2025-04-16T14:57:54.918+0000][1168.927s][info][gc,cpu         ] GC(749) User=0.00s Sys=0.00s Real=0.00s
[2025-04-16T14:57:56.531+0000][1170.540s][info][gc,start       ] GC(750) Pause Young (Allocation Failure)
[2025-04-16T14:57:56.532+0000][1170.541s][info][gc,heap        ] GC(750) DefNew: 9176K(10176K)->80K(10176K) Eden: 9088K(9088K)->0K(9088K) From: 88K(1088K)->80K(1088K)
[2025-04-16T14:57:56.532+0000][1170.541s][info][gc,heap        ] GC(750) Tenured: 14648K(22484K)->14649K(22484K)
[2025-04-16T14:57:56.532+0000][1170.541s][info][gc,metaspace   ] GC(750) Metaspace: 37381K(37696K)->37381K(37696K) NonClass: 32954K(33088K)->32954K(33088K) Class: 4426K(4608K)->4426K(4608K)
[2025-04-16T14:57:56.532+0000][1170.541s][info][gc             ] GC(750) Pause Young (Allocation Failure) 23M->14M(31M) 1.327ms
[2025-04-16T14:57:56.532+0000][1170.541s][info][gc,cpu         ] GC(750) User=0.00s Sys=0.00s Real=0.00s
[2025-04-16T14:57:58.108+0000][1172.117s][info][gc,start       ] GC(751) Pause Young (Allocation Failure)
[2025-04-16T14:57:58.109+0000][1172.118s][info][gc,heap        ] GC(751) DefNew: 9160K(10176K)->91K(10176K) Eden: 9080K(9088K)->0K(9088K) From: 80K(1088K)->91K(1088K)
[2025-04-16T14:57:58.109+0000][1172.118s][info][gc,heap        ] GC(751) Tenured: 14649K(22484K)->14650K(22484K)
[2025-04-16T14:57:58.109+0000][1172.118s][info][gc,metaspace   ] GC(751) Metaspace: 37381K(37696K)->37381K(37696K) NonClass: 32954K(33088K)->32954K(33088K) Class: 4426K(4608K)->4426K(4608K)
[2025-04-16T14:57:58.109+0000][1172.118s][info][gc             ] GC(751) Pause Young (Allocation Failure) 23M->14M(31M) 1.300ms
[2025-04-16T14:57:58.109+0000][1172.118s][info][gc,cpu         ] GC(751) User=0.00s Sys=0.00s Real=0.00s
[2025-04-16T14:57:59.731+0000][1173.740s][info][gc,start       ] GC(752) Pause Young (Allocation Failure)
[2025-04-16T14:57:59.732+0000][1173.741s][info][gc,heap        ] GC(752) DefNew: 9168K(10176K)->86K(10176K) Eden: 9077K(9088K)->0K(9088K) From: 91K(1088K)->86K(1088K)
[2025-04-16T14:57:59.732+0000][1173.741s][info][gc,heap        ] GC(752) Tenured: 14650K(22484K)->14651K(22484K)
[2025-04-16T14:57:59.732+0000][1173.741s][info][gc,metaspace   ] GC(752) Metaspace: 37381K(37696K)->37381K(37696K) NonClass: 32954K(33088K)->32954K(33088K) Class: 4426K(4608K)->4426K(4608K)
[2025-04-16T14:57:59.732+0000][1173.741s][info][gc             ] GC(752) Pause Young (Allocation Failure) 23M->14M(31M) 1.360ms
[2025-04-16T14:57:59.732+0000][1173.741s][info][gc,cpu         ] GC(752) User=0.00s Sys=0.00s Real=0.00s
[2025-04-16T14:58:01.410+0000][1175.419s][info][gc,start       ] GC(753) Pause Young (Allocation Failure)
[2025-04-16T14:58:01.412+0000][1175.421s][info][gc,heap        ] GC(753) DefNew: 9174K(10176K)->86K(10176K) Eden: 9087K(9088K)->0K(9088K) From: 86K(1088K)->86K(1088K)
[2025-04-16T14:58:01.412+0000][1175.421s][info][gc,heap        ] GC(753) Tenured: 14651K(22484K)->14651K(22484K)
[2025-04-16T14:58:01.412+0000][1175.421s][info][gc,metaspace   ] GC(753) Metaspace: 37381K(37696K)->37381K(37696K) NonClass: 32954K(33088K)->32954K(33088K) Class: 4426K(4608K)->4426K(4608K)
[2025-04-16T14:58:01.412+0000][1175.421s][info][gc             ] GC(753) Pause Young (Allocation Failure) 23M->14M(31M) 1.362ms
[2025-04-16T14:58:01.412+0000][1175.421s][info][gc,cpu         ] GC(753) User=0.00s Sys=0.00s Real=0.00s
[2025-04-16T14:58:03.077+0000][1177.086s][info][gc,start       ] GC(754) Pause Young (Allocation Failure)
[2025-04-16T14:58:03.078+0000][1177.087s][info][gc,heap        ] GC(754) DefNew: 9174K(10176K)->82K(10176K) Eden: 9088K(9088K)->0K(9088K) From: 86K(1088K)->82K(1088K)
[2025-04-16T14:58:03.078+0000][1177.087s][info][gc,heap        ] GC(754) Tenured: 14651K(22484K)->14652K(22484K)
[2025-04-16T14:58:03.078+0000][1177.087s][info][gc,metaspace   ] GC(754) Metaspace: 37381K(37696K)->37381K(37696K) NonClass: 32954K(33088K)->32954K(33088K) Class: 4426K(4608K)->4426K(4608K)
[2025-04-16T14:58:03.078+0000][1177.087s][info][gc             ] GC(754) Pause Young (Allocation Failure) 23M->14M(31M) 1.277ms
[2025-04-16T14:58:03.078+0000][1177.087s][info][gc,cpu         ] GC(754) User=0.00s Sys=0.00s Real=0.00s
[2025-04-16T14:58:04.591+0000][1178.600s][info][gc,start       ] GC(755) Pause Young (Allocation Failure)
[2025-04-16T14:58:04.592+0000][1178.601s][info][gc,heap        ] GC(755) DefNew: 9170K(10176K)->104K(10176K) Eden: 9088K(9088K)->0K(9088K) From: 82K(1088K)->104K(1088K)
[2025-04-16T14:58:04.592+0000][1178.601s][info][gc,heap        ] GC(755) Tenured: 14652K(22484K)->14652K(22484K)
[2025-04-16T14:58:04.592+0000][1178.601s][info][gc,metaspace   ] GC(755) Metaspace: 37381K(37696K)->37381K(37696K) NonClass: 32954K(33088K)->32954K(33088K) Class: 4426K(4608K)->4426K(4608K)
[2025-04-16T14:58:04.592+0000][1178.601s][info][gc             ] GC(755) Pause Young (Allocation Failure) 23M->14M(31M) 1.330ms
[2025-04-16T14:58:04.592+0000][1178.601s][info][gc,cpu         ] GC(755) User=0.00s Sys=0.00s Real=0.00s
[2025-04-16T14:58:06.240+0000][1180.249s][info][gc,start       ] GC(756) Pause Young (Allocation Failure)
[2025-04-16T14:58:06.241+0000][1180.250s][info][gc,heap        ] GC(756) DefNew: 9192K(10176K)->117K(10176K) Eden: 9087K(9088K)->0K(9088K) From: 104K(1088K)->117K(1088K)
[2025-04-16T14:58:06.241+0000][1180.250s][info][gc,heap        ] GC(756) Tenured: 14652K(22484K)->14654K(22484K)
[2025-04-16T14:58:06.241+0000][1180.250s][info][gc,metaspace   ] GC(756) Metaspace: 37381K(37696K)->37381K(37696K) NonClass: 32954K(33088K)->32954K(33088K) Class: 4426K(4608K)->4426K(4608K)
[2025-04-16T14:58:06.241+0000][1180.250s][info][gc             ] GC(756) Pause Young (Allocation Failure) 23M->14M(31M) 1.378ms
[2025-04-16T14:58:06.241+0000][1180.250s][info][gc,cpu         ] GC(756) User=0.00s Sys=0.00s Real=0.00s
[2025-04-16T14:58:07.714+0000][1181.723s][info][gc,start       ] GC(757) Pause Young (Allocation Failure)
[2025-04-16T14:58:07.715+0000][1181.724s][info][gc,heap        ] GC(757) DefNew: 9205K(10176K)->88K(10176K) Eden: 9088K(9088K)->0K(9088K) From: 117K(1088K)->88K(1088K)
[2025-04-16T14:58:07.715+0000][1181.724s][info][gc,heap        ] GC(757) Tenured: 14654K(22484K)->14654K(22484K)
[2025-04-16T14:58:07.715+0000][1181.724s][info][gc,metaspace   ] GC(757) Metaspace: 37381K(37696K)->37381K(37696K) NonClass: 32954K(33088K)->32954K(33088K) Class: 4426K(4608K)->4426K(4608K)
[2025-04-16T14:58:07.715+0000][1181.724s][info][gc             ] GC(757) Pause Young (Allocation Failure) 23M->14M(31M) 1.200ms
[2025-04-16T14:58:07.715+0000][1181.724s][info][gc,cpu         ] GC(757) User=0.01s Sys=0.00s Real=0.00s
[2025-04-16T14:58:09.360+0000][1183.369s][info][gc,start       ] GC(758) Pause Young (Allocation Failure)
[2025-04-16T14:58:09.361+0000][1183.370s][info][gc,heap        ] GC(758) DefNew: 9176K(10176K)->101K(10176K) Eden: 9088K(9088K)->0K(9088K) From: 88K(1088K)->101K(1088K)
[2025-04-16T14:58:09.361+0000][1183.370s][info][gc,heap        ] GC(758) Tenured: 14654K(22484K)->14654K(22484K)
[2025-04-16T14:58:09.361+0000][1183.370s][info][gc,metaspace   ] GC(758) Metaspace: 37381K(37696K)->37381K(37696K) NonClass: 32954K(33088K)->32954K(33088K) Class: 4426K(4608K)->4426K(4608K)
[2025-04-16T14:58:09.361+0000][1183.370s][info][gc             ] GC(758) Pause Young (Allocation Failure) 23M->14M(31M) 1.320ms
[2025-04-16T14:58:09.361+0000][1183.370s][info][gc,cpu         ] GC(758) User=0.00s Sys=0.00s Real=0.00s
[2025-04-16T14:58:10.950+0000][1184.959s][info][gc,start       ] GC(759) Pause Young (Allocation Failure)
[2025-04-16T14:58:10.951+0000][1184.960s][info][gc,heap        ] GC(759) DefNew: 9189K(10176K)->105K(10176K) Eden: 9088K(9088K)->0K(9088K) From: 101K(1088K)->105K(1088K)
[2025-04-16T14:58:10.951+0000][1184.960s][info][gc,heap        ] GC(759) Tenured: 14654K(22484K)->14654K(22484K)
[2025-04-16T14:58:10.951+0000][1184.960s][info][gc,metaspace   ] GC(759) Metaspace: 37381K(37696K)->37381K(37696K) NonClass: 32954K(33088K)->32954K(33088K) Class: 4426K(4608K)->4426K(4608K)
[2025-04-16T14:58:10.951+0000][1184.960s][info][gc             ] GC(759) Pause Young (Allocation Failure) 23M->14M(31M) 1.257ms
[2025-04-16T14:58:10.951+0000][1184.960s][info][gc,cpu         ] GC(759) User=0.00s Sys=0.00s Real=0.00s
[2025-04-16T14:58:12.627+0000][1186.636s][info][gc,start       ] GC(760) Pause Young (Allocation Failure)
[2025-04-16T14:58:12.628+0000][1186.637s][info][gc,heap        ] GC(760) DefNew: 9193K(10176K)->101K(10176K) Eden: 9088K(9088K)->0K(9088K) From: 105K(1088K)->101K(1088K)
[2025-04-16T14:58:12.628+0000][1186.637s][info][gc,heap        ] GC(760) Tenured: 14654K(22484K)->14655K(22484K)
[2025-04-16T14:58:12.628+0000][1186.637s][info][gc,metaspace   ] GC(760) Metaspace: 37381K(37696K)->37381K(37696K) NonClass: 32954K(33088K)->32954K(33088K) Class: 4426K(4608K)->4426K(4608K)
[2025-04-16T14:58:12.628+0000][1186.637s][info][gc             ] GC(760) Pause Young (Allocation Failure) 23M->14M(31M) 1.253ms
[2025-04-16T14:58:12.628+0000][1186.637s][info][gc,cpu         ] GC(760) User=0.00s Sys=0.00s Real=0.00s
[2025-04-16T14:58:14.161+0000][1188.171s][info][gc,start       ] GC(761) Pause Young (Allocation Failure)
[2025-04-16T14:58:14.163+0000][1188.172s][info][gc,heap        ] GC(761) DefNew: 9189K(10176K)->90K(10176K) Eden: 9088K(9088K)->0K(9088K) From: 101K(1088K)->90K(1088K)
[2025-04-16T14:58:14.163+0000][1188.172s][info][gc,heap        ] GC(761) Tenured: 14655K(22484K)->14658K(22484K)
[2025-04-16T14:58:14.163+0000][1188.172s][info][gc,metaspace   ] GC(761) Metaspace: 37381K(37696K)->37381K(37696K) NonClass: 32954K(33088K)->32954K(33088K) Class: 4426K(4608K)->4426K(4608K)
[2025-04-16T14:58:14.163+0000][1188.172s][info][gc             ] GC(761) Pause Young (Allocation Failure) 23M->14M(31M) 1.288ms
[2025-04-16T14:58:14.163+0000][1188.172s][info][gc,cpu         ] GC(761) User=0.00s Sys=0.00s Real=0.00s
[2025-04-16T14:58:15.961+0000][1189.970s][info][gc,start       ] GC(762) Pause Young (Allocation Failure)
[2025-04-16T14:58:15.962+0000][1189.971s][info][gc,heap        ] GC(762) DefNew: 9178K(10176K)->97K(10176K) Eden: 9088K(9088K)->0K(9088K) From: 90K(1088K)->97K(1088K)
[2025-04-16T14:58:15.962+0000][1189.971s][info][gc,heap        ] GC(762) Tenured: 14658K(22484K)->14658K(22484K)
[2025-04-16T14:58:15.962+0000][1189.971s][info][gc,metaspace   ] GC(762) Metaspace: 37381K(37696K)->37381K(37696K) NonClass: 32954K(33088K)->32954K(33088K) Class: 4426K(4608K)->4426K(4608K)
[2025-04-16T14:58:15.962+0000][1189.971s][info][gc             ] GC(762) Pause Young (Allocation Failure) 23M->14M(31M) 1.295ms
[2025-04-16T14:58:15.962+0000][1189.971s][info][gc,cpu         ] GC(762) User=0.00s Sys=0.00s Real=0.00s
[2025-04-16T14:58:17.349+0000][1191.358s][info][gc,start       ] GC(763) Pause Young (Allocation Failure)
[2025-04-16T14:58:17.350+0000][1191.359s][info][gc,heap        ] GC(763) DefNew: 9185K(10176K)->109K(10176K) Eden: 9088K(9088K)->0K(9088K) From: 97K(1088K)->109K(1088K)
[2025-04-16T14:58:17.350+0000][1191.359s][info][gc,heap        ] GC(763) Tenured: 14658K(22484K)->14659K(22484K)
[2025-04-16T14:58:17.350+0000][1191.359s][info][gc,metaspace   ] GC(763) Metaspace: 37381K(37696K)->37381K(37696K) NonClass: 32954K(33088K)->32954K(33088K) Class: 4426K(4608K)->4426K(4608K)
[2025-04-16T14:58:17.350+0000][1191.359s][info][gc             ] GC(763) Pause Young (Allocation Failure) 23M->14M(31M) 1.389ms
[2025-04-16T14:58:17.350+0000][1191.359s][info][gc,cpu         ] GC(763) User=0.00s Sys=0.00s Real=0.00s
[2025-04-16T14:58:19.127+0000][1193.136s][info][gc,start       ] GC(764) Pause Young (Allocation Failure)
[2025-04-16T14:58:19.128+0000][1193.137s][info][gc,heap        ] GC(764) DefNew: 9197K(10176K)->106K(10176K) Eden: 9088K(9088K)->0K(9088K) From: 109K(1088K)->106K(1088K)
[2025-04-16T14:58:19.128+0000][1193.137s][info][gc,heap        ] GC(764) Tenured: 14659K(22484K)->14659K(22484K)
[2025-04-16T14:58:19.128+0000][1193.137s][info][gc,metaspace   ] GC(764) Metaspace: 37381K(37696K)->37381K(37696K) NonClass: 32954K(33088K)->32954K(33088K) Class: 4426K(4608K)->4426K(4608K)
[2025-04-16T14:58:19.128+0000][1193.137s][info][gc             ] GC(764) Pause Young (Allocation Failure) 23M->14M(31M) 1.411ms
[2025-04-16T14:58:19.128+0000][1193.137s][info][gc,cpu         ] GC(764) User=0.00s Sys=0.00s Real=0.00s
[2025-04-16T14:58:20.742+0000][1194.751s][info][gc,start       ] GC(765) Pause Young (Allocation Failure)
[2025-04-16T14:58:20.743+0000][1194.752s][info][gc,heap        ] GC(765) DefNew: 9194K(10176K)->90K(10176K) Eden: 9088K(9088K)->0K(9088K) From: 106K(1088K)->90K(1088K)
[2025-04-16T14:58:20.743+0000][1194.752s][info][gc,heap        ] GC(765) Tenured: 14659K(22484K)->14659K(22484K)
[2025-04-16T14:58:20.743+0000][1194.752s][info][gc,metaspace   ] GC(765) Metaspace: 37381K(37696K)->37381K(37696K) NonClass: 32954K(33088K)->32954K(33088K) Class: 4426K(4608K)->4426K(4608K)
[2025-04-16T14:58:20.743+0000][1194.752s][info][gc             ] GC(765) Pause Young (Allocation Failure) 23M->14M(31M) 1.332ms
[2025-04-16T14:58:20.743+0000][1194.752s][info][gc,cpu         ] GC(765) User=0.00s Sys=0.00s Real=0.00s
[2025-04-16T14:58:22.124+0000][1196.133s][info][gc,start       ] GC(766) Pause Young (Allocation Failure)
[2025-04-16T14:58:22.125+0000][1196.134s][info][gc,heap        ] GC(766) DefNew: 9178K(10176K)->88K(10176K) Eden: 9088K(9088K)->0K(9088K) From: 90K(1088K)->88K(1088K)
[2025-04-16T14:58:22.125+0000][1196.134s][info][gc,heap        ] GC(766) Tenured: 14659K(22484K)->14661K(22484K)
[2025-04-16T14:58:22.125+0000][1196.134s][info][gc,metaspace   ] GC(766) Metaspace: 37381K(37696K)->37381K(37696K) NonClass: 32954K(33088K)->32954K(33088K) Class: 4426K(4608K)->4426K(4608K)
[2025-04-16T14:58:22.125+0000][1196.134s][info][gc             ] GC(766) Pause Young (Allocation Failure) 23M->14M(31M) 1.382ms
[2025-04-16T14:58:22.125+0000][1196.134s][info][gc,cpu         ] GC(766) User=0.00s Sys=0.00s Real=0.01s
[2025-04-16T14:58:23.760+0000][1197.770s][info][gc,start       ] GC(767) Pause Young (Allocation Failure)
[2025-04-16T14:58:23.762+0000][1197.771s][info][gc,heap        ] GC(767) DefNew: 9176K(10176K)->97K(10176K) Eden: 9088K(9088K)->0K(9088K) From: 88K(1088K)->97K(1088K)
[2025-04-16T14:58:23.762+0000][1197.771s][info][gc,heap        ] GC(767) Tenured: 14661K(22484K)->14663K(22484K)
[2025-04-16T14:58:23.762+0000][1197.771s][info][gc,metaspace   ] GC(767) Metaspace: 37381K(37696K)->37381K(37696K) NonClass: 32954K(33088K)->32954K(33088K) Class: 4426K(4608K)->4426K(4608K)
[2025-04-16T14:58:23.762+0000][1197.771s][info][gc             ] GC(767) Pause Young (Allocation Failure) 23M->14M(31M) 1.306ms
[2025-04-16T14:58:23.762+0000][1197.771s][info][gc,cpu         ] GC(767) User=0.00s Sys=0.00s Real=0.00s
[2025-04-16T14:58:25.271+0000][1199.280s][info][gc,start       ] GC(768) Pause Young (Allocation Failure)
[2025-04-16T14:58:25.273+0000][1199.282s][info][gc,heap        ] GC(768) DefNew: 9185K(10176K)->100K(10176K) Eden: 9088K(9088K)->0K(9088K) From: 97K(1088K)->100K(1088K)
[2025-04-16T14:58:25.273+0000][1199.282s][info][gc,heap        ] GC(768) Tenured: 14663K(22484K)->14665K(22484K)
[2025-04-16T14:58:25.273+0000][1199.282s][info][gc,metaspace   ] GC(768) Metaspace: 37381K(37696K)->37381K(37696K) NonClass: 32954K(33088K)->32954K(33088K) Class: 4426K(4608K)->4426K(4608K)
[2025-04-16T14:58:25.273+0000][1199.282s][info][gc             ] GC(768) Pause Young (Allocation Failure) 23M->14M(31M) 1.370ms
[2025-04-16T14:58:25.273+0000][1199.282s][info][gc,cpu         ] GC(768) User=0.01s Sys=0.00s Real=0.00s
[2025-04-16T14:58:27.036+0000][1201.045s][info][gc,start       ] GC(769) Pause Young (Allocation Failure)
[2025-04-16T14:58:27.037+0000][1201.047s][info][gc,heap        ] GC(769) DefNew: 9188K(10176K)->104K(10176K) Eden: 9088K(9088K)->0K(9088K) From: 100K(1088K)->104K(1088K)
[2025-04-16T14:58:27.038+0000][1201.047s][info][gc,heap        ] GC(769) Tenured: 14665K(22484K)->14665K(22484K)
[2025-04-16T14:58:27.038+0000][1201.047s][info][gc,metaspace   ] GC(769) Metaspace: 37381K(37696K)->37381K(37696K) NonClass: 32954K(33088K)->32954K(33088K) Class: 4426K(4608K)->4426K(4608K)
[2025-04-16T14:58:27.038+0000][1201.047s][info][gc             ] GC(769) Pause Young (Allocation Failure) 23M->14M(31M) 1.376ms
[2025-04-16T14:58:27.038+0000][1201.047s][info][gc,cpu         ] GC(769) User=0.00s Sys=0.00s Real=0.00s
[2025-04-16T14:58:28.490+0000][1202.499s][info][gc,start       ] GC(770) Pause Young (Allocation Failure)
[2025-04-16T14:58:28.492+0000][1202.501s][info][gc,heap        ] GC(770) DefNew: 9192K(10176K)->82K(10176K) Eden: 9088K(9088K)->0K(9088K) From: 104K(1088K)->82K(1088K)
[2025-04-16T14:58:28.492+0000][1202.501s][info][gc,heap        ] GC(770) Tenured: 14665K(22484K)->14669K(22484K)
[2025-04-16T14:58:28.492+0000][1202.501s][info][gc,metaspace   ] GC(770) Metaspace: 37381K(37696K)->37381K(37696K) NonClass: 32954K(33088K)->32954K(33088K) Class: 4426K(4608K)->4426K(4608K)
[2025-04-16T14:58:28.492+0000][1202.501s][info][gc             ] GC(770) Pause Young (Allocation Failure) 23M->14M(31M) 1.302ms
[2025-04-16T14:58:28.492+0000][1202.501s][info][gc,cpu         ] GC(770) User=0.00s Sys=0.00s Real=0.00s
[2025-04-16T14:58:29.968+0000][1203.977s][info][gc,start       ] GC(771) Pause Young (Allocation Failure)
[2025-04-16T14:58:29.969+0000][1203.978s][info][gc,heap        ] GC(771) DefNew: 9170K(10176K)->82K(10176K) Eden: 9088K(9088K)->0K(9088K) From: 82K(1088K)->82K(1088K)
[2025-04-16T14:58:29.969+0000][1203.978s][info][gc,heap        ] GC(771) Tenured: 14669K(22484K)->14669K(22484K)
[2025-04-16T14:58:29.969+0000][1203.978s][info][gc,metaspace   ] GC(771) Metaspace: 37381K(37696K)->37381K(37696K) NonClass: 32954K(33088K)->32954K(33088K) Class: 4426K(4608K)->4426K(4608K)
[2025-04-16T14:58:29.969+0000][1203.978s][info][gc             ] GC(771) Pause Young (Allocation Failure) 23M->14M(31M) 1.217ms
[2025-04-16T14:58:29.969+0000][1203.978s][info][gc,cpu         ] GC(771) User=0.00s Sys=0.00s Real=0.00s
[2025-04-16T14:58:31.896+0000][1205.905s][info][gc,start       ] GC(772) Pause Young (Allocation Failure)
[2025-04-16T14:58:31.897+0000][1205.906s][info][gc,heap        ] GC(772) DefNew: 9170K(10176K)->86K(10176K) Eden: 9088K(9088K)->0K(9088K) From: 82K(1088K)->86K(1088K)
[2025-04-16T14:58:31.897+0000][1205.906s][info][gc,heap        ] GC(772) Tenured: 14669K(22484K)->14669K(22484K)
[2025-04-16T14:58:31.897+0000][1205.906s][info][gc,metaspace   ] GC(772) Metaspace: 37381K(37696K)->37381K(37696K) NonClass: 32954K(33088K)->32954K(33088K) Class: 4426K(4608K)->4426K(4608K)
[2025-04-16T14:58:31.897+0000][1205.906s][info][gc             ] GC(772) Pause Young (Allocation Failure) 23M->14M(31M) 1.224ms
[2025-04-16T14:58:31.897+0000][1205.906s][info][gc,cpu         ] GC(772) User=0.00s Sys=0.00s Real=0.00s
[2025-04-16T14:58:33.420+0000][1207.429s][info][gc,start       ] GC(773) Pause Young (Allocation Failure)
[2025-04-16T14:58:33.421+0000][1207.430s][info][gc,heap        ] GC(773) DefNew: 9174K(10176K)->81K(10176K) Eden: 9088K(9088K)->0K(9088K) From: 86K(1088K)->81K(1088K)
[2025-04-16T14:58:33.421+0000][1207.430s][info][gc,heap        ] GC(773) Tenured: 14669K(22484K)->14670K(22484K)
[2025-04-16T14:58:33.421+0000][1207.430s][info][gc,metaspace   ] GC(773) Metaspace: 37381K(37696K)->37381K(37696K) NonClass: 32954K(33088K)->32954K(33088K) Class: 4426K(4608K)->4426K(4608K)
[2025-04-16T14:58:33.421+0000][1207.430s][info][gc             ] GC(773) Pause Young (Allocation Failure) 23M->14M(31M) 1.335ms
[2025-04-16T14:58:33.421+0000][1207.430s][info][gc,cpu         ] GC(773) User=0.01s Sys=0.00s Real=0.00s
[2025-04-16T14:58:34.872+0000][1208.882s][info][gc,start       ] GC(774) Pause Young (Allocation Failure)
[2025-04-16T14:58:34.874+0000][1208.883s][info][gc,heap        ] GC(774) DefNew: 9169K(10176K)->100K(10176K) Eden: 9088K(9088K)->0K(9088K) From: 81K(1088K)->100K(1088K)
[2025-04-16T14:58:34.874+0000][1208.883s][info][gc,heap        ] GC(774) Tenured: 14670K(22484K)->14671K(22484K)
[2025-04-16T14:58:34.874+0000][1208.883s][info][gc,metaspace   ] GC(774) Metaspace: 37381K(37696K)->37381K(37696K) NonClass: 32954K(33088K)->32954K(33088K) Class: 4426K(4608K)->4426K(4608K)
[2025-04-16T14:58:34.874+0000][1208.883s][info][gc             ] GC(774) Pause Young (Allocation Failure) 23M->14M(31M) 1.402ms
[2025-04-16T14:58:34.874+0000][1208.883s][info][gc,cpu         ] GC(774) User=0.00s Sys=0.00s Real=0.00s
[2025-04-16T14:58:36.703+0000][1210.712s][info][gc,start       ] GC(775) Pause Young (Allocation Failure)
[2025-04-16T14:58:36.704+0000][1210.713s][info][gc,heap        ] GC(775) DefNew: 9188K(10176K)->97K(10176K) Eden: 9088K(9088K)->0K(9088K) From: 100K(1088K)->97K(1088K)
[2025-04-16T14:58:36.704+0000][1210.713s][info][gc,heap        ] GC(775) Tenured: 14671K(22484K)->14671K(22484K)
[2025-04-16T14:58:36.704+0000][1210.713s][info][gc,metaspace   ] GC(775) Metaspace: 37381K(37696K)->37381K(37696K) NonClass: 32954K(33088K)->32954K(33088K) Class: 4426K(4608K)->4426K(4608K)
[2025-04-16T14:58:36.704+0000][1210.713s][info][gc             ] GC(775) Pause Young (Allocation Failure) 23M->14M(31M) 1.336ms
[2025-04-16T14:58:36.704+0000][1210.713s][info][gc,cpu         ] GC(775) User=0.00s Sys=0.00s Real=0.01s
[2025-04-16T14:58:38.390+0000][1212.399s][info][gc,start       ] GC(776) Pause Young (Allocation Failure)
[2025-04-16T14:58:38.391+0000][1212.400s][info][gc,heap        ] GC(776) DefNew: 9185K(10176K)->87K(10176K) Eden: 9088K(9088K)->0K(9088K) From: 97K(1088K)->87K(1088K)
[2025-04-16T14:58:38.391+0000][1212.400s][info][gc,heap        ] GC(776) Tenured: 14671K(22484K)->14673K(22484K)
[2025-04-16T14:58:38.391+0000][1212.400s][info][gc,metaspace   ] GC(776) Metaspace: 37381K(37696K)->37381K(37696K) NonClass: 32954K(33088K)->32954K(33088K) Class: 4426K(4608K)->4426K(4608K)
[2025-04-16T14:58:38.391+0000][1212.400s][info][gc             ] GC(776) Pause Young (Allocation Failure) 23M->14M(31M) 1.282ms
[2025-04-16T14:58:38.391+0000][1212.400s][info][gc,cpu         ] GC(776) User=0.00s Sys=0.00s Real=0.00s
[2025-04-16T14:58:39.856+0000][1213.865s][info][gc,start       ] GC(777) Pause Young (Allocation Failure)
[2025-04-16T14:58:39.857+0000][1213.866s][info][gc,heap        ] GC(777) DefNew: 9173K(10176K)->81K(10176K) Eden: 9086K(9088K)->0K(9088K) From: 87K(1088K)->81K(1088K)
[2025-04-16T14:58:39.857+0000][1213.866s][info][gc,heap        ] GC(777) Tenured: 14673K(22484K)->14674K(22484K)
[2025-04-16T14:58:39.857+0000][1213.866s][info][gc,metaspace   ] GC(777) Metaspace: 37381K(37696K)->37381K(37696K) NonClass: 32954K(33088K)->32954K(33088K) Class: 4426K(4608K)->4426K(4608K)
[2025-04-16T14:58:39.857+0000][1213.866s][info][gc             ] GC(777) Pause Young (Allocation Failure) 23M->14M(31M) 1.320ms
[2025-04-16T14:58:39.857+0000][1213.866s][info][gc,cpu         ] GC(777) User=0.00s Sys=0.00s Real=0.00s
[2025-04-16T14:58:41.466+0000][1215.475s][info][gc,start       ] GC(778) Pause Young (Allocation Failure)
[2025-04-16T14:58:41.467+0000][1215.476s][info][gc,heap        ] GC(778) DefNew: 9169K(10176K)->74K(10176K) Eden: 9087K(9088K)->0K(9088K) From: 81K(1088K)->74K(1088K)
[2025-04-16T14:58:41.467+0000][1215.476s][info][gc,heap        ] GC(778) Tenured: 14674K(22484K)->14676K(22484K)
[2025-04-16T14:58:41.467+0000][1215.476s][info][gc,metaspace   ] GC(778) Metaspace: 37381K(37696K)->37381K(37696K) NonClass: 32954K(33088K)->32954K(33088K) Class: 4426K(4608K)->4426K(4608K)
[2025-04-16T14:58:41.467+0000][1215.476s][info][gc             ] GC(778) Pause Young (Allocation Failure) 23M->14M(31M) 1.335ms
[2025-04-16T14:58:41.467+0000][1215.476s][info][gc,cpu         ] GC(778) User=0.00s Sys=0.00s Real=0.00s
[2025-04-16T14:58:43.016+0000][1217.025s][info][gc,start       ] GC(779) Pause Young (Allocation Failure)
[2025-04-16T14:58:43.017+0000][1217.026s][info][gc,heap        ] GC(779) DefNew: 9162K(10176K)->72K(10176K) Eden: 9088K(9088K)->0K(9088K) From: 74K(1088K)->72K(1088K)
[2025-04-16T14:58:43.017+0000][1217.026s][info][gc,heap        ] GC(779) Tenured: 14676K(22484K)->14676K(22484K)
[2025-04-16T14:58:43.017+0000][1217.026s][info][gc,metaspace   ] GC(779) Metaspace: 37381K(37696K)->37381K(37696K) NonClass: 32954K(33088K)->32954K(33088K) Class: 4426K(4608K)->4426K(4608K)
[2025-04-16T14:58:43.017+0000][1217.026s][info][gc             ] GC(779) Pause Young (Allocation Failure) 23M->14M(31M) 1.302ms
[2025-04-16T14:58:43.017+0000][1217.026s][info][gc,cpu         ] GC(779) User=0.00s Sys=0.00s Real=0.00s
[2025-04-16T14:58:44.780+0000][1218.789s][info][gc,start       ] GC(780) Pause Young (Allocation Failure)
[2025-04-16T14:58:44.782+0000][1218.791s][info][gc,heap        ] GC(780) DefNew: 9160K(10176K)->93K(10176K) Eden: 9088K(9088K)->0K(9088K) From: 72K(1088K)->93K(1088K)
[2025-04-16T14:58:44.782+0000][1218.791s][info][gc,heap        ] GC(780) Tenured: 14676K(22484K)->14676K(22484K)
[2025-04-16T14:58:44.782+0000][1218.791s][info][gc,metaspace   ] GC(780) Metaspace: 37381K(37696K)->37381K(37696K) NonClass: 32954K(33088K)->32954K(33088K) Class: 4426K(4608K)->4426K(4608K)
[2025-04-16T14:58:44.782+0000][1218.791s][info][gc             ] GC(780) Pause Young (Allocation Failure) 23M->14M(31M) 1.304ms
[2025-04-16T14:58:44.782+0000][1218.791s][info][gc,cpu         ] GC(780) User=0.01s Sys=0.00s Real=0.00s
[2025-04-16T14:58:46.495+0000][1220.504s][info][gc,start       ] GC(781) Pause Young (Allocation Failure)
[2025-04-16T14:58:46.496+0000][1220.505s][info][gc,heap        ] GC(781) DefNew: 9181K(10176K)->75K(10176K) Eden: 9088K(9088K)->0K(9088K) From: 93K(1088K)->75K(1088K)
[2025-04-16T14:58:46.496+0000][1220.505s][info][gc,heap        ] GC(781) Tenured: 14676K(22484K)->14678K(22484K)
[2025-04-16T14:58:46.496+0000][1220.505s][info][gc,metaspace   ] GC(781) Metaspace: 37381K(37696K)->37381K(37696K) NonClass: 32954K(33088K)->32954K(33088K) Class: 4426K(4608K)->4426K(4608K)
[2025-04-16T14:58:46.496+0000][1220.505s][info][gc             ] GC(781) Pause Young (Allocation Failure) 23M->14M(31M) 1.209ms
[2025-04-16T14:58:46.496+0000][1220.505s][info][gc,cpu         ] GC(781) User=0.00s Sys=0.00s Real=0.00s
[2025-04-16T14:58:47.943+0000][1221.952s][info][gc,start       ] GC(782) Pause Young (Allocation Failure)
[2025-04-16T14:58:47.944+0000][1221.953s][info][gc,heap        ] GC(782) DefNew: 9163K(10176K)->76K(10176K) Eden: 9088K(9088K)->0K(9088K) From: 75K(1088K)->76K(1088K)
[2025-04-16T14:58:47.944+0000][1221.953s][info][gc,heap        ] GC(782) Tenured: 14678K(22484K)->14678K(22484K)
[2025-04-16T14:58:47.944+0000][1221.953s][info][gc,metaspace   ] GC(782) Metaspace: 37381K(37696K)->37381K(37696K) NonClass: 32954K(33088K)->32954K(33088K) Class: 4426K(4608K)->4426K(4608K)
[2025-04-16T14:58:47.944+0000][1221.953s][info][gc             ] GC(782) Pause Young (Allocation Failure) 23M->14M(31M) 1.343ms
[2025-04-16T14:58:47.944+0000][1221.953s][info][gc,cpu         ] GC(782) User=0.00s Sys=0.00s Real=0.01s
[2025-04-16T14:58:49.517+0000][1223.526s][info][gc,start       ] GC(783) Pause Young (Allocation Failure)
[2025-04-16T14:58:49.518+0000][1223.527s][info][gc,heap        ] GC(783) DefNew: 9164K(10176K)->78K(10176K) Eden: 9088K(9088K)->0K(9088K) From: 76K(1088K)->78K(1088K)
[2025-04-16T14:58:49.518+0000][1223.527s][info][gc,heap        ] GC(783) Tenured: 14678K(22484K)->14678K(22484K)
[2025-04-16T14:58:49.518+0000][1223.527s][info][gc,metaspace   ] GC(783) Metaspace: 37381K(37696K)->37381K(37696K) NonClass: 32954K(33088K)->32954K(33088K) Class: 4426K(4608K)->4426K(4608K)
[2025-04-16T14:58:49.518+0000][1223.527s][info][gc             ] GC(783) Pause Young (Allocation Failure) 23M->14M(31M) 1.222ms
[2025-04-16T14:58:49.518+0000][1223.527s][info][gc,cpu         ] GC(783) User=0.00s Sys=0.00s Real=0.00s
[2025-04-16T14:58:51.270+0000][1225.279s][info][gc,start       ] GC(784) Pause Young (Allocation Failure)
[2025-04-16T14:58:51.272+0000][1225.281s][info][gc,heap        ] GC(784) DefNew: 9166K(10176K)->89K(10176K) Eden: 9088K(9088K)->0K(9088K) From: 78K(1088K)->89K(1088K)
[2025-04-16T14:58:51.272+0000][1225.281s][info][gc,heap        ] GC(784) Tenured: 14678K(22484K)->14680K(22484K)
[2025-04-16T14:58:51.272+0000][1225.281s][info][gc,metaspace   ] GC(784) Metaspace: 37381K(37696K)->37381K(37696K) NonClass: 32954K(33088K)->32954K(33088K) Class: 4426K(4608K)->4426K(4608K)
[2025-04-16T14:58:51.272+0000][1225.281s][info][gc             ] GC(784) Pause Young (Allocation Failure) 23M->14M(31M) 1.365ms
[2025-04-16T14:58:51.272+0000][1225.281s][info][gc,cpu         ] GC(784) User=0.00s Sys=0.00s Real=0.00s
[2025-04-16T14:58:52.554+0000][1226.563s][info][gc,start       ] GC(785) Pause Young (Allocation Failure)
[2025-04-16T14:58:52.556+0000][1226.565s][info][gc,heap        ] GC(785) DefNew: 9177K(10176K)->90K(10176K) Eden: 9088K(9088K)->0K(9088K) From: 89K(1088K)->90K(1088K)
[2025-04-16T14:58:52.556+0000][1226.565s][info][gc,heap        ] GC(785) Tenured: 14680K(22484K)->14680K(22484K)
[2025-04-16T14:58:52.556+0000][1226.565s][info][gc,metaspace   ] GC(785) Metaspace: 37381K(37696K)->37381K(37696K) NonClass: 32954K(33088K)->32954K(33088K) Class: 4426K(4608K)->4426K(4608K)
[2025-04-16T14:58:52.556+0000][1226.565s][info][gc             ] GC(785) Pause Young (Allocation Failure) 23M->14M(31M) 1.303ms
[2025-04-16T14:58:52.556+0000][1226.565s][info][gc,cpu         ] GC(785) User=0.00s Sys=0.00s Real=0.00s
[2025-04-16T14:58:54.343+0000][1228.352s][info][gc,start       ] GC(786) Pause Young (Allocation Failure)
[2025-04-16T14:58:54.345+0000][1228.354s][info][gc,heap        ] GC(786) DefNew: 9178K(10176K)->73K(10176K) Eden: 9088K(9088K)->0K(9088K) From: 90K(1088K)->73K(1088K)
[2025-04-16T14:58:54.345+0000][1228.354s][info][gc,heap        ] GC(786) Tenured: 14680K(22484K)->14680K(22484K)
[2025-04-16T14:58:54.345+0000][1228.354s][info][gc,metaspace   ] GC(786) Metaspace: 37381K(37696K)->37381K(37696K) NonClass: 32954K(33088K)->32954K(33088K) Class: 4426K(4608K)->4426K(4608K)
[2025-04-16T14:58:54.345+0000][1228.354s][info][gc             ] GC(786) Pause Young (Allocation Failure) 23M->14M(31M) 1.281ms
[2025-04-16T14:58:54.345+0000][1228.354s][info][gc,cpu         ] GC(786) User=0.00s Sys=0.00s Real=0.01s
[2025-04-16T14:58:55.642+0000][1229.651s][info][gc,start       ] GC(787) Pause Young (Allocation Failure)
[2025-04-16T14:58:55.643+0000][1229.652s][info][gc,heap        ] GC(787) DefNew: 9161K(10176K)->74K(10176K) Eden: 9088K(9088K)->0K(9088K) From: 73K(1088K)->74K(1088K)
[2025-04-16T14:58:55.643+0000][1229.652s][info][gc,heap        ] GC(787) Tenured: 14680K(22484K)->14680K(22484K)
[2025-04-16T14:58:55.643+0000][1229.652s][info][gc,metaspace   ] GC(787) Metaspace: 37381K(37696K)->37381K(37696K) NonClass: 32954K(33088K)->32954K(33088K) Class: 4426K(4608K)->4426K(4608K)
[2025-04-16T14:58:55.643+0000][1229.652s][info][gc             ] GC(787) Pause Young (Allocation Failure) 23M->14M(31M) 1.214ms
[2025-04-16T14:58:55.643+0000][1229.652s][info][gc,cpu         ] GC(787) User=0.00s Sys=0.00s Real=0.00s
[2025-04-16T14:58:57.343+0000][1231.352s][info][gc,start       ] GC(788) Pause Young (Allocation Failure)
[2025-04-16T14:58:57.344+0000][1231.353s][info][gc,heap        ] GC(788) DefNew: 9162K(10176K)->76K(10176K) Eden: 9088K(9088K)->0K(9088K) From: 74K(1088K)->76K(1088K)
[2025-04-16T14:58:57.344+0000][1231.353s][info][gc,heap        ] GC(788) Tenured: 14680K(22484K)->14680K(22484K)
[2025-04-16T14:58:57.344+0000][1231.353s][info][gc,metaspace   ] GC(788) Metaspace: 37381K(37696K)->37381K(37696K) NonClass: 32954K(33088K)->32954K(33088K) Class: 4426K(4608K)->4426K(4608K)
[2025-04-16T14:58:57.344+0000][1231.353s][info][gc             ] GC(788) Pause Young (Allocation Failure) 23M->14M(31M) 1.209ms
[2025-04-16T14:58:57.344+0000][1231.353s][info][gc,cpu         ] GC(788) User=0.00s Sys=0.00s Real=0.01s
[2025-04-16T14:58:58.946+0000][1232.955s][info][gc,start       ] GC(789) Pause Young (Allocation Failure)
[2025-04-16T14:58:58.947+0000][1232.956s][info][gc,heap        ] GC(789) DefNew: 9164K(10176K)->90K(10176K) Eden: 9087K(9088K)->0K(9088K) From: 76K(1088K)->90K(1088K)
[2025-04-16T14:58:58.947+0000][1232.956s][info][gc,heap        ] GC(789) Tenured: 14680K(22484K)->14680K(22484K)
[2025-04-16T14:58:58.947+0000][1232.956s][info][gc,metaspace   ] GC(789) Metaspace: 37381K(37696K)->37381K(37696K) NonClass: 32954K(33088K)->32954K(33088K) Class: 4426K(4608K)->4426K(4608K)
[2025-04-16T14:58:58.947+0000][1232.956s][info][gc             ] GC(789) Pause Young (Allocation Failure) 23M->14M(31M) 1.342ms
[2025-04-16T14:58:58.947+0000][1232.956s][info][gc,cpu         ] GC(789) User=0.00s Sys=0.00s Real=0.00s
[2025-04-16T14:59:00.557+0000][1234.566s][info][gc,start       ] GC(790) Pause Young (Allocation Failure)
[2025-04-16T14:59:00.558+0000][1234.567s][info][gc,heap        ] GC(790) DefNew: 9178K(10176K)->74K(10176K) Eden: 9088K(9088K)->0K(9088K) From: 90K(1088K)->74K(1088K)
[2025-04-16T14:59:00.558+0000][1234.567s][info][gc,heap        ] GC(790) Tenured: 14680K(22484K)->14680K(22484K)
[2025-04-16T14:59:00.558+0000][1234.567s][info][gc,metaspace   ] GC(790) Metaspace: 37381K(37696K)->37381K(37696K) NonClass: 32954K(33088K)->32954K(33088K) Class: 4426K(4608K)->4426K(4608K)
[2025-04-16T14:59:00.558+0000][1234.567s][info][gc             ] GC(790) Pause Young (Allocation Failure) 23M->14M(31M) 1.165ms
[2025-04-16T14:59:00.558+0000][1234.567s][info][gc,cpu         ] GC(790) User=0.01s Sys=0.00s Real=0.00s
[2025-04-16T14:59:02.219+0000][1236.228s][info][gc,start       ] GC(791) Pause Young (Allocation Failure)
[2025-04-16T14:59:02.221+0000][1236.230s][info][gc,heap        ] GC(791) DefNew: 9162K(10176K)->74K(10176K) Eden: 9088K(9088K)->0K(9088K) From: 74K(1088K)->74K(1088K)
[2025-04-16T14:59:02.221+0000][1236.230s][info][gc,heap        ] GC(791) Tenured: 14680K(22484K)->14680K(22484K)
[2025-04-16T14:59:02.221+0000][1236.230s][info][gc,metaspace   ] GC(791) Metaspace: 37381K(37696K)->37381K(37696K) NonClass: 32954K(33088K)->32954K(33088K) Class: 4426K(4608K)->4426K(4608K)
[2025-04-16T14:59:02.221+0000][1236.230s][info][gc             ] GC(791) Pause Young (Allocation Failure) 23M->14M(31M) 1.349ms
[2025-04-16T14:59:02.221+0000][1236.230s][info][gc,cpu         ] GC(791) User=0.00s Sys=0.00s Real=0.00s
[2025-04-16T14:59:03.734+0000][1237.743s][info][gc,start       ] GC(792) Pause Young (Allocation Failure)
[2025-04-16T14:59:03.735+0000][1237.744s][info][gc,heap        ] GC(792) DefNew: 9162K(10176K)->85K(10176K) Eden: 9088K(9088K)->0K(9088K) From: 74K(1088K)->85K(1088K)
[2025-04-16T14:59:03.735+0000][1237.744s][info][gc,heap        ] GC(792) Tenured: 14680K(22484K)->14680K(22484K)
[2025-04-16T14:59:03.735+0000][1237.744s][info][gc,metaspace   ] GC(792) Metaspace: 37381K(37696K)->37381K(37696K) NonClass: 32954K(33088K)->32954K(33088K) Class: 4426K(4608K)->4426K(4608K)
[2025-04-16T14:59:03.735+0000][1237.744s][info][gc             ] GC(792) Pause Young (Allocation Failure) 23M->14M(31M) 1.241ms
[2025-04-16T14:59:03.735+0000][1237.744s][info][gc,cpu         ] GC(792) User=0.00s Sys=0.00s Real=0.00s
[2025-04-16T14:59:05.401+0000][1239.410s][info][gc,start       ] GC(793) Pause Young (Allocation Failure)
[2025-04-16T14:59:05.402+0000][1239.411s][info][gc,heap        ] GC(793) DefNew: 9173K(10176K)->74K(10176K) Eden: 9088K(9088K)->0K(9088K) From: 85K(1088K)->74K(1088K)
[2025-04-16T14:59:05.402+0000][1239.411s][info][gc,heap        ] GC(793) Tenured: 14680K(22484K)->14680K(22484K)
[2025-04-16T14:59:05.402+0000][1239.411s][info][gc,metaspace   ] GC(793) Metaspace: 37381K(37696K)->37381K(37696K) NonClass: 32954K(33088K)->32954K(33088K) Class: 4426K(4608K)->4426K(4608K)
[2025-04-16T14:59:05.402+0000][1239.411s][info][gc             ] GC(793) Pause Young (Allocation Failure) 23M->14M(31M) 1.430ms
[2025-04-16T14:59:05.402+0000][1239.411s][info][gc,cpu         ] GC(793) User=0.00s Sys=0.00s Real=0.00s
[2025-04-16T14:59:07.022+0000][1241.031s][info][gc,start       ] GC(794) Pause Young (Allocation Failure)
[2025-04-16T14:59:07.024+0000][1241.033s][info][gc,heap        ] GC(794) DefNew: 9162K(10176K)->90K(10176K) Eden: 9088K(9088K)->0K(9088K) From: 74K(1088K)->90K(1088K)
[2025-04-16T14:59:07.024+0000][1241.033s][info][gc,heap        ] GC(794) Tenured: 14680K(22484K)->14680K(22484K)
[2025-04-16T14:59:07.024+0000][1241.033s][info][gc,metaspace   ] GC(794) Metaspace: 37381K(37696K)->37381K(37696K) NonClass: 32954K(33088K)->32954K(33088K) Class: 4426K(4608K)->4426K(4608K)
[2025-04-16T14:59:07.024+0000][1241.033s][info][gc             ] GC(794) Pause Young (Allocation Failure) 23M->14M(31M) 1.291ms
[2025-04-16T14:59:07.024+0000][1241.033s][info][gc,cpu         ] GC(794) User=0.00s Sys=0.00s Real=0.00s
[2025-04-16T14:59:08.818+0000][1242.827s][info][gc,start       ] GC(795) Pause Young (Allocation Failure)
[2025-04-16T14:59:08.819+0000][1242.828s][info][gc,heap        ] GC(795) DefNew: 9178K(10176K)->88K(10176K) Eden: 9088K(9088K)->0K(9088K) From: 90K(1088K)->88K(1088K)
[2025-04-16T14:59:08.819+0000][1242.828s][info][gc,heap        ] GC(795) Tenured: 14680K(22484K)->14680K(22484K)
[2025-04-16T14:59:08.819+0000][1242.828s][info][gc,metaspace   ] GC(795) Metaspace: 37381K(37696K)->37381K(37696K) NonClass: 32954K(33088K)->32954K(33088K) Class: 4426K(4608K)->4426K(4608K)
[2025-04-16T14:59:08.819+0000][1242.828s][info][gc             ] GC(795) Pause Young (Allocation Failure) 23M->14M(31M) 1.325ms
[2025-04-16T14:59:08.819+0000][1242.828s][info][gc,cpu         ] GC(795) User=0.00s Sys=0.00s Real=0.00s
[2025-04-16T14:59:10.308+0000][1244.317s][info][gc,start       ] GC(796) Pause Young (Allocation Failure)
[2025-04-16T14:59:10.310+0000][1244.319s][info][gc,heap        ] GC(796) DefNew: 9176K(10176K)->77K(10176K) Eden: 9088K(9088K)->0K(9088K) From: 88K(1088K)->77K(1088K)
[2025-04-16T14:59:10.310+0000][1244.319s][info][gc,heap        ] GC(796) Tenured: 14680K(22484K)->14680K(22484K)
[2025-04-16T14:59:10.310+0000][1244.319s][info][gc,metaspace   ] GC(796) Metaspace: 37381K(37696K)->37381K(37696K) NonClass: 32954K(33088K)->32954K(33088K) Class: 4426K(4608K)->4426K(4608K)
[2025-04-16T14:59:10.310+0000][1244.319s][info][gc             ] GC(796) Pause Young (Allocation Failure) 23M->14M(31M) 1.337ms
[2025-04-16T14:59:10.310+0000][1244.319s][info][gc,cpu         ] GC(796) User=0.00s Sys=0.00s Real=0.00s
[2025-04-16T14:59:11.958+0000][1245.967s][info][gc,start       ] GC(797) Pause Young (Allocation Failure)
[2025-04-16T14:59:11.960+0000][1245.969s][info][gc,heap        ] GC(797) DefNew: 9165K(10176K)->73K(10176K) Eden: 9087K(9088K)->0K(9088K) From: 77K(1088K)->73K(1088K)
[2025-04-16T14:59:11.960+0000][1245.969s][info][gc,heap        ] GC(797) Tenured: 14680K(22484K)->14681K(22484K)
[2025-04-16T14:59:11.960+0000][1245.969s][info][gc,metaspace   ] GC(797) Metaspace: 37381K(37696K)->37381K(37696K) NonClass: 32954K(33088K)->32954K(33088K) Class: 4426K(4608K)->4426K(4608K)
[2025-04-16T14:59:11.960+0000][1245.969s][info][gc             ] GC(797) Pause Young (Allocation Failure) 23M->14M(31M) 2.055ms
[2025-04-16T14:59:11.960+0000][1245.969s][info][gc,cpu         ] GC(797) User=0.00s Sys=0.00s Real=0.00s
[2025-04-16T14:59:13.330+0000][1247.339s][info][gc,start       ] GC(798) Pause Young (Allocation Failure)
[2025-04-16T14:59:13.331+0000][1247.340s][info][gc,heap        ] GC(798) DefNew: 9161K(10176K)->72K(10176K) Eden: 9088K(9088K)->0K(9088K) From: 73K(1088K)->72K(1088K)
[2025-04-16T14:59:13.331+0000][1247.340s][info][gc,heap        ] GC(798) Tenured: 14681K(22484K)->14681K(22484K)
[2025-04-16T14:59:13.331+0000][1247.340s][info][gc,metaspace   ] GC(798) Metaspace: 37381K(37696K)->37381K(37696K) NonClass: 32954K(33088K)->32954K(33088K) Class: 4426K(4608K)->4426K(4608K)
[2025-04-16T14:59:13.331+0000][1247.340s][info][gc             ] GC(798) Pause Young (Allocation Failure) 23M->14M(31M) 1.364ms
[2025-04-16T14:59:13.331+0000][1247.340s][info][gc,cpu         ] GC(798) User=0.00s Sys=0.00s Real=0.00s
[2025-04-16T14:59:15.060+0000][1249.069s][info][gc,start       ] GC(799) Pause Young (Allocation Failure)
[2025-04-16T14:59:15.061+0000][1249.070s][info][gc,heap        ] GC(799) DefNew: 9160K(10176K)->90K(10176K) Eden: 9088K(9088K)->0K(9088K) From: 72K(1088K)->90K(1088K)
[2025-04-16T14:59:15.061+0000][1249.070s][info][gc,heap        ] GC(799) Tenured: 14681K(22484K)->14681K(22484K)
[2025-04-16T14:59:15.061+0000][1249.070s][info][gc,metaspace   ] GC(799) Metaspace: 37381K(37696K)->37381K(37696K) NonClass: 32954K(33088K)->32954K(33088K) Class: 4426K(4608K)->4426K(4608K)
[2025-04-16T14:59:15.061+0000][1249.070s][info][gc             ] GC(799) Pause Young (Allocation Failure) 23M->14M(31M) 1.195ms
[2025-04-16T14:59:15.061+0000][1249.070s][info][gc,cpu         ] GC(799) User=0.00s Sys=0.00s Real=0.00s
[2025-04-16T14:59:16.574+0000][1250.583s][info][gc,start       ] GC(800) Pause Young (Allocation Failure)
[2025-04-16T14:59:16.575+0000][1250.584s][info][gc,heap        ] GC(800) DefNew: 9178K(10176K)->79K(10176K) Eden: 9088K(9088K)->0K(9088K) From: 90K(1088K)->79K(1088K)
[2025-04-16T14:59:16.575+0000][1250.584s][info][gc,heap        ] GC(800) Tenured: 14681K(22484K)->14683K(22484K)
[2025-04-16T14:59:16.575+0000][1250.584s][info][gc,metaspace   ] GC(800) Metaspace: 37381K(37696K)->37381K(37696K) NonClass: 32954K(33088K)->32954K(33088K) Class: 4426K(4608K)->4426K(4608K)
[2025-04-16T14:59:16.575+0000][1250.584s][info][gc             ] GC(800) Pause Young (Allocation Failure) 23M->14M(31M) 1.302ms
[2025-04-16T14:59:16.575+0000][1250.584s][info][gc,cpu         ] GC(800) User=0.00s Sys=0.00s Real=0.01s
[2025-04-16T14:59:18.355+0000][1252.364s][info][gc,start       ] GC(801) Pause Young (Allocation Failure)
[2025-04-16T14:59:18.356+0000][1252.365s][info][gc,heap        ] GC(801) DefNew: 9167K(10176K)->75K(10176K) Eden: 9088K(9088K)->0K(9088K) From: 79K(1088K)->75K(1088K)
[2025-04-16T14:59:18.356+0000][1252.365s][info][gc,heap        ] GC(801) Tenured: 14683K(22484K)->14683K(22484K)
[2025-04-16T14:59:18.356+0000][1252.365s][info][gc,metaspace   ] GC(801) Metaspace: 37381K(37696K)->37381K(37696K) NonClass: 32954K(33088K)->32954K(33088K) Class: 4426K(4608K)->4426K(4608K)
[2025-04-16T14:59:18.356+0000][1252.365s][info][gc             ] GC(801) Pause Young (Allocation Failure) 23M->14M(31M) 1.411ms
[2025-04-16T14:59:18.356+0000][1252.365s][info][gc,cpu         ] GC(801) User=0.00s Sys=0.00s Real=0.00s
[2025-04-16T14:59:20.009+0000][1254.018s][info][gc,start       ] GC(802) Pause Young (Allocation Failure)
[2025-04-16T14:59:20.011+0000][1254.020s][info][gc,heap        ] GC(802) DefNew: 9163K(10176K)->71K(10176K) Eden: 9088K(9088K)->0K(9088K) From: 75K(1088K)->71K(1088K)
[2025-04-16T14:59:20.011+0000][1254.020s][info][gc,heap        ] GC(802) Tenured: 14683K(22484K)->14683K(22484K)
[2025-04-16T14:59:20.011+0000][1254.020s][info][gc,metaspace   ] GC(802) Metaspace: 37381K(37696K)->37381K(37696K) NonClass: 32954K(33088K)->32954K(33088K) Class: 4426K(4608K)->4426K(4608K)
[2025-04-16T14:59:20.011+0000][1254.020s][info][gc             ] GC(802) Pause Young (Allocation Failure) 23M->14M(31M) 1.178ms
[2025-04-16T14:59:20.011+0000][1254.020s][info][gc,cpu         ] GC(802) User=0.00s Sys=0.00s Real=0.00s
[2025-04-16T14:59:21.496+0000][1255.505s][info][gc,start       ] GC(803) Pause Young (Allocation Failure)
[2025-04-16T14:59:21.497+0000][1255.506s][info][gc,heap        ] GC(803) DefNew: 9159K(10176K)->89K(10176K) Eden: 9088K(9088K)->0K(9088K) From: 71K(1088K)->89K(1088K)
[2025-04-16T14:59:21.497+0000][1255.506s][info][gc,heap        ] GC(803) Tenured: 14683K(22484K)->14683K(22484K)
[2025-04-16T14:59:21.497+0000][1255.506s][info][gc,metaspace   ] GC(803) Metaspace: 37381K(37696K)->37381K(37696K) NonClass: 32954K(33088K)->32954K(33088K) Class: 4426K(4608K)->4426K(4608K)
[2025-04-16T14:59:21.497+0000][1255.506s][info][gc             ] GC(803) Pause Young (Allocation Failure) 23M->14M(31M) 1.305ms
[2025-04-16T14:59:21.497+0000][1255.506s][info][gc,cpu         ] GC(803) User=0.00s Sys=0.00s Real=0.00s
[2025-04-16T14:59:23.045+0000][1257.055s][info][gc,start       ] GC(804) Pause Young (Allocation Failure)
[2025-04-16T14:59:23.047+0000][1257.056s][info][gc,heap        ] GC(804) DefNew: 9177K(10176K)->89K(10176K) Eden: 9088K(9088K)->0K(9088K) From: 89K(1088K)->89K(1088K)
[2025-04-16T14:59:23.047+0000][1257.056s][info][gc,heap        ] GC(804) Tenured: 14683K(22484K)->14683K(22484K)
[2025-04-16T14:59:23.047+0000][1257.056s][info][gc,metaspace   ] GC(804) Metaspace: 37381K(37696K)->37381K(37696K) NonClass: 32954K(33088K)->32954K(33088K) Class: 4426K(4608K)->4426K(4608K)
[2025-04-16T14:59:23.047+0000][1257.056s][info][gc             ] GC(804) Pause Young (Allocation Failure) 23M->14M(31M) 1.246ms
[2025-04-16T14:59:23.047+0000][1257.056s][info][gc,cpu         ] GC(804) User=0.00s Sys=0.00s Real=0.00s
[2025-04-16T14:59:24.762+0000][1258.771s][info][gc,start       ] GC(805) Pause Young (Allocation Failure)
[2025-04-16T14:59:24.763+0000][1258.772s][info][gc,heap        ] GC(805) DefNew: 9177K(10176K)->92K(10176K) Eden: 9088K(9088K)->0K(9088K) From: 89K(1088K)->92K(1088K)
[2025-04-16T14:59:24.763+0000][1258.772s][info][gc,heap        ] GC(805) Tenured: 14683K(22484K)->14683K(22484K)
[2025-04-16T14:59:24.763+0000][1258.772s][info][gc,metaspace   ] GC(805) Metaspace: 37381K(37696K)->37381K(37696K) NonClass: 32954K(33088K)->32954K(33088K) Class: 4426K(4608K)->4426K(4608K)
[2025-04-16T14:59:24.763+0000][1258.772s][info][gc             ] GC(805) Pause Young (Allocation Failure) 23M->14M(31M) 1.313ms
[2025-04-16T14:59:24.763+0000][1258.772s][info][gc,cpu         ] GC(805) User=0.00s Sys=0.00s Real=0.00s
[2025-04-16T14:59:26.083+0000][1260.092s][info][gc,start       ] GC(806) Pause Young (Allocation Failure)
[2025-04-16T14:59:26.084+0000][1260.093s][info][gc,heap        ] GC(806) DefNew: 9180K(10176K)->80K(10176K) Eden: 9088K(9088K)->0K(9088K) From: 92K(1088K)->80K(1088K)
[2025-04-16T14:59:26.084+0000][1260.093s][info][gc,heap        ] GC(806) Tenured: 14683K(22484K)->14683K(22484K)
[2025-04-16T14:59:26.084+0000][1260.093s][info][gc,metaspace   ] GC(806) Metaspace: 37381K(37696K)->37381K(37696K) NonClass: 32954K(33088K)->32954K(33088K) Class: 4426K(4608K)->4426K(4608K)
[2025-04-16T14:59:26.084+0000][1260.093s][info][gc             ] GC(806) Pause Young (Allocation Failure) 23M->14M(31M) 1.253ms
[2025-04-16T14:59:26.084+0000][1260.093s][info][gc,cpu         ] GC(806) User=0.00s Sys=0.00s Real=0.01s
[2025-04-16T14:59:27.855+0000][1261.864s][info][gc,start       ] GC(807) Pause Young (Allocation Failure)
[2025-04-16T14:59:27.856+0000][1261.865s][info][gc,heap        ] GC(807) DefNew: 9165K(10176K)->94K(10176K) Eden: 9084K(9088K)->0K(9088K) From: 80K(1088K)->94K(1088K)
[2025-04-16T14:59:27.856+0000][1261.865s][info][gc,heap        ] GC(807) Tenured: 14683K(22484K)->14683K(22484K)
[2025-04-16T14:59:27.856+0000][1261.865s][info][gc,metaspace   ] GC(807) Metaspace: 37381K(37696K)->37381K(37696K) NonClass: 32954K(33088K)->32954K(33088K) Class: 4426K(4608K)->4426K(4608K)
[2025-04-16T14:59:27.856+0000][1261.865s][info][gc             ] GC(807) Pause Young (Allocation Failure) 23M->14M(31M) 1.321ms
[2025-04-16T14:59:27.856+0000][1261.865s][info][gc,cpu         ] GC(807) User=0.01s Sys=0.00s Real=0.00s
[2025-04-16T14:59:29.319+0000][1263.328s][info][gc,start       ] GC(808) Pause Young (Allocation Failure)
[2025-04-16T14:59:29.320+0000][1263.329s][info][gc,heap        ] GC(808) DefNew: 9182K(10176K)->75K(10176K) Eden: 9088K(9088K)->0K(9088K) From: 94K(1088K)->75K(1088K)
[2025-04-16T14:59:29.320+0000][1263.329s][info][gc,heap        ] GC(808) Tenured: 14683K(22484K)->14683K(22484K)
[2025-04-16T14:59:29.320+0000][1263.329s][info][gc,metaspace   ] GC(808) Metaspace: 37381K(37696K)->37381K(37696K) NonClass: 32954K(33088K)->32954K(33088K) Class: 4426K(4608K)->4426K(4608K)
[2025-04-16T14:59:29.320+0000][1263.329s][info][gc             ] GC(808) Pause Young (Allocation Failure) 23M->14M(31M) 1.300ms
[2025-04-16T14:59:29.320+0000][1263.329s][info][gc,cpu         ] GC(808) User=0.00s Sys=0.00s Real=0.00s
[2025-04-16T14:59:30.740+0000][1264.749s][info][gc,start       ] GC(809) Pause Young (Allocation Failure)
[2025-04-16T14:59:30.741+0000][1264.750s][info][gc,heap        ] GC(809) DefNew: 9163K(10176K)->76K(10176K) Eden: 9088K(9088K)->0K(9088K) From: 75K(1088K)->76K(1088K)
[2025-04-16T14:59:30.741+0000][1264.750s][info][gc,heap        ] GC(809) Tenured: 14683K(22484K)->14683K(22484K)
[2025-04-16T14:59:30.741+0000][1264.750s][info][gc,metaspace   ] GC(809) Metaspace: 37381K(37696K)->37381K(37696K) NonClass: 32954K(33088K)->32954K(33088K) Class: 4426K(4608K)->4426K(4608K)
[2025-04-16T14:59:30.741+0000][1264.750s][info][gc             ] GC(809) Pause Young (Allocation Failure) 23M->14M(31M) 1.322ms
[2025-04-16T14:59:30.741+0000][1264.750s][info][gc,cpu         ] GC(809) User=0.00s Sys=0.00s Real=0.00s
[2025-04-16T14:59:32.576+0000][1266.586s][info][gc,start       ] GC(810) Pause Young (Allocation Failure)
[2025-04-16T14:59:32.578+0000][1266.587s][info][gc,heap        ] GC(810) DefNew: 9164K(10176K)->77K(10176K) Eden: 9088K(9088K)->0K(9088K) From: 76K(1088K)->77K(1088K)
[2025-04-16T14:59:32.578+0000][1266.587s][info][gc,heap        ] GC(810) Tenured: 14683K(22484K)->14683K(22484K)
[2025-04-16T14:59:32.578+0000][1266.587s][info][gc,metaspace   ] GC(810) Metaspace: 37382K(37696K)->37382K(37696K) NonClass: 32955K(33088K)->32955K(33088K) Class: 4426K(4608K)->4426K(4608K)
[2025-04-16T14:59:32.578+0000][1266.587s][info][gc             ] GC(810) Pause Young (Allocation Failure) 23M->14M(31M) 1.335ms
[2025-04-16T14:59:32.578+0000][1266.587s][info][gc,cpu         ] GC(810) User=0.00s Sys=0.00s Real=0.00s
[2025-04-16T14:59:34.026+0000][1268.035s][info][gc,start       ] GC(811) Pause Young (Allocation Failure)
[2025-04-16T14:59:34.028+0000][1268.037s][info][gc,heap        ] GC(811) DefNew: 9165K(10176K)->91K(10176K) Eden: 9088K(9088K)->0K(9088K) From: 77K(1088K)->91K(1088K)
[2025-04-16T14:59:34.028+0000][1268.037s][info][gc,heap        ] GC(811) Tenured: 14683K(22484K)->14683K(22484K)
[2025-04-16T14:59:34.028+0000][1268.037s][info][gc,metaspace   ] GC(811) Metaspace: 37382K(37696K)->37382K(37696K) NonClass: 32955K(33088K)->32955K(33088K) Class: 4426K(4608K)->4426K(4608K)
[2025-04-16T14:59:34.028+0000][1268.037s][info][gc             ] GC(811) Pause Young (Allocation Failure) 23M->14M(31M) 1.291ms
[2025-04-16T14:59:34.028+0000][1268.037s][info][gc,cpu         ] GC(811) User=0.00s Sys=0.00s Real=0.00s
[2025-04-16T14:59:35.615+0000][1269.624s][info][gc,start       ] GC(812) Pause Young (Allocation Failure)
[2025-04-16T14:59:35.616+0000][1269.625s][info][gc,heap        ] GC(812) DefNew: 9178K(10176K)->64K(10176K) Eden: 9087K(9088K)->0K(9088K) From: 91K(1088K)->64K(1088K)
[2025-04-16T14:59:35.616+0000][1269.625s][info][gc,heap        ] GC(812) Tenured: 14683K(22484K)->14683K(22484K)
[2025-04-16T14:59:35.616+0000][1269.625s][info][gc,metaspace   ] GC(812) Metaspace: 37382K(37696K)->37382K(37696K) NonClass: 32955K(33088K)->32955K(33088K) Class: 4426K(4608K)->4426K(4608K)
[2025-04-16T14:59:35.616+0000][1269.625s][info][gc             ] GC(812) Pause Young (Allocation Failure) 23M->14M(31M) 1.151ms
[2025-04-16T14:59:35.616+0000][1269.625s][info][gc,cpu         ] GC(812) User=0.01s Sys=0.00s Real=0.00s
[2025-04-16T14:59:37.262+0000][1271.271s][info][gc,start       ] GC(813) Pause Young (Allocation Failure)
[2025-04-16T14:59:37.263+0000][1271.272s][info][gc,heap        ] GC(813) DefNew: 9152K(10176K)->76K(10176K) Eden: 9088K(9088K)->0K(9088K) From: 64K(1088K)->76K(1088K)
[2025-04-16T14:59:37.263+0000][1271.272s][info][gc,heap        ] GC(813) Tenured: 14683K(22484K)->14683K(22484K)
[2025-04-16T14:59:37.263+0000][1271.272s][info][gc,metaspace   ] GC(813) Metaspace: 37382K(37696K)->37382K(37696K) NonClass: 32955K(33088K)->32955K(33088K) Class: 4426K(4608K)->4426K(4608K)
[2025-04-16T14:59:37.263+0000][1271.272s][info][gc             ] GC(813) Pause Young (Allocation Failure) 23M->14M(31M) 1.249ms
[2025-04-16T14:59:37.263+0000][1271.272s][info][gc,cpu         ] GC(813) User=0.00s Sys=0.00s Real=0.00s
[2025-04-16T14:59:38.715+0000][1272.724s][info][gc,start       ] GC(814) Pause Young (Allocation Failure)
[2025-04-16T14:59:38.716+0000][1272.725s][info][gc,heap        ] GC(814) DefNew: 9164K(10176K)->75K(10176K) Eden: 9088K(9088K)->0K(9088K) From: 76K(1088K)->75K(1088K)
[2025-04-16T14:59:38.716+0000][1272.726s][info][gc,heap        ] GC(814) Tenured: 14683K(22484K)->14683K(22484K)
[2025-04-16T14:59:38.716+0000][1272.726s][info][gc,metaspace   ] GC(814) Metaspace: 37382K(37696K)->37382K(37696K) NonClass: 32955K(33088K)->32955K(33088K) Class: 4426K(4608K)->4426K(4608K)
[2025-04-16T14:59:38.717+0000][1272.726s][info][gc             ] GC(814) Pause Young (Allocation Failure) 23M->14M(31M) 1.265ms
[2025-04-16T14:59:38.717+0000][1272.726s][info][gc,cpu         ] GC(814) User=0.00s Sys=0.00s Real=0.00s
[2025-04-16T14:59:40.452+0000][1274.461s][info][gc,start       ] GC(815) Pause Young (Allocation Failure)
[2025-04-16T14:59:40.453+0000][1274.462s][info][gc,heap        ] GC(815) DefNew: 9163K(10176K)->91K(10176K) Eden: 9088K(9088K)->0K(9088K) From: 75K(1088K)->91K(1088K)
[2025-04-16T14:59:40.453+0000][1274.462s][info][gc,heap        ] GC(815) Tenured: 14683K(22484K)->14683K(22484K)
[2025-04-16T14:59:40.453+0000][1274.462s][info][gc,metaspace   ] GC(815) Metaspace: 37382K(37696K)->37382K(37696K) NonClass: 32955K(33088K)->32955K(33088K) Class: 4426K(4608K)->4426K(4608K)
[2025-04-16T14:59:40.453+0000][1274.462s][info][gc             ] GC(815) Pause Young (Allocation Failure) 23M->14M(31M) 1.264ms
[2025-04-16T14:59:40.453+0000][1274.462s][info][gc,cpu         ] GC(815) User=0.00s Sys=0.00s Real=0.00s
[2025-04-16T14:59:41.835+0000][1275.844s][info][gc,start       ] GC(816) Pause Young (Allocation Failure)
[2025-04-16T14:59:41.836+0000][1275.845s][info][gc,heap        ] GC(816) DefNew: 9179K(10176K)->93K(10176K) Eden: 9088K(9088K)->0K(9088K) From: 91K(1088K)->93K(1088K)
[2025-04-16T14:59:41.836+0000][1275.845s][info][gc,heap        ] GC(816) Tenured: 14683K(22484K)->14683K(22484K)
[2025-04-16T14:59:41.836+0000][1275.845s][info][gc,metaspace   ] GC(816) Metaspace: 37382K(37696K)->37382K(37696K) NonClass: 32955K(33088K)->32955K(33088K) Class: 4426K(4608K)->4426K(4608K)
[2025-04-16T14:59:41.836+0000][1275.845s][info][gc             ] GC(816) Pause Young (Allocation Failure) 23M->14M(31M) 1.252ms
[2025-04-16T14:59:41.836+0000][1275.845s][info][gc,cpu         ] GC(816) User=0.00s Sys=0.00s Real=0.00s
[2025-04-16T14:59:43.701+0000][1277.710s][info][gc,start       ] GC(817) Pause Young (Allocation Failure)
[2025-04-16T14:59:43.702+0000][1277.711s][info][gc,heap        ] GC(817) DefNew: 9181K(10176K)->84K(10176K) Eden: 9088K(9088K)->0K(9088K) From: 93K(1088K)->84K(1088K)
[2025-04-16T14:59:43.702+0000][1277.711s][info][gc,heap        ] GC(817) Tenured: 14683K(22484K)->14683K(22484K)
[2025-04-16T14:59:43.702+0000][1277.711s][info][gc,metaspace   ] GC(817) Metaspace: 37382K(37696K)->37382K(37696K) NonClass: 32955K(33088K)->32955K(33088K) Class: 4426K(4608K)->4426K(4608K)
[2025-04-16T14:59:43.702+0000][1277.711s][info][gc             ] GC(817) Pause Young (Allocation Failure) 23M->14M(31M) 1.203ms
[2025-04-16T14:59:43.702+0000][1277.711s][info][gc,cpu         ] GC(817) User=0.00s Sys=0.00s Real=0.00s
[2025-04-16T14:59:45.502+0000][1279.511s][info][gc,start       ] GC(818) Pause Young (Allocation Failure)
[2025-04-16T14:59:45.503+0000][1279.512s][info][gc,heap        ] GC(818) DefNew: 9172K(10176K)->65K(10176K) Eden: 9088K(9088K)->0K(9088K) From: 84K(1088K)->65K(1088K)
[2025-04-16T14:59:45.503+0000][1279.512s][info][gc,heap        ] GC(818) Tenured: 14683K(22484K)->14683K(22484K)
[2025-04-16T14:59:45.503+0000][1279.512s][info][gc,metaspace   ] GC(818) Metaspace: 37382K(37696K)->37382K(37696K) NonClass: 32955K(33088K)->32955K(33088K) Class: 4426K(4608K)->4426K(4608K)
[2025-04-16T14:59:45.503+0000][1279.512s][info][gc             ] GC(818) Pause Young (Allocation Failure) 23M->14M(31M) 1.312ms
[2025-04-16T14:59:45.503+0000][1279.512s][info][gc,cpu         ] GC(818) User=0.01s Sys=0.00s Real=0.00s
[2025-04-16T14:59:46.796+0000][1280.805s][info][gc,start       ] GC(819) Pause Young (Allocation Failure)
[2025-04-16T14:59:46.798+0000][1280.807s][info][gc,heap        ] GC(819) DefNew: 9153K(10176K)->77K(10176K) Eden: 9088K(9088K)->0K(9088K) From: 65K(1088K)->77K(1088K)
[2025-04-16T14:59:46.798+0000][1280.807s][info][gc,heap        ] GC(819) Tenured: 14683K(22484K)->14683K(22484K)
[2025-04-16T14:59:46.798+0000][1280.807s][info][gc,metaspace   ] GC(819) Metaspace: 37382K(37696K)->37382K(37696K) NonClass: 32955K(33088K)->32955K(33088K) Class: 4426K(4608K)->4426K(4608K)
[2025-04-16T14:59:46.798+0000][1280.807s][info][gc             ] GC(819) Pause Young (Allocation Failure) 23M->14M(31M) 1.329ms
[2025-04-16T14:59:46.798+0000][1280.807s][info][gc,cpu         ] GC(819) User=0.00s Sys=0.00s Real=0.00s
[2025-04-16T14:59:48.648+0000][1282.657s][info][gc,start       ] GC(820) Pause Young (Allocation Failure)
[2025-04-16T14:59:48.649+0000][1282.658s][info][gc,heap        ] GC(820) DefNew: 9165K(10176K)->81K(10176K) Eden: 9088K(9088K)->0K(9088K) From: 77K(1088K)->81K(1088K)
[2025-04-16T14:59:48.649+0000][1282.658s][info][gc,heap        ] GC(820) Tenured: 14683K(22484K)->14686K(22484K)
[2025-04-16T14:59:48.649+0000][1282.658s][info][gc,metaspace   ] GC(820) Metaspace: 37382K(37696K)->37382K(37696K) NonClass: 32955K(33088K)->32955K(33088K) Class: 4426K(4608K)->4426K(4608K)
[2025-04-16T14:59:48.649+0000][1282.658s][info][gc             ] GC(820) Pause Young (Allocation Failure) 23M->14M(31M) 1.309ms
[2025-04-16T14:59:48.649+0000][1282.658s][info][gc,cpu         ] GC(820) User=0.00s Sys=0.00s Real=0.00s
[2025-04-16T14:59:50.210+0000][1284.219s][info][gc,start       ] GC(821) Pause Young (Allocation Failure)
[2025-04-16T14:59:50.211+0000][1284.220s][info][gc,heap        ] GC(821) DefNew: 9169K(10176K)->92K(10176K) Eden: 9088K(9088K)->0K(9088K) From: 81K(1088K)->92K(1088K)
[2025-04-16T14:59:50.211+0000][1284.220s][info][gc,heap        ] GC(821) Tenured: 14686K(22484K)->14686K(22484K)
[2025-04-16T14:59:50.211+0000][1284.220s][info][gc,metaspace   ] GC(821) Metaspace: 37382K(37696K)->37382K(37696K) NonClass: 32955K(33088K)->32955K(33088K) Class: 4426K(4608K)->4426K(4608K)
[2025-04-16T14:59:50.211+0000][1284.221s][info][gc             ] GC(821) Pause Young (Allocation Failure) 23M->14M(31M) 1.318ms
[2025-04-16T14:59:50.211+0000][1284.221s][info][gc,cpu         ] GC(821) User=0.00s Sys=0.00s Real=0.00s
[2025-04-16T14:59:51.881+0000][1285.890s][info][gc,start       ] GC(822) Pause Young (Allocation Failure)
[2025-04-16T14:59:51.882+0000][1285.891s][info][gc,heap        ] GC(822) DefNew: 9180K(10176K)->83K(10176K) Eden: 9088K(9088K)->0K(9088K) From: 92K(1088K)->83K(1088K)
[2025-04-16T14:59:51.882+0000][1285.891s][info][gc,heap        ] GC(822) Tenured: 14686K(22484K)->14686K(22484K)
[2025-04-16T14:59:51.882+0000][1285.891s][info][gc,metaspace   ] GC(822) Metaspace: 37382K(37696K)->37382K(37696K) NonClass: 32956K(33088K)->32956K(33088K) Class: 4426K(4608K)->4426K(4608K)
[2025-04-16T14:59:51.882+0000][1285.892s][info][gc             ] GC(822) Pause Young (Allocation Failure) 23M->14M(31M) 1.196ms
[2025-04-16T14:59:51.882+0000][1285.892s][info][gc,cpu         ] GC(822) User=0.00s Sys=0.00s Real=0.00s
[2025-04-16T14:59:53.544+0000][1287.553s][info][gc,start       ] GC(823) Pause Young (Allocation Failure)
[2025-04-16T14:59:53.546+0000][1287.555s][info][gc,heap        ] GC(823) DefNew: 9171K(10176K)->73K(10176K) Eden: 9088K(9088K)->0K(9088K) From: 83K(1088K)->73K(1088K)
[2025-04-16T14:59:53.546+0000][1287.555s][info][gc,heap        ] GC(823) Tenured: 14686K(22484K)->14686K(22484K)
[2025-04-16T14:59:53.546+0000][1287.555s][info][gc,metaspace   ] GC(823) Metaspace: 37382K(37696K)->37382K(37696K) NonClass: 32956K(33088K)->32956K(33088K) Class: 4426K(4608K)->4426K(4608K)
[2025-04-16T14:59:53.546+0000][1287.555s][info][gc             ] GC(823) Pause Young (Allocation Failure) 23M->14M(31M) 1.288ms
[2025-04-16T14:59:53.546+0000][1287.555s][info][gc,cpu         ] GC(823) User=0.00s Sys=0.00s Real=0.00s
[2025-04-16T14:59:55.211+0000][1289.220s][info][gc,start       ] GC(824) Pause Young (Allocation Failure)
[2025-04-16T14:59:55.212+0000][1289.221s][info][gc,heap        ] GC(824) DefNew: 9161K(10176K)->77K(10176K) Eden: 9088K(9088K)->0K(9088K) From: 73K(1088K)->77K(1088K)
[2025-04-16T14:59:55.212+0000][1289.221s][info][gc,heap        ] GC(824) Tenured: 14686K(22484K)->14686K(22484K)
[2025-04-16T14:59:55.212+0000][1289.221s][info][gc,metaspace   ] GC(824) Metaspace: 37382K(37696K)->37382K(37696K) NonClass: 32956K(33088K)->32956K(33088K) Class: 4426K(4608K)->4426K(4608K)
[2025-04-16T14:59:55.212+0000][1289.221s][info][gc             ] GC(824) Pause Young (Allocation Failure) 23M->14M(31M) 1.333ms
[2025-04-16T14:59:55.212+0000][1289.221s][info][gc,cpu         ] GC(824) User=0.00s Sys=0.00s Real=0.00s
[2025-04-16T14:59:56.895+0000][1290.904s][info][gc,start       ] GC(825) Pause Young (Allocation Failure)
[2025-04-16T14:59:56.896+0000][1290.905s][info][gc,heap        ] GC(825) DefNew: 9165K(10176K)->83K(10176K) Eden: 9088K(9088K)->0K(9088K) From: 77K(1088K)->83K(1088K)
[2025-04-16T14:59:56.896+0000][1290.905s][info][gc,heap        ] GC(825) Tenured: 14686K(22484K)->14686K(22484K)
[2025-04-16T14:59:56.896+0000][1290.905s][info][gc,metaspace   ] GC(825) Metaspace: 37382K(37696K)->37382K(37696K) NonClass: 32956K(33088K)->32956K(33088K) Class: 4426K(4608K)->4426K(4608K)
[2025-04-16T14:59:56.896+0000][1290.905s][info][gc             ] GC(825) Pause Young (Allocation Failure) 23M->14M(31M) 1.254ms
[2025-04-16T14:59:56.896+0000][1290.905s][info][gc,cpu         ] GC(825) User=0.00s Sys=0.00s Real=0.00s
[2025-04-16T14:59:58.754+0000][1292.763s][info][gc,start       ] GC(826) Pause Young (Allocation Failure)
[2025-04-16T14:59:58.755+0000][1292.764s][info][gc,heap        ] GC(826) DefNew: 9171K(10176K)->93K(10176K) Eden: 9088K(9088K)->0K(9088K) From: 83K(1088K)->93K(1088K)
[2025-04-16T14:59:58.755+0000][1292.764s][info][gc,heap        ] GC(826) Tenured: 14686K(22484K)->14686K(22484K)
[2025-04-16T14:59:58.755+0000][1292.764s][info][gc,metaspace   ] GC(826) Metaspace: 37382K(37696K)->37382K(37696K) NonClass: 32956K(33088K)->32956K(33088K) Class: 4426K(4608K)->4426K(4608K)
[2025-04-16T14:59:58.755+0000][1292.764s][info][gc             ] GC(826) Pause Young (Allocation Failure) 23M->14M(31M) 1.309ms
[2025-04-16T14:59:58.755+0000][1292.764s][info][gc,cpu         ] GC(826) User=0.00s Sys=0.00s Real=0.01s
[2025-04-16T15:00:00.380+0000][1294.389s][info][gc,start       ] GC(827) Pause Young (Allocation Failure)
[2025-04-16T15:00:00.381+0000][1294.390s][info][gc,heap        ] GC(827) DefNew: 9181K(10176K)->77K(10176K) Eden: 9088K(9088K)->0K(9088K) From: 93K(1088K)->77K(1088K)
[2025-04-16T15:00:00.381+0000][1294.390s][info][gc,heap        ] GC(827) Tenured: 14686K(22484K)->14686K(22484K)
[2025-04-16T15:00:00.381+0000][1294.390s][info][gc,metaspace   ] GC(827) Metaspace: 37382K(37696K)->37382K(37696K) NonClass: 32956K(33088K)->32956K(33088K) Class: 4426K(4608K)->4426K(4608K)
[2025-04-16T15:00:00.381+0000][1294.390s][info][gc             ] GC(827) Pause Young (Allocation Failure) 23M->14M(31M) 1.285ms
[2025-04-16T15:00:00.381+0000][1294.390s][info][gc,cpu         ] GC(827) User=0.00s Sys=0.00s Real=0.00s
[2025-04-16T15:00:01.944+0000][1295.954s][info][gc,start       ] GC(828) Pause Young (Allocation Failure)
[2025-04-16T15:00:01.946+0000][1295.955s][info][gc,heap        ] GC(828) DefNew: 9165K(10176K)->77K(10176K) Eden: 9088K(9088K)->0K(9088K) From: 77K(1088K)->77K(1088K)
[2025-04-16T15:00:01.946+0000][1295.955s][info][gc,heap        ] GC(828) Tenured: 14686K(22484K)->14686K(22484K)
[2025-04-16T15:00:01.946+0000][1295.955s][info][gc,metaspace   ] GC(828) Metaspace: 37382K(37696K)->37382K(37696K) NonClass: 32956K(33088K)->32956K(33088K) Class: 4426K(4608K)->4426K(4608K)
[2025-04-16T15:00:01.946+0000][1295.955s][info][gc             ] GC(828) Pause Young (Allocation Failure) 23M->14M(31M) 1.340ms
[2025-04-16T15:00:01.946+0000][1295.955s][info][gc,cpu         ] GC(828) User=0.00s Sys=0.00s Real=0.00s
[2025-04-16T15:00:03.594+0000][1297.603s][info][gc,start       ] GC(829) Pause Young (Allocation Failure)
[2025-04-16T15:00:03.595+0000][1297.604s][info][gc,heap        ] GC(829) DefNew: 9165K(10176K)->77K(10176K) Eden: 9088K(9088K)->0K(9088K) From: 77K(1088K)->77K(1088K)
[2025-04-16T15:00:03.595+0000][1297.604s][info][gc,heap        ] GC(829) Tenured: 14686K(22484K)->14686K(22484K)
[2025-04-16T15:00:03.595+0000][1297.604s][info][gc,metaspace   ] GC(829) Metaspace: 37382K(37696K)->37382K(37696K) NonClass: 32956K(33088K)->32956K(33088K) Class: 4426K(4608K)->4426K(4608K)
[2025-04-16T15:00:03.595+0000][1297.604s][info][gc             ] GC(829) Pause Young (Allocation Failure) 23M->14M(31M) 1.375ms
[2025-04-16T15:00:03.595+0000][1297.604s][info][gc,cpu         ] GC(829) User=0.00s Sys=0.00s Real=0.01s
[2025-04-16T15:00:05.232+0000][1299.241s][info][gc,start       ] GC(830) Pause Young (Allocation Failure)
[2025-04-16T15:00:05.233+0000][1299.242s][info][gc,heap        ] GC(830) DefNew: 9165K(10176K)->77K(10176K) Eden: 9088K(9088K)->0K(9088K) From: 77K(1088K)->77K(1088K)
[2025-04-16T15:00:05.233+0000][1299.242s][info][gc,heap        ] GC(830) Tenured: 14686K(22484K)->14686K(22484K)
[2025-04-16T15:00:05.233+0000][1299.242s][info][gc,metaspace   ] GC(830) Metaspace: 37385K(37696K)->37385K(37696K) NonClass: 32958K(33088K)->32958K(33088K) Class: 4426K(4608K)->4426K(4608K)
[2025-04-16T15:00:05.233+0000][1299.242s][info][gc             ] GC(830) Pause Young (Allocation Failure) 23M->14M(31M) 1.362ms
[2025-04-16T15:00:05.233+0000][1299.243s][info][gc,cpu         ] GC(830) User=0.00s Sys=0.00s Real=0.00s
[2025-04-16T15:00:06.553+0000][1300.562s][info][gc,start       ] GC(831) Pause Young (Allocation Failure)
[2025-04-16T15:00:06.554+0000][1300.563s][info][gc,heap        ] GC(831) DefNew: 9165K(10176K)->75K(10176K) Eden: 9088K(9088K)->0K(9088K) From: 77K(1088K)->75K(1088K)
[2025-04-16T15:00:06.554+0000][1300.563s][info][gc,heap        ] GC(831) Tenured: 14686K(22484K)->14687K(22484K)
[2025-04-16T15:00:06.554+0000][1300.563s][info][gc,metaspace   ] GC(831) Metaspace: 37385K(37696K)->37385K(37696K) NonClass: 32958K(33088K)->32958K(33088K) Class: 4426K(4608K)->4426K(4608K)
[2025-04-16T15:00:06.554+0000][1300.563s][info][gc             ] GC(831) Pause Young (Allocation Failure) 23M->14M(31M) 1.243ms
[2025-04-16T15:00:06.554+0000][1300.563s][info][gc,cpu         ] GC(831) User=0.00s Sys=0.00s Real=0.00s
[2025-04-16T15:00:08.374+0000][1302.383s][info][gc,start       ] GC(832) Pause Young (Allocation Failure)
[2025-04-16T15:00:08.376+0000][1302.385s][info][gc,heap        ] GC(832) DefNew: 9163K(10176K)->93K(10176K) Eden: 9088K(9088K)->0K(9088K) From: 75K(1088K)->93K(1088K)
[2025-04-16T15:00:08.376+0000][1302.385s][info][gc,heap        ] GC(832) Tenured: 14687K(22484K)->14687K(22484K)
[2025-04-16T15:00:08.376+0000][1302.385s][info][gc,metaspace   ] GC(832) Metaspace: 37385K(37696K)->37385K(37696K) NonClass: 32958K(33088K)->32958K(33088K) Class: 4426K(4608K)->4426K(4608K)
[2025-04-16T15:00:08.376+0000][1302.385s][info][gc             ] GC(832) Pause Young (Allocation Failure) 23M->14M(31M) 1.375ms
[2025-04-16T15:00:08.376+0000][1302.385s][info][gc,cpu         ] GC(832) User=0.00s Sys=0.00s Real=0.00s
[2025-04-16T15:00:10.220+0000][1304.229s][info][gc,start       ] GC(833) Pause Young (Allocation Failure)
[2025-04-16T15:00:10.221+0000][1304.230s][info][gc,heap        ] GC(833) DefNew: 9181K(10176K)->76K(10176K) Eden: 9088K(9088K)->0K(9088K) From: 93K(1088K)->76K(1088K)
[2025-04-16T15:00:10.221+0000][1304.230s][info][gc,heap        ] GC(833) Tenured: 14687K(22484K)->14687K(22484K)
[2025-04-16T15:00:10.221+0000][1304.230s][info][gc,metaspace   ] GC(833) Metaspace: 37385K(37696K)->37385K(37696K) NonClass: 32958K(33088K)->32958K(33088K) Class: 4426K(4608K)->4426K(4608K)
[2025-04-16T15:00:10.221+0000][1304.230s][info][gc             ] GC(833) Pause Young (Allocation Failure) 23M->14M(31M) 1.242ms
[2025-04-16T15:00:10.221+0000][1304.230s][info][gc,cpu         ] GC(833) User=0.00s Sys=0.00s Real=0.00s
[2025-04-16T15:00:11.621+0000][1305.630s][info][gc,start       ] GC(834) Pause Young (Allocation Failure)
[2025-04-16T15:00:11.622+0000][1305.631s][info][gc,heap        ] GC(834) DefNew: 9157K(10176K)->80K(10176K) Eden: 9080K(9088K)->0K(9088K) From: 76K(1088K)->80K(1088K)
[2025-04-16T15:00:11.622+0000][1305.632s][info][gc,heap        ] GC(834) Tenured: 14687K(22484K)->14687K(22484K)
[2025-04-16T15:00:11.622+0000][1305.632s][info][gc,metaspace   ] GC(834) Metaspace: 37385K(37696K)->37385K(37696K) NonClass: 32958K(33088K)->32958K(33088K) Class: 4426K(4608K)->4426K(4608K)
[2025-04-16T15:00:11.623+0000][1305.632s][info][gc             ] GC(834) Pause Young (Allocation Failure) 23M->14M(31M) 1.428ms
[2025-04-16T15:00:11.623+0000][1305.632s][info][gc,cpu         ] GC(834) User=0.00s Sys=0.00s Real=0.00s
[2025-04-16T15:00:13.311+0000][1307.320s][info][gc,start       ] GC(835) Pause Young (Allocation Failure)
[2025-04-16T15:00:13.312+0000][1307.321s][info][gc,heap        ] GC(835) DefNew: 9168K(10176K)->77K(10176K) Eden: 9088K(9088K)->0K(9088K) From: 80K(1088K)->77K(1088K)
[2025-04-16T15:00:13.312+0000][1307.321s][info][gc,heap        ] GC(835) Tenured: 14687K(22484K)->14687K(22484K)
[2025-04-16T15:00:13.312+0000][1307.321s][info][gc,metaspace   ] GC(835) Metaspace: 37389K(37696K)->37389K(37696K) NonClass: 32963K(33088K)->32963K(33088K) Class: 4426K(4608K)->4426K(4608K)
[2025-04-16T15:00:13.312+0000][1307.321s][info][gc             ] GC(835) Pause Young (Allocation Failure) 23M->14M(31M) 1.283ms
[2025-04-16T15:00:13.312+0000][1307.321s][info][gc,cpu         ] GC(835) User=0.00s Sys=0.00s Real=0.00s
[2025-04-16T15:00:14.799+0000][1308.808s][info][gc,start       ] GC(836) Pause Young (Allocation Failure)
[2025-04-16T15:00:14.800+0000][1308.809s][info][gc,heap        ] GC(836) DefNew: 9165K(10176K)->74K(10176K) Eden: 9088K(9088K)->0K(9088K) From: 77K(1088K)->74K(1088K)
[2025-04-16T15:00:14.800+0000][1308.809s][info][gc,heap        ] GC(836) Tenured: 14687K(22484K)->14690K(22484K)
[2025-04-16T15:00:14.800+0000][1308.809s][info][gc,metaspace   ] GC(836) Metaspace: 37389K(37696K)->37389K(37696K) NonClass: 32963K(33088K)->32963K(33088K) Class: 4426K(4608K)->4426K(4608K)
[2025-04-16T15:00:14.800+0000][1308.809s][info][gc             ] GC(836) Pause Young (Allocation Failure) 23M->14M(31M) 1.280ms
[2025-04-16T15:00:14.800+0000][1308.809s][info][gc,cpu         ] GC(836) User=0.01s Sys=0.00s Real=0.00s
[2025-04-16T15:00:16.419+0000][1310.428s][info][gc,start       ] GC(837) Pause Young (Allocation Failure)
[2025-04-16T15:00:16.421+0000][1310.430s][info][gc,heap        ] GC(837) DefNew: 9162K(10176K)->92K(10176K) Eden: 9088K(9088K)->0K(9088K) From: 74K(1088K)->92K(1088K)
[2025-04-16T15:00:16.421+0000][1310.430s][info][gc,heap        ] GC(837) Tenured: 14690K(22484K)->14690K(22484K)
[2025-04-16T15:00:16.421+0000][1310.430s][info][gc,metaspace   ] GC(837) Metaspace: 37389K(37696K)->37389K(37696K) NonClass: 32963K(33088K)->32963K(33088K) Class: 4426K(4608K)->4426K(4608K)
[2025-04-16T15:00:16.421+0000][1310.430s][info][gc             ] GC(837) Pause Young (Allocation Failure) 23M->14M(31M) 1.276ms
[2025-04-16T15:00:16.421+0000][1310.430s][info][gc,cpu         ] GC(837) User=0.00s Sys=0.00s Real=0.00s
[2025-04-16T15:00:17.787+0000][1311.796s][info][gc,start       ] GC(838) Pause Young (Allocation Failure)
[2025-04-16T15:00:17.788+0000][1311.797s][info][gc,heap        ] GC(838) DefNew: 9180K(10176K)->75K(10176K) Eden: 9088K(9088K)->0K(9088K) From: 92K(1088K)->75K(1088K)
[2025-04-16T15:00:17.788+0000][1311.797s][info][gc,heap        ] GC(838) Tenured: 14690K(22484K)->14690K(22484K)
[2025-04-16T15:00:17.788+0000][1311.797s][info][gc,metaspace   ] GC(838) Metaspace: 37389K(37696K)->37389K(37696K) NonClass: 32963K(33088K)->32963K(33088K) Class: 4426K(4608K)->4426K(4608K)
[2025-04-16T15:00:17.788+0000][1311.797s][info][gc             ] GC(838) Pause Young (Allocation Failure) 23M->14M(31M) 1.225ms
[2025-04-16T15:00:17.788+0000][1311.797s][info][gc,cpu         ] GC(838) User=0.00s Sys=0.00s Real=0.00s
[2025-04-16T15:00:19.758+0000][1313.767s][info][gc,start       ] GC(839) Pause Young (Allocation Failure)
[2025-04-16T15:00:19.759+0000][1313.768s][info][gc,heap        ] GC(839) DefNew: 9163K(10176K)->90K(10176K) Eden: 9087K(9088K)->0K(9088K) From: 75K(1088K)->90K(1088K)
[2025-04-16T15:00:19.759+0000][1313.768s][info][gc,heap        ] GC(839) Tenured: 14690K(22484K)->14690K(22484K)
[2025-04-16T15:00:19.759+0000][1313.768s][info][gc,metaspace   ] GC(839) Metaspace: 37389K(37696K)->37389K(37696K) NonClass: 32963K(33088K)->32963K(33088K) Class: 4426K(4608K)->4426K(4608K)
[2025-04-16T15:00:19.759+0000][1313.768s][info][gc             ] GC(839) Pause Young (Allocation Failure) 23M->14M(31M) 1.286ms
[2025-04-16T15:00:19.759+0000][1313.768s][info][gc,cpu         ] GC(839) User=0.01s Sys=0.00s Real=0.00s
[2025-04-16T15:00:21.226+0000][1315.235s][info][gc,start       ] GC(840) Pause Young (Allocation Failure)
[2025-04-16T15:00:21.227+0000][1315.236s][info][gc,heap        ] GC(840) DefNew: 9178K(10176K)->76K(10176K) Eden: 9088K(9088K)->0K(9088K) From: 90K(1088K)->76K(1088K)
[2025-04-16T15:00:21.227+0000][1315.236s][info][gc,heap        ] GC(840) Tenured: 14690K(22484K)->14690K(22484K)
[2025-04-16T15:00:21.227+0000][1315.236s][info][gc,metaspace   ] GC(840) Metaspace: 37389K(37696K)->37389K(37696K) NonClass: 32963K(33088K)->32963K(33088K) Class: 4426K(4608K)->4426K(4608K)
[2025-04-16T15:00:21.227+0000][1315.236s][info][gc             ] GC(840) Pause Young (Allocation Failure) 23M->14M(31M) 1.253ms
[2025-04-16T15:00:21.227+0000][1315.236s][info][gc,cpu         ] GC(840) User=0.00s Sys=0.00s Real=0.00s
[2025-04-16T15:00:22.957+0000][1316.966s][info][gc,start       ] GC(841) Pause Young (Allocation Failure)
[2025-04-16T15:00:22.958+0000][1316.967s][info][gc,heap        ] GC(841) DefNew: 9164K(10176K)->76K(10176K) Eden: 9088K(9088K)->0K(9088K) From: 76K(1088K)->76K(1088K)
[2025-04-16T15:00:22.958+0000][1316.967s][info][gc,heap        ] GC(841) Tenured: 14690K(22484K)->14691K(22484K)
[2025-04-16T15:00:22.958+0000][1316.967s][info][gc,metaspace   ] GC(841) Metaspace: 37389K(37696K)->37389K(37696K) NonClass: 32963K(33088K)->32963K(33088K) Class: 4426K(4608K)->4426K(4608K)
[2025-04-16T15:00:22.958+0000][1316.967s][info][gc             ] GC(841) Pause Young (Allocation Failure) 23M->14M(31M) 1.328ms
[2025-04-16T15:00:22.958+0000][1316.967s][info][gc,cpu         ] GC(841) User=0.00s Sys=0.00s Real=0.00s
[2025-04-16T15:00:24.610+0000][1318.619s][info][gc,start       ] GC(842) Pause Young (Allocation Failure)
[2025-04-16T15:00:24.611+0000][1318.620s][info][gc,heap        ] GC(842) DefNew: 9164K(10176K)->114K(10176K) Eden: 9088K(9088K)->0K(9088K) From: 76K(1088K)->114K(1088K)
[2025-04-16T15:00:24.611+0000][1318.621s][info][gc,heap        ] GC(842) Tenured: 14691K(22484K)->14691K(22484K)
[2025-04-16T15:00:24.611+0000][1318.621s][info][gc,metaspace   ] GC(842) Metaspace: 37389K(37696K)->37389K(37696K) NonClass: 32963K(33088K)->32963K(33088K) Class: 4426K(4608K)->4426K(4608K)
[2025-04-16T15:00:24.612+0000][1318.621s][info][gc             ] GC(842) Pause Young (Allocation Failure) 23M->14M(31M) 1.315ms
[2025-04-16T15:00:24.612+0000][1318.621s][info][gc,cpu         ] GC(842) User=0.00s Sys=0.00s Real=0.00s
[2025-04-16T15:00:26.171+0000][1320.180s][info][gc,start       ] GC(843) Pause Young (Allocation Failure)
[2025-04-16T15:00:26.172+0000][1320.181s][info][gc,heap        ] GC(843) DefNew: 9202K(10176K)->94K(10176K) Eden: 9088K(9088K)->0K(9088K) From: 114K(1088K)->94K(1088K)
[2025-04-16T15:00:26.172+0000][1320.181s][info][gc,heap        ] GC(843) Tenured: 14691K(22484K)->14691K(22484K)
[2025-04-16T15:00:26.172+0000][1320.181s][info][gc,metaspace   ] GC(843) Metaspace: 37389K(37696K)->37389K(37696K) NonClass: 32963K(33088K)->32963K(33088K) Class: 4426K(4608K)->4426K(4608K)
[2025-04-16T15:00:26.172+0000][1320.181s][info][gc             ] GC(843) Pause Young (Allocation Failure) 23M->14M(31M) 1.252ms
[2025-04-16T15:00:26.172+0000][1320.181s][info][gc,cpu         ] GC(843) User=0.00s Sys=0.00s Real=0.00s
[2025-04-16T15:00:27.749+0000][1321.758s][info][gc,start       ] GC(844) Pause Young (Allocation Failure)
[2025-04-16T15:00:27.750+0000][1321.759s][info][gc,heap        ] GC(844) DefNew: 9182K(10176K)->78K(10176K) Eden: 9088K(9088K)->0K(9088K) From: 94K(1088K)->78K(1088K)
[2025-04-16T15:00:27.750+0000][1321.759s][info][gc,heap        ] GC(844) Tenured: 14691K(22484K)->14691K(22484K)
[2025-04-16T15:00:27.750+0000][1321.759s][info][gc,metaspace   ] GC(844) Metaspace: 37389K(37696K)->37389K(37696K) NonClass: 32963K(33088K)->32963K(33088K) Class: 4426K(4608K)->4426K(4608K)
[2025-04-16T15:00:27.750+0000][1321.759s][info][gc             ] GC(844) Pause Young (Allocation Failure) 23M->14M(31M) 1.382ms
[2025-04-16T15:00:27.750+0000][1321.759s][info][gc,cpu         ] GC(844) User=0.00s Sys=0.00s Real=0.00s
[2025-04-16T15:00:29.371+0000][1323.380s][info][gc,start       ] GC(845) Pause Young (Allocation Failure)
[2025-04-16T15:00:29.372+0000][1323.381s][info][gc,heap        ] GC(845) DefNew: 9166K(10176K)->79K(10176K) Eden: 9087K(9088K)->0K(9088K) From: 78K(1088K)->79K(1088K)
[2025-04-16T15:00:29.372+0000][1323.381s][info][gc,heap        ] GC(845) Tenured: 14691K(22484K)->14691K(22484K)
[2025-04-16T15:00:29.372+0000][1323.381s][info][gc,metaspace   ] GC(845) Metaspace: 37389K(37696K)->37389K(37696K) NonClass: 32963K(33088K)->32963K(33088K) Class: 4426K(4608K)->4426K(4608K)
[2025-04-16T15:00:29.372+0000][1323.381s][info][gc             ] GC(845) Pause Young (Allocation Failure) 23M->14M(31M) 1.266ms
[2025-04-16T15:00:29.372+0000][1323.381s][info][gc,cpu         ] GC(845) User=0.00s Sys=0.00s Real=0.00s
[2025-04-16T15:00:30.751+0000][1324.760s][info][gc,start       ] GC(846) Pause Young (Allocation Failure)
[2025-04-16T15:00:30.752+0000][1324.761s][info][gc,heap        ] GC(846) DefNew: 9167K(10176K)->77K(10176K) Eden: 9088K(9088K)->0K(9088K) From: 79K(1088K)->77K(1088K)
[2025-04-16T15:00:30.752+0000][1324.761s][info][gc,heap        ] GC(846) Tenured: 14691K(22484K)->14692K(22484K)
[2025-04-16T15:00:30.752+0000][1324.761s][info][gc,metaspace   ] GC(846) Metaspace: 37389K(37696K)->37389K(37696K) NonClass: 32963K(33088K)->32963K(33088K) Class: 4426K(4608K)->4426K(4608K)
[2025-04-16T15:00:30.752+0000][1324.761s][info][gc             ] GC(846) Pause Young (Allocation Failure) 23M->14M(31M) 1.268ms
[2025-04-16T15:00:30.752+0000][1324.761s][info][gc,cpu         ] GC(846) User=0.00s Sys=0.00s Real=0.00s
[2025-04-16T15:00:32.831+0000][1326.840s][info][gc,start       ] GC(847) Pause Young (Allocation Failure)
[2025-04-16T15:00:32.832+0000][1326.841s][info][gc,heap        ] GC(847) DefNew: 9165K(10176K)->93K(10176K) Eden: 9088K(9088K)->0K(9088K) From: 77K(1088K)->93K(1088K)
[2025-04-16T15:00:32.832+0000][1326.841s][info][gc,heap        ] GC(847) Tenured: 14692K(22484K)->14692K(22484K)
[2025-04-16T15:00:32.832+0000][1326.841s][info][gc,metaspace   ] GC(847) Metaspace: 37389K(37696K)->37389K(37696K) NonClass: 32963K(33088K)->32963K(33088K) Class: 4426K(4608K)->4426K(4608K)
[2025-04-16T15:00:32.832+0000][1326.841s][info][gc             ] GC(847) Pause Young (Allocation Failure) 23M->14M(31M) 1.338ms
[2025-04-16T15:00:32.832+0000][1326.841s][info][gc,cpu         ] GC(847) User=0.00s Sys=0.00s Real=0.00s
[2025-04-16T15:00:34.143+0000][1328.152s][info][gc,start       ] GC(848) Pause Young (Allocation Failure)
[2025-04-16T15:00:34.144+0000][1328.154s][info][gc,heap        ] GC(848) DefNew: 9181K(10176K)->84K(10176K) Eden: 9088K(9088K)->0K(9088K) From: 93K(1088K)->84K(1088K)
[2025-04-16T15:00:34.145+0000][1328.154s][info][gc,heap        ] GC(848) Tenured: 14692K(22484K)->14692K(22484K)
[2025-04-16T15:00:34.145+0000][1328.154s][info][gc,metaspace   ] GC(848) Metaspace: 37389K(37696K)->37389K(37696K) NonClass: 32963K(33088K)->32963K(33088K) Class: 4426K(4608K)->4426K(4608K)
[2025-04-16T15:00:34.145+0000][1328.154s][info][gc             ] GC(848) Pause Young (Allocation Failure) 23M->14M(31M) 1.297ms
[2025-04-16T15:00:34.145+0000][1328.154s][info][gc,cpu         ] GC(848) User=0.00s Sys=0.00s Real=0.01s
[2025-04-16T15:00:35.748+0000][1329.757s][info][gc,start       ] GC(849) Pause Young (Allocation Failure)
[2025-04-16T15:00:35.750+0000][1329.759s][info][gc,heap        ] GC(849) DefNew: 9172K(10176K)->97K(10176K) Eden: 9088K(9088K)->0K(9088K) From: 84K(1088K)->97K(1088K)
[2025-04-16T15:00:35.750+0000][1329.759s][info][gc,heap        ] GC(849) Tenured: 14692K(22484K)->14692K(22484K)
[2025-04-16T15:00:35.750+0000][1329.759s][info][gc,metaspace   ] GC(849) Metaspace: 37389K(37696K)->37389K(37696K) NonClass: 32963K(33088K)->32963K(33088K) Class: 4426K(4608K)->4426K(4608K)
[2025-04-16T15:00:35.750+0000][1329.759s][info][gc             ] GC(849) Pause Young (Allocation Failure) 23M->14M(31M) 1.895ms
[2025-04-16T15:00:35.750+0000][1329.759s][info][gc,cpu         ] GC(849) User=0.00s Sys=0.00s Real=0.00s
[2025-04-16T15:00:37.383+0000][1331.392s][info][gc,start       ] GC(850) Pause Young (Allocation Failure)
[2025-04-16T15:00:37.384+0000][1331.393s][info][gc,heap        ] GC(850) DefNew: 9184K(10176K)->89K(10176K) Eden: 9087K(9088K)->0K(9088K) From: 97K(1088K)->89K(1088K)
[2025-04-16T15:00:37.384+0000][1331.393s][info][gc,heap        ] GC(850) Tenured: 14692K(22484K)->14692K(22484K)
[2025-04-16T15:00:37.384+0000][1331.393s][info][gc,metaspace   ] GC(850) Metaspace: 37389K(37696K)->37389K(37696K) NonClass: 32963K(33088K)->32963K(33088K) Class: 4426K(4608K)->4426K(4608K)
[2025-04-16T15:00:37.384+0000][1331.393s][info][gc             ] GC(850) Pause Young (Allocation Failure) 23M->14M(31M) 1.195ms
[2025-04-16T15:00:37.384+0000][1331.393s][info][gc,cpu         ] GC(850) User=0.00s Sys=0.00s Real=0.01s
[2025-04-16T15:00:39.109+0000][1333.118s][info][gc,start       ] GC(851) Pause Young (Allocation Failure)
[2025-04-16T15:00:39.111+0000][1333.120s][info][gc,heap        ] GC(851) DefNew: 9177K(10176K)->81K(10176K) Eden: 9088K(9088K)->0K(9088K) From: 89K(1088K)->81K(1088K)
[2025-04-16T15:00:39.111+0000][1333.120s][info][gc,heap        ] GC(851) Tenured: 14692K(22484K)->14694K(22484K)
[2025-04-16T15:00:39.111+0000][1333.120s][info][gc,metaspace   ] GC(851) Metaspace: 37389K(37696K)->37389K(37696K) NonClass: 32963K(33088K)->32963K(33088K) Class: 4426K(4608K)->4426K(4608K)
[2025-04-16T15:00:39.111+0000][1333.120s][info][gc             ] GC(851) Pause Young (Allocation Failure) 23M->14M(31M) 1.264ms
[2025-04-16T15:00:39.111+0000][1333.120s][info][gc,cpu         ] GC(851) User=0.00s Sys=0.00s Real=0.00s
[2025-04-16T15:00:40.401+0000][1334.410s][info][gc,start       ] GC(852) Pause Young (Allocation Failure)
[2025-04-16T15:00:40.402+0000][1334.411s][info][gc,heap        ] GC(852) DefNew: 9169K(10176K)->70K(10176K) Eden: 9088K(9088K)->0K(9088K) From: 81K(1088K)->70K(1088K)
[2025-04-16T15:00:40.402+0000][1334.412s][info][gc,heap        ] GC(852) Tenured: 14694K(22484K)->14694K(22484K)
[2025-04-16T15:00:40.402+0000][1334.412s][info][gc,metaspace   ] GC(852) Metaspace: 37389K(37696K)->37389K(37696K) NonClass: 32963K(33088K)->32963K(33088K) Class: 4426K(4608K)->4426K(4608K)
[2025-04-16T15:00:40.403+0000][1334.412s][info][gc             ] GC(852) Pause Young (Allocation Failure) 23M->14M(31M) 1.211ms
[2025-04-16T15:00:40.403+0000][1334.412s][info][gc,cpu         ] GC(852) User=0.00s Sys=0.00s Real=0.00s
[2025-04-16T15:00:42.092+0000][1336.101s][info][gc,start       ] GC(853) Pause Young (Allocation Failure)
[2025-04-16T15:00:42.094+0000][1336.103s][info][gc,heap        ] GC(853) DefNew: 9158K(10176K)->81K(10176K) Eden: 9088K(9088K)->0K(9088K) From: 70K(1088K)->81K(1088K)
[2025-04-16T15:00:42.094+0000][1336.103s][info][gc,heap        ] GC(853) Tenured: 14694K(22484K)->14694K(22484K)
[2025-04-16T15:00:42.094+0000][1336.103s][info][gc,metaspace   ] GC(853) Metaspace: 37389K(37696K)->37389K(37696K) NonClass: 32963K(33088K)->32963K(33088K) Class: 4426K(4608K)->4426K(4608K)
[2025-04-16T15:00:42.094+0000][1336.103s][info][gc             ] GC(853) Pause Young (Allocation Failure) 23M->14M(31M) 1.259ms
[2025-04-16T15:00:42.094+0000][1336.103s][info][gc,cpu         ] GC(853) User=0.00s Sys=0.00s Real=0.00s
[2025-04-16T15:00:43.900+0000][1337.909s][info][gc,start       ] GC(854) Pause Young (Allocation Failure)
[2025-04-16T15:00:43.901+0000][1337.910s][info][gc,heap        ] GC(854) DefNew: 9169K(10176K)->96K(10176K) Eden: 9088K(9088K)->0K(9088K) From: 81K(1088K)->96K(1088K)
[2025-04-16T15:00:43.901+0000][1337.910s][info][gc,heap        ] GC(854) Tenured: 14694K(22484K)->14694K(22484K)
[2025-04-16T15:00:43.901+0000][1337.910s][info][gc,metaspace   ] GC(854) Metaspace: 37389K(37696K)->37389K(37696K) NonClass: 32963K(33088K)->32963K(33088K) Class: 4426K(4608K)->4426K(4608K)
[2025-04-16T15:00:43.901+0000][1337.910s][info][gc             ] GC(854) Pause Young (Allocation Failure) 23M->14M(31M) 1.280ms
[2025-04-16T15:00:43.901+0000][1337.910s][info][gc,cpu         ] GC(854) User=0.00s Sys=0.00s Real=0.00s
[2025-04-16T15:00:45.485+0000][1339.494s][info][gc,start       ] GC(855) Pause Young (Allocation Failure)
[2025-04-16T15:00:45.486+0000][1339.495s][info][gc,heap        ] GC(855) DefNew: 9184K(10176K)->101K(10176K) Eden: 9088K(9088K)->0K(9088K) From: 96K(1088K)->101K(1088K)
[2025-04-16T15:00:45.486+0000][1339.495s][info][gc,heap        ] GC(855) Tenured: 14694K(22484K)->14694K(22484K)
[2025-04-16T15:00:45.486+0000][1339.496s][info][gc,metaspace   ] GC(855) Metaspace: 37389K(37696K)->37389K(37696K) NonClass: 32963K(33088K)->32963K(33088K) Class: 4426K(4608K)->4426K(4608K)
[2025-04-16T15:00:45.487+0000][1339.496s][info][gc             ] GC(855) Pause Young (Allocation Failure) 23M->14M(31M) 1.348ms
[2025-04-16T15:00:45.487+0000][1339.496s][info][gc,cpu         ] GC(855) User=0.00s Sys=0.00s Real=0.00s
[2025-04-16T15:00:46.946+0000][1340.955s][info][gc,start       ] GC(856) Pause Young (Allocation Failure)
[2025-04-16T15:00:46.947+0000][1340.956s][info][gc,heap        ] GC(856) DefNew: 9189K(10176K)->100K(10176K) Eden: 9088K(9088K)->0K(9088K) From: 101K(1088K)->100K(1088K)
[2025-04-16T15:00:46.947+0000][1340.956s][info][gc,heap        ] GC(856) Tenured: 14694K(22484K)->14695K(22484K)
[2025-04-16T15:00:46.947+0000][1340.956s][info][gc,metaspace   ] GC(856) Metaspace: 37389K(37696K)->37389K(37696K) NonClass: 32963K(33088K)->32963K(33088K) Class: 4426K(4608K)->4426K(4608K)
[2025-04-16T15:00:46.947+0000][1340.956s][info][gc             ] GC(856) Pause Young (Allocation Failure) 23M->14M(31M) 1.282ms
[2025-04-16T15:00:46.947+0000][1340.956s][info][gc,cpu         ] GC(856) User=0.00s Sys=0.00s Real=0.00s
[2025-04-16T15:00:48.840+0000][1342.849s][info][gc,start       ] GC(857) Pause Young (Allocation Failure)
[2025-04-16T15:00:48.841+0000][1342.850s][info][gc,heap        ] GC(857) DefNew: 9188K(10176K)->90K(10176K) Eden: 9088K(9088K)->0K(9088K) From: 100K(1088K)->90K(1088K)
[2025-04-16T15:00:48.841+0000][1342.850s][info][gc,heap        ] GC(857) Tenured: 14695K(22484K)->14696K(22484K)
[2025-04-16T15:00:48.841+0000][1342.850s][info][gc,metaspace   ] GC(857) Metaspace: 37389K(37696K)->37389K(37696K) NonClass: 32963K(33088K)->32963K(33088K) Class: 4426K(4608K)->4426K(4608K)
[2025-04-16T15:00:48.841+0000][1342.850s][info][gc             ] GC(857) Pause Young (Allocation Failure) 23M->14M(31M) 1.325ms
[2025-04-16T15:00:48.841+0000][1342.850s][info][gc,cpu         ] GC(857) User=0.00s Sys=0.00s Real=0.00s
[2025-04-16T15:00:50.367+0000][1344.376s][info][gc,start       ] GC(858) Pause Young (Allocation Failure)
[2025-04-16T15:00:50.368+0000][1344.378s][info][gc,heap        ] GC(858) DefNew: 9167K(10176K)->87K(10176K) Eden: 9076K(9088K)->0K(9088K) From: 90K(1088K)->87K(1088K)
[2025-04-16T15:00:50.369+0000][1344.378s][info][gc,heap        ] GC(858) Tenured: 14696K(22484K)->14696K(22484K)
[2025-04-16T15:00:50.369+0000][1344.378s][info][gc,metaspace   ] GC(858) Metaspace: 37389K(37696K)->37389K(37696K) NonClass: 32963K(33088K)->32963K(33088K) Class: 4426K(4608K)->4426K(4608K)
[2025-04-16T15:00:50.369+0000][1344.378s][info][gc             ] GC(858) Pause Young (Allocation Failure) 23M->14M(31M) 1.333ms
[2025-04-16T15:00:50.369+0000][1344.378s][info][gc,cpu         ] GC(858) User=0.00s Sys=0.00s Real=0.00s
[2025-04-16T15:00:51.765+0000][1345.775s][info][gc,start       ] GC(859) Pause Young (Allocation Failure)
[2025-04-16T15:00:51.767+0000][1345.776s][info][gc,heap        ] GC(859) DefNew: 9175K(10176K)->86K(10176K) Eden: 9088K(9088K)->0K(9088K) From: 87K(1088K)->86K(1088K)
[2025-04-16T15:00:51.767+0000][1345.776s][info][gc,heap        ] GC(859) Tenured: 14696K(22484K)->14697K(22484K)
[2025-04-16T15:00:51.767+0000][1345.776s][info][gc,metaspace   ] GC(859) Metaspace: 37389K(37696K)->37389K(37696K) NonClass: 32963K(33088K)->32963K(33088K) Class: 4426K(4608K)->4426K(4608K)
[2025-04-16T15:00:51.767+0000][1345.776s][info][gc             ] GC(859) Pause Young (Allocation Failure) 23M->14M(31M) 1.379ms
[2025-04-16T15:00:51.767+0000][1345.776s][info][gc,cpu         ] GC(859) User=0.00s Sys=0.00s Real=0.00s
[2025-04-16T15:00:53.522+0000][1347.531s][info][gc,start       ] GC(860) Pause Young (Allocation Failure)
[2025-04-16T15:00:53.523+0000][1347.532s][info][gc,heap        ] GC(860) DefNew: 9174K(10176K)->105K(10176K) Eden: 9088K(9088K)->0K(9088K) From: 86K(1088K)->105K(1088K)
[2025-04-16T15:00:53.523+0000][1347.532s][info][gc,heap        ] GC(860) Tenured: 14697K(22484K)->14697K(22484K)
[2025-04-16T15:00:53.523+0000][1347.532s][info][gc,metaspace   ] GC(860) Metaspace: 37389K(37696K)->37389K(37696K) NonClass: 32963K(33088K)->32963K(33088K) Class: 4426K(4608K)->4426K(4608K)
[2025-04-16T15:00:53.523+0000][1347.532s][info][gc             ] GC(860) Pause Young (Allocation Failure) 23M->14M(31M) 1.401ms
[2025-04-16T15:00:53.523+0000][1347.532s][info][gc,cpu         ] GC(860) User=0.00s Sys=0.00s Real=0.00s
[2025-04-16T15:00:55.066+0000][1349.075s][info][gc,start       ] GC(861) Pause Young (Allocation Failure)
[2025-04-16T15:00:55.067+0000][1349.076s][info][gc,heap        ] GC(861) DefNew: 9191K(10176K)->93K(10176K) Eden: 9085K(9088K)->0K(9088K) From: 105K(1088K)->93K(1088K)
[2025-04-16T15:00:55.067+0000][1349.076s][info][gc,heap        ] GC(861) Tenured: 14697K(22484K)->14699K(22484K)
[2025-04-16T15:00:55.067+0000][1349.076s][info][gc,metaspace   ] GC(861) Metaspace: 37389K(37696K)->37389K(37696K) NonClass: 32963K(33088K)->32963K(33088K) Class: 4426K(4608K)->4426K(4608K)
[2025-04-16T15:00:55.067+0000][1349.076s][info][gc             ] GC(861) Pause Young (Allocation Failure) 23M->14M(31M) 1.244ms
[2025-04-16T15:00:55.067+0000][1349.076s][info][gc,cpu         ] GC(861) User=0.00s Sys=0.00s Real=0.00s
[2025-04-16T15:00:56.721+0000][1350.730s][info][gc,start       ] GC(862) Pause Young (Allocation Failure)
[2025-04-16T15:00:56.722+0000][1350.731s][info][gc,heap        ] GC(862) DefNew: 9181K(10176K)->83K(10176K) Eden: 9088K(9088K)->0K(9088K) From: 93K(1088K)->83K(1088K)
[2025-04-16T15:00:56.722+0000][1350.731s][info][gc,heap        ] GC(862) Tenured: 14699K(22484K)->14700K(22484K)
[2025-04-16T15:00:56.722+0000][1350.731s][info][gc,metaspace   ] GC(862) Metaspace: 37389K(37696K)->37389K(37696K) NonClass: 32963K(33088K)->32963K(33088K) Class: 4426K(4608K)->4426K(4608K)
[2025-04-16T15:00:56.722+0000][1350.731s][info][gc             ] GC(862) Pause Young (Allocation Failure) 23M->14M(31M) 1.221ms
[2025-04-16T15:00:56.722+0000][1350.731s][info][gc,cpu         ] GC(862) User=0.00s Sys=0.00s Real=0.00s
[2025-04-16T15:00:58.234+0000][1352.243s][info][gc,start       ] GC(863) Pause Young (Allocation Failure)
[2025-04-16T15:00:58.235+0000][1352.244s][info][gc,heap        ] GC(863) DefNew: 9171K(10176K)->86K(10176K) Eden: 9088K(9088K)->0K(9088K) From: 83K(1088K)->86K(1088K)
[2025-04-16T15:00:58.235+0000][1352.244s][info][gc,heap        ] GC(863) Tenured: 14700K(22484K)->14701K(22484K)
[2025-04-16T15:00:58.235+0000][1352.244s][info][gc,metaspace   ] GC(863) Metaspace: 37389K(37696K)->37389K(37696K) NonClass: 32963K(33088K)->32963K(33088K) Class: 4426K(4608K)->4426K(4608K)
[2025-04-16T15:00:58.235+0000][1352.245s][info][gc             ] GC(863) Pause Young (Allocation Failure) 23M->14M(31M) 1.306ms
[2025-04-16T15:00:58.236+0000][1352.245s][info][gc,cpu         ] GC(863) User=0.00s Sys=0.00s Real=0.00s
[2025-04-16T15:00:59.685+0000][1353.694s][info][gc,start       ] GC(864) Pause Young (Allocation Failure)
[2025-04-16T15:00:59.686+0000][1353.695s][info][gc,heap        ] GC(864) DefNew: 9174K(10176K)->86K(10176K) Eden: 9088K(9088K)->0K(9088K) From: 86K(1088K)->86K(1088K)
[2025-04-16T15:00:59.686+0000][1353.695s][info][gc,heap        ] GC(864) Tenured: 14701K(22484K)->14701K(22484K)
[2025-04-16T15:00:59.686+0000][1353.695s][info][gc,metaspace   ] GC(864) Metaspace: 37389K(37696K)->37389K(37696K) NonClass: 32963K(33088K)->32963K(33088K) Class: 4426K(4608K)->4426K(4608K)
[2025-04-16T15:00:59.686+0000][1353.695s][info][gc             ] GC(864) Pause Young (Allocation Failure) 23M->14M(31M) 1.414ms
[2025-04-16T15:00:59.686+0000][1353.695s][info][gc,cpu         ] GC(864) User=0.01s Sys=0.00s Real=0.00s
[2025-04-16T15:01:01.609+0000][1355.618s][info][gc,start       ] GC(865) Pause Young (Allocation Failure)
[2025-04-16T15:01:01.611+0000][1355.620s][info][gc,heap        ] GC(865) DefNew: 9174K(10176K)->100K(10176K) Eden: 9088K(9088K)->0K(9088K) From: 86K(1088K)->100K(1088K)
[2025-04-16T15:01:01.611+0000][1355.620s][info][gc,heap        ] GC(865) Tenured: 14701K(22484K)->14702K(22484K)
[2025-04-16T15:01:01.611+0000][1355.620s][info][gc,metaspace   ] GC(865) Metaspace: 37389K(37696K)->37389K(37696K) NonClass: 32963K(33088K)->32963K(33088K) Class: 4426K(4608K)->4426K(4608K)
[2025-04-16T15:01:01.611+0000][1355.620s][info][gc             ] GC(865) Pause Young (Allocation Failure) 23M->14M(31M) 1.361ms
[2025-04-16T15:01:01.611+0000][1355.620s][info][gc,cpu         ] GC(865) User=0.00s Sys=0.00s Real=0.00s
[2025-04-16T15:01:03.185+0000][1357.194s][info][gc,start       ] GC(866) Pause Young (Allocation Failure)
[2025-04-16T15:01:03.187+0000][1357.196s][info][gc,heap        ] GC(866) DefNew: 9188K(10176K)->101K(10176K) Eden: 9088K(9088K)->0K(9088K) From: 100K(1088K)->101K(1088K)
[2025-04-16T15:01:03.187+0000][1357.196s][info][gc,heap        ] GC(866) Tenured: 14702K(22484K)->14702K(22484K)
[2025-04-16T15:01:03.187+0000][1357.196s][info][gc,metaspace   ] GC(866) Metaspace: 37389K(37696K)->37389K(37696K) NonClass: 32963K(33088K)->32963K(33088K) Class: 4426K(4608K)->4426K(4608K)
[2025-04-16T15:01:03.187+0000][1357.196s][info][gc             ] GC(866) Pause Young (Allocation Failure) 23M->14M(31M) 1.323ms
[2025-04-16T15:01:03.187+0000][1357.196s][info][gc,cpu         ] GC(866) User=0.00s Sys=0.00s Real=0.00s
[2025-04-16T15:01:04.591+0000][1358.600s][info][gc,start       ] GC(867) Pause Young (Allocation Failure)
[2025-04-16T15:01:04.592+0000][1358.601s][info][gc,heap        ] GC(867) DefNew: 9189K(10176K)->102K(10176K) Eden: 9088K(9088K)->0K(9088K) From: 101K(1088K)->102K(1088K)
[2025-04-16T15:01:04.592+0000][1358.602s][info][gc,heap        ] GC(867) Tenured: 14702K(22484K)->14702K(22484K)
[2025-04-16T15:01:04.592+0000][1358.602s][info][gc,metaspace   ] GC(867) Metaspace: 37389K(37696K)->37389K(37696K) NonClass: 32963K(33088K)->32963K(33088K) Class: 4426K(4608K)->4426K(4608K)
[2025-04-16T15:01:04.593+0000][1358.602s][info][gc             ] GC(867) Pause Young (Allocation Failure) 23M->14M(31M) 1.324ms
[2025-04-16T15:01:04.593+0000][1358.602s][info][gc,cpu         ] GC(867) User=0.00s Sys=0.00s Real=0.00s
[2025-04-16T15:01:06.402+0000][1360.412s][info][gc,start       ] GC(868) Pause Young (Allocation Failure)
[2025-04-16T15:01:06.404+0000][1360.413s][info][gc,heap        ] GC(868) DefNew: 9190K(10176K)->90K(10176K) Eden: 9088K(9088K)->0K(9088K) From: 102K(1088K)->90K(1088K)
[2025-04-16T15:01:06.404+0000][1360.413s][info][gc,heap        ] GC(868) Tenured: 14702K(22484K)->14702K(22484K)
[2025-04-16T15:01:06.404+0000][1360.413s][info][gc,metaspace   ] GC(868) Metaspace: 37389K(37696K)->37389K(37696K) NonClass: 32963K(33088K)->32963K(33088K) Class: 4426K(4608K)->4426K(4608K)
[2025-04-16T15:01:06.404+0000][1360.413s][info][gc             ] GC(868) Pause Young (Allocation Failure) 23M->14M(31M) 1.434ms
[2025-04-16T15:01:06.404+0000][1360.413s][info][gc,cpu         ] GC(868) User=0.00s Sys=0.00s Real=0.00s
[2025-04-16T15:01:07.994+0000][1362.003s][info][gc,start       ] GC(869) Pause Young (Allocation Failure)
[2025-04-16T15:01:07.995+0000][1362.004s][info][gc,heap        ] GC(869) DefNew: 9178K(10176K)->83K(10176K) Eden: 9088K(9088K)->0K(9088K) From: 90K(1088K)->83K(1088K)
[2025-04-16T15:01:07.995+0000][1362.004s][info][gc,heap        ] GC(869) Tenured: 14702K(22484K)->14705K(22484K)
[2025-04-16T15:01:07.995+0000][1362.004s][info][gc,metaspace   ] GC(869) Metaspace: 37389K(37696K)->37389K(37696K) NonClass: 32963K(33088K)->32963K(33088K) Class: 4426K(4608K)->4426K(4608K)
[2025-04-16T15:01:07.995+0000][1362.004s][info][gc             ] GC(869) Pause Young (Allocation Failure) 23M->14M(31M) 1.264ms
[2025-04-16T15:01:07.995+0000][1362.004s][info][gc,cpu         ] GC(869) User=0.00s Sys=0.00s Real=0.00s
[2025-04-16T15:01:09.625+0000][1363.634s][info][gc,start       ] GC(870) Pause Young (Allocation Failure)
[2025-04-16T15:01:09.627+0000][1363.636s][info][gc,heap        ] GC(870) DefNew: 9171K(10176K)->82K(10176K) Eden: 9088K(9088K)->0K(9088K) From: 83K(1088K)->82K(1088K)
[2025-04-16T15:01:09.627+0000][1363.636s][info][gc,heap        ] GC(870) Tenured: 14705K(22484K)->14706K(22484K)
[2025-04-16T15:01:09.627+0000][1363.636s][info][gc,metaspace   ] GC(870) Metaspace: 37389K(37696K)->37389K(37696K) NonClass: 32963K(33088K)->32963K(33088K) Class: 4426K(4608K)->4426K(4608K)
[2025-04-16T15:01:09.627+0000][1363.636s][info][gc             ] GC(870) Pause Young (Allocation Failure) 23M->14M(31M) 2.552ms
[2025-04-16T15:01:09.627+0000][1363.636s][info][gc,cpu         ] GC(870) User=0.00s Sys=0.00s Real=0.00s
[2025-04-16T15:01:11.318+0000][1365.327s][info][gc,start       ] GC(871) Pause Young (Allocation Failure)
[2025-04-16T15:01:11.320+0000][1365.329s][info][gc,heap        ] GC(871) DefNew: 9170K(10176K)->103K(10176K) Eden: 9088K(9088K)->0K(9088K) From: 82K(1088K)->103K(1088K)
[2025-04-16T15:01:11.320+0000][1365.329s][info][gc,heap        ] GC(871) Tenured: 14706K(22484K)->14706K(22484K)
[2025-04-16T15:01:11.320+0000][1365.329s][info][gc,metaspace   ] GC(871) Metaspace: 37389K(37696K)->37389K(37696K) NonClass: 32963K(33088K)->32963K(33088K) Class: 4426K(4608K)->4426K(4608K)
[2025-04-16T15:01:11.320+0000][1365.329s][info][gc             ] GC(871) Pause Young (Allocation Failure) 23M->14M(31M) 1.295ms
[2025-04-16T15:01:11.320+0000][1365.329s][info][gc,cpu         ] GC(871) User=0.01s Sys=0.00s Real=0.00s
[2025-04-16T15:01:12.910+0000][1366.919s][info][gc,start       ] GC(872) Pause Young (Allocation Failure)
[2025-04-16T15:01:12.911+0000][1366.920s][info][gc,heap        ] GC(872) DefNew: 9190K(10176K)->91K(10176K) Eden: 9086K(9088K)->0K(9088K) From: 103K(1088K)->91K(1088K)
[2025-04-16T15:01:12.911+0000][1366.920s][info][gc,heap        ] GC(872) Tenured: 14706K(22484K)->14707K(22484K)
[2025-04-16T15:01:12.911+0000][1366.921s][info][gc,metaspace   ] GC(872) Metaspace: 37389K(37696K)->37389K(37696K) NonClass: 32963K(33088K)->32963K(33088K) Class: 4426K(4608K)->4426K(4608K)
[2025-04-16T15:01:12.912+0000][1366.921s][info][gc             ] GC(872) Pause Young (Allocation Failure) 23M->14M(31M) 1.182ms
[2025-04-16T15:01:12.912+0000][1366.921s][info][gc,cpu         ] GC(872) User=0.01s Sys=0.00s Real=0.00s
[2025-04-16T15:01:14.512+0000][1368.521s][info][gc,start       ] GC(873) Pause Young (Allocation Failure)
[2025-04-16T15:01:14.514+0000][1368.523s][info][gc,heap        ] GC(873) DefNew: 9179K(10176K)->80K(10176K) Eden: 9088K(9088K)->0K(9088K) From: 91K(1088K)->80K(1088K)
[2025-04-16T15:01:14.514+0000][1368.523s][info][gc,heap        ] GC(873) Tenured: 14707K(22484K)->14709K(22484K)
[2025-04-16T15:01:14.514+0000][1368.523s][info][gc,metaspace   ] GC(873) Metaspace: 37389K(37696K)->37389K(37696K) NonClass: 32963K(33088K)->32963K(33088K) Class: 4426K(4608K)->4426K(4608K)
[2025-04-16T15:01:14.514+0000][1368.523s][info][gc             ] GC(873) Pause Young (Allocation Failure) 23M->14M(31M) 1.317ms
[2025-04-16T15:01:14.514+0000][1368.523s][info][gc,cpu         ] GC(873) User=0.00s Sys=0.00s Real=0.00s
[2025-04-16T15:01:15.996+0000][1370.005s][info][gc,start       ] GC(874) Pause Young (Allocation Failure)
[2025-04-16T15:01:15.997+0000][1370.006s][info][gc,heap        ] GC(874) DefNew: 9168K(10176K)->83K(10176K) Eden: 9088K(9088K)->0K(9088K) From: 80K(1088K)->83K(1088K)
[2025-04-16T15:01:15.997+0000][1370.006s][info][gc,heap        ] GC(874) Tenured: 14709K(22484K)->14711K(22484K)
[2025-04-16T15:01:15.997+0000][1370.006s][info][gc,metaspace   ] GC(874) Metaspace: 37389K(37696K)->37389K(37696K) NonClass: 32963K(33088K)->32963K(33088K) Class: 4426K(4608K)->4426K(4608K)
[2025-04-16T15:01:15.997+0000][1370.006s][info][gc             ] GC(874) Pause Young (Allocation Failure) 23M->14M(31M) 1.207ms
[2025-04-16T15:01:15.997+0000][1370.006s][info][gc,cpu         ] GC(874) User=0.00s Sys=0.00s Real=0.00s
[2025-04-16T15:01:17.757+0000][1371.766s][info][gc,start       ] GC(875) Pause Young (Allocation Failure)
[2025-04-16T15:01:17.758+0000][1371.767s][info][gc,heap        ] GC(875) DefNew: 9171K(10176K)->87K(10176K) Eden: 9088K(9088K)->0K(9088K) From: 83K(1088K)->87K(1088K)
[2025-04-16T15:01:17.758+0000][1371.767s][info][gc,heap        ] GC(875) Tenured: 14711K(22484K)->14711K(22484K)
[2025-04-16T15:01:17.758+0000][1371.767s][info][gc,metaspace   ] GC(875) Metaspace: 37389K(37696K)->37389K(37696K) NonClass: 32963K(33088K)->32963K(33088K) Class: 4426K(4608K)->4426K(4608K)
[2025-04-16T15:01:17.758+0000][1371.767s][info][gc             ] GC(875) Pause Young (Allocation Failure) 23M->14M(31M) 1.559ms
[2025-04-16T15:01:17.758+0000][1371.767s][info][gc,cpu         ] GC(875) User=0.00s Sys=0.00s Real=0.00s
[2025-04-16T15:01:19.364+0000][1373.373s][info][gc,start       ] GC(876) Pause Young (Allocation Failure)
[2025-04-16T15:01:19.365+0000][1373.374s][info][gc,heap        ] GC(876) DefNew: 9175K(10176K)->99K(10176K) Eden: 9088K(9088K)->0K(9088K) From: 87K(1088K)->99K(1088K)
[2025-04-16T15:01:19.365+0000][1373.374s][info][gc,heap        ] GC(876) Tenured: 14711K(22484K)->14712K(22484K)
[2025-04-16T15:01:19.365+0000][1373.374s][info][gc,metaspace   ] GC(876) Metaspace: 37389K(37696K)->37389K(37696K) NonClass: 32963K(33088K)->32963K(33088K) Class: 4426K(4608K)->4426K(4608K)
[2025-04-16T15:01:19.365+0000][1373.374s][info][gc             ] GC(876) Pause Young (Allocation Failure) 23M->14M(31M) 1.346ms
[2025-04-16T15:01:19.365+0000][1373.374s][info][gc,cpu         ] GC(876) User=0.00s Sys=0.00s Real=0.01s
[2025-04-16T15:01:21.058+0000][1375.067s][info][gc,start       ] GC(877) Pause Young (Allocation Failure)
[2025-04-16T15:01:21.059+0000][1375.068s][info][gc,heap        ] GC(877) DefNew: 9187K(10176K)->89K(10176K) Eden: 9088K(9088K)->0K(9088K) From: 99K(1088K)->89K(1088K)
[2025-04-16T15:01:21.059+0000][1375.068s][info][gc,heap        ] GC(877) Tenured: 14712K(22484K)->14712K(22484K)
[2025-04-16T15:01:21.059+0000][1375.068s][info][gc,metaspace   ] GC(877) Metaspace: 37389K(37696K)->37389K(37696K) NonClass: 32963K(33088K)->32963K(33088K) Class: 4426K(4608K)->4426K(4608K)
[2025-04-16T15:01:21.059+0000][1375.068s][info][gc             ] GC(877) Pause Young (Allocation Failure) 23M->14M(31M) 1.282ms
[2025-04-16T15:01:21.059+0000][1375.068s][info][gc,cpu         ] GC(877) User=0.00s Sys=0.00s Real=0.00s
[2025-04-16T15:01:22.633+0000][1376.642s][info][gc,start       ] GC(878) Pause Young (Allocation Failure)
[2025-04-16T15:01:22.635+0000][1376.644s][info][gc,heap        ] GC(878) DefNew: 9177K(10176K)->85K(10176K) Eden: 9088K(9088K)->0K(9088K) From: 89K(1088K)->85K(1088K)
[2025-04-16T15:01:22.635+0000][1376.644s][info][gc,heap        ] GC(878) Tenured: 14712K(22484K)->14712K(22484K)
[2025-04-16T15:01:22.635+0000][1376.644s][info][gc,metaspace   ] GC(878) Metaspace: 37389K(37696K)->37389K(37696K) NonClass: 32963K(33088K)->32963K(33088K) Class: 4426K(4608K)->4426K(4608K)
[2025-04-16T15:01:22.635+0000][1376.644s][info][gc             ] GC(878) Pause Young (Allocation Failure) 23M->14M(31M) 1.856ms
[2025-04-16T15:01:22.635+0000][1376.644s][info][gc,cpu         ] GC(878) User=0.00s Sys=0.00s Real=0.01s
[2025-04-16T15:01:24.303+0000][1378.312s][info][gc,start       ] GC(879) Pause Young (Allocation Failure)
[2025-04-16T15:01:24.305+0000][1378.314s][info][gc,heap        ] GC(879) DefNew: 9173K(10176K)->77K(10176K) Eden: 9088K(9088K)->0K(9088K) From: 85K(1088K)->77K(1088K)
[2025-04-16T15:01:24.305+0000][1378.314s][info][gc,heap        ] GC(879) Tenured: 14712K(22484K)->14715K(22484K)
[2025-04-16T15:01:24.305+0000][1378.314s][info][gc,metaspace   ] GC(879) Metaspace: 37389K(37696K)->37389K(37696K) NonClass: 32963K(33088K)->32963K(33088K) Class: 4426K(4608K)->4426K(4608K)
[2025-04-16T15:01:24.305+0000][1378.314s][info][gc             ] GC(879) Pause Young (Allocation Failure) 23M->14M(31M) 1.546ms
[2025-04-16T15:01:24.305+0000][1378.314s][info][gc,cpu         ] GC(879) User=0.00s Sys=0.00s Real=0.01s
[2025-04-16T15:01:25.988+0000][1379.997s][info][gc,start       ] GC(880) Pause Young (Allocation Failure)
[2025-04-16T15:01:25.989+0000][1379.998s][info][gc,heap        ] GC(880) DefNew: 9165K(10176K)->96K(10176K) Eden: 9088K(9088K)->0K(9088K) From: 77K(1088K)->96K(1088K)
[2025-04-16T15:01:25.989+0000][1379.998s][info][gc,heap        ] GC(880) Tenured: 14715K(22484K)->14715K(22484K)
[2025-04-16T15:01:25.989+0000][1379.998s][info][gc,metaspace   ] GC(880) Metaspace: 37389K(37696K)->37389K(37696K) NonClass: 32963K(33088K)->32963K(33088K) Class: 4426K(4608K)->4426K(4608K)
[2025-04-16T15:01:25.989+0000][1379.998s][info][gc             ] GC(880) Pause Young (Allocation Failure) 23M->14M(31M) 1.232ms
[2025-04-16T15:01:25.989+0000][1379.998s][info][gc,cpu         ] GC(880) User=0.00s Sys=0.00s Real=0.00s
[2025-04-16T15:01:27.634+0000][1381.643s][info][gc,start       ] GC(881) Pause Young (Allocation Failure)
[2025-04-16T15:01:27.635+0000][1381.644s][info][gc,heap        ] GC(881) DefNew: 9183K(10176K)->92K(10176K) Eden: 9086K(9088K)->0K(9088K) From: 96K(1088K)->92K(1088K)
[2025-04-16T15:01:27.635+0000][1381.644s][info][gc,heap        ] GC(881) Tenured: 14715K(22484K)->14715K(22484K)
[2025-04-16T15:01:27.635+0000][1381.644s][info][gc,metaspace   ] GC(881) Metaspace: 37389K(37696K)->37389K(37696K) NonClass: 32963K(33088K)->32963K(33088K) Class: 4426K(4608K)->4426K(4608K)
[2025-04-16T15:01:27.635+0000][1381.644s][info][gc             ] GC(881) Pause Young (Allocation Failure) 23M->14M(31M) 1.240ms
[2025-04-16T15:01:27.635+0000][1381.644s][info][gc,cpu         ] GC(881) User=0.00s Sys=0.00s Real=0.01s
[2025-04-16T15:01:29.383+0000][1383.392s][info][gc,start       ] GC(882) Pause Young (Allocation Failure)
[2025-04-16T15:01:29.384+0000][1383.393s][info][gc,heap        ] GC(882) DefNew: 9180K(10176K)->87K(10176K) Eden: 9088K(9088K)->0K(9088K) From: 92K(1088K)->87K(1088K)
[2025-04-16T15:01:29.384+0000][1383.393s][info][gc,heap        ] GC(882) Tenured: 14715K(22484K)->14716K(22484K)
[2025-04-16T15:01:29.384+0000][1383.393s][info][gc,metaspace   ] GC(882) Metaspace: 37389K(37696K)->37389K(37696K) NonClass: 32963K(33088K)->32963K(33088K) Class: 4426K(4608K)->4426K(4608K)
[2025-04-16T15:01:29.384+0000][1383.393s][info][gc             ] GC(882) Pause Young (Allocation Failure) 23M->14M(31M) 1.311ms
[2025-04-16T15:01:29.384+0000][1383.393s][info][gc,cpu         ] GC(882) User=0.00s Sys=0.00s Real=0.01s
[2025-04-16T15:01:30.953+0000][1384.962s][info][gc,start       ] GC(883) Pause Young (Allocation Failure)
[2025-04-16T15:01:30.954+0000][1384.963s][info][gc,heap        ] GC(883) DefNew: 9175K(10176K)->85K(10176K) Eden: 9088K(9088K)->0K(9088K) From: 87K(1088K)->85K(1088K)
[2025-04-16T15:01:30.954+0000][1384.963s][info][gc,heap        ] GC(883) Tenured: 14716K(22484K)->14716K(22484K)
[2025-04-16T15:01:30.954+0000][1384.963s][info][gc,metaspace   ] GC(883) Metaspace: 37389K(37696K)->37389K(37696K) NonClass: 32963K(33088K)->32963K(33088K) Class: 4426K(4608K)->4426K(4608K)
[2025-04-16T15:01:30.954+0000][1384.963s][info][gc             ] GC(883) Pause Young (Allocation Failure) 23M->14M(31M) 1.416ms
[2025-04-16T15:01:30.954+0000][1384.963s][info][gc,cpu         ] GC(883) User=0.01s Sys=0.00s Real=0.01s
[2025-04-16T15:01:32.446+0000][1386.455s][info][gc,start       ] GC(884) Pause Young (Allocation Failure)
[2025-04-16T15:01:32.447+0000][1386.456s][info][gc,heap        ] GC(884) DefNew: 9173K(10176K)->101K(10176K) Eden: 9088K(9088K)->0K(9088K) From: 85K(1088K)->101K(1088K)
[2025-04-16T15:01:32.447+0000][1386.456s][info][gc,heap        ] GC(884) Tenured: 14716K(22484K)->14716K(22484K)
[2025-04-16T15:01:32.447+0000][1386.456s][info][gc,metaspace   ] GC(884) Metaspace: 37389K(37696K)->37389K(37696K) NonClass: 32963K(33088K)->32963K(33088K) Class: 4426K(4608K)->4426K(4608K)
[2025-04-16T15:01:32.447+0000][1386.456s][info][gc             ] GC(884) Pause Young (Allocation Failure) 23M->14M(31M) 1.553ms
[2025-04-16T15:01:32.447+0000][1386.456s][info][gc,cpu         ] GC(884) User=0.01s Sys=0.00s Real=0.00s
[2025-04-16T15:01:34.076+0000][1388.085s][info][gc,start       ] GC(885) Pause Young (Allocation Failure)
[2025-04-16T15:01:34.077+0000][1388.086s][info][gc,heap        ] GC(885) DefNew: 9188K(10176K)->83K(10176K) Eden: 9086K(9088K)->0K(9088K) From: 101K(1088K)->83K(1088K)
[2025-04-16T15:01:34.077+0000][1388.086s][info][gc,heap        ] GC(885) Tenured: 14716K(22484K)->14718K(22484K)
[2025-04-16T15:01:34.077+0000][1388.086s][info][gc,metaspace   ] GC(885) Metaspace: 37389K(37696K)->37389K(37696K) NonClass: 32963K(33088K)->32963K(33088K) Class: 4426K(4608K)->4426K(4608K)
[2025-04-16T15:01:34.077+0000][1388.086s][info][gc             ] GC(885) Pause Young (Allocation Failure) 23M->14M(31M) 1.238ms
[2025-04-16T15:01:34.077+0000][1388.086s][info][gc,cpu         ] GC(885) User=0.00s Sys=0.00s Real=0.00s
[2025-04-16T15:01:35.676+0000][1389.685s][info][gc,start       ] GC(886) Pause Young (Allocation Failure)
[2025-04-16T15:01:35.678+0000][1389.687s][info][gc,heap        ] GC(886) DefNew: 9165K(10176K)->102K(10176K) Eden: 9082K(9088K)->0K(9088K) From: 83K(1088K)->102K(1088K)
[2025-04-16T15:01:35.678+0000][1389.687s][info][gc,heap        ] GC(886) Tenured: 14718K(22484K)->14718K(22484K)
[2025-04-16T15:01:35.678+0000][1389.687s][info][gc,metaspace   ] GC(886) Metaspace: 37389K(37696K)->37389K(37696K) NonClass: 32963K(33088K)->32963K(33088K) Class: 4426K(4608K)->4426K(4608K)
[2025-04-16T15:01:35.678+0000][1389.687s][info][gc             ] GC(886) Pause Young (Allocation Failure) 23M->14M(31M) 1.258ms
[2025-04-16T15:01:35.678+0000][1389.687s][info][gc,cpu         ] GC(886) User=0.00s Sys=0.00s Real=0.00s
[2025-04-16T15:01:37.231+0000][1391.240s][info][gc,start       ] GC(887) Pause Young (Allocation Failure)
[2025-04-16T15:01:37.232+0000][1391.241s][info][gc,heap        ] GC(887) DefNew: 9190K(10176K)->84K(10176K) Eden: 9088K(9088K)->0K(9088K) From: 102K(1088K)->84K(1088K)
[2025-04-16T15:01:37.232+0000][1391.241s][info][gc,heap        ] GC(887) Tenured: 14718K(22484K)->14718K(22484K)
[2025-04-16T15:01:37.232+0000][1391.241s][info][gc,metaspace   ] GC(887) Metaspace: 37389K(37696K)->37389K(37696K) NonClass: 32963K(33088K)->32963K(33088K) Class: 4426K(4608K)->4426K(4608K)
[2025-04-16T15:01:37.232+0000][1391.241s][info][gc             ] GC(887) Pause Young (Allocation Failure) 23M->14M(31M) 1.305ms
[2025-04-16T15:01:37.232+0000][1391.241s][info][gc,cpu         ] GC(887) User=0.00s Sys=0.00s Real=0.00s
[2025-04-16T15:01:38.957+0000][1392.966s][info][gc,start       ] GC(888) Pause Young (Allocation Failure)
[2025-04-16T15:01:38.958+0000][1392.967s][info][gc,heap        ] GC(888) DefNew: 9172K(10176K)->109K(10176K) Eden: 9088K(9088K)->0K(9088K) From: 84K(1088K)->109K(1088K)
[2025-04-16T15:01:38.958+0000][1392.967s][info][gc,heap        ] GC(888) Tenured: 14718K(22484K)->14718K(22484K)
[2025-04-16T15:01:38.958+0000][1392.967s][info][gc,metaspace   ] GC(888) Metaspace: 37389K(37696K)->37389K(37696K) NonClass: 32963K(33088K)->32963K(33088K) Class: 4426K(4608K)->4426K(4608K)
[2025-04-16T15:01:38.958+0000][1392.967s][info][gc             ] GC(888) Pause Young (Allocation Failure) 23M->14M(31M) 1.195ms
[2025-04-16T15:01:38.958+0000][1392.967s][info][gc,cpu         ] GC(888) User=0.00s Sys=0.00s Real=0.00s
[2025-04-16T15:01:40.610+0000][1394.619s][info][gc,start       ] GC(889) Pause Young (Allocation Failure)
[2025-04-16T15:01:40.611+0000][1394.620s][info][gc,heap        ] GC(889) DefNew: 9197K(10176K)->105K(10176K) Eden: 9087K(9088K)->0K(9088K) From: 109K(1088K)->105K(1088K)
[2025-04-16T15:01:40.611+0000][1394.620s][info][gc,heap        ] GC(889) Tenured: 14718K(22484K)->14720K(22484K)
[2025-04-16T15:01:40.611+0000][1394.620s][info][gc,metaspace   ] GC(889) Metaspace: 37389K(37696K)->37389K(37696K) NonClass: 32963K(33088K)->32963K(33088K) Class: 4426K(4608K)->4426K(4608K)
[2025-04-16T15:01:40.611+0000][1394.620s][info][gc             ] GC(889) Pause Young (Allocation Failure) 23M->14M(31M) 1.289ms
[2025-04-16T15:01:40.611+0000][1394.620s][info][gc,cpu         ] GC(889) User=0.00s Sys=0.00s Real=0.00s
[2025-04-16T15:01:42.080+0000][1396.089s][info][gc,start       ] GC(890) Pause Young (Allocation Failure)
[2025-04-16T15:01:42.082+0000][1396.091s][info][gc,heap        ] GC(890) DefNew: 9193K(10176K)->96K(10176K) Eden: 9088K(9088K)->0K(9088K) From: 105K(1088K)->96K(1088K)
[2025-04-16T15:01:42.082+0000][1396.091s][info][gc,heap        ] GC(890) Tenured: 14720K(22484K)->14721K(22484K)
[2025-04-16T15:01:42.082+0000][1396.091s][info][gc,metaspace   ] GC(890) Metaspace: 37389K(37696K)->37389K(37696K) NonClass: 32963K(33088K)->32963K(33088K) Class: 4426K(4608K)->4426K(4608K)
[2025-04-16T15:01:42.082+0000][1396.091s][info][gc             ] GC(890) Pause Young (Allocation Failure) 23M->14M(31M) 1.374ms
[2025-04-16T15:01:42.082+0000][1396.091s][info][gc,cpu         ] GC(890) User=0.00s Sys=0.00s Real=0.00s
[2025-04-16T15:01:43.872+0000][1397.881s][info][gc,start       ] GC(891) Pause Young (Allocation Failure)
[2025-04-16T15:01:43.874+0000][1397.883s][info][gc,heap        ] GC(891) DefNew: 9181K(10176K)->107K(10176K) Eden: 9085K(9088K)->0K(9088K) From: 96K(1088K)->107K(1088K)
[2025-04-16T15:01:43.874+0000][1397.883s][info][gc,heap        ] GC(891) Tenured: 14721K(22484K)->14721K(22484K)
[2025-04-16T15:01:43.874+0000][1397.883s][info][gc,metaspace   ] GC(891) Metaspace: 37389K(37696K)->37389K(37696K) NonClass: 32963K(33088K)->32963K(33088K) Class: 4426K(4608K)->4426K(4608K)
[2025-04-16T15:01:43.874+0000][1397.883s][info][gc             ] GC(891) Pause Young (Allocation Failure) 23M->14M(31M) 1.335ms
[2025-04-16T15:01:43.874+0000][1397.883s][info][gc,cpu         ] GC(891) User=0.00s Sys=0.00s Real=0.00s
[2025-04-16T15:01:45.142+0000][1399.151s][info][gc,start       ] GC(892) Pause Young (Allocation Failure)
[2025-04-16T15:01:45.143+0000][1399.152s][info][gc,heap        ] GC(892) DefNew: 9195K(10176K)->87K(10176K) Eden: 9088K(9088K)->0K(9088K) From: 107K(1088K)->87K(1088K)
[2025-04-16T15:01:45.143+0000][1399.152s][info][gc,heap        ] GC(892) Tenured: 14721K(22484K)->14722K(22484K)
[2025-04-16T15:01:45.143+0000][1399.152s][info][gc,metaspace   ] GC(892) Metaspace: 37389K(37696K)->37389K(37696K) NonClass: 32963K(33088K)->32963K(33088K) Class: 4426K(4608K)->4426K(4608K)
[2025-04-16T15:01:45.143+0000][1399.152s][info][gc             ] GC(892) Pause Young (Allocation Failure) 23M->14M(31M) 1.404ms
[2025-04-16T15:01:45.143+0000][1399.152s][info][gc,cpu         ] GC(892) User=0.00s Sys=0.00s Real=0.00s
[2025-04-16T15:01:46.745+0000][1400.754s][info][gc,start       ] GC(893) Pause Young (Allocation Failure)
[2025-04-16T15:01:46.746+0000][1400.755s][info][gc,heap        ] GC(893) DefNew: 9175K(10176K)->96K(10176K) Eden: 9088K(9088K)->0K(9088K) From: 87K(1088K)->96K(1088K)
[2025-04-16T15:01:46.746+0000][1400.755s][info][gc,heap        ] GC(893) Tenured: 14722K(22484K)->14722K(22484K)
[2025-04-16T15:01:46.746+0000][1400.755s][info][gc,metaspace   ] GC(893) Metaspace: 37389K(37696K)->37389K(37696K) NonClass: 32963K(33088K)->32963K(33088K) Class: 4426K(4608K)->4426K(4608K)
[2025-04-16T15:01:46.746+0000][1400.755s][info][gc             ] GC(893) Pause Young (Allocation Failure) 23M->14M(31M) 1.317ms
[2025-04-16T15:01:46.746+0000][1400.755s][info][gc,cpu         ] GC(893) User=0.00s Sys=0.00s Real=0.00s
[2025-04-16T15:01:48.629+0000][1402.638s][info][gc,start       ] GC(894) Pause Young (Allocation Failure)
[2025-04-16T15:01:48.631+0000][1402.640s][info][gc,heap        ] GC(894) DefNew: 9184K(10176K)->108K(10176K) Eden: 9088K(9088K)->0K(9088K) From: 96K(1088K)->108K(1088K)
[2025-04-16T15:01:48.631+0000][1402.640s][info][gc,heap        ] GC(894) Tenured: 14722K(22484K)->14722K(22484K)
[2025-04-16T15:01:48.631+0000][1402.640s][info][gc,metaspace   ] GC(894) Metaspace: 37389K(37696K)->37389K(37696K) NonClass: 32963K(33088K)->32963K(33088K) Class: 4426K(4608K)->4426K(4608K)
[2025-04-16T15:01:48.631+0000][1402.640s][info][gc             ] GC(894) Pause Young (Allocation Failure) 23M->14M(31M) 1.260ms
[2025-04-16T15:01:48.631+0000][1402.640s][info][gc,cpu         ] GC(894) User=0.00s Sys=0.00s Real=0.00s
[2025-04-16T15:01:50.315+0000][1404.324s][info][gc,start       ] GC(895) Pause Young (Allocation Failure)
[2025-04-16T15:01:50.316+0000][1404.325s][info][gc,heap        ] GC(895) DefNew: 9196K(10176K)->97K(10176K) Eden: 9088K(9088K)->0K(9088K) From: 108K(1088K)->97K(1088K)
[2025-04-16T15:01:50.316+0000][1404.325s][info][gc,heap        ] GC(895) Tenured: 14722K(22484K)->14725K(22484K)
[2025-04-16T15:01:50.316+0000][1404.325s][info][gc,metaspace   ] GC(895) Metaspace: 37389K(37696K)->37389K(37696K) NonClass: 32963K(33088K)->32963K(33088K) Class: 4426K(4608K)->4426K(4608K)
[2025-04-16T15:01:50.316+0000][1404.325s][info][gc             ] GC(895) Pause Young (Allocation Failure) 23M->14M(31M) 1.380ms
[2025-04-16T15:01:50.316+0000][1404.325s][info][gc,cpu         ] GC(895) User=0.00s Sys=0.00s Real=0.00s
[2025-04-16T15:01:51.828+0000][1405.837s][info][gc,start       ] GC(896) Pause Young (Allocation Failure)
[2025-04-16T15:01:51.829+0000][1405.838s][info][gc,heap        ] GC(896) DefNew: 9170K(10176K)->88K(10176K) Eden: 9072K(9088K)->0K(9088K) From: 97K(1088K)->88K(1088K)
[2025-04-16T15:01:51.829+0000][1405.838s][info][gc,heap        ] GC(896) Tenured: 14725K(22484K)->14727K(22484K)
[2025-04-16T15:01:51.829+0000][1405.838s][info][gc,metaspace   ] GC(896) Metaspace: 37389K(37696K)->37389K(37696K) NonClass: 32963K(33088K)->32963K(33088K) Class: 4426K(4608K)->4426K(4608K)
[2025-04-16T15:01:51.829+0000][1405.838s][info][gc             ] GC(896) Pause Young (Allocation Failure) 23M->14M(31M) 1.222ms
[2025-04-16T15:01:51.829+0000][1405.838s][info][gc,cpu         ] GC(896) User=0.00s Sys=0.00s Real=0.00s
[2025-04-16T15:01:53.572+0000][1407.581s][info][gc,start       ] GC(897) Pause Young (Allocation Failure)
[2025-04-16T15:01:53.573+0000][1407.582s][info][gc,heap        ] GC(897) DefNew: 9175K(10176K)->85K(10176K) Eden: 9087K(9088K)->0K(9088K) From: 88K(1088K)->85K(1088K)
[2025-04-16T15:01:53.573+0000][1407.582s][info][gc,heap        ] GC(897) Tenured: 14727K(22484K)->14728K(22484K)
[2025-04-16T15:01:53.573+0000][1407.582s][info][gc,metaspace   ] GC(897) Metaspace: 37389K(37696K)->37389K(37696K) NonClass: 32963K(33088K)->32963K(33088K) Class: 4426K(4608K)->4426K(4608K)
[2025-04-16T15:01:53.573+0000][1407.582s][info][gc             ] GC(897) Pause Young (Allocation Failure) 23M->14M(31M) 1.344ms
[2025-04-16T15:01:53.573+0000][1407.582s][info][gc,cpu         ] GC(897) User=0.00s Sys=0.00s Real=0.00s
[2025-04-16T15:01:55.238+0000][1409.247s][info][gc,start       ] GC(898) Pause Young (Allocation Failure)
[2025-04-16T15:01:55.239+0000][1409.248s][info][gc,heap        ] GC(898) DefNew: 9173K(10176K)->85K(10176K) Eden: 9088K(9088K)->0K(9088K) From: 85K(1088K)->85K(1088K)
[2025-04-16T15:01:55.239+0000][1409.248s][info][gc,heap        ] GC(898) Tenured: 14728K(22484K)->14730K(22484K)
[2025-04-16T15:01:55.239+0000][1409.248s][info][gc,metaspace   ] GC(898) Metaspace: 37389K(37696K)->37389K(37696K) NonClass: 32963K(33088K)->32963K(33088K) Class: 4426K(4608K)->4426K(4608K)
[2025-04-16T15:01:55.239+0000][1409.248s][info][gc             ] GC(898) Pause Young (Allocation Failure) 23M->14M(31M) 1.385ms
[2025-04-16T15:01:55.239+0000][1409.248s][info][gc,cpu         ] GC(898) User=0.01s Sys=0.00s Real=0.00s
[2025-04-16T15:01:56.809+0000][1410.818s][info][gc,start       ] GC(899) Pause Young (Allocation Failure)
[2025-04-16T15:01:56.811+0000][1410.820s][info][gc,heap        ] GC(899) DefNew: 9173K(10176K)->100K(10176K) Eden: 9088K(9088K)->0K(9088K) From: 85K(1088K)->100K(1088K)
[2025-04-16T15:01:56.811+0000][1410.820s][info][gc,heap        ] GC(899) Tenured: 14730K(22484K)->14730K(22484K)
[2025-04-16T15:01:56.811+0000][1410.820s][info][gc,metaspace   ] GC(899) Metaspace: 37389K(37696K)->37389K(37696K) NonClass: 32963K(33088K)->32963K(33088K) Class: 4426K(4608K)->4426K(4608K)
[2025-04-16T15:01:56.811+0000][1410.820s][info][gc             ] GC(899) Pause Young (Allocation Failure) 23M->14M(31M) 1.354ms
[2025-04-16T15:01:56.811+0000][1410.820s][info][gc,cpu         ] GC(899) User=0.00s Sys=0.00s Real=0.00s
[2025-04-16T15:01:58.544+0000][1412.553s][info][gc,start       ] GC(900) Pause Young (Allocation Failure)
[2025-04-16T15:01:58.546+0000][1412.555s][info][gc,heap        ] GC(900) DefNew: 9188K(10176K)->98K(10176K) Eden: 9088K(9088K)->0K(9088K) From: 100K(1088K)->98K(1088K)
[2025-04-16T15:01:58.546+0000][1412.555s][info][gc,heap        ] GC(900) Tenured: 14730K(22484K)->14730K(22484K)
[2025-04-16T15:01:58.546+0000][1412.555s][info][gc,metaspace   ] GC(900) Metaspace: 37389K(37696K)->37389K(37696K) NonClass: 32963K(33088K)->32963K(33088K) Class: 4426K(4608K)->4426K(4608K)
[2025-04-16T15:01:58.546+0000][1412.555s][info][gc             ] GC(900) Pause Young (Allocation Failure) 23M->14M(31M) 1.384ms
[2025-04-16T15:01:58.546+0000][1412.555s][info][gc,cpu         ] GC(900) User=0.00s Sys=0.00s Real=0.00s
[2025-04-16T15:01:59.974+0000][1413.983s][info][gc,start       ] GC(901) Pause Young (Allocation Failure)
[2025-04-16T15:01:59.976+0000][1413.985s][info][gc,heap        ] GC(901) DefNew: 9186K(10176K)->90K(10176K) Eden: 9088K(9088K)->0K(9088K) From: 98K(1088K)->90K(1088K)
[2025-04-16T15:01:59.976+0000][1413.985s][info][gc,heap        ] GC(901) Tenured: 14730K(22484K)->14730K(22484K)
[2025-04-16T15:01:59.976+0000][1413.985s][info][gc,metaspace   ] GC(901) Metaspace: 37389K(37696K)->37389K(37696K) NonClass: 32963K(33088K)->32963K(33088K) Class: 4426K(4608K)->4426K(4608K)
[2025-04-16T15:01:59.976+0000][1413.985s][info][gc             ] GC(901) Pause Young (Allocation Failure) 23M->14M(31M) 1.390ms
[2025-04-16T15:01:59.976+0000][1413.985s][info][gc,cpu         ] GC(901) User=0.01s Sys=0.00s Real=0.00s
[2025-04-16T15:02:01.648+0000][1415.657s][info][gc,start       ] GC(902) Pause Young (Allocation Failure)
[2025-04-16T15:02:01.650+0000][1415.659s][info][gc,heap        ] GC(902) DefNew: 9178K(10176K)->100K(10176K) Eden: 9087K(9088K)->0K(9088K) From: 90K(1088K)->100K(1088K)
[2025-04-16T15:02:01.650+0000][1415.659s][info][gc,heap        ] GC(902) Tenured: 14730K(22484K)->14730K(22484K)
[2025-04-16T15:02:01.650+0000][1415.659s][info][gc,metaspace   ] GC(902) Metaspace: 37389K(37696K)->37389K(37696K) NonClass: 32963K(33088K)->32963K(33088K) Class: 4426K(4608K)->4426K(4608K)
[2025-04-16T15:02:01.650+0000][1415.659s][info][gc             ] GC(902) Pause Young (Allocation Failure) 23M->14M(31M) 1.388ms
[2025-04-16T15:02:01.650+0000][1415.659s][info][gc,cpu         ] GC(902) User=0.00s Sys=0.00s Real=0.00s
[2025-04-16T15:02:03.401+0000][1417.410s][info][gc,start       ] GC(903) Pause Young (Allocation Failure)
[2025-04-16T15:02:03.402+0000][1417.411s][info][gc,heap        ] GC(903) DefNew: 9188K(10176K)->102K(10176K) Eden: 9088K(9088K)->0K(9088K) From: 100K(1088K)->102K(1088K)
[2025-04-16T15:02:03.402+0000][1417.411s][info][gc,heap        ] GC(903) Tenured: 14730K(22484K)->14731K(22484K)
[2025-04-16T15:02:03.402+0000][1417.411s][info][gc,metaspace   ] GC(903) Metaspace: 37389K(37696K)->37389K(37696K) NonClass: 32963K(33088K)->32963K(33088K) Class: 4426K(4608K)->4426K(4608K)
[2025-04-16T15:02:03.402+0000][1417.411s][info][gc             ] GC(903) Pause Young (Allocation Failure) 23M->14M(31M) 1.387ms
[2025-04-16T15:02:03.402+0000][1417.411s][info][gc,cpu         ] GC(903) User=0.00s Sys=0.00s Real=0.00s
[2025-04-16T15:02:04.975+0000][1418.984s][info][gc,start       ] GC(904) Pause Young (Allocation Failure)
[2025-04-16T15:02:04.976+0000][1418.985s][info][gc,heap        ] GC(904) DefNew: 9190K(10176K)->87K(10176K) Eden: 9088K(9088K)->0K(9088K) From: 102K(1088K)->87K(1088K)
[2025-04-16T15:02:04.976+0000][1418.985s][info][gc,heap        ] GC(904) Tenured: 14731K(22484K)->14737K(22484K)
[2025-04-16T15:02:04.976+0000][1418.985s][info][gc,metaspace   ] GC(904) Metaspace: 37389K(37696K)->37389K(37696K) NonClass: 32963K(33088K)->32963K(33088K) Class: 4426K(4608K)->4426K(4608K)
[2025-04-16T15:02:04.976+0000][1418.985s][info][gc             ] GC(904) Pause Young (Allocation Failure) 23M->14M(31M) 1.309ms
[2025-04-16T15:02:04.976+0000][1418.985s][info][gc,cpu         ] GC(904) User=0.00s Sys=0.00s Real=0.00s
[2025-04-16T15:02:06.640+0000][1420.649s][info][gc,start       ] GC(905) Pause Young (Allocation Failure)
[2025-04-16T15:02:06.641+0000][1420.650s][info][gc,heap        ] GC(905) DefNew: 9175K(10176K)->84K(10176K) Eden: 9087K(9088K)->0K(9088K) From: 87K(1088K)->84K(1088K)
[2025-04-16T15:02:06.641+0000][1420.650s][info][gc,heap        ] GC(905) Tenured: 14737K(22484K)->14738K(22484K)
[2025-04-16T15:02:06.641+0000][1420.650s][info][gc,metaspace   ] GC(905) Metaspace: 37389K(37696K)->37389K(37696K) NonClass: 32963K(33088K)->32963K(33088K) Class: 4426K(4608K)->4426K(4608K)
[2025-04-16T15:02:06.641+0000][1420.650s][info][gc             ] GC(905) Pause Young (Allocation Failure) 23M->14M(31M) 1.356ms
[2025-04-16T15:02:06.641+0000][1420.650s][info][gc,cpu         ] GC(905) User=0.00s Sys=0.00s Real=0.00s
[2025-04-16T15:02:08.282+0000][1422.291s][info][gc,start       ] GC(906) Pause Young (Allocation Failure)
[2025-04-16T15:02:08.284+0000][1422.293s][info][gc,heap        ] GC(906) DefNew: 9172K(10176K)->80K(10176K) Eden: 9088K(9088K)->0K(9088K) From: 84K(1088K)->80K(1088K)
[2025-04-16T15:02:08.284+0000][1422.293s][info][gc,heap        ] GC(906) Tenured: 14738K(22484K)->14738K(22484K)
[2025-04-16T15:02:08.284+0000][1422.293s][info][gc,metaspace   ] GC(906) Metaspace: 37389K(37696K)->37389K(37696K) NonClass: 32963K(33088K)->32963K(33088K) Class: 4426K(4608K)->4426K(4608K)
[2025-04-16T15:02:08.284+0000][1422.293s][info][gc             ] GC(906) Pause Young (Allocation Failure) 23M->14M(31M) 1.356ms
[2025-04-16T15:02:08.284+0000][1422.293s][info][gc,cpu         ] GC(906) User=0.00s Sys=0.00s Real=0.00s
[2025-04-16T15:02:09.706+0000][1423.715s][info][gc,start       ] GC(907) Pause Young (Allocation Failure)
[2025-04-16T15:02:09.707+0000][1423.716s][info][gc,heap        ] GC(907) DefNew: 9168K(10176K)->81K(10176K) Eden: 9087K(9088K)->0K(9088K) From: 80K(1088K)->81K(1088K)
[2025-04-16T15:02:09.707+0000][1423.716s][info][gc,heap        ] GC(907) Tenured: 14738K(22484K)->14738K(22484K)
[2025-04-16T15:02:09.707+0000][1423.716s][info][gc,metaspace   ] GC(907) Metaspace: 37389K(37696K)->37389K(37696K) NonClass: 32963K(33088K)->32963K(33088K) Class: 4426K(4608K)->4426K(4608K)
[2025-04-16T15:02:09.707+0000][1423.716s][info][gc             ] GC(907) Pause Young (Allocation Failure) 23M->14M(31M) 1.307ms
[2025-04-16T15:02:09.707+0000][1423.716s][info][gc,cpu         ] GC(907) User=0.00s Sys=0.00s Real=0.00s
[2025-04-16T15:02:11.473+0000][1425.482s][info][gc,start       ] GC(908) Pause Young (Allocation Failure)
[2025-04-16T15:02:11.474+0000][1425.483s][info][gc,heap        ] GC(908) DefNew: 9169K(10176K)->80K(10176K) Eden: 9087K(9088K)->0K(9088K) From: 81K(1088K)->80K(1088K)
[2025-04-16T15:02:11.474+0000][1425.483s][info][gc,heap        ] GC(908) Tenured: 14738K(22484K)->14739K(22484K)
[2025-04-16T15:02:11.474+0000][1425.483s][info][gc,metaspace   ] GC(908) Metaspace: 37389K(37696K)->37389K(37696K) NonClass: 32963K(33088K)->32963K(33088K) Class: 4426K(4608K)->4426K(4608K)
[2025-04-16T15:02:11.474+0000][1425.483s][info][gc             ] GC(908) Pause Young (Allocation Failure) 23M->14M(31M) 1.387ms
[2025-04-16T15:02:11.474+0000][1425.483s][info][gc,cpu         ] GC(908) User=0.01s Sys=0.00s Real=0.01s
[2025-04-16T15:02:12.995+0000][1427.004s][info][gc,start       ] GC(909) Pause Young (Allocation Failure)
[2025-04-16T15:02:12.996+0000][1427.005s][info][gc,heap        ] GC(909) DefNew: 9168K(10176K)->95K(10176K) Eden: 9088K(9088K)->0K(9088K) From: 80K(1088K)->95K(1088K)
[2025-04-16T15:02:12.996+0000][1427.005s][info][gc,heap        ] GC(909) Tenured: 14739K(22484K)->14739K(22484K)
[2025-04-16T15:02:12.996+0000][1427.005s][info][gc,metaspace   ] GC(909) Metaspace: 37389K(37696K)->37389K(37696K) NonClass: 32963K(33088K)->32963K(33088K) Class: 4426K(4608K)->4426K(4608K)
[2025-04-16T15:02:12.996+0000][1427.005s][info][gc             ] GC(909) Pause Young (Allocation Failure) 23M->14M(31M) 1.336ms
[2025-04-16T15:02:12.996+0000][1427.005s][info][gc,cpu         ] GC(909) User=0.00s Sys=0.00s Real=0.00s
[2025-04-16T15:02:14.499+0000][1428.508s][info][gc,start       ] GC(910) Pause Young (Allocation Failure)
[2025-04-16T15:02:14.501+0000][1428.510s][info][gc,heap        ] GC(910) DefNew: 9183K(10176K)->88K(10176K) Eden: 9088K(9088K)->0K(9088K) From: 95K(1088K)->88K(1088K)
[2025-04-16T15:02:14.501+0000][1428.510s][info][gc,heap        ] GC(910) Tenured: 14739K(22484K)->14740K(22484K)
[2025-04-16T15:02:14.501+0000][1428.510s][info][gc,metaspace   ] GC(910) Metaspace: 37389K(37696K)->37389K(37696K) NonClass: 32963K(33088K)->32963K(33088K) Class: 4426K(4608K)->4426K(4608K)
[2025-04-16T15:02:14.501+0000][1428.510s][info][gc             ] GC(910) Pause Young (Allocation Failure) 23M->14M(31M) 1.385ms
[2025-04-16T15:02:14.501+0000][1428.510s][info][gc,cpu         ] GC(910) User=0.00s Sys=0.00s Real=0.00s
[2025-04-16T15:02:16.117+0000][1430.126s][info][gc,start       ] GC(911) Pause Young (Allocation Failure)
[2025-04-16T15:02:16.118+0000][1430.127s][info][gc,heap        ] GC(911) DefNew: 9162K(10176K)->81K(10176K) Eden: 9074K(9088K)->0K(9088K) From: 88K(1088K)->81K(1088K)
[2025-04-16T15:02:16.118+0000][1430.127s][info][gc,heap        ] GC(911) Tenured: 14740K(22484K)->14740K(22484K)
[2025-04-16T15:02:16.118+0000][1430.127s][info][gc,metaspace   ] GC(911) Metaspace: 37389K(37696K)->37389K(37696K) NonClass: 32963K(33088K)->32963K(33088K) Class: 4426K(4608K)->4426K(4608K)
[2025-04-16T15:02:16.118+0000][1430.127s][info][gc             ] GC(911) Pause Young (Allocation Failure) 23M->14M(31M) 1.249ms
[2025-04-16T15:02:16.118+0000][1430.127s][info][gc,cpu         ] GC(911) User=0.00s Sys=0.00s Real=0.00s
[2025-04-16T15:02:17.739+0000][1431.748s][info][gc,start       ] GC(912) Pause Young (Allocation Failure)
[2025-04-16T15:02:17.740+0000][1431.749s][info][gc,heap        ] GC(912) DefNew: 9169K(10176K)->79K(10176K) Eden: 9088K(9088K)->0K(9088K) From: 81K(1088K)->79K(1088K)
[2025-04-16T15:02:17.740+0000][1431.749s][info][gc,heap        ] GC(912) Tenured: 14740K(22484K)->14741K(22484K)
[2025-04-16T15:02:17.740+0000][1431.749s][info][gc,metaspace   ] GC(912) Metaspace: 37389K(37696K)->37389K(37696K) NonClass: 32963K(33088K)->32963K(33088K) Class: 4426K(4608K)->4426K(4608K)
[2025-04-16T15:02:17.740+0000][1431.749s][info][gc             ] GC(912) Pause Young (Allocation Failure) 23M->14M(31M) 1.354ms
[2025-04-16T15:02:17.740+0000][1431.749s][info][gc,cpu         ] GC(912) User=0.00s Sys=0.00s Real=0.00s
[2025-04-16T15:02:19.298+0000][1433.307s][info][gc,start       ] GC(913) Pause Young (Allocation Failure)
[2025-04-16T15:02:19.299+0000][1433.308s][info][gc,heap        ] GC(913) DefNew: 9167K(10176K)->74K(10176K) Eden: 9088K(9088K)->0K(9088K) From: 79K(1088K)->74K(1088K)
[2025-04-16T15:02:19.299+0000][1433.308s][info][gc,heap        ] GC(913) Tenured: 14741K(22484K)->14742K(22484K)
[2025-04-16T15:02:19.299+0000][1433.308s][info][gc,metaspace   ] GC(913) Metaspace: 37389K(37696K)->37389K(37696K) NonClass: 32963K(33088K)->32963K(33088K) Class: 4426K(4608K)->4426K(4608K)
[2025-04-16T15:02:19.299+0000][1433.308s][info][gc             ] GC(913) Pause Young (Allocation Failure) 23M->14M(31M) 1.245ms
[2025-04-16T15:02:19.299+0000][1433.308s][info][gc,cpu         ] GC(913) User=0.00s Sys=0.00s Real=0.00s
[2025-04-16T15:02:21.189+0000][1435.198s][info][gc,start       ] GC(914) Pause Young (Allocation Failure)
[2025-04-16T15:02:21.191+0000][1435.200s][info][gc,heap        ] GC(914) DefNew: 9162K(10176K)->93K(10176K) Eden: 9088K(9088K)->0K(9088K) From: 74K(1088K)->93K(1088K)
[2025-04-16T15:02:21.191+0000][1435.200s][info][gc,heap        ] GC(914) Tenured: 14742K(22484K)->14742K(22484K)
[2025-04-16T15:02:21.191+0000][1435.200s][info][gc,metaspace   ] GC(914) Metaspace: 37389K(37696K)->37389K(37696K) NonClass: 32963K(33088K)->32963K(33088K) Class: 4426K(4608K)->4426K(4608K)
[2025-04-16T15:02:21.191+0000][1435.200s][info][gc             ] GC(914) Pause Young (Allocation Failure) 23M->14M(31M) 1.331ms
[2025-04-16T15:02:21.191+0000][1435.200s][info][gc,cpu         ] GC(914) User=0.00s Sys=0.00s Real=0.00s
[2025-04-16T15:02:22.527+0000][1436.536s][info][gc,start       ] GC(915) Pause Young (Allocation Failure)
[2025-04-16T15:02:22.528+0000][1436.537s][info][gc,heap        ] GC(915) DefNew: 9181K(10176K)->92K(10176K) Eden: 9088K(9088K)->0K(9088K) From: 93K(1088K)->92K(1088K)
[2025-04-16T15:02:22.528+0000][1436.537s][info][gc,heap        ] GC(915) Tenured: 14742K(22484K)->14743K(22484K)
[2025-04-16T15:02:22.528+0000][1436.537s][info][gc,metaspace   ] GC(915) Metaspace: 37389K(37696K)->37389K(37696K) NonClass: 32963K(33088K)->32963K(33088K) Class: 4426K(4608K)->4426K(4608K)
[2025-04-16T15:02:22.528+0000][1436.537s][info][gc             ] GC(915) Pause Young (Allocation Failure) 23M->14M(31M) 1.205ms
[2025-04-16T15:02:22.528+0000][1436.537s][info][gc,cpu         ] GC(915) User=0.00s Sys=0.00s Real=0.00s
[2025-04-16T15:02:24.104+0000][1438.113s][info][gc,start       ] GC(916) Pause Young (Allocation Failure)
[2025-04-16T15:02:24.105+0000][1438.114s][info][gc,heap        ] GC(916) DefNew: 9180K(10176K)->81K(10176K) Eden: 9087K(9088K)->0K(9088K) From: 92K(1088K)->81K(1088K)
[2025-04-16T15:02:24.105+0000][1438.114s][info][gc,heap        ] GC(916) Tenured: 14743K(22484K)->14745K(22484K)
[2025-04-16T15:02:24.105+0000][1438.114s][info][gc,metaspace   ] GC(916) Metaspace: 37389K(37696K)->37389K(37696K) NonClass: 32963K(33088K)->32963K(33088K) Class: 4426K(4608K)->4426K(4608K)
[2025-04-16T15:02:24.105+0000][1438.114s][info][gc             ] GC(916) Pause Young (Allocation Failure) 23M->14M(31M) 1.326ms
[2025-04-16T15:02:24.105+0000][1438.114s][info][gc,cpu         ] GC(916) User=0.00s Sys=0.00s Real=0.01s
[2025-04-16T15:02:25.861+0000][1439.870s][info][gc,start       ] GC(917) Pause Young (Allocation Failure)
[2025-04-16T15:02:25.862+0000][1439.871s][info][gc,heap        ] GC(917) DefNew: 9169K(10176K)->74K(10176K) Eden: 9088K(9088K)->0K(9088K) From: 81K(1088K)->74K(1088K)
[2025-04-16T15:02:25.862+0000][1439.871s][info][gc,heap        ] GC(917) Tenured: 14745K(22484K)->14745K(22484K)
[2025-04-16T15:02:25.862+0000][1439.871s][info][gc,metaspace   ] GC(917) Metaspace: 37389K(37696K)->37389K(37696K) NonClass: 32963K(33088K)->32963K(33088K) Class: 4426K(4608K)->4426K(4608K)
[2025-04-16T15:02:25.862+0000][1439.871s][info][gc             ] GC(917) Pause Young (Allocation Failure) 23M->14M(31M) 1.328ms
[2025-04-16T15:02:25.862+0000][1439.871s][info][gc,cpu         ] GC(917) User=0.00s Sys=0.00s Real=0.00s
[2025-04-16T15:02:27.068+0000][1441.077s][info][gc,start       ] GC(918) Pause Young (Allocation Failure)
[2025-04-16T15:02:27.069+0000][1441.078s][info][gc,heap        ] GC(918) DefNew: 9148K(10176K)->79K(10176K) Eden: 9074K(9088K)->0K(9088K) From: 74K(1088K)->79K(1088K)
[2025-04-16T15:02:27.069+0000][1441.078s][info][gc,heap        ] GC(918) Tenured: 14745K(22484K)->14745K(22484K)
[2025-04-16T15:02:27.069+0000][1441.078s][info][gc,metaspace   ] GC(918) Metaspace: 37389K(37696K)->37389K(37696K) NonClass: 32963K(33088K)->32963K(33088K) Class: 4426K(4608K)->4426K(4608K)
[2025-04-16T15:02:27.069+0000][1441.078s][info][gc             ] GC(918) Pause Young (Allocation Failure) 23M->14M(31M) 1.285ms
[2025-04-16T15:02:27.069+0000][1441.078s][info][gc,cpu         ] GC(918) User=0.00s Sys=0.00s Real=0.00s
[2025-04-16T15:02:28.751+0000][1442.760s][info][gc,start       ] GC(919) Pause Young (Allocation Failure)
[2025-04-16T15:02:28.752+0000][1442.761s][info][gc,heap        ] GC(919) DefNew: 9167K(10176K)->77K(10176K) Eden: 9088K(9088K)->0K(9088K) From: 79K(1088K)->77K(1088K)
[2025-04-16T15:02:28.752+0000][1442.761s][info][gc,heap        ] GC(919) Tenured: 14745K(22484K)->14745K(22484K)
[2025-04-16T15:02:28.752+0000][1442.761s][info][gc,metaspace   ] GC(919) Metaspace: 37389K(37696K)->37389K(37696K) NonClass: 32963K(33088K)->32963K(33088K) Class: 4426K(4608K)->4426K(4608K)
[2025-04-16T15:02:28.752+0000][1442.761s][info][gc             ] GC(919) Pause Young (Allocation Failure) 23M->14M(31M) 1.237ms
[2025-04-16T15:02:28.752+0000][1442.761s][info][gc,cpu         ] GC(919) User=0.00s Sys=0.00s Real=0.00s
[2025-04-16T15:02:30.498+0000][1444.507s][info][gc,start       ] GC(920) Pause Young (Allocation Failure)
[2025-04-16T15:02:30.499+0000][1444.508s][info][gc,heap        ] GC(920) DefNew: 9165K(10176K)->91K(10176K) Eden: 9088K(9088K)->0K(9088K) From: 77K(1088K)->91K(1088K)
[2025-04-16T15:02:30.499+0000][1444.508s][info][gc,heap        ] GC(920) Tenured: 14745K(22484K)->14745K(22484K)
[2025-04-16T15:02:30.499+0000][1444.508s][info][gc,metaspace   ] GC(920) Metaspace: 37389K(37696K)->37389K(37696K) NonClass: 32963K(33088K)->32963K(33088K) Class: 4426K(4608K)->4426K(4608K)
[2025-04-16T15:02:30.499+0000][1444.508s][info][gc             ] GC(920) Pause Young (Allocation Failure) 23M->14M(31M) 1.275ms
[2025-04-16T15:02:30.499+0000][1444.508s][info][gc,cpu         ] GC(920) User=0.00s Sys=0.00s Real=0.00s
[2025-04-16T15:02:32.115+0000][1446.124s][info][gc,start       ] GC(921) Pause Young (Allocation Failure)
[2025-04-16T15:02:32.116+0000][1446.125s][info][gc,heap        ] GC(921) DefNew: 9179K(10176K)->88K(10176K) Eden: 9087K(9088K)->0K(9088K) From: 91K(1088K)->88K(1088K)
[2025-04-16T15:02:32.116+0000][1446.125s][info][gc,heap        ] GC(921) Tenured: 14745K(22484K)->14745K(22484K)
[2025-04-16T15:02:32.116+0000][1446.125s][info][gc,metaspace   ] GC(921) Metaspace: 37389K(37696K)->37389K(37696K) NonClass: 32963K(33088K)->32963K(33088K) Class: 4426K(4608K)->4426K(4608K)
[2025-04-16T15:02:32.116+0000][1446.125s][info][gc             ] GC(921) Pause Young (Allocation Failure) 23M->14M(31M) 1.405ms
[2025-04-16T15:02:32.116+0000][1446.125s][info][gc,cpu         ] GC(921) User=0.00s Sys=0.00s Real=0.00s
[2025-04-16T15:02:33.477+0000][1447.486s][info][gc,start       ] GC(922) Pause Young (Allocation Failure)
[2025-04-16T15:02:33.478+0000][1447.487s][info][gc,heap        ] GC(922) DefNew: 9176K(10176K)->92K(10176K) Eden: 9087K(9088K)->0K(9088K) From: 88K(1088K)->92K(1088K)
[2025-04-16T15:02:33.478+0000][1447.487s][info][gc,heap        ] GC(922) Tenured: 14745K(22484K)->14746K(22484K)
[2025-04-16T15:02:33.478+0000][1447.487s][info][gc,metaspace   ] GC(922) Metaspace: 37389K(37696K)->37389K(37696K) NonClass: 32963K(33088K)->32963K(33088K) Class: 4426K(4608K)->4426K(4608K)
[2025-04-16T15:02:33.478+0000][1447.487s][info][gc             ] GC(922) Pause Young (Allocation Failure) 23M->14M(31M) 1.423ms
[2025-04-16T15:02:33.478+0000][1447.487s][info][gc,cpu         ] GC(922) User=0.00s Sys=0.00s Real=0.00s
[2025-04-16T15:02:35.302+0000][1449.311s][info][gc,start       ] GC(923) Pause Young (Allocation Failure)
[2025-04-16T15:02:35.303+0000][1449.312s][info][gc,heap        ] GC(923) DefNew: 9180K(10176K)->87K(10176K) Eden: 9087K(9088K)->0K(9088K) From: 92K(1088K)->87K(1088K)
[2025-04-16T15:02:35.303+0000][1449.312s][info][gc,heap        ] GC(923) Tenured: 14746K(22484K)->14746K(22484K)
[2025-04-16T15:02:35.303+0000][1449.312s][info][gc,metaspace   ] GC(923) Metaspace: 37389K(37696K)->37389K(37696K) NonClass: 32963K(33088K)->32963K(33088K) Class: 4426K(4608K)->4426K(4608K)
[2025-04-16T15:02:35.303+0000][1449.312s][info][gc             ] GC(923) Pause Young (Allocation Failure) 23M->14M(31M) 1.265ms
[2025-04-16T15:02:35.303+0000][1449.312s][info][gc,cpu         ] GC(923) User=0.00s Sys=0.00s Real=0.00s
[2025-04-16T15:02:36.804+0000][1450.813s][info][gc,start       ] GC(924) Pause Young (Allocation Failure)
[2025-04-16T15:02:36.805+0000][1450.814s][info][gc,heap        ] GC(924) DefNew: 9175K(10176K)->90K(10176K) Eden: 9088K(9088K)->0K(9088K) From: 87K(1088K)->90K(1088K)
[2025-04-16T15:02:36.805+0000][1450.814s][info][gc,heap        ] GC(924) Tenured: 14746K(22484K)->14746K(22484K)
[2025-04-16T15:02:36.805+0000][1450.814s][info][gc,metaspace   ] GC(924) Metaspace: 37389K(37696K)->37389K(37696K) NonClass: 32963K(33088K)->32963K(33088K) Class: 4426K(4608K)->4426K(4608K)
[2025-04-16T15:02:36.805+0000][1450.814s][info][gc             ] GC(924) Pause Young (Allocation Failure) 23M->14M(31M) 1.224ms
[2025-04-16T15:02:36.805+0000][1450.814s][info][gc,cpu         ] GC(924) User=0.00s Sys=0.00s Real=0.01s
[2025-04-16T15:02:38.484+0000][1452.493s][info][gc,start       ] GC(925) Pause Young (Allocation Failure)
[2025-04-16T15:02:38.485+0000][1452.495s][info][gc,heap        ] GC(925) DefNew: 9178K(10176K)->84K(10176K) Eden: 9088K(9088K)->0K(9088K) From: 90K(1088K)->84K(1088K)
[2025-04-16T15:02:38.486+0000][1452.495s][info][gc,heap        ] GC(925) Tenured: 14746K(22484K)->14746K(22484K)
[2025-04-16T15:02:38.486+0000][1452.495s][info][gc,metaspace   ] GC(925) Metaspace: 37389K(37696K)->37389K(37696K) NonClass: 32963K(33088K)->32963K(33088K) Class: 4426K(4608K)->4426K(4608K)
[2025-04-16T15:02:38.486+0000][1452.495s][info][gc             ] GC(925) Pause Young (Allocation Failure) 23M->14M(31M) 1.363ms
[2025-04-16T15:02:38.486+0000][1452.495s][info][gc,cpu         ] GC(925) User=0.01s Sys=0.00s Real=0.00s
[2025-04-16T15:02:40.146+0000][1454.155s][info][gc,start       ] GC(926) Pause Young (Allocation Failure)
[2025-04-16T15:02:40.146+0000][1454.156s][info][gc,heap        ] GC(926) DefNew: 9172K(10176K)->62K(10176K) Eden: 9088K(9088K)->0K(9088K) From: 84K(1088K)->62K(1088K)
[2025-04-16T15:02:40.147+0000][1454.156s][info][gc,heap        ] GC(926) Tenured: 14746K(22484K)->14746K(22484K)
[2025-04-16T15:02:40.147+0000][1454.156s][info][gc,metaspace   ] GC(926) Metaspace: 37389K(37696K)->37389K(37696K) NonClass: 32963K(33088K)->32963K(33088K) Class: 4426K(4608K)->4426K(4608K)
[2025-04-16T15:02:40.147+0000][1454.156s][info][gc             ] GC(926) Pause Young (Allocation Failure) 23M->14M(31M) 1.041ms
[2025-04-16T15:02:40.147+0000][1454.156s][info][gc,cpu         ] GC(926) User=0.00s Sys=0.00s Real=0.00s
[2025-04-16T15:02:41.844+0000][1455.853s][info][gc,start       ] GC(927) Pause Young (Allocation Failure)
[2025-04-16T15:02:41.845+0000][1455.854s][info][gc,heap        ] GC(927) DefNew: 9150K(10176K)->80K(10176K) Eden: 9088K(9088K)->0K(9088K) From: 62K(1088K)->80K(1088K)
[2025-04-16T15:02:41.845+0000][1455.854s][info][gc,heap        ] GC(927) Tenured: 14746K(22484K)->14746K(22484K)
[2025-04-16T15:02:41.845+0000][1455.854s][info][gc,metaspace   ] GC(927) Metaspace: 37389K(37696K)->37389K(37696K) NonClass: 32963K(33088K)->32963K(33088K) Class: 4426K(4608K)->4426K(4608K)
[2025-04-16T15:02:41.845+0000][1455.854s][info][gc             ] GC(927) Pause Young (Allocation Failure) 23M->14M(31M) 1.424ms
[2025-04-16T15:02:41.845+0000][1455.854s][info][gc,cpu         ] GC(927) User=0.01s Sys=0.00s Real=0.01s
[2025-04-16T15:02:43.340+0000][1457.349s][info][gc,start       ] GC(928) Pause Young (Allocation Failure)
[2025-04-16T15:02:43.342+0000][1457.351s][info][gc,heap        ] GC(928) DefNew: 9168K(10176K)->96K(10176K) Eden: 9088K(9088K)->0K(9088K) From: 80K(1088K)->96K(1088K)
[2025-04-16T15:02:43.342+0000][1457.351s][info][gc,heap        ] GC(928) Tenured: 14746K(22484K)->14746K(22484K)
[2025-04-16T15:02:43.342+0000][1457.351s][info][gc,metaspace   ] GC(928) Metaspace: 37389K(37696K)->37389K(37696K) NonClass: 32963K(33088K)->32963K(33088K) Class: 4426K(4608K)->4426K(4608K)
[2025-04-16T15:02:43.342+0000][1457.351s][info][gc             ] GC(928) Pause Young (Allocation Failure) 23M->14M(31M) 1.306ms
[2025-04-16T15:02:43.342+0000][1457.351s][info][gc,cpu         ] GC(928) User=0.00s Sys=0.00s Real=0.00s
[2025-04-16T15:02:44.954+0000][1458.963s][info][gc,start       ] GC(929) Pause Young (Allocation Failure)
[2025-04-16T15:02:44.955+0000][1458.964s][info][gc,heap        ] GC(929) DefNew: 9184K(10176K)->91K(10176K) Eden: 9088K(9088K)->0K(9088K) From: 96K(1088K)->91K(1088K)
[2025-04-16T15:02:44.955+0000][1458.964s][info][gc,heap        ] GC(929) Tenured: 14746K(22484K)->14746K(22484K)
[2025-04-16T15:02:44.955+0000][1458.964s][info][gc,metaspace   ] GC(929) Metaspace: 37389K(37696K)->37389K(37696K) NonClass: 32963K(33088K)->32963K(33088K) Class: 4426K(4608K)->4426K(4608K)
[2025-04-16T15:02:44.955+0000][1458.964s][info][gc             ] GC(929) Pause Young (Allocation Failure) 23M->14M(31M) 1.317ms
[2025-04-16T15:02:44.955+0000][1458.964s][info][gc,cpu         ] GC(929) User=0.00s Sys=0.00s Real=0.01s
[2025-04-16T15:02:46.620+0000][1460.629s][info][gc,start       ] GC(930) Pause Young (Allocation Failure)
[2025-04-16T15:02:46.621+0000][1460.630s][info][gc,heap        ] GC(930) DefNew: 9179K(10176K)->91K(10176K) Eden: 9087K(9088K)->0K(9088K) From: 91K(1088K)->91K(1088K)
[2025-04-16T15:02:46.621+0000][1460.630s][info][gc,heap        ] GC(930) Tenured: 14746K(22484K)->14746K(22484K)
[2025-04-16T15:02:46.621+0000][1460.630s][info][gc,metaspace   ] GC(930) Metaspace: 37389K(37696K)->37389K(37696K) NonClass: 32963K(33088K)->32963K(33088K) Class: 4426K(4608K)->4426K(4608K)
[2025-04-16T15:02:46.621+0000][1460.630s][info][gc             ] GC(930) Pause Young (Allocation Failure) 23M->14M(31M) 1.259ms
[2025-04-16T15:02:46.621+0000][1460.630s][info][gc,cpu         ] GC(930) User=0.00s Sys=0.00s Real=0.00s
[2025-04-16T15:02:48.295+0000][1462.304s][info][gc,start       ] GC(931) Pause Young (Allocation Failure)
[2025-04-16T15:02:48.297+0000][1462.306s][info][gc,heap        ] GC(931) DefNew: 9179K(10176K)->75K(10176K) Eden: 9087K(9088K)->0K(9088K) From: 91K(1088K)->75K(1088K)
[2025-04-16T15:02:48.297+0000][1462.306s][info][gc,heap        ] GC(931) Tenured: 14746K(22484K)->14747K(22484K)
[2025-04-16T15:02:48.297+0000][1462.306s][info][gc,metaspace   ] GC(931) Metaspace: 37389K(37696K)->37389K(37696K) NonClass: 32963K(33088K)->32963K(33088K) Class: 4426K(4608K)->4426K(4608K)
[2025-04-16T15:02:48.297+0000][1462.306s][info][gc             ] GC(931) Pause Young (Allocation Failure) 23M->14M(31M) 1.326ms
[2025-04-16T15:02:48.297+0000][1462.306s][info][gc,cpu         ] GC(931) User=0.00s Sys=0.00s Real=0.00s
[2025-04-16T15:02:49.949+0000][1463.958s][info][gc,start       ] GC(932) Pause Young (Allocation Failure)
[2025-04-16T15:02:49.950+0000][1463.959s][info][gc,heap        ] GC(932) DefNew: 9163K(10176K)->72K(10176K) Eden: 9088K(9088K)->0K(9088K) From: 75K(1088K)->72K(1088K)
[2025-04-16T15:02:49.950+0000][1463.959s][info][gc,heap        ] GC(932) Tenured: 14747K(22484K)->14748K(22484K)
[2025-04-16T15:02:49.950+0000][1463.959s][info][gc,metaspace   ] GC(932) Metaspace: 37389K(37696K)->37389K(37696K) NonClass: 32963K(33088K)->32963K(33088K) Class: 4426K(4608K)->4426K(4608K)
[2025-04-16T15:02:49.950+0000][1463.959s][info][gc             ] GC(932) Pause Young (Allocation Failure) 23M->14M(31M) 1.197ms
[2025-04-16T15:02:49.950+0000][1463.959s][info][gc,cpu         ] GC(932) User=0.00s Sys=0.00s Real=0.00s
[2025-04-16T15:02:51.415+0000][1465.425s][info][gc,start       ] GC(933) Pause Young (Allocation Failure)
[2025-04-16T15:02:51.417+0000][1465.426s][info][gc,heap        ] GC(933) DefNew: 9160K(10176K)->72K(10176K) Eden: 9088K(9088K)->0K(9088K) From: 72K(1088K)->72K(1088K)
[2025-04-16T15:02:51.417+0000][1465.426s][info][gc,heap        ] GC(933) Tenured: 14748K(22484K)->14749K(22484K)
[2025-04-16T15:02:51.417+0000][1465.426s][info][gc,metaspace   ] GC(933) Metaspace: 37389K(37696K)->37389K(37696K) NonClass: 32963K(33088K)->32963K(33088K) Class: 4426K(4608K)->4426K(4608K)
[2025-04-16T15:02:51.417+0000][1465.426s][info][gc             ] GC(933) Pause Young (Allocation Failure) 23M->14M(31M) 1.259ms
[2025-04-16T15:02:51.417+0000][1465.426s][info][gc,cpu         ] GC(933) User=0.00s Sys=0.00s Real=0.00s
[2025-04-16T15:02:53.069+0000][1467.078s][info][gc,start       ] GC(934) Pause Young (Allocation Failure)
[2025-04-16T15:02:53.071+0000][1467.080s][info][gc,heap        ] GC(934) DefNew: 9160K(10176K)->68K(10176K) Eden: 9088K(9088K)->0K(9088K) From: 72K(1088K)->68K(1088K)
[2025-04-16T15:02:53.071+0000][1467.080s][info][gc,heap        ] GC(934) Tenured: 14749K(22484K)->14749K(22484K)
[2025-04-16T15:02:53.071+0000][1467.080s][info][gc,metaspace   ] GC(934) Metaspace: 37389K(37696K)->37389K(37696K) NonClass: 32963K(33088K)->32963K(33088K) Class: 4426K(4608K)->4426K(4608K)
[2025-04-16T15:02:53.071+0000][1467.080s][info][gc             ] GC(934) Pause Young (Allocation Failure) 23M->14M(31M) 1.313ms
[2025-04-16T15:02:53.071+0000][1467.080s][info][gc,cpu         ] GC(934) User=0.01s Sys=0.00s Real=0.00s
[2025-04-16T15:02:54.601+0000][1468.610s][info][gc,start       ] GC(935) Pause Young (Allocation Failure)
[2025-04-16T15:02:54.603+0000][1468.612s][info][gc,heap        ] GC(935) DefNew: 9156K(10176K)->89K(10176K) Eden: 9088K(9088K)->0K(9088K) From: 68K(1088K)->89K(1088K)
[2025-04-16T15:02:54.603+0000][1468.612s][info][gc,heap        ] GC(935) Tenured: 14749K(22484K)->14749K(22484K)
[2025-04-16T15:02:54.603+0000][1468.612s][info][gc,metaspace   ] GC(935) Metaspace: 37389K(37696K)->37389K(37696K) NonClass: 32963K(33088K)->32963K(33088K) Class: 4426K(4608K)->4426K(4608K)
[2025-04-16T15:02:54.603+0000][1468.612s][info][gc             ] GC(935) Pause Young (Allocation Failure) 23M->14M(31M) 1.305ms
[2025-04-16T15:02:54.603+0000][1468.612s][info][gc,cpu         ] GC(935) User=0.00s Sys=0.00s Real=0.00s
[2025-04-16T15:02:55.968+0000][1469.977s][info][gc,start       ] GC(936) Pause Young (Allocation Failure)
[2025-04-16T15:02:55.969+0000][1469.978s][info][gc,heap        ] GC(936) DefNew: 9175K(10176K)->79K(10176K) Eden: 9086K(9088K)->0K(9088K) From: 89K(1088K)->79K(1088K)
[2025-04-16T15:02:55.969+0000][1469.978s][info][gc,heap        ] GC(936) Tenured: 14749K(22484K)->14749K(22484K)
[2025-04-16T15:02:55.969+0000][1469.978s][info][gc,metaspace   ] GC(936) Metaspace: 37389K(37696K)->37389K(37696K) NonClass: 32963K(33088K)->32963K(33088K) Class: 4426K(4608K)->4426K(4608K)
[2025-04-16T15:02:55.969+0000][1469.978s][info][gc             ] GC(936) Pause Young (Allocation Failure) 23M->14M(31M) 1.207ms
[2025-04-16T15:02:55.969+0000][1469.978s][info][gc,cpu         ] GC(936) User=0.00s Sys=0.00s Real=0.00s
[2025-04-16T15:02:57.631+0000][1471.640s][info][gc,start       ] GC(937) Pause Young (Allocation Failure)
[2025-04-16T15:02:57.633+0000][1471.642s][info][gc,heap        ] GC(937) DefNew: 9167K(10176K)->70K(10176K) Eden: 9088K(9088K)->0K(9088K) From: 79K(1088K)->70K(1088K)
[2025-04-16T15:02:57.633+0000][1471.642s][info][gc,heap        ] GC(937) Tenured: 14749K(22484K)->14749K(22484K)
[2025-04-16T15:02:57.633+0000][1471.642s][info][gc,metaspace   ] GC(937) Metaspace: 37389K(37696K)->37389K(37696K) NonClass: 32963K(33088K)->32963K(33088K) Class: 4426K(4608K)->4426K(4608K)
[2025-04-16T15:02:57.633+0000][1471.642s][info][gc             ] GC(937) Pause Young (Allocation Failure) 23M->14M(31M) 1.298ms
[2025-04-16T15:02:57.633+0000][1471.642s][info][gc,cpu         ] GC(937) User=0.00s Sys=0.00s Real=0.00s
[2025-04-16T15:02:59.350+0000][1473.359s][info][gc,start       ] GC(938) Pause Young (Allocation Failure)
[2025-04-16T15:02:59.351+0000][1473.360s][info][gc,heap        ] GC(938) DefNew: 9158K(10176K)->75K(10176K) Eden: 9088K(9088K)->0K(9088K) From: 70K(1088K)->75K(1088K)
[2025-04-16T15:02:59.351+0000][1473.360s][info][gc,heap        ] GC(938) Tenured: 14749K(22484K)->14749K(22484K)
[2025-04-16T15:02:59.351+0000][1473.360s][info][gc,metaspace   ] GC(938) Metaspace: 37389K(37696K)->37389K(37696K) NonClass: 32963K(33088K)->32963K(33088K) Class: 4426K(4608K)->4426K(4608K)
[2025-04-16T15:02:59.351+0000][1473.361s][info][gc             ] GC(938) Pause Young (Allocation Failure) 23M->14M(31M) 1.222ms
[2025-04-16T15:02:59.351+0000][1473.361s][info][gc,cpu         ] GC(938) User=0.00s Sys=0.00s Real=0.00s
[2025-04-16T15:03:01.026+0000][1475.035s][info][gc,start       ] GC(939) Pause Young (Allocation Failure)
[2025-04-16T15:03:01.027+0000][1475.036s][info][gc,heap        ] GC(939) DefNew: 9163K(10176K)->72K(10176K) Eden: 9088K(9088K)->0K(9088K) From: 75K(1088K)->72K(1088K)
[2025-04-16T15:03:01.027+0000][1475.036s][info][gc,heap        ] GC(939) Tenured: 14749K(22484K)->14749K(22484K)
[2025-04-16T15:03:01.027+0000][1475.036s][info][gc,metaspace   ] GC(939) Metaspace: 37389K(37696K)->37389K(37696K) NonClass: 32963K(33088K)->32963K(33088K) Class: 4426K(4608K)->4426K(4608K)
[2025-04-16T15:03:01.027+0000][1475.036s][info][gc             ] GC(939) Pause Young (Allocation Failure) 23M->14M(31M) 1.257ms
[2025-04-16T15:03:01.027+0000][1475.036s][info][gc,cpu         ] GC(939) User=0.00s Sys=0.00s Real=0.00s
[2025-04-16T15:03:02.376+0000][1476.385s][info][gc,start       ] GC(940) Pause Young (Allocation Failure)
[2025-04-16T15:03:02.377+0000][1476.386s][info][gc,heap        ] GC(940) DefNew: 9160K(10176K)->87K(10176K) Eden: 9088K(9088K)->0K(9088K) From: 72K(1088K)->87K(1088K)
[2025-04-16T15:03:02.377+0000][1476.386s][info][gc,heap        ] GC(940) Tenured: 14749K(22484K)->14749K(22484K)
[2025-04-16T15:03:02.377+0000][1476.386s][info][gc,metaspace   ] GC(940) Metaspace: 37389K(37696K)->37389K(37696K) NonClass: 32963K(33088K)->32963K(33088K) Class: 4426K(4608K)->4426K(4608K)
[2025-04-16T15:03:02.377+0000][1476.386s][info][gc             ] GC(940) Pause Young (Allocation Failure) 23M->14M(31M) 1.306ms
[2025-04-16T15:03:02.377+0000][1476.386s][info][gc,cpu         ] GC(940) User=0.01s Sys=0.00s Real=0.00s
[2025-04-16T15:03:04.195+0000][1478.204s][info][gc,start       ] GC(941) Pause Young (Allocation Failure)
[2025-04-16T15:03:04.196+0000][1478.205s][info][gc,heap        ] GC(941) DefNew: 9169K(10176K)->79K(10176K) Eden: 9082K(9088K)->0K(9088K) From: 87K(1088K)->79K(1088K)
[2025-04-16T15:03:04.196+0000][1478.205s][info][gc,heap        ] GC(941) Tenured: 14749K(22484K)->14749K(22484K)
[2025-04-16T15:03:04.196+0000][1478.205s][info][gc,metaspace   ] GC(941) Metaspace: 37389K(37696K)->37389K(37696K) NonClass: 32963K(33088K)->32963K(33088K) Class: 4426K(4608K)->4426K(4608K)
[2025-04-16T15:03:04.196+0000][1478.205s][info][gc             ] GC(941) Pause Young (Allocation Failure) 23M->14M(31M) 1.284ms
[2025-04-16T15:03:04.196+0000][1478.205s][info][gc,cpu         ] GC(941) User=0.00s Sys=0.00s Real=0.00s
[2025-04-16T15:03:05.694+0000][1479.703s][info][gc,start       ] GC(942) Pause Young (Allocation Failure)
[2025-04-16T15:03:05.695+0000][1479.704s][info][gc,heap        ] GC(942) DefNew: 9164K(10176K)->75K(10176K) Eden: 9085K(9088K)->0K(9088K) From: 79K(1088K)->75K(1088K)
[2025-04-16T15:03:05.695+0000][1479.704s][info][gc,heap        ] GC(942) Tenured: 14749K(22484K)->14749K(22484K)
[2025-04-16T15:03:05.695+0000][1479.704s][info][gc,metaspace   ] GC(942) Metaspace: 37389K(37696K)->37389K(37696K) NonClass: 32963K(33088K)->32963K(33088K) Class: 4426K(4608K)->4426K(4608K)
[2025-04-16T15:03:05.695+0000][1479.704s][info][gc             ] GC(942) Pause Young (Allocation Failure) 23M->14M(31M) 1.293ms
[2025-04-16T15:03:05.695+0000][1479.704s][info][gc,cpu         ] GC(942) User=0.00s Sys=0.00s Real=0.01s
[2025-04-16T15:03:07.379+0000][1481.388s][info][gc,start       ] GC(943) Pause Young (Allocation Failure)
[2025-04-16T15:03:07.380+0000][1481.389s][info][gc,heap        ] GC(943) DefNew: 9163K(10176K)->78K(10176K) Eden: 9088K(9088K)->0K(9088K) From: 75K(1088K)->78K(1088K)
[2025-04-16T15:03:07.380+0000][1481.389s][info][gc,heap        ] GC(943) Tenured: 14749K(22484K)->14749K(22484K)
[2025-04-16T15:03:07.380+0000][1481.389s][info][gc,metaspace   ] GC(943) Metaspace: 37389K(37696K)->37389K(37696K) NonClass: 32963K(33088K)->32963K(33088K) Class: 4426K(4608K)->4426K(4608K)
[2025-04-16T15:03:07.380+0000][1481.389s][info][gc             ] GC(943) Pause Young (Allocation Failure) 23M->14M(31M) 1.249ms
[2025-04-16T15:03:07.380+0000][1481.389s][info][gc,cpu         ] GC(943) User=0.01s Sys=0.00s Real=0.00s
[2025-04-16T15:03:08.924+0000][1482.933s][info][gc,start       ] GC(944) Pause Young (Allocation Failure)
[2025-04-16T15:03:08.925+0000][1482.934s][info][gc,heap        ] GC(944) DefNew: 9166K(10176K)->88K(10176K) Eden: 9088K(9088K)->0K(9088K) From: 78K(1088K)->88K(1088K)
[2025-04-16T15:03:08.925+0000][1482.935s][info][gc,heap        ] GC(944) Tenured: 14749K(22484K)->14749K(22484K)
[2025-04-16T15:03:08.926+0000][1482.935s][info][gc,metaspace   ] GC(944) Metaspace: 37389K(37696K)->37389K(37696K) NonClass: 32963K(33088K)->32963K(33088K) Class: 4426K(4608K)->4426K(4608K)
[2025-04-16T15:03:08.926+0000][1482.935s][info][gc             ] GC(944) Pause Young (Allocation Failure) 23M->14M(31M) 1.246ms
[2025-04-16T15:03:08.926+0000][1482.935s][info][gc,cpu         ] GC(944) User=0.00s Sys=0.00s Real=0.00s
[2025-04-16T15:03:10.369+0000][1484.378s][info][gc,start       ] GC(945) Pause Young (Allocation Failure)
[2025-04-16T15:03:10.370+0000][1484.379s][info][gc,heap        ] GC(945) DefNew: 9174K(10176K)->79K(10176K) Eden: 9086K(9088K)->0K(9088K) From: 88K(1088K)->79K(1088K)
[2025-04-16T15:03:10.370+0000][1484.379s][info][gc,heap        ] GC(945) Tenured: 14749K(22484K)->14749K(22484K)
[2025-04-16T15:03:10.370+0000][1484.379s][info][gc,metaspace   ] GC(945) Metaspace: 37389K(37696K)->37389K(37696K) NonClass: 32963K(33088K)->32963K(33088K) Class: 4426K(4608K)->4426K(4608K)
[2025-04-16T15:03:10.370+0000][1484.379s][info][gc             ] GC(945) Pause Young (Allocation Failure) 23M->14M(31M) 1.272ms
[2025-04-16T15:03:10.370+0000][1484.379s][info][gc,cpu         ] GC(945) User=0.00s Sys=0.00s Real=0.00s
[2025-04-16T15:03:12.056+0000][1486.065s][info][gc,start       ] GC(946) Pause Young (Allocation Failure)
[2025-04-16T15:03:12.058+0000][1486.067s][info][gc,heap        ] GC(946) DefNew: 9166K(10176K)->91K(10176K) Eden: 9086K(9088K)->0K(9088K) From: 79K(1088K)->91K(1088K)
[2025-04-16T15:03:12.058+0000][1486.067s][info][gc,heap        ] GC(946) Tenured: 14749K(22484K)->14749K(22484K)
[2025-04-16T15:03:12.058+0000][1486.067s][info][gc,metaspace   ] GC(946) Metaspace: 37389K(37696K)->37389K(37696K) NonClass: 32963K(33088K)->32963K(33088K) Class: 4426K(4608K)->4426K(4608K)
[2025-04-16T15:03:12.058+0000][1486.067s][info][gc             ] GC(946) Pause Young (Allocation Failure) 23M->14M(31M) 1.327ms
[2025-04-16T15:03:12.058+0000][1486.067s][info][gc,cpu         ] GC(946) User=0.00s Sys=0.00s Real=0.00s
[2025-04-16T15:03:13.743+0000][1487.752s][info][gc,start       ] GC(947) Pause Young (Allocation Failure)
[2025-04-16T15:03:13.744+0000][1487.753s][info][gc,heap        ] GC(947) DefNew: 9179K(10176K)->72K(10176K) Eden: 9088K(9088K)->0K(9088K) From: 91K(1088K)->72K(1088K)
[2025-04-16T15:03:13.744+0000][1487.753s][info][gc,heap        ] GC(947) Tenured: 14749K(22484K)->14749K(22484K)
[2025-04-16T15:03:13.744+0000][1487.753s][info][gc,metaspace   ] GC(947) Metaspace: 37389K(37696K)->37389K(37696K) NonClass: 32963K(33088K)->32963K(33088K) Class: 4426K(4608K)->4426K(4608K)
[2025-04-16T15:03:13.744+0000][1487.753s][info][gc             ] GC(947) Pause Young (Allocation Failure) 23M->14M(31M) 1.346ms
[2025-04-16T15:03:13.744+0000][1487.753s][info][gc,cpu         ] GC(947) User=0.01s Sys=0.00s Real=0.01s
[2025-04-16T15:03:15.423+0000][1489.432s][info][gc,start       ] GC(948) Pause Young (Allocation Failure)
[2025-04-16T15:03:15.424+0000][1489.433s][info][gc,heap        ] GC(948) DefNew: 9160K(10176K)->92K(10176K) Eden: 9087K(9088K)->0K(9088K) From: 72K(1088K)->92K(1088K)
[2025-04-16T15:03:15.424+0000][1489.433s][info][gc,heap        ] GC(948) Tenured: 14749K(22484K)->14749K(22484K)
[2025-04-16T15:03:15.424+0000][1489.433s][info][gc,metaspace   ] GC(948) Metaspace: 37389K(37696K)->37389K(37696K) NonClass: 32963K(33088K)->32963K(33088K) Class: 4426K(4608K)->4426K(4608K)
[2025-04-16T15:03:15.424+0000][1489.433s][info][gc             ] GC(948) Pause Young (Allocation Failure) 23M->14M(31M) 1.254ms
[2025-04-16T15:03:15.424+0000][1489.433s][info][gc,cpu         ] GC(948) User=0.00s Sys=0.00s Real=0.00s
[2025-04-16T15:03:17.108+0000][1491.117s][info][gc,start       ] GC(949) Pause Young (Allocation Failure)
[2025-04-16T15:03:17.109+0000][1491.118s][info][gc,heap        ] GC(949) DefNew: 9180K(10176K)->79K(10176K) Eden: 9088K(9088K)->0K(9088K) From: 92K(1088K)->79K(1088K)
[2025-04-16T15:03:17.109+0000][1491.118s][info][gc,heap        ] GC(949) Tenured: 14749K(22484K)->14749K(22484K)
[2025-04-16T15:03:17.109+0000][1491.118s][info][gc,metaspace   ] GC(949) Metaspace: 37389K(37696K)->37389K(37696K) NonClass: 32963K(33088K)->32963K(33088K) Class: 4426K(4608K)->4426K(4608K)
[2025-04-16T15:03:17.109+0000][1491.118s][info][gc             ] GC(949) Pause Young (Allocation Failure) 23M->14M(31M) 1.275ms
[2025-04-16T15:03:17.109+0000][1491.118s][info][gc,cpu         ] GC(949) User=0.00s Sys=0.00s Real=0.00s
[2025-04-16T15:03:18.802+0000][1492.811s][info][gc,start       ] GC(950) Pause Young (Allocation Failure)
[2025-04-16T15:03:18.803+0000][1492.812s][info][gc,heap        ] GC(950) DefNew: 9167K(10176K)->70K(10176K) Eden: 9088K(9088K)->0K(9088K) From: 79K(1088K)->70K(1088K)
[2025-04-16T15:03:18.803+0000][1492.812s][info][gc,heap        ] GC(950) Tenured: 14749K(22484K)->14749K(22484K)
[2025-04-16T15:03:18.803+0000][1492.812s][info][gc,metaspace   ] GC(950) Metaspace: 37389K(37696K)->37389K(37696K) NonClass: 32963K(33088K)->32963K(33088K) Class: 4426K(4608K)->4426K(4608K)
[2025-04-16T15:03:18.803+0000][1492.812s][info][gc             ] GC(950) Pause Young (Allocation Failure) 23M->14M(31M) 1.176ms
[2025-04-16T15:03:18.803+0000][1492.812s][info][gc,cpu         ] GC(950) User=0.00s Sys=0.00s Real=0.00s
[2025-04-16T15:03:20.195+0000][1494.204s][info][gc,start       ] GC(951) Pause Young (Allocation Failure)
[2025-04-16T15:03:20.196+0000][1494.205s][info][gc,heap        ] GC(951) DefNew: 9145K(10176K)->77K(10176K) Eden: 9074K(9088K)->0K(9088K) From: 70K(1088K)->77K(1088K)
[2025-04-16T15:03:20.196+0000][1494.205s][info][gc,heap        ] GC(951) Tenured: 14749K(22484K)->14749K(22484K)
[2025-04-16T15:03:20.196+0000][1494.205s][info][gc,metaspace   ] GC(951) Metaspace: 37389K(37696K)->37389K(37696K) NonClass: 32963K(33088K)->32963K(33088K) Class: 4426K(4608K)->4426K(4608K)
[2025-04-16T15:03:20.196+0000][1494.205s][info][gc             ] GC(951) Pause Young (Allocation Failure) 23M->14M(31M) 1.348ms
[2025-04-16T15:03:20.196+0000][1494.205s][info][gc,cpu         ] GC(951) User=0.00s Sys=0.00s Real=0.00s
[2025-04-16T15:03:21.840+0000][1495.849s][info][gc,start       ] GC(952) Pause Young (Allocation Failure)
[2025-04-16T15:03:21.841+0000][1495.850s][info][gc,heap        ] GC(952) DefNew: 9165K(10176K)->75K(10176K) Eden: 9088K(9088K)->0K(9088K) From: 77K(1088K)->75K(1088K)
[2025-04-16T15:03:21.841+0000][1495.850s][info][gc,heap        ] GC(952) Tenured: 14749K(22484K)->14749K(22484K)
[2025-04-16T15:03:21.841+0000][1495.850s][info][gc,metaspace   ] GC(952) Metaspace: 37389K(37696K)->37389K(37696K) NonClass: 32963K(33088K)->32963K(33088K) Class: 4426K(4608K)->4426K(4608K)
[2025-04-16T15:03:21.841+0000][1495.850s][info][gc             ] GC(952) Pause Young (Allocation Failure) 23M->14M(31M) 1.190ms
[2025-04-16T15:03:21.841+0000][1495.850s][info][gc,cpu         ] GC(952) User=0.00s Sys=0.00s Real=0.00s
[2025-04-16T15:03:23.370+0000][1497.379s][info][gc,start       ] GC(953) Pause Young (Allocation Failure)
[2025-04-16T15:03:23.372+0000][1497.381s][info][gc,heap        ] GC(953) DefNew: 9163K(10176K)->100K(10176K) Eden: 9088K(9088K)->0K(9088K) From: 75K(1088K)->100K(1088K)
[2025-04-16T15:03:23.372+0000][1497.381s][info][gc,heap        ] GC(953) Tenured: 14749K(22484K)->14749K(22484K)
[2025-04-16T15:03:23.372+0000][1497.381s][info][gc,metaspace   ] GC(953) Metaspace: 37389K(37696K)->37389K(37696K) NonClass: 32963K(33088K)->32963K(33088K) Class: 4426K(4608K)->4426K(4608K)
[2025-04-16T15:03:23.372+0000][1497.381s][info][gc             ] GC(953) Pause Young (Allocation Failure) 23M->14M(31M) 1.247ms
[2025-04-16T15:03:23.372+0000][1497.381s][info][gc,cpu         ] GC(953) User=0.01s Sys=0.00s Real=0.00s
[2025-04-16T15:03:25.108+0000][1499.117s][info][gc,start       ] GC(954) Pause Young (Allocation Failure)
[2025-04-16T15:03:25.110+0000][1499.119s][info][gc,heap        ] GC(954) DefNew: 9184K(10176K)->83K(10176K) Eden: 9084K(9088K)->0K(9088K) From: 100K(1088K)->83K(1088K)
[2025-04-16T15:03:25.110+0000][1499.119s][info][gc,heap        ] GC(954) Tenured: 14749K(22484K)->14749K(22484K)
[2025-04-16T15:03:25.110+0000][1499.119s][info][gc,metaspace   ] GC(954) Metaspace: 37389K(37696K)->37389K(37696K) NonClass: 32963K(33088K)->32963K(33088K) Class: 4426K(4608K)->4426K(4608K)
[2025-04-16T15:03:25.110+0000][1499.119s][info][gc             ] GC(954) Pause Young (Allocation Failure) 23M->14M(31M) 1.279ms
[2025-04-16T15:03:25.110+0000][1499.119s][info][gc,cpu         ] GC(954) User=0.01s Sys=0.00s Real=0.00s
[2025-04-16T15:03:26.466+0000][1500.475s][info][gc,start       ] GC(955) Pause Young (Allocation Failure)
[2025-04-16T15:03:26.467+0000][1500.476s][info][gc,heap        ] GC(955) DefNew: 9171K(10176K)->73K(10176K) Eden: 9088K(9088K)->0K(9088K) From: 83K(1088K)->73K(1088K)
[2025-04-16T15:03:26.467+0000][1500.476s][info][gc,heap        ] GC(955) Tenured: 14749K(22484K)->14749K(22484K)
[2025-04-16T15:03:26.467+0000][1500.476s][info][gc,metaspace   ] GC(955) Metaspace: 37389K(37696K)->37389K(37696K) NonClass: 32963K(33088K)->32963K(33088K) Class: 4426K(4608K)->4426K(4608K)
[2025-04-16T15:03:26.467+0000][1500.476s][info][gc             ] GC(955) Pause Young (Allocation Failure) 23M->14M(31M) 1.163ms
[2025-04-16T15:03:26.467+0000][1500.476s][info][gc,cpu         ] GC(955) User=0.00s Sys=0.00s Real=0.00s
[2025-04-16T15:03:28.281+0000][1502.290s][info][gc,start       ] GC(956) Pause Young (Allocation Failure)
[2025-04-16T15:03:28.282+0000][1502.291s][info][gc,heap        ] GC(956) DefNew: 9161K(10176K)->78K(10176K) Eden: 9088K(9088K)->0K(9088K) From: 73K(1088K)->78K(1088K)
[2025-04-16T15:03:28.282+0000][1502.291s][info][gc,heap        ] GC(956) Tenured: 14749K(22484K)->14749K(22484K)
[2025-04-16T15:03:28.282+0000][1502.291s][info][gc,metaspace   ] GC(956) Metaspace: 37389K(37696K)->37389K(37696K) NonClass: 32963K(33088K)->32963K(33088K) Class: 4426K(4608K)->4426K(4608K)
[2025-04-16T15:03:28.282+0000][1502.291s][info][gc             ] GC(956) Pause Young (Allocation Failure) 23M->14M(31M) 1.342ms
[2025-04-16T15:03:28.282+0000][1502.291s][info][gc,cpu         ] GC(956) User=0.00s Sys=0.00s Real=0.00s
[2025-04-16T15:03:29.944+0000][1503.953s][info][gc,start       ] GC(957) Pause Young (Allocation Failure)
[2025-04-16T15:03:29.945+0000][1503.954s][info][gc,heap        ] GC(957) DefNew: 9166K(10176K)->73K(10176K) Eden: 9088K(9088K)->0K(9088K) From: 78K(1088K)->73K(1088K)
[2025-04-16T15:03:29.945+0000][1503.954s][info][gc,heap        ] GC(957) Tenured: 14749K(22484K)->14749K(22484K)
[2025-04-16T15:03:29.945+0000][1503.954s][info][gc,metaspace   ] GC(957) Metaspace: 37389K(37696K)->37389K(37696K) NonClass: 32963K(33088K)->32963K(33088K) Class: 4426K(4608K)->4426K(4608K)
[2025-04-16T15:03:29.945+0000][1503.954s][info][gc             ] GC(957) Pause Young (Allocation Failure) 23M->14M(31M) 1.331ms
[2025-04-16T15:03:29.945+0000][1503.954s][info][gc,cpu         ] GC(957) User=0.00s Sys=0.00s Real=0.01s
[2025-04-16T15:03:31.608+0000][1505.617s][info][gc,start       ] GC(958) Pause Young (Allocation Failure)
[2025-04-16T15:03:31.609+0000][1505.618s][info][gc,heap        ] GC(958) DefNew: 9161K(10176K)->102K(10176K) Eden: 9088K(9088K)->0K(9088K) From: 73K(1088K)->102K(1088K)
[2025-04-16T15:03:31.609+0000][1505.618s][info][gc,heap        ] GC(958) Tenured: 14749K(22484K)->14749K(22484K)
[2025-04-16T15:03:31.609+0000][1505.618s][info][gc,metaspace   ] GC(958) Metaspace: 37389K(37696K)->37389K(37696K) NonClass: 32963K(33088K)->32963K(33088K) Class: 4426K(4608K)->4426K(4608K)
[2025-04-16T15:03:31.609+0000][1505.618s][info][gc             ] GC(958) Pause Young (Allocation Failure) 23M->14M(31M) 1.405ms
[2025-04-16T15:03:31.609+0000][1505.618s][info][gc,cpu         ] GC(958) User=0.00s Sys=0.00s Real=0.00s
[2025-04-16T15:03:33.105+0000][1507.114s][info][gc,start       ] GC(959) Pause Young (Allocation Failure)
[2025-04-16T15:03:33.106+0000][1507.115s][info][gc,heap        ] GC(959) DefNew: 9190K(10176K)->94K(10176K) Eden: 9088K(9088K)->0K(9088K) From: 102K(1088K)->94K(1088K)
[2025-04-16T15:03:33.106+0000][1507.115s][info][gc,heap        ] GC(959) Tenured: 14749K(22484K)->14749K(22484K)
[2025-04-16T15:03:33.106+0000][1507.115s][info][gc,metaspace   ] GC(959) Metaspace: 37389K(37696K)->37389K(37696K) NonClass: 32963K(33088K)->32963K(33088K) Class: 4426K(4608K)->4426K(4608K)
[2025-04-16T15:03:33.106+0000][1507.115s][info][gc             ] GC(959) Pause Young (Allocation Failure) 23M->14M(31M) 1.223ms
[2025-04-16T15:03:33.106+0000][1507.115s][info][gc,cpu         ] GC(959) User=0.00s Sys=0.00s Real=0.00s
[2025-04-16T15:03:34.720+0000][1508.729s][info][gc,start       ] GC(960) Pause Young (Allocation Failure)
[2025-04-16T15:03:34.721+0000][1508.730s][info][gc,heap        ] GC(960) DefNew: 9174K(10176K)->86K(10176K) Eden: 9080K(9088K)->0K(9088K) From: 94K(1088K)->86K(1088K)
[2025-04-16T15:03:34.721+0000][1508.730s][info][gc,heap        ] GC(960) Tenured: 14749K(22484K)->14749K(22484K)
[2025-04-16T15:03:34.721+0000][1508.730s][info][gc,metaspace   ] GC(960) Metaspace: 37389K(37696K)->37389K(37696K) NonClass: 32963K(33088K)->32963K(33088K) Class: 4426K(4608K)->4426K(4608K)
[2025-04-16T15:03:34.721+0000][1508.730s][info][gc             ] GC(960) Pause Young (Allocation Failure) 23M->14M(31M) 1.193ms
[2025-04-16T15:03:34.721+0000][1508.730s][info][gc,cpu         ] GC(960) User=0.00s Sys=0.00s Real=0.00s
[2025-04-16T15:03:36.146+0000][1510.155s][info][gc,start       ] GC(961) Pause Young (Allocation Failure)
[2025-04-16T15:03:36.147+0000][1510.156s][info][gc,heap        ] GC(961) DefNew: 9174K(10176K)->77K(10176K) Eden: 9088K(9088K)->0K(9088K) From: 86K(1088K)->77K(1088K)
[2025-04-16T15:03:36.147+0000][1510.156s][info][gc,heap        ] GC(961) Tenured: 14749K(22484K)->14749K(22484K)
[2025-04-16T15:03:36.147+0000][1510.156s][info][gc,metaspace   ] GC(961) Metaspace: 37389K(37696K)->37389K(37696K) NonClass: 32963K(33088K)->32963K(33088K) Class: 4426K(4608K)->4426K(4608K)
[2025-04-16T15:03:36.147+0000][1510.156s][info][gc             ] GC(961) Pause Young (Allocation Failure) 23M->14M(31M) 1.352ms
[2025-04-16T15:03:36.147+0000][1510.156s][info][gc,cpu         ] GC(961) User=0.00s Sys=0.00s Real=0.00s
[2025-04-16T15:03:37.937+0000][1511.946s][info][gc,start       ] GC(962) Pause Young (Allocation Failure)
[2025-04-16T15:03:37.938+0000][1511.947s][info][gc,heap        ] GC(962) DefNew: 9165K(10176K)->78K(10176K) Eden: 9088K(9088K)->0K(9088K) From: 77K(1088K)->78K(1088K)
[2025-04-16T15:03:37.938+0000][1511.947s][info][gc,heap        ] GC(962) Tenured: 14749K(22484K)->14749K(22484K)
[2025-04-16T15:03:37.938+0000][1511.947s][info][gc,metaspace   ] GC(962) Metaspace: 37389K(37696K)->37389K(37696K) NonClass: 32963K(33088K)->32963K(33088K) Class: 4426K(4608K)->4426K(4608K)
[2025-04-16T15:03:37.938+0000][1511.947s][info][gc             ] GC(962) Pause Young (Allocation Failure) 23M->14M(31M) 1.248ms
[2025-04-16T15:03:37.938+0000][1511.947s][info][gc,cpu         ] GC(962) User=0.00s Sys=0.00s Real=0.00s
[2025-04-16T15:03:39.421+0000][1513.430s][info][gc,start       ] GC(963) Pause Young (Allocation Failure)
[2025-04-16T15:03:39.424+0000][1513.433s][info][gc,heap        ] GC(963) DefNew: 9166K(10176K)->77K(10176K) Eden: 9088K(9088K)->0K(9088K) From: 78K(1088K)->77K(1088K)
[2025-04-16T15:03:39.424+0000][1513.433s][info][gc,heap        ] GC(963) Tenured: 14749K(22484K)->14749K(22484K)
[2025-04-16T15:03:39.424+0000][1513.433s][info][gc,metaspace   ] GC(963) Metaspace: 37389K(37696K)->37389K(37696K) NonClass: 32963K(33088K)->32963K(33088K) Class: 4426K(4608K)->4426K(4608K)
[2025-04-16T15:03:39.424+0000][1513.433s][info][gc             ] GC(963) Pause Young (Allocation Failure) 23M->14M(31M) 2.429ms
[2025-04-16T15:03:39.424+0000][1513.433s][info][gc,cpu         ] GC(963) User=0.00s Sys=0.00s Real=0.00s
[2025-04-16T15:03:40.966+0000][1514.975s][info][gc,start       ] GC(964) Pause Young (Allocation Failure)
[2025-04-16T15:03:40.967+0000][1514.976s][info][gc,heap        ] GC(964) DefNew: 9165K(10176K)->94K(10176K) Eden: 9088K(9088K)->0K(9088K) From: 77K(1088K)->94K(1088K)
[2025-04-16T15:03:40.967+0000][1514.976s][info][gc,heap        ] GC(964) Tenured: 14749K(22484K)->14749K(22484K)
[2025-04-16T15:03:40.967+0000][1514.976s][info][gc,metaspace   ] GC(964) Metaspace: 37389K(37696K)->37389K(37696K) NonClass: 32963K(33088K)->32963K(33088K) Class: 4426K(4608K)->4426K(4608K)
[2025-04-16T15:03:40.967+0000][1514.976s][info][gc             ] GC(964) Pause Young (Allocation Failure) 23M->14M(31M) 1.352ms
[2025-04-16T15:03:40.967+0000][1514.976s][info][gc,cpu         ] GC(964) User=0.00s Sys=0.00s Real=0.00s
[2025-04-16T15:03:42.926+0000][1516.935s][info][gc,start       ] GC(965) Pause Young (Allocation Failure)
[2025-04-16T15:03:42.927+0000][1516.936s][info][gc,heap        ] GC(965) DefNew: 9181K(10176K)->86K(10176K) Eden: 9087K(9088K)->0K(9088K) From: 94K(1088K)->86K(1088K)
[2025-04-16T15:03:42.927+0000][1516.936s][info][gc,heap        ] GC(965) Tenured: 14749K(22484K)->14749K(22484K)
[2025-04-16T15:03:42.927+0000][1516.936s][info][gc,metaspace   ] GC(965) Metaspace: 37389K(37696K)->37389K(37696K) NonClass: 32963K(33088K)->32963K(33088K) Class: 4426K(4608K)->4426K(4608K)
[2025-04-16T15:03:42.927+0000][1516.936s][info][gc             ] GC(965) Pause Young (Allocation Failure) 23M->14M(31M) 1.195ms
[2025-04-16T15:03:42.927+0000][1516.936s][info][gc,cpu         ] GC(965) User=0.00s Sys=0.00s Real=0.00s
[2025-04-16T15:03:44.418+0000][1518.427s][info][gc,start       ] GC(966) Pause Young (Allocation Failure)
[2025-04-16T15:03:44.419+0000][1518.428s][info][gc,heap        ] GC(966) DefNew: 9174K(10176K)->81K(10176K) Eden: 9088K(9088K)->0K(9088K) From: 86K(1088K)->81K(1088K)
[2025-04-16T15:03:44.419+0000][1518.428s][info][gc,heap        ] GC(966) Tenured: 14749K(22484K)->14752K(22484K)
[2025-04-16T15:03:44.419+0000][1518.428s][info][gc,metaspace   ] GC(966) Metaspace: 37389K(37696K)->37389K(37696K) NonClass: 32963K(33088K)->32963K(33088K) Class: 4426K(4608K)->4426K(4608K)
[2025-04-16T15:03:44.419+0000][1518.428s][info][gc             ] GC(966) Pause Young (Allocation Failure) 23M->14M(31M) 1.317ms
[2025-04-16T15:03:44.419+0000][1518.428s][info][gc,cpu         ] GC(966) User=0.01s Sys=0.00s Real=0.00s
[2025-04-16T15:03:46.152+0000][1520.161s][info][gc,start       ] GC(967) Pause Young (Allocation Failure)
[2025-04-16T15:03:46.153+0000][1520.162s][info][gc,heap        ] GC(967) DefNew: 9169K(10176K)->77K(10176K) Eden: 9087K(9088K)->0K(9088K) From: 81K(1088K)->77K(1088K)
[2025-04-16T15:03:46.153+0000][1520.162s][info][gc,heap        ] GC(967) Tenured: 14752K(22484K)->14753K(22484K)
[2025-04-16T15:03:46.153+0000][1520.162s][info][gc,metaspace   ] GC(967) Metaspace: 37389K(37696K)->37389K(37696K) NonClass: 32963K(33088K)->32963K(33088K) Class: 4426K(4608K)->4426K(4608K)
[2025-04-16T15:03:46.153+0000][1520.162s][info][gc             ] GC(967) Pause Young (Allocation Failure) 23M->14M(31M) 1.350ms
[2025-04-16T15:03:46.153+0000][1520.162s][info][gc,cpu         ] GC(967) User=0.00s Sys=0.00s Real=0.00s
[2025-04-16T15:03:48.048+0000][1522.057s][info][gc,start       ] GC(968) Pause Young (Allocation Failure)
[2025-04-16T15:03:48.049+0000][1522.059s][info][gc,heap        ] GC(968) DefNew: 9165K(10176K)->80K(10176K) Eden: 9088K(9088K)->0K(9088K) From: 77K(1088K)->80K(1088K)
[2025-04-16T15:03:48.050+0000][1522.059s][info][gc,heap        ] GC(968) Tenured: 14753K(22484K)->14753K(22484K)
[2025-04-16T15:03:48.050+0000][1522.059s][info][gc,metaspace   ] GC(968) Metaspace: 37389K(37696K)->37389K(37696K) NonClass: 32963K(33088K)->32963K(33088K) Class: 4426K(4608K)->4426K(4608K)
[2025-04-16T15:03:48.050+0000][1522.059s][info][gc             ] GC(968) Pause Young (Allocation Failure) 23M->14M(31M) 1.347ms
[2025-04-16T15:03:48.050+0000][1522.059s][info][gc,cpu         ] GC(968) User=0.00s Sys=0.00s Real=0.00s
[2025-04-16T15:03:49.396+0000][1523.405s][info][gc,start       ] GC(969) Pause Young (Allocation Failure)
[2025-04-16T15:03:49.397+0000][1523.406s][info][gc,heap        ] GC(969) DefNew: 9168K(10176K)->90K(10176K) Eden: 9088K(9088K)->0K(9088K) From: 80K(1088K)->90K(1088K)
[2025-04-16T15:03:49.397+0000][1523.406s][info][gc,heap        ] GC(969) Tenured: 14753K(22484K)->14753K(22484K)
[2025-04-16T15:03:49.397+0000][1523.406s][info][gc,metaspace   ] GC(969) Metaspace: 37389K(37696K)->37389K(37696K) NonClass: 32963K(33088K)->32963K(33088K) Class: 4426K(4608K)->4426K(4608K)
[2025-04-16T15:03:49.397+0000][1523.406s][info][gc             ] GC(969) Pause Young (Allocation Failure) 23M->14M(31M) 1.360ms
[2025-04-16T15:03:49.397+0000][1523.406s][info][gc,cpu         ] GC(969) User=0.01s Sys=0.00s Real=0.00s
[2025-04-16T15:03:51.223+0000][1525.232s][info][gc,start       ] GC(970) Pause Young (Allocation Failure)
[2025-04-16T15:03:51.225+0000][1525.234s][info][gc,heap        ] GC(970) DefNew: 9178K(10176K)->80K(10176K) Eden: 9088K(9088K)->0K(9088K) From: 90K(1088K)->80K(1088K)
[2025-04-16T15:03:51.225+0000][1525.234s][info][gc,heap        ] GC(970) Tenured: 14753K(22484K)->14753K(22484K)
[2025-04-16T15:03:51.225+0000][1525.234s][info][gc,metaspace   ] GC(970) Metaspace: 37389K(37696K)->37389K(37696K) NonClass: 32963K(33088K)->32963K(33088K) Class: 4426K(4608K)->4426K(4608K)
[2025-04-16T15:03:51.225+0000][1525.234s][info][gc             ] GC(970) Pause Young (Allocation Failure) 23M->14M(31M) 1.355ms
[2025-04-16T15:03:51.225+0000][1525.234s][info][gc,cpu         ] GC(970) User=0.00s Sys=0.00s Real=0.01s
[2025-04-16T15:03:52.728+0000][1526.737s][info][gc,start       ] GC(971) Pause Young (Allocation Failure)
[2025-04-16T15:03:52.729+0000][1526.738s][info][gc,heap        ] GC(971) DefNew: 9164K(10176K)->93K(10176K) Eden: 9084K(9088K)->0K(9088K) From: 80K(1088K)->93K(1088K)
[2025-04-16T15:03:52.729+0000][1526.738s][info][gc,heap        ] GC(971) Tenured: 14753K(22484K)->14753K(22484K)
[2025-04-16T15:03:52.729+0000][1526.738s][info][gc,metaspace   ] GC(971) Metaspace: 37389K(37696K)->37389K(37696K) NonClass: 32963K(33088K)->32963K(33088K) Class: 4426K(4608K)->4426K(4608K)
[2025-04-16T15:03:52.729+0000][1526.738s][info][gc             ] GC(971) Pause Young (Allocation Failure) 23M->14M(31M) 1.265ms
[2025-04-16T15:03:52.729+0000][1526.738s][info][gc,cpu         ] GC(971) User=0.01s Sys=0.00s Real=0.00s
[2025-04-16T15:03:54.394+0000][1528.403s][info][gc,start       ] GC(972) Pause Young (Allocation Failure)
[2025-04-16T15:03:54.395+0000][1528.404s][info][gc,heap        ] GC(972) DefNew: 9181K(10176K)->76K(10176K) Eden: 9088K(9088K)->0K(9088K) From: 93K(1088K)->76K(1088K)
[2025-04-16T15:03:54.395+0000][1528.404s][info][gc,heap        ] GC(972) Tenured: 14753K(22484K)->14753K(22484K)
[2025-04-16T15:03:54.395+0000][1528.404s][info][gc,metaspace   ] GC(972) Metaspace: 37389K(37696K)->37389K(37696K) NonClass: 32963K(33088K)->32963K(33088K) Class: 4426K(4608K)->4426K(4608K)
[2025-04-16T15:03:54.395+0000][1528.404s][info][gc             ] GC(972) Pause Young (Allocation Failure) 23M->14M(31M) 1.235ms
[2025-04-16T15:03:54.395+0000][1528.404s][info][gc,cpu         ] GC(972) User=0.00s Sys=0.00s Real=0.00s
[2025-04-16T15:03:56.020+0000][1530.029s][info][gc,start       ] GC(973) Pause Young (Allocation Failure)
[2025-04-16T15:03:56.021+0000][1530.030s][info][gc,heap        ] GC(973) DefNew: 9164K(10176K)->74K(10176K) Eden: 9088K(9088K)->0K(9088K) From: 76K(1088K)->74K(1088K)
[2025-04-16T15:03:56.021+0000][1530.030s][info][gc,heap        ] GC(973) Tenured: 14753K(22484K)->14753K(22484K)
[2025-04-16T15:03:56.021+0000][1530.030s][info][gc,metaspace   ] GC(973) Metaspace: 37389K(37696K)->37389K(37696K) NonClass: 32963K(33088K)->32963K(33088K) Class: 4426K(4608K)->4426K(4608K)
[2025-04-16T15:03:56.021+0000][1530.030s][info][gc             ] GC(973) Pause Young (Allocation Failure) 23M->14M(31M) 1.363ms
[2025-04-16T15:03:56.021+0000][1530.030s][info][gc,cpu         ] GC(973) User=0.00s Sys=0.00s Real=0.00s
[2025-04-16T15:03:57.527+0000][1531.536s][info][gc,start       ] GC(974) Pause Young (Allocation Failure)
[2025-04-16T15:03:57.528+0000][1531.537s][info][gc,heap        ] GC(974) DefNew: 9162K(10176K)->94K(10176K) Eden: 9088K(9088K)->0K(9088K) From: 74K(1088K)->94K(1088K)
[2025-04-16T15:03:57.528+0000][1531.537s][info][gc,heap        ] GC(974) Tenured: 14753K(22484K)->14754K(22484K)
[2025-04-16T15:03:57.528+0000][1531.537s][info][gc,metaspace   ] GC(974) Metaspace: 37389K(37696K)->37389K(37696K) NonClass: 32963K(33088K)->32963K(33088K) Class: 4426K(4608K)->4426K(4608K)
[2025-04-16T15:03:57.528+0000][1531.537s][info][gc             ] GC(974) Pause Young (Allocation Failure) 23M->14M(31M) 1.231ms
[2025-04-16T15:03:57.528+0000][1531.537s][info][gc,cpu         ] GC(974) User=0.00s Sys=0.00s Real=0.00s
[2025-04-16T15:03:59.151+0000][1533.160s][info][gc,start       ] GC(975) Pause Young (Allocation Failure)
[2025-04-16T15:03:59.152+0000][1533.161s][info][gc,heap        ] GC(975) DefNew: 9182K(10176K)->86K(10176K) Eden: 9088K(9088K)->0K(9088K) From: 94K(1088K)->86K(1088K)
[2025-04-16T15:03:59.152+0000][1533.161s][info][gc,heap        ] GC(975) Tenured: 14754K(22484K)->14755K(22484K)
[2025-04-16T15:03:59.152+0000][1533.161s][info][gc,metaspace   ] GC(975) Metaspace: 37389K(37696K)->37389K(37696K) NonClass: 32963K(33088K)->32963K(33088K) Class: 4426K(4608K)->4426K(4608K)
[2025-04-16T15:03:59.152+0000][1533.161s][info][gc             ] GC(975) Pause Young (Allocation Failure) 23M->14M(31M) 1.273ms
[2025-04-16T15:03:59.152+0000][1533.161s][info][gc,cpu         ] GC(975) User=0.00s Sys=0.00s Real=0.00s
[2025-04-16T15:04:00.836+0000][1534.845s][info][gc,start       ] GC(976) Pause Young (Allocation Failure)
[2025-04-16T15:04:00.837+0000][1534.846s][info][gc,heap        ] GC(976) DefNew: 9174K(10176K)->76K(10176K) Eden: 9088K(9088K)->0K(9088K) From: 86K(1088K)->76K(1088K)
[2025-04-16T15:04:00.837+0000][1534.846s][info][gc,heap        ] GC(976) Tenured: 14755K(22484K)->14755K(22484K)
[2025-04-16T15:04:00.837+0000][1534.846s][info][gc,metaspace   ] GC(976) Metaspace: 37389K(37696K)->37389K(37696K) NonClass: 32963K(33088K)->32963K(33088K) Class: 4426K(4608K)->4426K(4608K)
[2025-04-16T15:04:00.837+0000][1534.846s][info][gc             ] GC(976) Pause Young (Allocation Failure) 23M->14M(31M) 1.243ms
[2025-04-16T15:04:00.837+0000][1534.846s][info][gc,cpu         ] GC(976) User=0.01s Sys=0.00s Real=0.00s
[2025-04-16T15:04:02.318+0000][1536.328s][info][gc,start       ] GC(977) Pause Young (Allocation Failure)
[2025-04-16T15:04:02.320+0000][1536.329s][info][gc,heap        ] GC(977) DefNew: 9164K(10176K)->77K(10176K) Eden: 9088K(9088K)->0K(9088K) From: 76K(1088K)->77K(1088K)
[2025-04-16T15:04:02.320+0000][1536.329s][info][gc,heap        ] GC(977) Tenured: 14755K(22484K)->14755K(22484K)
[2025-04-16T15:04:02.320+0000][1536.329s][info][gc,metaspace   ] GC(977) Metaspace: 37389K(37696K)->37389K(37696K) NonClass: 32963K(33088K)->32963K(33088K) Class: 4426K(4608K)->4426K(4608K)
[2025-04-16T15:04:02.320+0000][1536.329s][info][gc             ] GC(977) Pause Young (Allocation Failure) 23M->14M(31M) 1.356ms
[2025-04-16T15:04:02.320+0000][1536.329s][info][gc,cpu         ] GC(977) User=0.00s Sys=0.00s Real=0.00s
[2025-04-16T15:04:04.049+0000][1538.058s][info][gc,start       ] GC(978) Pause Young (Allocation Failure)
[2025-04-16T15:04:04.050+0000][1538.059s][info][gc,heap        ] GC(978) DefNew: 9165K(10176K)->92K(10176K) Eden: 9088K(9088K)->0K(9088K) From: 77K(1088K)->92K(1088K)
[2025-04-16T15:04:04.050+0000][1538.059s][info][gc,heap        ] GC(978) Tenured: 14755K(22484K)->14755K(22484K)
[2025-04-16T15:04:04.050+0000][1538.059s][info][gc,metaspace   ] GC(978) Metaspace: 37389K(37696K)->37389K(37696K) NonClass: 32963K(33088K)->32963K(33088K) Class: 4426K(4608K)->4426K(4608K)
[2025-04-16T15:04:04.050+0000][1538.059s][info][gc             ] GC(978) Pause Young (Allocation Failure) 23M->14M(31M) 1.197ms
[2025-04-16T15:04:04.050+0000][1538.059s][info][gc,cpu         ] GC(978) User=0.00s Sys=0.00s Real=0.00s
[2025-04-16T15:04:05.418+0000][1539.427s][info][gc,start       ] GC(979) Pause Young (Allocation Failure)
[2025-04-16T15:04:05.419+0000][1539.428s][info][gc,heap        ] GC(979) DefNew: 9180K(10176K)->94K(10176K) Eden: 9087K(9088K)->0K(9088K) From: 92K(1088K)->94K(1088K)
[2025-04-16T15:04:05.419+0000][1539.428s][info][gc,heap        ] GC(979) Tenured: 14755K(22484K)->14755K(22484K)
[2025-04-16T15:04:05.419+0000][1539.428s][info][gc,metaspace   ] GC(979) Metaspace: 37389K(37696K)->37389K(37696K) NonClass: 32963K(33088K)->32963K(33088K) Class: 4426K(4608K)->4426K(4608K)
[2025-04-16T15:04:05.419+0000][1539.428s][info][gc             ] GC(979) Pause Young (Allocation Failure) 23M->14M(31M) 1.259ms
[2025-04-16T15:04:05.419+0000][1539.428s][info][gc,cpu         ] GC(979) User=0.00s Sys=0.00s Real=0.00s
[2025-04-16T15:04:06.932+0000][1540.941s][info][gc,start       ] GC(980) Pause Young (Allocation Failure)
[2025-04-16T15:04:06.933+0000][1540.942s][info][gc,heap        ] GC(980) DefNew: 9182K(10176K)->79K(10176K) Eden: 9088K(9088K)->0K(9088K) From: 94K(1088K)->79K(1088K)
[2025-04-16T15:04:06.933+0000][1540.942s][info][gc,heap        ] GC(980) Tenured: 14755K(22484K)->14755K(22484K)
[2025-04-16T15:04:06.933+0000][1540.942s][info][gc,metaspace   ] GC(980) Metaspace: 37389K(37696K)->37389K(37696K) NonClass: 32963K(33088K)->32963K(33088K) Class: 4426K(4608K)->4426K(4608K)
[2025-04-16T15:04:06.933+0000][1540.942s][info][gc             ] GC(980) Pause Young (Allocation Failure) 23M->14M(31M) 1.295ms
[2025-04-16T15:04:06.933+0000][1540.942s][info][gc,cpu         ] GC(980) User=0.01s Sys=0.00s Real=0.00s
[2025-04-16T15:04:08.593+0000][1542.602s][info][gc,start       ] GC(981) Pause Young (Allocation Failure)
[2025-04-16T15:04:08.595+0000][1542.604s][info][gc,heap        ] GC(981) DefNew: 9167K(10176K)->113K(10176K) Eden: 9088K(9088K)->0K(9088K) From: 79K(1088K)->113K(1088K)
[2025-04-16T15:04:08.595+0000][1542.604s][info][gc,heap        ] GC(981) Tenured: 14755K(22484K)->14755K(22484K)
[2025-04-16T15:04:08.595+0000][1542.604s][info][gc,metaspace   ] GC(981) Metaspace: 37389K(37696K)->37389K(37696K) NonClass: 32963K(33088K)->32963K(33088K) Class: 4426K(4608K)->4426K(4608K)
[2025-04-16T15:04:08.595+0000][1542.604s][info][gc             ] GC(981) Pause Young (Allocation Failure) 23M->14M(31M) 1.409ms
[2025-04-16T15:04:08.595+0000][1542.604s][info][gc,cpu         ] GC(981) User=0.00s Sys=0.00s Real=0.01s
[2025-04-16T15:04:10.416+0000][1544.425s][info][gc,start       ] GC(982) Pause Young (Allocation Failure)
[2025-04-16T15:04:10.417+0000][1544.426s][info][gc,heap        ] GC(982) DefNew: 9200K(10176K)->85K(10176K) Eden: 9086K(9088K)->0K(9088K) From: 113K(1088K)->85K(1088K)
[2025-04-16T15:04:10.417+0000][1544.426s][info][gc,heap        ] GC(982) Tenured: 14755K(22484K)->14755K(22484K)
[2025-04-16T15:04:10.417+0000][1544.426s][info][gc,metaspace   ] GC(982) Metaspace: 37389K(37696K)->37389K(37696K) NonClass: 32963K(33088K)->32963K(33088K) Class: 4426K(4608K)->4426K(4608K)
[2025-04-16T15:04:10.417+0000][1544.426s][info][gc             ] GC(982) Pause Young (Allocation Failure) 23M->14M(31M) 1.371ms
[2025-04-16T15:04:10.417+0000][1544.426s][info][gc,cpu         ] GC(982) User=0.00s Sys=0.00s Real=0.00s
[2025-04-16T15:04:11.981+0000][1545.990s][info][gc,start       ] GC(983) Pause Young (Allocation Failure)
[2025-04-16T15:04:11.982+0000][1545.991s][info][gc,heap        ] GC(983) DefNew: 9173K(10176K)->85K(10176K) Eden: 9088K(9088K)->0K(9088K) From: 85K(1088K)->85K(1088K)
[2025-04-16T15:04:11.982+0000][1545.991s][info][gc,heap        ] GC(983) Tenured: 14755K(22484K)->14755K(22484K)
[2025-04-16T15:04:11.982+0000][1545.991s][info][gc,metaspace   ] GC(983) Metaspace: 37390K(37760K)->37390K(37760K) NonClass: 32963K(33152K)->32963K(33152K) Class: 4426K(4608K)->4426K(4608K)
[2025-04-16T15:04:11.982+0000][1545.991s][info][gc             ] GC(983) Pause Young (Allocation Failure) 23M->14M(31M) 1.409ms
[2025-04-16T15:04:11.982+0000][1545.991s][info][gc,cpu         ] GC(983) User=0.00s Sys=0.00s Real=0.00s
[2025-04-16T15:04:13.610+0000][1547.619s][info][gc,start       ] GC(984) Pause Young (Allocation Failure)
[2025-04-16T15:04:13.612+0000][1547.621s][info][gc,heap        ] GC(984) DefNew: 9173K(10176K)->99K(10176K) Eden: 9088K(9088K)->0K(9088K) From: 85K(1088K)->99K(1088K)
[2025-04-16T15:04:13.612+0000][1547.621s][info][gc,heap        ] GC(984) Tenured: 14755K(22484K)->14755K(22484K)
[2025-04-16T15:04:13.612+0000][1547.621s][info][gc,metaspace   ] GC(984) Metaspace: 37390K(37760K)->37390K(37760K) NonClass: 32963K(33152K)->32963K(33152K) Class: 4426K(4608K)->4426K(4608K)
[2025-04-16T15:04:13.612+0000][1547.621s][info][gc             ] GC(984) Pause Young (Allocation Failure) 23M->14M(31M) 1.220ms
[2025-04-16T15:04:13.612+0000][1547.621s][info][gc,cpu         ] GC(984) User=0.00s Sys=0.00s Real=0.00s
[2025-04-16T15:04:15.249+0000][1549.258s][info][gc,start       ] GC(985) Pause Young (Allocation Failure)
[2025-04-16T15:04:15.250+0000][1549.259s][info][gc,heap        ] GC(985) DefNew: 9187K(10176K)->75K(10176K) Eden: 9088K(9088K)->0K(9088K) From: 99K(1088K)->75K(1088K)
[2025-04-16T15:04:15.250+0000][1549.259s][info][gc,heap        ] GC(985) Tenured: 14755K(22484K)->14755K(22484K)
[2025-04-16T15:04:15.250+0000][1549.259s][info][gc,metaspace   ] GC(985) Metaspace: 37390K(37760K)->37390K(37760K) NonClass: 32963K(33152K)->32963K(33152K) Class: 4426K(4608K)->4426K(4608K)
[2025-04-16T15:04:15.250+0000][1549.259s][info][gc             ] GC(985) Pause Young (Allocation Failure) 23M->14M(31M) 1.181ms
[2025-04-16T15:04:15.250+0000][1549.259s][info][gc,cpu         ] GC(985) User=0.00s Sys=0.00s Real=0.00s
[2025-04-16T15:04:16.969+0000][1550.978s][info][gc,start       ] GC(986) Pause Young (Allocation Failure)
[2025-04-16T15:04:16.970+0000][1550.979s][info][gc,heap        ] GC(986) DefNew: 9163K(10176K)->87K(10176K) Eden: 9088K(9088K)->0K(9088K) From: 75K(1088K)->87K(1088K)
[2025-04-16T15:04:16.970+0000][1550.979s][info][gc,heap        ] GC(986) Tenured: 14755K(22484K)->14755K(22484K)
[2025-04-16T15:04:16.970+0000][1550.979s][info][gc,metaspace   ] GC(986) Metaspace: 37390K(37760K)->37390K(37760K) NonClass: 32963K(33152K)->32963K(33152K) Class: 4426K(4608K)->4426K(4608K)
[2025-04-16T15:04:16.970+0000][1550.979s][info][gc             ] GC(986) Pause Young (Allocation Failure) 23M->14M(31M) 1.388ms
[2025-04-16T15:04:16.970+0000][1550.979s][info][gc,cpu         ] GC(986) User=0.00s Sys=0.00s Real=0.00s
[2025-04-16T15:04:18.564+0000][1552.573s][info][gc,start       ] GC(987) Pause Young (Allocation Failure)
[2025-04-16T15:04:18.565+0000][1552.574s][info][gc,heap        ] GC(987) DefNew: 9175K(10176K)->89K(10176K) Eden: 9088K(9088K)->0K(9088K) From: 87K(1088K)->89K(1088K)
[2025-04-16T15:04:18.565+0000][1552.574s][info][gc,heap        ] GC(987) Tenured: 14755K(22484K)->14756K(22484K)
[2025-04-16T15:04:18.565+0000][1552.574s][info][gc,metaspace   ] GC(987) Metaspace: 37390K(37760K)->37390K(37760K) NonClass: 32963K(33152K)->32963K(33152K) Class: 4426K(4608K)->4426K(4608K)
[2025-04-16T15:04:18.565+0000][1552.574s][info][gc             ] GC(987) Pause Young (Allocation Failure) 23M->14M(31M) 1.295ms
[2025-04-16T15:04:18.565+0000][1552.574s][info][gc,cpu         ] GC(987) User=0.00s Sys=0.00s Real=0.01s
[2025-04-16T15:04:20.195+0000][1554.204s][info][gc,start       ] GC(988) Pause Young (Allocation Failure)
[2025-04-16T15:04:20.197+0000][1554.206s][info][gc,heap        ] GC(988) DefNew: 9177K(10176K)->103K(10176K) Eden: 9088K(9088K)->0K(9088K) From: 89K(1088K)->103K(1088K)
[2025-04-16T15:04:20.197+0000][1554.206s][info][gc,heap        ] GC(988) Tenured: 14756K(22484K)->14756K(22484K)
[2025-04-16T15:04:20.197+0000][1554.206s][info][gc,metaspace   ] GC(988) Metaspace: 37390K(37760K)->37390K(37760K) NonClass: 32963K(33152K)->32963K(33152K) Class: 4426K(4608K)->4426K(4608K)
[2025-04-16T15:04:20.197+0000][1554.206s][info][gc             ] GC(988) Pause Young (Allocation Failure) 23M->14M(31M) 1.234ms
[2025-04-16T15:04:20.197+0000][1554.206s][info][gc,cpu         ] GC(988) User=0.00s Sys=0.00s Real=0.00s
[2025-04-16T15:04:21.956+0000][1555.965s][info][gc,start       ] GC(989) Pause Young (Allocation Failure)
[2025-04-16T15:04:21.957+0000][1555.966s][info][gc,heap        ] GC(989) DefNew: 9191K(10176K)->90K(10176K) Eden: 9088K(9088K)->0K(9088K) From: 103K(1088K)->90K(1088K)
[2025-04-16T15:04:21.957+0000][1555.966s][info][gc,heap        ] GC(989) Tenured: 14756K(22484K)->14759K(22484K)
[2025-04-16T15:04:21.957+0000][1555.966s][info][gc,metaspace   ] GC(989) Metaspace: 37390K(37760K)->37390K(37760K) NonClass: 32963K(33152K)->32963K(33152K) Class: 4426K(4608K)->4426K(4608K)
[2025-04-16T15:04:21.957+0000][1555.966s][info][gc             ] GC(989) Pause Young (Allocation Failure) 23M->14M(31M) 1.309ms
[2025-04-16T15:04:21.957+0000][1555.966s][info][gc,cpu         ] GC(989) User=0.01s Sys=0.00s Real=0.00s
[2025-04-16T15:04:23.347+0000][1557.356s][info][gc,start       ] GC(990) Pause Young (Allocation Failure)
[2025-04-16T15:04:23.348+0000][1557.357s][info][gc,heap        ] GC(990) DefNew: 9178K(10176K)->122K(10176K) Eden: 9088K(9088K)->0K(9088K) From: 90K(1088K)->122K(1088K)
[2025-04-16T15:04:23.348+0000][1557.357s][info][gc,heap        ] GC(990) Tenured: 14759K(22484K)->14760K(22484K)
[2025-04-16T15:04:23.348+0000][1557.357s][info][gc,metaspace   ] GC(990) Metaspace: 37390K(37760K)->37390K(37760K) NonClass: 32963K(33152K)->32963K(33152K) Class: 4426K(4608K)->4426K(4608K)
[2025-04-16T15:04:23.348+0000][1557.357s][info][gc             ] GC(990) Pause Young (Allocation Failure) 23M->14M(31M) 1.401ms
[2025-04-16T15:04:23.348+0000][1557.357s][info][gc,cpu         ] GC(990) User=0.00s Sys=0.00s Real=0.00s
[2025-04-16T15:04:25.147+0000][1559.156s][info][gc,start       ] GC(991) Pause Young (Allocation Failure)
[2025-04-16T15:04:25.148+0000][1559.158s][info][gc,heap        ] GC(991) DefNew: 9210K(10176K)->90K(10176K) Eden: 9088K(9088K)->0K(9088K) From: 122K(1088K)->90K(1088K)
[2025-04-16T15:04:25.149+0000][1559.158s][info][gc,heap        ] GC(991) Tenured: 14760K(22484K)->14760K(22484K)
[2025-04-16T15:04:25.149+0000][1559.158s][info][gc,metaspace   ] GC(991) Metaspace: 37390K(37760K)->37390K(37760K) NonClass: 32963K(33152K)->32963K(33152K) Class: 4426K(4608K)->4426K(4608K)
[2025-04-16T15:04:25.149+0000][1559.158s][info][gc             ] GC(991) Pause Young (Allocation Failure) 23M->14M(31M) 1.276ms
[2025-04-16T15:04:25.149+0000][1559.158s][info][gc,cpu         ] GC(991) User=0.00s Sys=0.00s Real=0.00s
[2025-04-16T15:04:26.784+0000][1560.793s][info][gc,start       ] GC(992) Pause Young (Allocation Failure)
[2025-04-16T15:04:26.785+0000][1560.794s][info][gc,heap        ] GC(992) DefNew: 9178K(10176K)->89K(10176K) Eden: 9088K(9088K)->0K(9088K) From: 90K(1088K)->89K(1088K)
[2025-04-16T15:04:26.785+0000][1560.794s][info][gc,heap        ] GC(992) Tenured: 14760K(22484K)->14760K(22484K)
[2025-04-16T15:04:26.785+0000][1560.794s][info][gc,metaspace   ] GC(992) Metaspace: 37390K(37760K)->37390K(37760K) NonClass: 32963K(33152K)->32963K(33152K) Class: 4426K(4608K)->4426K(4608K)
[2025-04-16T15:04:26.785+0000][1560.794s][info][gc             ] GC(992) Pause Young (Allocation Failure) 23M->14M(31M) 1.343ms
[2025-04-16T15:04:26.785+0000][1560.794s][info][gc,cpu         ] GC(992) User=0.00s Sys=0.00s Real=0.01s
[2025-04-16T15:04:28.363+0000][1562.372s][info][gc,start       ] GC(993) Pause Young (Allocation Failure)
[2025-04-16T15:04:28.364+0000][1562.373s][info][gc,heap        ] GC(993) DefNew: 9177K(10176K)->103K(10176K) Eden: 9088K(9088K)->0K(9088K) From: 89K(1088K)->103K(1088K)
[2025-04-16T15:04:28.364+0000][1562.373s][info][gc,heap        ] GC(993) Tenured: 14760K(22484K)->14760K(22484K)
[2025-04-16T15:04:28.364+0000][1562.373s][info][gc,metaspace   ] GC(993) Metaspace: 37390K(37760K)->37390K(37760K) NonClass: 32963K(33152K)->32963K(33152K) Class: 4426K(4608K)->4426K(4608K)
[2025-04-16T15:04:28.364+0000][1562.373s][info][gc             ] GC(993) Pause Young (Allocation Failure) 23M->14M(31M) 1.348ms
[2025-04-16T15:04:28.364+0000][1562.373s][info][gc,cpu         ] GC(993) User=0.00s Sys=0.00s Real=0.01s
[2025-04-16T15:04:30.015+0000][1564.024s][info][gc,start       ] GC(994) Pause Young (Allocation Failure)
[2025-04-16T15:04:30.016+0000][1564.025s][info][gc,heap        ] GC(994) DefNew: 9191K(10176K)->93K(10176K) Eden: 9088K(9088K)->0K(9088K) From: 103K(1088K)->93K(1088K)
[2025-04-16T15:04:30.016+0000][1564.025s][info][gc,heap        ] GC(994) Tenured: 14760K(22484K)->14760K(22484K)
[2025-04-16T15:04:30.016+0000][1564.025s][info][gc,metaspace   ] GC(994) Metaspace: 37390K(37760K)->37390K(37760K) NonClass: 32963K(33152K)->32963K(33152K) Class: 4426K(4608K)->4426K(4608K)
[2025-04-16T15:04:30.016+0000][1564.025s][info][gc             ] GC(994) Pause Young (Allocation Failure) 23M->14M(31M) 1.300ms
[2025-04-16T15:04:30.016+0000][1564.025s][info][gc,cpu         ] GC(994) User=0.00s Sys=0.00s Real=0.00s
[2025-04-16T15:04:31.661+0000][1565.670s][info][gc,start       ] GC(995) Pause Young (Allocation Failure)
[2025-04-16T15:04:31.663+0000][1565.672s][info][gc,heap        ] GC(995) DefNew: 9166K(10176K)->88K(10176K) Eden: 9072K(9088K)->0K(9088K) From: 93K(1088K)->88K(1088K)
[2025-04-16T15:04:31.663+0000][1565.672s][info][gc,heap        ] GC(995) Tenured: 14760K(22484K)->14763K(22484K)
[2025-04-16T15:04:31.663+0000][1565.672s][info][gc,metaspace   ] GC(995) Metaspace: 37390K(37760K)->37390K(37760K) NonClass: 32963K(33152K)->32963K(33152K) Class: 4426K(4608K)->4426K(4608K)
[2025-04-16T15:04:31.663+0000][1565.672s][info][gc             ] GC(995) Pause Young (Allocation Failure) 23M->14M(31M) 1.232ms
[2025-04-16T15:04:31.663+0000][1565.672s][info][gc,cpu         ] GC(995) User=0.00s Sys=0.00s Real=0.00s
[2025-04-16T15:04:33.203+0000][1567.212s][info][gc,start       ] GC(996) Pause Young (Allocation Failure)
[2025-04-16T15:04:33.204+0000][1567.213s][info][gc,heap        ] GC(996) DefNew: 9176K(10176K)->97K(10176K) Eden: 9088K(9088K)->0K(9088K) From: 88K(1088K)->97K(1088K)
[2025-04-16T15:04:33.204+0000][1567.213s][info][gc,heap        ] GC(996) Tenured: 14763K(22484K)->14764K(22484K)
[2025-04-16T15:04:33.204+0000][1567.213s][info][gc,metaspace   ] GC(996) Metaspace: 37390K(37760K)->37390K(37760K) NonClass: 32963K(33152K)->32963K(33152K) Class: 4426K(4608K)->4426K(4608K)
[2025-04-16T15:04:33.204+0000][1567.213s][info][gc             ] GC(996) Pause Young (Allocation Failure) 23M->14M(31M) 1.310ms
[2025-04-16T15:04:33.204+0000][1567.213s][info][gc,cpu         ] GC(996) User=0.00s Sys=0.00s Real=0.01s
[2025-04-16T15:04:34.946+0000][1568.955s][info][gc,start       ] GC(997) Pause Young (Allocation Failure)
[2025-04-16T15:04:34.948+0000][1568.957s][info][gc,heap        ] GC(997) DefNew: 9185K(10176K)->97K(10176K) Eden: 9088K(9088K)->0K(9088K) From: 97K(1088K)->97K(1088K)
[2025-04-16T15:04:34.948+0000][1568.957s][info][gc,heap        ] GC(997) Tenured: 14764K(22484K)->14765K(22484K)
[2025-04-16T15:04:34.948+0000][1568.957s][info][gc,metaspace   ] GC(997) Metaspace: 37390K(37760K)->37390K(37760K) NonClass: 32963K(33152K)->32963K(33152K) Class: 4426K(4608K)->4426K(4608K)
[2025-04-16T15:04:34.948+0000][1568.957s][info][gc             ] GC(997) Pause Young (Allocation Failure) 23M->14M(31M) 2.027ms
[2025-04-16T15:04:34.948+0000][1568.957s][info][gc,cpu         ] GC(997) User=0.00s Sys=0.00s Real=0.00s
[2025-04-16T15:04:36.569+0000][1570.578s][info][gc,start       ] GC(998) Pause Young (Allocation Failure)
[2025-04-16T15:04:36.571+0000][1570.580s][info][gc,heap        ] GC(998) DefNew: 9185K(10176K)->99K(10176K) Eden: 9088K(9088K)->0K(9088K) From: 97K(1088K)->99K(1088K)
[2025-04-16T15:04:36.571+0000][1570.580s][info][gc,heap        ] GC(998) Tenured: 14765K(22484K)->14765K(22484K)
[2025-04-16T15:04:36.571+0000][1570.580s][info][gc,metaspace   ] GC(998) Metaspace: 37390K(37760K)->37390K(37760K) NonClass: 32963K(33152K)->32963K(33152K) Class: 4426K(4608K)->4426K(4608K)
[2025-04-16T15:04:36.571+0000][1570.580s][info][gc             ] GC(998) Pause Young (Allocation Failure) 23M->14M(31M) 1.311ms
[2025-04-16T15:04:36.571+0000][1570.580s][info][gc,cpu         ] GC(998) User=0.01s Sys=0.00s Real=0.00s
[2025-04-16T15:04:38.186+0000][1572.195s][info][gc,start       ] GC(999) Pause Young (Allocation Failure)
[2025-04-16T15:04:38.187+0000][1572.196s][info][gc,heap        ] GC(999) DefNew: 9187K(10176K)->82K(10176K) Eden: 9088K(9088K)->0K(9088K) From: 99K(1088K)->82K(1088K)
[2025-04-16T15:04:38.187+0000][1572.196s][info][gc,heap        ] GC(999) Tenured: 14765K(22484K)->14768K(22484K)
[2025-04-16T15:04:38.187+0000][1572.196s][info][gc,metaspace   ] GC(999) Metaspace: 37390K(37760K)->37390K(37760K) NonClass: 32963K(33152K)->32963K(33152K) Class: 4426K(4608K)->4426K(4608K)
[2025-04-16T15:04:38.187+0000][1572.196s][info][gc             ] GC(999) Pause Young (Allocation Failure) 23M->14M(31M) 1.238ms
[2025-04-16T15:04:38.187+0000][1572.196s][info][gc,cpu         ] GC(999) User=0.00s Sys=0.00s Real=0.00s
[2025-04-16T15:04:39.883+0000][1573.892s][info][gc,start       ] GC(1000) Pause Young (Allocation Failure)
[2025-04-16T15:04:39.884+0000][1573.893s][info][gc,heap        ] GC(1000) DefNew: 9158K(10176K)->83K(10176K) Eden: 9075K(9088K)->0K(9088K) From: 82K(1088K)->83K(1088K)
[2025-04-16T15:04:39.884+0000][1573.893s][info][gc,heap        ] GC(1000) Tenured: 14768K(22484K)->14769K(22484K)
[2025-04-16T15:04:39.884+0000][1573.893s][info][gc,metaspace   ] GC(1000) Metaspace: 37390K(37760K)->37390K(37760K) NonClass: 32963K(33152K)->32963K(33152K) Class: 4426K(4608K)->4426K(4608K)
[2025-04-16T15:04:39.884+0000][1573.893s][info][gc             ] GC(1000) Pause Young (Allocation Failure) 23M->14M(31M) 1.326ms
[2025-04-16T15:04:39.884+0000][1573.893s][info][gc,cpu         ] GC(1000) User=0.00s Sys=0.00s Real=0.01s
[2025-04-16T15:04:41.479+0000][1575.488s][info][gc,start       ] GC(1001) Pause Young (Allocation Failure)
[2025-04-16T15:04:41.480+0000][1575.489s][info][gc,heap        ] GC(1001) DefNew: 9171K(10176K)->79K(10176K) Eden: 9088K(9088K)->0K(9088K) From: 83K(1088K)->79K(1088K)
[2025-04-16T15:04:41.480+0000][1575.489s][info][gc,heap        ] GC(1001) Tenured: 14769K(22484K)->14770K(22484K)
[2025-04-16T15:04:41.480+0000][1575.489s][info][gc,metaspace   ] GC(1001) Metaspace: 37390K(37760K)->37390K(37760K) NonClass: 32963K(33152K)->32963K(33152K) Class: 4426K(4608K)->4426K(4608K)
[2025-04-16T15:04:41.480+0000][1575.489s][info][gc             ] GC(1001) Pause Young (Allocation Failure) 23M->14M(31M) 1.352ms
[2025-04-16T15:04:41.480+0000][1575.489s][info][gc,cpu         ] GC(1001) User=0.00s Sys=0.00s Real=0.00s
[2025-04-16T15:04:43.148+0000][1577.157s][info][gc,start       ] GC(1002) Pause Young (Allocation Failure)
[2025-04-16T15:04:43.149+0000][1577.158s][info][gc,heap        ] GC(1002) DefNew: 9167K(10176K)->98K(10176K) Eden: 9088K(9088K)->0K(9088K) From: 79K(1088K)->98K(1088K)
[2025-04-16T15:04:43.149+0000][1577.158s][info][gc,heap        ] GC(1002) Tenured: 14770K(22484K)->14770K(22484K)
[2025-04-16T15:04:43.149+0000][1577.158s][info][gc,metaspace   ] GC(1002) Metaspace: 37390K(37760K)->37390K(37760K) NonClass: 32963K(33152K)->32963K(33152K) Class: 4426K(4608K)->4426K(4608K)
[2025-04-16T15:04:43.149+0000][1577.158s][info][gc             ] GC(1002) Pause Young (Allocation Failure) 23M->14M(31M) 1.234ms
[2025-04-16T15:04:43.149+0000][1577.158s][info][gc,cpu         ] GC(1002) User=0.00s Sys=0.00s Real=0.00s
[2025-04-16T15:04:44.924+0000][1578.933s][info][gc,start       ] GC(1003) Pause Young (Allocation Failure)
[2025-04-16T15:04:44.925+0000][1578.934s][info][gc,heap        ] GC(1003) DefNew: 9186K(10176K)->81K(10176K) Eden: 9087K(9088K)->0K(9088K) From: 98K(1088K)->81K(1088K)
[2025-04-16T15:04:44.925+0000][1578.934s][info][gc,heap        ] GC(1003) Tenured: 14770K(22484K)->14771K(22484K)
[2025-04-16T15:04:44.925+0000][1578.934s][info][gc,metaspace   ] GC(1003) Metaspace: 37390K(37760K)->37390K(37760K) NonClass: 32963K(33152K)->32963K(33152K) Class: 4426K(4608K)->4426K(4608K)
[2025-04-16T15:04:44.925+0000][1578.934s][info][gc             ] GC(1003) Pause Young (Allocation Failure) 23M->14M(31M) 1.277ms
[2025-04-16T15:04:44.925+0000][1578.934s][info][gc,cpu         ] GC(1003) User=0.00s Sys=0.00s Real=0.01s
[2025-04-16T15:04:46.848+0000][1580.857s][info][gc,start       ] GC(1004) Pause Young (Allocation Failure)
[2025-04-16T15:04:46.851+0000][1580.860s][info][gc,heap        ] GC(1004) DefNew: 9169K(10176K)->85K(10176K) Eden: 9088K(9088K)->0K(9088K) From: 81K(1088K)->85K(1088K)
[2025-04-16T15:04:46.851+0000][1580.860s][info][gc,heap        ] GC(1004) Tenured: 14771K(22484K)->14771K(22484K)
[2025-04-16T15:04:46.851+0000][1580.860s][info][gc,metaspace   ] GC(1004) Metaspace: 37390K(37760K)->37390K(37760K) NonClass: 32963K(33152K)->32963K(33152K) Class: 4426K(4608K)->4426K(4608K)
[2025-04-16T15:04:46.851+0000][1580.860s][info][gc             ] GC(1004) Pause Young (Allocation Failure) 23M->14M(31M) 2.713ms
[2025-04-16T15:04:46.851+0000][1580.860s][info][gc,cpu         ] GC(1004) User=0.00s Sys=0.00s Real=0.00s
[2025-04-16T15:04:48.112+0000][1582.122s][info][gc,start       ] GC(1005) Pause Young (Allocation Failure)
[2025-04-16T15:04:48.114+0000][1582.123s][info][gc,heap        ] GC(1005) DefNew: 9173K(10176K)->82K(10176K) Eden: 9088K(9088K)->0K(9088K) From: 85K(1088K)->82K(1088K)
[2025-04-16T15:04:48.114+0000][1582.123s][info][gc,heap        ] GC(1005) Tenured: 14771K(22484K)->14772K(22484K)
[2025-04-16T15:04:48.114+0000][1582.123s][info][gc,metaspace   ] GC(1005) Metaspace: 37390K(37760K)->37390K(37760K) NonClass: 32963K(33152K)->32963K(33152K) Class: 4426K(4608K)->4426K(4608K)
[2025-04-16T15:04:48.114+0000][1582.123s][info][gc             ] GC(1005) Pause Young (Allocation Failure) 23M->14M(31M) 1.262ms
[2025-04-16T15:04:48.114+0000][1582.123s][info][gc,cpu         ] GC(1005) User=0.00s Sys=0.00s Real=0.00s
[2025-04-16T15:04:49.655+0000][1583.664s][info][gc,start       ] GC(1006) Pause Young (Allocation Failure)
[2025-04-16T15:04:49.657+0000][1583.666s][info][gc,heap        ] GC(1006) DefNew: 9170K(10176K)->90K(10176K) Eden: 9088K(9088K)->0K(9088K) From: 82K(1088K)->90K(1088K)
[2025-04-16T15:04:49.657+0000][1583.666s][info][gc,heap        ] GC(1006) Tenured: 14772K(22484K)->14776K(22484K)
[2025-04-16T15:04:49.657+0000][1583.666s][info][gc,metaspace   ] GC(1006) Metaspace: 37390K(37760K)->37390K(37760K) NonClass: 32963K(33152K)->32963K(33152K) Class: 4426K(4608K)->4426K(4608K)
[2025-04-16T15:04:49.657+0000][1583.666s][info][gc             ] GC(1006) Pause Young (Allocation Failure) 23M->14M(31M) 1.302ms
[2025-04-16T15:04:49.657+0000][1583.666s][info][gc,cpu         ] GC(1006) User=0.00s Sys=0.00s Real=0.00s
[2025-04-16T15:04:51.133+0000][1585.142s][info][gc,start       ] GC(1007) Pause Young (Allocation Failure)
[2025-04-16T15:04:51.134+0000][1585.143s][info][gc,heap        ] GC(1007) DefNew: 9178K(10176K)->94K(10176K) Eden: 9088K(9088K)->0K(9088K) From: 90K(1088K)->94K(1088K)
[2025-04-16T15:04:51.134+0000][1585.143s][info][gc,heap        ] GC(1007) Tenured: 14776K(22484K)->14776K(22484K)
[2025-04-16T15:04:51.134+0000][1585.143s][info][gc,metaspace   ] GC(1007) Metaspace: 37390K(37760K)->37390K(37760K) NonClass: 32964K(33152K)->32964K(33152K) Class: 4426K(4608K)->4426K(4608K)
[2025-04-16T15:04:51.134+0000][1585.143s][info][gc             ] GC(1007) Pause Young (Allocation Failure) 23M->14M(31M) 1.371ms
[2025-04-16T15:04:51.134+0000][1585.143s][info][gc,cpu         ] GC(1007) User=0.00s Sys=0.00s Real=0.01s
[2025-04-16T15:04:52.844+0000][1586.853s][info][gc,start       ] GC(1008) Pause Young (Allocation Failure)
[2025-04-16T15:04:52.845+0000][1586.854s][info][gc,heap        ] GC(1008) DefNew: 9182K(10176K)->96K(10176K) Eden: 9087K(9088K)->0K(9088K) From: 94K(1088K)->96K(1088K)
[2025-04-16T15:04:52.845+0000][1586.854s][info][gc,heap        ] GC(1008) Tenured: 14776K(22484K)->14776K(22484K)
[2025-04-16T15:04:52.845+0000][1586.854s][info][gc,metaspace   ] GC(1008) Metaspace: 37390K(37760K)->37390K(37760K) NonClass: 32964K(33152K)->32964K(33152K) Class: 4426K(4608K)->4426K(4608K)
[2025-04-16T15:04:52.845+0000][1586.854s][info][gc             ] GC(1008) Pause Young (Allocation Failure) 23M->14M(31M) 1.286ms
[2025-04-16T15:04:52.845+0000][1586.854s][info][gc,cpu         ] GC(1008) User=0.00s Sys=0.00s Real=0.01s
[2025-04-16T15:04:54.528+0000][1588.537s][info][gc,start       ] GC(1009) Pause Young (Allocation Failure)
[2025-04-16T15:04:54.529+0000][1588.538s][info][gc,heap        ] GC(1009) DefNew: 9184K(10176K)->89K(10176K) Eden: 9088K(9088K)->0K(9088K) From: 96K(1088K)->89K(1088K)
[2025-04-16T15:04:54.529+0000][1588.538s][info][gc,heap        ] GC(1009) Tenured: 14776K(22484K)->14776K(22484K)
[2025-04-16T15:04:54.529+0000][1588.538s][info][gc,metaspace   ] GC(1009) Metaspace: 37390K(37760K)->37390K(37760K) NonClass: 32964K(33152K)->32964K(33152K) Class: 4426K(4608K)->4426K(4608K)
[2025-04-16T15:04:54.529+0000][1588.538s][info][gc             ] GC(1009) Pause Young (Allocation Failure) 23M->14M(31M) 1.379ms
[2025-04-16T15:04:54.529+0000][1588.538s][info][gc,cpu         ] GC(1009) User=0.00s Sys=0.00s Real=0.00s
[2025-04-16T15:04:56.038+0000][1590.047s][info][gc,start       ] GC(1010) Pause Young (Allocation Failure)
[2025-04-16T15:04:56.040+0000][1590.049s][info][gc,heap        ] GC(1010) DefNew: 9177K(10176K)->86K(10176K) Eden: 9088K(9088K)->0K(9088K) From: 89K(1088K)->86K(1088K)
[2025-04-16T15:04:56.040+0000][1590.049s][info][gc,heap        ] GC(1010) Tenured: 14776K(22484K)->14776K(22484K)
[2025-04-16T15:04:56.040+0000][1590.049s][info][gc,metaspace   ] GC(1010) Metaspace: 37390K(37760K)->37390K(37760K) NonClass: 32964K(33152K)->32964K(33152K) Class: 4426K(4608K)->4426K(4608K)
[2025-04-16T15:04:56.040+0000][1590.049s][info][gc             ] GC(1010) Pause Young (Allocation Failure) 23M->14M(31M) 1.373ms
[2025-04-16T15:04:56.040+0000][1590.049s][info][gc,cpu         ] GC(1010) User=0.00s Sys=0.00s Real=0.00s
[2025-04-16T15:04:57.848+0000][1591.857s][info][gc,start       ] GC(1011) Pause Young (Allocation Failure)
[2025-04-16T15:04:57.849+0000][1591.858s][info][gc,heap        ] GC(1011) DefNew: 9174K(10176K)->88K(10176K) Eden: 9088K(9088K)->0K(9088K) From: 86K(1088K)->88K(1088K)
[2025-04-16T15:04:57.849+0000][1591.859s][info][gc,heap        ] GC(1011) Tenured: 14776K(22484K)->14776K(22484K)
[2025-04-16T15:04:57.849+0000][1591.859s][info][gc,metaspace   ] GC(1011) Metaspace: 37390K(37760K)->37390K(37760K) NonClass: 32964K(33152K)->32964K(33152K) Class: 4426K(4608K)->4426K(4608K)
[2025-04-16T15:04:57.850+0000][1591.859s][info][gc             ] GC(1011) Pause Young (Allocation Failure) 23M->14M(31M) 1.305ms
[2025-04-16T15:04:57.850+0000][1591.859s][info][gc,cpu         ] GC(1011) User=0.00s Sys=0.00s Real=0.00s
[2025-04-16T15:04:59.263+0000][1593.272s][info][gc,start       ] GC(1012) Pause Young (Allocation Failure)
[2025-04-16T15:04:59.265+0000][1593.274s][info][gc,heap        ] GC(1012) DefNew: 9176K(10176K)->82K(10176K) Eden: 9088K(9088K)->0K(9088K) From: 88K(1088K)->82K(1088K)
[2025-04-16T15:04:59.265+0000][1593.274s][info][gc,heap        ] GC(1012) Tenured: 14776K(22484K)->14776K(22484K)
[2025-04-16T15:04:59.265+0000][1593.274s][info][gc,metaspace   ] GC(1012) Metaspace: 37390K(37760K)->37390K(37760K) NonClass: 32964K(33152K)->32964K(33152K) Class: 4426K(4608K)->4426K(4608K)
[2025-04-16T15:04:59.265+0000][1593.274s][info][gc             ] GC(1012) Pause Young (Allocation Failure) 23M->14M(31M) 1.264ms
[2025-04-16T15:04:59.265+0000][1593.274s][info][gc,cpu         ] GC(1012) User=0.00s Sys=0.00s Real=0.01s
[2025-04-16T15:05:00.656+0000][1594.665s][info][gc,start       ] GC(1013) Pause Young (Allocation Failure)
[2025-04-16T15:05:00.657+0000][1594.666s][info][gc,heap        ] GC(1013) DefNew: 9170K(10176K)->102K(10176K) Eden: 9087K(9088K)->0K(9088K) From: 82K(1088K)->102K(1088K)
[2025-04-16T15:05:00.657+0000][1594.666s][info][gc,heap        ] GC(1013) Tenured: 14776K(22484K)->14776K(22484K)
[2025-04-16T15:05:00.657+0000][1594.666s][info][gc,metaspace   ] GC(1013) Metaspace: 37390K(37760K)->37390K(37760K) NonClass: 32964K(33152K)->32964K(33152K) Class: 4426K(4608K)->4426K(4608K)
[2025-04-16T15:05:00.657+0000][1594.666s][info][gc             ] GC(1013) Pause Young (Allocation Failure) 23M->14M(31M) 1.297ms
[2025-04-16T15:05:00.657+0000][1594.666s][info][gc,cpu         ] GC(1013) User=0.00s Sys=0.00s Real=0.00s
[2025-04-16T15:05:02.297+0000][1596.306s][info][gc,start       ] GC(1014) Pause Young (Allocation Failure)
[2025-04-16T15:05:02.298+0000][1596.307s][info][gc,heap        ] GC(1014) DefNew: 9190K(10176K)->96K(10176K) Eden: 9088K(9088K)->0K(9088K) From: 102K(1088K)->96K(1088K)
[2025-04-16T15:05:02.298+0000][1596.307s][info][gc,heap        ] GC(1014) Tenured: 14776K(22484K)->14776K(22484K)
[2025-04-16T15:05:02.298+0000][1596.307s][info][gc,metaspace   ] GC(1014) Metaspace: 37398K(37760K)->37398K(37760K) NonClass: 32971K(33152K)->32971K(33152K) Class: 4426K(4608K)->4426K(4608K)
[2025-04-16T15:05:02.298+0000][1596.307s][info][gc             ] GC(1014) Pause Young (Allocation Failure) 23M->14M(31M) 1.238ms
[2025-04-16T15:05:02.298+0000][1596.307s][info][gc,cpu         ] GC(1014) User=0.00s Sys=0.00s Real=0.00s
[2025-04-16T15:05:03.854+0000][1597.863s][info][gc,start       ] GC(1015) Pause Young (Allocation Failure)
[2025-04-16T15:05:03.855+0000][1597.864s][info][gc,heap        ] GC(1015) DefNew: 9184K(10176K)->77K(10176K) Eden: 9087K(9088K)->0K(9088K) From: 96K(1088K)->77K(1088K)
[2025-04-16T15:05:03.855+0000][1597.864s][info][gc,heap        ] GC(1015) Tenured: 14776K(22484K)->14777K(22484K)
[2025-04-16T15:05:03.855+0000][1597.864s][info][gc,metaspace   ] GC(1015) Metaspace: 37398K(37760K)->37398K(37760K) NonClass: 32971K(33152K)->32971K(33152K) Class: 4426K(4608K)->4426K(4608K)
[2025-04-16T15:05:03.855+0000][1597.864s][info][gc             ] GC(1015) Pause Young (Allocation Failure) 23M->14M(31M) 1.260ms
[2025-04-16T15:05:03.855+0000][1597.864s][info][gc,cpu         ] GC(1015) User=0.01s Sys=0.00s Real=0.01s
[2025-04-16T15:05:05.384+0000][1599.393s][info][gc,start       ] GC(1016) Pause Young (Allocation Failure)
[2025-04-16T15:05:05.385+0000][1599.394s][info][gc,heap        ] GC(1016) DefNew: 9165K(10176K)->88K(10176K) Eden: 9088K(9088K)->0K(9088K) From: 77K(1088K)->88K(1088K)
[2025-04-16T15:05:05.385+0000][1599.394s][info][gc,heap        ] GC(1016) Tenured: 14777K(22484K)->14777K(22484K)
[2025-04-16T15:05:05.385+0000][1599.394s][info][gc,metaspace   ] GC(1016) Metaspace: 37398K(37760K)->37398K(37760K) NonClass: 32971K(33152K)->32971K(33152K) Class: 4426K(4608K)->4426K(4608K)
[2025-04-16T15:05:05.385+0000][1599.394s][info][gc             ] GC(1016) Pause Young (Allocation Failure) 23M->14M(31M) 1.390ms
[2025-04-16T15:05:05.385+0000][1599.394s][info][gc,cpu         ] GC(1016) User=0.00s Sys=0.00s Real=0.01s
[2025-04-16T15:05:07.016+0000][1601.025s][info][gc,start       ] GC(1017) Pause Young (Allocation Failure)
[2025-04-16T15:05:07.018+0000][1601.027s][info][gc,heap        ] GC(1017) DefNew: 9176K(10176K)->91K(10176K) Eden: 9087K(9088K)->0K(9088K) From: 88K(1088K)->91K(1088K)
[2025-04-16T15:05:07.018+0000][1601.027s][info][gc,heap        ] GC(1017) Tenured: 14777K(22484K)->14781K(22484K)
[2025-04-16T15:05:07.018+0000][1601.027s][info][gc,metaspace   ] GC(1017) Metaspace: 37398K(37760K)->37398K(37760K) NonClass: 32971K(33152K)->32971K(33152K) Class: 4426K(4608K)->4426K(4608K)
[2025-04-16T15:05:07.018+0000][1601.027s][info][gc             ] GC(1017) Pause Young (Allocation Failure) 23M->14M(31M) 1.999ms
[2025-04-16T15:05:07.018+0000][1601.027s][info][gc,cpu         ] GC(1017) User=0.01s Sys=0.00s Real=0.00s
[2025-04-16T15:05:08.748+0000][1602.757s][info][gc,start       ] GC(1018) Pause Young (Allocation Failure)
[2025-04-16T15:05:08.749+0000][1602.758s][info][gc,heap        ] GC(1018) DefNew: 9179K(10176K)->81K(10176K) Eden: 9088K(9088K)->0K(9088K) From: 91K(1088K)->81K(1088K)
[2025-04-16T15:05:08.749+0000][1602.758s][info][gc,heap        ] GC(1018) Tenured: 14781K(22484K)->14782K(22484K)
[2025-04-16T15:05:08.749+0000][1602.758s][info][gc,metaspace   ] GC(1018) Metaspace: 37398K(37760K)->37398K(37760K) NonClass: 32971K(33152K)->32971K(33152K) Class: 4426K(4608K)->4426K(4608K)
[2025-04-16T15:05:08.749+0000][1602.758s][info][gc             ] GC(1018) Pause Young (Allocation Failure) 23M->14M(31M) 1.357ms
[2025-04-16T15:05:08.749+0000][1602.758s][info][gc,cpu         ] GC(1018) User=0.00s Sys=0.00s Real=0.00s
[2025-04-16T15:05:10.172+0000][1604.181s][info][gc,start       ] GC(1019) Pause Young (Allocation Failure)
[2025-04-16T15:05:10.173+0000][1604.182s][info][gc,heap        ] GC(1019) DefNew: 9169K(10176K)->101K(10176K) Eden: 9088K(9088K)->0K(9088K) From: 81K(1088K)->101K(1088K)
[2025-04-16T15:05:10.173+0000][1604.182s][info][gc,heap        ] GC(1019) Tenured: 14782K(22484K)->14782K(22484K)
[2025-04-16T15:05:10.173+0000][1604.182s][info][gc,metaspace   ] GC(1019) Metaspace: 37398K(37760K)->37398K(37760K) NonClass: 32971K(33152K)->32971K(33152K) Class: 4426K(4608K)->4426K(4608K)
[2025-04-16T15:05:10.173+0000][1604.182s][info][gc             ] GC(1019) Pause Young (Allocation Failure) 23M->14M(31M) 1.314ms
[2025-04-16T15:05:10.173+0000][1604.182s][info][gc,cpu         ] GC(1019) User=0.01s Sys=0.00s Real=0.00s
[2025-04-16T15:05:11.905+0000][1605.914s][info][gc,start       ] GC(1020) Pause Young (Allocation Failure)
[2025-04-16T15:05:11.906+0000][1605.915s][info][gc,heap        ] GC(1020) DefNew: 9179K(10176K)->103K(10176K) Eden: 9078K(9088K)->0K(9088K) From: 101K(1088K)->103K(1088K)
[2025-04-16T15:05:11.906+0000][1605.915s][info][gc,heap        ] GC(1020) Tenured: 14782K(22484K)->14782K(22484K)
[2025-04-16T15:05:11.906+0000][1605.915s][info][gc,metaspace   ] GC(1020) Metaspace: 37398K(37760K)->37398K(37760K) NonClass: 32971K(33152K)->32971K(33152K) Class: 4426K(4608K)->4426K(4608K)
[2025-04-16T15:05:11.906+0000][1605.915s][info][gc             ] GC(1020) Pause Young (Allocation Failure) 23M->14M(31M) 1.336ms
[2025-04-16T15:05:11.906+0000][1605.915s][info][gc,cpu         ] GC(1020) User=0.00s Sys=0.00s Real=0.00s
[2025-04-16T15:05:13.552+0000][1607.561s][info][gc,start       ] GC(1021) Pause Young (Allocation Failure)
[2025-04-16T15:05:13.553+0000][1607.562s][info][gc,heap        ] GC(1021) DefNew: 9191K(10176K)->87K(10176K) Eden: 9088K(9088K)->0K(9088K) From: 103K(1088K)->87K(1088K)
[2025-04-16T15:05:13.553+0000][1607.562s][info][gc,heap        ] GC(1021) Tenured: 14782K(22484K)->14782K(22484K)
[2025-04-16T15:05:13.553+0000][1607.562s][info][gc,metaspace   ] GC(1021) Metaspace: 37398K(37760K)->37398K(37760K) NonClass: 32971K(33152K)->32971K(33152K) Class: 4426K(4608K)->4426K(4608K)
[2025-04-16T15:05:13.553+0000][1607.562s][info][gc             ] GC(1021) Pause Young (Allocation Failure) 23M->14M(31M) 1.303ms
[2025-04-16T15:05:13.553+0000][1607.562s][info][gc,cpu         ] GC(1021) User=0.00s Sys=0.00s Real=0.00s
[2025-04-16T15:05:14.956+0000][1608.965s][info][gc,start       ] GC(1022) Pause Young (Allocation Failure)
[2025-04-16T15:05:14.957+0000][1608.966s][info][gc,heap        ] GC(1022) DefNew: 9175K(10176K)->87K(10176K) Eden: 9088K(9088K)->0K(9088K) From: 87K(1088K)->87K(1088K)
[2025-04-16T15:05:14.957+0000][1608.966s][info][gc,heap        ] GC(1022) Tenured: 14782K(22484K)->14782K(22484K)
[2025-04-16T15:05:14.957+0000][1608.966s][info][gc,metaspace   ] GC(1022) Metaspace: 37398K(37760K)->37398K(37760K) NonClass: 32971K(33152K)->32971K(33152K) Class: 4426K(4608K)->4426K(4608K)
[2025-04-16T15:05:14.957+0000][1608.966s][info][gc             ] GC(1022) Pause Young (Allocation Failure) 23M->14M(31M) 1.263ms
[2025-04-16T15:05:14.957+0000][1608.966s][info][gc,cpu         ] GC(1022) User=0.00s Sys=0.00s Real=0.00s
[2025-04-16T15:05:16.754+0000][1610.763s][info][gc,start       ] GC(1023) Pause Young (Allocation Failure)
[2025-04-16T15:05:16.755+0000][1610.764s][info][gc,heap        ] GC(1023) DefNew: 9175K(10176K)->104K(10176K) Eden: 9088K(9088K)->0K(9088K) From: 87K(1088K)->104K(1088K)
[2025-04-16T15:05:16.755+0000][1610.764s][info][gc,heap        ] GC(1023) Tenured: 14782K(22484K)->14783K(22484K)
[2025-04-16T15:05:16.755+0000][1610.764s][info][gc,metaspace   ] GC(1023) Metaspace: 37400K(37760K)->37400K(37760K) NonClass: 32973K(33152K)->32973K(33152K) Class: 4426K(4608K)->4426K(4608K)
[2025-04-16T15:05:16.755+0000][1610.764s][info][gc             ] GC(1023) Pause Young (Allocation Failure) 23M->14M(31M) 1.351ms
[2025-04-16T15:05:16.755+0000][1610.764s][info][gc,cpu         ] GC(1023) User=0.00s Sys=0.00s Real=0.01s
[2025-04-16T15:05:18.319+0000][1612.328s][info][gc,start       ] GC(1024) Pause Young (Allocation Failure)
[2025-04-16T15:05:18.320+0000][1612.330s][info][gc,heap        ] GC(1024) DefNew: 9192K(10176K)->103K(10176K) Eden: 9088K(9088K)->0K(9088K) From: 104K(1088K)->103K(1088K)
[2025-04-16T15:05:18.321+0000][1612.330s][info][gc,heap        ] GC(1024) Tenured: 14783K(22484K)->14786K(22484K)
[2025-04-16T15:05:18.321+0000][1612.330s][info][gc,metaspace   ] GC(1024) Metaspace: 37400K(37760K)->37400K(37760K) NonClass: 32973K(33152K)->32973K(33152K) Class: 4426K(4608K)->4426K(4608K)
[2025-04-16T15:05:18.321+0000][1612.330s][info][gc             ] GC(1024) Pause Young (Allocation Failure) 23M->14M(31M) 1.324ms
[2025-04-16T15:05:18.321+0000][1612.330s][info][gc,cpu         ] GC(1024) User=0.00s Sys=0.00s Real=0.00s
[2025-04-16T15:05:19.755+0000][1613.764s][info][gc,start       ] GC(1025) Pause Young (Allocation Failure)
[2025-04-16T15:05:19.756+0000][1613.765s][info][gc,heap        ] GC(1025) DefNew: 9191K(10176K)->91K(10176K) Eden: 9088K(9088K)->0K(9088K) From: 103K(1088K)->91K(1088K)
[2025-04-16T15:05:19.756+0000][1613.766s][info][gc,heap        ] GC(1025) Tenured: 14786K(22484K)->14787K(22484K)
[2025-04-16T15:05:19.756+0000][1613.766s][info][gc,metaspace   ] GC(1025) Metaspace: 37400K(37760K)->37400K(37760K) NonClass: 32973K(33152K)->32973K(33152K) Class: 4426K(4608K)->4426K(4608K)
[2025-04-16T15:05:19.757+0000][1613.766s][info][gc             ] GC(1025) Pause Young (Allocation Failure) 23M->14M(31M) 1.306ms
[2025-04-16T15:05:19.757+0000][1613.766s][info][gc,cpu         ] GC(1025) User=0.00s Sys=0.00s Real=0.00s
[2025-04-16T15:05:21.319+0000][1615.328s][info][gc,start       ] GC(1026) Pause Young (Allocation Failure)
[2025-04-16T15:05:21.320+0000][1615.329s][info][gc,heap        ] GC(1026) DefNew: 9170K(10176K)->87K(10176K) Eden: 9079K(9088K)->0K(9088K) From: 91K(1088K)->87K(1088K)
[2025-04-16T15:05:21.320+0000][1615.329s][info][gc,heap        ] GC(1026) Tenured: 14787K(22484K)->14788K(22484K)
[2025-04-16T15:05:21.320+0000][1615.329s][info][gc,metaspace   ] GC(1026) Metaspace: 37400K(37760K)->37400K(37760K) NonClass: 32973K(33152K)->32973K(33152K) Class: 4426K(4608K)->4426K(4608K)
[2025-04-16T15:05:21.320+0000][1615.329s][info][gc             ] GC(1026) Pause Young (Allocation Failure) 23M->14M(31M) 1.360ms
[2025-04-16T15:05:21.320+0000][1615.329s][info][gc,cpu         ] GC(1026) User=0.00s Sys=0.00s Real=0.00s
[2025-04-16T15:05:22.942+0000][1616.951s][info][gc,start       ] GC(1027) Pause Young (Allocation Failure)
[2025-04-16T15:05:22.943+0000][1616.952s][info][gc,heap        ] GC(1027) DefNew: 9175K(10176K)->83K(10176K) Eden: 9088K(9088K)->0K(9088K) From: 87K(1088K)->83K(1088K)
[2025-04-16T15:05:22.943+0000][1616.952s][info][gc,heap        ] GC(1027) Tenured: 14788K(22484K)->14789K(22484K)
[2025-04-16T15:05:22.943+0000][1616.952s][info][gc,metaspace   ] GC(1027) Metaspace: 37400K(37760K)->37400K(37760K) NonClass: 32973K(33152K)->32973K(33152K) Class: 4426K(4608K)->4426K(4608K)
[2025-04-16T15:05:22.943+0000][1616.952s][info][gc             ] GC(1027) Pause Young (Allocation Failure) 23M->14M(31M) 1.308ms
[2025-04-16T15:05:22.943+0000][1616.952s][info][gc,cpu         ] GC(1027) User=0.00s Sys=0.00s Real=0.00s
[2025-04-16T15:05:24.526+0000][1618.535s][info][gc,start       ] GC(1028) Pause Young (Allocation Failure)
[2025-04-16T15:05:24.527+0000][1618.536s][info][gc,heap        ] GC(1028) DefNew: 9166K(10176K)->93K(10176K) Eden: 9082K(9088K)->0K(9088K) From: 83K(1088K)->93K(1088K)
[2025-04-16T15:05:24.527+0000][1618.536s][info][gc,heap        ] GC(1028) Tenured: 14789K(22484K)->14789K(22484K)
[2025-04-16T15:05:24.527+0000][1618.536s][info][gc,metaspace   ] GC(1028) Metaspace: 37400K(37760K)->37400K(37760K) NonClass: 32973K(33152K)->32973K(33152K) Class: 4426K(4608K)->4426K(4608K)
[2025-04-16T15:05:24.527+0000][1618.536s][info][gc             ] GC(1028) Pause Young (Allocation Failure) 23M->14M(31M) 1.254ms
[2025-04-16T15:05:24.527+0000][1618.536s][info][gc,cpu         ] GC(1028) User=0.00s Sys=0.00s Real=0.00s
[2025-04-16T15:05:26.286+0000][1620.295s][info][gc,start       ] GC(1029) Pause Young (Allocation Failure)
[2025-04-16T15:05:26.287+0000][1620.296s][info][gc,heap        ] GC(1029) DefNew: 9173K(10176K)->86K(10176K) Eden: 9079K(9088K)->0K(9088K) From: 93K(1088K)->86K(1088K)
[2025-04-16T15:05:26.287+0000][1620.296s][info][gc,heap        ] GC(1029) Tenured: 14789K(22484K)->14792K(22484K)
[2025-04-16T15:05:26.287+0000][1620.296s][info][gc,metaspace   ] GC(1029) Metaspace: 37400K(37760K)->37400K(37760K) NonClass: 32973K(33152K)->32973K(33152K) Class: 4426K(4608K)->4426K(4608K)
[2025-04-16T15:05:26.287+0000][1620.296s][info][gc             ] GC(1029) Pause Young (Allocation Failure) 23M->14M(31M) 1.249ms
[2025-04-16T15:05:26.287+0000][1620.296s][info][gc,cpu         ] GC(1029) User=0.00s Sys=0.00s Real=0.00s
[2025-04-16T15:05:27.753+0000][1621.762s][info][gc,start       ] GC(1030) Pause Young (Allocation Failure)
[2025-04-16T15:05:27.755+0000][1621.764s][info][gc,heap        ] GC(1030) DefNew: 9174K(10176K)->87K(10176K) Eden: 9088K(9088K)->0K(9088K) From: 86K(1088K)->87K(1088K)
[2025-04-16T15:05:27.755+0000][1621.764s][info][gc,heap        ] GC(1030) Tenured: 14792K(22484K)->14793K(22484K)
[2025-04-16T15:05:27.755+0000][1621.764s][info][gc,metaspace   ] GC(1030) Metaspace: 37400K(37760K)->37400K(37760K) NonClass: 32973K(33152K)->32973K(33152K) Class: 4426K(4608K)->4426K(4608K)
[2025-04-16T15:05:27.755+0000][1621.764s][info][gc             ] GC(1030) Pause Young (Allocation Failure) 23M->14M(31M) 1.365ms
[2025-04-16T15:05:27.755+0000][1621.764s][info][gc,cpu         ] GC(1030) User=0.01s Sys=0.00s Real=0.01s
[2025-04-16T15:05:29.524+0000][1623.533s][info][gc,start       ] GC(1031) Pause Young (Allocation Failure)
[2025-04-16T15:05:29.526+0000][1623.535s][info][gc,heap        ] GC(1031) DefNew: 9175K(10176K)->103K(10176K) Eden: 9088K(9088K)->0K(9088K) From: 87K(1088K)->103K(1088K)
[2025-04-16T15:05:29.526+0000][1623.535s][info][gc,heap        ] GC(1031) Tenured: 14793K(22484K)->14793K(22484K)
[2025-04-16T15:05:29.526+0000][1623.535s][info][gc,metaspace   ] GC(1031) Metaspace: 37401K(37760K)->37401K(37760K) NonClass: 32974K(33152K)->32974K(33152K) Class: 4426K(4608K)->4426K(4608K)
[2025-04-16T15:05:29.526+0000][1623.535s][info][gc             ] GC(1031) Pause Young (Allocation Failure) 23M->14M(31M) 1.408ms
[2025-04-16T15:05:29.526+0000][1623.535s][info][gc,cpu         ] GC(1031) User=0.00s Sys=0.00s Real=0.00s
[2025-04-16T15:05:31.116+0000][1625.125s][info][gc,start       ] GC(1032) Pause Young (Allocation Failure)
[2025-04-16T15:05:31.117+0000][1625.126s][info][gc,heap        ] GC(1032) DefNew: 9191K(10176K)->103K(10176K) Eden: 9088K(9088K)->0K(9088K) From: 103K(1088K)->103K(1088K)
[2025-04-16T15:05:31.117+0000][1625.126s][info][gc,heap        ] GC(1032) Tenured: 14793K(22484K)->14793K(22484K)
[2025-04-16T15:05:31.117+0000][1625.126s][info][gc,metaspace   ] GC(1032) Metaspace: 37401K(37760K)->37401K(37760K) NonClass: 32974K(33152K)->32974K(33152K) Class: 4426K(4608K)->4426K(4608K)
[2025-04-16T15:05:31.117+0000][1625.126s][info][gc             ] GC(1032) Pause Young (Allocation Failure) 23M->14M(31M) 1.286ms
[2025-04-16T15:05:31.117+0000][1625.126s][info][gc,cpu         ] GC(1032) User=0.00s Sys=0.00s Real=0.00s
[2025-04-16T15:05:32.797+0000][1626.806s][info][gc,start       ] GC(1033) Pause Young (Allocation Failure)
[2025-04-16T15:05:32.799+0000][1626.808s][info][gc,heap        ] GC(1033) DefNew: 9191K(10176K)->102K(10176K) Eden: 9088K(9088K)->0K(9088K) From: 103K(1088K)->102K(1088K)
[2025-04-16T15:05:32.799+0000][1626.808s][info][gc,heap        ] GC(1033) Tenured: 14793K(22484K)->14793K(22484K)
[2025-04-16T15:05:32.799+0000][1626.808s][info][gc,metaspace   ] GC(1033) Metaspace: 37401K(37760K)->37401K(37760K) NonClass: 32974K(33152K)->32974K(33152K) Class: 4426K(4608K)->4426K(4608K)
[2025-04-16T15:05:32.799+0000][1626.808s][info][gc             ] GC(1033) Pause Young (Allocation Failure) 23M->14M(31M) 1.204ms
[2025-04-16T15:05:32.799+0000][1626.808s][info][gc,cpu         ] GC(1033) User=0.00s Sys=0.00s Real=0.00s
[2025-04-16T15:05:34.128+0000][1628.137s][info][gc,start       ] GC(1034) Pause Young (Allocation Failure)
[2025-04-16T15:05:34.129+0000][1628.138s][info][gc,heap        ] GC(1034) DefNew: 9190K(10176K)->76K(10176K) Eden: 9088K(9088K)->0K(9088K) From: 102K(1088K)->76K(1088K)
[2025-04-16T15:05:34.129+0000][1628.138s][info][gc,heap        ] GC(1034) Tenured: 14793K(22484K)->14794K(22484K)
[2025-04-16T15:05:34.129+0000][1628.138s][info][gc,metaspace   ] GC(1034) Metaspace: 37401K(37760K)->37401K(37760K) NonClass: 32974K(33152K)->32974K(33152K) Class: 4426K(4608K)->4426K(4608K)
[2025-04-16T15:05:34.129+0000][1628.138s][info][gc             ] GC(1034) Pause Young (Allocation Failure) 23M->14M(31M) 1.281ms
[2025-04-16T15:05:34.129+0000][1628.138s][info][gc,cpu         ] GC(1034) User=0.00s Sys=0.00s Real=0.00s
[2025-04-16T15:05:35.796+0000][1629.805s][info][gc,start       ] GC(1035) Pause Young (Allocation Failure)
[2025-04-16T15:05:35.798+0000][1629.807s][info][gc,heap        ] GC(1035) DefNew: 9163K(10176K)->106K(10176K) Eden: 9086K(9088K)->0K(9088K) From: 76K(1088K)->106K(1088K)
[2025-04-16T15:05:35.798+0000][1629.807s][info][gc,heap        ] GC(1035) Tenured: 14794K(22484K)->14794K(22484K)
[2025-04-16T15:05:35.798+0000][1629.807s][info][gc,metaspace   ] GC(1035) Metaspace: 37401K(37760K)->37401K(37760K) NonClass: 32974K(33152K)->32974K(33152K) Class: 4426K(4608K)->4426K(4608K)
[2025-04-16T15:05:35.798+0000][1629.807s][info][gc             ] GC(1035) Pause Young (Allocation Failure) 23M->14M(31M) 2.342ms
[2025-04-16T15:05:35.798+0000][1629.807s][info][gc,cpu         ] GC(1035) User=0.01s Sys=0.00s Real=0.00s
[2025-04-16T15:05:37.402+0000][1631.411s][info][gc,start       ] GC(1036) Pause Young (Allocation Failure)
[2025-04-16T15:05:37.403+0000][1631.412s][info][gc,heap        ] GC(1036) DefNew: 9194K(10176K)->91K(10176K) Eden: 9088K(9088K)->0K(9088K) From: 106K(1088K)->91K(1088K)
[2025-04-16T15:05:37.403+0000][1631.413s][info][gc,heap        ] GC(1036) Tenured: 14794K(22484K)->14797K(22484K)
[2025-04-16T15:05:37.403+0000][1631.413s][info][gc,metaspace   ] GC(1036) Metaspace: 37401K(37760K)->37401K(37760K) NonClass: 32974K(33152K)->32974K(33152K) Class: 4426K(4608K)->4426K(4608K)
[2025-04-16T15:05:37.404+0000][1631.413s][info][gc             ] GC(1036) Pause Young (Allocation Failure) 23M->14M(31M) 1.342ms
[2025-04-16T15:05:37.404+0000][1631.413s][info][gc,cpu         ] GC(1036) User=0.00s Sys=0.00s Real=0.00s
[2025-04-16T15:05:39.191+0000][1633.200s][info][gc,start       ] GC(1037) Pause Young (Allocation Failure)
[2025-04-16T15:05:39.193+0000][1633.202s][info][gc,heap        ] GC(1037) DefNew: 9179K(10176K)->116K(10176K) Eden: 9088K(9088K)->0K(9088K) From: 91K(1088K)->116K(1088K)
[2025-04-16T15:05:39.193+0000][1633.202s][info][gc,heap        ] GC(1037) Tenured: 14797K(22484K)->14798K(22484K)
[2025-04-16T15:05:39.193+0000][1633.202s][info][gc,metaspace   ] GC(1037) Metaspace: 37401K(37760K)->37401K(37760K) NonClass: 32974K(33152K)->32974K(33152K) Class: 4426K(4608K)->4426K(4608K)
[2025-04-16T15:05:39.193+0000][1633.202s][info][gc             ] GC(1037) Pause Young (Allocation Failure) 23M->14M(31M) 1.460ms
[2025-04-16T15:05:39.193+0000][1633.202s][info][gc,cpu         ] GC(1037) User=0.00s Sys=0.00s Real=0.00s
[2025-04-16T15:05:40.950+0000][1634.959s][info][gc,start       ] GC(1038) Pause Young (Allocation Failure)
[2025-04-16T15:05:40.952+0000][1634.961s][info][gc,heap        ] GC(1038) DefNew: 9204K(10176K)->113K(10176K) Eden: 9088K(9088K)->0K(9088K) From: 116K(1088K)->113K(1088K)
[2025-04-16T15:05:40.952+0000][1634.961s][info][gc,heap        ] GC(1038) Tenured: 14798K(22484K)->14798K(22484K)
[2025-04-16T15:05:40.952+0000][1634.961s][info][gc,metaspace   ] GC(1038) Metaspace: 37401K(37760K)->37401K(37760K) NonClass: 32974K(33152K)->32974K(33152K) Class: 4426K(4608K)->4426K(4608K)
[2025-04-16T15:05:40.952+0000][1634.962s][info][gc             ] GC(1038) Pause Young (Allocation Failure) 23M->14M(31M) 2.508ms
[2025-04-16T15:05:40.953+0000][1634.962s][info][gc,cpu         ] GC(1038) User=0.00s Sys=0.00s Real=0.00s
[2025-04-16T15:05:42.790+0000][1636.799s][info][gc,start       ] GC(1039) Pause Young (Allocation Failure)
[2025-04-16T15:05:42.791+0000][1636.800s][info][gc,heap        ] GC(1039) DefNew: 9201K(10176K)->99K(10176K) Eden: 9088K(9088K)->0K(9088K) From: 113K(1088K)->99K(1088K)
[2025-04-16T15:05:42.791+0000][1636.800s][info][gc,heap        ] GC(1039) Tenured: 14798K(22484K)->14799K(22484K)
[2025-04-16T15:05:42.791+0000][1636.800s][info][gc,metaspace   ] GC(1039) Metaspace: 37401K(37760K)->37401K(37760K) NonClass: 32974K(33152K)->32974K(33152K) Class: 4426K(4608K)->4426K(4608K)
[2025-04-16T15:05:42.791+0000][1636.800s][info][gc             ] GC(1039) Pause Young (Allocation Failure) 23M->14M(31M) 1.265ms
[2025-04-16T15:05:42.791+0000][1636.800s][info][gc,cpu         ] GC(1039) User=0.01s Sys=0.00s Real=0.00s
[2025-04-16T15:05:44.346+0000][1638.355s][info][gc,start       ] GC(1040) Pause Young (Allocation Failure)
[2025-04-16T15:05:44.347+0000][1638.356s][info][gc,heap        ] GC(1040) DefNew: 9187K(10176K)->93K(10176K) Eden: 9087K(9088K)->0K(9088K) From: 99K(1088K)->93K(1088K)
[2025-04-16T15:05:44.347+0000][1638.356s][info][gc,heap        ] GC(1040) Tenured: 14799K(22484K)->14800K(22484K)
[2025-04-16T15:05:44.347+0000][1638.356s][info][gc,metaspace   ] GC(1040) Metaspace: 37401K(37760K)->37401K(37760K) NonClass: 32974K(33152K)->32974K(33152K) Class: 4426K(4608K)->4426K(4608K)
[2025-04-16T15:05:44.347+0000][1638.356s][info][gc             ] GC(1040) Pause Young (Allocation Failure) 23M->14M(31M) 1.289ms
[2025-04-16T15:05:44.347+0000][1638.356s][info][gc,cpu         ] GC(1040) User=0.00s Sys=0.00s Real=0.00s
[2025-04-16T15:05:45.936+0000][1639.945s][info][gc,start       ] GC(1041) Pause Young (Allocation Failure)
[2025-04-16T15:05:45.937+0000][1639.946s][info][gc,heap        ] GC(1041) DefNew: 9181K(10176K)->70K(10176K) Eden: 9088K(9088K)->0K(9088K) From: 93K(1088K)->70K(1088K)
[2025-04-16T15:05:45.937+0000][1639.946s][info][gc,heap        ] GC(1041) Tenured: 14800K(22484K)->14801K(22484K)
[2025-04-16T15:05:45.937+0000][1639.946s][info][gc,metaspace   ] GC(1041) Metaspace: 37401K(37760K)->37401K(37760K) NonClass: 32974K(33152K)->32974K(33152K) Class: 4426K(4608K)->4426K(4608K)
[2025-04-16T15:05:45.937+0000][1639.946s][info][gc             ] GC(1041) Pause Young (Allocation Failure) 23M->14M(31M) 1.316ms
[2025-04-16T15:05:45.937+0000][1639.946s][info][gc,cpu         ] GC(1041) User=0.00s Sys=0.00s Real=0.00s
[2025-04-16T15:05:47.460+0000][1641.469s][info][gc,start       ] GC(1042) Pause Young (Allocation Failure)
[2025-04-16T15:05:47.462+0000][1641.471s][info][gc,heap        ] GC(1042) DefNew: 9158K(10176K)->79K(10176K) Eden: 9088K(9088K)->0K(9088K) From: 70K(1088K)->79K(1088K)
[2025-04-16T15:05:47.462+0000][1641.471s][info][gc,heap        ] GC(1042) Tenured: 14801K(22484K)->14802K(22484K)
[2025-04-16T15:05:47.462+0000][1641.471s][info][gc,metaspace   ] GC(1042) Metaspace: 37401K(37760K)->37401K(37760K) NonClass: 32974K(33152K)->32974K(33152K) Class: 4426K(4608K)->4426K(4608K)
[2025-04-16T15:05:47.462+0000][1641.471s][info][gc             ] GC(1042) Pause Young (Allocation Failure) 23M->14M(31M) 1.341ms
[2025-04-16T15:05:47.462+0000][1641.471s][info][gc,cpu         ] GC(1042) User=0.00s Sys=0.00s Real=0.00s
[2025-04-16T15:05:49.030+0000][1643.039s][info][gc,start       ] GC(1043) Pause Young (Allocation Failure)
[2025-04-16T15:05:49.031+0000][1643.040s][info][gc,heap        ] GC(1043) DefNew: 9167K(10176K)->78K(10176K) Eden: 9088K(9088K)->0K(9088K) From: 79K(1088K)->78K(1088K)
[2025-04-16T15:05:49.031+0000][1643.040s][info][gc,heap        ] GC(1043) Tenured: 14802K(22484K)->14803K(22484K)
[2025-04-16T15:05:49.031+0000][1643.040s][info][gc,metaspace   ] GC(1043) Metaspace: 37401K(37760K)->37401K(37760K) NonClass: 32974K(33152K)->32974K(33152K) Class: 4426K(4608K)->4426K(4608K)
[2025-04-16T15:05:49.031+0000][1643.040s][info][gc             ] GC(1043) Pause Young (Allocation Failure) 23M->14M(31M) 1.393ms
[2025-04-16T15:05:49.031+0000][1643.040s][info][gc,cpu         ] GC(1043) User=0.00s Sys=0.00s Real=0.00s
[2025-04-16T15:05:51.273+0000][1645.282s][info][gc,start       ] GC(1044) Pause Young (Allocation Failure)
[2025-04-16T15:05:51.274+0000][1645.283s][info][gc,heap        ] GC(1044) DefNew: 9166K(10176K)->94K(10176K) Eden: 9088K(9088K)->0K(9088K) From: 78K(1088K)->94K(1088K)
[2025-04-16T15:05:51.274+0000][1645.283s][info][gc,heap        ] GC(1044) Tenured: 14803K(22484K)->14803K(22484K)
[2025-04-16T15:05:51.274+0000][1645.283s][info][gc,metaspace   ] GC(1044) Metaspace: 37401K(37760K)->37401K(37760K) NonClass: 32974K(33152K)->32974K(33152K) Class: 4426K(4608K)->4426K(4608K)
[2025-04-16T15:05:51.274+0000][1645.283s][info][gc             ] GC(1044) Pause Young (Allocation Failure) 23M->14M(31M) 1.296ms
[2025-04-16T15:05:51.274+0000][1645.283s][info][gc,cpu         ] GC(1044) User=0.00s Sys=0.00s Real=0.01s
[2025-04-16T15:05:53.475+0000][1647.484s][info][gc,start       ] GC(1045) Pause Young (Allocation Failure)
[2025-04-16T15:05:53.477+0000][1647.486s][info][gc,heap        ] GC(1045) DefNew: 9182K(10176K)->95K(10176K) Eden: 9088K(9088K)->0K(9088K) From: 94K(1088K)->95K(1088K)
[2025-04-16T15:05:53.477+0000][1647.486s][info][gc,heap        ] GC(1045) Tenured: 14803K(22484K)->14803K(22484K)
[2025-04-16T15:05:53.477+0000][1647.486s][info][gc,metaspace   ] GC(1045) Metaspace: 37401K(37760K)->37401K(37760K) NonClass: 32974K(33152K)->32974K(33152K) Class: 4426K(4608K)->4426K(4608K)
[2025-04-16T15:05:53.477+0000][1647.486s][info][gc             ] GC(1045) Pause Young (Allocation Failure) 23M->14M(31M) 1.346ms
[2025-04-16T15:05:53.477+0000][1647.486s][info][gc,cpu         ] GC(1045) User=0.00s Sys=0.00s Real=0.00s
[2025-04-16T15:05:54.135+0000][1648.144s][info][gc,start       ] GC(1046) Pause Young (Allocation Failure)
[2025-04-16T15:05:54.137+0000][1648.146s][info][gc,heap        ] GC(1046) DefNew: 9183K(10176K)->78K(10176K) Eden: 9088K(9088K)->0K(9088K) From: 95K(1088K)->78K(1088K)
[2025-04-16T15:05:54.137+0000][1648.146s][info][gc,heap        ] GC(1046) Tenured: 14803K(22484K)->14804K(22484K)
[2025-04-16T15:05:54.137+0000][1648.146s][info][gc,metaspace   ] GC(1046) Metaspace: 37401K(37760K)->37401K(37760K) NonClass: 32974K(33152K)->32974K(33152K) Class: 4426K(4608K)->4426K(4608K)
[2025-04-16T15:05:54.137+0000][1648.146s][info][gc             ] GC(1046) Pause Young (Allocation Failure) 23M->14M(31M) 1.355ms
[2025-04-16T15:05:54.137+0000][1648.146s][info][gc,cpu         ] GC(1046) User=0.00s Sys=0.00s Real=0.00s
[2025-04-16T15:05:55.772+0000][1649.781s][info][gc,start       ] GC(1047) Pause Young (Allocation Failure)
[2025-04-16T15:05:55.774+0000][1649.783s][info][gc,heap        ] GC(1047) DefNew: 9166K(10176K)->77K(10176K) Eden: 9088K(9088K)->0K(9088K) From: 78K(1088K)->77K(1088K)
[2025-04-16T15:05:55.774+0000][1649.783s][info][gc,heap        ] GC(1047) Tenured: 14804K(22484K)->14807K(22484K)
[2025-04-16T15:05:55.774+0000][1649.783s][info][gc,metaspace   ] GC(1047) Metaspace: 37401K(37760K)->37401K(37760K) NonClass: 32974K(33152K)->32974K(33152K) Class: 4426K(4608K)->4426K(4608K)
[2025-04-16T15:05:55.774+0000][1649.783s][info][gc             ] GC(1047) Pause Young (Allocation Failure) 23M->14M(31M) 1.258ms
[2025-04-16T15:05:55.774+0000][1649.783s][info][gc,cpu         ] GC(1047) User=0.00s Sys=0.00s Real=0.00s
[2025-04-16T15:05:57.409+0000][1651.418s][info][gc,start       ] GC(1048) Pause Young (Allocation Failure)
[2025-04-16T15:05:57.411+0000][1651.420s][info][gc,heap        ] GC(1048) DefNew: 9165K(10176K)->81K(10176K) Eden: 9088K(9088K)->0K(9088K) From: 77K(1088K)->81K(1088K)
[2025-04-16T15:05:57.411+0000][1651.420s][info][gc,heap        ] GC(1048) Tenured: 14807K(22484K)->14807K(22484K)
[2025-04-16T15:05:57.411+0000][1651.420s][info][gc,metaspace   ] GC(1048) Metaspace: 37401K(37760K)->37401K(37760K) NonClass: 32974K(33152K)->32974K(33152K) Class: 4426K(4608K)->4426K(4608K)
[2025-04-16T15:05:57.411+0000][1651.420s][info][gc             ] GC(1048) Pause Young (Allocation Failure) 23M->14M(31M) 1.271ms
[2025-04-16T15:05:57.411+0000][1651.420s][info][gc,cpu         ] GC(1048) User=0.00s Sys=0.00s Real=0.00s
[2025-04-16T15:05:59.542+0000][1653.551s][info][gc,start       ] GC(1049) Pause Young (Allocation Failure)
[2025-04-16T15:05:59.543+0000][1653.552s][info][gc,heap        ] GC(1049) DefNew: 9169K(10176K)->70K(10176K) Eden: 9088K(9088K)->0K(9088K) From: 81K(1088K)->70K(1088K)
[2025-04-16T15:05:59.543+0000][1653.552s][info][gc,heap        ] GC(1049) Tenured: 14807K(22484K)->14809K(22484K)
[2025-04-16T15:05:59.543+0000][1653.552s][info][gc,metaspace   ] GC(1049) Metaspace: 37401K(37760K)->37401K(37760K) NonClass: 32974K(33152K)->32974K(33152K) Class: 4426K(4608K)->4426K(4608K)
[2025-04-16T15:05:59.543+0000][1653.552s][info][gc             ] GC(1049) Pause Young (Allocation Failure) 23M->14M(31M) 1.511ms
[2025-04-16T15:05:59.543+0000][1653.552s][info][gc,cpu         ] GC(1049) User=0.00s Sys=0.00s Real=0.00s
[2025-04-16T15:06:01.074+0000][1655.083s][info][gc,start       ] GC(1050) Pause Young (Allocation Failure)
[2025-04-16T15:06:01.075+0000][1655.084s][info][gc,heap        ] GC(1050) DefNew: 9158K(10176K)->91K(10176K) Eden: 9088K(9088K)->0K(9088K) From: 70K(1088K)->91K(1088K)
[2025-04-16T15:06:01.075+0000][1655.084s][info][gc,heap        ] GC(1050) Tenured: 14809K(22484K)->14809K(22484K)
[2025-04-16T15:06:01.075+0000][1655.084s][info][gc,metaspace   ] GC(1050) Metaspace: 37401K(37760K)->37401K(37760K) NonClass: 32974K(33152K)->32974K(33152K) Class: 4426K(4608K)->4426K(4608K)
[2025-04-16T15:06:01.075+0000][1655.084s][info][gc             ] GC(1050) Pause Young (Allocation Failure) 23M->14M(31M) 1.326ms
[2025-04-16T15:06:01.075+0000][1655.084s][info][gc,cpu         ] GC(1050) User=0.00s Sys=0.00s Real=0.01s
[2025-04-16T15:06:02.552+0000][1656.561s][info][gc,start       ] GC(1051) Pause Young (Allocation Failure)
[2025-04-16T15:06:02.553+0000][1656.562s][info][gc,heap        ] GC(1051) DefNew: 9179K(10176K)->73K(10176K) Eden: 9088K(9088K)->0K(9088K) From: 91K(1088K)->73K(1088K)
[2025-04-16T15:06:02.553+0000][1656.562s][info][gc,heap        ] GC(1051) Tenured: 14809K(22484K)->14809K(22484K)
[2025-04-16T15:06:02.553+0000][1656.562s][info][gc,metaspace   ] GC(1051) Metaspace: 37401K(37760K)->37401K(37760K) NonClass: 32974K(33152K)->32974K(33152K) Class: 4426K(4608K)->4426K(4608K)
[2025-04-16T15:06:02.553+0000][1656.562s][info][gc             ] GC(1051) Pause Young (Allocation Failure) 23M->14M(31M) 1.187ms
[2025-04-16T15:06:02.553+0000][1656.562s][info][gc,cpu         ] GC(1051) User=0.00s Sys=0.00s Real=0.00s
[2025-04-16T15:06:04.230+0000][1658.239s][info][gc,start       ] GC(1052) Pause Young (Allocation Failure)
[2025-04-16T15:06:04.231+0000][1658.240s][info][gc,heap        ] GC(1052) DefNew: 9161K(10176K)->104K(10176K) Eden: 9088K(9088K)->0K(9088K) From: 73K(1088K)->104K(1088K)
[2025-04-16T15:06:04.231+0000][1658.240s][info][gc,heap        ] GC(1052) Tenured: 14809K(22484K)->14809K(22484K)
[2025-04-16T15:06:04.231+0000][1658.240s][info][gc,metaspace   ] GC(1052) Metaspace: 37401K(37760K)->37401K(37760K) NonClass: 32974K(33152K)->32974K(33152K) Class: 4426K(4608K)->4426K(4608K)
[2025-04-16T15:06:04.231+0000][1658.240s][info][gc             ] GC(1052) Pause Young (Allocation Failure) 23M->14M(31M) 1.377ms
[2025-04-16T15:06:04.231+0000][1658.240s][info][gc,cpu         ] GC(1052) User=0.00s Sys=0.00s Real=0.00s
[2025-04-16T15:06:05.635+0000][1659.644s][info][gc,start       ] GC(1053) Pause Young (Allocation Failure)
[2025-04-16T15:06:05.637+0000][1659.646s][info][gc,heap        ] GC(1053) DefNew: 9192K(10176K)->75K(10176K) Eden: 9088K(9088K)->0K(9088K) From: 104K(1088K)->75K(1088K)
[2025-04-16T15:06:05.637+0000][1659.646s][info][gc,heap        ] GC(1053) Tenured: 14809K(22484K)->14809K(22484K)
[2025-04-16T15:06:05.637+0000][1659.646s][info][gc,metaspace   ] GC(1053) Metaspace: 37401K(37760K)->37401K(37760K) NonClass: 32974K(33152K)->32974K(33152K) Class: 4426K(4608K)->4426K(4608K)
[2025-04-16T15:06:05.637+0000][1659.646s][info][gc             ] GC(1053) Pause Young (Allocation Failure) 23M->14M(31M) 1.228ms
[2025-04-16T15:06:05.637+0000][1659.646s][info][gc,cpu         ] GC(1053) User=0.00s Sys=0.00s Real=0.00s
[2025-04-16T15:06:07.148+0000][1661.157s][info][gc,start       ] GC(1054) Pause Young (Allocation Failure)
[2025-04-16T15:06:07.149+0000][1661.158s][info][gc,heap        ] GC(1054) DefNew: 9163K(10176K)->87K(10176K) Eden: 9088K(9088K)->0K(9088K) From: 75K(1088K)->87K(1088K)
[2025-04-16T15:06:07.149+0000][1661.158s][info][gc,heap        ] GC(1054) Tenured: 14809K(22484K)->14809K(22484K)
[2025-04-16T15:06:07.149+0000][1661.158s][info][gc,metaspace   ] GC(1054) Metaspace: 37401K(37760K)->37401K(37760K) NonClass: 32974K(33152K)->32974K(33152K) Class: 4426K(4608K)->4426K(4608K)
[2025-04-16T15:06:07.149+0000][1661.158s][info][gc             ] GC(1054) Pause Young (Allocation Failure) 23M->14M(31M) 1.361ms
[2025-04-16T15:06:07.149+0000][1661.158s][info][gc,cpu         ] GC(1054) User=0.00s Sys=0.00s Real=0.00s
[2025-04-16T15:06:08.867+0000][1662.876s][info][gc,start       ] GC(1055) Pause Young (Allocation Failure)
[2025-04-16T15:06:08.868+0000][1662.877s][info][gc,heap        ] GC(1055) DefNew: 9175K(10176K)->89K(10176K) Eden: 9088K(9088K)->0K(9088K) From: 87K(1088K)->89K(1088K)
[2025-04-16T15:06:08.868+0000][1662.877s][info][gc,heap        ] GC(1055) Tenured: 14809K(22484K)->14809K(22484K)
[2025-04-16T15:06:08.868+0000][1662.877s][info][gc,metaspace   ] GC(1055) Metaspace: 37401K(37760K)->37401K(37760K) NonClass: 32974K(33152K)->32974K(33152K) Class: 4426K(4608K)->4426K(4608K)
[2025-04-16T15:06:08.868+0000][1662.877s][info][gc             ] GC(1055) Pause Young (Allocation Failure) 23M->14M(31M) 1.331ms
[2025-04-16T15:06:08.868+0000][1662.877s][info][gc,cpu         ] GC(1055) User=0.01s Sys=0.00s Real=0.00s
[2025-04-16T15:06:10.552+0000][1664.561s][info][gc,start       ] GC(1056) Pause Young (Allocation Failure)
[2025-04-16T15:06:10.554+0000][1664.563s][info][gc,heap        ] GC(1056) DefNew: 9177K(10176K)->78K(10176K) Eden: 9088K(9088K)->0K(9088K) From: 89K(1088K)->78K(1088K)
[2025-04-16T15:06:10.554+0000][1664.563s][info][gc,heap        ] GC(1056) Tenured: 14809K(22484K)->14809K(22484K)
[2025-04-16T15:06:10.554+0000][1664.563s][info][gc,metaspace   ] GC(1056) Metaspace: 37401K(37760K)->37401K(37760K) NonClass: 32974K(33152K)->32974K(33152K) Class: 4426K(4608K)->4426K(4608K)
[2025-04-16T15:06:10.554+0000][1664.563s][info][gc             ] GC(1056) Pause Young (Allocation Failure) 23M->14M(31M) 1.345ms
[2025-04-16T15:06:10.554+0000][1664.563s][info][gc,cpu         ] GC(1056) User=0.00s Sys=0.00s Real=0.00s
[2025-04-16T15:06:11.883+0000][1665.892s][info][gc,start       ] GC(1057) Pause Young (Allocation Failure)
[2025-04-16T15:06:11.884+0000][1665.893s][info][gc,heap        ] GC(1057) DefNew: 9166K(10176K)->77K(10176K) Eden: 9088K(9088K)->0K(9088K) From: 78K(1088K)->77K(1088K)
[2025-04-16T15:06:11.884+0000][1665.893s][info][gc,heap        ] GC(1057) Tenured: 14809K(22484K)->14809K(22484K)
[2025-04-16T15:06:11.884+0000][1665.893s][info][gc,metaspace   ] GC(1057) Metaspace: 37401K(37760K)->37401K(37760K) NonClass: 32974K(33152K)->32974K(33152K) Class: 4426K(4608K)->4426K(4608K)
[2025-04-16T15:06:11.884+0000][1665.893s][info][gc             ] GC(1057) Pause Young (Allocation Failure) 23M->14M(31M) 1.196ms
[2025-04-16T15:06:11.884+0000][1665.893s][info][gc,cpu         ] GC(1057) User=0.00s Sys=0.00s Real=0.00s
[2025-04-16T15:06:13.636+0000][1667.645s][info][gc,start       ] GC(1058) Pause Young (Allocation Failure)
[2025-04-16T15:06:13.637+0000][1667.646s][info][gc,heap        ] GC(1058) DefNew: 9165K(10176K)->78K(10176K) Eden: 9088K(9088K)->0K(9088K) From: 77K(1088K)->78K(1088K)
[2025-04-16T15:06:13.637+0000][1667.646s][info][gc,heap        ] GC(1058) Tenured: 14809K(22484K)->14809K(22484K)
[2025-04-16T15:06:13.637+0000][1667.646s][info][gc,metaspace   ] GC(1058) Metaspace: 37401K(37760K)->37401K(37760K) NonClass: 32974K(33152K)->32974K(33152K) Class: 4426K(4608K)->4426K(4608K)
[2025-04-16T15:06:13.637+0000][1667.646s][info][gc             ] GC(1058) Pause Young (Allocation Failure) 23M->14M(31M) 1.239ms
[2025-04-16T15:06:13.637+0000][1667.646s][info][gc,cpu         ] GC(1058) User=0.00s Sys=0.00s Real=0.00s
[2025-04-16T15:06:15.308+0000][1669.317s][info][gc,start       ] GC(1059) Pause Young (Allocation Failure)
[2025-04-16T15:06:15.309+0000][1669.318s][info][gc,heap        ] GC(1059) DefNew: 9166K(10176K)->94K(10176K) Eden: 9087K(9088K)->0K(9088K) From: 78K(1088K)->94K(1088K)
[2025-04-16T15:06:15.309+0000][1669.318s][info][gc,heap        ] GC(1059) Tenured: 14809K(22484K)->14809K(22484K)
[2025-04-16T15:06:15.309+0000][1669.319s][info][gc,metaspace   ] GC(1059) Metaspace: 37401K(37760K)->37401K(37760K) NonClass: 32974K(33152K)->32974K(33152K) Class: 4426K(4608K)->4426K(4608K)
[2025-04-16T15:06:15.310+0000][1669.319s][info][gc             ] GC(1059) Pause Young (Allocation Failure) 23M->14M(31M) 1.340ms
[2025-04-16T15:06:15.310+0000][1669.319s][info][gc,cpu         ] GC(1059) User=0.00s Sys=0.00s Real=0.00s
[2025-04-16T15:06:16.611+0000][1670.620s][info][gc,start       ] GC(1060) Pause Young (Allocation Failure)
[2025-04-16T15:06:16.612+0000][1670.621s][info][gc,heap        ] GC(1060) DefNew: 9182K(10176K)->92K(10176K) Eden: 9088K(9088K)->0K(9088K) From: 94K(1088K)->92K(1088K)
[2025-04-16T15:06:16.612+0000][1670.621s][info][gc,heap        ] GC(1060) Tenured: 14809K(22484K)->14809K(22484K)
[2025-04-16T15:06:16.612+0000][1670.621s][info][gc,metaspace   ] GC(1060) Metaspace: 37401K(37760K)->37401K(37760K) NonClass: 32974K(33152K)->32974K(33152K) Class: 4426K(4608K)->4426K(4608K)
[2025-04-16T15:06:16.612+0000][1670.621s][info][gc             ] GC(1060) Pause Young (Allocation Failure) 23M->14M(31M) 1.325ms
[2025-04-16T15:06:16.612+0000][1670.621s][info][gc,cpu         ] GC(1060) User=0.00s Sys=0.00s Real=0.00s
[2025-04-16T15:06:18.495+0000][1672.504s][info][gc,start       ] GC(1061) Pause Young (Allocation Failure)
[2025-04-16T15:06:18.496+0000][1672.505s][info][gc,heap        ] GC(1061) DefNew: 9180K(10176K)->74K(10176K) Eden: 9088K(9088K)->0K(9088K) From: 92K(1088K)->74K(1088K)
[2025-04-16T15:06:18.496+0000][1672.505s][info][gc,heap        ] GC(1061) Tenured: 14809K(22484K)->14810K(22484K)
[2025-04-16T15:06:18.496+0000][1672.505s][info][gc,metaspace   ] GC(1061) Metaspace: 37401K(37760K)->37401K(37760K) NonClass: 32974K(33152K)->32974K(33152K) Class: 4426K(4608K)->4426K(4608K)
[2025-04-16T15:06:18.496+0000][1672.505s][info][gc             ] GC(1061) Pause Young (Allocation Failure) 23M->14M(31M) 1.242ms
[2025-04-16T15:06:18.496+0000][1672.505s][info][gc,cpu         ] GC(1061) User=0.00s Sys=0.00s Real=0.00s
[2025-04-16T15:06:20.170+0000][1674.179s][info][gc,start       ] GC(1062) Pause Young (Allocation Failure)
[2025-04-16T15:06:20.171+0000][1674.180s][info][gc,heap        ] GC(1062) DefNew: 9162K(10176K)->72K(10176K) Eden: 9088K(9088K)->0K(9088K) From: 74K(1088K)->72K(1088K)
[2025-04-16T15:06:20.171+0000][1674.180s][info][gc,heap        ] GC(1062) Tenured: 14810K(22484K)->14811K(22484K)
[2025-04-16T15:06:20.171+0000][1674.180s][info][gc,metaspace   ] GC(1062) Metaspace: 37401K(37760K)->37401K(37760K) NonClass: 32974K(33152K)->32974K(33152K) Class: 4426K(4608K)->4426K(4608K)
[2025-04-16T15:06:20.171+0000][1674.180s][info][gc             ] GC(1062) Pause Young (Allocation Failure) 23M->14M(31M) 1.365ms
[2025-04-16T15:06:20.171+0000][1674.180s][info][gc,cpu         ] GC(1062) User=0.00s Sys=0.00s Real=0.00s
[2025-04-16T15:06:21.746+0000][1675.755s][info][gc,start       ] GC(1063) Pause Young (Allocation Failure)
[2025-04-16T15:06:21.747+0000][1675.756s][info][gc,heap        ] GC(1063) DefNew: 9160K(10176K)->73K(10176K) Eden: 9088K(9088K)->0K(9088K) From: 72K(1088K)->73K(1088K)
[2025-04-16T15:06:21.747+0000][1675.756s][info][gc,heap        ] GC(1063) Tenured: 14811K(22484K)->14811K(22484K)
[2025-04-16T15:06:21.747+0000][1675.756s][info][gc,metaspace   ] GC(1063) Metaspace: 37401K(37760K)->37401K(37760K) NonClass: 32974K(33152K)->32974K(33152K) Class: 4426K(4608K)->4426K(4608K)
[2025-04-16T15:06:21.747+0000][1675.756s][info][gc             ] GC(1063) Pause Young (Allocation Failure) 23M->14M(31M) 1.315ms
[2025-04-16T15:06:21.747+0000][1675.756s][info][gc,cpu         ] GC(1063) User=0.01s Sys=0.00s Real=0.00s
[2025-04-16T15:06:23.356+0000][1677.365s][info][gc,start       ] GC(1064) Pause Young (Allocation Failure)
[2025-04-16T15:06:23.357+0000][1677.366s][info][gc,heap        ] GC(1064) DefNew: 9161K(10176K)->76K(10176K) Eden: 9088K(9088K)->0K(9088K) From: 73K(1088K)->76K(1088K)
[2025-04-16T15:06:23.357+0000][1677.366s][info][gc,heap        ] GC(1064) Tenured: 14811K(22484K)->14811K(22484K)
[2025-04-16T15:06:23.357+0000][1677.366s][info][gc,metaspace   ] GC(1064) Metaspace: 37401K(37760K)->37401K(37760K) NonClass: 32974K(33152K)->32974K(33152K) Class: 4426K(4608K)->4426K(4608K)
[2025-04-16T15:06:23.357+0000][1677.366s][info][gc             ] GC(1064) Pause Young (Allocation Failure) 23M->14M(31M) 1.287ms
[2025-04-16T15:06:23.357+0000][1677.366s][info][gc,cpu         ] GC(1064) User=0.00s Sys=0.00s Real=0.00s
[2025-04-16T15:06:24.816+0000][1678.825s][info][gc,start       ] GC(1065) Pause Young (Allocation Failure)
[2025-04-16T15:06:24.817+0000][1678.826s][info][gc,heap        ] GC(1065) DefNew: 9164K(10176K)->72K(10176K) Eden: 9088K(9088K)->0K(9088K) From: 76K(1088K)->72K(1088K)
[2025-04-16T15:06:24.817+0000][1678.826s][info][gc,heap        ] GC(1065) Tenured: 14811K(22484K)->14811K(22484K)
[2025-04-16T15:06:24.817+0000][1678.826s][info][gc,metaspace   ] GC(1065) Metaspace: 37401K(37760K)->37401K(37760K) NonClass: 32974K(33152K)->32974K(33152K) Class: 4426K(4608K)->4426K(4608K)
[2025-04-16T15:06:24.817+0000][1678.826s][info][gc             ] GC(1065) Pause Young (Allocation Failure) 23M->14M(31M) 1.353ms
[2025-04-16T15:06:24.817+0000][1678.826s][info][gc,cpu         ] GC(1065) User=0.00s Sys=0.00s Real=0.00s
[2025-04-16T15:06:26.337+0000][1680.346s][info][gc,start       ] GC(1066) Pause Young (Allocation Failure)
[2025-04-16T15:06:26.338+0000][1680.347s][info][gc,heap        ] GC(1066) DefNew: 9160K(10176K)->91K(10176K) Eden: 9088K(9088K)->0K(9088K) From: 72K(1088K)->91K(1088K)
[2025-04-16T15:06:26.338+0000][1680.347s][info][gc,heap        ] GC(1066) Tenured: 14811K(22484K)->14811K(22484K)
[2025-04-16T15:06:26.338+0000][1680.347s][info][gc,metaspace   ] GC(1066) Metaspace: 37401K(37760K)->37401K(37760K) NonClass: 32974K(33152K)->32974K(33152K) Class: 4426K(4608K)->4426K(4608K)
[2025-04-16T15:06:26.338+0000][1680.347s][info][gc             ] GC(1066) Pause Young (Allocation Failure) 23M->14M(31M) 1.382ms
[2025-04-16T15:06:26.338+0000][1680.347s][info][gc,cpu         ] GC(1066) User=0.00s Sys=0.00s Real=0.00s
[2025-04-16T15:06:27.866+0000][1681.875s][info][gc,start       ] GC(1067) Pause Young (Allocation Failure)
[2025-04-16T15:06:27.867+0000][1681.876s][info][gc,heap        ] GC(1067) DefNew: 9179K(10176K)->84K(10176K) Eden: 9088K(9088K)->0K(9088K) From: 91K(1088K)->84K(1088K)
[2025-04-16T15:06:27.867+0000][1681.876s][info][gc,heap        ] GC(1067) Tenured: 14811K(22484K)->14811K(22484K)
[2025-04-16T15:06:27.867+0000][1681.876s][info][gc,metaspace   ] GC(1067) Metaspace: 37401K(37760K)->37401K(37760K) NonClass: 32974K(33152K)->32974K(33152K) Class: 4426K(4608K)->4426K(4608K)
[2025-04-16T15:06:27.867+0000][1681.876s][info][gc             ] GC(1067) Pause Young (Allocation Failure) 23M->14M(31M) 1.350ms
[2025-04-16T15:06:27.867+0000][1681.876s][info][gc,cpu         ] GC(1067) User=0.01s Sys=0.00s Real=0.00s
[2025-04-16T15:06:29.502+0000][1683.511s][info][gc,start       ] GC(1068) Pause Young (Allocation Failure)
[2025-04-16T15:06:29.503+0000][1683.512s][info][gc,heap        ] GC(1068) DefNew: 9172K(10176K)->73K(10176K) Eden: 9088K(9088K)->0K(9088K) From: 84K(1088K)->73K(1088K)
[2025-04-16T15:06:29.503+0000][1683.512s][info][gc,heap        ] GC(1068) Tenured: 14811K(22484K)->14811K(22484K)
[2025-04-16T15:06:29.503+0000][1683.512s][info][gc,metaspace   ] GC(1068) Metaspace: 37401K(37760K)->37401K(37760K) NonClass: 32974K(33152K)->32974K(33152K) Class: 4426K(4608K)->4426K(4608K)
[2025-04-16T15:06:29.503+0000][1683.512s][info][gc             ] GC(1068) Pause Young (Allocation Failure) 23M->14M(31M) 1.262ms
[2025-04-16T15:06:29.503+0000][1683.512s][info][gc,cpu         ] GC(1068) User=0.00s Sys=0.00s Real=0.00s
[2025-04-16T15:06:31.003+0000][1685.012s][info][gc,start       ] GC(1069) Pause Young (Allocation Failure)
[2025-04-16T15:06:31.004+0000][1685.013s][info][gc,heap        ] GC(1069) DefNew: 9161K(10176K)->85K(10176K) Eden: 9088K(9088K)->0K(9088K) From: 73K(1088K)->85K(1088K)
[2025-04-16T15:06:31.004+0000][1685.013s][info][gc,heap        ] GC(1069) Tenured: 14811K(22484K)->14811K(22484K)
[2025-04-16T15:06:31.004+0000][1685.013s][info][gc,metaspace   ] GC(1069) Metaspace: 37401K(37760K)->37401K(37760K) NonClass: 32974K(33152K)->32974K(33152K) Class: 4426K(4608K)->4426K(4608K)
[2025-04-16T15:06:31.004+0000][1685.013s][info][gc             ] GC(1069) Pause Young (Allocation Failure) 23M->14M(31M) 1.338ms
[2025-04-16T15:06:31.004+0000][1685.013s][info][gc,cpu         ] GC(1069) User=0.00s Sys=0.00s Real=0.00s
[2025-04-16T15:06:32.762+0000][1686.771s][info][gc,start       ] GC(1070) Pause Young (Allocation Failure)
[2025-04-16T15:06:32.764+0000][1686.773s][info][gc,heap        ] GC(1070) DefNew: 9173K(10176K)->89K(10176K) Eden: 9088K(9088K)->0K(9088K) From: 85K(1088K)->89K(1088K)
[2025-04-16T15:06:32.764+0000][1686.773s][info][gc,heap        ] GC(1070) Tenured: 14811K(22484K)->14811K(22484K)
[2025-04-16T15:06:32.764+0000][1686.773s][info][gc,metaspace   ] GC(1070) Metaspace: 37401K(37760K)->37401K(37760K) NonClass: 32974K(33152K)->32974K(33152K) Class: 4426K(4608K)->4426K(4608K)
[2025-04-16T15:06:32.764+0000][1686.773s][info][gc             ] GC(1070) Pause Young (Allocation Failure) 23M->14M(31M) 1.298ms
[2025-04-16T15:06:32.764+0000][1686.773s][info][gc,cpu         ] GC(1070) User=0.00s Sys=0.00s Real=0.00s
[2025-04-16T15:06:34.450+0000][1688.459s][info][gc,start       ] GC(1071) Pause Young (Allocation Failure)
[2025-04-16T15:06:34.451+0000][1688.460s][info][gc,heap        ] GC(1071) DefNew: 9170K(10176K)->81K(10176K) Eden: 9081K(9088K)->0K(9088K) From: 89K(1088K)->81K(1088K)
[2025-04-16T15:06:34.451+0000][1688.460s][info][gc,heap        ] GC(1071) Tenured: 14811K(22484K)->14811K(22484K)
[2025-04-16T15:06:34.451+0000][1688.460s][info][gc,metaspace   ] GC(1071) Metaspace: 37401K(37760K)->37401K(37760K) NonClass: 32974K(33152K)->32974K(33152K) Class: 4426K(4608K)->4426K(4608K)
[2025-04-16T15:06:34.451+0000][1688.460s][info][gc             ] GC(1071) Pause Young (Allocation Failure) 23M->14M(31M) 1.225ms
[2025-04-16T15:06:34.451+0000][1688.460s][info][gc,cpu         ] GC(1071) User=0.00s Sys=0.00s Real=0.00s
[2025-04-16T15:06:36.019+0000][1690.028s][info][gc,start       ] GC(1072) Pause Young (Allocation Failure)
[2025-04-16T15:06:36.021+0000][1690.030s][info][gc,heap        ] GC(1072) DefNew: 9159K(10176K)->76K(10176K) Eden: 9078K(9088K)->0K(9088K) From: 81K(1088K)->76K(1088K)
[2025-04-16T15:06:36.021+0000][1690.030s][info][gc,heap        ] GC(1072) Tenured: 14811K(22484K)->14811K(22484K)
[2025-04-16T15:06:36.021+0000][1690.030s][info][gc,metaspace   ] GC(1072) Metaspace: 37401K(37760K)->37401K(37760K) NonClass: 32974K(33152K)->32974K(33152K) Class: 4426K(4608K)->4426K(4608K)
[2025-04-16T15:06:36.021+0000][1690.030s][info][gc             ] GC(1072) Pause Young (Allocation Failure) 23M->14M(31M) 1.207ms
[2025-04-16T15:06:36.021+0000][1690.030s][info][gc,cpu         ] GC(1072) User=0.00s Sys=0.00s Real=0.00s
[2025-04-16T15:06:37.496+0000][1691.505s][info][gc,start       ] GC(1073) Pause Young (Allocation Failure)
[2025-04-16T15:06:37.497+0000][1691.506s][info][gc,heap        ] GC(1073) DefNew: 9164K(10176K)->71K(10176K) Eden: 9088K(9088K)->0K(9088K) From: 76K(1088K)->71K(1088K)
[2025-04-16T15:06:37.497+0000][1691.507s][info][gc,heap        ] GC(1073) Tenured: 14811K(22484K)->14812K(22484K)
[2025-04-16T15:06:37.498+0000][1691.507s][info][gc,metaspace   ] GC(1073) Metaspace: 37401K(37760K)->37401K(37760K) NonClass: 32974K(33152K)->32974K(33152K) Class: 4426K(4608K)->4426K(4608K)
[2025-04-16T15:06:37.498+0000][1691.507s][info][gc             ] GC(1073) Pause Young (Allocation Failure) 23M->14M(31M) 1.250ms
[2025-04-16T15:06:37.498+0000][1691.507s][info][gc,cpu         ] GC(1073) User=0.00s Sys=0.00s Real=0.00s
[2025-04-16T15:06:39.154+0000][1693.163s][info][gc,start       ] GC(1074) Pause Young (Allocation Failure)
[2025-04-16T15:06:39.155+0000][1693.164s][info][gc,heap        ] GC(1074) DefNew: 9159K(10176K)->77K(10176K) Eden: 9088K(9088K)->0K(9088K) From: 71K(1088K)->77K(1088K)
[2025-04-16T15:06:39.155+0000][1693.164s][info][gc,heap        ] GC(1074) Tenured: 14812K(22484K)->14812K(22484K)
[2025-04-16T15:06:39.155+0000][1693.164s][info][gc,metaspace   ] GC(1074) Metaspace: 37401K(37760K)->37401K(37760K) NonClass: 32974K(33152K)->32974K(33152K) Class: 4426K(4608K)->4426K(4608K)
[2025-04-16T15:06:39.155+0000][1693.164s][info][gc             ] GC(1074) Pause Young (Allocation Failure) 23M->14M(31M) 1.495ms
[2025-04-16T15:06:39.155+0000][1693.164s][info][gc,cpu         ] GC(1074) User=0.01s Sys=0.00s Real=0.01s
[2025-04-16T15:06:40.758+0000][1694.767s][info][gc,start       ] GC(1075) Pause Young (Allocation Failure)
[2025-04-16T15:06:40.759+0000][1694.768s][info][gc,heap        ] GC(1075) DefNew: 9165K(10176K)->87K(10176K) Eden: 9088K(9088K)->0K(9088K) From: 77K(1088K)->87K(1088K)
[2025-04-16T15:06:40.759+0000][1694.768s][info][gc,heap        ] GC(1075) Tenured: 14812K(22484K)->14812K(22484K)
[2025-04-16T15:06:40.759+0000][1694.768s][info][gc,metaspace   ] GC(1075) Metaspace: 37401K(37760K)->37401K(37760K) NonClass: 32974K(33152K)->32974K(33152K) Class: 4426K(4608K)->4426K(4608K)
[2025-04-16T15:06:40.759+0000][1694.768s][info][gc             ] GC(1075) Pause Young (Allocation Failure) 23M->14M(31M) 1.301ms
[2025-04-16T15:06:40.759+0000][1694.768s][info][gc,cpu         ] GC(1075) User=0.00s Sys=0.00s Real=0.00s
[2025-04-16T15:06:42.487+0000][1696.496s][info][gc,start       ] GC(1076) Pause Young (Allocation Failure)
[2025-04-16T15:06:42.489+0000][1696.498s][info][gc,heap        ] GC(1076) DefNew: 9175K(10176K)->84K(10176K) Eden: 9088K(9088K)->0K(9088K) From: 87K(1088K)->84K(1088K)
[2025-04-16T15:06:42.489+0000][1696.498s][info][gc,heap        ] GC(1076) Tenured: 14812K(22484K)->14812K(22484K)
[2025-04-16T15:06:42.489+0000][1696.498s][info][gc,metaspace   ] GC(1076) Metaspace: 37401K(37760K)->37401K(37760K) NonClass: 32974K(33152K)->32974K(33152K) Class: 4426K(4608K)->4426K(4608K)
[2025-04-16T15:06:42.489+0000][1696.498s][info][gc             ] GC(1076) Pause Young (Allocation Failure) 23M->14M(31M) 1.348ms
[2025-04-16T15:06:42.489+0000][1696.498s][info][gc,cpu         ] GC(1076) User=0.00s Sys=0.00s Real=0.00s
[2025-04-16T15:06:44.022+0000][1698.031s][info][gc,start       ] GC(1077) Pause Young (Allocation Failure)
[2025-04-16T15:06:44.023+0000][1698.032s][info][gc,heap        ] GC(1077) DefNew: 9172K(10176K)->76K(10176K) Eden: 9088K(9088K)->0K(9088K) From: 84K(1088K)->76K(1088K)
[2025-04-16T15:06:44.023+0000][1698.032s][info][gc,heap        ] GC(1077) Tenured: 14812K(22484K)->14812K(22484K)
[2025-04-16T15:06:44.023+0000][1698.032s][info][gc,metaspace   ] GC(1077) Metaspace: 37401K(37760K)->37401K(37760K) NonClass: 32974K(33152K)->32974K(33152K) Class: 4426K(4608K)->4426K(4608K)
[2025-04-16T15:06:44.023+0000][1698.032s][info][gc             ] GC(1077) Pause Young (Allocation Failure) 23M->14M(31M) 1.207ms
[2025-04-16T15:06:44.023+0000][1698.032s][info][gc,cpu         ] GC(1077) User=0.00s Sys=0.00s Real=0.00s
[2025-04-16T15:06:45.630+0000][1699.639s][info][gc,start       ] GC(1078) Pause Young (Allocation Failure)
[2025-04-16T15:06:45.632+0000][1699.641s][info][gc,heap        ] GC(1078) DefNew: 9164K(10176K)->85K(10176K) Eden: 9088K(9088K)->0K(9088K) From: 76K(1088K)->85K(1088K)
[2025-04-16T15:06:45.632+0000][1699.641s][info][gc,heap        ] GC(1078) Tenured: 14812K(22484K)->14812K(22484K)
[2025-04-16T15:06:45.632+0000][1699.641s][info][gc,metaspace   ] GC(1078) Metaspace: 37401K(37760K)->37401K(37760K) NonClass: 32974K(33152K)->32974K(33152K) Class: 4426K(4608K)->4426K(4608K)
[2025-04-16T15:06:45.632+0000][1699.641s][info][gc             ] GC(1078) Pause Young (Allocation Failure) 23M->14M(31M) 1.278ms
[2025-04-16T15:06:45.632+0000][1699.641s][info][gc,cpu         ] GC(1078) User=0.00s Sys=0.00s Real=0.00s
[2025-04-16T15:06:47.095+0000][1701.104s][info][gc,start       ] GC(1079) Pause Young (Allocation Failure)
[2025-04-16T15:06:47.096+0000][1701.105s][info][gc,heap        ] GC(1079) DefNew: 9173K(10176K)->90K(10176K) Eden: 9088K(9088K)->0K(9088K) From: 85K(1088K)->90K(1088K)
[2025-04-16T15:06:47.096+0000][1701.105s][info][gc,heap        ] GC(1079) Tenured: 14812K(22484K)->14812K(22484K)
[2025-04-16T15:06:47.096+0000][1701.105s][info][gc,metaspace   ] GC(1079) Metaspace: 37401K(37760K)->37401K(37760K) NonClass: 32974K(33152K)->32974K(33152K) Class: 4426K(4608K)->4426K(4608K)
[2025-04-16T15:06:47.096+0000][1701.105s][info][gc             ] GC(1079) Pause Young (Allocation Failure) 23M->14M(31M) 1.205ms
[2025-04-16T15:06:47.096+0000][1701.105s][info][gc,cpu         ] GC(1079) User=0.00s Sys=0.00s Real=0.00s
[2025-04-16T15:06:48.704+0000][1702.713s][info][gc,start       ] GC(1080) Pause Young (Allocation Failure)
[2025-04-16T15:06:48.705+0000][1702.714s][info][gc,heap        ] GC(1080) DefNew: 9178K(10176K)->90K(10176K) Eden: 9088K(9088K)->0K(9088K) From: 90K(1088K)->90K(1088K)
[2025-04-16T15:06:48.705+0000][1702.714s][info][gc,heap        ] GC(1080) Tenured: 14812K(22484K)->14812K(22484K)
[2025-04-16T15:06:48.705+0000][1702.714s][info][gc,metaspace   ] GC(1080) Metaspace: 37401K(37760K)->37401K(37760K) NonClass: 32974K(33152K)->32974K(33152K) Class: 4426K(4608K)->4426K(4608K)
[2025-04-16T15:06:48.705+0000][1702.714s][info][gc             ] GC(1080) Pause Young (Allocation Failure) 23M->14M(31M) 1.332ms
[2025-04-16T15:06:48.705+0000][1702.714s][info][gc,cpu         ] GC(1080) User=0.00s Sys=0.00s Real=0.00s
[2025-04-16T15:06:50.224+0000][1704.233s][info][gc,start       ] GC(1081) Pause Young (Allocation Failure)
[2025-04-16T15:06:50.225+0000][1704.234s][info][gc,heap        ] GC(1081) DefNew: 9178K(10176K)->86K(10176K) Eden: 9088K(9088K)->0K(9088K) From: 90K(1088K)->86K(1088K)
[2025-04-16T15:06:50.225+0000][1704.234s][info][gc,heap        ] GC(1081) Tenured: 14812K(22484K)->14812K(22484K)
[2025-04-16T15:06:50.225+0000][1704.234s][info][gc,metaspace   ] GC(1081) Metaspace: 37401K(37760K)->37401K(37760K) NonClass: 32974K(33152K)->32974K(33152K) Class: 4426K(4608K)->4426K(4608K)
[2025-04-16T15:06:50.225+0000][1704.234s][info][gc             ] GC(1081) Pause Young (Allocation Failure) 23M->14M(31M) 1.301ms
[2025-04-16T15:06:50.225+0000][1704.234s][info][gc,cpu         ] GC(1081) User=0.00s Sys=0.00s Real=0.01s
[2025-04-16T15:06:51.740+0000][1705.749s][info][gc,start       ] GC(1082) Pause Young (Allocation Failure)
[2025-04-16T15:06:51.741+0000][1705.750s][info][gc,heap        ] GC(1082) DefNew: 9171K(10176K)->92K(10176K) Eden: 9084K(9088K)->0K(9088K) From: 86K(1088K)->92K(1088K)
[2025-04-16T15:06:51.741+0000][1705.750s][info][gc,heap        ] GC(1082) Tenured: 14812K(22484K)->14812K(22484K)
[2025-04-16T15:06:51.741+0000][1705.751s][info][gc,metaspace   ] GC(1082) Metaspace: 37401K(37760K)->37401K(37760K) NonClass: 32974K(33152K)->32974K(33152K) Class: 4426K(4608K)->4426K(4608K)
[2025-04-16T15:06:51.742+0000][1705.751s][info][gc             ] GC(1082) Pause Young (Allocation Failure) 23M->14M(31M) 1.265ms
[2025-04-16T15:06:51.742+0000][1705.751s][info][gc,cpu         ] GC(1082) User=0.00s Sys=0.00s Real=0.00s
[2025-04-16T15:06:53.496+0000][1707.505s][info][gc,start       ] GC(1083) Pause Young (Allocation Failure)
[2025-04-16T15:06:53.497+0000][1707.506s][info][gc,heap        ] GC(1083) DefNew: 9180K(10176K)->74K(10176K) Eden: 9088K(9088K)->0K(9088K) From: 92K(1088K)->74K(1088K)
[2025-04-16T15:06:53.497+0000][1707.506s][info][gc,heap        ] GC(1083) Tenured: 14812K(22484K)->14812K(22484K)
[2025-04-16T15:06:53.497+0000][1707.506s][info][gc,metaspace   ] GC(1083) Metaspace: 37401K(37760K)->37401K(37760K) NonClass: 32974K(33152K)->32974K(33152K) Class: 4426K(4608K)->4426K(4608K)
[2025-04-16T15:06:53.497+0000][1707.506s][info][gc             ] GC(1083) Pause Young (Allocation Failure) 23M->14M(31M) 1.368ms
[2025-04-16T15:06:53.497+0000][1707.506s][info][gc,cpu         ] GC(1083) User=0.00s Sys=0.00s Real=0.00s
[2025-04-16T15:06:55.159+0000][1709.168s][info][gc,start       ] GC(1084) Pause Young (Allocation Failure)
[2025-04-16T15:06:55.161+0000][1709.170s][info][gc,heap        ] GC(1084) DefNew: 9162K(10176K)->96K(10176K) Eden: 9088K(9088K)->0K(9088K) From: 74K(1088K)->96K(1088K)
[2025-04-16T15:06:55.161+0000][1709.170s][info][gc,heap        ] GC(1084) Tenured: 14812K(22484K)->14812K(22484K)
[2025-04-16T15:06:55.161+0000][1709.170s][info][gc,metaspace   ] GC(1084) Metaspace: 37401K(37760K)->37401K(37760K) NonClass: 32974K(33152K)->32974K(33152K) Class: 4426K(4608K)->4426K(4608K)
[2025-04-16T15:06:55.161+0000][1709.170s][info][gc             ] GC(1084) Pause Young (Allocation Failure) 23M->14M(31M) 1.375ms
[2025-04-16T15:06:55.161+0000][1709.170s][info][gc,cpu         ] GC(1084) User=0.00s Sys=0.00s Real=0.00s
[2025-04-16T15:06:56.854+0000][1710.863s][info][gc,start       ] GC(1085) Pause Young (Allocation Failure)
[2025-04-16T15:06:56.856+0000][1710.865s][info][gc,heap        ] GC(1085) DefNew: 9184K(10176K)->91K(10176K) Eden: 9088K(9088K)->0K(9088K) From: 96K(1088K)->91K(1088K)
[2025-04-16T15:06:56.856+0000][1710.865s][info][gc,heap        ] GC(1085) Tenured: 14812K(22484K)->14812K(22484K)
[2025-04-16T15:06:56.856+0000][1710.865s][info][gc,metaspace   ] GC(1085) Metaspace: 37401K(37760K)->37401K(37760K) NonClass: 32974K(33152K)->32974K(33152K) Class: 4426K(4608K)->4426K(4608K)
[2025-04-16T15:06:56.856+0000][1710.865s][info][gc             ] GC(1085) Pause Young (Allocation Failure) 23M->14M(31M) 1.250ms
[2025-04-16T15:06:56.856+0000][1710.865s][info][gc,cpu         ] GC(1085) User=0.00s Sys=0.00s Real=0.00s
[2025-04-16T15:06:58.351+0000][1712.360s][info][gc,start       ] GC(1086) Pause Young (Allocation Failure)
[2025-04-16T15:06:58.352+0000][1712.361s][info][gc,heap        ] GC(1086) DefNew: 9179K(10176K)->87K(10176K) Eden: 9088K(9088K)->0K(9088K) From: 91K(1088K)->87K(1088K)
[2025-04-16T15:06:58.352+0000][1712.361s][info][gc,heap        ] GC(1086) Tenured: 14812K(22484K)->14812K(22484K)
[2025-04-16T15:06:58.352+0000][1712.361s][info][gc,metaspace   ] GC(1086) Metaspace: 37401K(37760K)->37401K(37760K) NonClass: 32974K(33152K)->32974K(33152K) Class: 4426K(4608K)->4426K(4608K)
[2025-04-16T15:06:58.352+0000][1712.361s][info][gc             ] GC(1086) Pause Young (Allocation Failure) 23M->14M(31M) 1.321ms
[2025-04-16T15:06:58.352+0000][1712.361s][info][gc,cpu         ] GC(1086) User=0.01s Sys=0.00s Real=0.00s
[2025-04-16T15:07:00.070+0000][1714.079s][info][gc,start       ] GC(1087) Pause Young (Allocation Failure)
[2025-04-16T15:07:00.071+0000][1714.080s][info][gc,heap        ] GC(1087) DefNew: 9162K(10176K)->77K(10176K) Eden: 9074K(9088K)->0K(9088K) From: 87K(1088K)->77K(1088K)
[2025-04-16T15:07:00.071+0000][1714.080s][info][gc,heap        ] GC(1087) Tenured: 14812K(22484K)->14812K(22484K)
[2025-04-16T15:07:00.071+0000][1714.080s][info][gc,metaspace   ] GC(1087) Metaspace: 37401K(37760K)->37401K(37760K) NonClass: 32974K(33152K)->32974K(33152K) Class: 4426K(4608K)->4426K(4608K)
[2025-04-16T15:07:00.071+0000][1714.080s][info][gc             ] GC(1087) Pause Young (Allocation Failure) 23M->14M(31M) 1.230ms
[2025-04-16T15:07:00.071+0000][1714.080s][info][gc,cpu         ] GC(1087) User=0.00s Sys=0.00s Real=0.00s
[2025-04-16T15:07:01.388+0000][1715.397s][info][gc,start       ] GC(1088) Pause Young (Allocation Failure)
[2025-04-16T15:07:01.389+0000][1715.398s][info][gc,heap        ] GC(1088) DefNew: 9165K(10176K)->76K(10176K) Eden: 9087K(9088K)->0K(9088K) From: 77K(1088K)->76K(1088K)
[2025-04-16T15:07:01.389+0000][1715.398s][info][gc,heap        ] GC(1088) Tenured: 14812K(22484K)->14812K(22484K)
[2025-04-16T15:07:01.389+0000][1715.398s][info][gc,metaspace   ] GC(1088) Metaspace: 37401K(37760K)->37401K(37760K) NonClass: 32974K(33152K)->32974K(33152K) Class: 4426K(4608K)->4426K(4608K)
[2025-04-16T15:07:01.389+0000][1715.398s][info][gc             ] GC(1088) Pause Young (Allocation Failure) 23M->14M(31M) 1.357ms
[2025-04-16T15:07:01.389+0000][1715.398s][info][gc,cpu         ] GC(1088) User=0.00s Sys=0.00s Real=0.00s
[2025-04-16T15:07:03.135+0000][1717.144s][info][gc,start       ] GC(1089) Pause Young (Allocation Failure)
[2025-04-16T15:07:03.136+0000][1717.145s][info][gc,heap        ] GC(1089) DefNew: 9164K(10176K)->75K(10176K) Eden: 9088K(9088K)->0K(9088K) From: 76K(1088K)->75K(1088K)
[2025-04-16T15:07:03.136+0000][1717.145s][info][gc,heap        ] GC(1089) Tenured: 14812K(22484K)->14812K(22484K)
[2025-04-16T15:07:03.136+0000][1717.145s][info][gc,metaspace   ] GC(1089) Metaspace: 37401K(37760K)->37401K(37760K) NonClass: 32974K(33152K)->32974K(33152K) Class: 4426K(4608K)->4426K(4608K)
[2025-04-16T15:07:03.136+0000][1717.145s][info][gc             ] GC(1089) Pause Young (Allocation Failure) 23M->14M(31M) 1.380ms
[2025-04-16T15:07:03.136+0000][1717.145s][info][gc,cpu         ] GC(1089) User=0.00s Sys=0.00s Real=0.00s
[2025-04-16T15:07:04.814+0000][1718.823s][info][gc,start       ] GC(1090) Pause Young (Allocation Failure)
[2025-04-16T15:07:04.816+0000][1718.825s][info][gc,heap        ] GC(1090) DefNew: 9163K(10176K)->92K(10176K) Eden: 9087K(9088K)->0K(9088K) From: 75K(1088K)->92K(1088K)
[2025-04-16T15:07:04.816+0000][1718.825s][info][gc,heap        ] GC(1090) Tenured: 14812K(22484K)->14812K(22484K)
[2025-04-16T15:07:04.816+0000][1718.825s][info][gc,metaspace   ] GC(1090) Metaspace: 37401K(37760K)->37401K(37760K) NonClass: 32974K(33152K)->32974K(33152K) Class: 4426K(4608K)->4426K(4608K)
[2025-04-16T15:07:04.816+0000][1718.825s][info][gc             ] GC(1090) Pause Young (Allocation Failure) 23M->14M(31M) 1.242ms
[2025-04-16T15:07:04.816+0000][1718.825s][info][gc,cpu         ] GC(1090) User=0.00s Sys=0.00s Real=0.00s
[2025-04-16T15:07:06.193+0000][1720.203s][info][gc,start       ] GC(1091) Pause Young (Allocation Failure)
[2025-04-16T15:07:06.195+0000][1720.204s][info][gc,heap        ] GC(1091) DefNew: 9180K(10176K)->75K(10176K) Eden: 9088K(9088K)->0K(9088K) From: 92K(1088K)->75K(1088K)
[2025-04-16T15:07:06.195+0000][1720.204s][info][gc,heap        ] GC(1091) Tenured: 14812K(22484K)->14814K(22484K)
[2025-04-16T15:07:06.195+0000][1720.204s][info][gc,metaspace   ] GC(1091) Metaspace: 37401K(37760K)->37401K(37760K) NonClass: 32974K(33152K)->32974K(33152K) Class: 4426K(4608K)->4426K(4608K)
[2025-04-16T15:07:06.195+0000][1720.204s][info][gc             ] GC(1091) Pause Young (Allocation Failure) 23M->14M(31M) 1.409ms
[2025-04-16T15:07:06.195+0000][1720.204s][info][gc,cpu         ] GC(1091) User=0.00s Sys=0.00s Real=0.01s
[2025-04-16T15:07:07.753+0000][1721.762s][info][gc,start       ] GC(1092) Pause Young (Allocation Failure)
[2025-04-16T15:07:07.755+0000][1721.764s][info][gc,heap        ] GC(1092) DefNew: 9163K(10176K)->75K(10176K) Eden: 9087K(9088K)->0K(9088K) From: 75K(1088K)->75K(1088K)
[2025-04-16T15:07:07.755+0000][1721.764s][info][gc,heap        ] GC(1092) Tenured: 14814K(22484K)->14814K(22484K)
[2025-04-16T15:07:07.755+0000][1721.764s][info][gc,metaspace   ] GC(1092) Metaspace: 37401K(37760K)->37401K(37760K) NonClass: 32974K(33152K)->32974K(33152K) Class: 4426K(4608K)->4426K(4608K)
[2025-04-16T15:07:07.755+0000][1721.764s][info][gc             ] GC(1092) Pause Young (Allocation Failure) 23M->14M(31M) 1.303ms
[2025-04-16T15:07:07.755+0000][1721.764s][info][gc,cpu         ] GC(1092) User=0.00s Sys=0.00s Real=0.01s
[2025-04-16T15:07:09.568+0000][1723.577s][info][gc,start       ] GC(1093) Pause Young (Allocation Failure)
[2025-04-16T15:07:09.569+0000][1723.578s][info][gc,heap        ] GC(1093) DefNew: 9163K(10176K)->87K(10176K) Eden: 9088K(9088K)->0K(9088K) From: 75K(1088K)->87K(1088K)
[2025-04-16T15:07:09.569+0000][1723.578s][info][gc,heap        ] GC(1093) Tenured: 14814K(22484K)->14814K(22484K)
[2025-04-16T15:07:09.569+0000][1723.578s][info][gc,metaspace   ] GC(1093) Metaspace: 37401K(37760K)->37401K(37760K) NonClass: 32974K(33152K)->32974K(33152K) Class: 4426K(4608K)->4426K(4608K)
[2025-04-16T15:07:09.569+0000][1723.578s][info][gc             ] GC(1093) Pause Young (Allocation Failure) 23M->14M(31M) 1.394ms
[2025-04-16T15:07:09.569+0000][1723.578s][info][gc,cpu         ] GC(1093) User=0.00s Sys=0.00s Real=0.00s
[2025-04-16T15:07:11.126+0000][1725.135s][info][gc,start       ] GC(1094) Pause Young (Allocation Failure)
[2025-04-16T15:07:11.127+0000][1725.136s][info][gc,heap        ] GC(1094) DefNew: 9175K(10176K)->93K(10176K) Eden: 9088K(9088K)->0K(9088K) From: 87K(1088K)->93K(1088K)
[2025-04-16T15:07:11.127+0000][1725.136s][info][gc,heap        ] GC(1094) Tenured: 14814K(22484K)->14814K(22484K)
[2025-04-16T15:07:11.127+0000][1725.136s][info][gc,metaspace   ] GC(1094) Metaspace: 37401K(37760K)->37401K(37760K) NonClass: 32974K(33152K)->32974K(33152K) Class: 4426K(4608K)->4426K(4608K)
[2025-04-16T15:07:11.127+0000][1725.136s][info][gc             ] GC(1094) Pause Young (Allocation Failure) 23M->14M(31M) 1.323ms
[2025-04-16T15:07:11.127+0000][1725.136s][info][gc,cpu         ] GC(1094) User=0.00s Sys=0.00s Real=0.00s
[2025-04-16T15:07:12.799+0000][1726.808s][info][gc,start       ] GC(1095) Pause Young (Allocation Failure)
[2025-04-16T15:07:12.801+0000][1726.810s][info][gc,heap        ] GC(1095) DefNew: 9181K(10176K)->79K(10176K) Eden: 9088K(9088K)->0K(9088K) From: 93K(1088K)->79K(1088K)
[2025-04-16T15:07:12.801+0000][1726.810s][info][gc,heap        ] GC(1095) Tenured: 14814K(22484K)->14814K(22484K)
[2025-04-16T15:07:12.801+0000][1726.810s][info][gc,metaspace   ] GC(1095) Metaspace: 37401K(37760K)->37401K(37760K) NonClass: 32974K(33152K)->32974K(33152K) Class: 4426K(4608K)->4426K(4608K)
[2025-04-16T15:07:12.801+0000][1726.810s][info][gc             ] GC(1095) Pause Young (Allocation Failure) 23M->14M(31M) 1.297ms
[2025-04-16T15:07:12.801+0000][1726.810s][info][gc,cpu         ] GC(1095) User=0.00s Sys=0.00s Real=0.00s
[2025-04-16T15:07:14.368+0000][1728.377s][info][gc,start       ] GC(1096) Pause Young (Allocation Failure)
[2025-04-16T15:07:14.369+0000][1728.378s][info][gc,heap        ] GC(1096) DefNew: 9167K(10176K)->80K(10176K) Eden: 9088K(9088K)->0K(9088K) From: 79K(1088K)->80K(1088K)
[2025-04-16T15:07:14.369+0000][1728.378s][info][gc,heap        ] GC(1096) Tenured: 14814K(22484K)->14814K(22484K)
[2025-04-16T15:07:14.369+0000][1728.378s][info][gc,metaspace   ] GC(1096) Metaspace: 37401K(37760K)->37401K(37760K) NonClass: 32974K(33152K)->32974K(33152K) Class: 4426K(4608K)->4426K(4608K)
[2025-04-16T15:07:14.369+0000][1728.378s][info][gc             ] GC(1096) Pause Young (Allocation Failure) 23M->14M(31M) 1.198ms
[2025-04-16T15:07:14.369+0000][1728.379s][info][gc,cpu         ] GC(1096) User=0.00s Sys=0.00s Real=0.00s
[2025-04-16T15:07:15.904+0000][1729.913s][info][gc,start       ] GC(1097) Pause Young (Allocation Failure)
[2025-04-16T15:07:15.905+0000][1729.914s][info][gc,heap        ] GC(1097) DefNew: 9168K(10176K)->81K(10176K) Eden: 9088K(9088K)->0K(9088K) From: 80K(1088K)->81K(1088K)
[2025-04-16T15:07:15.905+0000][1729.914s][info][gc,heap        ] GC(1097) Tenured: 14814K(22484K)->14814K(22484K)
[2025-04-16T15:07:15.905+0000][1729.914s][info][gc,metaspace   ] GC(1097) Metaspace: 37401K(37760K)->37401K(37760K) NonClass: 32974K(33152K)->32974K(33152K) Class: 4426K(4608K)->4426K(4608K)
[2025-04-16T15:07:15.905+0000][1729.914s][info][gc             ] GC(1097) Pause Young (Allocation Failure) 23M->14M(31M) 1.354ms
[2025-04-16T15:07:15.905+0000][1729.914s][info][gc,cpu         ] GC(1097) User=0.01s Sys=0.00s Real=0.01s
[2025-04-16T15:07:17.400+0000][1731.409s][info][gc,start       ] GC(1098) Pause Young (Allocation Failure)
[2025-04-16T15:07:17.401+0000][1731.410s][info][gc,heap        ] GC(1098) DefNew: 9169K(10176K)->92K(10176K) Eden: 9088K(9088K)->0K(9088K) From: 81K(1088K)->92K(1088K)
[2025-04-16T15:07:17.401+0000][1731.410s][info][gc,heap        ] GC(1098) Tenured: 14814K(22484K)->14814K(22484K)
[2025-04-16T15:07:17.401+0000][1731.410s][info][gc,metaspace   ] GC(1098) Metaspace: 37401K(37760K)->37401K(37760K) NonClass: 32974K(33152K)->32974K(33152K) Class: 4426K(4608K)->4426K(4608K)
[2025-04-16T15:07:17.401+0000][1731.410s][info][gc             ] GC(1098) Pause Young (Allocation Failure) 23M->14M(31M) 1.324ms
[2025-04-16T15:07:17.401+0000][1731.410s][info][gc,cpu         ] GC(1098) User=0.00s Sys=0.00s Real=0.00s
[2025-04-16T15:07:18.868+0000][1732.877s][info][gc,start       ] GC(1099) Pause Young (Allocation Failure)
[2025-04-16T15:07:18.869+0000][1732.878s][info][gc,heap        ] GC(1099) DefNew: 9180K(10176K)->76K(10176K) Eden: 9088K(9088K)->0K(9088K) From: 92K(1088K)->76K(1088K)
[2025-04-16T15:07:18.869+0000][1732.878s][info][gc,heap        ] GC(1099) Tenured: 14814K(22484K)->14814K(22484K)
[2025-04-16T15:07:18.869+0000][1732.878s][info][gc,metaspace   ] GC(1099) Metaspace: 37401K(37760K)->37401K(37760K) NonClass: 32974K(33152K)->32974K(33152K) Class: 4426K(4608K)->4426K(4608K)
[2025-04-16T15:07:18.869+0000][1732.879s][info][gc             ] GC(1099) Pause Young (Allocation Failure) 23M->14M(31M) 1.298ms
[2025-04-16T15:07:18.869+0000][1732.879s][info][gc,cpu         ] GC(1099) User=0.00s Sys=0.00s Real=0.00s
[2025-04-16T15:07:20.547+0000][1734.557s][info][gc,start       ] GC(1100) Pause Young (Allocation Failure)
[2025-04-16T15:07:20.549+0000][1734.558s][info][gc,heap        ] GC(1100) DefNew: 9164K(10176K)->65K(10176K) Eden: 9088K(9088K)->0K(9088K) From: 76K(1088K)->65K(1088K)
[2025-04-16T15:07:20.549+0000][1734.558s][info][gc,heap        ] GC(1100) Tenured: 14814K(22484K)->14815K(22484K)
[2025-04-16T15:07:20.549+0000][1734.558s][info][gc,metaspace   ] GC(1100) Metaspace: 37401K(37760K)->37401K(37760K) NonClass: 32974K(33152K)->32974K(33152K) Class: 4426K(4608K)->4426K(4608K)
[2025-04-16T15:07:20.549+0000][1734.558s][info][gc             ] GC(1100) Pause Young (Allocation Failure) 23M->14M(31M) 1.264ms
[2025-04-16T15:07:20.549+0000][1734.558s][info][gc,cpu         ] GC(1100) User=0.00s Sys=0.00s Real=0.00s
[2025-04-16T15:07:22.168+0000][1736.177s][info][gc,start       ] GC(1101) Pause Young (Allocation Failure)
[2025-04-16T15:07:22.169+0000][1736.178s][info][gc,heap        ] GC(1101) DefNew: 9153K(10176K)->77K(10176K) Eden: 9088K(9088K)->0K(9088K) From: 65K(1088K)->77K(1088K)
[2025-04-16T15:07:22.169+0000][1736.178s][info][gc,heap        ] GC(1101) Tenured: 14815K(22484K)->14815K(22484K)
[2025-04-16T15:07:22.169+0000][1736.178s][info][gc,metaspace   ] GC(1101) Metaspace: 37401K(37760K)->37401K(37760K) NonClass: 32974K(33152K)->32974K(33152K) Class: 4426K(4608K)->4426K(4608K)
[2025-04-16T15:07:22.169+0000][1736.178s][info][gc             ] GC(1101) Pause Young (Allocation Failure) 23M->14M(31M) 1.239ms
[2025-04-16T15:07:22.169+0000][1736.178s][info][gc,cpu         ] GC(1101) User=0.00s Sys=0.00s Real=0.00s
[2025-04-16T15:07:23.706+0000][1737.715s][info][gc,start       ] GC(1102) Pause Young (Allocation Failure)
[2025-04-16T15:07:23.708+0000][1737.717s][info][gc,heap        ] GC(1102) DefNew: 9165K(10176K)->77K(10176K) Eden: 9088K(9088K)->0K(9088K) From: 77K(1088K)->77K(1088K)
[2025-04-16T15:07:23.708+0000][1737.717s][info][gc,heap        ] GC(1102) Tenured: 14815K(22484K)->14815K(22484K)
[2025-04-16T15:07:23.708+0000][1737.717s][info][gc,metaspace   ] GC(1102) Metaspace: 37401K(37760K)->37401K(37760K) NonClass: 32974K(33152K)->32974K(33152K) Class: 4426K(4608K)->4426K(4608K)
[2025-04-16T15:07:23.708+0000][1737.717s][info][gc             ] GC(1102) Pause Young (Allocation Failure) 23M->14M(31M) 1.368ms
[2025-04-16T15:07:23.708+0000][1737.717s][info][gc,cpu         ] GC(1102) User=0.01s Sys=0.00s Real=0.00s
[2025-04-16T15:07:25.342+0000][1739.351s][info][gc,start       ] GC(1103) Pause Young (Allocation Failure)
[2025-04-16T15:07:25.343+0000][1739.352s][info][gc,heap        ] GC(1103) DefNew: 9165K(10176K)->75K(10176K) Eden: 9088K(9088K)->0K(9088K) From: 77K(1088K)->75K(1088K)
[2025-04-16T15:07:25.343+0000][1739.352s][info][gc,heap        ] GC(1103) Tenured: 14815K(22484K)->14816K(22484K)
[2025-04-16T15:07:25.343+0000][1739.352s][info][gc,metaspace   ] GC(1103) Metaspace: 37401K(37760K)->37401K(37760K) NonClass: 32974K(33152K)->32974K(33152K) Class: 4426K(4608K)->4426K(4608K)
[2025-04-16T15:07:25.343+0000][1739.352s][info][gc             ] GC(1103) Pause Young (Allocation Failure) 23M->14M(31M) 1.279ms
[2025-04-16T15:07:25.343+0000][1739.352s][info][gc,cpu         ] GC(1103) User=0.00s Sys=0.00s Real=0.00s
[2025-04-16T15:07:27.008+0000][1741.017s][info][gc,start       ] GC(1104) Pause Young (Allocation Failure)
[2025-04-16T15:07:27.009+0000][1741.018s][info][gc,heap        ] GC(1104) DefNew: 9163K(10176K)->74K(10176K) Eden: 9088K(9088K)->0K(9088K) From: 75K(1088K)->74K(1088K)
[2025-04-16T15:07:27.009+0000][1741.018s][info][gc,heap        ] GC(1104) Tenured: 14816K(22484K)->14816K(22484K)
[2025-04-16T15:07:27.009+0000][1741.018s][info][gc,metaspace   ] GC(1104) Metaspace: 37401K(37760K)->37401K(37760K) NonClass: 32974K(33152K)->32974K(33152K) Class: 4426K(4608K)->4426K(4608K)
[2025-04-16T15:07:27.009+0000][1741.018s][info][gc             ] GC(1104) Pause Young (Allocation Failure) 23M->14M(31M) 1.321ms
[2025-04-16T15:07:27.009+0000][1741.018s][info][gc,cpu         ] GC(1104) User=0.00s Sys=0.00s Real=0.00s
[2025-04-16T15:07:28.394+0000][1742.403s][info][gc,start       ] GC(1105) Pause Young (Allocation Failure)
[2025-04-16T15:07:28.395+0000][1742.404s][info][gc,heap        ] GC(1105) DefNew: 9162K(10176K)->92K(10176K) Eden: 9088K(9088K)->0K(9088K) From: 74K(1088K)->92K(1088K)
[2025-04-16T15:07:28.395+0000][1742.404s][info][gc,heap        ] GC(1105) Tenured: 14816K(22484K)->14817K(22484K)
[2025-04-16T15:07:28.395+0000][1742.404s][info][gc,metaspace   ] GC(1105) Metaspace: 37401K(37760K)->37401K(37760K) NonClass: 32974K(33152K)->32974K(33152K) Class: 4426K(4608K)->4426K(4608K)
[2025-04-16T15:07:28.395+0000][1742.404s][info][gc             ] GC(1105) Pause Young (Allocation Failure) 23M->14M(31M) 1.234ms
[2025-04-16T15:07:28.395+0000][1742.404s][info][gc,cpu         ] GC(1105) User=0.00s Sys=0.00s Real=0.01s
[2025-04-16T15:07:30.240+0000][1744.249s][info][gc,start       ] GC(1106) Pause Young (Allocation Failure)
[2025-04-16T15:07:30.241+0000][1744.250s][info][gc,heap        ] GC(1106) DefNew: 9180K(10176K)->105K(10176K) Eden: 9088K(9088K)->0K(9088K) From: 92K(1088K)->105K(1088K)
[2025-04-16T15:07:30.241+0000][1744.250s][info][gc,heap        ] GC(1106) Tenured: 14817K(22484K)->14817K(22484K)
[2025-04-16T15:07:30.241+0000][1744.250s][info][gc,metaspace   ] GC(1106) Metaspace: 37401K(37760K)->37401K(37760K) NonClass: 32974K(33152K)->32974K(33152K) Class: 4426K(4608K)->4426K(4608K)
[2025-04-16T15:07:30.241+0000][1744.250s][info][gc             ] GC(1106) Pause Young (Allocation Failure) 23M->14M(31M) 1.408ms
[2025-04-16T15:07:30.241+0000][1744.250s][info][gc,cpu         ] GC(1106) User=0.00s Sys=0.00s Real=0.00s
[2025-04-16T15:07:31.842+0000][1745.851s][info][gc,start       ] GC(1107) Pause Young (Allocation Failure)
[2025-04-16T15:07:31.843+0000][1745.852s][info][gc,heap        ] GC(1107) DefNew: 9193K(10176K)->90K(10176K) Eden: 9088K(9088K)->0K(9088K) From: 105K(1088K)->90K(1088K)
[2025-04-16T15:07:31.843+0000][1745.852s][info][gc,heap        ] GC(1107) Tenured: 14817K(22484K)->14817K(22484K)
[2025-04-16T15:07:31.843+0000][1745.852s][info][gc,metaspace   ] GC(1107) Metaspace: 37401K(37760K)->37401K(37760K) NonClass: 32974K(33152K)->32974K(33152K) Class: 4426K(4608K)->4426K(4608K)
[2025-04-16T15:07:31.843+0000][1745.852s][info][gc             ] GC(1107) Pause Young (Allocation Failure) 23M->14M(31M) 1.231ms
[2025-04-16T15:07:31.843+0000][1745.852s][info][gc,cpu         ] GC(1107) User=0.00s Sys=0.00s Real=0.00s
[2025-04-16T15:07:33.588+0000][1747.598s][info][gc,start       ] GC(1108) Pause Young (Allocation Failure)
[2025-04-16T15:07:33.590+0000][1747.599s][info][gc,heap        ] GC(1108) DefNew: 9178K(10176K)->93K(10176K) Eden: 9088K(9088K)->0K(9088K) From: 90K(1088K)->93K(1088K)
[2025-04-16T15:07:33.590+0000][1747.599s][info][gc,heap        ] GC(1108) Tenured: 14817K(22484K)->14819K(22484K)
[2025-04-16T15:07:33.590+0000][1747.599s][info][gc,metaspace   ] GC(1108) Metaspace: 37401K(37760K)->37401K(37760K) NonClass: 32974K(33152K)->32974K(33152K) Class: 4426K(4608K)->4426K(4608K)
[2025-04-16T15:07:33.590+0000][1747.599s][info][gc             ] GC(1108) Pause Young (Allocation Failure) 23M->14M(31M) 1.367ms
[2025-04-16T15:07:33.590+0000][1747.599s][info][gc,cpu         ] GC(1108) User=0.00s Sys=0.00s Real=0.00s
[2025-04-16T15:07:35.118+0000][1749.127s][info][gc,start       ] GC(1109) Pause Young (Allocation Failure)
[2025-04-16T15:07:35.119+0000][1749.128s][info][gc,heap        ] GC(1109) DefNew: 9181K(10176K)->76K(10176K) Eden: 9088K(9088K)->0K(9088K) From: 93K(1088K)->76K(1088K)
[2025-04-16T15:07:35.119+0000][1749.128s][info][gc,heap        ] GC(1109) Tenured: 14819K(22484K)->14819K(22484K)
[2025-04-16T15:07:35.119+0000][1749.128s][info][gc,metaspace   ] GC(1109) Metaspace: 37401K(37760K)->37401K(37760K) NonClass: 32974K(33152K)->32974K(33152K) Class: 4426K(4608K)->4426K(4608K)
[2025-04-16T15:07:35.119+0000][1749.128s][info][gc             ] GC(1109) Pause Young (Allocation Failure) 23M->14M(31M) 1.231ms
[2025-04-16T15:07:35.119+0000][1749.128s][info][gc,cpu         ] GC(1109) User=0.00s Sys=0.00s Real=0.00s
[2025-04-16T15:07:36.686+0000][1750.695s][info][gc,start       ] GC(1110) Pause Young (Allocation Failure)
[2025-04-16T15:07:36.688+0000][1750.697s][info][gc,heap        ] GC(1110) DefNew: 9164K(10176K)->74K(10176K) Eden: 9088K(9088K)->0K(9088K) From: 76K(1088K)->74K(1088K)
[2025-04-16T15:07:36.688+0000][1750.697s][info][gc,heap        ] GC(1110) Tenured: 14819K(22484K)->14819K(22484K)
[2025-04-16T15:07:36.688+0000][1750.697s][info][gc,metaspace   ] GC(1110) Metaspace: 37401K(37760K)->37401K(37760K) NonClass: 32974K(33152K)->32974K(33152K) Class: 4426K(4608K)->4426K(4608K)
[2025-04-16T15:07:36.688+0000][1750.697s][info][gc             ] GC(1110) Pause Young (Allocation Failure) 23M->14M(31M) 1.236ms
[2025-04-16T15:07:36.688+0000][1750.697s][info][gc,cpu         ] GC(1110) User=0.00s Sys=0.00s Real=0.00s
[2025-04-16T15:07:38.408+0000][1752.417s][info][gc,start       ] GC(1111) Pause Young (Allocation Failure)
[2025-04-16T15:07:38.409+0000][1752.418s][info][gc,heap        ] GC(1111) DefNew: 9162K(10176K)->94K(10176K) Eden: 9088K(9088K)->0K(9088K) From: 74K(1088K)->94K(1088K)
[2025-04-16T15:07:38.409+0000][1752.418s][info][gc,heap        ] GC(1111) Tenured: 14819K(22484K)->14819K(22484K)
[2025-04-16T15:07:38.409+0000][1752.418s][info][gc,metaspace   ] GC(1111) Metaspace: 37401K(37760K)->37401K(37760K) NonClass: 32974K(33152K)->32974K(33152K) Class: 4426K(4608K)->4426K(4608K)
[2025-04-16T15:07:38.409+0000][1752.418s][info][gc             ] GC(1111) Pause Young (Allocation Failure) 23M->14M(31M) 1.338ms
[2025-04-16T15:07:38.409+0000][1752.418s][info][gc,cpu         ] GC(1111) User=0.00s Sys=0.00s Real=0.00s
[2025-04-16T15:07:40.014+0000][1754.023s][info][gc,start       ] GC(1112) Pause Young (Allocation Failure)
[2025-04-16T15:07:40.015+0000][1754.024s][info][gc,heap        ] GC(1112) DefNew: 9182K(10176K)->90K(10176K) Eden: 9088K(9088K)->0K(9088K) From: 94K(1088K)->90K(1088K)
[2025-04-16T15:07:40.015+0000][1754.025s][info][gc,heap        ] GC(1112) Tenured: 14819K(22484K)->14819K(22484K)
[2025-04-16T15:07:40.015+0000][1754.025s][info][gc,metaspace   ] GC(1112) Metaspace: 37401K(37760K)->37401K(37760K) NonClass: 32974K(33152K)->32974K(33152K) Class: 4426K(4608K)->4426K(4608K)
[2025-04-16T15:07:40.016+0000][1754.025s][info][gc             ] GC(1112) Pause Young (Allocation Failure) 23M->14M(31M) 1.386ms
[2025-04-16T15:07:40.016+0000][1754.025s][info][gc,cpu         ] GC(1112) User=0.00s Sys=0.00s Real=0.00s
[2025-04-16T15:07:41.706+0000][1755.715s][info][gc,start       ] GC(1113) Pause Young (Allocation Failure)
[2025-04-16T15:07:41.707+0000][1755.716s][info][gc,heap        ] GC(1113) DefNew: 9178K(10176K)->68K(10176K) Eden: 9088K(9088K)->0K(9088K) From: 90K(1088K)->68K(1088K)
[2025-04-16T15:07:41.707+0000][1755.716s][info][gc,heap        ] GC(1113) Tenured: 14819K(22484K)->14819K(22484K)
[2025-04-16T15:07:41.707+0000][1755.716s][info][gc,metaspace   ] GC(1113) Metaspace: 37401K(37760K)->37401K(37760K) NonClass: 32974K(33152K)->32974K(33152K) Class: 4426K(4608K)->4426K(4608K)
[2025-04-16T15:07:41.707+0000][1755.716s][info][gc             ] GC(1113) Pause Young (Allocation Failure) 23M->14M(31M) 1.092ms
[2025-04-16T15:07:41.707+0000][1755.716s][info][gc,cpu         ] GC(1113) User=0.01s Sys=0.00s Real=0.00s
[2025-04-16T15:07:43.275+0000][1757.284s][info][gc,start       ] GC(1114) Pause Young (Allocation Failure)
[2025-04-16T15:07:43.276+0000][1757.285s][info][gc,heap        ] GC(1114) DefNew: 9156K(10176K)->81K(10176K) Eden: 9088K(9088K)->0K(9088K) From: 68K(1088K)->81K(1088K)
[2025-04-16T15:07:43.276+0000][1757.285s][info][gc,heap        ] GC(1114) Tenured: 14819K(22484K)->14819K(22484K)
[2025-04-16T15:07:43.276+0000][1757.285s][info][gc,metaspace   ] GC(1114) Metaspace: 37401K(37760K)->37401K(37760K) NonClass: 32974K(33152K)->32974K(33152K) Class: 4426K(4608K)->4426K(4608K)
[2025-04-16T15:07:43.276+0000][1757.286s][info][gc             ] GC(1114) Pause Young (Allocation Failure) 23M->14M(31M) 1.340ms
[2025-04-16T15:07:43.277+0000][1757.286s][info][gc,cpu         ] GC(1114) User=0.00s Sys=0.00s Real=0.00s
[2025-04-16T15:07:45.047+0000][1759.056s][info][gc,start       ] GC(1115) Pause Young (Allocation Failure)
[2025-04-16T15:07:45.049+0000][1759.058s][info][gc,heap        ] GC(1115) DefNew: 9169K(10176K)->107K(10176K) Eden: 9087K(9088K)->0K(9088K) From: 81K(1088K)->107K(1088K)
[2025-04-16T15:07:45.049+0000][1759.058s][info][gc,heap        ] GC(1115) Tenured: 14819K(22484K)->14819K(22484K)
[2025-04-16T15:07:45.049+0000][1759.058s][info][gc,metaspace   ] GC(1115) Metaspace: 37401K(37760K)->37401K(37760K) NonClass: 32974K(33152K)->32974K(33152K) Class: 4426K(4608K)->4426K(4608K)
[2025-04-16T15:07:45.049+0000][1759.058s][info][gc             ] GC(1115) Pause Young (Allocation Failure) 23M->14M(31M) 1.359ms
[2025-04-16T15:07:45.049+0000][1759.058s][info][gc,cpu         ] GC(1115) User=0.00s Sys=0.00s Real=0.00s
[2025-04-16T15:07:46.708+0000][1760.717s][info][gc,start       ] GC(1116) Pause Young (Allocation Failure)
[2025-04-16T15:07:46.709+0000][1760.718s][info][gc,heap        ] GC(1116) DefNew: 9195K(10176K)->99K(10176K) Eden: 9088K(9088K)->0K(9088K) From: 107K(1088K)->99K(1088K)
[2025-04-16T15:07:46.709+0000][1760.718s][info][gc,heap        ] GC(1116) Tenured: 14819K(22484K)->14820K(22484K)
[2025-04-16T15:07:46.709+0000][1760.718s][info][gc,metaspace   ] GC(1116) Metaspace: 37401K(37760K)->37401K(37760K) NonClass: 32974K(33152K)->32974K(33152K) Class: 4426K(4608K)->4426K(4608K)
[2025-04-16T15:07:46.709+0000][1760.718s][info][gc             ] GC(1116) Pause Young (Allocation Failure) 23M->14M(31M) 1.317ms
[2025-04-16T15:07:46.709+0000][1760.718s][info][gc,cpu         ] GC(1116) User=0.00s Sys=0.00s Real=0.00s
[2025-04-16T15:07:48.216+0000][1762.225s][info][gc,start       ] GC(1117) Pause Young (Allocation Failure)
[2025-04-16T15:07:48.217+0000][1762.227s][info][gc,heap        ] GC(1117) DefNew: 9187K(10176K)->95K(10176K) Eden: 9087K(9088K)->0K(9088K) From: 99K(1088K)->95K(1088K)
[2025-04-16T15:07:48.218+0000][1762.227s][info][gc,heap        ] GC(1117) Tenured: 14820K(22484K)->14820K(22484K)
[2025-04-16T15:07:48.218+0000][1762.227s][info][gc,metaspace   ] GC(1117) Metaspace: 37401K(37760K)->37401K(37760K) NonClass: 32974K(33152K)->32974K(33152K) Class: 4426K(4608K)->4426K(4608K)
[2025-04-16T15:07:48.218+0000][1762.227s][info][gc             ] GC(1117) Pause Young (Allocation Failure) 23M->14M(31M) 1.391ms
[2025-04-16T15:07:48.218+0000][1762.227s][info][gc,cpu         ] GC(1117) User=0.00s Sys=0.00s Real=0.00s
[2025-04-16T15:07:49.820+0000][1763.829s][info][gc,start       ] GC(1118) Pause Young (Allocation Failure)
[2025-04-16T15:07:49.821+0000][1763.830s][info][gc,heap        ] GC(1118) DefNew: 9183K(10176K)->85K(10176K) Eden: 9088K(9088K)->0K(9088K) From: 95K(1088K)->85K(1088K)
[2025-04-16T15:07:49.821+0000][1763.830s][info][gc,heap        ] GC(1118) Tenured: 14820K(22484K)->14820K(22484K)
[2025-04-16T15:07:49.821+0000][1763.830s][info][gc,metaspace   ] GC(1118) Metaspace: 37401K(37760K)->37401K(37760K) NonClass: 32974K(33152K)->32974K(33152K) Class: 4426K(4608K)->4426K(4608K)
[2025-04-16T15:07:49.821+0000][1763.830s][info][gc             ] GC(1118) Pause Young (Allocation Failure) 23M->14M(31M) 1.203ms
[2025-04-16T15:07:49.821+0000][1763.830s][info][gc,cpu         ] GC(1118) User=0.01s Sys=0.00s Real=0.00s
[2025-04-16T15:07:51.498+0000][1765.507s][info][gc,start       ] GC(1119) Pause Young (Allocation Failure)
[2025-04-16T15:07:51.500+0000][1765.509s][info][gc,heap        ] GC(1119) DefNew: 9173K(10176K)->83K(10176K) Eden: 9088K(9088K)->0K(9088K) From: 85K(1088K)->83K(1088K)
[2025-04-16T15:07:51.500+0000][1765.509s][info][gc,heap        ] GC(1119) Tenured: 14820K(22484K)->14820K(22484K)
[2025-04-16T15:07:51.500+0000][1765.509s][info][gc,metaspace   ] GC(1119) Metaspace: 37401K(37760K)->37401K(37760K) NonClass: 32974K(33152K)->32974K(33152K) Class: 4426K(4608K)->4426K(4608K)
[2025-04-16T15:07:51.500+0000][1765.509s][info][gc             ] GC(1119) Pause Young (Allocation Failure) 23M->14M(31M) 1.404ms
[2025-04-16T15:07:51.500+0000][1765.509s][info][gc,cpu         ] GC(1119) User=0.00s Sys=0.00s Real=0.00s
[2025-04-16T15:07:53.046+0000][1767.055s][info][gc,start       ] GC(1120) Pause Young (Allocation Failure)
[2025-04-16T15:07:53.047+0000][1767.056s][info][gc,heap        ] GC(1120) DefNew: 9171K(10176K)->102K(10176K) Eden: 9088K(9088K)->0K(9088K) From: 83K(1088K)->102K(1088K)
[2025-04-16T15:07:53.047+0000][1767.056s][info][gc,heap        ] GC(1120) Tenured: 14820K(22484K)->14821K(22484K)
[2025-04-16T15:07:53.047+0000][1767.056s][info][gc,metaspace   ] GC(1120) Metaspace: 37401K(37760K)->37401K(37760K) NonClass: 32974K(33152K)->32974K(33152K) Class: 4426K(4608K)->4426K(4608K)
[2025-04-16T15:07:53.047+0000][1767.056s][info][gc             ] GC(1120) Pause Young (Allocation Failure) 23M->14M(31M) 1.174ms
[2025-04-16T15:07:53.047+0000][1767.056s][info][gc,cpu         ] GC(1120) User=0.00s Sys=0.00s Real=0.00s
[2025-04-16T15:07:54.681+0000][1768.690s][info][gc,start       ] GC(1121) Pause Young (Allocation Failure)
[2025-04-16T15:07:54.683+0000][1768.692s][info][gc,heap        ] GC(1121) DefNew: 9190K(10176K)->101K(10176K) Eden: 9088K(9088K)->0K(9088K) From: 102K(1088K)->101K(1088K)
[2025-04-16T15:07:54.683+0000][1768.692s][info][gc,heap        ] GC(1121) Tenured: 14821K(22484K)->14823K(22484K)
[2025-04-16T15:07:54.683+0000][1768.692s][info][gc,metaspace   ] GC(1121) Metaspace: 37401K(37760K)->37401K(37760K) NonClass: 32974K(33152K)->32974K(33152K) Class: 4426K(4608K)->4426K(4608K)
[2025-04-16T15:07:54.683+0000][1768.692s][info][gc             ] GC(1121) Pause Young (Allocation Failure) 23M->14M(31M) 1.414ms
[2025-04-16T15:07:54.683+0000][1768.692s][info][gc,cpu         ] GC(1121) User=0.00s Sys=0.00s Real=0.00s
[2025-04-16T15:07:56.226+0000][1770.235s][info][gc,start       ] GC(1122) Pause Young (Allocation Failure)
[2025-04-16T15:07:56.228+0000][1770.237s][info][gc,heap        ] GC(1122) DefNew: 9181K(10176K)->87K(10176K) Eden: 9079K(9088K)->0K(9088K) From: 101K(1088K)->87K(1088K)
[2025-04-16T15:07:56.228+0000][1770.237s][info][gc,heap        ] GC(1122) Tenured: 14823K(22484K)->14823K(22484K)
[2025-04-16T15:07:56.228+0000][1770.237s][info][gc,metaspace   ] GC(1122) Metaspace: 37401K(37760K)->37401K(37760K) NonClass: 32974K(33152K)->32974K(33152K) Class: 4426K(4608K)->4426K(4608K)
[2025-04-16T15:07:56.228+0000][1770.237s][info][gc             ] GC(1122) Pause Young (Allocation Failure) 23M->14M(31M) 1.318ms
[2025-04-16T15:07:56.228+0000][1770.237s][info][gc,cpu         ] GC(1122) User=0.00s Sys=0.00s Real=0.00s
[2025-04-16T15:07:57.892+0000][1771.901s][info][gc,start       ] GC(1123) Pause Young (Allocation Failure)
[2025-04-16T15:07:57.893+0000][1771.902s][info][gc,heap        ] GC(1123) DefNew: 9175K(10176K)->85K(10176K) Eden: 9088K(9088K)->0K(9088K) From: 87K(1088K)->85K(1088K)
[2025-04-16T15:07:57.893+0000][1771.902s][info][gc,heap        ] GC(1123) Tenured: 14823K(22484K)->14823K(22484K)
[2025-04-16T15:07:57.893+0000][1771.902s][info][gc,metaspace   ] GC(1123) Metaspace: 37401K(37760K)->37401K(37760K) NonClass: 32974K(33152K)->32974K(33152K) Class: 4426K(4608K)->4426K(4608K)
[2025-04-16T15:07:57.893+0000][1771.902s][info][gc             ] GC(1123) Pause Young (Allocation Failure) 23M->14M(31M) 1.281ms
[2025-04-16T15:07:57.893+0000][1771.902s][info][gc,cpu         ] GC(1123) User=0.00s Sys=0.00s Real=0.00s
[2025-04-16T15:07:59.470+0000][1773.479s][info][gc,start       ] GC(1124) Pause Young (Allocation Failure)
[2025-04-16T15:07:59.471+0000][1773.480s][info][gc,heap        ] GC(1124) DefNew: 9173K(10176K)->99K(10176K) Eden: 9088K(9088K)->0K(9088K) From: 85K(1088K)->99K(1088K)
[2025-04-16T15:07:59.471+0000][1773.480s][info][gc,heap        ] GC(1124) Tenured: 14823K(22484K)->14823K(22484K)
[2025-04-16T15:07:59.471+0000][1773.480s][info][gc,metaspace   ] GC(1124) Metaspace: 37401K(37760K)->37401K(37760K) NonClass: 32974K(33152K)->32974K(33152K) Class: 4426K(4608K)->4426K(4608K)
[2025-04-16T15:07:59.471+0000][1773.480s][info][gc             ] GC(1124) Pause Young (Allocation Failure) 23M->14M(31M) 1.451ms
[2025-04-16T15:07:59.471+0000][1773.480s][info][gc,cpu         ] GC(1124) User=0.00s Sys=0.00s Real=0.00s
[2025-04-16T15:08:01.011+0000][1775.020s][info][gc,start       ] GC(1125) Pause Young (Allocation Failure)
[2025-04-16T15:08:01.012+0000][1775.022s][info][gc,heap        ] GC(1125) DefNew: 9187K(10176K)->101K(10176K) Eden: 9088K(9088K)->0K(9088K) From: 99K(1088K)->101K(1088K)
[2025-04-16T15:08:01.013+0000][1775.022s][info][gc,heap        ] GC(1125) Tenured: 14823K(22484K)->14824K(22484K)
[2025-04-16T15:08:01.013+0000][1775.022s][info][gc,metaspace   ] GC(1125) Metaspace: 37401K(37760K)->37401K(37760K) NonClass: 32974K(33152K)->32974K(33152K) Class: 4426K(4608K)->4426K(4608K)
[2025-04-16T15:08:01.013+0000][1775.022s][info][gc             ] GC(1125) Pause Young (Allocation Failure) 23M->14M(31M) 1.335ms
[2025-04-16T15:08:01.013+0000][1775.022s][info][gc,cpu         ] GC(1125) User=0.00s Sys=0.00s Real=0.00s
[2025-04-16T15:08:02.538+0000][1776.547s][info][gc,start       ] GC(1126) Pause Young (Allocation Failure)
[2025-04-16T15:08:02.539+0000][1776.548s][info][gc,heap        ] GC(1126) DefNew: 9189K(10176K)->92K(10176K) Eden: 9088K(9088K)->0K(9088K) From: 101K(1088K)->92K(1088K)
[2025-04-16T15:08:02.539+0000][1776.548s][info][gc,heap        ] GC(1126) Tenured: 14824K(22484K)->14825K(22484K)
[2025-04-16T15:08:02.539+0000][1776.548s][info][gc,metaspace   ] GC(1126) Metaspace: 37401K(37760K)->37401K(37760K) NonClass: 32974K(33152K)->32974K(33152K) Class: 4426K(4608K)->4426K(4608K)
[2025-04-16T15:08:02.539+0000][1776.549s][info][gc             ] GC(1126) Pause Young (Allocation Failure) 23M->14M(31M) 1.316ms
[2025-04-16T15:08:02.539+0000][1776.549s][info][gc,cpu         ] GC(1126) User=0.00s Sys=0.00s Real=0.00s
[2025-04-16T15:08:04.259+0000][1778.268s][info][gc,start       ] GC(1127) Pause Young (Allocation Failure)
[2025-04-16T15:08:04.260+0000][1778.269s][info][gc,heap        ] GC(1127) DefNew: 9180K(10176K)->87K(10176K) Eden: 9088K(9088K)->0K(9088K) From: 92K(1088K)->87K(1088K)
[2025-04-16T15:08:04.260+0000][1778.269s][info][gc,heap        ] GC(1127) Tenured: 14825K(22484K)->14825K(22484K)
[2025-04-16T15:08:04.260+0000][1778.269s][info][gc,metaspace   ] GC(1127) Metaspace: 37401K(37760K)->37401K(37760K) NonClass: 32974K(33152K)->32974K(33152K) Class: 4426K(4608K)->4426K(4608K)
[2025-04-16T15:08:04.260+0000][1778.269s][info][gc             ] GC(1127) Pause Young (Allocation Failure) 23M->14M(31M) 1.205ms
[2025-04-16T15:08:04.260+0000][1778.269s][info][gc,cpu         ] GC(1127) User=0.00s Sys=0.00s Real=0.00s
[2025-04-16T15:08:05.844+0000][1779.853s][info][gc,start       ] GC(1128) Pause Young (Allocation Failure)
[2025-04-16T15:08:05.845+0000][1779.854s][info][gc,heap        ] GC(1128) DefNew: 9175K(10176K)->86K(10176K) Eden: 9088K(9088K)->0K(9088K) From: 87K(1088K)->86K(1088K)
[2025-04-16T15:08:05.845+0000][1779.854s][info][gc,heap        ] GC(1128) Tenured: 14825K(22484K)->14827K(22484K)
[2025-04-16T15:08:05.845+0000][1779.854s][info][gc,metaspace   ] GC(1128) Metaspace: 37401K(37760K)->37401K(37760K) NonClass: 32974K(33152K)->32974K(33152K) Class: 4426K(4608K)->4426K(4608K)
[2025-04-16T15:08:05.845+0000][1779.854s][info][gc             ] GC(1128) Pause Young (Allocation Failure) 23M->14M(31M) 1.339ms
[2025-04-16T15:08:05.845+0000][1779.854s][info][gc,cpu         ] GC(1128) User=0.00s Sys=0.00s Real=0.01s
[2025-04-16T15:08:07.369+0000][1781.378s][info][gc,start       ] GC(1129) Pause Young (Allocation Failure)
[2025-04-16T15:08:07.370+0000][1781.379s][info][gc,heap        ] GC(1129) DefNew: 9174K(10176K)->102K(10176K) Eden: 9088K(9088K)->0K(9088K) From: 86K(1088K)->102K(1088K)
[2025-04-16T15:08:07.370+0000][1781.379s][info][gc,heap        ] GC(1129) Tenured: 14827K(22484K)->14828K(22484K)
[2025-04-16T15:08:07.370+0000][1781.379s][info][gc,metaspace   ] GC(1129) Metaspace: 37401K(37760K)->37401K(37760K) NonClass: 32974K(33152K)->32974K(33152K) Class: 4426K(4608K)->4426K(4608K)
[2025-04-16T15:08:07.370+0000][1781.379s][info][gc             ] GC(1129) Pause Young (Allocation Failure) 23M->14M(31M) 1.239ms
[2025-04-16T15:08:07.370+0000][1781.379s][info][gc,cpu         ] GC(1129) User=0.00s Sys=0.00s Real=0.00s
[2025-04-16T15:08:09.051+0000][1783.060s][info][gc,start       ] GC(1130) Pause Young (Allocation Failure)
[2025-04-16T15:08:09.052+0000][1783.061s][info][gc,heap        ] GC(1130) DefNew: 9190K(10176K)->100K(10176K) Eden: 9088K(9088K)->0K(9088K) From: 102K(1088K)->100K(1088K)
[2025-04-16T15:08:09.052+0000][1783.061s][info][gc,heap        ] GC(1130) Tenured: 14828K(22484K)->14830K(22484K)
[2025-04-16T15:08:09.052+0000][1783.061s][info][gc,metaspace   ] GC(1130) Metaspace: 37401K(37760K)->37401K(37760K) NonClass: 32974K(33152K)->32974K(33152K) Class: 4426K(4608K)->4426K(4608K)
[2025-04-16T15:08:09.052+0000][1783.062s][info][gc             ] GC(1130) Pause Young (Allocation Failure) 23M->14M(31M) 1.260ms
[2025-04-16T15:08:09.052+0000][1783.062s][info][gc,cpu         ] GC(1130) User=0.00s Sys=0.00s Real=0.00s
[2025-04-16T15:08:10.690+0000][1784.699s][info][gc,start       ] GC(1131) Pause Young (Allocation Failure)
[2025-04-16T15:08:10.691+0000][1784.700s][info][gc,heap        ] GC(1131) DefNew: 9188K(10176K)->99K(10176K) Eden: 9088K(9088K)->0K(9088K) From: 100K(1088K)->99K(1088K)
[2025-04-16T15:08:10.691+0000][1784.700s][info][gc,heap        ] GC(1131) Tenured: 14830K(22484K)->14830K(22484K)
[2025-04-16T15:08:10.691+0000][1784.700s][info][gc,metaspace   ] GC(1131) Metaspace: 37401K(37760K)->37401K(37760K) NonClass: 32974K(33152K)->32974K(33152K) Class: 4426K(4608K)->4426K(4608K)
[2025-04-16T15:08:10.691+0000][1784.700s][info][gc             ] GC(1131) Pause Young (Allocation Failure) 23M->14M(31M) 1.307ms
[2025-04-16T15:08:10.691+0000][1784.700s][info][gc,cpu         ] GC(1131) User=0.01s Sys=0.00s Real=0.00s
[2025-04-16T15:08:12.252+0000][1786.261s][info][gc,start       ] GC(1132) Pause Young (Allocation Failure)
[2025-04-16T15:08:12.253+0000][1786.262s][info][gc,heap        ] GC(1132) DefNew: 9187K(10176K)->82K(10176K) Eden: 9088K(9088K)->0K(9088K) From: 99K(1088K)->82K(1088K)
[2025-04-16T15:08:12.253+0000][1786.262s][info][gc,heap        ] GC(1132) Tenured: 14830K(22484K)->14830K(22484K)
[2025-04-16T15:08:12.253+0000][1786.262s][info][gc,metaspace   ] GC(1132) Metaspace: 37401K(37760K)->37401K(37760K) NonClass: 32974K(33152K)->32974K(33152K) Class: 4426K(4608K)->4426K(4608K)
[2025-04-16T15:08:12.253+0000][1786.262s][info][gc             ] GC(1132) Pause Young (Allocation Failure) 23M->14M(31M) 1.297ms
[2025-04-16T15:08:12.253+0000][1786.262s][info][gc,cpu         ] GC(1132) User=0.00s Sys=0.00s Real=0.00s
[2025-04-16T15:08:14.016+0000][1788.025s][info][gc,start       ] GC(1133) Pause Young (Allocation Failure)
[2025-04-16T15:08:14.017+0000][1788.026s][info][gc,heap        ] GC(1133) DefNew: 9170K(10176K)->85K(10176K) Eden: 9088K(9088K)->0K(9088K) From: 82K(1088K)->85K(1088K)
[2025-04-16T15:08:14.017+0000][1788.026s][info][gc,heap        ] GC(1133) Tenured: 14830K(22484K)->14830K(22484K)
[2025-04-16T15:08:14.017+0000][1788.026s][info][gc,metaspace   ] GC(1133) Metaspace: 37401K(37760K)->37401K(37760K) NonClass: 32974K(33152K)->32974K(33152K) Class: 4426K(4608K)->4426K(4608K)
[2025-04-16T15:08:14.017+0000][1788.026s][info][gc             ] GC(1133) Pause Young (Allocation Failure) 23M->14M(31M) 1.280ms
[2025-04-16T15:08:14.017+0000][1788.026s][info][gc,cpu         ] GC(1133) User=0.01s Sys=0.00s Real=0.00s
[2025-04-16T15:08:15.608+0000][1789.617s][info][gc,start       ] GC(1134) Pause Young (Allocation Failure)
[2025-04-16T15:08:15.609+0000][1789.618s][info][gc,heap        ] GC(1134) DefNew: 9173K(10176K)->101K(10176K) Eden: 9088K(9088K)->0K(9088K) From: 85K(1088K)->101K(1088K)
[2025-04-16T15:08:15.609+0000][1789.618s][info][gc,heap        ] GC(1134) Tenured: 14830K(22484K)->14833K(22484K)
[2025-04-16T15:08:15.609+0000][1789.618s][info][gc,metaspace   ] GC(1134) Metaspace: 37401K(37760K)->37401K(37760K) NonClass: 32974K(33152K)->32974K(33152K) Class: 4426K(4608K)->4426K(4608K)
[2025-04-16T15:08:15.609+0000][1789.618s][info][gc             ] GC(1134) Pause Young (Allocation Failure) 23M->14M(31M) 1.286ms
[2025-04-16T15:08:15.609+0000][1789.618s][info][gc,cpu         ] GC(1134) User=0.00s Sys=0.00s Real=0.00s
[2025-04-16T15:08:17.235+0000][1791.244s][info][gc,start       ] GC(1135) Pause Young (Allocation Failure)
[2025-04-16T15:08:17.237+0000][1791.246s][info][gc,heap        ] GC(1135) DefNew: 9189K(10176K)->99K(10176K) Eden: 9088K(9088K)->0K(9088K) From: 101K(1088K)->99K(1088K)
[2025-04-16T15:08:17.237+0000][1791.246s][info][gc,heap        ] GC(1135) Tenured: 14833K(22484K)->14834K(22484K)
[2025-04-16T15:08:17.237+0000][1791.246s][info][gc,metaspace   ] GC(1135) Metaspace: 37401K(37760K)->37401K(37760K) NonClass: 32974K(33152K)->32974K(33152K) Class: 4426K(4608K)->4426K(4608K)
[2025-04-16T15:08:17.237+0000][1791.246s][info][gc             ] GC(1135) Pause Young (Allocation Failure) 23M->14M(31M) 1.305ms
[2025-04-16T15:08:17.237+0000][1791.246s][info][gc,cpu         ] GC(1135) User=0.00s Sys=0.00s Real=0.00s
[2025-04-16T15:08:18.850+0000][1792.859s][info][gc,start       ] GC(1136) Pause Young (Allocation Failure)
[2025-04-16T15:08:18.851+0000][1792.860s][info][gc,heap        ] GC(1136) DefNew: 9187K(10176K)->81K(10176K) Eden: 9088K(9088K)->0K(9088K) From: 99K(1088K)->81K(1088K)
[2025-04-16T15:08:18.851+0000][1792.860s][info][gc,heap        ] GC(1136) Tenured: 14834K(22484K)->14835K(22484K)
[2025-04-16T15:08:18.851+0000][1792.860s][info][gc,metaspace   ] GC(1136) Metaspace: 37401K(37760K)->37401K(37760K) NonClass: 32974K(33152K)->32974K(33152K) Class: 4426K(4608K)->4426K(4608K)
[2025-04-16T15:08:18.851+0000][1792.860s][info][gc             ] GC(1136) Pause Young (Allocation Failure) 23M->14M(31M) 1.323ms
[2025-04-16T15:08:18.851+0000][1792.860s][info][gc,cpu         ] GC(1136) User=0.00s Sys=0.00s Real=0.00s
[2025-04-16T15:08:20.240+0000][1794.249s][info][gc,start       ] GC(1137) Pause Young (Allocation Failure)
[2025-04-16T15:08:20.241+0000][1794.250s][info][gc,heap        ] GC(1137) DefNew: 9166K(10176K)->85K(10176K) Eden: 9084K(9088K)->0K(9088K) From: 81K(1088K)->85K(1088K)
[2025-04-16T15:08:20.241+0000][1794.250s][info][gc,heap        ] GC(1137) Tenured: 14835K(22484K)->14835K(22484K)
[2025-04-16T15:08:20.241+0000][1794.250s][info][gc,metaspace   ] GC(1137) Metaspace: 37401K(37760K)->37401K(37760K) NonClass: 32974K(33152K)->32974K(33152K) Class: 4426K(4608K)->4426K(4608K)
[2025-04-16T15:08:20.241+0000][1794.250s][info][gc             ] GC(1137) Pause Young (Allocation Failure) 23M->14M(31M) 1.235ms
[2025-04-16T15:08:20.241+0000][1794.250s][info][gc,cpu         ] GC(1137) User=0.00s Sys=0.00s Real=0.00s
[2025-04-16T15:08:21.939+0000][1795.948s][info][gc,start       ] GC(1138) Pause Young (Allocation Failure)
[2025-04-16T15:08:21.940+0000][1795.949s][info][gc,heap        ] GC(1138) DefNew: 9173K(10176K)->79K(10176K) Eden: 9088K(9088K)->0K(9088K) From: 85K(1088K)->79K(1088K)
[2025-04-16T15:08:21.940+0000][1795.949s][info][gc,heap        ] GC(1138) Tenured: 14835K(22484K)->14838K(22484K)
[2025-04-16T15:08:21.940+0000][1795.949s][info][gc,metaspace   ] GC(1138) Metaspace: 37401K(37760K)->37401K(37760K) NonClass: 32974K(33152K)->32974K(33152K) Class: 4426K(4608K)->4426K(4608K)
[2025-04-16T15:08:21.940+0000][1795.949s][info][gc             ] GC(1138) Pause Young (Allocation Failure) 23M->14M(31M) 1.342ms
[2025-04-16T15:08:21.940+0000][1795.949s][info][gc,cpu         ] GC(1138) User=0.00s Sys=0.00s Real=0.00s
[2025-04-16T15:08:23.500+0000][1797.509s][info][gc,start       ] GC(1139) Pause Young (Allocation Failure)
[2025-04-16T15:08:23.501+0000][1797.510s][info][gc,heap        ] GC(1139) DefNew: 9167K(10176K)->88K(10176K) Eden: 9088K(9088K)->0K(9088K) From: 79K(1088K)->88K(1088K)
[2025-04-16T15:08:23.501+0000][1797.510s][info][gc,heap        ] GC(1139) Tenured: 14838K(22484K)->14838K(22484K)
[2025-04-16T15:08:23.501+0000][1797.510s][info][gc,metaspace   ] GC(1139) Metaspace: 37401K(37760K)->37401K(37760K) NonClass: 32974K(33152K)->32974K(33152K) Class: 4426K(4608K)->4426K(4608K)
[2025-04-16T15:08:23.501+0000][1797.510s][info][gc             ] GC(1139) Pause Young (Allocation Failure) 23M->14M(31M) 1.352ms
[2025-04-16T15:08:23.501+0000][1797.510s][info][gc,cpu         ] GC(1139) User=0.01s Sys=0.00s Real=0.00s
[2025-04-16T15:08:25.118+0000][1799.127s][info][gc,start       ] GC(1140) Pause Young (Allocation Failure)
[2025-04-16T15:08:25.120+0000][1799.129s][info][gc,heap        ] GC(1140) DefNew: 9176K(10176K)->82K(10176K) Eden: 9088K(9088K)->0K(9088K) From: 88K(1088K)->82K(1088K)
[2025-04-16T15:08:25.120+0000][1799.129s][info][gc,heap        ] GC(1140) Tenured: 14838K(22484K)->14838K(22484K)
[2025-04-16T15:08:25.120+0000][1799.129s][info][gc,metaspace   ] GC(1140) Metaspace: 37401K(37760K)->37401K(37760K) NonClass: 32974K(33152K)->32974K(33152K) Class: 4426K(4608K)->4426K(4608K)
[2025-04-16T15:08:25.120+0000][1799.129s][info][gc             ] GC(1140) Pause Young (Allocation Failure) 23M->14M(31M) 1.436ms
[2025-04-16T15:08:25.120+0000][1799.129s][info][gc,cpu         ] GC(1140) User=0.00s Sys=0.00s Real=0.00s
[2025-04-16T15:08:26.779+0000][1800.788s][info][gc,start       ] GC(1141) Pause Young (Allocation Failure)
[2025-04-16T15:08:26.781+0000][1800.790s][info][gc,heap        ] GC(1141) DefNew: 9170K(10176K)->100K(10176K) Eden: 9088K(9088K)->0K(9088K) From: 82K(1088K)->100K(1088K)
[2025-04-16T15:08:26.781+0000][1800.790s][info][gc,heap        ] GC(1141) Tenured: 14838K(22484K)->14838K(22484K)
[2025-04-16T15:08:26.781+0000][1800.790s][info][gc,metaspace   ] GC(1141) Metaspace: 37401K(37760K)->37401K(37760K) NonClass: 32974K(33152K)->32974K(33152K) Class: 4426K(4608K)->4426K(4608K)
[2025-04-16T15:08:26.781+0000][1800.790s][info][gc             ] GC(1141) Pause Young (Allocation Failure) 23M->14M(31M) 1.347ms
[2025-04-16T15:08:26.781+0000][1800.790s][info][gc,cpu         ] GC(1141) User=0.00s Sys=0.00s Real=0.00s
[2025-04-16T15:08:28.663+0000][1802.672s][info][gc,start       ] GC(1142) Pause Young (Allocation Failure)
[2025-04-16T15:08:28.664+0000][1802.673s][info][gc,heap        ] GC(1142) DefNew: 9188K(10176K)->82K(10176K) Eden: 9088K(9088K)->0K(9088K) From: 100K(1088K)->82K(1088K)
[2025-04-16T15:08:28.664+0000][1802.673s][info][gc,heap        ] GC(1142) Tenured: 14838K(22484K)->14838K(22484K)
[2025-04-16T15:08:28.664+0000][1802.673s][info][gc,metaspace   ] GC(1142) Metaspace: 37401K(37760K)->37401K(37760K) NonClass: 32974K(33152K)->32974K(33152K) Class: 4426K(4608K)->4426K(4608K)
[2025-04-16T15:08:28.664+0000][1802.673s][info][gc             ] GC(1142) Pause Young (Allocation Failure) 23M->14M(31M) 1.258ms
[2025-04-16T15:08:28.664+0000][1802.673s][info][gc,cpu         ] GC(1142) User=0.00s Sys=0.00s Real=0.01s
[2025-04-16T15:08:30.213+0000][1804.222s][info][gc,start       ] GC(1143) Pause Young (Allocation Failure)
[2025-04-16T15:08:30.214+0000][1804.223s][info][gc,heap        ] GC(1143) DefNew: 9170K(10176K)->95K(10176K) Eden: 9088K(9088K)->0K(9088K) From: 82K(1088K)->95K(1088K)
[2025-04-16T15:08:30.214+0000][1804.223s][info][gc,heap        ] GC(1143) Tenured: 14838K(22484K)->14839K(22484K)
[2025-04-16T15:08:30.214+0000][1804.223s][info][gc,metaspace   ] GC(1143) Metaspace: 37401K(37760K)->37401K(37760K) NonClass: 32974K(33152K)->32974K(33152K) Class: 4426K(4608K)->4426K(4608K)
[2025-04-16T15:08:30.214+0000][1804.223s][info][gc             ] GC(1143) Pause Young (Allocation Failure) 23M->14M(31M) 1.287ms
[2025-04-16T15:08:30.214+0000][1804.223s][info][gc,cpu         ] GC(1143) User=0.00s Sys=0.00s Real=0.01s
[2025-04-16T15:08:31.951+0000][1805.960s][info][gc,start       ] GC(1144) Pause Young (Allocation Failure)
[2025-04-16T15:08:31.952+0000][1805.961s][info][gc,heap        ] GC(1144) DefNew: 9168K(10176K)->83K(10176K) Eden: 9072K(9088K)->0K(9088K) From: 95K(1088K)->83K(1088K)
[2025-04-16T15:08:31.952+0000][1805.961s][info][gc,heap        ] GC(1144) Tenured: 14839K(22484K)->14842K(22484K)
[2025-04-16T15:08:31.952+0000][1805.961s][info][gc,metaspace   ] GC(1144) Metaspace: 37401K(37760K)->37401K(37760K) NonClass: 32974K(33152K)->32974K(33152K) Class: 4426K(4608K)->4426K(4608K)
[2025-04-16T15:08:31.952+0000][1805.961s][info][gc             ] GC(1144) Pause Young (Allocation Failure) 23M->14M(31M) 1.357ms
[2025-04-16T15:08:31.952+0000][1805.961s][info][gc,cpu         ] GC(1144) User=0.00s Sys=0.00s Real=0.00s
[2025-04-16T15:08:33.340+0000][1807.349s][info][gc,start       ] GC(1145) Pause Young (Allocation Failure)
[2025-04-16T15:08:33.341+0000][1807.350s][info][gc,heap        ] GC(1145) DefNew: 9171K(10176K)->80K(10176K) Eden: 9088K(9088K)->0K(9088K) From: 83K(1088K)->80K(1088K)
[2025-04-16T15:08:33.341+0000][1807.350s][info][gc,heap        ] GC(1145) Tenured: 14842K(22484K)->14842K(22484K)
[2025-04-16T15:08:33.341+0000][1807.350s][info][gc,metaspace   ] GC(1145) Metaspace: 37401K(37760K)->37401K(37760K) NonClass: 32974K(33152K)->32974K(33152K) Class: 4426K(4608K)->4426K(4608K)
[2025-04-16T15:08:33.341+0000][1807.350s][info][gc             ] GC(1145) Pause Young (Allocation Failure) 23M->14M(31M) 1.218ms
[2025-04-16T15:08:33.341+0000][1807.350s][info][gc,cpu         ] GC(1145) User=0.00s Sys=0.00s Real=0.00s
[2025-04-16T15:08:35.188+0000][1809.197s][info][gc,start       ] GC(1146) Pause Young (Allocation Failure)
[2025-04-16T15:08:35.189+0000][1809.198s][info][gc,heap        ] GC(1146) DefNew: 9168K(10176K)->123K(10176K) Eden: 9088K(9088K)->0K(9088K) From: 80K(1088K)->123K(1088K)
[2025-04-16T15:08:35.189+0000][1809.199s][info][gc,heap        ] GC(1146) Tenured: 14842K(22484K)->14842K(22484K)
[2025-04-16T15:08:35.189+0000][1809.199s][info][gc,metaspace   ] GC(1146) Metaspace: 37401K(37760K)->37401K(37760K) NonClass: 32974K(33152K)->32974K(33152K) Class: 4426K(4608K)->4426K(4608K)
[2025-04-16T15:08:35.190+0000][1809.199s][info][gc             ] GC(1146) Pause Young (Allocation Failure) 23M->14M(31M) 1.364ms
[2025-04-16T15:08:35.190+0000][1809.199s][info][gc,cpu         ] GC(1146) User=0.00s Sys=0.00s Real=0.00s
[2025-04-16T15:08:36.713+0000][1810.722s][info][gc,start       ] GC(1147) Pause Young (Allocation Failure)
[2025-04-16T15:08:36.714+0000][1810.723s][info][gc,heap        ] GC(1147) DefNew: 9211K(10176K)->92K(10176K) Eden: 9088K(9088K)->0K(9088K) From: 123K(1088K)->92K(1088K)
[2025-04-16T15:08:36.714+0000][1810.723s][info][gc,heap        ] GC(1147) Tenured: 14842K(22484K)->14842K(22484K)
[2025-04-16T15:08:36.714+0000][1810.723s][info][gc,metaspace   ] GC(1147) Metaspace: 37407K(37760K)->37407K(37760K) NonClass: 32980K(33152K)->32980K(33152K) Class: 4426K(4608K)->4426K(4608K)
[2025-04-16T15:08:36.714+0000][1810.723s][info][gc             ] GC(1147) Pause Young (Allocation Failure) 23M->14M(31M) 1.189ms
[2025-04-16T15:08:36.714+0000][1810.723s][info][gc,cpu         ] GC(1147) User=0.01s Sys=0.00s Real=0.01s
[2025-04-16T15:08:38.323+0000][1812.332s][info][gc,start       ] GC(1148) Pause Young (Allocation Failure)
[2025-04-16T15:08:38.324+0000][1812.333s][info][gc,heap        ] GC(1148) DefNew: 9168K(10176K)->86K(10176K) Eden: 9075K(9088K)->0K(9088K) From: 92K(1088K)->86K(1088K)
[2025-04-16T15:08:38.324+0000][1812.333s][info][gc,heap        ] GC(1148) Tenured: 14842K(22484K)->14843K(22484K)
[2025-04-16T15:08:38.324+0000][1812.333s][info][gc,metaspace   ] GC(1148) Metaspace: 37407K(37760K)->37407K(37760K) NonClass: 32980K(33152K)->32980K(33152K) Class: 4426K(4608K)->4426K(4608K)
[2025-04-16T15:08:38.324+0000][1812.333s][info][gc             ] GC(1148) Pause Young (Allocation Failure) 23M->14M(31M) 1.212ms
[2025-04-16T15:08:38.324+0000][1812.333s][info][gc,cpu         ] GC(1148) User=0.00s Sys=0.00s Real=0.01s
[2025-04-16T15:08:39.990+0000][1813.999s][info][gc,start       ] GC(1149) Pause Young (Allocation Failure)
[2025-04-16T15:08:39.991+0000][1814.000s][info][gc,heap        ] GC(1149) DefNew: 9174K(10176K)->87K(10176K) Eden: 9088K(9088K)->0K(9088K) From: 86K(1088K)->87K(1088K)
[2025-04-16T15:08:39.991+0000][1814.000s][info][gc,heap        ] GC(1149) Tenured: 14843K(22484K)->14843K(22484K)
[2025-04-16T15:08:39.991+0000][1814.000s][info][gc,metaspace   ] GC(1149) Metaspace: 37407K(37760K)->37407K(37760K) NonClass: 32980K(33152K)->32980K(33152K) Class: 4426K(4608K)->4426K(4608K)
[2025-04-16T15:08:39.991+0000][1814.000s][info][gc             ] GC(1149) Pause Young (Allocation Failure) 23M->14M(31M) 1.306ms
[2025-04-16T15:08:39.991+0000][1814.000s][info][gc,cpu         ] GC(1149) User=0.00s Sys=0.00s Real=0.00s
[2025-04-16T15:08:41.704+0000][1815.713s][info][gc,start       ] GC(1150) Pause Young (Allocation Failure)
[2025-04-16T15:08:41.706+0000][1815.715s][info][gc,heap        ] GC(1150) DefNew: 9175K(10176K)->82K(10176K) Eden: 9088K(9088K)->0K(9088K) From: 87K(1088K)->82K(1088K)
[2025-04-16T15:08:41.706+0000][1815.715s][info][gc,heap        ] GC(1150) Tenured: 14843K(22484K)->14844K(22484K)
[2025-04-16T15:08:41.706+0000][1815.715s][info][gc,metaspace   ] GC(1150) Metaspace: 37407K(37760K)->37407K(37760K) NonClass: 32980K(33152K)->32980K(33152K) Class: 4426K(4608K)->4426K(4608K)
[2025-04-16T15:08:41.706+0000][1815.715s][info][gc             ] GC(1150) Pause Young (Allocation Failure) 23M->14M(31M) 1.268ms
[2025-04-16T15:08:41.706+0000][1815.715s][info][gc,cpu         ] GC(1150) User=0.00s Sys=0.00s Real=0.00s
[2025-04-16T15:08:43.201+0000][1817.210s][info][gc,start       ] GC(1151) Pause Young (Allocation Failure)
[2025-04-16T15:08:43.203+0000][1817.212s][info][gc,heap        ] GC(1151) DefNew: 9170K(10176K)->102K(10176K) Eden: 9088K(9088K)->0K(9088K) From: 82K(1088K)->102K(1088K)
[2025-04-16T15:08:43.203+0000][1817.212s][info][gc,heap        ] GC(1151) Tenured: 14844K(22484K)->14845K(22484K)
[2025-04-16T15:08:43.203+0000][1817.212s][info][gc,metaspace   ] GC(1151) Metaspace: 37407K(37760K)->37407K(37760K) NonClass: 32980K(33152K)->32980K(33152K) Class: 4426K(4608K)->4426K(4608K)
[2025-04-16T15:08:43.203+0000][1817.212s][info][gc             ] GC(1151) Pause Young (Allocation Failure) 23M->14M(31M) 1.355ms
[2025-04-16T15:08:43.203+0000][1817.212s][info][gc,cpu         ] GC(1151) User=0.00s Sys=0.00s Real=0.00s
[2025-04-16T15:08:44.909+0000][1818.918s][info][gc,start       ] GC(1152) Pause Young (Allocation Failure)
[2025-04-16T15:08:44.910+0000][1818.919s][info][gc,heap        ] GC(1152) DefNew: 9190K(10176K)->93K(10176K) Eden: 9088K(9088K)->0K(9088K) From: 102K(1088K)->93K(1088K)
[2025-04-16T15:08:44.910+0000][1818.919s][info][gc,heap        ] GC(1152) Tenured: 14845K(22484K)->14845K(22484K)
[2025-04-16T15:08:44.910+0000][1818.919s][info][gc,metaspace   ] GC(1152) Metaspace: 37407K(37760K)->37407K(37760K) NonClass: 32980K(33152K)->32980K(33152K) Class: 4426K(4608K)->4426K(4608K)
[2025-04-16T15:08:44.910+0000][1818.919s][info][gc             ] GC(1152) Pause Young (Allocation Failure) 23M->14M(31M) 1.209ms
[2025-04-16T15:08:44.910+0000][1818.919s][info][gc,cpu         ] GC(1152) User=0.00s Sys=0.00s Real=0.00s
[2025-04-16T15:08:46.519+0000][1820.528s][info][gc,start       ] GC(1153) Pause Young (Allocation Failure)
[2025-04-16T15:08:46.520+0000][1820.529s][info][gc,heap        ] GC(1153) DefNew: 9180K(10176K)->91K(10176K) Eden: 9087K(9088K)->0K(9088K) From: 93K(1088K)->91K(1088K)
[2025-04-16T15:08:46.520+0000][1820.529s][info][gc,heap        ] GC(1153) Tenured: 14845K(22484K)->14845K(22484K)
[2025-04-16T15:08:46.520+0000][1820.529s][info][gc,metaspace   ] GC(1153) Metaspace: 37407K(37760K)->37407K(37760K) NonClass: 32980K(33152K)->32980K(33152K) Class: 4426K(4608K)->4426K(4608K)
[2025-04-16T15:08:46.520+0000][1820.529s][info][gc             ] GC(1153) Pause Young (Allocation Failure) 23M->14M(31M) 1.309ms
[2025-04-16T15:08:46.520+0000][1820.529s][info][gc,cpu         ] GC(1153) User=0.01s Sys=0.00s Real=0.00s
[2025-04-16T15:08:48.119+0000][1822.128s][info][gc,start       ] GC(1154) Pause Young (Allocation Failure)
[2025-04-16T15:08:48.120+0000][1822.129s][info][gc,heap        ] GC(1154) DefNew: 9179K(10176K)->94K(10176K) Eden: 9088K(9088K)->0K(9088K) From: 91K(1088K)->94K(1088K)
[2025-04-16T15:08:48.120+0000][1822.129s][info][gc,heap        ] GC(1154) Tenured: 14845K(22484K)->14848K(22484K)
[2025-04-16T15:08:48.120+0000][1822.129s][info][gc,metaspace   ] GC(1154) Metaspace: 37407K(37760K)->37407K(37760K) NonClass: 32980K(33152K)->32980K(33152K) Class: 4426K(4608K)->4426K(4608K)
[2025-04-16T15:08:48.120+0000][1822.129s][info][gc             ] GC(1154) Pause Young (Allocation Failure) 23M->14M(31M) 1.314ms
[2025-04-16T15:08:48.120+0000][1822.129s][info][gc,cpu         ] GC(1154) User=0.00s Sys=0.00s Real=0.00s
[2025-04-16T15:08:49.798+0000][1823.807s][info][gc,start       ] GC(1155) Pause Young (Allocation Failure)
[2025-04-16T15:08:49.799+0000][1823.809s][info][gc,heap        ] GC(1155) DefNew: 9182K(10176K)->113K(10176K) Eden: 9088K(9088K)->0K(9088K) From: 94K(1088K)->113K(1088K)
[2025-04-16T15:08:49.800+0000][1823.809s][info][gc,heap        ] GC(1155) Tenured: 14848K(22484K)->14849K(22484K)
[2025-04-16T15:08:49.800+0000][1823.809s][info][gc,metaspace   ] GC(1155) Metaspace: 37407K(37760K)->37407K(37760K) NonClass: 32980K(33152K)->32980K(33152K) Class: 4426K(4608K)->4426K(4608K)
[2025-04-16T15:08:49.800+0000][1823.809s][info][gc             ] GC(1155) Pause Young (Allocation Failure) 23M->14M(31M) 1.404ms
[2025-04-16T15:08:49.800+0000][1823.809s][info][gc,cpu         ] GC(1155) User=0.00s Sys=0.00s Real=0.00s
[2025-04-16T15:08:51.385+0000][1825.394s][info][gc,start       ] GC(1156) Pause Young (Allocation Failure)
[2025-04-16T15:08:51.386+0000][1825.395s][info][gc,heap        ] GC(1156) DefNew: 9201K(10176K)->93K(10176K) Eden: 9088K(9088K)->0K(9088K) From: 113K(1088K)->93K(1088K)
[2025-04-16T15:08:51.386+0000][1825.395s][info][gc,heap        ] GC(1156) Tenured: 14849K(22484K)->14849K(22484K)
[2025-04-16T15:08:51.386+0000][1825.395s][info][gc,metaspace   ] GC(1156) Metaspace: 37407K(37760K)->37407K(37760K) NonClass: 32980K(33152K)->32980K(33152K) Class: 4426K(4608K)->4426K(4608K)
[2025-04-16T15:08:51.386+0000][1825.395s][info][gc             ] GC(1156) Pause Young (Allocation Failure) 23M->14M(31M) 1.173ms
[2025-04-16T15:08:51.386+0000][1825.395s][info][gc,cpu         ] GC(1156) User=0.00s Sys=0.00s Real=0.00s
[2025-04-16T15:08:52.824+0000][1826.833s][info][gc,start       ] GC(1157) Pause Young (Allocation Failure)
[2025-04-16T15:08:52.825+0000][1826.834s][info][gc,heap        ] GC(1157) DefNew: 9181K(10176K)->92K(10176K) Eden: 9088K(9088K)->0K(9088K) From: 93K(1088K)->92K(1088K)
[2025-04-16T15:08:52.825+0000][1826.834s][info][gc,heap        ] GC(1157) Tenured: 14849K(22484K)->14849K(22484K)
[2025-04-16T15:08:52.825+0000][1826.834s][info][gc,metaspace   ] GC(1157) Metaspace: 37407K(37760K)->37407K(37760K) NonClass: 32980K(33152K)->32980K(33152K) Class: 4426K(4608K)->4426K(4608K)
[2025-04-16T15:08:52.825+0000][1826.834s][info][gc             ] GC(1157) Pause Young (Allocation Failure) 23M->14M(31M) 1.211ms
[2025-04-16T15:08:52.825+0000][1826.834s][info][gc,cpu         ] GC(1157) User=0.00s Sys=0.01s Real=0.01s
[2025-04-16T15:08:54.576+0000][1828.585s][info][gc,start       ] GC(1158) Pause Young (Allocation Failure)
[2025-04-16T15:08:54.577+0000][1828.586s][info][gc,heap        ] GC(1158) DefNew: 9180K(10176K)->88K(10176K) Eden: 9088K(9088K)->0K(9088K) From: 92K(1088K)->88K(1088K)
[2025-04-16T15:08:54.577+0000][1828.586s][info][gc,heap        ] GC(1158) Tenured: 14849K(22484K)->14849K(22484K)
[2025-04-16T15:08:54.577+0000][1828.586s][info][gc,metaspace   ] GC(1158) Metaspace: 37407K(37760K)->37407K(37760K) NonClass: 32980K(33152K)->32980K(33152K) Class: 4426K(4608K)->4426K(4608K)
[2025-04-16T15:08:54.577+0000][1828.586s][info][gc             ] GC(1158) Pause Young (Allocation Failure) 23M->14M(31M) 1.377ms
[2025-04-16T15:08:54.577+0000][1828.586s][info][gc,cpu         ] GC(1158) User=0.00s Sys=0.00s Real=0.00s
[2025-04-16T15:08:56.187+0000][1830.197s][info][gc,start       ] GC(1159) Pause Young (Allocation Failure)
[2025-04-16T15:08:56.189+0000][1830.198s][info][gc,heap        ] GC(1159) DefNew: 9176K(10176K)->105K(10176K) Eden: 9088K(9088K)->0K(9088K) From: 88K(1088K)->105K(1088K)
[2025-04-16T15:08:56.189+0000][1830.198s][info][gc,heap        ] GC(1159) Tenured: 14849K(22484K)->14850K(22484K)
[2025-04-16T15:08:56.189+0000][1830.198s][info][gc,metaspace   ] GC(1159) Metaspace: 37407K(37760K)->37407K(37760K) NonClass: 32980K(33152K)->32980K(33152K) Class: 4426K(4608K)->4426K(4608K)
[2025-04-16T15:08:56.189+0000][1830.198s][info][gc             ] GC(1159) Pause Young (Allocation Failure) 23M->14M(31M) 1.354ms
[2025-04-16T15:08:56.189+0000][1830.198s][info][gc,cpu         ] GC(1159) User=0.00s Sys=0.00s Real=0.00s
[2025-04-16T15:08:57.544+0000][1831.553s][info][gc,start       ] GC(1160) Pause Young (Allocation Failure)
[2025-04-16T15:08:57.545+0000][1831.554s][info][gc,heap        ] GC(1160) DefNew: 9192K(10176K)->93K(10176K) Eden: 9087K(9088K)->0K(9088K) From: 105K(1088K)->93K(1088K)
[2025-04-16T15:08:57.545+0000][1831.554s][info][gc,heap        ] GC(1160) Tenured: 14850K(22484K)->14852K(22484K)
[2025-04-16T15:08:57.545+0000][1831.554s][info][gc,metaspace   ] GC(1160) Metaspace: 37407K(37760K)->37407K(37760K) NonClass: 32980K(33152K)->32980K(33152K) Class: 4426K(4608K)->4426K(4608K)
[2025-04-16T15:08:57.545+0000][1831.554s][info][gc             ] GC(1160) Pause Young (Allocation Failure) 23M->14M(31M) 1.207ms
[2025-04-16T15:08:57.545+0000][1831.554s][info][gc,cpu         ] GC(1160) User=0.00s Sys=0.00s Real=0.01s
[2025-04-16T15:08:59.244+0000][1833.253s][info][gc,start       ] GC(1161) Pause Young (Allocation Failure)
[2025-04-16T15:08:59.245+0000][1833.254s][info][gc,heap        ] GC(1161) DefNew: 9176K(10176K)->90K(10176K) Eden: 9082K(9088K)->0K(9088K) From: 93K(1088K)->90K(1088K)
[2025-04-16T15:08:59.245+0000][1833.254s][info][gc,heap        ] GC(1161) Tenured: 14852K(22484K)->14852K(22484K)
[2025-04-16T15:08:59.245+0000][1833.254s][info][gc,metaspace   ] GC(1161) Metaspace: 37407K(37760K)->37407K(37760K) NonClass: 32980K(33152K)->32980K(33152K) Class: 4426K(4608K)->4426K(4608K)
[2025-04-16T15:08:59.245+0000][1833.254s][info][gc             ] GC(1161) Pause Young (Allocation Failure) 23M->14M(31M) 1.155ms
[2025-04-16T15:08:59.245+0000][1833.254s][info][gc,cpu         ] GC(1161) User=0.00s Sys=0.00s Real=0.01s
[2025-04-16T15:09:00.747+0000][1834.756s][info][gc,start       ] GC(1162) Pause Young (Allocation Failure)
[2025-04-16T15:09:00.748+0000][1834.757s][info][gc,heap        ] GC(1162) DefNew: 9178K(10176K)->87K(10176K) Eden: 9088K(9088K)->0K(9088K) From: 90K(1088K)->87K(1088K)
[2025-04-16T15:09:00.748+0000][1834.757s][info][gc,heap        ] GC(1162) Tenured: 14852K(22484K)->14854K(22484K)
[2025-04-16T15:09:00.748+0000][1834.757s][info][gc,metaspace   ] GC(1162) Metaspace: 37407K(37760K)->37407K(37760K) NonClass: 32980K(33152K)->32980K(33152K) Class: 4426K(4608K)->4426K(4608K)
[2025-04-16T15:09:00.748+0000][1834.757s][info][gc             ] GC(1162) Pause Young (Allocation Failure) 23M->14M(31M) 1.361ms
[2025-04-16T15:09:00.748+0000][1834.757s][info][gc,cpu         ] GC(1162) User=0.00s Sys=0.00s Real=0.00s
[2025-04-16T15:09:02.390+0000][1836.399s][info][gc,start       ] GC(1163) Pause Young (Allocation Failure)
[2025-04-16T15:09:02.391+0000][1836.400s][info][gc,heap        ] GC(1163) DefNew: 9175K(10176K)->107K(10176K) Eden: 9088K(9088K)->0K(9088K) From: 87K(1088K)->107K(1088K)
[2025-04-16T15:09:02.391+0000][1836.400s][info][gc,heap        ] GC(1163) Tenured: 14854K(22484K)->14854K(22484K)
[2025-04-16T15:09:02.391+0000][1836.400s][info][gc,metaspace   ] GC(1163) Metaspace: 37407K(37760K)->37407K(37760K) NonClass: 32980K(33152K)->32980K(33152K) Class: 4426K(4608K)->4426K(4608K)
[2025-04-16T15:09:02.391+0000][1836.400s][info][gc             ] GC(1163) Pause Young (Allocation Failure) 23M->14M(31M) 1.234ms
[2025-04-16T15:09:02.391+0000][1836.400s][info][gc,cpu         ] GC(1163) User=0.00s Sys=0.00s Real=0.00s
[2025-04-16T15:09:03.951+0000][1837.960s][info][gc,start       ] GC(1164) Pause Young (Allocation Failure)
[2025-04-16T15:09:03.952+0000][1837.961s][info][gc,heap        ] GC(1164) DefNew: 9195K(10176K)->104K(10176K) Eden: 9088K(9088K)->0K(9088K) From: 107K(1088K)->104K(1088K)
[2025-04-16T15:09:03.952+0000][1837.961s][info][gc,heap        ] GC(1164) Tenured: 14854K(22484K)->14857K(22484K)
[2025-04-16T15:09:03.952+0000][1837.961s][info][gc,metaspace   ] GC(1164) Metaspace: 37407K(37760K)->37407K(37760K) NonClass: 32980K(33152K)->32980K(33152K) Class: 4426K(4608K)->4426K(4608K)
[2025-04-16T15:09:03.952+0000][1837.961s][info][gc             ] GC(1164) Pause Young (Allocation Failure) 23M->14M(31M) 1.284ms
[2025-04-16T15:09:03.952+0000][1837.961s][info][gc,cpu         ] GC(1164) User=0.00s Sys=0.00s Real=0.00s
[2025-04-16T15:09:05.668+0000][1839.677s][info][gc,start       ] GC(1165) Pause Young (Allocation Failure)
[2025-04-16T15:09:05.670+0000][1839.679s][info][gc,heap        ] GC(1165) DefNew: 9192K(10176K)->98K(10176K) Eden: 9088K(9088K)->0K(9088K) From: 104K(1088K)->98K(1088K)
[2025-04-16T15:09:05.670+0000][1839.679s][info][gc,heap        ] GC(1165) Tenured: 14857K(22484K)->14859K(22484K)
[2025-04-16T15:09:05.670+0000][1839.679s][info][gc,metaspace   ] GC(1165) Metaspace: 37407K(37760K)->37407K(37760K) NonClass: 32980K(33152K)->32980K(33152K) Class: 4426K(4608K)->4426K(4608K)
[2025-04-16T15:09:05.670+0000][1839.679s][info][gc             ] GC(1165) Pause Young (Allocation Failure) 23M->14M(31M) 1.292ms
[2025-04-16T15:09:05.670+0000][1839.679s][info][gc,cpu         ] GC(1165) User=0.00s Sys=0.00s Real=0.00s
[2025-04-16T15:09:07.265+0000][1841.274s][info][gc,start       ] GC(1166) Pause Young (Allocation Failure)
[2025-04-16T15:09:07.267+0000][1841.276s][info][gc,heap        ] GC(1166) DefNew: 9186K(10176K)->83K(10176K) Eden: 9088K(9088K)->0K(9088K) From: 98K(1088K)->83K(1088K)
[2025-04-16T15:09:07.267+0000][1841.276s][info][gc,heap        ] GC(1166) Tenured: 14859K(22484K)->14859K(22484K)
[2025-04-16T15:09:07.267+0000][1841.276s][info][gc,metaspace   ] GC(1166) Metaspace: 37407K(37760K)->37407K(37760K) NonClass: 32980K(33152K)->32980K(33152K) Class: 4426K(4608K)->4426K(4608K)
[2025-04-16T15:09:07.267+0000][1841.276s][info][gc             ] GC(1166) Pause Young (Allocation Failure) 23M->14M(31M) 1.197ms
[2025-04-16T15:09:07.267+0000][1841.276s][info][gc,cpu         ] GC(1166) User=0.00s Sys=0.00s Real=0.00s
[2025-04-16T15:09:08.660+0000][1842.669s][info][gc,start       ] GC(1167) Pause Young (Allocation Failure)
[2025-04-16T15:09:08.661+0000][1842.670s][info][gc,heap        ] GC(1167) DefNew: 9171K(10176K)->86K(10176K) Eden: 9088K(9088K)->0K(9088K) From: 83K(1088K)->86K(1088K)
[2025-04-16T15:09:08.661+0000][1842.670s][info][gc,heap        ] GC(1167) Tenured: 14859K(22484K)->14859K(22484K)
[2025-04-16T15:09:08.661+0000][1842.670s][info][gc,metaspace   ] GC(1167) Metaspace: 37407K(37760K)->37407K(37760K) NonClass: 32980K(33152K)->32980K(33152K) Class: 4426K(4608K)->4426K(4608K)
[2025-04-16T15:09:08.661+0000][1842.670s][info][gc             ] GC(1167) Pause Young (Allocation Failure) 23M->14M(31M) 1.254ms
[2025-04-16T15:09:08.661+0000][1842.670s][info][gc,cpu         ] GC(1167) User=0.01s Sys=0.00s Real=0.00s
[2025-04-16T15:09:10.086+0000][1844.095s][info][gc,start       ] GC(1168) Pause Young (Allocation Failure)
[2025-04-16T15:09:10.087+0000][1844.096s][info][gc,heap        ] GC(1168) DefNew: 9174K(10176K)->96K(10176K) Eden: 9088K(9088K)->0K(9088K) From: 86K(1088K)->96K(1088K)
[2025-04-16T15:09:10.087+0000][1844.096s][info][gc,heap        ] GC(1168) Tenured: 14859K(22484K)->14862K(22484K)
[2025-04-16T15:09:10.087+0000][1844.096s][info][gc,metaspace   ] GC(1168) Metaspace: 37407K(37760K)->37407K(37760K) NonClass: 32980K(33152K)->32980K(33152K) Class: 4426K(4608K)->4426K(4608K)
[2025-04-16T15:09:10.087+0000][1844.096s][info][gc             ] GC(1168) Pause Young (Allocation Failure) 23M->14M(31M) 1.336ms
[2025-04-16T15:09:10.087+0000][1844.096s][info][gc,cpu         ] GC(1168) User=0.01s Sys=0.00s Real=0.00s
[2025-04-16T15:09:11.969+0000][1845.978s][info][gc,start       ] GC(1169) Pause Young (Allocation Failure)
[2025-04-16T15:09:11.971+0000][1845.980s][info][gc,heap        ] GC(1169) DefNew: 9184K(10176K)->99K(10176K) Eden: 9088K(9088K)->0K(9088K) From: 96K(1088K)->99K(1088K)
[2025-04-16T15:09:11.971+0000][1845.980s][info][gc,heap        ] GC(1169) Tenured: 14862K(22484K)->14862K(22484K)
[2025-04-16T15:09:11.971+0000][1845.980s][info][gc,metaspace   ] GC(1169) Metaspace: 37407K(37760K)->37407K(37760K) NonClass: 32980K(33152K)->32980K(33152K) Class: 4426K(4608K)->4426K(4608K)
[2025-04-16T15:09:11.971+0000][1845.980s][info][gc             ] GC(1169) Pause Young (Allocation Failure) 23M->14M(31M) 1.408ms
[2025-04-16T15:09:11.971+0000][1845.980s][info][gc,cpu         ] GC(1169) User=0.00s Sys=0.00s Real=0.00s
[2025-04-16T15:09:13.398+0000][1847.407s][info][gc,start       ] GC(1170) Pause Young (Allocation Failure)
[2025-04-16T15:09:13.400+0000][1847.409s][info][gc,heap        ] GC(1170) DefNew: 9187K(10176K)->91K(10176K) Eden: 9088K(9088K)->0K(9088K) From: 99K(1088K)->91K(1088K)
[2025-04-16T15:09:13.400+0000][1847.409s][info][gc,heap        ] GC(1170) Tenured: 14862K(22484K)->14863K(22484K)
[2025-04-16T15:09:13.400+0000][1847.409s][info][gc,metaspace   ] GC(1170) Metaspace: 37407K(37760K)->37407K(37760K) NonClass: 32980K(33152K)->32980K(33152K) Class: 4426K(4608K)->4426K(4608K)
[2025-04-16T15:09:13.400+0000][1847.409s][info][gc             ] GC(1170) Pause Young (Allocation Failure) 23M->14M(31M) 1.345ms
[2025-04-16T15:09:13.400+0000][1847.409s][info][gc,cpu         ] GC(1170) User=0.00s Sys=0.00s Real=0.00s
[2025-04-16T15:09:15.054+0000][1849.063s][info][gc,start       ] GC(1171) Pause Young (Allocation Failure)
[2025-04-16T15:09:15.056+0000][1849.065s][info][gc,heap        ] GC(1171) DefNew: 9175K(10176K)->85K(10176K) Eden: 9083K(9088K)->0K(9088K) From: 91K(1088K)->85K(1088K)
[2025-04-16T15:09:15.056+0000][1849.065s][info][gc,heap        ] GC(1171) Tenured: 14863K(22484K)->14863K(22484K)
[2025-04-16T15:09:15.056+0000][1849.065s][info][gc,metaspace   ] GC(1171) Metaspace: 37407K(37760K)->37407K(37760K) NonClass: 32980K(33152K)->32980K(33152K) Class: 4426K(4608K)->4426K(4608K)
[2025-04-16T15:09:15.056+0000][1849.065s][info][gc             ] GC(1171) Pause Young (Allocation Failure) 23M->14M(31M) 1.318ms
[2025-04-16T15:09:15.056+0000][1849.065s][info][gc,cpu         ] GC(1171) User=0.00s Sys=0.00s Real=0.00s
[2025-04-16T15:09:16.633+0000][1850.642s][info][gc,start       ] GC(1172) Pause Young (Allocation Failure)
[2025-04-16T15:09:16.634+0000][1850.643s][info][gc,heap        ] GC(1172) DefNew: 9173K(10176K)->81K(10176K) Eden: 9088K(9088K)->0K(9088K) From: 85K(1088K)->81K(1088K)
[2025-04-16T15:09:16.634+0000][1850.643s][info][gc,heap        ] GC(1172) Tenured: 14863K(22484K)->14864K(22484K)
[2025-04-16T15:09:16.634+0000][1850.643s][info][gc,metaspace   ] GC(1172) Metaspace: 37407K(37760K)->37407K(37760K) NonClass: 32980K(33152K)->32980K(33152K) Class: 4426K(4608K)->4426K(4608K)
[2025-04-16T15:09:16.634+0000][1850.643s][info][gc             ] GC(1172) Pause Young (Allocation Failure) 23M->14M(31M) 1.243ms
[2025-04-16T15:09:16.634+0000][1850.643s][info][gc,cpu         ] GC(1172) User=0.00s Sys=0.00s Real=0.00s
[2025-04-16T15:09:18.188+0000][1852.197s][info][gc,start       ] GC(1173) Pause Young (Allocation Failure)
[2025-04-16T15:09:18.189+0000][1852.198s][info][gc,heap        ] GC(1173) DefNew: 9169K(10176K)->80K(10176K) Eden: 9088K(9088K)->0K(9088K) From: 81K(1088K)->80K(1088K)
[2025-04-16T15:09:18.189+0000][1852.198s][info][gc,heap        ] GC(1173) Tenured: 14864K(22484K)->14864K(22484K)
[2025-04-16T15:09:18.189+0000][1852.198s][info][gc,metaspace   ] GC(1173) Metaspace: 37407K(37760K)->37407K(37760K) NonClass: 32980K(33152K)->32980K(33152K) Class: 4426K(4608K)->4426K(4608K)
[2025-04-16T15:09:18.189+0000][1852.198s][info][gc             ] GC(1173) Pause Young (Allocation Failure) 23M->14M(31M) 1.227ms
[2025-04-16T15:09:18.189+0000][1852.198s][info][gc,cpu         ] GC(1173) User=0.01s Sys=0.00s Real=0.00s
[2025-04-16T15:09:19.980+0000][1853.989s][info][gc,start       ] GC(1174) Pause Young (Allocation Failure)
[2025-04-16T15:09:19.981+0000][1853.990s][info][gc,heap        ] GC(1174) DefNew: 9168K(10176K)->98K(10176K) Eden: 9088K(9088K)->0K(9088K) From: 80K(1088K)->98K(1088K)
[2025-04-16T15:09:19.981+0000][1853.990s][info][gc,heap        ] GC(1174) Tenured: 14864K(22484K)->14864K(22484K)
[2025-04-16T15:09:19.981+0000][1853.990s][info][gc,metaspace   ] GC(1174) Metaspace: 37407K(37760K)->37407K(37760K) NonClass: 32980K(33152K)->32980K(33152K) Class: 4426K(4608K)->4426K(4608K)
[2025-04-16T15:09:19.981+0000][1853.990s][info][gc             ] GC(1174) Pause Young (Allocation Failure) 23M->14M(31M) 1.150ms
[2025-04-16T15:09:19.981+0000][1853.990s][info][gc,cpu         ] GC(1174) User=0.01s Sys=0.00s Real=0.00s
[2025-04-16T15:09:21.654+0000][1855.663s][info][gc,start       ] GC(1175) Pause Young (Allocation Failure)
[2025-04-16T15:09:21.655+0000][1855.664s][info][gc,heap        ] GC(1175) DefNew: 9186K(10176K)->86K(10176K) Eden: 9088K(9088K)->0K(9088K) From: 98K(1088K)->86K(1088K)
[2025-04-16T15:09:21.655+0000][1855.664s][info][gc,heap        ] GC(1175) Tenured: 14864K(22484K)->14865K(22484K)
[2025-04-16T15:09:21.655+0000][1855.664s][info][gc,metaspace   ] GC(1175) Metaspace: 37407K(37760K)->37407K(37760K) NonClass: 32980K(33152K)->32980K(33152K) Class: 4426K(4608K)->4426K(4608K)
[2025-04-16T15:09:21.655+0000][1855.664s][info][gc             ] GC(1175) Pause Young (Allocation Failure) 23M->14M(31M) 1.383ms
[2025-04-16T15:09:21.655+0000][1855.664s][info][gc,cpu         ] GC(1175) User=0.00s Sys=0.00s Real=0.01s
[2025-04-16T15:09:23.094+0000][1857.103s][info][gc,start       ] GC(1176) Pause Young (Allocation Failure)
[2025-04-16T15:09:23.095+0000][1857.104s][info][gc,heap        ] GC(1176) DefNew: 9174K(10176K)->81K(10176K) Eden: 9088K(9088K)->0K(9088K) From: 86K(1088K)->81K(1088K)
[2025-04-16T15:09:23.095+0000][1857.104s][info][gc,heap        ] GC(1176) Tenured: 14865K(22484K)->14866K(22484K)
[2025-04-16T15:09:23.095+0000][1857.104s][info][gc,metaspace   ] GC(1176) Metaspace: 37407K(37760K)->37407K(37760K) NonClass: 32980K(33152K)->32980K(33152K) Class: 4426K(4608K)->4426K(4608K)
[2025-04-16T15:09:23.095+0000][1857.104s][info][gc             ] GC(1176) Pause Young (Allocation Failure) 23M->14M(31M) 1.354ms
[2025-04-16T15:09:23.095+0000][1857.104s][info][gc,cpu         ] GC(1176) User=0.00s Sys=0.00s Real=0.01s
[2025-04-16T15:09:24.608+0000][1858.617s][info][gc,start       ] GC(1177) Pause Young (Allocation Failure)
[2025-04-16T15:09:24.609+0000][1858.618s][info][gc,heap        ] GC(1177) DefNew: 9169K(10176K)->76K(10176K) Eden: 9088K(9088K)->0K(9088K) From: 81K(1088K)->76K(1088K)
[2025-04-16T15:09:24.609+0000][1858.618s][info][gc,heap        ] GC(1177) Tenured: 14866K(22484K)->14868K(22484K)
[2025-04-16T15:09:24.609+0000][1858.618s][info][gc,metaspace   ] GC(1177) Metaspace: 37407K(37760K)->37407K(37760K) NonClass: 32980K(33152K)->32980K(33152K) Class: 4426K(4608K)->4426K(4608K)
[2025-04-16T15:09:24.609+0000][1858.618s][info][gc             ] GC(1177) Pause Young (Allocation Failure) 23M->14M(31M) 1.220ms
[2025-04-16T15:09:24.609+0000][1858.618s][info][gc,cpu         ] GC(1177) User=0.00s Sys=0.00s Real=0.00s
[2025-04-16T15:09:26.249+0000][1860.258s][info][gc,start       ] GC(1178) Pause Young (Allocation Failure)
[2025-04-16T15:09:26.250+0000][1860.259s][info][gc,heap        ] GC(1178) DefNew: 9164K(10176K)->75K(10176K) Eden: 9088K(9088K)->0K(9088K) From: 76K(1088K)->75K(1088K)
[2025-04-16T15:09:26.250+0000][1860.259s][info][gc,heap        ] GC(1178) Tenured: 14868K(22484K)->14870K(22484K)
[2025-04-16T15:09:26.250+0000][1860.259s][info][gc,metaspace   ] GC(1178) Metaspace: 37407K(37760K)->37407K(37760K) NonClass: 32980K(33152K)->32980K(33152K) Class: 4426K(4608K)->4426K(4608K)
[2025-04-16T15:09:26.250+0000][1860.259s][info][gc             ] GC(1178) Pause Young (Allocation Failure) 23M->14M(31M) 1.410ms
[2025-04-16T15:09:26.250+0000][1860.259s][info][gc,cpu         ] GC(1178) User=0.00s Sys=0.00s Real=0.00s
[2025-04-16T15:09:27.880+0000][1861.889s][info][gc,start       ] GC(1179) Pause Young (Allocation Failure)
[2025-04-16T15:09:27.882+0000][1861.891s][info][gc,heap        ] GC(1179) DefNew: 9163K(10176K)->90K(10176K) Eden: 9087K(9088K)->0K(9088K) From: 75K(1088K)->90K(1088K)
[2025-04-16T15:09:27.882+0000][1861.891s][info][gc,heap        ] GC(1179) Tenured: 14870K(22484K)->14872K(22484K)
[2025-04-16T15:09:27.882+0000][1861.891s][info][gc,metaspace   ] GC(1179) Metaspace: 37407K(37760K)->37407K(37760K) NonClass: 32980K(33152K)->32980K(33152K) Class: 4426K(4608K)->4426K(4608K)
[2025-04-16T15:09:27.882+0000][1861.891s][info][gc             ] GC(1179) Pause Young (Allocation Failure) 23M->14M(31M) 1.320ms
[2025-04-16T15:09:27.882+0000][1861.891s][info][gc,cpu         ] GC(1179) User=0.00s Sys=0.00s Real=0.00s
[2025-04-16T15:09:29.497+0000][1863.506s][info][gc,start       ] GC(1180) Pause Young (Allocation Failure)
[2025-04-16T15:09:29.499+0000][1863.508s][info][gc,heap        ] GC(1180) DefNew: 9178K(10176K)->88K(10176K) Eden: 9088K(9088K)->0K(9088K) From: 90K(1088K)->88K(1088K)
[2025-04-16T15:09:29.499+0000][1863.508s][info][gc,heap        ] GC(1180) Tenured: 14872K(22484K)->14872K(22484K)
[2025-04-16T15:09:29.499+0000][1863.508s][info][gc,metaspace   ] GC(1180) Metaspace: 37407K(37760K)->37407K(37760K) NonClass: 32980K(33152K)->32980K(33152K) Class: 4426K(4608K)->4426K(4608K)
[2025-04-16T15:09:29.499+0000][1863.508s][info][gc             ] GC(1180) Pause Young (Allocation Failure) 23M->14M(31M) 1.286ms
[2025-04-16T15:09:29.499+0000][1863.508s][info][gc,cpu         ] GC(1180) User=0.01s Sys=0.00s Real=0.00s
[2025-04-16T15:09:31.008+0000][1865.017s][info][gc,start       ] GC(1181) Pause Young (Allocation Failure)
[2025-04-16T15:09:31.009+0000][1865.018s][info][gc,heap        ] GC(1181) DefNew: 9166K(10176K)->76K(10176K) Eden: 9077K(9088K)->0K(9088K) From: 88K(1088K)->76K(1088K)
[2025-04-16T15:09:31.009+0000][1865.018s][info][gc,heap        ] GC(1181) Tenured: 14872K(22484K)->14873K(22484K)
[2025-04-16T15:09:31.009+0000][1865.018s][info][gc,metaspace   ] GC(1181) Metaspace: 37407K(37760K)->37407K(37760K) NonClass: 32980K(33152K)->32980K(33152K) Class: 4426K(4608K)->4426K(4608K)
[2025-04-16T15:09:31.009+0000][1865.018s][info][gc             ] GC(1181) Pause Young (Allocation Failure) 23M->14M(31M) 1.206ms
[2025-04-16T15:09:31.009+0000][1865.018s][info][gc,cpu         ] GC(1181) User=0.00s Sys=0.00s Real=0.00s
[2025-04-16T15:09:32.544+0000][1866.553s][info][gc,start       ] GC(1182) Pause Young (Allocation Failure)
[2025-04-16T15:09:32.545+0000][1866.554s][info][gc,heap        ] GC(1182) DefNew: 9164K(10176K)->80K(10176K) Eden: 9088K(9088K)->0K(9088K) From: 76K(1088K)->80K(1088K)
[2025-04-16T15:09:32.545+0000][1866.554s][info][gc,heap        ] GC(1182) Tenured: 14873K(22484K)->14873K(22484K)
[2025-04-16T15:09:32.545+0000][1866.554s][info][gc,metaspace   ] GC(1182) Metaspace: 37407K(37760K)->37407K(37760K) NonClass: 32980K(33152K)->32980K(33152K) Class: 4426K(4608K)->4426K(4608K)
[2025-04-16T15:09:32.545+0000][1866.554s][info][gc             ] GC(1182) Pause Young (Allocation Failure) 23M->14M(31M) 1.179ms
[2025-04-16T15:09:32.545+0000][1866.554s][info][gc,cpu         ] GC(1182) User=0.00s Sys=0.00s Real=0.01s
[2025-04-16T15:09:34.321+0000][1868.331s][info][gc,start       ] GC(1183) Pause Young (Allocation Failure)
[2025-04-16T15:09:34.323+0000][1868.332s][info][gc,heap        ] GC(1183) DefNew: 9168K(10176K)->92K(10176K) Eden: 9088K(9088K)->0K(9088K) From: 80K(1088K)->92K(1088K)
[2025-04-16T15:09:34.323+0000][1868.332s][info][gc,heap        ] GC(1183) Tenured: 14873K(22484K)->14873K(22484K)
[2025-04-16T15:09:34.323+0000][1868.332s][info][gc,metaspace   ] GC(1183) Metaspace: 37407K(37760K)->37407K(37760K) NonClass: 32980K(33152K)->32980K(33152K) Class: 4426K(4608K)->4426K(4608K)
[2025-04-16T15:09:34.323+0000][1868.332s][info][gc             ] GC(1183) Pause Young (Allocation Failure) 23M->14M(31M) 1.224ms
[2025-04-16T15:09:34.323+0000][1868.332s][info][gc,cpu         ] GC(1183) User=0.00s Sys=0.00s Real=0.00s
[2025-04-16T15:09:35.900+0000][1869.909s][info][gc,start       ] GC(1184) Pause Young (Allocation Failure)
[2025-04-16T15:09:35.901+0000][1869.910s][info][gc,heap        ] GC(1184) DefNew: 9180K(10176K)->95K(10176K) Eden: 9087K(9088K)->0K(9088K) From: 92K(1088K)->95K(1088K)
[2025-04-16T15:09:35.901+0000][1869.910s][info][gc,heap        ] GC(1184) Tenured: 14873K(22484K)->14873K(22484K)
[2025-04-16T15:09:35.901+0000][1869.910s][info][gc,metaspace   ] GC(1184) Metaspace: 37407K(37760K)->37407K(37760K) NonClass: 32980K(33152K)->32980K(33152K) Class: 4426K(4608K)->4426K(4608K)
[2025-04-16T15:09:35.901+0000][1869.911s][info][gc             ] GC(1184) Pause Young (Allocation Failure) 23M->14M(31M) 1.394ms
[2025-04-16T15:09:35.901+0000][1869.911s][info][gc,cpu         ] GC(1184) User=0.01s Sys=0.00s Real=0.00s
[2025-04-16T15:09:37.678+0000][1871.687s][info][gc,start       ] GC(1185) Pause Young (Allocation Failure)
[2025-04-16T15:09:37.679+0000][1871.688s][info][gc,heap        ] GC(1185) DefNew: 9183K(10176K)->91K(10176K) Eden: 9088K(9088K)->0K(9088K) From: 95K(1088K)->91K(1088K)
[2025-04-16T15:09:37.679+0000][1871.688s][info][gc,heap        ] GC(1185) Tenured: 14873K(22484K)->14873K(22484K)
[2025-04-16T15:09:37.679+0000][1871.688s][info][gc,metaspace   ] GC(1185) Metaspace: 37407K(37760K)->37407K(37760K) NonClass: 32980K(33152K)->32980K(33152K) Class: 4426K(4608K)->4426K(4608K)
[2025-04-16T15:09:37.679+0000][1871.688s][info][gc             ] GC(1185) Pause Young (Allocation Failure) 23M->14M(31M) 1.335ms
[2025-04-16T15:09:37.679+0000][1871.688s][info][gc,cpu         ] GC(1185) User=0.00s Sys=0.00s Real=0.00s
[2025-04-16T15:09:38.955+0000][1872.964s][info][gc,start       ] GC(1186) Pause Young (Allocation Failure)
[2025-04-16T15:09:38.957+0000][1872.966s][info][gc,heap        ] GC(1186) DefNew: 9179K(10176K)->84K(10176K) Eden: 9088K(9088K)->0K(9088K) From: 91K(1088K)->84K(1088K)
[2025-04-16T15:09:38.957+0000][1872.966s][info][gc,heap        ] GC(1186) Tenured: 14873K(22484K)->14873K(22484K)
[2025-04-16T15:09:38.957+0000][1872.966s][info][gc,metaspace   ] GC(1186) Metaspace: 37407K(37760K)->37407K(37760K) NonClass: 32980K(33152K)->32980K(33152K) Class: 4426K(4608K)->4426K(4608K)
[2025-04-16T15:09:38.957+0000][1872.966s][info][gc             ] GC(1186) Pause Young (Allocation Failure) 23M->14M(31M) 1.260ms
[2025-04-16T15:09:38.957+0000][1872.966s][info][gc,cpu         ] GC(1186) User=0.00s Sys=0.00s Real=0.00s
[2025-04-16T15:09:40.755+0000][1874.764s][info][gc,start       ] GC(1187) Pause Young (Allocation Failure)
[2025-04-16T15:09:40.756+0000][1874.765s][info][gc,heap        ] GC(1187) DefNew: 9159K(10176K)->77K(10176K) Eden: 9075K(9088K)->0K(9088K) From: 84K(1088K)->77K(1088K)
[2025-04-16T15:09:40.756+0000][1874.765s][info][gc,heap        ] GC(1187) Tenured: 14873K(22484K)->14873K(22484K)
[2025-04-16T15:09:40.756+0000][1874.766s][info][gc,metaspace   ] GC(1187) Metaspace: 37407K(37760K)->37407K(37760K) NonClass: 32980K(33152K)->32980K(33152K) Class: 4426K(4608K)->4426K(4608K)
[2025-04-16T15:09:40.757+0000][1874.766s][info][gc             ] GC(1187) Pause Young (Allocation Failure) 23M->14M(31M) 1.201ms
[2025-04-16T15:09:40.757+0000][1874.766s][info][gc,cpu         ] GC(1187) User=0.00s Sys=0.00s Real=0.00s
[2025-04-16T15:09:42.556+0000][1876.565s][info][gc,start       ] GC(1188) Pause Young (Allocation Failure)
[2025-04-16T15:09:42.557+0000][1876.566s][info][gc,heap        ] GC(1188) DefNew: 9165K(10176K)->75K(10176K) Eden: 9088K(9088K)->0K(9088K) From: 77K(1088K)->75K(1088K)
[2025-04-16T15:09:42.557+0000][1876.566s][info][gc,heap        ] GC(1188) Tenured: 14873K(22484K)->14873K(22484K)
[2025-04-16T15:09:42.557+0000][1876.566s][info][gc,metaspace   ] GC(1188) Metaspace: 37407K(37760K)->37407K(37760K) NonClass: 32980K(33152K)->32980K(33152K) Class: 4426K(4608K)->4426K(4608K)
[2025-04-16T15:09:42.557+0000][1876.566s][info][gc             ] GC(1188) Pause Young (Allocation Failure) 23M->14M(31M) 1.342ms
[2025-04-16T15:09:42.557+0000][1876.566s][info][gc,cpu         ] GC(1188) User=0.00s Sys=0.00s Real=0.00s
[2025-04-16T15:09:43.993+0000][1878.003s][info][gc,start       ] GC(1189) Pause Young (Allocation Failure)
[2025-04-16T15:09:43.995+0000][1878.004s][info][gc,heap        ] GC(1189) DefNew: 9163K(10176K)->75K(10176K) Eden: 9088K(9088K)->0K(9088K) From: 75K(1088K)->75K(1088K)
[2025-04-16T15:09:43.995+0000][1878.004s][info][gc,heap        ] GC(1189) Tenured: 14873K(22484K)->14873K(22484K)
[2025-04-16T15:09:43.995+0000][1878.004s][info][gc,metaspace   ] GC(1189) Metaspace: 37407K(37760K)->37407K(37760K) NonClass: 32980K(33152K)->32980K(33152K) Class: 4426K(4608K)->4426K(4608K)
[2025-04-16T15:09:43.995+0000][1878.004s][info][gc             ] GC(1189) Pause Young (Allocation Failure) 23M->14M(31M) 1.252ms
[2025-04-16T15:09:43.995+0000][1878.004s][info][gc,cpu         ] GC(1189) User=0.01s Sys=0.00s Real=0.01s
[2025-04-16T15:09:45.746+0000][1879.755s][info][gc,start       ] GC(1190) Pause Young (Allocation Failure)
[2025-04-16T15:09:45.747+0000][1879.756s][info][gc,heap        ] GC(1190) DefNew: 9163K(10176K)->90K(10176K) Eden: 9088K(9088K)->0K(9088K) From: 75K(1088K)->90K(1088K)
[2025-04-16T15:09:45.747+0000][1879.756s][info][gc,heap        ] GC(1190) Tenured: 14873K(22484K)->14873K(22484K)
[2025-04-16T15:09:45.747+0000][1879.756s][info][gc,metaspace   ] GC(1190) Metaspace: 37407K(37760K)->37407K(37760K) NonClass: 32980K(33152K)->32980K(33152K) Class: 4426K(4608K)->4426K(4608K)
[2025-04-16T15:09:45.747+0000][1879.756s][info][gc             ] GC(1190) Pause Young (Allocation Failure) 23M->14M(31M) 1.311ms
[2025-04-16T15:09:45.747+0000][1879.756s][info][gc,cpu         ] GC(1190) User=0.00s Sys=0.00s Real=0.00s
[2025-04-16T15:09:47.169+0000][1881.178s][info][gc,start       ] GC(1191) Pause Young (Allocation Failure)
[2025-04-16T15:09:47.171+0000][1881.180s][info][gc,heap        ] GC(1191) DefNew: 9178K(10176K)->73K(10176K) Eden: 9088K(9088K)->0K(9088K) From: 90K(1088K)->73K(1088K)
[2025-04-16T15:09:47.171+0000][1881.180s][info][gc,heap        ] GC(1191) Tenured: 14873K(22484K)->14873K(22484K)
[2025-04-16T15:09:47.171+0000][1881.180s][info][gc,metaspace   ] GC(1191) Metaspace: 37407K(37760K)->37407K(37760K) NonClass: 32980K(33152K)->32980K(33152K) Class: 4426K(4608K)->4426K(4608K)
[2025-04-16T15:09:47.171+0000][1881.180s][info][gc             ] GC(1191) Pause Young (Allocation Failure) 23M->14M(31M) 1.284ms
[2025-04-16T15:09:47.171+0000][1881.180s][info][gc,cpu         ] GC(1191) User=0.00s Sys=0.00s Real=0.00s
[2025-04-16T15:09:48.774+0000][1882.783s][info][gc,start       ] GC(1192) Pause Young (Allocation Failure)
[2025-04-16T15:09:48.776+0000][1882.785s][info][gc,heap        ] GC(1192) DefNew: 9152K(10176K)->77K(10176K) Eden: 9079K(9088K)->0K(9088K) From: 73K(1088K)->77K(1088K)
[2025-04-16T15:09:48.776+0000][1882.785s][info][gc,heap        ] GC(1192) Tenured: 14873K(22484K)->14873K(22484K)
[2025-04-16T15:09:48.776+0000][1882.785s][info][gc,metaspace   ] GC(1192) Metaspace: 37407K(37760K)->37407K(37760K) NonClass: 32980K(33152K)->32980K(33152K) Class: 4426K(4608K)->4426K(4608K)
[2025-04-16T15:09:48.776+0000][1882.785s][info][gc             ] GC(1192) Pause Young (Allocation Failure) 23M->14M(31M) 1.204ms
[2025-04-16T15:09:48.776+0000][1882.785s][info][gc,cpu         ] GC(1192) User=0.00s Sys=0.00s Real=0.00s
[2025-04-16T15:09:50.435+0000][1884.444s][info][gc,start       ] GC(1193) Pause Young (Allocation Failure)
[2025-04-16T15:09:50.436+0000][1884.446s][info][gc,heap        ] GC(1193) DefNew: 9165K(10176K)->73K(10176K) Eden: 9088K(9088K)->0K(9088K) From: 77K(1088K)->73K(1088K)
[2025-04-16T15:09:50.437+0000][1884.446s][info][gc,heap        ] GC(1193) Tenured: 14873K(22484K)->14874K(22484K)
[2025-04-16T15:09:50.437+0000][1884.446s][info][gc,metaspace   ] GC(1193) Metaspace: 37407K(37760K)->37407K(37760K) NonClass: 32980K(33152K)->32980K(33152K) Class: 4426K(4608K)->4426K(4608K)
[2025-04-16T15:09:50.437+0000][1884.446s][info][gc             ] GC(1193) Pause Young (Allocation Failure) 23M->14M(31M) 1.221ms
[2025-04-16T15:09:50.437+0000][1884.446s][info][gc,cpu         ] GC(1193) User=0.01s Sys=0.00s Real=0.00s
[2025-04-16T15:09:52.036+0000][1886.045s][info][gc,start       ] GC(1194) Pause Young (Allocation Failure)
[2025-04-16T15:09:52.037+0000][1886.046s][info][gc,heap        ] GC(1194) DefNew: 9161K(10176K)->90K(10176K) Eden: 9088K(9088K)->0K(9088K) From: 73K(1088K)->90K(1088K)
[2025-04-16T15:09:52.037+0000][1886.046s][info][gc,heap        ] GC(1194) Tenured: 14874K(22484K)->14874K(22484K)
[2025-04-16T15:09:52.037+0000][1886.046s][info][gc,metaspace   ] GC(1194) Metaspace: 37407K(37760K)->37407K(37760K) NonClass: 32980K(33152K)->32980K(33152K) Class: 4426K(4608K)->4426K(4608K)
[2025-04-16T15:09:52.037+0000][1886.046s][info][gc             ] GC(1194) Pause Young (Allocation Failure) 23M->14M(31M) 1.189ms
[2025-04-16T15:09:52.037+0000][1886.046s][info][gc,cpu         ] GC(1194) User=0.00s Sys=0.00s Real=0.00s
[2025-04-16T15:09:53.675+0000][1887.684s][info][gc,start       ] GC(1195) Pause Young (Allocation Failure)
[2025-04-16T15:09:53.676+0000][1887.685s][info][gc,heap        ] GC(1195) DefNew: 9173K(10176K)->81K(10176K) Eden: 9082K(9088K)->0K(9088K) From: 90K(1088K)->81K(1088K)
[2025-04-16T15:09:53.676+0000][1887.686s][info][gc,heap        ] GC(1195) Tenured: 14874K(22484K)->14874K(22484K)
[2025-04-16T15:09:53.676+0000][1887.686s][info][gc,metaspace   ] GC(1195) Metaspace: 37407K(37760K)->37407K(37760K) NonClass: 32980K(33152K)->32980K(33152K) Class: 4426K(4608K)->4426K(4608K)
[2025-04-16T15:09:53.677+0000][1887.686s][info][gc             ] GC(1195) Pause Young (Allocation Failure) 23M->14M(31M) 1.191ms
[2025-04-16T15:09:53.677+0000][1887.686s][info][gc,cpu         ] GC(1195) User=0.00s Sys=0.00s Real=0.00s
[2025-04-16T15:09:55.376+0000][1889.385s][info][gc,start       ] GC(1196) Pause Young (Allocation Failure)
[2025-04-16T15:09:55.377+0000][1889.386s][info][gc,heap        ] GC(1196) DefNew: 9169K(10176K)->71K(10176K) Eden: 9088K(9088K)->0K(9088K) From: 81K(1088K)->71K(1088K)
[2025-04-16T15:09:55.377+0000][1889.386s][info][gc,heap        ] GC(1196) Tenured: 14874K(22484K)->14874K(22484K)
[2025-04-16T15:09:55.377+0000][1889.386s][info][gc,metaspace   ] GC(1196) Metaspace: 37407K(37760K)->37407K(37760K) NonClass: 32980K(33152K)->32980K(33152K) Class: 4426K(4608K)->4426K(4608K)
[2025-04-16T15:09:55.377+0000][1889.386s][info][gc             ] GC(1196) Pause Young (Allocation Failure) 23M->14M(31M) 1.280ms
[2025-04-16T15:09:55.377+0000][1889.386s][info][gc,cpu         ] GC(1196) User=0.01s Sys=0.00s Real=0.00s
[2025-04-16T15:09:57.120+0000][1891.129s][info][gc,start       ] GC(1197) Pause Young (Allocation Failure)
[2025-04-16T15:09:57.121+0000][1891.131s][info][gc,heap        ] GC(1197) DefNew: 9151K(10176K)->75K(10176K) Eden: 9080K(9088K)->0K(9088K) From: 71K(1088K)->75K(1088K)
[2025-04-16T15:09:57.122+0000][1891.131s][info][gc,heap        ] GC(1197) Tenured: 14874K(22484K)->14875K(22484K)
[2025-04-16T15:09:57.122+0000][1891.131s][info][gc,metaspace   ] GC(1197) Metaspace: 37407K(37760K)->37407K(37760K) NonClass: 32980K(33152K)->32980K(33152K) Class: 4426K(4608K)->4426K(4608K)
[2025-04-16T15:09:57.122+0000][1891.131s][info][gc             ] GC(1197) Pause Young (Allocation Failure) 23M->14M(31M) 1.267ms
[2025-04-16T15:09:57.122+0000][1891.131s][info][gc,cpu         ] GC(1197) User=0.00s Sys=0.00s Real=0.00s
[2025-04-16T15:09:58.740+0000][1892.749s][info][gc,start       ] GC(1198) Pause Young (Allocation Failure)
[2025-04-16T15:09:58.742+0000][1892.751s][info][gc,heap        ] GC(1198) DefNew: 9163K(10176K)->74K(10176K) Eden: 9088K(9088K)->0K(9088K) From: 75K(1088K)->74K(1088K)
[2025-04-16T15:09:58.742+0000][1892.751s][info][gc,heap        ] GC(1198) Tenured: 14875K(22484K)->14875K(22484K)
[2025-04-16T15:09:58.742+0000][1892.751s][info][gc,metaspace   ] GC(1198) Metaspace: 37407K(37760K)->37407K(37760K) NonClass: 32980K(33152K)->32980K(33152K) Class: 4426K(4608K)->4426K(4608K)
[2025-04-16T15:09:58.742+0000][1892.751s][info][gc             ] GC(1198) Pause Young (Allocation Failure) 23M->14M(31M) 1.335ms
[2025-04-16T15:09:58.742+0000][1892.751s][info][gc,cpu         ] GC(1198) User=0.00s Sys=0.00s Real=0.00s
[2025-04-16T15:10:00.427+0000][1894.436s][info][gc,start       ] GC(1199) Pause Young (Allocation Failure)
[2025-04-16T15:10:00.428+0000][1894.437s][info][gc,heap        ] GC(1199) DefNew: 9162K(10176K)->88K(10176K) Eden: 9088K(9088K)->0K(9088K) From: 74K(1088K)->88K(1088K)
[2025-04-16T15:10:00.428+0000][1894.437s][info][gc,heap        ] GC(1199) Tenured: 14875K(22484K)->14875K(22484K)
[2025-04-16T15:10:00.428+0000][1894.437s][info][gc,metaspace   ] GC(1199) Metaspace: 37407K(37760K)->37407K(37760K) NonClass: 32980K(33152K)->32980K(33152K) Class: 4426K(4608K)->4426K(4608K)
[2025-04-16T15:10:00.428+0000][1894.437s][info][gc             ] GC(1199) Pause Young (Allocation Failure) 23M->14M(31M) 1.195ms
[2025-04-16T15:10:00.428+0000][1894.437s][info][gc,cpu         ] GC(1199) User=0.01s Sys=0.00s Real=0.00s
[2025-04-16T15:10:02.198+0000][1896.207s][info][gc,start       ] GC(1200) Pause Young (Allocation Failure)
[2025-04-16T15:10:02.199+0000][1896.208s][info][gc,heap        ] GC(1200) DefNew: 9176K(10176K)->70K(10176K) Eden: 9088K(9088K)->0K(9088K) From: 88K(1088K)->70K(1088K)
[2025-04-16T15:10:02.199+0000][1896.208s][info][gc,heap        ] GC(1200) Tenured: 14875K(22484K)->14875K(22484K)
[2025-04-16T15:10:02.199+0000][1896.208s][info][gc,metaspace   ] GC(1200) Metaspace: 37407K(37760K)->37407K(37760K) NonClass: 32980K(33152K)->32980K(33152K) Class: 4426K(4608K)->4426K(4608K)
[2025-04-16T15:10:02.199+0000][1896.208s][info][gc             ] GC(1200) Pause Young (Allocation Failure) 23M->14M(31M) 1.220ms
[2025-04-16T15:10:02.199+0000][1896.208s][info][gc,cpu         ] GC(1200) User=0.00s Sys=0.00s Real=0.00s
[2025-04-16T15:10:03.645+0000][1897.654s][info][gc,start       ] GC(1201) Pause Young (Allocation Failure)
[2025-04-16T15:10:03.646+0000][1897.655s][info][gc,heap        ] GC(1201) DefNew: 9158K(10176K)->73K(10176K) Eden: 9088K(9088K)->0K(9088K) From: 70K(1088K)->73K(1088K)
[2025-04-16T15:10:03.646+0000][1897.655s][info][gc,heap        ] GC(1201) Tenured: 14875K(22484K)->14875K(22484K)
[2025-04-16T15:10:03.646+0000][1897.655s][info][gc,metaspace   ] GC(1201) Metaspace: 37407K(37760K)->37407K(37760K) NonClass: 32980K(33152K)->32980K(33152K) Class: 4426K(4608K)->4426K(4608K)
[2025-04-16T15:10:03.646+0000][1897.655s][info][gc             ] GC(1201) Pause Young (Allocation Failure) 23M->14M(31M) 1.201ms
[2025-04-16T15:10:03.646+0000][1897.656s][info][gc,cpu         ] GC(1201) User=0.00s Sys=0.00s Real=0.00s
[2025-04-16T15:10:05.223+0000][1899.232s][info][gc,start       ] GC(1202) Pause Young (Allocation Failure)
[2025-04-16T15:10:05.224+0000][1899.233s][info][gc,heap        ] GC(1202) DefNew: 9161K(10176K)->72K(10176K) Eden: 9087K(9088K)->0K(9088K) From: 73K(1088K)->72K(1088K)
[2025-04-16T15:10:05.224+0000][1899.233s][info][gc,heap        ] GC(1202) Tenured: 14875K(22484K)->14875K(22484K)
[2025-04-16T15:10:05.224+0000][1899.233s][info][gc,metaspace   ] GC(1202) Metaspace: 37407K(37760K)->37407K(37760K) NonClass: 32980K(33152K)->32980K(33152K) Class: 4426K(4608K)->4426K(4608K)
[2025-04-16T15:10:05.224+0000][1899.233s][info][gc             ] GC(1202) Pause Young (Allocation Failure) 23M->14M(31M) 1.240ms
[2025-04-16T15:10:05.224+0000][1899.233s][info][gc,cpu         ] GC(1202) User=0.00s Sys=0.00s Real=0.01s
[2025-04-16T15:10:06.738+0000][1900.747s][info][gc,start       ] GC(1203) Pause Young (Allocation Failure)
[2025-04-16T15:10:06.739+0000][1900.748s][info][gc,heap        ] GC(1203) DefNew: 9160K(10176K)->75K(10176K) Eden: 9088K(9088K)->0K(9088K) From: 72K(1088K)->75K(1088K)
[2025-04-16T15:10:06.739+0000][1900.748s][info][gc,heap        ] GC(1203) Tenured: 14875K(22484K)->14875K(22484K)
[2025-04-16T15:10:06.739+0000][1900.748s][info][gc,metaspace   ] GC(1203) Metaspace: 37407K(37760K)->37407K(37760K) NonClass: 32980K(33152K)->32980K(33152K) Class: 4426K(4608K)->4426K(4608K)
[2025-04-16T15:10:06.739+0000][1900.748s][info][gc             ] GC(1203) Pause Young (Allocation Failure) 23M->14M(31M) 1.330ms
[2025-04-16T15:10:06.739+0000][1900.748s][info][gc,cpu         ] GC(1203) User=0.00s Sys=0.00s Real=0.00s
[2025-04-16T15:10:08.276+0000][1902.285s][info][gc,start       ] GC(1204) Pause Young (Allocation Failure)
[2025-04-16T15:10:08.277+0000][1902.286s][info][gc,heap        ] GC(1204) DefNew: 9163K(10176K)->72K(10176K) Eden: 9088K(9088K)->0K(9088K) From: 75K(1088K)->72K(1088K)
[2025-04-16T15:10:08.277+0000][1902.286s][info][gc,heap        ] GC(1204) Tenured: 14875K(22484K)->14875K(22484K)
[2025-04-16T15:10:08.277+0000][1902.286s][info][gc,metaspace   ] GC(1204) Metaspace: 37407K(37760K)->37407K(37760K) NonClass: 32980K(33152K)->32980K(33152K) Class: 4426K(4608K)->4426K(4608K)
[2025-04-16T15:10:08.277+0000][1902.286s][info][gc             ] GC(1204) Pause Young (Allocation Failure) 23M->14M(31M) 1.238ms
[2025-04-16T15:10:08.277+0000][1902.286s][info][gc,cpu         ] GC(1204) User=0.00s Sys=0.00s Real=0.00s
[2025-04-16T15:10:09.937+0000][1903.946s][info][gc,start       ] GC(1205) Pause Young (Allocation Failure)
[2025-04-16T15:10:09.938+0000][1903.947s][info][gc,heap        ] GC(1205) DefNew: 9160K(10176K)->72K(10176K) Eden: 9087K(9088K)->0K(9088K) From: 72K(1088K)->72K(1088K)
[2025-04-16T15:10:09.938+0000][1903.947s][info][gc,heap        ] GC(1205) Tenured: 14875K(22484K)->14875K(22484K)
[2025-04-16T15:10:09.938+0000][1903.947s][info][gc,metaspace   ] GC(1205) Metaspace: 37407K(37760K)->37407K(37760K) NonClass: 32980K(33152K)->32980K(33152K) Class: 4426K(4608K)->4426K(4608K)
[2025-04-16T15:10:09.938+0000][1903.947s][info][gc             ] GC(1205) Pause Young (Allocation Failure) 23M->14M(31M) 1.314ms
[2025-04-16T15:10:09.938+0000][1903.947s][info][gc,cpu         ] GC(1205) User=0.00s Sys=0.00s Real=0.00s
[2025-04-16T15:10:11.439+0000][1905.448s][info][gc,start       ] GC(1206) Pause Young (Allocation Failure)
[2025-04-16T15:10:11.440+0000][1905.449s][info][gc,heap        ] GC(1206) DefNew: 9160K(10176K)->86K(10176K) Eden: 9088K(9088K)->0K(9088K) From: 72K(1088K)->86K(1088K)
[2025-04-16T15:10:11.440+0000][1905.449s][info][gc,heap        ] GC(1206) Tenured: 14875K(22484K)->14875K(22484K)
[2025-04-16T15:10:11.440+0000][1905.449s][info][gc,metaspace   ] GC(1206) Metaspace: 37407K(37760K)->37407K(37760K) NonClass: 32980K(33152K)->32980K(33152K) Class: 4426K(4608K)->4426K(4608K)
[2025-04-16T15:10:11.440+0000][1905.449s][info][gc             ] GC(1206) Pause Young (Allocation Failure) 23M->14M(31M) 1.176ms
[2025-04-16T15:10:11.440+0000][1905.449s][info][gc,cpu         ] GC(1206) User=0.00s Sys=0.00s Real=0.00s
[2025-04-16T15:10:13.144+0000][1907.153s][info][gc,start       ] GC(1207) Pause Young (Allocation Failure)
[2025-04-16T15:10:13.145+0000][1907.154s][info][gc,heap        ] GC(1207) DefNew: 9174K(10176K)->84K(10176K) Eden: 9088K(9088K)->0K(9088K) From: 86K(1088K)->84K(1088K)
[2025-04-16T15:10:13.145+0000][1907.154s][info][gc,heap        ] GC(1207) Tenured: 14875K(22484K)->14875K(22484K)
[2025-04-16T15:10:13.145+0000][1907.154s][info][gc,metaspace   ] GC(1207) Metaspace: 37407K(37760K)->37407K(37760K) NonClass: 32980K(33152K)->32980K(33152K) Class: 4426K(4608K)->4426K(4608K)
[2025-04-16T15:10:13.145+0000][1907.154s][info][gc             ] GC(1207) Pause Young (Allocation Failure) 23M->14M(31M) 1.236ms
[2025-04-16T15:10:13.145+0000][1907.154s][info][gc,cpu         ] GC(1207) User=0.00s Sys=0.00s Real=0.01s
[2025-04-16T15:10:14.679+0000][1908.688s][info][gc,start       ] GC(1208) Pause Young (Allocation Failure)
[2025-04-16T15:10:14.680+0000][1908.689s][info][gc,heap        ] GC(1208) DefNew: 9172K(10176K)->75K(10176K) Eden: 9088K(9088K)->0K(9088K) From: 84K(1088K)->75K(1088K)
[2025-04-16T15:10:14.680+0000][1908.689s][info][gc,heap        ] GC(1208) Tenured: 14875K(22484K)->14875K(22484K)
[2025-04-16T15:10:14.680+0000][1908.689s][info][gc,metaspace   ] GC(1208) Metaspace: 37407K(37760K)->37407K(37760K) NonClass: 32980K(33152K)->32980K(33152K) Class: 4426K(4608K)->4426K(4608K)
[2025-04-16T15:10:14.680+0000][1908.689s][info][gc             ] GC(1208) Pause Young (Allocation Failure) 23M->14M(31M) 1.346ms
[2025-04-16T15:10:14.680+0000][1908.689s][info][gc,cpu         ] GC(1208) User=0.00s Sys=0.00s Real=0.00s
[2025-04-16T15:10:16.298+0000][1910.307s][info][gc,start       ] GC(1209) Pause Young (Allocation Failure)
[2025-04-16T15:10:16.299+0000][1910.308s][info][gc,heap        ] GC(1209) DefNew: 9163K(10176K)->72K(10176K) Eden: 9088K(9088K)->0K(9088K) From: 75K(1088K)->72K(1088K)
[2025-04-16T15:10:16.299+0000][1910.308s][info][gc,heap        ] GC(1209) Tenured: 14875K(22484K)->14875K(22484K)
[2025-04-16T15:10:16.299+0000][1910.308s][info][gc,metaspace   ] GC(1209) Metaspace: 37407K(37760K)->37407K(37760K) NonClass: 32980K(33152K)->32980K(33152K) Class: 4426K(4608K)->4426K(4608K)
[2025-04-16T15:10:16.299+0000][1910.308s][info][gc             ] GC(1209) Pause Young (Allocation Failure) 23M->14M(31M) 1.202ms
[2025-04-16T15:10:16.299+0000][1910.308s][info][gc,cpu         ] GC(1209) User=0.00s Sys=0.00s Real=0.00s
[2025-04-16T15:10:17.818+0000][1911.827s][info][gc,start       ] GC(1210) Pause Young (Allocation Failure)
[2025-04-16T15:10:17.819+0000][1911.828s][info][gc,heap        ] GC(1210) DefNew: 9160K(10176K)->86K(10176K) Eden: 9088K(9088K)->0K(9088K) From: 72K(1088K)->86K(1088K)
[2025-04-16T15:10:17.819+0000][1911.828s][info][gc,heap        ] GC(1210) Tenured: 14875K(22484K)->14875K(22484K)
[2025-04-16T15:10:17.819+0000][1911.828s][info][gc,metaspace   ] GC(1210) Metaspace: 37407K(37760K)->37407K(37760K) NonClass: 32980K(33152K)->32980K(33152K) Class: 4426K(4608K)->4426K(4608K)
[2025-04-16T15:10:17.819+0000][1911.828s][info][gc             ] GC(1210) Pause Young (Allocation Failure) 23M->14M(31M) 1.319ms
[2025-04-16T15:10:17.819+0000][1911.828s][info][gc,cpu         ] GC(1210) User=0.00s Sys=0.00s Real=0.00s
[2025-04-16T15:10:19.490+0000][1913.499s][info][gc,start       ] GC(1211) Pause Young (Allocation Failure)
[2025-04-16T15:10:19.491+0000][1913.500s][info][gc,heap        ] GC(1211) DefNew: 9174K(10176K)->94K(10176K) Eden: 9088K(9088K)->0K(9088K) From: 86K(1088K)->94K(1088K)
[2025-04-16T15:10:19.491+0000][1913.500s][info][gc,heap        ] GC(1211) Tenured: 14875K(22484K)->14875K(22484K)
[2025-04-16T15:10:19.491+0000][1913.500s][info][gc,metaspace   ] GC(1211) Metaspace: 37407K(37760K)->37407K(37760K) NonClass: 32980K(33152K)->32980K(33152K) Class: 4426K(4608K)->4426K(4608K)
[2025-04-16T15:10:19.491+0000][1913.500s][info][gc             ] GC(1211) Pause Young (Allocation Failure) 23M->14M(31M) 1.360ms
[2025-04-16T15:10:19.491+0000][1913.500s][info][gc,cpu         ] GC(1211) User=0.00s Sys=0.00s Real=0.00s
[2025-04-16T15:10:21.016+0000][1915.025s][info][gc,start       ] GC(1212) Pause Young (Allocation Failure)
[2025-04-16T15:10:21.017+0000][1915.026s][info][gc,heap        ] GC(1212) DefNew: 9182K(10176K)->90K(10176K) Eden: 9088K(9088K)->0K(9088K) From: 94K(1088K)->90K(1088K)
[2025-04-16T15:10:21.017+0000][1915.026s][info][gc,heap        ] GC(1212) Tenured: 14875K(22484K)->14875K(22484K)
[2025-04-16T15:10:21.017+0000][1915.026s][info][gc,metaspace   ] GC(1212) Metaspace: 37407K(37760K)->37407K(37760K) NonClass: 32980K(33152K)->32980K(33152K) Class: 4426K(4608K)->4426K(4608K)
[2025-04-16T15:10:21.017+0000][1915.026s][info][gc             ] GC(1212) Pause Young (Allocation Failure) 23M->14M(31M) 1.220ms
[2025-04-16T15:10:21.017+0000][1915.026s][info][gc,cpu         ] GC(1212) User=0.00s Sys=0.00s Real=0.00s
[2025-04-16T15:10:22.566+0000][1916.575s][info][gc,start       ] GC(1213) Pause Young (Allocation Failure)
[2025-04-16T15:10:22.567+0000][1916.577s][info][gc,heap        ] GC(1213) DefNew: 9178K(10176K)->79K(10176K) Eden: 9088K(9088K)->0K(9088K) From: 90K(1088K)->79K(1088K)
[2025-04-16T15:10:22.568+0000][1916.577s][info][gc,heap        ] GC(1213) Tenured: 14875K(22484K)->14875K(22484K)
[2025-04-16T15:10:22.568+0000][1916.577s][info][gc,metaspace   ] GC(1213) Metaspace: 37407K(37760K)->37407K(37760K) NonClass: 32980K(33152K)->32980K(33152K) Class: 4426K(4608K)->4426K(4608K)
[2025-04-16T15:10:22.568+0000][1916.577s][info][gc             ] GC(1213) Pause Young (Allocation Failure) 23M->14M(31M) 1.235ms
[2025-04-16T15:10:22.568+0000][1916.577s][info][gc,cpu         ] GC(1213) User=0.00s Sys=0.00s Real=0.00s
[2025-04-16T15:10:24.183+0000][1918.192s][info][gc,start       ] GC(1214) Pause Young (Allocation Failure)
[2025-04-16T15:10:24.184+0000][1918.193s][info][gc,heap        ] GC(1214) DefNew: 9166K(10176K)->77K(10176K) Eden: 9087K(9088K)->0K(9088K) From: 79K(1088K)->77K(1088K)
[2025-04-16T15:10:24.184+0000][1918.193s][info][gc,heap        ] GC(1214) Tenured: 14875K(22484K)->14875K(22484K)
[2025-04-16T15:10:24.184+0000][1918.193s][info][gc,metaspace   ] GC(1214) Metaspace: 37407K(37760K)->37407K(37760K) NonClass: 32980K(33152K)->32980K(33152K) Class: 4426K(4608K)->4426K(4608K)
[2025-04-16T15:10:24.184+0000][1918.193s][info][gc             ] GC(1214) Pause Young (Allocation Failure) 23M->14M(31M) 1.216ms
[2025-04-16T15:10:24.184+0000][1918.193s][info][gc,cpu         ] GC(1214) User=0.01s Sys=0.00s Real=0.00s
[2025-04-16T15:10:25.810+0000][1919.819s][info][gc,start       ] GC(1215) Pause Young (Allocation Failure)
[2025-04-16T15:10:25.811+0000][1919.820s][info][gc,heap        ] GC(1215) DefNew: 9165K(10176K)->95K(10176K) Eden: 9088K(9088K)->0K(9088K) From: 77K(1088K)->95K(1088K)
[2025-04-16T15:10:25.811+0000][1919.820s][info][gc,heap        ] GC(1215) Tenured: 14875K(22484K)->14875K(22484K)
[2025-04-16T15:10:25.811+0000][1919.820s][info][gc,metaspace   ] GC(1215) Metaspace: 37407K(37760K)->37407K(37760K) NonClass: 32980K(33152K)->32980K(33152K) Class: 4426K(4608K)->4426K(4608K)
[2025-04-16T15:10:25.811+0000][1919.820s][info][gc             ] GC(1215) Pause Young (Allocation Failure) 23M->14M(31M) 1.307ms
[2025-04-16T15:10:25.811+0000][1919.820s][info][gc,cpu         ] GC(1215) User=0.00s Sys=0.00s Real=0.00s
[2025-04-16T15:10:27.357+0000][1921.366s][info][gc,start       ] GC(1216) Pause Young (Allocation Failure)
[2025-04-16T15:10:27.358+0000][1921.367s][info][gc,heap        ] GC(1216) DefNew: 9183K(10176K)->79K(10176K) Eden: 9088K(9088K)->0K(9088K) From: 95K(1088K)->79K(1088K)
[2025-04-16T15:10:27.358+0000][1921.367s][info][gc,heap        ] GC(1216) Tenured: 14875K(22484K)->14875K(22484K)
[2025-04-16T15:10:27.358+0000][1921.367s][info][gc,metaspace   ] GC(1216) Metaspace: 37407K(37760K)->37407K(37760K) NonClass: 32980K(33152K)->32980K(33152K) Class: 4426K(4608K)->4426K(4608K)
[2025-04-16T15:10:27.358+0000][1921.367s][info][gc             ] GC(1216) Pause Young (Allocation Failure) 23M->14M(31M) 1.332ms
[2025-04-16T15:10:27.358+0000][1921.367s][info][gc,cpu         ] GC(1216) User=0.00s Sys=0.00s Real=0.00s
[2025-04-16T15:10:28.922+0000][1922.931s][info][gc,start       ] GC(1217) Pause Young (Allocation Failure)
[2025-04-16T15:10:28.923+0000][1922.932s][info][gc,heap        ] GC(1217) DefNew: 9167K(10176K)->94K(10176K) Eden: 9088K(9088K)->0K(9088K) From: 79K(1088K)->94K(1088K)
[2025-04-16T15:10:28.923+0000][1922.932s][info][gc,heap        ] GC(1217) Tenured: 14875K(22484K)->14875K(22484K)
[2025-04-16T15:10:28.923+0000][1922.932s][info][gc,metaspace   ] GC(1217) Metaspace: 37407K(37760K)->37407K(37760K) NonClass: 32980K(33152K)->32980K(33152K) Class: 4426K(4608K)->4426K(4608K)
[2025-04-16T15:10:28.923+0000][1922.932s][info][gc             ] GC(1217) Pause Young (Allocation Failure) 23M->14M(31M) 1.406ms
[2025-04-16T15:10:28.923+0000][1922.932s][info][gc,cpu         ] GC(1217) User=0.00s Sys=0.00s Real=0.00s
[2025-04-16T15:10:30.579+0000][1924.588s][info][gc,start       ] GC(1218) Pause Young (Allocation Failure)
[2025-04-16T15:10:30.580+0000][1924.589s][info][gc,heap        ] GC(1218) DefNew: 9182K(10176K)->82K(10176K) Eden: 9088K(9088K)->0K(9088K) From: 94K(1088K)->82K(1088K)
[2025-04-16T15:10:30.580+0000][1924.589s][info][gc,heap        ] GC(1218) Tenured: 14875K(22484K)->14875K(22484K)
[2025-04-16T15:10:30.580+0000][1924.589s][info][gc,metaspace   ] GC(1218) Metaspace: 37407K(37760K)->37407K(37760K) NonClass: 32980K(33152K)->32980K(33152K) Class: 4426K(4608K)->4426K(4608K)
[2025-04-16T15:10:30.580+0000][1924.589s][info][gc             ] GC(1218) Pause Young (Allocation Failure) 23M->14M(31M) 1.187ms
[2025-04-16T15:10:30.580+0000][1924.589s][info][gc,cpu         ] GC(1218) User=0.00s Sys=0.00s Real=0.00s
[2025-04-16T15:10:32.008+0000][1926.017s][info][gc,start       ] GC(1219) Pause Young (Allocation Failure)
[2025-04-16T15:10:32.009+0000][1926.018s][info][gc,heap        ] GC(1219) DefNew: 9170K(10176K)->73K(10176K) Eden: 9088K(9088K)->0K(9088K) From: 82K(1088K)->73K(1088K)
[2025-04-16T15:10:32.009+0000][1926.018s][info][gc,heap        ] GC(1219) Tenured: 14875K(22484K)->14875K(22484K)
[2025-04-16T15:10:32.009+0000][1926.018s][info][gc,metaspace   ] GC(1219) Metaspace: 37407K(37760K)->37407K(37760K) NonClass: 32980K(33152K)->32980K(33152K) Class: 4426K(4608K)->4426K(4608K)
[2025-04-16T15:10:32.009+0000][1926.018s][info][gc             ] GC(1219) Pause Young (Allocation Failure) 23M->14M(31M) 1.282ms
[2025-04-16T15:10:32.009+0000][1926.018s][info][gc,cpu         ] GC(1219) User=0.00s Sys=0.00s Real=0.00s
[2025-04-16T15:10:33.769+0000][1927.778s][info][gc,start       ] GC(1220) Pause Young (Allocation Failure)
[2025-04-16T15:10:33.770+0000][1927.779s][info][gc,heap        ] GC(1220) DefNew: 9161K(10176K)->75K(10176K) Eden: 9088K(9088K)->0K(9088K) From: 73K(1088K)->75K(1088K)
[2025-04-16T15:10:33.770+0000][1927.779s][info][gc,heap        ] GC(1220) Tenured: 14875K(22484K)->14875K(22484K)
[2025-04-16T15:10:33.770+0000][1927.779s][info][gc,metaspace   ] GC(1220) Metaspace: 37407K(37760K)->37407K(37760K) NonClass: 32980K(33152K)->32980K(33152K) Class: 4426K(4608K)->4426K(4608K)
[2025-04-16T15:10:33.770+0000][1927.779s][info][gc             ] GC(1220) Pause Young (Allocation Failure) 23M->14M(31M) 1.281ms
[2025-04-16T15:10:33.770+0000][1927.779s][info][gc,cpu         ] GC(1220) User=0.00s Sys=0.00s Real=0.00s
[2025-04-16T15:10:35.298+0000][1929.307s][info][gc,start       ] GC(1221) Pause Young (Allocation Failure)
[2025-04-16T15:10:35.300+0000][1929.309s][info][gc,heap        ] GC(1221) DefNew: 9163K(10176K)->74K(10176K) Eden: 9088K(9088K)->0K(9088K) From: 75K(1088K)->74K(1088K)
[2025-04-16T15:10:35.300+0000][1929.309s][info][gc,heap        ] GC(1221) Tenured: 14875K(22484K)->14875K(22484K)
[2025-04-16T15:10:35.300+0000][1929.309s][info][gc,metaspace   ] GC(1221) Metaspace: 37407K(37760K)->37407K(37760K) NonClass: 32980K(33152K)->32980K(33152K) Class: 4426K(4608K)->4426K(4608K)
[2025-04-16T15:10:35.300+0000][1929.309s][info][gc             ] GC(1221) Pause Young (Allocation Failure) 23M->14M(31M) 1.204ms
[2025-04-16T15:10:35.300+0000][1929.309s][info][gc,cpu         ] GC(1221) User=0.00s Sys=0.00s Real=0.00s
[2025-04-16T15:10:36.963+0000][1930.972s][info][gc,start       ] GC(1222) Pause Young (Allocation Failure)
[2025-04-16T15:10:36.964+0000][1930.973s][info][gc,heap        ] GC(1222) DefNew: 9162K(10176K)->98K(10176K) Eden: 9088K(9088K)->0K(9088K) From: 74K(1088K)->98K(1088K)
[2025-04-16T15:10:36.964+0000][1930.973s][info][gc,heap        ] GC(1222) Tenured: 14875K(22484K)->14875K(22484K)
[2025-04-16T15:10:36.964+0000][1930.973s][info][gc,metaspace   ] GC(1222) Metaspace: 37407K(37760K)->37407K(37760K) NonClass: 32980K(33152K)->32980K(33152K) Class: 4426K(4608K)->4426K(4608K)
[2025-04-16T15:10:36.964+0000][1930.973s][info][gc             ] GC(1222) Pause Young (Allocation Failure) 23M->14M(31M) 1.268ms
[2025-04-16T15:10:36.964+0000][1930.973s][info][gc,cpu         ] GC(1222) User=0.00s Sys=0.00s Real=0.01s
[2025-04-16T15:10:38.707+0000][1932.716s][info][gc,start       ] GC(1223) Pause Young (Allocation Failure)
[2025-04-16T15:10:38.708+0000][1932.717s][info][gc,heap        ] GC(1223) DefNew: 9186K(10176K)->93K(10176K) Eden: 9088K(9088K)->0K(9088K) From: 98K(1088K)->93K(1088K)
[2025-04-16T15:10:38.708+0000][1932.717s][info][gc,heap        ] GC(1223) Tenured: 14875K(22484K)->14875K(22484K)
[2025-04-16T15:10:38.708+0000][1932.717s][info][gc,metaspace   ] GC(1223) Metaspace: 37407K(37760K)->37407K(37760K) NonClass: 32980K(33152K)->32980K(33152K) Class: 4426K(4608K)->4426K(4608K)
[2025-04-16T15:10:38.708+0000][1932.717s][info][gc             ] GC(1223) Pause Young (Allocation Failure) 23M->14M(31M) 1.370ms
[2025-04-16T15:10:38.708+0000][1932.717s][info][gc,cpu         ] GC(1223) User=0.01s Sys=0.00s Real=0.00s
[2025-04-16T15:10:40.314+0000][1934.323s][info][gc,start       ] GC(1224) Pause Young (Allocation Failure)
[2025-04-16T15:10:40.315+0000][1934.324s][info][gc,heap        ] GC(1224) DefNew: 9181K(10176K)->76K(10176K) Eden: 9088K(9088K)->0K(9088K) From: 93K(1088K)->76K(1088K)
[2025-04-16T15:10:40.315+0000][1934.324s][info][gc,heap        ] GC(1224) Tenured: 14875K(22484K)->14875K(22484K)
[2025-04-16T15:10:40.315+0000][1934.324s][info][gc,metaspace   ] GC(1224) Metaspace: 37407K(37760K)->37407K(37760K) NonClass: 32980K(33152K)->32980K(33152K) Class: 4426K(4608K)->4426K(4608K)
[2025-04-16T15:10:40.315+0000][1934.324s][info][gc             ] GC(1224) Pause Young (Allocation Failure) 23M->14M(31M) 1.213ms
[2025-04-16T15:10:40.315+0000][1934.324s][info][gc,cpu         ] GC(1224) User=0.00s Sys=0.00s Real=0.01s
[2025-04-16T15:10:41.773+0000][1935.782s][info][gc,start       ] GC(1225) Pause Young (Allocation Failure)
[2025-04-16T15:10:41.775+0000][1935.784s][info][gc,heap        ] GC(1225) DefNew: 9164K(10176K)->76K(10176K) Eden: 9088K(9088K)->0K(9088K) From: 76K(1088K)->76K(1088K)
[2025-04-16T15:10:41.775+0000][1935.784s][info][gc,heap        ] GC(1225) Tenured: 14875K(22484K)->14877K(22484K)
[2025-04-16T15:10:41.775+0000][1935.784s][info][gc,metaspace   ] GC(1225) Metaspace: 37407K(37760K)->37407K(37760K) NonClass: 32980K(33152K)->32980K(33152K) Class: 4426K(4608K)->4426K(4608K)
[2025-04-16T15:10:41.775+0000][1935.784s][info][gc             ] GC(1225) Pause Young (Allocation Failure) 23M->14M(31M) 1.301ms
[2025-04-16T15:10:41.775+0000][1935.784s][info][gc,cpu         ] GC(1225) User=0.00s Sys=0.00s Real=0.01s
[2025-04-16T15:10:43.309+0000][1937.318s][info][gc,start       ] GC(1226) Pause Young (Allocation Failure)
[2025-04-16T15:10:43.310+0000][1937.319s][info][gc,heap        ] GC(1226) DefNew: 9164K(10176K)->89K(10176K) Eden: 9088K(9088K)->0K(9088K) From: 76K(1088K)->89K(1088K)
[2025-04-16T15:10:43.310+0000][1937.319s][info][gc,heap        ] GC(1226) Tenured: 14877K(22484K)->14877K(22484K)
[2025-04-16T15:10:43.310+0000][1937.319s][info][gc,metaspace   ] GC(1226) Metaspace: 37407K(37760K)->37407K(37760K) NonClass: 32980K(33152K)->32980K(33152K) Class: 4426K(4608K)->4426K(4608K)
[2025-04-16T15:10:43.310+0000][1937.319s][info][gc             ] GC(1226) Pause Young (Allocation Failure) 23M->14M(31M) 1.405ms
[2025-04-16T15:10:43.310+0000][1937.319s][info][gc,cpu         ] GC(1226) User=0.00s Sys=0.00s Real=0.00s
[2025-04-16T15:10:45.083+0000][1939.092s][info][gc,start       ] GC(1227) Pause Young (Allocation Failure)
[2025-04-16T15:10:45.084+0000][1939.093s][info][gc,heap        ] GC(1227) DefNew: 9177K(10176K)->76K(10176K) Eden: 9088K(9088K)->0K(9088K) From: 89K(1088K)->76K(1088K)
[2025-04-16T15:10:45.084+0000][1939.093s][info][gc,heap        ] GC(1227) Tenured: 14877K(22484K)->14877K(22484K)
[2025-04-16T15:10:45.084+0000][1939.093s][info][gc,metaspace   ] GC(1227) Metaspace: 37407K(37760K)->37407K(37760K) NonClass: 32980K(33152K)->32980K(33152K) Class: 4426K(4608K)->4426K(4608K)
[2025-04-16T15:10:45.084+0000][1939.093s][info][gc             ] GC(1227) Pause Young (Allocation Failure) 23M->14M(31M) 1.398ms
[2025-04-16T15:10:45.084+0000][1939.093s][info][gc,cpu         ] GC(1227) User=0.00s Sys=0.00s Real=0.01s
[2025-04-16T15:10:46.744+0000][1940.753s][info][gc,start       ] GC(1228) Pause Young (Allocation Failure)
[2025-04-16T15:10:46.745+0000][1940.754s][info][gc,heap        ] GC(1228) DefNew: 9164K(10176K)->98K(10176K) Eden: 9087K(9088K)->0K(9088K) From: 76K(1088K)->98K(1088K)
[2025-04-16T15:10:46.745+0000][1940.754s][info][gc,heap        ] GC(1228) Tenured: 14877K(22484K)->14877K(22484K)
[2025-04-16T15:10:46.745+0000][1940.754s][info][gc,metaspace   ] GC(1228) Metaspace: 37407K(37760K)->37407K(37760K) NonClass: 32980K(33152K)->32980K(33152K) Class: 4426K(4608K)->4426K(4608K)
[2025-04-16T15:10:46.745+0000][1940.754s][info][gc             ] GC(1228) Pause Young (Allocation Failure) 23M->14M(31M) 1.228ms
[2025-04-16T15:10:46.745+0000][1940.754s][info][gc,cpu         ] GC(1228) User=0.00s Sys=0.00s Real=0.01s
[2025-04-16T15:10:48.094+0000][1942.103s][info][gc,start       ] GC(1229) Pause Young (Allocation Failure)
[2025-04-16T15:10:48.095+0000][1942.104s][info][gc,heap        ] GC(1229) DefNew: 9186K(10176K)->94K(10176K) Eden: 9088K(9088K)->0K(9088K) From: 98K(1088K)->94K(1088K)
[2025-04-16T15:10:48.095+0000][1942.104s][info][gc,heap        ] GC(1229) Tenured: 14877K(22484K)->14878K(22484K)
[2025-04-16T15:10:48.095+0000][1942.104s][info][gc,metaspace   ] GC(1229) Metaspace: 37407K(37760K)->37407K(37760K) NonClass: 32980K(33152K)->32980K(33152K) Class: 4426K(4608K)->4426K(4608K)
[2025-04-16T15:10:48.095+0000][1942.104s][info][gc             ] GC(1229) Pause Young (Allocation Failure) 23M->14M(31M) 1.401ms
[2025-04-16T15:10:48.095+0000][1942.104s][info][gc,cpu         ] GC(1229) User=0.00s Sys=0.00s Real=0.01s
[2025-04-16T15:10:49.906+0000][1943.915s][info][gc,start       ] GC(1230) Pause Young (Allocation Failure)
[2025-04-16T15:10:49.907+0000][1943.916s][info][gc,heap        ] GC(1230) DefNew: 9182K(10176K)->76K(10176K) Eden: 9088K(9088K)->0K(9088K) From: 94K(1088K)->76K(1088K)
[2025-04-16T15:10:49.907+0000][1943.916s][info][gc,heap        ] GC(1230) Tenured: 14878K(22484K)->14878K(22484K)
[2025-04-16T15:10:49.907+0000][1943.916s][info][gc,metaspace   ] GC(1230) Metaspace: 37407K(37760K)->37407K(37760K) NonClass: 32980K(33152K)->32980K(33152K) Class: 4426K(4608K)->4426K(4608K)
[2025-04-16T15:10:49.907+0000][1943.916s][info][gc             ] GC(1230) Pause Young (Allocation Failure) 23M->14M(31M) 1.236ms
[2025-04-16T15:10:49.907+0000][1943.916s][info][gc,cpu         ] GC(1230) User=0.00s Sys=0.00s Real=0.00s
[2025-04-16T15:10:51.295+0000][1945.304s][info][gc,start       ] GC(1231) Pause Young (Allocation Failure)
[2025-04-16T15:10:51.297+0000][1945.306s][info][gc,heap        ] GC(1231) DefNew: 9157K(10176K)->80K(10176K) Eden: 9080K(9088K)->0K(9088K) From: 76K(1088K)->80K(1088K)
[2025-04-16T15:10:51.297+0000][1945.306s][info][gc,heap        ] GC(1231) Tenured: 14878K(22484K)->14878K(22484K)
[2025-04-16T15:10:51.297+0000][1945.306s][info][gc,metaspace   ] GC(1231) Metaspace: 37407K(37760K)->37407K(37760K) NonClass: 32980K(33152K)->32980K(33152K) Class: 4426K(4608K)->4426K(4608K)
[2025-04-16T15:10:51.297+0000][1945.306s][info][gc             ] GC(1231) Pause Young (Allocation Failure) 23M->14M(31M) 1.341ms
[2025-04-16T15:10:51.297+0000][1945.306s][info][gc,cpu         ] GC(1231) User=0.00s Sys=0.00s Real=0.00s
[2025-04-16T15:10:53.171+0000][1947.180s][info][gc,start       ] GC(1232) Pause Young (Allocation Failure)
[2025-04-16T15:10:53.172+0000][1947.181s][info][gc,heap        ] GC(1232) DefNew: 9168K(10176K)->83K(10176K) Eden: 9088K(9088K)->0K(9088K) From: 80K(1088K)->83K(1088K)
[2025-04-16T15:10:53.172+0000][1947.181s][info][gc,heap        ] GC(1232) Tenured: 14878K(22484K)->14878K(22484K)
[2025-04-16T15:10:53.172+0000][1947.181s][info][gc,metaspace   ] GC(1232) Metaspace: 37407K(37760K)->37407K(37760K) NonClass: 32980K(33152K)->32980K(33152K) Class: 4426K(4608K)->4426K(4608K)
[2025-04-16T15:10:53.172+0000][1947.181s][info][gc             ] GC(1232) Pause Young (Allocation Failure) 23M->14M(31M) 1.343ms
[2025-04-16T15:10:53.172+0000][1947.181s][info][gc,cpu         ] GC(1232) User=0.00s Sys=0.00s Real=0.00s
[2025-04-16T15:10:54.465+0000][1948.474s][info][gc,start       ] GC(1233) Pause Young (Allocation Failure)
[2025-04-16T15:10:54.466+0000][1948.475s][info][gc,heap        ] GC(1233) DefNew: 9171K(10176K)->94K(10176K) Eden: 9088K(9088K)->0K(9088K) From: 83K(1088K)->94K(1088K)
[2025-04-16T15:10:54.466+0000][1948.475s][info][gc,heap        ] GC(1233) Tenured: 14878K(22484K)->14878K(22484K)
[2025-04-16T15:10:54.466+0000][1948.475s][info][gc,metaspace   ] GC(1233) Metaspace: 37407K(37760K)->37407K(37760K) NonClass: 32980K(33152K)->32980K(33152K) Class: 4426K(4608K)->4426K(4608K)
[2025-04-16T15:10:54.466+0000][1948.475s][info][gc             ] GC(1233) Pause Young (Allocation Failure) 23M->14M(31M) 1.324ms
[2025-04-16T15:10:54.466+0000][1948.475s][info][gc,cpu         ] GC(1233) User=0.00s Sys=0.00s Real=0.00s
[2025-04-16T15:10:56.430+0000][1950.439s][info][gc,start       ] GC(1234) Pause Young (Allocation Failure)
[2025-04-16T15:10:56.432+0000][1950.441s][info][gc,heap        ] GC(1234) DefNew: 9182K(10176K)->93K(10176K) Eden: 9088K(9088K)->0K(9088K) From: 94K(1088K)->93K(1088K)
[2025-04-16T15:10:56.432+0000][1950.441s][info][gc,heap        ] GC(1234) Tenured: 14878K(22484K)->14878K(22484K)
[2025-04-16T15:10:56.432+0000][1950.441s][info][gc,metaspace   ] GC(1234) Metaspace: 37407K(37760K)->37407K(37760K) NonClass: 32980K(33152K)->32980K(33152K) Class: 4426K(4608K)->4426K(4608K)
[2025-04-16T15:10:56.432+0000][1950.441s][info][gc             ] GC(1234) Pause Young (Allocation Failure) 23M->14M(31M) 1.314ms
[2025-04-16T15:10:56.432+0000][1950.441s][info][gc,cpu         ] GC(1234) User=0.00s Sys=0.00s Real=0.00s
[2025-04-16T15:10:58.021+0000][1952.030s][info][gc,start       ] GC(1235) Pause Young (Allocation Failure)
[2025-04-16T15:10:58.022+0000][1952.032s][info][gc,heap        ] GC(1235) DefNew: 9181K(10176K)->89K(10176K) Eden: 9087K(9088K)->0K(9088K) From: 93K(1088K)->89K(1088K)
[2025-04-16T15:10:58.023+0000][1952.032s][info][gc,heap        ] GC(1235) Tenured: 14878K(22484K)->14879K(22484K)
[2025-04-16T15:10:58.023+0000][1952.032s][info][gc,metaspace   ] GC(1235) Metaspace: 37407K(37760K)->37407K(37760K) NonClass: 32980K(33152K)->32980K(33152K) Class: 4426K(4608K)->4426K(4608K)
[2025-04-16T15:10:58.023+0000][1952.032s][info][gc             ] GC(1235) Pause Young (Allocation Failure) 23M->14M(31M) 1.284ms
[2025-04-16T15:10:58.023+0000][1952.032s][info][gc,cpu         ] GC(1235) User=0.00s Sys=0.00s Real=0.00s
[2025-04-16T15:10:59.468+0000][1953.477s][info][gc,start       ] GC(1236) Pause Young (Allocation Failure)
[2025-04-16T15:10:59.470+0000][1953.479s][info][gc,heap        ] GC(1236) DefNew: 9175K(10176K)->78K(10176K) Eden: 9086K(9088K)->0K(9088K) From: 89K(1088K)->78K(1088K)
[2025-04-16T15:10:59.470+0000][1953.479s][info][gc,heap        ] GC(1236) Tenured: 14879K(22484K)->14879K(22484K)
[2025-04-16T15:10:59.470+0000][1953.479s][info][gc,metaspace   ] GC(1236) Metaspace: 37407K(37760K)->37407K(37760K) NonClass: 32980K(33152K)->32980K(33152K) Class: 4426K(4608K)->4426K(4608K)
[2025-04-16T15:10:59.470+0000][1953.479s][info][gc             ] GC(1236) Pause Young (Allocation Failure) 23M->14M(31M) 1.226ms
[2025-04-16T15:10:59.470+0000][1953.479s][info][gc,cpu         ] GC(1236) User=0.00s Sys=0.00s Real=0.00s
[2025-04-16T15:11:01.024+0000][1955.033s][info][gc,start       ] GC(1237) Pause Young (Allocation Failure)
[2025-04-16T15:11:01.025+0000][1955.034s][info][gc,heap        ] GC(1237) DefNew: 9166K(10176K)->84K(10176K) Eden: 9088K(9088K)->0K(9088K) From: 78K(1088K)->84K(1088K)
[2025-04-16T15:11:01.025+0000][1955.034s][info][gc,heap        ] GC(1237) Tenured: 14879K(22484K)->14879K(22484K)
[2025-04-16T15:11:01.025+0000][1955.034s][info][gc,metaspace   ] GC(1237) Metaspace: 37407K(37760K)->37407K(37760K) NonClass: 32980K(33152K)->32980K(33152K) Class: 4426K(4608K)->4426K(4608K)
[2025-04-16T15:11:01.025+0000][1955.034s][info][gc             ] GC(1237) Pause Young (Allocation Failure) 23M->14M(31M) 1.384ms
[2025-04-16T15:11:01.025+0000][1955.034s][info][gc,cpu         ] GC(1237) User=0.00s Sys=0.00s Real=0.01s
[2025-04-16T15:11:02.752+0000][1956.761s][info][gc,start       ] GC(1238) Pause Young (Allocation Failure)
[2025-04-16T15:11:02.753+0000][1956.762s][info][gc,heap        ] GC(1238) DefNew: 9172K(10176K)->87K(10176K) Eden: 9088K(9088K)->0K(9088K) From: 84K(1088K)->87K(1088K)
[2025-04-16T15:11:02.753+0000][1956.762s][info][gc,heap        ] GC(1238) Tenured: 14879K(22484K)->14879K(22484K)
[2025-04-16T15:11:02.753+0000][1956.762s][info][gc,metaspace   ] GC(1238) Metaspace: 37407K(37760K)->37407K(37760K) NonClass: 32980K(33152K)->32980K(33152K) Class: 4426K(4608K)->4426K(4608K)
[2025-04-16T15:11:02.753+0000][1956.762s][info][gc             ] GC(1238) Pause Young (Allocation Failure) 23M->14M(31M) 1.426ms
[2025-04-16T15:11:02.753+0000][1956.762s][info][gc,cpu         ] GC(1238) User=0.00s Sys=0.00s Real=0.00s
[2025-04-16T15:11:04.418+0000][1958.427s][info][gc,start       ] GC(1239) Pause Young (Allocation Failure)
[2025-04-16T15:11:04.420+0000][1958.429s][info][gc,heap        ] GC(1239) DefNew: 9175K(10176K)->91K(10176K) Eden: 9088K(9088K)->0K(9088K) From: 87K(1088K)->91K(1088K)
[2025-04-16T15:11:04.420+0000][1958.429s][info][gc,heap        ] GC(1239) Tenured: 14879K(22484K)->14880K(22484K)
[2025-04-16T15:11:04.420+0000][1958.429s][info][gc,metaspace   ] GC(1239) Metaspace: 37407K(37760K)->37407K(37760K) NonClass: 32980K(33152K)->32980K(33152K) Class: 4426K(4608K)->4426K(4608K)
[2025-04-16T15:11:04.420+0000][1958.429s][info][gc             ] GC(1239) Pause Young (Allocation Failure) 23M->14M(31M) 1.222ms
[2025-04-16T15:11:04.420+0000][1958.429s][info][gc,cpu         ] GC(1239) User=0.00s Sys=0.00s Real=0.00s
[2025-04-16T15:11:05.994+0000][1960.003s][info][gc,start       ] GC(1240) Pause Young (Allocation Failure)
[2025-04-16T15:11:05.995+0000][1960.004s][info][gc,heap        ] GC(1240) DefNew: 9179K(10176K)->83K(10176K) Eden: 9088K(9088K)->0K(9088K) From: 91K(1088K)->83K(1088K)
[2025-04-16T15:11:05.995+0000][1960.004s][info][gc,heap        ] GC(1240) Tenured: 14880K(22484K)->14880K(22484K)
[2025-04-16T15:11:05.995+0000][1960.004s][info][gc,metaspace   ] GC(1240) Metaspace: 37407K(37760K)->37407K(37760K) NonClass: 32980K(33152K)->32980K(33152K) Class: 4426K(4608K)->4426K(4608K)
[2025-04-16T15:11:05.995+0000][1960.004s][info][gc             ] GC(1240) Pause Young (Allocation Failure) 23M->14M(31M) 1.223ms
[2025-04-16T15:11:05.995+0000][1960.004s][info][gc,cpu         ] GC(1240) User=0.00s Sys=0.00s Real=0.01s
[2025-04-16T15:11:07.592+0000][1961.601s][info][gc,start       ] GC(1241) Pause Young (Allocation Failure)
[2025-04-16T15:11:07.593+0000][1961.602s][info][gc,heap        ] GC(1241) DefNew: 9171K(10176K)->77K(10176K) Eden: 9088K(9088K)->0K(9088K) From: 83K(1088K)->77K(1088K)
[2025-04-16T15:11:07.593+0000][1961.602s][info][gc,heap        ] GC(1241) Tenured: 14880K(22484K)->14882K(22484K)
[2025-04-16T15:11:07.593+0000][1961.602s][info][gc,metaspace   ] GC(1241) Metaspace: 37407K(37760K)->37407K(37760K) NonClass: 32980K(33152K)->32980K(33152K) Class: 4426K(4608K)->4426K(4608K)
[2025-04-16T15:11:07.593+0000][1961.602s][info][gc             ] GC(1241) Pause Young (Allocation Failure) 23M->14M(31M) 1.307ms
[2025-04-16T15:11:07.593+0000][1961.602s][info][gc,cpu         ] GC(1241) User=0.00s Sys=0.00s Real=0.00s
[2025-04-16T15:11:09.173+0000][1963.182s][info][gc,start       ] GC(1242) Pause Young (Allocation Failure)
[2025-04-16T15:11:09.175+0000][1963.184s][info][gc,heap        ] GC(1242) DefNew: 9165K(10176K)->77K(10176K) Eden: 9088K(9088K)->0K(9088K) From: 77K(1088K)->77K(1088K)
[2025-04-16T15:11:09.175+0000][1963.184s][info][gc,heap        ] GC(1242) Tenured: 14882K(22484K)->14882K(22484K)
[2025-04-16T15:11:09.175+0000][1963.184s][info][gc,metaspace   ] GC(1242) Metaspace: 37407K(37760K)->37407K(37760K) NonClass: 32980K(33152K)->32980K(33152K) Class: 4426K(4608K)->4426K(4608K)
[2025-04-16T15:11:09.175+0000][1963.184s][info][gc             ] GC(1242) Pause Young (Allocation Failure) 23M->14M(31M) 1.202ms
[2025-04-16T15:11:09.175+0000][1963.184s][info][gc,cpu         ] GC(1242) User=0.00s Sys=0.00s Real=0.01s
[2025-04-16T15:11:10.845+0000][1964.854s][info][gc,start       ] GC(1243) Pause Young (Allocation Failure)
[2025-04-16T15:11:10.846+0000][1964.855s][info][gc,heap        ] GC(1243) DefNew: 9165K(10176K)->72K(10176K) Eden: 9088K(9088K)->0K(9088K) From: 77K(1088K)->72K(1088K)
[2025-04-16T15:11:10.846+0000][1964.855s][info][gc,heap        ] GC(1243) Tenured: 14882K(22484K)->14883K(22484K)
[2025-04-16T15:11:10.846+0000][1964.855s][info][gc,metaspace   ] GC(1243) Metaspace: 37407K(37760K)->37407K(37760K) NonClass: 32980K(33152K)->32980K(33152K) Class: 4426K(4608K)->4426K(4608K)
[2025-04-16T15:11:10.846+0000][1964.855s][info][gc             ] GC(1243) Pause Young (Allocation Failure) 23M->14M(31M) 1.326ms
[2025-04-16T15:11:10.846+0000][1964.856s][info][gc,cpu         ] GC(1243) User=0.00s Sys=0.00s Real=0.00s
[2025-04-16T15:11:12.422+0000][1966.431s][info][gc,start       ] GC(1244) Pause Young (Allocation Failure)
[2025-04-16T15:11:12.424+0000][1966.433s][info][gc,heap        ] GC(1244) DefNew: 9160K(10176K)->137K(10176K) Eden: 9088K(9088K)->0K(9088K) From: 72K(1088K)->137K(1088K)
[2025-04-16T15:11:12.424+0000][1966.433s][info][gc,heap        ] GC(1244) Tenured: 14883K(22484K)->14883K(22484K)
[2025-04-16T15:11:12.424+0000][1966.433s][info][gc,metaspace   ] GC(1244) Metaspace: 37407K(37760K)->37407K(37760K) NonClass: 32980K(33152K)->32980K(33152K) Class: 4426K(4608K)->4426K(4608K)
[2025-04-16T15:11:12.424+0000][1966.433s][info][gc             ] GC(1244) Pause Young (Allocation Failure) 23M->14M(31M) 1.409ms
[2025-04-16T15:11:12.424+0000][1966.433s][info][gc,cpu         ] GC(1244) User=0.00s Sys=0.00s Real=0.00s
[2025-04-16T15:11:13.913+0000][1967.922s][info][gc,start       ] GC(1245) Pause Young (Allocation Failure)
[2025-04-16T15:11:13.915+0000][1967.924s][info][gc,heap        ] GC(1245) DefNew: 9225K(10176K)->90K(10176K) Eden: 9088K(9088K)->0K(9088K) From: 137K(1088K)->90K(1088K)
[2025-04-16T15:11:13.915+0000][1967.924s][info][gc,heap        ] GC(1245) Tenured: 14883K(22484K)->14883K(22484K)
[2025-04-16T15:11:13.915+0000][1967.924s][info][gc,metaspace   ] GC(1245) Metaspace: 37407K(37760K)->37407K(37760K) NonClass: 32980K(33152K)->32980K(33152K) Class: 4426K(4608K)->4426K(4608K)
[2025-04-16T15:11:13.915+0000][1967.924s][info][gc             ] GC(1245) Pause Young (Allocation Failure) 23M->14M(31M) 1.290ms
[2025-04-16T15:11:13.915+0000][1967.924s][info][gc,cpu         ] GC(1245) User=0.00s Sys=0.00s Real=0.01s
[2025-04-16T15:11:15.405+0000][1969.414s][info][gc,start       ] GC(1246) Pause Young (Allocation Failure)
[2025-04-16T15:11:15.406+0000][1969.415s][info][gc,heap        ] GC(1246) DefNew: 9178K(10176K)->79K(10176K) Eden: 9088K(9088K)->0K(9088K) From: 90K(1088K)->79K(1088K)
[2025-04-16T15:11:15.406+0000][1969.415s][info][gc,heap        ] GC(1246) Tenured: 14883K(22484K)->14883K(22484K)
[2025-04-16T15:11:15.406+0000][1969.415s][info][gc,metaspace   ] GC(1246) Metaspace: 37407K(37760K)->37407K(37760K) NonClass: 32980K(33152K)->32980K(33152K) Class: 4426K(4608K)->4426K(4608K)
[2025-04-16T15:11:15.406+0000][1969.415s][info][gc             ] GC(1246) Pause Young (Allocation Failure) 23M->14M(31M) 1.234ms
[2025-04-16T15:11:15.406+0000][1969.415s][info][gc,cpu         ] GC(1246) User=0.01s Sys=0.00s Real=0.00s
[2025-04-16T15:11:16.909+0000][1970.918s][info][gc,start       ] GC(1247) Pause Young (Allocation Failure)
[2025-04-16T15:11:16.911+0000][1970.920s][info][gc,heap        ] GC(1247) DefNew: 9167K(10176K)->89K(10176K) Eden: 9088K(9088K)->0K(9088K) From: 79K(1088K)->89K(1088K)
[2025-04-16T15:11:16.911+0000][1970.920s][info][gc,heap        ] GC(1247) Tenured: 14883K(22484K)->14883K(22484K)
[2025-04-16T15:11:16.911+0000][1970.920s][info][gc,metaspace   ] GC(1247) Metaspace: 37407K(37760K)->37407K(37760K) NonClass: 32980K(33152K)->32980K(33152K) Class: 4426K(4608K)->4426K(4608K)
[2025-04-16T15:11:16.911+0000][1970.920s][info][gc             ] GC(1247) Pause Young (Allocation Failure) 23M->14M(31M) 1.262ms
[2025-04-16T15:11:16.911+0000][1970.920s][info][gc,cpu         ] GC(1247) User=0.00s Sys=0.00s Real=0.00s
[2025-04-16T15:11:18.706+0000][1972.715s][info][gc,start       ] GC(1248) Pause Young (Allocation Failure)
[2025-04-16T15:11:18.708+0000][1972.717s][info][gc,heap        ] GC(1248) DefNew: 9177K(10176K)->79K(10176K) Eden: 9088K(9088K)->0K(9088K) From: 89K(1088K)->79K(1088K)
[2025-04-16T15:11:18.708+0000][1972.717s][info][gc,heap        ] GC(1248) Tenured: 14883K(22484K)->14883K(22484K)
[2025-04-16T15:11:18.708+0000][1972.717s][info][gc,metaspace   ] GC(1248) Metaspace: 37407K(37760K)->37407K(37760K) NonClass: 32980K(33152K)->32980K(33152K) Class: 4426K(4608K)->4426K(4608K)
[2025-04-16T15:11:18.708+0000][1972.717s][info][gc             ] GC(1248) Pause Young (Allocation Failure) 23M->14M(31M) 1.343ms
[2025-04-16T15:11:18.708+0000][1972.717s][info][gc,cpu         ] GC(1248) User=0.00s Sys=0.00s Real=0.00s
[2025-04-16T15:11:20.564+0000][1974.573s][info][gc,start       ] GC(1249) Pause Young (Allocation Failure)
[2025-04-16T15:11:20.565+0000][1974.574s][info][gc,heap        ] GC(1249) DefNew: 9167K(10176K)->99K(10176K) Eden: 9088K(9088K)->0K(9088K) From: 79K(1088K)->99K(1088K)
[2025-04-16T15:11:20.565+0000][1974.574s][info][gc,heap        ] GC(1249) Tenured: 14883K(22484K)->14883K(22484K)
[2025-04-16T15:11:20.565+0000][1974.574s][info][gc,metaspace   ] GC(1249) Metaspace: 37407K(37760K)->37407K(37760K) NonClass: 32980K(33152K)->32980K(33152K) Class: 4426K(4608K)->4426K(4608K)
[2025-04-16T15:11:20.565+0000][1974.574s][info][gc             ] GC(1249) Pause Young (Allocation Failure) 23M->14M(31M) 1.356ms
[2025-04-16T15:11:20.565+0000][1974.574s][info][gc,cpu         ] GC(1249) User=0.00s Sys=0.00s Real=0.01s
[2025-04-16T15:11:22.175+0000][1976.184s][info][gc,start       ] GC(1250) Pause Young (Allocation Failure)
[2025-04-16T15:11:22.176+0000][1976.185s][info][gc,heap        ] GC(1250) DefNew: 9187K(10176K)->83K(10176K) Eden: 9088K(9088K)->0K(9088K) From: 99K(1088K)->83K(1088K)
[2025-04-16T15:11:22.176+0000][1976.185s][info][gc,heap        ] GC(1250) Tenured: 14883K(22484K)->14883K(22484K)
[2025-04-16T15:11:22.176+0000][1976.185s][info][gc,metaspace   ] GC(1250) Metaspace: 37407K(37760K)->37407K(37760K) NonClass: 32980K(33152K)->32980K(33152K) Class: 4426K(4608K)->4426K(4608K)
[2025-04-16T15:11:22.176+0000][1976.186s][info][gc             ] GC(1250) Pause Young (Allocation Failure) 23M->14M(31M) 1.335ms
[2025-04-16T15:11:22.177+0000][1976.186s][info][gc,cpu         ] GC(1250) User=0.00s Sys=0.00s Real=0.00s
[2025-04-16T15:11:23.624+0000][1977.633s][info][gc,start       ] GC(1251) Pause Young (Allocation Failure)
[2025-04-16T15:11:23.625+0000][1977.634s][info][gc,heap        ] GC(1251) DefNew: 9171K(10176K)->88K(10176K) Eden: 9088K(9088K)->0K(9088K) From: 83K(1088K)->88K(1088K)
[2025-04-16T15:11:23.625+0000][1977.634s][info][gc,heap        ] GC(1251) Tenured: 14883K(22484K)->14883K(22484K)
[2025-04-16T15:11:23.625+0000][1977.634s][info][gc,metaspace   ] GC(1251) Metaspace: 37407K(37760K)->37407K(37760K) NonClass: 32980K(33152K)->32980K(33152K) Class: 4426K(4608K)->4426K(4608K)
[2025-04-16T15:11:23.625+0000][1977.634s][info][gc             ] GC(1251) Pause Young (Allocation Failure) 23M->14M(31M) 1.304ms
[2025-04-16T15:11:23.625+0000][1977.634s][info][gc,cpu         ] GC(1251) User=0.00s Sys=0.00s Real=0.01s
[2025-04-16T15:11:25.384+0000][1979.393s][info][gc,start       ] GC(1252) Pause Young (Allocation Failure)
[2025-04-16T15:11:25.385+0000][1979.394s][info][gc,heap        ] GC(1252) DefNew: 9176K(10176K)->84K(10176K) Eden: 9088K(9088K)->0K(9088K) From: 88K(1088K)->84K(1088K)
[2025-04-16T15:11:25.385+0000][1979.394s][info][gc,heap        ] GC(1252) Tenured: 14883K(22484K)->14883K(22484K)
[2025-04-16T15:11:25.385+0000][1979.394s][info][gc,metaspace   ] GC(1252) Metaspace: 37407K(37760K)->37407K(37760K) NonClass: 32980K(33152K)->32980K(33152K) Class: 4426K(4608K)->4426K(4608K)
[2025-04-16T15:11:25.385+0000][1979.394s][info][gc             ] GC(1252) Pause Young (Allocation Failure) 23M->14M(31M) 1.282ms
[2025-04-16T15:11:25.385+0000][1979.394s][info][gc,cpu         ] GC(1252) User=0.00s Sys=0.00s Real=0.01s
[2025-04-16T15:11:27.201+0000][1981.210s][info][gc,start       ] GC(1253) Pause Young (Allocation Failure)
[2025-04-16T15:11:27.202+0000][1981.211s][info][gc,heap        ] GC(1253) DefNew: 9172K(10176K)->90K(10176K) Eden: 9087K(9088K)->0K(9088K) From: 84K(1088K)->90K(1088K)
[2025-04-16T15:11:27.202+0000][1981.211s][info][gc,heap        ] GC(1253) Tenured: 14883K(22484K)->14884K(22484K)
[2025-04-16T15:11:27.202+0000][1981.211s][info][gc,metaspace   ] GC(1253) Metaspace: 37407K(37760K)->37407K(37760K) NonClass: 32980K(33152K)->32980K(33152K) Class: 4426K(4608K)->4426K(4608K)
[2025-04-16T15:11:27.202+0000][1981.211s][info][gc             ] GC(1253) Pause Young (Allocation Failure) 23M->14M(31M) 1.380ms
[2025-04-16T15:11:27.202+0000][1981.211s][info][gc,cpu         ] GC(1253) User=0.00s Sys=0.00s Real=0.00s
[2025-04-16T15:11:28.568+0000][1982.577s][info][gc,start       ] GC(1254) Pause Young (Allocation Failure)
[2025-04-16T15:11:28.569+0000][1982.578s][info][gc,heap        ] GC(1254) DefNew: 9178K(10176K)->91K(10176K) Eden: 9088K(9088K)->0K(9088K) From: 90K(1088K)->91K(1088K)
[2025-04-16T15:11:28.569+0000][1982.578s][info][gc,heap        ] GC(1254) Tenured: 14884K(22484K)->14884K(22484K)
[2025-04-16T15:11:28.569+0000][1982.578s][info][gc,metaspace   ] GC(1254) Metaspace: 37407K(37760K)->37407K(37760K) NonClass: 32980K(33152K)->32980K(33152K) Class: 4426K(4608K)->4426K(4608K)
[2025-04-16T15:11:28.569+0000][1982.578s][info][gc             ] GC(1254) Pause Young (Allocation Failure) 23M->14M(31M) 1.313ms
[2025-04-16T15:11:28.569+0000][1982.578s][info][gc,cpu         ] GC(1254) User=0.00s Sys=0.00s Real=0.00s
[2025-04-16T15:11:30.313+0000][1984.322s][info][gc,start       ] GC(1255) Pause Young (Allocation Failure)
[2025-04-16T15:11:30.314+0000][1984.323s][info][gc,heap        ] GC(1255) DefNew: 9179K(10176K)->101K(10176K) Eden: 9088K(9088K)->0K(9088K) From: 91K(1088K)->101K(1088K)
[2025-04-16T15:11:30.314+0000][1984.323s][info][gc,heap        ] GC(1255) Tenured: 14884K(22484K)->14884K(22484K)
[2025-04-16T15:11:30.314+0000][1984.323s][info][gc,metaspace   ] GC(1255) Metaspace: 37407K(37760K)->37407K(37760K) NonClass: 32980K(33152K)->32980K(33152K) Class: 4426K(4608K)->4426K(4608K)
[2025-04-16T15:11:30.314+0000][1984.323s][info][gc             ] GC(1255) Pause Young (Allocation Failure) 23M->14M(31M) 1.224ms
[2025-04-16T15:11:30.314+0000][1984.323s][info][gc,cpu         ] GC(1255) User=0.00s Sys=0.00s Real=0.01s
[2025-04-16T15:11:31.906+0000][1985.915s][info][gc,start       ] GC(1256) Pause Young (Allocation Failure)
[2025-04-16T15:11:31.907+0000][1985.916s][info][gc,heap        ] GC(1256) DefNew: 9189K(10176K)->103K(10176K) Eden: 9087K(9088K)->0K(9088K) From: 101K(1088K)->103K(1088K)
[2025-04-16T15:11:31.907+0000][1985.916s][info][gc,heap        ] GC(1256) Tenured: 14884K(22484K)->14884K(22484K)
[2025-04-16T15:11:31.907+0000][1985.916s][info][gc,metaspace   ] GC(1256) Metaspace: 37407K(37760K)->37407K(37760K) NonClass: 32980K(33152K)->32980K(33152K) Class: 4426K(4608K)->4426K(4608K)
[2025-04-16T15:11:31.907+0000][1985.916s][info][gc             ] GC(1256) Pause Young (Allocation Failure) 23M->14M(31M) 1.348ms
[2025-04-16T15:11:31.907+0000][1985.916s][info][gc,cpu         ] GC(1256) User=0.00s Sys=0.00s Real=0.00s
[2025-04-16T15:11:33.371+0000][1987.380s][info][gc,start       ] GC(1257) Pause Young (Allocation Failure)
[2025-04-16T15:11:33.372+0000][1987.381s][info][gc,heap        ] GC(1257) DefNew: 9191K(10176K)->83K(10176K) Eden: 9087K(9088K)->0K(9088K) From: 103K(1088K)->83K(1088K)
[2025-04-16T15:11:33.372+0000][1987.381s][info][gc,heap        ] GC(1257) Tenured: 14884K(22484K)->14887K(22484K)
[2025-04-16T15:11:33.372+0000][1987.381s][info][gc,metaspace   ] GC(1257) Metaspace: 37407K(37760K)->37407K(37760K) NonClass: 32980K(33152K)->32980K(33152K) Class: 4426K(4608K)->4426K(4608K)
[2025-04-16T15:11:33.372+0000][1987.381s][info][gc             ] GC(1257) Pause Young (Allocation Failure) 23M->14M(31M) 1.244ms
[2025-04-16T15:11:33.372+0000][1987.381s][info][gc,cpu         ] GC(1257) User=0.00s Sys=0.00s Real=0.00s
[2025-04-16T15:11:35.151+0000][1989.160s][info][gc,start       ] GC(1258) Pause Young (Allocation Failure)
[2025-04-16T15:11:35.153+0000][1989.162s][info][gc,heap        ] GC(1258) DefNew: 9171K(10176K)->85K(10176K) Eden: 9088K(9088K)->0K(9088K) From: 83K(1088K)->85K(1088K)
[2025-04-16T15:11:35.153+0000][1989.162s][info][gc,heap        ] GC(1258) Tenured: 14887K(22484K)->14887K(22484K)
[2025-04-16T15:11:35.153+0000][1989.162s][info][gc,metaspace   ] GC(1258) Metaspace: 37407K(37760K)->37407K(37760K) NonClass: 32980K(33152K)->32980K(33152K) Class: 4426K(4608K)->4426K(4608K)
[2025-04-16T15:11:35.153+0000][1989.162s][info][gc             ] GC(1258) Pause Young (Allocation Failure) 23M->14M(31M) 1.219ms
[2025-04-16T15:11:35.153+0000][1989.162s][info][gc,cpu         ] GC(1258) User=0.00s Sys=0.00s Real=0.00s
[2025-04-16T15:11:36.728+0000][1990.737s][info][gc,start       ] GC(1259) Pause Young (Allocation Failure)
[2025-04-16T15:11:36.729+0000][1990.738s][info][gc,heap        ] GC(1259) DefNew: 9173K(10176K)->89K(10176K) Eden: 9088K(9088K)->0K(9088K) From: 85K(1088K)->89K(1088K)
[2025-04-16T15:11:36.729+0000][1990.738s][info][gc,heap        ] GC(1259) Tenured: 14887K(22484K)->14888K(22484K)
[2025-04-16T15:11:36.729+0000][1990.738s][info][gc,metaspace   ] GC(1259) Metaspace: 37407K(37760K)->37407K(37760K) NonClass: 32980K(33152K)->32980K(33152K) Class: 4426K(4608K)->4426K(4608K)
[2025-04-16T15:11:36.729+0000][1990.738s][info][gc             ] GC(1259) Pause Young (Allocation Failure) 23M->14M(31M) 1.277ms
[2025-04-16T15:11:36.729+0000][1990.738s][info][gc,cpu         ] GC(1259) User=0.00s Sys=0.00s Real=0.00s
[2025-04-16T15:11:38.129+0000][1992.138s][info][gc,start       ] GC(1260) Pause Young (Allocation Failure)
[2025-04-16T15:11:38.131+0000][1992.140s][info][gc,heap        ] GC(1260) DefNew: 9177K(10176K)->110K(10176K) Eden: 9088K(9088K)->0K(9088K) From: 89K(1088K)->110K(1088K)
[2025-04-16T15:11:38.131+0000][1992.140s][info][gc,heap        ] GC(1260) Tenured: 14888K(22484K)->14889K(22484K)
[2025-04-16T15:11:38.131+0000][1992.140s][info][gc,metaspace   ] GC(1260) Metaspace: 37407K(37760K)->37407K(37760K) NonClass: 32980K(33152K)->32980K(33152K) Class: 4426K(4608K)->4426K(4608K)
[2025-04-16T15:11:38.131+0000][1992.140s][info][gc             ] GC(1260) Pause Young (Allocation Failure) 23M->14M(31M) 1.261ms
[2025-04-16T15:11:38.131+0000][1992.140s][info][gc,cpu         ] GC(1260) User=0.00s Sys=0.00s Real=0.00s
[2025-04-16T15:11:39.663+0000][1993.672s][info][gc,start       ] GC(1261) Pause Young (Allocation Failure)
[2025-04-16T15:11:39.664+0000][1993.673s][info][gc,heap        ] GC(1261) DefNew: 9198K(10176K)->103K(10176K) Eden: 9088K(9088K)->0K(9088K) From: 110K(1088K)->103K(1088K)
[2025-04-16T15:11:39.664+0000][1993.673s][info][gc,heap        ] GC(1261) Tenured: 14889K(22484K)->14890K(22484K)
[2025-04-16T15:11:39.664+0000][1993.673s][info][gc,metaspace   ] GC(1261) Metaspace: 37407K(37760K)->37407K(37760K) NonClass: 32980K(33152K)->32980K(33152K) Class: 4426K(4608K)->4426K(4608K)
[2025-04-16T15:11:39.664+0000][1993.673s][info][gc             ] GC(1261) Pause Young (Allocation Failure) 23M->14M(31M) 1.220ms
[2025-04-16T15:11:39.664+0000][1993.673s][info][gc,cpu         ] GC(1261) User=0.00s Sys=0.00s Real=0.00s
[2025-04-16T15:11:41.369+0000][1995.378s][info][gc,start       ] GC(1262) Pause Young (Allocation Failure)
[2025-04-16T15:11:41.371+0000][1995.380s][info][gc,heap        ] GC(1262) DefNew: 9191K(10176K)->92K(10176K) Eden: 9088K(9088K)->0K(9088K) From: 103K(1088K)->92K(1088K)
[2025-04-16T15:11:41.371+0000][1995.380s][info][gc,heap        ] GC(1262) Tenured: 14890K(22484K)->14893K(22484K)
[2025-04-16T15:11:41.371+0000][1995.380s][info][gc,metaspace   ] GC(1262) Metaspace: 37407K(37760K)->37407K(37760K) NonClass: 32980K(33152K)->32980K(33152K) Class: 4426K(4608K)->4426K(4608K)
[2025-04-16T15:11:41.371+0000][1995.380s][info][gc             ] GC(1262) Pause Young (Allocation Failure) 23M->14M(31M) 1.219ms
[2025-04-16T15:11:41.371+0000][1995.380s][info][gc,cpu         ] GC(1262) User=0.00s Sys=0.00s Real=0.00s
[2025-04-16T15:11:43.110+0000][1997.119s][info][gc,start       ] GC(1263) Pause Young (Allocation Failure)
[2025-04-16T15:11:43.111+0000][1997.120s][info][gc,heap        ] GC(1263) DefNew: 9173K(10176K)->86K(10176K) Eden: 9081K(9088K)->0K(9088K) From: 92K(1088K)->86K(1088K)
[2025-04-16T15:11:43.111+0000][1997.120s][info][gc,heap        ] GC(1263) Tenured: 14893K(22484K)->14893K(22484K)
[2025-04-16T15:11:43.111+0000][1997.120s][info][gc,metaspace   ] GC(1263) Metaspace: 37407K(37760K)->37407K(37760K) NonClass: 32980K(33152K)->32980K(33152K) Class: 4426K(4608K)->4426K(4608K)
[2025-04-16T15:11:43.111+0000][1997.120s][info][gc             ] GC(1263) Pause Young (Allocation Failure) 23M->14M(31M) 1.325ms
[2025-04-16T15:11:43.111+0000][1997.120s][info][gc,cpu         ] GC(1263) User=0.00s Sys=0.00s Real=0.00s
[2025-04-16T15:11:44.576+0000][1998.585s][info][gc,start       ] GC(1264) Pause Young (Allocation Failure)
[2025-04-16T15:11:44.577+0000][1998.586s][info][gc,heap        ] GC(1264) DefNew: 9174K(10176K)->86K(10176K) Eden: 9088K(9088K)->0K(9088K) From: 86K(1088K)->86K(1088K)
[2025-04-16T15:11:44.577+0000][1998.586s][info][gc,heap        ] GC(1264) Tenured: 14893K(22484K)->14894K(22484K)
[2025-04-16T15:11:44.577+0000][1998.586s][info][gc,metaspace   ] GC(1264) Metaspace: 37407K(37760K)->37407K(37760K) NonClass: 32980K(33152K)->32980K(33152K) Class: 4426K(4608K)->4426K(4608K)
[2025-04-16T15:11:44.577+0000][1998.586s][info][gc             ] GC(1264) Pause Young (Allocation Failure) 23M->14M(31M) 1.326ms
[2025-04-16T15:11:44.577+0000][1998.586s][info][gc,cpu         ] GC(1264) User=0.01s Sys=0.00s Real=0.00s
[2025-04-16T15:11:46.257+0000][2000.266s][info][gc,start       ] GC(1265) Pause Young (Allocation Failure)
[2025-04-16T15:11:46.259+0000][2000.268s][info][gc,heap        ] GC(1265) DefNew: 9174K(10176K)->85K(10176K) Eden: 9088K(9088K)->0K(9088K) From: 86K(1088K)->85K(1088K)
[2025-04-16T15:11:46.259+0000][2000.268s][info][gc,heap        ] GC(1265) Tenured: 14894K(22484K)->14894K(22484K)
[2025-04-16T15:11:46.259+0000][2000.268s][info][gc,metaspace   ] GC(1265) Metaspace: 37407K(37760K)->37407K(37760K) NonClass: 32980K(33152K)->32980K(33152K) Class: 4426K(4608K)->4426K(4608K)
[2025-04-16T15:11:46.259+0000][2000.268s][info][gc             ] GC(1265) Pause Young (Allocation Failure) 23M->14M(31M) 1.363ms
[2025-04-16T15:11:46.259+0000][2000.268s][info][gc,cpu         ] GC(1265) User=0.00s Sys=0.00s Real=0.00s
[2025-04-16T15:11:47.793+0000][2001.802s][info][gc,start       ] GC(1266) Pause Young (Allocation Failure)
[2025-04-16T15:11:47.795+0000][2001.804s][info][gc,heap        ] GC(1266) DefNew: 9173K(10176K)->102K(10176K) Eden: 9088K(9088K)->0K(9088K) From: 85K(1088K)->102K(1088K)
[2025-04-16T15:11:47.795+0000][2001.804s][info][gc,heap        ] GC(1266) Tenured: 14894K(22484K)->14894K(22484K)
[2025-04-16T15:11:47.795+0000][2001.804s][info][gc,metaspace   ] GC(1266) Metaspace: 37407K(37760K)->37407K(37760K) NonClass: 32980K(33152K)->32980K(33152K) Class: 4426K(4608K)->4426K(4608K)
[2025-04-16T15:11:47.795+0000][2001.804s][info][gc             ] GC(1266) Pause Young (Allocation Failure) 23M->14M(31M) 1.452ms
[2025-04-16T15:11:47.795+0000][2001.804s][info][gc,cpu         ] GC(1266) User=0.00s Sys=0.00s Real=0.01s
[2025-04-16T15:11:49.338+0000][2003.347s][info][gc,start       ] GC(1267) Pause Young (Allocation Failure)
[2025-04-16T15:11:49.339+0000][2003.348s][info][gc,heap        ] GC(1267) DefNew: 9184K(10176K)->96K(10176K) Eden: 9082K(9088K)->0K(9088K) From: 102K(1088K)->96K(1088K)
[2025-04-16T15:11:49.339+0000][2003.348s][info][gc,heap        ] GC(1267) Tenured: 14894K(22484K)->14894K(22484K)
[2025-04-16T15:11:49.339+0000][2003.348s][info][gc,metaspace   ] GC(1267) Metaspace: 37407K(37760K)->37407K(37760K) NonClass: 32980K(33152K)->32980K(33152K) Class: 4426K(4608K)->4426K(4608K)
[2025-04-16T15:11:49.339+0000][2003.348s][info][gc             ] GC(1267) Pause Young (Allocation Failure) 23M->14M(31M) 1.289ms
[2025-04-16T15:11:49.339+0000][2003.348s][info][gc,cpu         ] GC(1267) User=0.00s Sys=0.00s Real=0.00s
[2025-04-16T15:11:50.812+0000][2004.821s][info][gc,start       ] GC(1268) Pause Young (Allocation Failure)
[2025-04-16T15:11:50.813+0000][2004.822s][info][gc,heap        ] GC(1268) DefNew: 9170K(10176K)->90K(10176K) Eden: 9074K(9088K)->0K(9088K) From: 96K(1088K)->90K(1088K)
[2025-04-16T15:11:50.813+0000][2004.822s][info][gc,heap        ] GC(1268) Tenured: 14894K(22484K)->14895K(22484K)
[2025-04-16T15:11:50.813+0000][2004.823s][info][gc,metaspace   ] GC(1268) Metaspace: 37407K(37760K)->37407K(37760K) NonClass: 32980K(33152K)->32980K(33152K) Class: 4426K(4608K)->4426K(4608K)
[2025-04-16T15:11:50.814+0000][2004.823s][info][gc             ] GC(1268) Pause Young (Allocation Failure) 23M->14M(31M) 1.324ms
[2025-04-16T15:11:50.814+0000][2004.823s][info][gc,cpu         ] GC(1268) User=0.00s Sys=0.00s Real=0.00s
[2025-04-16T15:11:52.453+0000][2006.462s][info][gc,start       ] GC(1269) Pause Young (Allocation Failure)
[2025-04-16T15:11:52.454+0000][2006.463s][info][gc,heap        ] GC(1269) DefNew: 9178K(10176K)->99K(10176K) Eden: 9088K(9088K)->0K(9088K) From: 90K(1088K)->99K(1088K)
[2025-04-16T15:11:52.454+0000][2006.463s][info][gc,heap        ] GC(1269) Tenured: 14895K(22484K)->14895K(22484K)
[2025-04-16T15:11:52.454+0000][2006.463s][info][gc,metaspace   ] GC(1269) Metaspace: 37407K(37760K)->37407K(37760K) NonClass: 32980K(33152K)->32980K(33152K) Class: 4426K(4608K)->4426K(4608K)
[2025-04-16T15:11:52.454+0000][2006.463s][info][gc             ] GC(1269) Pause Young (Allocation Failure) 23M->14M(31M) 1.393ms
[2025-04-16T15:11:52.454+0000][2006.463s][info][gc,cpu         ] GC(1269) User=0.00s Sys=0.00s Real=0.01s
[2025-04-16T15:11:54.046+0000][2008.055s][info][gc,start       ] GC(1270) Pause Young (Allocation Failure)
[2025-04-16T15:11:54.047+0000][2008.056s][info][gc,heap        ] GC(1270) DefNew: 9187K(10176K)->80K(10176K) Eden: 9088K(9088K)->0K(9088K) From: 99K(1088K)->80K(1088K)
[2025-04-16T15:11:54.047+0000][2008.056s][info][gc,heap        ] GC(1270) Tenured: 14895K(22484K)->14898K(22484K)
[2025-04-16T15:11:54.047+0000][2008.056s][info][gc,metaspace   ] GC(1270) Metaspace: 37407K(37760K)->37407K(37760K) NonClass: 32980K(33152K)->32980K(33152K) Class: 4426K(4608K)->4426K(4608K)
[2025-04-16T15:11:54.047+0000][2008.056s][info][gc             ] GC(1270) Pause Young (Allocation Failure) 23M->14M(31M) 1.224ms
[2025-04-16T15:11:54.047+0000][2008.056s][info][gc,cpu         ] GC(1270) User=0.00s Sys=0.00s Real=0.00s
[2025-04-16T15:11:55.877+0000][2009.886s][info][gc,start       ] GC(1271) Pause Young (Allocation Failure)
[2025-04-16T15:11:55.878+0000][2009.887s][info][gc,heap        ] GC(1271) DefNew: 9168K(10176K)->100K(10176K) Eden: 9088K(9088K)->0K(9088K) From: 80K(1088K)->100K(1088K)
[2025-04-16T15:11:55.878+0000][2009.887s][info][gc,heap        ] GC(1271) Tenured: 14898K(22484K)->14898K(22484K)
[2025-04-16T15:11:55.878+0000][2009.887s][info][gc,metaspace   ] GC(1271) Metaspace: 37407K(37760K)->37407K(37760K) NonClass: 32980K(33152K)->32980K(33152K) Class: 4426K(4608K)->4426K(4608K)
[2025-04-16T15:11:55.878+0000][2009.887s][info][gc             ] GC(1271) Pause Young (Allocation Failure) 23M->14M(31M) 1.208ms
[2025-04-16T15:11:55.878+0000][2009.887s][info][gc,cpu         ] GC(1271) User=0.00s Sys=0.00s Real=0.00s
[2025-04-16T15:11:57.520+0000][2011.529s][info][gc,start       ] GC(1272) Pause Young (Allocation Failure)
[2025-04-16T15:11:57.522+0000][2011.531s][info][gc,heap        ] GC(1272) DefNew: 9188K(10176K)->90K(10176K) Eden: 9088K(9088K)->0K(9088K) From: 100K(1088K)->90K(1088K)
[2025-04-16T15:11:57.522+0000][2011.531s][info][gc,heap        ] GC(1272) Tenured: 14898K(22484K)->14899K(22484K)
[2025-04-16T15:11:57.522+0000][2011.531s][info][gc,metaspace   ] GC(1272) Metaspace: 37407K(37760K)->37407K(37760K) NonClass: 32980K(33152K)->32980K(33152K) Class: 4426K(4608K)->4426K(4608K)
[2025-04-16T15:11:57.522+0000][2011.531s][info][gc             ] GC(1272) Pause Young (Allocation Failure) 23M->14M(31M) 1.323ms
[2025-04-16T15:11:57.522+0000][2011.531s][info][gc,cpu         ] GC(1272) User=0.01s Sys=0.00s Real=0.00s
[2025-04-16T15:11:59.002+0000][2013.011s][info][gc,start       ] GC(1273) Pause Young (Allocation Failure)
[2025-04-16T15:11:59.003+0000][2013.012s][info][gc,heap        ] GC(1273) DefNew: 9178K(10176K)->71K(10176K) Eden: 9087K(9088K)->0K(9088K) From: 90K(1088K)->71K(1088K)
[2025-04-16T15:11:59.003+0000][2013.012s][info][gc,heap        ] GC(1273) Tenured: 14899K(22484K)->14900K(22484K)
[2025-04-16T15:11:59.003+0000][2013.012s][info][gc,metaspace   ] GC(1273) Metaspace: 37407K(37760K)->37407K(37760K) NonClass: 32980K(33152K)->32980K(33152K) Class: 4426K(4608K)->4426K(4608K)
[2025-04-16T15:11:59.003+0000][2013.012s][info][gc             ] GC(1273) Pause Young (Allocation Failure) 23M->14M(31M) 1.261ms
[2025-04-16T15:11:59.003+0000][2013.012s][info][gc,cpu         ] GC(1273) User=0.00s Sys=0.00s Real=0.00s
[2025-04-16T15:12:00.636+0000][2014.645s][info][gc,start       ] GC(1274) Pause Young (Allocation Failure)
[2025-04-16T15:12:00.637+0000][2014.646s][info][gc,heap        ] GC(1274) DefNew: 9159K(10176K)->81K(10176K) Eden: 9087K(9088K)->0K(9088K) From: 71K(1088K)->81K(1088K)
[2025-04-16T15:12:00.637+0000][2014.646s][info][gc,heap        ] GC(1274) Tenured: 14900K(22484K)->14903K(22484K)
[2025-04-16T15:12:00.637+0000][2014.646s][info][gc,metaspace   ] GC(1274) Metaspace: 37407K(37760K)->37407K(37760K) NonClass: 32980K(33152K)->32980K(33152K) Class: 4426K(4608K)->4426K(4608K)
[2025-04-16T15:12:00.637+0000][2014.646s][info][gc             ] GC(1274) Pause Young (Allocation Failure) 23M->14M(31M) 1.319ms
[2025-04-16T15:12:00.637+0000][2014.646s][info][gc,cpu         ] GC(1274) User=0.00s Sys=0.00s Real=0.00s
[2025-04-16T15:12:02.374+0000][2016.383s][info][gc,start       ] GC(1275) Pause Young (Allocation Failure)
[2025-04-16T15:12:02.375+0000][2016.384s][info][gc,heap        ] GC(1275) DefNew: 9169K(10176K)->86K(10176K) Eden: 9088K(9088K)->0K(9088K) From: 81K(1088K)->86K(1088K)
[2025-04-16T15:12:02.375+0000][2016.384s][info][gc,heap        ] GC(1275) Tenured: 14903K(22484K)->14903K(22484K)
[2025-04-16T15:12:02.375+0000][2016.384s][info][gc,metaspace   ] GC(1275) Metaspace: 37407K(37760K)->37407K(37760K) NonClass: 32980K(33152K)->32980K(33152K) Class: 4426K(4608K)->4426K(4608K)
[2025-04-16T15:12:02.375+0000][2016.384s][info][gc             ] GC(1275) Pause Young (Allocation Failure) 23M->14M(31M) 1.274ms
[2025-04-16T15:12:02.375+0000][2016.384s][info][gc,cpu         ] GC(1275) User=0.00s Sys=0.00s Real=0.01s
[2025-04-16T15:12:03.900+0000][2017.909s][info][gc,start       ] GC(1276) Pause Young (Allocation Failure)
[2025-04-16T15:12:03.901+0000][2017.910s][info][gc,heap        ] GC(1276) DefNew: 9174K(10176K)->97K(10176K) Eden: 9088K(9088K)->0K(9088K) From: 86K(1088K)->97K(1088K)
[2025-04-16T15:12:03.901+0000][2017.910s][info][gc,heap        ] GC(1276) Tenured: 14903K(22484K)->14904K(22484K)
[2025-04-16T15:12:03.901+0000][2017.910s][info][gc,metaspace   ] GC(1276) Metaspace: 37407K(37760K)->37407K(37760K) NonClass: 32980K(33152K)->32980K(33152K) Class: 4426K(4608K)->4426K(4608K)
[2025-04-16T15:12:03.901+0000][2017.910s][info][gc             ] GC(1276) Pause Young (Allocation Failure) 23M->14M(31M) 1.316ms
[2025-04-16T15:12:03.901+0000][2017.910s][info][gc,cpu         ] GC(1276) User=0.01s Sys=0.00s Real=0.00s
[2025-04-16T15:12:05.684+0000][2019.693s][info][gc,start       ] GC(1277) Pause Young (Allocation Failure)
[2025-04-16T15:12:05.685+0000][2019.694s][info][gc,heap        ] GC(1277) DefNew: 9185K(10176K)->88K(10176K) Eden: 9088K(9088K)->0K(9088K) From: 97K(1088K)->88K(1088K)
[2025-04-16T15:12:05.685+0000][2019.694s][info][gc,heap        ] GC(1277) Tenured: 14904K(22484K)->14904K(22484K)
[2025-04-16T15:12:05.685+0000][2019.694s][info][gc,metaspace   ] GC(1277) Metaspace: 37407K(37760K)->37407K(37760K) NonClass: 32980K(33152K)->32980K(33152K) Class: 4426K(4608K)->4426K(4608K)
[2025-04-16T15:12:05.685+0000][2019.694s][info][gc             ] GC(1277) Pause Young (Allocation Failure) 23M->14M(31M) 1.160ms
[2025-04-16T15:12:05.685+0000][2019.694s][info][gc,cpu         ] GC(1277) User=0.00s Sys=0.00s Real=0.01s
[2025-04-16T15:12:07.094+0000][2021.103s][info][gc,start       ] GC(1278) Pause Young (Allocation Failure)
[2025-04-16T15:12:07.095+0000][2021.104s][info][gc,heap        ] GC(1278) DefNew: 9170K(10176K)->85K(10176K) Eden: 9081K(9088K)->0K(9088K) From: 88K(1088K)->85K(1088K)
[2025-04-16T15:12:07.095+0000][2021.104s][info][gc,heap        ] GC(1278) Tenured: 14904K(22484K)->14904K(22484K)
[2025-04-16T15:12:07.095+0000][2021.104s][info][gc,metaspace   ] GC(1278) Metaspace: 37407K(37760K)->37407K(37760K) NonClass: 32980K(33152K)->32980K(33152K) Class: 4426K(4608K)->4426K(4608K)
[2025-04-16T15:12:07.095+0000][2021.104s][info][gc             ] GC(1278) Pause Young (Allocation Failure) 23M->14M(31M) 1.358ms
[2025-04-16T15:12:07.095+0000][2021.104s][info][gc,cpu         ] GC(1278) User=0.00s Sys=0.00s Real=0.00s
[2025-04-16T15:12:08.682+0000][2022.691s][info][gc,start       ] GC(1279) Pause Young (Allocation Failure)
[2025-04-16T15:12:08.683+0000][2022.692s][info][gc,heap        ] GC(1279) DefNew: 9173K(10176K)->80K(10176K) Eden: 9088K(9088K)->0K(9088K) From: 85K(1088K)->80K(1088K)
[2025-04-16T15:12:08.683+0000][2022.692s][info][gc,heap        ] GC(1279) Tenured: 14904K(22484K)->14908K(22484K)
[2025-04-16T15:12:08.683+0000][2022.692s][info][gc,metaspace   ] GC(1279) Metaspace: 37407K(37760K)->37407K(37760K) NonClass: 32980K(33152K)->32980K(33152K) Class: 4426K(4608K)->4426K(4608K)
[2025-04-16T15:12:08.683+0000][2022.692s][info][gc             ] GC(1279) Pause Young (Allocation Failure) 23M->14M(31M) 1.345ms
[2025-04-16T15:12:08.683+0000][2022.692s][info][gc,cpu         ] GC(1279) User=0.00s Sys=0.00s Real=0.00s
[2025-04-16T15:12:10.390+0000][2024.399s][info][gc,start       ] GC(1280) Pause Young (Allocation Failure)
[2025-04-16T15:12:10.391+0000][2024.400s][info][gc,heap        ] GC(1280) DefNew: 9168K(10176K)->101K(10176K) Eden: 9087K(9088K)->0K(9088K) From: 80K(1088K)->101K(1088K)
[2025-04-16T15:12:10.391+0000][2024.400s][info][gc,heap        ] GC(1280) Tenured: 14908K(22484K)->14908K(22484K)
[2025-04-16T15:12:10.391+0000][2024.400s][info][gc,metaspace   ] GC(1280) Metaspace: 37407K(37760K)->37407K(37760K) NonClass: 32980K(33152K)->32980K(33152K) Class: 4426K(4608K)->4426K(4608K)
[2025-04-16T15:12:10.391+0000][2024.400s][info][gc             ] GC(1280) Pause Young (Allocation Failure) 23M->14M(31M) 1.313ms
[2025-04-16T15:12:10.391+0000][2024.400s][info][gc,cpu         ] GC(1280) User=0.00s Sys=0.00s Real=0.00s
[2025-04-16T15:12:12.007+0000][2026.016s][info][gc,start       ] GC(1281) Pause Young (Allocation Failure)
[2025-04-16T15:12:12.008+0000][2026.017s][info][gc,heap        ] GC(1281) DefNew: 9189K(10176K)->96K(10176K) Eden: 9088K(9088K)->0K(9088K) From: 101K(1088K)->96K(1088K)
[2025-04-16T15:12:12.008+0000][2026.017s][info][gc,heap        ] GC(1281) Tenured: 14908K(22484K)->14908K(22484K)
[2025-04-16T15:12:12.008+0000][2026.017s][info][gc,metaspace   ] GC(1281) Metaspace: 37407K(37760K)->37407K(37760K) NonClass: 32980K(33152K)->32980K(33152K) Class: 4426K(4608K)->4426K(4608K)
[2025-04-16T15:12:12.008+0000][2026.017s][info][gc             ] GC(1281) Pause Young (Allocation Failure) 23M->14M(31M) 1.243ms
[2025-04-16T15:12:12.008+0000][2026.017s][info][gc,cpu         ] GC(1281) User=0.00s Sys=0.00s Real=0.00s
[2025-04-16T15:12:13.298+0000][2027.307s][info][gc,start       ] GC(1282) Pause Young (Allocation Failure)
[2025-04-16T15:12:13.299+0000][2027.308s][info][gc,heap        ] GC(1282) DefNew: 9184K(10176K)->75K(10176K) Eden: 9088K(9088K)->0K(9088K) From: 96K(1088K)->75K(1088K)
[2025-04-16T15:12:13.299+0000][2027.308s][info][gc,heap        ] GC(1282) Tenured: 14908K(22484K)->14910K(22484K)
[2025-04-16T15:12:13.299+0000][2027.308s][info][gc,metaspace   ] GC(1282) Metaspace: 37407K(37760K)->37407K(37760K) NonClass: 32980K(33152K)->32980K(33152K) Class: 4426K(4608K)->4426K(4608K)
[2025-04-16T15:12:13.299+0000][2027.308s][info][gc             ] GC(1282) Pause Young (Allocation Failure) 23M->14M(31M) 1.361ms
[2025-04-16T15:12:13.299+0000][2027.308s][info][gc,cpu         ] GC(1282) User=0.01s Sys=0.00s Real=0.00s
[2025-04-16T15:12:14.942+0000][2028.951s][info][gc,start       ] GC(1283) Pause Young (Allocation Failure)
[2025-04-16T15:12:14.943+0000][2028.952s][info][gc,heap        ] GC(1283) DefNew: 9163K(10176K)->80K(10176K) Eden: 9088K(9088K)->0K(9088K) From: 75K(1088K)->80K(1088K)
[2025-04-16T15:12:14.943+0000][2028.952s][info][gc,heap        ] GC(1283) Tenured: 14910K(22484K)->14910K(22484K)
[2025-04-16T15:12:14.943+0000][2028.952s][info][gc,metaspace   ] GC(1283) Metaspace: 37407K(37760K)->37407K(37760K) NonClass: 32980K(33152K)->32980K(33152K) Class: 4426K(4608K)->4426K(4608K)
[2025-04-16T15:12:14.943+0000][2028.952s][info][gc             ] GC(1283) Pause Young (Allocation Failure) 23M->14M(31M) 1.182ms
[2025-04-16T15:12:14.943+0000][2028.952s][info][gc,cpu         ] GC(1283) User=0.00s Sys=0.00s Real=0.00s
[2025-04-16T15:12:16.369+0000][2030.378s][info][gc,start       ] GC(1284) Pause Young (Allocation Failure)
[2025-04-16T15:12:16.371+0000][2030.380s][info][gc,heap        ] GC(1284) DefNew: 9168K(10176K)->78K(10176K) Eden: 9088K(9088K)->0K(9088K) From: 80K(1088K)->78K(1088K)
[2025-04-16T15:12:16.371+0000][2030.380s][info][gc,heap        ] GC(1284) Tenured: 14910K(22484K)->14910K(22484K)
[2025-04-16T15:12:16.371+0000][2030.380s][info][gc,metaspace   ] GC(1284) Metaspace: 37407K(37760K)->37407K(37760K) NonClass: 32980K(33152K)->32980K(33152K) Class: 4426K(4608K)->4426K(4608K)
[2025-04-16T15:12:16.371+0000][2030.380s][info][gc             ] GC(1284) Pause Young (Allocation Failure) 23M->14M(31M) 1.258ms
[2025-04-16T15:12:16.371+0000][2030.380s][info][gc,cpu         ] GC(1284) User=0.00s Sys=0.00s Real=0.00s
[2025-04-16T15:12:18.114+0000][2032.123s][info][gc,start       ] GC(1285) Pause Young (Allocation Failure)
[2025-04-16T15:12:18.116+0000][2032.125s][info][gc,heap        ] GC(1285) DefNew: 9166K(10176K)->98K(10176K) Eden: 9088K(9088K)->0K(9088K) From: 78K(1088K)->98K(1088K)
[2025-04-16T15:12:18.116+0000][2032.125s][info][gc,heap        ] GC(1285) Tenured: 14910K(22484K)->14910K(22484K)
[2025-04-16T15:12:18.116+0000][2032.125s][info][gc,metaspace   ] GC(1285) Metaspace: 37407K(37760K)->37407K(37760K) NonClass: 32980K(33152K)->32980K(33152K) Class: 4426K(4608K)->4426K(4608K)
[2025-04-16T15:12:18.116+0000][2032.125s][info][gc             ] GC(1285) Pause Young (Allocation Failure) 23M->14M(31M) 1.354ms
[2025-04-16T15:12:18.116+0000][2032.125s][info][gc,cpu         ] GC(1285) User=0.00s Sys=0.00s Real=0.00s
[2025-04-16T15:12:19.651+0000][2033.660s][info][gc,start       ] GC(1286) Pause Young (Allocation Failure)
[2025-04-16T15:12:19.652+0000][2033.661s][info][gc,heap        ] GC(1286) DefNew: 9184K(10176K)->91K(10176K) Eden: 9086K(9088K)->0K(9088K) From: 98K(1088K)->91K(1088K)
[2025-04-16T15:12:19.652+0000][2033.661s][info][gc,heap        ] GC(1286) Tenured: 14910K(22484K)->14910K(22484K)
[2025-04-16T15:12:19.652+0000][2033.661s][info][gc,metaspace   ] GC(1286) Metaspace: 37407K(37760K)->37407K(37760K) NonClass: 32980K(33152K)->32980K(33152K) Class: 4426K(4608K)->4426K(4608K)
[2025-04-16T15:12:19.652+0000][2033.661s][info][gc             ] GC(1286) Pause Young (Allocation Failure) 23M->14M(31M) 1.150ms
[2025-04-16T15:12:19.652+0000][2033.661s][info][gc,cpu         ] GC(1286) User=0.00s Sys=0.00s Real=0.00s
[2025-04-16T15:12:21.390+0000][2035.399s][info][gc,start       ] GC(1287) Pause Young (Allocation Failure)
[2025-04-16T15:12:21.392+0000][2035.401s][info][gc,heap        ] GC(1287) DefNew: 9179K(10176K)->72K(10176K) Eden: 9088K(9088K)->0K(9088K) From: 91K(1088K)->72K(1088K)
[2025-04-16T15:12:21.392+0000][2035.401s][info][gc,heap        ] GC(1287) Tenured: 14910K(22484K)->14912K(22484K)
[2025-04-16T15:12:21.392+0000][2035.401s][info][gc,metaspace   ] GC(1287) Metaspace: 37407K(37760K)->37407K(37760K) NonClass: 32980K(33152K)->32980K(33152K) Class: 4426K(4608K)->4426K(4608K)
[2025-04-16T15:12:21.392+0000][2035.401s][info][gc             ] GC(1287) Pause Young (Allocation Failure) 23M->14M(31M) 1.599ms
[2025-04-16T15:12:21.392+0000][2035.401s][info][gc,cpu         ] GC(1287) User=0.00s Sys=0.00s Real=0.00s
[2025-04-16T15:12:22.721+0000][2036.730s][info][gc,start       ] GC(1288) Pause Young (Allocation Failure)
[2025-04-16T15:12:22.722+0000][2036.731s][info][gc,heap        ] GC(1288) DefNew: 9160K(10176K)->87K(10176K) Eden: 9088K(9088K)->0K(9088K) From: 72K(1088K)->87K(1088K)
[2025-04-16T15:12:22.722+0000][2036.731s][info][gc,heap        ] GC(1288) Tenured: 14912K(22484K)->14912K(22484K)
[2025-04-16T15:12:22.722+0000][2036.731s][info][gc,metaspace   ] GC(1288) Metaspace: 37407K(37760K)->37407K(37760K) NonClass: 32980K(33152K)->32980K(33152K) Class: 4426K(4608K)->4426K(4608K)
[2025-04-16T15:12:22.722+0000][2036.731s][info][gc             ] GC(1288) Pause Young (Allocation Failure) 23M->14M(31M) 1.277ms
[2025-04-16T15:12:22.722+0000][2036.731s][info][gc,cpu         ] GC(1288) User=0.00s Sys=0.00s Real=0.00s
[2025-04-16T15:12:24.544+0000][2038.553s][info][gc,start       ] GC(1289) Pause Young (Allocation Failure)
[2025-04-16T15:12:24.545+0000][2038.554s][info][gc,heap        ] GC(1289) DefNew: 9175K(10176K)->97K(10176K) Eden: 9088K(9088K)->0K(9088K) From: 87K(1088K)->97K(1088K)
[2025-04-16T15:12:24.545+0000][2038.554s][info][gc,heap        ] GC(1289) Tenured: 14912K(22484K)->14912K(22484K)
[2025-04-16T15:12:24.545+0000][2038.554s][info][gc,metaspace   ] GC(1289) Metaspace: 37407K(37760K)->37407K(37760K) NonClass: 32980K(33152K)->32980K(33152K) Class: 4426K(4608K)->4426K(4608K)
[2025-04-16T15:12:24.545+0000][2038.554s][info][gc             ] GC(1289) Pause Young (Allocation Failure) 23M->14M(31M) 1.439ms
[2025-04-16T15:12:24.545+0000][2038.554s][info][gc,cpu         ] GC(1289) User=0.01s Sys=0.00s Real=0.01s
[2025-04-16T15:12:26.322+0000][2040.331s][info][gc,start       ] GC(1290) Pause Young (Allocation Failure)
[2025-04-16T15:12:26.323+0000][2040.332s][info][gc,heap        ] GC(1290) DefNew: 9185K(10176K)->100K(10176K) Eden: 9088K(9088K)->0K(9088K) From: 97K(1088K)->100K(1088K)
[2025-04-16T15:12:26.323+0000][2040.332s][info][gc,heap        ] GC(1290) Tenured: 14912K(22484K)->14913K(22484K)
[2025-04-16T15:12:26.323+0000][2040.332s][info][gc,metaspace   ] GC(1290) Metaspace: 37407K(37760K)->37407K(37760K) NonClass: 32980K(33152K)->32980K(33152K) Class: 4426K(4608K)->4426K(4608K)
[2025-04-16T15:12:26.323+0000][2040.332s][info][gc             ] GC(1290) Pause Young (Allocation Failure) 23M->14M(31M) 1.320ms
[2025-04-16T15:12:26.323+0000][2040.332s][info][gc,cpu         ] GC(1290) User=0.00s Sys=0.00s Real=0.00s
[2025-04-16T15:12:27.697+0000][2041.706s][info][gc,start       ] GC(1291) Pause Young (Allocation Failure)
[2025-04-16T15:12:27.698+0000][2041.707s][info][gc,heap        ] GC(1291) DefNew: 9188K(10176K)->88K(10176K) Eden: 9088K(9088K)->0K(9088K) From: 100K(1088K)->88K(1088K)
[2025-04-16T15:12:27.698+0000][2041.707s][info][gc,heap        ] GC(1291) Tenured: 14913K(22484K)->14913K(22484K)
[2025-04-16T15:12:27.698+0000][2041.707s][info][gc,metaspace   ] GC(1291) Metaspace: 37407K(37760K)->37407K(37760K) NonClass: 32980K(33152K)->32980K(33152K) Class: 4426K(4608K)->4426K(4608K)
[2025-04-16T15:12:27.698+0000][2041.707s][info][gc             ] GC(1291) Pause Young (Allocation Failure) 23M->14M(31M) 1.271ms
[2025-04-16T15:12:27.698+0000][2041.707s][info][gc,cpu         ] GC(1291) User=0.01s Sys=0.00s Real=0.00s
[2025-04-16T15:12:29.290+0000][2043.299s][info][gc,start       ] GC(1292) Pause Young (Allocation Failure)
[2025-04-16T15:12:29.292+0000][2043.301s][info][gc,heap        ] GC(1292) DefNew: 9176K(10176K)->109K(10176K) Eden: 9088K(9088K)->0K(9088K) From: 88K(1088K)->109K(1088K)
[2025-04-16T15:12:29.292+0000][2043.301s][info][gc,heap        ] GC(1292) Tenured: 14913K(22484K)->14913K(22484K)
[2025-04-16T15:12:29.292+0000][2043.301s][info][gc,metaspace   ] GC(1292) Metaspace: 37407K(37760K)->37407K(37760K) NonClass: 32980K(33152K)->32980K(33152K) Class: 4426K(4608K)->4426K(4608K)
[2025-04-16T15:12:29.292+0000][2043.301s][info][gc             ] GC(1292) Pause Young (Allocation Failure) 23M->14M(31M) 1.518ms
[2025-04-16T15:12:29.292+0000][2043.301s][info][gc,cpu         ] GC(1292) User=0.00s Sys=0.00s Real=0.00s
[2025-04-16T15:12:30.832+0000][2044.841s][info][gc,start       ] GC(1293) Pause Young (Allocation Failure)
[2025-04-16T15:12:30.833+0000][2044.842s][info][gc,heap        ] GC(1293) DefNew: 9197K(10176K)->87K(10176K) Eden: 9088K(9088K)->0K(9088K) From: 109K(1088K)->87K(1088K)
[2025-04-16T15:12:30.833+0000][2044.842s][info][gc,heap        ] GC(1293) Tenured: 14913K(22484K)->14914K(22484K)
[2025-04-16T15:12:30.833+0000][2044.842s][info][gc,metaspace   ] GC(1293) Metaspace: 37407K(37760K)->37407K(37760K) NonClass: 32980K(33152K)->32980K(33152K) Class: 4426K(4608K)->4426K(4608K)
[2025-04-16T15:12:30.833+0000][2044.842s][info][gc             ] GC(1293) Pause Young (Allocation Failure) 23M->14M(31M) 1.272ms
[2025-04-16T15:12:30.833+0000][2044.842s][info][gc,cpu         ] GC(1293) User=0.00s Sys=0.00s Real=0.00s
[2025-04-16T15:12:32.564+0000][2046.573s][info][gc,start       ] GC(1294) Pause Young (Allocation Failure)
[2025-04-16T15:12:32.565+0000][2046.574s][info][gc,heap        ] GC(1294) DefNew: 9175K(10176K)->87K(10176K) Eden: 9088K(9088K)->0K(9088K) From: 87K(1088K)->87K(1088K)
[2025-04-16T15:12:32.565+0000][2046.574s][info][gc,heap        ] GC(1294) Tenured: 14914K(22484K)->14915K(22484K)
[2025-04-16T15:12:32.565+0000][2046.574s][info][gc,metaspace   ] GC(1294) Metaspace: 37407K(37760K)->37407K(37760K) NonClass: 32980K(33152K)->32980K(33152K) Class: 4426K(4608K)->4426K(4608K)
[2025-04-16T15:12:32.565+0000][2046.574s][info][gc             ] GC(1294) Pause Young (Allocation Failure) 23M->14M(31M) 1.444ms
[2025-04-16T15:12:32.565+0000][2046.574s][info][gc,cpu         ] GC(1294) User=0.00s Sys=0.00s Real=0.01s
[2025-04-16T15:12:34.231+0000][2048.240s][info][gc,start       ] GC(1295) Pause Young (Allocation Failure)
[2025-04-16T15:12:34.232+0000][2048.241s][info][gc,heap        ] GC(1295) DefNew: 9175K(10176K)->102K(10176K) Eden: 9088K(9088K)->0K(9088K) From: 87K(1088K)->102K(1088K)
[2025-04-16T15:12:34.232+0000][2048.241s][info][gc,heap        ] GC(1295) Tenured: 14915K(22484K)->14915K(22484K)
[2025-04-16T15:12:34.232+0000][2048.241s][info][gc,metaspace   ] GC(1295) Metaspace: 37407K(37760K)->37407K(37760K) NonClass: 32980K(33152K)->32980K(33152K) Class: 4426K(4608K)->4426K(4608K)
[2025-04-16T15:12:34.232+0000][2048.241s][info][gc             ] GC(1295) Pause Young (Allocation Failure) 23M->14M(31M) 1.314ms
[2025-04-16T15:12:34.232+0000][2048.241s][info][gc,cpu         ] GC(1295) User=0.01s Sys=0.00s Real=0.00s
[2025-04-16T15:12:35.853+0000][2049.862s][info][gc,start       ] GC(1296) Pause Young (Allocation Failure)
[2025-04-16T15:12:35.856+0000][2049.865s][info][gc,heap        ] GC(1296) DefNew: 9190K(10176K)->123K(10176K) Eden: 9088K(9088K)->0K(9088K) From: 102K(1088K)->123K(1088K)
[2025-04-16T15:12:35.856+0000][2049.865s][info][gc,heap        ] GC(1296) Tenured: 14915K(22484K)->14915K(22484K)
[2025-04-16T15:12:35.856+0000][2049.865s][info][gc,metaspace   ] GC(1296) Metaspace: 37407K(37760K)->37407K(37760K) NonClass: 32980K(33152K)->32980K(33152K) Class: 4426K(4608K)->4426K(4608K)
[2025-04-16T15:12:35.856+0000][2049.865s][info][gc             ] GC(1296) Pause Young (Allocation Failure) 23M->14M(31M) 2.810ms
[2025-04-16T15:12:35.856+0000][2049.865s][info][gc,cpu         ] GC(1296) User=0.01s Sys=0.00s Real=0.01s
[2025-04-16T15:12:37.524+0000][2051.533s][info][gc,start       ] GC(1297) Pause Young (Allocation Failure)
[2025-04-16T15:12:37.526+0000][2051.535s][info][gc,heap        ] GC(1297) DefNew: 9211K(10176K)->103K(10176K) Eden: 9088K(9088K)->0K(9088K) From: 123K(1088K)->103K(1088K)
[2025-04-16T15:12:37.526+0000][2051.535s][info][gc,heap        ] GC(1297) Tenured: 14915K(22484K)->14915K(22484K)
[2025-04-16T15:12:37.526+0000][2051.535s][info][gc,metaspace   ] GC(1297) Metaspace: 37407K(37760K)->37407K(37760K) NonClass: 32980K(33152K)->32980K(33152K) Class: 4426K(4608K)->4426K(4608K)
[2025-04-16T15:12:37.526+0000][2051.535s][info][gc             ] GC(1297) Pause Young (Allocation Failure) 23M->14M(31M) 1.358ms
[2025-04-16T15:12:37.526+0000][2051.535s][info][gc,cpu         ] GC(1297) User=0.00s Sys=0.00s Real=0.00s
[2025-04-16T15:12:39.058+0000][2053.067s][info][gc,start       ] GC(1298) Pause Young (Allocation Failure)
[2025-04-16T15:12:39.059+0000][2053.068s][info][gc,heap        ] GC(1298) DefNew: 9191K(10176K)->92K(10176K) Eden: 9088K(9088K)->0K(9088K) From: 103K(1088K)->92K(1088K)
[2025-04-16T15:12:39.059+0000][2053.068s][info][gc,heap        ] GC(1298) Tenured: 14915K(22484K)->14918K(22484K)
[2025-04-16T15:12:39.059+0000][2053.068s][info][gc,metaspace   ] GC(1298) Metaspace: 37407K(37760K)->37407K(37760K) NonClass: 32980K(33152K)->32980K(33152K) Class: 4426K(4608K)->4426K(4608K)
[2025-04-16T15:12:39.060+0000][2053.069s][info][gc             ] GC(1298) Pause Young (Allocation Failure) 23M->14M(31M) 1.251ms
[2025-04-16T15:12:39.060+0000][2053.069s][info][gc,cpu         ] GC(1298) User=0.00s Sys=0.01s Real=0.00s
[2025-04-16T15:12:40.622+0000][2054.631s][info][gc,start       ] GC(1299) Pause Young (Allocation Failure)
[2025-04-16T15:12:40.623+0000][2054.633s][info][gc,heap        ] GC(1299) DefNew: 9180K(10176K)->94K(10176K) Eden: 9088K(9088K)->0K(9088K) From: 92K(1088K)->94K(1088K)
[2025-04-16T15:12:40.624+0000][2054.633s][info][gc,heap        ] GC(1299) Tenured: 14918K(22484K)->14918K(22484K)
[2025-04-16T15:12:40.624+0000][2054.633s][info][gc,metaspace   ] GC(1299) Metaspace: 37407K(37760K)->37407K(37760K) NonClass: 32980K(33152K)->32980K(33152K) Class: 4426K(4608K)->4426K(4608K)
[2025-04-16T15:12:40.624+0000][2054.633s][info][gc             ] GC(1299) Pause Young (Allocation Failure) 23M->14M(31M) 1.358ms
[2025-04-16T15:12:40.624+0000][2054.633s][info][gc,cpu         ] GC(1299) User=0.00s Sys=0.00s Real=0.00s
[2025-04-16T15:12:42.060+0000][2056.069s][info][gc,start       ] GC(1300) Pause Young (Allocation Failure)
[2025-04-16T15:12:42.061+0000][2056.070s][info][gc,heap        ] GC(1300) DefNew: 9182K(10176K)->84K(10176K) Eden: 9088K(9088K)->0K(9088K) From: 94K(1088K)->84K(1088K)
[2025-04-16T15:12:42.061+0000][2056.070s][info][gc,heap        ] GC(1300) Tenured: 14918K(22484K)->14920K(22484K)
[2025-04-16T15:12:42.061+0000][2056.071s][info][gc,metaspace   ] GC(1300) Metaspace: 37407K(37760K)->37407K(37760K) NonClass: 32980K(33152K)->32980K(33152K) Class: 4426K(4608K)->4426K(4608K)
[2025-04-16T15:12:42.062+0000][2056.071s][info][gc             ] GC(1300) Pause Young (Allocation Failure) 23M->14M(31M) 1.357ms
[2025-04-16T15:12:42.062+0000][2056.071s][info][gc,cpu         ] GC(1300) User=0.01s Sys=0.00s Real=0.00s
[2025-04-16T15:12:43.684+0000][2057.693s][info][gc,start       ] GC(1301) Pause Young (Allocation Failure)
[2025-04-16T15:12:43.685+0000][2057.694s][info][gc,heap        ] GC(1301) DefNew: 9172K(10176K)->102K(10176K) Eden: 9088K(9088K)->0K(9088K) From: 84K(1088K)->102K(1088K)
[2025-04-16T15:12:43.685+0000][2057.694s][info][gc,heap        ] GC(1301) Tenured: 14920K(22484K)->14921K(22484K)
[2025-04-16T15:12:43.685+0000][2057.694s][info][gc,metaspace   ] GC(1301) Metaspace: 37407K(37760K)->37407K(37760K) NonClass: 32980K(33152K)->32980K(33152K) Class: 4426K(4608K)->4426K(4608K)
[2025-04-16T15:12:43.685+0000][2057.694s][info][gc             ] GC(1301) Pause Young (Allocation Failure) 23M->14M(31M) 1.349ms
[2025-04-16T15:12:43.685+0000][2057.694s][info][gc,cpu         ] GC(1301) User=0.00s Sys=0.01s Real=0.01s
[2025-04-16T15:12:45.261+0000][2059.270s][info][gc,start       ] GC(1302) Pause Young (Allocation Failure)
[2025-04-16T15:12:45.263+0000][2059.272s][info][gc,heap        ] GC(1302) DefNew: 9190K(10176K)->83K(10176K) Eden: 9087K(9088K)->0K(9088K) From: 102K(1088K)->83K(1088K)
[2025-04-16T15:12:45.263+0000][2059.272s][info][gc,heap        ] GC(1302) Tenured: 14921K(22484K)->14923K(22484K)
[2025-04-16T15:12:45.263+0000][2059.272s][info][gc,metaspace   ] GC(1302) Metaspace: 37407K(37760K)->37407K(37760K) NonClass: 32980K(33152K)->32980K(33152K) Class: 4426K(4608K)->4426K(4608K)
[2025-04-16T15:12:45.263+0000][2059.272s][info][gc             ] GC(1302) Pause Young (Allocation Failure) 23M->14M(31M) 1.215ms
[2025-04-16T15:12:45.263+0000][2059.272s][info][gc,cpu         ] GC(1302) User=0.00s Sys=0.00s Real=0.00s
[2025-04-16T15:12:46.888+0000][2060.897s][info][gc,start       ] GC(1303) Pause Young (Allocation Failure)
[2025-04-16T15:12:46.890+0000][2060.899s][info][gc,heap        ] GC(1303) DefNew: 9166K(10176K)->86K(10176K) Eden: 9083K(9088K)->0K(9088K) From: 83K(1088K)->86K(1088K)
[2025-04-16T15:12:46.890+0000][2060.899s][info][gc,heap        ] GC(1303) Tenured: 14923K(22484K)->14924K(22484K)
[2025-04-16T15:12:46.890+0000][2060.899s][info][gc,metaspace   ] GC(1303) Metaspace: 37407K(37760K)->37407K(37760K) NonClass: 32980K(33152K)->32980K(33152K) Class: 4426K(4608K)->4426K(4608K)
[2025-04-16T15:12:46.890+0000][2060.899s][info][gc             ] GC(1303) Pause Young (Allocation Failure) 23M->14M(31M) 1.337ms
[2025-04-16T15:12:46.890+0000][2060.899s][info][gc,cpu         ] GC(1303) User=0.00s Sys=0.00s Real=0.00s
[2025-04-16T15:12:48.322+0000][2062.331s][info][gc,start       ] GC(1304) Pause Young (Allocation Failure)
[2025-04-16T15:12:48.323+0000][2062.332s][info][gc,heap        ] GC(1304) DefNew: 9174K(10176K)->82K(10176K) Eden: 9088K(9088K)->0K(9088K) From: 86K(1088K)->82K(1088K)
[2025-04-16T15:12:48.323+0000][2062.332s][info][gc,heap        ] GC(1304) Tenured: 14924K(22484K)->14925K(22484K)
[2025-04-16T15:12:48.323+0000][2062.332s][info][gc,metaspace   ] GC(1304) Metaspace: 37407K(37760K)->37407K(37760K) NonClass: 32980K(33152K)->32980K(33152K) Class: 4426K(4608K)->4426K(4608K)
[2025-04-16T15:12:48.323+0000][2062.332s][info][gc             ] GC(1304) Pause Young (Allocation Failure) 23M->14M(31M) 1.365ms
[2025-04-16T15:12:48.323+0000][2062.332s][info][gc,cpu         ] GC(1304) User=0.00s Sys=0.00s Real=0.00s
[2025-04-16T15:12:50.008+0000][2064.017s][info][gc,start       ] GC(1305) Pause Young (Allocation Failure)
[2025-04-16T15:12:50.009+0000][2064.018s][info][gc,heap        ] GC(1305) DefNew: 9170K(10176K)->78K(10176K) Eden: 9088K(9088K)->0K(9088K) From: 82K(1088K)->78K(1088K)
[2025-04-16T15:12:50.009+0000][2064.018s][info][gc,heap        ] GC(1305) Tenured: 14925K(22484K)->14925K(22484K)
[2025-04-16T15:12:50.009+0000][2064.018s][info][gc,metaspace   ] GC(1305) Metaspace: 37407K(37760K)->37407K(37760K) NonClass: 32980K(33152K)->32980K(33152K) Class: 4426K(4608K)->4426K(4608K)
[2025-04-16T15:12:50.009+0000][2064.018s][info][gc             ] GC(1305) Pause Young (Allocation Failure) 23M->14M(31M) 1.303ms
[2025-04-16T15:12:50.009+0000][2064.018s][info][gc,cpu         ] GC(1305) User=0.00s Sys=0.00s Real=0.00s
[2025-04-16T15:12:51.615+0000][2065.624s][info][gc,start       ] GC(1306) Pause Young (Allocation Failure)
[2025-04-16T15:12:51.617+0000][2065.626s][info][gc,heap        ] GC(1306) DefNew: 9166K(10176K)->95K(10176K) Eden: 9088K(9088K)->0K(9088K) From: 78K(1088K)->95K(1088K)
[2025-04-16T15:12:51.617+0000][2065.626s][info][gc,heap        ] GC(1306) Tenured: 14925K(22484K)->14929K(22484K)
[2025-04-16T15:12:51.617+0000][2065.626s][info][gc,metaspace   ] GC(1306) Metaspace: 37407K(37760K)->37407K(37760K) NonClass: 32980K(33152K)->32980K(33152K) Class: 4426K(4608K)->4426K(4608K)
[2025-04-16T15:12:51.617+0000][2065.626s][info][gc             ] GC(1306) Pause Young (Allocation Failure) 23M->14M(31M) 1.380ms
[2025-04-16T15:12:51.617+0000][2065.626s][info][gc,cpu         ] GC(1306) User=0.00s Sys=0.00s Real=0.00s
[2025-04-16T15:12:53.343+0000][2067.352s][info][gc,start       ] GC(1307) Pause Young (Allocation Failure)
[2025-04-16T15:12:53.345+0000][2067.354s][info][gc,heap        ] GC(1307) DefNew: 9183K(10176K)->88K(10176K) Eden: 9087K(9088K)->0K(9088K) From: 95K(1088K)->88K(1088K)
[2025-04-16T15:12:53.345+0000][2067.354s][info][gc,heap        ] GC(1307) Tenured: 14929K(22484K)->14929K(22484K)
[2025-04-16T15:12:53.345+0000][2067.354s][info][gc,metaspace   ] GC(1307) Metaspace: 37407K(37760K)->37407K(37760K) NonClass: 32980K(33152K)->32980K(33152K) Class: 4426K(4608K)->4426K(4608K)
[2025-04-16T15:12:53.345+0000][2067.354s][info][gc             ] GC(1307) Pause Young (Allocation Failure) 23M->14M(31M) 1.337ms
[2025-04-16T15:12:53.345+0000][2067.354s][info][gc,cpu         ] GC(1307) User=0.00s Sys=0.00s Real=0.01s
[2025-04-16T15:12:54.732+0000][2068.741s][info][gc,start       ] GC(1308) Pause Young (Allocation Failure)
[2025-04-16T15:12:54.734+0000][2068.743s][info][gc,heap        ] GC(1308) DefNew: 9174K(10176K)->82K(10176K) Eden: 9085K(9088K)->0K(9088K) From: 88K(1088K)->82K(1088K)
[2025-04-16T15:12:54.734+0000][2068.743s][info][gc,heap        ] GC(1308) Tenured: 14929K(22484K)->14929K(22484K)
[2025-04-16T15:12:54.734+0000][2068.743s][info][gc,metaspace   ] GC(1308) Metaspace: 37407K(37760K)->37407K(37760K) NonClass: 32980K(33152K)->32980K(33152K) Class: 4426K(4608K)->4426K(4608K)
[2025-04-16T15:12:54.734+0000][2068.743s][info][gc             ] GC(1308) Pause Young (Allocation Failure) 23M->14M(31M) 1.260ms
[2025-04-16T15:12:54.734+0000][2068.743s][info][gc,cpu         ] GC(1308) User=0.00s Sys=0.00s Real=0.00s
[2025-04-16T15:12:56.487+0000][2070.496s][info][gc,start       ] GC(1309) Pause Young (Allocation Failure)
[2025-04-16T15:12:56.488+0000][2070.497s][info][gc,heap        ] GC(1309) DefNew: 9170K(10176K)->79K(10176K) Eden: 9088K(9088K)->0K(9088K) From: 82K(1088K)->79K(1088K)
[2025-04-16T15:12:56.488+0000][2070.497s][info][gc,heap        ] GC(1309) Tenured: 14929K(22484K)->14929K(22484K)
[2025-04-16T15:12:56.488+0000][2070.497s][info][gc,metaspace   ] GC(1309) Metaspace: 37407K(37760K)->37407K(37760K) NonClass: 32980K(33152K)->32980K(33152K) Class: 4426K(4608K)->4426K(4608K)
[2025-04-16T15:12:56.488+0000][2070.497s][info][gc             ] GC(1309) Pause Young (Allocation Failure) 23M->14M(31M) 1.177ms
[2025-04-16T15:12:56.488+0000][2070.497s][info][gc,cpu         ] GC(1309) User=0.00s Sys=0.00s Real=0.00s
[2025-04-16T15:12:57.987+0000][2071.996s][info][gc,start       ] GC(1310) Pause Young (Allocation Failure)
[2025-04-16T15:12:57.988+0000][2071.997s][info][gc,heap        ] GC(1310) DefNew: 9167K(10176K)->81K(10176K) Eden: 9088K(9088K)->0K(9088K) From: 79K(1088K)->81K(1088K)
[2025-04-16T15:12:57.988+0000][2071.998s][info][gc,heap        ] GC(1310) Tenured: 14929K(22484K)->14930K(22484K)
[2025-04-16T15:12:57.989+0000][2071.998s][info][gc,metaspace   ] GC(1310) Metaspace: 37407K(37760K)->37407K(37760K) NonClass: 32980K(33152K)->32980K(33152K) Class: 4426K(4608K)->4426K(4608K)
[2025-04-16T15:12:57.989+0000][2071.998s][info][gc             ] GC(1310) Pause Young (Allocation Failure) 23M->14M(31M) 1.710ms
[2025-04-16T15:12:57.989+0000][2071.998s][info][gc,cpu         ] GC(1310) User=0.00s Sys=0.00s Real=0.00s
[2025-04-16T15:12:59.901+0000][2073.910s][info][gc,start       ] GC(1311) Pause Young (Allocation Failure)
[2025-04-16T15:12:59.903+0000][2073.912s][info][gc,heap        ] GC(1311) DefNew: 9169K(10176K)->94K(10176K) Eden: 9088K(9088K)->0K(9088K) From: 81K(1088K)->94K(1088K)
[2025-04-16T15:12:59.903+0000][2073.912s][info][gc,heap        ] GC(1311) Tenured: 14930K(22484K)->14933K(22484K)
[2025-04-16T15:12:59.903+0000][2073.912s][info][gc,metaspace   ] GC(1311) Metaspace: 37407K(37760K)->37407K(37760K) NonClass: 32980K(33152K)->32980K(33152K) Class: 4426K(4608K)->4426K(4608K)
[2025-04-16T15:12:59.903+0000][2073.912s][info][gc             ] GC(1311) Pause Young (Allocation Failure) 23M->14M(31M) 1.303ms
[2025-04-16T15:12:59.903+0000][2073.912s][info][gc,cpu         ] GC(1311) User=0.00s Sys=0.00s Real=0.00s
[2025-04-16T15:13:01.499+0000][2075.508s][info][gc,start       ] GC(1312) Pause Young (Allocation Failure)
[2025-04-16T15:13:01.501+0000][2075.510s][info][gc,heap        ] GC(1312) DefNew: 9182K(10176K)->82K(10176K) Eden: 9088K(9088K)->0K(9088K) From: 94K(1088K)->82K(1088K)
[2025-04-16T15:13:01.501+0000][2075.510s][info][gc,heap        ] GC(1312) Tenured: 14933K(22484K)->14934K(22484K)
[2025-04-16T15:13:01.501+0000][2075.510s][info][gc,metaspace   ] GC(1312) Metaspace: 37407K(37760K)->37407K(37760K) NonClass: 32980K(33152K)->32980K(33152K) Class: 4426K(4608K)->4426K(4608K)
[2025-04-16T15:13:01.501+0000][2075.510s][info][gc             ] GC(1312) Pause Young (Allocation Failure) 23M->14M(31M) 1.248ms
[2025-04-16T15:13:01.501+0000][2075.510s][info][gc,cpu         ] GC(1312) User=0.00s Sys=0.00s Real=0.00s
[2025-04-16T15:13:03.016+0000][2077.025s][info][gc,start       ] GC(1313) Pause Young (Allocation Failure)
[2025-04-16T15:13:03.017+0000][2077.026s][info][gc,heap        ] GC(1313) DefNew: 9170K(10176K)->103K(10176K) Eden: 9088K(9088K)->0K(9088K) From: 82K(1088K)->103K(1088K)
[2025-04-16T15:13:03.017+0000][2077.026s][info][gc,heap        ] GC(1313) Tenured: 14934K(22484K)->14935K(22484K)
[2025-04-16T15:13:03.017+0000][2077.026s][info][gc,metaspace   ] GC(1313) Metaspace: 37407K(37760K)->37407K(37760K) NonClass: 32980K(33152K)->32980K(33152K) Class: 4426K(4608K)->4426K(4608K)
[2025-04-16T15:13:03.017+0000][2077.026s][info][gc             ] GC(1313) Pause Young (Allocation Failure) 23M->14M(31M) 1.311ms
[2025-04-16T15:13:03.017+0000][2077.026s][info][gc,cpu         ] GC(1313) User=0.01s Sys=0.00s Real=0.00s
[2025-04-16T15:13:04.710+0000][2078.719s][info][gc,start       ] GC(1314) Pause Young (Allocation Failure)
[2025-04-16T15:13:04.712+0000][2078.721s][info][gc,heap        ] GC(1314) DefNew: 9185K(10176K)->76K(10176K) Eden: 9081K(9088K)->0K(9088K) From: 103K(1088K)->76K(1088K)
[2025-04-16T15:13:04.712+0000][2078.721s][info][gc,heap        ] GC(1314) Tenured: 14935K(22484K)->14935K(22484K)
[2025-04-16T15:13:04.712+0000][2078.721s][info][gc,metaspace   ] GC(1314) Metaspace: 37407K(37760K)->37407K(37760K) NonClass: 32980K(33152K)->32980K(33152K) Class: 4426K(4608K)->4426K(4608K)
[2025-04-16T15:13:04.712+0000][2078.721s][info][gc             ] GC(1314) Pause Young (Allocation Failure) 23M->14M(31M) 1.297ms
[2025-04-16T15:13:04.712+0000][2078.721s][info][gc,cpu         ] GC(1314) User=0.00s Sys=0.00s Real=0.00s
[2025-04-16T15:13:06.465+0000][2080.474s][info][gc,start       ] GC(1315) Pause Young (Allocation Failure)
[2025-04-16T15:13:06.467+0000][2080.476s][info][gc,heap        ] GC(1315) DefNew: 9164K(10176K)->73K(10176K) Eden: 9087K(9088K)->0K(9088K) From: 76K(1088K)->73K(1088K)
[2025-04-16T15:13:06.467+0000][2080.476s][info][gc,heap        ] GC(1315) Tenured: 14935K(22484K)->14935K(22484K)
[2025-04-16T15:13:06.467+0000][2080.476s][info][gc,metaspace   ] GC(1315) Metaspace: 37407K(37760K)->37407K(37760K) NonClass: 32980K(33152K)->32980K(33152K) Class: 4426K(4608K)->4426K(4608K)
[2025-04-16T15:13:06.467+0000][2080.476s][info][gc             ] GC(1315) Pause Young (Allocation Failure) 23M->14M(31M) 1.306ms
[2025-04-16T15:13:06.467+0000][2080.476s][info][gc,cpu         ] GC(1315) User=0.00s Sys=0.00s Real=0.00s
[2025-04-16T15:13:08.174+0000][2082.183s][info][gc,start       ] GC(1316) Pause Young (Allocation Failure)
[2025-04-16T15:13:08.175+0000][2082.184s][info][gc,heap        ] GC(1316) DefNew: 9161K(10176K)->69K(10176K) Eden: 9088K(9088K)->0K(9088K) From: 73K(1088K)->69K(1088K)
[2025-04-16T15:13:08.175+0000][2082.184s][info][gc,heap        ] GC(1316) Tenured: 14935K(22484K)->14935K(22484K)
[2025-04-16T15:13:08.175+0000][2082.184s][info][gc,metaspace   ] GC(1316) Metaspace: 37407K(37760K)->37407K(37760K) NonClass: 32980K(33152K)->32980K(33152K) Class: 4426K(4608K)->4426K(4608K)
[2025-04-16T15:13:08.175+0000][2082.184s][info][gc             ] GC(1316) Pause Young (Allocation Failure) 23M->14M(31M) 1.261ms
[2025-04-16T15:13:08.175+0000][2082.184s][info][gc,cpu         ] GC(1316) User=0.00s Sys=0.00s Real=0.01s
[2025-04-16T15:13:09.647+0000][2083.656s][info][gc,start       ] GC(1317) Pause Young (Allocation Failure)
[2025-04-16T15:13:09.648+0000][2083.657s][info][gc,heap        ] GC(1317) DefNew: 9150K(10176K)->81K(10176K) Eden: 9081K(9088K)->0K(9088K) From: 69K(1088K)->81K(1088K)
[2025-04-16T15:13:09.648+0000][2083.657s][info][gc,heap        ] GC(1317) Tenured: 14935K(22484K)->14935K(22484K)
[2025-04-16T15:13:09.648+0000][2083.657s][info][gc,metaspace   ] GC(1317) Metaspace: 37407K(37760K)->37407K(37760K) NonClass: 32980K(33152K)->32980K(33152K) Class: 4426K(4608K)->4426K(4608K)
[2025-04-16T15:13:09.648+0000][2083.657s][info][gc             ] GC(1317) Pause Young (Allocation Failure) 23M->14M(31M) 1.234ms
[2025-04-16T15:13:09.648+0000][2083.657s][info][gc,cpu         ] GC(1317) User=0.00s Sys=0.00s Real=0.00s
[2025-04-16T15:13:11.324+0000][2085.333s][info][gc,start       ] GC(1318) Pause Young (Allocation Failure)
[2025-04-16T15:13:11.326+0000][2085.335s][info][gc,heap        ] GC(1318) DefNew: 9162K(10176K)->76K(10176K) Eden: 9081K(9088K)->0K(9088K) From: 81K(1088K)->76K(1088K)
[2025-04-16T15:13:11.326+0000][2085.335s][info][gc,heap        ] GC(1318) Tenured: 14935K(22484K)->14935K(22484K)
[2025-04-16T15:13:11.326+0000][2085.335s][info][gc,metaspace   ] GC(1318) Metaspace: 37407K(37760K)->37407K(37760K) NonClass: 32980K(33152K)->32980K(33152K) Class: 4426K(4608K)->4426K(4608K)
[2025-04-16T15:13:11.326+0000][2085.335s][info][gc             ] GC(1318) Pause Young (Allocation Failure) 23M->14M(31M) 1.212ms
[2025-04-16T15:13:11.326+0000][2085.335s][info][gc,cpu         ] GC(1318) User=0.00s Sys=0.00s Real=0.00s
[2025-04-16T15:13:13.085+0000][2087.094s][info][gc,start       ] GC(1319) Pause Young (Allocation Failure)
[2025-04-16T15:13:13.087+0000][2087.096s][info][gc,heap        ] GC(1319) DefNew: 9164K(10176K)->75K(10176K) Eden: 9088K(9088K)->0K(9088K) From: 76K(1088K)->75K(1088K)
[2025-04-16T15:13:13.087+0000][2087.096s][info][gc,heap        ] GC(1319) Tenured: 14935K(22484K)->14935K(22484K)
[2025-04-16T15:13:13.087+0000][2087.096s][info][gc,metaspace   ] GC(1319) Metaspace: 37407K(37760K)->37407K(37760K) NonClass: 32980K(33152K)->32980K(33152K) Class: 4426K(4608K)->4426K(4608K)
[2025-04-16T15:13:13.087+0000][2087.096s][info][gc             ] GC(1319) Pause Young (Allocation Failure) 23M->14M(31M) 1.277ms
[2025-04-16T15:13:13.087+0000][2087.096s][info][gc,cpu         ] GC(1319) User=0.00s Sys=0.00s Real=0.00s
[2025-04-16T15:13:14.532+0000][2088.541s][info][gc,start       ] GC(1320) Pause Young (Allocation Failure)
[2025-04-16T15:13:14.533+0000][2088.542s][info][gc,heap        ] GC(1320) DefNew: 9163K(10176K)->86K(10176K) Eden: 9088K(9088K)->0K(9088K) From: 75K(1088K)->86K(1088K)
[2025-04-16T15:13:14.533+0000][2088.542s][info][gc,heap        ] GC(1320) Tenured: 14935K(22484K)->14935K(22484K)
[2025-04-16T15:13:14.533+0000][2088.542s][info][gc,metaspace   ] GC(1320) Metaspace: 37407K(37760K)->37407K(37760K) NonClass: 32980K(33152K)->32980K(33152K) Class: 4426K(4608K)->4426K(4608K)
[2025-04-16T15:13:14.533+0000][2088.542s][info][gc             ] GC(1320) Pause Young (Allocation Failure) 23M->14M(31M) 1.294ms
[2025-04-16T15:13:14.533+0000][2088.542s][info][gc,cpu         ] GC(1320) User=0.01s Sys=0.00s Real=0.00s
[2025-04-16T15:13:16.367+0000][2090.376s][info][gc,start       ] GC(1321) Pause Young (Allocation Failure)
[2025-04-16T15:13:16.368+0000][2090.377s][info][gc,heap        ] GC(1321) DefNew: 9174K(10176K)->90K(10176K) Eden: 9088K(9088K)->0K(9088K) From: 86K(1088K)->90K(1088K)
[2025-04-16T15:13:16.368+0000][2090.377s][info][gc,heap        ] GC(1321) Tenured: 14935K(22484K)->14935K(22484K)
[2025-04-16T15:13:16.368+0000][2090.377s][info][gc,metaspace   ] GC(1321) Metaspace: 37407K(37760K)->37407K(37760K) NonClass: 32980K(33152K)->32980K(33152K) Class: 4426K(4608K)->4426K(4608K)
[2025-04-16T15:13:16.368+0000][2090.377s][info][gc             ] GC(1321) Pause Young (Allocation Failure) 23M->14M(31M) 1.213ms
[2025-04-16T15:13:16.368+0000][2090.377s][info][gc,cpu         ] GC(1321) User=0.00s Sys=0.00s Real=0.00s
[2025-04-16T15:13:17.770+0000][2091.779s][info][gc,start       ] GC(1322) Pause Young (Allocation Failure)
[2025-04-16T15:13:17.771+0000][2091.780s][info][gc,heap        ] GC(1322) DefNew: 9178K(10176K)->88K(10176K) Eden: 9088K(9088K)->0K(9088K) From: 90K(1088K)->88K(1088K)
[2025-04-16T15:13:17.771+0000][2091.780s][info][gc,heap        ] GC(1322) Tenured: 14935K(22484K)->14935K(22484K)
[2025-04-16T15:13:17.771+0000][2091.780s][info][gc,metaspace   ] GC(1322) Metaspace: 37407K(37760K)->37407K(37760K) NonClass: 32980K(33152K)->32980K(33152K) Class: 4426K(4608K)->4426K(4608K)
[2025-04-16T15:13:17.771+0000][2091.780s][info][gc             ] GC(1322) Pause Young (Allocation Failure) 23M->14M(31M) 1.236ms
[2025-04-16T15:13:17.771+0000][2091.780s][info][gc,cpu         ] GC(1322) User=0.00s Sys=0.00s Real=0.00s
[2025-04-16T15:13:19.230+0000][2093.239s][info][gc,start       ] GC(1323) Pause Young (Allocation Failure)
[2025-04-16T15:13:19.231+0000][2093.240s][info][gc,heap        ] GC(1323) DefNew: 9176K(10176K)->72K(10176K) Eden: 9088K(9088K)->0K(9088K) From: 88K(1088K)->72K(1088K)
[2025-04-16T15:13:19.231+0000][2093.240s][info][gc,heap        ] GC(1323) Tenured: 14935K(22484K)->14936K(22484K)
[2025-04-16T15:13:19.231+0000][2093.240s][info][gc,metaspace   ] GC(1323) Metaspace: 37407K(37760K)->37407K(37760K) NonClass: 32980K(33152K)->32980K(33152K) Class: 4426K(4608K)->4426K(4608K)
[2025-04-16T15:13:19.231+0000][2093.240s][info][gc             ] GC(1323) Pause Young (Allocation Failure) 23M->14M(31M) 1.255ms
[2025-04-16T15:13:19.231+0000][2093.240s][info][gc,cpu         ] GC(1323) User=0.00s Sys=0.00s Real=0.00s
[2025-04-16T15:13:20.836+0000][2094.845s][info][gc,start       ] GC(1324) Pause Young (Allocation Failure)
[2025-04-16T15:13:20.837+0000][2094.846s][info][gc,heap        ] GC(1324) DefNew: 9160K(10176K)->73K(10176K) Eden: 9088K(9088K)->0K(9088K) From: 72K(1088K)->73K(1088K)
[2025-04-16T15:13:20.837+0000][2094.846s][info][gc,heap        ] GC(1324) Tenured: 14936K(22484K)->14936K(22484K)
[2025-04-16T15:13:20.837+0000][2094.846s][info][gc,metaspace   ] GC(1324) Metaspace: 37407K(37760K)->37407K(37760K) NonClass: 32980K(33152K)->32980K(33152K) Class: 4426K(4608K)->4426K(4608K)
[2025-04-16T15:13:20.837+0000][2094.846s][info][gc             ] GC(1324) Pause Young (Allocation Failure) 23M->14M(31M) 1.255ms
[2025-04-16T15:13:20.837+0000][2094.846s][info][gc,cpu         ] GC(1324) User=0.00s Sys=0.00s Real=0.00s
[2025-04-16T15:13:22.490+0000][2096.499s][info][gc,start       ] GC(1325) Pause Young (Allocation Failure)
[2025-04-16T15:13:22.491+0000][2096.501s][info][gc,heap        ] GC(1325) DefNew: 9161K(10176K)->91K(10176K) Eden: 9088K(9088K)->0K(9088K) From: 73K(1088K)->91K(1088K)
[2025-04-16T15:13:22.492+0000][2096.501s][info][gc,heap        ] GC(1325) Tenured: 14936K(22484K)->14936K(22484K)
[2025-04-16T15:13:22.492+0000][2096.501s][info][gc,metaspace   ] GC(1325) Metaspace: 37407K(37760K)->37407K(37760K) NonClass: 32980K(33152K)->32980K(33152K) Class: 4426K(4608K)->4426K(4608K)
[2025-04-16T15:13:22.492+0000][2096.501s][info][gc             ] GC(1325) Pause Young (Allocation Failure) 23M->14M(31M) 1.319ms
[2025-04-16T15:13:22.492+0000][2096.501s][info][gc,cpu         ] GC(1325) User=0.00s Sys=0.00s Real=0.00s
[2025-04-16T15:13:24.330+0000][2098.339s][info][gc,start       ] GC(1326) Pause Young (Allocation Failure)
[2025-04-16T15:13:24.331+0000][2098.340s][info][gc,heap        ] GC(1326) DefNew: 9179K(10176K)->90K(10176K) Eden: 9088K(9088K)->0K(9088K) From: 91K(1088K)->90K(1088K)
[2025-04-16T15:13:24.331+0000][2098.340s][info][gc,heap        ] GC(1326) Tenured: 14936K(22484K)->14936K(22484K)
[2025-04-16T15:13:24.331+0000][2098.340s][info][gc,metaspace   ] GC(1326) Metaspace: 37407K(37760K)->37407K(37760K) NonClass: 32980K(33152K)->32980K(33152K) Class: 4426K(4608K)->4426K(4608K)
[2025-04-16T15:13:24.331+0000][2098.340s][info][gc             ] GC(1326) Pause Young (Allocation Failure) 23M->14M(31M) 1.192ms
[2025-04-16T15:13:24.331+0000][2098.340s][info][gc,cpu         ] GC(1326) User=0.00s Sys=0.00s Real=0.00s
[2025-04-16T15:13:25.855+0000][2099.864s][info][gc,start       ] GC(1327) Pause Young (Allocation Failure)
[2025-04-16T15:13:25.856+0000][2099.865s][info][gc,heap        ] GC(1327) DefNew: 9178K(10176K)->78K(10176K) Eden: 9088K(9088K)->0K(9088K) From: 90K(1088K)->78K(1088K)
[2025-04-16T15:13:25.856+0000][2099.865s][info][gc,heap        ] GC(1327) Tenured: 14936K(22484K)->14936K(22484K)
[2025-04-16T15:13:25.856+0000][2099.865s][info][gc,metaspace   ] GC(1327) Metaspace: 37407K(37760K)->37407K(37760K) NonClass: 32980K(33152K)->32980K(33152K) Class: 4426K(4608K)->4426K(4608K)
[2025-04-16T15:13:25.856+0000][2099.865s][info][gc             ] GC(1327) Pause Young (Allocation Failure) 23M->14M(31M) 1.289ms
[2025-04-16T15:13:25.856+0000][2099.865s][info][gc,cpu         ] GC(1327) User=0.00s Sys=0.00s Real=0.00s
[2025-04-16T15:13:27.395+0000][2101.404s][info][gc,start       ] GC(1328) Pause Young (Allocation Failure)
[2025-04-16T15:13:27.396+0000][2101.405s][info][gc,heap        ] GC(1328) DefNew: 9166K(10176K)->73K(10176K) Eden: 9088K(9088K)->0K(9088K) From: 78K(1088K)->73K(1088K)
[2025-04-16T15:13:27.396+0000][2101.405s][info][gc,heap        ] GC(1328) Tenured: 14936K(22484K)->14936K(22484K)
[2025-04-16T15:13:27.396+0000][2101.405s][info][gc,metaspace   ] GC(1328) Metaspace: 37407K(37760K)->37407K(37760K) NonClass: 32980K(33152K)->32980K(33152K) Class: 4426K(4608K)->4426K(4608K)
[2025-04-16T15:13:27.396+0000][2101.405s][info][gc             ] GC(1328) Pause Young (Allocation Failure) 23M->14M(31M) 1.213ms
[2025-04-16T15:13:27.396+0000][2101.405s][info][gc,cpu         ] GC(1328) User=0.01s Sys=0.00s Real=0.00s
[2025-04-16T15:13:29.070+0000][2103.079s][info][gc,start       ] GC(1329) Pause Young (Allocation Failure)
[2025-04-16T15:13:29.071+0000][2103.081s][info][gc,heap        ] GC(1329) DefNew: 9159K(10176K)->92K(10176K) Eden: 9085K(9088K)->0K(9088K) From: 73K(1088K)->92K(1088K)
[2025-04-16T15:13:29.072+0000][2103.081s][info][gc,heap        ] GC(1329) Tenured: 14936K(22484K)->14936K(22484K)
[2025-04-16T15:13:29.072+0000][2103.081s][info][gc,metaspace   ] GC(1329) Metaspace: 37407K(37760K)->37407K(37760K) NonClass: 32980K(33152K)->32980K(33152K) Class: 4426K(4608K)->4426K(4608K)
[2025-04-16T15:13:29.072+0000][2103.081s][info][gc             ] GC(1329) Pause Young (Allocation Failure) 23M->14M(31M) 1.297ms
[2025-04-16T15:13:29.072+0000][2103.081s][info][gc,cpu         ] GC(1329) User=0.01s Sys=0.00s Real=0.00s
[2025-04-16T15:13:30.889+0000][2104.898s][info][gc,start       ] GC(1330) Pause Young (Allocation Failure)
[2025-04-16T15:13:30.891+0000][2104.900s][info][gc,heap        ] GC(1330) DefNew: 9180K(10176K)->73K(10176K) Eden: 9088K(9088K)->0K(9088K) From: 92K(1088K)->73K(1088K)
[2025-04-16T15:13:30.891+0000][2104.900s][info][gc,heap        ] GC(1330) Tenured: 14936K(22484K)->14936K(22484K)
[2025-04-16T15:13:30.891+0000][2104.900s][info][gc,metaspace   ] GC(1330) Metaspace: 37408K(37760K)->37408K(37760K) NonClass: 32981K(33152K)->32981K(33152K) Class: 4426K(4608K)->4426K(4608K)
[2025-04-16T15:13:30.891+0000][2104.900s][info][gc             ] GC(1330) Pause Young (Allocation Failure) 23M->14M(31M) 1.208ms
[2025-04-16T15:13:30.891+0000][2104.900s][info][gc,cpu         ] GC(1330) User=0.00s Sys=0.00s Real=0.00s
[2025-04-16T15:13:32.398+0000][2106.407s][info][gc,start       ] GC(1331) Pause Young (Allocation Failure)
[2025-04-16T15:13:32.399+0000][2106.408s][info][gc,heap        ] GC(1331) DefNew: 9161K(10176K)->71K(10176K) Eden: 9087K(9088K)->0K(9088K) From: 73K(1088K)->71K(1088K)
[2025-04-16T15:13:32.399+0000][2106.408s][info][gc,heap        ] GC(1331) Tenured: 14936K(22484K)->14936K(22484K)
[2025-04-16T15:13:32.399+0000][2106.408s][info][gc,metaspace   ] GC(1331) Metaspace: 37408K(37760K)->37408K(37760K) NonClass: 32981K(33152K)->32981K(33152K) Class: 4426K(4608K)->4426K(4608K)
[2025-04-16T15:13:32.399+0000][2106.408s][info][gc             ] GC(1331) Pause Young (Allocation Failure) 23M->14M(31M) 1.252ms
[2025-04-16T15:13:32.399+0000][2106.408s][info][gc,cpu         ] GC(1331) User=0.00s Sys=0.00s Real=0.00s
[2025-04-16T15:13:33.952+0000][2107.961s][info][gc,start       ] GC(1332) Pause Young (Allocation Failure)
[2025-04-16T15:13:33.953+0000][2107.962s][info][gc,heap        ] GC(1332) DefNew: 9159K(10176K)->90K(10176K) Eden: 9088K(9088K)->0K(9088K) From: 71K(1088K)->90K(1088K)
[2025-04-16T15:13:33.953+0000][2107.962s][info][gc,heap        ] GC(1332) Tenured: 14936K(22484K)->14936K(22484K)
[2025-04-16T15:13:33.953+0000][2107.962s][info][gc,metaspace   ] GC(1332) Metaspace: 37408K(37760K)->37408K(37760K) NonClass: 32981K(33152K)->32981K(33152K) Class: 4426K(4608K)->4426K(4608K)
[2025-04-16T15:13:33.953+0000][2107.962s][info][gc             ] GC(1332) Pause Young (Allocation Failure) 23M->14M(31M) 1.288ms
[2025-04-16T15:13:33.953+0000][2107.962s][info][gc,cpu         ] GC(1332) User=0.00s Sys=0.00s Real=0.00s
[2025-04-16T15:13:35.253+0000][2109.262s][info][gc,start       ] GC(1333) Pause Young (Allocation Failure)
[2025-04-16T15:13:35.254+0000][2109.263s][info][gc,heap        ] GC(1333) DefNew: 9176K(10176K)->81K(10176K) Eden: 9086K(9088K)->0K(9088K) From: 90K(1088K)->81K(1088K)
[2025-04-16T15:13:35.254+0000][2109.263s][info][gc,heap        ] GC(1333) Tenured: 14936K(22484K)->14936K(22484K)
[2025-04-16T15:13:35.254+0000][2109.263s][info][gc,metaspace   ] GC(1333) Metaspace: 37408K(37760K)->37408K(37760K) NonClass: 32981K(33152K)->32981K(33152K) Class: 4426K(4608K)->4426K(4608K)
[2025-04-16T15:13:35.254+0000][2109.263s][info][gc             ] GC(1333) Pause Young (Allocation Failure) 23M->14M(31M) 1.176ms
[2025-04-16T15:13:35.254+0000][2109.263s][info][gc,cpu         ] GC(1333) User=0.00s Sys=0.00s Real=0.01s
[2025-04-16T15:13:37.115+0000][2111.124s][info][gc,start       ] GC(1334) Pause Young (Allocation Failure)
[2025-04-16T15:13:37.116+0000][2111.125s][info][gc,heap        ] GC(1334) DefNew: 9169K(10176K)->86K(10176K) Eden: 9087K(9088K)->0K(9088K) From: 81K(1088K)->86K(1088K)
[2025-04-16T15:13:37.116+0000][2111.125s][info][gc,heap        ] GC(1334) Tenured: 14936K(22484K)->14938K(22484K)
[2025-04-16T15:13:37.116+0000][2111.125s][info][gc,metaspace   ] GC(1334) Metaspace: 37408K(37760K)->37408K(37760K) NonClass: 32981K(33152K)->32981K(33152K) Class: 4426K(4608K)->4426K(4608K)
[2025-04-16T15:13:37.116+0000][2111.125s][info][gc             ] GC(1334) Pause Young (Allocation Failure) 23M->14M(31M) 1.282ms
[2025-04-16T15:13:37.116+0000][2111.125s][info][gc,cpu         ] GC(1334) User=0.01s Sys=0.00s Real=0.00s
[2025-04-16T15:13:38.972+0000][2112.981s][info][gc,start       ] GC(1335) Pause Young (Allocation Failure)
[2025-04-16T15:13:38.974+0000][2112.983s][info][gc,heap        ] GC(1335) DefNew: 9174K(10176K)->76K(10176K) Eden: 9088K(9088K)->0K(9088K) From: 86K(1088K)->76K(1088K)
[2025-04-16T15:13:38.974+0000][2112.983s][info][gc,heap        ] GC(1335) Tenured: 14938K(22484K)->14938K(22484K)
[2025-04-16T15:13:38.974+0000][2112.983s][info][gc,metaspace   ] GC(1335) Metaspace: 37408K(37760K)->37408K(37760K) NonClass: 32981K(33152K)->32981K(33152K) Class: 4426K(4608K)->4426K(4608K)
[2025-04-16T15:13:38.974+0000][2112.983s][info][gc             ] GC(1335) Pause Young (Allocation Failure) 23M->14M(31M) 1.365ms
[2025-04-16T15:13:38.974+0000][2112.983s][info][gc,cpu         ] GC(1335) User=0.00s Sys=0.00s Real=0.00s
[2025-04-16T15:13:40.217+0000][2114.226s][info][gc,start       ] GC(1336) Pause Young (Allocation Failure)
[2025-04-16T15:13:40.219+0000][2114.228s][info][gc,heap        ] GC(1336) DefNew: 9164K(10176K)->68K(10176K) Eden: 9088K(9088K)->0K(9088K) From: 76K(1088K)->68K(1088K)
[2025-04-16T15:13:40.219+0000][2114.228s][info][gc,heap        ] GC(1336) Tenured: 14938K(22484K)->14938K(22484K)
[2025-04-16T15:13:40.219+0000][2114.228s][info][gc,metaspace   ] GC(1336) Metaspace: 37408K(37760K)->37408K(37760K) NonClass: 32981K(33152K)->32981K(33152K) Class: 4426K(4608K)->4426K(4608K)
[2025-04-16T15:13:40.219+0000][2114.228s][info][gc             ] GC(1336) Pause Young (Allocation Failure) 23M->14M(31M) 1.254ms
[2025-04-16T15:13:40.219+0000][2114.228s][info][gc,cpu         ] GC(1336) User=0.01s Sys=0.00s Real=0.00s
[2025-04-16T15:13:41.994+0000][2116.003s][info][gc,start       ] GC(1337) Pause Young (Allocation Failure)
[2025-04-16T15:13:41.995+0000][2116.004s][info][gc,heap        ] GC(1337) DefNew: 9156K(10176K)->88K(10176K) Eden: 9088K(9088K)->0K(9088K) From: 68K(1088K)->88K(1088K)
[2025-04-16T15:13:41.995+0000][2116.004s][info][gc,heap        ] GC(1337) Tenured: 14938K(22484K)->14938K(22484K)
[2025-04-16T15:13:41.995+0000][2116.004s][info][gc,metaspace   ] GC(1337) Metaspace: 37408K(37760K)->37408K(37760K) NonClass: 32981K(33152K)->32981K(33152K) Class: 4426K(4608K)->4426K(4608K)
[2025-04-16T15:13:41.995+0000][2116.004s][info][gc             ] GC(1337) Pause Young (Allocation Failure) 23M->14M(31M) 1.209ms
[2025-04-16T15:13:41.995+0000][2116.004s][info][gc,cpu         ] GC(1337) User=0.00s Sys=0.00s Real=0.00s
[2025-04-16T15:13:43.586+0000][2117.595s][info][gc,start       ] GC(1338) Pause Young (Allocation Failure)
[2025-04-16T15:13:43.587+0000][2117.596s][info][gc,heap        ] GC(1338) DefNew: 9176K(10176K)->79K(10176K) Eden: 9088K(9088K)->0K(9088K) From: 88K(1088K)->79K(1088K)
[2025-04-16T15:13:43.587+0000][2117.596s][info][gc,heap        ] GC(1338) Tenured: 14938K(22484K)->14938K(22484K)
[2025-04-16T15:13:43.587+0000][2117.596s][info][gc,metaspace   ] GC(1338) Metaspace: 37408K(37760K)->37408K(37760K) NonClass: 32981K(33152K)->32981K(33152K) Class: 4426K(4608K)->4426K(4608K)
[2025-04-16T15:13:43.587+0000][2117.596s][info][gc             ] GC(1338) Pause Young (Allocation Failure) 23M->14M(31M) 1.327ms
[2025-04-16T15:13:43.587+0000][2117.596s][info][gc,cpu         ] GC(1338) User=0.00s Sys=0.00s Real=0.00s
[2025-04-16T15:13:45.161+0000][2119.170s][info][gc,start       ] GC(1339) Pause Young (Allocation Failure)
[2025-04-16T15:13:45.162+0000][2119.171s][info][gc,heap        ] GC(1339) DefNew: 9156K(10176K)->75K(10176K) Eden: 9077K(9088K)->0K(9088K) From: 79K(1088K)->75K(1088K)
[2025-04-16T15:13:45.162+0000][2119.171s][info][gc,heap        ] GC(1339) Tenured: 14938K(22484K)->14938K(22484K)
[2025-04-16T15:13:45.162+0000][2119.171s][info][gc,metaspace   ] GC(1339) Metaspace: 37408K(37760K)->37408K(37760K) NonClass: 32981K(33152K)->32981K(33152K) Class: 4426K(4608K)->4426K(4608K)
[2025-04-16T15:13:45.162+0000][2119.171s][info][gc             ] GC(1339) Pause Young (Allocation Failure) 23M->14M(31M) 1.181ms
[2025-04-16T15:13:45.162+0000][2119.171s][info][gc,cpu         ] GC(1339) User=0.00s Sys=0.00s Real=0.00s
[2025-04-16T15:13:46.894+0000][2120.903s][info][gc,start       ] GC(1340) Pause Young (Allocation Failure)
[2025-04-16T15:13:46.895+0000][2120.905s][info][gc,heap        ] GC(1340) DefNew: 9163K(10176K)->85K(10176K) Eden: 9088K(9088K)->0K(9088K) From: 75K(1088K)->85K(1088K)
[2025-04-16T15:13:46.896+0000][2120.905s][info][gc,heap        ] GC(1340) Tenured: 14938K(22484K)->14938K(22484K)
[2025-04-16T15:13:46.896+0000][2120.905s][info][gc,metaspace   ] GC(1340) Metaspace: 37408K(37760K)->37408K(37760K) NonClass: 32981K(33152K)->32981K(33152K) Class: 4426K(4608K)->4426K(4608K)
[2025-04-16T15:13:46.896+0000][2120.905s][info][gc             ] GC(1340) Pause Young (Allocation Failure) 23M->14M(31M) 1.268ms
[2025-04-16T15:13:46.896+0000][2120.905s][info][gc,cpu         ] GC(1340) User=0.00s Sys=0.00s Real=0.00s
[2025-04-16T15:13:48.463+0000][2122.472s][info][gc,start       ] GC(1341) Pause Young (Allocation Failure)
[2025-04-16T15:13:48.464+0000][2122.473s][info][gc,heap        ] GC(1341) DefNew: 9173K(10176K)->78K(10176K) Eden: 9087K(9088K)->0K(9088K) From: 85K(1088K)->78K(1088K)
[2025-04-16T15:13:48.464+0000][2122.473s][info][gc,heap        ] GC(1341) Tenured: 14938K(22484K)->14938K(22484K)
[2025-04-16T15:13:48.464+0000][2122.473s][info][gc,metaspace   ] GC(1341) Metaspace: 37408K(37760K)->37408K(37760K) NonClass: 32981K(33152K)->32981K(33152K) Class: 4426K(4608K)->4426K(4608K)
[2025-04-16T15:13:48.464+0000][2122.473s][info][gc             ] GC(1341) Pause Young (Allocation Failure) 23M->14M(31M) 1.226ms
[2025-04-16T15:13:48.464+0000][2122.473s][info][gc,cpu         ] GC(1341) User=0.00s Sys=0.00s Real=0.00s
[2025-04-16T15:13:50.214+0000][2124.223s][info][gc,start       ] GC(1342) Pause Young (Allocation Failure)
[2025-04-16T15:13:50.215+0000][2124.224s][info][gc,heap        ] GC(1342) DefNew: 9166K(10176K)->90K(10176K) Eden: 9088K(9088K)->0K(9088K) From: 78K(1088K)->90K(1088K)
[2025-04-16T15:13:50.215+0000][2124.224s][info][gc,heap        ] GC(1342) Tenured: 14938K(22484K)->14938K(22484K)
[2025-04-16T15:13:50.215+0000][2124.224s][info][gc,metaspace   ] GC(1342) Metaspace: 37408K(37760K)->37408K(37760K) NonClass: 32981K(33152K)->32981K(33152K) Class: 4426K(4608K)->4426K(4608K)
[2025-04-16T15:13:50.215+0000][2124.224s][info][gc             ] GC(1342) Pause Young (Allocation Failure) 23M->14M(31M) 1.313ms
[2025-04-16T15:13:50.215+0000][2124.224s][info][gc,cpu         ] GC(1342) User=0.00s Sys=0.00s Real=0.01s
[2025-04-16T15:13:51.889+0000][2125.898s][info][gc,start       ] GC(1343) Pause Young (Allocation Failure)
[2025-04-16T15:13:51.890+0000][2125.899s][info][gc,heap        ] GC(1343) DefNew: 9178K(10176K)->91K(10176K) Eden: 9088K(9088K)->0K(9088K) From: 90K(1088K)->91K(1088K)
[2025-04-16T15:13:51.890+0000][2125.899s][info][gc,heap        ] GC(1343) Tenured: 14938K(22484K)->14938K(22484K)
[2025-04-16T15:13:51.890+0000][2125.899s][info][gc,metaspace   ] GC(1343) Metaspace: 37408K(37760K)->37408K(37760K) NonClass: 32981K(33152K)->32981K(33152K) Class: 4426K(4608K)->4426K(4608K)
[2025-04-16T15:13:51.890+0000][2125.899s][info][gc             ] GC(1343) Pause Young (Allocation Failure) 23M->14M(31M) 1.283ms
[2025-04-16T15:13:51.890+0000][2125.899s][info][gc,cpu         ] GC(1343) User=0.01s Sys=0.00s Real=0.00s
[2025-04-16T15:13:53.316+0000][2127.325s][info][gc,start       ] GC(1344) Pause Young (Allocation Failure)
[2025-04-16T15:13:53.318+0000][2127.327s][info][gc,heap        ] GC(1344) DefNew: 9176K(10176K)->65K(10176K) Eden: 9085K(9088K)->0K(9088K) From: 91K(1088K)->65K(1088K)
[2025-04-16T15:13:53.318+0000][2127.327s][info][gc,heap        ] GC(1344) Tenured: 14938K(22484K)->14938K(22484K)
[2025-04-16T15:13:53.318+0000][2127.327s][info][gc,metaspace   ] GC(1344) Metaspace: 37408K(37760K)->37408K(37760K) NonClass: 32981K(33152K)->32981K(33152K) Class: 4426K(4608K)->4426K(4608K)
[2025-04-16T15:13:53.318+0000][2127.327s][info][gc             ] GC(1344) Pause Young (Allocation Failure) 23M->14M(31M) 1.551ms
[2025-04-16T15:13:53.318+0000][2127.327s][info][gc,cpu         ] GC(1344) User=0.01s Sys=0.00s Real=0.00s
[2025-04-16T15:13:54.861+0000][2128.870s][info][gc,start       ] GC(1345) Pause Young (Allocation Failure)
[2025-04-16T15:13:54.862+0000][2128.871s][info][gc,heap        ] GC(1345) DefNew: 9153K(10176K)->76K(10176K) Eden: 9088K(9088K)->0K(9088K) From: 65K(1088K)->76K(1088K)
[2025-04-16T15:13:54.862+0000][2128.871s][info][gc,heap        ] GC(1345) Tenured: 14938K(22484K)->14938K(22484K)
[2025-04-16T15:13:54.862+0000][2128.871s][info][gc,metaspace   ] GC(1345) Metaspace: 37408K(37760K)->37408K(37760K) NonClass: 32981K(33152K)->32981K(33152K) Class: 4426K(4608K)->4426K(4608K)
[2025-04-16T15:13:54.862+0000][2128.871s][info][gc             ] GC(1345) Pause Young (Allocation Failure) 23M->14M(31M) 1.208ms
[2025-04-16T15:13:54.862+0000][2128.871s][info][gc,cpu         ] GC(1345) User=0.00s Sys=0.00s Real=0.00s
[2025-04-16T15:13:56.456+0000][2130.465s][info][gc,start       ] GC(1346) Pause Young (Allocation Failure)
[2025-04-16T15:13:56.457+0000][2130.466s][info][gc,heap        ] GC(1346) DefNew: 9164K(10176K)->72K(10176K) Eden: 9088K(9088K)->0K(9088K) From: 76K(1088K)->72K(1088K)
[2025-04-16T15:13:56.457+0000][2130.466s][info][gc,heap        ] GC(1346) Tenured: 14938K(22484K)->14938K(22484K)
[2025-04-16T15:13:56.457+0000][2130.466s][info][gc,metaspace   ] GC(1346) Metaspace: 37408K(37760K)->37408K(37760K) NonClass: 32981K(33152K)->32981K(33152K) Class: 4426K(4608K)->4426K(4608K)
[2025-04-16T15:13:56.457+0000][2130.466s][info][gc             ] GC(1346) Pause Young (Allocation Failure) 23M->14M(31M) 1.332ms
[2025-04-16T15:13:56.457+0000][2130.466s][info][gc,cpu         ] GC(1346) User=0.00s Sys=0.00s Real=0.00s
[2025-04-16T15:13:58.086+0000][2132.095s][info][gc,start       ] GC(1347) Pause Young (Allocation Failure)
[2025-04-16T15:13:58.087+0000][2132.096s][info][gc,heap        ] GC(1347) DefNew: 9160K(10176K)->93K(10176K) Eden: 9087K(9088K)->0K(9088K) From: 72K(1088K)->93K(1088K)
[2025-04-16T15:13:58.087+0000][2132.096s][info][gc,heap        ] GC(1347) Tenured: 14938K(22484K)->14938K(22484K)
[2025-04-16T15:13:58.087+0000][2132.096s][info][gc,metaspace   ] GC(1347) Metaspace: 37408K(37760K)->37408K(37760K) NonClass: 32981K(33152K)->32981K(33152K) Class: 4426K(4608K)->4426K(4608K)
[2025-04-16T15:13:58.087+0000][2132.096s][info][gc             ] GC(1347) Pause Young (Allocation Failure) 23M->14M(31M) 1.309ms
[2025-04-16T15:13:58.087+0000][2132.096s][info][gc,cpu         ] GC(1347) User=0.00s Sys=0.00s Real=0.00s
[2025-04-16T15:13:59.823+0000][2133.832s][info][gc,start       ] GC(1348) Pause Young (Allocation Failure)
[2025-04-16T15:13:59.825+0000][2133.834s][info][gc,heap        ] GC(1348) DefNew: 9181K(10176K)->92K(10176K) Eden: 9088K(9088K)->0K(9088K) From: 93K(1088K)->92K(1088K)
[2025-04-16T15:13:59.825+0000][2133.834s][info][gc,heap        ] GC(1348) Tenured: 14938K(22484K)->14938K(22484K)
[2025-04-16T15:13:59.825+0000][2133.834s][info][gc,metaspace   ] GC(1348) Metaspace: 37408K(37760K)->37408K(37760K) NonClass: 32981K(33152K)->32981K(33152K) Class: 4426K(4608K)->4426K(4608K)
[2025-04-16T15:13:59.825+0000][2133.834s][info][gc             ] GC(1348) Pause Young (Allocation Failure) 23M->14M(31M) 1.348ms
[2025-04-16T15:13:59.825+0000][2133.834s][info][gc,cpu         ] GC(1348) User=0.00s Sys=0.00s Real=0.01s
[2025-04-16T15:14:01.173+0000][2135.182s][info][gc,start       ] GC(1349) Pause Young (Allocation Failure)
[2025-04-16T15:14:01.175+0000][2135.184s][info][gc,heap        ] GC(1349) DefNew: 9180K(10176K)->83K(10176K) Eden: 9088K(9088K)->0K(9088K) From: 92K(1088K)->83K(1088K)
[2025-04-16T15:14:01.175+0000][2135.184s][info][gc,heap        ] GC(1349) Tenured: 14938K(22484K)->14938K(22484K)
[2025-04-16T15:14:01.175+0000][2135.184s][info][gc,metaspace   ] GC(1349) Metaspace: 37408K(37760K)->37408K(37760K) NonClass: 32981K(33152K)->32981K(33152K) Class: 4426K(4608K)->4426K(4608K)
[2025-04-16T15:14:01.175+0000][2135.184s][info][gc             ] GC(1349) Pause Young (Allocation Failure) 23M->14M(31M) 1.333ms
[2025-04-16T15:14:01.175+0000][2135.184s][info][gc,cpu         ] GC(1349) User=0.00s Sys=0.00s Real=0.01s
[2025-04-16T15:14:03.099+0000][2137.108s][info][gc,start       ] GC(1350) Pause Young (Allocation Failure)
[2025-04-16T15:14:03.100+0000][2137.109s][info][gc,heap        ] GC(1350) DefNew: 9171K(10176K)->78K(10176K) Eden: 9088K(9088K)->0K(9088K) From: 83K(1088K)->78K(1088K)
[2025-04-16T15:14:03.100+0000][2137.109s][info][gc,heap        ] GC(1350) Tenured: 14938K(22484K)->14938K(22484K)
[2025-04-16T15:14:03.100+0000][2137.109s][info][gc,metaspace   ] GC(1350) Metaspace: 37408K(37760K)->37408K(37760K) NonClass: 32981K(33152K)->32981K(33152K) Class: 4426K(4608K)->4426K(4608K)
[2025-04-16T15:14:03.100+0000][2137.109s][info][gc             ] GC(1350) Pause Young (Allocation Failure) 23M->14M(31M) 1.308ms
[2025-04-16T15:14:03.100+0000][2137.109s][info][gc,cpu         ] GC(1350) User=0.00s Sys=0.00s Real=0.00s
[2025-04-16T15:14:04.523+0000][2138.532s][info][gc,start       ] GC(1351) Pause Young (Allocation Failure)
[2025-04-16T15:14:04.524+0000][2138.533s][info][gc,heap        ] GC(1351) DefNew: 9166K(10176K)->78K(10176K) Eden: 9088K(9088K)->0K(9088K) From: 78K(1088K)->78K(1088K)
[2025-04-16T15:14:04.524+0000][2138.533s][info][gc,heap        ] GC(1351) Tenured: 14938K(22484K)->14938K(22484K)
[2025-04-16T15:14:04.524+0000][2138.533s][info][gc,metaspace   ] GC(1351) Metaspace: 37408K(37760K)->37408K(37760K) NonClass: 32981K(33152K)->32981K(33152K) Class: 4426K(4608K)->4426K(4608K)
[2025-04-16T15:14:04.524+0000][2138.533s][info][gc             ] GC(1351) Pause Young (Allocation Failure) 23M->14M(31M) 1.315ms
[2025-04-16T15:14:04.524+0000][2138.533s][info][gc,cpu         ] GC(1351) User=0.00s Sys=0.00s Real=0.01s
[2025-04-16T15:14:06.097+0000][2140.106s][info][gc,start       ] GC(1352) Pause Young (Allocation Failure)
[2025-04-16T15:14:06.098+0000][2140.107s][info][gc,heap        ] GC(1352) DefNew: 9166K(10176K)->80K(10176K) Eden: 9088K(9088K)->0K(9088K) From: 78K(1088K)->80K(1088K)
[2025-04-16T15:14:06.098+0000][2140.107s][info][gc,heap        ] GC(1352) Tenured: 14938K(22484K)->14938K(22484K)
[2025-04-16T15:14:06.098+0000][2140.107s][info][gc,metaspace   ] GC(1352) Metaspace: 37408K(37760K)->37408K(37760K) NonClass: 32981K(33152K)->32981K(33152K) Class: 4426K(4608K)->4426K(4608K)
[2025-04-16T15:14:06.098+0000][2140.107s][info][gc             ] GC(1352) Pause Young (Allocation Failure) 23M->14M(31M) 1.331ms
[2025-04-16T15:14:06.098+0000][2140.107s][info][gc,cpu         ] GC(1352) User=0.00s Sys=0.00s Real=0.00s
[2025-04-16T15:14:07.758+0000][2141.767s][info][gc,start       ] GC(1353) Pause Young (Allocation Failure)
[2025-04-16T15:14:07.760+0000][2141.769s][info][gc,heap        ] GC(1353) DefNew: 9168K(10176K)->98K(10176K) Eden: 9088K(9088K)->0K(9088K) From: 80K(1088K)->98K(1088K)
[2025-04-16T15:14:07.760+0000][2141.769s][info][gc,heap        ] GC(1353) Tenured: 14938K(22484K)->14938K(22484K)
[2025-04-16T15:14:07.760+0000][2141.769s][info][gc,metaspace   ] GC(1353) Metaspace: 37408K(37760K)->37408K(37760K) NonClass: 32981K(33152K)->32981K(33152K) Class: 4426K(4608K)->4426K(4608K)
[2025-04-16T15:14:07.760+0000][2141.769s][info][gc             ] GC(1353) Pause Young (Allocation Failure) 23M->14M(31M) 1.369ms
[2025-04-16T15:14:07.760+0000][2141.769s][info][gc,cpu         ] GC(1353) User=0.00s Sys=0.00s Real=0.00s
[2025-04-16T15:14:09.451+0000][2143.460s][info][gc,start       ] GC(1354) Pause Young (Allocation Failure)
[2025-04-16T15:14:09.452+0000][2143.461s][info][gc,heap        ] GC(1354) DefNew: 9182K(10176K)->84K(10176K) Eden: 9083K(9088K)->0K(9088K) From: 98K(1088K)->84K(1088K)
[2025-04-16T15:14:09.452+0000][2143.461s][info][gc,heap        ] GC(1354) Tenured: 14938K(22484K)->14938K(22484K)
[2025-04-16T15:14:09.452+0000][2143.461s][info][gc,metaspace   ] GC(1354) Metaspace: 37408K(37760K)->37408K(37760K) NonClass: 32981K(33152K)->32981K(33152K) Class: 4426K(4608K)->4426K(4608K)
[2025-04-16T15:14:09.452+0000][2143.461s][info][gc             ] GC(1354) Pause Young (Allocation Failure) 23M->14M(31M) 1.277ms
[2025-04-16T15:14:09.452+0000][2143.461s][info][gc,cpu         ] GC(1354) User=0.00s Sys=0.00s Real=0.00s
[2025-04-16T15:14:10.973+0000][2144.982s][info][gc,start       ] GC(1355) Pause Young (Allocation Failure)
[2025-04-16T15:14:10.974+0000][2144.983s][info][gc,heap        ] GC(1355) DefNew: 9160K(10176K)->81K(10176K) Eden: 9075K(9088K)->0K(9088K) From: 84K(1088K)->81K(1088K)
[2025-04-16T15:14:10.974+0000][2144.983s][info][gc,heap        ] GC(1355) Tenured: 14938K(22484K)->14938K(22484K)
[2025-04-16T15:14:10.974+0000][2144.983s][info][gc,metaspace   ] GC(1355) Metaspace: 37408K(37760K)->37408K(37760K) NonClass: 32981K(33152K)->32981K(33152K) Class: 4426K(4608K)->4426K(4608K)
[2025-04-16T15:14:10.974+0000][2144.983s][info][gc             ] GC(1355) Pause Young (Allocation Failure) 23M->14M(31M) 1.321ms
[2025-04-16T15:14:10.974+0000][2144.983s][info][gc,cpu         ] GC(1355) User=0.00s Sys=0.00s Real=0.00s
[2025-04-16T15:14:12.628+0000][2146.637s][info][gc,start       ] GC(1356) Pause Young (Allocation Failure)
[2025-04-16T15:14:12.629+0000][2146.638s][info][gc,heap        ] GC(1356) DefNew: 9169K(10176K)->91K(10176K) Eden: 9088K(9088K)->0K(9088K) From: 81K(1088K)->91K(1088K)
[2025-04-16T15:14:12.629+0000][2146.638s][info][gc,heap        ] GC(1356) Tenured: 14938K(22484K)->14939K(22484K)
[2025-04-16T15:14:12.629+0000][2146.638s][info][gc,metaspace   ] GC(1356) Metaspace: 37408K(37760K)->37408K(37760K) NonClass: 32981K(33152K)->32981K(33152K) Class: 4426K(4608K)->4426K(4608K)
[2025-04-16T15:14:12.629+0000][2146.638s][info][gc             ] GC(1356) Pause Young (Allocation Failure) 23M->14M(31M) 1.316ms
[2025-04-16T15:14:12.629+0000][2146.638s][info][gc,cpu         ] GC(1356) User=0.00s Sys=0.00s Real=0.00s
[2025-04-16T15:14:14.302+0000][2148.311s][info][gc,start       ] GC(1357) Pause Young (Allocation Failure)
[2025-04-16T15:14:14.303+0000][2148.312s][info][gc,heap        ] GC(1357) DefNew: 9179K(10176K)->86K(10176K) Eden: 9088K(9088K)->0K(9088K) From: 91K(1088K)->86K(1088K)
[2025-04-16T15:14:14.303+0000][2148.312s][info][gc,heap        ] GC(1357) Tenured: 14939K(22484K)->14940K(22484K)
[2025-04-16T15:14:14.303+0000][2148.312s][info][gc,metaspace   ] GC(1357) Metaspace: 37408K(37760K)->37408K(37760K) NonClass: 32981K(33152K)->32981K(33152K) Class: 4426K(4608K)->4426K(4608K)
[2025-04-16T15:14:14.303+0000][2148.312s][info][gc             ] GC(1357) Pause Young (Allocation Failure) 23M->14M(31M) 1.294ms
[2025-04-16T15:14:14.303+0000][2148.312s][info][gc,cpu         ] GC(1357) User=0.01s Sys=0.00s Real=0.00s
[2025-04-16T15:14:15.766+0000][2149.775s][info][gc,start       ] GC(1358) Pause Young (Allocation Failure)
[2025-04-16T15:14:15.767+0000][2149.776s][info][gc,heap        ] GC(1358) DefNew: 9174K(10176K)->91K(10176K) Eden: 9088K(9088K)->0K(9088K) From: 86K(1088K)->91K(1088K)
[2025-04-16T15:14:15.767+0000][2149.776s][info][gc,heap        ] GC(1358) Tenured: 14940K(22484K)->14942K(22484K)
[2025-04-16T15:14:15.767+0000][2149.776s][info][gc,metaspace   ] GC(1358) Metaspace: 37408K(37760K)->37408K(37760K) NonClass: 32981K(33152K)->32981K(33152K) Class: 4426K(4608K)->4426K(4608K)
[2025-04-16T15:14:15.767+0000][2149.776s][info][gc             ] GC(1358) Pause Young (Allocation Failure) 23M->14M(31M) 1.197ms
[2025-04-16T15:14:15.767+0000][2149.776s][info][gc,cpu         ] GC(1358) User=0.00s Sys=0.00s Real=0.00s
[2025-04-16T15:14:17.449+0000][2151.458s][info][gc,start       ] GC(1359) Pause Young (Allocation Failure)
[2025-04-16T15:14:17.450+0000][2151.459s][info][gc,heap        ] GC(1359) DefNew: 9179K(10176K)->90K(10176K) Eden: 9088K(9088K)->0K(9088K) From: 91K(1088K)->90K(1088K)
[2025-04-16T15:14:17.450+0000][2151.459s][info][gc,heap        ] GC(1359) Tenured: 14942K(22484K)->14942K(22484K)
[2025-04-16T15:14:17.450+0000][2151.459s][info][gc,metaspace   ] GC(1359) Metaspace: 37408K(37760K)->37408K(37760K) NonClass: 32981K(33152K)->32981K(33152K) Class: 4426K(4608K)->4426K(4608K)
[2025-04-16T15:14:17.450+0000][2151.459s][info][gc             ] GC(1359) Pause Young (Allocation Failure) 23M->14M(31M) 1.256ms
[2025-04-16T15:14:17.450+0000][2151.459s][info][gc,cpu         ] GC(1359) User=0.00s Sys=0.00s Real=0.00s
[2025-04-16T15:14:19.163+0000][2153.172s][info][gc,start       ] GC(1360) Pause Young (Allocation Failure)
[2025-04-16T15:14:19.164+0000][2153.173s][info][gc,heap        ] GC(1360) DefNew: 9178K(10176K)->74K(10176K) Eden: 9088K(9088K)->0K(9088K) From: 90K(1088K)->74K(1088K)
[2025-04-16T15:14:19.164+0000][2153.173s][info][gc,heap        ] GC(1360) Tenured: 14942K(22484K)->14942K(22484K)
[2025-04-16T15:14:19.164+0000][2153.173s][info][gc,metaspace   ] GC(1360) Metaspace: 37408K(37760K)->37408K(37760K) NonClass: 32981K(33152K)->32981K(33152K) Class: 4426K(4608K)->4426K(4608K)
[2025-04-16T15:14:19.164+0000][2153.173s][info][gc             ] GC(1360) Pause Young (Allocation Failure) 23M->14M(31M) 1.210ms
[2025-04-16T15:14:19.164+0000][2153.173s][info][gc,cpu         ] GC(1360) User=0.00s Sys=0.00s Real=0.00s
[2025-04-16T15:14:20.536+0000][2154.545s][info][gc,start       ] GC(1361) Pause Young (Allocation Failure)
[2025-04-16T15:14:20.538+0000][2154.547s][info][gc,heap        ] GC(1361) DefNew: 9162K(10176K)->93K(10176K) Eden: 9088K(9088K)->0K(9088K) From: 74K(1088K)->93K(1088K)
[2025-04-16T15:14:20.538+0000][2154.547s][info][gc,heap        ] GC(1361) Tenured: 14942K(22484K)->14942K(22484K)
[2025-04-16T15:14:20.538+0000][2154.547s][info][gc,metaspace   ] GC(1361) Metaspace: 37408K(37760K)->37408K(37760K) NonClass: 32981K(33152K)->32981K(33152K) Class: 4426K(4608K)->4426K(4608K)
[2025-04-16T15:14:20.538+0000][2154.547s][info][gc             ] GC(1361) Pause Young (Allocation Failure) 23M->14M(31M) 1.268ms
[2025-04-16T15:14:20.538+0000][2154.547s][info][gc,cpu         ] GC(1361) User=0.00s Sys=0.00s Real=0.00s
[2025-04-16T15:14:22.167+0000][2156.176s][info][gc,start       ] GC(1362) Pause Young (Allocation Failure)
[2025-04-16T15:14:22.168+0000][2156.177s][info][gc,heap        ] GC(1362) DefNew: 9181K(10176K)->75K(10176K) Eden: 9088K(9088K)->0K(9088K) From: 93K(1088K)->75K(1088K)
[2025-04-16T15:14:22.168+0000][2156.177s][info][gc,heap        ] GC(1362) Tenured: 14942K(22484K)->14942K(22484K)
[2025-04-16T15:14:22.168+0000][2156.177s][info][gc,metaspace   ] GC(1362) Metaspace: 37408K(37760K)->37408K(37760K) NonClass: 32981K(33152K)->32981K(33152K) Class: 4426K(4608K)->4426K(4608K)
[2025-04-16T15:14:22.168+0000][2156.177s][info][gc             ] GC(1362) Pause Young (Allocation Failure) 23M->14M(31M) 1.380ms
[2025-04-16T15:14:22.168+0000][2156.177s][info][gc,cpu         ] GC(1362) User=0.00s Sys=0.00s Real=0.00s
[2025-04-16T15:14:23.871+0000][2157.880s][info][gc,start       ] GC(1363) Pause Young (Allocation Failure)
[2025-04-16T15:14:23.873+0000][2157.882s][info][gc,heap        ] GC(1363) DefNew: 9163K(10176K)->71K(10176K) Eden: 9088K(9088K)->0K(9088K) From: 75K(1088K)->71K(1088K)
[2025-04-16T15:14:23.873+0000][2157.882s][info][gc,heap        ] GC(1363) Tenured: 14942K(22484K)->14942K(22484K)
[2025-04-16T15:14:23.873+0000][2157.882s][info][gc,metaspace   ] GC(1363) Metaspace: 37408K(37760K)->37408K(37760K) NonClass: 32981K(33152K)->32981K(33152K) Class: 4426K(4608K)->4426K(4608K)
[2025-04-16T15:14:23.873+0000][2157.882s][info][gc             ] GC(1363) Pause Young (Allocation Failure) 23M->14M(31M) 1.283ms
[2025-04-16T15:14:23.873+0000][2157.882s][info][gc,cpu         ] GC(1363) User=0.00s Sys=0.00s Real=0.00s
[2025-04-16T15:14:25.353+0000][2159.362s][info][gc,start       ] GC(1364) Pause Young (Allocation Failure)
[2025-04-16T15:14:25.354+0000][2159.363s][info][gc,heap        ] GC(1364) DefNew: 9159K(10176K)->90K(10176K) Eden: 9087K(9088K)->0K(9088K) From: 71K(1088K)->90K(1088K)
[2025-04-16T15:14:25.354+0000][2159.363s][info][gc,heap        ] GC(1364) Tenured: 14942K(22484K)->14942K(22484K)
[2025-04-16T15:14:25.354+0000][2159.363s][info][gc,metaspace   ] GC(1364) Metaspace: 37408K(37760K)->37408K(37760K) NonClass: 32981K(33152K)->32981K(33152K) Class: 4426K(4608K)->4426K(4608K)
[2025-04-16T15:14:25.354+0000][2159.363s][info][gc             ] GC(1364) Pause Young (Allocation Failure) 23M->14M(31M) 1.305ms
[2025-04-16T15:14:25.354+0000][2159.363s][info][gc,cpu         ] GC(1364) User=0.00s Sys=0.00s Real=0.01s
[2025-04-16T15:14:26.810+0000][2160.819s][info][gc,start       ] GC(1365) Pause Young (Allocation Failure)
[2025-04-16T15:14:26.811+0000][2160.820s][info][gc,heap        ] GC(1365) DefNew: 9178K(10176K)->82K(10176K) Eden: 9088K(9088K)->0K(9088K) From: 90K(1088K)->82K(1088K)
[2025-04-16T15:14:26.811+0000][2160.820s][info][gc,heap        ] GC(1365) Tenured: 14942K(22484K)->14942K(22484K)
[2025-04-16T15:14:26.811+0000][2160.820s][info][gc,metaspace   ] GC(1365) Metaspace: 37408K(37760K)->37408K(37760K) NonClass: 32981K(33152K)->32981K(33152K) Class: 4426K(4608K)->4426K(4608K)
[2025-04-16T15:14:26.811+0000][2160.820s][info][gc             ] GC(1365) Pause Young (Allocation Failure) 23M->14M(31M) 1.263ms
[2025-04-16T15:14:26.811+0000][2160.820s][info][gc,cpu         ] GC(1365) User=0.00s Sys=0.00s Real=0.00s
[2025-04-16T15:14:28.490+0000][2162.499s][info][gc,start       ] GC(1366) Pause Young (Allocation Failure)
[2025-04-16T15:14:28.491+0000][2162.500s][info][gc,heap        ] GC(1366) DefNew: 9170K(10176K)->63K(10176K) Eden: 9088K(9088K)->0K(9088K) From: 82K(1088K)->63K(1088K)
[2025-04-16T15:14:28.491+0000][2162.500s][info][gc,heap        ] GC(1366) Tenured: 14942K(22484K)->14942K(22484K)
[2025-04-16T15:14:28.491+0000][2162.500s][info][gc,metaspace   ] GC(1366) Metaspace: 37408K(37760K)->37408K(37760K) NonClass: 32981K(33152K)->32981K(33152K) Class: 4426K(4608K)->4426K(4608K)
[2025-04-16T15:14:28.491+0000][2162.500s][info][gc             ] GC(1366) Pause Young (Allocation Failure) 23M->14M(31M) 1.271ms
[2025-04-16T15:14:28.491+0000][2162.500s][info][gc,cpu         ] GC(1366) User=0.00s Sys=0.00s Real=0.00s
[2025-04-16T15:14:30.233+0000][2164.242s][info][gc,start       ] GC(1367) Pause Young (Allocation Failure)
[2025-04-16T15:14:30.234+0000][2164.243s][info][gc,heap        ] GC(1367) DefNew: 9151K(10176K)->75K(10176K) Eden: 9088K(9088K)->0K(9088K) From: 63K(1088K)->75K(1088K)
[2025-04-16T15:14:30.234+0000][2164.243s][info][gc,heap        ] GC(1367) Tenured: 14942K(22484K)->14942K(22484K)
[2025-04-16T15:14:30.234+0000][2164.243s][info][gc,metaspace   ] GC(1367) Metaspace: 37408K(37760K)->37408K(37760K) NonClass: 32981K(33152K)->32981K(33152K) Class: 4426K(4608K)->4426K(4608K)
[2025-04-16T15:14:30.234+0000][2164.243s][info][gc             ] GC(1367) Pause Young (Allocation Failure) 23M->14M(31M) 1.312ms
[2025-04-16T15:14:30.234+0000][2164.243s][info][gc,cpu         ] GC(1367) User=0.00s Sys=0.00s Real=0.00s
[2025-04-16T15:14:31.957+0000][2165.966s][info][gc,start       ] GC(1368) Pause Young (Allocation Failure)
[2025-04-16T15:14:31.959+0000][2165.968s][info][gc,heap        ] GC(1368) DefNew: 9163K(10176K)->98K(10176K) Eden: 9088K(9088K)->0K(9088K) From: 75K(1088K)->98K(1088K)
[2025-04-16T15:14:31.959+0000][2165.968s][info][gc,heap        ] GC(1368) Tenured: 14942K(22484K)->14942K(22484K)
[2025-04-16T15:14:31.959+0000][2165.968s][info][gc,metaspace   ] GC(1368) Metaspace: 37408K(37760K)->37408K(37760K) NonClass: 32981K(33152K)->32981K(33152K) Class: 4426K(4608K)->4426K(4608K)
[2025-04-16T15:14:31.959+0000][2165.968s][info][gc             ] GC(1368) Pause Young (Allocation Failure) 23M->14M(31M) 1.218ms
[2025-04-16T15:14:31.959+0000][2165.968s][info][gc,cpu         ] GC(1368) User=0.00s Sys=0.00s Real=0.00s
[2025-04-16T15:14:33.556+0000][2167.565s][info][gc,start       ] GC(1369) Pause Young (Allocation Failure)
[2025-04-16T15:14:33.557+0000][2167.566s][info][gc,heap        ] GC(1369) DefNew: 9184K(10176K)->82K(10176K) Eden: 9085K(9088K)->0K(9088K) From: 98K(1088K)->82K(1088K)
[2025-04-16T15:14:33.557+0000][2167.566s][info][gc,heap        ] GC(1369) Tenured: 14942K(22484K)->14943K(22484K)
[2025-04-16T15:14:33.557+0000][2167.566s][info][gc,metaspace   ] GC(1369) Metaspace: 37408K(37760K)->37408K(37760K) NonClass: 32981K(33152K)->32981K(33152K) Class: 4426K(4608K)->4426K(4608K)
[2025-04-16T15:14:33.557+0000][2167.566s][info][gc             ] GC(1369) Pause Young (Allocation Failure) 23M->14M(31M) 1.191ms
[2025-04-16T15:14:33.557+0000][2167.566s][info][gc,cpu         ] GC(1369) User=0.00s Sys=0.00s Real=0.00s
[2025-04-16T15:14:35.087+0000][2169.096s][info][gc,start       ] GC(1370) Pause Young (Allocation Failure)
[2025-04-16T15:14:35.088+0000][2169.097s][info][gc,heap        ] GC(1370) DefNew: 9170K(10176K)->62K(10176K) Eden: 9088K(9088K)->0K(9088K) From: 82K(1088K)->62K(1088K)
[2025-04-16T15:14:35.088+0000][2169.097s][info][gc,heap        ] GC(1370) Tenured: 14943K(22484K)->14944K(22484K)
[2025-04-16T15:14:35.088+0000][2169.097s][info][gc,metaspace   ] GC(1370) Metaspace: 37408K(37760K)->37408K(37760K) NonClass: 32981K(33152K)->32981K(33152K) Class: 4426K(4608K)->4426K(4608K)
[2025-04-16T15:14:35.088+0000][2169.097s][info][gc             ] GC(1370) Pause Young (Allocation Failure) 23M->14M(31M) 1.376ms
[2025-04-16T15:14:35.088+0000][2169.097s][info][gc,cpu         ] GC(1370) User=0.00s Sys=0.01s Real=0.00s
[2025-04-16T15:14:36.685+0000][2170.694s][info][gc,start       ] GC(1371) Pause Young (Allocation Failure)
[2025-04-16T15:14:36.686+0000][2170.695s][info][gc,heap        ] GC(1371) DefNew: 9150K(10176K)->74K(10176K) Eden: 9088K(9088K)->0K(9088K) From: 62K(1088K)->74K(1088K)
[2025-04-16T15:14:36.686+0000][2170.695s][info][gc,heap        ] GC(1371) Tenured: 14944K(22484K)->14944K(22484K)
[2025-04-16T15:14:36.686+0000][2170.695s][info][gc,metaspace   ] GC(1371) Metaspace: 37408K(37760K)->37408K(37760K) NonClass: 32981K(33152K)->32981K(33152K) Class: 4426K(4608K)->4426K(4608K)
[2025-04-16T15:14:36.686+0000][2170.695s][info][gc             ] GC(1371) Pause Young (Allocation Failure) 23M->14M(31M) 1.237ms
[2025-04-16T15:14:36.686+0000][2170.695s][info][gc,cpu         ] GC(1371) User=0.01s Sys=0.00s Real=0.00s
[2025-04-16T15:14:38.126+0000][2172.135s][info][gc,start       ] GC(1372) Pause Young (Allocation Failure)
[2025-04-16T15:14:38.127+0000][2172.136s][info][gc,heap        ] GC(1372) DefNew: 9162K(10176K)->85K(10176K) Eden: 9088K(9088K)->0K(9088K) From: 74K(1088K)->85K(1088K)
[2025-04-16T15:14:38.127+0000][2172.136s][info][gc,heap        ] GC(1372) Tenured: 14944K(22484K)->14944K(22484K)
[2025-04-16T15:14:38.127+0000][2172.136s][info][gc,metaspace   ] GC(1372) Metaspace: 37408K(37760K)->37408K(37760K) NonClass: 32981K(33152K)->32981K(33152K) Class: 4426K(4608K)->4426K(4608K)
[2025-04-16T15:14:38.127+0000][2172.136s][info][gc             ] GC(1372) Pause Young (Allocation Failure) 23M->14M(31M) 1.385ms
[2025-04-16T15:14:38.127+0000][2172.136s][info][gc,cpu         ] GC(1372) User=0.00s Sys=0.00s Real=0.00s
[2025-04-16T15:14:40.010+0000][2174.019s][info][gc,start       ] GC(1373) Pause Young (Allocation Failure)
[2025-04-16T15:14:40.011+0000][2174.020s][info][gc,heap        ] GC(1373) DefNew: 9173K(10176K)->90K(10176K) Eden: 9088K(9088K)->0K(9088K) From: 85K(1088K)->90K(1088K)
[2025-04-16T15:14:40.011+0000][2174.020s][info][gc,heap        ] GC(1373) Tenured: 14944K(22484K)->14944K(22484K)
[2025-04-16T15:14:40.011+0000][2174.020s][info][gc,metaspace   ] GC(1373) Metaspace: 37408K(37760K)->37408K(37760K) NonClass: 32981K(33152K)->32981K(33152K) Class: 4426K(4608K)->4426K(4608K)
[2025-04-16T15:14:40.011+0000][2174.020s][info][gc             ] GC(1373) Pause Young (Allocation Failure) 23M->14M(31M) 1.274ms
[2025-04-16T15:14:40.011+0000][2174.020s][info][gc,cpu         ] GC(1373) User=0.00s Sys=0.00s Real=0.00s
[2025-04-16T15:14:41.578+0000][2175.587s][info][gc,start       ] GC(1374) Pause Young (Allocation Failure)
[2025-04-16T15:14:41.579+0000][2175.588s][info][gc,heap        ] GC(1374) DefNew: 9178K(10176K)->83K(10176K) Eden: 9088K(9088K)->0K(9088K) From: 90K(1088K)->83K(1088K)
[2025-04-16T15:14:41.579+0000][2175.589s][info][gc,heap        ] GC(1374) Tenured: 14944K(22484K)->14944K(22484K)
[2025-04-16T15:14:41.580+0000][2175.589s][info][gc,metaspace   ] GC(1374) Metaspace: 37408K(37760K)->37408K(37760K) NonClass: 32981K(33152K)->32981K(33152K) Class: 4426K(4608K)->4426K(4608K)
[2025-04-16T15:14:41.580+0000][2175.589s][info][gc             ] GC(1374) Pause Young (Allocation Failure) 23M->14M(31M) 1.289ms
[2025-04-16T15:14:41.580+0000][2175.589s][info][gc,cpu         ] GC(1374) User=0.00s Sys=0.00s Real=0.00s
[2025-04-16T15:14:43.028+0000][2177.037s][info][gc,start       ] GC(1375) Pause Young (Allocation Failure)
[2025-04-16T15:14:43.029+0000][2177.038s][info][gc,heap        ] GC(1375) DefNew: 9161K(10176K)->96K(10176K) Eden: 9077K(9088K)->0K(9088K) From: 83K(1088K)->96K(1088K)
[2025-04-16T15:14:43.029+0000][2177.038s][info][gc,heap        ] GC(1375) Tenured: 14944K(22484K)->14944K(22484K)
[2025-04-16T15:14:43.029+0000][2177.038s][info][gc,metaspace   ] GC(1375) Metaspace: 37408K(37760K)->37408K(37760K) NonClass: 32981K(33152K)->32981K(33152K) Class: 4426K(4608K)->4426K(4608K)
[2025-04-16T15:14:43.029+0000][2177.038s][info][gc             ] GC(1375) Pause Young (Allocation Failure) 23M->14M(31M) 1.310ms
[2025-04-16T15:14:43.029+0000][2177.038s][info][gc,cpu         ] GC(1375) User=0.00s Sys=0.00s Real=0.00s
[2025-04-16T15:14:44.698+0000][2178.707s][info][gc,start       ] GC(1376) Pause Young (Allocation Failure)
[2025-04-16T15:14:44.700+0000][2178.709s][info][gc,heap        ] GC(1376) DefNew: 9184K(10176K)->78K(10176K) Eden: 9088K(9088K)->0K(9088K) From: 96K(1088K)->78K(1088K)
[2025-04-16T15:14:44.700+0000][2178.709s][info][gc,heap        ] GC(1376) Tenured: 14944K(22484K)->14944K(22484K)
[2025-04-16T15:14:44.700+0000][2178.709s][info][gc,metaspace   ] GC(1376) Metaspace: 37414K(37760K)->37414K(37760K) NonClass: 32988K(33152K)->32988K(33152K) Class: 4426K(4608K)->4426K(4608K)
[2025-04-16T15:14:44.700+0000][2178.709s][info][gc             ] GC(1376) Pause Young (Allocation Failure) 23M->14M(31M) 1.360ms
[2025-04-16T15:14:44.700+0000][2178.709s][info][gc,cpu         ] GC(1376) User=0.00s Sys=0.00s Real=0.00s
[2025-04-16T15:14:45.944+0000][2179.953s][info][gc,start       ] GC(1377) Pause Young (Allocation Failure)
[2025-04-16T15:14:45.945+0000][2179.954s][info][gc,heap        ] GC(1377) DefNew: 9166K(10176K)->78K(10176K) Eden: 9087K(9088K)->0K(9088K) From: 78K(1088K)->78K(1088K)
[2025-04-16T15:14:45.945+0000][2179.954s][info][gc,heap        ] GC(1377) Tenured: 14944K(22484K)->14944K(22484K)
[2025-04-16T15:14:45.945+0000][2179.954s][info][gc,metaspace   ] GC(1377) Metaspace: 37414K(37760K)->37414K(37760K) NonClass: 32988K(33152K)->32988K(33152K) Class: 4426K(4608K)->4426K(4608K)
[2025-04-16T15:14:45.945+0000][2179.954s][info][gc             ] GC(1377) Pause Young (Allocation Failure) 23M->14M(31M) 1.275ms
[2025-04-16T15:14:45.945+0000][2179.954s][info][gc,cpu         ] GC(1377) User=0.00s Sys=0.00s Real=0.00s
[2025-04-16T15:14:47.865+0000][2181.874s][info][gc,start       ] GC(1378) Pause Young (Allocation Failure)
[2025-04-16T15:14:47.866+0000][2181.875s][info][gc,heap        ] GC(1378) DefNew: 9166K(10176K)->95K(10176K) Eden: 9088K(9088K)->0K(9088K) From: 78K(1088K)->95K(1088K)
[2025-04-16T15:14:47.866+0000][2181.875s][info][gc,heap        ] GC(1378) Tenured: 14944K(22484K)->14944K(22484K)
[2025-04-16T15:14:47.866+0000][2181.875s][info][gc,metaspace   ] GC(1378) Metaspace: 37414K(37760K)->37414K(37760K) NonClass: 32988K(33152K)->32988K(33152K) Class: 4426K(4608K)->4426K(4608K)
[2025-04-16T15:14:47.866+0000][2181.875s][info][gc             ] GC(1378) Pause Young (Allocation Failure) 23M->14M(31M) 1.282ms
[2025-04-16T15:14:47.866+0000][2181.875s][info][gc,cpu         ] GC(1378) User=0.00s Sys=0.00s Real=0.00s
[2025-04-16T15:14:49.374+0000][2183.383s][info][gc,start       ] GC(1379) Pause Young (Allocation Failure)
[2025-04-16T15:14:49.375+0000][2183.384s][info][gc,heap        ] GC(1379) DefNew: 9183K(10176K)->91K(10176K) Eden: 9088K(9088K)->0K(9088K) From: 95K(1088K)->91K(1088K)
[2025-04-16T15:14:49.375+0000][2183.384s][info][gc,heap        ] GC(1379) Tenured: 14944K(22484K)->14944K(22484K)
[2025-04-16T15:14:49.375+0000][2183.384s][info][gc,metaspace   ] GC(1379) Metaspace: 37414K(37760K)->37414K(37760K) NonClass: 32988K(33152K)->32988K(33152K) Class: 4426K(4608K)->4426K(4608K)
[2025-04-16T15:14:49.375+0000][2183.384s][info][gc             ] GC(1379) Pause Young (Allocation Failure) 23M->14M(31M) 1.248ms
[2025-04-16T15:14:49.375+0000][2183.384s][info][gc,cpu         ] GC(1379) User=0.00s Sys=0.00s Real=0.00s
[2025-04-16T15:14:50.858+0000][2184.867s][info][gc,start       ] GC(1380) Pause Young (Allocation Failure)
[2025-04-16T15:14:50.859+0000][2184.868s][info][gc,heap        ] GC(1380) DefNew: 9174K(10176K)->84K(10176K) Eden: 9083K(9088K)->0K(9088K) From: 91K(1088K)->84K(1088K)
[2025-04-16T15:14:50.859+0000][2184.868s][info][gc,heap        ] GC(1380) Tenured: 14944K(22484K)->14944K(22484K)
[2025-04-16T15:14:50.859+0000][2184.868s][info][gc,metaspace   ] GC(1380) Metaspace: 37430K(37760K)->37430K(37760K) NonClass: 33003K(33152K)->33003K(33152K) Class: 4426K(4608K)->4426K(4608K)
[2025-04-16T15:14:50.859+0000][2184.868s][info][gc             ] GC(1380) Pause Young (Allocation Failure) 23M->14M(31M) 1.345ms
[2025-04-16T15:14:50.859+0000][2184.868s][info][gc,cpu         ] GC(1380) User=0.00s Sys=0.00s Real=0.00s
[2025-04-16T15:14:52.459+0000][2186.468s][info][gc,start       ] GC(1381) Pause Young (Allocation Failure)
[2025-04-16T15:14:52.460+0000][2186.469s][info][gc,heap        ] GC(1381) DefNew: 9172K(10176K)->80K(10176K) Eden: 9088K(9088K)->0K(9088K) From: 84K(1088K)->80K(1088K)
[2025-04-16T15:14:52.460+0000][2186.469s][info][gc,heap        ] GC(1381) Tenured: 14944K(22484K)->14944K(22484K)
[2025-04-16T15:14:52.460+0000][2186.469s][info][gc,metaspace   ] GC(1381) Metaspace: 37430K(37760K)->37430K(37760K) NonClass: 33003K(33152K)->33003K(33152K) Class: 4426K(4608K)->4426K(4608K)
[2025-04-16T15:14:52.460+0000][2186.469s][info][gc             ] GC(1381) Pause Young (Allocation Failure) 23M->14M(31M) 1.305ms
[2025-04-16T15:14:52.460+0000][2186.469s][info][gc,cpu         ] GC(1381) User=0.00s Sys=0.00s Real=0.00s
[2025-04-16T15:14:54.233+0000][2188.242s][info][gc,start       ] GC(1382) Pause Young (Allocation Failure)
[2025-04-16T15:14:54.235+0000][2188.244s][info][gc,heap        ] GC(1382) DefNew: 9168K(10176K)->98K(10176K) Eden: 9088K(9088K)->0K(9088K) From: 80K(1088K)->98K(1088K)
[2025-04-16T15:14:54.235+0000][2188.244s][info][gc,heap        ] GC(1382) Tenured: 14944K(22484K)->14944K(22484K)
[2025-04-16T15:14:54.235+0000][2188.244s][info][gc,metaspace   ] GC(1382) Metaspace: 37430K(37760K)->37430K(37760K) NonClass: 33003K(33152K)->33003K(33152K) Class: 4426K(4608K)->4426K(4608K)
[2025-04-16T15:14:54.235+0000][2188.244s][info][gc             ] GC(1382) Pause Young (Allocation Failure) 23M->14M(31M) 1.348ms
[2025-04-16T15:14:54.235+0000][2188.244s][info][gc,cpu         ] GC(1382) User=0.00s Sys=0.00s Real=0.01s
[2025-04-16T15:14:55.701+0000][2189.710s][info][gc,start       ] GC(1383) Pause Young (Allocation Failure)
[2025-04-16T15:14:55.702+0000][2189.711s][info][gc,heap        ] GC(1383) DefNew: 9183K(10176K)->105K(10176K) Eden: 9085K(9088K)->0K(9088K) From: 98K(1088K)->105K(1088K)
[2025-04-16T15:14:55.702+0000][2189.711s][info][gc,heap        ] GC(1383) Tenured: 14944K(22484K)->14945K(22484K)
[2025-04-16T15:14:55.702+0000][2189.711s][info][gc,metaspace   ] GC(1383) Metaspace: 37430K(37760K)->37430K(37760K) NonClass: 33003K(33152K)->33003K(33152K) Class: 4426K(4608K)->4426K(4608K)
[2025-04-16T15:14:55.702+0000][2189.711s][info][gc             ] GC(1383) Pause Young (Allocation Failure) 23M->14M(31M) 1.377ms
[2025-04-16T15:14:55.702+0000][2189.711s][info][gc,cpu         ] GC(1383) User=0.00s Sys=0.00s Real=0.00s
[2025-04-16T15:14:57.557+0000][2191.566s][info][gc,start       ] GC(1384) Pause Young (Allocation Failure)
[2025-04-16T15:14:57.558+0000][2191.567s][info][gc,heap        ] GC(1384) DefNew: 9193K(10176K)->86K(10176K) Eden: 9088K(9088K)->0K(9088K) From: 105K(1088K)->86K(1088K)
[2025-04-16T15:14:57.558+0000][2191.567s][info][gc,heap        ] GC(1384) Tenured: 14945K(22484K)->14945K(22484K)
[2025-04-16T15:14:57.558+0000][2191.567s][info][gc,metaspace   ] GC(1384) Metaspace: 37430K(37760K)->37430K(37760K) NonClass: 33003K(33152K)->33003K(33152K) Class: 4426K(4608K)->4426K(4608K)
[2025-04-16T15:14:57.558+0000][2191.567s][info][gc             ] GC(1384) Pause Young (Allocation Failure) 23M->14M(31M) 1.379ms
[2025-04-16T15:14:57.558+0000][2191.567s][info][gc,cpu         ] GC(1384) User=0.00s Sys=0.00s Real=0.00s
[2025-04-16T15:14:59.115+0000][2193.124s][info][gc,start       ] GC(1385) Pause Young (Allocation Failure)
[2025-04-16T15:14:59.116+0000][2193.125s][info][gc,heap        ] GC(1385) DefNew: 9174K(10176K)->84K(10176K) Eden: 9088K(9088K)->0K(9088K) From: 86K(1088K)->84K(1088K)
[2025-04-16T15:14:59.116+0000][2193.125s][info][gc,heap        ] GC(1385) Tenured: 14945K(22484K)->14945K(22484K)
[2025-04-16T15:14:59.116+0000][2193.125s][info][gc,metaspace   ] GC(1385) Metaspace: 37430K(37760K)->37430K(37760K) NonClass: 33003K(33152K)->33003K(33152K) Class: 4426K(4608K)->4426K(4608K)
[2025-04-16T15:14:59.116+0000][2193.125s][info][gc             ] GC(1385) Pause Young (Allocation Failure) 23M->14M(31M) 1.231ms
[2025-04-16T15:14:59.116+0000][2193.125s][info][gc,cpu         ] GC(1385) User=0.00s Sys=0.00s Real=0.00s
[2025-04-16T15:15:00.866+0000][2194.875s][info][gc,start       ] GC(1386) Pause Young (Allocation Failure)
[2025-04-16T15:15:00.868+0000][2194.877s][info][gc,heap        ] GC(1386) DefNew: 9172K(10176K)->103K(10176K) Eden: 9088K(9088K)->0K(9088K) From: 84K(1088K)->103K(1088K)
[2025-04-16T15:15:00.868+0000][2194.877s][info][gc,heap        ] GC(1386) Tenured: 14945K(22484K)->14945K(22484K)
[2025-04-16T15:15:00.868+0000][2194.877s][info][gc,metaspace   ] GC(1386) Metaspace: 37430K(37760K)->37430K(37760K) NonClass: 33003K(33152K)->33003K(33152K) Class: 4426K(4608K)->4426K(4608K)
[2025-04-16T15:15:00.868+0000][2194.877s][info][gc             ] GC(1386) Pause Young (Allocation Failure) 23M->14M(31M) 1.276ms
[2025-04-16T15:15:00.868+0000][2194.877s][info][gc,cpu         ] GC(1386) User=0.00s Sys=0.00s Real=0.00s
[2025-04-16T15:15:02.410+0000][2196.419s][info][gc,start       ] GC(1387) Pause Young (Allocation Failure)
[2025-04-16T15:15:02.411+0000][2196.420s][info][gc,heap        ] GC(1387) DefNew: 9191K(10176K)->85K(10176K) Eden: 9088K(9088K)->0K(9088K) From: 103K(1088K)->85K(1088K)
[2025-04-16T15:15:02.411+0000][2196.420s][info][gc,heap        ] GC(1387) Tenured: 14945K(22484K)->14947K(22484K)
[2025-04-16T15:15:02.411+0000][2196.420s][info][gc,metaspace   ] GC(1387) Metaspace: 37430K(37760K)->37430K(37760K) NonClass: 33003K(33152K)->33003K(33152K) Class: 4426K(4608K)->4426K(4608K)
[2025-04-16T15:15:02.411+0000][2196.420s][info][gc             ] GC(1387) Pause Young (Allocation Failure) 23M->14M(31M) 1.371ms
[2025-04-16T15:15:02.411+0000][2196.420s][info][gc,cpu         ] GC(1387) User=0.00s Sys=0.00s Real=0.00s
[2025-04-16T15:15:04.115+0000][2198.124s][info][gc,start       ] GC(1388) Pause Young (Allocation Failure)
[2025-04-16T15:15:04.117+0000][2198.126s][info][gc,heap        ] GC(1388) DefNew: 9173K(10176K)->85K(10176K) Eden: 9088K(9088K)->0K(9088K) From: 85K(1088K)->85K(1088K)
[2025-04-16T15:15:04.117+0000][2198.126s][info][gc,heap        ] GC(1388) Tenured: 14947K(22484K)->14947K(22484K)
[2025-04-16T15:15:04.117+0000][2198.126s][info][gc,metaspace   ] GC(1388) Metaspace: 37430K(37760K)->37430K(37760K) NonClass: 33003K(33152K)->33003K(33152K) Class: 4426K(4608K)->4426K(4608K)
[2025-04-16T15:15:04.117+0000][2198.126s][info][gc             ] GC(1388) Pause Young (Allocation Failure) 23M->14M(31M) 1.364ms
[2025-04-16T15:15:04.117+0000][2198.126s][info][gc,cpu         ] GC(1388) User=0.00s Sys=0.00s Real=0.00s
[2025-04-16T15:15:05.470+0000][2199.479s][info][gc,start       ] GC(1389) Pause Young (Allocation Failure)
[2025-04-16T15:15:05.471+0000][2199.480s][info][gc,heap        ] GC(1389) DefNew: 9173K(10176K)->89K(10176K) Eden: 9088K(9088K)->0K(9088K) From: 85K(1088K)->89K(1088K)
[2025-04-16T15:15:05.471+0000][2199.480s][info][gc,heap        ] GC(1389) Tenured: 14947K(22484K)->14948K(22484K)
[2025-04-16T15:15:05.471+0000][2199.480s][info][gc,metaspace   ] GC(1389) Metaspace: 37430K(37760K)->37430K(37760K) NonClass: 33003K(33152K)->33003K(33152K) Class: 4426K(4608K)->4426K(4608K)
[2025-04-16T15:15:05.471+0000][2199.480s][info][gc             ] GC(1389) Pause Young (Allocation Failure) 23M->14M(31M) 1.369ms
[2025-04-16T15:15:05.471+0000][2199.480s][info][gc,cpu         ] GC(1389) User=0.00s Sys=0.00s Real=0.00s
[2025-04-16T15:15:07.284+0000][2201.293s][info][gc,start       ] GC(1390) Pause Young (Allocation Failure)
[2025-04-16T15:15:07.286+0000][2201.295s][info][gc,heap        ] GC(1390) DefNew: 9177K(10176K)->87K(10176K) Eden: 9088K(9088K)->0K(9088K) From: 89K(1088K)->87K(1088K)
[2025-04-16T15:15:07.286+0000][2201.295s][info][gc,heap        ] GC(1390) Tenured: 14948K(22484K)->14949K(22484K)
[2025-04-16T15:15:07.286+0000][2201.295s][info][gc,metaspace   ] GC(1390) Metaspace: 37430K(37760K)->37430K(37760K) NonClass: 33003K(33152K)->33003K(33152K) Class: 4426K(4608K)->4426K(4608K)
[2025-04-16T15:15:07.286+0000][2201.295s][info][gc             ] GC(1390) Pause Young (Allocation Failure) 23M->14M(31M) 1.398ms
[2025-04-16T15:15:07.286+0000][2201.295s][info][gc,cpu         ] GC(1390) User=0.00s Sys=0.00s Real=0.00s
[2025-04-16T15:15:08.928+0000][2202.937s][info][gc,start       ] GC(1391) Pause Young (Allocation Failure)
[2025-04-16T15:15:08.930+0000][2202.939s][info][gc,heap        ] GC(1391) DefNew: 9175K(10176K)->100K(10176K) Eden: 9088K(9088K)->0K(9088K) From: 87K(1088K)->100K(1088K)
[2025-04-16T15:15:08.930+0000][2202.939s][info][gc,heap        ] GC(1391) Tenured: 14949K(22484K)->14952K(22484K)
[2025-04-16T15:15:08.930+0000][2202.939s][info][gc,metaspace   ] GC(1391) Metaspace: 37430K(37760K)->37430K(37760K) NonClass: 33003K(33152K)->33003K(33152K) Class: 4426K(4608K)->4426K(4608K)
[2025-04-16T15:15:08.930+0000][2202.939s][info][gc             ] GC(1391) Pause Young (Allocation Failure) 23M->14M(31M) 1.371ms
[2025-04-16T15:15:08.930+0000][2202.939s][info][gc,cpu         ] GC(1391) User=0.00s Sys=0.00s Real=0.00s
[2025-04-16T15:15:10.504+0000][2204.513s][info][gc,start       ] GC(1392) Pause Young (Allocation Failure)
[2025-04-16T15:15:10.506+0000][2204.515s][info][gc,heap        ] GC(1392) DefNew: 9188K(10176K)->99K(10176K) Eden: 9088K(9088K)->0K(9088K) From: 100K(1088K)->99K(1088K)
[2025-04-16T15:15:10.506+0000][2204.515s][info][gc,heap        ] GC(1392) Tenured: 14952K(22484K)->14952K(22484K)
[2025-04-16T15:15:10.506+0000][2204.515s][info][gc,metaspace   ] GC(1392) Metaspace: 37430K(37760K)->37430K(37760K) NonClass: 33003K(33152K)->33003K(33152K) Class: 4426K(4608K)->4426K(4608K)
[2025-04-16T15:15:10.506+0000][2204.515s][info][gc             ] GC(1392) Pause Young (Allocation Failure) 23M->14M(31M) 1.386ms
[2025-04-16T15:15:10.506+0000][2204.515s][info][gc,cpu         ] GC(1392) User=0.01s Sys=0.00s Real=0.00s
[2025-04-16T15:15:12.143+0000][2206.152s][info][gc,start       ] GC(1393) Pause Young (Allocation Failure)
[2025-04-16T15:15:12.144+0000][2206.153s][info][gc,heap        ] GC(1393) DefNew: 9187K(10176K)->89K(10176K) Eden: 9088K(9088K)->0K(9088K) From: 99K(1088K)->89K(1088K)
[2025-04-16T15:15:12.144+0000][2206.154s][info][gc,heap        ] GC(1393) Tenured: 14952K(22484K)->14952K(22484K)
[2025-04-16T15:15:12.144+0000][2206.154s][info][gc,metaspace   ] GC(1393) Metaspace: 37430K(37760K)->37430K(37760K) NonClass: 33003K(33152K)->33003K(33152K) Class: 4426K(4608K)->4426K(4608K)
[2025-04-16T15:15:12.145+0000][2206.154s][info][gc             ] GC(1393) Pause Young (Allocation Failure) 23M->14M(31M) 1.271ms
[2025-04-16T15:15:12.145+0000][2206.154s][info][gc,cpu         ] GC(1393) User=0.00s Sys=0.00s Real=0.01s
[2025-04-16T15:15:13.735+0000][2207.744s][info][gc,start       ] GC(1394) Pause Young (Allocation Failure)
[2025-04-16T15:15:13.736+0000][2207.745s][info][gc,heap        ] GC(1394) DefNew: 9177K(10176K)->89K(10176K) Eden: 9087K(9088K)->0K(9088K) From: 89K(1088K)->89K(1088K)
[2025-04-16T15:15:13.736+0000][2207.745s][info][gc,heap        ] GC(1394) Tenured: 14952K(22484K)->14952K(22484K)
[2025-04-16T15:15:13.736+0000][2207.745s][info][gc,metaspace   ] GC(1394) Metaspace: 37430K(37760K)->37430K(37760K) NonClass: 33003K(33152K)->33003K(33152K) Class: 4426K(4608K)->4426K(4608K)
[2025-04-16T15:15:13.736+0000][2207.745s][info][gc             ] GC(1394) Pause Young (Allocation Failure) 23M->14M(31M) 1.196ms
[2025-04-16T15:15:13.736+0000][2207.745s][info][gc,cpu         ] GC(1394) User=0.00s Sys=0.00s Real=0.00s
[2025-04-16T15:15:15.547+0000][2209.556s][info][gc,start       ] GC(1395) Pause Young (Allocation Failure)
[2025-04-16T15:15:15.548+0000][2209.557s][info][gc,heap        ] GC(1395) DefNew: 9177K(10176K)->110K(10176K) Eden: 9088K(9088K)->0K(9088K) From: 89K(1088K)->110K(1088K)
[2025-04-16T15:15:15.548+0000][2209.557s][info][gc,heap        ] GC(1395) Tenured: 14952K(22484K)->14953K(22484K)
[2025-04-16T15:15:15.548+0000][2209.557s][info][gc,metaspace   ] GC(1395) Metaspace: 37430K(37760K)->37430K(37760K) NonClass: 33003K(33152K)->33003K(33152K) Class: 4426K(4608K)->4426K(4608K)
[2025-04-16T15:15:15.548+0000][2209.557s][info][gc             ] GC(1395) Pause Young (Allocation Failure) 23M->14M(31M) 1.285ms
[2025-04-16T15:15:15.548+0000][2209.557s][info][gc,cpu         ] GC(1395) User=0.00s Sys=0.00s Real=0.00s
[2025-04-16T15:15:17.094+0000][2211.103s][info][gc,start       ] GC(1396) Pause Young (Allocation Failure)
[2025-04-16T15:15:17.095+0000][2211.104s][info][gc,heap        ] GC(1396) DefNew: 9198K(10176K)->105K(10176K) Eden: 9088K(9088K)->0K(9088K) From: 110K(1088K)->105K(1088K)
[2025-04-16T15:15:17.095+0000][2211.104s][info][gc,heap        ] GC(1396) Tenured: 14953K(22484K)->14953K(22484K)
[2025-04-16T15:15:17.095+0000][2211.104s][info][gc,metaspace   ] GC(1396) Metaspace: 37430K(37760K)->37430K(37760K) NonClass: 33003K(33152K)->33003K(33152K) Class: 4426K(4608K)->4426K(4608K)
[2025-04-16T15:15:17.095+0000][2211.104s][info][gc             ] GC(1396) Pause Young (Allocation Failure) 23M->14M(31M) 1.247ms
[2025-04-16T15:15:17.095+0000][2211.104s][info][gc,cpu         ] GC(1396) User=0.00s Sys=0.00s Real=0.01s
[2025-04-16T15:15:18.402+0000][2212.411s][info][gc,start       ] GC(1397) Pause Young (Allocation Failure)
[2025-04-16T15:15:18.403+0000][2212.412s][info][gc,heap        ] GC(1397) DefNew: 9193K(10176K)->102K(10176K) Eden: 9088K(9088K)->0K(9088K) From: 105K(1088K)->102K(1088K)
[2025-04-16T15:15:18.403+0000][2212.412s][info][gc,heap        ] GC(1397) Tenured: 14953K(22484K)->14954K(22484K)
[2025-04-16T15:15:18.403+0000][2212.412s][info][gc,metaspace   ] GC(1397) Metaspace: 37430K(37760K)->37430K(37760K) NonClass: 33003K(33152K)->33003K(33152K) Class: 4426K(4608K)->4426K(4608K)
[2025-04-16T15:15:18.403+0000][2212.412s][info][gc             ] GC(1397) Pause Young (Allocation Failure) 23M->14M(31M) 1.290ms
[2025-04-16T15:15:18.403+0000][2212.412s][info][gc,cpu         ] GC(1397) User=0.00s Sys=0.00s Real=0.00s
[2025-04-16T15:15:20.077+0000][2214.086s][info][gc,start       ] GC(1398) Pause Young (Allocation Failure)
[2025-04-16T15:15:20.078+0000][2214.087s][info][gc,heap        ] GC(1398) DefNew: 9190K(10176K)->81K(10176K) Eden: 9088K(9088K)->0K(9088K) From: 102K(1088K)->81K(1088K)
[2025-04-16T15:15:20.078+0000][2214.087s][info][gc,heap        ] GC(1398) Tenured: 14954K(22484K)->14959K(22484K)
[2025-04-16T15:15:20.078+0000][2214.087s][info][gc,metaspace   ] GC(1398) Metaspace: 37430K(37760K)->37430K(37760K) NonClass: 33003K(33152K)->33003K(33152K) Class: 4426K(4608K)->4426K(4608K)
[2025-04-16T15:15:20.078+0000][2214.087s][info][gc             ] GC(1398) Pause Young (Allocation Failure) 23M->14M(31M) 1.339ms
[2025-04-16T15:15:20.078+0000][2214.087s][info][gc,cpu         ] GC(1398) User=0.00s Sys=0.00s Real=0.00s
[2025-04-16T15:15:21.810+0000][2215.819s][info][gc,start       ] GC(1399) Pause Young (Allocation Failure)
[2025-04-16T15:15:21.811+0000][2215.820s][info][gc,heap        ] GC(1399) DefNew: 9162K(10176K)->102K(10176K) Eden: 9080K(9088K)->0K(9088K) From: 81K(1088K)->102K(1088K)
[2025-04-16T15:15:21.811+0000][2215.820s][info][gc,heap        ] GC(1399) Tenured: 14959K(22484K)->14959K(22484K)
[2025-04-16T15:15:21.811+0000][2215.820s][info][gc,metaspace   ] GC(1399) Metaspace: 37430K(37760K)->37430K(37760K) NonClass: 33003K(33152K)->33003K(33152K) Class: 4426K(4608K)->4426K(4608K)
[2025-04-16T15:15:21.811+0000][2215.820s][info][gc             ] GC(1399) Pause Young (Allocation Failure) 23M->14M(31M) 1.334ms
[2025-04-16T15:15:21.811+0000][2215.820s][info][gc,cpu         ] GC(1399) User=0.00s Sys=0.00s Real=0.00s
[2025-04-16T15:15:23.443+0000][2217.452s][info][gc,start       ] GC(1400) Pause Young (Allocation Failure)
[2025-04-16T15:15:23.444+0000][2217.453s][info][gc,heap        ] GC(1400) DefNew: 9190K(10176K)->86K(10176K) Eden: 9088K(9088K)->0K(9088K) From: 102K(1088K)->86K(1088K)
[2025-04-16T15:15:23.444+0000][2217.453s][info][gc,heap        ] GC(1400) Tenured: 14959K(22484K)->14960K(22484K)
[2025-04-16T15:15:23.444+0000][2217.453s][info][gc,metaspace   ] GC(1400) Metaspace: 37430K(37760K)->37430K(37760K) NonClass: 33003K(33152K)->33003K(33152K) Class: 4426K(4608K)->4426K(4608K)
[2025-04-16T15:15:23.444+0000][2217.453s][info][gc             ] GC(1400) Pause Young (Allocation Failure) 23M->14M(31M) 1.388ms
[2025-04-16T15:15:23.444+0000][2217.453s][info][gc,cpu         ] GC(1400) User=0.00s Sys=0.00s Real=0.01s
[2025-04-16T15:15:24.836+0000][2218.845s][info][gc,start       ] GC(1401) Pause Young (Allocation Failure)
[2025-04-16T15:15:24.837+0000][2218.846s][info][gc,heap        ] GC(1401) DefNew: 9174K(10176K)->87K(10176K) Eden: 9088K(9088K)->0K(9088K) From: 86K(1088K)->87K(1088K)
[2025-04-16T15:15:24.837+0000][2218.846s][info][gc,heap        ] GC(1401) Tenured: 14960K(22484K)->14960K(22484K)
[2025-04-16T15:15:24.837+0000][2218.846s][info][gc,metaspace   ] GC(1401) Metaspace: 37430K(37760K)->37430K(37760K) NonClass: 33003K(33152K)->33003K(33152K) Class: 4426K(4608K)->4426K(4608K)
[2025-04-16T15:15:24.837+0000][2218.846s][info][gc             ] GC(1401) Pause Young (Allocation Failure) 23M->14M(31M) 1.208ms
[2025-04-16T15:15:24.837+0000][2218.846s][info][gc,cpu         ] GC(1401) User=0.00s Sys=0.00s Real=0.00s
[2025-04-16T15:15:26.651+0000][2220.660s][info][gc,start       ] GC(1402) Pause Young (Allocation Failure)
[2025-04-16T15:15:26.652+0000][2220.661s][info][gc,heap        ] GC(1402) DefNew: 9175K(10176K)->98K(10176K) Eden: 9087K(9088K)->0K(9088K) From: 87K(1088K)->98K(1088K)
[2025-04-16T15:15:26.652+0000][2220.661s][info][gc,heap        ] GC(1402) Tenured: 14960K(22484K)->14962K(22484K)
[2025-04-16T15:15:26.652+0000][2220.661s][info][gc,metaspace   ] GC(1402) Metaspace: 37430K(37760K)->37430K(37760K) NonClass: 33003K(33152K)->33003K(33152K) Class: 4426K(4608K)->4426K(4608K)
[2025-04-16T15:15:26.652+0000][2220.661s][info][gc             ] GC(1402) Pause Young (Allocation Failure) 23M->14M(31M) 1.269ms
[2025-04-16T15:15:26.652+0000][2220.661s][info][gc,cpu         ] GC(1402) User=0.00s Sys=0.00s Real=0.00s
[2025-04-16T15:15:28.320+0000][2222.329s][info][gc,start       ] GC(1403) Pause Young (Allocation Failure)
[2025-04-16T15:15:28.321+0000][2222.330s][info][gc,heap        ] GC(1403) DefNew: 9186K(10176K)->100K(10176K) Eden: 9088K(9088K)->0K(9088K) From: 98K(1088K)->100K(1088K)
[2025-04-16T15:15:28.321+0000][2222.330s][info][gc,heap        ] GC(1403) Tenured: 14962K(22484K)->14962K(22484K)
[2025-04-16T15:15:28.321+0000][2222.330s][info][gc,metaspace   ] GC(1403) Metaspace: 37430K(37760K)->37430K(37760K) NonClass: 33003K(33152K)->33003K(33152K) Class: 4426K(4608K)->4426K(4608K)
[2025-04-16T15:15:28.321+0000][2222.330s][info][gc             ] GC(1403) Pause Young (Allocation Failure) 23M->14M(31M) 1.351ms
[2025-04-16T15:15:28.321+0000][2222.330s][info][gc,cpu         ] GC(1403) User=0.00s Sys=0.00s Real=0.00s
[2025-04-16T15:15:29.930+0000][2223.939s][info][gc,start       ] GC(1404) Pause Young (Allocation Failure)
[2025-04-16T15:15:29.931+0000][2223.940s][info][gc,heap        ] GC(1404) DefNew: 9188K(10176K)->83K(10176K) Eden: 9088K(9088K)->0K(9088K) From: 100K(1088K)->83K(1088K)
[2025-04-16T15:15:29.931+0000][2223.940s][info][gc,heap        ] GC(1404) Tenured: 14962K(22484K)->14962K(22484K)
[2025-04-16T15:15:29.931+0000][2223.940s][info][gc,metaspace   ] GC(1404) Metaspace: 37430K(37760K)->37430K(37760K) NonClass: 33003K(33152K)->33003K(33152K) Class: 4426K(4608K)->4426K(4608K)
[2025-04-16T15:15:29.931+0000][2223.940s][info][gc             ] GC(1404) Pause Young (Allocation Failure) 23M->14M(31M) 1.184ms
[2025-04-16T15:15:29.931+0000][2223.940s][info][gc,cpu         ] GC(1404) User=0.00s Sys=0.00s Real=0.00s
[2025-04-16T15:15:31.517+0000][2225.526s][info][gc,start       ] GC(1405) Pause Young (Allocation Failure)
[2025-04-16T15:15:31.518+0000][2225.527s][info][gc,heap        ] GC(1405) DefNew: 9168K(10176K)->87K(10176K) Eden: 9085K(9088K)->0K(9088K) From: 83K(1088K)->87K(1088K)
[2025-04-16T15:15:31.518+0000][2225.527s][info][gc,heap        ] GC(1405) Tenured: 14962K(22484K)->14962K(22484K)
[2025-04-16T15:15:31.518+0000][2225.527s][info][gc,metaspace   ] GC(1405) Metaspace: 37430K(37760K)->37430K(37760K) NonClass: 33003K(33152K)->33003K(33152K) Class: 4426K(4608K)->4426K(4608K)
[2025-04-16T15:15:31.518+0000][2225.527s][info][gc             ] GC(1405) Pause Young (Allocation Failure) 23M->14M(31M) 1.367ms
[2025-04-16T15:15:31.518+0000][2225.527s][info][gc,cpu         ] GC(1405) User=0.00s Sys=0.00s Real=0.00s
[2025-04-16T15:15:33.045+0000][2227.055s][info][gc,start       ] GC(1406) Pause Young (Allocation Failure)
[2025-04-16T15:15:33.047+0000][2227.056s][info][gc,heap        ] GC(1406) DefNew: 9175K(10176K)->84K(10176K) Eden: 9088K(9088K)->0K(9088K) From: 87K(1088K)->84K(1088K)
[2025-04-16T15:15:33.047+0000][2227.056s][info][gc,heap        ] GC(1406) Tenured: 14962K(22484K)->14964K(22484K)
[2025-04-16T15:15:33.047+0000][2227.056s][info][gc,metaspace   ] GC(1406) Metaspace: 37430K(37760K)->37430K(37760K) NonClass: 33003K(33152K)->33003K(33152K) Class: 4426K(4608K)->4426K(4608K)
[2025-04-16T15:15:33.047+0000][2227.056s][info][gc             ] GC(1406) Pause Young (Allocation Failure) 23M->14M(31M) 1.252ms
[2025-04-16T15:15:33.047+0000][2227.056s][info][gc,cpu         ] GC(1406) User=0.00s Sys=0.00s Real=0.00s
[2025-04-16T15:15:34.862+0000][2228.871s][info][gc,start       ] GC(1407) Pause Young (Allocation Failure)
[2025-04-16T15:15:34.864+0000][2228.873s][info][gc,heap        ] GC(1407) DefNew: 9172K(10176K)->84K(10176K) Eden: 9088K(9088K)->0K(9088K) From: 84K(1088K)->84K(1088K)
[2025-04-16T15:15:34.864+0000][2228.873s][info][gc,heap        ] GC(1407) Tenured: 14964K(22484K)->14968K(22484K)
[2025-04-16T15:15:34.864+0000][2228.873s][info][gc,metaspace   ] GC(1407) Metaspace: 37430K(37760K)->37430K(37760K) NonClass: 33003K(33152K)->33003K(33152K) Class: 4426K(4608K)->4426K(4608K)
[2025-04-16T15:15:34.864+0000][2228.873s][info][gc             ] GC(1407) Pause Young (Allocation Failure) 23M->14M(31M) 1.359ms
[2025-04-16T15:15:34.864+0000][2228.873s][info][gc,cpu         ] GC(1407) User=0.00s Sys=0.00s Real=0.00s
[2025-04-16T15:15:36.219+0000][2230.228s][info][gc,start       ] GC(1408) Pause Young (Allocation Failure)
[2025-04-16T15:15:36.221+0000][2230.230s][info][gc,heap        ] GC(1408) DefNew: 9172K(10176K)->93K(10176K) Eden: 9088K(9088K)->0K(9088K) From: 84K(1088K)->93K(1088K)
[2025-04-16T15:15:36.221+0000][2230.230s][info][gc,heap        ] GC(1408) Tenured: 14968K(22484K)->14969K(22484K)
[2025-04-16T15:15:36.221+0000][2230.230s][info][gc,metaspace   ] GC(1408) Metaspace: 37430K(37760K)->37430K(37760K) NonClass: 33003K(33152K)->33003K(33152K) Class: 4426K(4608K)->4426K(4608K)
[2025-04-16T15:15:36.221+0000][2230.230s][info][gc             ] GC(1408) Pause Young (Allocation Failure) 23M->14M(31M) 1.316ms
[2025-04-16T15:15:36.221+0000][2230.230s][info][gc,cpu         ] GC(1408) User=0.00s Sys=0.00s Real=0.00s
[2025-04-16T15:15:38.003+0000][2232.012s][info][gc,start       ] GC(1409) Pause Young (Allocation Failure)
[2025-04-16T15:15:38.005+0000][2232.014s][info][gc,heap        ] GC(1409) DefNew: 9181K(10176K)->75K(10176K) Eden: 9088K(9088K)->0K(9088K) From: 93K(1088K)->75K(1088K)
[2025-04-16T15:15:38.005+0000][2232.014s][info][gc,heap        ] GC(1409) Tenured: 14969K(22484K)->14969K(22484K)
[2025-04-16T15:15:38.005+0000][2232.014s][info][gc,metaspace   ] GC(1409) Metaspace: 37430K(37760K)->37430K(37760K) NonClass: 33003K(33152K)->33003K(33152K) Class: 4426K(4608K)->4426K(4608K)
[2025-04-16T15:15:38.005+0000][2232.014s][info][gc             ] GC(1409) Pause Young (Allocation Failure) 23M->14M(31M) 1.162ms
[2025-04-16T15:15:38.005+0000][2232.014s][info][gc,cpu         ] GC(1409) User=0.00s Sys=0.00s Real=0.01s
[2025-04-16T15:15:39.663+0000][2233.672s][info][gc,start       ] GC(1410) Pause Young (Allocation Failure)
[2025-04-16T15:15:39.664+0000][2233.673s][info][gc,heap        ] GC(1410) DefNew: 9163K(10176K)->77K(10176K) Eden: 9088K(9088K)->0K(9088K) From: 75K(1088K)->77K(1088K)
[2025-04-16T15:15:39.664+0000][2233.673s][info][gc,heap        ] GC(1410) Tenured: 14969K(22484K)->14969K(22484K)
[2025-04-16T15:15:39.664+0000][2233.673s][info][gc,metaspace   ] GC(1410) Metaspace: 37430K(37760K)->37430K(37760K) NonClass: 33003K(33152K)->33003K(33152K) Class: 4426K(4608K)->4426K(4608K)
[2025-04-16T15:15:39.664+0000][2233.673s][info][gc             ] GC(1410) Pause Young (Allocation Failure) 23M->14M(31M) 1.341ms
[2025-04-16T15:15:39.664+0000][2233.673s][info][gc,cpu         ] GC(1410) User=0.00s Sys=0.00s Real=0.00s
[2025-04-16T15:15:41.203+0000][2235.212s][info][gc,start       ] GC(1411) Pause Young (Allocation Failure)
[2025-04-16T15:15:41.204+0000][2235.213s][info][gc,heap        ] GC(1411) DefNew: 9165K(10176K)->84K(10176K) Eden: 9088K(9088K)->0K(9088K) From: 77K(1088K)->84K(1088K)
[2025-04-16T15:15:41.204+0000][2235.213s][info][gc,heap        ] GC(1411) Tenured: 14969K(22484K)->14969K(22484K)
[2025-04-16T15:15:41.204+0000][2235.213s][info][gc,metaspace   ] GC(1411) Metaspace: 37430K(37760K)->37430K(37760K) NonClass: 33003K(33152K)->33003K(33152K) Class: 4426K(4608K)->4426K(4608K)
[2025-04-16T15:15:41.204+0000][2235.213s][info][gc             ] GC(1411) Pause Young (Allocation Failure) 23M->14M(31M) 1.255ms
[2025-04-16T15:15:41.204+0000][2235.213s][info][gc,cpu         ] GC(1411) User=0.00s Sys=0.00s Real=0.01s
[2025-04-16T15:15:42.708+0000][2236.717s][info][gc,start       ] GC(1412) Pause Young (Allocation Failure)
[2025-04-16T15:15:42.710+0000][2236.719s][info][gc,heap        ] GC(1412) DefNew: 9172K(10176K)->95K(10176K) Eden: 9088K(9088K)->0K(9088K) From: 84K(1088K)->95K(1088K)
[2025-04-16T15:15:42.710+0000][2236.719s][info][gc,heap        ] GC(1412) Tenured: 14969K(22484K)->14969K(22484K)
[2025-04-16T15:15:42.710+0000][2236.719s][info][gc,metaspace   ] GC(1412) Metaspace: 37430K(37760K)->37430K(37760K) NonClass: 33003K(33152K)->33003K(33152K) Class: 4426K(4608K)->4426K(4608K)
[2025-04-16T15:15:42.710+0000][2236.719s][info][gc             ] GC(1412) Pause Young (Allocation Failure) 23M->14M(31M) 1.222ms
[2025-04-16T15:15:42.710+0000][2236.719s][info][gc,cpu         ] GC(1412) User=0.00s Sys=0.00s Real=0.00s
[2025-04-16T15:15:44.393+0000][2238.402s][info][gc,start       ] GC(1413) Pause Young (Allocation Failure)
[2025-04-16T15:15:44.394+0000][2238.403s][info][gc,heap        ] GC(1413) DefNew: 9183K(10176K)->92K(10176K) Eden: 9088K(9088K)->0K(9088K) From: 95K(1088K)->92K(1088K)
[2025-04-16T15:15:44.394+0000][2238.403s][info][gc,heap        ] GC(1413) Tenured: 14969K(22484K)->14969K(22484K)
[2025-04-16T15:15:44.394+0000][2238.403s][info][gc,metaspace   ] GC(1413) Metaspace: 37430K(37760K)->37430K(37760K) NonClass: 33003K(33152K)->33003K(33152K) Class: 4426K(4608K)->4426K(4608K)
[2025-04-16T15:15:44.394+0000][2238.403s][info][gc             ] GC(1413) Pause Young (Allocation Failure) 23M->14M(31M) 1.381ms
[2025-04-16T15:15:44.394+0000][2238.403s][info][gc,cpu         ] GC(1413) User=0.00s Sys=0.01s Real=0.01s
[2025-04-16T15:15:45.825+0000][2239.834s][info][gc,start       ] GC(1414) Pause Young (Allocation Failure)
[2025-04-16T15:15:45.826+0000][2239.835s][info][gc,heap        ] GC(1414) DefNew: 9180K(10176K)->78K(10176K) Eden: 9087K(9088K)->0K(9088K) From: 92K(1088K)->78K(1088K)
[2025-04-16T15:15:45.826+0000][2239.835s][info][gc,heap        ] GC(1414) Tenured: 14969K(22484K)->14970K(22484K)
[2025-04-16T15:15:45.826+0000][2239.835s][info][gc,metaspace   ] GC(1414) Metaspace: 37430K(37760K)->37430K(37760K) NonClass: 33003K(33152K)->33003K(33152K) Class: 4426K(4608K)->4426K(4608K)
[2025-04-16T15:15:45.826+0000][2239.835s][info][gc             ] GC(1414) Pause Young (Allocation Failure) 23M->14M(31M) 1.296ms
[2025-04-16T15:15:45.826+0000][2239.835s][info][gc,cpu         ] GC(1414) User=0.00s Sys=0.00s Real=0.00s
[2025-04-16T15:15:47.453+0000][2241.462s][info][gc,start       ] GC(1415) Pause Young (Allocation Failure)
[2025-04-16T15:15:47.454+0000][2241.463s][info][gc,heap        ] GC(1415) DefNew: 9166K(10176K)->82K(10176K) Eden: 9088K(9088K)->0K(9088K) From: 78K(1088K)->82K(1088K)
[2025-04-16T15:15:47.454+0000][2241.463s][info][gc,heap        ] GC(1415) Tenured: 14970K(22484K)->14970K(22484K)
[2025-04-16T15:15:47.454+0000][2241.463s][info][gc,metaspace   ] GC(1415) Metaspace: 37430K(37760K)->37430K(37760K) NonClass: 33003K(33152K)->33003K(33152K) Class: 4426K(4608K)->4426K(4608K)
[2025-04-16T15:15:47.454+0000][2241.463s][info][gc             ] GC(1415) Pause Young (Allocation Failure) 23M->14M(31M) 1.316ms
[2025-04-16T15:15:47.454+0000][2241.463s][info][gc,cpu         ] GC(1415) User=0.00s Sys=0.00s Real=0.00s
[2025-04-16T15:15:48.975+0000][2242.984s][info][gc,start       ] GC(1416) Pause Young (Allocation Failure)
[2025-04-16T15:15:48.976+0000][2242.985s][info][gc,heap        ] GC(1416) DefNew: 9170K(10176K)->80K(10176K) Eden: 9088K(9088K)->0K(9088K) From: 82K(1088K)->80K(1088K)
[2025-04-16T15:15:48.976+0000][2242.985s][info][gc,heap        ] GC(1416) Tenured: 14970K(22484K)->14972K(22484K)
[2025-04-16T15:15:48.976+0000][2242.985s][info][gc,metaspace   ] GC(1416) Metaspace: 37430K(37760K)->37430K(37760K) NonClass: 33003K(33152K)->33003K(33152K) Class: 4426K(4608K)->4426K(4608K)
[2025-04-16T15:15:48.976+0000][2242.985s][info][gc             ] GC(1416) Pause Young (Allocation Failure) 23M->14M(31M) 1.335ms
[2025-04-16T15:15:48.976+0000][2242.985s][info][gc,cpu         ] GC(1416) User=0.00s Sys=0.00s Real=0.00s
[2025-04-16T15:15:50.742+0000][2244.751s][info][gc,start       ] GC(1417) Pause Young (Allocation Failure)
[2025-04-16T15:15:50.743+0000][2244.752s][info][gc,heap        ] GC(1417) DefNew: 9168K(10176K)->98K(10176K) Eden: 9088K(9088K)->0K(9088K) From: 80K(1088K)->98K(1088K)
[2025-04-16T15:15:50.743+0000][2244.752s][info][gc,heap        ] GC(1417) Tenured: 14972K(22484K)->14972K(22484K)
[2025-04-16T15:15:50.743+0000][2244.752s][info][gc,metaspace   ] GC(1417) Metaspace: 37430K(37760K)->37430K(37760K) NonClass: 33003K(33152K)->33003K(33152K) Class: 4426K(4608K)->4426K(4608K)
[2025-04-16T15:15:50.743+0000][2244.752s][info][gc             ] GC(1417) Pause Young (Allocation Failure) 23M->14M(31M) 1.299ms
[2025-04-16T15:15:50.743+0000][2244.752s][info][gc,cpu         ] GC(1417) User=0.00s Sys=0.00s Real=0.00s
[2025-04-16T15:15:52.424+0000][2246.433s][info][gc,start       ] GC(1418) Pause Young (Allocation Failure)
[2025-04-16T15:15:52.426+0000][2246.435s][info][gc,heap        ] GC(1418) DefNew: 9186K(10176K)->112K(10176K) Eden: 9088K(9088K)->0K(9088K) From: 98K(1088K)->112K(1088K)
[2025-04-16T15:15:52.426+0000][2246.435s][info][gc,heap        ] GC(1418) Tenured: 14972K(22484K)->14973K(22484K)
[2025-04-16T15:15:52.426+0000][2246.435s][info][gc,metaspace   ] GC(1418) Metaspace: 37430K(37760K)->37430K(37760K) NonClass: 33003K(33152K)->33003K(33152K) Class: 4426K(4608K)->4426K(4608K)
[2025-04-16T15:15:52.426+0000][2246.435s][info][gc             ] GC(1418) Pause Young (Allocation Failure) 23M->14M(31M) 1.397ms
[2025-04-16T15:15:52.426+0000][2246.435s][info][gc,cpu         ] GC(1418) User=0.00s Sys=0.00s Real=0.00s
[2025-04-16T15:15:53.776+0000][2247.785s][info][gc,start       ] GC(1419) Pause Young (Allocation Failure)
[2025-04-16T15:15:53.778+0000][2247.787s][info][gc,heap        ] GC(1419) DefNew: 9199K(10176K)->99K(10176K) Eden: 9087K(9088K)->0K(9088K) From: 112K(1088K)->99K(1088K)
[2025-04-16T15:15:53.778+0000][2247.787s][info][gc,heap        ] GC(1419) Tenured: 14973K(22484K)->14974K(22484K)
[2025-04-16T15:15:53.778+0000][2247.787s][info][gc,metaspace   ] GC(1419) Metaspace: 37430K(37760K)->37430K(37760K) NonClass: 33003K(33152K)->33003K(33152K) Class: 4426K(4608K)->4426K(4608K)
[2025-04-16T15:15:53.778+0000][2247.787s][info][gc             ] GC(1419) Pause Young (Allocation Failure) 23M->14M(31M) 1.325ms
[2025-04-16T15:15:53.778+0000][2247.787s][info][gc,cpu         ] GC(1419) User=0.00s Sys=0.00s Real=0.00s
[2025-04-16T15:15:55.340+0000][2249.349s][info][gc,start       ] GC(1420) Pause Young (Allocation Failure)
[2025-04-16T15:15:55.341+0000][2249.350s][info][gc,heap        ] GC(1420) DefNew: 9187K(10176K)->82K(10176K) Eden: 9088K(9088K)->0K(9088K) From: 99K(1088K)->82K(1088K)
[2025-04-16T15:15:55.341+0000][2249.350s][info][gc,heap        ] GC(1420) Tenured: 14974K(22484K)->14974K(22484K)
[2025-04-16T15:15:55.341+0000][2249.350s][info][gc,metaspace   ] GC(1420) Metaspace: 37430K(37760K)->37430K(37760K) NonClass: 33003K(33152K)->33003K(33152K) Class: 4426K(4608K)->4426K(4608K)
[2025-04-16T15:15:55.341+0000][2249.350s][info][gc             ] GC(1420) Pause Young (Allocation Failure) 23M->14M(31M) 1.214ms
[2025-04-16T15:15:55.341+0000][2249.350s][info][gc,cpu         ] GC(1420) User=0.00s Sys=0.00s Real=0.00s
[2025-04-16T15:15:56.915+0000][2250.924s][info][gc,start       ] GC(1421) Pause Young (Allocation Failure)
[2025-04-16T15:15:56.916+0000][2250.925s][info][gc,heap        ] GC(1421) DefNew: 9170K(10176K)->102K(10176K) Eden: 9088K(9088K)->0K(9088K) From: 82K(1088K)->102K(1088K)
[2025-04-16T15:15:56.916+0000][2250.925s][info][gc,heap        ] GC(1421) Tenured: 14974K(22484K)->14974K(22484K)
[2025-04-16T15:15:56.916+0000][2250.925s][info][gc,metaspace   ] GC(1421) Metaspace: 37430K(37760K)->37430K(37760K) NonClass: 33003K(33152K)->33003K(33152K) Class: 4426K(4608K)->4426K(4608K)
[2025-04-16T15:15:56.916+0000][2250.925s][info][gc             ] GC(1421) Pause Young (Allocation Failure) 23M->14M(31M) 1.374ms
[2025-04-16T15:15:56.916+0000][2250.925s][info][gc,cpu         ] GC(1421) User=0.00s Sys=0.00s Real=0.00s
[2025-04-16T15:15:58.495+0000][2252.504s][info][gc,start       ] GC(1422) Pause Young (Allocation Failure)
[2025-04-16T15:15:58.497+0000][2252.506s][info][gc,heap        ] GC(1422) DefNew: 9190K(10176K)->101K(10176K) Eden: 9088K(9088K)->0K(9088K) From: 102K(1088K)->101K(1088K)
[2025-04-16T15:15:58.497+0000][2252.506s][info][gc,heap        ] GC(1422) Tenured: 14974K(22484K)->14974K(22484K)
[2025-04-16T15:15:58.497+0000][2252.506s][info][gc,metaspace   ] GC(1422) Metaspace: 37430K(37760K)->37430K(37760K) NonClass: 33003K(33152K)->33003K(33152K) Class: 4426K(4608K)->4426K(4608K)
[2025-04-16T15:15:58.497+0000][2252.506s][info][gc             ] GC(1422) Pause Young (Allocation Failure) 23M->14M(31M) 1.343ms
[2025-04-16T15:15:58.497+0000][2252.506s][info][gc,cpu         ] GC(1422) User=0.00s Sys=0.00s Real=0.00s
[2025-04-16T15:16:00.044+0000][2254.053s][info][gc,start       ] GC(1423) Pause Young (Allocation Failure)
[2025-04-16T15:16:00.046+0000][2254.055s][info][gc,heap        ] GC(1423) DefNew: 9189K(10176K)->89K(10176K) Eden: 9088K(9088K)->0K(9088K) From: 101K(1088K)->89K(1088K)
[2025-04-16T15:16:00.046+0000][2254.055s][info][gc,heap        ] GC(1423) Tenured: 14974K(22484K)->14974K(22484K)
[2025-04-16T15:16:00.046+0000][2254.055s][info][gc,metaspace   ] GC(1423) Metaspace: 37430K(37760K)->37430K(37760K) NonClass: 33003K(33152K)->33003K(33152K) Class: 4426K(4608K)->4426K(4608K)
[2025-04-16T15:16:00.046+0000][2254.055s][info][gc             ] GC(1423) Pause Young (Allocation Failure) 23M->14M(31M) 1.310ms
[2025-04-16T15:16:00.046+0000][2254.055s][info][gc,cpu         ] GC(1423) User=0.00s Sys=0.00s Real=0.00s
[2025-04-16T15:16:01.768+0000][2255.777s][info][gc,start       ] GC(1424) Pause Young (Allocation Failure)
[2025-04-16T15:16:01.770+0000][2255.779s][info][gc,heap        ] GC(1424) DefNew: 9177K(10176K)->89K(10176K) Eden: 9088K(9088K)->0K(9088K) From: 89K(1088K)->89K(1088K)
[2025-04-16T15:16:01.770+0000][2255.779s][info][gc,heap        ] GC(1424) Tenured: 14974K(22484K)->14974K(22484K)
[2025-04-16T15:16:01.770+0000][2255.779s][info][gc,metaspace   ] GC(1424) Metaspace: 37430K(37760K)->37430K(37760K) NonClass: 33003K(33152K)->33003K(33152K) Class: 4426K(4608K)->4426K(4608K)
[2025-04-16T15:16:01.770+0000][2255.779s][info][gc             ] GC(1424) Pause Young (Allocation Failure) 23M->14M(31M) 1.318ms
[2025-04-16T15:16:01.770+0000][2255.779s][info][gc,cpu         ] GC(1424) User=0.00s Sys=0.00s Real=0.00s
[2025-04-16T15:16:03.694+0000][2257.703s][info][gc,start       ] GC(1425) Pause Young (Allocation Failure)
[2025-04-16T15:16:03.695+0000][2257.704s][info][gc,heap        ] GC(1425) DefNew: 9177K(10176K)->88K(10176K) Eden: 9088K(9088K)->0K(9088K) From: 89K(1088K)->88K(1088K)
[2025-04-16T15:16:03.695+0000][2257.704s][info][gc,heap        ] GC(1425) Tenured: 14974K(22484K)->14974K(22484K)
[2025-04-16T15:16:03.695+0000][2257.704s][info][gc,metaspace   ] GC(1425) Metaspace: 37430K(37760K)->37430K(37760K) NonClass: 33003K(33152K)->33003K(33152K) Class: 4426K(4608K)->4426K(4608K)
[2025-04-16T15:16:03.695+0000][2257.704s][info][gc             ] GC(1425) Pause Young (Allocation Failure) 23M->14M(31M) 1.346ms
[2025-04-16T15:16:03.695+0000][2257.704s][info][gc,cpu         ] GC(1425) User=0.00s Sys=0.00s Real=0.01s
[2025-04-16T15:16:05.036+0000][2259.045s][info][gc,start       ] GC(1426) Pause Young (Allocation Failure)
[2025-04-16T15:16:05.037+0000][2259.046s][info][gc,heap        ] GC(1426) DefNew: 9176K(10176K)->103K(10176K) Eden: 9088K(9088K)->0K(9088K) From: 88K(1088K)->103K(1088K)
[2025-04-16T15:16:05.037+0000][2259.046s][info][gc,heap        ] GC(1426) Tenured: 14974K(22484K)->14976K(22484K)
[2025-04-16T15:16:05.037+0000][2259.046s][info][gc,metaspace   ] GC(1426) Metaspace: 37430K(37760K)->37430K(37760K) NonClass: 33003K(33152K)->33003K(33152K) Class: 4426K(4608K)->4426K(4608K)
[2025-04-16T15:16:05.037+0000][2259.046s][info][gc             ] GC(1426) Pause Young (Allocation Failure) 23M->14M(31M) 1.279ms
[2025-04-16T15:16:05.037+0000][2259.046s][info][gc,cpu         ] GC(1426) User=0.00s Sys=0.00s Real=0.00s
[2025-04-16T15:16:06.732+0000][2260.741s][info][gc,start       ] GC(1427) Pause Young (Allocation Failure)
[2025-04-16T15:16:06.733+0000][2260.742s][info][gc,heap        ] GC(1427) DefNew: 9191K(10176K)->97K(10176K) Eden: 9088K(9088K)->0K(9088K) From: 103K(1088K)->97K(1088K)
[2025-04-16T15:16:06.733+0000][2260.742s][info][gc,heap        ] GC(1427) Tenured: 14976K(22484K)->14977K(22484K)
[2025-04-16T15:16:06.733+0000][2260.742s][info][gc,metaspace   ] GC(1427) Metaspace: 37430K(37760K)->37430K(37760K) NonClass: 33003K(33152K)->33003K(33152K) Class: 4426K(4608K)->4426K(4608K)
[2025-04-16T15:16:06.733+0000][2260.743s][info][gc             ] GC(1427) Pause Young (Allocation Failure) 23M->14M(31M) 1.293ms
[2025-04-16T15:16:06.733+0000][2260.743s][info][gc,cpu         ] GC(1427) User=0.00s Sys=0.00s Real=0.00s
[2025-04-16T15:16:08.437+0000][2262.446s][info][gc,start       ] GC(1428) Pause Young (Allocation Failure)
[2025-04-16T15:16:08.438+0000][2262.447s][info][gc,heap        ] GC(1428) DefNew: 9185K(10176K)->88K(10176K) Eden: 9088K(9088K)->0K(9088K) From: 97K(1088K)->88K(1088K)
[2025-04-16T15:16:08.438+0000][2262.447s][info][gc,heap        ] GC(1428) Tenured: 14977K(22484K)->14978K(22484K)
[2025-04-16T15:16:08.438+0000][2262.447s][info][gc,metaspace   ] GC(1428) Metaspace: 37430K(37760K)->37430K(37760K) NonClass: 33003K(33152K)->33003K(33152K) Class: 4426K(4608K)->4426K(4608K)
[2025-04-16T15:16:08.438+0000][2262.447s][info][gc             ] GC(1428) Pause Young (Allocation Failure) 23M->14M(31M) 1.299ms
[2025-04-16T15:16:08.438+0000][2262.447s][info][gc,cpu         ] GC(1428) User=0.00s Sys=0.00s Real=0.00s
[2025-04-16T15:16:09.878+0000][2263.887s][info][gc,start       ] GC(1429) Pause Young (Allocation Failure)
[2025-04-16T15:16:09.879+0000][2263.888s][info][gc,heap        ] GC(1429) DefNew: 9176K(10176K)->96K(10176K) Eden: 9088K(9088K)->0K(9088K) From: 88K(1088K)->96K(1088K)
[2025-04-16T15:16:09.879+0000][2263.888s][info][gc,heap        ] GC(1429) Tenured: 14978K(22484K)->14978K(22484K)
[2025-04-16T15:16:09.879+0000][2263.888s][info][gc,metaspace   ] GC(1429) Metaspace: 37430K(37760K)->37430K(37760K) NonClass: 33003K(33152K)->33003K(33152K) Class: 4426K(4608K)->4426K(4608K)
[2025-04-16T15:16:09.879+0000][2263.888s][info][gc             ] GC(1429) Pause Young (Allocation Failure) 23M->14M(31M) 1.382ms
[2025-04-16T15:16:09.879+0000][2263.888s][info][gc,cpu         ] GC(1429) User=0.00s Sys=0.00s Real=0.00s
[2025-04-16T15:16:11.405+0000][2265.414s][info][gc,start       ] GC(1430) Pause Young (Allocation Failure)
[2025-04-16T15:16:11.406+0000][2265.415s][info][gc,heap        ] GC(1430) DefNew: 9184K(10176K)->83K(10176K) Eden: 9088K(9088K)->0K(9088K) From: 96K(1088K)->83K(1088K)
[2025-04-16T15:16:11.406+0000][2265.415s][info][gc,heap        ] GC(1430) Tenured: 14978K(22484K)->14980K(22484K)
[2025-04-16T15:16:11.406+0000][2265.415s][info][gc,metaspace   ] GC(1430) Metaspace: 37430K(37760K)->37430K(37760K) NonClass: 33003K(33152K)->33003K(33152K) Class: 4426K(4608K)->4426K(4608K)
[2025-04-16T15:16:11.406+0000][2265.415s][info][gc             ] GC(1430) Pause Young (Allocation Failure) 23M->14M(31M) 1.209ms
[2025-04-16T15:16:11.406+0000][2265.415s][info][gc,cpu         ] GC(1430) User=0.00s Sys=0.00s Real=0.00s
[2025-04-16T15:16:13.309+0000][2267.318s][info][gc,start       ] GC(1431) Pause Young (Allocation Failure)
[2025-04-16T15:16:13.310+0000][2267.320s][info][gc,heap        ] GC(1431) DefNew: 9171K(10176K)->104K(10176K) Eden: 9088K(9088K)->0K(9088K) From: 83K(1088K)->104K(1088K)
[2025-04-16T15:16:13.311+0000][2267.320s][info][gc,heap        ] GC(1431) Tenured: 14980K(22484K)->14982K(22484K)
[2025-04-16T15:16:13.311+0000][2267.320s][info][gc,metaspace   ] GC(1431) Metaspace: 37430K(37760K)->37430K(37760K) NonClass: 33003K(33152K)->33003K(33152K) Class: 4426K(4608K)->4426K(4608K)
[2025-04-16T15:16:13.311+0000][2267.320s][info][gc             ] GC(1431) Pause Young (Allocation Failure) 23M->14M(31M) 1.331ms
[2025-04-16T15:16:13.311+0000][2267.320s][info][gc,cpu         ] GC(1431) User=0.00s Sys=0.00s Real=0.00s
[2025-04-16T15:16:14.855+0000][2268.864s][info][gc,start       ] GC(1432) Pause Young (Allocation Failure)
[2025-04-16T15:16:14.856+0000][2268.865s][info][gc,heap        ] GC(1432) DefNew: 9192K(10176K)->87K(10176K) Eden: 9088K(9088K)->0K(9088K) From: 104K(1088K)->87K(1088K)
[2025-04-16T15:16:14.856+0000][2268.865s][info][gc,heap        ] GC(1432) Tenured: 14982K(22484K)->14982K(22484K)
[2025-04-16T15:16:14.856+0000][2268.865s][info][gc,metaspace   ] GC(1432) Metaspace: 37430K(37760K)->37430K(37760K) NonClass: 33003K(33152K)->33003K(33152K) Class: 4426K(4608K)->4426K(4608K)
[2025-04-16T15:16:14.856+0000][2268.865s][info][gc             ] GC(1432) Pause Young (Allocation Failure) 23M->14M(31M) 1.288ms
[2025-04-16T15:16:14.856+0000][2268.865s][info][gc,cpu         ] GC(1432) User=0.00s Sys=0.00s Real=0.00s
[2025-04-16T15:16:16.344+0000][2270.353s][info][gc,start       ] GC(1433) Pause Young (Allocation Failure)
[2025-04-16T15:16:16.345+0000][2270.354s][info][gc,heap        ] GC(1433) DefNew: 9175K(10176K)->88K(10176K) Eden: 9088K(9088K)->0K(9088K) From: 87K(1088K)->88K(1088K)
[2025-04-16T15:16:16.345+0000][2270.354s][info][gc,heap        ] GC(1433) Tenured: 14982K(22484K)->14983K(22484K)
[2025-04-16T15:16:16.345+0000][2270.354s][info][gc,metaspace   ] GC(1433) Metaspace: 37430K(37760K)->37430K(37760K) NonClass: 33003K(33152K)->33003K(33152K) Class: 4426K(4608K)->4426K(4608K)
[2025-04-16T15:16:16.345+0000][2270.354s][info][gc             ] GC(1433) Pause Young (Allocation Failure) 23M->14M(31M) 1.329ms
[2025-04-16T15:16:16.345+0000][2270.354s][info][gc,cpu         ] GC(1433) User=0.00s Sys=0.00s Real=0.01s
[2025-04-16T15:16:18.073+0000][2272.082s][info][gc,start       ] GC(1434) Pause Young (Allocation Failure)
[2025-04-16T15:16:18.075+0000][2272.084s][info][gc,heap        ] GC(1434) DefNew: 9176K(10176K)->86K(10176K) Eden: 9088K(9088K)->0K(9088K) From: 88K(1088K)->86K(1088K)
[2025-04-16T15:16:18.075+0000][2272.084s][info][gc,heap        ] GC(1434) Tenured: 14983K(22484K)->14983K(22484K)
[2025-04-16T15:16:18.075+0000][2272.084s][info][gc,metaspace   ] GC(1434) Metaspace: 37430K(37760K)->37430K(37760K) NonClass: 33003K(33152K)->33003K(33152K) Class: 4426K(4608K)->4426K(4608K)
[2025-04-16T15:16:18.075+0000][2272.084s][info][gc             ] GC(1434) Pause Young (Allocation Failure) 23M->14M(31M) 1.330ms
[2025-04-16T15:16:18.075+0000][2272.084s][info][gc,cpu         ] GC(1434) User=0.01s Sys=0.00s Real=0.01s
[2025-04-16T15:16:19.574+0000][2273.583s][info][gc,start       ] GC(1435) Pause Young (Allocation Failure)
[2025-04-16T15:16:19.575+0000][2273.585s][info][gc,heap        ] GC(1435) DefNew: 9174K(10176K)->102K(10176K) Eden: 9088K(9088K)->0K(9088K) From: 86K(1088K)->102K(1088K)
[2025-04-16T15:16:19.576+0000][2273.585s][info][gc,heap        ] GC(1435) Tenured: 14983K(22484K)->14984K(22484K)
[2025-04-16T15:16:19.576+0000][2273.585s][info][gc,metaspace   ] GC(1435) Metaspace: 37430K(37760K)->37430K(37760K) NonClass: 33003K(33152K)->33003K(33152K) Class: 4426K(4608K)->4426K(4608K)
[2025-04-16T15:16:19.576+0000][2273.585s][info][gc             ] GC(1435) Pause Young (Allocation Failure) 23M->14M(31M) 1.257ms
[2025-04-16T15:16:19.576+0000][2273.585s][info][gc,cpu         ] GC(1435) User=0.00s Sys=0.00s Real=0.00s
[2025-04-16T15:16:21.332+0000][2275.341s][info][gc,start       ] GC(1436) Pause Young (Allocation Failure)
[2025-04-16T15:16:21.333+0000][2275.342s][info][gc,heap        ] GC(1436) DefNew: 9186K(10176K)->92K(10176K) Eden: 9084K(9088K)->0K(9088K) From: 102K(1088K)->92K(1088K)
[2025-04-16T15:16:21.333+0000][2275.342s][info][gc,heap        ] GC(1436) Tenured: 14984K(22484K)->14984K(22484K)
[2025-04-16T15:16:21.333+0000][2275.342s][info][gc,metaspace   ] GC(1436) Metaspace: 37430K(37760K)->37430K(37760K) NonClass: 33003K(33152K)->33003K(33152K) Class: 4426K(4608K)->4426K(4608K)
[2025-04-16T15:16:21.333+0000][2275.342s][info][gc             ] GC(1436) Pause Young (Allocation Failure) 23M->14M(31M) 1.183ms
[2025-04-16T15:16:21.333+0000][2275.342s][info][gc,cpu         ] GC(1436) User=0.00s Sys=0.00s Real=0.00s
[2025-04-16T15:16:22.914+0000][2276.923s][info][gc,start       ] GC(1437) Pause Young (Allocation Failure)
[2025-04-16T15:16:22.916+0000][2276.925s][info][gc,heap        ] GC(1437) DefNew: 9166K(10176K)->86K(10176K) Eden: 9073K(9088K)->0K(9088K) From: 92K(1088K)->86K(1088K)
[2025-04-16T15:16:22.916+0000][2276.925s][info][gc,heap        ] GC(1437) Tenured: 14984K(22484K)->14986K(22484K)
[2025-04-16T15:16:22.916+0000][2276.925s][info][gc,metaspace   ] GC(1437) Metaspace: 37430K(37760K)->37430K(37760K) NonClass: 33003K(33152K)->33003K(33152K) Class: 4426K(4608K)->4426K(4608K)
[2025-04-16T15:16:22.916+0000][2276.925s][info][gc             ] GC(1437) Pause Young (Allocation Failure) 23M->14M(31M) 1.222ms
[2025-04-16T15:16:22.916+0000][2276.925s][info][gc,cpu         ] GC(1437) User=0.00s Sys=0.00s Real=0.00s
[2025-04-16T15:16:24.397+0000][2278.406s][info][gc,start       ] GC(1438) Pause Young (Allocation Failure)
[2025-04-16T15:16:24.398+0000][2278.407s][info][gc,heap        ] GC(1438) DefNew: 9174K(10176K)->81K(10176K) Eden: 9088K(9088K)->0K(9088K) From: 86K(1088K)->81K(1088K)
[2025-04-16T15:16:24.398+0000][2278.407s][info][gc,heap        ] GC(1438) Tenured: 14986K(22484K)->14989K(22484K)
[2025-04-16T15:16:24.398+0000][2278.407s][info][gc,metaspace   ] GC(1438) Metaspace: 37430K(37760K)->37430K(37760K) NonClass: 33003K(33152K)->33003K(33152K) Class: 4426K(4608K)->4426K(4608K)
[2025-04-16T15:16:24.398+0000][2278.407s][info][gc             ] GC(1438) Pause Young (Allocation Failure) 23M->14M(31M) 1.332ms
[2025-04-16T15:16:24.398+0000][2278.407s][info][gc,cpu         ] GC(1438) User=0.00s Sys=0.00s Real=0.00s
[2025-04-16T15:16:26.162+0000][2280.171s][info][gc,start       ] GC(1439) Pause Young (Allocation Failure)
[2025-04-16T15:16:26.163+0000][2280.172s][info][gc,heap        ] GC(1439) DefNew: 9169K(10176K)->81K(10176K) Eden: 9088K(9088K)->0K(9088K) From: 81K(1088K)->81K(1088K)
[2025-04-16T15:16:26.163+0000][2280.172s][info][gc,heap        ] GC(1439) Tenured: 14989K(22484K)->14989K(22484K)
[2025-04-16T15:16:26.163+0000][2280.172s][info][gc,metaspace   ] GC(1439) Metaspace: 37430K(37760K)->37430K(37760K) NonClass: 33003K(33152K)->33003K(33152K) Class: 4426K(4608K)->4426K(4608K)
[2025-04-16T15:16:26.163+0000][2280.172s][info][gc             ] GC(1439) Pause Young (Allocation Failure) 23M->14M(31M) 1.215ms
[2025-04-16T15:16:26.163+0000][2280.172s][info][gc,cpu         ] GC(1439) User=0.00s Sys=0.00s Real=0.00s
[2025-04-16T15:16:27.738+0000][2281.747s][info][gc,start       ] GC(1440) Pause Young (Allocation Failure)
[2025-04-16T15:16:27.739+0000][2281.749s][info][gc,heap        ] GC(1440) DefNew: 9169K(10176K)->100K(10176K) Eden: 9088K(9088K)->0K(9088K) From: 81K(1088K)->100K(1088K)
[2025-04-16T15:16:27.740+0000][2281.749s][info][gc,heap        ] GC(1440) Tenured: 14989K(22484K)->14990K(22484K)
[2025-04-16T15:16:27.740+0000][2281.749s][info][gc,metaspace   ] GC(1440) Metaspace: 37430K(37760K)->37430K(37760K) NonClass: 33003K(33152K)->33003K(33152K) Class: 4426K(4608K)->4426K(4608K)
[2025-04-16T15:16:27.740+0000][2281.749s][info][gc             ] GC(1440) Pause Young (Allocation Failure) 23M->14M(31M) 1.264ms
[2025-04-16T15:16:27.740+0000][2281.749s][info][gc,cpu         ] GC(1440) User=0.00s Sys=0.00s Real=0.00s
[2025-04-16T15:16:29.066+0000][2283.075s][info][gc,start       ] GC(1441) Pause Young (Allocation Failure)
[2025-04-16T15:16:29.067+0000][2283.076s][info][gc,heap        ] GC(1441) DefNew: 9188K(10176K)->95K(10176K) Eden: 9088K(9088K)->0K(9088K) From: 100K(1088K)->95K(1088K)
[2025-04-16T15:16:29.067+0000][2283.076s][info][gc,heap        ] GC(1441) Tenured: 14990K(22484K)->14991K(22484K)
[2025-04-16T15:16:29.067+0000][2283.076s][info][gc,metaspace   ] GC(1441) Metaspace: 37430K(37760K)->37430K(37760K) NonClass: 33003K(33152K)->33003K(33152K) Class: 4426K(4608K)->4426K(4608K)
[2025-04-16T15:16:29.067+0000][2283.076s][info][gc             ] GC(1441) Pause Young (Allocation Failure) 23M->14M(31M) 1.227ms
[2025-04-16T15:16:29.067+0000][2283.076s][info][gc,cpu         ] GC(1441) User=0.00s Sys=0.00s Real=0.00s
[2025-04-16T15:16:30.667+0000][2284.676s][info][gc,start       ] GC(1442) Pause Young (Allocation Failure)
[2025-04-16T15:16:30.668+0000][2284.677s][info][gc,heap        ] GC(1442) DefNew: 9183K(10176K)->86K(10176K) Eden: 9087K(9088K)->0K(9088K) From: 95K(1088K)->86K(1088K)
[2025-04-16T15:16:30.668+0000][2284.677s][info][gc,heap        ] GC(1442) Tenured: 14991K(22484K)->14991K(22484K)
[2025-04-16T15:16:30.668+0000][2284.677s][info][gc,metaspace   ] GC(1442) Metaspace: 37430K(37760K)->37430K(37760K) NonClass: 33003K(33152K)->33003K(33152K) Class: 4426K(4608K)->4426K(4608K)
[2025-04-16T15:16:30.668+0000][2284.677s][info][gc             ] GC(1442) Pause Young (Allocation Failure) 23M->14M(31M) 1.259ms
[2025-04-16T15:16:30.668+0000][2284.677s][info][gc,cpu         ] GC(1442) User=0.00s Sys=0.00s Real=0.00s
[2025-04-16T15:16:32.334+0000][2286.343s][info][gc,start       ] GC(1443) Pause Young (Allocation Failure)
[2025-04-16T15:16:32.335+0000][2286.344s][info][gc,heap        ] GC(1443) DefNew: 9174K(10176K)->77K(10176K) Eden: 9088K(9088K)->0K(9088K) From: 86K(1088K)->77K(1088K)
[2025-04-16T15:16:32.335+0000][2286.344s][info][gc,heap        ] GC(1443) Tenured: 14991K(22484K)->14991K(22484K)
[2025-04-16T15:16:32.335+0000][2286.344s][info][gc,metaspace   ] GC(1443) Metaspace: 37430K(37760K)->37430K(37760K) NonClass: 33003K(33152K)->33003K(33152K) Class: 4426K(4608K)->4426K(4608K)
[2025-04-16T15:16:32.335+0000][2286.344s][info][gc             ] GC(1443) Pause Young (Allocation Failure) 23M->14M(31M) 1.228ms
[2025-04-16T15:16:32.335+0000][2286.344s][info][gc,cpu         ] GC(1443) User=0.00s Sys=0.00s Real=0.01s
[2025-04-16T15:16:33.874+0000][2287.883s][info][gc,start       ] GC(1444) Pause Young (Allocation Failure)
[2025-04-16T15:16:33.876+0000][2287.885s][info][gc,heap        ] GC(1444) DefNew: 9165K(10176K)->75K(10176K) Eden: 9088K(9088K)->0K(9088K) From: 77K(1088K)->75K(1088K)
[2025-04-16T15:16:33.876+0000][2287.885s][info][gc,heap        ] GC(1444) Tenured: 14991K(22484K)->14995K(22484K)
[2025-04-16T15:16:33.876+0000][2287.885s][info][gc,metaspace   ] GC(1444) Metaspace: 37430K(37760K)->37430K(37760K) NonClass: 33003K(33152K)->33003K(33152K) Class: 4426K(4608K)->4426K(4608K)
[2025-04-16T15:16:33.876+0000][2287.885s][info][gc             ] GC(1444) Pause Young (Allocation Failure) 23M->14M(31M) 1.997ms
[2025-04-16T15:16:33.876+0000][2287.885s][info][gc,cpu         ] GC(1444) User=0.00s Sys=0.00s Real=0.01s
[2025-04-16T15:16:35.510+0000][2289.519s][info][gc,start       ] GC(1445) Pause Young (Allocation Failure)
[2025-04-16T15:16:35.512+0000][2289.521s][info][gc,heap        ] GC(1445) DefNew: 9163K(10176K)->87K(10176K) Eden: 9088K(9088K)->0K(9088K) From: 75K(1088K)->87K(1088K)
[2025-04-16T15:16:35.512+0000][2289.521s][info][gc,heap        ] GC(1445) Tenured: 14995K(22484K)->14995K(22484K)
[2025-04-16T15:16:35.512+0000][2289.521s][info][gc,metaspace   ] GC(1445) Metaspace: 37430K(37760K)->37430K(37760K) NonClass: 33003K(33152K)->33003K(33152K) Class: 4426K(4608K)->4426K(4608K)
[2025-04-16T15:16:35.512+0000][2289.521s][info][gc             ] GC(1445) Pause Young (Allocation Failure) 23M->14M(31M) 1.340ms
[2025-04-16T15:16:35.512+0000][2289.521s][info][gc,cpu         ] GC(1445) User=0.00s Sys=0.00s Real=0.00s
[2025-04-16T15:16:37.160+0000][2291.169s][info][gc,start       ] GC(1446) Pause Young (Allocation Failure)
[2025-04-16T15:16:37.161+0000][2291.170s][info][gc,heap        ] GC(1446) DefNew: 9175K(10176K)->71K(10176K) Eden: 9088K(9088K)->0K(9088K) From: 87K(1088K)->71K(1088K)
[2025-04-16T15:16:37.161+0000][2291.170s][info][gc,heap        ] GC(1446) Tenured: 14995K(22484K)->14996K(22484K)
[2025-04-16T15:16:37.161+0000][2291.170s][info][gc,metaspace   ] GC(1446) Metaspace: 37430K(37760K)->37430K(37760K) NonClass: 33003K(33152K)->33003K(33152K) Class: 4426K(4608K)->4426K(4608K)
[2025-04-16T15:16:37.161+0000][2291.170s][info][gc             ] GC(1446) Pause Young (Allocation Failure) 23M->14M(31M) 1.313ms
[2025-04-16T15:16:37.161+0000][2291.170s][info][gc,cpu         ] GC(1446) User=0.00s Sys=0.00s Real=0.00s
[2025-04-16T15:16:38.714+0000][2292.723s][info][gc,start       ] GC(1447) Pause Young (Allocation Failure)
[2025-04-16T15:16:38.715+0000][2292.724s][info][gc,heap        ] GC(1447) DefNew: 9159K(10176K)->91K(10176K) Eden: 9088K(9088K)->0K(9088K) From: 71K(1088K)->91K(1088K)
[2025-04-16T15:16:38.715+0000][2292.724s][info][gc,heap        ] GC(1447) Tenured: 14996K(22484K)->14996K(22484K)
[2025-04-16T15:16:38.715+0000][2292.724s][info][gc,metaspace   ] GC(1447) Metaspace: 37430K(37760K)->37430K(37760K) NonClass: 33003K(33152K)->33003K(33152K) Class: 4426K(4608K)->4426K(4608K)
[2025-04-16T15:16:38.715+0000][2292.724s][info][gc             ] GC(1447) Pause Young (Allocation Failure) 23M->14M(31M) 1.321ms
[2025-04-16T15:16:38.715+0000][2292.724s][info][gc,cpu         ] GC(1447) User=0.00s Sys=0.00s Real=0.00s
[2025-04-16T15:16:40.305+0000][2294.314s][info][gc,start       ] GC(1448) Pause Young (Allocation Failure)
[2025-04-16T15:16:40.307+0000][2294.316s][info][gc,heap        ] GC(1448) DefNew: 9179K(10176K)->85K(10176K) Eden: 9088K(9088K)->0K(9088K) From: 91K(1088K)->85K(1088K)
[2025-04-16T15:16:40.307+0000][2294.316s][info][gc,heap        ] GC(1448) Tenured: 14996K(22484K)->14996K(22484K)
[2025-04-16T15:16:40.307+0000][2294.316s][info][gc,metaspace   ] GC(1448) Metaspace: 37430K(37760K)->37430K(37760K) NonClass: 33003K(33152K)->33003K(33152K) Class: 4426K(4608K)->4426K(4608K)
[2025-04-16T15:16:40.307+0000][2294.316s][info][gc             ] GC(1448) Pause Young (Allocation Failure) 23M->14M(31M) 1.342ms
[2025-04-16T15:16:40.307+0000][2294.316s][info][gc,cpu         ] GC(1448) User=0.00s Sys=0.00s Real=0.00s
[2025-04-16T15:16:41.942+0000][2295.951s][info][gc,start       ] GC(1449) Pause Young (Allocation Failure)
[2025-04-16T15:16:41.943+0000][2295.952s][info][gc,heap        ] GC(1449) DefNew: 9173K(10176K)->78K(10176K) Eden: 9088K(9088K)->0K(9088K) From: 85K(1088K)->78K(1088K)
[2025-04-16T15:16:41.943+0000][2295.952s][info][gc,heap        ] GC(1449) Tenured: 14996K(22484K)->14996K(22484K)
[2025-04-16T15:16:41.943+0000][2295.952s][info][gc,metaspace   ] GC(1449) Metaspace: 37430K(37760K)->37430K(37760K) NonClass: 33003K(33152K)->33003K(33152K) Class: 4426K(4608K)->4426K(4608K)
[2025-04-16T15:16:41.943+0000][2295.952s][info][gc             ] GC(1449) Pause Young (Allocation Failure) 23M->14M(31M) 1.255ms
[2025-04-16T15:16:41.943+0000][2295.952s][info][gc,cpu         ] GC(1449) User=0.00s Sys=0.00s Real=0.00s
[2025-04-16T15:16:43.401+0000][2297.410s][info][gc,start       ] GC(1450) Pause Young (Allocation Failure)
[2025-04-16T15:16:43.402+0000][2297.411s][info][gc,heap        ] GC(1450) DefNew: 9166K(10176K)->78K(10176K) Eden: 9088K(9088K)->0K(9088K) From: 78K(1088K)->78K(1088K)
[2025-04-16T15:16:43.402+0000][2297.411s][info][gc,heap        ] GC(1450) Tenured: 14996K(22484K)->14996K(22484K)
[2025-04-16T15:16:43.402+0000][2297.411s][info][gc,metaspace   ] GC(1450) Metaspace: 37430K(37760K)->37430K(37760K) NonClass: 33003K(33152K)->33003K(33152K) Class: 4426K(4608K)->4426K(4608K)
[2025-04-16T15:16:43.402+0000][2297.411s][info][gc             ] GC(1450) Pause Young (Allocation Failure) 23M->14M(31M) 1.332ms
[2025-04-16T15:16:43.402+0000][2297.411s][info][gc,cpu         ] GC(1450) User=0.00s Sys=0.00s Real=0.00s
[2025-04-16T15:16:45.161+0000][2299.170s][info][gc,start       ] GC(1451) Pause Young (Allocation Failure)
[2025-04-16T15:16:45.162+0000][2299.171s][info][gc,heap        ] GC(1451) DefNew: 9166K(10176K)->92K(10176K) Eden: 9088K(9088K)->0K(9088K) From: 78K(1088K)->92K(1088K)
[2025-04-16T15:16:45.162+0000][2299.171s][info][gc,heap        ] GC(1451) Tenured: 14996K(22484K)->14996K(22484K)
[2025-04-16T15:16:45.162+0000][2299.171s][info][gc,metaspace   ] GC(1451) Metaspace: 37430K(37760K)->37430K(37760K) NonClass: 33003K(33152K)->33003K(33152K) Class: 4426K(4608K)->4426K(4608K)
[2025-04-16T15:16:45.162+0000][2299.171s][info][gc             ] GC(1451) Pause Young (Allocation Failure) 23M->14M(31M) 1.342ms
[2025-04-16T15:16:45.162+0000][2299.171s][info][gc,cpu         ] GC(1451) User=0.00s Sys=0.00s Real=0.00s
[2025-04-16T15:16:46.735+0000][2300.744s][info][gc,start       ] GC(1452) Pause Young (Allocation Failure)
[2025-04-16T15:16:46.736+0000][2300.745s][info][gc,heap        ] GC(1452) DefNew: 9180K(10176K)->82K(10176K) Eden: 9088K(9088K)->0K(9088K) From: 92K(1088K)->82K(1088K)
[2025-04-16T15:16:46.736+0000][2300.745s][info][gc,heap        ] GC(1452) Tenured: 14996K(22484K)->14998K(22484K)
[2025-04-16T15:16:46.736+0000][2300.745s][info][gc,metaspace   ] GC(1452) Metaspace: 37430K(37760K)->37430K(37760K) NonClass: 33003K(33152K)->33003K(33152K) Class: 4426K(4608K)->4426K(4608K)
[2025-04-16T15:16:46.736+0000][2300.745s][info][gc             ] GC(1452) Pause Young (Allocation Failure) 23M->14M(31M) 1.247ms
[2025-04-16T15:16:46.736+0000][2300.745s][info][gc,cpu         ] GC(1452) User=0.00s Sys=0.00s Real=0.00s
[2025-04-16T15:16:48.199+0000][2302.208s][info][gc,start       ] GC(1453) Pause Young (Allocation Failure)
[2025-04-16T15:16:48.201+0000][2302.210s][info][gc,heap        ] GC(1453) DefNew: 9159K(10176K)->78K(10176K) Eden: 9076K(9088K)->0K(9088K) From: 82K(1088K)->78K(1088K)
[2025-04-16T15:16:48.201+0000][2302.210s][info][gc,heap        ] GC(1453) Tenured: 14998K(22484K)->14998K(22484K)
[2025-04-16T15:16:48.201+0000][2302.210s][info][gc,metaspace   ] GC(1453) Metaspace: 37430K(37760K)->37430K(37760K) NonClass: 33003K(33152K)->33003K(33152K) Class: 4426K(4608K)->4426K(4608K)
[2025-04-16T15:16:48.201+0000][2302.210s][info][gc             ] GC(1453) Pause Young (Allocation Failure) 23M->14M(31M) 1.294ms
[2025-04-16T15:16:48.201+0000][2302.210s][info][gc,cpu         ] GC(1453) User=0.00s Sys=0.00s Real=0.00s
[2025-04-16T15:16:49.770+0000][2303.779s][info][gc,start       ] GC(1454) Pause Young (Allocation Failure)
[2025-04-16T15:16:49.771+0000][2303.780s][info][gc,heap        ] GC(1454) DefNew: 9166K(10176K)->74K(10176K) Eden: 9087K(9088K)->0K(9088K) From: 78K(1088K)->74K(1088K)
[2025-04-16T15:16:49.771+0000][2303.780s][info][gc,heap        ] GC(1454) Tenured: 14998K(22484K)->14998K(22484K)
[2025-04-16T15:16:49.771+0000][2303.780s][info][gc,metaspace   ] GC(1454) Metaspace: 37430K(37760K)->37430K(37760K) NonClass: 33003K(33152K)->33003K(33152K) Class: 4426K(4608K)->4426K(4608K)
[2025-04-16T15:16:49.771+0000][2303.780s][info][gc             ] GC(1454) Pause Young (Allocation Failure) 23M->14M(31M) 1.281ms
[2025-04-16T15:16:49.771+0000][2303.781s][info][gc,cpu         ] GC(1454) User=0.00s Sys=0.00s Real=0.00s
[2025-04-16T15:16:51.340+0000][2305.349s][info][gc,start       ] GC(1455) Pause Young (Allocation Failure)
[2025-04-16T15:16:51.341+0000][2305.350s][info][gc,heap        ] GC(1455) DefNew: 9162K(10176K)->71K(10176K) Eden: 9088K(9088K)->0K(9088K) From: 74K(1088K)->71K(1088K)
[2025-04-16T15:16:51.341+0000][2305.351s][info][gc,heap        ] GC(1455) Tenured: 14998K(22484K)->14998K(22484K)
[2025-04-16T15:16:51.342+0000][2305.351s][info][gc,metaspace   ] GC(1455) Metaspace: 37430K(37760K)->37430K(37760K) NonClass: 33003K(33152K)->33003K(33152K) Class: 4426K(4608K)->4426K(4608K)
[2025-04-16T15:16:51.342+0000][2305.351s][info][gc             ] GC(1455) Pause Young (Allocation Failure) 23M->14M(31M) 1.191ms
[2025-04-16T15:16:51.342+0000][2305.351s][info][gc,cpu         ] GC(1455) User=0.00s Sys=0.00s Real=0.00s
[2025-04-16T15:16:52.928+0000][2306.937s][info][gc,start       ] GC(1456) Pause Young (Allocation Failure)
[2025-04-16T15:16:52.930+0000][2306.939s][info][gc,heap        ] GC(1456) DefNew: 9155K(10176K)->93K(10176K) Eden: 9083K(9088K)->0K(9088K) From: 71K(1088K)->93K(1088K)
[2025-04-16T15:16:52.930+0000][2306.939s][info][gc,heap        ] GC(1456) Tenured: 14998K(22484K)->14998K(22484K)
[2025-04-16T15:16:52.930+0000][2306.939s][info][gc,metaspace   ] GC(1456) Metaspace: 37430K(37760K)->37430K(37760K) NonClass: 33003K(33152K)->33003K(33152K) Class: 4426K(4608K)->4426K(4608K)
[2025-04-16T15:16:52.930+0000][2306.939s][info][gc             ] GC(1456) Pause Young (Allocation Failure) 23M->14M(31M) 1.302ms
[2025-04-16T15:16:52.930+0000][2306.939s][info][gc,cpu         ] GC(1456) User=0.00s Sys=0.00s Real=0.00s
[2025-04-16T15:16:54.540+0000][2308.549s][info][gc,start       ] GC(1457) Pause Young (Allocation Failure)
[2025-04-16T15:16:54.541+0000][2308.550s][info][gc,heap        ] GC(1457) DefNew: 9181K(10176K)->64K(10176K) Eden: 9087K(9088K)->0K(9088K) From: 93K(1088K)->64K(1088K)
[2025-04-16T15:16:54.541+0000][2308.550s][info][gc,heap        ] GC(1457) Tenured: 14998K(22484K)->14998K(22484K)
[2025-04-16T15:16:54.541+0000][2308.550s][info][gc,metaspace   ] GC(1457) Metaspace: 37430K(37760K)->37430K(37760K) NonClass: 33003K(33152K)->33003K(33152K) Class: 4426K(4608K)->4426K(4608K)
[2025-04-16T15:16:54.541+0000][2308.550s][info][gc             ] GC(1457) Pause Young (Allocation Failure) 23M->14M(31M) 1.307ms
[2025-04-16T15:16:54.541+0000][2308.550s][info][gc,cpu         ] GC(1457) User=0.00s Sys=0.00s Real=0.00s
[2025-04-16T15:16:56.016+0000][2310.025s][info][gc,start       ] GC(1458) Pause Young (Allocation Failure)
[2025-04-16T15:16:56.017+0000][2310.026s][info][gc,heap        ] GC(1458) DefNew: 9152K(10176K)->76K(10176K) Eden: 9087K(9088K)->0K(9088K) From: 64K(1088K)->76K(1088K)
[2025-04-16T15:16:56.017+0000][2310.026s][info][gc,heap        ] GC(1458) Tenured: 14998K(22484K)->14998K(22484K)
[2025-04-16T15:16:56.017+0000][2310.026s][info][gc,metaspace   ] GC(1458) Metaspace: 37430K(37760K)->37430K(37760K) NonClass: 33003K(33152K)->33003K(33152K) Class: 4426K(4608K)->4426K(4608K)
[2025-04-16T15:16:56.017+0000][2310.026s][info][gc             ] GC(1458) Pause Young (Allocation Failure) 23M->14M(31M) 1.195ms
[2025-04-16T15:16:56.017+0000][2310.026s][info][gc,cpu         ] GC(1458) User=0.00s Sys=0.00s Real=0.00s
[2025-04-16T15:16:58.000+0000][2312.009s][info][gc,start       ] GC(1459) Pause Young (Allocation Failure)
[2025-04-16T15:16:58.001+0000][2312.010s][info][gc,heap        ] GC(1459) DefNew: 9164K(10176K)->77K(10176K) Eden: 9088K(9088K)->0K(9088K) From: 76K(1088K)->77K(1088K)
[2025-04-16T15:16:58.001+0000][2312.010s][info][gc,heap        ] GC(1459) Tenured: 14998K(22484K)->14998K(22484K)
[2025-04-16T15:16:58.001+0000][2312.010s][info][gc,metaspace   ] GC(1459) Metaspace: 37430K(37760K)->37430K(37760K) NonClass: 33003K(33152K)->33003K(33152K) Class: 4426K(4608K)->4426K(4608K)
[2025-04-16T15:16:58.001+0000][2312.010s][info][gc             ] GC(1459) Pause Young (Allocation Failure) 23M->14M(31M) 1.378ms
[2025-04-16T15:16:58.001+0000][2312.010s][info][gc,cpu         ] GC(1459) User=0.01s Sys=0.00s Real=0.00s
[2025-04-16T15:16:59.728+0000][2313.737s][info][gc,start       ] GC(1460) Pause Young (Allocation Failure)
[2025-04-16T15:16:59.729+0000][2313.738s][info][gc,heap        ] GC(1460) DefNew: 9165K(10176K)->74K(10176K) Eden: 9087K(9088K)->0K(9088K) From: 77K(1088K)->74K(1088K)
[2025-04-16T15:16:59.729+0000][2313.738s][info][gc,heap        ] GC(1460) Tenured: 14998K(22484K)->14998K(22484K)
[2025-04-16T15:16:59.729+0000][2313.738s][info][gc,metaspace   ] GC(1460) Metaspace: 37430K(37760K)->37430K(37760K) NonClass: 33003K(33152K)->33003K(33152K) Class: 4426K(4608K)->4426K(4608K)
[2025-04-16T15:16:59.729+0000][2313.739s][info][gc             ] GC(1460) Pause Young (Allocation Failure) 23M->14M(31M) 1.332ms
[2025-04-16T15:16:59.729+0000][2313.739s][info][gc,cpu         ] GC(1460) User=0.00s Sys=0.00s Real=0.00s
[2025-04-16T15:17:01.356+0000][2315.365s][info][gc,start       ] GC(1461) Pause Young (Allocation Failure)
[2025-04-16T15:17:01.357+0000][2315.366s][info][gc,heap        ] GC(1461) DefNew: 9162K(10176K)->89K(10176K) Eden: 9087K(9088K)->0K(9088K) From: 74K(1088K)->89K(1088K)
[2025-04-16T15:17:01.357+0000][2315.366s][info][gc,heap        ] GC(1461) Tenured: 14998K(22484K)->14999K(22484K)
[2025-04-16T15:17:01.357+0000][2315.366s][info][gc,metaspace   ] GC(1461) Metaspace: 37430K(37760K)->37430K(37760K) NonClass: 33003K(33152K)->33003K(33152K) Class: 4426K(4608K)->4426K(4608K)
[2025-04-16T15:17:01.357+0000][2315.366s][info][gc             ] GC(1461) Pause Young (Allocation Failure) 23M->14M(31M) 1.327ms
[2025-04-16T15:17:01.357+0000][2315.366s][info][gc,cpu         ] GC(1461) User=0.00s Sys=0.00s Real=0.00s
[2025-04-16T15:17:02.904+0000][2316.913s][info][gc,start       ] GC(1462) Pause Young (Allocation Failure)
[2025-04-16T15:17:02.905+0000][2316.914s][info][gc,heap        ] GC(1462) DefNew: 9177K(10176K)->90K(10176K) Eden: 9088K(9088K)->0K(9088K) From: 89K(1088K)->90K(1088K)
[2025-04-16T15:17:02.905+0000][2316.914s][info][gc,heap        ] GC(1462) Tenured: 14999K(22484K)->14999K(22484K)
[2025-04-16T15:17:02.905+0000][2316.914s][info][gc,metaspace   ] GC(1462) Metaspace: 37430K(37760K)->37430K(37760K) NonClass: 33003K(33152K)->33003K(33152K) Class: 4426K(4608K)->4426K(4608K)
[2025-04-16T15:17:02.905+0000][2316.914s][info][gc             ] GC(1462) Pause Young (Allocation Failure) 23M->14M(31M) 1.251ms
[2025-04-16T15:17:02.905+0000][2316.914s][info][gc,cpu         ] GC(1462) User=0.00s Sys=0.00s Real=0.00s
[2025-04-16T15:17:04.486+0000][2318.495s][info][gc,start       ] GC(1463) Pause Young (Allocation Failure)
[2025-04-16T15:17:04.488+0000][2318.497s][info][gc,heap        ] GC(1463) DefNew: 9178K(10176K)->115K(10176K) Eden: 9088K(9088K)->0K(9088K) From: 90K(1088K)->115K(1088K)
[2025-04-16T15:17:04.488+0000][2318.497s][info][gc,heap        ] GC(1463) Tenured: 14999K(22484K)->14999K(22484K)
[2025-04-16T15:17:04.488+0000][2318.497s][info][gc,metaspace   ] GC(1463) Metaspace: 37430K(37760K)->37430K(37760K) NonClass: 33003K(33152K)->33003K(33152K) Class: 4426K(4608K)->4426K(4608K)
[2025-04-16T15:17:04.488+0000][2318.497s][info][gc             ] GC(1463) Pause Young (Allocation Failure) 23M->14M(31M) 1.349ms
[2025-04-16T15:17:04.488+0000][2318.497s][info][gc,cpu         ] GC(1463) User=0.00s Sys=0.00s Real=0.00s
[2025-04-16T15:17:05.947+0000][2319.956s][info][gc,start       ] GC(1464) Pause Young (Allocation Failure)
[2025-04-16T15:17:05.948+0000][2319.957s][info][gc,heap        ] GC(1464) DefNew: 9203K(10176K)->61K(10176K) Eden: 9088K(9088K)->0K(9088K) From: 115K(1088K)->61K(1088K)
[2025-04-16T15:17:05.948+0000][2319.957s][info][gc,heap        ] GC(1464) Tenured: 14999K(22484K)->14999K(22484K)
[2025-04-16T15:17:05.948+0000][2319.957s][info][gc,metaspace   ] GC(1464) Metaspace: 37430K(37760K)->37430K(37760K) NonClass: 33003K(33152K)->33003K(33152K) Class: 4426K(4608K)->4426K(4608K)
[2025-04-16T15:17:05.948+0000][2319.957s][info][gc             ] GC(1464) Pause Young (Allocation Failure) 23M->14M(31M) 1.237ms
[2025-04-16T15:17:05.948+0000][2319.957s][info][gc,cpu         ] GC(1464) User=0.00s Sys=0.00s Real=0.00s
[2025-04-16T15:17:07.663+0000][2321.672s][info][gc,start       ] GC(1465) Pause Young (Allocation Failure)
[2025-04-16T15:17:07.664+0000][2321.673s][info][gc,heap        ] GC(1465) DefNew: 9149K(10176K)->72K(10176K) Eden: 9088K(9088K)->0K(9088K) From: 61K(1088K)->72K(1088K)
[2025-04-16T15:17:07.664+0000][2321.673s][info][gc,heap        ] GC(1465) Tenured: 14999K(22484K)->15001K(22484K)
[2025-04-16T15:17:07.664+0000][2321.673s][info][gc,metaspace   ] GC(1465) Metaspace: 37430K(37760K)->37430K(37760K) NonClass: 33003K(33152K)->33003K(33152K) Class: 4426K(4608K)->4426K(4608K)
[2025-04-16T15:17:07.664+0000][2321.673s][info][gc             ] GC(1465) Pause Young (Allocation Failure) 23M->14M(31M) 1.312ms
[2025-04-16T15:17:07.664+0000][2321.673s][info][gc,cpu         ] GC(1465) User=0.00s Sys=0.00s Real=0.00s
[2025-04-16T15:17:09.281+0000][2323.290s][info][gc,start       ] GC(1466) Pause Young (Allocation Failure)
[2025-04-16T15:17:09.283+0000][2323.292s][info][gc,heap        ] GC(1466) DefNew: 9160K(10176K)->75K(10176K) Eden: 9088K(9088K)->0K(9088K) From: 72K(1088K)->75K(1088K)
[2025-04-16T15:17:09.283+0000][2323.292s][info][gc,heap        ] GC(1466) Tenured: 15001K(22484K)->15001K(22484K)
[2025-04-16T15:17:09.283+0000][2323.292s][info][gc,metaspace   ] GC(1466) Metaspace: 37430K(37760K)->37430K(37760K) NonClass: 33003K(33152K)->33003K(33152K) Class: 4426K(4608K)->4426K(4608K)
[2025-04-16T15:17:09.283+0000][2323.292s][info][gc             ] GC(1466) Pause Young (Allocation Failure) 23M->14M(31M) 1.242ms
[2025-04-16T15:17:09.283+0000][2323.292s][info][gc,cpu         ] GC(1466) User=0.00s Sys=0.00s Real=0.00s
[2025-04-16T15:17:10.864+0000][2324.873s][info][gc,start       ] GC(1467) Pause Young (Allocation Failure)
[2025-04-16T15:17:10.866+0000][2324.875s][info][gc,heap        ] GC(1467) DefNew: 9163K(10176K)->91K(10176K) Eden: 9088K(9088K)->0K(9088K) From: 75K(1088K)->91K(1088K)
[2025-04-16T15:17:10.866+0000][2324.875s][info][gc,heap        ] GC(1467) Tenured: 15001K(22484K)->15001K(22484K)
[2025-04-16T15:17:10.866+0000][2324.875s][info][gc,metaspace   ] GC(1467) Metaspace: 37430K(37760K)->37430K(37760K) NonClass: 33003K(33152K)->33003K(33152K) Class: 4426K(4608K)->4426K(4608K)
[2025-04-16T15:17:10.866+0000][2324.875s][info][gc             ] GC(1467) Pause Young (Allocation Failure) 23M->14M(31M) 1.277ms
[2025-04-16T15:17:10.866+0000][2324.875s][info][gc,cpu         ] GC(1467) User=0.00s Sys=0.00s Real=0.00s
[2025-04-16T15:17:12.499+0000][2326.508s][info][gc,start       ] GC(1468) Pause Young (Allocation Failure)
[2025-04-16T15:17:12.500+0000][2326.509s][info][gc,heap        ] GC(1468) DefNew: 9179K(10176K)->70K(10176K) Eden: 9088K(9088K)->0K(9088K) From: 91K(1088K)->70K(1088K)
[2025-04-16T15:17:12.500+0000][2326.509s][info][gc,heap        ] GC(1468) Tenured: 15001K(22484K)->15001K(22484K)
[2025-04-16T15:17:12.500+0000][2326.509s][info][gc,metaspace   ] GC(1468) Metaspace: 37430K(37760K)->37430K(37760K) NonClass: 33003K(33152K)->33003K(33152K) Class: 4426K(4608K)->4426K(4608K)
[2025-04-16T15:17:12.500+0000][2326.509s][info][gc             ] GC(1468) Pause Young (Allocation Failure) 23M->14M(31M) 1.243ms
[2025-04-16T15:17:12.500+0000][2326.509s][info][gc,cpu         ] GC(1468) User=0.00s Sys=0.00s Real=0.00s
[2025-04-16T15:17:14.199+0000][2328.208s][info][gc,start       ] GC(1469) Pause Young (Allocation Failure)
[2025-04-16T15:17:14.200+0000][2328.209s][info][gc,heap        ] GC(1469) DefNew: 9158K(10176K)->71K(10176K) Eden: 9088K(9088K)->0K(9088K) From: 70K(1088K)->71K(1088K)
[2025-04-16T15:17:14.200+0000][2328.209s][info][gc,heap        ] GC(1469) Tenured: 15001K(22484K)->15001K(22484K)
[2025-04-16T15:17:14.200+0000][2328.209s][info][gc,metaspace   ] GC(1469) Metaspace: 37430K(37760K)->37430K(37760K) NonClass: 33003K(33152K)->33003K(33152K) Class: 4426K(4608K)->4426K(4608K)
[2025-04-16T15:17:14.200+0000][2328.209s][info][gc             ] GC(1469) Pause Young (Allocation Failure) 23M->14M(31M) 1.236ms
[2025-04-16T15:17:14.200+0000][2328.209s][info][gc,cpu         ] GC(1469) User=0.00s Sys=0.00s Real=0.00s
[2025-04-16T15:17:15.920+0000][2329.929s][info][gc,start       ] GC(1470) Pause Young (Allocation Failure)
[2025-04-16T15:17:15.922+0000][2329.931s][info][gc,heap        ] GC(1470) DefNew: 9159K(10176K)->75K(10176K) Eden: 9088K(9088K)->0K(9088K) From: 71K(1088K)->75K(1088K)
[2025-04-16T15:17:15.922+0000][2329.931s][info][gc,heap        ] GC(1470) Tenured: 15001K(22484K)->15001K(22484K)
[2025-04-16T15:17:15.922+0000][2329.931s][info][gc,metaspace   ] GC(1470) Metaspace: 37430K(37760K)->37430K(37760K) NonClass: 33003K(33152K)->33003K(33152K) Class: 4426K(4608K)->4426K(4608K)
[2025-04-16T15:17:15.922+0000][2329.931s][info][gc             ] GC(1470) Pause Young (Allocation Failure) 23M->14M(31M) 1.218ms
[2025-04-16T15:17:15.922+0000][2329.931s][info][gc,cpu         ] GC(1470) User=0.00s Sys=0.00s Real=0.00s
[2025-04-16T15:17:17.444+0000][2331.453s][info][gc,start       ] GC(1471) Pause Young (Allocation Failure)
[2025-04-16T15:17:17.446+0000][2331.455s][info][gc,heap        ] GC(1471) DefNew: 9163K(10176K)->72K(10176K) Eden: 9088K(9088K)->0K(9088K) From: 75K(1088K)->72K(1088K)
[2025-04-16T15:17:17.446+0000][2331.455s][info][gc,heap        ] GC(1471) Tenured: 15001K(22484K)->15001K(22484K)
[2025-04-16T15:17:17.446+0000][2331.455s][info][gc,metaspace   ] GC(1471) Metaspace: 37430K(37760K)->37430K(37760K) NonClass: 33003K(33152K)->33003K(33152K) Class: 4426K(4608K)->4426K(4608K)
[2025-04-16T15:17:17.446+0000][2331.455s][info][gc             ] GC(1471) Pause Young (Allocation Failure) 23M->14M(31M) 1.361ms
[2025-04-16T15:17:17.446+0000][2331.455s][info][gc,cpu         ] GC(1471) User=0.00s Sys=0.00s Real=0.00s
[2025-04-16T15:17:18.961+0000][2332.970s][info][gc,start       ] GC(1472) Pause Young (Allocation Failure)
[2025-04-16T15:17:18.962+0000][2332.971s][info][gc,heap        ] GC(1472) DefNew: 9160K(10176K)->96K(10176K) Eden: 9088K(9088K)->0K(9088K) From: 72K(1088K)->96K(1088K)
[2025-04-16T15:17:18.962+0000][2332.971s][info][gc,heap        ] GC(1472) Tenured: 15001K(22484K)->15001K(22484K)
[2025-04-16T15:17:18.962+0000][2332.971s][info][gc,metaspace   ] GC(1472) Metaspace: 37430K(37760K)->37430K(37760K) NonClass: 33003K(33152K)->33003K(33152K) Class: 4426K(4608K)->4426K(4608K)
[2025-04-16T15:17:18.962+0000][2332.971s][info][gc             ] GC(1472) Pause Young (Allocation Failure) 23M->14M(31M) 1.282ms
[2025-04-16T15:17:18.962+0000][2332.971s][info][gc,cpu         ] GC(1472) User=0.00s Sys=0.00s Real=0.00s
[2025-04-16T15:17:20.670+0000][2334.679s][info][gc,start       ] GC(1473) Pause Young (Allocation Failure)
[2025-04-16T15:17:20.671+0000][2334.680s][info][gc,heap        ] GC(1473) DefNew: 9184K(10176K)->90K(10176K) Eden: 9088K(9088K)->0K(9088K) From: 96K(1088K)->90K(1088K)
[2025-04-16T15:17:20.671+0000][2334.680s][info][gc,heap        ] GC(1473) Tenured: 15001K(22484K)->15001K(22484K)
[2025-04-16T15:17:20.671+0000][2334.680s][info][gc,metaspace   ] GC(1473) Metaspace: 37430K(37760K)->37430K(37760K) NonClass: 33003K(33152K)->33003K(33152K) Class: 4426K(4608K)->4426K(4608K)
[2025-04-16T15:17:20.671+0000][2334.680s][info][gc             ] GC(1473) Pause Young (Allocation Failure) 23M->14M(31M) 1.285ms
[2025-04-16T15:17:20.671+0000][2334.680s][info][gc,cpu         ] GC(1473) User=0.00s Sys=0.00s Real=0.00s
[2025-04-16T15:17:22.200+0000][2336.209s][info][gc,start       ] GC(1474) Pause Young (Allocation Failure)
[2025-04-16T15:17:22.201+0000][2336.210s][info][gc,heap        ] GC(1474) DefNew: 9178K(10176K)->75K(10176K) Eden: 9088K(9088K)->0K(9088K) From: 90K(1088K)->75K(1088K)
[2025-04-16T15:17:22.201+0000][2336.210s][info][gc,heap        ] GC(1474) Tenured: 15001K(22484K)->15001K(22484K)
[2025-04-16T15:17:22.201+0000][2336.210s][info][gc,metaspace   ] GC(1474) Metaspace: 37430K(37760K)->37430K(37760K) NonClass: 33003K(33152K)->33003K(33152K) Class: 4426K(4608K)->4426K(4608K)
[2025-04-16T15:17:22.201+0000][2336.210s][info][gc             ] GC(1474) Pause Young (Allocation Failure) 23M->14M(31M) 1.363ms
[2025-04-16T15:17:22.201+0000][2336.210s][info][gc,cpu         ] GC(1474) User=0.01s Sys=0.00s Real=0.00s
[2025-04-16T15:17:23.749+0000][2337.758s][info][gc,start       ] GC(1475) Pause Young (Allocation Failure)
[2025-04-16T15:17:23.750+0000][2337.759s][info][gc,heap        ] GC(1475) DefNew: 9154K(10176K)->77K(10176K) Eden: 9078K(9088K)->0K(9088K) From: 75K(1088K)->77K(1088K)
[2025-04-16T15:17:23.750+0000][2337.759s][info][gc,heap        ] GC(1475) Tenured: 15001K(22484K)->15001K(22484K)
[2025-04-16T15:17:23.750+0000][2337.759s][info][gc,metaspace   ] GC(1475) Metaspace: 37430K(37760K)->37430K(37760K) NonClass: 33003K(33152K)->33003K(33152K) Class: 4426K(4608K)->4426K(4608K)
[2025-04-16T15:17:23.750+0000][2337.759s][info][gc             ] GC(1475) Pause Young (Allocation Failure) 23M->14M(31M) 1.300ms
[2025-04-16T15:17:23.750+0000][2337.759s][info][gc,cpu         ] GC(1475) User=0.00s Sys=0.00s Real=0.00s
[2025-04-16T15:17:25.278+0000][2339.287s][info][gc,start       ] GC(1476) Pause Young (Allocation Failure)
[2025-04-16T15:17:25.279+0000][2339.288s][info][gc,heap        ] GC(1476) DefNew: 9165K(10176K)->82K(10176K) Eden: 9088K(9088K)->0K(9088K) From: 77K(1088K)->82K(1088K)
[2025-04-16T15:17:25.279+0000][2339.288s][info][gc,heap        ] GC(1476) Tenured: 15001K(22484K)->15001K(22484K)
[2025-04-16T15:17:25.279+0000][2339.288s][info][gc,metaspace   ] GC(1476) Metaspace: 37430K(37760K)->37430K(37760K) NonClass: 33003K(33152K)->33003K(33152K) Class: 4426K(4608K)->4426K(4608K)
[2025-04-16T15:17:25.279+0000][2339.288s][info][gc             ] GC(1476) Pause Young (Allocation Failure) 23M->14M(31M) 1.378ms
[2025-04-16T15:17:25.279+0000][2339.288s][info][gc,cpu         ] GC(1476) User=0.00s Sys=0.00s Real=0.00s
[2025-04-16T15:17:26.771+0000][2340.780s][info][gc,start       ] GC(1477) Pause Young (Allocation Failure)
[2025-04-16T15:17:26.773+0000][2340.782s][info][gc,heap        ] GC(1477) DefNew: 9170K(10176K)->73K(10176K) Eden: 9088K(9088K)->0K(9088K) From: 82K(1088K)->73K(1088K)
[2025-04-16T15:17:26.773+0000][2340.782s][info][gc,heap        ] GC(1477) Tenured: 15001K(22484K)->15001K(22484K)
[2025-04-16T15:17:26.773+0000][2340.782s][info][gc,metaspace   ] GC(1477) Metaspace: 37430K(37760K)->37430K(37760K) NonClass: 33003K(33152K)->33003K(33152K) Class: 4426K(4608K)->4426K(4608K)
[2025-04-16T15:17:26.773+0000][2340.782s][info][gc             ] GC(1477) Pause Young (Allocation Failure) 23M->14M(31M) 1.188ms
[2025-04-16T15:17:26.773+0000][2340.782s][info][gc,cpu         ] GC(1477) User=0.00s Sys=0.00s Real=0.00s
[2025-04-16T15:17:28.564+0000][2342.573s][info][gc,start       ] GC(1478) Pause Young (Allocation Failure)
[2025-04-16T15:17:28.565+0000][2342.574s][info][gc,heap        ] GC(1478) DefNew: 9161K(10176K)->91K(10176K) Eden: 9088K(9088K)->0K(9088K) From: 73K(1088K)->91K(1088K)
[2025-04-16T15:17:28.565+0000][2342.574s][info][gc,heap        ] GC(1478) Tenured: 15001K(22484K)->15001K(22484K)
[2025-04-16T15:17:28.565+0000][2342.574s][info][gc,metaspace   ] GC(1478) Metaspace: 37430K(37760K)->37430K(37760K) NonClass: 33003K(33152K)->33003K(33152K) Class: 4426K(4608K)->4426K(4608K)
[2025-04-16T15:17:28.565+0000][2342.574s][info][gc             ] GC(1478) Pause Young (Allocation Failure) 23M->14M(31M) 1.194ms
[2025-04-16T15:17:28.565+0000][2342.574s][info][gc,cpu         ] GC(1478) User=0.00s Sys=0.00s Real=0.01s
[2025-04-16T15:17:30.094+0000][2344.103s][info][gc,start       ] GC(1479) Pause Young (Allocation Failure)
[2025-04-16T15:17:30.096+0000][2344.105s][info][gc,heap        ] GC(1479) DefNew: 9179K(10176K)->84K(10176K) Eden: 9088K(9088K)->0K(9088K) From: 91K(1088K)->84K(1088K)
[2025-04-16T15:17:30.096+0000][2344.105s][info][gc,heap        ] GC(1479) Tenured: 15001K(22484K)->15001K(22484K)
[2025-04-16T15:17:30.096+0000][2344.105s][info][gc,metaspace   ] GC(1479) Metaspace: 37430K(37760K)->37430K(37760K) NonClass: 33003K(33152K)->33003K(33152K) Class: 4426K(4608K)->4426K(4608K)
[2025-04-16T15:17:30.096+0000][2344.105s][info][gc             ] GC(1479) Pause Young (Allocation Failure) 23M->14M(31M) 1.215ms
[2025-04-16T15:17:30.096+0000][2344.105s][info][gc,cpu         ] GC(1479) User=0.00s Sys=0.00s Real=0.00s
[2025-04-16T15:17:31.631+0000][2345.640s][info][gc,start       ] GC(1480) Pause Young (Allocation Failure)
[2025-04-16T15:17:31.632+0000][2345.641s][info][gc,heap        ] GC(1480) DefNew: 9172K(10176K)->75K(10176K) Eden: 9088K(9088K)->0K(9088K) From: 84K(1088K)->75K(1088K)
[2025-04-16T15:17:31.632+0000][2345.641s][info][gc,heap        ] GC(1480) Tenured: 15001K(22484K)->15001K(22484K)
[2025-04-16T15:17:31.632+0000][2345.641s][info][gc,metaspace   ] GC(1480) Metaspace: 37430K(37760K)->37430K(37760K) NonClass: 33003K(33152K)->33003K(33152K) Class: 4426K(4608K)->4426K(4608K)
[2025-04-16T15:17:31.632+0000][2345.641s][info][gc             ] GC(1480) Pause Young (Allocation Failure) 23M->14M(31M) 1.319ms
[2025-04-16T15:17:31.632+0000][2345.641s][info][gc,cpu         ] GC(1480) User=0.00s Sys=0.00s Real=0.00s
[2025-04-16T15:17:33.353+0000][2347.362s][info][gc,start       ] GC(1481) Pause Young (Allocation Failure)
[2025-04-16T15:17:33.354+0000][2347.363s][info][gc,heap        ] GC(1481) DefNew: 9163K(10176K)->88K(10176K) Eden: 9088K(9088K)->0K(9088K) From: 75K(1088K)->88K(1088K)
[2025-04-16T15:17:33.354+0000][2347.363s][info][gc,heap        ] GC(1481) Tenured: 15001K(22484K)->15001K(22484K)
[2025-04-16T15:17:33.354+0000][2347.363s][info][gc,metaspace   ] GC(1481) Metaspace: 37430K(37760K)->37430K(37760K) NonClass: 33003K(33152K)->33003K(33152K) Class: 4426K(4608K)->4426K(4608K)
[2025-04-16T15:17:33.354+0000][2347.363s][info][gc             ] GC(1481) Pause Young (Allocation Failure) 23M->14M(31M) 1.391ms
[2025-04-16T15:17:33.354+0000][2347.363s][info][gc,cpu         ] GC(1481) User=0.00s Sys=0.00s Real=0.01s
[2025-04-16T15:17:34.918+0000][2348.927s][info][gc,start       ] GC(1482) Pause Young (Allocation Failure)
[2025-04-16T15:17:34.919+0000][2348.928s][info][gc,heap        ] GC(1482) DefNew: 9176K(10176K)->92K(10176K) Eden: 9088K(9088K)->0K(9088K) From: 88K(1088K)->92K(1088K)
[2025-04-16T15:17:34.919+0000][2348.928s][info][gc,heap        ] GC(1482) Tenured: 15001K(22484K)->15001K(22484K)
[2025-04-16T15:17:34.919+0000][2348.928s][info][gc,metaspace   ] GC(1482) Metaspace: 37430K(37760K)->37430K(37760K) NonClass: 33003K(33152K)->33003K(33152K) Class: 4426K(4608K)->4426K(4608K)
[2025-04-16T15:17:34.919+0000][2348.928s][info][gc             ] GC(1482) Pause Young (Allocation Failure) 23M->14M(31M) 1.208ms
[2025-04-16T15:17:34.919+0000][2348.928s][info][gc,cpu         ] GC(1482) User=0.00s Sys=0.00s Real=0.00s
[2025-04-16T15:17:36.502+0000][2350.511s][info][gc,start       ] GC(1483) Pause Young (Allocation Failure)
[2025-04-16T15:17:36.503+0000][2350.512s][info][gc,heap        ] GC(1483) DefNew: 9177K(10176K)->83K(10176K) Eden: 9085K(9088K)->0K(9088K) From: 92K(1088K)->83K(1088K)
[2025-04-16T15:17:36.503+0000][2350.512s][info][gc,heap        ] GC(1483) Tenured: 15001K(22484K)->15001K(22484K)
[2025-04-16T15:17:36.503+0000][2350.512s][info][gc,metaspace   ] GC(1483) Metaspace: 37430K(37760K)->37430K(37760K) NonClass: 33003K(33152K)->33003K(33152K) Class: 4426K(4608K)->4426K(4608K)
[2025-04-16T15:17:36.503+0000][2350.512s][info][gc             ] GC(1483) Pause Young (Allocation Failure) 23M->14M(31M) 1.298ms
[2025-04-16T15:17:36.503+0000][2350.512s][info][gc,cpu         ] GC(1483) User=0.00s Sys=0.00s Real=0.00s
[2025-04-16T15:17:38.009+0000][2352.018s][info][gc,start       ] GC(1484) Pause Young (Allocation Failure)
[2025-04-16T15:17:38.011+0000][2352.020s][info][gc,heap        ] GC(1484) DefNew: 9171K(10176K)->86K(10176K) Eden: 9088K(9088K)->0K(9088K) From: 83K(1088K)->86K(1088K)
[2025-04-16T15:17:38.011+0000][2352.020s][info][gc,heap        ] GC(1484) Tenured: 15001K(22484K)->15001K(22484K)
[2025-04-16T15:17:38.011+0000][2352.020s][info][gc,metaspace   ] GC(1484) Metaspace: 37430K(37760K)->37430K(37760K) NonClass: 33003K(33152K)->33003K(33152K) Class: 4426K(4608K)->4426K(4608K)
[2025-04-16T15:17:38.011+0000][2352.020s][info][gc             ] GC(1484) Pause Young (Allocation Failure) 23M->14M(31M) 1.390ms
[2025-04-16T15:17:38.011+0000][2352.020s][info][gc,cpu         ] GC(1484) User=0.00s Sys=0.00s Real=0.00s
[2025-04-16T15:17:39.698+0000][2353.707s][info][gc,start       ] GC(1485) Pause Young (Allocation Failure)
[2025-04-16T15:17:39.699+0000][2353.708s][info][gc,heap        ] GC(1485) DefNew: 9171K(10176K)->96K(10176K) Eden: 9085K(9088K)->0K(9088K) From: 86K(1088K)->96K(1088K)
[2025-04-16T15:17:39.699+0000][2353.708s][info][gc,heap        ] GC(1485) Tenured: 15001K(22484K)->15001K(22484K)
[2025-04-16T15:17:39.699+0000][2353.708s][info][gc,metaspace   ] GC(1485) Metaspace: 37430K(37760K)->37430K(37760K) NonClass: 33003K(33152K)->33003K(33152K) Class: 4426K(4608K)->4426K(4608K)
[2025-04-16T15:17:39.699+0000][2353.708s][info][gc             ] GC(1485) Pause Young (Allocation Failure) 23M->14M(31M) 1.355ms
[2025-04-16T15:17:39.699+0000][2353.708s][info][gc,cpu         ] GC(1485) User=0.00s Sys=0.00s Real=0.00s
[2025-04-16T15:17:41.316+0000][2355.325s][info][gc,start       ] GC(1486) Pause Young (Allocation Failure)
[2025-04-16T15:17:41.318+0000][2355.327s][info][gc,heap        ] GC(1486) DefNew: 9184K(10176K)->77K(10176K) Eden: 9088K(9088K)->0K(9088K) From: 96K(1088K)->77K(1088K)
[2025-04-16T15:17:41.318+0000][2355.327s][info][gc,heap        ] GC(1486) Tenured: 15001K(22484K)->15001K(22484K)
[2025-04-16T15:17:41.318+0000][2355.327s][info][gc,metaspace   ] GC(1486) Metaspace: 37430K(37760K)->37430K(37760K) NonClass: 33003K(33152K)->33003K(33152K) Class: 4426K(4608K)->4426K(4608K)
[2025-04-16T15:17:41.318+0000][2355.327s][info][gc             ] GC(1486) Pause Young (Allocation Failure) 23M->14M(31M) 1.319ms
[2025-04-16T15:17:41.318+0000][2355.327s][info][gc,cpu         ] GC(1486) User=0.00s Sys=0.00s Real=0.00s
[2025-04-16T15:17:42.988+0000][2356.997s][info][gc,start       ] GC(1487) Pause Young (Allocation Failure)
[2025-04-16T15:17:42.989+0000][2356.998s][info][gc,heap        ] GC(1487) DefNew: 9165K(10176K)->95K(10176K) Eden: 9087K(9088K)->0K(9088K) From: 77K(1088K)->95K(1088K)
[2025-04-16T15:17:42.989+0000][2356.998s][info][gc,heap        ] GC(1487) Tenured: 15001K(22484K)->15003K(22484K)
[2025-04-16T15:17:42.989+0000][2356.998s][info][gc,metaspace   ] GC(1487) Metaspace: 37430K(37760K)->37430K(37760K) NonClass: 33003K(33152K)->33003K(33152K) Class: 4426K(4608K)->4426K(4608K)
[2025-04-16T15:17:42.989+0000][2356.998s][info][gc             ] GC(1487) Pause Young (Allocation Failure) 23M->14M(31M) 1.344ms
[2025-04-16T15:17:42.989+0000][2356.998s][info][gc,cpu         ] GC(1487) User=0.01s Sys=0.00s Real=0.00s
[2025-04-16T15:17:44.563+0000][2358.572s][info][gc,start       ] GC(1488) Pause Young (Allocation Failure)
[2025-04-16T15:17:44.564+0000][2358.573s][info][gc,heap        ] GC(1488) DefNew: 9183K(10176K)->82K(10176K) Eden: 9088K(9088K)->0K(9088K) From: 95K(1088K)->82K(1088K)
[2025-04-16T15:17:44.564+0000][2358.573s][info][gc,heap        ] GC(1488) Tenured: 15003K(22484K)->15003K(22484K)
[2025-04-16T15:17:44.564+0000][2358.573s][info][gc,metaspace   ] GC(1488) Metaspace: 37430K(37760K)->37430K(37760K) NonClass: 33003K(33152K)->33003K(33152K) Class: 4426K(4608K)->4426K(4608K)
[2025-04-16T15:17:44.564+0000][2358.573s][info][gc             ] GC(1488) Pause Young (Allocation Failure) 23M->14M(31M) 1.267ms
[2025-04-16T15:17:44.564+0000][2358.573s][info][gc,cpu         ] GC(1488) User=0.00s Sys=0.00s Real=0.01s
[2025-04-16T15:17:46.028+0000][2360.037s][info][gc,start       ] GC(1489) Pause Young (Allocation Failure)
[2025-04-16T15:17:46.029+0000][2360.038s][info][gc,heap        ] GC(1489) DefNew: 9163K(10176K)->79K(10176K) Eden: 9080K(9088K)->0K(9088K) From: 82K(1088K)->79K(1088K)
[2025-04-16T15:17:46.029+0000][2360.038s][info][gc,heap        ] GC(1489) Tenured: 15003K(22484K)->15003K(22484K)
[2025-04-16T15:17:46.029+0000][2360.038s][info][gc,metaspace   ] GC(1489) Metaspace: 37430K(37760K)->37430K(37760K) NonClass: 33003K(33152K)->33003K(33152K) Class: 4426K(4608K)->4426K(4608K)
[2025-04-16T15:17:46.029+0000][2360.038s][info][gc             ] GC(1489) Pause Young (Allocation Failure) 23M->14M(31M) 1.195ms
[2025-04-16T15:17:46.029+0000][2360.038s][info][gc,cpu         ] GC(1489) User=0.00s Sys=0.00s Real=0.00s
[2025-04-16T15:17:47.707+0000][2361.716s][info][gc,start       ] GC(1490) Pause Young (Allocation Failure)
[2025-04-16T15:17:47.709+0000][2361.718s][info][gc,heap        ] GC(1490) DefNew: 9167K(10176K)->83K(10176K) Eden: 9088K(9088K)->0K(9088K) From: 79K(1088K)->83K(1088K)
[2025-04-16T15:17:47.709+0000][2361.718s][info][gc,heap        ] GC(1490) Tenured: 15003K(22484K)->15003K(22484K)
[2025-04-16T15:17:47.709+0000][2361.718s][info][gc,metaspace   ] GC(1490) Metaspace: 37430K(37760K)->37430K(37760K) NonClass: 33003K(33152K)->33003K(33152K) Class: 4426K(4608K)->4426K(4608K)
[2025-04-16T15:17:47.709+0000][2361.718s][info][gc             ] GC(1490) Pause Young (Allocation Failure) 23M->14M(31M) 1.332ms
[2025-04-16T15:17:47.709+0000][2361.718s][info][gc,cpu         ] GC(1490) User=0.00s Sys=0.00s Real=0.00s
[2025-04-16T15:17:49.208+0000][2363.217s][info][gc,start       ] GC(1491) Pause Young (Allocation Failure)
[2025-04-16T15:17:49.209+0000][2363.218s][info][gc,heap        ] GC(1491) DefNew: 9171K(10176K)->74K(10176K) Eden: 9088K(9088K)->0K(9088K) From: 83K(1088K)->74K(1088K)
[2025-04-16T15:17:49.209+0000][2363.218s][info][gc,heap        ] GC(1491) Tenured: 15003K(22484K)->15003K(22484K)
[2025-04-16T15:17:49.209+0000][2363.218s][info][gc,metaspace   ] GC(1491) Metaspace: 37430K(37760K)->37430K(37760K) NonClass: 33003K(33152K)->33003K(33152K) Class: 4426K(4608K)->4426K(4608K)
[2025-04-16T15:17:49.209+0000][2363.218s][info][gc             ] GC(1491) Pause Young (Allocation Failure) 23M->14M(31M) 1.316ms
[2025-04-16T15:17:49.209+0000][2363.218s][info][gc,cpu         ] GC(1491) User=0.00s Sys=0.00s Real=0.00s
[2025-04-16T15:17:50.919+0000][2364.928s][info][gc,start       ] GC(1492) Pause Young (Allocation Failure)
[2025-04-16T15:17:50.921+0000][2364.930s][info][gc,heap        ] GC(1492) DefNew: 9162K(10176K)->97K(10176K) Eden: 9088K(9088K)->0K(9088K) From: 74K(1088K)->97K(1088K)
[2025-04-16T15:17:50.921+0000][2364.930s][info][gc,heap        ] GC(1492) Tenured: 15003K(22484K)->15003K(22484K)
[2025-04-16T15:17:50.921+0000][2364.930s][info][gc,metaspace   ] GC(1492) Metaspace: 37430K(37760K)->37430K(37760K) NonClass: 33003K(33152K)->33003K(33152K) Class: 4426K(4608K)->4426K(4608K)
[2025-04-16T15:17:50.921+0000][2364.930s][info][gc             ] GC(1492) Pause Young (Allocation Failure) 23M->14M(31M) 1.346ms
[2025-04-16T15:17:50.921+0000][2364.930s][info][gc,cpu         ] GC(1492) User=0.00s Sys=0.00s Real=0.00s
[2025-04-16T15:17:52.332+0000][2366.341s][info][gc,start       ] GC(1493) Pause Young (Allocation Failure)
[2025-04-16T15:17:52.333+0000][2366.342s][info][gc,heap        ] GC(1493) DefNew: 9185K(10176K)->93K(10176K) Eden: 9088K(9088K)->0K(9088K) From: 97K(1088K)->93K(1088K)
[2025-04-16T15:17:52.333+0000][2366.342s][info][gc,heap        ] GC(1493) Tenured: 15003K(22484K)->15003K(22484K)
[2025-04-16T15:17:52.333+0000][2366.342s][info][gc,metaspace   ] GC(1493) Metaspace: 37430K(37760K)->37430K(37760K) NonClass: 33003K(33152K)->33003K(33152K) Class: 4426K(4608K)->4426K(4608K)
[2025-04-16T15:17:52.333+0000][2366.342s][info][gc             ] GC(1493) Pause Young (Allocation Failure) 23M->14M(31M) 1.195ms
[2025-04-16T15:17:52.333+0000][2366.342s][info][gc,cpu         ] GC(1493) User=0.00s Sys=0.00s Real=0.00s
[2025-04-16T15:17:54.117+0000][2368.126s][info][gc,start       ] GC(1494) Pause Young (Allocation Failure)
[2025-04-16T15:17:54.118+0000][2368.127s][info][gc,heap        ] GC(1494) DefNew: 9181K(10176K)->99K(10176K) Eden: 9088K(9088K)->0K(9088K) From: 93K(1088K)->99K(1088K)
[2025-04-16T15:17:54.118+0000][2368.127s][info][gc,heap        ] GC(1494) Tenured: 15003K(22484K)->15003K(22484K)
[2025-04-16T15:17:54.118+0000][2368.127s][info][gc,metaspace   ] GC(1494) Metaspace: 37430K(37760K)->37430K(37760K) NonClass: 33003K(33152K)->33003K(33152K) Class: 4426K(4608K)->4426K(4608K)
[2025-04-16T15:17:54.118+0000][2368.127s][info][gc             ] GC(1494) Pause Young (Allocation Failure) 23M->14M(31M) 1.482ms
[2025-04-16T15:17:54.118+0000][2368.127s][info][gc,cpu         ] GC(1494) User=0.00s Sys=0.00s Real=0.00s
[2025-04-16T15:17:55.702+0000][2369.711s][info][gc,start       ] GC(1495) Pause Young (Allocation Failure)
[2025-04-16T15:17:55.703+0000][2369.712s][info][gc,heap        ] GC(1495) DefNew: 9187K(10176K)->67K(10176K) Eden: 9088K(9088K)->0K(9088K) From: 99K(1088K)->67K(1088K)
[2025-04-16T15:17:55.703+0000][2369.712s][info][gc,heap        ] GC(1495) Tenured: 15003K(22484K)->15003K(22484K)
[2025-04-16T15:17:55.703+0000][2369.712s][info][gc,metaspace   ] GC(1495) Metaspace: 37430K(37760K)->37430K(37760K) NonClass: 33003K(33152K)->33003K(33152K) Class: 4426K(4608K)->4426K(4608K)
[2025-04-16T15:17:55.703+0000][2369.712s][info][gc             ] GC(1495) Pause Young (Allocation Failure) 23M->14M(31M) 1.293ms
[2025-04-16T15:17:55.703+0000][2369.712s][info][gc,cpu         ] GC(1495) User=0.00s Sys=0.00s Real=0.00s
[2025-04-16T15:17:57.396+0000][2371.405s][info][gc,start       ] GC(1496) Pause Young (Allocation Failure)
[2025-04-16T15:17:57.397+0000][2371.406s][info][gc,heap        ] GC(1496) DefNew: 9155K(10176K)->79K(10176K) Eden: 9088K(9088K)->0K(9088K) From: 67K(1088K)->79K(1088K)
[2025-04-16T15:17:57.397+0000][2371.406s][info][gc,heap        ] GC(1496) Tenured: 15003K(22484K)->15004K(22484K)
[2025-04-16T15:17:57.397+0000][2371.406s][info][gc,metaspace   ] GC(1496) Metaspace: 37430K(37760K)->37430K(37760K) NonClass: 33003K(33152K)->33003K(33152K) Class: 4426K(4608K)->4426K(4608K)
[2025-04-16T15:17:57.397+0000][2371.407s][info][gc             ] GC(1496) Pause Young (Allocation Failure) 23M->14M(31M) 1.197ms
[2025-04-16T15:17:57.398+0000][2371.407s][info][gc,cpu         ] GC(1496) User=0.00s Sys=0.00s Real=0.00s
[2025-04-16T15:17:58.970+0000][2372.979s][info][gc,start       ] GC(1497) Pause Young (Allocation Failure)
[2025-04-16T15:17:58.971+0000][2372.980s][info][gc,heap        ] GC(1497) DefNew: 9167K(10176K)->78K(10176K) Eden: 9088K(9088K)->0K(9088K) From: 79K(1088K)->78K(1088K)
[2025-04-16T15:17:58.971+0000][2372.980s][info][gc,heap        ] GC(1497) Tenured: 15004K(22484K)->15004K(22484K)
[2025-04-16T15:17:58.971+0000][2372.980s][info][gc,metaspace   ] GC(1497) Metaspace: 37430K(37760K)->37430K(37760K) NonClass: 33003K(33152K)->33003K(33152K) Class: 4426K(4608K)->4426K(4608K)
[2025-04-16T15:17:58.971+0000][2372.980s][info][gc             ] GC(1497) Pause Young (Allocation Failure) 23M->14M(31M) 1.350ms
[2025-04-16T15:17:58.971+0000][2372.980s][info][gc,cpu         ] GC(1497) User=0.00s Sys=0.00s Real=0.00s
[2025-04-16T15:18:00.426+0000][2374.435s][info][gc,start       ] GC(1498) Pause Young (Allocation Failure)
[2025-04-16T15:18:00.427+0000][2374.436s][info][gc,heap        ] GC(1498) DefNew: 9166K(10176K)->71K(10176K) Eden: 9088K(9088K)->0K(9088K) From: 78K(1088K)->71K(1088K)
[2025-04-16T15:18:00.427+0000][2374.436s][info][gc,heap        ] GC(1498) Tenured: 15004K(22484K)->15004K(22484K)
[2025-04-16T15:18:00.427+0000][2374.436s][info][gc,metaspace   ] GC(1498) Metaspace: 37430K(37760K)->37430K(37760K) NonClass: 33003K(33152K)->33003K(33152K) Class: 4426K(4608K)->4426K(4608K)
[2025-04-16T15:18:00.427+0000][2374.436s][info][gc             ] GC(1498) Pause Young (Allocation Failure) 23M->14M(31M) 1.207ms
[2025-04-16T15:18:00.427+0000][2374.436s][info][gc,cpu         ] GC(1498) User=0.01s Sys=0.00s Real=0.00s
[2025-04-16T15:18:02.369+0000][2376.378s][info][gc,start       ] GC(1499) Pause Young (Allocation Failure)
[2025-04-16T15:18:02.370+0000][2376.379s][info][gc,heap        ] GC(1499) DefNew: 9159K(10176K)->94K(10176K) Eden: 9088K(9088K)->0K(9088K) From: 71K(1088K)->94K(1088K)
[2025-04-16T15:18:02.370+0000][2376.379s][info][gc,heap        ] GC(1499) Tenured: 15004K(22484K)->15004K(22484K)
[2025-04-16T15:18:02.370+0000][2376.379s][info][gc,metaspace   ] GC(1499) Metaspace: 37430K(37760K)->37430K(37760K) NonClass: 33003K(33152K)->33003K(33152K) Class: 4426K(4608K)->4426K(4608K)
[2025-04-16T15:18:02.370+0000][2376.379s][info][gc             ] GC(1499) Pause Young (Allocation Failure) 23M->14M(31M) 1.300ms
[2025-04-16T15:18:02.370+0000][2376.379s][info][gc,cpu         ] GC(1499) User=0.00s Sys=0.00s Real=0.00s
[2025-04-16T15:18:03.934+0000][2377.943s][info][gc,start       ] GC(1500) Pause Young (Allocation Failure)
[2025-04-16T15:18:03.935+0000][2377.944s][info][gc,heap        ] GC(1500) DefNew: 9182K(10176K)->94K(10176K) Eden: 9088K(9088K)->0K(9088K) From: 94K(1088K)->94K(1088K)
[2025-04-16T15:18:03.935+0000][2377.944s][info][gc,heap        ] GC(1500) Tenured: 15004K(22484K)->15006K(22484K)
[2025-04-16T15:18:03.935+0000][2377.944s][info][gc,metaspace   ] GC(1500) Metaspace: 37430K(37760K)->37430K(37760K) NonClass: 33003K(33152K)->33003K(33152K) Class: 4426K(4608K)->4426K(4608K)
[2025-04-16T15:18:03.935+0000][2377.944s][info][gc             ] GC(1500) Pause Young (Allocation Failure) 23M->14M(31M) 1.285ms
[2025-04-16T15:18:03.935+0000][2377.944s][info][gc,cpu         ] GC(1500) User=0.00s Sys=0.00s Real=0.01s
[2025-04-16T15:18:05.700+0000][2379.709s][info][gc,start       ] GC(1501) Pause Young (Allocation Failure)
[2025-04-16T15:18:05.701+0000][2379.710s][info][gc,heap        ] GC(1501) DefNew: 9182K(10176K)->84K(10176K) Eden: 9088K(9088K)->0K(9088K) From: 94K(1088K)->84K(1088K)
[2025-04-16T15:18:05.701+0000][2379.710s][info][gc,heap        ] GC(1501) Tenured: 15006K(22484K)->15006K(22484K)
[2025-04-16T15:18:05.701+0000][2379.710s][info][gc,metaspace   ] GC(1501) Metaspace: 37430K(37760K)->37430K(37760K) NonClass: 33003K(33152K)->33003K(33152K) Class: 4426K(4608K)->4426K(4608K)
[2025-04-16T15:18:05.701+0000][2379.710s][info][gc             ] GC(1501) Pause Young (Allocation Failure) 23M->14M(31M) 1.444ms
[2025-04-16T15:18:05.701+0000][2379.710s][info][gc,cpu         ] GC(1501) User=0.00s Sys=0.00s Real=0.00s
[2025-04-16T15:18:07.156+0000][2381.165s][info][gc,start       ] GC(1502) Pause Young (Allocation Failure)
[2025-04-16T15:18:07.157+0000][2381.166s][info][gc,heap        ] GC(1502) DefNew: 9162K(10176K)->80K(10176K) Eden: 9077K(9088K)->0K(9088K) From: 84K(1088K)->80K(1088K)
[2025-04-16T15:18:07.157+0000][2381.166s][info][gc,heap        ] GC(1502) Tenured: 15006K(22484K)->15006K(22484K)
[2025-04-16T15:18:07.157+0000][2381.166s][info][gc,metaspace   ] GC(1502) Metaspace: 37430K(37760K)->37430K(37760K) NonClass: 33003K(33152K)->33003K(33152K) Class: 4426K(4608K)->4426K(4608K)
[2025-04-16T15:18:07.157+0000][2381.166s][info][gc             ] GC(1502) Pause Young (Allocation Failure) 23M->14M(31M) 1.191ms
[2025-04-16T15:18:07.157+0000][2381.166s][info][gc,cpu         ] GC(1502) User=0.00s Sys=0.00s Real=0.00s
[2025-04-16T15:18:09.044+0000][2383.053s][info][gc,start       ] GC(1503) Pause Young (Allocation Failure)
[2025-04-16T15:18:09.046+0000][2383.055s][info][gc,heap        ] GC(1503) DefNew: 9168K(10176K)->83K(10176K) Eden: 9088K(9088K)->0K(9088K) From: 80K(1088K)->83K(1088K)
[2025-04-16T15:18:09.046+0000][2383.055s][info][gc,heap        ] GC(1503) Tenured: 15006K(22484K)->15006K(22484K)
[2025-04-16T15:18:09.046+0000][2383.055s][info][gc,metaspace   ] GC(1503) Metaspace: 37430K(37760K)->37430K(37760K) NonClass: 33003K(33152K)->33003K(33152K) Class: 4426K(4608K)->4426K(4608K)
[2025-04-16T15:18:09.046+0000][2383.055s][info][gc             ] GC(1503) Pause Young (Allocation Failure) 23M->14M(31M) 1.335ms
[2025-04-16T15:18:09.046+0000][2383.055s][info][gc,cpu         ] GC(1503) User=0.01s Sys=0.00s Real=0.00s
[2025-04-16T15:18:10.646+0000][2384.655s][info][gc,start       ] GC(1504) Pause Young (Allocation Failure)
[2025-04-16T15:18:10.648+0000][2384.657s][info][gc,heap        ] GC(1504) DefNew: 9171K(10176K)->73K(10176K) Eden: 9087K(9088K)->0K(9088K) From: 83K(1088K)->73K(1088K)
[2025-04-16T15:18:10.648+0000][2384.657s][info][gc,heap        ] GC(1504) Tenured: 15006K(22484K)->15007K(22484K)
[2025-04-16T15:18:10.648+0000][2384.657s][info][gc,metaspace   ] GC(1504) Metaspace: 37430K(37760K)->37430K(37760K) NonClass: 33003K(33152K)->33003K(33152K) Class: 4426K(4608K)->4426K(4608K)
[2025-04-16T15:18:10.648+0000][2384.657s][info][gc             ] GC(1504) Pause Young (Allocation Failure) 23M->14M(31M) 1.336ms
[2025-04-16T15:18:10.648+0000][2384.657s][info][gc,cpu         ] GC(1504) User=0.00s Sys=0.00s Real=0.00s
[2025-04-16T15:18:12.344+0000][2386.353s][info][gc,start       ] GC(1505) Pause Young (Allocation Failure)
[2025-04-16T15:18:12.345+0000][2386.354s][info][gc,heap        ] GC(1505) DefNew: 9160K(10176K)->82K(10176K) Eden: 9086K(9088K)->0K(9088K) From: 73K(1088K)->82K(1088K)
[2025-04-16T15:18:12.345+0000][2386.354s][info][gc,heap        ] GC(1505) Tenured: 15007K(22484K)->15007K(22484K)
[2025-04-16T15:18:12.345+0000][2386.354s][info][gc,metaspace   ] GC(1505) Metaspace: 37430K(37760K)->37430K(37760K) NonClass: 33003K(33152K)->33003K(33152K) Class: 4426K(4608K)->4426K(4608K)
[2025-04-16T15:18:12.345+0000][2386.354s][info][gc             ] GC(1505) Pause Young (Allocation Failure) 23M->14M(31M) 1.184ms
[2025-04-16T15:18:12.345+0000][2386.354s][info][gc,cpu         ] GC(1505) User=0.00s Sys=0.00s Real=0.01s
[2025-04-16T15:18:13.767+0000][2387.776s][info][gc,start       ] GC(1506) Pause Young (Allocation Failure)
[2025-04-16T15:18:13.768+0000][2387.777s][info][gc,heap        ] GC(1506) DefNew: 9160K(10176K)->80K(10176K) Eden: 9077K(9088K)->0K(9088K) From: 82K(1088K)->80K(1088K)
[2025-04-16T15:18:13.768+0000][2387.777s][info][gc,heap        ] GC(1506) Tenured: 15007K(22484K)->15007K(22484K)
[2025-04-16T15:18:13.768+0000][2387.777s][info][gc,metaspace   ] GC(1506) Metaspace: 37430K(37760K)->37430K(37760K) NonClass: 33003K(33152K)->33003K(33152K) Class: 4426K(4608K)->4426K(4608K)
[2025-04-16T15:18:13.768+0000][2387.777s][info][gc             ] GC(1506) Pause Young (Allocation Failure) 23M->14M(31M) 1.268ms
[2025-04-16T15:18:13.768+0000][2387.777s][info][gc,cpu         ] GC(1506) User=0.00s Sys=0.00s Real=0.00s
[2025-04-16T15:18:15.544+0000][2389.553s][info][gc,start       ] GC(1507) Pause Young (Allocation Failure)
[2025-04-16T15:18:15.545+0000][2389.554s][info][gc,heap        ] GC(1507) DefNew: 9168K(10176K)->82K(10176K) Eden: 9088K(9088K)->0K(9088K) From: 80K(1088K)->82K(1088K)
[2025-04-16T15:18:15.545+0000][2389.554s][info][gc,heap        ] GC(1507) Tenured: 15007K(22484K)->15007K(22484K)
[2025-04-16T15:18:15.545+0000][2389.554s][info][gc,metaspace   ] GC(1507) Metaspace: 37430K(37760K)->37430K(37760K) NonClass: 33003K(33152K)->33003K(33152K) Class: 4426K(4608K)->4426K(4608K)
[2025-04-16T15:18:15.545+0000][2389.555s][info][gc             ] GC(1507) Pause Young (Allocation Failure) 23M->14M(31M) 1.258ms
[2025-04-16T15:18:15.545+0000][2389.555s][info][gc,cpu         ] GC(1507) User=0.00s Sys=0.00s Real=0.00s
[2025-04-16T15:18:17.021+0000][2391.030s][info][gc,start       ] GC(1508) Pause Young (Allocation Failure)
[2025-04-16T15:18:17.022+0000][2391.031s][info][gc,heap        ] GC(1508) DefNew: 9170K(10176K)->92K(10176K) Eden: 9088K(9088K)->0K(9088K) From: 82K(1088K)->92K(1088K)
[2025-04-16T15:18:17.022+0000][2391.031s][info][gc,heap        ] GC(1508) Tenured: 15007K(22484K)->15007K(22484K)
[2025-04-16T15:18:17.022+0000][2391.031s][info][gc,metaspace   ] GC(1508) Metaspace: 37430K(37760K)->37430K(37760K) NonClass: 33003K(33152K)->33003K(33152K) Class: 4426K(4608K)->4426K(4608K)
[2025-04-16T15:18:17.022+0000][2391.031s][info][gc             ] GC(1508) Pause Young (Allocation Failure) 23M->14M(31M) 1.224ms
[2025-04-16T15:18:17.022+0000][2391.031s][info][gc,cpu         ] GC(1508) User=0.00s Sys=0.00s Real=0.00s
[2025-04-16T15:18:18.328+0000][2392.337s][info][gc,start       ] GC(1509) Pause Young (Allocation Failure)
[2025-04-16T15:18:18.329+0000][2392.338s][info][gc,heap        ] GC(1509) DefNew: 9179K(10176K)->84K(10176K) Eden: 9086K(9088K)->0K(9088K) From: 92K(1088K)->84K(1088K)
[2025-04-16T15:18:18.329+0000][2392.338s][info][gc,heap        ] GC(1509) Tenured: 15007K(22484K)->15007K(22484K)
[2025-04-16T15:18:18.329+0000][2392.338s][info][gc,metaspace   ] GC(1509) Metaspace: 37430K(37760K)->37430K(37760K) NonClass: 33003K(33152K)->33003K(33152K) Class: 4426K(4608K)->4426K(4608K)
[2025-04-16T15:18:18.329+0000][2392.338s][info][gc             ] GC(1509) Pause Young (Allocation Failure) 23M->14M(31M) 1.192ms
[2025-04-16T15:18:18.329+0000][2392.338s][info][gc,cpu         ] GC(1509) User=0.00s Sys=0.00s Real=0.00s
[2025-04-16T15:18:20.178+0000][2394.187s][info][gc,start       ] GC(1510) Pause Young (Allocation Failure)
[2025-04-16T15:18:20.179+0000][2394.188s][info][gc,heap        ] GC(1510) DefNew: 9172K(10176K)->76K(10176K) Eden: 9088K(9088K)->0K(9088K) From: 84K(1088K)->76K(1088K)
[2025-04-16T15:18:20.179+0000][2394.188s][info][gc,heap        ] GC(1510) Tenured: 15007K(22484K)->15009K(22484K)
[2025-04-16T15:18:20.179+0000][2394.188s][info][gc,metaspace   ] GC(1510) Metaspace: 37430K(37760K)->37430K(37760K) NonClass: 33003K(33152K)->33003K(33152K) Class: 4426K(4608K)->4426K(4608K)
[2025-04-16T15:18:20.179+0000][2394.188s][info][gc             ] GC(1510) Pause Young (Allocation Failure) 23M->14M(31M) 1.324ms
[2025-04-16T15:18:20.179+0000][2394.188s][info][gc,cpu         ] GC(1510) User=0.00s Sys=0.00s Real=0.00s
[2025-04-16T15:18:21.889+0000][2395.898s][info][gc,start       ] GC(1511) Pause Young (Allocation Failure)
[2025-04-16T15:18:21.890+0000][2395.899s][info][gc,heap        ] GC(1511) DefNew: 9164K(10176K)->77K(10176K) Eden: 9088K(9088K)->0K(9088K) From: 76K(1088K)->77K(1088K)
[2025-04-16T15:18:21.890+0000][2395.899s][info][gc,heap        ] GC(1511) Tenured: 15009K(22484K)->15009K(22484K)
[2025-04-16T15:18:21.890+0000][2395.899s][info][gc,metaspace   ] GC(1511) Metaspace: 37430K(37760K)->37430K(37760K) NonClass: 33003K(33152K)->33003K(33152K) Class: 4426K(4608K)->4426K(4608K)
[2025-04-16T15:18:21.890+0000][2395.899s][info][gc             ] GC(1511) Pause Young (Allocation Failure) 23M->14M(31M) 1.297ms
[2025-04-16T15:18:21.890+0000][2395.899s][info][gc,cpu         ] GC(1511) User=0.01s Sys=0.00s Real=0.00s
[2025-04-16T15:18:23.334+0000][2397.343s][info][gc,start       ] GC(1512) Pause Young (Allocation Failure)
[2025-04-16T15:18:23.335+0000][2397.344s][info][gc,heap        ] GC(1512) DefNew: 9165K(10176K)->87K(10176K) Eden: 9088K(9088K)->0K(9088K) From: 77K(1088K)->87K(1088K)
[2025-04-16T15:18:23.335+0000][2397.345s][info][gc,heap        ] GC(1512) Tenured: 15009K(22484K)->15009K(22484K)
[2025-04-16T15:18:23.335+0000][2397.345s][info][gc,metaspace   ] GC(1512) Metaspace: 37430K(37760K)->37430K(37760K) NonClass: 33003K(33152K)->33003K(33152K) Class: 4426K(4608K)->4426K(4608K)
[2025-04-16T15:18:23.336+0000][2397.345s][info][gc             ] GC(1512) Pause Young (Allocation Failure) 23M->14M(31M) 1.322ms
[2025-04-16T15:18:23.336+0000][2397.345s][info][gc,cpu         ] GC(1512) User=0.00s Sys=0.00s Real=0.00s
[2025-04-16T15:18:25.010+0000][2399.019s][info][gc,start       ] GC(1513) Pause Young (Allocation Failure)
[2025-04-16T15:18:25.011+0000][2399.020s][info][gc,heap        ] GC(1513) DefNew: 9175K(10176K)->95K(10176K) Eden: 9088K(9088K)->0K(9088K) From: 87K(1088K)->95K(1088K)
[2025-04-16T15:18:25.011+0000][2399.020s][info][gc,heap        ] GC(1513) Tenured: 15009K(22484K)->15009K(22484K)
[2025-04-16T15:18:25.011+0000][2399.020s][info][gc,metaspace   ] GC(1513) Metaspace: 37430K(37760K)->37430K(37760K) NonClass: 33003K(33152K)->33003K(33152K) Class: 4426K(4608K)->4426K(4608K)
[2025-04-16T15:18:25.011+0000][2399.020s][info][gc             ] GC(1513) Pause Young (Allocation Failure) 23M->14M(31M) 1.338ms
[2025-04-16T15:18:25.011+0000][2399.020s][info][gc,cpu         ] GC(1513) User=0.00s Sys=0.00s Real=0.00s
[2025-04-16T15:18:26.688+0000][2400.697s][info][gc,start       ] GC(1514) Pause Young (Allocation Failure)
[2025-04-16T15:18:26.692+0000][2400.701s][info][gc,heap        ] GC(1514) DefNew: 9183K(10176K)->79K(10176K) Eden: 9088K(9088K)->0K(9088K) From: 95K(1088K)->79K(1088K)
[2025-04-16T15:18:26.692+0000][2400.701s][info][gc,heap        ] GC(1514) Tenured: 15009K(22484K)->15010K(22484K)
[2025-04-16T15:18:26.692+0000][2400.701s][info][gc,metaspace   ] GC(1514) Metaspace: 37430K(37760K)->37430K(37760K) NonClass: 33003K(33152K)->33003K(33152K) Class: 4426K(4608K)->4426K(4608K)
[2025-04-16T15:18:26.692+0000][2400.701s][info][gc             ] GC(1514) Pause Young (Allocation Failure) 23M->14M(31M) 4.298ms
[2025-04-16T15:18:26.692+0000][2400.701s][info][gc,cpu         ] GC(1514) User=0.01s Sys=0.00s Real=0.00s
[2025-04-16T15:18:28.190+0000][2402.199s][info][gc,start       ] GC(1515) Pause Young (Allocation Failure)
[2025-04-16T15:18:28.192+0000][2402.201s][info][gc,heap        ] GC(1515) DefNew: 9167K(10176K)->82K(10176K) Eden: 9088K(9088K)->0K(9088K) From: 79K(1088K)->82K(1088K)
[2025-04-16T15:18:28.192+0000][2402.201s][info][gc,heap        ] GC(1515) Tenured: 15010K(22484K)->15011K(22484K)
[2025-04-16T15:18:28.192+0000][2402.201s][info][gc,metaspace   ] GC(1515) Metaspace: 37430K(37760K)->37430K(37760K) NonClass: 33003K(33152K)->33003K(33152K) Class: 4426K(4608K)->4426K(4608K)
[2025-04-16T15:18:28.192+0000][2402.201s][info][gc             ] GC(1515) Pause Young (Allocation Failure) 23M->14M(31M) 1.324ms
[2025-04-16T15:18:28.192+0000][2402.201s][info][gc,cpu         ] GC(1515) User=0.00s Sys=0.00s Real=0.00s
[2025-04-16T15:18:29.943+0000][2403.952s][info][gc,start       ] GC(1516) Pause Young (Allocation Failure)
[2025-04-16T15:18:29.944+0000][2403.953s][info][gc,heap        ] GC(1516) DefNew: 9170K(10176K)->81K(10176K) Eden: 9088K(9088K)->0K(9088K) From: 82K(1088K)->81K(1088K)
[2025-04-16T15:18:29.944+0000][2403.953s][info][gc,heap        ] GC(1516) Tenured: 15011K(22484K)->15011K(22484K)
[2025-04-16T15:18:29.944+0000][2403.953s][info][gc,metaspace   ] GC(1516) Metaspace: 37430K(37760K)->37430K(37760K) NonClass: 33003K(33152K)->33003K(33152K) Class: 4426K(4608K)->4426K(4608K)
[2025-04-16T15:18:29.944+0000][2403.953s][info][gc             ] GC(1516) Pause Young (Allocation Failure) 23M->14M(31M) 1.344ms
[2025-04-16T15:18:29.944+0000][2403.953s][info][gc,cpu         ] GC(1516) User=0.00s Sys=0.00s Real=0.01s
[2025-04-16T15:18:31.622+0000][2405.631s][info][gc,start       ] GC(1517) Pause Young (Allocation Failure)
[2025-04-16T15:18:31.623+0000][2405.632s][info][gc,heap        ] GC(1517) DefNew: 9169K(10176K)->87K(10176K) Eden: 9088K(9088K)->0K(9088K) From: 81K(1088K)->87K(1088K)
[2025-04-16T15:18:31.623+0000][2405.632s][info][gc,heap        ] GC(1517) Tenured: 15011K(22484K)->15011K(22484K)
[2025-04-16T15:18:31.623+0000][2405.632s][info][gc,metaspace   ] GC(1517) Metaspace: 37430K(37760K)->37430K(37760K) NonClass: 33003K(33152K)->33003K(33152K) Class: 4426K(4608K)->4426K(4608K)
[2025-04-16T15:18:31.623+0000][2405.632s][info][gc             ] GC(1517) Pause Young (Allocation Failure) 23M->14M(31M) 1.400ms
[2025-04-16T15:18:31.623+0000][2405.632s][info][gc,cpu         ] GC(1517) User=0.00s Sys=0.00s Real=0.00s
[2025-04-16T15:18:33.029+0000][2407.038s][info][gc,start       ] GC(1518) Pause Young (Allocation Failure)
[2025-04-16T15:18:33.030+0000][2407.039s][info][gc,heap        ] GC(1518) DefNew: 9175K(10176K)->103K(10176K) Eden: 9088K(9088K)->0K(9088K) From: 87K(1088K)->103K(1088K)
[2025-04-16T15:18:33.030+0000][2407.039s][info][gc,heap        ] GC(1518) Tenured: 15011K(22484K)->15011K(22484K)
[2025-04-16T15:18:33.030+0000][2407.039s][info][gc,metaspace   ] GC(1518) Metaspace: 37430K(37760K)->37430K(37760K) NonClass: 33003K(33152K)->33003K(33152K) Class: 4426K(4608K)->4426K(4608K)
[2025-04-16T15:18:33.030+0000][2407.039s][info][gc             ] GC(1518) Pause Young (Allocation Failure) 23M->14M(31M) 1.243ms
[2025-04-16T15:18:33.030+0000][2407.039s][info][gc,cpu         ] GC(1518) User=0.00s Sys=0.00s Real=0.00s
[2025-04-16T15:18:34.760+0000][2408.769s][info][gc,start       ] GC(1519) Pause Young (Allocation Failure)
[2025-04-16T15:18:34.761+0000][2408.770s][info][gc,heap        ] GC(1519) DefNew: 9191K(10176K)->88K(10176K) Eden: 9088K(9088K)->0K(9088K) From: 103K(1088K)->88K(1088K)
[2025-04-16T15:18:34.761+0000][2408.770s][info][gc,heap        ] GC(1519) Tenured: 15011K(22484K)->15011K(22484K)
[2025-04-16T15:18:34.761+0000][2408.770s][info][gc,metaspace   ] GC(1519) Metaspace: 37430K(37760K)->37430K(37760K) NonClass: 33003K(33152K)->33003K(33152K) Class: 4426K(4608K)->4426K(4608K)
[2025-04-16T15:18:34.761+0000][2408.770s][info][gc             ] GC(1519) Pause Young (Allocation Failure) 23M->14M(31M) 1.251ms
[2025-04-16T15:18:34.761+0000][2408.770s][info][gc,cpu         ] GC(1519) User=0.00s Sys=0.00s Real=0.00s
[2025-04-16T15:18:36.470+0000][2410.479s][info][gc,start       ] GC(1520) Pause Young (Allocation Failure)
[2025-04-16T15:18:36.471+0000][2410.481s][info][gc,heap        ] GC(1520) DefNew: 9170K(10176K)->91K(10176K) Eden: 9082K(9088K)->0K(9088K) From: 88K(1088K)->91K(1088K)
[2025-04-16T15:18:36.471+0000][2410.481s][info][gc,heap        ] GC(1520) Tenured: 15011K(22484K)->15011K(22484K)
[2025-04-16T15:18:36.472+0000][2410.481s][info][gc,metaspace   ] GC(1520) Metaspace: 37430K(37760K)->37430K(37760K) NonClass: 33003K(33152K)->33003K(33152K) Class: 4426K(4608K)->4426K(4608K)
[2025-04-16T15:18:36.472+0000][2410.481s][info][gc             ] GC(1520) Pause Young (Allocation Failure) 23M->14M(31M) 1.314ms
[2025-04-16T15:18:36.472+0000][2410.481s][info][gc,cpu         ] GC(1520) User=0.00s Sys=0.00s Real=0.00s
[2025-04-16T15:18:37.972+0000][2411.981s][info][gc,start       ] GC(1521) Pause Young (Allocation Failure)
[2025-04-16T15:18:37.974+0000][2411.983s][info][gc,heap        ] GC(1521) DefNew: 9179K(10176K)->87K(10176K) Eden: 9088K(9088K)->0K(9088K) From: 91K(1088K)->87K(1088K)
[2025-04-16T15:18:37.974+0000][2411.983s][info][gc,heap        ] GC(1521) Tenured: 15011K(22484K)->15012K(22484K)
[2025-04-16T15:18:37.974+0000][2411.983s][info][gc,metaspace   ] GC(1521) Metaspace: 37430K(37760K)->37430K(37760K) NonClass: 33003K(33152K)->33003K(33152K) Class: 4426K(4608K)->4426K(4608K)
[2025-04-16T15:18:37.974+0000][2411.983s][info][gc             ] GC(1521) Pause Young (Allocation Failure) 23M->14M(31M) 1.259ms
[2025-04-16T15:18:37.974+0000][2411.983s][info][gc,cpu         ] GC(1521) User=0.00s Sys=0.00s Real=0.00s
[2025-04-16T15:18:39.542+0000][2413.551s][info][gc,start       ] GC(1522) Pause Young (Allocation Failure)
[2025-04-16T15:18:39.543+0000][2413.552s][info][gc,heap        ] GC(1522) DefNew: 9175K(10176K)->97K(10176K) Eden: 9088K(9088K)->0K(9088K) From: 87K(1088K)->97K(1088K)
[2025-04-16T15:18:39.543+0000][2413.552s][info][gc,heap        ] GC(1522) Tenured: 15012K(22484K)->15012K(22484K)
[2025-04-16T15:18:39.543+0000][2413.552s][info][gc,metaspace   ] GC(1522) Metaspace: 37430K(37760K)->37430K(37760K) NonClass: 33003K(33152K)->33003K(33152K) Class: 4426K(4608K)->4426K(4608K)
[2025-04-16T15:18:39.543+0000][2413.552s][info][gc             ] GC(1522) Pause Young (Allocation Failure) 23M->14M(31M) 1.231ms
[2025-04-16T15:18:39.543+0000][2413.552s][info][gc,cpu         ] GC(1522) User=0.00s Sys=0.00s Real=0.00s
[2025-04-16T15:18:41.091+0000][2415.100s][info][gc,start       ] GC(1523) Pause Young (Allocation Failure)
[2025-04-16T15:18:41.093+0000][2415.102s][info][gc,heap        ] GC(1523) DefNew: 9185K(10176K)->104K(10176K) Eden: 9088K(9088K)->0K(9088K) From: 97K(1088K)->104K(1088K)
[2025-04-16T15:18:41.093+0000][2415.102s][info][gc,heap        ] GC(1523) Tenured: 15012K(22484K)->15012K(22484K)
[2025-04-16T15:18:41.093+0000][2415.102s][info][gc,metaspace   ] GC(1523) Metaspace: 37430K(37760K)->37430K(37760K) NonClass: 33003K(33152K)->33003K(33152K) Class: 4426K(4608K)->4426K(4608K)
[2025-04-16T15:18:41.093+0000][2415.102s][info][gc             ] GC(1523) Pause Young (Allocation Failure) 23M->14M(31M) 1.295ms
[2025-04-16T15:18:41.093+0000][2415.102s][info][gc,cpu         ] GC(1523) User=0.00s Sys=0.00s Real=0.00s
[2025-04-16T15:18:42.882+0000][2416.891s][info][gc,start       ] GC(1524) Pause Young (Allocation Failure)
[2025-04-16T15:18:42.883+0000][2416.892s][info][gc,heap        ] GC(1524) DefNew: 9192K(10176K)->103K(10176K) Eden: 9088K(9088K)->0K(9088K) From: 104K(1088K)->103K(1088K)
[2025-04-16T15:18:42.883+0000][2416.892s][info][gc,heap        ] GC(1524) Tenured: 15012K(22484K)->15012K(22484K)
[2025-04-16T15:18:42.883+0000][2416.892s][info][gc,metaspace   ] GC(1524) Metaspace: 37430K(37760K)->37430K(37760K) NonClass: 33003K(33152K)->33003K(33152K) Class: 4426K(4608K)->4426K(4608K)
[2025-04-16T15:18:42.883+0000][2416.892s][info][gc             ] GC(1524) Pause Young (Allocation Failure) 23M->14M(31M) 1.310ms
[2025-04-16T15:18:42.883+0000][2416.892s][info][gc,cpu         ] GC(1524) User=0.00s Sys=0.00s Real=0.00s
[2025-04-16T15:18:44.466+0000][2418.475s][info][gc,start       ] GC(1525) Pause Young (Allocation Failure)
[2025-04-16T15:18:44.468+0000][2418.477s][info][gc,heap        ] GC(1525) DefNew: 9191K(10176K)->86K(10176K) Eden: 9087K(9088K)->0K(9088K) From: 103K(1088K)->86K(1088K)
[2025-04-16T15:18:44.468+0000][2418.477s][info][gc,heap        ] GC(1525) Tenured: 15012K(22484K)->15014K(22484K)
[2025-04-16T15:18:44.468+0000][2418.477s][info][gc,metaspace   ] GC(1525) Metaspace: 37430K(37760K)->37430K(37760K) NonClass: 33003K(33152K)->33003K(33152K) Class: 4426K(4608K)->4426K(4608K)
[2025-04-16T15:18:44.468+0000][2418.477s][info][gc             ] GC(1525) Pause Young (Allocation Failure) 23M->14M(31M) 1.322ms
[2025-04-16T15:18:44.468+0000][2418.477s][info][gc,cpu         ] GC(1525) User=0.00s Sys=0.00s Real=0.00s
[2025-04-16T15:18:46.028+0000][2420.037s][info][gc,start       ] GC(1526) Pause Young (Allocation Failure)
[2025-04-16T15:18:46.029+0000][2420.038s][info][gc,heap        ] GC(1526) DefNew: 9174K(10176K)->88K(10176K) Eden: 9088K(9088K)->0K(9088K) From: 86K(1088K)->88K(1088K)
[2025-04-16T15:18:46.029+0000][2420.038s][info][gc,heap        ] GC(1526) Tenured: 15014K(22484K)->15014K(22484K)
[2025-04-16T15:18:46.029+0000][2420.038s][info][gc,metaspace   ] GC(1526) Metaspace: 37430K(37760K)->37430K(37760K) NonClass: 33003K(33152K)->33003K(33152K) Class: 4426K(4608K)->4426K(4608K)
[2025-04-16T15:18:46.029+0000][2420.038s][info][gc             ] GC(1526) Pause Young (Allocation Failure) 23M->14M(31M) 1.304ms
[2025-04-16T15:18:46.029+0000][2420.038s][info][gc,cpu         ] GC(1526) User=0.00s Sys=0.00s Real=0.00s
[2025-04-16T15:18:47.778+0000][2421.787s][info][gc,start       ] GC(1527) Pause Young (Allocation Failure)
[2025-04-16T15:18:47.779+0000][2421.788s][info][gc,heap        ] GC(1527) DefNew: 9176K(10176K)->86K(10176K) Eden: 9088K(9088K)->0K(9088K) From: 88K(1088K)->86K(1088K)
[2025-04-16T15:18:47.779+0000][2421.788s][info][gc,heap        ] GC(1527) Tenured: 15014K(22484K)->15016K(22484K)
[2025-04-16T15:18:47.779+0000][2421.788s][info][gc,metaspace   ] GC(1527) Metaspace: 37430K(37760K)->37430K(37760K) NonClass: 33003K(33152K)->33003K(33152K) Class: 4426K(4608K)->4426K(4608K)
[2025-04-16T15:18:47.779+0000][2421.788s][info][gc             ] GC(1527) Pause Young (Allocation Failure) 23M->14M(31M) 1.345ms
[2025-04-16T15:18:47.779+0000][2421.788s][info][gc,cpu         ] GC(1527) User=0.01s Sys=0.00s Real=0.00s
[2025-04-16T15:18:49.291+0000][2423.300s][info][gc,start       ] GC(1528) Pause Young (Allocation Failure)
[2025-04-16T15:18:49.292+0000][2423.301s][info][gc,heap        ] GC(1528) DefNew: 9174K(10176K)->102K(10176K) Eden: 9088K(9088K)->0K(9088K) From: 86K(1088K)->102K(1088K)
[2025-04-16T15:18:49.292+0000][2423.301s][info][gc,heap        ] GC(1528) Tenured: 15016K(22484K)->15016K(22484K)
[2025-04-16T15:18:49.292+0000][2423.301s][info][gc,metaspace   ] GC(1528) Metaspace: 37430K(37760K)->37430K(37760K) NonClass: 33003K(33152K)->33003K(33152K) Class: 4426K(4608K)->4426K(4608K)
[2025-04-16T15:18:49.292+0000][2423.301s][info][gc             ] GC(1528) Pause Young (Allocation Failure) 23M->14M(31M) 1.310ms
[2025-04-16T15:18:49.292+0000][2423.301s][info][gc,cpu         ] GC(1528) User=0.00s Sys=0.00s Real=0.00s
[2025-04-16T15:18:50.754+0000][2424.763s][info][gc,start       ] GC(1529) Pause Young (Allocation Failure)
[2025-04-16T15:18:50.755+0000][2424.764s][info][gc,heap        ] GC(1529) DefNew: 9176K(10176K)->90K(10176K) Eden: 9073K(9088K)->0K(9088K) From: 102K(1088K)->90K(1088K)
[2025-04-16T15:18:50.755+0000][2424.764s][info][gc,heap        ] GC(1529) Tenured: 15016K(22484K)->15017K(22484K)
[2025-04-16T15:18:50.755+0000][2424.764s][info][gc,metaspace   ] GC(1529) Metaspace: 37430K(37760K)->37430K(37760K) NonClass: 33003K(33152K)->33003K(33152K) Class: 4426K(4608K)->4426K(4608K)
[2025-04-16T15:18:50.755+0000][2424.764s][info][gc             ] GC(1529) Pause Young (Allocation Failure) 23M->14M(31M) 1.376ms
[2025-04-16T15:18:50.755+0000][2424.764s][info][gc,cpu         ] GC(1529) User=0.00s Sys=0.00s Real=0.01s
[2025-04-16T15:18:52.504+0000][2426.513s][info][gc,start       ] GC(1530) Pause Young (Allocation Failure)
[2025-04-16T15:18:52.506+0000][2426.515s][info][gc,heap        ] GC(1530) DefNew: 9178K(10176K)->86K(10176K) Eden: 9088K(9088K)->0K(9088K) From: 90K(1088K)->86K(1088K)
[2025-04-16T15:18:52.506+0000][2426.515s][info][gc,heap        ] GC(1530) Tenured: 15017K(22484K)->15019K(22484K)
[2025-04-16T15:18:52.506+0000][2426.515s][info][gc,metaspace   ] GC(1530) Metaspace: 37431K(37760K)->37431K(37760K) NonClass: 33004K(33152K)->33004K(33152K) Class: 4426K(4608K)->4426K(4608K)
[2025-04-16T15:18:52.506+0000][2426.515s][info][gc             ] GC(1530) Pause Young (Allocation Failure) 23M->14M(31M) 1.322ms
[2025-04-16T15:18:52.506+0000][2426.515s][info][gc,cpu         ] GC(1530) User=0.00s Sys=0.00s Real=0.00s
[2025-04-16T15:18:54.128+0000][2428.137s][info][gc,start       ] GC(1531) Pause Young (Allocation Failure)
[2025-04-16T15:18:54.129+0000][2428.138s][info][gc,heap        ] GC(1531) DefNew: 9174K(10176K)->82K(10176K) Eden: 9088K(9088K)->0K(9088K) From: 86K(1088K)->82K(1088K)
[2025-04-16T15:18:54.129+0000][2428.138s][info][gc,heap        ] GC(1531) Tenured: 15019K(22484K)->15020K(22484K)
[2025-04-16T15:18:54.129+0000][2428.138s][info][gc,metaspace   ] GC(1531) Metaspace: 37431K(37760K)->37431K(37760K) NonClass: 33004K(33152K)->33004K(33152K) Class: 4426K(4608K)->4426K(4608K)
[2025-04-16T15:18:54.129+0000][2428.138s][info][gc             ] GC(1531) Pause Young (Allocation Failure) 23M->14M(31M) 1.206ms
[2025-04-16T15:18:54.129+0000][2428.138s][info][gc,cpu         ] GC(1531) User=0.00s Sys=0.00s Real=0.00s
[2025-04-16T15:18:55.746+0000][2429.755s][info][gc,start       ] GC(1532) Pause Young (Allocation Failure)
[2025-04-16T15:18:55.747+0000][2429.756s][info][gc,heap        ] GC(1532) DefNew: 9170K(10176K)->99K(10176K) Eden: 9088K(9088K)->0K(9088K) From: 82K(1088K)->99K(1088K)
[2025-04-16T15:18:55.747+0000][2429.756s][info][gc,heap        ] GC(1532) Tenured: 15020K(22484K)->15024K(22484K)
[2025-04-16T15:18:55.747+0000][2429.756s][info][gc,metaspace   ] GC(1532) Metaspace: 37431K(37760K)->37431K(37760K) NonClass: 33004K(33152K)->33004K(33152K) Class: 4426K(4608K)->4426K(4608K)
[2025-04-16T15:18:55.747+0000][2429.756s][info][gc             ] GC(1532) Pause Young (Allocation Failure) 23M->14M(31M) 1.333ms
[2025-04-16T15:18:55.747+0000][2429.756s][info][gc,cpu         ] GC(1532) User=0.00s Sys=0.00s Real=0.00s
[2025-04-16T15:18:57.226+0000][2431.235s][info][gc,start       ] GC(1533) Pause Young (Allocation Failure)
[2025-04-16T15:18:57.227+0000][2431.236s][info][gc,heap        ] GC(1533) DefNew: 9187K(10176K)->80K(10176K) Eden: 9088K(9088K)->0K(9088K) From: 99K(1088K)->80K(1088K)
[2025-04-16T15:18:57.227+0000][2431.236s][info][gc,heap        ] GC(1533) Tenured: 15024K(22484K)->15026K(22484K)
[2025-04-16T15:18:57.227+0000][2431.236s][info][gc,metaspace   ] GC(1533) Metaspace: 37431K(37760K)->37431K(37760K) NonClass: 33004K(33152K)->33004K(33152K) Class: 4426K(4608K)->4426K(4608K)
[2025-04-16T15:18:57.227+0000][2431.236s][info][gc             ] GC(1533) Pause Young (Allocation Failure) 23M->14M(31M) 1.257ms
[2025-04-16T15:18:57.227+0000][2431.236s][info][gc,cpu         ] GC(1533) User=0.00s Sys=0.00s Real=0.00s
[2025-04-16T15:18:58.992+0000][2433.001s][info][gc,start       ] GC(1534) Pause Young (Allocation Failure)
[2025-04-16T15:18:58.993+0000][2433.002s][info][gc,heap        ] GC(1534) DefNew: 9167K(10176K)->83K(10176K) Eden: 9086K(9088K)->0K(9088K) From: 80K(1088K)->83K(1088K)
[2025-04-16T15:18:58.993+0000][2433.002s][info][gc,heap        ] GC(1534) Tenured: 15026K(22484K)->15027K(22484K)
[2025-04-16T15:18:58.993+0000][2433.002s][info][gc,metaspace   ] GC(1534) Metaspace: 37431K(37760K)->37431K(37760K) NonClass: 33004K(33152K)->33004K(33152K) Class: 4426K(4608K)->4426K(4608K)
[2025-04-16T15:18:58.993+0000][2433.002s][info][gc             ] GC(1534) Pause Young (Allocation Failure) 23M->14M(31M) 1.335ms
[2025-04-16T15:18:58.993+0000][2433.002s][info][gc,cpu         ] GC(1534) User=0.00s Sys=0.00s Real=0.00s
[2025-04-16T15:19:00.544+0000][2434.553s][info][gc,start       ] GC(1535) Pause Young (Allocation Failure)
[2025-04-16T15:19:00.545+0000][2434.554s][info][gc,heap        ] GC(1535) DefNew: 9171K(10176K)->81K(10176K) Eden: 9088K(9088K)->0K(9088K) From: 83K(1088K)->81K(1088K)
[2025-04-16T15:19:00.545+0000][2434.554s][info][gc,heap        ] GC(1535) Tenured: 15027K(22484K)->15027K(22484K)
[2025-04-16T15:19:00.545+0000][2434.554s][info][gc,metaspace   ] GC(1535) Metaspace: 37431K(37760K)->37431K(37760K) NonClass: 33004K(33152K)->33004K(33152K) Class: 4426K(4608K)->4426K(4608K)
[2025-04-16T15:19:00.545+0000][2434.554s][info][gc             ] GC(1535) Pause Young (Allocation Failure) 23M->14M(31M) 1.289ms
[2025-04-16T15:19:00.545+0000][2434.554s][info][gc,cpu         ] GC(1535) User=0.00s Sys=0.00s Real=0.00s
[2025-04-16T15:19:01.986+0000][2435.995s][info][gc,start       ] GC(1536) Pause Young (Allocation Failure)
[2025-04-16T15:19:01.987+0000][2435.996s][info][gc,heap        ] GC(1536) DefNew: 9169K(10176K)->100K(10176K) Eden: 9088K(9088K)->0K(9088K) From: 81K(1088K)->100K(1088K)
[2025-04-16T15:19:01.987+0000][2435.996s][info][gc,heap        ] GC(1536) Tenured: 15027K(22484K)->15027K(22484K)
[2025-04-16T15:19:01.987+0000][2435.996s][info][gc,metaspace   ] GC(1536) Metaspace: 37431K(37760K)->37431K(37760K) NonClass: 33004K(33152K)->33004K(33152K) Class: 4426K(4608K)->4426K(4608K)
[2025-04-16T15:19:01.987+0000][2435.996s][info][gc             ] GC(1536) Pause Young (Allocation Failure) 23M->14M(31M) 1.319ms
[2025-04-16T15:19:01.987+0000][2435.996s][info][gc,cpu         ] GC(1536) User=0.00s Sys=0.00s Real=0.00s
[2025-04-16T15:19:03.704+0000][2437.713s][info][gc,start       ] GC(1537) Pause Young (Allocation Failure)
[2025-04-16T15:19:03.705+0000][2437.714s][info][gc,heap        ] GC(1537) DefNew: 9188K(10176K)->99K(10176K) Eden: 9088K(9088K)->0K(9088K) From: 100K(1088K)->99K(1088K)
[2025-04-16T15:19:03.705+0000][2437.714s][info][gc,heap        ] GC(1537) Tenured: 15027K(22484K)->15027K(22484K)
[2025-04-16T15:19:03.705+0000][2437.714s][info][gc,metaspace   ] GC(1537) Metaspace: 37431K(37760K)->37431K(37760K) NonClass: 33004K(33152K)->33004K(33152K) Class: 4426K(4608K)->4426K(4608K)
[2025-04-16T15:19:03.705+0000][2437.714s][info][gc             ] GC(1537) Pause Young (Allocation Failure) 23M->14M(31M) 1.264ms
[2025-04-16T15:19:03.705+0000][2437.714s][info][gc,cpu         ] GC(1537) User=0.01s Sys=0.00s Real=0.01s
[2025-04-16T15:19:05.474+0000][2439.483s][info][gc,start       ] GC(1538) Pause Young (Allocation Failure)
[2025-04-16T15:19:05.475+0000][2439.484s][info][gc,heap        ] GC(1538) DefNew: 9187K(10176K)->81K(10176K) Eden: 9088K(9088K)->0K(9088K) From: 99K(1088K)->81K(1088K)
[2025-04-16T15:19:05.475+0000][2439.484s][info][gc,heap        ] GC(1538) Tenured: 15027K(22484K)->15027K(22484K)
[2025-04-16T15:19:05.475+0000][2439.484s][info][gc,metaspace   ] GC(1538) Metaspace: 37431K(37760K)->37431K(37760K) NonClass: 33004K(33152K)->33004K(33152K) Class: 4426K(4608K)->4426K(4608K)
[2025-04-16T15:19:05.475+0000][2439.484s][info][gc             ] GC(1538) Pause Young (Allocation Failure) 23M->14M(31M) 1.293ms
[2025-04-16T15:19:05.475+0000][2439.484s][info][gc,cpu         ] GC(1538) User=0.00s Sys=0.00s Real=0.00s
[2025-04-16T15:19:07.042+0000][2441.051s][info][gc,start       ] GC(1539) Pause Young (Allocation Failure)
[2025-04-16T15:19:07.043+0000][2441.052s][info][gc,heap        ] GC(1539) DefNew: 9169K(10176K)->85K(10176K) Eden: 9088K(9088K)->0K(9088K) From: 81K(1088K)->85K(1088K)
[2025-04-16T15:19:07.043+0000][2441.052s][info][gc,heap        ] GC(1539) Tenured: 15027K(22484K)->15027K(22484K)
[2025-04-16T15:19:07.043+0000][2441.052s][info][gc,metaspace   ] GC(1539) Metaspace: 37431K(37760K)->37431K(37760K) NonClass: 33004K(33152K)->33004K(33152K) Class: 4426K(4608K)->4426K(4608K)
[2025-04-16T15:19:07.043+0000][2441.052s][info][gc             ] GC(1539) Pause Young (Allocation Failure) 23M->14M(31M) 1.247ms
[2025-04-16T15:19:07.043+0000][2441.052s][info][gc,cpu         ] GC(1539) User=0.00s Sys=0.00s Real=0.00s
[2025-04-16T15:19:08.644+0000][2442.653s][info][gc,start       ] GC(1540) Pause Young (Allocation Failure)
[2025-04-16T15:19:08.645+0000][2442.654s][info][gc,heap        ] GC(1540) DefNew: 9173K(10176K)->79K(10176K) Eden: 9088K(9088K)->0K(9088K) From: 85K(1088K)->79K(1088K)
[2025-04-16T15:19:08.645+0000][2442.654s][info][gc,heap        ] GC(1540) Tenured: 15027K(22484K)->15029K(22484K)
[2025-04-16T15:19:08.645+0000][2442.654s][info][gc,metaspace   ] GC(1540) Metaspace: 37431K(37760K)->37431K(37760K) NonClass: 33004K(33152K)->33004K(33152K) Class: 4426K(4608K)->4426K(4608K)
[2025-04-16T15:19:08.645+0000][2442.655s][info][gc             ] GC(1540) Pause Young (Allocation Failure) 23M->14M(31M) 1.311ms
[2025-04-16T15:19:08.645+0000][2442.655s][info][gc,cpu         ] GC(1540) User=0.00s Sys=0.00s Real=0.00s
[2025-04-16T15:19:10.372+0000][2444.381s][info][gc,start       ] GC(1541) Pause Young (Allocation Failure)
[2025-04-16T15:19:10.374+0000][2444.383s][info][gc,heap        ] GC(1541) DefNew: 9167K(10176K)->80K(10176K) Eden: 9088K(9088K)->0K(9088K) From: 79K(1088K)->80K(1088K)
[2025-04-16T15:19:10.374+0000][2444.383s][info][gc,heap        ] GC(1541) Tenured: 15029K(22484K)->15030K(22484K)
[2025-04-16T15:19:10.374+0000][2444.383s][info][gc,metaspace   ] GC(1541) Metaspace: 37431K(37760K)->37431K(37760K) NonClass: 33004K(33152K)->33004K(33152K) Class: 4426K(4608K)->4426K(4608K)
[2025-04-16T15:19:10.374+0000][2444.383s][info][gc             ] GC(1541) Pause Young (Allocation Failure) 23M->14M(31M) 1.341ms
[2025-04-16T15:19:10.374+0000][2444.383s][info][gc,cpu         ] GC(1541) User=0.00s Sys=0.00s Real=0.00s
[2025-04-16T15:19:11.954+0000][2445.963s][info][gc,start       ] GC(1542) Pause Young (Allocation Failure)
[2025-04-16T15:19:11.955+0000][2445.964s][info][gc,heap        ] GC(1542) DefNew: 9168K(10176K)->95K(10176K) Eden: 9088K(9088K)->0K(9088K) From: 80K(1088K)->95K(1088K)
[2025-04-16T15:19:11.955+0000][2445.964s][info][gc,heap        ] GC(1542) Tenured: 15030K(22484K)->15030K(22484K)
[2025-04-16T15:19:11.955+0000][2445.964s][info][gc,metaspace   ] GC(1542) Metaspace: 37431K(37760K)->37431K(37760K) NonClass: 33004K(33152K)->33004K(33152K) Class: 4426K(4608K)->4426K(4608K)
[2025-04-16T15:19:11.955+0000][2445.964s][info][gc             ] GC(1542) Pause Young (Allocation Failure) 23M->14M(31M) 1.185ms
[2025-04-16T15:19:11.955+0000][2445.964s][info][gc,cpu         ] GC(1542) User=0.00s Sys=0.00s Real=0.00s
[2025-04-16T15:19:13.740+0000][2447.749s][info][gc,start       ] GC(1543) Pause Young (Allocation Failure)
[2025-04-16T15:19:13.742+0000][2447.751s][info][gc,heap        ] GC(1543) DefNew: 9183K(10176K)->78K(10176K) Eden: 9088K(9088K)->0K(9088K) From: 95K(1088K)->78K(1088K)
[2025-04-16T15:19:13.742+0000][2447.751s][info][gc,heap        ] GC(1543) Tenured: 15030K(22484K)->15031K(22484K)
[2025-04-16T15:19:13.742+0000][2447.751s][info][gc,metaspace   ] GC(1543) Metaspace: 37431K(37760K)->37431K(37760K) NonClass: 33004K(33152K)->33004K(33152K) Class: 4426K(4608K)->4426K(4608K)
[2025-04-16T15:19:13.742+0000][2447.751s][info][gc             ] GC(1543) Pause Young (Allocation Failure) 23M->14M(31M) 1.264ms
[2025-04-16T15:19:13.742+0000][2447.751s][info][gc,cpu         ] GC(1543) User=0.00s Sys=0.00s Real=0.00s
[2025-04-16T15:19:15.405+0000][2449.414s][info][gc,start       ] GC(1544) Pause Young (Allocation Failure)
[2025-04-16T15:19:15.406+0000][2449.415s][info][gc,heap        ] GC(1544) DefNew: 9153K(10176K)->81K(10176K) Eden: 9074K(9088K)->0K(9088K) From: 78K(1088K)->81K(1088K)
[2025-04-16T15:19:15.406+0000][2449.415s][info][gc,heap        ] GC(1544) Tenured: 15031K(22484K)->15032K(22484K)
[2025-04-16T15:19:15.406+0000][2449.415s][info][gc,metaspace   ] GC(1544) Metaspace: 37431K(37760K)->37431K(37760K) NonClass: 33004K(33152K)->33004K(33152K) Class: 4426K(4608K)->4426K(4608K)
[2025-04-16T15:19:15.406+0000][2449.415s][info][gc             ] GC(1544) Pause Young (Allocation Failure) 23M->14M(31M) 1.199ms
[2025-04-16T15:19:15.406+0000][2449.415s][info][gc,cpu         ] GC(1544) User=0.00s Sys=0.00s Real=0.00s
[2025-04-16T15:19:16.985+0000][2450.994s][info][gc,start       ] GC(1545) Pause Young (Allocation Failure)
[2025-04-16T15:19:16.986+0000][2450.995s][info][gc,heap        ] GC(1545) DefNew: 9169K(10176K)->87K(10176K) Eden: 9088K(9088K)->0K(9088K) From: 81K(1088K)->87K(1088K)
[2025-04-16T15:19:16.986+0000][2450.995s][info][gc,heap        ] GC(1545) Tenured: 15032K(22484K)->15032K(22484K)
[2025-04-16T15:19:16.986+0000][2450.995s][info][gc,metaspace   ] GC(1545) Metaspace: 37431K(37760K)->37431K(37760K) NonClass: 33004K(33152K)->33004K(33152K) Class: 4426K(4608K)->4426K(4608K)
[2025-04-16T15:19:16.986+0000][2450.995s][info][gc             ] GC(1545) Pause Young (Allocation Failure) 23M->14M(31M) 1.278ms
[2025-04-16T15:19:16.986+0000][2450.995s][info][gc,cpu         ] GC(1545) User=0.01s Sys=0.00s Real=0.00s
[2025-04-16T15:19:18.362+0000][2452.371s][info][gc,start       ] GC(1546) Pause Young (Allocation Failure)
[2025-04-16T15:19:18.363+0000][2452.372s][info][gc,heap        ] GC(1546) DefNew: 9175K(10176K)->95K(10176K) Eden: 9088K(9088K)->0K(9088K) From: 87K(1088K)->95K(1088K)
[2025-04-16T15:19:18.363+0000][2452.372s][info][gc,heap        ] GC(1546) Tenured: 15032K(22484K)->15032K(22484K)
[2025-04-16T15:19:18.363+0000][2452.372s][info][gc,metaspace   ] GC(1546) Metaspace: 37431K(37760K)->37431K(37760K) NonClass: 33004K(33152K)->33004K(33152K) Class: 4426K(4608K)->4426K(4608K)
[2025-04-16T15:19:18.363+0000][2452.372s][info][gc             ] GC(1546) Pause Young (Allocation Failure) 23M->14M(31M) 1.322ms
[2025-04-16T15:19:18.363+0000][2452.372s][info][gc,cpu         ] GC(1546) User=0.00s Sys=0.00s Real=0.00s
[2025-04-16T15:19:20.248+0000][2454.257s][info][gc,start       ] GC(1547) Pause Young (Allocation Failure)
[2025-04-16T15:19:20.249+0000][2454.258s][info][gc,heap        ] GC(1547) DefNew: 9183K(10176K)->76K(10176K) Eden: 9088K(9088K)->0K(9088K) From: 95K(1088K)->76K(1088K)
[2025-04-16T15:19:20.249+0000][2454.258s][info][gc,heap        ] GC(1547) Tenured: 15032K(22484K)->15035K(22484K)
[2025-04-16T15:19:20.249+0000][2454.258s][info][gc,metaspace   ] GC(1547) Metaspace: 37431K(37760K)->37431K(37760K) NonClass: 33004K(33152K)->33004K(33152K) Class: 4426K(4608K)->4426K(4608K)
[2025-04-16T15:19:20.249+0000][2454.258s][info][gc             ] GC(1547) Pause Young (Allocation Failure) 23M->14M(31M) 1.156ms
[2025-04-16T15:19:20.249+0000][2454.258s][info][gc,cpu         ] GC(1547) User=0.00s Sys=0.00s Real=0.00s
[2025-04-16T15:19:21.538+0000][2455.547s][info][gc,start       ] GC(1548) Pause Young (Allocation Failure)
[2025-04-16T15:19:21.539+0000][2455.548s][info][gc,heap        ] GC(1548) DefNew: 9161K(10176K)->82K(10176K) Eden: 9084K(9088K)->0K(9088K) From: 76K(1088K)->82K(1088K)
[2025-04-16T15:19:21.539+0000][2455.548s][info][gc,heap        ] GC(1548) Tenured: 15035K(22484K)->15035K(22484K)
[2025-04-16T15:19:21.539+0000][2455.548s][info][gc,metaspace   ] GC(1548) Metaspace: 37431K(37760K)->37431K(37760K) NonClass: 33004K(33152K)->33004K(33152K) Class: 4426K(4608K)->4426K(4608K)
[2025-04-16T15:19:21.539+0000][2455.548s][info][gc             ] GC(1548) Pause Young (Allocation Failure) 23M->14M(31M) 1.300ms
[2025-04-16T15:19:21.539+0000][2455.548s][info][gc,cpu         ] GC(1548) User=0.00s Sys=0.00s Real=0.00s
[2025-04-16T15:19:23.318+0000][2457.327s][info][gc,start       ] GC(1549) Pause Young (Allocation Failure)
[2025-04-16T15:19:23.319+0000][2457.328s][info][gc,heap        ] GC(1549) DefNew: 9170K(10176K)->76K(10176K) Eden: 9088K(9088K)->0K(9088K) From: 82K(1088K)->76K(1088K)
[2025-04-16T15:19:23.319+0000][2457.328s][info][gc,heap        ] GC(1549) Tenured: 15035K(22484K)->15036K(22484K)
[2025-04-16T15:19:23.319+0000][2457.328s][info][gc,metaspace   ] GC(1549) Metaspace: 37431K(37760K)->37431K(37760K) NonClass: 33004K(33152K)->33004K(33152K) Class: 4426K(4608K)->4426K(4608K)
[2025-04-16T15:19:23.319+0000][2457.328s][info][gc             ] GC(1549) Pause Young (Allocation Failure) 23M->14M(31M) 1.259ms
[2025-04-16T15:19:23.319+0000][2457.328s][info][gc,cpu         ] GC(1549) User=0.01s Sys=0.00s Real=0.00s
[2025-04-16T15:19:24.773+0000][2458.782s][info][gc,start       ] GC(1550) Pause Young (Allocation Failure)
[2025-04-16T15:19:24.774+0000][2458.783s][info][gc,heap        ] GC(1550) DefNew: 9164K(10176K)->104K(10176K) Eden: 9088K(9088K)->0K(9088K) From: 76K(1088K)->104K(1088K)
[2025-04-16T15:19:24.774+0000][2458.783s][info][gc,heap        ] GC(1550) Tenured: 15036K(22484K)->15037K(22484K)
[2025-04-16T15:19:24.774+0000][2458.783s][info][gc,metaspace   ] GC(1550) Metaspace: 37431K(37760K)->37431K(37760K) NonClass: 33004K(33152K)->33004K(33152K) Class: 4426K(4608K)->4426K(4608K)
[2025-04-16T15:19:24.774+0000][2458.783s][info][gc             ] GC(1550) Pause Young (Allocation Failure) 23M->14M(31M) 1.349ms
[2025-04-16T15:19:24.774+0000][2458.783s][info][gc,cpu         ] GC(1550) User=0.00s Sys=0.00s Real=0.01s
[2025-04-16T15:19:26.804+0000][2460.813s][info][gc,start       ] GC(1551) Pause Young (Allocation Failure)
[2025-04-16T15:19:26.805+0000][2460.814s][info][gc,heap        ] GC(1551) DefNew: 9192K(10176K)->99K(10176K) Eden: 9088K(9088K)->0K(9088K) From: 104K(1088K)->99K(1088K)
[2025-04-16T15:19:26.805+0000][2460.814s][info][gc,heap        ] GC(1551) Tenured: 15037K(22484K)->15037K(22484K)
[2025-04-16T15:19:26.805+0000][2460.814s][info][gc,metaspace   ] GC(1551) Metaspace: 37431K(37760K)->37431K(37760K) NonClass: 33004K(33152K)->33004K(33152K) Class: 4426K(4608K)->4426K(4608K)
[2025-04-16T15:19:26.805+0000][2460.814s][info][gc             ] GC(1551) Pause Young (Allocation Failure) 23M->14M(31M) 1.242ms
[2025-04-16T15:19:26.805+0000][2460.814s][info][gc,cpu         ] GC(1551) User=0.00s Sys=0.00s Real=0.01s
[2025-04-16T15:19:28.019+0000][2462.028s][info][gc,start       ] GC(1552) Pause Young (Allocation Failure)
[2025-04-16T15:19:28.020+0000][2462.029s][info][gc,heap        ] GC(1552) DefNew: 9187K(10176K)->93K(10176K) Eden: 9088K(9088K)->0K(9088K) From: 99K(1088K)->93K(1088K)
[2025-04-16T15:19:28.020+0000][2462.029s][info][gc,heap        ] GC(1552) Tenured: 15037K(22484K)->15037K(22484K)
[2025-04-16T15:19:28.020+0000][2462.029s][info][gc,metaspace   ] GC(1552) Metaspace: 37431K(37760K)->37431K(37760K) NonClass: 33004K(33152K)->33004K(33152K) Class: 4426K(4608K)->4426K(4608K)
[2025-04-16T15:19:28.020+0000][2462.029s][info][gc             ] GC(1552) Pause Young (Allocation Failure) 23M->14M(31M) 1.275ms
[2025-04-16T15:19:28.020+0000][2462.029s][info][gc,cpu         ] GC(1552) User=0.00s Sys=0.00s Real=0.00s
[2025-04-16T15:19:29.774+0000][2463.783s][info][gc,start       ] GC(1553) Pause Young (Allocation Failure)
[2025-04-16T15:19:29.775+0000][2463.784s][info][gc,heap        ] GC(1553) DefNew: 9181K(10176K)->85K(10176K) Eden: 9088K(9088K)->0K(9088K) From: 93K(1088K)->85K(1088K)
[2025-04-16T15:19:29.775+0000][2463.784s][info][gc,heap        ] GC(1553) Tenured: 15037K(22484K)->15037K(22484K)
[2025-04-16T15:19:29.775+0000][2463.784s][info][gc,metaspace   ] GC(1553) Metaspace: 37431K(37760K)->37431K(37760K) NonClass: 33004K(33152K)->33004K(33152K) Class: 4426K(4608K)->4426K(4608K)
[2025-04-16T15:19:29.775+0000][2463.784s][info][gc             ] GC(1553) Pause Young (Allocation Failure) 23M->14M(31M) 1.222ms
[2025-04-16T15:19:29.775+0000][2463.784s][info][gc,cpu         ] GC(1553) User=0.00s Sys=0.00s Real=0.01s
[2025-04-16T15:19:31.500+0000][2465.509s][info][gc,start       ] GC(1554) Pause Young (Allocation Failure)
[2025-04-16T15:19:31.501+0000][2465.510s][info][gc,heap        ] GC(1554) DefNew: 9173K(10176K)->82K(10176K) Eden: 9088K(9088K)->0K(9088K) From: 85K(1088K)->82K(1088K)
[2025-04-16T15:19:31.501+0000][2465.510s][info][gc,heap        ] GC(1554) Tenured: 15037K(22484K)->15037K(22484K)
[2025-04-16T15:19:31.501+0000][2465.510s][info][gc,metaspace   ] GC(1554) Metaspace: 37431K(37760K)->37431K(37760K) NonClass: 33004K(33152K)->33004K(33152K) Class: 4426K(4608K)->4426K(4608K)
[2025-04-16T15:19:31.501+0000][2465.510s][info][gc             ] GC(1554) Pause Young (Allocation Failure) 23M->14M(31M) 1.314ms
[2025-04-16T15:19:31.501+0000][2465.510s][info][gc,cpu         ] GC(1554) User=0.00s Sys=0.00s Real=0.00s
[2025-04-16T15:19:33.149+0000][2467.158s][info][gc,start       ] GC(1555) Pause Young (Allocation Failure)
[2025-04-16T15:19:33.150+0000][2467.159s][info][gc,heap        ] GC(1555) DefNew: 9170K(10176K)->86K(10176K) Eden: 9088K(9088K)->0K(9088K) From: 82K(1088K)->86K(1088K)
[2025-04-16T15:19:33.150+0000][2467.159s][info][gc,heap        ] GC(1555) Tenured: 15037K(22484K)->15037K(22484K)
[2025-04-16T15:19:33.150+0000][2467.159s][info][gc,metaspace   ] GC(1555) Metaspace: 37431K(37760K)->37431K(37760K) NonClass: 33004K(33152K)->33004K(33152K) Class: 4426K(4608K)->4426K(4608K)
[2025-04-16T15:19:33.150+0000][2467.159s][info][gc             ] GC(1555) Pause Young (Allocation Failure) 23M->14M(31M) 1.351ms
[2025-04-16T15:19:33.150+0000][2467.159s][info][gc,cpu         ] GC(1555) User=0.00s Sys=0.00s Real=0.00s
[2025-04-16T15:19:34.497+0000][2468.506s][info][gc,start       ] GC(1556) Pause Young (Allocation Failure)
[2025-04-16T15:19:34.499+0000][2468.508s][info][gc,heap        ] GC(1556) DefNew: 9174K(10176K)->100K(10176K) Eden: 9088K(9088K)->0K(9088K) From: 86K(1088K)->100K(1088K)
[2025-04-16T15:19:34.499+0000][2468.508s][info][gc,heap        ] GC(1556) Tenured: 15037K(22484K)->15037K(22484K)
[2025-04-16T15:19:34.499+0000][2468.508s][info][gc,metaspace   ] GC(1556) Metaspace: 37431K(37760K)->37431K(37760K) NonClass: 33004K(33152K)->33004K(33152K) Class: 4426K(4608K)->4426K(4608K)
[2025-04-16T15:19:34.499+0000][2468.508s][info][gc             ] GC(1556) Pause Young (Allocation Failure) 23M->14M(31M) 1.325ms
[2025-04-16T15:19:34.499+0000][2468.508s][info][gc,cpu         ] GC(1556) User=0.00s Sys=0.00s Real=0.00s
[2025-04-16T15:19:36.308+0000][2470.317s][info][gc,start       ] GC(1557) Pause Young (Allocation Failure)
[2025-04-16T15:19:36.309+0000][2470.318s][info][gc,heap        ] GC(1557) DefNew: 9188K(10176K)->85K(10176K) Eden: 9088K(9088K)->0K(9088K) From: 100K(1088K)->85K(1088K)
[2025-04-16T15:19:36.309+0000][2470.318s][info][gc,heap        ] GC(1557) Tenured: 15037K(22484K)->15037K(22484K)
[2025-04-16T15:19:36.309+0000][2470.318s][info][gc,metaspace   ] GC(1557) Metaspace: 37431K(37760K)->37431K(37760K) NonClass: 33004K(33152K)->33004K(33152K) Class: 4426K(4608K)->4426K(4608K)
[2025-04-16T15:19:36.309+0000][2470.318s][info][gc             ] GC(1557) Pause Young (Allocation Failure) 23M->14M(31M) 1.343ms
[2025-04-16T15:19:36.309+0000][2470.318s][info][gc,cpu         ] GC(1557) User=0.00s Sys=0.00s Real=0.00s
[2025-04-16T15:19:38.017+0000][2472.026s][info][gc,start       ] GC(1558) Pause Young (Allocation Failure)
[2025-04-16T15:19:38.018+0000][2472.027s][info][gc,heap        ] GC(1558) DefNew: 9173K(10176K)->85K(10176K) Eden: 9088K(9088K)->0K(9088K) From: 85K(1088K)->85K(1088K)
[2025-04-16T15:19:38.018+0000][2472.027s][info][gc,heap        ] GC(1558) Tenured: 15037K(22484K)->15038K(22484K)
[2025-04-16T15:19:38.018+0000][2472.027s][info][gc,metaspace   ] GC(1558) Metaspace: 37431K(37760K)->37431K(37760K) NonClass: 33004K(33152K)->33004K(33152K) Class: 4426K(4608K)->4426K(4608K)
[2025-04-16T15:19:38.018+0000][2472.027s][info][gc             ] GC(1558) Pause Young (Allocation Failure) 23M->14M(31M) 1.320ms
[2025-04-16T15:19:38.018+0000][2472.027s][info][gc,cpu         ] GC(1558) User=0.00s Sys=0.00s Real=0.00s
[2025-04-16T15:19:39.536+0000][2473.545s][info][gc,start       ] GC(1559) Pause Young (Allocation Failure)
[2025-04-16T15:19:39.537+0000][2473.546s][info][gc,heap        ] GC(1559) DefNew: 9173K(10176K)->99K(10176K) Eden: 9088K(9088K)->0K(9088K) From: 85K(1088K)->99K(1088K)
[2025-04-16T15:19:39.537+0000][2473.546s][info][gc,heap        ] GC(1559) Tenured: 15038K(22484K)->15038K(22484K)
[2025-04-16T15:19:39.537+0000][2473.546s][info][gc,metaspace   ] GC(1559) Metaspace: 37431K(37760K)->37431K(37760K) NonClass: 33004K(33152K)->33004K(33152K) Class: 4426K(4608K)->4426K(4608K)
[2025-04-16T15:19:39.537+0000][2473.546s][info][gc             ] GC(1559) Pause Young (Allocation Failure) 23M->14M(31M) 1.243ms
[2025-04-16T15:19:39.537+0000][2473.546s][info][gc,cpu         ] GC(1559) User=0.00s Sys=0.00s Real=0.00s
[2025-04-16T15:19:41.204+0000][2475.213s][info][gc,start       ] GC(1560) Pause Young (Allocation Failure)
[2025-04-16T15:19:41.205+0000][2475.214s][info][gc,heap        ] GC(1560) DefNew: 9187K(10176K)->105K(10176K) Eden: 9088K(9088K)->0K(9088K) From: 99K(1088K)->105K(1088K)
[2025-04-16T15:19:41.205+0000][2475.214s][info][gc,heap        ] GC(1560) Tenured: 15038K(22484K)->15038K(22484K)
[2025-04-16T15:19:41.205+0000][2475.214s][info][gc,metaspace   ] GC(1560) Metaspace: 37432K(37760K)->37432K(37760K) NonClass: 33005K(33152K)->33005K(33152K) Class: 4426K(4608K)->4426K(4608K)
[2025-04-16T15:19:41.205+0000][2475.214s][info][gc             ] GC(1560) Pause Young (Allocation Failure) 23M->14M(31M) 1.282ms
[2025-04-16T15:19:41.205+0000][2475.214s][info][gc,cpu         ] GC(1560) User=0.00s Sys=0.00s Real=0.00s
[2025-04-16T15:19:42.881+0000][2476.891s][info][gc,start       ] GC(1561) Pause Young (Allocation Failure)
[2025-04-16T15:19:42.883+0000][2476.892s][info][gc,heap        ] GC(1561) DefNew: 9193K(10176K)->97K(10176K) Eden: 9088K(9088K)->0K(9088K) From: 105K(1088K)->97K(1088K)
[2025-04-16T15:19:42.883+0000][2476.892s][info][gc,heap        ] GC(1561) Tenured: 15038K(22484K)->15040K(22484K)
[2025-04-16T15:19:42.883+0000][2476.892s][info][gc,metaspace   ] GC(1561) Metaspace: 37432K(37760K)->37432K(37760K) NonClass: 33005K(33152K)->33005K(33152K) Class: 4426K(4608K)->4426K(4608K)
[2025-04-16T15:19:42.883+0000][2476.892s][info][gc             ] GC(1561) Pause Young (Allocation Failure) 23M->14M(31M) 1.288ms
[2025-04-16T15:19:42.883+0000][2476.892s][info][gc,cpu         ] GC(1561) User=0.00s Sys=0.00s Real=0.00s
[2025-04-16T15:19:44.422+0000][2478.431s][info][gc,start       ] GC(1562) Pause Young (Allocation Failure)
[2025-04-16T15:19:44.423+0000][2478.432s][info][gc,heap        ] GC(1562) DefNew: 9185K(10176K)->92K(10176K) Eden: 9088K(9088K)->0K(9088K) From: 97K(1088K)->92K(1088K)
[2025-04-16T15:19:44.423+0000][2478.432s][info][gc,heap        ] GC(1562) Tenured: 15040K(22484K)->15040K(22484K)
[2025-04-16T15:19:44.423+0000][2478.432s][info][gc,metaspace   ] GC(1562) Metaspace: 37432K(37760K)->37432K(37760K) NonClass: 33005K(33152K)->33005K(33152K) Class: 4426K(4608K)->4426K(4608K)
[2025-04-16T15:19:44.423+0000][2478.432s][info][gc             ] GC(1562) Pause Young (Allocation Failure) 23M->14M(31M) 1.346ms
[2025-04-16T15:19:44.423+0000][2478.432s][info][gc,cpu         ] GC(1562) User=0.00s Sys=0.00s Real=0.00s
[2025-04-16T15:19:46.092+0000][2480.101s][info][gc,start       ] GC(1563) Pause Young (Allocation Failure)
[2025-04-16T15:19:46.093+0000][2480.102s][info][gc,heap        ] GC(1563) DefNew: 9180K(10176K)->88K(10176K) Eden: 9088K(9088K)->0K(9088K) From: 92K(1088K)->88K(1088K)
[2025-04-16T15:19:46.093+0000][2480.102s][info][gc,heap        ] GC(1563) Tenured: 15040K(22484K)->15042K(22484K)
[2025-04-16T15:19:46.093+0000][2480.102s][info][gc,metaspace   ] GC(1563) Metaspace: 37432K(37760K)->37432K(37760K) NonClass: 33005K(33152K)->33005K(33152K) Class: 4426K(4608K)->4426K(4608K)
[2025-04-16T15:19:46.093+0000][2480.102s][info][gc             ] GC(1563) Pause Young (Allocation Failure) 23M->14M(31M) 1.192ms
[2025-04-16T15:19:46.093+0000][2480.102s][info][gc,cpu         ] GC(1563) User=0.00s Sys=0.00s Real=0.00s
[2025-04-16T15:19:47.988+0000][2481.997s][info][gc,start       ] GC(1564) Pause Young (Allocation Failure)
[2025-04-16T15:19:47.989+0000][2481.998s][info][gc,heap        ] GC(1564) DefNew: 9176K(10176K)->105K(10176K) Eden: 9088K(9088K)->0K(9088K) From: 88K(1088K)->105K(1088K)
[2025-04-16T15:19:47.989+0000][2481.998s][info][gc,heap        ] GC(1564) Tenured: 15042K(22484K)->15042K(22484K)
[2025-04-16T15:19:47.989+0000][2481.998s][info][gc,metaspace   ] GC(1564) Metaspace: 37432K(37760K)->37432K(37760K) NonClass: 33005K(33152K)->33005K(33152K) Class: 4426K(4608K)->4426K(4608K)
[2025-04-16T15:19:47.989+0000][2481.998s][info][gc             ] GC(1564) Pause Young (Allocation Failure) 23M->14M(31M) 1.329ms
[2025-04-16T15:19:47.989+0000][2481.998s][info][gc,cpu         ] GC(1564) User=0.00s Sys=0.00s Real=0.00s
[2025-04-16T15:19:49.479+0000][2483.488s][info][gc,start       ] GC(1565) Pause Young (Allocation Failure)
[2025-04-16T15:19:49.481+0000][2483.490s][info][gc,heap        ] GC(1565) DefNew: 9193K(10176K)->101K(10176K) Eden: 9088K(9088K)->0K(9088K) From: 105K(1088K)->101K(1088K)
[2025-04-16T15:19:49.481+0000][2483.490s][info][gc,heap        ] GC(1565) Tenured: 15042K(22484K)->15046K(22484K)
[2025-04-16T15:19:49.481+0000][2483.490s][info][gc,metaspace   ] GC(1565) Metaspace: 37432K(37760K)->37432K(37760K) NonClass: 33005K(33152K)->33005K(33152K) Class: 4426K(4608K)->4426K(4608K)
[2025-04-16T15:19:49.481+0000][2483.490s][info][gc             ] GC(1565) Pause Young (Allocation Failure) 23M->14M(31M) 1.299ms
[2025-04-16T15:19:49.481+0000][2483.490s][info][gc,cpu         ] GC(1565) User=0.01s Sys=0.00s Real=0.00s
[2025-04-16T15:19:51.179+0000][2485.188s][info][gc,start       ] GC(1566) Pause Young (Allocation Failure)
[2025-04-16T15:19:51.180+0000][2485.190s][info][gc,heap        ] GC(1566) DefNew: 9189K(10176K)->97K(10176K) Eden: 9088K(9088K)->0K(9088K) From: 101K(1088K)->97K(1088K)
[2025-04-16T15:19:51.181+0000][2485.190s][info][gc,heap        ] GC(1566) Tenured: 15046K(22484K)->15047K(22484K)
[2025-04-16T15:19:51.181+0000][2485.190s][info][gc,metaspace   ] GC(1566) Metaspace: 37432K(37760K)->37432K(37760K) NonClass: 33005K(33152K)->33005K(33152K) Class: 4426K(4608K)->4426K(4608K)
[2025-04-16T15:19:51.181+0000][2485.190s][info][gc             ] GC(1566) Pause Young (Allocation Failure) 23M->14M(31M) 1.316ms
[2025-04-16T15:19:51.181+0000][2485.190s][info][gc,cpu         ] GC(1566) User=0.01s Sys=0.00s Real=0.00s
[2025-04-16T15:19:52.591+0000][2486.600s][info][gc,start       ] GC(1567) Pause Young (Allocation Failure)
[2025-04-16T15:19:52.592+0000][2486.601s][info][gc,heap        ] GC(1567) DefNew: 9178K(10176K)->101K(10176K) Eden: 9080K(9088K)->0K(9088K) From: 97K(1088K)->101K(1088K)
[2025-04-16T15:19:52.592+0000][2486.601s][info][gc,heap        ] GC(1567) Tenured: 15047K(22484K)->15050K(22484K)
[2025-04-16T15:19:52.592+0000][2486.601s][info][gc,metaspace   ] GC(1567) Metaspace: 37432K(37760K)->37432K(37760K) NonClass: 33005K(33152K)->33005K(33152K) Class: 4426K(4608K)->4426K(4608K)
[2025-04-16T15:19:52.592+0000][2486.601s][info][gc             ] GC(1567) Pause Young (Allocation Failure) 23M->14M(31M) 1.330ms
[2025-04-16T15:19:52.592+0000][2486.601s][info][gc,cpu         ] GC(1567) User=0.00s Sys=0.00s Real=0.00s
[2025-04-16T15:19:54.129+0000][2488.138s][info][gc,start       ] GC(1568) Pause Young (Allocation Failure)
[2025-04-16T15:19:54.130+0000][2488.139s][info][gc,heap        ] GC(1568) DefNew: 9189K(10176K)->82K(10176K) Eden: 9088K(9088K)->0K(9088K) From: 101K(1088K)->82K(1088K)
[2025-04-16T15:19:54.130+0000][2488.139s][info][gc,heap        ] GC(1568) Tenured: 15050K(22484K)->15050K(22484K)
[2025-04-16T15:19:54.130+0000][2488.139s][info][gc,metaspace   ] GC(1568) Metaspace: 37432K(37760K)->37432K(37760K) NonClass: 33005K(33152K)->33005K(33152K) Class: 4426K(4608K)->4426K(4608K)
[2025-04-16T15:19:54.130+0000][2488.139s][info][gc             ] GC(1568) Pause Young (Allocation Failure) 23M->14M(31M) 1.187ms
[2025-04-16T15:19:54.130+0000][2488.139s][info][gc,cpu         ] GC(1568) User=0.00s Sys=0.00s Real=0.00s
[2025-04-16T15:19:55.838+0000][2489.847s][info][gc,start       ] GC(1569) Pause Young (Allocation Failure)
[2025-04-16T15:19:55.839+0000][2489.848s][info][gc,heap        ] GC(1569) DefNew: 9170K(10176K)->85K(10176K) Eden: 9088K(9088K)->0K(9088K) From: 82K(1088K)->85K(1088K)
[2025-04-16T15:19:55.839+0000][2489.848s][info][gc,heap        ] GC(1569) Tenured: 15050K(22484K)->15050K(22484K)
[2025-04-16T15:19:55.839+0000][2489.848s][info][gc,metaspace   ] GC(1569) Metaspace: 37432K(37760K)->37432K(37760K) NonClass: 33005K(33152K)->33005K(33152K) Class: 4426K(4608K)->4426K(4608K)
[2025-04-16T15:19:55.839+0000][2489.848s][info][gc             ] GC(1569) Pause Young (Allocation Failure) 23M->14M(31M) 1.340ms
[2025-04-16T15:19:55.839+0000][2489.848s][info][gc,cpu         ] GC(1569) User=0.00s Sys=0.00s Real=0.00s
[2025-04-16T15:19:57.608+0000][2491.617s][info][gc,start       ] GC(1570) Pause Young (Allocation Failure)
[2025-04-16T15:19:57.609+0000][2491.618s][info][gc,heap        ] GC(1570) DefNew: 9173K(10176K)->98K(10176K) Eden: 9088K(9088K)->0K(9088K) From: 85K(1088K)->98K(1088K)
[2025-04-16T15:19:57.609+0000][2491.618s][info][gc,heap        ] GC(1570) Tenured: 15050K(22484K)->15050K(22484K)
[2025-04-16T15:19:57.609+0000][2491.618s][info][gc,metaspace   ] GC(1570) Metaspace: 37432K(37760K)->37432K(37760K) NonClass: 33005K(33152K)->33005K(33152K) Class: 4426K(4608K)->4426K(4608K)
[2025-04-16T15:19:57.609+0000][2491.618s][info][gc             ] GC(1570) Pause Young (Allocation Failure) 23M->14M(31M) 1.310ms
[2025-04-16T15:19:57.609+0000][2491.618s][info][gc,cpu         ] GC(1570) User=0.01s Sys=0.00s Real=0.00s
[2025-04-16T15:19:59.015+0000][2493.024s][info][gc,start       ] GC(1571) Pause Young (Allocation Failure)
[2025-04-16T15:19:59.016+0000][2493.026s][info][gc,heap        ] GC(1571) DefNew: 9186K(10176K)->81K(10176K) Eden: 9088K(9088K)->0K(9088K) From: 98K(1088K)->81K(1088K)
[2025-04-16T15:19:59.017+0000][2493.026s][info][gc,heap        ] GC(1571) Tenured: 15050K(22484K)->15050K(22484K)
[2025-04-16T15:19:59.017+0000][2493.026s][info][gc,metaspace   ] GC(1571) Metaspace: 37432K(37760K)->37432K(37760K) NonClass: 33005K(33152K)->33005K(33152K) Class: 4426K(4608K)->4426K(4608K)
[2025-04-16T15:19:59.017+0000][2493.026s][info][gc             ] GC(1571) Pause Young (Allocation Failure) 23M->14M(31M) 1.198ms
[2025-04-16T15:19:59.017+0000][2493.026s][info][gc,cpu         ] GC(1571) User=0.01s Sys=0.00s Real=0.00s
[2025-04-16T15:20:00.638+0000][2494.647s][info][gc,start       ] GC(1572) Pause Young (Allocation Failure)
[2025-04-16T15:20:00.639+0000][2494.648s][info][gc,heap        ] GC(1572) DefNew: 9169K(10176K)->70K(10176K) Eden: 9088K(9088K)->0K(9088K) From: 81K(1088K)->70K(1088K)
[2025-04-16T15:20:00.639+0000][2494.648s][info][gc,heap        ] GC(1572) Tenured: 15050K(22484K)->15051K(22484K)
[2025-04-16T15:20:00.639+0000][2494.648s][info][gc,metaspace   ] GC(1572) Metaspace: 37432K(37760K)->37432K(37760K) NonClass: 33005K(33152K)->33005K(33152K) Class: 4426K(4608K)->4426K(4608K)
[2025-04-16T15:20:00.639+0000][2494.648s][info][gc             ] GC(1572) Pause Young (Allocation Failure) 23M->14M(31M) 1.142ms
[2025-04-16T15:20:00.639+0000][2494.648s][info][gc,cpu         ] GC(1572) User=0.00s Sys=0.00s Real=0.00s
[2025-04-16T15:20:02.174+0000][2496.183s][info][gc,start       ] GC(1573) Pause Young (Allocation Failure)
[2025-04-16T15:20:02.175+0000][2496.184s][info][gc,heap        ] GC(1573) DefNew: 9158K(10176K)->83K(10176K) Eden: 9088K(9088K)->0K(9088K) From: 70K(1088K)->83K(1088K)
[2025-04-16T15:20:02.175+0000][2496.184s][info][gc,heap        ] GC(1573) Tenured: 15051K(22484K)->15051K(22484K)
[2025-04-16T15:20:02.175+0000][2496.184s][info][gc,metaspace   ] GC(1573) Metaspace: 37432K(37760K)->37432K(37760K) NonClass: 33006K(33152K)->33006K(33152K) Class: 4426K(4608K)->4426K(4608K)
[2025-04-16T15:20:02.175+0000][2496.184s][info][gc             ] GC(1573) Pause Young (Allocation Failure) 23M->14M(31M) 1.256ms
[2025-04-16T15:20:02.175+0000][2496.184s][info][gc,cpu         ] GC(1573) User=0.00s Sys=0.00s Real=0.00s
[2025-04-16T15:20:03.864+0000][2497.873s][info][gc,start       ] GC(1574) Pause Young (Allocation Failure)
[2025-04-16T15:20:03.865+0000][2497.874s][info][gc,heap        ] GC(1574) DefNew: 9171K(10176K)->78K(10176K) Eden: 9088K(9088K)->0K(9088K) From: 83K(1088K)->78K(1088K)
[2025-04-16T15:20:03.865+0000][2497.874s][info][gc,heap        ] GC(1574) Tenured: 15051K(22484K)->15056K(22484K)
[2025-04-16T15:20:03.865+0000][2497.874s][info][gc,metaspace   ] GC(1574) Metaspace: 37432K(37760K)->37432K(37760K) NonClass: 33006K(33152K)->33006K(33152K) Class: 4426K(4608K)->4426K(4608K)
[2025-04-16T15:20:03.865+0000][2497.874s][info][gc             ] GC(1574) Pause Young (Allocation Failure) 23M->14M(31M) 1.257ms
[2025-04-16T15:20:03.865+0000][2497.874s][info][gc,cpu         ] GC(1574) User=0.00s Sys=0.00s Real=0.00s
[2025-04-16T15:20:05.389+0000][2499.398s][info][gc,start       ] GC(1575) Pause Young (Allocation Failure)
[2025-04-16T15:20:05.390+0000][2499.399s][info][gc,heap        ] GC(1575) DefNew: 9166K(10176K)->92K(10176K) Eden: 9088K(9088K)->0K(9088K) From: 78K(1088K)->92K(1088K)
[2025-04-16T15:20:05.390+0000][2499.399s][info][gc,heap        ] GC(1575) Tenured: 15056K(22484K)->15056K(22484K)
[2025-04-16T15:20:05.390+0000][2499.399s][info][gc,metaspace   ] GC(1575) Metaspace: 37432K(37760K)->37432K(37760K) NonClass: 33006K(33152K)->33006K(33152K) Class: 4426K(4608K)->4426K(4608K)
[2025-04-16T15:20:05.390+0000][2499.399s][info][gc             ] GC(1575) Pause Young (Allocation Failure) 23M->14M(31M) 1.273ms
[2025-04-16T15:20:05.390+0000][2499.399s][info][gc,cpu         ] GC(1575) User=0.01s Sys=0.00s Real=0.00s
[2025-04-16T15:20:07.072+0000][2501.081s][info][gc,start       ] GC(1576) Pause Young (Allocation Failure)
[2025-04-16T15:20:07.073+0000][2501.082s][info][gc,heap        ] GC(1576) DefNew: 9180K(10176K)->102K(10176K) Eden: 9087K(9088K)->0K(9088K) From: 92K(1088K)->102K(1088K)
[2025-04-16T15:20:07.073+0000][2501.082s][info][gc,heap        ] GC(1576) Tenured: 15056K(22484K)->15057K(22484K)
[2025-04-16T15:20:07.073+0000][2501.082s][info][gc,metaspace   ] GC(1576) Metaspace: 37432K(37760K)->37432K(37760K) NonClass: 33006K(33152K)->33006K(33152K) Class: 4426K(4608K)->4426K(4608K)
[2025-04-16T15:20:07.073+0000][2501.082s][info][gc             ] GC(1576) Pause Young (Allocation Failure) 23M->14M(31M) 1.335ms
[2025-04-16T15:20:07.073+0000][2501.082s][info][gc,cpu         ] GC(1576) User=0.00s Sys=0.00s Real=0.00s
[2025-04-16T15:20:08.445+0000][2502.454s][info][gc,start       ] GC(1577) Pause Young (Allocation Failure)
[2025-04-16T15:20:08.447+0000][2502.456s][info][gc,heap        ] GC(1577) DefNew: 9190K(10176K)->86K(10176K) Eden: 9088K(9088K)->0K(9088K) From: 102K(1088K)->86K(1088K)
[2025-04-16T15:20:08.447+0000][2502.456s][info][gc,heap        ] GC(1577) Tenured: 15057K(22484K)->15057K(22484K)
[2025-04-16T15:20:08.447+0000][2502.456s][info][gc,metaspace   ] GC(1577) Metaspace: 37432K(37760K)->37432K(37760K) NonClass: 33006K(33152K)->33006K(33152K) Class: 4426K(4608K)->4426K(4608K)
[2025-04-16T15:20:08.447+0000][2502.456s][info][gc             ] GC(1577) Pause Young (Allocation Failure) 23M->14M(31M) 1.414ms
[2025-04-16T15:20:08.447+0000][2502.456s][info][gc,cpu         ] GC(1577) User=0.00s Sys=0.00s Real=0.00s
[2025-04-16T15:20:10.056+0000][2504.065s][info][gc,start       ] GC(1578) Pause Young (Allocation Failure)
[2025-04-16T15:20:10.057+0000][2504.066s][info][gc,heap        ] GC(1578) DefNew: 9174K(10176K)->78K(10176K) Eden: 9088K(9088K)->0K(9088K) From: 86K(1088K)->78K(1088K)
[2025-04-16T15:20:10.057+0000][2504.066s][info][gc,heap        ] GC(1578) Tenured: 15057K(22484K)->15058K(22484K)
[2025-04-16T15:20:10.057+0000][2504.066s][info][gc,metaspace   ] GC(1578) Metaspace: 37432K(37760K)->37432K(37760K) NonClass: 33006K(33152K)->33006K(33152K) Class: 4426K(4608K)->4426K(4608K)
[2025-04-16T15:20:10.057+0000][2504.066s][info][gc             ] GC(1578) Pause Young (Allocation Failure) 23M->14M(31M) 1.324ms
[2025-04-16T15:20:10.057+0000][2504.066s][info][gc,cpu         ] GC(1578) User=0.00s Sys=0.00s Real=0.00s
[2025-04-16T15:20:11.765+0000][2505.774s][info][gc,start       ] GC(1579) Pause Young (Allocation Failure)
[2025-04-16T15:20:11.766+0000][2505.775s][info][gc,heap        ] GC(1579) DefNew: 9166K(10176K)->83K(10176K) Eden: 9088K(9088K)->0K(9088K) From: 78K(1088K)->83K(1088K)
[2025-04-16T15:20:11.766+0000][2505.775s][info][gc,heap        ] GC(1579) Tenured: 15058K(22484K)->15058K(22484K)
[2025-04-16T15:20:11.766+0000][2505.775s][info][gc,metaspace   ] GC(1579) Metaspace: 37447K(37824K)->37447K(37824K) NonClass: 33020K(33216K)->33020K(33216K) Class: 4426K(4608K)->4426K(4608K)
[2025-04-16T15:20:11.766+0000][2505.775s][info][gc             ] GC(1579) Pause Young (Allocation Failure) 23M->14M(31M) 1.276ms
[2025-04-16T15:20:11.766+0000][2505.775s][info][gc,cpu         ] GC(1579) User=0.00s Sys=0.00s Real=0.00s
[2025-04-16T15:20:13.398+0000][2507.407s][info][gc,start       ] GC(1580) Pause Young (Allocation Failure)
[2025-04-16T15:20:13.400+0000][2507.409s][info][gc,heap        ] GC(1580) DefNew: 9171K(10176K)->93K(10176K) Eden: 9088K(9088K)->0K(9088K) From: 83K(1088K)->93K(1088K)
[2025-04-16T15:20:13.400+0000][2507.409s][info][gc,heap        ] GC(1580) Tenured: 15058K(22484K)->15058K(22484K)
[2025-04-16T15:20:13.400+0000][2507.409s][info][gc,metaspace   ] GC(1580) Metaspace: 37447K(37824K)->37447K(37824K) NonClass: 33020K(33216K)->33020K(33216K) Class: 4426K(4608K)->4426K(4608K)
[2025-04-16T15:20:13.400+0000][2507.409s][info][gc             ] GC(1580) Pause Young (Allocation Failure) 23M->14M(31M) 1.212ms
[2025-04-16T15:20:13.400+0000][2507.409s][info][gc,cpu         ] GC(1580) User=0.01s Sys=0.00s Real=0.00s
[2025-04-16T15:20:14.925+0000][2508.934s][info][gc,start       ] GC(1581) Pause Young (Allocation Failure)
[2025-04-16T15:20:14.926+0000][2508.935s][info][gc,heap        ] GC(1581) DefNew: 9181K(10176K)->82K(10176K) Eden: 9088K(9088K)->0K(9088K) From: 93K(1088K)->82K(1088K)
[2025-04-16T15:20:14.926+0000][2508.935s][info][gc,heap        ] GC(1581) Tenured: 15058K(22484K)->15060K(22484K)
[2025-04-16T15:20:14.926+0000][2508.935s][info][gc,metaspace   ] GC(1581) Metaspace: 37447K(37824K)->37447K(37824K) NonClass: 33020K(33216K)->33020K(33216K) Class: 4426K(4608K)->4426K(4608K)
[2025-04-16T15:20:14.926+0000][2508.935s][info][gc             ] GC(1581) Pause Young (Allocation Failure) 23M->14M(31M) 1.164ms
[2025-04-16T15:20:14.926+0000][2508.935s][info][gc,cpu         ] GC(1581) User=0.00s Sys=0.00s Real=0.00s
[2025-04-16T15:20:16.292+0000][2510.301s][info][gc,start       ] GC(1582) Pause Young (Allocation Failure)
[2025-04-16T15:20:16.293+0000][2510.302s][info][gc,heap        ] GC(1582) DefNew: 9155K(10176K)->77K(10176K) Eden: 9073K(9088K)->0K(9088K) From: 82K(1088K)->77K(1088K)
[2025-04-16T15:20:16.293+0000][2510.302s][info][gc,heap        ] GC(1582) Tenured: 15060K(22484K)->15060K(22484K)
[2025-04-16T15:20:16.293+0000][2510.302s][info][gc,metaspace   ] GC(1582) Metaspace: 37447K(37824K)->37447K(37824K) NonClass: 33020K(33216K)->33020K(33216K) Class: 4426K(4608K)->4426K(4608K)
[2025-04-16T15:20:16.293+0000][2510.302s][info][gc             ] GC(1582) Pause Young (Allocation Failure) 23M->14M(31M) 1.217ms
[2025-04-16T15:20:16.293+0000][2510.302s][info][gc,cpu         ] GC(1582) User=0.01s Sys=0.00s Real=0.00s
[2025-04-16T15:20:18.215+0000][2512.224s][info][gc,start       ] GC(1583) Pause Young (Allocation Failure)
[2025-04-16T15:20:18.216+0000][2512.225s][info][gc,heap        ] GC(1583) DefNew: 9165K(10176K)->78K(10176K) Eden: 9088K(9088K)->0K(9088K) From: 77K(1088K)->78K(1088K)
[2025-04-16T15:20:18.216+0000][2512.225s][info][gc,heap        ] GC(1583) Tenured: 15060K(22484K)->15060K(22484K)
[2025-04-16T15:20:18.216+0000][2512.225s][info][gc,metaspace   ] GC(1583) Metaspace: 37447K(37824K)->37447K(37824K) NonClass: 33020K(33216K)->33020K(33216K) Class: 4426K(4608K)->4426K(4608K)
[2025-04-16T15:20:18.216+0000][2512.225s][info][gc             ] GC(1583) Pause Young (Allocation Failure) 23M->14M(31M) 1.339ms
[2025-04-16T15:20:18.216+0000][2512.225s][info][gc,cpu         ] GC(1583) User=0.00s Sys=0.00s Real=0.00s
[2025-04-16T15:20:19.789+0000][2513.798s][info][gc,start       ] GC(1584) Pause Young (Allocation Failure)
[2025-04-16T15:20:19.790+0000][2513.799s][info][gc,heap        ] GC(1584) DefNew: 9166K(10176K)->83K(10176K) Eden: 9088K(9088K)->0K(9088K) From: 78K(1088K)->83K(1088K)
[2025-04-16T15:20:19.790+0000][2513.799s][info][gc,heap        ] GC(1584) Tenured: 15060K(22484K)->15060K(22484K)
[2025-04-16T15:20:19.790+0000][2513.799s][info][gc,metaspace   ] GC(1584) Metaspace: 37447K(37824K)->37447K(37824K) NonClass: 33020K(33216K)->33020K(33216K) Class: 4426K(4608K)->4426K(4608K)
[2025-04-16T15:20:19.790+0000][2513.800s][info][gc             ] GC(1584) Pause Young (Allocation Failure) 23M->14M(31M) 1.271ms
[2025-04-16T15:20:19.791+0000][2513.800s][info][gc,cpu         ] GC(1584) User=0.00s Sys=0.00s Real=0.00s
[2025-04-16T15:20:21.567+0000][2515.576s][info][gc,start       ] GC(1585) Pause Young (Allocation Failure)
[2025-04-16T15:20:21.569+0000][2515.578s][info][gc,heap        ] GC(1585) DefNew: 9171K(10176K)->91K(10176K) Eden: 9087K(9088K)->0K(9088K) From: 83K(1088K)->91K(1088K)
[2025-04-16T15:20:21.569+0000][2515.578s][info][gc,heap        ] GC(1585) Tenured: 15060K(22484K)->15060K(22484K)
[2025-04-16T15:20:21.569+0000][2515.578s][info][gc,metaspace   ] GC(1585) Metaspace: 37447K(37824K)->37447K(37824K) NonClass: 33020K(33216K)->33020K(33216K) Class: 4426K(4608K)->4426K(4608K)
[2025-04-16T15:20:21.569+0000][2515.578s][info][gc             ] GC(1585) Pause Young (Allocation Failure) 23M->14M(31M) 1.293ms
[2025-04-16T15:20:21.569+0000][2515.578s][info][gc,cpu         ] GC(1585) User=0.01s Sys=0.00s Real=0.00s
[2025-04-16T15:20:23.200+0000][2517.209s][info][gc,start       ] GC(1586) Pause Young (Allocation Failure)
[2025-04-16T15:20:23.201+0000][2517.210s][info][gc,heap        ] GC(1586) DefNew: 9179K(10176K)->75K(10176K) Eden: 9088K(9088K)->0K(9088K) From: 91K(1088K)->75K(1088K)
[2025-04-16T15:20:23.201+0000][2517.210s][info][gc,heap        ] GC(1586) Tenured: 15060K(22484K)->15060K(22484K)
[2025-04-16T15:20:23.201+0000][2517.210s][info][gc,metaspace   ] GC(1586) Metaspace: 37447K(37824K)->37447K(37824K) NonClass: 33020K(33216K)->33020K(33216K) Class: 4426K(4608K)->4426K(4608K)
[2025-04-16T15:20:23.201+0000][2517.210s][info][gc             ] GC(1586) Pause Young (Allocation Failure) 23M->14M(31M) 1.256ms
[2025-04-16T15:20:23.201+0000][2517.210s][info][gc,cpu         ] GC(1586) User=0.01s Sys=0.00s Real=0.00s
[2025-04-16T15:20:24.865+0000][2518.874s][info][gc,start       ] GC(1587) Pause Young (Allocation Failure)
[2025-04-16T15:20:24.866+0000][2518.875s][info][gc,heap        ] GC(1587) DefNew: 9161K(10176K)->78K(10176K) Eden: 9085K(9088K)->0K(9088K) From: 75K(1088K)->78K(1088K)
[2025-04-16T15:20:24.866+0000][2518.875s][info][gc,heap        ] GC(1587) Tenured: 15060K(22484K)->15060K(22484K)
[2025-04-16T15:20:24.866+0000][2518.875s][info][gc,metaspace   ] GC(1587) Metaspace: 37447K(37824K)->37447K(37824K) NonClass: 33020K(33216K)->33020K(33216K) Class: 4426K(4608K)->4426K(4608K)
[2025-04-16T15:20:24.866+0000][2518.875s][info][gc             ] GC(1587) Pause Young (Allocation Failure) 23M->14M(31M) 1.216ms
[2025-04-16T15:20:24.866+0000][2518.875s][info][gc,cpu         ] GC(1587) User=0.00s Sys=0.00s Real=0.00s
[2025-04-16T15:20:26.518+0000][2520.527s][info][gc,start       ] GC(1588) Pause Young (Allocation Failure)
[2025-04-16T15:20:26.520+0000][2520.529s][info][gc,heap        ] GC(1588) DefNew: 9166K(10176K)->76K(10176K) Eden: 9087K(9088K)->0K(9088K) From: 78K(1088K)->76K(1088K)
[2025-04-16T15:20:26.520+0000][2520.529s][info][gc,heap        ] GC(1588) Tenured: 15060K(22484K)->15060K(22484K)
[2025-04-16T15:20:26.520+0000][2520.529s][info][gc,metaspace   ] GC(1588) Metaspace: 37447K(37824K)->37447K(37824K) NonClass: 33020K(33216K)->33020K(33216K) Class: 4426K(4608K)->4426K(4608K)
[2025-04-16T15:20:26.520+0000][2520.529s][info][gc             ] GC(1588) Pause Young (Allocation Failure) 23M->14M(31M) 1.255ms
[2025-04-16T15:20:26.520+0000][2520.529s][info][gc,cpu         ] GC(1588) User=0.00s Sys=0.00s Real=0.00s
[2025-04-16T15:20:28.003+0000][2522.012s][info][gc,start       ] GC(1589) Pause Young (Allocation Failure)
[2025-04-16T15:20:28.005+0000][2522.014s][info][gc,heap        ] GC(1589) DefNew: 9164K(10176K)->94K(10176K) Eden: 9088K(9088K)->0K(9088K) From: 76K(1088K)->94K(1088K)
[2025-04-16T15:20:28.005+0000][2522.014s][info][gc,heap        ] GC(1589) Tenured: 15060K(22484K)->15060K(22484K)
[2025-04-16T15:20:28.005+0000][2522.014s][info][gc,metaspace   ] GC(1589) Metaspace: 37447K(37824K)->37447K(37824K) NonClass: 33020K(33216K)->33020K(33216K) Class: 4426K(4608K)->4426K(4608K)
[2025-04-16T15:20:28.005+0000][2522.014s][info][gc             ] GC(1589) Pause Young (Allocation Failure) 23M->14M(31M) 1.247ms
[2025-04-16T15:20:28.005+0000][2522.014s][info][gc,cpu         ] GC(1589) User=0.00s Sys=0.00s Real=0.01s
[2025-04-16T15:20:29.863+0000][2523.872s][info][gc,start       ] GC(1590) Pause Young (Allocation Failure)
[2025-04-16T15:20:29.864+0000][2523.873s][info][gc,heap        ] GC(1590) DefNew: 9176K(10176K)->83K(10176K) Eden: 9081K(9088K)->0K(9088K) From: 94K(1088K)->83K(1088K)
[2025-04-16T15:20:29.864+0000][2523.873s][info][gc,heap        ] GC(1590) Tenured: 15060K(22484K)->15060K(22484K)
[2025-04-16T15:20:29.864+0000][2523.873s][info][gc,metaspace   ] GC(1590) Metaspace: 37447K(37824K)->37447K(37824K) NonClass: 33020K(33216K)->33020K(33216K) Class: 4426K(4608K)->4426K(4608K)
[2025-04-16T15:20:29.864+0000][2523.873s][info][gc             ] GC(1590) Pause Young (Allocation Failure) 23M->14M(31M) 1.339ms
[2025-04-16T15:20:29.864+0000][2523.874s][info][gc,cpu         ] GC(1590) User=0.00s Sys=0.00s Real=0.01s
[2025-04-16T15:20:31.178+0000][2525.187s][info][gc,start       ] GC(1591) Pause Young (Allocation Failure)
[2025-04-16T15:20:31.179+0000][2525.189s][info][gc,heap        ] GC(1591) DefNew: 9171K(10176K)->74K(10176K) Eden: 9088K(9088K)->0K(9088K) From: 83K(1088K)->74K(1088K)
[2025-04-16T15:20:31.180+0000][2525.189s][info][gc,heap        ] GC(1591) Tenured: 15060K(22484K)->15061K(22484K)
[2025-04-16T15:20:31.180+0000][2525.189s][info][gc,metaspace   ] GC(1591) Metaspace: 37448K(37824K)->37448K(37824K) NonClass: 33021K(33216K)->33021K(33216K) Class: 4426K(4608K)->4426K(4608K)
[2025-04-16T15:20:31.180+0000][2525.189s][info][gc             ] GC(1591) Pause Young (Allocation Failure) 23M->14M(31M) 1.247ms
[2025-04-16T15:20:31.180+0000][2525.189s][info][gc,cpu         ] GC(1591) User=0.00s Sys=0.00s Real=0.00s
[2025-04-16T15:20:32.912+0000][2526.921s][info][gc,start       ] GC(1592) Pause Young (Allocation Failure)
[2025-04-16T15:20:32.914+0000][2526.923s][info][gc,heap        ] GC(1592) DefNew: 9162K(10176K)->73K(10176K) Eden: 9088K(9088K)->0K(9088K) From: 74K(1088K)->73K(1088K)
[2025-04-16T15:20:32.914+0000][2526.923s][info][gc,heap        ] GC(1592) Tenured: 15061K(22484K)->15062K(22484K)
[2025-04-16T15:20:32.914+0000][2526.923s][info][gc,metaspace   ] GC(1592) Metaspace: 37448K(37824K)->37448K(37824K) NonClass: 33021K(33216K)->33021K(33216K) Class: 4426K(4608K)->4426K(4608K)
[2025-04-16T15:20:32.914+0000][2526.923s][info][gc             ] GC(1592) Pause Young (Allocation Failure) 23M->14M(31M) 1.310ms
[2025-04-16T15:20:32.914+0000][2526.923s][info][gc,cpu         ] GC(1592) User=0.00s Sys=0.00s Real=0.00s
[2025-04-16T15:20:34.327+0000][2528.336s][info][gc,start       ] GC(1593) Pause Young (Allocation Failure)
[2025-04-16T15:20:34.328+0000][2528.337s][info][gc,heap        ] GC(1593) DefNew: 9161K(10176K)->75K(10176K) Eden: 9088K(9088K)->0K(9088K) From: 73K(1088K)->75K(1088K)
[2025-04-16T15:20:34.328+0000][2528.337s][info][gc,heap        ] GC(1593) Tenured: 15062K(22484K)->15062K(22484K)
[2025-04-16T15:20:34.328+0000][2528.337s][info][gc,metaspace   ] GC(1593) Metaspace: 37448K(37824K)->37448K(37824K) NonClass: 33021K(33216K)->33021K(33216K) Class: 4426K(4608K)->4426K(4608K)
[2025-04-16T15:20:34.328+0000][2528.337s][info][gc             ] GC(1593) Pause Young (Allocation Failure) 23M->14M(31M) 1.459ms
[2025-04-16T15:20:34.328+0000][2528.337s][info][gc,cpu         ] GC(1593) User=0.00s Sys=0.00s Real=0.00s
[2025-04-16T15:20:36.338+0000][2530.347s][info][gc,start       ] GC(1594) Pause Young (Allocation Failure)
[2025-04-16T15:20:36.339+0000][2530.348s][info][gc,heap        ] GC(1594) DefNew: 9163K(10176K)->93K(10176K) Eden: 9088K(9088K)->0K(9088K) From: 75K(1088K)->93K(1088K)
[2025-04-16T15:20:36.339+0000][2530.348s][info][gc,heap        ] GC(1594) Tenured: 15062K(22484K)->15062K(22484K)
[2025-04-16T15:20:36.339+0000][2530.348s][info][gc,metaspace   ] GC(1594) Metaspace: 37448K(37824K)->37448K(37824K) NonClass: 33021K(33216K)->33021K(33216K) Class: 4426K(4608K)->4426K(4608K)
[2025-04-16T15:20:36.339+0000][2530.348s][info][gc             ] GC(1594) Pause Young (Allocation Failure) 23M->14M(31M) 1.340ms
[2025-04-16T15:20:36.339+0000][2530.348s][info][gc,cpu         ] GC(1594) User=0.00s Sys=0.00s Real=0.00s
[2025-04-16T15:20:37.966+0000][2531.975s][info][gc,start       ] GC(1595) Pause Young (Allocation Failure)
[2025-04-16T15:20:37.967+0000][2531.976s][info][gc,heap        ] GC(1595) DefNew: 9181K(10176K)->90K(10176K) Eden: 9088K(9088K)->0K(9088K) From: 93K(1088K)->90K(1088K)
[2025-04-16T15:20:37.967+0000][2531.976s][info][gc,heap        ] GC(1595) Tenured: 15062K(22484K)->15062K(22484K)
[2025-04-16T15:20:37.967+0000][2531.976s][info][gc,metaspace   ] GC(1595) Metaspace: 37448K(37824K)->37448K(37824K) NonClass: 33021K(33216K)->33021K(33216K) Class: 4426K(4608K)->4426K(4608K)
[2025-04-16T15:20:37.967+0000][2531.976s][info][gc             ] GC(1595) Pause Young (Allocation Failure) 23M->14M(31M) 1.307ms
[2025-04-16T15:20:37.967+0000][2531.976s][info][gc,cpu         ] GC(1595) User=0.00s Sys=0.00s Real=0.00s
[2025-04-16T15:20:39.392+0000][2533.401s][info][gc,start       ] GC(1596) Pause Young (Allocation Failure)
[2025-04-16T15:20:39.393+0000][2533.402s][info][gc,heap        ] GC(1596) DefNew: 9178K(10176K)->73K(10176K) Eden: 9088K(9088K)->0K(9088K) From: 90K(1088K)->73K(1088K)
[2025-04-16T15:20:39.393+0000][2533.402s][info][gc,heap        ] GC(1596) Tenured: 15062K(22484K)->15062K(22484K)
[2025-04-16T15:20:39.393+0000][2533.402s][info][gc,metaspace   ] GC(1596) Metaspace: 37448K(37824K)->37448K(37824K) NonClass: 33021K(33216K)->33021K(33216K) Class: 4426K(4608K)->4426K(4608K)
[2025-04-16T15:20:39.393+0000][2533.402s][info][gc             ] GC(1596) Pause Young (Allocation Failure) 23M->14M(31M) 1.246ms
[2025-04-16T15:20:39.393+0000][2533.402s][info][gc,cpu         ] GC(1596) User=0.00s Sys=0.00s Real=0.00s
[2025-04-16T15:20:41.138+0000][2535.147s][info][gc,start       ] GC(1597) Pause Young (Allocation Failure)
[2025-04-16T15:20:41.139+0000][2535.148s][info][gc,heap        ] GC(1597) DefNew: 9154K(10176K)->92K(10176K) Eden: 9081K(9088K)->0K(9088K) From: 73K(1088K)->92K(1088K)
[2025-04-16T15:20:41.139+0000][2535.148s][info][gc,heap        ] GC(1597) Tenured: 15062K(22484K)->15062K(22484K)
[2025-04-16T15:20:41.139+0000][2535.148s][info][gc,metaspace   ] GC(1597) Metaspace: 37448K(37824K)->37448K(37824K) NonClass: 33021K(33216K)->33021K(33216K) Class: 4426K(4608K)->4426K(4608K)
[2025-04-16T15:20:41.139+0000][2535.148s][info][gc             ] GC(1597) Pause Young (Allocation Failure) 23M->14M(31M) 1.304ms
[2025-04-16T15:20:41.139+0000][2535.148s][info][gc,cpu         ] GC(1597) User=0.00s Sys=0.00s Real=0.00s
[2025-04-16T15:20:42.706+0000][2536.715s][info][gc,start       ] GC(1598) Pause Young (Allocation Failure)
[2025-04-16T15:20:42.707+0000][2536.716s][info][gc,heap        ] GC(1598) DefNew: 9180K(10176K)->72K(10176K) Eden: 9087K(9088K)->0K(9088K) From: 92K(1088K)->72K(1088K)
[2025-04-16T15:20:42.707+0000][2536.716s][info][gc,heap        ] GC(1598) Tenured: 15062K(22484K)->15064K(22484K)
[2025-04-16T15:20:42.707+0000][2536.716s][info][gc,metaspace   ] GC(1598) Metaspace: 37448K(37824K)->37448K(37824K) NonClass: 33021K(33216K)->33021K(33216K) Class: 4426K(4608K)->4426K(4608K)
[2025-04-16T15:20:42.707+0000][2536.716s][info][gc             ] GC(1598) Pause Young (Allocation Failure) 23M->14M(31M) 1.343ms
[2025-04-16T15:20:42.707+0000][2536.716s][info][gc,cpu         ] GC(1598) User=0.00s Sys=0.00s Real=0.00s
[2025-04-16T15:20:44.172+0000][2538.181s][info][gc,start       ] GC(1599) Pause Young (Allocation Failure)
[2025-04-16T15:20:44.173+0000][2538.182s][info][gc,heap        ] GC(1599) DefNew: 9160K(10176K)->68K(10176K) Eden: 9088K(9088K)->0K(9088K) From: 72K(1088K)->68K(1088K)
[2025-04-16T15:20:44.173+0000][2538.182s][info][gc,heap        ] GC(1599) Tenured: 15064K(22484K)->15064K(22484K)
[2025-04-16T15:20:44.173+0000][2538.182s][info][gc,metaspace   ] GC(1599) Metaspace: 37448K(37824K)->37448K(37824K) NonClass: 33021K(33216K)->33021K(33216K) Class: 4426K(4608K)->4426K(4608K)
[2025-04-16T15:20:44.173+0000][2538.182s][info][gc             ] GC(1599) Pause Young (Allocation Failure) 23M->14M(31M) 1.283ms
[2025-04-16T15:20:44.173+0000][2538.182s][info][gc,cpu         ] GC(1599) User=0.00s Sys=0.00s Real=0.00s
[2025-04-16T15:20:45.990+0000][2539.999s][info][gc,start       ] GC(1600) Pause Young (Allocation Failure)
[2025-04-16T15:20:45.992+0000][2540.001s][info][gc,heap        ] GC(1600) DefNew: 9156K(10176K)->88K(10176K) Eden: 9088K(9088K)->0K(9088K) From: 68K(1088K)->88K(1088K)
[2025-04-16T15:20:45.992+0000][2540.001s][info][gc,heap        ] GC(1600) Tenured: 15064K(22484K)->15064K(22484K)
[2025-04-16T15:20:45.992+0000][2540.001s][info][gc,metaspace   ] GC(1600) Metaspace: 37448K(37824K)->37448K(37824K) NonClass: 33021K(33216K)->33021K(33216K) Class: 4426K(4608K)->4426K(4608K)
[2025-04-16T15:20:45.992+0000][2540.001s][info][gc             ] GC(1600) Pause Young (Allocation Failure) 23M->14M(31M) 1.253ms
[2025-04-16T15:20:45.992+0000][2540.001s][info][gc,cpu         ] GC(1600) User=0.01s Sys=0.00s Real=0.00s
[2025-04-16T15:20:47.446+0000][2541.455s][info][gc,start       ] GC(1601) Pause Young (Allocation Failure)
[2025-04-16T15:20:47.447+0000][2541.456s][info][gc,heap        ] GC(1601) DefNew: 9176K(10176K)->73K(10176K) Eden: 9088K(9088K)->0K(9088K) From: 88K(1088K)->73K(1088K)
[2025-04-16T15:20:47.447+0000][2541.456s][info][gc,heap        ] GC(1601) Tenured: 15064K(22484K)->15064K(22484K)
[2025-04-16T15:20:47.447+0000][2541.456s][info][gc,metaspace   ] GC(1601) Metaspace: 37448K(37824K)->37448K(37824K) NonClass: 33021K(33216K)->33021K(33216K) Class: 4426K(4608K)->4426K(4608K)
[2025-04-16T15:20:47.447+0000][2541.456s][info][gc             ] GC(1601) Pause Young (Allocation Failure) 23M->14M(31M) 1.116ms
[2025-04-16T15:20:47.447+0000][2541.456s][info][gc,cpu         ] GC(1601) User=0.00s Sys=0.00s Real=0.00s
[2025-04-16T15:20:49.042+0000][2543.051s][info][gc,start       ] GC(1602) Pause Young (Allocation Failure)
[2025-04-16T15:20:49.043+0000][2543.052s][info][gc,heap        ] GC(1602) DefNew: 9161K(10176K)->76K(10176K) Eden: 9088K(9088K)->0K(9088K) From: 73K(1088K)->76K(1088K)
[2025-04-16T15:20:49.043+0000][2543.052s][info][gc,heap        ] GC(1602) Tenured: 15064K(22484K)->15064K(22484K)
[2025-04-16T15:20:49.043+0000][2543.052s][info][gc,metaspace   ] GC(1602) Metaspace: 37448K(37824K)->37448K(37824K) NonClass: 33021K(33216K)->33021K(33216K) Class: 4426K(4608K)->4426K(4608K)
[2025-04-16T15:20:49.043+0000][2543.052s][info][gc             ] GC(1602) Pause Young (Allocation Failure) 23M->14M(31M) 1.151ms
[2025-04-16T15:20:49.043+0000][2543.052s][info][gc,cpu         ] GC(1602) User=0.00s Sys=0.00s Real=0.00s
[2025-04-16T15:20:50.592+0000][2544.601s][info][gc,start       ] GC(1603) Pause Young (Allocation Failure)
[2025-04-16T15:20:50.593+0000][2544.602s][info][gc,heap        ] GC(1603) DefNew: 9164K(10176K)->74K(10176K) Eden: 9088K(9088K)->0K(9088K) From: 76K(1088K)->74K(1088K)
[2025-04-16T15:20:50.593+0000][2544.602s][info][gc,heap        ] GC(1603) Tenured: 15064K(22484K)->15064K(22484K)
[2025-04-16T15:20:50.593+0000][2544.602s][info][gc,metaspace   ] GC(1603) Metaspace: 37448K(37824K)->37448K(37824K) NonClass: 33021K(33216K)->33021K(33216K) Class: 4426K(4608K)->4426K(4608K)
[2025-04-16T15:20:50.593+0000][2544.602s][info][gc             ] GC(1603) Pause Young (Allocation Failure) 23M->14M(31M) 1.209ms
[2025-04-16T15:20:50.593+0000][2544.602s][info][gc,cpu         ] GC(1603) User=0.00s Sys=0.00s Real=0.00s
[2025-04-16T15:20:52.191+0000][2546.200s][info][gc,start       ] GC(1604) Pause Young (Allocation Failure)
[2025-04-16T15:20:52.192+0000][2546.201s][info][gc,heap        ] GC(1604) DefNew: 9162K(10176K)->73K(10176K) Eden: 9088K(9088K)->0K(9088K) From: 74K(1088K)->73K(1088K)
[2025-04-16T15:20:52.192+0000][2546.201s][info][gc,heap        ] GC(1604) Tenured: 15064K(22484K)->15064K(22484K)
[2025-04-16T15:20:52.192+0000][2546.201s][info][gc,metaspace   ] GC(1604) Metaspace: 37448K(37824K)->37448K(37824K) NonClass: 33021K(33216K)->33021K(33216K) Class: 4426K(4608K)->4426K(4608K)
[2025-04-16T15:20:52.192+0000][2546.201s][info][gc             ] GC(1604) Pause Young (Allocation Failure) 23M->14M(31M) 1.256ms
[2025-04-16T15:20:52.192+0000][2546.201s][info][gc,cpu         ] GC(1604) User=0.00s Sys=0.00s Real=0.00s
[2025-04-16T15:20:53.751+0000][2547.760s][info][gc,start       ] GC(1605) Pause Young (Allocation Failure)
[2025-04-16T15:20:53.752+0000][2547.761s][info][gc,heap        ] GC(1605) DefNew: 9161K(10176K)->90K(10176K) Eden: 9088K(9088K)->0K(9088K) From: 73K(1088K)->90K(1088K)
[2025-04-16T15:20:53.752+0000][2547.761s][info][gc,heap        ] GC(1605) Tenured: 15064K(22484K)->15064K(22484K)
[2025-04-16T15:20:53.752+0000][2547.761s][info][gc,metaspace   ] GC(1605) Metaspace: 37448K(37824K)->37448K(37824K) NonClass: 33021K(33216K)->33021K(33216K) Class: 4426K(4608K)->4426K(4608K)
[2025-04-16T15:20:53.752+0000][2547.761s][info][gc             ] GC(1605) Pause Young (Allocation Failure) 23M->14M(31M) 1.172ms
[2025-04-16T15:20:53.752+0000][2547.761s][info][gc,cpu         ] GC(1605) User=0.00s Sys=0.00s Real=0.00s
[2025-04-16T15:20:55.663+0000][2549.672s][info][gc,start       ] GC(1606) Pause Young (Allocation Failure)
[2025-04-16T15:20:55.664+0000][2549.673s][info][gc,heap        ] GC(1606) DefNew: 9178K(10176K)->89K(10176K) Eden: 9087K(9088K)->0K(9088K) From: 90K(1088K)->89K(1088K)
[2025-04-16T15:20:55.664+0000][2549.673s][info][gc,heap        ] GC(1606) Tenured: 15064K(22484K)->15064K(22484K)
[2025-04-16T15:20:55.664+0000][2549.673s][info][gc,metaspace   ] GC(1606) Metaspace: 37448K(37824K)->37448K(37824K) NonClass: 33021K(33216K)->33021K(33216K) Class: 4426K(4608K)->4426K(4608K)
[2025-04-16T15:20:55.664+0000][2549.673s][info][gc             ] GC(1606) Pause Young (Allocation Failure) 23M->14M(31M) 1.304ms
[2025-04-16T15:20:55.664+0000][2549.673s][info][gc,cpu         ] GC(1606) User=0.00s Sys=0.00s Real=0.00s
[2025-04-16T15:20:57.145+0000][2551.154s][info][gc,start       ] GC(1607) Pause Young (Allocation Failure)
[2025-04-16T15:20:57.146+0000][2551.155s][info][gc,heap        ] GC(1607) DefNew: 9168K(10176K)->78K(10176K) Eden: 9078K(9088K)->0K(9088K) From: 89K(1088K)->78K(1088K)
[2025-04-16T15:20:57.146+0000][2551.155s][info][gc,heap        ] GC(1607) Tenured: 15064K(22484K)->15064K(22484K)
[2025-04-16T15:20:57.146+0000][2551.155s][info][gc,metaspace   ] GC(1607) Metaspace: 37448K(37824K)->37448K(37824K) NonClass: 33021K(33216K)->33021K(33216K) Class: 4426K(4608K)->4426K(4608K)
[2025-04-16T15:20:57.146+0000][2551.155s][info][gc             ] GC(1607) Pause Young (Allocation Failure) 23M->14M(31M) 1.327ms
[2025-04-16T15:20:57.146+0000][2551.155s][info][gc,cpu         ] GC(1607) User=0.00s Sys=0.00s Real=0.00s
[2025-04-16T15:20:58.594+0000][2552.603s][info][gc,start       ] GC(1608) Pause Young (Allocation Failure)
[2025-04-16T15:20:58.595+0000][2552.604s][info][gc,heap        ] GC(1608) DefNew: 9166K(10176K)->85K(10176K) Eden: 9088K(9088K)->0K(9088K) From: 78K(1088K)->85K(1088K)
[2025-04-16T15:20:58.595+0000][2552.604s][info][gc,heap        ] GC(1608) Tenured: 15064K(22484K)->15064K(22484K)
[2025-04-16T15:20:58.595+0000][2552.604s][info][gc,metaspace   ] GC(1608) Metaspace: 37448K(37824K)->37448K(37824K) NonClass: 33021K(33216K)->33021K(33216K) Class: 4426K(4608K)->4426K(4608K)
[2025-04-16T15:20:58.595+0000][2552.604s][info][gc             ] GC(1608) Pause Young (Allocation Failure) 23M->14M(31M) 1.338ms
[2025-04-16T15:20:58.595+0000][2552.604s][info][gc,cpu         ] GC(1608) User=0.00s Sys=0.00s Real=0.01s
[2025-04-16T15:21:00.244+0000][2554.253s][info][gc,start       ] GC(1609) Pause Young (Allocation Failure)
[2025-04-16T15:21:00.246+0000][2554.255s][info][gc,heap        ] GC(1609) DefNew: 9173K(10176K)->92K(10176K) Eden: 9088K(9088K)->0K(9088K) From: 85K(1088K)->92K(1088K)
[2025-04-16T15:21:00.246+0000][2554.255s][info][gc,heap        ] GC(1609) Tenured: 15064K(22484K)->15064K(22484K)
[2025-04-16T15:21:00.246+0000][2554.255s][info][gc,metaspace   ] GC(1609) Metaspace: 37448K(37824K)->37448K(37824K) NonClass: 33021K(33216K)->33021K(33216K) Class: 4426K(4608K)->4426K(4608K)
[2025-04-16T15:21:00.246+0000][2554.255s][info][gc             ] GC(1609) Pause Young (Allocation Failure) 23M->14M(31M) 1.342ms
[2025-04-16T15:21:00.246+0000][2554.255s][info][gc,cpu         ] GC(1609) User=0.00s Sys=0.00s Real=0.00s
[2025-04-16T15:21:01.845+0000][2555.854s][info][gc,start       ] GC(1610) Pause Young (Allocation Failure)
[2025-04-16T15:21:01.847+0000][2555.856s][info][gc,heap        ] GC(1610) DefNew: 9180K(10176K)->92K(10176K) Eden: 9088K(9088K)->0K(9088K) From: 92K(1088K)->92K(1088K)
[2025-04-16T15:21:01.847+0000][2555.856s][info][gc,heap        ] GC(1610) Tenured: 15064K(22484K)->15064K(22484K)
[2025-04-16T15:21:01.847+0000][2555.856s][info][gc,metaspace   ] GC(1610) Metaspace: 37449K(37824K)->37449K(37824K) NonClass: 33023K(33216K)->33023K(33216K) Class: 4426K(4608K)->4426K(4608K)
[2025-04-16T15:21:01.847+0000][2555.856s][info][gc             ] GC(1610) Pause Young (Allocation Failure) 23M->14M(31M) 1.305ms
[2025-04-16T15:21:01.847+0000][2555.856s][info][gc,cpu         ] GC(1610) User=0.00s Sys=0.00s Real=0.00s
[2025-04-16T15:21:03.385+0000][2557.394s][info][gc,start       ] GC(1611) Pause Young (Allocation Failure)
[2025-04-16T15:21:03.386+0000][2557.395s][info][gc,heap        ] GC(1611) DefNew: 9180K(10176K)->83K(10176K) Eden: 9088K(9088K)->0K(9088K) From: 92K(1088K)->83K(1088K)
[2025-04-16T15:21:03.386+0000][2557.395s][info][gc,heap        ] GC(1611) Tenured: 15064K(22484K)->15064K(22484K)
[2025-04-16T15:21:03.386+0000][2557.395s][info][gc,metaspace   ] GC(1611) Metaspace: 37449K(37824K)->37449K(37824K) NonClass: 33023K(33216K)->33023K(33216K) Class: 4426K(4608K)->4426K(4608K)
[2025-04-16T15:21:03.386+0000][2557.396s][info][gc             ] GC(1611) Pause Young (Allocation Failure) 23M->14M(31M) 1.236ms
[2025-04-16T15:21:03.386+0000][2557.396s][info][gc,cpu         ] GC(1611) User=0.00s Sys=0.00s Real=0.00s
[2025-04-16T15:21:05.216+0000][2559.225s][info][gc,start       ] GC(1612) Pause Young (Allocation Failure)
[2025-04-16T15:21:05.218+0000][2559.227s][info][gc,heap        ] GC(1612) DefNew: 9171K(10176K)->74K(10176K) Eden: 9088K(9088K)->0K(9088K) From: 83K(1088K)->74K(1088K)
[2025-04-16T15:21:05.218+0000][2559.227s][info][gc,heap        ] GC(1612) Tenured: 15064K(22484K)->15064K(22484K)
[2025-04-16T15:21:05.218+0000][2559.227s][info][gc,metaspace   ] GC(1612) Metaspace: 37449K(37824K)->37449K(37824K) NonClass: 33023K(33216K)->33023K(33216K) Class: 4426K(4608K)->4426K(4608K)
[2025-04-16T15:21:05.218+0000][2559.227s][info][gc             ] GC(1612) Pause Young (Allocation Failure) 23M->14M(31M) 1.268ms
[2025-04-16T15:21:05.218+0000][2559.227s][info][gc,cpu         ] GC(1612) User=0.00s Sys=0.00s Real=0.00s
[2025-04-16T15:21:06.583+0000][2560.592s][info][gc,start       ] GC(1613) Pause Young (Allocation Failure)
[2025-04-16T15:21:06.585+0000][2560.594s][info][gc,heap        ] GC(1613) DefNew: 9162K(10176K)->95K(10176K) Eden: 9088K(9088K)->0K(9088K) From: 74K(1088K)->95K(1088K)
[2025-04-16T15:21:06.585+0000][2560.594s][info][gc,heap        ] GC(1613) Tenured: 15064K(22484K)->15064K(22484K)
[2025-04-16T15:21:06.585+0000][2560.594s][info][gc,metaspace   ] GC(1613) Metaspace: 37449K(37824K)->37449K(37824K) NonClass: 33023K(33216K)->33023K(33216K) Class: 4426K(4608K)->4426K(4608K)
[2025-04-16T15:21:06.585+0000][2560.594s][info][gc             ] GC(1613) Pause Young (Allocation Failure) 23M->14M(31M) 1.306ms
[2025-04-16T15:21:06.585+0000][2560.594s][info][gc,cpu         ] GC(1613) User=0.00s Sys=0.00s Real=0.01s
[2025-04-16T15:21:08.118+0000][2562.127s][info][gc,start       ] GC(1614) Pause Young (Allocation Failure)
[2025-04-16T15:21:08.119+0000][2562.128s][info][gc,heap        ] GC(1614) DefNew: 9183K(10176K)->80K(10176K) Eden: 9088K(9088K)->0K(9088K) From: 95K(1088K)->80K(1088K)
[2025-04-16T15:21:08.119+0000][2562.128s][info][gc,heap        ] GC(1614) Tenured: 15064K(22484K)->15064K(22484K)
[2025-04-16T15:21:08.119+0000][2562.128s][info][gc,metaspace   ] GC(1614) Metaspace: 37449K(37824K)->37449K(37824K) NonClass: 33023K(33216K)->33023K(33216K) Class: 4426K(4608K)->4426K(4608K)
[2025-04-16T15:21:08.119+0000][2562.128s][info][gc             ] GC(1614) Pause Young (Allocation Failure) 23M->14M(31M) 1.332ms
[2025-04-16T15:21:08.119+0000][2562.128s][info][gc,cpu         ] GC(1614) User=0.00s Sys=0.00s Real=0.00s
[2025-04-16T15:21:10.084+0000][2564.093s][info][gc,start       ] GC(1615) Pause Young (Allocation Failure)
[2025-04-16T15:21:10.085+0000][2564.094s][info][gc,heap        ] GC(1615) DefNew: 9168K(10176K)->94K(10176K) Eden: 9088K(9088K)->0K(9088K) From: 80K(1088K)->94K(1088K)
[2025-04-16T15:21:10.085+0000][2564.094s][info][gc,heap        ] GC(1615) Tenured: 15064K(22484K)->15064K(22484K)
[2025-04-16T15:21:10.085+0000][2564.094s][info][gc,metaspace   ] GC(1615) Metaspace: 37449K(37824K)->37449K(37824K) NonClass: 33023K(33216K)->33023K(33216K) Class: 4426K(4608K)->4426K(4608K)
[2025-04-16T15:21:10.085+0000][2564.095s][info][gc             ] GC(1615) Pause Young (Allocation Failure) 23M->14M(31M) 1.279ms
[2025-04-16T15:21:10.085+0000][2564.095s][info][gc,cpu         ] GC(1615) User=0.00s Sys=0.00s Real=0.00s
[2025-04-16T15:21:11.576+0000][2565.585s][info][gc,start       ] GC(1616) Pause Young (Allocation Failure)
[2025-04-16T15:21:11.577+0000][2565.586s][info][gc,heap        ] GC(1616) DefNew: 9182K(10176K)->91K(10176K) Eden: 9088K(9088K)->0K(9088K) From: 94K(1088K)->91K(1088K)
[2025-04-16T15:21:11.577+0000][2565.586s][info][gc,heap        ] GC(1616) Tenured: 15064K(22484K)->15065K(22484K)
[2025-04-16T15:21:11.577+0000][2565.586s][info][gc,metaspace   ] GC(1616) Metaspace: 37459K(37824K)->37459K(37824K) NonClass: 33032K(33216K)->33032K(33216K) Class: 4426K(4608K)->4426K(4608K)
[2025-04-16T15:21:11.577+0000][2565.586s][info][gc             ] GC(1616) Pause Young (Allocation Failure) 23M->14M(31M) 1.199ms
[2025-04-16T15:21:11.577+0000][2565.586s][info][gc,cpu         ] GC(1616) User=0.00s Sys=0.00s Real=0.00s
[2025-04-16T15:21:13.272+0000][2567.281s][info][gc,start       ] GC(1617) Pause Young (Allocation Failure)
[2025-04-16T15:21:13.273+0000][2567.282s][info][gc,heap        ] GC(1617) DefNew: 9179K(10176K)->84K(10176K) Eden: 9088K(9088K)->0K(9088K) From: 91K(1088K)->84K(1088K)
[2025-04-16T15:21:13.273+0000][2567.282s][info][gc,heap        ] GC(1617) Tenured: 15065K(22484K)->15065K(22484K)
[2025-04-16T15:21:13.273+0000][2567.282s][info][gc,metaspace   ] GC(1617) Metaspace: 37459K(37824K)->37459K(37824K) NonClass: 33032K(33216K)->33032K(33216K) Class: 4426K(4608K)->4426K(4608K)
[2025-04-16T15:21:13.273+0000][2567.282s][info][gc             ] GC(1617) Pause Young (Allocation Failure) 23M->14M(31M) 1.195ms
[2025-04-16T15:21:13.273+0000][2567.282s][info][gc,cpu         ] GC(1617) User=0.00s Sys=0.00s Real=0.00s
[2025-04-16T15:21:14.533+0000][2568.542s][info][gc,start       ] GC(1618) Pause Young (Allocation Failure)
[2025-04-16T15:21:14.534+0000][2568.543s][info][gc,heap        ] GC(1618) DefNew: 9170K(10176K)->79K(10176K) Eden: 9086K(9088K)->0K(9088K) From: 84K(1088K)->79K(1088K)
[2025-04-16T15:21:14.534+0000][2568.543s][info][gc,heap        ] GC(1618) Tenured: 15065K(22484K)->15066K(22484K)
[2025-04-16T15:21:14.534+0000][2568.543s][info][gc,metaspace   ] GC(1618) Metaspace: 37459K(37824K)->37459K(37824K) NonClass: 33032K(33216K)->33032K(33216K) Class: 4426K(4608K)->4426K(4608K)
[2025-04-16T15:21:14.534+0000][2568.543s][info][gc             ] GC(1618) Pause Young (Allocation Failure) 23M->14M(31M) 1.279ms
[2025-04-16T15:21:14.534+0000][2568.543s][info][gc,cpu         ] GC(1618) User=0.00s Sys=0.00s Real=0.00s
[2025-04-16T15:21:16.456+0000][2570.465s][info][gc,start       ] GC(1619) Pause Young (Allocation Failure)
[2025-04-16T15:21:16.457+0000][2570.466s][info][gc,heap        ] GC(1619) DefNew: 9167K(10176K)->86K(10176K) Eden: 9088K(9088K)->0K(9088K) From: 79K(1088K)->86K(1088K)
[2025-04-16T15:21:16.457+0000][2570.466s][info][gc,heap        ] GC(1619) Tenured: 15066K(22484K)->15066K(22484K)
[2025-04-16T15:21:16.457+0000][2570.466s][info][gc,metaspace   ] GC(1619) Metaspace: 37459K(37824K)->37459K(37824K) NonClass: 33032K(33216K)->33032K(33216K) Class: 4426K(4608K)->4426K(4608K)
[2025-04-16T15:21:16.457+0000][2570.466s][info][gc             ] GC(1619) Pause Young (Allocation Failure) 23M->14M(31M) 1.393ms
[2025-04-16T15:21:16.457+0000][2570.466s][info][gc,cpu         ] GC(1619) User=0.00s Sys=0.00s Real=0.00s
[2025-04-16T15:21:17.705+0000][2571.714s][info][gc,start       ] GC(1620) Pause Young (Allocation Failure)
[2025-04-16T15:21:17.707+0000][2571.716s][info][gc,heap        ] GC(1620) DefNew: 9174K(10176K)->79K(10176K) Eden: 9088K(9088K)->0K(9088K) From: 86K(1088K)->79K(1088K)
[2025-04-16T15:21:17.707+0000][2571.716s][info][gc,heap        ] GC(1620) Tenured: 15066K(22484K)->15066K(22484K)
[2025-04-16T15:21:17.707+0000][2571.716s][info][gc,metaspace   ] GC(1620) Metaspace: 37459K(37824K)->37459K(37824K) NonClass: 33032K(33216K)->33032K(33216K) Class: 4426K(4608K)->4426K(4608K)
[2025-04-16T15:21:17.707+0000][2571.716s][info][gc             ] GC(1620) Pause Young (Allocation Failure) 23M->14M(31M) 1.355ms
[2025-04-16T15:21:17.707+0000][2571.716s][info][gc,cpu         ] GC(1620) User=0.00s Sys=0.00s Real=0.00s
[2025-04-16T15:21:19.383+0000][2573.392s][info][gc,start       ] GC(1621) Pause Young (Allocation Failure)
[2025-04-16T15:21:19.384+0000][2573.393s][info][gc,heap        ] GC(1621) DefNew: 9167K(10176K)->92K(10176K) Eden: 9088K(9088K)->0K(9088K) From: 79K(1088K)->92K(1088K)
[2025-04-16T15:21:19.384+0000][2573.393s][info][gc,heap        ] GC(1621) Tenured: 15066K(22484K)->15066K(22484K)
[2025-04-16T15:21:19.384+0000][2573.393s][info][gc,metaspace   ] GC(1621) Metaspace: 37459K(37824K)->37459K(37824K) NonClass: 33032K(33216K)->33032K(33216K) Class: 4426K(4608K)->4426K(4608K)
[2025-04-16T15:21:19.384+0000][2573.393s][info][gc             ] GC(1621) Pause Young (Allocation Failure) 23M->14M(31M) 1.198ms
[2025-04-16T15:21:19.384+0000][2573.393s][info][gc,cpu         ] GC(1621) User=0.00s Sys=0.00s Real=0.00s
[2025-04-16T15:21:21.202+0000][2575.211s][info][gc,start       ] GC(1622) Pause Young (Allocation Failure)
[2025-04-16T15:21:21.203+0000][2575.212s][info][gc,heap        ] GC(1622) DefNew: 9174K(10176K)->83K(10176K) Eden: 9082K(9088K)->0K(9088K) From: 92K(1088K)->83K(1088K)
[2025-04-16T15:21:21.203+0000][2575.212s][info][gc,heap        ] GC(1622) Tenured: 15066K(22484K)->15066K(22484K)
[2025-04-16T15:21:21.203+0000][2575.212s][info][gc,metaspace   ] GC(1622) Metaspace: 37459K(37824K)->37459K(37824K) NonClass: 33032K(33216K)->33032K(33216K) Class: 4426K(4608K)->4426K(4608K)
[2025-04-16T15:21:21.203+0000][2575.212s][info][gc             ] GC(1622) Pause Young (Allocation Failure) 23M->14M(31M) 1.245ms
[2025-04-16T15:21:21.203+0000][2575.212s][info][gc,cpu         ] GC(1622) User=0.00s Sys=0.00s Real=0.00s
[2025-04-16T15:21:22.570+0000][2576.579s][info][gc,start       ] GC(1623) Pause Young (Allocation Failure)
[2025-04-16T15:21:22.571+0000][2576.580s][info][gc,heap        ] GC(1623) DefNew: 9171K(10176K)->74K(10176K) Eden: 9088K(9088K)->0K(9088K) From: 83K(1088K)->74K(1088K)
[2025-04-16T15:21:22.571+0000][2576.580s][info][gc,heap        ] GC(1623) Tenured: 15066K(22484K)->15066K(22484K)
[2025-04-16T15:21:22.571+0000][2576.580s][info][gc,metaspace   ] GC(1623) Metaspace: 37459K(37824K)->37459K(37824K) NonClass: 33032K(33216K)->33032K(33216K) Class: 4426K(4608K)->4426K(4608K)
[2025-04-16T15:21:22.571+0000][2576.580s][info][gc             ] GC(1623) Pause Young (Allocation Failure) 23M->14M(31M) 1.304ms
[2025-04-16T15:21:22.571+0000][2576.580s][info][gc,cpu         ] GC(1623) User=0.01s Sys=0.00s Real=0.00s
[2025-04-16T15:21:24.290+0000][2578.299s][info][gc,start       ] GC(1624) Pause Young (Allocation Failure)
[2025-04-16T15:21:24.291+0000][2578.300s][info][gc,heap        ] GC(1624) DefNew: 9162K(10176K)->76K(10176K) Eden: 9088K(9088K)->0K(9088K) From: 74K(1088K)->76K(1088K)
[2025-04-16T15:21:24.291+0000][2578.300s][info][gc,heap        ] GC(1624) Tenured: 15066K(22484K)->15066K(22484K)
[2025-04-16T15:21:24.291+0000][2578.300s][info][gc,metaspace   ] GC(1624) Metaspace: 37459K(37824K)->37459K(37824K) NonClass: 33032K(33216K)->33032K(33216K) Class: 4426K(4608K)->4426K(4608K)
[2025-04-16T15:21:24.291+0000][2578.300s][info][gc             ] GC(1624) Pause Young (Allocation Failure) 23M->14M(31M) 1.146ms
[2025-04-16T15:21:24.291+0000][2578.300s][info][gc,cpu         ] GC(1624) User=0.00s Sys=0.00s Real=0.00s
[2025-04-16T15:21:25.934+0000][2579.943s][info][gc,start       ] GC(1625) Pause Young (Allocation Failure)
[2025-04-16T15:21:25.935+0000][2579.944s][info][gc,heap        ] GC(1625) DefNew: 9164K(10176K)->80K(10176K) Eden: 9088K(9088K)->0K(9088K) From: 76K(1088K)->80K(1088K)
[2025-04-16T15:21:25.935+0000][2579.944s][info][gc,heap        ] GC(1625) Tenured: 15066K(22484K)->15068K(22484K)
[2025-04-16T15:21:25.935+0000][2579.944s][info][gc,metaspace   ] GC(1625) Metaspace: 37459K(37824K)->37459K(37824K) NonClass: 33032K(33216K)->33032K(33216K) Class: 4426K(4608K)->4426K(4608K)
[2025-04-16T15:21:25.935+0000][2579.944s][info][gc             ] GC(1625) Pause Young (Allocation Failure) 23M->14M(31M) 1.353ms
[2025-04-16T15:21:25.935+0000][2579.944s][info][gc,cpu         ] GC(1625) User=0.01s Sys=0.00s Real=0.01s
[2025-04-16T15:21:27.468+0000][2581.477s][info][gc,start       ] GC(1626) Pause Young (Allocation Failure)
[2025-04-16T15:21:27.469+0000][2581.478s][info][gc,heap        ] GC(1626) DefNew: 9168K(10176K)->94K(10176K) Eden: 9088K(9088K)->0K(9088K) From: 80K(1088K)->94K(1088K)
[2025-04-16T15:21:27.469+0000][2581.478s][info][gc,heap        ] GC(1626) Tenured: 15068K(22484K)->15068K(22484K)
[2025-04-16T15:21:27.469+0000][2581.478s][info][gc,metaspace   ] GC(1626) Metaspace: 37459K(37824K)->37459K(37824K) NonClass: 33032K(33216K)->33032K(33216K) Class: 4426K(4608K)->4426K(4608K)
[2025-04-16T15:21:27.469+0000][2581.478s][info][gc             ] GC(1626) Pause Young (Allocation Failure) 23M->14M(31M) 1.267ms
[2025-04-16T15:21:27.469+0000][2581.478s][info][gc,cpu         ] GC(1626) User=0.00s Sys=0.00s Real=0.00s
[2025-04-16T15:21:29.138+0000][2583.147s][info][gc,start       ] GC(1627) Pause Young (Allocation Failure)
[2025-04-16T15:21:29.140+0000][2583.149s][info][gc,heap        ] GC(1627) DefNew: 9182K(10176K)->90K(10176K) Eden: 9088K(9088K)->0K(9088K) From: 94K(1088K)->90K(1088K)
[2025-04-16T15:21:29.140+0000][2583.149s][info][gc,heap        ] GC(1627) Tenured: 15068K(22484K)->15068K(22484K)
[2025-04-16T15:21:29.140+0000][2583.149s][info][gc,metaspace   ] GC(1627) Metaspace: 37459K(37824K)->37459K(37824K) NonClass: 33032K(33216K)->33032K(33216K) Class: 4426K(4608K)->4426K(4608K)
[2025-04-16T15:21:29.140+0000][2583.149s][info][gc             ] GC(1627) Pause Young (Allocation Failure) 23M->14M(31M) 1.232ms
[2025-04-16T15:21:29.140+0000][2583.149s][info][gc,cpu         ] GC(1627) User=0.00s Sys=0.00s Real=0.00s
[2025-04-16T15:21:30.825+0000][2584.834s][info][gc,start       ] GC(1628) Pause Young (Allocation Failure)
[2025-04-16T15:21:30.826+0000][2584.835s][info][gc,heap        ] GC(1628) DefNew: 9178K(10176K)->75K(10176K) Eden: 9088K(9088K)->0K(9088K) From: 90K(1088K)->75K(1088K)
[2025-04-16T15:21:30.826+0000][2584.835s][info][gc,heap        ] GC(1628) Tenured: 15068K(22484K)->15068K(22484K)
[2025-04-16T15:21:30.826+0000][2584.835s][info][gc,metaspace   ] GC(1628) Metaspace: 37459K(37824K)->37459K(37824K) NonClass: 33032K(33216K)->33032K(33216K) Class: 4426K(4608K)->4426K(4608K)
[2025-04-16T15:21:30.826+0000][2584.835s][info][gc             ] GC(1628) Pause Young (Allocation Failure) 23M->14M(31M) 1.282ms
[2025-04-16T15:21:30.826+0000][2584.835s][info][gc,cpu         ] GC(1628) User=0.00s Sys=0.00s Real=0.00s
[2025-04-16T15:21:32.157+0000][2586.166s][info][gc,start       ] GC(1629) Pause Young (Allocation Failure)
[2025-04-16T15:21:32.159+0000][2586.168s][info][gc,heap        ] GC(1629) DefNew: 9163K(10176K)->73K(10176K) Eden: 9088K(9088K)->0K(9088K) From: 75K(1088K)->73K(1088K)
[2025-04-16T15:21:32.159+0000][2586.168s][info][gc,heap        ] GC(1629) Tenured: 15068K(22484K)->15068K(22484K)
[2025-04-16T15:21:32.159+0000][2586.168s][info][gc,metaspace   ] GC(1629) Metaspace: 37459K(37824K)->37459K(37824K) NonClass: 33032K(33216K)->33032K(33216K) Class: 4426K(4608K)->4426K(4608K)
[2025-04-16T15:21:32.159+0000][2586.168s][info][gc             ] GC(1629) Pause Young (Allocation Failure) 23M->14M(31M) 1.248ms
[2025-04-16T15:21:32.159+0000][2586.168s][info][gc,cpu         ] GC(1629) User=0.00s Sys=0.00s Real=0.00s
[2025-04-16T15:21:33.910+0000][2587.920s][info][gc,start       ] GC(1630) Pause Young (Allocation Failure)
[2025-04-16T15:21:33.912+0000][2587.921s][info][gc,heap        ] GC(1630) DefNew: 9161K(10176K)->89K(10176K) Eden: 9088K(9088K)->0K(9088K) From: 73K(1088K)->89K(1088K)
[2025-04-16T15:21:33.912+0000][2587.921s][info][gc,heap        ] GC(1630) Tenured: 15068K(22484K)->15068K(22484K)
[2025-04-16T15:21:33.912+0000][2587.921s][info][gc,metaspace   ] GC(1630) Metaspace: 37459K(37824K)->37459K(37824K) NonClass: 33032K(33216K)->33032K(33216K) Class: 4426K(4608K)->4426K(4608K)
[2025-04-16T15:21:33.912+0000][2587.921s][info][gc             ] GC(1630) Pause Young (Allocation Failure) 23M->14M(31M) 1.382ms
[2025-04-16T15:21:33.912+0000][2587.921s][info][gc,cpu         ] GC(1630) User=0.00s Sys=0.00s Real=0.00s
[2025-04-16T15:21:35.460+0000][2589.469s][info][gc,start       ] GC(1631) Pause Young (Allocation Failure)
[2025-04-16T15:21:35.461+0000][2589.470s][info][gc,heap        ] GC(1631) DefNew: 9177K(10176K)->105K(10176K) Eden: 9088K(9088K)->0K(9088K) From: 89K(1088K)->105K(1088K)
[2025-04-16T15:21:35.461+0000][2589.470s][info][gc,heap        ] GC(1631) Tenured: 15068K(22484K)->15068K(22484K)
[2025-04-16T15:21:35.461+0000][2589.470s][info][gc,metaspace   ] GC(1631) Metaspace: 37459K(37824K)->37459K(37824K) NonClass: 33032K(33216K)->33032K(33216K) Class: 4426K(4608K)->4426K(4608K)
[2025-04-16T15:21:35.461+0000][2589.470s][info][gc             ] GC(1631) Pause Young (Allocation Failure) 23M->14M(31M) 1.217ms
[2025-04-16T15:21:35.461+0000][2589.470s][info][gc,cpu         ] GC(1631) User=0.00s Sys=0.00s Real=0.00s
[2025-04-16T15:21:37.000+0000][2591.009s][info][gc,start       ] GC(1632) Pause Young (Allocation Failure)
[2025-04-16T15:21:37.002+0000][2591.011s][info][gc,heap        ] GC(1632) DefNew: 9193K(10176K)->91K(10176K) Eden: 9088K(9088K)->0K(9088K) From: 105K(1088K)->91K(1088K)
[2025-04-16T15:21:37.002+0000][2591.011s][info][gc,heap        ] GC(1632) Tenured: 15068K(22484K)->15070K(22484K)
[2025-04-16T15:21:37.002+0000][2591.011s][info][gc,metaspace   ] GC(1632) Metaspace: 37459K(37824K)->37459K(37824K) NonClass: 33032K(33216K)->33032K(33216K) Class: 4426K(4608K)->4426K(4608K)
[2025-04-16T15:21:37.002+0000][2591.011s][info][gc             ] GC(1632) Pause Young (Allocation Failure) 23M->14M(31M) 1.322ms
[2025-04-16T15:21:37.002+0000][2591.011s][info][gc,cpu         ] GC(1632) User=0.00s Sys=0.00s Real=0.00s
[2025-04-16T15:21:38.763+0000][2592.772s][info][gc,start       ] GC(1633) Pause Young (Allocation Failure)
[2025-04-16T15:21:38.765+0000][2592.774s][info][gc,heap        ] GC(1633) DefNew: 9179K(10176K)->72K(10176K) Eden: 9088K(9088K)->0K(9088K) From: 91K(1088K)->72K(1088K)
[2025-04-16T15:21:38.765+0000][2592.774s][info][gc,heap        ] GC(1633) Tenured: 15070K(22484K)->15070K(22484K)
[2025-04-16T15:21:38.765+0000][2592.774s][info][gc,metaspace   ] GC(1633) Metaspace: 37459K(37824K)->37459K(37824K) NonClass: 33032K(33216K)->33032K(33216K) Class: 4426K(4608K)->4426K(4608K)
[2025-04-16T15:21:38.765+0000][2592.774s][info][gc             ] GC(1633) Pause Young (Allocation Failure) 23M->14M(31M) 1.554ms
[2025-04-16T15:21:38.765+0000][2592.774s][info][gc,cpu         ] GC(1633) User=0.00s Sys=0.00s Real=0.01s
[2025-04-16T15:21:40.339+0000][2594.348s][info][gc,start       ] GC(1634) Pause Young (Allocation Failure)
[2025-04-16T15:21:40.341+0000][2594.350s][info][gc,heap        ] GC(1634) DefNew: 9160K(10176K)->63K(10176K) Eden: 9088K(9088K)->0K(9088K) From: 72K(1088K)->63K(1088K)
[2025-04-16T15:21:40.341+0000][2594.350s][info][gc,heap        ] GC(1634) Tenured: 15070K(22484K)->15070K(22484K)
[2025-04-16T15:21:40.341+0000][2594.350s][info][gc,metaspace   ] GC(1634) Metaspace: 37459K(37824K)->37459K(37824K) NonClass: 33032K(33216K)->33032K(33216K) Class: 4426K(4608K)->4426K(4608K)
[2025-04-16T15:21:40.341+0000][2594.350s][info][gc             ] GC(1634) Pause Young (Allocation Failure) 23M->14M(31M) 1.263ms
[2025-04-16T15:21:40.341+0000][2594.350s][info][gc,cpu         ] GC(1634) User=0.00s Sys=0.00s Real=0.00s
[2025-04-16T15:21:41.831+0000][2595.840s][info][gc,start       ] GC(1635) Pause Young (Allocation Failure)
[2025-04-16T15:21:41.832+0000][2595.841s][info][gc,heap        ] GC(1635) DefNew: 9151K(10176K)->75K(10176K) Eden: 9088K(9088K)->0K(9088K) From: 63K(1088K)->75K(1088K)
[2025-04-16T15:21:41.832+0000][2595.841s][info][gc,heap        ] GC(1635) Tenured: 15070K(22484K)->15070K(22484K)
[2025-04-16T15:21:41.832+0000][2595.841s][info][gc,metaspace   ] GC(1635) Metaspace: 37459K(37824K)->37459K(37824K) NonClass: 33032K(33216K)->33032K(33216K) Class: 4426K(4608K)->4426K(4608K)
[2025-04-16T15:21:41.832+0000][2595.841s][info][gc             ] GC(1635) Pause Young (Allocation Failure) 23M->14M(31M) 1.325ms
[2025-04-16T15:21:41.832+0000][2595.841s][info][gc,cpu         ] GC(1635) User=0.00s Sys=0.00s Real=0.00s
[2025-04-16T15:21:43.490+0000][2597.500s][info][gc,start       ] GC(1636) Pause Young (Allocation Failure)
[2025-04-16T15:21:43.492+0000][2597.501s][info][gc,heap        ] GC(1636) DefNew: 9163K(10176K)->75K(10176K) Eden: 9088K(9088K)->0K(9088K) From: 75K(1088K)->75K(1088K)
[2025-04-16T15:21:43.492+0000][2597.501s][info][gc,heap        ] GC(1636) Tenured: 15070K(22484K)->15070K(22484K)
[2025-04-16T15:21:43.492+0000][2597.501s][info][gc,metaspace   ] GC(1636) Metaspace: 37459K(37824K)->37459K(37824K) NonClass: 33032K(33216K)->33032K(33216K) Class: 4426K(4608K)->4426K(4608K)
[2025-04-16T15:21:43.492+0000][2597.501s][info][gc             ] GC(1636) Pause Young (Allocation Failure) 23M->14M(31M) 1.179ms
[2025-04-16T15:21:43.492+0000][2597.501s][info][gc,cpu         ] GC(1636) User=0.00s Sys=0.00s Real=0.00s
[2025-04-16T15:21:44.994+0000][2599.003s][info][gc,start       ] GC(1637) Pause Young (Allocation Failure)
[2025-04-16T15:21:44.996+0000][2599.005s][info][gc,heap        ] GC(1637) DefNew: 9163K(10176K)->94K(10176K) Eden: 9088K(9088K)->0K(9088K) From: 75K(1088K)->94K(1088K)
[2025-04-16T15:21:44.996+0000][2599.005s][info][gc,heap        ] GC(1637) Tenured: 15070K(22484K)->15070K(22484K)
[2025-04-16T15:21:44.996+0000][2599.005s][info][gc,metaspace   ] GC(1637) Metaspace: 37459K(37824K)->37459K(37824K) NonClass: 33032K(33216K)->33032K(33216K) Class: 4426K(4608K)->4426K(4608K)
[2025-04-16T15:21:44.996+0000][2599.005s][info][gc             ] GC(1637) Pause Young (Allocation Failure) 23M->14M(31M) 1.287ms
[2025-04-16T15:21:44.996+0000][2599.005s][info][gc,cpu         ] GC(1637) User=0.00s Sys=0.00s Real=0.00s
[2025-04-16T15:21:46.663+0000][2600.672s][info][gc,start       ] GC(1638) Pause Young (Allocation Failure)
[2025-04-16T15:21:46.665+0000][2600.674s][info][gc,heap        ] GC(1638) DefNew: 9182K(10176K)->90K(10176K) Eden: 9087K(9088K)->0K(9088K) From: 94K(1088K)->90K(1088K)
[2025-04-16T15:21:46.665+0000][2600.674s][info][gc,heap        ] GC(1638) Tenured: 15070K(22484K)->15070K(22484K)
[2025-04-16T15:21:46.665+0000][2600.674s][info][gc,metaspace   ] GC(1638) Metaspace: 37459K(37824K)->37459K(37824K) NonClass: 33032K(33216K)->33032K(33216K) Class: 4426K(4608K)->4426K(4608K)
[2025-04-16T15:21:46.665+0000][2600.674s][info][gc             ] GC(1638) Pause Young (Allocation Failure) 23M->14M(31M) 1.326ms
[2025-04-16T15:21:46.665+0000][2600.674s][info][gc,cpu         ] GC(1638) User=0.00s Sys=0.00s Real=0.01s
[2025-04-16T15:21:48.429+0000][2602.438s][info][gc,start       ] GC(1639) Pause Young (Allocation Failure)
[2025-04-16T15:21:48.431+0000][2602.440s][info][gc,heap        ] GC(1639) DefNew: 9164K(10176K)->80K(10176K) Eden: 9074K(9088K)->0K(9088K) From: 90K(1088K)->80K(1088K)
[2025-04-16T15:21:48.431+0000][2602.440s][info][gc,heap        ] GC(1639) Tenured: 15070K(22484K)->15070K(22484K)
[2025-04-16T15:21:48.431+0000][2602.440s][info][gc,metaspace   ] GC(1639) Metaspace: 37459K(37824K)->37459K(37824K) NonClass: 33032K(33216K)->33032K(33216K) Class: 4426K(4608K)->4426K(4608K)
[2025-04-16T15:21:48.431+0000][2602.440s][info][gc             ] GC(1639) Pause Young (Allocation Failure) 23M->14M(31M) 1.276ms
[2025-04-16T15:21:48.431+0000][2602.440s][info][gc,cpu         ] GC(1639) User=0.00s Sys=0.00s Real=0.00s
[2025-04-16T15:21:49.938+0000][2603.947s][info][gc,start       ] GC(1640) Pause Young (Allocation Failure)
[2025-04-16T15:21:49.939+0000][2603.948s][info][gc,heap        ] GC(1640) DefNew: 9168K(10176K)->91K(10176K) Eden: 9087K(9088K)->0K(9088K) From: 80K(1088K)->91K(1088K)
[2025-04-16T15:21:49.939+0000][2603.948s][info][gc,heap        ] GC(1640) Tenured: 15070K(22484K)->15070K(22484K)
[2025-04-16T15:21:49.939+0000][2603.948s][info][gc,metaspace   ] GC(1640) Metaspace: 37459K(37824K)->37459K(37824K) NonClass: 33032K(33216K)->33032K(33216K) Class: 4426K(4608K)->4426K(4608K)
[2025-04-16T15:21:49.939+0000][2603.948s][info][gc             ] GC(1640) Pause Young (Allocation Failure) 23M->14M(31M) 1.351ms
[2025-04-16T15:21:49.939+0000][2603.948s][info][gc,cpu         ] GC(1640) User=0.00s Sys=0.00s Real=0.00s
[2025-04-16T15:21:51.514+0000][2605.523s][info][gc,start       ] GC(1641) Pause Young (Allocation Failure)
[2025-04-16T15:21:51.515+0000][2605.524s][info][gc,heap        ] GC(1641) DefNew: 9179K(10176K)->96K(10176K) Eden: 9088K(9088K)->0K(9088K) From: 91K(1088K)->96K(1088K)
[2025-04-16T15:21:51.515+0000][2605.524s][info][gc,heap        ] GC(1641) Tenured: 15070K(22484K)->15070K(22484K)
[2025-04-16T15:21:51.515+0000][2605.524s][info][gc,metaspace   ] GC(1641) Metaspace: 37459K(37824K)->37459K(37824K) NonClass: 33032K(33216K)->33032K(33216K) Class: 4426K(4608K)->4426K(4608K)
[2025-04-16T15:21:51.515+0000][2605.524s][info][gc             ] GC(1641) Pause Young (Allocation Failure) 23M->14M(31M) 1.323ms
[2025-04-16T15:21:51.515+0000][2605.524s][info][gc,cpu         ] GC(1641) User=0.00s Sys=0.00s Real=0.01s
[2025-04-16T15:21:53.148+0000][2607.157s][info][gc,start       ] GC(1642) Pause Young (Allocation Failure)
[2025-04-16T15:21:53.149+0000][2607.158s][info][gc,heap        ] GC(1642) DefNew: 9184K(10176K)->78K(10176K) Eden: 9088K(9088K)->0K(9088K) From: 96K(1088K)->78K(1088K)
[2025-04-16T15:21:53.149+0000][2607.158s][info][gc,heap        ] GC(1642) Tenured: 15070K(22484K)->15070K(22484K)
[2025-04-16T15:21:53.149+0000][2607.158s][info][gc,metaspace   ] GC(1642) Metaspace: 37459K(37824K)->37459K(37824K) NonClass: 33032K(33216K)->33032K(33216K) Class: 4426K(4608K)->4426K(4608K)
[2025-04-16T15:21:53.149+0000][2607.158s][info][gc             ] GC(1642) Pause Young (Allocation Failure) 23M->14M(31M) 1.150ms
[2025-04-16T15:21:53.149+0000][2607.158s][info][gc,cpu         ] GC(1642) User=0.00s Sys=0.00s Real=0.00s
[2025-04-16T15:21:54.396+0000][2608.405s][info][gc,start       ] GC(1643) Pause Young (Allocation Failure)
[2025-04-16T15:21:54.397+0000][2608.407s][info][gc,heap        ] GC(1643) DefNew: 9152K(10176K)->81K(10176K) Eden: 9074K(9088K)->0K(9088K) From: 78K(1088K)->81K(1088K)
[2025-04-16T15:21:54.398+0000][2608.407s][info][gc,heap        ] GC(1643) Tenured: 15070K(22484K)->15070K(22484K)
[2025-04-16T15:21:54.398+0000][2608.407s][info][gc,metaspace   ] GC(1643) Metaspace: 37459K(37824K)->37459K(37824K) NonClass: 33032K(33216K)->33032K(33216K) Class: 4426K(4608K)->4426K(4608K)
[2025-04-16T15:21:54.398+0000][2608.407s][info][gc             ] GC(1643) Pause Young (Allocation Failure) 23M->14M(31M) 1.193ms
[2025-04-16T15:21:54.398+0000][2608.407s][info][gc,cpu         ] GC(1643) User=0.00s Sys=0.00s Real=0.00s
[2025-04-16T15:21:56.110+0000][2610.119s][info][gc,start       ] GC(1644) Pause Young (Allocation Failure)
[2025-04-16T15:21:56.111+0000][2610.120s][info][gc,heap        ] GC(1644) DefNew: 9169K(10176K)->81K(10176K) Eden: 9088K(9088K)->0K(9088K) From: 81K(1088K)->81K(1088K)
[2025-04-16T15:21:56.111+0000][2610.121s][info][gc,heap        ] GC(1644) Tenured: 15070K(22484K)->15070K(22484K)
[2025-04-16T15:21:56.111+0000][2610.121s][info][gc,metaspace   ] GC(1644) Metaspace: 37459K(37824K)->37459K(37824K) NonClass: 33032K(33216K)->33032K(33216K) Class: 4426K(4608K)->4426K(4608K)
[2025-04-16T15:21:56.112+0000][2610.121s][info][gc             ] GC(1644) Pause Young (Allocation Failure) 23M->14M(31M) 1.319ms
[2025-04-16T15:21:56.112+0000][2610.121s][info][gc,cpu         ] GC(1644) User=0.01s Sys=0.00s Real=0.00s
[2025-04-16T15:21:57.892+0000][2611.901s][info][gc,start       ] GC(1645) Pause Young (Allocation Failure)
[2025-04-16T15:21:57.893+0000][2611.902s][info][gc,heap        ] GC(1645) DefNew: 9169K(10176K)->73K(10176K) Eden: 9088K(9088K)->0K(9088K) From: 81K(1088K)->73K(1088K)
[2025-04-16T15:21:57.893+0000][2611.902s][info][gc,heap        ] GC(1645) Tenured: 15070K(22484K)->15073K(22484K)
[2025-04-16T15:21:57.893+0000][2611.902s][info][gc,metaspace   ] GC(1645) Metaspace: 37459K(37824K)->37459K(37824K) NonClass: 33032K(33216K)->33032K(33216K) Class: 4426K(4608K)->4426K(4608K)
[2025-04-16T15:21:57.893+0000][2611.902s][info][gc             ] GC(1645) Pause Young (Allocation Failure) 23M->14M(31M) 1.301ms
[2025-04-16T15:21:57.893+0000][2611.902s][info][gc,cpu         ] GC(1645) User=0.00s Sys=0.00s Real=0.00s
[2025-04-16T15:21:59.465+0000][2613.474s][info][gc,start       ] GC(1646) Pause Young (Allocation Failure)
[2025-04-16T15:21:59.466+0000][2613.475s][info][gc,heap        ] GC(1646) DefNew: 9161K(10176K)->88K(10176K) Eden: 9088K(9088K)->0K(9088K) From: 73K(1088K)->88K(1088K)
[2025-04-16T15:21:59.466+0000][2613.475s][info][gc,heap        ] GC(1646) Tenured: 15073K(22484K)->15073K(22484K)
[2025-04-16T15:21:59.466+0000][2613.475s][info][gc,metaspace   ] GC(1646) Metaspace: 37459K(37824K)->37459K(37824K) NonClass: 33032K(33216K)->33032K(33216K) Class: 4426K(4608K)->4426K(4608K)
[2025-04-16T15:21:59.466+0000][2613.476s][info][gc             ] GC(1646) Pause Young (Allocation Failure) 23M->14M(31M) 1.250ms
[2025-04-16T15:21:59.466+0000][2613.476s][info][gc,cpu         ] GC(1646) User=0.00s Sys=0.00s Real=0.00s
[2025-04-16T15:22:00.974+0000][2614.983s][info][gc,start       ] GC(1647) Pause Young (Allocation Failure)
[2025-04-16T15:22:00.975+0000][2614.984s][info][gc,heap        ] GC(1647) DefNew: 9173K(10176K)->83K(10176K) Eden: 9084K(9088K)->0K(9088K) From: 88K(1088K)->83K(1088K)
[2025-04-16T15:22:00.975+0000][2614.984s][info][gc,heap        ] GC(1647) Tenured: 15073K(22484K)->15073K(22484K)
[2025-04-16T15:22:00.975+0000][2614.984s][info][gc,metaspace   ] GC(1647) Metaspace: 37459K(37824K)->37459K(37824K) NonClass: 33032K(33216K)->33032K(33216K) Class: 4426K(4608K)->4426K(4608K)
[2025-04-16T15:22:00.975+0000][2614.984s][info][gc             ] GC(1647) Pause Young (Allocation Failure) 23M->14M(31M) 1.285ms
[2025-04-16T15:22:00.975+0000][2614.984s][info][gc,cpu         ] GC(1647) User=0.00s Sys=0.00s Real=0.01s
[2025-04-16T15:22:02.466+0000][2616.475s][info][gc,start       ] GC(1648) Pause Young (Allocation Failure)
[2025-04-16T15:22:02.467+0000][2616.476s][info][gc,heap        ] GC(1648) DefNew: 9171K(10176K)->95K(10176K) Eden: 9088K(9088K)->0K(9088K) From: 83K(1088K)->95K(1088K)
[2025-04-16T15:22:02.467+0000][2616.476s][info][gc,heap        ] GC(1648) Tenured: 15073K(22484K)->15073K(22484K)
[2025-04-16T15:22:02.467+0000][2616.476s][info][gc,metaspace   ] GC(1648) Metaspace: 37459K(37824K)->37459K(37824K) NonClass: 33032K(33216K)->33032K(33216K) Class: 4426K(4608K)->4426K(4608K)
[2025-04-16T15:22:02.467+0000][2616.476s][info][gc             ] GC(1648) Pause Young (Allocation Failure) 23M->14M(31M) 1.260ms
[2025-04-16T15:22:02.467+0000][2616.476s][info][gc,cpu         ] GC(1648) User=0.00s Sys=0.00s Real=0.00s
[2025-04-16T15:22:04.304+0000][2618.313s][info][gc,start       ] GC(1649) Pause Young (Allocation Failure)
[2025-04-16T15:22:04.305+0000][2618.314s][info][gc,heap        ] GC(1649) DefNew: 9183K(10176K)->101K(10176K) Eden: 9088K(9088K)->0K(9088K) From: 95K(1088K)->101K(1088K)
[2025-04-16T15:22:04.305+0000][2618.314s][info][gc,heap        ] GC(1649) Tenured: 15073K(22484K)->15073K(22484K)
[2025-04-16T15:22:04.305+0000][2618.314s][info][gc,metaspace   ] GC(1649) Metaspace: 37459K(37824K)->37459K(37824K) NonClass: 33032K(33216K)->33032K(33216K) Class: 4426K(4608K)->4426K(4608K)
[2025-04-16T15:22:04.305+0000][2618.314s][info][gc             ] GC(1649) Pause Young (Allocation Failure) 23M->14M(31M) 1.334ms
[2025-04-16T15:22:04.305+0000][2618.314s][info][gc,cpu         ] GC(1649) User=0.00s Sys=0.00s Real=0.01s
[2025-04-16T15:22:05.785+0000][2619.794s][info][gc,start       ] GC(1650) Pause Young (Allocation Failure)
[2025-04-16T15:22:05.786+0000][2619.795s][info][gc,heap        ] GC(1650) DefNew: 9189K(10176K)->85K(10176K) Eden: 9088K(9088K)->0K(9088K) From: 101K(1088K)->85K(1088K)
[2025-04-16T15:22:05.786+0000][2619.795s][info][gc,heap        ] GC(1650) Tenured: 15073K(22484K)->15073K(22484K)
[2025-04-16T15:22:05.786+0000][2619.795s][info][gc,metaspace   ] GC(1650) Metaspace: 37459K(37824K)->37459K(37824K) NonClass: 33032K(33216K)->33032K(33216K) Class: 4426K(4608K)->4426K(4608K)
[2025-04-16T15:22:05.786+0000][2619.795s][info][gc             ] GC(1650) Pause Young (Allocation Failure) 23M->14M(31M) 1.277ms
[2025-04-16T15:22:05.786+0000][2619.795s][info][gc,cpu         ] GC(1650) User=0.00s Sys=0.00s Real=0.00s
[2025-04-16T15:22:07.184+0000][2621.193s][info][gc,start       ] GC(1651) Pause Young (Allocation Failure)
[2025-04-16T15:22:07.185+0000][2621.194s][info][gc,heap        ] GC(1651) DefNew: 9173K(10176K)->86K(10176K) Eden: 9088K(9088K)->0K(9088K) From: 85K(1088K)->86K(1088K)
[2025-04-16T15:22:07.185+0000][2621.194s][info][gc,heap        ] GC(1651) Tenured: 15073K(22484K)->15074K(22484K)
[2025-04-16T15:22:07.185+0000][2621.194s][info][gc,metaspace   ] GC(1651) Metaspace: 37459K(37824K)->37459K(37824K) NonClass: 33032K(33216K)->33032K(33216K) Class: 4426K(4608K)->4426K(4608K)
[2025-04-16T15:22:07.185+0000][2621.194s][info][gc             ] GC(1651) Pause Young (Allocation Failure) 23M->14M(31M) 1.249ms
[2025-04-16T15:22:07.185+0000][2621.194s][info][gc,cpu         ] GC(1651) User=0.00s Sys=0.00s Real=0.00s
[2025-04-16T15:22:08.823+0000][2622.832s][info][gc,start       ] GC(1652) Pause Young (Allocation Failure)
[2025-04-16T15:22:08.825+0000][2622.834s][info][gc,heap        ] GC(1652) DefNew: 9174K(10176K)->95K(10176K) Eden: 9088K(9088K)->0K(9088K) From: 86K(1088K)->95K(1088K)
[2025-04-16T15:22:08.825+0000][2622.834s][info][gc,heap        ] GC(1652) Tenured: 15074K(22484K)->15075K(22484K)
[2025-04-16T15:22:08.825+0000][2622.834s][info][gc,metaspace   ] GC(1652) Metaspace: 37459K(37824K)->37459K(37824K) NonClass: 33032K(33216K)->33032K(33216K) Class: 4426K(4608K)->4426K(4608K)
[2025-04-16T15:22:08.825+0000][2622.834s][info][gc             ] GC(1652) Pause Young (Allocation Failure) 23M->14M(31M) 1.348ms
[2025-04-16T15:22:08.825+0000][2622.834s][info][gc,cpu         ] GC(1652) User=0.00s Sys=0.00s Real=0.01s
[2025-04-16T15:22:10.456+0000][2624.465s][info][gc,start       ] GC(1653) Pause Young (Allocation Failure)
[2025-04-16T15:22:10.457+0000][2624.466s][info][gc,heap        ] GC(1653) DefNew: 9183K(10176K)->103K(10176K) Eden: 9088K(9088K)->0K(9088K) From: 95K(1088K)->103K(1088K)
[2025-04-16T15:22:10.457+0000][2624.466s][info][gc,heap        ] GC(1653) Tenured: 15075K(22484K)->15075K(22484K)
[2025-04-16T15:22:10.457+0000][2624.466s][info][gc,metaspace   ] GC(1653) Metaspace: 37459K(37824K)->37459K(37824K) NonClass: 33032K(33216K)->33032K(33216K) Class: 4426K(4608K)->4426K(4608K)
[2025-04-16T15:22:10.457+0000][2624.466s][info][gc             ] GC(1653) Pause Young (Allocation Failure) 23M->14M(31M) 1.249ms
[2025-04-16T15:22:10.457+0000][2624.466s][info][gc,cpu         ] GC(1653) User=0.01s Sys=0.00s Real=0.00s
[2025-04-16T15:22:12.190+0000][2626.199s][info][gc,start       ] GC(1654) Pause Young (Allocation Failure)
[2025-04-16T15:22:12.191+0000][2626.200s][info][gc,heap        ] GC(1654) DefNew: 9191K(10176K)->104K(10176K) Eden: 9088K(9088K)->0K(9088K) From: 103K(1088K)->104K(1088K)
[2025-04-16T15:22:12.191+0000][2626.200s][info][gc,heap        ] GC(1654) Tenured: 15075K(22484K)->15075K(22484K)
[2025-04-16T15:22:12.191+0000][2626.200s][info][gc,metaspace   ] GC(1654) Metaspace: 37459K(37824K)->37459K(37824K) NonClass: 33032K(33216K)->33032K(33216K) Class: 4426K(4608K)->4426K(4608K)
[2025-04-16T15:22:12.191+0000][2626.200s][info][gc             ] GC(1654) Pause Young (Allocation Failure) 23M->14M(31M) 1.370ms
[2025-04-16T15:22:12.191+0000][2626.200s][info][gc,cpu         ] GC(1654) User=0.00s Sys=0.00s Real=0.00s
[2025-04-16T15:22:14.046+0000][2628.055s][info][gc,start       ] GC(1655) Pause Young (Allocation Failure)
[2025-04-16T15:22:14.047+0000][2628.056s][info][gc,heap        ] GC(1655) DefNew: 9192K(10176K)->101K(10176K) Eden: 9087K(9088K)->0K(9088K) From: 104K(1088K)->101K(1088K)
[2025-04-16T15:22:14.047+0000][2628.056s][info][gc,heap        ] GC(1655) Tenured: 15075K(22484K)->15076K(22484K)
[2025-04-16T15:22:14.047+0000][2628.056s][info][gc,metaspace   ] GC(1655) Metaspace: 37459K(37824K)->37459K(37824K) NonClass: 33032K(33216K)->33032K(33216K) Class: 4426K(4608K)->4426K(4608K)
[2025-04-16T15:22:14.047+0000][2628.056s][info][gc             ] GC(1655) Pause Young (Allocation Failure) 23M->14M(31M) 1.191ms
[2025-04-16T15:22:14.047+0000][2628.056s][info][gc,cpu         ] GC(1655) User=0.00s Sys=0.00s Real=0.00s
[2025-04-16T15:22:15.567+0000][2629.576s][info][gc,start       ] GC(1656) Pause Young (Allocation Failure)
[2025-04-16T15:22:15.568+0000][2629.577s][info][gc,heap        ] GC(1656) DefNew: 9189K(10176K)->83K(10176K) Eden: 9088K(9088K)->0K(9088K) From: 101K(1088K)->83K(1088K)
[2025-04-16T15:22:15.568+0000][2629.577s][info][gc,heap        ] GC(1656) Tenured: 15076K(22484K)->15076K(22484K)
[2025-04-16T15:22:15.568+0000][2629.577s][info][gc,metaspace   ] GC(1656) Metaspace: 37459K(37824K)->37459K(37824K) NonClass: 33032K(33216K)->33032K(33216K) Class: 4426K(4608K)->4426K(4608K)
[2025-04-16T15:22:15.568+0000][2629.577s][info][gc             ] GC(1656) Pause Young (Allocation Failure) 23M->14M(31M) 1.370ms
[2025-04-16T15:22:15.568+0000][2629.577s][info][gc,cpu         ] GC(1656) User=0.00s Sys=0.00s Real=0.00s
[2025-04-16T15:22:17.205+0000][2631.214s][info][gc,start       ] GC(1657) Pause Young (Allocation Failure)
[2025-04-16T15:22:17.207+0000][2631.216s][info][gc,heap        ] GC(1657) DefNew: 9171K(10176K)->88K(10176K) Eden: 9087K(9088K)->0K(9088K) From: 83K(1088K)->88K(1088K)
[2025-04-16T15:22:17.207+0000][2631.216s][info][gc,heap        ] GC(1657) Tenured: 15076K(22484K)->15076K(22484K)
[2025-04-16T15:22:17.207+0000][2631.216s][info][gc,metaspace   ] GC(1657) Metaspace: 37459K(37824K)->37459K(37824K) NonClass: 33032K(33216K)->33032K(33216K) Class: 4426K(4608K)->4426K(4608K)
[2025-04-16T15:22:17.207+0000][2631.216s][info][gc             ] GC(1657) Pause Young (Allocation Failure) 23M->14M(31M) 1.331ms
[2025-04-16T15:22:17.207+0000][2631.216s][info][gc,cpu         ] GC(1657) User=0.00s Sys=0.00s Real=0.00s
[2025-04-16T15:22:18.696+0000][2632.705s][info][gc,start       ] GC(1658) Pause Young (Allocation Failure)
[2025-04-16T15:22:18.697+0000][2632.706s][info][gc,heap        ] GC(1658) DefNew: 9176K(10176K)->95K(10176K) Eden: 9088K(9088K)->0K(9088K) From: 88K(1088K)->95K(1088K)
[2025-04-16T15:22:18.697+0000][2632.706s][info][gc,heap        ] GC(1658) Tenured: 15076K(22484K)->15076K(22484K)
[2025-04-16T15:22:18.697+0000][2632.706s][info][gc,metaspace   ] GC(1658) Metaspace: 37459K(37824K)->37459K(37824K) NonClass: 33032K(33216K)->33032K(33216K) Class: 4426K(4608K)->4426K(4608K)
[2025-04-16T15:22:18.697+0000][2632.707s][info][gc             ] GC(1658) Pause Young (Allocation Failure) 23M->14M(31M) 1.380ms
[2025-04-16T15:22:18.698+0000][2632.707s][info][gc,cpu         ] GC(1658) User=0.01s Sys=0.00s Real=0.00s
[2025-04-16T15:22:20.260+0000][2634.269s][info][gc,start       ] GC(1659) Pause Young (Allocation Failure)
[2025-04-16T15:22:20.261+0000][2634.270s][info][gc,heap        ] GC(1659) DefNew: 9183K(10176K)->101K(10176K) Eden: 9088K(9088K)->0K(9088K) From: 95K(1088K)->101K(1088K)
[2025-04-16T15:22:20.261+0000][2634.270s][info][gc,heap        ] GC(1659) Tenured: 15076K(22484K)->15079K(22484K)
[2025-04-16T15:22:20.261+0000][2634.270s][info][gc,metaspace   ] GC(1659) Metaspace: 37459K(37824K)->37459K(37824K) NonClass: 33032K(33216K)->33032K(33216K) Class: 4426K(4608K)->4426K(4608K)
[2025-04-16T15:22:20.261+0000][2634.270s][info][gc             ] GC(1659) Pause Young (Allocation Failure) 23M->14M(31M) 1.231ms
[2025-04-16T15:22:20.261+0000][2634.270s][info][gc,cpu         ] GC(1659) User=0.00s Sys=0.00s Real=0.00s
[2025-04-16T15:22:21.996+0000][2636.005s][info][gc,start       ] GC(1660) Pause Young (Allocation Failure)
[2025-04-16T15:22:21.998+0000][2636.007s][info][gc,heap        ] GC(1660) DefNew: 9189K(10176K)->102K(10176K) Eden: 9088K(9088K)->0K(9088K) From: 101K(1088K)->102K(1088K)
[2025-04-16T15:22:21.998+0000][2636.007s][info][gc,heap        ] GC(1660) Tenured: 15079K(22484K)->15079K(22484K)
[2025-04-16T15:22:21.998+0000][2636.007s][info][gc,metaspace   ] GC(1660) Metaspace: 37459K(37824K)->37459K(37824K) NonClass: 33032K(33216K)->33032K(33216K) Class: 4426K(4608K)->4426K(4608K)
[2025-04-16T15:22:21.998+0000][2636.007s][info][gc             ] GC(1660) Pause Young (Allocation Failure) 23M->14M(31M) 1.357ms
[2025-04-16T15:22:21.998+0000][2636.007s][info][gc,cpu         ] GC(1660) User=0.00s Sys=0.00s Real=0.00s
[2025-04-16T15:22:23.652+0000][2637.661s][info][gc,start       ] GC(1661) Pause Young (Allocation Failure)
[2025-04-16T15:22:23.653+0000][2637.662s][info][gc,heap        ] GC(1661) DefNew: 9190K(10176K)->84K(10176K) Eden: 9087K(9088K)->0K(9088K) From: 102K(1088K)->84K(1088K)
[2025-04-16T15:22:23.653+0000][2637.662s][info][gc,heap        ] GC(1661) Tenured: 15079K(22484K)->15081K(22484K)
[2025-04-16T15:22:23.653+0000][2637.662s][info][gc,metaspace   ] GC(1661) Metaspace: 37459K(37824K)->37459K(37824K) NonClass: 33032K(33216K)->33032K(33216K) Class: 4426K(4608K)->4426K(4608K)
[2025-04-16T15:22:23.653+0000][2637.662s][info][gc             ] GC(1661) Pause Young (Allocation Failure) 23M->14M(31M) 1.273ms
[2025-04-16T15:22:23.653+0000][2637.662s][info][gc,cpu         ] GC(1661) User=0.00s Sys=0.00s Real=0.00s
[2025-04-16T15:22:25.287+0000][2639.296s][info][gc,start       ] GC(1662) Pause Young (Allocation Failure)
[2025-04-16T15:22:25.288+0000][2639.297s][info][gc,heap        ] GC(1662) DefNew: 9172K(10176K)->84K(10176K) Eden: 9087K(9088K)->0K(9088K) From: 84K(1088K)->84K(1088K)
[2025-04-16T15:22:25.288+0000][2639.297s][info][gc,heap        ] GC(1662) Tenured: 15081K(22484K)->15081K(22484K)
[2025-04-16T15:22:25.288+0000][2639.297s][info][gc,metaspace   ] GC(1662) Metaspace: 37459K(37824K)->37459K(37824K) NonClass: 33032K(33216K)->33032K(33216K) Class: 4426K(4608K)->4426K(4608K)
[2025-04-16T15:22:25.288+0000][2639.297s][info][gc             ] GC(1662) Pause Young (Allocation Failure) 23M->14M(31M) 1.295ms
[2025-04-16T15:22:25.288+0000][2639.297s][info][gc,cpu         ] GC(1662) User=0.00s Sys=0.00s Real=0.00s
[2025-04-16T15:22:26.628+0000][2640.637s][info][gc,start       ] GC(1663) Pause Young (Allocation Failure)
[2025-04-16T15:22:26.629+0000][2640.638s][info][gc,heap        ] GC(1663) DefNew: 9163K(10176K)->87K(10176K) Eden: 9079K(9088K)->0K(9088K) From: 84K(1088K)->87K(1088K)
[2025-04-16T15:22:26.629+0000][2640.638s][info][gc,heap        ] GC(1663) Tenured: 15081K(22484K)->15083K(22484K)
[2025-04-16T15:22:26.629+0000][2640.638s][info][gc,metaspace   ] GC(1663) Metaspace: 37459K(37824K)->37459K(37824K) NonClass: 33032K(33216K)->33032K(33216K) Class: 4426K(4608K)->4426K(4608K)
[2025-04-16T15:22:26.629+0000][2640.638s][info][gc             ] GC(1663) Pause Young (Allocation Failure) 23M->14M(31M) 1.196ms
[2025-04-16T15:22:26.629+0000][2640.638s][info][gc,cpu         ] GC(1663) User=0.00s Sys=0.00s Real=0.00s
[2025-04-16T15:22:28.464+0000][2642.473s][info][gc,start       ] GC(1664) Pause Young (Allocation Failure)
[2025-04-16T15:22:28.465+0000][2642.474s][info][gc,heap        ] GC(1664) DefNew: 9175K(10176K)->91K(10176K) Eden: 9088K(9088K)->0K(9088K) From: 87K(1088K)->91K(1088K)
[2025-04-16T15:22:28.465+0000][2642.474s][info][gc,heap        ] GC(1664) Tenured: 15083K(22484K)->15086K(22484K)
[2025-04-16T15:22:28.465+0000][2642.474s][info][gc,metaspace   ] GC(1664) Metaspace: 37459K(37824K)->37459K(37824K) NonClass: 33032K(33216K)->33032K(33216K) Class: 4426K(4608K)->4426K(4608K)
[2025-04-16T15:22:28.465+0000][2642.474s][info][gc             ] GC(1664) Pause Young (Allocation Failure) 23M->14M(31M) 1.401ms
[2025-04-16T15:22:28.465+0000][2642.474s][info][gc,cpu         ] GC(1664) User=0.00s Sys=0.01s Real=0.01s
[2025-04-16T15:22:29.938+0000][2643.947s][info][gc,start       ] GC(1665) Pause Young (Allocation Failure)
[2025-04-16T15:22:29.940+0000][2643.949s][info][gc,heap        ] GC(1665) DefNew: 9179K(10176K)->97K(10176K) Eden: 9088K(9088K)->0K(9088K) From: 91K(1088K)->97K(1088K)
[2025-04-16T15:22:29.940+0000][2643.949s][info][gc,heap        ] GC(1665) Tenured: 15086K(22484K)->15088K(22484K)
[2025-04-16T15:22:29.940+0000][2643.949s][info][gc,metaspace   ] GC(1665) Metaspace: 37459K(37824K)->37459K(37824K) NonClass: 33032K(33216K)->33032K(33216K) Class: 4426K(4608K)->4426K(4608K)
[2025-04-16T15:22:29.940+0000][2643.949s][info][gc             ] GC(1665) Pause Young (Allocation Failure) 23M->14M(31M) 1.232ms
[2025-04-16T15:22:29.940+0000][2643.949s][info][gc,cpu         ] GC(1665) User=0.00s Sys=0.00s Real=0.00s
[2025-04-16T15:22:31.664+0000][2645.673s][info][gc,start       ] GC(1666) Pause Young (Allocation Failure)
[2025-04-16T15:22:31.665+0000][2645.674s][info][gc,heap        ] GC(1666) DefNew: 9185K(10176K)->85K(10176K) Eden: 9088K(9088K)->0K(9088K) From: 97K(1088K)->85K(1088K)
[2025-04-16T15:22:31.665+0000][2645.674s][info][gc,heap        ] GC(1666) Tenured: 15088K(22484K)->15088K(22484K)
[2025-04-16T15:22:31.665+0000][2645.674s][info][gc,metaspace   ] GC(1666) Metaspace: 37459K(37824K)->37459K(37824K) NonClass: 33032K(33216K)->33032K(33216K) Class: 4426K(4608K)->4426K(4608K)
[2025-04-16T15:22:31.665+0000][2645.674s][info][gc             ] GC(1666) Pause Young (Allocation Failure) 23M->14M(31M) 1.325ms
[2025-04-16T15:22:31.665+0000][2645.674s][info][gc,cpu         ] GC(1666) User=0.00s Sys=0.00s Real=0.01s
[2025-04-16T15:22:33.076+0000][2647.085s][info][gc,start       ] GC(1667) Pause Young (Allocation Failure)
[2025-04-16T15:22:33.077+0000][2647.086s][info][gc,heap        ] GC(1667) DefNew: 9173K(10176K)->82K(10176K) Eden: 9087K(9088K)->0K(9088K) From: 85K(1088K)->82K(1088K)
[2025-04-16T15:22:33.077+0000][2647.086s][info][gc,heap        ] GC(1667) Tenured: 15088K(22484K)->15089K(22484K)
[2025-04-16T15:22:33.077+0000][2647.086s][info][gc,metaspace   ] GC(1667) Metaspace: 37459K(37824K)->37459K(37824K) NonClass: 33032K(33216K)->33032K(33216K) Class: 4426K(4608K)->4426K(4608K)
[2025-04-16T15:22:33.077+0000][2647.086s][info][gc             ] GC(1667) Pause Young (Allocation Failure) 23M->14M(31M) 1.321ms
[2025-04-16T15:22:33.077+0000][2647.086s][info][gc,cpu         ] GC(1667) User=0.01s Sys=0.00s Real=0.00s
[2025-04-16T15:22:34.695+0000][2648.704s][info][gc,start       ] GC(1668) Pause Young (Allocation Failure)
[2025-04-16T15:22:34.697+0000][2648.706s][info][gc,heap        ] GC(1668) DefNew: 9170K(10176K)->82K(10176K) Eden: 9088K(9088K)->0K(9088K) From: 82K(1088K)->82K(1088K)
[2025-04-16T15:22:34.697+0000][2648.706s][info][gc,heap        ] GC(1668) Tenured: 15089K(22484K)->15090K(22484K)
[2025-04-16T15:22:34.697+0000][2648.706s][info][gc,metaspace   ] GC(1668) Metaspace: 37459K(37824K)->37459K(37824K) NonClass: 33032K(33216K)->33032K(33216K) Class: 4426K(4608K)->4426K(4608K)
[2025-04-16T15:22:34.697+0000][2648.706s][info][gc             ] GC(1668) Pause Young (Allocation Failure) 23M->14M(31M) 1.204ms
[2025-04-16T15:22:34.697+0000][2648.706s][info][gc,cpu         ] GC(1668) User=0.00s Sys=0.00s Real=0.00s
[2025-04-16T15:22:36.238+0000][2650.247s][info][gc,start       ] GC(1669) Pause Young (Allocation Failure)
[2025-04-16T15:22:36.239+0000][2650.248s][info][gc,heap        ] GC(1669) DefNew: 9170K(10176K)->85K(10176K) Eden: 9088K(9088K)->0K(9088K) From: 82K(1088K)->85K(1088K)
[2025-04-16T15:22:36.239+0000][2650.248s][info][gc,heap        ] GC(1669) Tenured: 15090K(22484K)->15090K(22484K)
[2025-04-16T15:22:36.239+0000][2650.248s][info][gc,metaspace   ] GC(1669) Metaspace: 37459K(37824K)->37459K(37824K) NonClass: 33032K(33216K)->33032K(33216K) Class: 4426K(4608K)->4426K(4608K)
[2025-04-16T15:22:36.239+0000][2650.248s][info][gc             ] GC(1669) Pause Young (Allocation Failure) 23M->14M(31M) 1.246ms
[2025-04-16T15:22:36.239+0000][2650.248s][info][gc,cpu         ] GC(1669) User=0.00s Sys=0.00s Real=0.00s
[2025-04-16T15:22:37.865+0000][2651.874s][info][gc,start       ] GC(1670) Pause Young (Allocation Failure)
[2025-04-16T15:22:37.867+0000][2651.876s][info][gc,heap        ] GC(1670) DefNew: 9173K(10176K)->97K(10176K) Eden: 9088K(9088K)->0K(9088K) From: 85K(1088K)->97K(1088K)
[2025-04-16T15:22:37.867+0000][2651.876s][info][gc,heap        ] GC(1670) Tenured: 15090K(22484K)->15090K(22484K)
[2025-04-16T15:22:37.867+0000][2651.876s][info][gc,metaspace   ] GC(1670) Metaspace: 37459K(37824K)->37459K(37824K) NonClass: 33032K(33216K)->33032K(33216K) Class: 4426K(4608K)->4426K(4608K)
[2025-04-16T15:22:37.867+0000][2651.876s][info][gc             ] GC(1670) Pause Young (Allocation Failure) 23M->14M(31M) 1.285ms
[2025-04-16T15:22:37.867+0000][2651.876s][info][gc,cpu         ] GC(1670) User=0.00s Sys=0.00s Real=0.00s
[2025-04-16T15:22:39.755+0000][2653.764s][info][gc,start       ] GC(1671) Pause Young (Allocation Failure)
[2025-04-16T15:22:39.756+0000][2653.765s][info][gc,heap        ] GC(1671) DefNew: 9181K(10176K)->89K(10176K) Eden: 9083K(9088K)->0K(9088K) From: 97K(1088K)->89K(1088K)
[2025-04-16T15:22:39.756+0000][2653.765s][info][gc,heap        ] GC(1671) Tenured: 15090K(22484K)->15090K(22484K)
[2025-04-16T15:22:39.756+0000][2653.765s][info][gc,metaspace   ] GC(1671) Metaspace: 37459K(37824K)->37459K(37824K) NonClass: 33032K(33216K)->33032K(33216K) Class: 4426K(4608K)->4426K(4608K)
[2025-04-16T15:22:39.756+0000][2653.765s][info][gc             ] GC(1671) Pause Young (Allocation Failure) 23M->14M(31M) 1.282ms
[2025-04-16T15:22:39.756+0000][2653.765s][info][gc,cpu         ] GC(1671) User=0.00s Sys=0.00s Real=0.00s
[2025-04-16T15:22:41.114+0000][2655.123s][info][gc,start       ] GC(1672) Pause Young (Allocation Failure)
[2025-04-16T15:22:41.115+0000][2655.124s][info][gc,heap        ] GC(1672) DefNew: 9177K(10176K)->69K(10176K) Eden: 9088K(9088K)->0K(9088K) From: 89K(1088K)->69K(1088K)
[2025-04-16T15:22:41.115+0000][2655.124s][info][gc,heap        ] GC(1672) Tenured: 15090K(22484K)->15093K(22484K)
[2025-04-16T15:22:41.115+0000][2655.124s][info][gc,metaspace   ] GC(1672) Metaspace: 37459K(37824K)->37459K(37824K) NonClass: 33032K(33216K)->33032K(33216K) Class: 4426K(4608K)->4426K(4608K)
[2025-04-16T15:22:41.115+0000][2655.124s][info][gc             ] GC(1672) Pause Young (Allocation Failure) 23M->14M(31M) 1.263ms
[2025-04-16T15:22:41.115+0000][2655.124s][info][gc,cpu         ] GC(1672) User=0.00s Sys=0.00s Real=0.01s
[2025-04-16T15:22:42.752+0000][2656.761s][info][gc,start       ] GC(1673) Pause Young (Allocation Failure)
[2025-04-16T15:22:42.754+0000][2656.763s][info][gc,heap        ] GC(1673) DefNew: 9156K(10176K)->80K(10176K) Eden: 9087K(9088K)->0K(9088K) From: 69K(1088K)->80K(1088K)
[2025-04-16T15:22:42.754+0000][2656.763s][info][gc,heap        ] GC(1673) Tenured: 15093K(22484K)->15093K(22484K)
[2025-04-16T15:22:42.754+0000][2656.763s][info][gc,metaspace   ] GC(1673) Metaspace: 37461K(37824K)->37461K(37824K) NonClass: 33035K(33216K)->33035K(33216K) Class: 4426K(4608K)->4426K(4608K)
[2025-04-16T15:22:42.754+0000][2656.763s][info][gc             ] GC(1673) Pause Young (Allocation Failure) 23M->14M(31M) 1.310ms
[2025-04-16T15:22:42.754+0000][2656.763s][info][gc,cpu         ] GC(1673) User=0.00s Sys=0.00s Real=0.00s
[2025-04-16T15:22:44.315+0000][2658.324s][info][gc,start       ] GC(1674) Pause Young (Allocation Failure)
[2025-04-16T15:22:44.317+0000][2658.326s][info][gc,heap        ] GC(1674) DefNew: 9168K(10176K)->80K(10176K) Eden: 9088K(9088K)->0K(9088K) From: 80K(1088K)->80K(1088K)
[2025-04-16T15:22:44.317+0000][2658.326s][info][gc,heap        ] GC(1674) Tenured: 15093K(22484K)->15093K(22484K)
[2025-04-16T15:22:44.317+0000][2658.326s][info][gc,metaspace   ] GC(1674) Metaspace: 37463K(37824K)->37463K(37824K) NonClass: 33036K(33216K)->33036K(33216K) Class: 4426K(4608K)->4426K(4608K)
[2025-04-16T15:22:44.317+0000][2658.326s][info][gc             ] GC(1674) Pause Young (Allocation Failure) 23M->14M(31M) 1.381ms
[2025-04-16T15:22:44.317+0000][2658.326s][info][gc,cpu         ] GC(1674) User=0.01s Sys=0.00s Real=0.00s
[2025-04-16T15:22:46.003+0000][2660.012s][info][gc,start       ] GC(1675) Pause Young (Allocation Failure)
[2025-04-16T15:22:46.004+0000][2660.013s][info][gc,heap        ] GC(1675) DefNew: 9161K(10176K)->86K(10176K) Eden: 9080K(9088K)->0K(9088K) From: 80K(1088K)->86K(1088K)
[2025-04-16T15:22:46.004+0000][2660.013s][info][gc,heap        ] GC(1675) Tenured: 15093K(22484K)->15094K(22484K)
[2025-04-16T15:22:46.004+0000][2660.013s][info][gc,metaspace   ] GC(1675) Metaspace: 37463K(37824K)->37463K(37824K) NonClass: 33036K(33216K)->33036K(33216K) Class: 4426K(4608K)->4426K(4608K)
[2025-04-16T15:22:46.004+0000][2660.013s][info][gc             ] GC(1675) Pause Young (Allocation Failure) 23M->14M(31M) 1.299ms
[2025-04-16T15:22:46.004+0000][2660.013s][info][gc,cpu         ] GC(1675) User=0.00s Sys=0.00s Real=0.00s
[2025-04-16T15:22:47.518+0000][2661.527s][info][gc,start       ] GC(1676) Pause Young (Allocation Failure)
[2025-04-16T15:22:47.519+0000][2661.528s][info][gc,heap        ] GC(1676) DefNew: 9174K(10176K)->68K(10176K) Eden: 9088K(9088K)->0K(9088K) From: 86K(1088K)->68K(1088K)
[2025-04-16T15:22:47.519+0000][2661.528s][info][gc,heap        ] GC(1676) Tenured: 15094K(22484K)->15094K(22484K)
[2025-04-16T15:22:47.519+0000][2661.528s][info][gc,metaspace   ] GC(1676) Metaspace: 37463K(37824K)->37463K(37824K) NonClass: 33036K(33216K)->33036K(33216K) Class: 4426K(4608K)->4426K(4608K)
[2025-04-16T15:22:47.519+0000][2661.528s][info][gc             ] GC(1676) Pause Young (Allocation Failure) 23M->14M(31M) 1.084ms
[2025-04-16T15:22:47.519+0000][2661.528s][info][gc,cpu         ] GC(1676) User=0.00s Sys=0.00s Real=0.00s
[2025-04-16T15:22:49.128+0000][2663.137s][info][gc,start       ] GC(1677) Pause Young (Allocation Failure)
[2025-04-16T15:22:49.129+0000][2663.138s][info][gc,heap        ] GC(1677) DefNew: 9156K(10176K)->80K(10176K) Eden: 9088K(9088K)->0K(9088K) From: 68K(1088K)->80K(1088K)
[2025-04-16T15:22:49.129+0000][2663.138s][info][gc,heap        ] GC(1677) Tenured: 15094K(22484K)->15095K(22484K)
[2025-04-16T15:22:49.129+0000][2663.138s][info][gc,metaspace   ] GC(1677) Metaspace: 37463K(37824K)->37463K(37824K) NonClass: 33036K(33216K)->33036K(33216K) Class: 4426K(4608K)->4426K(4608K)
[2025-04-16T15:22:49.129+0000][2663.138s][info][gc             ] GC(1677) Pause Young (Allocation Failure) 23M->14M(31M) 1.204ms
[2025-04-16T15:22:49.129+0000][2663.138s][info][gc,cpu         ] GC(1677) User=0.00s Sys=0.00s Real=0.00s
[2025-04-16T15:22:50.772+0000][2664.781s][info][gc,start       ] GC(1678) Pause Young (Allocation Failure)
[2025-04-16T15:22:50.773+0000][2664.782s][info][gc,heap        ] GC(1678) DefNew: 9168K(10176K)->83K(10176K) Eden: 9088K(9088K)->0K(9088K) From: 80K(1088K)->83K(1088K)
[2025-04-16T15:22:50.773+0000][2664.782s][info][gc,heap        ] GC(1678) Tenured: 15095K(22484K)->15095K(22484K)
[2025-04-16T15:22:50.773+0000][2664.782s][info][gc,metaspace   ] GC(1678) Metaspace: 37463K(37824K)->37463K(37824K) NonClass: 33036K(33216K)->33036K(33216K) Class: 4426K(4608K)->4426K(4608K)
[2025-04-16T15:22:50.773+0000][2664.782s][info][gc             ] GC(1678) Pause Young (Allocation Failure) 23M->14M(31M) 1.343ms
[2025-04-16T15:22:50.773+0000][2664.782s][info][gc,cpu         ] GC(1678) User=0.00s Sys=0.00s Real=0.00s
[2025-04-16T15:22:52.586+0000][2666.595s][info][gc,start       ] GC(1679) Pause Young (Allocation Failure)
[2025-04-16T15:22:52.587+0000][2666.596s][info][gc,heap        ] GC(1679) DefNew: 9171K(10176K)->100K(10176K) Eden: 9088K(9088K)->0K(9088K) From: 83K(1088K)->100K(1088K)
[2025-04-16T15:22:52.587+0000][2666.596s][info][gc,heap        ] GC(1679) Tenured: 15095K(22484K)->15095K(22484K)
[2025-04-16T15:22:52.587+0000][2666.596s][info][gc,metaspace   ] GC(1679) Metaspace: 37463K(37824K)->37463K(37824K) NonClass: 33036K(33216K)->33036K(33216K) Class: 4426K(4608K)->4426K(4608K)
[2025-04-16T15:22:52.587+0000][2666.596s][info][gc             ] GC(1679) Pause Young (Allocation Failure) 23M->14M(31M) 1.367ms
[2025-04-16T15:22:52.587+0000][2666.596s][info][gc,cpu         ] GC(1679) User=0.00s Sys=0.00s Real=0.00s
[2025-04-16T15:22:54.139+0000][2668.148s][info][gc,start       ] GC(1680) Pause Young (Allocation Failure)
[2025-04-16T15:22:54.141+0000][2668.150s][info][gc,heap        ] GC(1680) DefNew: 9188K(10176K)->100K(10176K) Eden: 9088K(9088K)->0K(9088K) From: 100K(1088K)->100K(1088K)
[2025-04-16T15:22:54.141+0000][2668.150s][info][gc,heap        ] GC(1680) Tenured: 15095K(22484K)->15096K(22484K)
[2025-04-16T15:22:54.141+0000][2668.150s][info][gc,metaspace   ] GC(1680) Metaspace: 37463K(37824K)->37463K(37824K) NonClass: 33036K(33216K)->33036K(33216K) Class: 4426K(4608K)->4426K(4608K)
[2025-04-16T15:22:54.141+0000][2668.150s][info][gc             ] GC(1680) Pause Young (Allocation Failure) 23M->14M(31M) 1.276ms
[2025-04-16T15:22:54.141+0000][2668.150s][info][gc,cpu         ] GC(1680) User=0.00s Sys=0.00s Real=0.00s
[2025-04-16T15:22:55.886+0000][2669.895s][info][gc,start       ] GC(1681) Pause Young (Allocation Failure)
[2025-04-16T15:22:55.887+0000][2669.896s][info][gc,heap        ] GC(1681) DefNew: 9188K(10176K)->85K(10176K) Eden: 9088K(9088K)->0K(9088K) From: 100K(1088K)->85K(1088K)
[2025-04-16T15:22:55.887+0000][2669.896s][info][gc,heap        ] GC(1681) Tenured: 15096K(22484K)->15096K(22484K)
[2025-04-16T15:22:55.887+0000][2669.896s][info][gc,metaspace   ] GC(1681) Metaspace: 37463K(37824K)->37463K(37824K) NonClass: 33036K(33216K)->33036K(33216K) Class: 4426K(4608K)->4426K(4608K)
[2025-04-16T15:22:55.887+0000][2669.896s][info][gc             ] GC(1681) Pause Young (Allocation Failure) 23M->14M(31M) 1.243ms
[2025-04-16T15:22:55.887+0000][2669.896s][info][gc,cpu         ] GC(1681) User=0.00s Sys=0.00s Real=0.00s
[2025-04-16T15:22:57.553+0000][2671.562s][info][gc,start       ] GC(1682) Pause Young (Allocation Failure)
[2025-04-16T15:22:57.554+0000][2671.563s][info][gc,heap        ] GC(1682) DefNew: 9173K(10176K)->86K(10176K) Eden: 9088K(9088K)->0K(9088K) From: 85K(1088K)->86K(1088K)
[2025-04-16T15:22:57.554+0000][2671.563s][info][gc,heap        ] GC(1682) Tenured: 15096K(22484K)->15098K(22484K)
[2025-04-16T15:22:57.554+0000][2671.563s][info][gc,metaspace   ] GC(1682) Metaspace: 37463K(37824K)->37463K(37824K) NonClass: 33036K(33216K)->33036K(33216K) Class: 4426K(4608K)->4426K(4608K)
[2025-04-16T15:22:57.554+0000][2671.563s][info][gc             ] GC(1682) Pause Young (Allocation Failure) 23M->14M(31M) 1.308ms
[2025-04-16T15:22:57.554+0000][2671.563s][info][gc,cpu         ] GC(1682) User=0.00s Sys=0.00s Real=0.00s
[2025-04-16T15:22:59.144+0000][2673.153s][info][gc,start       ] GC(1683) Pause Young (Allocation Failure)
[2025-04-16T15:22:59.145+0000][2673.154s][info][gc,heap        ] GC(1683) DefNew: 9174K(10176K)->85K(10176K) Eden: 9088K(9088K)->0K(9088K) From: 86K(1088K)->85K(1088K)
[2025-04-16T15:22:59.145+0000][2673.154s][info][gc,heap        ] GC(1683) Tenured: 15098K(22484K)->15098K(22484K)
[2025-04-16T15:22:59.145+0000][2673.154s][info][gc,metaspace   ] GC(1683) Metaspace: 37463K(37824K)->37463K(37824K) NonClass: 33036K(33216K)->33036K(33216K) Class: 4426K(4608K)->4426K(4608K)
[2025-04-16T15:22:59.145+0000][2673.154s][info][gc             ] GC(1683) Pause Young (Allocation Failure) 23M->14M(31M) 1.330ms
[2025-04-16T15:22:59.145+0000][2673.154s][info][gc,cpu         ] GC(1683) User=0.01s Sys=0.00s Real=0.01s
[2025-04-16T15:23:00.685+0000][2674.694s][info][gc,start       ] GC(1684) Pause Young (Allocation Failure)
[2025-04-16T15:23:00.686+0000][2674.695s][info][gc,heap        ] GC(1684) DefNew: 9173K(10176K)->101K(10176K) Eden: 9088K(9088K)->0K(9088K) From: 85K(1088K)->101K(1088K)
[2025-04-16T15:23:00.686+0000][2674.695s][info][gc,heap        ] GC(1684) Tenured: 15098K(22484K)->15099K(22484K)
[2025-04-16T15:23:00.686+0000][2674.696s][info][gc,metaspace   ] GC(1684) Metaspace: 37466K(37824K)->37466K(37824K) NonClass: 33039K(33216K)->33039K(33216K) Class: 4426K(4608K)->4426K(4608K)
[2025-04-16T15:23:00.687+0000][2674.696s][info][gc             ] GC(1684) Pause Young (Allocation Failure) 23M->14M(31M) 1.200ms
[2025-04-16T15:23:00.687+0000][2674.696s][info][gc,cpu         ] GC(1684) User=0.00s Sys=0.00s Real=0.00s
[2025-04-16T15:23:02.177+0000][2676.186s][info][gc,start       ] GC(1685) Pause Young (Allocation Failure)
[2025-04-16T15:23:02.178+0000][2676.187s][info][gc,heap        ] GC(1685) DefNew: 9187K(10176K)->92K(10176K) Eden: 9085K(9088K)->0K(9088K) From: 101K(1088K)->92K(1088K)
[2025-04-16T15:23:02.178+0000][2676.187s][info][gc,heap        ] GC(1685) Tenured: 15099K(22484K)->15100K(22484K)
[2025-04-16T15:23:02.178+0000][2676.187s][info][gc,metaspace   ] GC(1685) Metaspace: 37466K(37824K)->37466K(37824K) NonClass: 33039K(33216K)->33039K(33216K) Class: 4426K(4608K)->4426K(4608K)
[2025-04-16T15:23:02.178+0000][2676.187s][info][gc             ] GC(1685) Pause Young (Allocation Failure) 23M->14M(31M) 1.334ms
[2025-04-16T15:23:02.178+0000][2676.187s][info][gc,cpu         ] GC(1685) User=0.00s Sys=0.00s Real=0.00s
[2025-04-16T15:23:03.587+0000][2677.596s][info][gc,start       ] GC(1686) Pause Young (Allocation Failure)
[2025-04-16T15:23:03.588+0000][2677.597s][info][gc,heap        ] GC(1686) DefNew: 9179K(10176K)->104K(10176K) Eden: 9086K(9088K)->0K(9088K) From: 92K(1088K)->104K(1088K)
[2025-04-16T15:23:03.588+0000][2677.597s][info][gc,heap        ] GC(1686) Tenured: 15100K(22484K)->15100K(22484K)
[2025-04-16T15:23:03.588+0000][2677.597s][info][gc,metaspace   ] GC(1686) Metaspace: 37468K(37824K)->37468K(37824K) NonClass: 33041K(33216K)->33041K(33216K) Class: 4426K(4608K)->4426K(4608K)
[2025-04-16T15:23:03.588+0000][2677.597s][info][gc             ] GC(1686) Pause Young (Allocation Failure) 23M->14M(31M) 1.226ms
[2025-04-16T15:23:03.588+0000][2677.597s][info][gc,cpu         ] GC(1686) User=0.00s Sys=0.00s Real=0.00s
[2025-04-16T15:23:05.424+0000][2679.433s][info][gc,start       ] GC(1687) Pause Young (Allocation Failure)
[2025-04-16T15:23:05.425+0000][2679.434s][info][gc,heap        ] GC(1687) DefNew: 9192K(10176K)->87K(10176K) Eden: 9088K(9088K)->0K(9088K) From: 104K(1088K)->87K(1088K)
[2025-04-16T15:23:05.425+0000][2679.434s][info][gc,heap        ] GC(1687) Tenured: 15100K(22484K)->15100K(22484K)
[2025-04-16T15:23:05.425+0000][2679.434s][info][gc,metaspace   ] GC(1687) Metaspace: 37468K(37824K)->37468K(37824K) NonClass: 33041K(33216K)->33041K(33216K) Class: 4426K(4608K)->4426K(4608K)
[2025-04-16T15:23:05.425+0000][2679.434s][info][gc             ] GC(1687) Pause Young (Allocation Failure) 23M->14M(31M) 1.215ms
[2025-04-16T15:23:05.425+0000][2679.434s][info][gc,cpu         ] GC(1687) User=0.00s Sys=0.00s Real=0.00s
[2025-04-16T15:23:07.097+0000][2681.106s][info][gc,start       ] GC(1688) Pause Young (Allocation Failure)
[2025-04-16T15:23:07.099+0000][2681.108s][info][gc,heap        ] GC(1688) DefNew: 9175K(10176K)->100K(10176K) Eden: 9088K(9088K)->0K(9088K) From: 87K(1088K)->100K(1088K)
[2025-04-16T15:23:07.099+0000][2681.108s][info][gc,heap        ] GC(1688) Tenured: 15100K(22484K)->15100K(22484K)
[2025-04-16T15:23:07.099+0000][2681.108s][info][gc,metaspace   ] GC(1688) Metaspace: 37468K(37824K)->37468K(37824K) NonClass: 33041K(33216K)->33041K(33216K) Class: 4426K(4608K)->4426K(4608K)
[2025-04-16T15:23:07.099+0000][2681.108s][info][gc             ] GC(1688) Pause Young (Allocation Failure) 23M->14M(31M) 1.265ms
[2025-04-16T15:23:07.099+0000][2681.108s][info][gc,cpu         ] GC(1688) User=0.00s Sys=0.00s Real=0.00s
[2025-04-16T15:23:08.452+0000][2682.461s][info][gc,start       ] GC(1689) Pause Young (Allocation Failure)
[2025-04-16T15:23:08.453+0000][2682.462s][info][gc,heap        ] GC(1689) DefNew: 9188K(10176K)->105K(10176K) Eden: 9088K(9088K)->0K(9088K) From: 100K(1088K)->105K(1088K)
[2025-04-16T15:23:08.453+0000][2682.462s][info][gc,heap        ] GC(1689) Tenured: 15100K(22484K)->15100K(22484K)
[2025-04-16T15:23:08.453+0000][2682.462s][info][gc,metaspace   ] GC(1689) Metaspace: 37468K(37824K)->37468K(37824K) NonClass: 33041K(33216K)->33041K(33216K) Class: 4426K(4608K)->4426K(4608K)
[2025-04-16T15:23:08.453+0000][2682.462s][info][gc             ] GC(1689) Pause Young (Allocation Failure) 23M->14M(31M) 1.318ms
[2025-04-16T15:23:08.453+0000][2682.462s][info][gc,cpu         ] GC(1689) User=0.00s Sys=0.00s Real=0.00s
[2025-04-16T15:23:10.255+0000][2684.264s][info][gc,start       ] GC(1690) Pause Young (Allocation Failure)
[2025-04-16T15:23:10.256+0000][2684.265s][info][gc,heap        ] GC(1690) DefNew: 9193K(10176K)->88K(10176K) Eden: 9087K(9088K)->0K(9088K) From: 105K(1088K)->88K(1088K)
[2025-04-16T15:23:10.256+0000][2684.265s][info][gc,heap        ] GC(1690) Tenured: 15100K(22484K)->15101K(22484K)
[2025-04-16T15:23:10.256+0000][2684.265s][info][gc,metaspace   ] GC(1690) Metaspace: 37468K(37824K)->37468K(37824K) NonClass: 33041K(33216K)->33041K(33216K) Class: 4426K(4608K)->4426K(4608K)
[2025-04-16T15:23:10.256+0000][2684.265s][info][gc             ] GC(1690) Pause Young (Allocation Failure) 23M->14M(31M) 1.255ms
[2025-04-16T15:23:10.256+0000][2684.265s][info][gc,cpu         ] GC(1690) User=0.00s Sys=0.00s Real=0.00s
[2025-04-16T15:23:11.798+0000][2685.807s][info][gc,start       ] GC(1691) Pause Young (Allocation Failure)
[2025-04-16T15:23:11.799+0000][2685.808s][info][gc,heap        ] GC(1691) DefNew: 9161K(10176K)->91K(10176K) Eden: 9073K(9088K)->0K(9088K) From: 88K(1088K)->91K(1088K)
[2025-04-16T15:23:11.799+0000][2685.808s][info][gc,heap        ] GC(1691) Tenured: 15101K(22484K)->15101K(22484K)
[2025-04-16T15:23:11.799+0000][2685.808s][info][gc,metaspace   ] GC(1691) Metaspace: 37468K(37824K)->37468K(37824K) NonClass: 33041K(33216K)->33041K(33216K) Class: 4426K(4608K)->4426K(4608K)
[2025-04-16T15:23:11.799+0000][2685.808s][info][gc             ] GC(1691) Pause Young (Allocation Failure) 23M->14M(31M) 1.196ms
[2025-04-16T15:23:11.799+0000][2685.808s][info][gc,cpu         ] GC(1691) User=0.00s Sys=0.00s Real=0.00s
[2025-04-16T15:23:13.358+0000][2687.367s][info][gc,start       ] GC(1692) Pause Young (Allocation Failure)
[2025-04-16T15:23:13.359+0000][2687.368s][info][gc,heap        ] GC(1692) DefNew: 9179K(10176K)->95K(10176K) Eden: 9088K(9088K)->0K(9088K) From: 91K(1088K)->95K(1088K)
[2025-04-16T15:23:13.359+0000][2687.368s][info][gc,heap        ] GC(1692) Tenured: 15101K(22484K)->15103K(22484K)
[2025-04-16T15:23:13.359+0000][2687.368s][info][gc,metaspace   ] GC(1692) Metaspace: 37468K(37824K)->37468K(37824K) NonClass: 33041K(33216K)->33041K(33216K) Class: 4426K(4608K)->4426K(4608K)
[2025-04-16T15:23:13.359+0000][2687.368s][info][gc             ] GC(1692) Pause Young (Allocation Failure) 23M->14M(31M) 1.379ms
[2025-04-16T15:23:13.359+0000][2687.368s][info][gc,cpu         ] GC(1692) User=0.00s Sys=0.00s Real=0.00s
[2025-04-16T15:23:15.188+0000][2689.197s][info][gc,start       ] GC(1693) Pause Young (Allocation Failure)
[2025-04-16T15:23:15.189+0000][2689.198s][info][gc,heap        ] GC(1693) DefNew: 9183K(10176K)->84K(10176K) Eden: 9088K(9088K)->0K(9088K) From: 95K(1088K)->84K(1088K)
[2025-04-16T15:23:15.189+0000][2689.198s][info][gc,heap        ] GC(1693) Tenured: 15103K(22484K)->15104K(22484K)
[2025-04-16T15:23:15.189+0000][2689.198s][info][gc,metaspace   ] GC(1693) Metaspace: 37468K(37824K)->37468K(37824K) NonClass: 33041K(33216K)->33041K(33216K) Class: 4426K(4608K)->4426K(4608K)
[2025-04-16T15:23:15.189+0000][2689.198s][info][gc             ] GC(1693) Pause Young (Allocation Failure) 23M->14M(31M) 1.194ms
[2025-04-16T15:23:15.189+0000][2689.198s][info][gc,cpu         ] GC(1693) User=0.00s Sys=0.00s Real=0.00s
[2025-04-16T15:23:16.772+0000][2690.781s][info][gc,start       ] GC(1694) Pause Young (Allocation Failure)
[2025-04-16T15:23:16.774+0000][2690.783s][info][gc,heap        ] GC(1694) DefNew: 9172K(10176K)->99K(10176K) Eden: 9088K(9088K)->0K(9088K) From: 84K(1088K)->99K(1088K)
[2025-04-16T15:23:16.774+0000][2690.783s][info][gc,heap        ] GC(1694) Tenured: 15104K(22484K)->15107K(22484K)
[2025-04-16T15:23:16.774+0000][2690.783s][info][gc,metaspace   ] GC(1694) Metaspace: 37468K(37824K)->37468K(37824K) NonClass: 33041K(33216K)->33041K(33216K) Class: 4426K(4608K)->4426K(4608K)
[2025-04-16T15:23:16.774+0000][2690.783s][info][gc             ] GC(1694) Pause Young (Allocation Failure) 23M->14M(31M) 1.316ms
[2025-04-16T15:23:16.774+0000][2690.783s][info][gc,cpu         ] GC(1694) User=0.00s Sys=0.00s Real=0.00s
[2025-04-16T15:23:18.496+0000][2692.505s][info][gc,start       ] GC(1695) Pause Young (Allocation Failure)
[2025-04-16T15:23:18.497+0000][2692.506s][info][gc,heap        ] GC(1695) DefNew: 9187K(10176K)->83K(10176K) Eden: 9088K(9088K)->0K(9088K) From: 99K(1088K)->83K(1088K)
[2025-04-16T15:23:18.497+0000][2692.506s][info][gc,heap        ] GC(1695) Tenured: 15107K(22484K)->15109K(22484K)
[2025-04-16T15:23:18.497+0000][2692.506s][info][gc,metaspace   ] GC(1695) Metaspace: 37468K(37824K)->37468K(37824K) NonClass: 33041K(33216K)->33041K(33216K) Class: 4426K(4608K)->4426K(4608K)
[2025-04-16T15:23:18.497+0000][2692.506s][info][gc             ] GC(1695) Pause Young (Allocation Failure) 23M->14M(31M) 1.373ms
[2025-04-16T15:23:18.497+0000][2692.506s][info][gc,cpu         ] GC(1695) User=0.00s Sys=0.00s Real=0.00s
[2025-04-16T15:23:20.141+0000][2694.150s][info][gc,start       ] GC(1696) Pause Young (Allocation Failure)
[2025-04-16T15:23:20.142+0000][2694.151s][info][gc,heap        ] GC(1696) DefNew: 9171K(10176K)->85K(10176K) Eden: 9088K(9088K)->0K(9088K) From: 83K(1088K)->85K(1088K)
[2025-04-16T15:23:20.142+0000][2694.151s][info][gc,heap        ] GC(1696) Tenured: 15109K(22484K)->15110K(22484K)
[2025-04-16T15:23:20.142+0000][2694.151s][info][gc,metaspace   ] GC(1696) Metaspace: 37468K(37824K)->37468K(37824K) NonClass: 33041K(33216K)->33041K(33216K) Class: 4426K(4608K)->4426K(4608K)
[2025-04-16T15:23:20.142+0000][2694.151s][info][gc             ] GC(1696) Pause Young (Allocation Failure) 23M->14M(31M) 1.317ms
[2025-04-16T15:23:20.142+0000][2694.151s][info][gc,cpu         ] GC(1696) User=0.00s Sys=0.00s Real=0.00s
[2025-04-16T15:23:21.823+0000][2695.833s][info][gc,start       ] GC(1697) Pause Young (Allocation Failure)
[2025-04-16T15:23:21.825+0000][2695.834s][info][gc,heap        ] GC(1697) DefNew: 9173K(10176K)->85K(10176K) Eden: 9088K(9088K)->0K(9088K) From: 85K(1088K)->85K(1088K)
[2025-04-16T15:23:21.825+0000][2695.834s][info][gc,heap        ] GC(1697) Tenured: 15110K(22484K)->15111K(22484K)
[2025-04-16T15:23:21.825+0000][2695.834s][info][gc,metaspace   ] GC(1697) Metaspace: 37468K(37824K)->37468K(37824K) NonClass: 33041K(33216K)->33041K(33216K) Class: 4426K(4608K)->4426K(4608K)
[2025-04-16T15:23:21.825+0000][2695.834s][info][gc             ] GC(1697) Pause Young (Allocation Failure) 23M->14M(31M) 1.325ms
[2025-04-16T15:23:21.825+0000][2695.834s][info][gc,cpu         ] GC(1697) User=0.00s Sys=0.00s Real=0.01s
[2025-04-16T15:23:23.300+0000][2697.309s][info][gc,start       ] GC(1698) Pause Young (Allocation Failure)
[2025-04-16T15:23:23.301+0000][2697.310s][info][gc,heap        ] GC(1698) DefNew: 9173K(10176K)->77K(10176K) Eden: 9088K(9088K)->0K(9088K) From: 85K(1088K)->77K(1088K)
[2025-04-16T15:23:23.301+0000][2697.310s][info][gc,heap        ] GC(1698) Tenured: 15111K(22484K)->15111K(22484K)
[2025-04-16T15:23:23.301+0000][2697.310s][info][gc,metaspace   ] GC(1698) Metaspace: 37468K(37824K)->37468K(37824K) NonClass: 33041K(33216K)->33041K(33216K) Class: 4426K(4608K)->4426K(4608K)
[2025-04-16T15:23:23.301+0000][2697.310s][info][gc             ] GC(1698) Pause Young (Allocation Failure) 23M->14M(31M) 1.298ms
[2025-04-16T15:23:23.301+0000][2697.310s][info][gc,cpu         ] GC(1698) User=0.00s Sys=0.00s Real=0.00s
[2025-04-16T15:23:24.933+0000][2698.942s][info][gc,start       ] GC(1699) Pause Young (Allocation Failure)
[2025-04-16T15:23:24.935+0000][2698.944s][info][gc,heap        ] GC(1699) DefNew: 9165K(10176K)->98K(10176K) Eden: 9088K(9088K)->0K(9088K) From: 77K(1088K)->98K(1088K)
[2025-04-16T15:23:24.935+0000][2698.944s][info][gc,heap        ] GC(1699) Tenured: 15111K(22484K)->15112K(22484K)
[2025-04-16T15:23:24.935+0000][2698.944s][info][gc,metaspace   ] GC(1699) Metaspace: 37468K(37824K)->37468K(37824K) NonClass: 33041K(33216K)->33041K(33216K) Class: 4426K(4608K)->4426K(4608K)
[2025-04-16T15:23:24.935+0000][2698.944s][info][gc             ] GC(1699) Pause Young (Allocation Failure) 23M->14M(31M) 1.327ms
[2025-04-16T15:23:24.935+0000][2698.944s][info][gc,cpu         ] GC(1699) User=0.00s Sys=0.00s Real=0.01s
[2025-04-16T15:23:26.637+0000][2700.646s][info][gc,start       ] GC(1700) Pause Young (Allocation Failure)
[2025-04-16T15:23:26.638+0000][2700.647s][info][gc,heap        ] GC(1700) DefNew: 9178K(10176K)->88K(10176K) Eden: 9079K(9088K)->0K(9088K) From: 98K(1088K)->88K(1088K)
[2025-04-16T15:23:26.638+0000][2700.647s][info][gc,heap        ] GC(1700) Tenured: 15112K(22484K)->15112K(22484K)
[2025-04-16T15:23:26.638+0000][2700.647s][info][gc,metaspace   ] GC(1700) Metaspace: 37468K(37824K)->37468K(37824K) NonClass: 33041K(33216K)->33041K(33216K) Class: 4426K(4608K)->4426K(4608K)
[2025-04-16T15:23:26.638+0000][2700.647s][info][gc             ] GC(1700) Pause Young (Allocation Failure) 23M->14M(31M) 1.312ms
[2025-04-16T15:23:26.638+0000][2700.647s][info][gc,cpu         ] GC(1700) User=0.01s Sys=0.00s Real=0.00s
[2025-04-16T15:23:27.914+0000][2701.923s][info][gc,start       ] GC(1701) Pause Young (Allocation Failure)
[2025-04-16T15:23:27.915+0000][2701.924s][info][gc,heap        ] GC(1701) DefNew: 9176K(10176K)->83K(10176K) Eden: 9088K(9088K)->0K(9088K) From: 88K(1088K)->83K(1088K)
[2025-04-16T15:23:27.915+0000][2701.924s][info][gc,heap        ] GC(1701) Tenured: 15112K(22484K)->15114K(22484K)
[2025-04-16T15:23:27.915+0000][2701.924s][info][gc,metaspace   ] GC(1701) Metaspace: 37468K(37824K)->37468K(37824K) NonClass: 33041K(33216K)->33041K(33216K) Class: 4426K(4608K)->4426K(4608K)
[2025-04-16T15:23:27.915+0000][2701.924s][info][gc             ] GC(1701) Pause Young (Allocation Failure) 23M->14M(31M) 1.183ms
[2025-04-16T15:23:27.915+0000][2701.924s][info][gc,cpu         ] GC(1701) User=0.00s Sys=0.00s Real=0.01s
[2025-04-16T15:23:29.518+0000][2703.527s][info][gc,start       ] GC(1702) Pause Young (Allocation Failure)
[2025-04-16T15:23:29.519+0000][2703.528s][info][gc,heap        ] GC(1702) DefNew: 9171K(10176K)->78K(10176K) Eden: 9088K(9088K)->0K(9088K) From: 83K(1088K)->78K(1088K)
[2025-04-16T15:23:29.519+0000][2703.528s][info][gc,heap        ] GC(1702) Tenured: 15114K(22484K)->15115K(22484K)
[2025-04-16T15:23:29.519+0000][2703.528s][info][gc,metaspace   ] GC(1702) Metaspace: 37468K(37824K)->37468K(37824K) NonClass: 33041K(33216K)->33041K(33216K) Class: 4426K(4608K)->4426K(4608K)
[2025-04-16T15:23:29.519+0000][2703.528s][info][gc             ] GC(1702) Pause Young (Allocation Failure) 23M->14M(31M) 1.187ms
[2025-04-16T15:23:29.519+0000][2703.528s][info][gc,cpu         ] GC(1702) User=0.00s Sys=0.00s Real=0.00s
[2025-04-16T15:23:31.315+0000][2705.324s][info][gc,start       ] GC(1703) Pause Young (Allocation Failure)
[2025-04-16T15:23:31.316+0000][2705.326s][info][gc,heap        ] GC(1703) DefNew: 9166K(10176K)->79K(10176K) Eden: 9088K(9088K)->0K(9088K) From: 78K(1088K)->79K(1088K)
[2025-04-16T15:23:31.317+0000][2705.326s][info][gc,heap        ] GC(1703) Tenured: 15115K(22484K)->15116K(22484K)
[2025-04-16T15:23:31.317+0000][2705.326s][info][gc,metaspace   ] GC(1703) Metaspace: 37468K(37824K)->37468K(37824K) NonClass: 33041K(33216K)->33041K(33216K) Class: 4426K(4608K)->4426K(4608K)
[2025-04-16T15:23:31.317+0000][2705.326s][info][gc             ] GC(1703) Pause Young (Allocation Failure) 23M->14M(31M) 1.259ms
[2025-04-16T15:23:31.317+0000][2705.326s][info][gc,cpu         ] GC(1703) User=0.00s Sys=0.00s Real=0.00s
[2025-04-16T15:23:33.050+0000][2707.059s][info][gc,start       ] GC(1704) Pause Young (Allocation Failure)
[2025-04-16T15:23:33.051+0000][2707.060s][info][gc,heap        ] GC(1704) DefNew: 9167K(10176K)->92K(10176K) Eden: 9088K(9088K)->0K(9088K) From: 79K(1088K)->92K(1088K)
[2025-04-16T15:23:33.051+0000][2707.060s][info][gc,heap        ] GC(1704) Tenured: 15116K(22484K)->15118K(22484K)
[2025-04-16T15:23:33.051+0000][2707.060s][info][gc,metaspace   ] GC(1704) Metaspace: 37468K(37824K)->37468K(37824K) NonClass: 33041K(33216K)->33041K(33216K) Class: 4426K(4608K)->4426K(4608K)
[2025-04-16T15:23:33.051+0000][2707.060s][info][gc             ] GC(1704) Pause Young (Allocation Failure) 23M->14M(31M) 1.309ms
[2025-04-16T15:23:33.051+0000][2707.060s][info][gc,cpu         ] GC(1704) User=0.00s Sys=0.00s Real=0.00s
[2025-04-16T15:23:34.449+0000][2708.458s][info][gc,start       ] GC(1705) Pause Young (Allocation Failure)
[2025-04-16T15:23:34.450+0000][2708.459s][info][gc,heap        ] GC(1705) DefNew: 9180K(10176K)->94K(10176K) Eden: 9088K(9088K)->0K(9088K) From: 92K(1088K)->94K(1088K)
[2025-04-16T15:23:34.450+0000][2708.459s][info][gc,heap        ] GC(1705) Tenured: 15118K(22484K)->15118K(22484K)
[2025-04-16T15:23:34.450+0000][2708.459s][info][gc,metaspace   ] GC(1705) Metaspace: 37468K(37824K)->37468K(37824K) NonClass: 33041K(33216K)->33041K(33216K) Class: 4426K(4608K)->4426K(4608K)
[2025-04-16T15:23:34.450+0000][2708.459s][info][gc             ] GC(1705) Pause Young (Allocation Failure) 23M->14M(31M) 1.318ms
[2025-04-16T15:23:34.450+0000][2708.459s][info][gc,cpu         ] GC(1705) User=0.01s Sys=0.00s Real=0.00s
[2025-04-16T15:23:36.194+0000][2710.203s][info][gc,start       ] GC(1706) Pause Young (Allocation Failure)
[2025-04-16T15:23:36.195+0000][2710.204s][info][gc,heap        ] GC(1706) DefNew: 9182K(10176K)->81K(10176K) Eden: 9088K(9088K)->0K(9088K) From: 94K(1088K)->81K(1088K)
[2025-04-16T15:23:36.195+0000][2710.204s][info][gc,heap        ] GC(1706) Tenured: 15118K(22484K)->15118K(22484K)
[2025-04-16T15:23:36.195+0000][2710.204s][info][gc,metaspace   ] GC(1706) Metaspace: 37468K(37824K)->37468K(37824K) NonClass: 33041K(33216K)->33041K(33216K) Class: 4426K(4608K)->4426K(4608K)
[2025-04-16T15:23:36.195+0000][2710.204s][info][gc             ] GC(1706) Pause Young (Allocation Failure) 23M->14M(31M) 1.186ms
[2025-04-16T15:23:36.195+0000][2710.204s][info][gc,cpu         ] GC(1706) User=0.00s Sys=0.00s Real=0.01s
[2025-04-16T15:23:37.911+0000][2711.920s][info][gc,start       ] GC(1707) Pause Young (Allocation Failure)
[2025-04-16T15:23:37.912+0000][2711.921s][info][gc,heap        ] GC(1707) DefNew: 9169K(10176K)->75K(10176K) Eden: 9088K(9088K)->0K(9088K) From: 81K(1088K)->75K(1088K)
[2025-04-16T15:23:37.912+0000][2711.921s][info][gc,heap        ] GC(1707) Tenured: 15118K(22484K)->15119K(22484K)
[2025-04-16T15:23:37.912+0000][2711.921s][info][gc,metaspace   ] GC(1707) Metaspace: 37468K(37824K)->37468K(37824K) NonClass: 33041K(33216K)->33041K(33216K) Class: 4426K(4608K)->4426K(4608K)
[2025-04-16T15:23:37.912+0000][2711.921s][info][gc             ] GC(1707) Pause Young (Allocation Failure) 23M->14M(31M) 1.298ms
[2025-04-16T15:23:37.912+0000][2711.921s][info][gc,cpu         ] GC(1707) User=0.00s Sys=0.00s Real=0.00s
[2025-04-16T15:23:39.422+0000][2713.431s][info][gc,start       ] GC(1708) Pause Young (Allocation Failure)
[2025-04-16T15:23:39.423+0000][2713.432s][info][gc,heap        ] GC(1708) DefNew: 9163K(10176K)->74K(10176K) Eden: 9088K(9088K)->0K(9088K) From: 75K(1088K)->74K(1088K)
[2025-04-16T15:23:39.423+0000][2713.432s][info][gc,heap        ] GC(1708) Tenured: 15119K(22484K)->15119K(22484K)
[2025-04-16T15:23:39.423+0000][2713.432s][info][gc,metaspace   ] GC(1708) Metaspace: 37468K(37824K)->37468K(37824K) NonClass: 33041K(33216K)->33041K(33216K) Class: 4426K(4608K)->4426K(4608K)
[2025-04-16T15:23:39.423+0000][2713.432s][info][gc             ] GC(1708) Pause Young (Allocation Failure) 23M->14M(31M) 1.354ms
[2025-04-16T15:23:39.423+0000][2713.432s][info][gc,cpu         ] GC(1708) User=0.00s Sys=0.00s Real=0.00s
[2025-04-16T15:23:41.177+0000][2715.187s][info][gc,start       ] GC(1709) Pause Young (Allocation Failure)
[2025-04-16T15:23:41.179+0000][2715.188s][info][gc,heap        ] GC(1709) DefNew: 9162K(10176K)->92K(10176K) Eden: 9087K(9088K)->0K(9088K) From: 74K(1088K)->92K(1088K)
[2025-04-16T15:23:41.179+0000][2715.188s][info][gc,heap        ] GC(1709) Tenured: 15119K(22484K)->15119K(22484K)
[2025-04-16T15:23:41.179+0000][2715.188s][info][gc,metaspace   ] GC(1709) Metaspace: 37468K(37824K)->37468K(37824K) NonClass: 33041K(33216K)->33041K(33216K) Class: 4426K(4608K)->4426K(4608K)
[2025-04-16T15:23:41.179+0000][2715.188s][info][gc             ] GC(1709) Pause Young (Allocation Failure) 23M->14M(31M) 1.175ms
[2025-04-16T15:23:41.179+0000][2715.188s][info][gc,cpu         ] GC(1709) User=0.00s Sys=0.00s Real=0.00s
[2025-04-16T15:23:42.472+0000][2716.481s][info][gc,start       ] GC(1710) Pause Young (Allocation Failure)
[2025-04-16T15:23:42.474+0000][2716.483s][info][gc,heap        ] GC(1710) DefNew: 9180K(10176K)->91K(10176K) Eden: 9088K(9088K)->0K(9088K) From: 92K(1088K)->91K(1088K)
[2025-04-16T15:23:42.474+0000][2716.483s][info][gc,heap        ] GC(1710) Tenured: 15119K(22484K)->15120K(22484K)
[2025-04-16T15:23:42.474+0000][2716.483s][info][gc,metaspace   ] GC(1710) Metaspace: 37468K(37824K)->37468K(37824K) NonClass: 33041K(33216K)->33041K(33216K) Class: 4426K(4608K)->4426K(4608K)
[2025-04-16T15:23:42.474+0000][2716.483s][info][gc             ] GC(1710) Pause Young (Allocation Failure) 23M->14M(31M) 1.185ms
[2025-04-16T15:23:42.474+0000][2716.483s][info][gc,cpu         ] GC(1710) User=0.00s Sys=0.00s Real=0.00s
[2025-04-16T15:23:44.408+0000][2718.417s][info][gc,start       ] GC(1711) Pause Young (Allocation Failure)
[2025-04-16T15:23:44.409+0000][2718.418s][info][gc,heap        ] GC(1711) DefNew: 9179K(10176K)->84K(10176K) Eden: 9088K(9088K)->0K(9088K) From: 91K(1088K)->84K(1088K)
[2025-04-16T15:23:44.409+0000][2718.418s][info][gc,heap        ] GC(1711) Tenured: 15120K(22484K)->15120K(22484K)
[2025-04-16T15:23:44.409+0000][2718.418s][info][gc,metaspace   ] GC(1711) Metaspace: 37468K(37824K)->37468K(37824K) NonClass: 33041K(33216K)->33041K(33216K) Class: 4426K(4608K)->4426K(4608K)
[2025-04-16T15:23:44.409+0000][2718.418s][info][gc             ] GC(1711) Pause Young (Allocation Failure) 23M->14M(31M) 1.311ms
[2025-04-16T15:23:44.409+0000][2718.418s][info][gc,cpu         ] GC(1711) User=0.00s Sys=0.00s Real=0.00s
[2025-04-16T15:23:46.332+0000][2720.341s][info][gc,start       ] GC(1712) Pause Young (Allocation Failure)
[2025-04-16T15:23:46.333+0000][2720.342s][info][gc,heap        ] GC(1712) DefNew: 9172K(10176K)->72K(10176K) Eden: 9088K(9088K)->0K(9088K) From: 84K(1088K)->72K(1088K)
[2025-04-16T15:23:46.333+0000][2720.342s][info][gc,heap        ] GC(1712) Tenured: 15120K(22484K)->15121K(22484K)
[2025-04-16T15:23:46.333+0000][2720.343s][info][gc,metaspace   ] GC(1712) Metaspace: 37468K(37824K)->37468K(37824K) NonClass: 33041K(33216K)->33041K(33216K) Class: 4426K(4608K)->4426K(4608K)
[2025-04-16T15:23:46.334+0000][2720.343s][info][gc             ] GC(1712) Pause Young (Allocation Failure) 23M->14M(31M) 1.301ms
[2025-04-16T15:23:46.334+0000][2720.343s][info][gc,cpu         ] GC(1712) User=0.00s Sys=0.01s Real=0.00s
[2025-04-16T15:23:47.622+0000][2721.631s][info][gc,start       ] GC(1713) Pause Young (Allocation Failure)
[2025-04-16T15:23:47.624+0000][2721.633s][info][gc,heap        ] GC(1713) DefNew: 9160K(10176K)->89K(10176K) Eden: 9088K(9088K)->0K(9088K) From: 72K(1088K)->89K(1088K)
[2025-04-16T15:23:47.624+0000][2721.633s][info][gc,heap        ] GC(1713) Tenured: 15121K(22484K)->15121K(22484K)
[2025-04-16T15:23:47.624+0000][2721.633s][info][gc,metaspace   ] GC(1713) Metaspace: 37468K(37824K)->37468K(37824K) NonClass: 33041K(33216K)->33041K(33216K) Class: 4426K(4608K)->4426K(4608K)
[2025-04-16T15:23:47.624+0000][2721.633s][info][gc             ] GC(1713) Pause Young (Allocation Failure) 23M->14M(31M) 1.374ms
[2025-04-16T15:23:47.624+0000][2721.633s][info][gc,cpu         ] GC(1713) User=0.00s Sys=0.00s Real=0.00s
[2025-04-16T15:23:49.253+0000][2723.262s][info][gc,start       ] GC(1714) Pause Young (Allocation Failure)
[2025-04-16T15:23:49.254+0000][2723.263s][info][gc,heap        ] GC(1714) DefNew: 9177K(10176K)->75K(10176K) Eden: 9088K(9088K)->0K(9088K) From: 89K(1088K)->75K(1088K)
[2025-04-16T15:23:49.254+0000][2723.263s][info][gc,heap        ] GC(1714) Tenured: 15121K(22484K)->15121K(22484K)
[2025-04-16T15:23:49.254+0000][2723.264s][info][gc,metaspace   ] GC(1714) Metaspace: 37468K(37824K)->37468K(37824K) NonClass: 33041K(33216K)->33041K(33216K) Class: 4426K(4608K)->4426K(4608K)
[2025-04-16T15:23:49.255+0000][2723.264s][info][gc             ] GC(1714) Pause Young (Allocation Failure) 23M->14M(31M) 1.303ms
[2025-04-16T15:23:49.255+0000][2723.264s][info][gc,cpu         ] GC(1714) User=0.00s Sys=0.00s Real=0.01s
[2025-04-16T15:23:50.935+0000][2724.944s][info][gc,start       ] GC(1715) Pause Young (Allocation Failure)
[2025-04-16T15:23:50.937+0000][2724.946s][info][gc,heap        ] GC(1715) DefNew: 9163K(10176K)->92K(10176K) Eden: 9088K(9088K)->0K(9088K) From: 75K(1088K)->92K(1088K)
[2025-04-16T15:23:50.937+0000][2724.946s][info][gc,heap        ] GC(1715) Tenured: 15121K(22484K)->15121K(22484K)
[2025-04-16T15:23:50.937+0000][2724.946s][info][gc,metaspace   ] GC(1715) Metaspace: 37468K(37824K)->37468K(37824K) NonClass: 33041K(33216K)->33041K(33216K) Class: 4426K(4608K)->4426K(4608K)
[2025-04-16T15:23:50.937+0000][2724.946s][info][gc             ] GC(1715) Pause Young (Allocation Failure) 23M->14M(31M) 1.325ms
[2025-04-16T15:23:50.937+0000][2724.946s][info][gc,cpu         ] GC(1715) User=0.00s Sys=0.00s Real=0.00s
[2025-04-16T15:23:52.827+0000][2726.836s][info][gc,start       ] GC(1716) Pause Young (Allocation Failure)
[2025-04-16T15:23:52.828+0000][2726.837s][info][gc,heap        ] GC(1716) DefNew: 9180K(10176K)->93K(10176K) Eden: 9088K(9088K)->0K(9088K) From: 92K(1088K)->93K(1088K)
[2025-04-16T15:23:52.828+0000][2726.837s][info][gc,heap        ] GC(1716) Tenured: 15121K(22484K)->15121K(22484K)
[2025-04-16T15:23:52.828+0000][2726.837s][info][gc,metaspace   ] GC(1716) Metaspace: 37468K(37824K)->37468K(37824K) NonClass: 33041K(33216K)->33041K(33216K) Class: 4426K(4608K)->4426K(4608K)
[2025-04-16T15:23:52.828+0000][2726.837s][info][gc             ] GC(1716) Pause Young (Allocation Failure) 23M->14M(31M) 1.300ms
[2025-04-16T15:23:52.828+0000][2726.837s][info][gc,cpu         ] GC(1716) User=0.01s Sys=0.00s Real=0.00s
[2025-04-16T15:23:54.308+0000][2728.317s][info][gc,start       ] GC(1717) Pause Young (Allocation Failure)
[2025-04-16T15:23:54.309+0000][2728.318s][info][gc,heap        ] GC(1717) DefNew: 9181K(10176K)->74K(10176K) Eden: 9088K(9088K)->0K(9088K) From: 93K(1088K)->74K(1088K)
[2025-04-16T15:23:54.309+0000][2728.318s][info][gc,heap        ] GC(1717) Tenured: 15121K(22484K)->15121K(22484K)
[2025-04-16T15:23:54.309+0000][2728.318s][info][gc,metaspace   ] GC(1717) Metaspace: 37468K(37824K)->37468K(37824K) NonClass: 33041K(33216K)->33041K(33216K) Class: 4426K(4608K)->4426K(4608K)
[2025-04-16T15:23:54.309+0000][2728.318s][info][gc             ] GC(1717) Pause Young (Allocation Failure) 23M->14M(31M) 1.178ms
[2025-04-16T15:23:54.309+0000][2728.318s][info][gc,cpu         ] GC(1717) User=0.01s Sys=0.00s Real=0.00s
[2025-04-16T15:23:55.844+0000][2729.853s][info][gc,start       ] GC(1718) Pause Young (Allocation Failure)
[2025-04-16T15:23:55.846+0000][2729.855s][info][gc,heap        ] GC(1718) DefNew: 9162K(10176K)->76K(10176K) Eden: 9088K(9088K)->0K(9088K) From: 74K(1088K)->76K(1088K)
[2025-04-16T15:23:55.846+0000][2729.855s][info][gc,heap        ] GC(1718) Tenured: 15121K(22484K)->15121K(22484K)
[2025-04-16T15:23:55.846+0000][2729.855s][info][gc,metaspace   ] GC(1718) Metaspace: 37468K(37824K)->37468K(37824K) NonClass: 33041K(33216K)->33041K(33216K) Class: 4426K(4608K)->4426K(4608K)
[2025-04-16T15:23:55.846+0000][2729.855s][info][gc             ] GC(1718) Pause Young (Allocation Failure) 23M->14M(31M) 1.292ms
[2025-04-16T15:23:55.846+0000][2729.855s][info][gc,cpu         ] GC(1718) User=0.00s Sys=0.00s Real=0.00s
[2025-04-16T15:23:57.312+0000][2731.321s][info][gc,start       ] GC(1719) Pause Young (Allocation Failure)
[2025-04-16T15:23:57.313+0000][2731.322s][info][gc,heap        ] GC(1719) DefNew: 9164K(10176K)->71K(10176K) Eden: 9088K(9088K)->0K(9088K) From: 76K(1088K)->71K(1088K)
[2025-04-16T15:23:57.313+0000][2731.322s][info][gc,heap        ] GC(1719) Tenured: 15121K(22484K)->15123K(22484K)
[2025-04-16T15:23:57.313+0000][2731.322s][info][gc,metaspace   ] GC(1719) Metaspace: 37468K(37824K)->37468K(37824K) NonClass: 33041K(33216K)->33041K(33216K) Class: 4426K(4608K)->4426K(4608K)
[2025-04-16T15:23:57.313+0000][2731.322s][info][gc             ] GC(1719) Pause Young (Allocation Failure) 23M->14M(31M) 1.199ms
[2025-04-16T15:23:57.313+0000][2731.322s][info][gc,cpu         ] GC(1719) User=0.00s Sys=0.00s Real=0.00s
[2025-04-16T15:23:59.114+0000][2733.123s][info][gc,start       ] GC(1720) Pause Young (Allocation Failure)
[2025-04-16T15:23:59.116+0000][2733.125s][info][gc,heap        ] GC(1720) DefNew: 9159K(10176K)->93K(10176K) Eden: 9088K(9088K)->0K(9088K) From: 71K(1088K)->93K(1088K)
[2025-04-16T15:23:59.116+0000][2733.125s][info][gc,heap        ] GC(1720) Tenured: 15123K(22484K)->15123K(22484K)
[2025-04-16T15:23:59.116+0000][2733.125s][info][gc,metaspace   ] GC(1720) Metaspace: 37468K(37824K)->37468K(37824K) NonClass: 33041K(33216K)->33041K(33216K) Class: 4426K(4608K)->4426K(4608K)
[2025-04-16T15:23:59.116+0000][2733.125s][info][gc             ] GC(1720) Pause Young (Allocation Failure) 23M->14M(31M) 1.426ms
[2025-04-16T15:23:59.116+0000][2733.125s][info][gc,cpu         ] GC(1720) User=0.00s Sys=0.00s Real=0.00s
[2025-04-16T15:24:00.760+0000][2734.769s][info][gc,start       ] GC(1721) Pause Young (Allocation Failure)
[2025-04-16T15:24:00.761+0000][2734.770s][info][gc,heap        ] GC(1721) DefNew: 9181K(10176K)->93K(10176K) Eden: 9088K(9088K)->0K(9088K) From: 93K(1088K)->93K(1088K)
[2025-04-16T15:24:00.761+0000][2734.770s][info][gc,heap        ] GC(1721) Tenured: 15123K(22484K)->15123K(22484K)
[2025-04-16T15:24:00.761+0000][2734.770s][info][gc,metaspace   ] GC(1721) Metaspace: 37468K(37824K)->37468K(37824K) NonClass: 33041K(33216K)->33041K(33216K) Class: 4426K(4608K)->4426K(4608K)
[2025-04-16T15:24:00.761+0000][2734.770s][info][gc             ] GC(1721) Pause Young (Allocation Failure) 23M->14M(31M) 1.270ms
[2025-04-16T15:24:00.761+0000][2734.770s][info][gc,cpu         ] GC(1721) User=0.00s Sys=0.00s Real=0.00s
[2025-04-16T15:24:02.396+0000][2736.405s][info][gc,start       ] GC(1722) Pause Young (Allocation Failure)
[2025-04-16T15:24:02.397+0000][2736.406s][info][gc,heap        ] GC(1722) DefNew: 9181K(10176K)->81K(10176K) Eden: 9087K(9088K)->0K(9088K) From: 93K(1088K)->81K(1088K)
[2025-04-16T15:24:02.397+0000][2736.406s][info][gc,heap        ] GC(1722) Tenured: 15123K(22484K)->15123K(22484K)
[2025-04-16T15:24:02.397+0000][2736.406s][info][gc,metaspace   ] GC(1722) Metaspace: 37468K(37824K)->37468K(37824K) NonClass: 33041K(33216K)->33041K(33216K) Class: 4426K(4608K)->4426K(4608K)
[2025-04-16T15:24:02.397+0000][2736.406s][info][gc             ] GC(1722) Pause Young (Allocation Failure) 23M->14M(31M) 1.239ms
[2025-04-16T15:24:02.397+0000][2736.406s][info][gc,cpu         ] GC(1722) User=0.00s Sys=0.00s Real=0.00s
[2025-04-16T15:24:04.247+0000][2738.256s][info][gc,start       ] GC(1723) Pause Young (Allocation Failure)
[2025-04-16T15:24:04.248+0000][2738.257s][info][gc,heap        ] GC(1723) DefNew: 9169K(10176K)->79K(10176K) Eden: 9088K(9088K)->0K(9088K) From: 81K(1088K)->79K(1088K)
[2025-04-16T15:24:04.248+0000][2738.257s][info][gc,heap        ] GC(1723) Tenured: 15123K(22484K)->15123K(22484K)
[2025-04-16T15:24:04.248+0000][2738.257s][info][gc,metaspace   ] GC(1723) Metaspace: 37468K(37824K)->37468K(37824K) NonClass: 33041K(33216K)->33041K(33216K) Class: 4426K(4608K)->4426K(4608K)
[2025-04-16T15:24:04.248+0000][2738.257s][info][gc             ] GC(1723) Pause Young (Allocation Failure) 23M->14M(31M) 1.279ms
[2025-04-16T15:24:04.248+0000][2738.257s][info][gc,cpu         ] GC(1723) User=0.00s Sys=0.00s Real=0.00s
[2025-04-16T15:24:05.984+0000][2739.993s][info][gc,start       ] GC(1724) Pause Young (Allocation Failure)
[2025-04-16T15:24:05.986+0000][2739.995s][info][gc,heap        ] GC(1724) DefNew: 9167K(10176K)->88K(10176K) Eden: 9088K(9088K)->0K(9088K) From: 79K(1088K)->88K(1088K)
[2025-04-16T15:24:05.986+0000][2739.995s][info][gc,heap        ] GC(1724) Tenured: 15123K(22484K)->15123K(22484K)
[2025-04-16T15:24:05.986+0000][2739.995s][info][gc,metaspace   ] GC(1724) Metaspace: 37468K(37824K)->37468K(37824K) NonClass: 33041K(33216K)->33041K(33216K) Class: 4426K(4608K)->4426K(4608K)
[2025-04-16T15:24:05.986+0000][2739.995s][info][gc             ] GC(1724) Pause Young (Allocation Failure) 23M->14M(31M) 1.342ms
[2025-04-16T15:24:05.986+0000][2739.995s][info][gc,cpu         ] GC(1724) User=0.00s Sys=0.00s Real=0.00s
[2025-04-16T15:24:07.615+0000][2741.624s][info][gc,start       ] GC(1725) Pause Young (Allocation Failure)
[2025-04-16T15:24:07.616+0000][2741.625s][info][gc,heap        ] GC(1725) DefNew: 9176K(10176K)->97K(10176K) Eden: 9087K(9088K)->0K(9088K) From: 88K(1088K)->97K(1088K)
[2025-04-16T15:24:07.616+0000][2741.625s][info][gc,heap        ] GC(1725) Tenured: 15123K(22484K)->15123K(22484K)
[2025-04-16T15:24:07.616+0000][2741.625s][info][gc,metaspace   ] GC(1725) Metaspace: 37468K(37824K)->37468K(37824K) NonClass: 33041K(33216K)->33041K(33216K) Class: 4426K(4608K)->4426K(4608K)
[2025-04-16T15:24:07.616+0000][2741.625s][info][gc             ] GC(1725) Pause Young (Allocation Failure) 23M->14M(31M) 1.211ms
[2025-04-16T15:24:07.616+0000][2741.625s][info][gc,cpu         ] GC(1725) User=0.01s Sys=0.00s Real=0.00s
[2025-04-16T15:24:09.310+0000][2743.319s][info][gc,start       ] GC(1726) Pause Young (Allocation Failure)
[2025-04-16T15:24:09.311+0000][2743.320s][info][gc,heap        ] GC(1726) DefNew: 9185K(10176K)->94K(10176K) Eden: 9088K(9088K)->0K(9088K) From: 97K(1088K)->94K(1088K)
[2025-04-16T15:24:09.311+0000][2743.320s][info][gc,heap        ] GC(1726) Tenured: 15123K(22484K)->15123K(22484K)
[2025-04-16T15:24:09.311+0000][2743.320s][info][gc,metaspace   ] GC(1726) Metaspace: 37468K(37824K)->37468K(37824K) NonClass: 33041K(33216K)->33041K(33216K) Class: 4426K(4608K)->4426K(4608K)
[2025-04-16T15:24:09.311+0000][2743.320s][info][gc             ] GC(1726) Pause Young (Allocation Failure) 23M->14M(31M) 1.368ms
[2025-04-16T15:24:09.311+0000][2743.320s][info][gc,cpu         ] GC(1726) User=0.00s Sys=0.00s Real=0.00s
[2025-04-16T15:24:10.637+0000][2744.646s][info][gc,start       ] GC(1727) Pause Young (Allocation Failure)
[2025-04-16T15:24:10.638+0000][2744.647s][info][gc,heap        ] GC(1727) DefNew: 9182K(10176K)->83K(10176K) Eden: 9088K(9088K)->0K(9088K) From: 94K(1088K)->83K(1088K)
[2025-04-16T15:24:10.638+0000][2744.647s][info][gc,heap        ] GC(1727) Tenured: 15123K(22484K)->15123K(22484K)
[2025-04-16T15:24:10.638+0000][2744.647s][info][gc,metaspace   ] GC(1727) Metaspace: 37468K(37824K)->37468K(37824K) NonClass: 33041K(33216K)->33041K(33216K) Class: 4426K(4608K)->4426K(4608K)
[2025-04-16T15:24:10.638+0000][2744.647s][info][gc             ] GC(1727) Pause Young (Allocation Failure) 23M->14M(31M) 1.231ms
[2025-04-16T15:24:10.638+0000][2744.647s][info][gc,cpu         ] GC(1727) User=0.00s Sys=0.00s Real=0.00s
[2025-04-16T15:24:12.259+0000][2746.268s][info][gc,start       ] GC(1728) Pause Young (Allocation Failure)
[2025-04-16T15:24:12.260+0000][2746.269s][info][gc,heap        ] GC(1728) DefNew: 9171K(10176K)->72K(10176K) Eden: 9088K(9088K)->0K(9088K) From: 83K(1088K)->72K(1088K)
[2025-04-16T15:24:12.260+0000][2746.269s][info][gc,heap        ] GC(1728) Tenured: 15123K(22484K)->15124K(22484K)
[2025-04-16T15:24:12.260+0000][2746.269s][info][gc,metaspace   ] GC(1728) Metaspace: 37468K(37824K)->37468K(37824K) NonClass: 33041K(33216K)->33041K(33216K) Class: 4426K(4608K)->4426K(4608K)
[2025-04-16T15:24:12.260+0000][2746.269s][info][gc             ] GC(1728) Pause Young (Allocation Failure) 23M->14M(31M) 1.195ms
[2025-04-16T15:24:12.260+0000][2746.269s][info][gc,cpu         ] GC(1728) User=0.00s Sys=0.00s Real=0.00s
[2025-04-16T15:24:13.728+0000][2747.737s][info][gc,start       ] GC(1729) Pause Young (Allocation Failure)
[2025-04-16T15:24:13.729+0000][2747.738s][info][gc,heap        ] GC(1729) DefNew: 9160K(10176K)->74K(10176K) Eden: 9088K(9088K)->0K(9088K) From: 72K(1088K)->74K(1088K)
[2025-04-16T15:24:13.729+0000][2747.738s][info][gc,heap        ] GC(1729) Tenured: 15124K(22484K)->15124K(22484K)
[2025-04-16T15:24:13.729+0000][2747.738s][info][gc,metaspace   ] GC(1729) Metaspace: 37468K(37824K)->37468K(37824K) NonClass: 33041K(33216K)->33041K(33216K) Class: 4426K(4608K)->4426K(4608K)
[2025-04-16T15:24:13.729+0000][2747.738s][info][gc             ] GC(1729) Pause Young (Allocation Failure) 23M->14M(31M) 1.167ms
[2025-04-16T15:24:13.729+0000][2747.738s][info][gc,cpu         ] GC(1729) User=0.00s Sys=0.00s Real=0.00s
[2025-04-16T15:24:15.664+0000][2749.673s][info][gc,start       ] GC(1730) Pause Young (Allocation Failure)
[2025-04-16T15:24:15.665+0000][2749.674s][info][gc,heap        ] GC(1730) DefNew: 9162K(10176K)->76K(10176K) Eden: 9088K(9088K)->0K(9088K) From: 74K(1088K)->76K(1088K)
[2025-04-16T15:24:15.665+0000][2749.674s][info][gc,heap        ] GC(1730) Tenured: 15124K(22484K)->15125K(22484K)
[2025-04-16T15:24:15.665+0000][2749.674s][info][gc,metaspace   ] GC(1730) Metaspace: 37468K(37824K)->37468K(37824K) NonClass: 33041K(33216K)->33041K(33216K) Class: 4426K(4608K)->4426K(4608K)
[2025-04-16T15:24:15.665+0000][2749.674s][info][gc             ] GC(1730) Pause Young (Allocation Failure) 23M->14M(31M) 1.379ms
[2025-04-16T15:24:15.665+0000][2749.674s][info][gc,cpu         ] GC(1730) User=0.00s Sys=0.00s Real=0.01s
[2025-04-16T15:24:17.158+0000][2751.167s][info][gc,start       ] GC(1731) Pause Young (Allocation Failure)
[2025-04-16T15:24:17.159+0000][2751.168s][info][gc,heap        ] GC(1731) DefNew: 9164K(10176K)->90K(10176K) Eden: 9088K(9088K)->0K(9088K) From: 76K(1088K)->90K(1088K)
[2025-04-16T15:24:17.159+0000][2751.168s][info][gc,heap        ] GC(1731) Tenured: 15125K(22484K)->15125K(22484K)
[2025-04-16T15:24:17.159+0000][2751.168s][info][gc,metaspace   ] GC(1731) Metaspace: 37468K(37824K)->37468K(37824K) NonClass: 33041K(33216K)->33041K(33216K) Class: 4426K(4608K)->4426K(4608K)
[2025-04-16T15:24:17.159+0000][2751.168s][info][gc             ] GC(1731) Pause Young (Allocation Failure) 23M->14M(31M) 1.301ms
[2025-04-16T15:24:17.159+0000][2751.168s][info][gc,cpu         ] GC(1731) User=0.00s Sys=0.00s Real=0.00s
[2025-04-16T15:24:18.892+0000][2752.901s][info][gc,start       ] GC(1732) Pause Young (Allocation Failure)
[2025-04-16T15:24:18.893+0000][2752.902s][info][gc,heap        ] GC(1732) DefNew: 9178K(10176K)->86K(10176K) Eden: 9088K(9088K)->0K(9088K) From: 90K(1088K)->86K(1088K)
[2025-04-16T15:24:18.893+0000][2752.902s][info][gc,heap        ] GC(1732) Tenured: 15125K(22484K)->15125K(22484K)
[2025-04-16T15:24:18.893+0000][2752.902s][info][gc,metaspace   ] GC(1732) Metaspace: 37468K(37824K)->37468K(37824K) NonClass: 33041K(33216K)->33041K(33216K) Class: 4426K(4608K)->4426K(4608K)
[2025-04-16T15:24:18.893+0000][2752.902s][info][gc             ] GC(1732) Pause Young (Allocation Failure) 23M->14M(31M) 1.228ms
[2025-04-16T15:24:18.893+0000][2752.902s][info][gc,cpu         ] GC(1732) User=0.00s Sys=0.00s Real=0.00s
[2025-04-16T15:24:20.628+0000][2754.637s][info][gc,start       ] GC(1733) Pause Young (Allocation Failure)
[2025-04-16T15:24:20.630+0000][2754.639s][info][gc,heap        ] GC(1733) DefNew: 9162K(10176K)->77K(10176K) Eden: 9075K(9088K)->0K(9088K) From: 86K(1088K)->77K(1088K)
[2025-04-16T15:24:20.630+0000][2754.639s][info][gc,heap        ] GC(1733) Tenured: 15125K(22484K)->15125K(22484K)
[2025-04-16T15:24:20.630+0000][2754.639s][info][gc,metaspace   ] GC(1733) Metaspace: 37468K(37824K)->37468K(37824K) NonClass: 33041K(33216K)->33041K(33216K) Class: 4426K(4608K)->4426K(4608K)
[2025-04-16T15:24:20.630+0000][2754.639s][info][gc             ] GC(1733) Pause Young (Allocation Failure) 23M->14M(31M) 1.285ms
[2025-04-16T15:24:20.630+0000][2754.639s][info][gc,cpu         ] GC(1733) User=0.00s Sys=0.00s Real=0.00s
[2025-04-16T15:24:22.164+0000][2756.174s][info][gc,start       ] GC(1734) Pause Young (Allocation Failure)
[2025-04-16T15:24:22.166+0000][2756.175s][info][gc,heap        ] GC(1734) DefNew: 9165K(10176K)->79K(10176K) Eden: 9088K(9088K)->0K(9088K) From: 77K(1088K)->79K(1088K)
[2025-04-16T15:24:22.166+0000][2756.175s][info][gc,heap        ] GC(1734) Tenured: 15125K(22484K)->15125K(22484K)
[2025-04-16T15:24:22.166+0000][2756.175s][info][gc,metaspace   ] GC(1734) Metaspace: 37468K(37824K)->37468K(37824K) NonClass: 33041K(33216K)->33041K(33216K) Class: 4426K(4608K)->4426K(4608K)
[2025-04-16T15:24:22.166+0000][2756.175s][info][gc             ] GC(1734) Pause Young (Allocation Failure) 23M->14M(31M) 1.226ms
[2025-04-16T15:24:22.166+0000][2756.175s][info][gc,cpu         ] GC(1734) User=0.00s Sys=0.00s Real=0.00s
[2025-04-16T15:24:23.904+0000][2757.913s][info][gc,start       ] GC(1735) Pause Young (Allocation Failure)
[2025-04-16T15:24:23.906+0000][2757.915s][info][gc,heap        ] GC(1735) DefNew: 9167K(10176K)->97K(10176K) Eden: 9088K(9088K)->0K(9088K) From: 79K(1088K)->97K(1088K)
[2025-04-16T15:24:23.906+0000][2757.915s][info][gc,heap        ] GC(1735) Tenured: 15125K(22484K)->15126K(22484K)
[2025-04-16T15:24:23.906+0000][2757.915s][info][gc,metaspace   ] GC(1735) Metaspace: 37468K(37824K)->37468K(37824K) NonClass: 33041K(33216K)->33041K(33216K) Class: 4426K(4608K)->4426K(4608K)
[2025-04-16T15:24:23.906+0000][2757.915s][info][gc             ] GC(1735) Pause Young (Allocation Failure) 23M->14M(31M) 1.350ms
[2025-04-16T15:24:23.906+0000][2757.915s][info][gc,cpu         ] GC(1735) User=0.00s Sys=0.00s Real=0.00s
[2025-04-16T15:24:25.707+0000][2759.716s][info][gc,start       ] GC(1736) Pause Young (Allocation Failure)
[2025-04-16T15:24:25.708+0000][2759.717s][info][gc,heap        ] GC(1736) DefNew: 9185K(10176K)->90K(10176K) Eden: 9088K(9088K)->0K(9088K) From: 97K(1088K)->90K(1088K)
[2025-04-16T15:24:25.708+0000][2759.717s][info][gc,heap        ] GC(1736) Tenured: 15126K(22484K)->15126K(22484K)
[2025-04-16T15:24:25.708+0000][2759.717s][info][gc,metaspace   ] GC(1736) Metaspace: 37468K(37824K)->37468K(37824K) NonClass: 33041K(33216K)->33041K(33216K) Class: 4426K(4608K)->4426K(4608K)
[2025-04-16T15:24:25.708+0000][2759.717s][info][gc             ] GC(1736) Pause Young (Allocation Failure) 23M->14M(31M) 1.218ms
[2025-04-16T15:24:25.708+0000][2759.717s][info][gc,cpu         ] GC(1736) User=0.00s Sys=0.00s Real=0.00s
[2025-04-16T15:24:27.187+0000][2761.196s][info][gc,start       ] GC(1737) Pause Young (Allocation Failure)
[2025-04-16T15:24:27.188+0000][2761.198s][info][gc,heap        ] GC(1737) DefNew: 9178K(10176K)->71K(10176K) Eden: 9088K(9088K)->0K(9088K) From: 90K(1088K)->71K(1088K)
[2025-04-16T15:24:27.189+0000][2761.198s][info][gc,heap        ] GC(1737) Tenured: 15126K(22484K)->15126K(22484K)
[2025-04-16T15:24:27.189+0000][2761.198s][info][gc,metaspace   ] GC(1737) Metaspace: 37468K(37824K)->37468K(37824K) NonClass: 33041K(33216K)->33041K(33216K) Class: 4426K(4608K)->4426K(4608K)
[2025-04-16T15:24:27.189+0000][2761.198s][info][gc             ] GC(1737) Pause Young (Allocation Failure) 23M->14M(31M) 1.302ms
[2025-04-16T15:24:27.189+0000][2761.198s][info][gc,cpu         ] GC(1737) User=0.00s Sys=0.00s Real=0.00s
[2025-04-16T15:24:28.900+0000][2762.909s][info][gc,start       ] GC(1738) Pause Young (Allocation Failure)
[2025-04-16T15:24:28.901+0000][2762.910s][info][gc,heap        ] GC(1738) DefNew: 9158K(10176K)->78K(10176K) Eden: 9086K(9088K)->0K(9088K) From: 71K(1088K)->78K(1088K)
[2025-04-16T15:24:28.901+0000][2762.910s][info][gc,heap        ] GC(1738) Tenured: 15126K(22484K)->15126K(22484K)
[2025-04-16T15:24:28.901+0000][2762.910s][info][gc,metaspace   ] GC(1738) Metaspace: 37468K(37824K)->37468K(37824K) NonClass: 33041K(33216K)->33041K(33216K) Class: 4426K(4608K)->4426K(4608K)
[2025-04-16T15:24:28.901+0000][2762.910s][info][gc             ] GC(1738) Pause Young (Allocation Failure) 23M->14M(31M) 1.360ms
[2025-04-16T15:24:28.901+0000][2762.910s][info][gc,cpu         ] GC(1738) User=0.00s Sys=0.00s Real=0.00s
[2025-04-16T15:24:30.439+0000][2764.448s][info][gc,start       ] GC(1739) Pause Young (Allocation Failure)
[2025-04-16T15:24:30.440+0000][2764.449s][info][gc,heap        ] GC(1739) DefNew: 9166K(10176K)->76K(10176K) Eden: 9087K(9088K)->0K(9088K) From: 78K(1088K)->76K(1088K)
[2025-04-16T15:24:30.440+0000][2764.449s][info][gc,heap        ] GC(1739) Tenured: 15126K(22484K)->15126K(22484K)
[2025-04-16T15:24:30.440+0000][2764.449s][info][gc,metaspace   ] GC(1739) Metaspace: 37468K(37824K)->37468K(37824K) NonClass: 33041K(33216K)->33041K(33216K) Class: 4426K(4608K)->4426K(4608K)
[2025-04-16T15:24:30.440+0000][2764.449s][info][gc             ] GC(1739) Pause Young (Allocation Failure) 23M->14M(31M) 1.197ms
[2025-04-16T15:24:30.440+0000][2764.449s][info][gc,cpu         ] GC(1739) User=0.00s Sys=0.00s Real=0.00s
[2025-04-16T15:24:32.030+0000][2766.039s][info][gc,start       ] GC(1740) Pause Young (Allocation Failure)
[2025-04-16T15:24:32.031+0000][2766.040s][info][gc,heap        ] GC(1740) DefNew: 9164K(10176K)->78K(10176K) Eden: 9088K(9088K)->0K(9088K) From: 76K(1088K)->78K(1088K)
[2025-04-16T15:24:32.031+0000][2766.040s][info][gc,heap        ] GC(1740) Tenured: 15126K(22484K)->15126K(22484K)
[2025-04-16T15:24:32.031+0000][2766.040s][info][gc,metaspace   ] GC(1740) Metaspace: 37468K(37824K)->37468K(37824K) NonClass: 33041K(33216K)->33041K(33216K) Class: 4426K(4608K)->4426K(4608K)
[2025-04-16T15:24:32.031+0000][2766.040s][info][gc             ] GC(1740) Pause Young (Allocation Failure) 23M->14M(31M) 1.338ms
[2025-04-16T15:24:32.031+0000][2766.040s][info][gc,cpu         ] GC(1740) User=0.00s Sys=0.00s Real=0.00s
[2025-04-16T15:24:33.616+0000][2767.625s][info][gc,start       ] GC(1741) Pause Young (Allocation Failure)
[2025-04-16T15:24:33.618+0000][2767.627s][info][gc,heap        ] GC(1741) DefNew: 9166K(10176K)->76K(10176K) Eden: 9087K(9088K)->0K(9088K) From: 78K(1088K)->76K(1088K)
[2025-04-16T15:24:33.618+0000][2767.627s][info][gc,heap        ] GC(1741) Tenured: 15126K(22484K)->15126K(22484K)
[2025-04-16T15:24:33.618+0000][2767.627s][info][gc,metaspace   ] GC(1741) Metaspace: 37468K(37824K)->37468K(37824K) NonClass: 33041K(33216K)->33041K(33216K) Class: 4426K(4608K)->4426K(4608K)
[2025-04-16T15:24:33.618+0000][2767.627s][info][gc             ] GC(1741) Pause Young (Allocation Failure) 23M->14M(31M) 1.325ms
[2025-04-16T15:24:33.618+0000][2767.627s][info][gc,cpu         ] GC(1741) User=0.00s Sys=0.00s Real=0.00s
[2025-04-16T15:24:35.038+0000][2769.047s][info][gc,start       ] GC(1742) Pause Young (Allocation Failure)
[2025-04-16T15:24:35.039+0000][2769.048s][info][gc,heap        ] GC(1742) DefNew: 9164K(10176K)->92K(10176K) Eden: 9088K(9088K)->0K(9088K) From: 76K(1088K)->92K(1088K)
[2025-04-16T15:24:35.039+0000][2769.048s][info][gc,heap        ] GC(1742) Tenured: 15126K(22484K)->15126K(22484K)
[2025-04-16T15:24:35.039+0000][2769.048s][info][gc,metaspace   ] GC(1742) Metaspace: 37468K(37824K)->37468K(37824K) NonClass: 33041K(33216K)->33041K(33216K) Class: 4426K(4608K)->4426K(4608K)
[2025-04-16T15:24:35.039+0000][2769.048s][info][gc             ] GC(1742) Pause Young (Allocation Failure) 23M->14M(31M) 1.175ms
[2025-04-16T15:24:35.039+0000][2769.048s][info][gc,cpu         ] GC(1742) User=0.00s Sys=0.00s Real=0.00s
[2025-04-16T15:24:36.787+0000][2770.796s][info][gc,start       ] GC(1743) Pause Young (Allocation Failure)
[2025-04-16T15:24:36.789+0000][2770.798s][info][gc,heap        ] GC(1743) DefNew: 9180K(10176K)->93K(10176K) Eden: 9088K(9088K)->0K(9088K) From: 92K(1088K)->93K(1088K)
[2025-04-16T15:24:36.789+0000][2770.798s][info][gc,heap        ] GC(1743) Tenured: 15126K(22484K)->15126K(22484K)
[2025-04-16T15:24:36.789+0000][2770.798s][info][gc,metaspace   ] GC(1743) Metaspace: 37468K(37824K)->37468K(37824K) NonClass: 33041K(33216K)->33041K(33216K) Class: 4426K(4608K)->4426K(4608K)
[2025-04-16T15:24:36.789+0000][2770.798s][info][gc             ] GC(1743) Pause Young (Allocation Failure) 23M->14M(31M) 1.354ms
[2025-04-16T15:24:36.789+0000][2770.798s][info][gc,cpu         ] GC(1743) User=0.00s Sys=0.00s Real=0.00s
[2025-04-16T15:24:38.204+0000][2772.213s][info][gc,start       ] GC(1744) Pause Young (Allocation Failure)
[2025-04-16T15:24:38.205+0000][2772.214s][info][gc,heap        ] GC(1744) DefNew: 9168K(10176K)->79K(10176K) Eden: 9075K(9088K)->0K(9088K) From: 93K(1088K)->79K(1088K)
[2025-04-16T15:24:38.205+0000][2772.214s][info][gc,heap        ] GC(1744) Tenured: 15126K(22484K)->15126K(22484K)
[2025-04-16T15:24:38.205+0000][2772.214s][info][gc,metaspace   ] GC(1744) Metaspace: 37468K(37824K)->37468K(37824K) NonClass: 33041K(33216K)->33041K(33216K) Class: 4426K(4608K)->4426K(4608K)
[2025-04-16T15:24:38.205+0000][2772.214s][info][gc             ] GC(1744) Pause Young (Allocation Failure) 23M->14M(31M) 1.318ms
[2025-04-16T15:24:38.205+0000][2772.214s][info][gc,cpu         ] GC(1744) User=0.00s Sys=0.00s Real=0.01s
[2025-04-16T15:24:40.000+0000][2774.009s][info][gc,start       ] GC(1745) Pause Young (Allocation Failure)
[2025-04-16T15:24:40.001+0000][2774.010s][info][gc,heap        ] GC(1745) DefNew: 9167K(10176K)->120K(10176K) Eden: 9088K(9088K)->0K(9088K) From: 79K(1088K)->120K(1088K)
[2025-04-16T15:24:40.001+0000][2774.010s][info][gc,heap        ] GC(1745) Tenured: 15126K(22484K)->15128K(22484K)
[2025-04-16T15:24:40.001+0000][2774.010s][info][gc,metaspace   ] GC(1745) Metaspace: 37468K(37824K)->37468K(37824K) NonClass: 33041K(33216K)->33041K(33216K) Class: 4426K(4608K)->4426K(4608K)
[2025-04-16T15:24:40.001+0000][2774.010s][info][gc             ] GC(1745) Pause Young (Allocation Failure) 23M->14M(31M) 1.350ms
[2025-04-16T15:24:40.001+0000][2774.010s][info][gc,cpu         ] GC(1745) User=0.00s Sys=0.00s Real=0.00s
[2025-04-16T15:24:41.533+0000][2775.542s][info][gc,start       ] GC(1746) Pause Young (Allocation Failure)
[2025-04-16T15:24:41.535+0000][2775.544s][info][gc,heap        ] GC(1746) DefNew: 9208K(10176K)->75K(10176K) Eden: 9088K(9088K)->0K(9088K) From: 120K(1088K)->75K(1088K)
[2025-04-16T15:24:41.535+0000][2775.544s][info][gc,heap        ] GC(1746) Tenured: 15128K(22484K)->15128K(22484K)
[2025-04-16T15:24:41.535+0000][2775.544s][info][gc,metaspace   ] GC(1746) Metaspace: 37468K(37824K)->37468K(37824K) NonClass: 33041K(33216K)->33041K(33216K) Class: 4426K(4608K)->4426K(4608K)
[2025-04-16T15:24:41.535+0000][2775.544s][info][gc             ] GC(1746) Pause Young (Allocation Failure) 23M->14M(31M) 1.352ms
[2025-04-16T15:24:41.535+0000][2775.544s][info][gc,cpu         ] GC(1746) User=0.01s Sys=0.00s Real=0.01s
[2025-04-16T15:24:43.240+0000][2777.249s][info][gc,start       ] GC(1747) Pause Young (Allocation Failure)
[2025-04-16T15:24:43.241+0000][2777.250s][info][gc,heap        ] GC(1747) DefNew: 9163K(10176K)->90K(10176K) Eden: 9088K(9088K)->0K(9088K) From: 75K(1088K)->90K(1088K)
[2025-04-16T15:24:43.241+0000][2777.250s][info][gc,heap        ] GC(1747) Tenured: 15128K(22484K)->15128K(22484K)
[2025-04-16T15:24:43.241+0000][2777.250s][info][gc,metaspace   ] GC(1747) Metaspace: 37468K(37824K)->37468K(37824K) NonClass: 33041K(33216K)->33041K(33216K) Class: 4426K(4608K)->4426K(4608K)
[2025-04-16T15:24:43.241+0000][2777.250s][info][gc             ] GC(1747) Pause Young (Allocation Failure) 23M->14M(31M) 1.269ms
[2025-04-16T15:24:43.241+0000][2777.250s][info][gc,cpu         ] GC(1747) User=0.00s Sys=0.00s Real=0.00s
[2025-04-16T15:24:44.773+0000][2778.782s][info][gc,start       ] GC(1748) Pause Young (Allocation Failure)
[2025-04-16T15:24:44.774+0000][2778.783s][info][gc,heap        ] GC(1748) DefNew: 9178K(10176K)->82K(10176K) Eden: 9088K(9088K)->0K(9088K) From: 90K(1088K)->82K(1088K)
[2025-04-16T15:24:44.774+0000][2778.783s][info][gc,heap        ] GC(1748) Tenured: 15128K(22484K)->15128K(22484K)
[2025-04-16T15:24:44.774+0000][2778.783s][info][gc,metaspace   ] GC(1748) Metaspace: 37468K(37824K)->37468K(37824K) NonClass: 33041K(33216K)->33041K(33216K) Class: 4426K(4608K)->4426K(4608K)
[2025-04-16T15:24:44.774+0000][2778.783s][info][gc             ] GC(1748) Pause Young (Allocation Failure) 23M->14M(31M) 1.292ms
[2025-04-16T15:24:44.774+0000][2778.783s][info][gc,cpu         ] GC(1748) User=0.00s Sys=0.00s Real=0.01s
[2025-04-16T15:24:46.388+0000][2780.397s][info][gc,start       ] GC(1749) Pause Young (Allocation Failure)
[2025-04-16T15:24:46.389+0000][2780.398s][info][gc,heap        ] GC(1749) DefNew: 9164K(10176K)->77K(10176K) Eden: 9081K(9088K)->0K(9088K) From: 82K(1088K)->77K(1088K)
[2025-04-16T15:24:46.389+0000][2780.398s][info][gc,heap        ] GC(1749) Tenured: 15128K(22484K)->15128K(22484K)
[2025-04-16T15:24:46.389+0000][2780.398s][info][gc,metaspace   ] GC(1749) Metaspace: 37468K(37824K)->37468K(37824K) NonClass: 33041K(33216K)->33041K(33216K) Class: 4426K(4608K)->4426K(4608K)
[2025-04-16T15:24:46.389+0000][2780.398s][info][gc             ] GC(1749) Pause Young (Allocation Failure) 23M->14M(31M) 1.316ms
[2025-04-16T15:24:46.389+0000][2780.398s][info][gc,cpu         ] GC(1749) User=0.00s Sys=0.00s Real=0.00s
[2025-04-16T15:24:47.845+0000][2781.854s][info][gc,start       ] GC(1750) Pause Young (Allocation Failure)
[2025-04-16T15:24:47.846+0000][2781.855s][info][gc,heap        ] GC(1750) DefNew: 9165K(10176K)->75K(10176K) Eden: 9088K(9088K)->0K(9088K) From: 77K(1088K)->75K(1088K)
[2025-04-16T15:24:47.846+0000][2781.855s][info][gc,heap        ] GC(1750) Tenured: 15128K(22484K)->15128K(22484K)
[2025-04-16T15:24:47.846+0000][2781.855s][info][gc,metaspace   ] GC(1750) Metaspace: 37468K(37824K)->37468K(37824K) NonClass: 33041K(33216K)->33041K(33216K) Class: 4426K(4608K)->4426K(4608K)
[2025-04-16T15:24:47.846+0000][2781.856s][info][gc             ] GC(1750) Pause Young (Allocation Failure) 23M->14M(31M) 1.321ms
[2025-04-16T15:24:47.846+0000][2781.856s][info][gc,cpu         ] GC(1750) User=0.00s Sys=0.00s Real=0.00s
[2025-04-16T15:24:49.440+0000][2783.449s][info][gc,start       ] GC(1751) Pause Young (Allocation Failure)
[2025-04-16T15:24:49.442+0000][2783.451s][info][gc,heap        ] GC(1751) DefNew: 9163K(10176K)->90K(10176K) Eden: 9088K(9088K)->0K(9088K) From: 75K(1088K)->90K(1088K)
[2025-04-16T15:24:49.442+0000][2783.451s][info][gc,heap        ] GC(1751) Tenured: 15128K(22484K)->15128K(22484K)
[2025-04-16T15:24:49.442+0000][2783.451s][info][gc,metaspace   ] GC(1751) Metaspace: 37468K(37824K)->37468K(37824K) NonClass: 33041K(33216K)->33041K(33216K) Class: 4426K(4608K)->4426K(4608K)
[2025-04-16T15:24:49.442+0000][2783.451s][info][gc             ] GC(1751) Pause Young (Allocation Failure) 23M->14M(31M) 1.293ms
[2025-04-16T15:24:49.442+0000][2783.451s][info][gc,cpu         ] GC(1751) User=0.01s Sys=0.00s Real=0.00s
[2025-04-16T15:24:51.000+0000][2785.009s][info][gc,start       ] GC(1752) Pause Young (Allocation Failure)
[2025-04-16T15:24:51.001+0000][2785.010s][info][gc,heap        ] GC(1752) DefNew: 9178K(10176K)->87K(10176K) Eden: 9088K(9088K)->0K(9088K) From: 90K(1088K)->87K(1088K)
[2025-04-16T15:24:51.001+0000][2785.010s][info][gc,heap        ] GC(1752) Tenured: 15128K(22484K)->15128K(22484K)
[2025-04-16T15:24:51.001+0000][2785.010s][info][gc,metaspace   ] GC(1752) Metaspace: 37468K(37824K)->37468K(37824K) NonClass: 33041K(33216K)->33041K(33216K) Class: 4426K(4608K)->4426K(4608K)
[2025-04-16T15:24:51.001+0000][2785.010s][info][gc             ] GC(1752) Pause Young (Allocation Failure) 23M->14M(31M) 1.216ms
[2025-04-16T15:24:51.001+0000][2785.010s][info][gc,cpu         ] GC(1752) User=0.00s Sys=0.00s Real=0.00s
[2025-04-16T15:24:52.694+0000][2786.703s][info][gc,start       ] GC(1753) Pause Young (Allocation Failure)
[2025-04-16T15:24:52.695+0000][2786.704s][info][gc,heap        ] GC(1753) DefNew: 9165K(10176K)->76K(10176K) Eden: 9078K(9088K)->0K(9088K) From: 87K(1088K)->76K(1088K)
[2025-04-16T15:24:52.695+0000][2786.704s][info][gc,heap        ] GC(1753) Tenured: 15128K(22484K)->15130K(22484K)
[2025-04-16T15:24:52.695+0000][2786.704s][info][gc,metaspace   ] GC(1753) Metaspace: 37468K(37824K)->37468K(37824K) NonClass: 33041K(33216K)->33041K(33216K) Class: 4426K(4608K)->4426K(4608K)
[2025-04-16T15:24:52.695+0000][2786.704s][info][gc             ] GC(1753) Pause Young (Allocation Failure) 23M->14M(31M) 1.320ms
[2025-04-16T15:24:52.695+0000][2786.704s][info][gc,cpu         ] GC(1753) User=0.00s Sys=0.00s Real=0.01s
[2025-04-16T15:24:54.448+0000][2788.457s][info][gc,start       ] GC(1754) Pause Young (Allocation Failure)
[2025-04-16T15:24:54.449+0000][2788.458s][info][gc,heap        ] GC(1754) DefNew: 9164K(10176K)->79K(10176K) Eden: 9088K(9088K)->0K(9088K) From: 76K(1088K)->79K(1088K)
[2025-04-16T15:24:54.449+0000][2788.458s][info][gc,heap        ] GC(1754) Tenured: 15130K(22484K)->15130K(22484K)
[2025-04-16T15:24:54.449+0000][2788.458s][info][gc,metaspace   ] GC(1754) Metaspace: 37468K(37824K)->37468K(37824K) NonClass: 33041K(33216K)->33041K(33216K) Class: 4426K(4608K)->4426K(4608K)
[2025-04-16T15:24:54.449+0000][2788.458s][info][gc             ] GC(1754) Pause Young (Allocation Failure) 23M->14M(31M) 1.302ms
[2025-04-16T15:24:54.449+0000][2788.458s][info][gc,cpu         ] GC(1754) User=0.00s Sys=0.00s Real=0.00s
[2025-04-16T15:24:55.964+0000][2789.973s][info][gc,start       ] GC(1755) Pause Young (Allocation Failure)
[2025-04-16T15:24:55.965+0000][2789.974s][info][gc,heap        ] GC(1755) DefNew: 9167K(10176K)->76K(10176K) Eden: 9087K(9088K)->0K(9088K) From: 79K(1088K)->76K(1088K)
[2025-04-16T15:24:55.965+0000][2789.974s][info][gc,heap        ] GC(1755) Tenured: 15130K(22484K)->15130K(22484K)
[2025-04-16T15:24:55.965+0000][2789.974s][info][gc,metaspace   ] GC(1755) Metaspace: 37468K(37824K)->37468K(37824K) NonClass: 33041K(33216K)->33041K(33216K) Class: 4426K(4608K)->4426K(4608K)
[2025-04-16T15:24:55.965+0000][2789.974s][info][gc             ] GC(1755) Pause Young (Allocation Failure) 23M->14M(31M) 1.371ms
[2025-04-16T15:24:55.965+0000][2789.974s][info][gc,cpu         ] GC(1755) User=0.00s Sys=0.00s Real=0.01s
[2025-04-16T15:24:57.451+0000][2791.461s][info][gc,start       ] GC(1756) Pause Young (Allocation Failure)
[2025-04-16T15:24:57.453+0000][2791.462s][info][gc,heap        ] GC(1756) DefNew: 9164K(10176K)->90K(10176K) Eden: 9088K(9088K)->0K(9088K) From: 76K(1088K)->90K(1088K)
[2025-04-16T15:24:57.453+0000][2791.462s][info][gc,heap        ] GC(1756) Tenured: 15130K(22484K)->15130K(22484K)
[2025-04-16T15:24:57.453+0000][2791.462s][info][gc,metaspace   ] GC(1756) Metaspace: 37468K(37824K)->37468K(37824K) NonClass: 33041K(33216K)->33041K(33216K) Class: 4426K(4608K)->4426K(4608K)
[2025-04-16T15:24:57.453+0000][2791.462s][info][gc             ] GC(1756) Pause Young (Allocation Failure) 23M->14M(31M) 1.213ms
[2025-04-16T15:24:57.453+0000][2791.462s][info][gc,cpu         ] GC(1756) User=0.00s Sys=0.00s Real=0.00s
[2025-04-16T15:24:58.845+0000][2792.854s][info][gc,start       ] GC(1757) Pause Young (Allocation Failure)
[2025-04-16T15:24:58.847+0000][2792.856s][info][gc,heap        ] GC(1757) DefNew: 9177K(10176K)->82K(10176K) Eden: 9087K(9088K)->0K(9088K) From: 90K(1088K)->82K(1088K)
[2025-04-16T15:24:58.847+0000][2792.856s][info][gc,heap        ] GC(1757) Tenured: 15130K(22484K)->15130K(22484K)
[2025-04-16T15:24:58.847+0000][2792.856s][info][gc,metaspace   ] GC(1757) Metaspace: 37468K(37824K)->37468K(37824K) NonClass: 33041K(33216K)->33041K(33216K) Class: 4426K(4608K)->4426K(4608K)
[2025-04-16T15:24:58.847+0000][2792.856s][info][gc             ] GC(1757) Pause Young (Allocation Failure) 23M->14M(31M) 1.183ms
[2025-04-16T15:24:58.847+0000][2792.856s][info][gc,cpu         ] GC(1757) User=0.00s Sys=0.00s Real=0.00s
[2025-04-16T15:25:00.470+0000][2794.479s][info][gc,start       ] GC(1758) Pause Young (Allocation Failure)
[2025-04-16T15:25:00.471+0000][2794.480s][info][gc,heap        ] GC(1758) DefNew: 9166K(10176K)->77K(10176K) Eden: 9084K(9088K)->0K(9088K) From: 82K(1088K)->77K(1088K)
[2025-04-16T15:25:00.471+0000][2794.480s][info][gc,heap        ] GC(1758) Tenured: 15130K(22484K)->15130K(22484K)
[2025-04-16T15:25:00.471+0000][2794.481s][info][gc,metaspace   ] GC(1758) Metaspace: 37468K(37824K)->37468K(37824K) NonClass: 33041K(33216K)->33041K(33216K) Class: 4426K(4608K)->4426K(4608K)
[2025-04-16T15:25:00.472+0000][2794.481s][info][gc             ] GC(1758) Pause Young (Allocation Failure) 23M->14M(31M) 1.291ms
[2025-04-16T15:25:00.472+0000][2794.481s][info][gc,cpu         ] GC(1758) User=0.00s Sys=0.00s Real=0.00s
[2025-04-16T15:25:01.980+0000][2795.989s][info][gc,start       ] GC(1759) Pause Young (Allocation Failure)
[2025-04-16T15:25:01.982+0000][2795.991s][info][gc,heap        ] GC(1759) DefNew: 9165K(10176K)->77K(10176K) Eden: 9088K(9088K)->0K(9088K) From: 77K(1088K)->77K(1088K)
[2025-04-16T15:25:01.982+0000][2795.991s][info][gc,heap        ] GC(1759) Tenured: 15130K(22484K)->15130K(22484K)
[2025-04-16T15:25:01.982+0000][2795.991s][info][gc,metaspace   ] GC(1759) Metaspace: 37468K(37824K)->37468K(37824K) NonClass: 33041K(33216K)->33041K(33216K) Class: 4426K(4608K)->4426K(4608K)
[2025-04-16T15:25:01.982+0000][2795.991s][info][gc             ] GC(1759) Pause Young (Allocation Failure) 23M->14M(31M) 1.257ms
[2025-04-16T15:25:01.982+0000][2795.991s][info][gc,cpu         ] GC(1759) User=0.00s Sys=0.00s Real=0.00s
[2025-04-16T15:25:03.523+0000][2797.532s][info][gc,start       ] GC(1760) Pause Young (Allocation Failure)
[2025-04-16T15:25:03.525+0000][2797.534s][info][gc,heap        ] GC(1760) DefNew: 9165K(10176K)->92K(10176K) Eden: 9088K(9088K)->0K(9088K) From: 77K(1088K)->92K(1088K)
[2025-04-16T15:25:03.525+0000][2797.534s][info][gc,heap        ] GC(1760) Tenured: 15130K(22484K)->15130K(22484K)
[2025-04-16T15:25:03.525+0000][2797.534s][info][gc,metaspace   ] GC(1760) Metaspace: 37468K(37824K)->37468K(37824K) NonClass: 33041K(33216K)->33041K(33216K) Class: 4426K(4608K)->4426K(4608K)
[2025-04-16T15:25:03.525+0000][2797.534s][info][gc             ] GC(1760) Pause Young (Allocation Failure) 23M->14M(31M) 1.252ms
[2025-04-16T15:25:03.525+0000][2797.534s][info][gc,cpu         ] GC(1760) User=0.00s Sys=0.00s Real=0.01s
[2025-04-16T15:25:05.334+0000][2799.343s][info][gc,start       ] GC(1761) Pause Young (Allocation Failure)
[2025-04-16T15:25:05.335+0000][2799.344s][info][gc,heap        ] GC(1761) DefNew: 9180K(10176K)->93K(10176K) Eden: 9088K(9088K)->0K(9088K) From: 92K(1088K)->93K(1088K)
[2025-04-16T15:25:05.335+0000][2799.344s][info][gc,heap        ] GC(1761) Tenured: 15130K(22484K)->15130K(22484K)
[2025-04-16T15:25:05.335+0000][2799.344s][info][gc,metaspace   ] GC(1761) Metaspace: 37468K(37824K)->37468K(37824K) NonClass: 33041K(33216K)->33041K(33216K) Class: 4426K(4608K)->4426K(4608K)
[2025-04-16T15:25:05.335+0000][2799.344s][info][gc             ] GC(1761) Pause Young (Allocation Failure) 23M->14M(31M) 1.171ms
[2025-04-16T15:25:05.335+0000][2799.344s][info][gc,cpu         ] GC(1761) User=0.00s Sys=0.00s Real=0.00s
[2025-04-16T15:25:06.697+0000][2800.706s][info][gc,start       ] GC(1762) Pause Young (Allocation Failure)
[2025-04-16T15:25:06.698+0000][2800.707s][info][gc,heap        ] GC(1762) DefNew: 9176K(10176K)->75K(10176K) Eden: 9082K(9088K)->0K(9088K) From: 93K(1088K)->75K(1088K)
[2025-04-16T15:25:06.698+0000][2800.707s][info][gc,heap        ] GC(1762) Tenured: 15130K(22484K)->15130K(22484K)
[2025-04-16T15:25:06.698+0000][2800.707s][info][gc,metaspace   ] GC(1762) Metaspace: 37468K(37824K)->37468K(37824K) NonClass: 33041K(33216K)->33041K(33216K) Class: 4426K(4608K)->4426K(4608K)
[2025-04-16T15:25:06.698+0000][2800.707s][info][gc             ] GC(1762) Pause Young (Allocation Failure) 23M->14M(31M) 1.170ms
[2025-04-16T15:25:06.698+0000][2800.707s][info][gc,cpu         ] GC(1762) User=0.00s Sys=0.00s Real=0.00s
[2025-04-16T15:25:08.550+0000][2802.559s][info][gc,start       ] GC(1763) Pause Young (Allocation Failure)
[2025-04-16T15:25:08.551+0000][2802.560s][info][gc,heap        ] GC(1763) DefNew: 9159K(10176K)->81K(10176K) Eden: 9084K(9088K)->0K(9088K) From: 75K(1088K)->81K(1088K)
[2025-04-16T15:25:08.551+0000][2802.560s][info][gc,heap        ] GC(1763) Tenured: 15130K(22484K)->15130K(22484K)
[2025-04-16T15:25:08.551+0000][2802.560s][info][gc,metaspace   ] GC(1763) Metaspace: 37468K(37824K)->37468K(37824K) NonClass: 33041K(33216K)->33041K(33216K) Class: 4426K(4608K)->4426K(4608K)
[2025-04-16T15:25:08.551+0000][2802.560s][info][gc             ] GC(1763) Pause Young (Allocation Failure) 23M->14M(31M) 1.313ms
[2025-04-16T15:25:08.551+0000][2802.560s][info][gc,cpu         ] GC(1763) User=0.00s Sys=0.00s Real=0.00s
[2025-04-16T15:25:09.978+0000][2803.987s][info][gc,start       ] GC(1764) Pause Young (Allocation Failure)
[2025-04-16T15:25:09.979+0000][2803.988s][info][gc,heap        ] GC(1764) DefNew: 9169K(10176K)->78K(10176K) Eden: 9088K(9088K)->0K(9088K) From: 81K(1088K)->78K(1088K)
[2025-04-16T15:25:09.979+0000][2803.988s][info][gc,heap        ] GC(1764) Tenured: 15130K(22484K)->15130K(22484K)
[2025-04-16T15:25:09.979+0000][2803.988s][info][gc,metaspace   ] GC(1764) Metaspace: 37468K(37824K)->37468K(37824K) NonClass: 33041K(33216K)->33041K(33216K) Class: 4426K(4608K)->4426K(4608K)
[2025-04-16T15:25:09.979+0000][2803.988s][info][gc             ] GC(1764) Pause Young (Allocation Failure) 23M->14M(31M) 1.222ms
[2025-04-16T15:25:09.979+0000][2803.988s][info][gc,cpu         ] GC(1764) User=0.00s Sys=0.00s Real=0.00s
[2025-04-16T15:25:11.760+0000][2805.769s][info][gc,start       ] GC(1765) Pause Young (Allocation Failure)
[2025-04-16T15:25:11.762+0000][2805.771s][info][gc,heap        ] GC(1765) DefNew: 9166K(10176K)->98K(10176K) Eden: 9088K(9088K)->0K(9088K) From: 78K(1088K)->98K(1088K)
[2025-04-16T15:25:11.762+0000][2805.771s][info][gc,heap        ] GC(1765) Tenured: 15130K(22484K)->15130K(22484K)
[2025-04-16T15:25:11.762+0000][2805.771s][info][gc,metaspace   ] GC(1765) Metaspace: 37468K(37824K)->37468K(37824K) NonClass: 33041K(33216K)->33041K(33216K) Class: 4426K(4608K)->4426K(4608K)
[2025-04-16T15:25:11.762+0000][2805.771s][info][gc             ] GC(1765) Pause Young (Allocation Failure) 23M->14M(31M) 1.236ms
[2025-04-16T15:25:11.762+0000][2805.771s][info][gc,cpu         ] GC(1765) User=0.00s Sys=0.00s Real=0.00s
[2025-04-16T15:25:13.459+0000][2807.468s][info][gc,start       ] GC(1766) Pause Young (Allocation Failure)
[2025-04-16T15:25:13.461+0000][2807.470s][info][gc,heap        ] GC(1766) DefNew: 9186K(10176K)->95K(10176K) Eden: 9088K(9088K)->0K(9088K) From: 98K(1088K)->95K(1088K)
[2025-04-16T15:25:13.461+0000][2807.470s][info][gc,heap        ] GC(1766) Tenured: 15130K(22484K)->15130K(22484K)
[2025-04-16T15:25:13.461+0000][2807.470s][info][gc,metaspace   ] GC(1766) Metaspace: 37468K(37824K)->37468K(37824K) NonClass: 33041K(33216K)->33041K(33216K) Class: 4426K(4608K)->4426K(4608K)
[2025-04-16T15:25:13.461+0000][2807.470s][info][gc             ] GC(1766) Pause Young (Allocation Failure) 23M->14M(31M) 1.359ms
[2025-04-16T15:25:13.461+0000][2807.470s][info][gc,cpu         ] GC(1766) User=0.01s Sys=0.00s Real=0.00s
[2025-04-16T15:25:14.920+0000][2808.929s][info][gc,start       ] GC(1767) Pause Young (Allocation Failure)
[2025-04-16T15:25:14.921+0000][2808.930s][info][gc,heap        ] GC(1767) DefNew: 9183K(10176K)->83K(10176K) Eden: 9088K(9088K)->0K(9088K) From: 95K(1088K)->83K(1088K)
[2025-04-16T15:25:14.921+0000][2808.930s][info][gc,heap        ] GC(1767) Tenured: 15130K(22484K)->15130K(22484K)
[2025-04-16T15:25:14.921+0000][2808.930s][info][gc,metaspace   ] GC(1767) Metaspace: 37468K(37824K)->37468K(37824K) NonClass: 33041K(33216K)->33041K(33216K) Class: 4426K(4608K)->4426K(4608K)
[2025-04-16T15:25:14.921+0000][2808.930s][info][gc             ] GC(1767) Pause Young (Allocation Failure) 23M->14M(31M) 1.338ms
[2025-04-16T15:25:14.921+0000][2808.930s][info][gc,cpu         ] GC(1767) User=0.00s Sys=0.00s Real=0.00s
[2025-04-16T15:25:16.359+0000][2810.368s][info][gc,start       ] GC(1768) Pause Young (Allocation Failure)
[2025-04-16T15:25:16.360+0000][2810.369s][info][gc,heap        ] GC(1768) DefNew: 9164K(10176K)->81K(10176K) Eden: 9080K(9088K)->0K(9088K) From: 83K(1088K)->81K(1088K)
[2025-04-16T15:25:16.360+0000][2810.369s][info][gc,heap        ] GC(1768) Tenured: 15130K(22484K)->15131K(22484K)
[2025-04-16T15:25:16.360+0000][2810.369s][info][gc,metaspace   ] GC(1768) Metaspace: 37468K(37824K)->37468K(37824K) NonClass: 33041K(33216K)->33041K(33216K) Class: 4426K(4608K)->4426K(4608K)
[2025-04-16T15:25:16.360+0000][2810.369s][info][gc             ] GC(1768) Pause Young (Allocation Failure) 23M->14M(31M) 1.225ms
[2025-04-16T15:25:16.360+0000][2810.369s][info][gc,cpu         ] GC(1768) User=0.00s Sys=0.00s Real=0.00s
[2025-04-16T15:25:18.066+0000][2812.075s][info][gc,start       ] GC(1769) Pause Young (Allocation Failure)
[2025-04-16T15:25:18.067+0000][2812.076s][info][gc,heap        ] GC(1769) DefNew: 9169K(10176K)->90K(10176K) Eden: 9088K(9088K)->0K(9088K) From: 81K(1088K)->90K(1088K)
[2025-04-16T15:25:18.067+0000][2812.076s][info][gc,heap        ] GC(1769) Tenured: 15131K(22484K)->15131K(22484K)
[2025-04-16T15:25:18.067+0000][2812.076s][info][gc,metaspace   ] GC(1769) Metaspace: 37468K(37824K)->37468K(37824K) NonClass: 33041K(33216K)->33041K(33216K) Class: 4426K(4608K)->4426K(4608K)
[2025-04-16T15:25:18.067+0000][2812.076s][info][gc             ] GC(1769) Pause Young (Allocation Failure) 23M->14M(31M) 1.304ms
[2025-04-16T15:25:18.067+0000][2812.076s][info][gc,cpu         ] GC(1769) User=0.00s Sys=0.00s Real=0.00s
[2025-04-16T15:25:19.816+0000][2813.825s][info][gc,start       ] GC(1770) Pause Young (Allocation Failure)
[2025-04-16T15:25:19.817+0000][2813.826s][info][gc,heap        ] GC(1770) DefNew: 9178K(10176K)->94K(10176K) Eden: 9088K(9088K)->0K(9088K) From: 90K(1088K)->94K(1088K)
[2025-04-16T15:25:19.817+0000][2813.826s][info][gc,heap        ] GC(1770) Tenured: 15131K(22484K)->15131K(22484K)
[2025-04-16T15:25:19.817+0000][2813.826s][info][gc,metaspace   ] GC(1770) Metaspace: 37468K(37824K)->37468K(37824K) NonClass: 33041K(33216K)->33041K(33216K) Class: 4426K(4608K)->4426K(4608K)
[2025-04-16T15:25:19.817+0000][2813.826s][info][gc             ] GC(1770) Pause Young (Allocation Failure) 23M->14M(31M) 1.345ms
[2025-04-16T15:25:19.817+0000][2813.826s][info][gc,cpu         ] GC(1770) User=0.01s Sys=0.00s Real=0.00s
[2025-04-16T15:25:21.201+0000][2815.210s][info][gc,start       ] GC(1771) Pause Young (Allocation Failure)
[2025-04-16T15:25:21.202+0000][2815.211s][info][gc,heap        ] GC(1771) DefNew: 9182K(10176K)->93K(10176K) Eden: 9088K(9088K)->0K(9088K) From: 94K(1088K)->93K(1088K)
[2025-04-16T15:25:21.202+0000][2815.211s][info][gc,heap        ] GC(1771) Tenured: 15131K(22484K)->15133K(22484K)
[2025-04-16T15:25:21.202+0000][2815.211s][info][gc,metaspace   ] GC(1771) Metaspace: 37468K(37824K)->37468K(37824K) NonClass: 33041K(33216K)->33041K(33216K) Class: 4426K(4608K)->4426K(4608K)
[2025-04-16T15:25:21.202+0000][2815.211s][info][gc             ] GC(1771) Pause Young (Allocation Failure) 23M->14M(31M) 1.332ms
[2025-04-16T15:25:21.202+0000][2815.211s][info][gc,cpu         ] GC(1771) User=0.00s Sys=0.00s Real=0.00s
[2025-04-16T15:25:22.965+0000][2816.974s][info][gc,start       ] GC(1772) Pause Young (Allocation Failure)
[2025-04-16T15:25:22.966+0000][2816.975s][info][gc,heap        ] GC(1772) DefNew: 9181K(10176K)->81K(10176K) Eden: 9088K(9088K)->0K(9088K) From: 93K(1088K)->81K(1088K)
[2025-04-16T15:25:22.966+0000][2816.975s][info][gc,heap        ] GC(1772) Tenured: 15133K(22484K)->15133K(22484K)
[2025-04-16T15:25:22.966+0000][2816.975s][info][gc,metaspace   ] GC(1772) Metaspace: 37468K(37824K)->37468K(37824K) NonClass: 33041K(33216K)->33041K(33216K) Class: 4426K(4608K)->4426K(4608K)
[2025-04-16T15:25:22.966+0000][2816.975s][info][gc             ] GC(1772) Pause Young (Allocation Failure) 23M->14M(31M) 1.245ms
[2025-04-16T15:25:22.966+0000][2816.975s][info][gc,cpu         ] GC(1772) User=0.00s Sys=0.00s Real=0.00s
[2025-04-16T15:25:24.560+0000][2818.569s][info][gc,start       ] GC(1773) Pause Young (Allocation Failure)
[2025-04-16T15:25:24.561+0000][2818.570s][info][gc,heap        ] GC(1773) DefNew: 9169K(10176K)->81K(10176K) Eden: 9088K(9088K)->0K(9088K) From: 81K(1088K)->81K(1088K)
[2025-04-16T15:25:24.561+0000][2818.570s][info][gc,heap        ] GC(1773) Tenured: 15133K(22484K)->15133K(22484K)
[2025-04-16T15:25:24.561+0000][2818.570s][info][gc,metaspace   ] GC(1773) Metaspace: 37468K(37824K)->37468K(37824K) NonClass: 33041K(33216K)->33041K(33216K) Class: 4426K(4608K)->4426K(4608K)
[2025-04-16T15:25:24.561+0000][2818.570s][info][gc             ] GC(1773) Pause Young (Allocation Failure) 23M->14M(31M) 1.316ms
[2025-04-16T15:25:24.561+0000][2818.570s][info][gc,cpu         ] GC(1773) User=0.00s Sys=0.00s Real=0.00s
[2025-04-16T15:25:26.063+0000][2820.072s][info][gc,start       ] GC(1774) Pause Young (Allocation Failure)
[2025-04-16T15:25:26.064+0000][2820.073s][info][gc,heap        ] GC(1774) DefNew: 9169K(10176K)->79K(10176K) Eden: 9088K(9088K)->0K(9088K) From: 81K(1088K)->79K(1088K)
[2025-04-16T15:25:26.064+0000][2820.073s][info][gc,heap        ] GC(1774) Tenured: 15133K(22484K)->15133K(22484K)
[2025-04-16T15:25:26.064+0000][2820.073s][info][gc,metaspace   ] GC(1774) Metaspace: 37468K(37824K)->37468K(37824K) NonClass: 33041K(33216K)->33041K(33216K) Class: 4426K(4608K)->4426K(4608K)
[2025-04-16T15:25:26.064+0000][2820.073s][info][gc             ] GC(1774) Pause Young (Allocation Failure) 23M->14M(31M) 1.220ms
[2025-04-16T15:25:26.064+0000][2820.073s][info][gc,cpu         ] GC(1774) User=0.00s Sys=0.00s Real=0.01s
[2025-04-16T15:25:27.354+0000][2821.363s][info][gc,start       ] GC(1775) Pause Young (Allocation Failure)
[2025-04-16T15:25:27.355+0000][2821.364s][info][gc,heap        ] GC(1775) DefNew: 9167K(10176K)->79K(10176K) Eden: 9088K(9088K)->0K(9088K) From: 79K(1088K)->79K(1088K)
[2025-04-16T15:25:27.355+0000][2821.364s][info][gc,heap        ] GC(1775) Tenured: 15133K(22484K)->15133K(22484K)
[2025-04-16T15:25:27.355+0000][2821.364s][info][gc,metaspace   ] GC(1775) Metaspace: 37468K(37824K)->37468K(37824K) NonClass: 33041K(33216K)->33041K(33216K) Class: 4426K(4608K)->4426K(4608K)
[2025-04-16T15:25:27.355+0000][2821.364s][info][gc             ] GC(1775) Pause Young (Allocation Failure) 23M->14M(31M) 1.411ms
[2025-04-16T15:25:27.355+0000][2821.364s][info][gc,cpu         ] GC(1775) User=0.00s Sys=0.00s Real=0.01s
[2025-04-16T15:25:29.134+0000][2823.143s][info][gc,start       ] GC(1776) Pause Young (Allocation Failure)
[2025-04-16T15:25:29.135+0000][2823.144s][info][gc,heap        ] GC(1776) DefNew: 9162K(10176K)->91K(10176K) Eden: 9083K(9088K)->0K(9088K) From: 79K(1088K)->91K(1088K)
[2025-04-16T15:25:29.135+0000][2823.144s][info][gc,heap        ] GC(1776) Tenured: 15133K(22484K)->15134K(22484K)
[2025-04-16T15:25:29.135+0000][2823.144s][info][gc,metaspace   ] GC(1776) Metaspace: 37468K(37824K)->37468K(37824K) NonClass: 33041K(33216K)->33041K(33216K) Class: 4426K(4608K)->4426K(4608K)
[2025-04-16T15:25:29.135+0000][2823.144s][info][gc             ] GC(1776) Pause Young (Allocation Failure) 23M->14M(31M) 1.245ms
[2025-04-16T15:25:29.135+0000][2823.144s][info][gc,cpu         ] GC(1776) User=0.01s Sys=0.00s Real=0.01s
[2025-04-16T15:25:30.738+0000][2824.747s][info][gc,start       ] GC(1777) Pause Young (Allocation Failure)
[2025-04-16T15:25:30.740+0000][2824.749s][info][gc,heap        ] GC(1777) DefNew: 9179K(10176K)->87K(10176K) Eden: 9088K(9088K)->0K(9088K) From: 91K(1088K)->87K(1088K)
[2025-04-16T15:25:30.740+0000][2824.749s][info][gc,heap        ] GC(1777) Tenured: 15134K(22484K)->15134K(22484K)
[2025-04-16T15:25:30.740+0000][2824.749s][info][gc,metaspace   ] GC(1777) Metaspace: 37468K(37824K)->37468K(37824K) NonClass: 33041K(33216K)->33041K(33216K) Class: 4426K(4608K)->4426K(4608K)
[2025-04-16T15:25:30.740+0000][2824.749s][info][gc             ] GC(1777) Pause Young (Allocation Failure) 23M->14M(31M) 1.321ms
[2025-04-16T15:25:30.740+0000][2824.749s][info][gc,cpu         ] GC(1777) User=0.01s Sys=0.00s Real=0.00s
[2025-04-16T15:25:32.446+0000][2826.455s][info][gc,start       ] GC(1778) Pause Young (Allocation Failure)
[2025-04-16T15:25:32.447+0000][2826.456s][info][gc,heap        ] GC(1778) DefNew: 9175K(10176K)->82K(10176K) Eden: 9088K(9088K)->0K(9088K) From: 87K(1088K)->82K(1088K)
[2025-04-16T15:25:32.447+0000][2826.456s][info][gc,heap        ] GC(1778) Tenured: 15134K(22484K)->15136K(22484K)
[2025-04-16T15:25:32.447+0000][2826.456s][info][gc,metaspace   ] GC(1778) Metaspace: 37468K(37824K)->37468K(37824K) NonClass: 33041K(33216K)->33041K(33216K) Class: 4426K(4608K)->4426K(4608K)
[2025-04-16T15:25:32.447+0000][2826.456s][info][gc             ] GC(1778) Pause Young (Allocation Failure) 23M->14M(31M) 1.321ms
[2025-04-16T15:25:32.447+0000][2826.456s][info][gc,cpu         ] GC(1778) User=0.01s Sys=0.00s Real=0.00s
[2025-04-16T15:25:34.023+0000][2828.032s][info][gc,start       ] GC(1779) Pause Young (Allocation Failure)
[2025-04-16T15:25:34.025+0000][2828.034s][info][gc,heap        ] GC(1779) DefNew: 9170K(10176K)->104K(10176K) Eden: 9088K(9088K)->0K(9088K) From: 82K(1088K)->104K(1088K)
[2025-04-16T15:25:34.025+0000][2828.034s][info][gc,heap        ] GC(1779) Tenured: 15136K(22484K)->15136K(22484K)
[2025-04-16T15:25:34.025+0000][2828.034s][info][gc,metaspace   ] GC(1779) Metaspace: 37468K(37824K)->37468K(37824K) NonClass: 33041K(33216K)->33041K(33216K) Class: 4426K(4608K)->4426K(4608K)
[2025-04-16T15:25:34.025+0000][2828.034s][info][gc             ] GC(1779) Pause Young (Allocation Failure) 23M->14M(31M) 1.335ms
[2025-04-16T15:25:34.025+0000][2828.034s][info][gc,cpu         ] GC(1779) User=0.00s Sys=0.00s Real=0.01s
[2025-04-16T15:25:35.578+0000][2829.587s][info][gc,start       ] GC(1780) Pause Young (Allocation Failure)
[2025-04-16T15:25:35.579+0000][2829.588s][info][gc,heap        ] GC(1780) DefNew: 9192K(10176K)->98K(10176K) Eden: 9088K(9088K)->0K(9088K) From: 104K(1088K)->98K(1088K)
[2025-04-16T15:25:35.579+0000][2829.588s][info][gc,heap        ] GC(1780) Tenured: 15136K(22484K)->15136K(22484K)
[2025-04-16T15:25:35.579+0000][2829.588s][info][gc,metaspace   ] GC(1780) Metaspace: 37468K(37824K)->37468K(37824K) NonClass: 33041K(33216K)->33041K(33216K) Class: 4426K(4608K)->4426K(4608K)
[2025-04-16T15:25:35.579+0000][2829.588s][info][gc             ] GC(1780) Pause Young (Allocation Failure) 23M->14M(31M) 1.350ms
[2025-04-16T15:25:35.579+0000][2829.588s][info][gc,cpu         ] GC(1780) User=0.01s Sys=0.00s Real=0.00s
[2025-04-16T15:25:37.205+0000][2831.214s][info][gc,start       ] GC(1781) Pause Young (Allocation Failure)
[2025-04-16T15:25:37.206+0000][2831.215s][info][gc,heap        ] GC(1781) DefNew: 9177K(10176K)->103K(10176K) Eden: 9078K(9088K)->0K(9088K) From: 98K(1088K)->103K(1088K)
[2025-04-16T15:25:37.206+0000][2831.215s][info][gc,heap        ] GC(1781) Tenured: 15136K(22484K)->15136K(22484K)
[2025-04-16T15:25:37.206+0000][2831.215s][info][gc,metaspace   ] GC(1781) Metaspace: 37468K(37824K)->37468K(37824K) NonClass: 33041K(33216K)->33041K(33216K) Class: 4426K(4608K)->4426K(4608K)
[2025-04-16T15:25:37.206+0000][2831.215s][info][gc             ] GC(1781) Pause Young (Allocation Failure) 23M->14M(31M) 1.339ms
[2025-04-16T15:25:37.206+0000][2831.215s][info][gc,cpu         ] GC(1781) User=0.00s Sys=0.00s Real=0.00s
[2025-04-16T15:25:38.799+0000][2832.808s][info][gc,start       ] GC(1782) Pause Young (Allocation Failure)
[2025-04-16T15:25:38.801+0000][2832.810s][info][gc,heap        ] GC(1782) DefNew: 9191K(10176K)->83K(10176K) Eden: 9088K(9088K)->0K(9088K) From: 103K(1088K)->83K(1088K)
[2025-04-16T15:25:38.801+0000][2832.810s][info][gc,heap        ] GC(1782) Tenured: 15136K(22484K)->15138K(22484K)
[2025-04-16T15:25:38.801+0000][2832.810s][info][gc,metaspace   ] GC(1782) Metaspace: 37468K(37824K)->37468K(37824K) NonClass: 33041K(33216K)->33041K(33216K) Class: 4426K(4608K)->4426K(4608K)
[2025-04-16T15:25:38.801+0000][2832.810s][info][gc             ] GC(1782) Pause Young (Allocation Failure) 23M->14M(31M) 1.335ms
[2025-04-16T15:25:38.801+0000][2832.810s][info][gc,cpu         ] GC(1782) User=0.00s Sys=0.00s Real=0.00s
[2025-04-16T15:25:40.264+0000][2834.273s][info][gc,start       ] GC(1783) Pause Young (Allocation Failure)
[2025-04-16T15:25:40.265+0000][2834.274s][info][gc,heap        ] GC(1783) DefNew: 9171K(10176K)->88K(10176K) Eden: 9088K(9088K)->0K(9088K) From: 83K(1088K)->88K(1088K)
[2025-04-16T15:25:40.265+0000][2834.274s][info][gc,heap        ] GC(1783) Tenured: 15138K(22484K)->15138K(22484K)
[2025-04-16T15:25:40.265+0000][2834.274s][info][gc,metaspace   ] GC(1783) Metaspace: 37468K(37824K)->37468K(37824K) NonClass: 33041K(33216K)->33041K(33216K) Class: 4426K(4608K)->4426K(4608K)
[2025-04-16T15:25:40.265+0000][2834.274s][info][gc             ] GC(1783) Pause Young (Allocation Failure) 23M->14M(31M) 1.468ms
[2025-04-16T15:25:40.265+0000][2834.274s][info][gc,cpu         ] GC(1783) User=0.01s Sys=0.00s Real=0.01s
[2025-04-16T15:25:42.174+0000][2836.183s][info][gc,start       ] GC(1784) Pause Young (Allocation Failure)
[2025-04-16T15:25:42.175+0000][2836.184s][info][gc,heap        ] GC(1784) DefNew: 9176K(10176K)->101K(10176K) Eden: 9088K(9088K)->0K(9088K) From: 88K(1088K)->101K(1088K)
[2025-04-16T15:25:42.175+0000][2836.184s][info][gc,heap        ] GC(1784) Tenured: 15138K(22484K)->15138K(22484K)
[2025-04-16T15:25:42.175+0000][2836.184s][info][gc,metaspace   ] GC(1784) Metaspace: 37468K(37824K)->37468K(37824K) NonClass: 33041K(33216K)->33041K(33216K) Class: 4426K(4608K)->4426K(4608K)
[2025-04-16T15:25:42.175+0000][2836.184s][info][gc             ] GC(1784) Pause Young (Allocation Failure) 23M->14M(31M) 1.206ms
[2025-04-16T15:25:42.175+0000][2836.184s][info][gc,cpu         ] GC(1784) User=0.00s Sys=0.00s Real=0.01s
[2025-04-16T15:25:43.908+0000][2837.917s][info][gc,start       ] GC(1785) Pause Young (Allocation Failure)
[2025-04-16T15:25:43.909+0000][2837.918s][info][gc,heap        ] GC(1785) DefNew: 9189K(10176K)->85K(10176K) Eden: 9088K(9088K)->0K(9088K) From: 101K(1088K)->85K(1088K)
[2025-04-16T15:25:43.909+0000][2837.919s][info][gc,heap        ] GC(1785) Tenured: 15138K(22484K)->15138K(22484K)
[2025-04-16T15:25:43.909+0000][2837.919s][info][gc,metaspace   ] GC(1785) Metaspace: 37468K(37824K)->37468K(37824K) NonClass: 33041K(33216K)->33041K(33216K) Class: 4426K(4608K)->4426K(4608K)
[2025-04-16T15:25:43.910+0000][2837.919s][info][gc             ] GC(1785) Pause Young (Allocation Failure) 23M->14M(31M) 1.329ms
[2025-04-16T15:25:43.910+0000][2837.919s][info][gc,cpu         ] GC(1785) User=0.00s Sys=0.00s Real=0.00s
[2025-04-16T15:25:45.740+0000][2839.749s][info][gc,start       ] GC(1786) Pause Young (Allocation Failure)
[2025-04-16T15:25:45.741+0000][2839.750s][info][gc,heap        ] GC(1786) DefNew: 9169K(10176K)->88K(10176K) Eden: 9084K(9088K)->0K(9088K) From: 85K(1088K)->88K(1088K)
[2025-04-16T15:25:45.741+0000][2839.750s][info][gc,heap        ] GC(1786) Tenured: 15138K(22484K)->15138K(22484K)
[2025-04-16T15:25:45.741+0000][2839.750s][info][gc,metaspace   ] GC(1786) Metaspace: 37468K(37824K)->37468K(37824K) NonClass: 33041K(33216K)->33041K(33216K) Class: 4426K(4608K)->4426K(4608K)
[2025-04-16T15:25:45.741+0000][2839.750s][info][gc             ] GC(1786) Pause Young (Allocation Failure) 23M->14M(31M) 1.282ms
[2025-04-16T15:25:45.741+0000][2839.750s][info][gc,cpu         ] GC(1786) User=0.00s Sys=0.00s Real=0.00s
[2025-04-16T15:25:47.260+0000][2841.269s][info][gc,start       ] GC(1787) Pause Young (Allocation Failure)
[2025-04-16T15:25:47.261+0000][2841.270s][info][gc,heap        ] GC(1787) DefNew: 9176K(10176K)->85K(10176K) Eden: 9088K(9088K)->0K(9088K) From: 88K(1088K)->85K(1088K)
[2025-04-16T15:25:47.261+0000][2841.270s][info][gc,heap        ] GC(1787) Tenured: 15138K(22484K)->15139K(22484K)
[2025-04-16T15:25:47.261+0000][2841.270s][info][gc,metaspace   ] GC(1787) Metaspace: 37468K(37824K)->37468K(37824K) NonClass: 33041K(33216K)->33041K(33216K) Class: 4426K(4608K)->4426K(4608K)
[2025-04-16T15:25:47.261+0000][2841.270s][info][gc             ] GC(1787) Pause Young (Allocation Failure) 23M->14M(31M) 1.332ms
[2025-04-16T15:25:47.261+0000][2841.270s][info][gc,cpu         ] GC(1787) User=0.00s Sys=0.00s Real=0.00s
[2025-04-16T15:25:48.808+0000][2842.817s][info][gc,start       ] GC(1788) Pause Young (Allocation Failure)
[2025-04-16T15:25:48.809+0000][2842.818s][info][gc,heap        ] GC(1788) DefNew: 9173K(10176K)->85K(10176K) Eden: 9088K(9088K)->0K(9088K) From: 85K(1088K)->85K(1088K)
[2025-04-16T15:25:48.809+0000][2842.818s][info][gc,heap        ] GC(1788) Tenured: 15139K(22484K)->15139K(22484K)
[2025-04-16T15:25:48.809+0000][2842.818s][info][gc,metaspace   ] GC(1788) Metaspace: 37468K(37824K)->37468K(37824K) NonClass: 33041K(33216K)->33041K(33216K) Class: 4426K(4608K)->4426K(4608K)
[2025-04-16T15:25:48.809+0000][2842.818s][info][gc             ] GC(1788) Pause Young (Allocation Failure) 23M->14M(31M) 1.245ms
[2025-04-16T15:25:48.809+0000][2842.818s][info][gc,cpu         ] GC(1788) User=0.01s Sys=0.00s Real=0.00s
[2025-04-16T15:25:50.353+0000][2844.362s][info][gc,start       ] GC(1789) Pause Young (Allocation Failure)
[2025-04-16T15:25:50.354+0000][2844.363s][info][gc,heap        ] GC(1789) DefNew: 9173K(10176K)->102K(10176K) Eden: 9088K(9088K)->0K(9088K) From: 85K(1088K)->102K(1088K)
[2025-04-16T15:25:50.354+0000][2844.363s][info][gc,heap        ] GC(1789) Tenured: 15139K(22484K)->15141K(22484K)
[2025-04-16T15:25:50.354+0000][2844.363s][info][gc,metaspace   ] GC(1789) Metaspace: 37468K(37824K)->37468K(37824K) NonClass: 33041K(33216K)->33041K(33216K) Class: 4426K(4608K)->4426K(4608K)
[2025-04-16T15:25:50.354+0000][2844.363s][info][gc             ] GC(1789) Pause Young (Allocation Failure) 23M->14M(31M) 1.342ms
[2025-04-16T15:25:50.354+0000][2844.363s][info][gc,cpu         ] GC(1789) User=0.00s Sys=0.00s Real=0.01s
[2025-04-16T15:25:52.175+0000][2846.184s][info][gc,start       ] GC(1790) Pause Young (Allocation Failure)
[2025-04-16T15:25:52.177+0000][2846.186s][info][gc,heap        ] GC(1790) DefNew: 9190K(10176K)->81K(10176K) Eden: 9087K(9088K)->0K(9088K) From: 102K(1088K)->81K(1088K)
[2025-04-16T15:25:52.177+0000][2846.187s][info][gc,heap        ] GC(1790) Tenured: 15141K(22484K)->15144K(22484K)
[2025-04-16T15:25:52.177+0000][2846.187s][info][gc,metaspace   ] GC(1790) Metaspace: 37468K(37824K)->37468K(37824K) NonClass: 33041K(33216K)->33041K(33216K) Class: 4426K(4608K)->4426K(4608K)
[2025-04-16T15:25:52.178+0000][2846.187s][info][gc             ] GC(1790) Pause Young (Allocation Failure) 23M->14M(31M) 2.172ms
[2025-04-16T15:25:52.178+0000][2846.187s][info][gc,cpu         ] GC(1790) User=0.01s Sys=0.00s Real=0.00s
[2025-04-16T15:25:53.920+0000][2847.929s][info][gc,start       ] GC(1791) Pause Young (Allocation Failure)
[2025-04-16T15:25:53.921+0000][2847.930s][info][gc,heap        ] GC(1791) DefNew: 9169K(10176K)->82K(10176K) Eden: 9088K(9088K)->0K(9088K) From: 81K(1088K)->82K(1088K)
[2025-04-16T15:25:53.921+0000][2847.930s][info][gc,heap        ] GC(1791) Tenured: 15144K(22484K)->15145K(22484K)
[2025-04-16T15:25:53.921+0000][2847.930s][info][gc,metaspace   ] GC(1791) Metaspace: 37468K(37824K)->37468K(37824K) NonClass: 33041K(33216K)->33041K(33216K) Class: 4426K(4608K)->4426K(4608K)
[2025-04-16T15:25:53.921+0000][2847.930s][info][gc             ] GC(1791) Pause Young (Allocation Failure) 23M->14M(31M) 1.364ms
[2025-04-16T15:25:53.921+0000][2847.930s][info][gc,cpu         ] GC(1791) User=0.00s Sys=0.00s Real=0.00s
[2025-04-16T15:25:55.542+0000][2849.551s][info][gc,start       ] GC(1792) Pause Young (Allocation Failure)
[2025-04-16T15:25:55.544+0000][2849.553s][info][gc,heap        ] GC(1792) DefNew: 9170K(10176K)->83K(10176K) Eden: 9088K(9088K)->0K(9088K) From: 82K(1088K)->83K(1088K)
[2025-04-16T15:25:55.544+0000][2849.553s][info][gc,heap        ] GC(1792) Tenured: 15145K(22484K)->15146K(22484K)
[2025-04-16T15:25:55.544+0000][2849.553s][info][gc,metaspace   ] GC(1792) Metaspace: 37468K(37824K)->37468K(37824K) NonClass: 33041K(33216K)->33041K(33216K) Class: 4426K(4608K)->4426K(4608K)
[2025-04-16T15:25:55.544+0000][2849.553s][info][gc             ] GC(1792) Pause Young (Allocation Failure) 23M->14M(31M) 1.303ms
[2025-04-16T15:25:55.544+0000][2849.553s][info][gc,cpu         ] GC(1792) User=0.01s Sys=0.00s Real=0.00s
[2025-04-16T15:25:57.152+0000][2851.161s][info][gc,start       ] GC(1793) Pause Young (Allocation Failure)
[2025-04-16T15:25:57.153+0000][2851.162s][info][gc,heap        ] GC(1793) DefNew: 9171K(10176K)->107K(10176K) Eden: 9088K(9088K)->0K(9088K) From: 83K(1088K)->107K(1088K)
[2025-04-16T15:25:57.153+0000][2851.162s][info][gc,heap        ] GC(1793) Tenured: 15146K(22484K)->15146K(22484K)
[2025-04-16T15:25:57.153+0000][2851.162s][info][gc,metaspace   ] GC(1793) Metaspace: 37468K(37824K)->37468K(37824K) NonClass: 33041K(33216K)->33041K(33216K) Class: 4426K(4608K)->4426K(4608K)
[2025-04-16T15:25:57.153+0000][2851.162s][info][gc             ] GC(1793) Pause Young (Allocation Failure) 23M->14M(31M) 1.251ms
[2025-04-16T15:25:57.153+0000][2851.162s][info][gc,cpu         ] GC(1793) User=0.00s Sys=0.00s Real=0.00s
[2025-04-16T15:25:58.651+0000][2852.661s][info][gc,start       ] GC(1794) Pause Young (Allocation Failure)
[2025-04-16T15:25:58.653+0000][2852.662s][info][gc,heap        ] GC(1794) DefNew: 9188K(10176K)->92K(10176K) Eden: 9081K(9088K)->0K(9088K) From: 107K(1088K)->92K(1088K)
[2025-04-16T15:25:58.653+0000][2852.662s][info][gc,heap        ] GC(1794) Tenured: 15146K(22484K)->15146K(22484K)
[2025-04-16T15:25:58.653+0000][2852.662s][info][gc,metaspace   ] GC(1794) Metaspace: 37468K(37824K)->37468K(37824K) NonClass: 33041K(33216K)->33041K(33216K) Class: 4426K(4608K)->4426K(4608K)
[2025-04-16T15:25:58.653+0000][2852.662s][info][gc             ] GC(1794) Pause Young (Allocation Failure) 23M->14M(31M) 1.258ms
[2025-04-16T15:25:58.653+0000][2852.662s][info][gc,cpu         ] GC(1794) User=0.00s Sys=0.00s Real=0.00s
[2025-04-16T15:26:00.328+0000][2854.337s][info][gc,start       ] GC(1795) Pause Young (Allocation Failure)
[2025-04-16T15:26:00.329+0000][2854.338s][info][gc,heap        ] GC(1795) DefNew: 9180K(10176K)->85K(10176K) Eden: 9088K(9088K)->0K(9088K) From: 92K(1088K)->85K(1088K)
[2025-04-16T15:26:00.329+0000][2854.338s][info][gc,heap        ] GC(1795) Tenured: 15146K(22484K)->15146K(22484K)
[2025-04-16T15:26:00.329+0000][2854.338s][info][gc,metaspace   ] GC(1795) Metaspace: 37468K(37824K)->37468K(37824K) NonClass: 33041K(33216K)->33041K(33216K) Class: 4426K(4608K)->4426K(4608K)
[2025-04-16T15:26:00.329+0000][2854.338s][info][gc             ] GC(1795) Pause Young (Allocation Failure) 23M->14M(31M) 1.300ms
[2025-04-16T15:26:00.329+0000][2854.338s][info][gc,cpu         ] GC(1795) User=0.00s Sys=0.00s Real=0.00s
[2025-04-16T15:26:01.766+0000][2855.775s][info][gc,start       ] GC(1796) Pause Young (Allocation Failure)
[2025-04-16T15:26:01.767+0000][2855.776s][info][gc,heap        ] GC(1796) DefNew: 9173K(10176K)->85K(10176K) Eden: 9088K(9088K)->0K(9088K) From: 85K(1088K)->85K(1088K)
[2025-04-16T15:26:01.767+0000][2855.776s][info][gc,heap        ] GC(1796) Tenured: 15146K(22484K)->15149K(22484K)
[2025-04-16T15:26:01.767+0000][2855.776s][info][gc,metaspace   ] GC(1796) Metaspace: 37468K(37824K)->37468K(37824K) NonClass: 33041K(33216K)->33041K(33216K) Class: 4426K(4608K)->4426K(4608K)
[2025-04-16T15:26:01.767+0000][2855.776s][info][gc             ] GC(1796) Pause Young (Allocation Failure) 23M->14M(31M) 1.335ms
[2025-04-16T15:26:01.767+0000][2855.776s][info][gc,cpu         ] GC(1796) User=0.00s Sys=0.00s Real=0.00s
[2025-04-16T15:26:03.453+0000][2857.462s][info][gc,start       ] GC(1797) Pause Young (Allocation Failure)
[2025-04-16T15:26:03.455+0000][2857.464s][info][gc,heap        ] GC(1797) DefNew: 9173K(10176K)->94K(10176K) Eden: 9087K(9088K)->0K(9088K) From: 85K(1088K)->94K(1088K)
[2025-04-16T15:26:03.455+0000][2857.464s][info][gc,heap        ] GC(1797) Tenured: 15149K(22484K)->15149K(22484K)
[2025-04-16T15:26:03.455+0000][2857.464s][info][gc,metaspace   ] GC(1797) Metaspace: 37468K(37824K)->37468K(37824K) NonClass: 33041K(33216K)->33041K(33216K) Class: 4426K(4608K)->4426K(4608K)
[2025-04-16T15:26:03.455+0000][2857.464s][info][gc             ] GC(1797) Pause Young (Allocation Failure) 23M->14M(31M) 1.245ms
[2025-04-16T15:26:03.455+0000][2857.464s][info][gc,cpu         ] GC(1797) User=0.00s Sys=0.00s Real=0.01s
[2025-04-16T15:26:04.845+0000][2858.854s][info][gc,start       ] GC(1798) Pause Young (Allocation Failure)
[2025-04-16T15:26:04.847+0000][2858.856s][info][gc,heap        ] GC(1798) DefNew: 9182K(10176K)->94K(10176K) Eden: 9088K(9088K)->0K(9088K) From: 94K(1088K)->94K(1088K)
[2025-04-16T15:26:04.847+0000][2858.856s][info][gc,heap        ] GC(1798) Tenured: 15149K(22484K)->15150K(22484K)
[2025-04-16T15:26:04.847+0000][2858.856s][info][gc,metaspace   ] GC(1798) Metaspace: 37468K(37824K)->37468K(37824K) NonClass: 33041K(33216K)->33041K(33216K) Class: 4426K(4608K)->4426K(4608K)
[2025-04-16T15:26:04.847+0000][2858.856s][info][gc             ] GC(1798) Pause Young (Allocation Failure) 23M->14M(31M) 1.359ms
[2025-04-16T15:26:04.847+0000][2858.856s][info][gc,cpu         ] GC(1798) User=0.00s Sys=0.00s Real=0.00s
[2025-04-16T15:26:06.586+0000][2860.595s][info][gc,start       ] GC(1799) Pause Young (Allocation Failure)
[2025-04-16T15:26:06.588+0000][2860.597s][info][gc,heap        ] GC(1799) DefNew: 9182K(10176K)->95K(10176K) Eden: 9088K(9088K)->0K(9088K) From: 94K(1088K)->95K(1088K)
[2025-04-16T15:26:06.588+0000][2860.597s][info][gc,heap        ] GC(1799) Tenured: 15150K(22484K)->15151K(22484K)
[2025-04-16T15:26:06.588+0000][2860.597s][info][gc,metaspace   ] GC(1799) Metaspace: 37468K(37824K)->37468K(37824K) NonClass: 33041K(33216K)->33041K(33216K) Class: 4426K(4608K)->4426K(4608K)
[2025-04-16T15:26:06.588+0000][2860.597s][info][gc             ] GC(1799) Pause Young (Allocation Failure) 23M->14M(31M) 1.330ms
[2025-04-16T15:26:06.588+0000][2860.597s][info][gc,cpu         ] GC(1799) User=0.00s Sys=0.00s Real=0.00s
[2025-04-16T15:26:08.288+0000][2862.297s][info][gc,start       ] GC(1800) Pause Young (Allocation Failure)
[2025-04-16T15:26:08.289+0000][2862.298s][info][gc,heap        ] GC(1800) DefNew: 9176K(10176K)->88K(10176K) Eden: 9080K(9088K)->0K(9088K) From: 95K(1088K)->88K(1088K)
[2025-04-16T15:26:08.289+0000][2862.298s][info][gc,heap        ] GC(1800) Tenured: 15151K(22484K)->15151K(22484K)
[2025-04-16T15:26:08.289+0000][2862.298s][info][gc,metaspace   ] GC(1800) Metaspace: 37468K(37824K)->37468K(37824K) NonClass: 33041K(33216K)->33041K(33216K) Class: 4426K(4608K)->4426K(4608K)
[2025-04-16T15:26:08.289+0000][2862.298s][info][gc             ] GC(1800) Pause Young (Allocation Failure) 23M->14M(31M) 1.162ms
[2025-04-16T15:26:08.289+0000][2862.298s][info][gc,cpu         ] GC(1800) User=0.01s Sys=0.00s Real=0.00s
[2025-04-16T15:26:09.954+0000][2863.963s][info][gc,start       ] GC(1801) Pause Young (Allocation Failure)
[2025-04-16T15:26:09.956+0000][2863.965s][info][gc,heap        ] GC(1801) DefNew: 9176K(10176K)->83K(10176K) Eden: 9088K(9088K)->0K(9088K) From: 88K(1088K)->83K(1088K)
[2025-04-16T15:26:09.956+0000][2863.965s][info][gc,heap        ] GC(1801) Tenured: 15151K(22484K)->15151K(22484K)
[2025-04-16T15:26:09.956+0000][2863.965s][info][gc,metaspace   ] GC(1801) Metaspace: 37468K(37824K)->37468K(37824K) NonClass: 33041K(33216K)->33041K(33216K) Class: 4426K(4608K)->4426K(4608K)
[2025-04-16T15:26:09.956+0000][2863.965s][info][gc             ] GC(1801) Pause Young (Allocation Failure) 23M->14M(31M) 1.306ms
[2025-04-16T15:26:09.956+0000][2863.965s][info][gc,cpu         ] GC(1801) User=0.00s Sys=0.00s Real=0.00s
[2025-04-16T15:26:11.675+0000][2865.684s][info][gc,start       ] GC(1802) Pause Young (Allocation Failure)
[2025-04-16T15:26:11.676+0000][2865.685s][info][gc,heap        ] GC(1802) DefNew: 9171K(10176K)->81K(10176K) Eden: 9087K(9088K)->0K(9088K) From: 83K(1088K)->81K(1088K)
[2025-04-16T15:26:11.676+0000][2865.685s][info][gc,heap        ] GC(1802) Tenured: 15151K(22484K)->15151K(22484K)
[2025-04-16T15:26:11.676+0000][2865.685s][info][gc,metaspace   ] GC(1802) Metaspace: 37468K(37824K)->37468K(37824K) NonClass: 33041K(33216K)->33041K(33216K) Class: 4426K(4608K)->4426K(4608K)
[2025-04-16T15:26:11.676+0000][2865.685s][info][gc             ] GC(1802) Pause Young (Allocation Failure) 23M->14M(31M) 1.322ms
[2025-04-16T15:26:11.676+0000][2865.685s][info][gc,cpu         ] GC(1802) User=0.00s Sys=0.00s Real=0.00s
[2025-04-16T15:26:13.144+0000][2867.153s][info][gc,start       ] GC(1803) Pause Young (Allocation Failure)
[2025-04-16T15:26:13.145+0000][2867.154s][info][gc,heap        ] GC(1803) DefNew: 9169K(10176K)->95K(10176K) Eden: 9088K(9088K)->0K(9088K) From: 81K(1088K)->95K(1088K)
[2025-04-16T15:26:13.145+0000][2867.154s][info][gc,heap        ] GC(1803) Tenured: 15151K(22484K)->15155K(22484K)
[2025-04-16T15:26:13.145+0000][2867.154s][info][gc,metaspace   ] GC(1803) Metaspace: 37468K(37824K)->37468K(37824K) NonClass: 33041K(33216K)->33041K(33216K) Class: 4426K(4608K)->4426K(4608K)
[2025-04-16T15:26:13.145+0000][2867.154s][info][gc             ] GC(1803) Pause Young (Allocation Failure) 23M->14M(31M) 1.316ms
[2025-04-16T15:26:13.145+0000][2867.154s][info][gc,cpu         ] GC(1803) User=0.00s Sys=0.00s Real=0.01s
[2025-04-16T15:26:14.705+0000][2868.714s][info][gc,start       ] GC(1804) Pause Young (Allocation Failure)
[2025-04-16T15:26:14.706+0000][2868.715s][info][gc,heap        ] GC(1804) DefNew: 9183K(10176K)->80K(10176K) Eden: 9088K(9088K)->0K(9088K) From: 95K(1088K)->80K(1088K)
[2025-04-16T15:26:14.706+0000][2868.715s][info][gc,heap        ] GC(1804) Tenured: 15155K(22484K)->15155K(22484K)
[2025-04-16T15:26:14.706+0000][2868.715s][info][gc,metaspace   ] GC(1804) Metaspace: 37468K(37824K)->37468K(37824K) NonClass: 33041K(33216K)->33041K(33216K) Class: 4426K(4608K)->4426K(4608K)
[2025-04-16T15:26:14.706+0000][2868.715s][info][gc             ] GC(1804) Pause Young (Allocation Failure) 23M->14M(31M) 1.284ms
[2025-04-16T15:26:14.706+0000][2868.715s][info][gc,cpu         ] GC(1804) User=0.01s Sys=0.00s Real=0.00s
[2025-04-16T15:26:16.365+0000][2870.374s][info][gc,start       ] GC(1805) Pause Young (Allocation Failure)
[2025-04-16T15:26:16.367+0000][2870.376s][info][gc,heap        ] GC(1805) DefNew: 9168K(10176K)->82K(10176K) Eden: 9088K(9088K)->0K(9088K) From: 80K(1088K)->82K(1088K)
[2025-04-16T15:26:16.367+0000][2870.376s][info][gc,heap        ] GC(1805) Tenured: 15155K(22484K)->15155K(22484K)
[2025-04-16T15:26:16.367+0000][2870.376s][info][gc,metaspace   ] GC(1805) Metaspace: 37468K(37824K)->37468K(37824K) NonClass: 33041K(33216K)->33041K(33216K) Class: 4426K(4608K)->4426K(4608K)
[2025-04-16T15:26:16.367+0000][2870.376s][info][gc             ] GC(1805) Pause Young (Allocation Failure) 23M->14M(31M) 1.395ms
[2025-04-16T15:26:16.367+0000][2870.376s][info][gc,cpu         ] GC(1805) User=0.00s Sys=0.00s Real=0.00s
[2025-04-16T15:26:18.005+0000][2872.014s][info][gc,start       ] GC(1806) Pause Young (Allocation Failure)
[2025-04-16T15:26:18.006+0000][2872.015s][info][gc,heap        ] GC(1806) DefNew: 9160K(10176K)->83K(10176K) Eden: 9078K(9088K)->0K(9088K) From: 82K(1088K)->83K(1088K)
[2025-04-16T15:26:18.006+0000][2872.015s][info][gc,heap        ] GC(1806) Tenured: 15155K(22484K)->15155K(22484K)
[2025-04-16T15:26:18.006+0000][2872.015s][info][gc,metaspace   ] GC(1806) Metaspace: 37468K(37824K)->37468K(37824K) NonClass: 33041K(33216K)->33041K(33216K) Class: 4426K(4608K)->4426K(4608K)
[2025-04-16T15:26:18.006+0000][2872.015s][info][gc             ] GC(1806) Pause Young (Allocation Failure) 23M->14M(31M) 1.358ms
[2025-04-16T15:26:18.006+0000][2872.015s][info][gc,cpu         ] GC(1806) User=0.00s Sys=0.00s Real=0.00s
[2025-04-16T15:26:19.561+0000][2873.570s][info][gc,start       ] GC(1807) Pause Young (Allocation Failure)
[2025-04-16T15:26:19.563+0000][2873.572s][info][gc,heap        ] GC(1807) DefNew: 9171K(10176K)->82K(10176K) Eden: 9088K(9088K)->0K(9088K) From: 83K(1088K)->82K(1088K)
[2025-04-16T15:26:19.563+0000][2873.572s][info][gc,heap        ] GC(1807) Tenured: 15155K(22484K)->15155K(22484K)
[2025-04-16T15:26:19.563+0000][2873.572s][info][gc,metaspace   ] GC(1807) Metaspace: 37468K(37824K)->37468K(37824K) NonClass: 33041K(33216K)->33041K(33216K) Class: 4426K(4608K)->4426K(4608K)
[2025-04-16T15:26:19.563+0000][2873.572s][info][gc             ] GC(1807) Pause Young (Allocation Failure) 23M->14M(31M) 1.262ms
[2025-04-16T15:26:19.563+0000][2873.572s][info][gc,cpu         ] GC(1807) User=0.00s Sys=0.00s Real=0.00s
[2025-04-16T15:26:21.149+0000][2875.158s][info][gc,start       ] GC(1808) Pause Young (Allocation Failure)
[2025-04-16T15:26:21.150+0000][2875.159s][info][gc,heap        ] GC(1808) DefNew: 9170K(10176K)->101K(10176K) Eden: 9088K(9088K)->0K(9088K) From: 82K(1088K)->101K(1088K)
[2025-04-16T15:26:21.150+0000][2875.159s][info][gc,heap        ] GC(1808) Tenured: 15155K(22484K)->15158K(22484K)
[2025-04-16T15:26:21.150+0000][2875.159s][info][gc,metaspace   ] GC(1808) Metaspace: 37468K(37824K)->37468K(37824K) NonClass: 33041K(33216K)->33041K(33216K) Class: 4426K(4608K)->4426K(4608K)
[2025-04-16T15:26:21.150+0000][2875.159s][info][gc             ] GC(1808) Pause Young (Allocation Failure) 23M->14M(31M) 1.359ms
[2025-04-16T15:26:21.150+0000][2875.159s][info][gc,cpu         ] GC(1808) User=0.00s Sys=0.00s Real=0.00s
[2025-04-16T15:26:22.864+0000][2876.873s][info][gc,start       ] GC(1809) Pause Young (Allocation Failure)
[2025-04-16T15:26:22.865+0000][2876.874s][info][gc,heap        ] GC(1809) DefNew: 9189K(10176K)->95K(10176K) Eden: 9088K(9088K)->0K(9088K) From: 101K(1088K)->95K(1088K)
[2025-04-16T15:26:22.865+0000][2876.874s][info][gc,heap        ] GC(1809) Tenured: 15158K(22484K)->15159K(22484K)
[2025-04-16T15:26:22.865+0000][2876.874s][info][gc,metaspace   ] GC(1809) Metaspace: 37468K(37824K)->37468K(37824K) NonClass: 33041K(33216K)->33041K(33216K) Class: 4426K(4608K)->4426K(4608K)
[2025-04-16T15:26:22.865+0000][2876.874s][info][gc             ] GC(1809) Pause Young (Allocation Failure) 23M->14M(31M) 1.360ms
[2025-04-16T15:26:22.865+0000][2876.874s][info][gc,cpu         ] GC(1809) User=0.01s Sys=0.00s Real=0.01s
[2025-04-16T15:26:24.253+0000][2878.262s][info][gc,start       ] GC(1810) Pause Young (Allocation Failure)
[2025-04-16T15:26:24.254+0000][2878.263s][info][gc,heap        ] GC(1810) DefNew: 9183K(10176K)->82K(10176K) Eden: 9088K(9088K)->0K(9088K) From: 95K(1088K)->82K(1088K)
[2025-04-16T15:26:24.254+0000][2878.263s][info][gc,heap        ] GC(1810) Tenured: 15159K(22484K)->15159K(22484K)
[2025-04-16T15:26:24.254+0000][2878.263s][info][gc,metaspace   ] GC(1810) Metaspace: 37468K(37824K)->37468K(37824K) NonClass: 33041K(33216K)->33041K(33216K) Class: 4426K(4608K)->4426K(4608K)
[2025-04-16T15:26:24.254+0000][2878.263s][info][gc             ] GC(1810) Pause Young (Allocation Failure) 23M->14M(31M) 1.337ms
[2025-04-16T15:26:24.254+0000][2878.263s][info][gc,cpu         ] GC(1810) User=0.00s Sys=0.00s Real=0.01s
[2025-04-16T15:26:25.747+0000][2879.756s][info][gc,start       ] GC(1811) Pause Young (Allocation Failure)
[2025-04-16T15:26:25.748+0000][2879.757s][info][gc,heap        ] GC(1811) DefNew: 9160K(10176K)->83K(10176K) Eden: 9078K(9088K)->0K(9088K) From: 82K(1088K)->83K(1088K)
[2025-04-16T15:26:25.748+0000][2879.757s][info][gc,heap        ] GC(1811) Tenured: 15159K(22484K)->15159K(22484K)
[2025-04-16T15:26:25.748+0000][2879.757s][info][gc,metaspace   ] GC(1811) Metaspace: 37468K(37824K)->37468K(37824K) NonClass: 33041K(33216K)->33041K(33216K) Class: 4426K(4608K)->4426K(4608K)
[2025-04-16T15:26:25.748+0000][2879.757s][info][gc             ] GC(1811) Pause Young (Allocation Failure) 23M->14M(31M) 1.296ms
[2025-04-16T15:26:25.748+0000][2879.757s][info][gc,cpu         ] GC(1811) User=0.00s Sys=0.00s Real=0.00s
[2025-04-16T15:26:27.273+0000][2881.282s][info][gc,start       ] GC(1812) Pause Young (Allocation Failure)
[2025-04-16T15:26:27.275+0000][2881.284s][info][gc,heap        ] GC(1812) DefNew: 9171K(10176K)->86K(10176K) Eden: 9088K(9088K)->0K(9088K) From: 83K(1088K)->86K(1088K)
[2025-04-16T15:26:27.275+0000][2881.284s][info][gc,heap        ] GC(1812) Tenured: 15159K(22484K)->15159K(22484K)
[2025-04-16T15:26:27.275+0000][2881.284s][info][gc,metaspace   ] GC(1812) Metaspace: 37468K(37824K)->37468K(37824K) NonClass: 33041K(33216K)->33041K(33216K) Class: 4426K(4608K)->4426K(4608K)
[2025-04-16T15:26:27.275+0000][2881.284s][info][gc             ] GC(1812) Pause Young (Allocation Failure) 23M->14M(31M) 1.392ms
[2025-04-16T15:26:27.275+0000][2881.284s][info][gc,cpu         ] GC(1812) User=0.00s Sys=0.00s Real=0.01s
[2025-04-16T15:26:28.807+0000][2882.817s][info][gc,start       ] GC(1813) Pause Young (Allocation Failure)
[2025-04-16T15:26:28.809+0000][2882.818s][info][gc,heap        ] GC(1813) DefNew: 9174K(10176K)->78K(10176K) Eden: 9088K(9088K)->0K(9088K) From: 86K(1088K)->78K(1088K)
[2025-04-16T15:26:28.809+0000][2882.818s][info][gc,heap        ] GC(1813) Tenured: 15159K(22484K)->15159K(22484K)
[2025-04-16T15:26:28.809+0000][2882.818s][info][gc,metaspace   ] GC(1813) Metaspace: 37468K(37824K)->37468K(37824K) NonClass: 33041K(33216K)->33041K(33216K) Class: 4426K(4608K)->4426K(4608K)
[2025-04-16T15:26:28.809+0000][2882.818s][info][gc             ] GC(1813) Pause Young (Allocation Failure) 23M->14M(31M) 1.261ms
[2025-04-16T15:26:28.809+0000][2882.818s][info][gc,cpu         ] GC(1813) User=0.00s Sys=0.00s Real=0.00s
[2025-04-16T15:26:30.558+0000][2884.567s][info][gc,start       ] GC(1814) Pause Young (Allocation Failure)
[2025-04-16T15:26:30.559+0000][2884.568s][info][gc,heap        ] GC(1814) DefNew: 9166K(10176K)->101K(10176K) Eden: 9088K(9088K)->0K(9088K) From: 78K(1088K)->101K(1088K)
[2025-04-16T15:26:30.559+0000][2884.568s][info][gc,heap        ] GC(1814) Tenured: 15159K(22484K)->15159K(22484K)
[2025-04-16T15:26:30.559+0000][2884.568s][info][gc,metaspace   ] GC(1814) Metaspace: 37468K(37824K)->37468K(37824K) NonClass: 33041K(33216K)->33041K(33216K) Class: 4426K(4608K)->4426K(4608K)
[2025-04-16T15:26:30.559+0000][2884.568s][info][gc             ] GC(1814) Pause Young (Allocation Failure) 23M->14M(31M) 1.359ms
[2025-04-16T15:26:30.559+0000][2884.568s][info][gc,cpu         ] GC(1814) User=0.00s Sys=0.00s Real=0.00s
[2025-04-16T15:26:32.242+0000][2886.251s][info][gc,start       ] GC(1815) Pause Young (Allocation Failure)
[2025-04-16T15:26:32.243+0000][2886.252s][info][gc,heap        ] GC(1815) DefNew: 9187K(10176K)->93K(10176K) Eden: 9085K(9088K)->0K(9088K) From: 101K(1088K)->93K(1088K)
[2025-04-16T15:26:32.243+0000][2886.252s][info][gc,heap        ] GC(1815) Tenured: 15159K(22484K)->15160K(22484K)
[2025-04-16T15:26:32.243+0000][2886.252s][info][gc,metaspace   ] GC(1815) Metaspace: 37468K(37824K)->37468K(37824K) NonClass: 33041K(33216K)->33041K(33216K) Class: 4426K(4608K)->4426K(4608K)
[2025-04-16T15:26:32.243+0000][2886.252s][info][gc             ] GC(1815) Pause Young (Allocation Failure) 23M->14M(31M) 1.188ms
[2025-04-16T15:26:32.243+0000][2886.252s][info][gc,cpu         ] GC(1815) User=0.00s Sys=0.00s Real=0.00s
[2025-04-16T15:26:33.874+0000][2887.883s][info][gc,start       ] GC(1816) Pause Young (Allocation Failure)
[2025-04-16T15:26:33.876+0000][2887.885s][info][gc,heap        ] GC(1816) DefNew: 9175K(10176K)->104K(10176K) Eden: 9082K(9088K)->0K(9088K) From: 93K(1088K)->104K(1088K)
[2025-04-16T15:26:33.876+0000][2887.885s][info][gc,heap        ] GC(1816) Tenured: 15160K(22484K)->15160K(22484K)
[2025-04-16T15:26:33.876+0000][2887.885s][info][gc,metaspace   ] GC(1816) Metaspace: 37468K(37824K)->37468K(37824K) NonClass: 33041K(33216K)->33041K(33216K) Class: 4426K(4608K)->4426K(4608K)
[2025-04-16T15:26:33.876+0000][2887.885s][info][gc             ] GC(1816) Pause Young (Allocation Failure) 23M->14M(31M) 1.307ms
[2025-04-16T15:26:33.876+0000][2887.885s][info][gc,cpu         ] GC(1816) User=0.00s Sys=0.00s Real=0.00s
[2025-04-16T15:26:35.532+0000][2889.541s][info][gc,start       ] GC(1817) Pause Young (Allocation Failure)
[2025-04-16T15:26:35.533+0000][2889.542s][info][gc,heap        ] GC(1817) DefNew: 9192K(10176K)->85K(10176K) Eden: 9087K(9088K)->0K(9088K) From: 104K(1088K)->85K(1088K)
[2025-04-16T15:26:35.533+0000][2889.542s][info][gc,heap        ] GC(1817) Tenured: 15160K(22484K)->15163K(22484K)
[2025-04-16T15:26:35.533+0000][2889.542s][info][gc,metaspace   ] GC(1817) Metaspace: 37468K(37824K)->37468K(37824K) NonClass: 33041K(33216K)->33041K(33216K) Class: 4426K(4608K)->4426K(4608K)
[2025-04-16T15:26:35.533+0000][2889.542s][info][gc             ] GC(1817) Pause Young (Allocation Failure) 23M->14M(31M) 1.247ms
[2025-04-16T15:26:35.533+0000][2889.542s][info][gc,cpu         ] GC(1817) User=0.00s Sys=0.00s Real=0.00s
[2025-04-16T15:26:37.104+0000][2891.113s][info][gc,start       ] GC(1818) Pause Young (Allocation Failure)
[2025-04-16T15:26:37.105+0000][2891.114s][info][gc,heap        ] GC(1818) DefNew: 9173K(10176K)->85K(10176K) Eden: 9088K(9088K)->0K(9088K) From: 85K(1088K)->85K(1088K)
[2025-04-16T15:26:37.105+0000][2891.114s][info][gc,heap        ] GC(1818) Tenured: 15163K(22484K)->15163K(22484K)
[2025-04-16T15:26:37.105+0000][2891.114s][info][gc,metaspace   ] GC(1818) Metaspace: 37468K(37824K)->37468K(37824K) NonClass: 33041K(33216K)->33041K(33216K) Class: 4426K(4608K)->4426K(4608K)
[2025-04-16T15:26:37.105+0000][2891.114s][info][gc             ] GC(1818) Pause Young (Allocation Failure) 23M->14M(31M) 1.261ms
[2025-04-16T15:26:37.105+0000][2891.114s][info][gc,cpu         ] GC(1818) User=0.00s Sys=0.00s Real=0.01s
[2025-04-16T15:26:38.573+0000][2892.582s][info][gc,start       ] GC(1819) Pause Young (Allocation Failure)
[2025-04-16T15:26:38.574+0000][2892.583s][info][gc,heap        ] GC(1819) DefNew: 9173K(10176K)->87K(10176K) Eden: 9088K(9088K)->0K(9088K) From: 85K(1088K)->87K(1088K)
[2025-04-16T15:26:38.574+0000][2892.583s][info][gc,heap        ] GC(1819) Tenured: 15163K(22484K)->15164K(22484K)
[2025-04-16T15:26:38.574+0000][2892.583s][info][gc,metaspace   ] GC(1819) Metaspace: 37468K(37824K)->37468K(37824K) NonClass: 33041K(33216K)->33041K(33216K) Class: 4426K(4608K)->4426K(4608K)
[2025-04-16T15:26:38.574+0000][2892.583s][info][gc             ] GC(1819) Pause Young (Allocation Failure) 23M->14M(31M) 1.384ms
[2025-04-16T15:26:38.574+0000][2892.583s][info][gc,cpu         ] GC(1819) User=0.00s Sys=0.00s Real=0.01s
[2025-04-16T15:26:40.321+0000][2894.330s][info][gc,start       ] GC(1820) Pause Young (Allocation Failure)
[2025-04-16T15:26:40.322+0000][2894.331s][info][gc,heap        ] GC(1820) DefNew: 9175K(10176K)->101K(10176K) Eden: 9088K(9088K)->0K(9088K) From: 87K(1088K)->101K(1088K)
[2025-04-16T15:26:40.322+0000][2894.331s][info][gc,heap        ] GC(1820) Tenured: 15164K(22484K)->15164K(22484K)
[2025-04-16T15:26:40.322+0000][2894.331s][info][gc,metaspace   ] GC(1820) Metaspace: 37468K(37824K)->37468K(37824K) NonClass: 33041K(33216K)->33041K(33216K) Class: 4426K(4608K)->4426K(4608K)
[2025-04-16T15:26:40.322+0000][2894.331s][info][gc             ] GC(1820) Pause Young (Allocation Failure) 23M->14M(31M) 1.330ms
[2025-04-16T15:26:40.322+0000][2894.331s][info][gc,cpu         ] GC(1820) User=0.00s Sys=0.00s Real=0.00s
[2025-04-16T15:26:41.977+0000][2895.986s][info][gc,start       ] GC(1821) Pause Young (Allocation Failure)
[2025-04-16T15:26:41.978+0000][2895.987s][info][gc,heap        ] GC(1821) DefNew: 9189K(10176K)->96K(10176K) Eden: 9088K(9088K)->0K(9088K) From: 101K(1088K)->96K(1088K)
[2025-04-16T15:26:41.978+0000][2895.987s][info][gc,heap        ] GC(1821) Tenured: 15164K(22484K)->15164K(22484K)
[2025-04-16T15:26:41.978+0000][2895.987s][info][gc,metaspace   ] GC(1821) Metaspace: 37468K(37824K)->37468K(37824K) NonClass: 33041K(33216K)->33041K(33216K) Class: 4426K(4608K)->4426K(4608K)
[2025-04-16T15:26:41.978+0000][2895.987s][info][gc             ] GC(1821) Pause Young (Allocation Failure) 23M->14M(31M) 1.264ms
[2025-04-16T15:26:41.978+0000][2895.987s][info][gc,cpu         ] GC(1821) User=0.00s Sys=0.00s Real=0.00s
[2025-04-16T15:26:43.501+0000][2897.510s][info][gc,start       ] GC(1822) Pause Young (Allocation Failure)
[2025-04-16T15:26:43.502+0000][2897.511s][info][gc,heap        ] GC(1822) DefNew: 9184K(10176K)->75K(10176K) Eden: 9088K(9088K)->0K(9088K) From: 96K(1088K)->75K(1088K)
[2025-04-16T15:26:43.502+0000][2897.511s][info][gc,heap        ] GC(1822) Tenured: 15164K(22484K)->15165K(22484K)
[2025-04-16T15:26:43.502+0000][2897.511s][info][gc,metaspace   ] GC(1822) Metaspace: 37468K(37824K)->37468K(37824K) NonClass: 33041K(33216K)->33041K(33216K) Class: 4426K(4608K)->4426K(4608K)
[2025-04-16T15:26:43.502+0000][2897.511s][info][gc             ] GC(1822) Pause Young (Allocation Failure) 23M->14M(31M) 1.228ms
[2025-04-16T15:26:43.502+0000][2897.511s][info][gc,cpu         ] GC(1822) User=0.00s Sys=0.00s Real=0.00s
[2025-04-16T15:26:45.174+0000][2899.183s][info][gc,start       ] GC(1823) Pause Young (Allocation Failure)
[2025-04-16T15:26:45.175+0000][2899.184s][info][gc,heap        ] GC(1823) DefNew: 9163K(10176K)->87K(10176K) Eden: 9088K(9088K)->0K(9088K) From: 75K(1088K)->87K(1088K)
[2025-04-16T15:26:45.175+0000][2899.184s][info][gc,heap        ] GC(1823) Tenured: 15165K(22484K)->15165K(22484K)
[2025-04-16T15:26:45.175+0000][2899.184s][info][gc,metaspace   ] GC(1823) Metaspace: 37468K(37824K)->37468K(37824K) NonClass: 33041K(33216K)->33041K(33216K) Class: 4426K(4608K)->4426K(4608K)
[2025-04-16T15:26:45.175+0000][2899.184s][info][gc             ] GC(1823) Pause Young (Allocation Failure) 23M->14M(31M) 1.335ms
[2025-04-16T15:26:45.175+0000][2899.184s][info][gc,cpu         ] GC(1823) User=0.00s Sys=0.00s Real=0.01s
[2025-04-16T15:26:46.780+0000][2900.789s][info][gc,start       ] GC(1824) Pause Young (Allocation Failure)
[2025-04-16T15:26:46.781+0000][2900.790s][info][gc,heap        ] GC(1824) DefNew: 9175K(10176K)->104K(10176K) Eden: 9087K(9088K)->0K(9088K) From: 87K(1088K)->104K(1088K)
[2025-04-16T15:26:46.781+0000][2900.790s][info][gc,heap        ] GC(1824) Tenured: 15165K(22484K)->15165K(22484K)
[2025-04-16T15:26:46.781+0000][2900.790s][info][gc,metaspace   ] GC(1824) Metaspace: 37468K(37824K)->37468K(37824K) NonClass: 33041K(33216K)->33041K(33216K) Class: 4426K(4608K)->4426K(4608K)
[2025-04-16T15:26:46.781+0000][2900.790s][info][gc             ] GC(1824) Pause Young (Allocation Failure) 23M->14M(31M) 1.364ms
[2025-04-16T15:26:46.781+0000][2900.790s][info][gc,cpu         ] GC(1824) User=0.00s Sys=0.01s Real=0.00s
[2025-04-16T15:26:48.308+0000][2902.317s][info][gc,start       ] GC(1825) Pause Young (Allocation Failure)
[2025-04-16T15:26:48.309+0000][2902.318s][info][gc,heap        ] GC(1825) DefNew: 9192K(10176K)->100K(10176K) Eden: 9088K(9088K)->0K(9088K) From: 104K(1088K)->100K(1088K)
[2025-04-16T15:26:48.309+0000][2902.318s][info][gc,heap        ] GC(1825) Tenured: 15165K(22484K)->15168K(22484K)
[2025-04-16T15:26:48.309+0000][2902.318s][info][gc,metaspace   ] GC(1825) Metaspace: 37468K(37824K)->37468K(37824K) NonClass: 33041K(33216K)->33041K(33216K) Class: 4426K(4608K)->4426K(4608K)
[2025-04-16T15:26:48.309+0000][2902.318s][info][gc             ] GC(1825) Pause Young (Allocation Failure) 23M->14M(31M) 1.294ms
[2025-04-16T15:26:48.309+0000][2902.318s][info][gc,cpu         ] GC(1825) User=0.00s Sys=0.00s Real=0.00s
[2025-04-16T15:26:49.887+0000][2903.896s][info][gc,start       ] GC(1826) Pause Young (Allocation Failure)
[2025-04-16T15:26:49.888+0000][2903.897s][info][gc,heap        ] GC(1826) DefNew: 9188K(10176K)->90K(10176K) Eden: 9087K(9088K)->0K(9088K) From: 100K(1088K)->90K(1088K)
[2025-04-16T15:26:49.888+0000][2903.897s][info][gc,heap        ] GC(1826) Tenured: 15168K(22484K)->15168K(22484K)
[2025-04-16T15:26:49.888+0000][2903.897s][info][gc,metaspace   ] GC(1826) Metaspace: 37468K(37824K)->37468K(37824K) NonClass: 33041K(33216K)->33041K(33216K) Class: 4426K(4608K)->4426K(4608K)
[2025-04-16T15:26:49.888+0000][2903.897s][info][gc             ] GC(1826) Pause Young (Allocation Failure) 23M->14M(31M) 1.208ms
[2025-04-16T15:26:49.888+0000][2903.897s][info][gc,cpu         ] GC(1826) User=0.00s Sys=0.00s Real=0.00s
[2025-04-16T15:26:51.615+0000][2905.624s][info][gc,start       ] GC(1827) Pause Young (Allocation Failure)
[2025-04-16T15:26:51.617+0000][2905.626s][info][gc,heap        ] GC(1827) DefNew: 9178K(10176K)->86K(10176K) Eden: 9088K(9088K)->0K(9088K) From: 90K(1088K)->86K(1088K)
[2025-04-16T15:26:51.617+0000][2905.626s][info][gc,heap        ] GC(1827) Tenured: 15168K(22484K)->15169K(22484K)
[2025-04-16T15:26:51.617+0000][2905.626s][info][gc,metaspace   ] GC(1827) Metaspace: 37468K(37824K)->37468K(37824K) NonClass: 33041K(33216K)->33041K(33216K) Class: 4426K(4608K)->4426K(4608K)
[2025-04-16T15:26:51.617+0000][2905.626s][info][gc             ] GC(1827) Pause Young (Allocation Failure) 23M->14M(31M) 1.428ms
[2025-04-16T15:26:51.617+0000][2905.626s][info][gc,cpu         ] GC(1827) User=0.00s Sys=0.00s Real=0.00s
[2025-04-16T15:26:53.450+0000][2907.459s][info][gc,start       ] GC(1828) Pause Young (Allocation Failure)
[2025-04-16T15:26:53.451+0000][2907.460s][info][gc,heap        ] GC(1828) DefNew: 9174K(10176K)->85K(10176K) Eden: 9088K(9088K)->0K(9088K) From: 86K(1088K)->85K(1088K)
[2025-04-16T15:26:53.451+0000][2907.460s][info][gc,heap        ] GC(1828) Tenured: 15169K(22484K)->15169K(22484K)
[2025-04-16T15:26:53.451+0000][2907.460s][info][gc,metaspace   ] GC(1828) Metaspace: 37468K(37824K)->37468K(37824K) NonClass: 33041K(33216K)->33041K(33216K) Class: 4426K(4608K)->4426K(4608K)
[2025-04-16T15:26:53.451+0000][2907.460s][info][gc             ] GC(1828) Pause Young (Allocation Failure) 23M->14M(31M) 1.230ms
[2025-04-16T15:26:53.451+0000][2907.460s][info][gc,cpu         ] GC(1828) User=0.00s Sys=0.00s Real=0.00s
[2025-04-16T15:26:54.855+0000][2908.864s][info][gc,start       ] GC(1829) Pause Young (Allocation Failure)
[2025-04-16T15:26:54.856+0000][2908.865s][info][gc,heap        ] GC(1829) DefNew: 9173K(10176K)->102K(10176K) Eden: 9088K(9088K)->0K(9088K) From: 85K(1088K)->102K(1088K)
[2025-04-16T15:26:54.856+0000][2908.865s][info][gc,heap        ] GC(1829) Tenured: 15169K(22484K)->15171K(22484K)
[2025-04-16T15:26:54.856+0000][2908.865s][info][gc,metaspace   ] GC(1829) Metaspace: 37468K(37824K)->37468K(37824K) NonClass: 33041K(33216K)->33041K(33216K) Class: 4426K(4608K)->4426K(4608K)
[2025-04-16T15:26:54.856+0000][2908.865s][info][gc             ] GC(1829) Pause Young (Allocation Failure) 23M->14M(31M) 1.188ms
[2025-04-16T15:26:54.856+0000][2908.865s][info][gc,cpu         ] GC(1829) User=0.00s Sys=0.00s Real=0.00s
[2025-04-16T15:26:56.390+0000][2910.399s][info][gc,start       ] GC(1830) Pause Young (Allocation Failure)
[2025-04-16T15:26:56.392+0000][2910.401s][info][gc,heap        ] GC(1830) DefNew: 9185K(10176K)->89K(10176K) Eden: 9083K(9088K)->0K(9088K) From: 102K(1088K)->89K(1088K)
[2025-04-16T15:26:56.392+0000][2910.401s][info][gc,heap        ] GC(1830) Tenured: 15171K(22484K)->15174K(22484K)
[2025-04-16T15:26:56.392+0000][2910.401s][info][gc,metaspace   ] GC(1830) Metaspace: 37468K(37824K)->37468K(37824K) NonClass: 33041K(33216K)->33041K(33216K) Class: 4426K(4608K)->4426K(4608K)
[2025-04-16T15:26:56.392+0000][2910.401s][info][gc             ] GC(1830) Pause Young (Allocation Failure) 23M->14M(31M) 1.358ms
[2025-04-16T15:26:56.392+0000][2910.401s][info][gc,cpu         ] GC(1830) User=0.00s Sys=0.00s Real=0.00s
[2025-04-16T15:26:58.121+0000][2912.130s][info][gc,start       ] GC(1831) Pause Young (Allocation Failure)
[2025-04-16T15:26:58.122+0000][2912.131s][info][gc,heap        ] GC(1831) DefNew: 9177K(10176K)->80K(10176K) Eden: 9088K(9088K)->0K(9088K) From: 89K(1088K)->80K(1088K)
[2025-04-16T15:26:58.122+0000][2912.131s][info][gc,heap        ] GC(1831) Tenured: 15174K(22484K)->15174K(22484K)
[2025-04-16T15:26:58.122+0000][2912.131s][info][gc,metaspace   ] GC(1831) Metaspace: 37468K(37824K)->37468K(37824K) NonClass: 33041K(33216K)->33041K(33216K) Class: 4426K(4608K)->4426K(4608K)
[2025-04-16T15:26:58.122+0000][2912.131s][info][gc             ] GC(1831) Pause Young (Allocation Failure) 23M->14M(31M) 1.235ms
[2025-04-16T15:26:58.122+0000][2912.131s][info][gc,cpu         ] GC(1831) User=0.00s Sys=0.00s Real=0.00s
[2025-04-16T15:26:59.726+0000][2913.735s][info][gc,start       ] GC(1832) Pause Young (Allocation Failure)
[2025-04-16T15:26:59.727+0000][2913.736s][info][gc,heap        ] GC(1832) DefNew: 9168K(10176K)->78K(10176K) Eden: 9088K(9088K)->0K(9088K) From: 80K(1088K)->78K(1088K)
[2025-04-16T15:26:59.727+0000][2913.736s][info][gc,heap        ] GC(1832) Tenured: 15174K(22484K)->15175K(22484K)
[2025-04-16T15:26:59.727+0000][2913.736s][info][gc,metaspace   ] GC(1832) Metaspace: 37468K(37824K)->37468K(37824K) NonClass: 33041K(33216K)->33041K(33216K) Class: 4426K(4608K)->4426K(4608K)
[2025-04-16T15:26:59.727+0000][2913.736s][info][gc             ] GC(1832) Pause Young (Allocation Failure) 23M->14M(31M) 1.223ms
[2025-04-16T15:26:59.727+0000][2913.736s][info][gc,cpu         ] GC(1832) User=0.00s Sys=0.00s Real=0.00s
[2025-04-16T15:27:01.261+0000][2915.270s][info][gc,start       ] GC(1833) Pause Young (Allocation Failure)
[2025-04-16T15:27:01.262+0000][2915.271s][info][gc,heap        ] GC(1833) DefNew: 9166K(10176K)->81K(10176K) Eden: 9088K(9088K)->0K(9088K) From: 78K(1088K)->81K(1088K)
[2025-04-16T15:27:01.262+0000][2915.271s][info][gc,heap        ] GC(1833) Tenured: 15175K(22484K)->15175K(22484K)
[2025-04-16T15:27:01.262+0000][2915.271s][info][gc,metaspace   ] GC(1833) Metaspace: 37468K(37824K)->37468K(37824K) NonClass: 33041K(33216K)->33041K(33216K) Class: 4426K(4608K)->4426K(4608K)
[2025-04-16T15:27:01.262+0000][2915.271s][info][gc             ] GC(1833) Pause Young (Allocation Failure) 23M->14M(31M) 1.315ms
[2025-04-16T15:27:01.262+0000][2915.271s][info][gc,cpu         ] GC(1833) User=0.00s Sys=0.00s Real=0.00s
[2025-04-16T15:27:02.864+0000][2916.873s][info][gc,start       ] GC(1834) Pause Young (Allocation Failure)
[2025-04-16T15:27:02.865+0000][2916.874s][info][gc,heap        ] GC(1834) DefNew: 9169K(10176K)->96K(10176K) Eden: 9088K(9088K)->0K(9088K) From: 81K(1088K)->96K(1088K)
[2025-04-16T15:27:02.865+0000][2916.874s][info][gc,heap        ] GC(1834) Tenured: 15175K(22484K)->15178K(22484K)
[2025-04-16T15:27:02.865+0000][2916.874s][info][gc,metaspace   ] GC(1834) Metaspace: 37468K(37824K)->37468K(37824K) NonClass: 33041K(33216K)->33041K(33216K) Class: 4426K(4608K)->4426K(4608K)
[2025-04-16T15:27:02.865+0000][2916.874s][info][gc             ] GC(1834) Pause Young (Allocation Failure) 23M->14M(31M) 1.302ms
[2025-04-16T15:27:02.865+0000][2916.874s][info][gc,cpu         ] GC(1834) User=0.00s Sys=0.00s Real=0.00s
[2025-04-16T15:27:04.593+0000][2918.602s][info][gc,start       ] GC(1835) Pause Young (Allocation Failure)
[2025-04-16T15:27:04.594+0000][2918.603s][info][gc,heap        ] GC(1835) DefNew: 9184K(10176K)->96K(10176K) Eden: 9088K(9088K)->0K(9088K) From: 96K(1088K)->96K(1088K)
[2025-04-16T15:27:04.594+0000][2918.603s][info][gc,heap        ] GC(1835) Tenured: 15178K(22484K)->15178K(22484K)
[2025-04-16T15:27:04.594+0000][2918.603s][info][gc,metaspace   ] GC(1835) Metaspace: 37468K(37824K)->37468K(37824K) NonClass: 33041K(33216K)->33041K(33216K) Class: 4426K(4608K)->4426K(4608K)
[2025-04-16T15:27:04.594+0000][2918.604s][info][gc             ] GC(1835) Pause Young (Allocation Failure) 23M->14M(31M) 1.325ms
[2025-04-16T15:27:04.594+0000][2918.604s][info][gc,cpu         ] GC(1835) User=0.01s Sys=0.00s Real=0.01s
[2025-04-16T15:27:06.335+0000][2920.344s][info][gc,start       ] GC(1836) Pause Young (Allocation Failure)
[2025-04-16T15:27:06.336+0000][2920.345s][info][gc,heap        ] GC(1836) DefNew: 9180K(10176K)->76K(10176K) Eden: 9083K(9088K)->0K(9088K) From: 96K(1088K)->76K(1088K)
[2025-04-16T15:27:06.336+0000][2920.345s][info][gc,heap        ] GC(1836) Tenured: 15178K(22484K)->15180K(22484K)
[2025-04-16T15:27:06.336+0000][2920.345s][info][gc,metaspace   ] GC(1836) Metaspace: 37468K(37824K)->37468K(37824K) NonClass: 33041K(33216K)->33041K(33216K) Class: 4426K(4608K)->4426K(4608K)
[2025-04-16T15:27:06.336+0000][2920.345s][info][gc             ] GC(1836) Pause Young (Allocation Failure) 23M->14M(31M) 1.316ms
[2025-04-16T15:27:06.336+0000][2920.346s][info][gc,cpu         ] GC(1836) User=0.00s Sys=0.00s Real=0.00s
[2025-04-16T15:27:07.654+0000][2921.663s][info][gc,start       ] GC(1837) Pause Young (Allocation Failure)
[2025-04-16T15:27:07.655+0000][2921.664s][info][gc,heap        ] GC(1837) DefNew: 9151K(10176K)->80K(10176K) Eden: 9074K(9088K)->0K(9088K) From: 76K(1088K)->80K(1088K)
[2025-04-16T15:27:07.655+0000][2921.664s][info][gc,heap        ] GC(1837) Tenured: 15180K(22484K)->15180K(22484K)
[2025-04-16T15:27:07.655+0000][2921.664s][info][gc,metaspace   ] GC(1837) Metaspace: 37468K(37824K)->37468K(37824K) NonClass: 33041K(33216K)->33041K(33216K) Class: 4426K(4608K)->4426K(4608K)
[2025-04-16T15:27:07.655+0000][2921.664s][info][gc             ] GC(1837) Pause Young (Allocation Failure) 23M->14M(31M) 1.327ms
[2025-04-16T15:27:07.655+0000][2921.664s][info][gc,cpu         ] GC(1837) User=0.00s Sys=0.00s Real=0.01s
[2025-04-16T15:27:09.108+0000][2923.117s][info][gc,start       ] GC(1838) Pause Young (Allocation Failure)
[2025-04-16T15:27:09.110+0000][2923.119s][info][gc,heap        ] GC(1838) DefNew: 9168K(10176K)->77K(10176K) Eden: 9088K(9088K)->0K(9088K) From: 80K(1088K)->77K(1088K)
[2025-04-16T15:27:09.110+0000][2923.119s][info][gc,heap        ] GC(1838) Tenured: 15180K(22484K)->15180K(22484K)
[2025-04-16T15:27:09.110+0000][2923.119s][info][gc,metaspace   ] GC(1838) Metaspace: 37468K(37824K)->37468K(37824K) NonClass: 33041K(33216K)->33041K(33216K) Class: 4426K(4608K)->4426K(4608K)
[2025-04-16T15:27:09.110+0000][2923.119s][info][gc             ] GC(1838) Pause Young (Allocation Failure) 23M->14M(31M) 1.270ms
[2025-04-16T15:27:09.110+0000][2923.119s][info][gc,cpu         ] GC(1838) User=0.00s Sys=0.00s Real=0.00s
[2025-04-16T15:27:10.794+0000][2924.803s][info][gc,start       ] GC(1839) Pause Young (Allocation Failure)
[2025-04-16T15:27:10.795+0000][2924.804s][info][gc,heap        ] GC(1839) DefNew: 9165K(10176K)->80K(10176K) Eden: 9088K(9088K)->0K(9088K) From: 77K(1088K)->80K(1088K)
[2025-04-16T15:27:10.795+0000][2924.804s][info][gc,heap        ] GC(1839) Tenured: 15180K(22484K)->15181K(22484K)
[2025-04-16T15:27:10.795+0000][2924.804s][info][gc,metaspace   ] GC(1839) Metaspace: 37468K(37824K)->37468K(37824K) NonClass: 33041K(33216K)->33041K(33216K) Class: 4426K(4608K)->4426K(4608K)
[2025-04-16T15:27:10.795+0000][2924.804s][info][gc             ] GC(1839) Pause Young (Allocation Failure) 23M->14M(31M) 1.397ms
[2025-04-16T15:27:10.795+0000][2924.804s][info][gc,cpu         ] GC(1839) User=0.00s Sys=0.00s Real=0.00s
[2025-04-16T15:27:12.414+0000][2926.423s][info][gc,start       ] GC(1840) Pause Young (Allocation Failure)
[2025-04-16T15:27:12.415+0000][2926.424s][info][gc,heap        ] GC(1840) DefNew: 9168K(10176K)->100K(10176K) Eden: 9088K(9088K)->0K(9088K) From: 80K(1088K)->100K(1088K)
[2025-04-16T15:27:12.415+0000][2926.424s][info][gc,heap        ] GC(1840) Tenured: 15181K(22484K)->15183K(22484K)
[2025-04-16T15:27:12.415+0000][2926.424s][info][gc,metaspace   ] GC(1840) Metaspace: 37468K(37824K)->37468K(37824K) NonClass: 33041K(33216K)->33041K(33216K) Class: 4426K(4608K)->4426K(4608K)
[2025-04-16T15:27:12.415+0000][2926.424s][info][gc             ] GC(1840) Pause Young (Allocation Failure) 23M->14M(31M) 1.339ms
[2025-04-16T15:27:12.415+0000][2926.424s][info][gc,cpu         ] GC(1840) User=0.00s Sys=0.00s Real=0.01s
[2025-04-16T15:27:14.026+0000][2928.035s][info][gc,start       ] GC(1841) Pause Young (Allocation Failure)
[2025-04-16T15:27:14.028+0000][2928.037s][info][gc,heap        ] GC(1841) DefNew: 9188K(10176K)->80K(10176K) Eden: 9088K(9088K)->0K(9088K) From: 100K(1088K)->80K(1088K)
[2025-04-16T15:27:14.028+0000][2928.037s][info][gc,heap        ] GC(1841) Tenured: 15183K(22484K)->15183K(22484K)
[2025-04-16T15:27:14.028+0000][2928.037s][info][gc,metaspace   ] GC(1841) Metaspace: 37468K(37824K)->37468K(37824K) NonClass: 33041K(33216K)->33041K(33216K) Class: 4426K(4608K)->4426K(4608K)
[2025-04-16T15:27:14.028+0000][2928.037s][info][gc             ] GC(1841) Pause Young (Allocation Failure) 23M->14M(31M) 1.334ms
[2025-04-16T15:27:14.028+0000][2928.037s][info][gc,cpu         ] GC(1841) User=0.00s Sys=0.00s Real=0.00s
[2025-04-16T15:27:15.682+0000][2929.691s][info][gc,start       ] GC(1842) Pause Young (Allocation Failure)
[2025-04-16T15:27:15.683+0000][2929.692s][info][gc,heap        ] GC(1842) DefNew: 9168K(10176K)->76K(10176K) Eden: 9088K(9088K)->0K(9088K) From: 80K(1088K)->76K(1088K)
[2025-04-16T15:27:15.683+0000][2929.692s][info][gc,heap        ] GC(1842) Tenured: 15183K(22484K)->15184K(22484K)
[2025-04-16T15:27:15.683+0000][2929.692s][info][gc,metaspace   ] GC(1842) Metaspace: 37468K(37824K)->37468K(37824K) NonClass: 33041K(33216K)->33041K(33216K) Class: 4426K(4608K)->4426K(4608K)
[2025-04-16T15:27:15.683+0000][2929.692s][info][gc             ] GC(1842) Pause Young (Allocation Failure) 23M->14M(31M) 1.311ms
[2025-04-16T15:27:15.683+0000][2929.692s][info][gc,cpu         ] GC(1842) User=0.00s Sys=0.00s Real=0.00s
[2025-04-16T15:27:17.514+0000][2931.523s][info][gc,start       ] GC(1843) Pause Young (Allocation Failure)
[2025-04-16T15:27:17.516+0000][2931.525s][info][gc,heap        ] GC(1843) DefNew: 9164K(10176K)->85K(10176K) Eden: 9088K(9088K)->0K(9088K) From: 76K(1088K)->85K(1088K)
[2025-04-16T15:27:17.516+0000][2931.525s][info][gc,heap        ] GC(1843) Tenured: 15184K(22484K)->15184K(22484K)
[2025-04-16T15:27:17.516+0000][2931.525s][info][gc,metaspace   ] GC(1843) Metaspace: 37468K(37824K)->37468K(37824K) NonClass: 33041K(33216K)->33041K(33216K) Class: 4426K(4608K)->4426K(4608K)
[2025-04-16T15:27:17.516+0000][2931.525s][info][gc             ] GC(1843) Pause Young (Allocation Failure) 23M->14M(31M) 1.317ms
[2025-04-16T15:27:17.516+0000][2931.525s][info][gc,cpu         ] GC(1843) User=0.00s Sys=0.00s Real=0.00s
[2025-04-16T15:27:18.995+0000][2933.005s][info][gc,start       ] GC(1844) Pause Young (Allocation Failure)
[2025-04-16T15:27:18.997+0000][2933.006s][info][gc,heap        ] GC(1844) DefNew: 9173K(10176K)->90K(10176K) Eden: 9088K(9088K)->0K(9088K) From: 85K(1088K)->90K(1088K)
[2025-04-16T15:27:18.997+0000][2933.006s][info][gc,heap        ] GC(1844) Tenured: 15184K(22484K)->15184K(22484K)
[2025-04-16T15:27:18.997+0000][2933.006s][info][gc,metaspace   ] GC(1844) Metaspace: 37468K(37824K)->37468K(37824K) NonClass: 33041K(33216K)->33041K(33216K) Class: 4426K(4608K)->4426K(4608K)
[2025-04-16T15:27:18.997+0000][2933.006s][info][gc             ] GC(1844) Pause Young (Allocation Failure) 23M->14M(31M) 1.329ms
[2025-04-16T15:27:18.997+0000][2933.006s][info][gc,cpu         ] GC(1844) User=0.00s Sys=0.00s Real=0.00s
[2025-04-16T15:27:20.418+0000][2934.427s][info][gc,start       ] GC(1845) Pause Young (Allocation Failure)
[2025-04-16T15:27:20.419+0000][2934.428s][info][gc,heap        ] GC(1845) DefNew: 9178K(10176K)->74K(10176K) Eden: 9088K(9088K)->0K(9088K) From: 90K(1088K)->74K(1088K)
[2025-04-16T15:27:20.419+0000][2934.428s][info][gc,heap        ] GC(1845) Tenured: 15184K(22484K)->15184K(22484K)
[2025-04-16T15:27:20.419+0000][2934.428s][info][gc,metaspace   ] GC(1845) Metaspace: 37468K(37824K)->37468K(37824K) NonClass: 33041K(33216K)->33041K(33216K) Class: 4426K(4608K)->4426K(4608K)
[2025-04-16T15:27:20.419+0000][2934.428s][info][gc             ] GC(1845) Pause Young (Allocation Failure) 23M->14M(31M) 1.277ms
[2025-04-16T15:27:20.419+0000][2934.428s][info][gc,cpu         ] GC(1845) User=0.01s Sys=0.00s Real=0.00s
[2025-04-16T15:27:22.194+0000][2936.203s][info][gc,start       ] GC(1846) Pause Young (Allocation Failure)
[2025-04-16T15:27:22.196+0000][2936.205s][info][gc,heap        ] GC(1846) DefNew: 9162K(10176K)->64K(10176K) Eden: 9088K(9088K)->0K(9088K) From: 74K(1088K)->64K(1088K)
[2025-04-16T15:27:22.196+0000][2936.205s][info][gc,heap        ] GC(1846) Tenured: 15184K(22484K)->15184K(22484K)
[2025-04-16T15:27:22.196+0000][2936.205s][info][gc,metaspace   ] GC(1846) Metaspace: 37468K(37824K)->37468K(37824K) NonClass: 33041K(33216K)->33041K(33216K) Class: 4426K(4608K)->4426K(4608K)
[2025-04-16T15:27:22.196+0000][2936.205s][info][gc             ] GC(1846) Pause Young (Allocation Failure) 23M->14M(31M) 1.436ms
[2025-04-16T15:27:22.196+0000][2936.205s][info][gc,cpu         ] GC(1846) User=0.00s Sys=0.00s Real=0.00s
[2025-04-16T15:27:24.148+0000][2938.157s][info][gc,start       ] GC(1847) Pause Young (Allocation Failure)
[2025-04-16T15:27:24.149+0000][2938.158s][info][gc,heap        ] GC(1847) DefNew: 9150K(10176K)->77K(10176K) Eden: 9086K(9088K)->0K(9088K) From: 64K(1088K)->77K(1088K)
[2025-04-16T15:27:24.149+0000][2938.158s][info][gc,heap        ] GC(1847) Tenured: 15184K(22484K)->15184K(22484K)
[2025-04-16T15:27:24.149+0000][2938.158s][info][gc,metaspace   ] GC(1847) Metaspace: 37468K(37824K)->37468K(37824K) NonClass: 33041K(33216K)->33041K(33216K) Class: 4426K(4608K)->4426K(4608K)
[2025-04-16T15:27:24.149+0000][2938.158s][info][gc             ] GC(1847) Pause Young (Allocation Failure) 23M->14M(31M) 1.231ms
[2025-04-16T15:27:24.149+0000][2938.158s][info][gc,cpu         ] GC(1847) User=0.00s Sys=0.00s Real=0.00s
[2025-04-16T15:27:25.510+0000][2939.519s][info][gc,start       ] GC(1848) Pause Young (Allocation Failure)
[2025-04-16T15:27:25.511+0000][2939.520s][info][gc,heap        ] GC(1848) DefNew: 9165K(10176K)->74K(10176K) Eden: 9088K(9088K)->0K(9088K) From: 77K(1088K)->74K(1088K)
[2025-04-16T15:27:25.511+0000][2939.521s][info][gc,heap        ] GC(1848) Tenured: 15184K(22484K)->15184K(22484K)
[2025-04-16T15:27:25.512+0000][2939.521s][info][gc,metaspace   ] GC(1848) Metaspace: 37468K(37824K)->37468K(37824K) NonClass: 33041K(33216K)->33041K(33216K) Class: 4426K(4608K)->4426K(4608K)
[2025-04-16T15:27:25.512+0000][2939.521s][info][gc             ] GC(1848) Pause Young (Allocation Failure) 23M->14M(31M) 1.263ms
[2025-04-16T15:27:25.512+0000][2939.521s][info][gc,cpu         ] GC(1848) User=0.00s Sys=0.00s Real=0.00s
[2025-04-16T15:27:27.045+0000][2941.054s][info][gc,start       ] GC(1849) Pause Young (Allocation Failure)
[2025-04-16T15:27:27.046+0000][2941.055s][info][gc,heap        ] GC(1849) DefNew: 9162K(10176K)->74K(10176K) Eden: 9087K(9088K)->0K(9088K) From: 74K(1088K)->74K(1088K)
[2025-04-16T15:27:27.046+0000][2941.055s][info][gc,heap        ] GC(1849) Tenured: 15184K(22484K)->15185K(22484K)
[2025-04-16T15:27:27.046+0000][2941.055s][info][gc,metaspace   ] GC(1849) Metaspace: 37468K(37824K)->37468K(37824K) NonClass: 33041K(33216K)->33041K(33216K) Class: 4426K(4608K)->4426K(4608K)
[2025-04-16T15:27:27.046+0000][2941.055s][info][gc             ] GC(1849) Pause Young (Allocation Failure) 23M->14M(31M) 1.346ms
[2025-04-16T15:27:27.046+0000][2941.055s][info][gc,cpu         ] GC(1849) User=0.00s Sys=0.00s Real=0.00s
[2025-04-16T15:27:28.568+0000][2942.577s][info][gc,start       ] GC(1850) Pause Young (Allocation Failure)
[2025-04-16T15:27:28.569+0000][2942.578s][info][gc,heap        ] GC(1850) DefNew: 9162K(10176K)->90K(10176K) Eden: 9088K(9088K)->0K(9088K) From: 74K(1088K)->90K(1088K)
[2025-04-16T15:27:28.569+0000][2942.578s][info][gc,heap        ] GC(1850) Tenured: 15185K(22484K)->15185K(22484K)
[2025-04-16T15:27:28.569+0000][2942.578s][info][gc,metaspace   ] GC(1850) Metaspace: 37468K(37824K)->37468K(37824K) NonClass: 33041K(33216K)->33041K(33216K) Class: 4426K(4608K)->4426K(4608K)
[2025-04-16T15:27:28.569+0000][2942.578s][info][gc             ] GC(1850) Pause Young (Allocation Failure) 23M->14M(31M) 1.393ms
[2025-04-16T15:27:28.569+0000][2942.578s][info][gc,cpu         ] GC(1850) User=0.00s Sys=0.00s Real=0.00s
[2025-04-16T15:27:29.994+0000][2944.003s][info][gc,start       ] GC(1851) Pause Young (Allocation Failure)
[2025-04-16T15:27:29.995+0000][2944.004s][info][gc,heap        ] GC(1851) DefNew: 9175K(10176K)->74K(10176K) Eden: 9085K(9088K)->0K(9088K) From: 90K(1088K)->74K(1088K)
[2025-04-16T15:27:29.995+0000][2944.004s][info][gc,heap        ] GC(1851) Tenured: 15185K(22484K)->15185K(22484K)
[2025-04-16T15:27:29.995+0000][2944.004s][info][gc,metaspace   ] GC(1851) Metaspace: 37468K(37824K)->37468K(37824K) NonClass: 33041K(33216K)->33041K(33216K) Class: 4426K(4608K)->4426K(4608K)
[2025-04-16T15:27:29.995+0000][2944.004s][info][gc             ] GC(1851) Pause Young (Allocation Failure) 23M->14M(31M) 1.212ms
[2025-04-16T15:27:29.995+0000][2944.004s][info][gc,cpu         ] GC(1851) User=0.00s Sys=0.00s Real=0.00s
[2025-04-16T15:27:31.818+0000][2945.827s][info][gc,start       ] GC(1852) Pause Young (Allocation Failure)
[2025-04-16T15:27:31.820+0000][2945.829s][info][gc,heap        ] GC(1852) DefNew: 9162K(10176K)->95K(10176K) Eden: 9088K(9088K)->0K(9088K) From: 74K(1088K)->95K(1088K)
[2025-04-16T15:27:31.820+0000][2945.829s][info][gc,heap        ] GC(1852) Tenured: 15185K(22484K)->15185K(22484K)
[2025-04-16T15:27:31.820+0000][2945.829s][info][gc,metaspace   ] GC(1852) Metaspace: 37468K(37824K)->37468K(37824K) NonClass: 33041K(33216K)->33041K(33216K) Class: 4426K(4608K)->4426K(4608K)
[2025-04-16T15:27:31.820+0000][2945.829s][info][gc             ] GC(1852) Pause Young (Allocation Failure) 23M->14M(31M) 1.367ms
[2025-04-16T15:27:31.820+0000][2945.829s][info][gc,cpu         ] GC(1852) User=0.00s Sys=0.00s Real=0.00s
[2025-04-16T15:27:33.464+0000][2947.473s][info][gc,start       ] GC(1853) Pause Young (Allocation Failure)
[2025-04-16T15:27:33.465+0000][2947.474s][info][gc,heap        ] GC(1853) DefNew: 9183K(10176K)->75K(10176K) Eden: 9088K(9088K)->0K(9088K) From: 95K(1088K)->75K(1088K)
[2025-04-16T15:27:33.465+0000][2947.474s][info][gc,heap        ] GC(1853) Tenured: 15185K(22484K)->15185K(22484K)
[2025-04-16T15:27:33.465+0000][2947.474s][info][gc,metaspace   ] GC(1853) Metaspace: 37468K(37824K)->37468K(37824K) NonClass: 33041K(33216K)->33041K(33216K) Class: 4426K(4608K)->4426K(4608K)
[2025-04-16T15:27:33.465+0000][2947.474s][info][gc             ] GC(1853) Pause Young (Allocation Failure) 23M->14M(31M) 1.314ms
[2025-04-16T15:27:33.465+0000][2947.474s][info][gc,cpu         ] GC(1853) User=0.00s Sys=0.01s Real=0.01s
[2025-04-16T15:27:35.034+0000][2949.043s][info][gc,start       ] GC(1854) Pause Young (Allocation Failure)
[2025-04-16T15:27:35.035+0000][2949.044s][info][gc,heap        ] GC(1854) DefNew: 9163K(10176K)->76K(10176K) Eden: 9087K(9088K)->0K(9088K) From: 75K(1088K)->76K(1088K)
[2025-04-16T15:27:35.035+0000][2949.044s][info][gc,heap        ] GC(1854) Tenured: 15185K(22484K)->15185K(22484K)
[2025-04-16T15:27:35.035+0000][2949.044s][info][gc,metaspace   ] GC(1854) Metaspace: 37468K(37824K)->37468K(37824K) NonClass: 33041K(33216K)->33041K(33216K) Class: 4426K(4608K)->4426K(4608K)
[2025-04-16T15:27:35.035+0000][2949.044s][info][gc             ] GC(1854) Pause Young (Allocation Failure) 23M->14M(31M) 1.344ms
[2025-04-16T15:27:35.035+0000][2949.045s][info][gc,cpu         ] GC(1854) User=0.00s Sys=0.00s Real=0.00s
[2025-04-16T15:27:36.536+0000][2950.545s][info][gc,start       ] GC(1855) Pause Young (Allocation Failure)
[2025-04-16T15:27:36.537+0000][2950.546s][info][gc,heap        ] GC(1855) DefNew: 9164K(10176K)->91K(10176K) Eden: 9088K(9088K)->0K(9088K) From: 76K(1088K)->91K(1088K)
[2025-04-16T15:27:36.537+0000][2950.546s][info][gc,heap        ] GC(1855) Tenured: 15185K(22484K)->15185K(22484K)
[2025-04-16T15:27:36.537+0000][2950.546s][info][gc,metaspace   ] GC(1855) Metaspace: 37468K(37824K)->37468K(37824K) NonClass: 33041K(33216K)->33041K(33216K) Class: 4426K(4608K)->4426K(4608K)
[2025-04-16T15:27:36.537+0000][2950.546s][info][gc             ] GC(1855) Pause Young (Allocation Failure) 23M->14M(31M) 1.169ms
[2025-04-16T15:27:36.537+0000][2950.546s][info][gc,cpu         ] GC(1855) User=0.00s Sys=0.00s Real=0.00s
[2025-04-16T15:27:38.100+0000][2952.109s][info][gc,start       ] GC(1856) Pause Young (Allocation Failure)
[2025-04-16T15:27:38.102+0000][2952.111s][info][gc,heap        ] GC(1856) DefNew: 9179K(10176K)->87K(10176K) Eden: 9088K(9088K)->0K(9088K) From: 91K(1088K)->87K(1088K)
[2025-04-16T15:27:38.102+0000][2952.111s][info][gc,heap        ] GC(1856) Tenured: 15185K(22484K)->15185K(22484K)
[2025-04-16T15:27:38.102+0000][2952.111s][info][gc,metaspace   ] GC(1856) Metaspace: 37468K(37824K)->37468K(37824K) NonClass: 33041K(33216K)->33041K(33216K) Class: 4426K(4608K)->4426K(4608K)
[2025-04-16T15:27:38.102+0000][2952.111s][info][gc             ] GC(1856) Pause Young (Allocation Failure) 23M->14M(31M) 1.351ms
[2025-04-16T15:27:38.102+0000][2952.111s][info][gc,cpu         ] GC(1856) User=0.00s Sys=0.00s Real=0.00s
[2025-04-16T15:27:40.139+0000][2954.149s][info][gc,start       ] GC(1857) Pause Young (Allocation Failure)
[2025-04-16T15:27:40.141+0000][2954.150s][info][gc,heap        ] GC(1857) DefNew: 9175K(10176K)->78K(10176K) Eden: 9088K(9088K)->0K(9088K) From: 87K(1088K)->78K(1088K)
[2025-04-16T15:27:40.141+0000][2954.150s][info][gc,heap        ] GC(1857) Tenured: 15185K(22484K)->15185K(22484K)
[2025-04-16T15:27:40.141+0000][2954.150s][info][gc,metaspace   ] GC(1857) Metaspace: 37468K(37824K)->37468K(37824K) NonClass: 33041K(33216K)->33041K(33216K) Class: 4426K(4608K)->4426K(4608K)
[2025-04-16T15:27:40.141+0000][2954.150s][info][gc             ] GC(1857) Pause Young (Allocation Failure) 23M->14M(31M) 1.300ms
[2025-04-16T15:27:40.141+0000][2954.150s][info][gc,cpu         ] GC(1857) User=0.01s Sys=0.00s Real=0.00s
[2025-04-16T15:27:41.888+0000][2955.897s][info][gc,start       ] GC(1858) Pause Young (Allocation Failure)
[2025-04-16T15:27:41.890+0000][2955.899s][info][gc,heap        ] GC(1858) DefNew: 9166K(10176K)->86K(10176K) Eden: 9088K(9088K)->0K(9088K) From: 78K(1088K)->86K(1088K)
[2025-04-16T15:27:41.890+0000][2955.899s][info][gc,heap        ] GC(1858) Tenured: 15185K(22484K)->15185K(22484K)
[2025-04-16T15:27:41.890+0000][2955.899s][info][gc,metaspace   ] GC(1858) Metaspace: 37468K(37824K)->37468K(37824K) NonClass: 33041K(33216K)->33041K(33216K) Class: 4426K(4608K)->4426K(4608K)
[2025-04-16T15:27:41.890+0000][2955.899s][info][gc             ] GC(1858) Pause Young (Allocation Failure) 23M->14M(31M) 1.352ms
[2025-04-16T15:27:41.890+0000][2955.899s][info][gc,cpu         ] GC(1858) User=0.01s Sys=0.00s Real=0.00s
[2025-04-16T15:27:43.133+0000][2957.142s][info][gc,start       ] GC(1859) Pause Young (Allocation Failure)
[2025-04-16T15:27:43.135+0000][2957.144s][info][gc,heap        ] GC(1859) DefNew: 9174K(10176K)->92K(10176K) Eden: 9088K(9088K)->0K(9088K) From: 86K(1088K)->92K(1088K)
[2025-04-16T15:27:43.135+0000][2957.144s][info][gc,heap        ] GC(1859) Tenured: 15185K(22484K)->15185K(22484K)
[2025-04-16T15:27:43.135+0000][2957.144s][info][gc,metaspace   ] GC(1859) Metaspace: 37468K(37824K)->37468K(37824K) NonClass: 33041K(33216K)->33041K(33216K) Class: 4426K(4608K)->4426K(4608K)
[2025-04-16T15:27:43.135+0000][2957.144s][info][gc             ] GC(1859) Pause Young (Allocation Failure) 23M->14M(31M) 1.545ms
[2025-04-16T15:27:43.135+0000][2957.144s][info][gc,cpu         ] GC(1859) User=0.00s Sys=0.00s Real=0.01s
[2025-04-16T15:27:44.981+0000][2958.990s][info][gc,start       ] GC(1860) Pause Young (Allocation Failure)
[2025-04-16T15:27:44.982+0000][2958.991s][info][gc,heap        ] GC(1860) DefNew: 9180K(10176K)->91K(10176K) Eden: 9088K(9088K)->0K(9088K) From: 92K(1088K)->91K(1088K)
[2025-04-16T15:27:44.982+0000][2958.991s][info][gc,heap        ] GC(1860) Tenured: 15185K(22484K)->15186K(22484K)
[2025-04-16T15:27:44.982+0000][2958.991s][info][gc,metaspace   ] GC(1860) Metaspace: 37468K(37824K)->37468K(37824K) NonClass: 33041K(33216K)->33041K(33216K) Class: 4426K(4608K)->4426K(4608K)
[2025-04-16T15:27:44.982+0000][2958.992s][info][gc             ] GC(1860) Pause Young (Allocation Failure) 23M->14M(31M) 1.308ms
[2025-04-16T15:27:44.982+0000][2958.992s][info][gc,cpu         ] GC(1860) User=0.00s Sys=0.00s Real=0.00s
[2025-04-16T15:27:46.765+0000][2960.774s][info][gc,start       ] GC(1861) Pause Young (Allocation Failure)
[2025-04-16T15:27:46.767+0000][2960.776s][info][gc,heap        ] GC(1861) DefNew: 9179K(10176K)->74K(10176K) Eden: 9088K(9088K)->0K(9088K) From: 91K(1088K)->74K(1088K)
[2025-04-16T15:27:46.767+0000][2960.776s][info][gc,heap        ] GC(1861) Tenured: 15186K(22484K)->15186K(22484K)
[2025-04-16T15:27:46.767+0000][2960.776s][info][gc,metaspace   ] GC(1861) Metaspace: 37468K(37824K)->37468K(37824K) NonClass: 33041K(33216K)->33041K(33216K) Class: 4426K(4608K)->4426K(4608K)
[2025-04-16T15:27:46.767+0000][2960.776s][info][gc             ] GC(1861) Pause Young (Allocation Failure) 23M->14M(31M) 1.271ms
[2025-04-16T15:27:46.767+0000][2960.776s][info][gc,cpu         ] GC(1861) User=0.00s Sys=0.00s Real=0.00s
[2025-04-16T15:27:48.154+0000][2962.163s][info][gc,start       ] GC(1862) Pause Young (Allocation Failure)
[2025-04-16T15:27:48.155+0000][2962.164s][info][gc,heap        ] GC(1862) DefNew: 9162K(10176K)->73K(10176K) Eden: 9088K(9088K)->0K(9088K) From: 74K(1088K)->73K(1088K)
[2025-04-16T15:27:48.155+0000][2962.165s][info][gc,heap        ] GC(1862) Tenured: 15186K(22484K)->15186K(22484K)
[2025-04-16T15:27:48.155+0000][2962.165s][info][gc,metaspace   ] GC(1862) Metaspace: 37468K(37824K)->37468K(37824K) NonClass: 33041K(33216K)->33041K(33216K) Class: 4426K(4608K)->4426K(4608K)
[2025-04-16T15:27:48.156+0000][2962.165s][info][gc             ] GC(1862) Pause Young (Allocation Failure) 23M->14M(31M) 1.333ms
[2025-04-16T15:27:48.156+0000][2962.165s][info][gc,cpu         ] GC(1862) User=0.00s Sys=0.00s Real=0.00s
[2025-04-16T15:27:49.822+0000][2963.831s][info][gc,start       ] GC(1863) Pause Young (Allocation Failure)
[2025-04-16T15:27:49.823+0000][2963.832s][info][gc,heap        ] GC(1863) DefNew: 9161K(10176K)->77K(10176K) Eden: 9088K(9088K)->0K(9088K) From: 73K(1088K)->77K(1088K)
[2025-04-16T15:27:49.823+0000][2963.832s][info][gc,heap        ] GC(1863) Tenured: 15186K(22484K)->15186K(22484K)
[2025-04-16T15:27:49.823+0000][2963.832s][info][gc,metaspace   ] GC(1863) Metaspace: 37468K(37824K)->37468K(37824K) NonClass: 33041K(33216K)->33041K(33216K) Class: 4426K(4608K)->4426K(4608K)
[2025-04-16T15:27:49.823+0000][2963.832s][info][gc             ] GC(1863) Pause Young (Allocation Failure) 23M->14M(31M) 1.269ms
[2025-04-16T15:27:49.823+0000][2963.832s][info][gc,cpu         ] GC(1863) User=0.00s Sys=0.00s Real=0.00s
[2025-04-16T15:27:51.467+0000][2965.476s][info][gc,start       ] GC(1864) Pause Young (Allocation Failure)
[2025-04-16T15:27:51.468+0000][2965.477s][info][gc,heap        ] GC(1864) DefNew: 9165K(10176K)->86K(10176K) Eden: 9088K(9088K)->0K(9088K) From: 77K(1088K)->86K(1088K)
[2025-04-16T15:27:51.468+0000][2965.477s][info][gc,heap        ] GC(1864) Tenured: 15186K(22484K)->15187K(22484K)
[2025-04-16T15:27:51.468+0000][2965.477s][info][gc,metaspace   ] GC(1864) Metaspace: 37468K(37824K)->37468K(37824K) NonClass: 33041K(33216K)->33041K(33216K) Class: 4426K(4608K)->4426K(4608K)
[2025-04-16T15:27:51.468+0000][2965.477s][info][gc             ] GC(1864) Pause Young (Allocation Failure) 23M->14M(31M) 1.317ms
[2025-04-16T15:27:51.468+0000][2965.477s][info][gc,cpu         ] GC(1864) User=0.01s Sys=0.00s Real=0.00s
[2025-04-16T15:27:52.975+0000][2966.984s][info][gc,start       ] GC(1865) Pause Young (Allocation Failure)
[2025-04-16T15:27:52.976+0000][2966.985s][info][gc,heap        ] GC(1865) DefNew: 9174K(10176K)->98K(10176K) Eden: 9088K(9088K)->0K(9088K) From: 86K(1088K)->98K(1088K)
[2025-04-16T15:27:52.976+0000][2966.985s][info][gc,heap        ] GC(1865) Tenured: 15187K(22484K)->15187K(22484K)
[2025-04-16T15:27:52.976+0000][2966.985s][info][gc,metaspace   ] GC(1865) Metaspace: 37468K(37824K)->37468K(37824K) NonClass: 33041K(33216K)->33041K(33216K) Class: 4426K(4608K)->4426K(4608K)
[2025-04-16T15:27:52.976+0000][2966.985s][info][gc             ] GC(1865) Pause Young (Allocation Failure) 23M->14M(31M) 1.385ms
[2025-04-16T15:27:52.976+0000][2966.985s][info][gc,cpu         ] GC(1865) User=0.01s Sys=0.00s Real=0.00s
[2025-04-16T15:27:54.651+0000][2968.660s][info][gc,start       ] GC(1866) Pause Young (Allocation Failure)
[2025-04-16T15:27:54.652+0000][2968.661s][info][gc,heap        ] GC(1866) DefNew: 9186K(10176K)->91K(10176K) Eden: 9088K(9088K)->0K(9088K) From: 98K(1088K)->91K(1088K)
[2025-04-16T15:27:54.652+0000][2968.661s][info][gc,heap        ] GC(1866) Tenured: 15187K(22484K)->15187K(22484K)
[2025-04-16T15:27:54.652+0000][2968.661s][info][gc,metaspace   ] GC(1866) Metaspace: 37468K(37824K)->37468K(37824K) NonClass: 33041K(33216K)->33041K(33216K) Class: 4426K(4608K)->4426K(4608K)
[2025-04-16T15:27:54.652+0000][2968.661s][info][gc             ] GC(1866) Pause Young (Allocation Failure) 23M->14M(31M) 1.340ms
[2025-04-16T15:27:54.652+0000][2968.661s][info][gc,cpu         ] GC(1866) User=0.00s Sys=0.00s Real=0.00s
[2025-04-16T15:27:56.153+0000][2970.162s][info][gc,start       ] GC(1867) Pause Young (Allocation Failure)
[2025-04-16T15:27:56.154+0000][2970.163s][info][gc,heap        ] GC(1867) DefNew: 9179K(10176K)->91K(10176K) Eden: 9087K(9088K)->0K(9088K) From: 91K(1088K)->91K(1088K)
[2025-04-16T15:27:56.154+0000][2970.163s][info][gc,heap        ] GC(1867) Tenured: 15187K(22484K)->15187K(22484K)
[2025-04-16T15:27:56.154+0000][2970.163s][info][gc,metaspace   ] GC(1867) Metaspace: 37468K(37824K)->37468K(37824K) NonClass: 33041K(33216K)->33041K(33216K) Class: 4426K(4608K)->4426K(4608K)
[2025-04-16T15:27:56.154+0000][2970.163s][info][gc             ] GC(1867) Pause Young (Allocation Failure) 23M->14M(31M) 1.307ms
[2025-04-16T15:27:56.154+0000][2970.163s][info][gc,cpu         ] GC(1867) User=0.00s Sys=0.00s Real=0.00s
[2025-04-16T15:27:57.700+0000][2971.709s][info][gc,start       ] GC(1868) Pause Young (Allocation Failure)
[2025-04-16T15:27:57.701+0000][2971.710s][info][gc,heap        ] GC(1868) DefNew: 9179K(10176K)->83K(10176K) Eden: 9088K(9088K)->0K(9088K) From: 91K(1088K)->83K(1088K)
[2025-04-16T15:27:57.701+0000][2971.710s][info][gc,heap        ] GC(1868) Tenured: 15187K(22484K)->15188K(22484K)
[2025-04-16T15:27:57.701+0000][2971.710s][info][gc,metaspace   ] GC(1868) Metaspace: 37468K(37824K)->37468K(37824K) NonClass: 33041K(33216K)->33041K(33216K) Class: 4426K(4608K)->4426K(4608K)
[2025-04-16T15:27:57.701+0000][2971.711s][info][gc             ] GC(1868) Pause Young (Allocation Failure) 23M->14M(31M) 1.313ms
[2025-04-16T15:27:57.701+0000][2971.711s][info][gc,cpu         ] GC(1868) User=0.00s Sys=0.00s Real=0.00s
[2025-04-16T15:27:59.528+0000][2973.537s][info][gc,start       ] GC(1869) Pause Young (Allocation Failure)
[2025-04-16T15:27:59.529+0000][2973.538s][info][gc,heap        ] GC(1869) DefNew: 9171K(10176K)->74K(10176K) Eden: 9088K(9088K)->0K(9088K) From: 83K(1088K)->74K(1088K)
[2025-04-16T15:27:59.529+0000][2973.538s][info][gc,heap        ] GC(1869) Tenured: 15188K(22484K)->15189K(22484K)
[2025-04-16T15:27:59.529+0000][2973.538s][info][gc,metaspace   ] GC(1869) Metaspace: 37468K(37824K)->37468K(37824K) NonClass: 33041K(33216K)->33041K(33216K) Class: 4426K(4608K)->4426K(4608K)
[2025-04-16T15:27:59.529+0000][2973.538s][info][gc             ] GC(1869) Pause Young (Allocation Failure) 23M->14M(31M) 1.230ms
[2025-04-16T15:27:59.529+0000][2973.538s][info][gc,cpu         ] GC(1869) User=0.00s Sys=0.00s Real=0.00s
[2025-04-16T15:28:01.266+0000][2975.275s][info][gc,start       ] GC(1870) Pause Young (Allocation Failure)
[2025-04-16T15:28:01.267+0000][2975.276s][info][gc,heap        ] GC(1870) DefNew: 9162K(10176K)->76K(10176K) Eden: 9088K(9088K)->0K(9088K) From: 74K(1088K)->76K(1088K)
[2025-04-16T15:28:01.267+0000][2975.276s][info][gc,heap        ] GC(1870) Tenured: 15189K(22484K)->15189K(22484K)
[2025-04-16T15:28:01.267+0000][2975.276s][info][gc,metaspace   ] GC(1870) Metaspace: 37468K(37824K)->37468K(37824K) NonClass: 33041K(33216K)->33041K(33216K) Class: 4426K(4608K)->4426K(4608K)
[2025-04-16T15:28:01.267+0000][2975.276s][info][gc             ] GC(1870) Pause Young (Allocation Failure) 23M->14M(31M) 1.279ms
[2025-04-16T15:28:01.267+0000][2975.276s][info][gc,cpu         ] GC(1870) User=0.00s Sys=0.00s Real=0.00s
[2025-04-16T15:28:02.738+0000][2976.747s][info][gc,start       ] GC(1871) Pause Young (Allocation Failure)
[2025-04-16T15:28:02.739+0000][2976.748s][info][gc,heap        ] GC(1871) DefNew: 9164K(10176K)->90K(10176K) Eden: 9087K(9088K)->0K(9088K) From: 76K(1088K)->90K(1088K)
[2025-04-16T15:28:02.739+0000][2976.748s][info][gc,heap        ] GC(1871) Tenured: 15189K(22484K)->15189K(22484K)
[2025-04-16T15:28:02.739+0000][2976.748s][info][gc,metaspace   ] GC(1871) Metaspace: 37468K(37824K)->37468K(37824K) NonClass: 33041K(33216K)->33041K(33216K) Class: 4426K(4608K)->4426K(4608K)
[2025-04-16T15:28:02.739+0000][2976.748s][info][gc             ] GC(1871) Pause Young (Allocation Failure) 23M->14M(31M) 1.318ms
[2025-04-16T15:28:02.739+0000][2976.748s][info][gc,cpu         ] GC(1871) User=0.01s Sys=0.00s Real=0.00s
[2025-04-16T15:28:04.386+0000][2978.395s][info][gc,start       ] GC(1872) Pause Young (Allocation Failure)
[2025-04-16T15:28:04.387+0000][2978.396s][info][gc,heap        ] GC(1872) DefNew: 9178K(10176K)->74K(10176K) Eden: 9088K(9088K)->0K(9088K) From: 90K(1088K)->74K(1088K)
[2025-04-16T15:28:04.387+0000][2978.396s][info][gc,heap        ] GC(1872) Tenured: 15189K(22484K)->15189K(22484K)
[2025-04-16T15:28:04.387+0000][2978.396s][info][gc,metaspace   ] GC(1872) Metaspace: 37468K(37824K)->37468K(37824K) NonClass: 33041K(33216K)->33041K(33216K) Class: 4426K(4608K)->4426K(4608K)
[2025-04-16T15:28:04.387+0000][2978.396s][info][gc             ] GC(1872) Pause Young (Allocation Failure) 23M->14M(31M) 1.524ms
[2025-04-16T15:28:04.387+0000][2978.396s][info][gc,cpu         ] GC(1872) User=0.00s Sys=0.00s Real=0.00s
[2025-04-16T15:28:05.900+0000][2979.909s][info][gc,start       ] GC(1873) Pause Young (Allocation Failure)
[2025-04-16T15:28:05.901+0000][2979.910s][info][gc,heap        ] GC(1873) DefNew: 9162K(10176K)->105K(10176K) Eden: 9088K(9088K)->0K(9088K) From: 74K(1088K)->105K(1088K)
[2025-04-16T15:28:05.901+0000][2979.910s][info][gc,heap        ] GC(1873) Tenured: 15189K(22484K)->15189K(22484K)
[2025-04-16T15:28:05.901+0000][2979.910s][info][gc,metaspace   ] GC(1873) Metaspace: 37468K(37824K)->37468K(37824K) NonClass: 33041K(33216K)->33041K(33216K) Class: 4426K(4608K)->4426K(4608K)
[2025-04-16T15:28:05.901+0000][2979.910s][info][gc             ] GC(1873) Pause Young (Allocation Failure) 23M->14M(31M) 1.236ms
[2025-04-16T15:28:05.901+0000][2979.910s][info][gc,cpu         ] GC(1873) User=0.00s Sys=0.00s Real=0.00s
[2025-04-16T15:28:07.538+0000][2981.548s][info][gc,start       ] GC(1874) Pause Young (Allocation Failure)
[2025-04-16T15:28:07.540+0000][2981.549s][info][gc,heap        ] GC(1874) DefNew: 9193K(10176K)->75K(10176K) Eden: 9088K(9088K)->0K(9088K) From: 105K(1088K)->75K(1088K)
[2025-04-16T15:28:07.540+0000][2981.549s][info][gc,heap        ] GC(1874) Tenured: 15189K(22484K)->15189K(22484K)
[2025-04-16T15:28:07.540+0000][2981.549s][info][gc,metaspace   ] GC(1874) Metaspace: 37468K(37824K)->37468K(37824K) NonClass: 33041K(33216K)->33041K(33216K) Class: 4426K(4608K)->4426K(4608K)
[2025-04-16T15:28:07.540+0000][2981.549s][info][gc             ] GC(1874) Pause Young (Allocation Failure) 23M->14M(31M) 1.210ms
[2025-04-16T15:28:07.540+0000][2981.549s][info][gc,cpu         ] GC(1874) User=0.01s Sys=0.00s Real=0.00s
[2025-04-16T15:28:09.236+0000][2983.245s][info][gc,start       ] GC(1875) Pause Young (Allocation Failure)
[2025-04-16T15:28:09.237+0000][2983.246s][info][gc,heap        ] GC(1875) DefNew: 9163K(10176K)->80K(10176K) Eden: 9088K(9088K)->0K(9088K) From: 75K(1088K)->80K(1088K)
[2025-04-16T15:28:09.237+0000][2983.246s][info][gc,heap        ] GC(1875) Tenured: 15189K(22484K)->15189K(22484K)
[2025-04-16T15:28:09.237+0000][2983.246s][info][gc,metaspace   ] GC(1875) Metaspace: 37468K(37824K)->37468K(37824K) NonClass: 33041K(33216K)->33041K(33216K) Class: 4426K(4608K)->4426K(4608K)
[2025-04-16T15:28:09.237+0000][2983.246s][info][gc             ] GC(1875) Pause Young (Allocation Failure) 23M->14M(31M) 1.399ms
[2025-04-16T15:28:09.237+0000][2983.246s][info][gc,cpu         ] GC(1875) User=0.00s Sys=0.00s Real=0.00s
[2025-04-16T15:28:10.878+0000][2984.887s][info][gc,start       ] GC(1876) Pause Young (Allocation Failure)
[2025-04-16T15:28:10.879+0000][2984.889s][info][gc,heap        ] GC(1876) DefNew: 9168K(10176K)->92K(10176K) Eden: 9088K(9088K)->0K(9088K) From: 80K(1088K)->92K(1088K)
[2025-04-16T15:28:10.880+0000][2984.889s][info][gc,heap        ] GC(1876) Tenured: 15189K(22484K)->15189K(22484K)
[2025-04-16T15:28:10.880+0000][2984.889s][info][gc,metaspace   ] GC(1876) Metaspace: 37468K(37824K)->37468K(37824K) NonClass: 33041K(33216K)->33041K(33216K) Class: 4426K(4608K)->4426K(4608K)
[2025-04-16T15:28:10.880+0000][2984.889s][info][gc             ] GC(1876) Pause Young (Allocation Failure) 23M->14M(31M) 1.320ms
[2025-04-16T15:28:10.880+0000][2984.889s][info][gc,cpu         ] GC(1876) User=0.01s Sys=0.00s Real=0.00s
[2025-04-16T15:28:12.544+0000][2986.553s][info][gc,start       ] GC(1877) Pause Young (Allocation Failure)
[2025-04-16T15:28:12.545+0000][2986.554s][info][gc,heap        ] GC(1877) DefNew: 9180K(10176K)->83K(10176K) Eden: 9088K(9088K)->0K(9088K) From: 92K(1088K)->83K(1088K)
[2025-04-16T15:28:12.545+0000][2986.554s][info][gc,heap        ] GC(1877) Tenured: 15189K(22484K)->15189K(22484K)
[2025-04-16T15:28:12.545+0000][2986.554s][info][gc,metaspace   ] GC(1877) Metaspace: 37468K(37824K)->37468K(37824K) NonClass: 33041K(33216K)->33041K(33216K) Class: 4426K(4608K)->4426K(4608K)
[2025-04-16T15:28:12.545+0000][2986.554s][info][gc             ] GC(1877) Pause Young (Allocation Failure) 23M->14M(31M) 1.152ms
[2025-04-16T15:28:12.545+0000][2986.554s][info][gc,cpu         ] GC(1877) User=0.00s Sys=0.00s Real=0.01s
[2025-04-16T15:28:14.207+0000][2988.216s][info][gc,start       ] GC(1878) Pause Young (Allocation Failure)
[2025-04-16T15:28:14.209+0000][2988.218s][info][gc,heap        ] GC(1878) DefNew: 9171K(10176K)->79K(10176K) Eden: 9088K(9088K)->0K(9088K) From: 83K(1088K)->79K(1088K)
[2025-04-16T15:28:14.209+0000][2988.218s][info][gc,heap        ] GC(1878) Tenured: 15189K(22484K)->15189K(22484K)
[2025-04-16T15:28:14.209+0000][2988.218s][info][gc,metaspace   ] GC(1878) Metaspace: 37468K(37824K)->37468K(37824K) NonClass: 33041K(33216K)->33041K(33216K) Class: 4426K(4608K)->4426K(4608K)
[2025-04-16T15:28:14.209+0000][2988.218s][info][gc             ] GC(1878) Pause Young (Allocation Failure) 23M->14M(31M) 1.296ms
[2025-04-16T15:28:14.209+0000][2988.218s][info][gc,cpu         ] GC(1878) User=0.00s Sys=0.00s Real=0.00s
[2025-04-16T15:28:15.743+0000][2989.752s][info][gc,start       ] GC(1879) Pause Young (Allocation Failure)
[2025-04-16T15:28:15.744+0000][2989.753s][info][gc,heap        ] GC(1879) DefNew: 9167K(10176K)->76K(10176K) Eden: 9087K(9088K)->0K(9088K) From: 79K(1088K)->76K(1088K)
[2025-04-16T15:28:15.744+0000][2989.753s][info][gc,heap        ] GC(1879) Tenured: 15189K(22484K)->15189K(22484K)
[2025-04-16T15:28:15.744+0000][2989.753s][info][gc,metaspace   ] GC(1879) Metaspace: 37468K(37824K)->37468K(37824K) NonClass: 33041K(33216K)->33041K(33216K) Class: 4426K(4608K)->4426K(4608K)
[2025-04-16T15:28:15.744+0000][2989.753s][info][gc             ] GC(1879) Pause Young (Allocation Failure) 23M->14M(31M) 1.276ms
[2025-04-16T15:28:15.744+0000][2989.753s][info][gc,cpu         ] GC(1879) User=0.00s Sys=0.00s Real=0.01s
[2025-04-16T15:28:17.154+0000][2991.163s][info][gc,start       ] GC(1880) Pause Young (Allocation Failure)
[2025-04-16T15:28:17.155+0000][2991.164s][info][gc,heap        ] GC(1880) DefNew: 9164K(10176K)->90K(10176K) Eden: 9088K(9088K)->0K(9088K) From: 76K(1088K)->90K(1088K)
[2025-04-16T15:28:17.155+0000][2991.164s][info][gc,heap        ] GC(1880) Tenured: 15189K(22484K)->15190K(22484K)
[2025-04-16T15:28:17.155+0000][2991.164s][info][gc,metaspace   ] GC(1880) Metaspace: 37468K(37824K)->37468K(37824K) NonClass: 33041K(33216K)->33041K(33216K) Class: 4426K(4608K)->4426K(4608K)
[2025-04-16T15:28:17.155+0000][2991.164s][info][gc             ] GC(1880) Pause Young (Allocation Failure) 23M->14M(31M) 1.394ms
[2025-04-16T15:28:17.155+0000][2991.164s][info][gc,cpu         ] GC(1880) User=0.00s Sys=0.00s Real=0.01s
[2025-04-16T15:28:18.963+0000][2992.972s][info][gc,start       ] GC(1881) Pause Young (Allocation Failure)
[2025-04-16T15:28:18.964+0000][2992.973s][info][gc,heap        ] GC(1881) DefNew: 9178K(10176K)->85K(10176K) Eden: 9088K(9088K)->0K(9088K) From: 90K(1088K)->85K(1088K)
[2025-04-16T15:28:18.964+0000][2992.973s][info][gc,heap        ] GC(1881) Tenured: 15190K(22484K)->15190K(22484K)
[2025-04-16T15:28:18.964+0000][2992.973s][info][gc,metaspace   ] GC(1881) Metaspace: 37468K(37824K)->37468K(37824K) NonClass: 33041K(33216K)->33041K(33216K) Class: 4426K(4608K)->4426K(4608K)
[2025-04-16T15:28:18.964+0000][2992.973s][info][gc             ] GC(1881) Pause Young (Allocation Failure) 23M->14M(31M) 1.236ms
[2025-04-16T15:28:18.964+0000][2992.973s][info][gc,cpu         ] GC(1881) User=0.00s Sys=0.00s Real=0.01s
[2025-04-16T15:28:20.494+0000][2994.503s][info][gc,start       ] GC(1882) Pause Young (Allocation Failure)
[2025-04-16T15:28:20.495+0000][2994.504s][info][gc,heap        ] GC(1882) DefNew: 9173K(10176K)->75K(10176K) Eden: 9088K(9088K)->0K(9088K) From: 85K(1088K)->75K(1088K)
[2025-04-16T15:28:20.495+0000][2994.504s][info][gc,heap        ] GC(1882) Tenured: 15190K(22484K)->15190K(22484K)
[2025-04-16T15:28:20.495+0000][2994.504s][info][gc,metaspace   ] GC(1882) Metaspace: 37468K(37824K)->37468K(37824K) NonClass: 33041K(33216K)->33041K(33216K) Class: 4426K(4608K)->4426K(4608K)
[2025-04-16T15:28:20.495+0000][2994.504s][info][gc             ] GC(1882) Pause Young (Allocation Failure) 23M->14M(31M) 1.281ms
[2025-04-16T15:28:20.495+0000][2994.504s][info][gc,cpu         ] GC(1882) User=0.00s Sys=0.00s Real=0.01s
[2025-04-16T15:28:22.111+0000][2996.120s][info][gc,start       ] GC(1883) Pause Young (Allocation Failure)
[2025-04-16T15:28:22.112+0000][2996.121s][info][gc,heap        ] GC(1883) DefNew: 9163K(10176K)->75K(10176K) Eden: 9088K(9088K)->0K(9088K) From: 75K(1088K)->75K(1088K)
[2025-04-16T15:28:22.112+0000][2996.121s][info][gc,heap        ] GC(1883) Tenured: 15190K(22484K)->15190K(22484K)
[2025-04-16T15:28:22.112+0000][2996.121s][info][gc,metaspace   ] GC(1883) Metaspace: 37468K(37824K)->37468K(37824K) NonClass: 33041K(33216K)->33041K(33216K) Class: 4426K(4608K)->4426K(4608K)
[2025-04-16T15:28:22.112+0000][2996.121s][info][gc             ] GC(1883) Pause Young (Allocation Failure) 23M->14M(31M) 1.179ms
[2025-04-16T15:28:22.112+0000][2996.121s][info][gc,cpu         ] GC(1883) User=0.00s Sys=0.00s Real=0.00s
[2025-04-16T15:28:23.590+0000][2997.599s][info][gc,start       ] GC(1884) Pause Young (Allocation Failure)
[2025-04-16T15:28:23.591+0000][2997.600s][info][gc,heap        ] GC(1884) DefNew: 9163K(10176K)->88K(10176K) Eden: 9088K(9088K)->0K(9088K) From: 75K(1088K)->88K(1088K)
[2025-04-16T15:28:23.591+0000][2997.600s][info][gc,heap        ] GC(1884) Tenured: 15190K(22484K)->15190K(22484K)
[2025-04-16T15:28:23.591+0000][2997.600s][info][gc,metaspace   ] GC(1884) Metaspace: 37468K(37824K)->37468K(37824K) NonClass: 33041K(33216K)->33041K(33216K) Class: 4426K(4608K)->4426K(4608K)
[2025-04-16T15:28:23.591+0000][2997.600s][info][gc             ] GC(1884) Pause Young (Allocation Failure) 23M->14M(31M) 1.382ms
[2025-04-16T15:28:23.591+0000][2997.600s][info][gc,cpu         ] GC(1884) User=0.01s Sys=0.00s Real=0.00s
[2025-04-16T15:28:25.317+0000][2999.326s][info][gc,start       ] GC(1885) Pause Young (Allocation Failure)
[2025-04-16T15:28:25.318+0000][2999.327s][info][gc,heap        ] GC(1885) DefNew: 9176K(10176K)->95K(10176K) Eden: 9087K(9088K)->0K(9088K) From: 88K(1088K)->95K(1088K)
[2025-04-16T15:28:25.318+0000][2999.327s][info][gc,heap        ] GC(1885) Tenured: 15190K(22484K)->15190K(22484K)
[2025-04-16T15:28:25.318+0000][2999.327s][info][gc,metaspace   ] GC(1885) Metaspace: 37468K(37824K)->37468K(37824K) NonClass: 33041K(33216K)->33041K(33216K) Class: 4426K(4608K)->4426K(4608K)
[2025-04-16T15:28:25.318+0000][2999.327s][info][gc             ] GC(1885) Pause Young (Allocation Failure) 23M->14M(31M) 1.254ms
[2025-04-16T15:28:25.318+0000][2999.327s][info][gc,cpu         ] GC(1885) User=0.00s Sys=0.00s Real=0.00s
[2025-04-16T15:28:26.767+0000][3000.776s][info][gc,start       ] GC(1886) Pause Young (Allocation Failure)
[2025-04-16T15:28:26.768+0000][3000.777s][info][gc,heap        ] GC(1886) DefNew: 9183K(10176K)->92K(10176K) Eden: 9088K(9088K)->0K(9088K) From: 95K(1088K)->92K(1088K)
[2025-04-16T15:28:26.768+0000][3000.777s][info][gc,heap        ] GC(1886) Tenured: 15190K(22484K)->15191K(22484K)
[2025-04-16T15:28:26.768+0000][3000.777s][info][gc,metaspace   ] GC(1886) Metaspace: 37468K(37824K)->37468K(37824K) NonClass: 33041K(33216K)->33041K(33216K) Class: 4426K(4608K)->4426K(4608K)
[2025-04-16T15:28:26.768+0000][3000.777s][info][gc             ] GC(1886) Pause Young (Allocation Failure) 23M->14M(31M) 1.303ms
[2025-04-16T15:28:26.768+0000][3000.777s][info][gc,cpu         ] GC(1886) User=0.00s Sys=0.00s Real=0.00s
[2025-04-16T15:28:28.413+0000][3002.422s][info][gc,start       ] GC(1887) Pause Young (Allocation Failure)
[2025-04-16T15:28:28.414+0000][3002.423s][info][gc,heap        ] GC(1887) DefNew: 9180K(10176K)->81K(10176K) Eden: 9088K(9088K)->0K(9088K) From: 92K(1088K)->81K(1088K)
[2025-04-16T15:28:28.414+0000][3002.424s][info][gc,heap        ] GC(1887) Tenured: 15191K(22484K)->15191K(22484K)
[2025-04-16T15:28:28.414+0000][3002.424s][info][gc,metaspace   ] GC(1887) Metaspace: 37468K(37824K)->37468K(37824K) NonClass: 33041K(33216K)->33041K(33216K) Class: 4426K(4608K)->4426K(4608K)
[2025-04-16T15:28:28.415+0000][3002.424s][info][gc             ] GC(1887) Pause Young (Allocation Failure) 23M->14M(31M) 1.248ms
[2025-04-16T15:28:28.415+0000][3002.424s][info][gc,cpu         ] GC(1887) User=0.01s Sys=0.00s Real=0.01s
[2025-04-16T15:28:29.943+0000][3003.952s][info][gc,start       ] GC(1888) Pause Young (Allocation Failure)
[2025-04-16T15:28:29.944+0000][3003.953s][info][gc,heap        ] GC(1888) DefNew: 9160K(10176K)->94K(10176K) Eden: 9078K(9088K)->0K(9088K) From: 81K(1088K)->94K(1088K)
[2025-04-16T15:28:29.944+0000][3003.953s][info][gc,heap        ] GC(1888) Tenured: 15191K(22484K)->15191K(22484K)
[2025-04-16T15:28:29.944+0000][3003.953s][info][gc,metaspace   ] GC(1888) Metaspace: 37468K(37824K)->37468K(37824K) NonClass: 33041K(33216K)->33041K(33216K) Class: 4426K(4608K)->4426K(4608K)
[2025-04-16T15:28:29.944+0000][3003.953s][info][gc             ] GC(1888) Pause Young (Allocation Failure) 23M->14M(31M) 1.283ms
[2025-04-16T15:28:29.944+0000][3003.953s][info][gc,cpu         ] GC(1888) User=0.00s Sys=0.00s Real=0.01s
[2025-04-16T15:28:31.568+0000][3005.577s][info][gc,start       ] GC(1889) Pause Young (Allocation Failure)
[2025-04-16T15:28:31.569+0000][3005.578s][info][gc,heap        ] GC(1889) DefNew: 9182K(10176K)->75K(10176K) Eden: 9088K(9088K)->0K(9088K) From: 94K(1088K)->75K(1088K)
[2025-04-16T15:28:31.569+0000][3005.578s][info][gc,heap        ] GC(1889) Tenured: 15191K(22484K)->15191K(22484K)
[2025-04-16T15:28:31.569+0000][3005.578s][info][gc,metaspace   ] GC(1889) Metaspace: 37468K(37824K)->37468K(37824K) NonClass: 33041K(33216K)->33041K(33216K) Class: 4426K(4608K)->4426K(4608K)
[2025-04-16T15:28:31.569+0000][3005.578s][info][gc             ] GC(1889) Pause Young (Allocation Failure) 23M->14M(31M) 1.202ms
[2025-04-16T15:28:31.569+0000][3005.578s][info][gc,cpu         ] GC(1889) User=0.00s Sys=0.00s Real=0.00s
[2025-04-16T15:28:33.239+0000][3007.248s][info][gc,start       ] GC(1890) Pause Young (Allocation Failure)
[2025-04-16T15:28:33.241+0000][3007.250s][info][gc,heap        ] GC(1890) DefNew: 9163K(10176K)->70K(10176K) Eden: 9088K(9088K)->0K(9088K) From: 75K(1088K)->70K(1088K)
[2025-04-16T15:28:33.241+0000][3007.250s][info][gc,heap        ] GC(1890) Tenured: 15191K(22484K)->15193K(22484K)
[2025-04-16T15:28:33.241+0000][3007.250s][info][gc,metaspace   ] GC(1890) Metaspace: 37468K(37824K)->37468K(37824K) NonClass: 33041K(33216K)->33041K(33216K) Class: 4426K(4608K)->4426K(4608K)
[2025-04-16T15:28:33.241+0000][3007.250s][info][gc             ] GC(1890) Pause Young (Allocation Failure) 23M->14M(31M) 1.298ms
[2025-04-16T15:28:33.241+0000][3007.250s][info][gc,cpu         ] GC(1890) User=0.00s Sys=0.00s Real=0.00s
[2025-04-16T15:28:35.063+0000][3009.072s][info][gc,start       ] GC(1891) Pause Young (Allocation Failure)
[2025-04-16T15:28:35.065+0000][3009.074s][info][gc,heap        ] GC(1891) DefNew: 9153K(10176K)->81K(10176K) Eden: 9082K(9088K)->0K(9088K) From: 70K(1088K)->81K(1088K)
[2025-04-16T15:28:35.065+0000][3009.074s][info][gc,heap        ] GC(1891) Tenured: 15193K(22484K)->15193K(22484K)
[2025-04-16T15:28:35.065+0000][3009.074s][info][gc,metaspace   ] GC(1891) Metaspace: 37468K(37824K)->37468K(37824K) NonClass: 33041K(33216K)->33041K(33216K) Class: 4426K(4608K)->4426K(4608K)
[2025-04-16T15:28:35.065+0000][3009.074s][info][gc             ] GC(1891) Pause Young (Allocation Failure) 23M->14M(31M) 1.291ms
[2025-04-16T15:28:35.065+0000][3009.074s][info][gc,cpu         ] GC(1891) User=0.00s Sys=0.00s Real=0.01s
[2025-04-16T15:28:36.492+0000][3010.501s][info][gc,start       ] GC(1892) Pause Young (Allocation Failure)
[2025-04-16T15:28:36.493+0000][3010.503s][info][gc,heap        ] GC(1892) DefNew: 9169K(10176K)->76K(10176K) Eden: 9087K(9088K)->0K(9088K) From: 81K(1088K)->76K(1088K)
[2025-04-16T15:28:36.493+0000][3010.503s][info][gc,heap        ] GC(1892) Tenured: 15193K(22484K)->15193K(22484K)
[2025-04-16T15:28:36.494+0000][3010.503s][info][gc,metaspace   ] GC(1892) Metaspace: 37468K(37824K)->37468K(37824K) NonClass: 33041K(33216K)->33041K(33216K) Class: 4426K(4608K)->4426K(4608K)
[2025-04-16T15:28:36.494+0000][3010.503s][info][gc             ] GC(1892) Pause Young (Allocation Failure) 23M->14M(31M) 1.206ms
[2025-04-16T15:28:36.494+0000][3010.503s][info][gc,cpu         ] GC(1892) User=0.00s Sys=0.00s Real=0.00s
[2025-04-16T15:28:38.122+0000][3012.131s][info][gc,start       ] GC(1893) Pause Young (Allocation Failure)
[2025-04-16T15:28:38.123+0000][3012.132s][info][gc,heap        ] GC(1893) DefNew: 9164K(10176K)->104K(10176K) Eden: 9088K(9088K)->0K(9088K) From: 76K(1088K)->104K(1088K)
[2025-04-16T15:28:38.123+0000][3012.132s][info][gc,heap        ] GC(1893) Tenured: 15193K(22484K)->15193K(22484K)
[2025-04-16T15:28:38.123+0000][3012.132s][info][gc,metaspace   ] GC(1893) Metaspace: 37483K(37824K)->37483K(37824K) NonClass: 33055K(33216K)->33055K(33216K) Class: 4427K(4608K)->4427K(4608K)
[2025-04-16T15:28:38.123+0000][3012.132s][info][gc             ] GC(1893) Pause Young (Allocation Failure) 23M->14M(31M) 1.266ms
[2025-04-16T15:28:38.123+0000][3012.132s][info][gc,cpu         ] GC(1893) User=0.00s Sys=0.00s Real=0.00s
[2025-04-16T15:28:39.840+0000][3013.850s][info][gc,start       ] GC(1894) Pause Young (Allocation Failure)
[2025-04-16T15:28:39.842+0000][3013.851s][info][gc,heap        ] GC(1894) DefNew: 9192K(10176K)->98K(10176K) Eden: 9088K(9088K)->0K(9088K) From: 104K(1088K)->98K(1088K)
[2025-04-16T15:28:39.842+0000][3013.851s][info][gc,heap        ] GC(1894) Tenured: 15193K(22484K)->15193K(22484K)
[2025-04-16T15:28:39.842+0000][3013.851s][info][gc,metaspace   ] GC(1894) Metaspace: 37483K(37824K)->37483K(37824K) NonClass: 33055K(33216K)->33055K(33216K) Class: 4427K(4608K)->4427K(4608K)
[2025-04-16T15:28:39.842+0000][3013.851s][info][gc             ] GC(1894) Pause Young (Allocation Failure) 23M->14M(31M) 1.342ms
[2025-04-16T15:28:39.842+0000][3013.851s][info][gc,cpu         ] GC(1894) User=0.00s Sys=0.00s Real=0.00s
[2025-04-16T15:28:41.350+0000][3015.359s][info][gc,start       ] GC(1895) Pause Young (Allocation Failure)
[2025-04-16T15:28:41.352+0000][3015.361s][info][gc,heap        ] GC(1895) DefNew: 9186K(10176K)->99K(10176K) Eden: 9088K(9088K)->0K(9088K) From: 98K(1088K)->99K(1088K)
[2025-04-16T15:28:41.352+0000][3015.361s][info][gc,heap        ] GC(1895) Tenured: 15193K(22484K)->15193K(22484K)
[2025-04-16T15:28:41.352+0000][3015.361s][info][gc,metaspace   ] GC(1895) Metaspace: 37483K(37824K)->37483K(37824K) NonClass: 33055K(33216K)->33055K(33216K) Class: 4427K(4608K)->4427K(4608K)
[2025-04-16T15:28:41.352+0000][3015.361s][info][gc             ] GC(1895) Pause Young (Allocation Failure) 23M->14M(31M) 1.373ms
[2025-04-16T15:28:41.352+0000][3015.361s][info][gc,cpu         ] GC(1895) User=0.00s Sys=0.00s Real=0.00s
[2025-04-16T15:28:42.977+0000][3016.986s][info][gc,start       ] GC(1896) Pause Young (Allocation Failure)
[2025-04-16T15:28:42.978+0000][3016.987s][info][gc,heap        ] GC(1896) DefNew: 9187K(10176K)->96K(10176K) Eden: 9088K(9088K)->0K(9088K) From: 99K(1088K)->96K(1088K)
[2025-04-16T15:28:42.978+0000][3016.987s][info][gc,heap        ] GC(1896) Tenured: 15193K(22484K)->15193K(22484K)
[2025-04-16T15:28:42.978+0000][3016.987s][info][gc,metaspace   ] GC(1896) Metaspace: 37483K(37824K)->37483K(37824K) NonClass: 33055K(33216K)->33055K(33216K) Class: 4427K(4608K)->4427K(4608K)
[2025-04-16T15:28:42.978+0000][3016.987s][info][gc             ] GC(1896) Pause Young (Allocation Failure) 23M->14M(31M) 1.482ms
[2025-04-16T15:28:42.978+0000][3016.987s][info][gc,cpu         ] GC(1896) User=0.00s Sys=0.00s Real=0.00s
[2025-04-16T15:28:44.718+0000][3018.727s][info][gc,start       ] GC(1897) Pause Young (Allocation Failure)
[2025-04-16T15:28:44.720+0000][3018.729s][info][gc,heap        ] GC(1897) DefNew: 9184K(10176K)->115K(10176K) Eden: 9088K(9088K)->0K(9088K) From: 96K(1088K)->115K(1088K)
[2025-04-16T15:28:44.720+0000][3018.729s][info][gc,heap        ] GC(1897) Tenured: 15193K(22484K)->15193K(22484K)
[2025-04-16T15:28:44.720+0000][3018.729s][info][gc,metaspace   ] GC(1897) Metaspace: 37483K(37824K)->37483K(37824K) NonClass: 33055K(33216K)->33055K(33216K) Class: 4427K(4608K)->4427K(4608K)
[2025-04-16T15:28:44.720+0000][3018.729s][info][gc             ] GC(1897) Pause Young (Allocation Failure) 23M->14M(31M) 1.612ms
[2025-04-16T15:28:44.720+0000][3018.729s][info][gc,cpu         ] GC(1897) User=0.00s Sys=0.00s Real=0.00s
[2025-04-16T15:28:46.414+0000][3020.423s][info][gc,start       ] GC(1898) Pause Young (Allocation Failure)
[2025-04-16T15:28:46.415+0000][3020.424s][info][gc,heap        ] GC(1898) DefNew: 9203K(10176K)->123K(10176K) Eden: 9088K(9088K)->0K(9088K) From: 115K(1088K)->123K(1088K)
[2025-04-16T15:28:46.415+0000][3020.424s][info][gc,heap        ] GC(1898) Tenured: 15193K(22484K)->15193K(22484K)
[2025-04-16T15:28:46.415+0000][3020.424s][info][gc,metaspace   ] GC(1898) Metaspace: 37483K(37824K)->37483K(37824K) NonClass: 33055K(33216K)->33055K(33216K) Class: 4427K(4608K)->4427K(4608K)
[2025-04-16T15:28:46.415+0000][3020.424s][info][gc             ] GC(1898) Pause Young (Allocation Failure) 23M->14M(31M) 1.566ms
[2025-04-16T15:28:46.415+0000][3020.424s][info][gc,cpu         ] GC(1898) User=0.00s Sys=0.00s Real=0.01s
[2025-04-16T15:28:47.800+0000][3021.809s][info][gc,start       ] GC(1899) Pause Young (Allocation Failure)
[2025-04-16T15:28:47.801+0000][3021.810s][info][gc,heap        ] GC(1899) DefNew: 9211K(10176K)->100K(10176K) Eden: 9088K(9088K)->0K(9088K) From: 123K(1088K)->100K(1088K)
[2025-04-16T15:28:47.801+0000][3021.810s][info][gc,heap        ] GC(1899) Tenured: 15193K(22484K)->15193K(22484K)
[2025-04-16T15:28:47.801+0000][3021.810s][info][gc,metaspace   ] GC(1899) Metaspace: 37483K(37824K)->37483K(37824K) NonClass: 33055K(33216K)->33055K(33216K) Class: 4427K(4608K)->4427K(4608K)
[2025-04-16T15:28:47.801+0000][3021.810s][info][gc             ] GC(1899) Pause Young (Allocation Failure) 23M->14M(31M) 1.403ms
[2025-04-16T15:28:47.801+0000][3021.810s][info][gc,cpu         ] GC(1899) User=0.00s Sys=0.00s Real=0.00s
[2025-04-16T15:28:49.540+0000][3023.549s][info][gc,start       ] GC(1900) Pause Young (Allocation Failure)
[2025-04-16T15:28:49.541+0000][3023.550s][info][gc,heap        ] GC(1900) DefNew: 9188K(10176K)->131K(10176K) Eden: 9088K(9088K)->0K(9088K) From: 100K(1088K)->131K(1088K)
[2025-04-16T15:28:49.541+0000][3023.550s][info][gc,heap        ] GC(1900) Tenured: 15193K(22484K)->15194K(22484K)
[2025-04-16T15:28:49.541+0000][3023.550s][info][gc,metaspace   ] GC(1900) Metaspace: 37483K(37824K)->37483K(37824K) NonClass: 33055K(33216K)->33055K(33216K) Class: 4427K(4608K)->4427K(4608K)
[2025-04-16T15:28:49.541+0000][3023.550s][info][gc             ] GC(1900) Pause Young (Allocation Failure) 23M->14M(31M) 1.454ms
[2025-04-16T15:28:49.541+0000][3023.550s][info][gc,cpu         ] GC(1900) User=0.00s Sys=0.00s Real=0.00s
[2025-04-16T15:28:50.987+0000][3024.996s][info][gc,start       ] GC(1901) Pause Young (Allocation Failure)
[2025-04-16T15:28:50.988+0000][3024.997s][info][gc,heap        ] GC(1901) DefNew: 9219K(10176K)->104K(10176K) Eden: 9088K(9088K)->0K(9088K) From: 131K(1088K)->104K(1088K)
[2025-04-16T15:28:50.988+0000][3024.997s][info][gc,heap        ] GC(1901) Tenured: 15194K(22484K)->15194K(22484K)
[2025-04-16T15:28:50.988+0000][3024.997s][info][gc,metaspace   ] GC(1901) Metaspace: 37483K(37824K)->37483K(37824K) NonClass: 33055K(33216K)->33055K(33216K) Class: 4427K(4608K)->4427K(4608K)
[2025-04-16T15:28:50.988+0000][3024.997s][info][gc             ] GC(1901) Pause Young (Allocation Failure) 23M->14M(31M) 1.365ms
[2025-04-16T15:28:50.988+0000][3024.997s][info][gc,cpu         ] GC(1901) User=0.00s Sys=0.00s Real=0.00s
[2025-04-16T15:28:52.442+0000][3026.451s][info][gc,start       ] GC(1902) Pause Young (Allocation Failure)
[2025-04-16T15:28:52.443+0000][3026.452s][info][gc,heap        ] GC(1902) DefNew: 9179K(10176K)->104K(10176K) Eden: 9075K(9088K)->0K(9088K) From: 104K(1088K)->104K(1088K)
[2025-04-16T15:28:52.443+0000][3026.452s][info][gc,heap        ] GC(1902) Tenured: 15194K(22484K)->15194K(22484K)
[2025-04-16T15:28:52.443+0000][3026.452s][info][gc,metaspace   ] GC(1902) Metaspace: 37483K(37824K)->37483K(37824K) NonClass: 33055K(33216K)->33055K(33216K) Class: 4427K(4608K)->4427K(4608K)
[2025-04-16T15:28:52.443+0000][3026.452s][info][gc             ] GC(1902) Pause Young (Allocation Failure) 23M->14M(31M) 1.331ms
[2025-04-16T15:28:52.443+0000][3026.452s][info][gc,cpu         ] GC(1902) User=0.01s Sys=0.00s Real=0.00s
[2025-04-16T15:28:54.018+0000][3028.027s][info][gc,start       ] GC(1903) Pause Young (Allocation Failure)
[2025-04-16T15:28:54.019+0000][3028.028s][info][gc,heap        ] GC(1903) DefNew: 9192K(10176K)->102K(10176K) Eden: 9088K(9088K)->0K(9088K) From: 104K(1088K)->102K(1088K)
[2025-04-16T15:28:54.019+0000][3028.028s][info][gc,heap        ] GC(1903) Tenured: 15194K(22484K)->15194K(22484K)
[2025-04-16T15:28:54.019+0000][3028.028s][info][gc,metaspace   ] GC(1903) Metaspace: 37483K(37824K)->37483K(37824K) NonClass: 33055K(33216K)->33055K(33216K) Class: 4427K(4608K)->4427K(4608K)
[2025-04-16T15:28:54.019+0000][3028.028s][info][gc             ] GC(1903) Pause Young (Allocation Failure) 23M->14M(31M) 1.447ms
[2025-04-16T15:28:54.019+0000][3028.028s][info][gc,cpu         ] GC(1903) User=0.00s Sys=0.00s Real=0.00s
[2025-04-16T15:28:55.566+0000][3029.575s][info][gc,start       ] GC(1904) Pause Young (Allocation Failure)
[2025-04-16T15:28:55.567+0000][3029.576s][info][gc,heap        ] GC(1904) DefNew: 9190K(10176K)->117K(10176K) Eden: 9088K(9088K)->0K(9088K) From: 102K(1088K)->117K(1088K)
[2025-04-16T15:28:55.567+0000][3029.576s][info][gc,heap        ] GC(1904) Tenured: 15194K(22484K)->15194K(22484K)
[2025-04-16T15:28:55.567+0000][3029.576s][info][gc,metaspace   ] GC(1904) Metaspace: 37483K(37824K)->37483K(37824K) NonClass: 33055K(33216K)->33055K(33216K) Class: 4427K(4608K)->4427K(4608K)
[2025-04-16T15:28:55.567+0000][3029.576s][info][gc             ] GC(1904) Pause Young (Allocation Failure) 23M->14M(31M) 1.437ms
[2025-04-16T15:28:55.567+0000][3029.576s][info][gc,cpu         ] GC(1904) User=0.00s Sys=0.01s Real=0.00s
[2025-04-16T15:28:57.064+0000][3031.073s][info][gc,start       ] GC(1905) Pause Young (Allocation Failure)
[2025-04-16T15:28:57.065+0000][3031.074s][info][gc,heap        ] GC(1905) DefNew: 9205K(10176K)->111K(10176K) Eden: 9088K(9088K)->0K(9088K) From: 117K(1088K)->111K(1088K)
[2025-04-16T15:28:57.065+0000][3031.074s][info][gc,heap        ] GC(1905) Tenured: 15194K(22484K)->15194K(22484K)
[2025-04-16T15:28:57.065+0000][3031.074s][info][gc,metaspace   ] GC(1905) Metaspace: 37483K(37824K)->37483K(37824K) NonClass: 33055K(33216K)->33055K(33216K) Class: 4427K(4608K)->4427K(4608K)
[2025-04-16T15:28:57.065+0000][3031.074s][info][gc             ] GC(1905) Pause Young (Allocation Failure) 23M->14M(31M) 1.435ms
[2025-04-16T15:28:57.065+0000][3031.074s][info][gc,cpu         ] GC(1905) User=0.00s Sys=0.00s Real=0.01s
[2025-04-16T15:28:58.834+0000][3032.843s][info][gc,start       ] GC(1906) Pause Young (Allocation Failure)
[2025-04-16T15:28:58.835+0000][3032.844s][info][gc,heap        ] GC(1906) DefNew: 9199K(10176K)->105K(10176K) Eden: 9088K(9088K)->0K(9088K) From: 111K(1088K)->105K(1088K)
[2025-04-16T15:28:58.835+0000][3032.844s][info][gc,heap        ] GC(1906) Tenured: 15194K(22484K)->15194K(22484K)
[2025-04-16T15:28:58.835+0000][3032.844s][info][gc,metaspace   ] GC(1906) Metaspace: 37483K(37824K)->37483K(37824K) NonClass: 33055K(33216K)->33055K(33216K) Class: 4427K(4608K)->4427K(4608K)
[2025-04-16T15:28:58.835+0000][3032.844s][info][gc             ] GC(1906) Pause Young (Allocation Failure) 23M->14M(31M) 1.435ms
[2025-04-16T15:28:58.835+0000][3032.844s][info][gc,cpu         ] GC(1906) User=0.00s Sys=0.00s Real=0.01s
[2025-04-16T15:29:00.182+0000][3034.191s][info][gc,start       ] GC(1907) Pause Young (Allocation Failure)
[2025-04-16T15:29:00.183+0000][3034.192s][info][gc,heap        ] GC(1907) DefNew: 9184K(10176K)->122K(10176K) Eden: 9078K(9088K)->0K(9088K) From: 105K(1088K)->122K(1088K)
[2025-04-16T15:29:00.183+0000][3034.192s][info][gc,heap        ] GC(1907) Tenured: 15194K(22484K)->15195K(22484K)
[2025-04-16T15:29:00.183+0000][3034.192s][info][gc,metaspace   ] GC(1907) Metaspace: 37483K(37824K)->37483K(37824K) NonClass: 33055K(33216K)->33055K(33216K) Class: 4427K(4608K)->4427K(4608K)
[2025-04-16T15:29:00.183+0000][3034.192s][info][gc             ] GC(1907) Pause Young (Allocation Failure) 23M->14M(31M) 1.355ms
[2025-04-16T15:29:00.183+0000][3034.192s][info][gc,cpu         ] GC(1907) User=0.00s Sys=0.00s Real=0.00s
[2025-04-16T15:29:01.722+0000][3035.731s][info][gc,start       ] GC(1908) Pause Young (Allocation Failure)
[2025-04-16T15:29:01.723+0000][3035.732s][info][gc,heap        ] GC(1908) DefNew: 9210K(10176K)->87K(10176K) Eden: 9088K(9088K)->0K(9088K) From: 122K(1088K)->87K(1088K)
[2025-04-16T15:29:01.723+0000][3035.732s][info][gc,heap        ] GC(1908) Tenured: 15195K(22484K)->15216K(22484K)
[2025-04-16T15:29:01.723+0000][3035.732s][info][gc,metaspace   ] GC(1908) Metaspace: 37483K(37824K)->37483K(37824K) NonClass: 33055K(33216K)->33055K(33216K) Class: 4427K(4608K)->4427K(4608K)
[2025-04-16T15:29:01.723+0000][3035.732s][info][gc             ] GC(1908) Pause Young (Allocation Failure) 23M->14M(31M) 1.350ms
[2025-04-16T15:29:01.723+0000][3035.732s][info][gc,cpu         ] GC(1908) User=0.00s Sys=0.00s Real=0.00s
[2025-04-16T15:29:03.605+0000][3037.614s][info][gc,start       ] GC(1909) Pause Young (Allocation Failure)
[2025-04-16T15:29:03.606+0000][3037.615s][info][gc,heap        ] GC(1909) DefNew: 9175K(10176K)->86K(10176K) Eden: 9088K(9088K)->0K(9088K) From: 87K(1088K)->86K(1088K)
[2025-04-16T15:29:03.606+0000][3037.615s][info][gc,heap        ] GC(1909) Tenured: 15216K(22484K)->15216K(22484K)
[2025-04-16T15:29:03.606+0000][3037.615s][info][gc,metaspace   ] GC(1909) Metaspace: 37483K(37824K)->37483K(37824K) NonClass: 33055K(33216K)->33055K(33216K) Class: 4427K(4608K)->4427K(4608K)
[2025-04-16T15:29:03.606+0000][3037.615s][info][gc             ] GC(1909) Pause Young (Allocation Failure) 23M->14M(31M) 1.449ms
[2025-04-16T15:29:03.606+0000][3037.615s][info][gc,cpu         ] GC(1909) User=0.00s Sys=0.00s Real=0.00s
[2025-04-16T15:29:05.187+0000][3039.196s][info][gc,start       ] GC(1910) Pause Young (Allocation Failure)
[2025-04-16T15:29:05.188+0000][3039.197s][info][gc,heap        ] GC(1910) DefNew: 9174K(10176K)->99K(10176K) Eden: 9088K(9088K)->0K(9088K) From: 86K(1088K)->99K(1088K)
[2025-04-16T15:29:05.188+0000][3039.197s][info][gc,heap        ] GC(1910) Tenured: 15216K(22484K)->15217K(22484K)
[2025-04-16T15:29:05.188+0000][3039.197s][info][gc,metaspace   ] GC(1910) Metaspace: 37483K(37824K)->37483K(37824K) NonClass: 33055K(33216K)->33055K(33216K) Class: 4427K(4608K)->4427K(4608K)
[2025-04-16T15:29:05.188+0000][3039.197s][info][gc             ] GC(1910) Pause Young (Allocation Failure) 23M->14M(31M) 1.310ms
[2025-04-16T15:29:05.188+0000][3039.197s][info][gc,cpu         ] GC(1910) User=0.01s Sys=0.00s Real=0.00s
[2025-04-16T15:29:06.721+0000][3040.730s][info][gc,start       ] GC(1911) Pause Young (Allocation Failure)
[2025-04-16T15:29:06.722+0000][3040.731s][info][gc,heap        ] GC(1911) DefNew: 9187K(10176K)->85K(10176K) Eden: 9088K(9088K)->0K(9088K) From: 99K(1088K)->85K(1088K)
[2025-04-16T15:29:06.722+0000][3040.731s][info][gc,heap        ] GC(1911) Tenured: 15217K(22484K)->15219K(22484K)
[2025-04-16T15:29:06.722+0000][3040.731s][info][gc,metaspace   ] GC(1911) Metaspace: 37483K(37824K)->37483K(37824K) NonClass: 33055K(33216K)->33055K(33216K) Class: 4427K(4608K)->4427K(4608K)
[2025-04-16T15:29:06.722+0000][3040.731s][info][gc             ] GC(1911) Pause Young (Allocation Failure) 23M->14M(31M) 1.259ms
[2025-04-16T15:29:06.722+0000][3040.731s][info][gc,cpu         ] GC(1911) User=0.00s Sys=0.00s Real=0.00s
[2025-04-16T15:29:08.388+0000][3042.397s][info][gc,start       ] GC(1912) Pause Young (Allocation Failure)
[2025-04-16T15:29:08.389+0000][3042.398s][info][gc,heap        ] GC(1912) DefNew: 9173K(10176K)->83K(10176K) Eden: 9088K(9088K)->0K(9088K) From: 85K(1088K)->83K(1088K)
[2025-04-16T15:29:08.389+0000][3042.398s][info][gc,heap        ] GC(1912) Tenured: 15219K(22484K)->15220K(22484K)
[2025-04-16T15:29:08.389+0000][3042.398s][info][gc,metaspace   ] GC(1912) Metaspace: 37483K(37824K)->37483K(37824K) NonClass: 33055K(33216K)->33055K(33216K) Class: 4427K(4608K)->4427K(4608K)
[2025-04-16T15:29:08.389+0000][3042.398s][info][gc             ] GC(1912) Pause Young (Allocation Failure) 23M->14M(31M) 1.406ms
[2025-04-16T15:29:08.389+0000][3042.398s][info][gc,cpu         ] GC(1912) User=0.00s Sys=0.00s Real=0.00s
[2025-04-16T15:29:09.940+0000][3043.949s][info][gc,start       ] GC(1913) Pause Young (Allocation Failure)
[2025-04-16T15:29:09.942+0000][3043.951s][info][gc,heap        ] GC(1913) DefNew: 9171K(10176K)->94K(10176K) Eden: 9088K(9088K)->0K(9088K) From: 83K(1088K)->94K(1088K)
[2025-04-16T15:29:09.942+0000][3043.951s][info][gc,heap        ] GC(1913) Tenured: 15220K(22484K)->15221K(22484K)
[2025-04-16T15:29:09.942+0000][3043.951s][info][gc,metaspace   ] GC(1913) Metaspace: 37483K(37824K)->37483K(37824K) NonClass: 33055K(33216K)->33055K(33216K) Class: 4427K(4608K)->4427K(4608K)
[2025-04-16T15:29:09.942+0000][3043.951s][info][gc             ] GC(1913) Pause Young (Allocation Failure) 23M->14M(31M) 1.424ms
[2025-04-16T15:29:09.942+0000][3043.951s][info][gc,cpu         ] GC(1913) User=0.00s Sys=0.00s Real=0.00s
[2025-04-16T15:29:11.684+0000][3045.693s][info][gc,start       ] GC(1914) Pause Young (Allocation Failure)
[2025-04-16T15:29:11.685+0000][3045.694s][info][gc,heap        ] GC(1914) DefNew: 9182K(10176K)->98K(10176K) Eden: 9088K(9088K)->0K(9088K) From: 94K(1088K)->98K(1088K)
[2025-04-16T15:29:11.685+0000][3045.694s][info][gc,heap        ] GC(1914) Tenured: 15221K(22484K)->15221K(22484K)
[2025-04-16T15:29:11.685+0000][3045.694s][info][gc,metaspace   ] GC(1914) Metaspace: 37483K(37824K)->37483K(37824K) NonClass: 33055K(33216K)->33055K(33216K) Class: 4427K(4608K)->4427K(4608K)
[2025-04-16T15:29:11.685+0000][3045.694s][info][gc             ] GC(1914) Pause Young (Allocation Failure) 23M->14M(31M) 1.308ms
[2025-04-16T15:29:11.685+0000][3045.694s][info][gc,cpu         ] GC(1914) User=0.00s Sys=0.00s Real=0.01s
[2025-04-16T15:29:13.238+0000][3047.247s][info][gc,start       ] GC(1915) Pause Young (Allocation Failure)
[2025-04-16T15:29:13.239+0000][3047.248s][info][gc,heap        ] GC(1915) DefNew: 9184K(10176K)->91K(10176K) Eden: 9085K(9088K)->0K(9088K) From: 98K(1088K)->91K(1088K)
[2025-04-16T15:29:13.239+0000][3047.248s][info][gc,heap        ] GC(1915) Tenured: 15221K(22484K)->15222K(22484K)
[2025-04-16T15:29:13.239+0000][3047.248s][info][gc,metaspace   ] GC(1915) Metaspace: 37483K(37824K)->37483K(37824K) NonClass: 33055K(33216K)->33055K(33216K) Class: 4427K(4608K)->4427K(4608K)
[2025-04-16T15:29:13.239+0000][3047.248s][info][gc             ] GC(1915) Pause Young (Allocation Failure) 23M->14M(31M) 1.201ms
[2025-04-16T15:29:13.239+0000][3047.248s][info][gc,cpu         ] GC(1915) User=0.00s Sys=0.00s Real=0.00s
[2025-04-16T15:29:14.849+0000][3048.858s][info][gc,start       ] GC(1916) Pause Young (Allocation Failure)
[2025-04-16T15:29:14.851+0000][3048.860s][info][gc,heap        ] GC(1916) DefNew: 9179K(10176K)->80K(10176K) Eden: 9088K(9088K)->0K(9088K) From: 91K(1088K)->80K(1088K)
[2025-04-16T15:29:14.851+0000][3048.860s][info][gc,heap        ] GC(1916) Tenured: 15222K(22484K)->15224K(22484K)
[2025-04-16T15:29:14.851+0000][3048.860s][info][gc,metaspace   ] GC(1916) Metaspace: 37483K(37824K)->37483K(37824K) NonClass: 33055K(33216K)->33055K(33216K) Class: 4427K(4608K)->4427K(4608K)
[2025-04-16T15:29:14.851+0000][3048.860s][info][gc             ] GC(1916) Pause Young (Allocation Failure) 23M->14M(31M) 1.460ms
[2025-04-16T15:29:14.851+0000][3048.860s][info][gc,cpu         ] GC(1916) User=0.00s Sys=0.00s Real=0.00s
[2025-04-16T15:29:16.336+0000][3050.345s][info][gc,start       ] GC(1917) Pause Young (Allocation Failure)
[2025-04-16T15:29:16.337+0000][3050.346s][info][gc,heap        ] GC(1917) DefNew: 9168K(10176K)->82K(10176K) Eden: 9087K(9088K)->0K(9088K) From: 80K(1088K)->82K(1088K)
[2025-04-16T15:29:16.337+0000][3050.346s][info][gc,heap        ] GC(1917) Tenured: 15224K(22484K)->15224K(22484K)
[2025-04-16T15:29:16.337+0000][3050.346s][info][gc,metaspace   ] GC(1917) Metaspace: 37483K(37824K)->37483K(37824K) NonClass: 33055K(33216K)->33055K(33216K) Class: 4427K(4608K)->4427K(4608K)
[2025-04-16T15:29:16.337+0000][3050.347s][info][gc             ] GC(1917) Pause Young (Allocation Failure) 23M->14M(31M) 1.241ms
[2025-04-16T15:29:16.337+0000][3050.347s][info][gc,cpu         ] GC(1917) User=0.00s Sys=0.00s Real=0.00s
[2025-04-16T15:29:18.076+0000][3052.085s][info][gc,start       ] GC(1918) Pause Young (Allocation Failure)
[2025-04-16T15:29:18.077+0000][3052.086s][info][gc,heap        ] GC(1918) DefNew: 9170K(10176K)->104K(10176K) Eden: 9088K(9088K)->0K(9088K) From: 82K(1088K)->104K(1088K)
[2025-04-16T15:29:18.077+0000][3052.086s][info][gc,heap        ] GC(1918) Tenured: 15224K(22484K)->15224K(22484K)
[2025-04-16T15:29:18.077+0000][3052.086s][info][gc,metaspace   ] GC(1918) Metaspace: 37483K(37824K)->37483K(37824K) NonClass: 33055K(33216K)->33055K(33216K) Class: 4427K(4608K)->4427K(4608K)
[2025-04-16T15:29:18.077+0000][3052.086s][info][gc             ] GC(1918) Pause Young (Allocation Failure) 23M->14M(31M) 1.320ms
[2025-04-16T15:29:18.077+0000][3052.086s][info][gc,cpu         ] GC(1918) User=0.00s Sys=0.00s Real=0.00s
[2025-04-16T15:29:19.651+0000][3053.660s][info][gc,start       ] GC(1919) Pause Young (Allocation Failure)
[2025-04-16T15:29:19.653+0000][3053.662s][info][gc,heap        ] GC(1919) DefNew: 9192K(10176K)->80K(10176K) Eden: 9088K(9088K)->0K(9088K) From: 104K(1088K)->80K(1088K)
[2025-04-16T15:29:19.653+0000][3053.662s][info][gc,heap        ] GC(1919) Tenured: 15224K(22484K)->15224K(22484K)
[2025-04-16T15:29:19.653+0000][3053.662s][info][gc,metaspace   ] GC(1919) Metaspace: 37483K(37824K)->37483K(37824K) NonClass: 33055K(33216K)->33055K(33216K) Class: 4427K(4608K)->4427K(4608K)
[2025-04-16T15:29:19.653+0000][3053.662s][info][gc             ] GC(1919) Pause Young (Allocation Failure) 23M->14M(31M) 1.229ms
[2025-04-16T15:29:19.653+0000][3053.662s][info][gc,cpu         ] GC(1919) User=0.00s Sys=0.00s Real=0.00s
[2025-04-16T15:29:21.395+0000][3055.404s][info][gc,start       ] GC(1920) Pause Young (Allocation Failure)
[2025-04-16T15:29:21.397+0000][3055.406s][info][gc,heap        ] GC(1920) DefNew: 9168K(10176K)->102K(10176K) Eden: 9087K(9088K)->0K(9088K) From: 80K(1088K)->102K(1088K)
[2025-04-16T15:29:21.397+0000][3055.406s][info][gc,heap        ] GC(1920) Tenured: 15224K(22484K)->15224K(22484K)
[2025-04-16T15:29:21.397+0000][3055.406s][info][gc,metaspace   ] GC(1920) Metaspace: 37483K(37824K)->37483K(37824K) NonClass: 33055K(33216K)->33055K(33216K) Class: 4427K(4608K)->4427K(4608K)
[2025-04-16T15:29:21.397+0000][3055.406s][info][gc             ] GC(1920) Pause Young (Allocation Failure) 23M->14M(31M) 1.362ms
[2025-04-16T15:29:21.397+0000][3055.406s][info][gc,cpu         ] GC(1920) User=0.00s Sys=0.00s Real=0.00s
[2025-04-16T15:29:23.046+0000][3057.055s][info][gc,start       ] GC(1921) Pause Young (Allocation Failure)
[2025-04-16T15:29:23.047+0000][3057.056s][info][gc,heap        ] GC(1921) DefNew: 9185K(10176K)->84K(10176K) Eden: 9083K(9088K)->0K(9088K) From: 102K(1088K)->84K(1088K)
[2025-04-16T15:29:23.047+0000][3057.056s][info][gc,heap        ] GC(1921) Tenured: 15224K(22484K)->15225K(22484K)
[2025-04-16T15:29:23.047+0000][3057.056s][info][gc,metaspace   ] GC(1921) Metaspace: 37483K(37824K)->37483K(37824K) NonClass: 33055K(33216K)->33055K(33216K) Class: 4427K(4608K)->4427K(4608K)
[2025-04-16T15:29:23.047+0000][3057.056s][info][gc             ] GC(1921) Pause Young (Allocation Failure) 23M->14M(31M) 1.336ms
[2025-04-16T15:29:23.047+0000][3057.056s][info][gc,cpu         ] GC(1921) User=0.00s Sys=0.00s Real=0.00s
[2025-04-16T15:29:24.427+0000][3058.436s][info][gc,start       ] GC(1922) Pause Young (Allocation Failure)
[2025-04-16T15:29:24.428+0000][3058.437s][info][gc,heap        ] GC(1922) DefNew: 9172K(10176K)->73K(10176K) Eden: 9088K(9088K)->0K(9088K) From: 84K(1088K)->73K(1088K)
[2025-04-16T15:29:24.428+0000][3058.437s][info][gc,heap        ] GC(1922) Tenured: 15225K(22484K)->15226K(22484K)
[2025-04-16T15:29:24.428+0000][3058.437s][info][gc,metaspace   ] GC(1922) Metaspace: 37483K(37824K)->37483K(37824K) NonClass: 33055K(33216K)->33055K(33216K) Class: 4427K(4608K)->4427K(4608K)
[2025-04-16T15:29:24.428+0000][3058.437s][info][gc             ] GC(1922) Pause Young (Allocation Failure) 23M->14M(31M) 1.257ms
[2025-04-16T15:29:24.428+0000][3058.437s][info][gc,cpu         ] GC(1922) User=0.01s Sys=0.00s Real=0.00s
[2025-04-16T15:29:26.197+0000][3060.206s][info][gc,start       ] GC(1923) Pause Young (Allocation Failure)
[2025-04-16T15:29:26.198+0000][3060.207s][info][gc,heap        ] GC(1923) DefNew: 9161K(10176K)->100K(10176K) Eden: 9088K(9088K)->0K(9088K) From: 73K(1088K)->100K(1088K)
[2025-04-16T15:29:26.198+0000][3060.207s][info][gc,heap        ] GC(1923) Tenured: 15226K(22484K)->15227K(22484K)
[2025-04-16T15:29:26.198+0000][3060.207s][info][gc,metaspace   ] GC(1923) Metaspace: 37483K(37824K)->37483K(37824K) NonClass: 33055K(33216K)->33055K(33216K) Class: 4427K(4608K)->4427K(4608K)
[2025-04-16T15:29:26.198+0000][3060.207s][info][gc             ] GC(1923) Pause Young (Allocation Failure) 23M->14M(31M) 1.431ms
[2025-04-16T15:29:26.198+0000][3060.207s][info][gc,cpu         ] GC(1923) User=0.00s Sys=0.00s Real=0.00s
[2025-04-16T15:29:27.609+0000][3061.618s][info][gc,start       ] GC(1924) Pause Young (Allocation Failure)
[2025-04-16T15:29:27.611+0000][3061.620s][info][gc,heap        ] GC(1924) DefNew: 9188K(10176K)->85K(10176K) Eden: 9088K(9088K)->0K(9088K) From: 100K(1088K)->85K(1088K)
[2025-04-16T15:29:27.611+0000][3061.620s][info][gc,heap        ] GC(1924) Tenured: 15227K(22484K)->15229K(22484K)
[2025-04-16T15:29:27.611+0000][3061.620s][info][gc,metaspace   ] GC(1924) Metaspace: 37483K(37824K)->37483K(37824K) NonClass: 33055K(33216K)->33055K(33216K) Class: 4427K(4608K)->4427K(4608K)
[2025-04-16T15:29:27.611+0000][3061.620s][info][gc             ] GC(1924) Pause Young (Allocation Failure) 23M->14M(31M) 1.291ms
[2025-04-16T15:29:27.611+0000][3061.620s][info][gc,cpu         ] GC(1924) User=0.00s Sys=0.00s Real=0.00s
[2025-04-16T15:29:29.178+0000][3063.187s][info][gc,start       ] GC(1925) Pause Young (Allocation Failure)
[2025-04-16T15:29:29.180+0000][3063.189s][info][gc,heap        ] GC(1925) DefNew: 9173K(10176K)->84K(10176K) Eden: 9087K(9088K)->0K(9088K) From: 85K(1088K)->84K(1088K)
[2025-04-16T15:29:29.180+0000][3063.189s][info][gc,heap        ] GC(1925) Tenured: 15229K(22484K)->15229K(22484K)
[2025-04-16T15:29:29.180+0000][3063.189s][info][gc,metaspace   ] GC(1925) Metaspace: 37483K(37824K)->37483K(37824K) NonClass: 33055K(33216K)->33055K(33216K) Class: 4427K(4608K)->4427K(4608K)
[2025-04-16T15:29:29.180+0000][3063.189s][info][gc             ] GC(1925) Pause Young (Allocation Failure) 23M->14M(31M) 1.348ms
[2025-04-16T15:29:29.180+0000][3063.189s][info][gc,cpu         ] GC(1925) User=0.00s Sys=0.00s Real=0.00s
[2025-04-16T15:29:30.786+0000][3064.795s][info][gc,start       ] GC(1926) Pause Young (Allocation Failure)
[2025-04-16T15:29:30.788+0000][3064.797s][info][gc,heap        ] GC(1926) DefNew: 9172K(10176K)->100K(10176K) Eden: 9088K(9088K)->0K(9088K) From: 84K(1088K)->100K(1088K)
[2025-04-16T15:29:30.788+0000][3064.797s][info][gc,heap        ] GC(1926) Tenured: 15229K(22484K)->15230K(22484K)
[2025-04-16T15:29:30.788+0000][3064.797s][info][gc,metaspace   ] GC(1926) Metaspace: 37483K(37824K)->37483K(37824K) NonClass: 33055K(33216K)->33055K(33216K) Class: 4427K(4608K)->4427K(4608K)
[2025-04-16T15:29:30.788+0000][3064.797s][info][gc             ] GC(1926) Pause Young (Allocation Failure) 23M->14M(31M) 1.338ms
[2025-04-16T15:29:30.788+0000][3064.797s][info][gc,cpu         ] GC(1926) User=0.01s Sys=0.00s Real=0.00s
[2025-04-16T15:29:32.274+0000][3066.283s][info][gc,start       ] GC(1927) Pause Young (Allocation Failure)
[2025-04-16T15:29:32.275+0000][3066.284s][info][gc,heap        ] GC(1927) DefNew: 9188K(10176K)->89K(10176K) Eden: 9088K(9088K)->0K(9088K) From: 100K(1088K)->89K(1088K)
[2025-04-16T15:29:32.275+0000][3066.284s][info][gc,heap        ] GC(1927) Tenured: 15230K(22484K)->15231K(22484K)
[2025-04-16T15:29:32.275+0000][3066.284s][info][gc,metaspace   ] GC(1927) Metaspace: 37483K(37824K)->37483K(37824K) NonClass: 33055K(33216K)->33055K(33216K) Class: 4427K(4608K)->4427K(4608K)
[2025-04-16T15:29:32.275+0000][3066.284s][info][gc             ] GC(1927) Pause Young (Allocation Failure) 23M->14M(31M) 1.233ms
[2025-04-16T15:29:32.275+0000][3066.284s][info][gc,cpu         ] GC(1927) User=0.00s Sys=0.00s Real=0.01s
[2025-04-16T15:29:33.848+0000][3067.857s][info][gc,start       ] GC(1928) Pause Young (Allocation Failure)
[2025-04-16T15:29:33.849+0000][3067.858s][info][gc,heap        ] GC(1928) DefNew: 9177K(10176K)->71K(10176K) Eden: 9088K(9088K)->0K(9088K) From: 89K(1088K)->71K(1088K)
[2025-04-16T15:29:33.849+0000][3067.858s][info][gc,heap        ] GC(1928) Tenured: 15231K(22484K)->15231K(22484K)
[2025-04-16T15:29:33.849+0000][3067.858s][info][gc,metaspace   ] GC(1928) Metaspace: 37483K(37824K)->37483K(37824K) NonClass: 33055K(33216K)->33055K(33216K) Class: 4427K(4608K)->4427K(4608K)
[2025-04-16T15:29:33.849+0000][3067.858s][info][gc             ] GC(1928) Pause Young (Allocation Failure) 23M->14M(31M) 1.320ms
[2025-04-16T15:29:33.849+0000][3067.858s][info][gc,cpu         ] GC(1928) User=0.00s Sys=0.00s Real=0.00s
[2025-04-16T15:29:35.550+0000][3069.559s][info][gc,start       ] GC(1929) Pause Young (Allocation Failure)
[2025-04-16T15:29:35.551+0000][3069.560s][info][gc,heap        ] GC(1929) DefNew: 9159K(10176K)->85K(10176K) Eden: 9088K(9088K)->0K(9088K) From: 71K(1088K)->85K(1088K)
[2025-04-16T15:29:35.551+0000][3069.560s][info][gc,heap        ] GC(1929) Tenured: 15231K(22484K)->15232K(22484K)
[2025-04-16T15:29:35.551+0000][3069.560s][info][gc,metaspace   ] GC(1929) Metaspace: 37483K(37824K)->37483K(37824K) NonClass: 33055K(33216K)->33055K(33216K) Class: 4427K(4608K)->4427K(4608K)
[2025-04-16T15:29:35.551+0000][3069.560s][info][gc             ] GC(1929) Pause Young (Allocation Failure) 23M->14M(31M) 1.231ms
[2025-04-16T15:29:35.551+0000][3069.560s][info][gc,cpu         ] GC(1929) User=0.00s Sys=0.00s Real=0.00s
[2025-04-16T15:29:37.202+0000][3071.211s][info][gc,start       ] GC(1930) Pause Young (Allocation Failure)
[2025-04-16T15:29:37.203+0000][3071.212s][info][gc,heap        ] GC(1930) DefNew: 9173K(10176K)->80K(10176K) Eden: 9088K(9088K)->0K(9088K) From: 85K(1088K)->80K(1088K)
[2025-04-16T15:29:37.203+0000][3071.212s][info][gc,heap        ] GC(1930) Tenured: 15232K(22484K)->15234K(22484K)
[2025-04-16T15:29:37.203+0000][3071.212s][info][gc,metaspace   ] GC(1930) Metaspace: 37483K(37824K)->37483K(37824K) NonClass: 33055K(33216K)->33055K(33216K) Class: 4427K(4608K)->4427K(4608K)
[2025-04-16T15:29:37.203+0000][3071.212s][info][gc             ] GC(1930) Pause Young (Allocation Failure) 23M->14M(31M) 1.249ms
[2025-04-16T15:29:37.203+0000][3071.212s][info][gc,cpu         ] GC(1930) User=0.00s Sys=0.00s Real=0.00s
[2025-04-16T15:29:38.800+0000][3072.809s][info][gc,start       ] GC(1931) Pause Young (Allocation Failure)
[2025-04-16T15:29:38.801+0000][3072.810s][info][gc,heap        ] GC(1931) DefNew: 9168K(10176K)->97K(10176K) Eden: 9088K(9088K)->0K(9088K) From: 80K(1088K)->97K(1088K)
[2025-04-16T15:29:38.801+0000][3072.810s][info][gc,heap        ] GC(1931) Tenured: 15234K(22484K)->15234K(22484K)
[2025-04-16T15:29:38.801+0000][3072.810s][info][gc,metaspace   ] GC(1931) Metaspace: 37483K(37824K)->37483K(37824K) NonClass: 33055K(33216K)->33055K(33216K) Class: 4427K(4608K)->4427K(4608K)
[2025-04-16T15:29:38.801+0000][3072.810s][info][gc             ] GC(1931) Pause Young (Allocation Failure) 23M->14M(31M) 1.204ms
[2025-04-16T15:29:38.801+0000][3072.810s][info][gc,cpu         ] GC(1931) User=0.00s Sys=0.00s Real=0.00s
[2025-04-16T15:29:40.454+0000][3074.463s][info][gc,start       ] GC(1932) Pause Young (Allocation Failure)
[2025-04-16T15:29:40.456+0000][3074.465s][info][gc,heap        ] GC(1932) DefNew: 9185K(10176K)->80K(10176K) Eden: 9088K(9088K)->0K(9088K) From: 97K(1088K)->80K(1088K)
[2025-04-16T15:29:40.456+0000][3074.465s][info][gc,heap        ] GC(1932) Tenured: 15234K(22484K)->15234K(22484K)
[2025-04-16T15:29:40.456+0000][3074.465s][info][gc,metaspace   ] GC(1932) Metaspace: 37483K(37824K)->37483K(37824K) NonClass: 33055K(33216K)->33055K(33216K) Class: 4427K(4608K)->4427K(4608K)
[2025-04-16T15:29:40.456+0000][3074.465s][info][gc             ] GC(1932) Pause Young (Allocation Failure) 23M->14M(31M) 1.299ms
[2025-04-16T15:29:40.456+0000][3074.465s][info][gc,cpu         ] GC(1932) User=0.00s Sys=0.00s Real=0.00s
[2025-04-16T15:29:42.147+0000][3076.156s][info][gc,start       ] GC(1933) Pause Young (Allocation Failure)
[2025-04-16T15:29:42.148+0000][3076.157s][info][gc,heap        ] GC(1933) DefNew: 9168K(10176K)->85K(10176K) Eden: 9088K(9088K)->0K(9088K) From: 80K(1088K)->85K(1088K)
[2025-04-16T15:29:42.148+0000][3076.157s][info][gc,heap        ] GC(1933) Tenured: 15234K(22484K)->15234K(22484K)
[2025-04-16T15:29:42.148+0000][3076.157s][info][gc,metaspace   ] GC(1933) Metaspace: 37483K(37824K)->37483K(37824K) NonClass: 33055K(33216K)->33055K(33216K) Class: 4427K(4608K)->4427K(4608K)
[2025-04-16T15:29:42.148+0000][3076.157s][info][gc             ] GC(1933) Pause Young (Allocation Failure) 23M->14M(31M) 1.274ms
[2025-04-16T15:29:42.148+0000][3076.157s][info][gc,cpu         ] GC(1933) User=0.00s Sys=0.00s Real=0.00s
[2025-04-16T15:29:43.536+0000][3077.545s][info][gc,start       ] GC(1934) Pause Young (Allocation Failure)
[2025-04-16T15:29:43.537+0000][3077.546s][info][gc,heap        ] GC(1934) DefNew: 9173K(10176K)->94K(10176K) Eden: 9088K(9088K)->0K(9088K) From: 85K(1088K)->94K(1088K)
[2025-04-16T15:29:43.537+0000][3077.546s][info][gc,heap        ] GC(1934) Tenured: 15234K(22484K)->15236K(22484K)
[2025-04-16T15:29:43.537+0000][3077.546s][info][gc,metaspace   ] GC(1934) Metaspace: 37483K(37824K)->37483K(37824K) NonClass: 33055K(33216K)->33055K(33216K) Class: 4427K(4608K)->4427K(4608K)
[2025-04-16T15:29:43.537+0000][3077.546s][info][gc             ] GC(1934) Pause Young (Allocation Failure) 23M->14M(31M) 1.417ms
[2025-04-16T15:29:43.537+0000][3077.546s][info][gc,cpu         ] GC(1934) User=0.01s Sys=0.00s Real=0.00s
[2025-04-16T15:29:45.128+0000][3079.137s][info][gc,start       ] GC(1935) Pause Young (Allocation Failure)
[2025-04-16T15:29:45.129+0000][3079.138s][info][gc,heap        ] GC(1935) DefNew: 9182K(10176K)->79K(10176K) Eden: 9088K(9088K)->0K(9088K) From: 94K(1088K)->79K(1088K)
[2025-04-16T15:29:45.129+0000][3079.138s][info][gc,heap        ] GC(1935) Tenured: 15236K(22484K)->15237K(22484K)
[2025-04-16T15:29:45.129+0000][3079.138s][info][gc,metaspace   ] GC(1935) Metaspace: 37483K(37824K)->37483K(37824K) NonClass: 33055K(33216K)->33055K(33216K) Class: 4427K(4608K)->4427K(4608K)
[2025-04-16T15:29:45.129+0000][3079.138s][info][gc             ] GC(1935) Pause Young (Allocation Failure) 23M->14M(31M) 1.378ms
[2025-04-16T15:29:45.129+0000][3079.138s][info][gc,cpu         ] GC(1935) User=0.00s Sys=0.00s Real=0.00s
[2025-04-16T15:29:46.569+0000][3080.578s][info][gc,start       ] GC(1936) Pause Young (Allocation Failure)
[2025-04-16T15:29:46.571+0000][3080.580s][info][gc,heap        ] GC(1936) DefNew: 9167K(10176K)->97K(10176K) Eden: 9088K(9088K)->0K(9088K) From: 79K(1088K)->97K(1088K)
[2025-04-16T15:29:46.571+0000][3080.580s][info][gc,heap        ] GC(1936) Tenured: 15237K(22484K)->15237K(22484K)
[2025-04-16T15:29:46.571+0000][3080.580s][info][gc,metaspace   ] GC(1936) Metaspace: 37483K(37824K)->37483K(37824K) NonClass: 33055K(33216K)->33055K(33216K) Class: 4427K(4608K)->4427K(4608K)
[2025-04-16T15:29:46.571+0000][3080.580s][info][gc             ] GC(1936) Pause Young (Allocation Failure) 23M->14M(31M) 1.233ms
[2025-04-16T15:29:46.571+0000][3080.580s][info][gc,cpu         ] GC(1936) User=0.00s Sys=0.00s Real=0.00s
[2025-04-16T15:29:48.609+0000][3082.618s][info][gc,start       ] GC(1937) Pause Young (Allocation Failure)
[2025-04-16T15:29:48.610+0000][3082.619s][info][gc,heap        ] GC(1937) DefNew: 9185K(10176K)->92K(10176K) Eden: 9088K(9088K)->0K(9088K) From: 97K(1088K)->92K(1088K)
[2025-04-16T15:29:48.610+0000][3082.619s][info][gc,heap        ] GC(1937) Tenured: 15237K(22484K)->15239K(22484K)
[2025-04-16T15:29:48.610+0000][3082.619s][info][gc,metaspace   ] GC(1937) Metaspace: 37483K(37824K)->37483K(37824K) NonClass: 33055K(33216K)->33055K(33216K) Class: 4427K(4608K)->4427K(4608K)
[2025-04-16T15:29:48.610+0000][3082.619s][info][gc             ] GC(1937) Pause Young (Allocation Failure) 23M->14M(31M) 1.329ms
[2025-04-16T15:29:48.610+0000][3082.619s][info][gc,cpu         ] GC(1937) User=0.00s Sys=0.00s Real=0.00s
[2025-04-16T15:29:50.165+0000][3084.174s][info][gc,start       ] GC(1938) Pause Young (Allocation Failure)
[2025-04-16T15:29:50.167+0000][3084.176s][info][gc,heap        ] GC(1938) DefNew: 9180K(10176K)->81K(10176K) Eden: 9088K(9088K)->0K(9088K) From: 92K(1088K)->81K(1088K)
[2025-04-16T15:29:50.167+0000][3084.176s][info][gc,heap        ] GC(1938) Tenured: 15239K(22484K)->15239K(22484K)
[2025-04-16T15:29:50.167+0000][3084.176s][info][gc,metaspace   ] GC(1938) Metaspace: 37483K(37824K)->37483K(37824K) NonClass: 33055K(33216K)->33055K(33216K) Class: 4427K(4608K)->4427K(4608K)
[2025-04-16T15:29:50.167+0000][3084.176s][info][gc             ] GC(1938) Pause Young (Allocation Failure) 23M->14M(31M) 1.327ms
[2025-04-16T15:29:50.167+0000][3084.176s][info][gc,cpu         ] GC(1938) User=0.00s Sys=0.00s Real=0.00s
[2025-04-16T15:29:51.718+0000][3085.727s][info][gc,start       ] GC(1939) Pause Young (Allocation Failure)
[2025-04-16T15:29:51.719+0000][3085.728s][info][gc,heap        ] GC(1939) DefNew: 9169K(10176K)->86K(10176K) Eden: 9088K(9088K)->0K(9088K) From: 81K(1088K)->86K(1088K)
[2025-04-16T15:29:51.719+0000][3085.728s][info][gc,heap        ] GC(1939) Tenured: 15239K(22484K)->15239K(22484K)
[2025-04-16T15:29:51.719+0000][3085.728s][info][gc,metaspace   ] GC(1939) Metaspace: 37483K(37824K)->37483K(37824K) NonClass: 33055K(33216K)->33055K(33216K) Class: 4427K(4608K)->4427K(4608K)
[2025-04-16T15:29:51.719+0000][3085.728s][info][gc             ] GC(1939) Pause Young (Allocation Failure) 23M->14M(31M) 1.323ms
[2025-04-16T15:29:51.719+0000][3085.728s][info][gc,cpu         ] GC(1939) User=0.00s Sys=0.00s Real=0.00s
[2025-04-16T15:29:53.228+0000][3087.237s][info][gc,start       ] GC(1940) Pause Young (Allocation Failure)
[2025-04-16T15:29:53.229+0000][3087.238s][info][gc,heap        ] GC(1940) DefNew: 9174K(10176K)->83K(10176K) Eden: 9088K(9088K)->0K(9088K) From: 86K(1088K)->83K(1088K)
[2025-04-16T15:29:53.229+0000][3087.238s][info][gc,heap        ] GC(1940) Tenured: 15239K(22484K)->15239K(22484K)
[2025-04-16T15:29:53.229+0000][3087.238s][info][gc,metaspace   ] GC(1940) Metaspace: 37483K(37824K)->37483K(37824K) NonClass: 33055K(33216K)->33055K(33216K) Class: 4427K(4608K)->4427K(4608K)
[2025-04-16T15:29:53.229+0000][3087.238s][info][gc             ] GC(1940) Pause Young (Allocation Failure) 23M->14M(31M) 1.367ms
[2025-04-16T15:29:53.229+0000][3087.238s][info][gc,cpu         ] GC(1940) User=0.00s Sys=0.00s Real=0.00s
[2025-04-16T15:29:55.007+0000][3089.016s][info][gc,start       ] GC(1941) Pause Young (Allocation Failure)
[2025-04-16T15:29:55.009+0000][3089.018s][info][gc,heap        ] GC(1941) DefNew: 9171K(10176K)->112K(10176K) Eden: 9088K(9088K)->0K(9088K) From: 83K(1088K)->112K(1088K)
[2025-04-16T15:29:55.009+0000][3089.018s][info][gc,heap        ] GC(1941) Tenured: 15239K(22484K)->15239K(22484K)
[2025-04-16T15:29:55.009+0000][3089.018s][info][gc,metaspace   ] GC(1941) Metaspace: 37483K(37824K)->37483K(37824K) NonClass: 33055K(33216K)->33055K(33216K) Class: 4427K(4608K)->4427K(4608K)
[2025-04-16T15:29:55.009+0000][3089.018s][info][gc             ] GC(1941) Pause Young (Allocation Failure) 23M->14M(31M) 1.324ms
[2025-04-16T15:29:55.009+0000][3089.018s][info][gc,cpu         ] GC(1941) User=0.00s Sys=0.00s Real=0.00s
[2025-04-16T15:29:56.298+0000][3090.307s][info][gc,start       ] GC(1942) Pause Young (Allocation Failure)
[2025-04-16T15:29:56.299+0000][3090.308s][info][gc,heap        ] GC(1942) DefNew: 9200K(10176K)->96K(10176K) Eden: 9087K(9088K)->0K(9088K) From: 112K(1088K)->96K(1088K)
[2025-04-16T15:29:56.299+0000][3090.308s][info][gc,heap        ] GC(1942) Tenured: 15239K(22484K)->15241K(22484K)
[2025-04-16T15:29:56.299+0000][3090.308s][info][gc,metaspace   ] GC(1942) Metaspace: 37483K(37824K)->37483K(37824K) NonClass: 33055K(33216K)->33055K(33216K) Class: 4427K(4608K)->4427K(4608K)
[2025-04-16T15:29:56.299+0000][3090.308s][info][gc             ] GC(1942) Pause Young (Allocation Failure) 23M->14M(31M) 1.219ms
[2025-04-16T15:29:56.299+0000][3090.308s][info][gc,cpu         ] GC(1942) User=0.00s Sys=0.00s Real=0.00s
[2025-04-16T15:29:58.106+0000][3092.115s][info][gc,start       ] GC(1943) Pause Young (Allocation Failure)
[2025-04-16T15:29:58.107+0000][3092.116s][info][gc,heap        ] GC(1943) DefNew: 9184K(10176K)->72K(10176K) Eden: 9087K(9088K)->0K(9088K) From: 96K(1088K)->72K(1088K)
[2025-04-16T15:29:58.107+0000][3092.116s][info][gc,heap        ] GC(1943) Tenured: 15241K(22484K)->15241K(22484K)
[2025-04-16T15:29:58.107+0000][3092.116s][info][gc,metaspace   ] GC(1943) Metaspace: 37483K(37824K)->37483K(37824K) NonClass: 33055K(33216K)->33055K(33216K) Class: 4427K(4608K)->4427K(4608K)
[2025-04-16T15:29:58.107+0000][3092.116s][info][gc             ] GC(1943) Pause Young (Allocation Failure) 23M->14M(31M) 1.248ms
[2025-04-16T15:29:58.107+0000][3092.116s][info][gc,cpu         ] GC(1943) User=0.00s Sys=0.00s Real=0.00s
[2025-04-16T15:29:59.803+0000][3093.812s][info][gc,start       ] GC(1944) Pause Young (Allocation Failure)
[2025-04-16T15:29:59.804+0000][3093.813s][info][gc,heap        ] GC(1944) DefNew: 9160K(10176K)->82K(10176K) Eden: 9088K(9088K)->0K(9088K) From: 72K(1088K)->82K(1088K)
[2025-04-16T15:29:59.804+0000][3093.813s][info][gc,heap        ] GC(1944) Tenured: 15241K(22484K)->15242K(22484K)
[2025-04-16T15:29:59.804+0000][3093.813s][info][gc,metaspace   ] GC(1944) Metaspace: 37483K(37824K)->37483K(37824K) NonClass: 33055K(33216K)->33055K(33216K) Class: 4427K(4608K)->4427K(4608K)
[2025-04-16T15:29:59.804+0000][3093.813s][info][gc             ] GC(1944) Pause Young (Allocation Failure) 23M->14M(31M) 1.343ms
[2025-04-16T15:29:59.804+0000][3093.814s][info][gc,cpu         ] GC(1944) User=0.00s Sys=0.00s Real=0.01s
[2025-04-16T15:30:01.387+0000][3095.396s][info][gc,start       ] GC(1945) Pause Young (Allocation Failure)
[2025-04-16T15:30:01.389+0000][3095.398s][info][gc,heap        ] GC(1945) DefNew: 9170K(10176K)->100K(10176K) Eden: 9088K(9088K)->0K(9088K) From: 82K(1088K)->100K(1088K)
[2025-04-16T15:30:01.389+0000][3095.398s][info][gc,heap        ] GC(1945) Tenured: 15242K(22484K)->15242K(22484K)
[2025-04-16T15:30:01.389+0000][3095.398s][info][gc,metaspace   ] GC(1945) Metaspace: 37483K(37824K)->37483K(37824K) NonClass: 33055K(33216K)->33055K(33216K) Class: 4427K(4608K)->4427K(4608K)
[2025-04-16T15:30:01.389+0000][3095.398s][info][gc             ] GC(1945) Pause Young (Allocation Failure) 23M->14M(31M) 1.295ms
[2025-04-16T15:30:01.389+0000][3095.398s][info][gc,cpu         ] GC(1945) User=0.00s Sys=0.00s Real=0.00s
[2025-04-16T15:30:02.886+0000][3096.896s][info][gc,start       ] GC(1946) Pause Young (Allocation Failure)
[2025-04-16T15:30:02.888+0000][3096.897s][info][gc,heap        ] GC(1946) DefNew: 9182K(10176K)->92K(10176K) Eden: 9082K(9088K)->0K(9088K) From: 100K(1088K)->92K(1088K)
[2025-04-16T15:30:02.888+0000][3096.897s][info][gc,heap        ] GC(1946) Tenured: 15242K(22484K)->15242K(22484K)
[2025-04-16T15:30:02.888+0000][3096.897s][info][gc,metaspace   ] GC(1946) Metaspace: 37483K(37824K)->37483K(37824K) NonClass: 33055K(33216K)->33055K(33216K) Class: 4427K(4608K)->4427K(4608K)
[2025-04-16T15:30:02.888+0000][3096.897s][info][gc             ] GC(1946) Pause Young (Allocation Failure) 23M->14M(31M) 1.508ms
[2025-04-16T15:30:02.888+0000][3096.897s][info][gc,cpu         ] GC(1946) User=0.00s Sys=0.00s Real=0.00s
[2025-04-16T15:30:04.566+0000][3098.575s][info][gc,start       ] GC(1947) Pause Young (Allocation Failure)
[2025-04-16T15:30:04.567+0000][3098.576s][info][gc,heap        ] GC(1947) DefNew: 9180K(10176K)->86K(10176K) Eden: 9088K(9088K)->0K(9088K) From: 92K(1088K)->86K(1088K)
[2025-04-16T15:30:04.567+0000][3098.576s][info][gc,heap        ] GC(1947) Tenured: 15242K(22484K)->15244K(22484K)
[2025-04-16T15:30:04.567+0000][3098.576s][info][gc,metaspace   ] GC(1947) Metaspace: 37483K(37824K)->37483K(37824K) NonClass: 33055K(33216K)->33055K(33216K) Class: 4427K(4608K)->4427K(4608K)
[2025-04-16T15:30:04.567+0000][3098.576s][info][gc             ] GC(1947) Pause Young (Allocation Failure) 23M->14M(31M) 1.378ms
[2025-04-16T15:30:04.567+0000][3098.576s][info][gc,cpu         ] GC(1947) User=0.00s Sys=0.00s Real=0.00s
[2025-04-16T15:30:06.210+0000][3100.219s][info][gc,start       ] GC(1948) Pause Young (Allocation Failure)
[2025-04-16T15:30:06.211+0000][3100.220s][info][gc,heap        ] GC(1948) DefNew: 9174K(10176K)->86K(10176K) Eden: 9088K(9088K)->0K(9088K) From: 86K(1088K)->86K(1088K)
[2025-04-16T15:30:06.211+0000][3100.220s][info][gc,heap        ] GC(1948) Tenured: 15244K(22484K)->15246K(22484K)
[2025-04-16T15:30:06.211+0000][3100.220s][info][gc,metaspace   ] GC(1948) Metaspace: 37483K(37824K)->37483K(37824K) NonClass: 33055K(33216K)->33055K(33216K) Class: 4427K(4608K)->4427K(4608K)
[2025-04-16T15:30:06.211+0000][3100.220s][info][gc             ] GC(1948) Pause Young (Allocation Failure) 23M->14M(31M) 1.260ms
[2025-04-16T15:30:06.211+0000][3100.220s][info][gc,cpu         ] GC(1948) User=0.01s Sys=0.00s Real=0.00s
[2025-04-16T15:30:07.744+0000][3101.753s][info][gc,start       ] GC(1949) Pause Young (Allocation Failure)
[2025-04-16T15:30:07.745+0000][3101.754s][info][gc,heap        ] GC(1949) DefNew: 9174K(10176K)->97K(10176K) Eden: 9088K(9088K)->0K(9088K) From: 86K(1088K)->97K(1088K)
[2025-04-16T15:30:07.745+0000][3101.754s][info][gc,heap        ] GC(1949) Tenured: 15246K(22484K)->15246K(22484K)
[2025-04-16T15:30:07.745+0000][3101.754s][info][gc,metaspace   ] GC(1949) Metaspace: 37483K(37824K)->37483K(37824K) NonClass: 33055K(33216K)->33055K(33216K) Class: 4427K(4608K)->4427K(4608K)
[2025-04-16T15:30:07.745+0000][3101.754s][info][gc             ] GC(1949) Pause Young (Allocation Failure) 23M->14M(31M) 1.242ms
[2025-04-16T15:30:07.745+0000][3101.754s][info][gc,cpu         ] GC(1949) User=0.00s Sys=0.00s Real=0.00s
[2025-04-16T15:30:09.475+0000][3103.484s][info][gc,start       ] GC(1950) Pause Young (Allocation Failure)
[2025-04-16T15:30:09.477+0000][3103.486s][info][gc,heap        ] GC(1950) DefNew: 9185K(10176K)->90K(10176K) Eden: 9088K(9088K)->0K(9088K) From: 97K(1088K)->90K(1088K)
[2025-04-16T15:30:09.477+0000][3103.486s][info][gc,heap        ] GC(1950) Tenured: 15246K(22484K)->15246K(22484K)
[2025-04-16T15:30:09.477+0000][3103.486s][info][gc,metaspace   ] GC(1950) Metaspace: 37483K(37824K)->37483K(37824K) NonClass: 33055K(33216K)->33055K(33216K) Class: 4427K(4608K)->4427K(4608K)
[2025-04-16T15:30:09.477+0000][3103.486s][info][gc             ] GC(1950) Pause Young (Allocation Failure) 23M->14M(31M) 1.327ms
[2025-04-16T15:30:09.477+0000][3103.486s][info][gc,cpu         ] GC(1950) User=0.00s Sys=0.00s Real=0.00s
[2025-04-16T15:30:10.880+0000][3104.889s][info][gc,start       ] GC(1951) Pause Young (Allocation Failure)
[2025-04-16T15:30:10.881+0000][3104.890s][info][gc,heap        ] GC(1951) DefNew: 9178K(10176K)->87K(10176K) Eden: 9088K(9088K)->0K(9088K) From: 90K(1088K)->87K(1088K)
[2025-04-16T15:30:10.881+0000][3104.891s][info][gc,heap        ] GC(1951) Tenured: 15246K(22484K)->15246K(22484K)
[2025-04-16T15:30:10.881+0000][3104.891s][info][gc,metaspace   ] GC(1951) Metaspace: 37483K(37824K)->37483K(37824K) NonClass: 33055K(33216K)->33055K(33216K) Class: 4427K(4608K)->4427K(4608K)
[2025-04-16T15:30:10.882+0000][3104.891s][info][gc             ] GC(1951) Pause Young (Allocation Failure) 23M->14M(31M) 1.326ms
[2025-04-16T15:30:10.882+0000][3104.891s][info][gc,cpu         ] GC(1951) User=0.00s Sys=0.00s Real=0.00s
[2025-04-16T15:30:12.685+0000][3106.694s][info][gc,start       ] GC(1952) Pause Young (Allocation Failure)
[2025-04-16T15:30:12.687+0000][3106.696s][info][gc,heap        ] GC(1952) DefNew: 9175K(10176K)->98K(10176K) Eden: 9088K(9088K)->0K(9088K) From: 87K(1088K)->98K(1088K)
[2025-04-16T15:30:12.687+0000][3106.696s][info][gc,heap        ] GC(1952) Tenured: 15246K(22484K)->15250K(22484K)
[2025-04-16T15:30:12.687+0000][3106.696s][info][gc,metaspace   ] GC(1952) Metaspace: 37483K(37824K)->37483K(37824K) NonClass: 33055K(33216K)->33055K(33216K) Class: 4427K(4608K)->4427K(4608K)
[2025-04-16T15:30:12.687+0000][3106.696s][info][gc             ] GC(1952) Pause Young (Allocation Failure) 23M->14M(31M) 1.439ms
[2025-04-16T15:30:12.687+0000][3106.696s][info][gc,cpu         ] GC(1952) User=0.00s Sys=0.00s Real=0.00s
[2025-04-16T15:30:14.328+0000][3108.337s][info][gc,start       ] GC(1953) Pause Young (Allocation Failure)
[2025-04-16T15:30:14.329+0000][3108.338s][info][gc,heap        ] GC(1953) DefNew: 9186K(10176K)->107K(10176K) Eden: 9088K(9088K)->0K(9088K) From: 98K(1088K)->107K(1088K)
[2025-04-16T15:30:14.329+0000][3108.338s][info][gc,heap        ] GC(1953) Tenured: 15250K(22484K)->15250K(22484K)
[2025-04-16T15:30:14.329+0000][3108.338s][info][gc,metaspace   ] GC(1953) Metaspace: 37483K(37824K)->37483K(37824K) NonClass: 33055K(33216K)->33055K(33216K) Class: 4427K(4608K)->4427K(4608K)
[2025-04-16T15:30:14.329+0000][3108.338s][info][gc             ] GC(1953) Pause Young (Allocation Failure) 23M->14M(31M) 1.427ms
[2025-04-16T15:30:14.329+0000][3108.338s][info][gc,cpu         ] GC(1953) User=0.00s Sys=0.00s Real=0.00s
[2025-04-16T15:30:16.224+0000][3110.233s][info][gc,start       ] GC(1954) Pause Young (Allocation Failure)
[2025-04-16T15:30:16.225+0000][3110.234s][info][gc,heap        ] GC(1954) DefNew: 9195K(10176K)->113K(10176K) Eden: 9088K(9088K)->0K(9088K) From: 107K(1088K)->113K(1088K)
[2025-04-16T15:30:16.225+0000][3110.234s][info][gc,heap        ] GC(1954) Tenured: 15250K(22484K)->15250K(22484K)
[2025-04-16T15:30:16.225+0000][3110.234s][info][gc,metaspace   ] GC(1954) Metaspace: 37483K(37824K)->37483K(37824K) NonClass: 33055K(33216K)->33055K(33216K) Class: 4427K(4608K)->4427K(4608K)
[2025-04-16T15:30:16.225+0000][3110.234s][info][gc             ] GC(1954) Pause Young (Allocation Failure) 23M->15M(31M) 1.296ms
[2025-04-16T15:30:16.225+0000][3110.234s][info][gc,cpu         ] GC(1954) User=0.00s Sys=0.00s Real=0.00s
[2025-04-16T15:30:17.604+0000][3111.613s][info][gc,start       ] GC(1955) Pause Young (Allocation Failure)
[2025-04-16T15:30:17.605+0000][3111.614s][info][gc,heap        ] GC(1955) DefNew: 9201K(10176K)->95K(10176K) Eden: 9088K(9088K)->0K(9088K) From: 113K(1088K)->95K(1088K)
[2025-04-16T15:30:17.605+0000][3111.614s][info][gc,heap        ] GC(1955) Tenured: 15250K(22484K)->15250K(22484K)
[2025-04-16T15:30:17.605+0000][3111.614s][info][gc,metaspace   ] GC(1955) Metaspace: 37483K(37824K)->37483K(37824K) NonClass: 33055K(33216K)->33055K(33216K) Class: 4427K(4608K)->4427K(4608K)
[2025-04-16T15:30:17.605+0000][3111.614s][info][gc             ] GC(1955) Pause Young (Allocation Failure) 23M->14M(31M) 1.237ms
[2025-04-16T15:30:17.605+0000][3111.614s][info][gc,cpu         ] GC(1955) User=0.00s Sys=0.00s Real=0.01s
[2025-04-16T15:30:19.084+0000][3113.093s][info][gc,start       ] GC(1956) Pause Young (Allocation Failure)
[2025-04-16T15:30:19.086+0000][3113.095s][info][gc,heap        ] GC(1956) DefNew: 9178K(10176K)->88K(10176K) Eden: 9083K(9088K)->0K(9088K) From: 95K(1088K)->88K(1088K)
[2025-04-16T15:30:19.086+0000][3113.095s][info][gc,heap        ] GC(1956) Tenured: 15250K(22484K)->15252K(22484K)
[2025-04-16T15:30:19.086+0000][3113.095s][info][gc,metaspace   ] GC(1956) Metaspace: 37483K(37824K)->37483K(37824K) NonClass: 33055K(33216K)->33055K(33216K) Class: 4427K(4608K)->4427K(4608K)
[2025-04-16T15:30:19.086+0000][3113.095s][info][gc             ] GC(1956) Pause Young (Allocation Failure) 23M->14M(31M) 2.071ms
[2025-04-16T15:30:19.086+0000][3113.096s][info][gc,cpu         ] GC(1956) User=0.00s Sys=0.00s Real=0.00s
[2025-04-16T15:30:20.864+0000][3114.873s][info][gc,start       ] GC(1957) Pause Young (Allocation Failure)
[2025-04-16T15:30:20.866+0000][3114.875s][info][gc,heap        ] GC(1957) DefNew: 9176K(10176K)->84K(10176K) Eden: 9088K(9088K)->0K(9088K) From: 88K(1088K)->84K(1088K)
[2025-04-16T15:30:20.866+0000][3114.875s][info][gc,heap        ] GC(1957) Tenured: 15252K(22484K)->15252K(22484K)
[2025-04-16T15:30:20.866+0000][3114.875s][info][gc,metaspace   ] GC(1957) Metaspace: 37483K(37824K)->37483K(37824K) NonClass: 33055K(33216K)->33055K(33216K) Class: 4427K(4608K)->4427K(4608K)
[2025-04-16T15:30:20.866+0000][3114.875s][info][gc             ] GC(1957) Pause Young (Allocation Failure) 23M->14M(31M) 1.217ms
[2025-04-16T15:30:20.866+0000][3114.875s][info][gc,cpu         ] GC(1957) User=0.00s Sys=0.00s Real=0.00s
[2025-04-16T15:30:22.365+0000][3116.374s][info][gc,start       ] GC(1958) Pause Young (Allocation Failure)
[2025-04-16T15:30:22.366+0000][3116.375s][info][gc,heap        ] GC(1958) DefNew: 9172K(10176K)->81K(10176K) Eden: 9088K(9088K)->0K(9088K) From: 84K(1088K)->81K(1088K)
[2025-04-16T15:30:22.366+0000][3116.375s][info][gc,heap        ] GC(1958) Tenured: 15252K(22484K)->15252K(22484K)
[2025-04-16T15:30:22.366+0000][3116.375s][info][gc,metaspace   ] GC(1958) Metaspace: 37483K(37824K)->37483K(37824K) NonClass: 33055K(33216K)->33055K(33216K) Class: 4427K(4608K)->4427K(4608K)
[2025-04-16T15:30:22.366+0000][3116.375s][info][gc             ] GC(1958) Pause Young (Allocation Failure) 23M->14M(31M) 1.311ms
[2025-04-16T15:30:22.366+0000][3116.375s][info][gc,cpu         ] GC(1958) User=0.00s Sys=0.00s Real=0.00s
[2025-04-16T15:30:24.198+0000][3118.207s][info][gc,start       ] GC(1959) Pause Young (Allocation Failure)
[2025-04-16T15:30:24.199+0000][3118.208s][info][gc,heap        ] GC(1959) DefNew: 9169K(10176K)->102K(10176K) Eden: 9088K(9088K)->0K(9088K) From: 81K(1088K)->102K(1088K)
[2025-04-16T15:30:24.199+0000][3118.208s][info][gc,heap        ] GC(1959) Tenured: 15252K(22484K)->15252K(22484K)
[2025-04-16T15:30:24.199+0000][3118.208s][info][gc,metaspace   ] GC(1959) Metaspace: 37483K(37824K)->37483K(37824K) NonClass: 33055K(33216K)->33055K(33216K) Class: 4427K(4608K)->4427K(4608K)
[2025-04-16T15:30:24.199+0000][3118.208s][info][gc             ] GC(1959) Pause Young (Allocation Failure) 23M->14M(31M) 1.327ms
[2025-04-16T15:30:24.199+0000][3118.208s][info][gc,cpu         ] GC(1959) User=0.00s Sys=0.00s Real=0.00s
[2025-04-16T15:30:25.563+0000][3119.572s][info][gc,start       ] GC(1960) Pause Young (Allocation Failure)
[2025-04-16T15:30:25.564+0000][3119.573s][info][gc,heap        ] GC(1960) DefNew: 9189K(10176K)->92K(10176K) Eden: 9087K(9088K)->0K(9088K) From: 102K(1088K)->92K(1088K)
[2025-04-16T15:30:25.564+0000][3119.573s][info][gc,heap        ] GC(1960) Tenured: 15252K(22484K)->15254K(22484K)
[2025-04-16T15:30:25.564+0000][3119.573s][info][gc,metaspace   ] GC(1960) Metaspace: 37483K(37824K)->37483K(37824K) NonClass: 33055K(33216K)->33055K(33216K) Class: 4427K(4608K)->4427K(4608K)
[2025-04-16T15:30:25.564+0000][3119.573s][info][gc             ] GC(1960) Pause Young (Allocation Failure) 23M->14M(31M) 1.216ms
[2025-04-16T15:30:25.564+0000][3119.573s][info][gc,cpu         ] GC(1960) User=0.00s Sys=0.00s Real=0.01s
[2025-04-16T15:30:27.309+0000][3121.318s][info][gc,start       ] GC(1961) Pause Young (Allocation Failure)
[2025-04-16T15:30:27.310+0000][3121.319s][info][gc,heap        ] GC(1961) DefNew: 9180K(10176K)->87K(10176K) Eden: 9088K(9088K)->0K(9088K) From: 92K(1088K)->87K(1088K)
[2025-04-16T15:30:27.310+0000][3121.319s][info][gc,heap        ] GC(1961) Tenured: 15254K(22484K)->15255K(22484K)
[2025-04-16T15:30:27.310+0000][3121.319s][info][gc,metaspace   ] GC(1961) Metaspace: 37483K(37824K)->37483K(37824K) NonClass: 33055K(33216K)->33055K(33216K) Class: 4427K(4608K)->4427K(4608K)
[2025-04-16T15:30:27.310+0000][3121.319s][info][gc             ] GC(1961) Pause Young (Allocation Failure) 23M->14M(31M) 1.292ms
[2025-04-16T15:30:27.310+0000][3121.319s][info][gc,cpu         ] GC(1961) User=0.00s Sys=0.00s Real=0.00s
[2025-04-16T15:30:29.017+0000][3123.026s][info][gc,start       ] GC(1962) Pause Young (Allocation Failure)
[2025-04-16T15:30:29.019+0000][3123.028s][info][gc,heap        ] GC(1962) DefNew: 9175K(10176K)->114K(10176K) Eden: 9087K(9088K)->0K(9088K) From: 87K(1088K)->114K(1088K)
[2025-04-16T15:30:29.019+0000][3123.028s][info][gc,heap        ] GC(1962) Tenured: 15255K(22484K)->15255K(22484K)
[2025-04-16T15:30:29.019+0000][3123.028s][info][gc,metaspace   ] GC(1962) Metaspace: 37483K(37824K)->37483K(37824K) NonClass: 33055K(33216K)->33055K(33216K) Class: 4427K(4608K)->4427K(4608K)
[2025-04-16T15:30:29.019+0000][3123.028s][info][gc             ] GC(1962) Pause Young (Allocation Failure) 23M->15M(31M) 1.446ms
[2025-04-16T15:30:29.019+0000][3123.028s][info][gc,cpu         ] GC(1962) User=0.00s Sys=0.00s Real=0.00s
[2025-04-16T15:30:30.380+0000][3124.389s][info][gc,start       ] GC(1963) Pause Young (Allocation Failure)
[2025-04-16T15:30:30.381+0000][3124.390s][info][gc,heap        ] GC(1963) DefNew: 9202K(10176K)->86K(10176K) Eden: 9088K(9088K)->0K(9088K) From: 114K(1088K)->86K(1088K)
[2025-04-16T15:30:30.381+0000][3124.390s][info][gc,heap        ] GC(1963) Tenured: 15255K(22484K)->15255K(22484K)
[2025-04-16T15:30:30.381+0000][3124.390s][info][gc,metaspace   ] GC(1963) Metaspace: 37483K(37824K)->37483K(37824K) NonClass: 33055K(33216K)->33055K(33216K) Class: 4427K(4608K)->4427K(4608K)
[2025-04-16T15:30:30.381+0000][3124.391s][info][gc             ] GC(1963) Pause Young (Allocation Failure) 23M->14M(31M) 1.405ms
[2025-04-16T15:30:30.381+0000][3124.391s][info][gc,cpu         ] GC(1963) User=0.00s Sys=0.00s Real=0.00s
[2025-04-16T15:30:31.909+0000][3125.918s][info][gc,start       ] GC(1964) Pause Young (Allocation Failure)
[2025-04-16T15:30:31.910+0000][3125.919s][info][gc,heap        ] GC(1964) DefNew: 9174K(10176K)->100K(10176K) Eden: 9088K(9088K)->0K(9088K) From: 86K(1088K)->100K(1088K)
[2025-04-16T15:30:31.910+0000][3125.919s][info][gc,heap        ] GC(1964) Tenured: 15255K(22484K)->15255K(22484K)
[2025-04-16T15:30:31.910+0000][3125.919s][info][gc,metaspace   ] GC(1964) Metaspace: 37483K(37824K)->37483K(37824K) NonClass: 33055K(33216K)->33055K(33216K) Class: 4427K(4608K)->4427K(4608K)
[2025-04-16T15:30:31.910+0000][3125.919s][info][gc             ] GC(1964) Pause Young (Allocation Failure) 23M->14M(31M) 1.277ms
[2025-04-16T15:30:31.910+0000][3125.919s][info][gc,cpu         ] GC(1964) User=0.00s Sys=0.00s Real=0.00s
[2025-04-16T15:30:33.455+0000][3127.464s][info][gc,start       ] GC(1965) Pause Young (Allocation Failure)
[2025-04-16T15:30:33.456+0000][3127.465s][info][gc,heap        ] GC(1965) DefNew: 9188K(10176K)->84K(10176K) Eden: 9088K(9088K)->0K(9088K) From: 100K(1088K)->84K(1088K)
[2025-04-16T15:30:33.456+0000][3127.465s][info][gc,heap        ] GC(1965) Tenured: 15255K(22484K)->15256K(22484K)
[2025-04-16T15:30:33.456+0000][3127.465s][info][gc,metaspace   ] GC(1965) Metaspace: 37483K(37824K)->37483K(37824K) NonClass: 33055K(33216K)->33055K(33216K) Class: 4427K(4608K)->4427K(4608K)
[2025-04-16T15:30:33.456+0000][3127.465s][info][gc             ] GC(1965) Pause Young (Allocation Failure) 23M->14M(31M) 1.211ms
[2025-04-16T15:30:33.456+0000][3127.465s][info][gc,cpu         ] GC(1965) User=0.01s Sys=0.00s Real=0.00s
[2025-04-16T15:30:35.212+0000][3129.221s][info][gc,start       ] GC(1966) Pause Young (Allocation Failure)
[2025-04-16T15:30:35.213+0000][3129.222s][info][gc,heap        ] GC(1966) DefNew: 9158K(10176K)->83K(10176K) Eden: 9073K(9088K)->0K(9088K) From: 84K(1088K)->83K(1088K)
[2025-04-16T15:30:35.213+0000][3129.222s][info][gc,heap        ] GC(1966) Tenured: 15256K(22484K)->15261K(22484K)
[2025-04-16T15:30:35.213+0000][3129.222s][info][gc,metaspace   ] GC(1966) Metaspace: 37483K(37824K)->37483K(37824K) NonClass: 33055K(33216K)->33055K(33216K) Class: 4427K(4608K)->4427K(4608K)
[2025-04-16T15:30:35.213+0000][3129.222s][info][gc             ] GC(1966) Pause Young (Allocation Failure) 23M->14M(31M) 1.413ms
[2025-04-16T15:30:35.213+0000][3129.222s][info][gc,cpu         ] GC(1966) User=0.00s Sys=0.00s Real=0.00s
[2025-04-16T15:30:36.441+0000][3130.450s][info][gc,start       ] GC(1967) Pause Young (Allocation Failure)
[2025-04-16T15:30:36.442+0000][3130.451s][info][gc,heap        ] GC(1967) DefNew: 9171K(10176K)->78K(10176K) Eden: 9087K(9088K)->0K(9088K) From: 83K(1088K)->78K(1088K)
[2025-04-16T15:30:36.442+0000][3130.451s][info][gc,heap        ] GC(1967) Tenured: 15261K(22484K)->15263K(22484K)
[2025-04-16T15:30:36.442+0000][3130.451s][info][gc,metaspace   ] GC(1967) Metaspace: 37483K(37824K)->37483K(37824K) NonClass: 33055K(33216K)->33055K(33216K) Class: 4427K(4608K)->4427K(4608K)
[2025-04-16T15:30:36.442+0000][3130.451s][info][gc             ] GC(1967) Pause Young (Allocation Failure) 23M->14M(31M) 1.311ms
[2025-04-16T15:30:36.442+0000][3130.451s][info][gc,cpu         ] GC(1967) User=0.00s Sys=0.00s Real=0.00s
[2025-04-16T15:30:38.542+0000][3132.551s][info][gc,start       ] GC(1968) Pause Young (Allocation Failure)
[2025-04-16T15:30:38.544+0000][3132.553s][info][gc,heap        ] GC(1968) DefNew: 9166K(10176K)->82K(10176K) Eden: 9088K(9088K)->0K(9088K) From: 78K(1088K)->82K(1088K)
[2025-04-16T15:30:38.544+0000][3132.553s][info][gc,heap        ] GC(1968) Tenured: 15263K(22484K)->15264K(22484K)
[2025-04-16T15:30:38.544+0000][3132.553s][info][gc,metaspace   ] GC(1968) Metaspace: 37483K(37824K)->37483K(37824K) NonClass: 33055K(33216K)->33055K(33216K) Class: 4427K(4608K)->4427K(4608K)
[2025-04-16T15:30:38.544+0000][3132.553s][info][gc             ] GC(1968) Pause Young (Allocation Failure) 23M->14M(31M) 1.341ms
[2025-04-16T15:30:38.544+0000][3132.553s][info][gc,cpu         ] GC(1968) User=0.00s Sys=0.00s Real=0.00s
[2025-04-16T15:30:40.066+0000][3134.075s][info][gc,start       ] GC(1969) Pause Young (Allocation Failure)
[2025-04-16T15:30:40.067+0000][3134.076s][info][gc,heap        ] GC(1969) DefNew: 9170K(10176K)->95K(10176K) Eden: 9088K(9088K)->0K(9088K) From: 82K(1088K)->95K(1088K)
[2025-04-16T15:30:40.067+0000][3134.076s][info][gc,heap        ] GC(1969) Tenured: 15264K(22484K)->15264K(22484K)
[2025-04-16T15:30:40.067+0000][3134.076s][info][gc,metaspace   ] GC(1969) Metaspace: 37483K(37824K)->37483K(37824K) NonClass: 33055K(33216K)->33055K(33216K) Class: 4427K(4608K)->4427K(4608K)
[2025-04-16T15:30:40.067+0000][3134.076s][info][gc             ] GC(1969) Pause Young (Allocation Failure) 23M->14M(31M) 1.331ms
[2025-04-16T15:30:40.067+0000][3134.076s][info][gc,cpu         ] GC(1969) User=0.00s Sys=0.00s Real=0.00s
[2025-04-16T15:30:41.594+0000][3135.603s][info][gc,start       ] GC(1970) Pause Young (Allocation Failure)
[2025-04-16T15:30:41.595+0000][3135.604s][info][gc,heap        ] GC(1970) DefNew: 9183K(10176K)->92K(10176K) Eden: 9088K(9088K)->0K(9088K) From: 95K(1088K)->92K(1088K)
[2025-04-16T15:30:41.595+0000][3135.604s][info][gc,heap        ] GC(1970) Tenured: 15264K(22484K)->15265K(22484K)
[2025-04-16T15:30:41.595+0000][3135.604s][info][gc,metaspace   ] GC(1970) Metaspace: 37483K(37824K)->37483K(37824K) NonClass: 33055K(33216K)->33055K(33216K) Class: 4427K(4608K)->4427K(4608K)
[2025-04-16T15:30:41.595+0000][3135.605s][info][gc             ] GC(1970) Pause Young (Allocation Failure) 23M->14M(31M) 1.297ms
[2025-04-16T15:30:41.595+0000][3135.605s][info][gc,cpu         ] GC(1970) User=0.01s Sys=0.00s Real=0.00s
[2025-04-16T15:30:43.077+0000][3137.086s][info][gc,start       ] GC(1971) Pause Young (Allocation Failure)
[2025-04-16T15:30:43.078+0000][3137.088s][info][gc,heap        ] GC(1971) DefNew: 9180K(10176K)->65K(10176K) Eden: 9088K(9088K)->0K(9088K) From: 92K(1088K)->65K(1088K)
[2025-04-16T15:30:43.079+0000][3137.088s][info][gc,heap        ] GC(1971) Tenured: 15265K(22484K)->15265K(22484K)
[2025-04-16T15:30:43.079+0000][3137.088s][info][gc,metaspace   ] GC(1971) Metaspace: 37483K(37824K)->37483K(37824K) NonClass: 33055K(33216K)->33055K(33216K) Class: 4427K(4608K)->4427K(4608K)
[2025-04-16T15:30:43.079+0000][3137.088s][info][gc             ] GC(1971) Pause Young (Allocation Failure) 23M->14M(31M) 1.160ms
[2025-04-16T15:30:43.079+0000][3137.088s][info][gc,cpu         ] GC(1971) User=0.00s Sys=0.00s Real=0.00s
[2025-04-16T15:30:44.660+0000][3138.669s][info][gc,start       ] GC(1972) Pause Young (Allocation Failure)
[2025-04-16T15:30:44.662+0000][3138.671s][info][gc,heap        ] GC(1972) DefNew: 9153K(10176K)->79K(10176K) Eden: 9088K(9088K)->0K(9088K) From: 65K(1088K)->79K(1088K)
[2025-04-16T15:30:44.662+0000][3138.671s][info][gc,heap        ] GC(1972) Tenured: 15265K(22484K)->15265K(22484K)
[2025-04-16T15:30:44.662+0000][3138.671s][info][gc,metaspace   ] GC(1972) Metaspace: 37483K(37824K)->37483K(37824K) NonClass: 33055K(33216K)->33055K(33216K) Class: 4427K(4608K)->4427K(4608K)
[2025-04-16T15:30:44.662+0000][3138.671s][info][gc             ] GC(1972) Pause Young (Allocation Failure) 23M->14M(31M) 1.354ms
[2025-04-16T15:30:44.662+0000][3138.671s][info][gc,cpu         ] GC(1972) User=0.00s Sys=0.00s Real=0.00s
[2025-04-16T15:30:46.277+0000][3140.287s][info][gc,start       ] GC(1973) Pause Young (Allocation Failure)
[2025-04-16T15:30:46.279+0000][3140.288s][info][gc,heap        ] GC(1973) DefNew: 9167K(10176K)->76K(10176K) Eden: 9088K(9088K)->0K(9088K) From: 79K(1088K)->76K(1088K)
[2025-04-16T15:30:46.279+0000][3140.288s][info][gc,heap        ] GC(1973) Tenured: 15265K(22484K)->15265K(22484K)
[2025-04-16T15:30:46.279+0000][3140.288s][info][gc,metaspace   ] GC(1973) Metaspace: 37483K(37824K)->37483K(37824K) NonClass: 33055K(33216K)->33055K(33216K) Class: 4427K(4608K)->4427K(4608K)
[2025-04-16T15:30:46.279+0000][3140.288s][info][gc             ] GC(1973) Pause Young (Allocation Failure) 23M->14M(31M) 1.241ms
[2025-04-16T15:30:46.279+0000][3140.288s][info][gc,cpu         ] GC(1973) User=0.00s Sys=0.00s Real=0.00s
[2025-04-16T15:30:47.803+0000][3141.812s][info][gc,start       ] GC(1974) Pause Young (Allocation Failure)
[2025-04-16T15:30:47.804+0000][3141.813s][info][gc,heap        ] GC(1974) DefNew: 9164K(10176K)->71K(10176K) Eden: 9088K(9088K)->0K(9088K) From: 76K(1088K)->71K(1088K)
[2025-04-16T15:30:47.804+0000][3141.813s][info][gc,heap        ] GC(1974) Tenured: 15265K(22484K)->15266K(22484K)
[2025-04-16T15:30:47.804+0000][3141.813s][info][gc,metaspace   ] GC(1974) Metaspace: 37483K(37824K)->37483K(37824K) NonClass: 33055K(33216K)->33055K(33216K) Class: 4427K(4608K)->4427K(4608K)
[2025-04-16T15:30:47.804+0000][3141.813s][info][gc             ] GC(1974) Pause Young (Allocation Failure) 23M->14M(31M) 1.338ms
[2025-04-16T15:30:47.804+0000][3141.813s][info][gc,cpu         ] GC(1974) User=0.00s Sys=0.00s Real=0.01s
[2025-04-16T15:30:49.574+0000][3143.583s][info][gc,start       ] GC(1975) Pause Young (Allocation Failure)
[2025-04-16T15:30:49.575+0000][3143.584s][info][gc,heap        ] GC(1975) DefNew: 9159K(10176K)->92K(10176K) Eden: 9088K(9088K)->0K(9088K) From: 71K(1088K)->92K(1088K)
[2025-04-16T15:30:49.575+0000][3143.584s][info][gc,heap        ] GC(1975) Tenured: 15266K(22484K)->15266K(22484K)
[2025-04-16T15:30:49.575+0000][3143.584s][info][gc,metaspace   ] GC(1975) Metaspace: 37483K(37824K)->37483K(37824K) NonClass: 33055K(33216K)->33055K(33216K) Class: 4427K(4608K)->4427K(4608K)
[2025-04-16T15:30:49.575+0000][3143.584s][info][gc             ] GC(1975) Pause Young (Allocation Failure) 23M->14M(31M) 1.261ms
[2025-04-16T15:30:49.575+0000][3143.584s][info][gc,cpu         ] GC(1975) User=0.00s Sys=0.00s Real=0.01s
[2025-04-16T15:30:51.068+0000][3145.077s][info][gc,start       ] GC(1976) Pause Young (Allocation Failure)
[2025-04-16T15:30:51.069+0000][3145.078s][info][gc,heap        ] GC(1976) DefNew: 9180K(10176K)->84K(10176K) Eden: 9088K(9088K)->0K(9088K) From: 92K(1088K)->84K(1088K)
[2025-04-16T15:30:51.069+0000][3145.078s][info][gc,heap        ] GC(1976) Tenured: 15266K(22484K)->15268K(22484K)
[2025-04-16T15:30:51.069+0000][3145.078s][info][gc,metaspace   ] GC(1976) Metaspace: 37483K(37824K)->37483K(37824K) NonClass: 33055K(33216K)->33055K(33216K) Class: 4427K(4608K)->4427K(4608K)
[2025-04-16T15:30:51.069+0000][3145.078s][info][gc             ] GC(1976) Pause Young (Allocation Failure) 23M->14M(31M) 1.388ms
[2025-04-16T15:30:51.069+0000][3145.078s][info][gc,cpu         ] GC(1976) User=0.01s Sys=0.00s Real=0.00s
[2025-04-16T15:30:52.695+0000][3146.704s][info][gc,start       ] GC(1977) Pause Young (Allocation Failure)
[2025-04-16T15:30:52.696+0000][3146.705s][info][gc,heap        ] GC(1977) DefNew: 9172K(10176K)->76K(10176K) Eden: 9088K(9088K)->0K(9088K) From: 84K(1088K)->76K(1088K)
[2025-04-16T15:30:52.696+0000][3146.705s][info][gc,heap        ] GC(1977) Tenured: 15268K(22484K)->15268K(22484K)
[2025-04-16T15:30:52.696+0000][3146.705s][info][gc,metaspace   ] GC(1977) Metaspace: 37483K(37824K)->37483K(37824K) NonClass: 33055K(33216K)->33055K(33216K) Class: 4427K(4608K)->4427K(4608K)
[2025-04-16T15:30:52.696+0000][3146.705s][info][gc             ] GC(1977) Pause Young (Allocation Failure) 23M->14M(31M) 1.373ms
[2025-04-16T15:30:52.696+0000][3146.705s][info][gc,cpu         ] GC(1977) User=0.00s Sys=0.00s Real=0.00s
[2025-04-16T15:30:54.194+0000][3148.203s][info][gc,start       ] GC(1978) Pause Young (Allocation Failure)
[2025-04-16T15:30:54.195+0000][3148.204s][info][gc,heap        ] GC(1978) DefNew: 9164K(10176K)->73K(10176K) Eden: 9088K(9088K)->0K(9088K) From: 76K(1088K)->73K(1088K)
[2025-04-16T15:30:54.195+0000][3148.204s][info][gc,heap        ] GC(1978) Tenured: 15268K(22484K)->15268K(22484K)
[2025-04-16T15:30:54.195+0000][3148.204s][info][gc,metaspace   ] GC(1978) Metaspace: 37483K(37824K)->37483K(37824K) NonClass: 33055K(33216K)->33055K(33216K) Class: 4427K(4608K)->4427K(4608K)
[2025-04-16T15:30:54.195+0000][3148.204s][info][gc             ] GC(1978) Pause Young (Allocation Failure) 23M->14M(31M) 1.346ms
[2025-04-16T15:30:54.195+0000][3148.204s][info][gc,cpu         ] GC(1978) User=0.00s Sys=0.00s Real=0.01s
[2025-04-16T15:30:55.884+0000][3149.893s][info][gc,start       ] GC(1979) Pause Young (Allocation Failure)
[2025-04-16T15:30:55.885+0000][3149.894s][info][gc,heap        ] GC(1979) DefNew: 9161K(10176K)->86K(10176K) Eden: 9088K(9088K)->0K(9088K) From: 73K(1088K)->86K(1088K)
[2025-04-16T15:30:55.885+0000][3149.894s][info][gc,heap        ] GC(1979) Tenured: 15268K(22484K)->15268K(22484K)
[2025-04-16T15:30:55.885+0000][3149.894s][info][gc,metaspace   ] GC(1979) Metaspace: 37483K(37824K)->37483K(37824K) NonClass: 33055K(33216K)->33055K(33216K) Class: 4427K(4608K)->4427K(4608K)
[2025-04-16T15:30:55.885+0000][3149.894s][info][gc             ] GC(1979) Pause Young (Allocation Failure) 23M->14M(31M) 1.351ms
[2025-04-16T15:30:55.885+0000][3149.894s][info][gc,cpu         ] GC(1979) User=0.00s Sys=0.00s Real=0.00s
[2025-04-16T15:30:57.435+0000][3151.444s][info][gc,start       ] GC(1980) Pause Young (Allocation Failure)
[2025-04-16T15:30:57.437+0000][3151.446s][info][gc,heap        ] GC(1980) DefNew: 9174K(10176K)->89K(10176K) Eden: 9088K(9088K)->0K(9088K) From: 86K(1088K)->89K(1088K)
[2025-04-16T15:30:57.437+0000][3151.446s][info][gc,heap        ] GC(1980) Tenured: 15268K(22484K)->15269K(22484K)
[2025-04-16T15:30:57.437+0000][3151.446s][info][gc,metaspace   ] GC(1980) Metaspace: 37483K(37824K)->37483K(37824K) NonClass: 33055K(33216K)->33055K(33216K) Class: 4427K(4608K)->4427K(4608K)
[2025-04-16T15:30:57.437+0000][3151.446s][info][gc             ] GC(1980) Pause Young (Allocation Failure) 23M->14M(31M) 1.324ms
[2025-04-16T15:30:57.437+0000][3151.446s][info][gc,cpu         ] GC(1980) User=0.00s Sys=0.00s Real=0.00s
[2025-04-16T15:30:58.989+0000][3152.998s][info][gc,start       ] GC(1981) Pause Young (Allocation Failure)
[2025-04-16T15:30:58.991+0000][3153.000s][info][gc,heap        ] GC(1981) DefNew: 9177K(10176K)->89K(10176K) Eden: 9087K(9088K)->0K(9088K) From: 89K(1088K)->89K(1088K)
[2025-04-16T15:30:58.991+0000][3153.000s][info][gc,heap        ] GC(1981) Tenured: 15269K(22484K)->15269K(22484K)
[2025-04-16T15:30:58.991+0000][3153.000s][info][gc,metaspace   ] GC(1981) Metaspace: 37483K(37824K)->37483K(37824K) NonClass: 33055K(33216K)->33055K(33216K) Class: 4427K(4608K)->4427K(4608K)
[2025-04-16T15:30:58.991+0000][3153.000s][info][gc             ] GC(1981) Pause Young (Allocation Failure) 23M->14M(31M) 1.309ms
[2025-04-16T15:30:58.991+0000][3153.000s][info][gc,cpu         ] GC(1981) User=0.01s Sys=0.00s Real=0.00s
[2025-04-16T15:31:00.840+0000][3154.849s][info][gc,start       ] GC(1982) Pause Young (Allocation Failure)
[2025-04-16T15:31:00.841+0000][3154.850s][info][gc,heap        ] GC(1982) DefNew: 9177K(10176K)->87K(10176K) Eden: 9087K(9088K)->0K(9088K) From: 89K(1088K)->87K(1088K)
[2025-04-16T15:31:00.841+0000][3154.850s][info][gc,heap        ] GC(1982) Tenured: 15269K(22484K)->15269K(22484K)
[2025-04-16T15:31:00.841+0000][3154.850s][info][gc,metaspace   ] GC(1982) Metaspace: 37483K(37824K)->37483K(37824K) NonClass: 33055K(33216K)->33055K(33216K) Class: 4427K(4608K)->4427K(4608K)
[2025-04-16T15:31:00.841+0000][3154.850s][info][gc             ] GC(1982) Pause Young (Allocation Failure) 23M->14M(31M) 1.303ms
[2025-04-16T15:31:00.841+0000][3154.850s][info][gc,cpu         ] GC(1982) User=0.00s Sys=0.00s Real=0.00s
[2025-04-16T15:31:02.386+0000][3156.395s][info][gc,start       ] GC(1983) Pause Young (Allocation Failure)
[2025-04-16T15:31:02.387+0000][3156.396s][info][gc,heap        ] GC(1983) DefNew: 9175K(10176K)->74K(10176K) Eden: 9087K(9088K)->0K(9088K) From: 87K(1088K)->74K(1088K)
[2025-04-16T15:31:02.387+0000][3156.396s][info][gc,heap        ] GC(1983) Tenured: 15269K(22484K)->15269K(22484K)
[2025-04-16T15:31:02.387+0000][3156.396s][info][gc,metaspace   ] GC(1983) Metaspace: 37483K(37824K)->37483K(37824K) NonClass: 33055K(33216K)->33055K(33216K) Class: 4427K(4608K)->4427K(4608K)
[2025-04-16T15:31:02.387+0000][3156.396s][info][gc             ] GC(1983) Pause Young (Allocation Failure) 23M->14M(31M) 1.293ms
[2025-04-16T15:31:02.387+0000][3156.396s][info][gc,cpu         ] GC(1983) User=0.01s Sys=0.00s Real=0.00s
[2025-04-16T15:31:04.142+0000][3158.151s][info][gc,start       ] GC(1984) Pause Young (Allocation Failure)
[2025-04-16T15:31:04.143+0000][3158.152s][info][gc,heap        ] GC(1984) DefNew: 9162K(10176K)->87K(10176K) Eden: 9088K(9088K)->0K(9088K) From: 74K(1088K)->87K(1088K)
[2025-04-16T15:31:04.143+0000][3158.152s][info][gc,heap        ] GC(1984) Tenured: 15269K(22484K)->15269K(22484K)
[2025-04-16T15:31:04.143+0000][3158.152s][info][gc,metaspace   ] GC(1984) Metaspace: 37483K(37824K)->37483K(37824K) NonClass: 33055K(33216K)->33055K(33216K) Class: 4427K(4608K)->4427K(4608K)
[2025-04-16T15:31:04.143+0000][3158.152s][info][gc             ] GC(1984) Pause Young (Allocation Failure) 23M->14M(31M) 1.383ms
[2025-04-16T15:31:04.143+0000][3158.152s][info][gc,cpu         ] GC(1984) User=0.00s Sys=0.00s Real=0.00s
[2025-04-16T15:31:05.626+0000][3159.635s][info][gc,start       ] GC(1985) Pause Young (Allocation Failure)
[2025-04-16T15:31:05.627+0000][3159.636s][info][gc,heap        ] GC(1985) DefNew: 9175K(10176K)->91K(10176K) Eden: 9088K(9088K)->0K(9088K) From: 87K(1088K)->91K(1088K)
[2025-04-16T15:31:05.627+0000][3159.636s][info][gc,heap        ] GC(1985) Tenured: 15269K(22484K)->15269K(22484K)
[2025-04-16T15:31:05.627+0000][3159.636s][info][gc,metaspace   ] GC(1985) Metaspace: 37483K(37824K)->37483K(37824K) NonClass: 33055K(33216K)->33055K(33216K) Class: 4427K(4608K)->4427K(4608K)
[2025-04-16T15:31:05.627+0000][3159.636s][info][gc             ] GC(1985) Pause Young (Allocation Failure) 23M->15M(31M) 1.321ms
[2025-04-16T15:31:05.627+0000][3159.636s][info][gc,cpu         ] GC(1985) User=0.00s Sys=0.00s Real=0.00s
[2025-04-16T15:31:07.188+0000][3161.197s][info][gc,start       ] GC(1986) Pause Young (Allocation Failure)
[2025-04-16T15:31:07.190+0000][3161.199s][info][gc,heap        ] GC(1986) DefNew: 9179K(10176K)->92K(10176K) Eden: 9088K(9088K)->0K(9088K) From: 91K(1088K)->92K(1088K)
[2025-04-16T15:31:07.190+0000][3161.199s][info][gc,heap        ] GC(1986) Tenured: 15269K(22484K)->15269K(22484K)
[2025-04-16T15:31:07.190+0000][3161.199s][info][gc,metaspace   ] GC(1986) Metaspace: 37483K(37824K)->37483K(37824K) NonClass: 33055K(33216K)->33055K(33216K) Class: 4427K(4608K)->4427K(4608K)
[2025-04-16T15:31:07.190+0000][3161.199s][info][gc             ] GC(1986) Pause Young (Allocation Failure) 23M->15M(31M) 1.322ms
[2025-04-16T15:31:07.190+0000][3161.199s][info][gc,cpu         ] GC(1986) User=0.00s Sys=0.00s Real=0.00s
[2025-04-16T15:31:08.847+0000][3162.856s][info][gc,start       ] GC(1987) Pause Young (Allocation Failure)
[2025-04-16T15:31:08.848+0000][3162.858s][info][gc,heap        ] GC(1987) DefNew: 9180K(10176K)->75K(10176K) Eden: 9087K(9088K)->0K(9088K) From: 92K(1088K)->75K(1088K)
[2025-04-16T15:31:08.849+0000][3162.858s][info][gc,heap        ] GC(1987) Tenured: 15269K(22484K)->15269K(22484K)
[2025-04-16T15:31:08.849+0000][3162.858s][info][gc,metaspace   ] GC(1987) Metaspace: 37483K(37824K)->37483K(37824K) NonClass: 33055K(33216K)->33055K(33216K) Class: 4427K(4608K)->4427K(4608K)
[2025-04-16T15:31:08.849+0000][3162.858s][info][gc             ] GC(1987) Pause Young (Allocation Failure) 23M->14M(31M) 1.362ms
[2025-04-16T15:31:08.849+0000][3162.858s][info][gc,cpu         ] GC(1987) User=0.00s Sys=0.00s Real=0.00s
[2025-04-16T15:31:10.569+0000][3164.578s][info][gc,start       ] GC(1988) Pause Young (Allocation Failure)
[2025-04-16T15:31:10.571+0000][3164.580s][info][gc,heap        ] GC(1988) DefNew: 9163K(10176K)->79K(10176K) Eden: 9088K(9088K)->0K(9088K) From: 75K(1088K)->79K(1088K)
[2025-04-16T15:31:10.571+0000][3164.580s][info][gc,heap        ] GC(1988) Tenured: 15269K(22484K)->15269K(22484K)
[2025-04-16T15:31:10.571+0000][3164.580s][info][gc,metaspace   ] GC(1988) Metaspace: 37483K(37824K)->37483K(37824K) NonClass: 33055K(33216K)->33055K(33216K) Class: 4427K(4608K)->4427K(4608K)
[2025-04-16T15:31:10.571+0000][3164.580s][info][gc             ] GC(1988) Pause Young (Allocation Failure) 23M->14M(31M) 1.342ms
[2025-04-16T15:31:10.571+0000][3164.580s][info][gc,cpu         ] GC(1988) User=0.01s Sys=0.00s Real=0.00s
[2025-04-16T15:31:12.044+0000][3166.053s][info][gc,start       ] GC(1989) Pause Young (Allocation Failure)
[2025-04-16T15:31:12.045+0000][3166.054s][info][gc,heap        ] GC(1989) DefNew: 9167K(10176K)->76K(10176K) Eden: 9088K(9088K)->0K(9088K) From: 79K(1088K)->76K(1088K)
[2025-04-16T15:31:12.045+0000][3166.054s][info][gc,heap        ] GC(1989) Tenured: 15269K(22484K)->15269K(22484K)
[2025-04-16T15:31:12.045+0000][3166.054s][info][gc,metaspace   ] GC(1989) Metaspace: 37483K(37824K)->37483K(37824K) NonClass: 33055K(33216K)->33055K(33216K) Class: 4427K(4608K)->4427K(4608K)
[2025-04-16T15:31:12.045+0000][3166.054s][info][gc             ] GC(1989) Pause Young (Allocation Failure) 23M->14M(31M) 1.347ms
[2025-04-16T15:31:12.045+0000][3166.054s][info][gc,cpu         ] GC(1989) User=0.00s Sys=0.00s Real=0.01s
[2025-04-16T15:31:13.543+0000][3167.552s][info][gc,start       ] GC(1990) Pause Young (Allocation Failure)
[2025-04-16T15:31:13.544+0000][3167.553s][info][gc,heap        ] GC(1990) DefNew: 9164K(10176K)->91K(10176K) Eden: 9088K(9088K)->0K(9088K) From: 76K(1088K)->91K(1088K)
[2025-04-16T15:31:13.544+0000][3167.553s][info][gc,heap        ] GC(1990) Tenured: 15269K(22484K)->15269K(22484K)
[2025-04-16T15:31:13.544+0000][3167.553s][info][gc,metaspace   ] GC(1990) Metaspace: 37483K(37824K)->37483K(37824K) NonClass: 33055K(33216K)->33055K(33216K) Class: 4427K(4608K)->4427K(4608K)
[2025-04-16T15:31:13.544+0000][3167.553s][info][gc             ] GC(1990) Pause Young (Allocation Failure) 23M->15M(31M) 1.200ms
[2025-04-16T15:31:13.544+0000][3167.553s][info][gc,cpu         ] GC(1990) User=0.00s Sys=0.00s Real=0.00s
[2025-04-16T15:31:15.054+0000][3169.063s][info][gc,start       ] GC(1991) Pause Young (Allocation Failure)
[2025-04-16T15:31:15.055+0000][3169.064s][info][gc,heap        ] GC(1991) DefNew: 9179K(10176K)->83K(10176K) Eden: 9088K(9088K)->0K(9088K) From: 91K(1088K)->83K(1088K)
[2025-04-16T15:31:15.055+0000][3169.064s][info][gc,heap        ] GC(1991) Tenured: 15269K(22484K)->15269K(22484K)
[2025-04-16T15:31:15.055+0000][3169.064s][info][gc,metaspace   ] GC(1991) Metaspace: 37483K(37824K)->37483K(37824K) NonClass: 33055K(33216K)->33055K(33216K) Class: 4427K(4608K)->4427K(4608K)
[2025-04-16T15:31:15.055+0000][3169.064s][info][gc             ] GC(1991) Pause Young (Allocation Failure) 23M->14M(31M) 1.160ms
[2025-04-16T15:31:15.055+0000][3169.064s][info][gc,cpu         ] GC(1991) User=0.00s Sys=0.01s Real=0.01s
[2025-04-16T15:31:16.811+0000][3170.820s][info][gc,start       ] GC(1992) Pause Young (Allocation Failure)
[2025-04-16T15:31:16.812+0000][3170.821s][info][gc,heap        ] GC(1992) DefNew: 9171K(10176K)->79K(10176K) Eden: 9088K(9088K)->0K(9088K) From: 83K(1088K)->79K(1088K)
[2025-04-16T15:31:16.812+0000][3170.821s][info][gc,heap        ] GC(1992) Tenured: 15269K(22484K)->15269K(22484K)
[2025-04-16T15:31:16.812+0000][3170.821s][info][gc,metaspace   ] GC(1992) Metaspace: 37483K(37824K)->37483K(37824K) NonClass: 33055K(33216K)->33055K(33216K) Class: 4427K(4608K)->4427K(4608K)
[2025-04-16T15:31:16.812+0000][3170.821s][info][gc             ] GC(1992) Pause Young (Allocation Failure) 23M->14M(31M) 1.342ms
[2025-04-16T15:31:16.812+0000][3170.821s][info][gc,cpu         ] GC(1992) User=0.00s Sys=0.00s Real=0.00s
[2025-04-16T15:31:18.513+0000][3172.522s][info][gc,start       ] GC(1993) Pause Young (Allocation Failure)
[2025-04-16T15:31:18.514+0000][3172.523s][info][gc,heap        ] GC(1993) DefNew: 9167K(10176K)->77K(10176K) Eden: 9087K(9088K)->0K(9088K) From: 79K(1088K)->77K(1088K)
[2025-04-16T15:31:18.514+0000][3172.523s][info][gc,heap        ] GC(1993) Tenured: 15269K(22484K)->15269K(22484K)
[2025-04-16T15:31:18.514+0000][3172.523s][info][gc,metaspace   ] GC(1993) Metaspace: 37483K(37824K)->37483K(37824K) NonClass: 33055K(33216K)->33055K(33216K) Class: 4427K(4608K)->4427K(4608K)
[2025-04-16T15:31:18.514+0000][3172.523s][info][gc             ] GC(1993) Pause Young (Allocation Failure) 23M->14M(31M) 1.303ms
[2025-04-16T15:31:18.514+0000][3172.523s][info][gc,cpu         ] GC(1993) User=0.00s Sys=0.00s Real=0.01s
[2025-04-16T15:31:19.779+0000][3173.788s][info][gc,start       ] GC(1994) Pause Young (Allocation Failure)
[2025-04-16T15:31:19.780+0000][3173.789s][info][gc,heap        ] GC(1994) DefNew: 9165K(10176K)->93K(10176K) Eden: 9088K(9088K)->0K(9088K) From: 77K(1088K)->93K(1088K)
[2025-04-16T15:31:19.780+0000][3173.789s][info][gc,heap        ] GC(1994) Tenured: 15269K(22484K)->15269K(22484K)
[2025-04-16T15:31:19.780+0000][3173.789s][info][gc,metaspace   ] GC(1994) Metaspace: 37483K(37824K)->37483K(37824K) NonClass: 33055K(33216K)->33055K(33216K) Class: 4427K(4608K)->4427K(4608K)
[2025-04-16T15:31:19.780+0000][3173.789s][info][gc             ] GC(1994) Pause Young (Allocation Failure) 23M->15M(31M) 1.216ms
[2025-04-16T15:31:19.780+0000][3173.789s][info][gc,cpu         ] GC(1994) User=0.00s Sys=0.00s Real=0.00s
[2025-04-16T15:31:21.518+0000][3175.527s][info][gc,start       ] GC(1995) Pause Young (Allocation Failure)
[2025-04-16T15:31:21.519+0000][3175.528s][info][gc,heap        ] GC(1995) DefNew: 9181K(10176K)->84K(10176K) Eden: 9088K(9088K)->0K(9088K) From: 93K(1088K)->84K(1088K)
[2025-04-16T15:31:21.519+0000][3175.528s][info][gc,heap        ] GC(1995) Tenured: 15269K(22484K)->15271K(22484K)
[2025-04-16T15:31:21.519+0000][3175.528s][info][gc,metaspace   ] GC(1995) Metaspace: 37483K(37824K)->37483K(37824K) NonClass: 33055K(33216K)->33055K(33216K) Class: 4427K(4608K)->4427K(4608K)
[2025-04-16T15:31:21.519+0000][3175.528s][info][gc             ] GC(1995) Pause Young (Allocation Failure) 23M->14M(31M) 1.223ms
[2025-04-16T15:31:21.519+0000][3175.528s][info][gc,cpu         ] GC(1995) User=0.00s Sys=0.00s Real=0.00s
[2025-04-16T15:31:23.154+0000][3177.163s][info][gc,start       ] GC(1996) Pause Young (Allocation Failure)
[2025-04-16T15:31:23.155+0000][3177.164s][info][gc,heap        ] GC(1996) DefNew: 9172K(10176K)->75K(10176K) Eden: 9088K(9088K)->0K(9088K) From: 84K(1088K)->75K(1088K)
[2025-04-16T15:31:23.155+0000][3177.164s][info][gc,heap        ] GC(1996) Tenured: 15271K(22484K)->15271K(22484K)
[2025-04-16T15:31:23.155+0000][3177.164s][info][gc,metaspace   ] GC(1996) Metaspace: 37483K(37824K)->37483K(37824K) NonClass: 33055K(33216K)->33055K(33216K) Class: 4427K(4608K)->4427K(4608K)
[2025-04-16T15:31:23.155+0000][3177.164s][info][gc             ] GC(1996) Pause Young (Allocation Failure) 23M->14M(31M) 1.294ms
[2025-04-16T15:31:23.155+0000][3177.164s][info][gc,cpu         ] GC(1996) User=0.00s Sys=0.00s Real=0.01s
[2025-04-16T15:31:24.843+0000][3178.852s][info][gc,start       ] GC(1997) Pause Young (Allocation Failure)
[2025-04-16T15:31:24.844+0000][3178.853s][info][gc,heap        ] GC(1997) DefNew: 9163K(10176K)->75K(10176K) Eden: 9088K(9088K)->0K(9088K) From: 75K(1088K)->75K(1088K)
[2025-04-16T15:31:24.844+0000][3178.853s][info][gc,heap        ] GC(1997) Tenured: 15271K(22484K)->15272K(22484K)
[2025-04-16T15:31:24.844+0000][3178.853s][info][gc,metaspace   ] GC(1997) Metaspace: 37483K(37824K)->37483K(37824K) NonClass: 33055K(33216K)->33055K(33216K) Class: 4427K(4608K)->4427K(4608K)
[2025-04-16T15:31:24.844+0000][3178.853s][info][gc             ] GC(1997) Pause Young (Allocation Failure) 23M->14M(31M) 1.346ms
[2025-04-16T15:31:24.844+0000][3178.853s][info][gc,cpu         ] GC(1997) User=0.00s Sys=0.00s Real=0.00s
[2025-04-16T15:31:26.377+0000][3180.386s][info][gc,start       ] GC(1998) Pause Young (Allocation Failure)
[2025-04-16T15:31:26.378+0000][3180.387s][info][gc,heap        ] GC(1998) DefNew: 9163K(10176K)->74K(10176K) Eden: 9088K(9088K)->0K(9088K) From: 75K(1088K)->74K(1088K)
[2025-04-16T15:31:26.378+0000][3180.387s][info][gc,heap        ] GC(1998) Tenured: 15272K(22484K)->15272K(22484K)
[2025-04-16T15:31:26.378+0000][3180.387s][info][gc,metaspace   ] GC(1998) Metaspace: 37483K(37824K)->37483K(37824K) NonClass: 33055K(33216K)->33055K(33216K) Class: 4427K(4608K)->4427K(4608K)
[2025-04-16T15:31:26.378+0000][3180.387s][info][gc             ] GC(1998) Pause Young (Allocation Failure) 23M->14M(31M) 1.288ms
[2025-04-16T15:31:26.378+0000][3180.387s][info][gc,cpu         ] GC(1998) User=0.00s Sys=0.00s Real=0.00s
[2025-04-16T15:31:28.188+0000][3182.197s][info][gc,start       ] GC(1999) Pause Young (Allocation Failure)
[2025-04-16T15:31:28.189+0000][3182.198s][info][gc,heap        ] GC(1999) DefNew: 9162K(10176K)->92K(10176K) Eden: 9088K(9088K)->0K(9088K) From: 74K(1088K)->92K(1088K)
[2025-04-16T15:31:28.189+0000][3182.198s][info][gc,heap        ] GC(1999) Tenured: 15272K(22484K)->15272K(22484K)
[2025-04-16T15:31:28.189+0000][3182.198s][info][gc,metaspace   ] GC(1999) Metaspace: 37483K(37824K)->37483K(37824K) NonClass: 33055K(33216K)->33055K(33216K) Class: 4427K(4608K)->4427K(4608K)
[2025-04-16T15:31:28.189+0000][3182.198s][info][gc             ] GC(1999) Pause Young (Allocation Failure) 23M->15M(31M) 1.354ms
[2025-04-16T15:31:28.189+0000][3182.198s][info][gc,cpu         ] GC(1999) User=0.01s Sys=0.00s Real=0.00s
[2025-04-16T15:31:29.759+0000][3183.768s][info][gc,start       ] GC(2000) Pause Young (Allocation Failure)
[2025-04-16T15:31:29.761+0000][3183.770s][info][gc,heap        ] GC(2000) DefNew: 9180K(10176K)->92K(10176K) Eden: 9087K(9088K)->0K(9088K) From: 92K(1088K)->92K(1088K)
[2025-04-16T15:31:29.761+0000][3183.770s][info][gc,heap        ] GC(2000) Tenured: 15272K(22484K)->15272K(22484K)
[2025-04-16T15:31:29.761+0000][3183.770s][info][gc,metaspace   ] GC(2000) Metaspace: 37483K(37824K)->37483K(37824K) NonClass: 33055K(33216K)->33055K(33216K) Class: 4427K(4608K)->4427K(4608K)
[2025-04-16T15:31:29.761+0000][3183.770s][info][gc             ] GC(2000) Pause Young (Allocation Failure) 23M->15M(31M) 1.313ms
[2025-04-16T15:31:29.761+0000][3183.770s][info][gc,cpu         ] GC(2000) User=0.00s Sys=0.00s Real=0.00s
[2025-04-16T15:31:31.530+0000][3185.539s][info][gc,start       ] GC(2001) Pause Young (Allocation Failure)
[2025-04-16T15:31:31.531+0000][3185.540s][info][gc,heap        ] GC(2001) DefNew: 9180K(10176K)->83K(10176K) Eden: 9088K(9088K)->0K(9088K) From: 92K(1088K)->83K(1088K)
[2025-04-16T15:31:31.531+0000][3185.540s][info][gc,heap        ] GC(2001) Tenured: 15272K(22484K)->15273K(22484K)
[2025-04-16T15:31:31.531+0000][3185.540s][info][gc,metaspace   ] GC(2001) Metaspace: 37483K(37824K)->37483K(37824K) NonClass: 33055K(33216K)->33055K(33216K) Class: 4427K(4608K)->4427K(4608K)
[2025-04-16T15:31:31.531+0000][3185.540s][info][gc             ] GC(2001) Pause Young (Allocation Failure) 23M->14M(31M) 1.341ms
[2025-04-16T15:31:31.531+0000][3185.540s][info][gc,cpu         ] GC(2001) User=0.00s Sys=0.00s Real=0.00s
[2025-04-16T15:31:33.083+0000][3187.092s][info][gc,start       ] GC(2002) Pause Young (Allocation Failure)
[2025-04-16T15:31:33.084+0000][3187.093s][info][gc,heap        ] GC(2002) DefNew: 9171K(10176K)->72K(10176K) Eden: 9088K(9088K)->0K(9088K) From: 83K(1088K)->72K(1088K)
[2025-04-16T15:31:33.084+0000][3187.093s][info][gc,heap        ] GC(2002) Tenured: 15273K(22484K)->15273K(22484K)
[2025-04-16T15:31:33.084+0000][3187.093s][info][gc,metaspace   ] GC(2002) Metaspace: 37483K(37824K)->37483K(37824K) NonClass: 33055K(33216K)->33055K(33216K) Class: 4427K(4608K)->4427K(4608K)
[2025-04-16T15:31:33.084+0000][3187.093s][info][gc             ] GC(2002) Pause Young (Allocation Failure) 23M->14M(31M) 1.194ms
[2025-04-16T15:31:33.084+0000][3187.093s][info][gc,cpu         ] GC(2002) User=0.00s Sys=0.00s Real=0.01s
[2025-04-16T15:31:34.744+0000][3188.753s][info][gc,start       ] GC(2003) Pause Young (Allocation Failure)
[2025-04-16T15:31:34.745+0000][3188.754s][info][gc,heap        ] GC(2003) DefNew: 9160K(10176K)->76K(10176K) Eden: 9088K(9088K)->0K(9088K) From: 72K(1088K)->76K(1088K)
[2025-04-16T15:31:34.745+0000][3188.754s][info][gc,heap        ] GC(2003) Tenured: 15273K(22484K)->15273K(22484K)
[2025-04-16T15:31:34.745+0000][3188.754s][info][gc,metaspace   ] GC(2003) Metaspace: 37483K(37824K)->37483K(37824K) NonClass: 33055K(33216K)->33055K(33216K) Class: 4427K(4608K)->4427K(4608K)
[2025-04-16T15:31:34.745+0000][3188.754s][info][gc             ] GC(2003) Pause Young (Allocation Failure) 23M->14M(31M) 1.333ms
[2025-04-16T15:31:34.745+0000][3188.754s][info][gc,cpu         ] GC(2003) User=0.00s Sys=0.00s Real=0.01s
[2025-04-16T15:31:36.537+0000][3190.546s][info][gc,start       ] GC(2004) Pause Young (Allocation Failure)
[2025-04-16T15:31:36.538+0000][3190.547s][info][gc,heap        ] GC(2004) DefNew: 9164K(10176K)->76K(10176K) Eden: 9088K(9088K)->0K(9088K) From: 76K(1088K)->76K(1088K)
[2025-04-16T15:31:36.538+0000][3190.547s][info][gc,heap        ] GC(2004) Tenured: 15273K(22484K)->15273K(22484K)
[2025-04-16T15:31:36.538+0000][3190.547s][info][gc,metaspace   ] GC(2004) Metaspace: 37483K(37824K)->37483K(37824K) NonClass: 33055K(33216K)->33055K(33216K) Class: 4427K(4608K)->4427K(4608K)
[2025-04-16T15:31:36.538+0000][3190.547s][info][gc             ] GC(2004) Pause Young (Allocation Failure) 23M->14M(31M) 1.246ms
[2025-04-16T15:31:36.538+0000][3190.547s][info][gc,cpu         ] GC(2004) User=0.00s Sys=0.00s Real=0.00s
[2025-04-16T15:31:38.084+0000][3192.093s][info][gc,start       ] GC(2005) Pause Young (Allocation Failure)
[2025-04-16T15:31:38.085+0000][3192.094s][info][gc,heap        ] GC(2005) DefNew: 9164K(10176K)->72K(10176K) Eden: 9087K(9088K)->0K(9088K) From: 76K(1088K)->72K(1088K)
[2025-04-16T15:31:38.085+0000][3192.094s][info][gc,heap        ] GC(2005) Tenured: 15273K(22484K)->15273K(22484K)
[2025-04-16T15:31:38.085+0000][3192.094s][info][gc,metaspace   ] GC(2005) Metaspace: 37483K(37824K)->37483K(37824K) NonClass: 33055K(33216K)->33055K(33216K) Class: 4427K(4608K)->4427K(4608K)
[2025-04-16T15:31:38.085+0000][3192.094s][info][gc             ] GC(2005) Pause Young (Allocation Failure) 23M->14M(31M) 1.347ms
[2025-04-16T15:31:38.085+0000][3192.094s][info][gc,cpu         ] GC(2005) User=0.00s Sys=0.00s Real=0.01s
[2025-04-16T15:31:39.692+0000][3193.701s][info][gc,start       ] GC(2006) Pause Young (Allocation Failure)
[2025-04-16T15:31:39.694+0000][3193.703s][info][gc,heap        ] GC(2006) DefNew: 9160K(10176K)->93K(10176K) Eden: 9088K(9088K)->0K(9088K) From: 72K(1088K)->93K(1088K)
[2025-04-16T15:31:39.694+0000][3193.703s][info][gc,heap        ] GC(2006) Tenured: 15273K(22484K)->15273K(22484K)
[2025-04-16T15:31:39.694+0000][3193.703s][info][gc,metaspace   ] GC(2006) Metaspace: 37483K(37824K)->37483K(37824K) NonClass: 33055K(33216K)->33055K(33216K) Class: 4427K(4608K)->4427K(4608K)
[2025-04-16T15:31:39.694+0000][3193.703s][info][gc             ] GC(2006) Pause Young (Allocation Failure) 23M->15M(31M) 1.321ms
[2025-04-16T15:31:39.694+0000][3193.703s][info][gc,cpu         ] GC(2006) User=0.00s Sys=0.00s Real=0.00s
[2025-04-16T15:31:41.249+0000][3195.258s][info][gc,start       ] GC(2007) Pause Young (Allocation Failure)
[2025-04-16T15:31:41.251+0000][3195.260s][info][gc,heap        ] GC(2007) DefNew: 9181K(10176K)->77K(10176K) Eden: 9088K(9088K)->0K(9088K) From: 93K(1088K)->77K(1088K)
[2025-04-16T15:31:41.251+0000][3195.260s][info][gc,heap        ] GC(2007) Tenured: 15273K(22484K)->15274K(22484K)
[2025-04-16T15:31:41.251+0000][3195.260s][info][gc,metaspace   ] GC(2007) Metaspace: 37483K(37824K)->37483K(37824K) NonClass: 33055K(33216K)->33055K(33216K) Class: 4427K(4608K)->4427K(4608K)
[2025-04-16T15:31:41.251+0000][3195.260s][info][gc             ] GC(2007) Pause Young (Allocation Failure) 23M->14M(31M) 1.343ms
[2025-04-16T15:31:41.251+0000][3195.260s][info][gc,cpu         ] GC(2007) User=0.00s Sys=0.00s Real=0.00s
[2025-04-16T15:31:42.810+0000][3196.819s][info][gc,start       ] GC(2008) Pause Young (Allocation Failure)
[2025-04-16T15:31:42.811+0000][3196.820s][info][gc,heap        ] GC(2008) DefNew: 9165K(10176K)->90K(10176K) Eden: 9088K(9088K)->0K(9088K) From: 77K(1088K)->90K(1088K)
[2025-04-16T15:31:42.811+0000][3196.820s][info][gc,heap        ] GC(2008) Tenured: 15274K(22484K)->15275K(22484K)
[2025-04-16T15:31:42.811+0000][3196.820s][info][gc,metaspace   ] GC(2008) Metaspace: 37483K(37824K)->37483K(37824K) NonClass: 33055K(33216K)->33055K(33216K) Class: 4427K(4608K)->4427K(4608K)
[2025-04-16T15:31:42.811+0000][3196.820s][info][gc             ] GC(2008) Pause Young (Allocation Failure) 23M->15M(31M) 1.339ms
[2025-04-16T15:31:42.811+0000][3196.820s][info][gc,cpu         ] GC(2008) User=0.00s Sys=0.00s Real=0.00s
[2025-04-16T15:31:44.486+0000][3198.495s][info][gc,start       ] GC(2009) Pause Young (Allocation Failure)
[2025-04-16T15:31:44.487+0000][3198.496s][info][gc,heap        ] GC(2009) DefNew: 9178K(10176K)->75K(10176K) Eden: 9088K(9088K)->0K(9088K) From: 90K(1088K)->75K(1088K)
[2025-04-16T15:31:44.487+0000][3198.496s][info][gc,heap        ] GC(2009) Tenured: 15275K(22484K)->15275K(22484K)
[2025-04-16T15:31:44.487+0000][3198.496s][info][gc,metaspace   ] GC(2009) Metaspace: 37483K(37824K)->37483K(37824K) NonClass: 33055K(33216K)->33055K(33216K) Class: 4427K(4608K)->4427K(4608K)
[2025-04-16T15:31:44.487+0000][3198.496s][info][gc             ] GC(2009) Pause Young (Allocation Failure) 23M->14M(31M) 1.242ms
[2025-04-16T15:31:44.487+0000][3198.496s][info][gc,cpu         ] GC(2009) User=0.00s Sys=0.00s Real=0.00s
[2025-04-16T15:31:45.981+0000][3199.990s][info][gc,start       ] GC(2010) Pause Young (Allocation Failure)
[2025-04-16T15:31:45.983+0000][3199.992s][info][gc,heap        ] GC(2010) DefNew: 9163K(10176K)->88K(10176K) Eden: 9087K(9088K)->0K(9088K) From: 75K(1088K)->88K(1088K)
[2025-04-16T15:31:45.983+0000][3199.992s][info][gc,heap        ] GC(2010) Tenured: 15275K(22484K)->15275K(22484K)
[2025-04-16T15:31:45.983+0000][3199.992s][info][gc,metaspace   ] GC(2010) Metaspace: 37483K(37824K)->37483K(37824K) NonClass: 33055K(33216K)->33055K(33216K) Class: 4427K(4608K)->4427K(4608K)
[2025-04-16T15:31:45.983+0000][3199.992s][info][gc             ] GC(2010) Pause Young (Allocation Failure) 23M->15M(31M) 1.244ms
[2025-04-16T15:31:45.983+0000][3199.992s][info][gc,cpu         ] GC(2010) User=0.00s Sys=0.00s Real=0.00s
[2025-04-16T15:31:47.610+0000][3201.619s][info][gc,start       ] GC(2011) Pause Young (Allocation Failure)
[2025-04-16T15:31:47.611+0000][3201.620s][info][gc,heap        ] GC(2011) DefNew: 9176K(10176K)->70K(10176K) Eden: 9088K(9088K)->0K(9088K) From: 88K(1088K)->70K(1088K)
[2025-04-16T15:31:47.611+0000][3201.620s][info][gc,heap        ] GC(2011) Tenured: 15275K(22484K)->15275K(22484K)
[2025-04-16T15:31:47.611+0000][3201.620s][info][gc,metaspace   ] GC(2011) Metaspace: 37483K(37824K)->37483K(37824K) NonClass: 33055K(33216K)->33055K(33216K) Class: 4427K(4608K)->4427K(4608K)
[2025-04-16T15:31:47.611+0000][3201.620s][info][gc             ] GC(2011) Pause Young (Allocation Failure) 23M->14M(31M) 1.244ms
[2025-04-16T15:31:47.611+0000][3201.620s][info][gc,cpu         ] GC(2011) User=0.00s Sys=0.00s Real=0.00s
[2025-04-16T15:31:49.034+0000][3203.043s][info][gc,start       ] GC(2012) Pause Young (Allocation Failure)
[2025-04-16T15:31:49.035+0000][3203.044s][info][gc,heap        ] GC(2012) DefNew: 9158K(10176K)->91K(10176K) Eden: 9088K(9088K)->0K(9088K) From: 70K(1088K)->91K(1088K)
[2025-04-16T15:31:49.035+0000][3203.044s][info][gc,heap        ] GC(2012) Tenured: 15275K(22484K)->15275K(22484K)
[2025-04-16T15:31:49.035+0000][3203.044s][info][gc,metaspace   ] GC(2012) Metaspace: 37483K(37824K)->37483K(37824K) NonClass: 33055K(33216K)->33055K(33216K) Class: 4427K(4608K)->4427K(4608K)
[2025-04-16T15:31:49.035+0000][3203.044s][info][gc             ] GC(2012) Pause Young (Allocation Failure) 23M->15M(31M) 1.373ms
[2025-04-16T15:31:49.035+0000][3203.044s][info][gc,cpu         ] GC(2012) User=0.00s Sys=0.00s Real=0.01s
[2025-04-16T15:31:51.104+0000][3205.113s][info][gc,start       ] GC(2013) Pause Young (Allocation Failure)
[2025-04-16T15:31:51.105+0000][3205.114s][info][gc,heap        ] GC(2013) DefNew: 9179K(10176K)->90K(10176K) Eden: 9088K(9088K)->0K(9088K) From: 91K(1088K)->90K(1088K)
[2025-04-16T15:31:51.105+0000][3205.114s][info][gc,heap        ] GC(2013) Tenured: 15275K(22484K)->15275K(22484K)
[2025-04-16T15:31:51.105+0000][3205.114s][info][gc,metaspace   ] GC(2013) Metaspace: 37483K(37824K)->37483K(37824K) NonClass: 33055K(33216K)->33055K(33216K) Class: 4427K(4608K)->4427K(4608K)
[2025-04-16T15:31:51.105+0000][3205.114s][info][gc             ] GC(2013) Pause Young (Allocation Failure) 23M->15M(31M) 1.219ms
[2025-04-16T15:31:51.105+0000][3205.114s][info][gc,cpu         ] GC(2013) User=0.00s Sys=0.00s Real=0.01s
[2025-04-16T15:31:52.649+0000][3206.658s][info][gc,start       ] GC(2014) Pause Young (Allocation Failure)
[2025-04-16T15:31:52.651+0000][3206.660s][info][gc,heap        ] GC(2014) DefNew: 9178K(10176K)->70K(10176K) Eden: 9088K(9088K)->0K(9088K) From: 90K(1088K)->70K(1088K)
[2025-04-16T15:31:52.651+0000][3206.660s][info][gc,heap        ] GC(2014) Tenured: 15275K(22484K)->15276K(22484K)
[2025-04-16T15:31:52.651+0000][3206.660s][info][gc,metaspace   ] GC(2014) Metaspace: 37483K(37824K)->37483K(37824K) NonClass: 33055K(33216K)->33055K(33216K) Class: 4427K(4608K)->4427K(4608K)
[2025-04-16T15:31:52.651+0000][3206.660s][info][gc             ] GC(2014) Pause Young (Allocation Failure) 23M->14M(31M) 1.328ms
[2025-04-16T15:31:52.651+0000][3206.660s][info][gc,cpu         ] GC(2014) User=0.00s Sys=0.00s Real=0.00s
[2025-04-16T15:31:54.116+0000][3208.125s][info][gc,start       ] GC(2015) Pause Young (Allocation Failure)
[2025-04-16T15:31:54.117+0000][3208.126s][info][gc,heap        ] GC(2015) DefNew: 9158K(10176K)->73K(10176K) Eden: 9088K(9088K)->0K(9088K) From: 70K(1088K)->73K(1088K)
[2025-04-16T15:31:54.117+0000][3208.126s][info][gc,heap        ] GC(2015) Tenured: 15276K(22484K)->15276K(22484K)
[2025-04-16T15:31:54.117+0000][3208.126s][info][gc,metaspace   ] GC(2015) Metaspace: 37483K(37824K)->37483K(37824K) NonClass: 33055K(33216K)->33055K(33216K) Class: 4427K(4608K)->4427K(4608K)
[2025-04-16T15:31:54.117+0000][3208.126s][info][gc             ] GC(2015) Pause Young (Allocation Failure) 23M->14M(31M) 1.334ms
[2025-04-16T15:31:54.117+0000][3208.126s][info][gc,cpu         ] GC(2015) User=0.00s Sys=0.00s Real=0.00s
[2025-04-16T15:31:55.592+0000][3209.601s][info][gc,start       ] GC(2016) Pause Young (Allocation Failure)
[2025-04-16T15:31:55.594+0000][3209.603s][info][gc,heap        ] GC(2016) DefNew: 9161K(10176K)->86K(10176K) Eden: 9088K(9088K)->0K(9088K) From: 73K(1088K)->86K(1088K)
[2025-04-16T15:31:55.594+0000][3209.603s][info][gc,heap        ] GC(2016) Tenured: 15276K(22484K)->15276K(22484K)
[2025-04-16T15:31:55.594+0000][3209.603s][info][gc,metaspace   ] GC(2016) Metaspace: 37483K(37824K)->37483K(37824K) NonClass: 33055K(33216K)->33055K(33216K) Class: 4427K(4608K)->4427K(4608K)
[2025-04-16T15:31:55.594+0000][3209.603s][info][gc             ] GC(2016) Pause Young (Allocation Failure) 23M->15M(31M) 1.355ms
[2025-04-16T15:31:55.594+0000][3209.603s][info][gc,cpu         ] GC(2016) User=0.00s Sys=0.00s Real=0.00s
[2025-04-16T15:31:57.064+0000][3211.073s][info][gc,start       ] GC(2017) Pause Young (Allocation Failure)
[2025-04-16T15:31:57.065+0000][3211.074s][info][gc,heap        ] GC(2017) DefNew: 9174K(10176K)->76K(10176K) Eden: 9088K(9088K)->0K(9088K) From: 86K(1088K)->76K(1088K)
[2025-04-16T15:31:57.065+0000][3211.074s][info][gc,heap        ] GC(2017) Tenured: 15276K(22484K)->15276K(22484K)
[2025-04-16T15:31:57.065+0000][3211.074s][info][gc,metaspace   ] GC(2017) Metaspace: 37483K(37824K)->37483K(37824K) NonClass: 33055K(33216K)->33055K(33216K) Class: 4427K(4608K)->4427K(4608K)
[2025-04-16T15:31:57.065+0000][3211.074s][info][gc             ] GC(2017) Pause Young (Allocation Failure) 23M->14M(31M) 1.379ms
[2025-04-16T15:31:57.065+0000][3211.074s][info][gc,cpu         ] GC(2017) User=0.01s Sys=0.00s Real=0.01s
[2025-04-16T15:31:58.818+0000][3212.827s][info][gc,start       ] GC(2018) Pause Young (Allocation Failure)
[2025-04-16T15:31:58.819+0000][3212.828s][info][gc,heap        ] GC(2018) DefNew: 9164K(10176K)->91K(10176K) Eden: 9088K(9088K)->0K(9088K) From: 76K(1088K)->91K(1088K)
[2025-04-16T15:31:58.819+0000][3212.828s][info][gc,heap        ] GC(2018) Tenured: 15276K(22484K)->15277K(22484K)
[2025-04-16T15:31:58.819+0000][3212.828s][info][gc,metaspace   ] GC(2018) Metaspace: 37483K(37824K)->37483K(37824K) NonClass: 33055K(33216K)->33055K(33216K) Class: 4427K(4608K)->4427K(4608K)
[2025-04-16T15:31:58.819+0000][3212.828s][info][gc             ] GC(2018) Pause Young (Allocation Failure) 23M->15M(31M) 1.242ms
[2025-04-16T15:31:58.819+0000][3212.828s][info][gc,cpu         ] GC(2018) User=0.00s Sys=0.00s Real=0.00s
[2025-04-16T15:32:00.310+0000][3214.319s][info][gc,start       ] GC(2019) Pause Young (Allocation Failure)
[2025-04-16T15:32:00.311+0000][3214.320s][info][gc,heap        ] GC(2019) DefNew: 9174K(10176K)->81K(10176K) Eden: 9083K(9088K)->0K(9088K) From: 91K(1088K)->81K(1088K)
[2025-04-16T15:32:00.311+0000][3214.320s][info][gc,heap        ] GC(2019) Tenured: 15277K(22484K)->15277K(22484K)
[2025-04-16T15:32:00.311+0000][3214.320s][info][gc,metaspace   ] GC(2019) Metaspace: 37483K(37824K)->37483K(37824K) NonClass: 33055K(33216K)->33055K(33216K) Class: 4427K(4608K)->4427K(4608K)
[2025-04-16T15:32:00.311+0000][3214.320s][info][gc             ] GC(2019) Pause Young (Allocation Failure) 23M->14M(31M) 1.226ms
[2025-04-16T15:32:00.311+0000][3214.320s][info][gc,cpu         ] GC(2019) User=0.00s Sys=0.00s Real=0.00s
[2025-04-16T15:32:01.886+0000][3215.895s][info][gc,start       ] GC(2020) Pause Young (Allocation Failure)
[2025-04-16T15:32:01.887+0000][3215.896s][info][gc,heap        ] GC(2020) DefNew: 9166K(10176K)->76K(10176K) Eden: 9085K(9088K)->0K(9088K) From: 81K(1088K)->76K(1088K)
[2025-04-16T15:32:01.887+0000][3215.896s][info][gc,heap        ] GC(2020) Tenured: 15277K(22484K)->15277K(22484K)
[2025-04-16T15:32:01.887+0000][3215.896s][info][gc,metaspace   ] GC(2020) Metaspace: 37483K(37824K)->37483K(37824K) NonClass: 33055K(33216K)->33055K(33216K) Class: 4427K(4608K)->4427K(4608K)
[2025-04-16T15:32:01.887+0000][3215.896s][info][gc             ] GC(2020) Pause Young (Allocation Failure) 23M->14M(31M) 1.242ms
[2025-04-16T15:32:01.887+0000][3215.896s][info][gc,cpu         ] GC(2020) User=0.01s Sys=0.00s Real=0.00s
[2025-04-16T15:32:03.549+0000][3217.558s][info][gc,start       ] GC(2021) Pause Young (Allocation Failure)
[2025-04-16T15:32:03.550+0000][3217.559s][info][gc,heap        ] GC(2021) DefNew: 9164K(10176K)->77K(10176K) Eden: 9088K(9088K)->0K(9088K) From: 76K(1088K)->77K(1088K)
[2025-04-16T15:32:03.550+0000][3217.559s][info][gc,heap        ] GC(2021) Tenured: 15277K(22484K)->15277K(22484K)
[2025-04-16T15:32:03.550+0000][3217.559s][info][gc,metaspace   ] GC(2021) Metaspace: 37483K(37824K)->37483K(37824K) NonClass: 33055K(33216K)->33055K(33216K) Class: 4427K(4608K)->4427K(4608K)
[2025-04-16T15:32:03.550+0000][3217.559s][info][gc             ] GC(2021) Pause Young (Allocation Failure) 23M->14M(31M) 1.243ms
[2025-04-16T15:32:03.550+0000][3217.559s][info][gc,cpu         ] GC(2021) User=0.01s Sys=0.00s Real=0.00s
[2025-04-16T15:32:05.025+0000][3219.034s][info][gc,start       ] GC(2022) Pause Young (Allocation Failure)
[2025-04-16T15:32:05.026+0000][3219.035s][info][gc,heap        ] GC(2022) DefNew: 9165K(10176K)->90K(10176K) Eden: 9088K(9088K)->0K(9088K) From: 77K(1088K)->90K(1088K)
[2025-04-16T15:32:05.026+0000][3219.035s][info][gc,heap        ] GC(2022) Tenured: 15277K(22484K)->15277K(22484K)
[2025-04-16T15:32:05.026+0000][3219.035s][info][gc,metaspace   ] GC(2022) Metaspace: 37483K(37824K)->37483K(37824K) NonClass: 33055K(33216K)->33055K(33216K) Class: 4427K(4608K)->4427K(4608K)
[2025-04-16T15:32:05.026+0000][3219.035s][info][gc             ] GC(2022) Pause Young (Allocation Failure) 23M->15M(31M) 1.212ms
[2025-04-16T15:32:05.026+0000][3219.035s][info][gc,cpu         ] GC(2022) User=0.00s Sys=0.00s Real=0.00s
[2025-04-16T15:32:06.758+0000][3220.767s][info][gc,start       ] GC(2023) Pause Young (Allocation Failure)
[2025-04-16T15:32:06.760+0000][3220.769s][info][gc,heap        ] GC(2023) DefNew: 9178K(10176K)->91K(10176K) Eden: 9088K(9088K)->0K(9088K) From: 90K(1088K)->91K(1088K)
[2025-04-16T15:32:06.760+0000][3220.769s][info][gc,heap        ] GC(2023) Tenured: 15277K(22484K)->15277K(22484K)
[2025-04-16T15:32:06.760+0000][3220.769s][info][gc,metaspace   ] GC(2023) Metaspace: 37483K(37824K)->37483K(37824K) NonClass: 33055K(33216K)->33055K(33216K) Class: 4427K(4608K)->4427K(4608K)
[2025-04-16T15:32:06.760+0000][3220.769s][info][gc             ] GC(2023) Pause Young (Allocation Failure) 23M->15M(31M) 1.356ms
[2025-04-16T15:32:06.760+0000][3220.769s][info][gc,cpu         ] GC(2023) User=0.00s Sys=0.00s Real=0.00s
[2025-04-16T15:32:08.532+0000][3222.541s][info][gc,start       ] GC(2024) Pause Young (Allocation Failure)
[2025-04-16T15:32:08.533+0000][3222.542s][info][gc,heap        ] GC(2024) DefNew: 9174K(10176K)->93K(10176K) Eden: 9083K(9088K)->0K(9088K) From: 91K(1088K)->93K(1088K)
[2025-04-16T15:32:08.533+0000][3222.542s][info][gc,heap        ] GC(2024) Tenured: 15277K(22484K)->15277K(22484K)
[2025-04-16T15:32:08.533+0000][3222.542s][info][gc,metaspace   ] GC(2024) Metaspace: 37483K(37824K)->37483K(37824K) NonClass: 33055K(33216K)->33055K(33216K) Class: 4427K(4608K)->4427K(4608K)
[2025-04-16T15:32:08.533+0000][3222.542s][info][gc             ] GC(2024) Pause Young (Allocation Failure) 23M->15M(31M) 1.357ms
[2025-04-16T15:32:08.533+0000][3222.542s][info][gc,cpu         ] GC(2024) User=0.00s Sys=0.01s Real=0.00s
[2025-04-16T15:32:10.021+0000][3224.030s][info][gc,start       ] GC(2025) Pause Young (Allocation Failure)
[2025-04-16T15:32:10.022+0000][3224.031s][info][gc,heap        ] GC(2025) DefNew: 9181K(10176K)->75K(10176K) Eden: 9088K(9088K)->0K(9088K) From: 93K(1088K)->75K(1088K)
[2025-04-16T15:32:10.022+0000][3224.031s][info][gc,heap        ] GC(2025) Tenured: 15277K(22484K)->15277K(22484K)
[2025-04-16T15:32:10.022+0000][3224.031s][info][gc,metaspace   ] GC(2025) Metaspace: 37483K(37824K)->37483K(37824K) NonClass: 33055K(33216K)->33055K(33216K) Class: 4427K(4608K)->4427K(4608K)
[2025-04-16T15:32:10.022+0000][3224.031s][info][gc             ] GC(2025) Pause Young (Allocation Failure) 23M->14M(31M) 1.277ms
[2025-04-16T15:32:10.022+0000][3224.031s][info][gc,cpu         ] GC(2025) User=0.00s Sys=0.00s Real=0.00s
[2025-04-16T15:32:11.732+0000][3225.741s][info][gc,start       ] GC(2026) Pause Young (Allocation Failure)
[2025-04-16T15:32:11.733+0000][3225.742s][info][gc,heap        ] GC(2026) DefNew: 9163K(10176K)->78K(10176K) Eden: 9088K(9088K)->0K(9088K) From: 75K(1088K)->78K(1088K)
[2025-04-16T15:32:11.733+0000][3225.742s][info][gc,heap        ] GC(2026) Tenured: 15277K(22484K)->15277K(22484K)
[2025-04-16T15:32:11.733+0000][3225.742s][info][gc,metaspace   ] GC(2026) Metaspace: 37483K(37824K)->37483K(37824K) NonClass: 33055K(33216K)->33055K(33216K) Class: 4427K(4608K)->4427K(4608K)
[2025-04-16T15:32:11.733+0000][3225.742s][info][gc             ] GC(2026) Pause Young (Allocation Failure) 23M->14M(31M) 1.304ms
[2025-04-16T15:32:11.733+0000][3225.742s][info][gc,cpu         ] GC(2026) User=0.00s Sys=0.00s Real=0.00s
[2025-04-16T15:32:13.362+0000][3227.371s][info][gc,start       ] GC(2027) Pause Young (Allocation Failure)
[2025-04-16T15:32:13.363+0000][3227.372s][info][gc,heap        ] GC(2027) DefNew: 9166K(10176K)->95K(10176K) Eden: 9088K(9088K)->0K(9088K) From: 78K(1088K)->95K(1088K)
[2025-04-16T15:32:13.363+0000][3227.372s][info][gc,heap        ] GC(2027) Tenured: 15277K(22484K)->15277K(22484K)
[2025-04-16T15:32:13.363+0000][3227.372s][info][gc,metaspace   ] GC(2027) Metaspace: 37483K(37824K)->37483K(37824K) NonClass: 33055K(33216K)->33055K(33216K) Class: 4427K(4608K)->4427K(4608K)
[2025-04-16T15:32:13.363+0000][3227.372s][info][gc             ] GC(2027) Pause Young (Allocation Failure) 23M->15M(31M) 1.399ms
[2025-04-16T15:32:13.363+0000][3227.372s][info][gc,cpu         ] GC(2027) User=0.00s Sys=0.00s Real=0.00s
[2025-04-16T15:32:14.816+0000][3228.825s][info][gc,start       ] GC(2028) Pause Young (Allocation Failure)
[2025-04-16T15:32:14.817+0000][3228.826s][info][gc,heap        ] GC(2028) DefNew: 9183K(10176K)->76K(10176K) Eden: 9088K(9088K)->0K(9088K) From: 95K(1088K)->76K(1088K)
[2025-04-16T15:32:14.817+0000][3228.826s][info][gc,heap        ] GC(2028) Tenured: 15277K(22484K)->15277K(22484K)
[2025-04-16T15:32:14.817+0000][3228.826s][info][gc,metaspace   ] GC(2028) Metaspace: 37483K(37824K)->37483K(37824K) NonClass: 33055K(33216K)->33055K(33216K) Class: 4427K(4608K)->4427K(4608K)
[2025-04-16T15:32:14.817+0000][3228.826s][info][gc             ] GC(2028) Pause Young (Allocation Failure) 23M->14M(31M) 1.191ms
[2025-04-16T15:32:14.817+0000][3228.826s][info][gc,cpu         ] GC(2028) User=0.00s Sys=0.00s Real=0.00s
[2025-04-16T15:32:16.484+0000][3230.493s][info][gc,start       ] GC(2029) Pause Young (Allocation Failure)
[2025-04-16T15:32:16.486+0000][3230.495s][info][gc,heap        ] GC(2029) DefNew: 9164K(10176K)->80K(10176K) Eden: 9087K(9088K)->0K(9088K) From: 76K(1088K)->80K(1088K)
[2025-04-16T15:32:16.486+0000][3230.495s][info][gc,heap        ] GC(2029) Tenured: 15277K(22484K)->15277K(22484K)
[2025-04-16T15:32:16.486+0000][3230.495s][info][gc,metaspace   ] GC(2029) Metaspace: 37483K(37824K)->37483K(37824K) NonClass: 33055K(33216K)->33055K(33216K) Class: 4427K(4608K)->4427K(4608K)
[2025-04-16T15:32:16.486+0000][3230.495s][info][gc             ] GC(2029) Pause Young (Allocation Failure) 23M->14M(31M) 1.210ms
[2025-04-16T15:32:16.486+0000][3230.495s][info][gc,cpu         ] GC(2029) User=0.00s Sys=0.00s Real=0.00s
[2025-04-16T15:32:18.319+0000][3232.328s][info][gc,start       ] GC(2030) Pause Young (Allocation Failure)
[2025-04-16T15:32:18.320+0000][3232.329s][info][gc,heap        ] GC(2030) DefNew: 9168K(10176K)->85K(10176K) Eden: 9088K(9088K)->0K(9088K) From: 80K(1088K)->85K(1088K)
[2025-04-16T15:32:18.320+0000][3232.329s][info][gc,heap        ] GC(2030) Tenured: 15277K(22484K)->15277K(22484K)
[2025-04-16T15:32:18.320+0000][3232.329s][info][gc,metaspace   ] GC(2030) Metaspace: 37483K(37824K)->37483K(37824K) NonClass: 33055K(33216K)->33055K(33216K) Class: 4427K(4608K)->4427K(4608K)
[2025-04-16T15:32:18.320+0000][3232.329s][info][gc             ] GC(2030) Pause Young (Allocation Failure) 23M->15M(31M) 1.302ms
[2025-04-16T15:32:18.320+0000][3232.329s][info][gc,cpu         ] GC(2030) User=0.00s Sys=0.00s Real=0.00s
[2025-04-16T15:32:19.502+0000][3233.511s][info][gc,start       ] GC(2031) Pause Young (Allocation Failure)
[2025-04-16T15:32:19.503+0000][3233.512s][info][gc,heap        ] GC(2031) DefNew: 9173K(10176K)->94K(10176K) Eden: 9088K(9088K)->0K(9088K) From: 85K(1088K)->94K(1088K)
[2025-04-16T15:32:19.503+0000][3233.512s][info][gc,heap        ] GC(2031) Tenured: 15277K(22484K)->15277K(22484K)
[2025-04-16T15:32:19.503+0000][3233.512s][info][gc,metaspace   ] GC(2031) Metaspace: 37483K(37824K)->37483K(37824K) NonClass: 33055K(33216K)->33055K(33216K) Class: 4427K(4608K)->4427K(4608K)
[2025-04-16T15:32:19.503+0000][3233.512s][info][gc             ] GC(2031) Pause Young (Allocation Failure) 23M->15M(31M) 1.196ms
[2025-04-16T15:32:19.503+0000][3233.512s][info][gc,cpu         ] GC(2031) User=0.00s Sys=0.00s Real=0.00s
[2025-04-16T15:32:21.167+0000][3235.176s][info][gc,start       ] GC(2032) Pause Young (Allocation Failure)
[2025-04-16T15:32:21.169+0000][3235.178s][info][gc,heap        ] GC(2032) DefNew: 9181K(10176K)->87K(10176K) Eden: 9087K(9088K)->0K(9088K) From: 94K(1088K)->87K(1088K)
[2025-04-16T15:32:21.169+0000][3235.178s][info][gc,heap        ] GC(2032) Tenured: 15277K(22484K)->15277K(22484K)
[2025-04-16T15:32:21.169+0000][3235.178s][info][gc,metaspace   ] GC(2032) Metaspace: 37483K(37824K)->37483K(37824K) NonClass: 33055K(33216K)->33055K(33216K) Class: 4427K(4608K)->4427K(4608K)
[2025-04-16T15:32:21.169+0000][3235.178s][info][gc             ] GC(2032) Pause Young (Allocation Failure) 23M->15M(31M) 1.177ms
[2025-04-16T15:32:21.169+0000][3235.178s][info][gc,cpu         ] GC(2032) User=0.00s Sys=0.00s Real=0.00s
[2025-04-16T15:32:22.594+0000][3236.603s][info][gc,start       ] GC(2033) Pause Young (Allocation Failure)
[2025-04-16T15:32:22.595+0000][3236.604s][info][gc,heap        ] GC(2033) DefNew: 9175K(10176K)->80K(10176K) Eden: 9088K(9088K)->0K(9088K) From: 87K(1088K)->80K(1088K)
[2025-04-16T15:32:22.595+0000][3236.604s][info][gc,heap        ] GC(2033) Tenured: 15277K(22484K)->15277K(22484K)
[2025-04-16T15:32:22.595+0000][3236.604s][info][gc,metaspace   ] GC(2033) Metaspace: 37483K(37824K)->37483K(37824K) NonClass: 33055K(33216K)->33055K(33216K) Class: 4427K(4608K)->4427K(4608K)
[2025-04-16T15:32:22.595+0000][3236.604s][info][gc             ] GC(2033) Pause Young (Allocation Failure) 23M->14M(31M) 1.405ms
[2025-04-16T15:32:22.595+0000][3236.604s][info][gc,cpu         ] GC(2033) User=0.00s Sys=0.00s Real=0.01s
[2025-04-16T15:32:24.312+0000][3238.321s][info][gc,start       ] GC(2034) Pause Young (Allocation Failure)
[2025-04-16T15:32:24.313+0000][3238.322s][info][gc,heap        ] GC(2034) DefNew: 9168K(10176K)->81K(10176K) Eden: 9088K(9088K)->0K(9088K) From: 80K(1088K)->81K(1088K)
[2025-04-16T15:32:24.313+0000][3238.322s][info][gc,heap        ] GC(2034) Tenured: 15277K(22484K)->15279K(22484K)
[2025-04-16T15:32:24.313+0000][3238.322s][info][gc,metaspace   ] GC(2034) Metaspace: 37483K(37824K)->37483K(37824K) NonClass: 33055K(33216K)->33055K(33216K) Class: 4427K(4608K)->4427K(4608K)
[2025-04-16T15:32:24.313+0000][3238.322s][info][gc             ] GC(2034) Pause Young (Allocation Failure) 23M->15M(31M) 1.334ms
[2025-04-16T15:32:24.313+0000][3238.322s][info][gc,cpu         ] GC(2034) User=0.00s Sys=0.00s Real=0.00s
[2025-04-16T15:32:25.876+0000][3239.885s][info][gc,start       ] GC(2035) Pause Young (Allocation Failure)
[2025-04-16T15:32:25.877+0000][3239.886s][info][gc,heap        ] GC(2035) DefNew: 9169K(10176K)->78K(10176K) Eden: 9087K(9088K)->0K(9088K) From: 81K(1088K)->78K(1088K)
[2025-04-16T15:32:25.877+0000][3239.886s][info][gc,heap        ] GC(2035) Tenured: 15279K(22484K)->15279K(22484K)
[2025-04-16T15:32:25.877+0000][3239.886s][info][gc,metaspace   ] GC(2035) Metaspace: 37483K(37824K)->37483K(37824K) NonClass: 33055K(33216K)->33055K(33216K) Class: 4427K(4608K)->4427K(4608K)
[2025-04-16T15:32:25.877+0000][3239.886s][info][gc             ] GC(2035) Pause Young (Allocation Failure) 23M->14M(31M) 1.334ms
[2025-04-16T15:32:25.877+0000][3239.886s][info][gc,cpu         ] GC(2035) User=0.00s Sys=0.00s Real=0.00s
[2025-04-16T15:32:27.743+0000][3241.752s][info][gc,start       ] GC(2036) Pause Young (Allocation Failure)
[2025-04-16T15:32:27.744+0000][3241.753s][info][gc,heap        ] GC(2036) DefNew: 9166K(10176K)->95K(10176K) Eden: 9088K(9088K)->0K(9088K) From: 78K(1088K)->95K(1088K)
[2025-04-16T15:32:27.744+0000][3241.753s][info][gc,heap        ] GC(2036) Tenured: 15279K(22484K)->15279K(22484K)
[2025-04-16T15:32:27.744+0000][3241.753s][info][gc,metaspace   ] GC(2036) Metaspace: 37483K(37824K)->37483K(37824K) NonClass: 33055K(33216K)->33055K(33216K) Class: 4427K(4608K)->4427K(4608K)
[2025-04-16T15:32:27.744+0000][3241.753s][info][gc             ] GC(2036) Pause Young (Allocation Failure) 23M->15M(31M) 1.375ms
[2025-04-16T15:32:27.744+0000][3241.753s][info][gc,cpu         ] GC(2036) User=0.00s Sys=0.00s Real=0.01s
[2025-04-16T15:32:29.160+0000][3243.169s][info][gc,start       ] GC(2037) Pause Young (Allocation Failure)
[2025-04-16T15:32:29.162+0000][3243.171s][info][gc,heap        ] GC(2037) DefNew: 9183K(10176K)->94K(10176K) Eden: 9088K(9088K)->0K(9088K) From: 95K(1088K)->94K(1088K)
[2025-04-16T15:32:29.162+0000][3243.171s][info][gc,heap        ] GC(2037) Tenured: 15279K(22484K)->15280K(22484K)
[2025-04-16T15:32:29.162+0000][3243.171s][info][gc,metaspace   ] GC(2037) Metaspace: 37483K(37824K)->37483K(37824K) NonClass: 33055K(33216K)->33055K(33216K) Class: 4427K(4608K)->4427K(4608K)
[2025-04-16T15:32:29.162+0000][3243.171s][info][gc             ] GC(2037) Pause Young (Allocation Failure) 23M->15M(31M) 1.182ms
[2025-04-16T15:32:29.162+0000][3243.171s][info][gc,cpu         ] GC(2037) User=0.00s Sys=0.00s Real=0.00s
[2025-04-16T15:32:30.790+0000][3244.799s][info][gc,start       ] GC(2038) Pause Young (Allocation Failure)
[2025-04-16T15:32:30.791+0000][3244.800s][info][gc,heap        ] GC(2038) DefNew: 9182K(10176K)->87K(10176K) Eden: 9088K(9088K)->0K(9088K) From: 94K(1088K)->87K(1088K)
[2025-04-16T15:32:30.791+0000][3244.800s][info][gc,heap        ] GC(2038) Tenured: 15280K(22484K)->15280K(22484K)
[2025-04-16T15:32:30.791+0000][3244.800s][info][gc,metaspace   ] GC(2038) Metaspace: 37483K(37824K)->37483K(37824K) NonClass: 33055K(33216K)->33055K(33216K) Class: 4427K(4608K)->4427K(4608K)
[2025-04-16T15:32:30.791+0000][3244.800s][info][gc             ] GC(2038) Pause Young (Allocation Failure) 23M->15M(31M) 1.333ms
[2025-04-16T15:32:30.791+0000][3244.800s][info][gc,cpu         ] GC(2038) User=0.00s Sys=0.00s Real=0.00s
[2025-04-16T15:32:32.282+0000][3246.291s][info][gc,start       ] GC(2039) Pause Young (Allocation Failure)
[2025-04-16T15:32:32.284+0000][3246.293s][info][gc,heap        ] GC(2039) DefNew: 9175K(10176K)->85K(10176K) Eden: 9088K(9088K)->0K(9088K) From: 87K(1088K)->85K(1088K)
[2025-04-16T15:32:32.284+0000][3246.293s][info][gc,heap        ] GC(2039) Tenured: 15280K(22484K)->15280K(22484K)
[2025-04-16T15:32:32.284+0000][3246.293s][info][gc,metaspace   ] GC(2039) Metaspace: 37483K(37824K)->37483K(37824K) NonClass: 33055K(33216K)->33055K(33216K) Class: 4427K(4608K)->4427K(4608K)
[2025-04-16T15:32:32.284+0000][3246.293s][info][gc             ] GC(2039) Pause Young (Allocation Failure) 23M->15M(31M) 1.316ms
[2025-04-16T15:32:32.284+0000][3246.293s][info][gc,cpu         ] GC(2039) User=0.00s Sys=0.00s Real=0.00s
[2025-04-16T15:32:34.082+0000][3248.091s][info][gc,start       ] GC(2040) Pause Young (Allocation Failure)
[2025-04-16T15:32:34.084+0000][3248.093s][info][gc,heap        ] GC(2040) DefNew: 9173K(10176K)->83K(10176K) Eden: 9088K(9088K)->0K(9088K) From: 85K(1088K)->83K(1088K)
[2025-04-16T15:32:34.084+0000][3248.093s][info][gc,heap        ] GC(2040) Tenured: 15280K(22484K)->15280K(22484K)
[2025-04-16T15:32:34.084+0000][3248.093s][info][gc,metaspace   ] GC(2040) Metaspace: 37483K(37824K)->37483K(37824K) NonClass: 33055K(33216K)->33055K(33216K) Class: 4427K(4608K)->4427K(4608K)
[2025-04-16T15:32:34.084+0000][3248.093s][info][gc             ] GC(2040) Pause Young (Allocation Failure) 23M->15M(31M) 1.310ms
[2025-04-16T15:32:34.084+0000][3248.093s][info][gc,cpu         ] GC(2040) User=0.00s Sys=0.00s Real=0.00s
[2025-04-16T15:32:35.529+0000][3249.538s][info][gc,start       ] GC(2041) Pause Young (Allocation Failure)
[2025-04-16T15:32:35.530+0000][3249.539s][info][gc,heap        ] GC(2041) DefNew: 9171K(10176K)->100K(10176K) Eden: 9087K(9088K)->0K(9088K) From: 83K(1088K)->100K(1088K)
[2025-04-16T15:32:35.530+0000][3249.539s][info][gc,heap        ] GC(2041) Tenured: 15280K(22484K)->15281K(22484K)
[2025-04-16T15:32:35.530+0000][3249.539s][info][gc,metaspace   ] GC(2041) Metaspace: 37483K(37824K)->37483K(37824K) NonClass: 33055K(33216K)->33055K(33216K) Class: 4427K(4608K)->4427K(4608K)
[2025-04-16T15:32:35.530+0000][3249.539s][info][gc             ] GC(2041) Pause Young (Allocation Failure) 23M->15M(31M) 1.320ms
[2025-04-16T15:32:35.530+0000][3249.539s][info][gc,cpu         ] GC(2041) User=0.00s Sys=0.00s Real=0.00s
[2025-04-16T15:32:37.121+0000][3251.130s][info][gc,start       ] GC(2042) Pause Young (Allocation Failure)
[2025-04-16T15:32:37.123+0000][3251.132s][info][gc,heap        ] GC(2042) DefNew: 9188K(10176K)->101K(10176K) Eden: 9088K(9088K)->0K(9088K) From: 100K(1088K)->101K(1088K)
[2025-04-16T15:32:37.123+0000][3251.132s][info][gc,heap        ] GC(2042) Tenured: 15281K(22484K)->15281K(22484K)
[2025-04-16T15:32:37.123+0000][3251.132s][info][gc,metaspace   ] GC(2042) Metaspace: 37483K(37824K)->37483K(37824K) NonClass: 33055K(33216K)->33055K(33216K) Class: 4427K(4608K)->4427K(4608K)
[2025-04-16T15:32:37.123+0000][3251.132s][info][gc             ] GC(2042) Pause Young (Allocation Failure) 23M->15M(31M) 1.337ms
[2025-04-16T15:32:37.123+0000][3251.132s][info][gc,cpu         ] GC(2042) User=0.00s Sys=0.00s Real=0.00s
[2025-04-16T15:32:38.717+0000][3252.726s][info][gc,start       ] GC(2043) Pause Young (Allocation Failure)
[2025-04-16T15:32:38.719+0000][3252.728s][info][gc,heap        ] GC(2043) DefNew: 9189K(10176K)->83K(10176K) Eden: 9088K(9088K)->0K(9088K) From: 101K(1088K)->83K(1088K)
[2025-04-16T15:32:38.719+0000][3252.728s][info][gc,heap        ] GC(2043) Tenured: 15281K(22484K)->15282K(22484K)
[2025-04-16T15:32:38.719+0000][3252.728s][info][gc,metaspace   ] GC(2043) Metaspace: 37483K(37824K)->37483K(37824K) NonClass: 33055K(33216K)->33055K(33216K) Class: 4427K(4608K)->4427K(4608K)
[2025-04-16T15:32:38.719+0000][3252.728s][info][gc             ] GC(2043) Pause Young (Allocation Failure) 23M->15M(31M) 1.316ms
[2025-04-16T15:32:38.719+0000][3252.728s][info][gc,cpu         ] GC(2043) User=0.00s Sys=0.00s Real=0.00s
[2025-04-16T15:32:40.560+0000][3254.569s][info][gc,start       ] GC(2044) Pause Young (Allocation Failure)
[2025-04-16T15:32:40.561+0000][3254.570s][info][gc,heap        ] GC(2044) DefNew: 9170K(10176K)->104K(10176K) Eden: 9086K(9088K)->0K(9088K) From: 83K(1088K)->104K(1088K)
[2025-04-16T15:32:40.561+0000][3254.570s][info][gc,heap        ] GC(2044) Tenured: 15282K(22484K)->15282K(22484K)
[2025-04-16T15:32:40.561+0000][3254.570s][info][gc,metaspace   ] GC(2044) Metaspace: 37483K(37824K)->37483K(37824K) NonClass: 33055K(33216K)->33055K(33216K) Class: 4427K(4608K)->4427K(4608K)
[2025-04-16T15:32:40.561+0000][3254.570s][info][gc             ] GC(2044) Pause Young (Allocation Failure) 23M->15M(31M) 1.373ms
[2025-04-16T15:32:40.561+0000][3254.570s][info][gc,cpu         ] GC(2044) User=0.00s Sys=0.00s Real=0.00s
[2025-04-16T15:32:42.052+0000][3256.061s][info][gc,start       ] GC(2045) Pause Young (Allocation Failure)
[2025-04-16T15:32:42.053+0000][3256.062s][info][gc,heap        ] GC(2045) DefNew: 9192K(10176K)->84K(10176K) Eden: 9088K(9088K)->0K(9088K) From: 104K(1088K)->84K(1088K)
[2025-04-16T15:32:42.053+0000][3256.062s][info][gc,heap        ] GC(2045) Tenured: 15282K(22484K)->15284K(22484K)
[2025-04-16T15:32:42.053+0000][3256.062s][info][gc,metaspace   ] GC(2045) Metaspace: 37483K(37824K)->37483K(37824K) NonClass: 33055K(33216K)->33055K(33216K) Class: 4427K(4608K)->4427K(4608K)
[2025-04-16T15:32:42.053+0000][3256.063s][info][gc             ] GC(2045) Pause Young (Allocation Failure) 23M->15M(31M) 1.294ms
[2025-04-16T15:32:42.053+0000][3256.063s][info][gc,cpu         ] GC(2045) User=0.00s Sys=0.00s Real=0.00s
[2025-04-16T15:32:43.722+0000][3257.731s][info][gc,start       ] GC(2046) Pause Young (Allocation Failure)
[2025-04-16T15:32:43.723+0000][3257.732s][info][gc,heap        ] GC(2046) DefNew: 9172K(10176K)->91K(10176K) Eden: 9088K(9088K)->0K(9088K) From: 84K(1088K)->91K(1088K)
[2025-04-16T15:32:43.723+0000][3257.732s][info][gc,heap        ] GC(2046) Tenured: 15284K(22484K)->15284K(22484K)
[2025-04-16T15:32:43.723+0000][3257.732s][info][gc,metaspace   ] GC(2046) Metaspace: 37483K(37824K)->37483K(37824K) NonClass: 33055K(33216K)->33055K(33216K) Class: 4427K(4608K)->4427K(4608K)
[2025-04-16T15:32:43.723+0000][3257.732s][info][gc             ] GC(2046) Pause Young (Allocation Failure) 23M->15M(31M) 1.416ms
[2025-04-16T15:32:43.723+0000][3257.732s][info][gc,cpu         ] GC(2046) User=0.00s Sys=0.00s Real=0.00s
[2025-04-16T15:32:45.359+0000][3259.368s][info][gc,start       ] GC(2047) Pause Young (Allocation Failure)
[2025-04-16T15:32:45.360+0000][3259.369s][info][gc,heap        ] GC(2047) DefNew: 9179K(10176K)->99K(10176K) Eden: 9088K(9088K)->0K(9088K) From: 91K(1088K)->99K(1088K)
[2025-04-16T15:32:45.360+0000][3259.369s][info][gc,heap        ] GC(2047) Tenured: 15284K(22484K)->15285K(22484K)
[2025-04-16T15:32:45.360+0000][3259.369s][info][gc,metaspace   ] GC(2047) Metaspace: 37483K(37824K)->37483K(37824K) NonClass: 33055K(33216K)->33055K(33216K) Class: 4427K(4608K)->4427K(4608K)
[2025-04-16T15:32:45.360+0000][3259.369s][info][gc             ] GC(2047) Pause Young (Allocation Failure) 23M->15M(31M) 1.391ms
[2025-04-16T15:32:45.360+0000][3259.369s][info][gc,cpu         ] GC(2047) User=0.00s Sys=0.00s Real=0.00s
[2025-04-16T15:32:46.942+0000][3260.951s][info][gc,start       ] GC(2048) Pause Young (Allocation Failure)
[2025-04-16T15:32:46.943+0000][3260.952s][info][gc,heap        ] GC(2048) DefNew: 9187K(10176K)->92K(10176K) Eden: 9088K(9088K)->0K(9088K) From: 99K(1088K)->92K(1088K)
[2025-04-16T15:32:46.943+0000][3260.952s][info][gc,heap        ] GC(2048) Tenured: 15285K(22484K)->15285K(22484K)
[2025-04-16T15:32:46.943+0000][3260.952s][info][gc,metaspace   ] GC(2048) Metaspace: 37483K(37824K)->37483K(37824K) NonClass: 33055K(33216K)->33055K(33216K) Class: 4427K(4608K)->4427K(4608K)
[2025-04-16T15:32:46.943+0000][3260.952s][info][gc             ] GC(2048) Pause Young (Allocation Failure) 23M->15M(31M) 1.264ms
[2025-04-16T15:32:46.943+0000][3260.952s][info][gc,cpu         ] GC(2048) User=0.01s Sys=0.00s Real=0.00s
[2025-04-16T15:32:48.459+0000][3262.468s][info][gc,start       ] GC(2049) Pause Young (Allocation Failure)
[2025-04-16T15:32:48.460+0000][3262.469s][info][gc,heap        ] GC(2049) DefNew: 9173K(10176K)->88K(10176K) Eden: 9081K(9088K)->0K(9088K) From: 92K(1088K)->88K(1088K)
[2025-04-16T15:32:48.460+0000][3262.469s][info][gc,heap        ] GC(2049) Tenured: 15285K(22484K)->15285K(22484K)
[2025-04-16T15:32:48.460+0000][3262.469s][info][gc,metaspace   ] GC(2049) Metaspace: 37483K(37824K)->37483K(37824K) NonClass: 33055K(33216K)->33055K(33216K) Class: 4427K(4608K)->4427K(4608K)
[2025-04-16T15:32:48.460+0000][3262.469s][info][gc             ] GC(2049) Pause Young (Allocation Failure) 23M->15M(31M) 1.374ms
[2025-04-16T15:32:48.460+0000][3262.469s][info][gc,cpu         ] GC(2049) User=0.00s Sys=0.00s Real=0.00s
[2025-04-16T15:32:50.324+0000][3264.333s][info][gc,start       ] GC(2050) Pause Young (Allocation Failure)
[2025-04-16T15:32:50.326+0000][3264.335s][info][gc,heap        ] GC(2050) DefNew: 9176K(10176K)->90K(10176K) Eden: 9088K(9088K)->0K(9088K) From: 88K(1088K)->90K(1088K)
[2025-04-16T15:32:50.326+0000][3264.335s][info][gc,heap        ] GC(2050) Tenured: 15285K(22484K)->15285K(22484K)
[2025-04-16T15:32:50.326+0000][3264.335s][info][gc,metaspace   ] GC(2050) Metaspace: 37483K(37824K)->37483K(37824K) NonClass: 33055K(33216K)->33055K(33216K) Class: 4427K(4608K)->4427K(4608K)
[2025-04-16T15:32:50.326+0000][3264.335s][info][gc             ] GC(2050) Pause Young (Allocation Failure) 23M->15M(31M) 1.338ms
[2025-04-16T15:32:50.326+0000][3264.335s][info][gc,cpu         ] GC(2050) User=0.00s Sys=0.00s Real=0.00s
[2025-04-16T15:32:51.836+0000][3265.845s][info][gc,start       ] GC(2051) Pause Young (Allocation Failure)
[2025-04-16T15:32:51.837+0000][3265.846s][info][gc,heap        ] GC(2051) DefNew: 9178K(10176K)->101K(10176K) Eden: 9087K(9088K)->0K(9088K) From: 90K(1088K)->101K(1088K)
[2025-04-16T15:32:51.837+0000][3265.846s][info][gc,heap        ] GC(2051) Tenured: 15285K(22484K)->15286K(22484K)
[2025-04-16T15:32:51.837+0000][3265.846s][info][gc,metaspace   ] GC(2051) Metaspace: 37483K(37824K)->37483K(37824K) NonClass: 33055K(33216K)->33055K(33216K) Class: 4427K(4608K)->4427K(4608K)
[2025-04-16T15:32:51.837+0000][3265.847s][info][gc             ] GC(2051) Pause Young (Allocation Failure) 23M->15M(31M) 1.311ms
[2025-04-16T15:32:51.837+0000][3265.847s][info][gc,cpu         ] GC(2051) User=0.00s Sys=0.00s Real=0.00s
[2025-04-16T15:32:53.290+0000][3267.299s][info][gc,start       ] GC(2052) Pause Young (Allocation Failure)
[2025-04-16T15:32:53.291+0000][3267.300s][info][gc,heap        ] GC(2052) DefNew: 9189K(10176K)->94K(10176K) Eden: 9088K(9088K)->0K(9088K) From: 101K(1088K)->94K(1088K)
[2025-04-16T15:32:53.291+0000][3267.300s][info][gc,heap        ] GC(2052) Tenured: 15286K(22484K)->15286K(22484K)
[2025-04-16T15:32:53.291+0000][3267.300s][info][gc,metaspace   ] GC(2052) Metaspace: 37483K(37824K)->37483K(37824K) NonClass: 33055K(33216K)->33055K(33216K) Class: 4427K(4608K)->4427K(4608K)
[2025-04-16T15:32:53.291+0000][3267.300s][info][gc             ] GC(2052) Pause Young (Allocation Failure) 23M->15M(31M) 1.357ms
[2025-04-16T15:32:53.291+0000][3267.300s][info][gc,cpu         ] GC(2052) User=0.00s Sys=0.00s Real=0.00s
[2025-04-16T15:32:54.910+0000][3268.919s][info][gc,start       ] GC(2053) Pause Young (Allocation Failure)
[2025-04-16T15:32:54.911+0000][3268.920s][info][gc,heap        ] GC(2053) DefNew: 9182K(10176K)->116K(10176K) Eden: 9088K(9088K)->0K(9088K) From: 94K(1088K)->116K(1088K)
[2025-04-16T15:32:54.911+0000][3268.920s][info][gc,heap        ] GC(2053) Tenured: 15286K(22484K)->15287K(22484K)
[2025-04-16T15:32:54.911+0000][3268.920s][info][gc,metaspace   ] GC(2053) Metaspace: 37483K(37824K)->37483K(37824K) NonClass: 33055K(33216K)->33055K(33216K) Class: 4427K(4608K)->4427K(4608K)
[2025-04-16T15:32:54.911+0000][3268.920s][info][gc             ] GC(2053) Pause Young (Allocation Failure) 23M->15M(31M) 1.222ms
[2025-04-16T15:32:54.911+0000][3268.920s][info][gc,cpu         ] GC(2053) User=0.00s Sys=0.00s Real=0.00s
[2025-04-16T15:32:56.622+0000][3270.631s][info][gc,start       ] GC(2054) Pause Young (Allocation Failure)
[2025-04-16T15:32:56.624+0000][3270.633s][info][gc,heap        ] GC(2054) DefNew: 9192K(10176K)->86K(10176K) Eden: 9075K(9088K)->0K(9088K) From: 116K(1088K)->86K(1088K)
[2025-04-16T15:32:56.624+0000][3270.633s][info][gc,heap        ] GC(2054) Tenured: 15287K(22484K)->15290K(22484K)
[2025-04-16T15:32:56.624+0000][3270.633s][info][gc,metaspace   ] GC(2054) Metaspace: 37483K(37824K)->37483K(37824K) NonClass: 33055K(33216K)->33055K(33216K) Class: 4427K(4608K)->4427K(4608K)
[2025-04-16T15:32:56.624+0000][3270.633s][info][gc             ] GC(2054) Pause Young (Allocation Failure) 23M->15M(31M) 1.300ms
[2025-04-16T15:32:56.624+0000][3270.633s][info][gc,cpu         ] GC(2054) User=0.00s Sys=0.00s Real=0.00s
[2025-04-16T15:32:58.078+0000][3272.087s][info][gc,start       ] GC(2055) Pause Young (Allocation Failure)
[2025-04-16T15:32:58.079+0000][3272.088s][info][gc,heap        ] GC(2055) DefNew: 9174K(10176K)->84K(10176K) Eden: 9088K(9088K)->0K(9088K) From: 86K(1088K)->84K(1088K)
[2025-04-16T15:32:58.079+0000][3272.088s][info][gc,heap        ] GC(2055) Tenured: 15290K(22484K)->15290K(22484K)
[2025-04-16T15:32:58.079+0000][3272.088s][info][gc,metaspace   ] GC(2055) Metaspace: 37483K(37824K)->37483K(37824K) NonClass: 33055K(33216K)->33055K(33216K) Class: 4427K(4608K)->4427K(4608K)
[2025-04-16T15:32:58.079+0000][3272.088s][info][gc             ] GC(2055) Pause Young (Allocation Failure) 23M->15M(31M) 1.242ms
[2025-04-16T15:32:58.079+0000][3272.088s][info][gc,cpu         ] GC(2055) User=0.01s Sys=0.00s Real=0.00s
[2025-04-16T15:32:59.696+0000][3273.705s][info][gc,start       ] GC(2056) Pause Young (Allocation Failure)
[2025-04-16T15:32:59.697+0000][3273.706s][info][gc,heap        ] GC(2056) DefNew: 9172K(10176K)->88K(10176K) Eden: 9088K(9088K)->0K(9088K) From: 84K(1088K)->88K(1088K)
[2025-04-16T15:32:59.697+0000][3273.706s][info][gc,heap        ] GC(2056) Tenured: 15290K(22484K)->15291K(22484K)
[2025-04-16T15:32:59.697+0000][3273.706s][info][gc,metaspace   ] GC(2056) Metaspace: 37483K(37824K)->37483K(37824K) NonClass: 33055K(33216K)->33055K(33216K) Class: 4427K(4608K)->4427K(4608K)
[2025-04-16T15:32:59.697+0000][3273.706s][info][gc             ] GC(2056) Pause Young (Allocation Failure) 23M->15M(31M) 1.289ms
[2025-04-16T15:32:59.697+0000][3273.706s][info][gc,cpu         ] GC(2056) User=0.00s Sys=0.00s Real=0.00s
[2025-04-16T15:33:01.109+0000][3275.119s][info][gc,start       ] GC(2057) Pause Young (Allocation Failure)
[2025-04-16T15:33:01.111+0000][3275.120s][info][gc,heap        ] GC(2057) DefNew: 9176K(10176K)->105K(10176K) Eden: 9088K(9088K)->0K(9088K) From: 88K(1088K)->105K(1088K)
[2025-04-16T15:33:01.111+0000][3275.120s][info][gc,heap        ] GC(2057) Tenured: 15291K(22484K)->15293K(22484K)
[2025-04-16T15:33:01.111+0000][3275.120s][info][gc,metaspace   ] GC(2057) Metaspace: 37483K(37824K)->37483K(37824K) NonClass: 33055K(33216K)->33055K(33216K) Class: 4427K(4608K)->4427K(4608K)
[2025-04-16T15:33:01.111+0000][3275.120s][info][gc             ] GC(2057) Pause Young (Allocation Failure) 23M->15M(31M) 1.316ms
[2025-04-16T15:33:01.111+0000][3275.120s][info][gc,cpu         ] GC(2057) User=0.00s Sys=0.00s Real=0.00s
[2025-04-16T15:33:02.840+0000][3276.849s][info][gc,start       ] GC(2058) Pause Young (Allocation Failure)
[2025-04-16T15:33:02.842+0000][3276.851s][info][gc,heap        ] GC(2058) DefNew: 9193K(10176K)->110K(10176K) Eden: 9088K(9088K)->0K(9088K) From: 105K(1088K)->110K(1088K)
[2025-04-16T15:33:02.842+0000][3276.851s][info][gc,heap        ] GC(2058) Tenured: 15293K(22484K)->15293K(22484K)
[2025-04-16T15:33:02.842+0000][3276.851s][info][gc,metaspace   ] GC(2058) Metaspace: 37483K(37824K)->37483K(37824K) NonClass: 33055K(33216K)->33055K(33216K) Class: 4427K(4608K)->4427K(4608K)
[2025-04-16T15:33:02.842+0000][3276.851s][info][gc             ] GC(2058) Pause Young (Allocation Failure) 23M->15M(31M) 1.784ms
[2025-04-16T15:33:02.842+0000][3276.851s][info][gc,cpu         ] GC(2058) User=0.00s Sys=0.00s Real=0.00s
[2025-04-16T15:33:04.386+0000][3278.395s][info][gc,start       ] GC(2059) Pause Young (Allocation Failure)
[2025-04-16T15:33:04.387+0000][3278.396s][info][gc,heap        ] GC(2059) DefNew: 9198K(10176K)->97K(10176K) Eden: 9088K(9088K)->0K(9088K) From: 110K(1088K)->97K(1088K)
[2025-04-16T15:33:04.387+0000][3278.396s][info][gc,heap        ] GC(2059) Tenured: 15293K(22484K)->15296K(22484K)
[2025-04-16T15:33:04.387+0000][3278.396s][info][gc,metaspace   ] GC(2059) Metaspace: 37483K(37824K)->37483K(37824K) NonClass: 33055K(33216K)->33055K(33216K) Class: 4427K(4608K)->4427K(4608K)
[2025-04-16T15:33:04.387+0000][3278.396s][info][gc             ] GC(2059) Pause Young (Allocation Failure) 23M->15M(31M) 1.339ms
[2025-04-16T15:33:04.387+0000][3278.396s][info][gc,cpu         ] GC(2059) User=0.00s Sys=0.00s Real=0.00s
[2025-04-16T15:33:05.910+0000][3279.919s][info][gc,start       ] GC(2060) Pause Young (Allocation Failure)
[2025-04-16T15:33:05.911+0000][3279.920s][info][gc,heap        ] GC(2060) DefNew: 9185K(10176K)->80K(10176K) Eden: 9088K(9088K)->0K(9088K) From: 97K(1088K)->80K(1088K)
[2025-04-16T15:33:05.911+0000][3279.920s][info][gc,heap        ] GC(2060) Tenured: 15296K(22484K)->15296K(22484K)
[2025-04-16T15:33:05.911+0000][3279.920s][info][gc,metaspace   ] GC(2060) Metaspace: 37483K(37824K)->37483K(37824K) NonClass: 33055K(33216K)->33055K(33216K) Class: 4427K(4608K)->4427K(4608K)
[2025-04-16T15:33:05.911+0000][3279.920s][info][gc             ] GC(2060) Pause Young (Allocation Failure) 23M->15M(31M) 1.267ms
[2025-04-16T15:33:05.911+0000][3279.920s][info][gc,cpu         ] GC(2060) User=0.00s Sys=0.00s Real=0.00s
[2025-04-16T15:33:07.401+0000][3281.410s][info][gc,start       ] GC(2061) Pause Young (Allocation Failure)
[2025-04-16T15:33:07.402+0000][3281.411s][info][gc,heap        ] GC(2061) DefNew: 9168K(10176K)->83K(10176K) Eden: 9088K(9088K)->0K(9088K) From: 80K(1088K)->83K(1088K)
[2025-04-16T15:33:07.402+0000][3281.411s][info][gc,heap        ] GC(2061) Tenured: 15296K(22484K)->15296K(22484K)
[2025-04-16T15:33:07.402+0000][3281.411s][info][gc,metaspace   ] GC(2061) Metaspace: 37483K(37824K)->37483K(37824K) NonClass: 33055K(33216K)->33055K(33216K) Class: 4427K(4608K)->4427K(4608K)
[2025-04-16T15:33:07.402+0000][3281.411s][info][gc             ] GC(2061) Pause Young (Allocation Failure) 23M->15M(31M) 1.318ms
[2025-04-16T15:33:07.402+0000][3281.411s][info][gc,cpu         ] GC(2061) User=0.00s Sys=0.00s Real=0.00s
[2025-04-16T15:33:09.068+0000][3283.077s][info][gc,start       ] GC(2062) Pause Young (Allocation Failure)
[2025-04-16T15:33:09.069+0000][3283.078s][info][gc,heap        ] GC(2062) DefNew: 9171K(10176K)->93K(10176K) Eden: 9088K(9088K)->0K(9088K) From: 83K(1088K)->93K(1088K)
[2025-04-16T15:33:09.069+0000][3283.078s][info][gc,heap        ] GC(2062) Tenured: 15296K(22484K)->15296K(22484K)
[2025-04-16T15:33:09.069+0000][3283.078s][info][gc,metaspace   ] GC(2062) Metaspace: 37483K(37824K)->37483K(37824K) NonClass: 33055K(33216K)->33055K(33216K) Class: 4427K(4608K)->4427K(4608K)
[2025-04-16T15:33:09.069+0000][3283.078s][info][gc             ] GC(2062) Pause Young (Allocation Failure) 23M->15M(31M) 1.469ms
[2025-04-16T15:33:09.069+0000][3283.078s][info][gc,cpu         ] GC(2062) User=0.00s Sys=0.00s Real=0.00s
[2025-04-16T15:33:10.690+0000][3284.699s][info][gc,start       ] GC(2063) Pause Young (Allocation Failure)
[2025-04-16T15:33:10.692+0000][3284.701s][info][gc,heap        ] GC(2063) DefNew: 9181K(10176K)->95K(10176K) Eden: 9088K(9088K)->0K(9088K) From: 93K(1088K)->95K(1088K)
[2025-04-16T15:33:10.692+0000][3284.701s][info][gc,heap        ] GC(2063) Tenured: 15296K(22484K)->15298K(22484K)
[2025-04-16T15:33:10.692+0000][3284.701s][info][gc,metaspace   ] GC(2063) Metaspace: 37483K(37824K)->37483K(37824K) NonClass: 33055K(33216K)->33055K(33216K) Class: 4427K(4608K)->4427K(4608K)
[2025-04-16T15:33:10.692+0000][3284.701s][info][gc             ] GC(2063) Pause Young (Allocation Failure) 23M->15M(31M) 1.302ms
[2025-04-16T15:33:10.692+0000][3284.701s][info][gc,cpu         ] GC(2063) User=0.00s Sys=0.00s Real=0.00s
[2025-04-16T15:33:12.251+0000][3286.260s][info][gc,start       ] GC(2064) Pause Young (Allocation Failure)
[2025-04-16T15:33:12.252+0000][3286.262s][info][gc,heap        ] GC(2064) DefNew: 9183K(10176K)->91K(10176K) Eden: 9088K(9088K)->0K(9088K) From: 95K(1088K)->91K(1088K)
[2025-04-16T15:33:12.253+0000][3286.262s][info][gc,heap        ] GC(2064) Tenured: 15298K(22484K)->15298K(22484K)
[2025-04-16T15:33:12.253+0000][3286.262s][info][gc,metaspace   ] GC(2064) Metaspace: 37483K(37824K)->37483K(37824K) NonClass: 33055K(33216K)->33055K(33216K) Class: 4427K(4608K)->4427K(4608K)
[2025-04-16T15:33:12.253+0000][3286.262s][info][gc             ] GC(2064) Pause Young (Allocation Failure) 23M->15M(31M) 1.292ms
[2025-04-16T15:33:12.253+0000][3286.262s][info][gc,cpu         ] GC(2064) User=0.01s Sys=0.00s Real=0.00s
[2025-04-16T15:33:13.688+0000][3287.697s][info][gc,start       ] GC(2065) Pause Young (Allocation Failure)
[2025-04-16T15:33:13.689+0000][3287.698s][info][gc,heap        ] GC(2065) DefNew: 9179K(10176K)->84K(10176K) Eden: 9088K(9088K)->0K(9088K) From: 91K(1088K)->84K(1088K)
[2025-04-16T15:33:13.689+0000][3287.698s][info][gc,heap        ] GC(2065) Tenured: 15298K(22484K)->15298K(22484K)
[2025-04-16T15:33:13.689+0000][3287.698s][info][gc,metaspace   ] GC(2065) Metaspace: 37483K(37824K)->37483K(37824K) NonClass: 33055K(33216K)->33055K(33216K) Class: 4427K(4608K)->4427K(4608K)
[2025-04-16T15:33:13.689+0000][3287.698s][info][gc             ] GC(2065) Pause Young (Allocation Failure) 23M->15M(31M) 1.291ms
[2025-04-16T15:33:13.689+0000][3287.698s][info][gc,cpu         ] GC(2065) User=0.00s Sys=0.00s Real=0.00s
[2025-04-16T15:33:15.382+0000][3289.391s][info][gc,start       ] GC(2066) Pause Young (Allocation Failure)
[2025-04-16T15:33:15.383+0000][3289.392s][info][gc,heap        ] GC(2066) DefNew: 9172K(10176K)->85K(10176K) Eden: 9088K(9088K)->0K(9088K) From: 84K(1088K)->85K(1088K)
[2025-04-16T15:33:15.383+0000][3289.392s][info][gc,heap        ] GC(2066) Tenured: 15298K(22484K)->15300K(22484K)
[2025-04-16T15:33:15.383+0000][3289.392s][info][gc,metaspace   ] GC(2066) Metaspace: 37483K(37824K)->37483K(37824K) NonClass: 33055K(33216K)->33055K(33216K) Class: 4427K(4608K)->4427K(4608K)
[2025-04-16T15:33:15.383+0000][3289.392s][info][gc             ] GC(2066) Pause Young (Allocation Failure) 23M->15M(31M) 1.221ms
[2025-04-16T15:33:15.383+0000][3289.392s][info][gc,cpu         ] GC(2066) User=0.00s Sys=0.00s Real=0.00s
[2025-04-16T15:33:16.950+0000][3290.959s][info][gc,start       ] GC(2067) Pause Young (Allocation Failure)
[2025-04-16T15:33:16.951+0000][3290.960s][info][gc,heap        ] GC(2067) DefNew: 9173K(10176K)->83K(10176K) Eden: 9088K(9088K)->0K(9088K) From: 85K(1088K)->83K(1088K)
[2025-04-16T15:33:16.951+0000][3290.960s][info][gc,heap        ] GC(2067) Tenured: 15300K(22484K)->15301K(22484K)
[2025-04-16T15:33:16.951+0000][3290.960s][info][gc,metaspace   ] GC(2067) Metaspace: 37483K(37824K)->37483K(37824K) NonClass: 33055K(33216K)->33055K(33216K) Class: 4427K(4608K)->4427K(4608K)
[2025-04-16T15:33:16.951+0000][3290.960s][info][gc             ] GC(2067) Pause Young (Allocation Failure) 23M->15M(31M) 1.243ms
[2025-04-16T15:33:16.951+0000][3290.960s][info][gc,cpu         ] GC(2067) User=0.00s Sys=0.00s Real=0.00s
[2025-04-16T15:33:18.670+0000][3292.679s][info][gc,start       ] GC(2068) Pause Young (Allocation Failure)
[2025-04-16T15:33:18.671+0000][3292.680s][info][gc,heap        ] GC(2068) DefNew: 9171K(10176K)->85K(10176K) Eden: 9088K(9088K)->0K(9088K) From: 83K(1088K)->85K(1088K)
[2025-04-16T15:33:18.671+0000][3292.680s][info][gc,heap        ] GC(2068) Tenured: 15301K(22484K)->15301K(22484K)
[2025-04-16T15:33:18.671+0000][3292.680s][info][gc,metaspace   ] GC(2068) Metaspace: 37483K(37824K)->37483K(37824K) NonClass: 33055K(33216K)->33055K(33216K) Class: 4427K(4608K)->4427K(4608K)
[2025-04-16T15:33:18.671+0000][3292.680s][info][gc             ] GC(2068) Pause Young (Allocation Failure) 23M->15M(31M) 1.388ms
[2025-04-16T15:33:18.671+0000][3292.680s][info][gc,cpu         ] GC(2068) User=0.00s Sys=0.00s Real=0.00s
[2025-04-16T15:33:20.173+0000][3294.182s][info][gc,start       ] GC(2069) Pause Young (Allocation Failure)
[2025-04-16T15:33:20.174+0000][3294.183s][info][gc,heap        ] GC(2069) DefNew: 9173K(10176K)->101K(10176K) Eden: 9088K(9088K)->0K(9088K) From: 85K(1088K)->101K(1088K)
[2025-04-16T15:33:20.174+0000][3294.183s][info][gc,heap        ] GC(2069) Tenured: 15301K(22484K)->15301K(22484K)
[2025-04-16T15:33:20.174+0000][3294.183s][info][gc,metaspace   ] GC(2069) Metaspace: 37483K(37824K)->37483K(37824K) NonClass: 33055K(33216K)->33055K(33216K) Class: 4427K(4608K)->4427K(4608K)
[2025-04-16T15:33:20.174+0000][3294.183s][info][gc             ] GC(2069) Pause Young (Allocation Failure) 23M->15M(31M) 1.361ms
[2025-04-16T15:33:20.174+0000][3294.183s][info][gc,cpu         ] GC(2069) User=0.01s Sys=0.00s Real=0.00s
[2025-04-16T15:33:22.008+0000][3296.017s][info][gc,start       ] GC(2070) Pause Young (Allocation Failure)
[2025-04-16T15:33:22.009+0000][3296.018s][info][gc,heap        ] GC(2070) DefNew: 9189K(10176K)->85K(10176K) Eden: 9088K(9088K)->0K(9088K) From: 101K(1088K)->85K(1088K)
[2025-04-16T15:33:22.009+0000][3296.018s][info][gc,heap        ] GC(2070) Tenured: 15301K(22484K)->15302K(22484K)
[2025-04-16T15:33:22.009+0000][3296.018s][info][gc,metaspace   ] GC(2070) Metaspace: 37483K(37824K)->37483K(37824K) NonClass: 33055K(33216K)->33055K(33216K) Class: 4427K(4608K)->4427K(4608K)
[2025-04-16T15:33:22.009+0000][3296.018s][info][gc             ] GC(2070) Pause Young (Allocation Failure) 23M->15M(31M) 1.256ms
[2025-04-16T15:33:22.009+0000][3296.018s][info][gc,cpu         ] GC(2070) User=0.00s Sys=0.00s Real=0.00s
[2025-04-16T15:33:23.525+0000][3297.534s][info][gc,start       ] GC(2071) Pause Young (Allocation Failure)
[2025-04-16T15:33:23.526+0000][3297.535s][info][gc,heap        ] GC(2071) DefNew: 9173K(10176K)->88K(10176K) Eden: 9088K(9088K)->0K(9088K) From: 85K(1088K)->88K(1088K)
[2025-04-16T15:33:23.526+0000][3297.535s][info][gc,heap        ] GC(2071) Tenured: 15302K(22484K)->15303K(22484K)
[2025-04-16T15:33:23.526+0000][3297.535s][info][gc,metaspace   ] GC(2071) Metaspace: 37483K(37824K)->37483K(37824K) NonClass: 33055K(33216K)->33055K(33216K) Class: 4427K(4608K)->4427K(4608K)
[2025-04-16T15:33:23.526+0000][3297.535s][info][gc             ] GC(2071) Pause Young (Allocation Failure) 23M->15M(31M) 1.317ms
[2025-04-16T15:33:23.526+0000][3297.535s][info][gc,cpu         ] GC(2071) User=0.00s Sys=0.00s Real=0.00s
[2025-04-16T15:33:25.154+0000][3299.163s][info][gc,start       ] GC(2072) Pause Young (Allocation Failure)
[2025-04-16T15:33:25.155+0000][3299.164s][info][gc,heap        ] GC(2072) DefNew: 9176K(10176K)->98K(10176K) Eden: 9088K(9088K)->0K(9088K) From: 88K(1088K)->98K(1088K)
[2025-04-16T15:33:25.155+0000][3299.164s][info][gc,heap        ] GC(2072) Tenured: 15303K(22484K)->15303K(22484K)
[2025-04-16T15:33:25.155+0000][3299.164s][info][gc,metaspace   ] GC(2072) Metaspace: 37483K(37824K)->37483K(37824K) NonClass: 33055K(33216K)->33055K(33216K) Class: 4427K(4608K)->4427K(4608K)
[2025-04-16T15:33:25.155+0000][3299.164s][info][gc             ] GC(2072) Pause Young (Allocation Failure) 23M->15M(31M) 1.250ms
[2025-04-16T15:33:25.155+0000][3299.164s][info][gc,cpu         ] GC(2072) User=0.00s Sys=0.00s Real=0.00s
[2025-04-16T15:33:26.906+0000][3300.915s][info][gc,start       ] GC(2073) Pause Young (Allocation Failure)
[2025-04-16T15:33:26.907+0000][3300.916s][info][gc,heap        ] GC(2073) DefNew: 9186K(10176K)->100K(10176K) Eden: 9087K(9088K)->0K(9088K) From: 98K(1088K)->100K(1088K)
[2025-04-16T15:33:26.907+0000][3300.916s][info][gc,heap        ] GC(2073) Tenured: 15303K(22484K)->15305K(22484K)
[2025-04-16T15:33:26.907+0000][3300.916s][info][gc,metaspace   ] GC(2073) Metaspace: 37483K(37824K)->37483K(37824K) NonClass: 33055K(33216K)->33055K(33216K) Class: 4427K(4608K)->4427K(4608K)
[2025-04-16T15:33:26.907+0000][3300.916s][info][gc             ] GC(2073) Pause Young (Allocation Failure) 23M->15M(31M) 1.325ms
[2025-04-16T15:33:26.907+0000][3300.916s][info][gc,cpu         ] GC(2073) User=0.00s Sys=0.00s Real=0.00s
[2025-04-16T15:33:28.317+0000][3302.326s][info][gc,start       ] GC(2074) Pause Young (Allocation Failure)
[2025-04-16T15:33:28.319+0000][3302.328s][info][gc,heap        ] GC(2074) DefNew: 9188K(10176K)->84K(10176K) Eden: 9088K(9088K)->0K(9088K) From: 100K(1088K)->84K(1088K)
[2025-04-16T15:33:28.319+0000][3302.328s][info][gc,heap        ] GC(2074) Tenured: 15305K(22484K)->15305K(22484K)
[2025-04-16T15:33:28.319+0000][3302.328s][info][gc,metaspace   ] GC(2074) Metaspace: 37483K(37824K)->37483K(37824K) NonClass: 33055K(33216K)->33055K(33216K) Class: 4427K(4608K)->4427K(4608K)
[2025-04-16T15:33:28.319+0000][3302.328s][info][gc             ] GC(2074) Pause Young (Allocation Failure) 23M->15M(31M) 1.331ms
[2025-04-16T15:33:28.319+0000][3302.328s][info][gc,cpu         ] GC(2074) User=0.00s Sys=0.00s Real=0.00s
[2025-04-16T15:33:30.126+0000][3304.135s][info][gc,start       ] GC(2075) Pause Young (Allocation Failure)
[2025-04-16T15:33:30.127+0000][3304.136s][info][gc,heap        ] GC(2075) DefNew: 9172K(10176K)->105K(10176K) Eden: 9087K(9088K)->0K(9088K) From: 84K(1088K)->105K(1088K)
[2025-04-16T15:33:30.127+0000][3304.136s][info][gc,heap        ] GC(2075) Tenured: 15305K(22484K)->15305K(22484K)
[2025-04-16T15:33:30.127+0000][3304.136s][info][gc,metaspace   ] GC(2075) Metaspace: 37483K(37824K)->37483K(37824K) NonClass: 33055K(33216K)->33055K(33216K) Class: 4427K(4608K)->4427K(4608K)
[2025-04-16T15:33:30.127+0000][3304.136s][info][gc             ] GC(2075) Pause Young (Allocation Failure) 23M->15M(31M) 1.301ms
[2025-04-16T15:33:30.127+0000][3304.136s][info][gc,cpu         ] GC(2075) User=0.00s Sys=0.00s Real=0.00s
[2025-04-16T15:33:31.698+0000][3305.707s][info][gc,start       ] GC(2076) Pause Young (Allocation Failure)
[2025-04-16T15:33:31.699+0000][3305.708s][info][gc,heap        ] GC(2076) DefNew: 9193K(10176K)->88K(10176K) Eden: 9087K(9088K)->0K(9088K) From: 105K(1088K)->88K(1088K)
[2025-04-16T15:33:31.699+0000][3305.708s][info][gc,heap        ] GC(2076) Tenured: 15305K(22484K)->15305K(22484K)
[2025-04-16T15:33:31.699+0000][3305.708s][info][gc,metaspace   ] GC(2076) Metaspace: 37483K(37824K)->37483K(37824K) NonClass: 33055K(33216K)->33055K(33216K) Class: 4427K(4608K)->4427K(4608K)
[2025-04-16T15:33:31.699+0000][3305.708s][info][gc             ] GC(2076) Pause Young (Allocation Failure) 23M->15M(31M) 1.341ms
[2025-04-16T15:33:31.699+0000][3305.708s][info][gc,cpu         ] GC(2076) User=0.00s Sys=0.00s Real=0.00s
[2025-04-16T15:33:33.378+0000][3307.387s][info][gc,start       ] GC(2077) Pause Young (Allocation Failure)
[2025-04-16T15:33:33.379+0000][3307.388s][info][gc,heap        ] GC(2077) DefNew: 9176K(10176K)->83K(10176K) Eden: 9088K(9088K)->0K(9088K) From: 88K(1088K)->83K(1088K)
[2025-04-16T15:33:33.379+0000][3307.388s][info][gc,heap        ] GC(2077) Tenured: 15305K(22484K)->15306K(22484K)
[2025-04-16T15:33:33.379+0000][3307.388s][info][gc,metaspace   ] GC(2077) Metaspace: 37483K(37824K)->37483K(37824K) NonClass: 33055K(33216K)->33055K(33216K) Class: 4427K(4608K)->4427K(4608K)
[2025-04-16T15:33:33.379+0000][3307.388s][info][gc             ] GC(2077) Pause Young (Allocation Failure) 23M->15M(31M) 1.215ms
[2025-04-16T15:33:33.379+0000][3307.388s][info][gc,cpu         ] GC(2077) User=0.00s Sys=0.00s Real=0.00s
[2025-04-16T15:33:34.796+0000][3308.805s][info][gc,start       ] GC(2078) Pause Young (Allocation Failure)
[2025-04-16T15:33:34.797+0000][3308.806s][info][gc,heap        ] GC(2078) DefNew: 9171K(10176K)->103K(10176K) Eden: 9088K(9088K)->0K(9088K) From: 83K(1088K)->103K(1088K)
[2025-04-16T15:33:34.797+0000][3308.806s][info][gc,heap        ] GC(2078) Tenured: 15306K(22484K)->15306K(22484K)
[2025-04-16T15:33:34.797+0000][3308.806s][info][gc,metaspace   ] GC(2078) Metaspace: 37483K(37824K)->37483K(37824K) NonClass: 33055K(33216K)->33055K(33216K) Class: 4427K(4608K)->4427K(4608K)
[2025-04-16T15:33:34.797+0000][3308.806s][info][gc             ] GC(2078) Pause Young (Allocation Failure) 23M->15M(31M) 1.189ms
[2025-04-16T15:33:34.797+0000][3308.806s][info][gc,cpu         ] GC(2078) User=0.00s Sys=0.00s Real=0.00s
[2025-04-16T15:33:36.398+0000][3310.407s][info][gc,start       ] GC(2079) Pause Young (Allocation Failure)
[2025-04-16T15:33:36.399+0000][3310.408s][info][gc,heap        ] GC(2079) DefNew: 9191K(10176K)->88K(10176K) Eden: 9088K(9088K)->0K(9088K) From: 103K(1088K)->88K(1088K)
[2025-04-16T15:33:36.399+0000][3310.408s][info][gc,heap        ] GC(2079) Tenured: 15306K(22484K)->15310K(22484K)
[2025-04-16T15:33:36.399+0000][3310.408s][info][gc,metaspace   ] GC(2079) Metaspace: 37483K(37824K)->37483K(37824K) NonClass: 33055K(33216K)->33055K(33216K) Class: 4427K(4608K)->4427K(4608K)
[2025-04-16T15:33:36.399+0000][3310.408s][info][gc             ] GC(2079) Pause Young (Allocation Failure) 23M->15M(31M) 1.442ms
[2025-04-16T15:33:36.399+0000][3310.408s][info][gc,cpu         ] GC(2079) User=0.00s Sys=0.00s Real=0.00s
[2025-04-16T15:33:38.016+0000][3312.025s][info][gc,start       ] GC(2080) Pause Young (Allocation Failure)
[2025-04-16T15:33:38.017+0000][3312.027s][info][gc,heap        ] GC(2080) DefNew: 9176K(10176K)->84K(10176K) Eden: 9088K(9088K)->0K(9088K) From: 88K(1088K)->84K(1088K)
[2025-04-16T15:33:38.017+0000][3312.027s][info][gc,heap        ] GC(2080) Tenured: 15310K(22484K)->15312K(22484K)
[2025-04-16T15:33:38.018+0000][3312.027s][info][gc,metaspace   ] GC(2080) Metaspace: 37483K(37824K)->37483K(37824K) NonClass: 33055K(33216K)->33055K(33216K) Class: 4427K(4608K)->4427K(4608K)
[2025-04-16T15:33:38.018+0000][3312.027s][info][gc             ] GC(2080) Pause Young (Allocation Failure) 23M->15M(31M) 1.307ms
[2025-04-16T15:33:38.018+0000][3312.027s][info][gc,cpu         ] GC(2080) User=0.00s Sys=0.00s Real=0.00s
[2025-04-16T15:33:39.432+0000][3313.441s][info][gc,start       ] GC(2081) Pause Young (Allocation Failure)
[2025-04-16T15:33:39.433+0000][3313.442s][info][gc,heap        ] GC(2081) DefNew: 9172K(10176K)->82K(10176K) Eden: 9088K(9088K)->0K(9088K) From: 84K(1088K)->82K(1088K)
[2025-04-16T15:33:39.433+0000][3313.442s][info][gc,heap        ] GC(2081) Tenured: 15312K(22484K)->15312K(22484K)
[2025-04-16T15:33:39.433+0000][3313.442s][info][gc,metaspace   ] GC(2081) Metaspace: 37483K(37824K)->37483K(37824K) NonClass: 33055K(33216K)->33055K(33216K) Class: 4427K(4608K)->4427K(4608K)
[2025-04-16T15:33:39.433+0000][3313.442s][info][gc             ] GC(2081) Pause Young (Allocation Failure) 23M->15M(31M) 1.274ms
[2025-04-16T15:33:39.433+0000][3313.442s][info][gc,cpu         ] GC(2081) User=0.01s Sys=0.00s Real=0.00s
[2025-04-16T15:33:41.153+0000][3315.162s][info][gc,start       ] GC(2082) Pause Young (Allocation Failure)
[2025-04-16T15:33:41.155+0000][3315.164s][info][gc,heap        ] GC(2082) DefNew: 9170K(10176K)->102K(10176K) Eden: 9087K(9088K)->0K(9088K) From: 82K(1088K)->102K(1088K)
[2025-04-16T15:33:41.155+0000][3315.164s][info][gc,heap        ] GC(2082) Tenured: 15312K(22484K)->15312K(22484K)
[2025-04-16T15:33:41.155+0000][3315.164s][info][gc,metaspace   ] GC(2082) Metaspace: 37483K(37824K)->37483K(37824K) NonClass: 33055K(33216K)->33055K(33216K) Class: 4427K(4608K)->4427K(4608K)
[2025-04-16T15:33:41.155+0000][3315.164s][info][gc             ] GC(2082) Pause Young (Allocation Failure) 23M->15M(31M) 1.362ms
[2025-04-16T15:33:41.155+0000][3315.164s][info][gc,cpu         ] GC(2082) User=0.01s Sys=0.00s Real=0.01s
[2025-04-16T15:33:42.711+0000][3316.720s][info][gc,start       ] GC(2083) Pause Young (Allocation Failure)
[2025-04-16T15:33:42.713+0000][3316.722s][info][gc,heap        ] GC(2083) DefNew: 9190K(10176K)->101K(10176K) Eden: 9088K(9088K)->0K(9088K) From: 102K(1088K)->101K(1088K)
[2025-04-16T15:33:42.713+0000][3316.722s][info][gc,heap        ] GC(2083) Tenured: 15312K(22484K)->15312K(22484K)
[2025-04-16T15:33:42.713+0000][3316.722s][info][gc,metaspace   ] GC(2083) Metaspace: 37483K(37824K)->37483K(37824K) NonClass: 33055K(33216K)->33055K(33216K) Class: 4427K(4608K)->4427K(4608K)
[2025-04-16T15:33:42.713+0000][3316.722s][info][gc             ] GC(2083) Pause Young (Allocation Failure) 23M->15M(31M) 1.318ms
[2025-04-16T15:33:42.713+0000][3316.722s][info][gc,cpu         ] GC(2083) User=0.01s Sys=0.00s Real=0.00s
[2025-04-16T15:33:44.229+0000][3318.238s][info][gc,start       ] GC(2084) Pause Young (Allocation Failure)
[2025-04-16T15:33:44.231+0000][3318.240s][info][gc,heap        ] GC(2084) DefNew: 9189K(10176K)->83K(10176K) Eden: 9088K(9088K)->0K(9088K) From: 101K(1088K)->83K(1088K)
[2025-04-16T15:33:44.231+0000][3318.240s][info][gc,heap        ] GC(2084) Tenured: 15312K(22484K)->15315K(22484K)
[2025-04-16T15:33:44.231+0000][3318.240s][info][gc,metaspace   ] GC(2084) Metaspace: 37483K(37824K)->37483K(37824K) NonClass: 33055K(33216K)->33055K(33216K) Class: 4427K(4608K)->4427K(4608K)
[2025-04-16T15:33:44.231+0000][3318.240s][info][gc             ] GC(2084) Pause Young (Allocation Failure) 23M->15M(31M) 1.350ms
[2025-04-16T15:33:44.231+0000][3318.240s][info][gc,cpu         ] GC(2084) User=0.00s Sys=0.00s Real=0.00s
[2025-04-16T15:33:45.824+0000][3319.833s][info][gc,start       ] GC(2085) Pause Young (Allocation Failure)
[2025-04-16T15:33:45.825+0000][3319.834s][info][gc,heap        ] GC(2085) DefNew: 9157K(10176K)->85K(10176K) Eden: 9073K(9088K)->0K(9088K) From: 83K(1088K)->85K(1088K)
[2025-04-16T15:33:45.825+0000][3319.834s][info][gc,heap        ] GC(2085) Tenured: 15315K(22484K)->15316K(22484K)
[2025-04-16T15:33:45.825+0000][3319.834s][info][gc,metaspace   ] GC(2085) Metaspace: 37483K(37824K)->37483K(37824K) NonClass: 33055K(33216K)->33055K(33216K) Class: 4427K(4608K)->4427K(4608K)
[2025-04-16T15:33:45.825+0000][3319.835s][info][gc             ] GC(2085) Pause Young (Allocation Failure) 23M->15M(31M) 1.365ms
[2025-04-16T15:33:45.825+0000][3319.835s][info][gc,cpu         ] GC(2085) User=0.00s Sys=0.00s Real=0.00s
[2025-04-16T15:33:47.316+0000][3321.325s][info][gc,start       ] GC(2086) Pause Young (Allocation Failure)
[2025-04-16T15:33:47.317+0000][3321.327s][info][gc,heap        ] GC(2086) DefNew: 9173K(10176K)->83K(10176K) Eden: 9088K(9088K)->0K(9088K) From: 85K(1088K)->83K(1088K)
[2025-04-16T15:33:47.318+0000][3321.327s][info][gc,heap        ] GC(2086) Tenured: 15316K(22484K)->15317K(22484K)
[2025-04-16T15:33:47.318+0000][3321.327s][info][gc,metaspace   ] GC(2086) Metaspace: 37483K(37824K)->37483K(37824K) NonClass: 33055K(33216K)->33055K(33216K) Class: 4427K(4608K)->4427K(4608K)
[2025-04-16T15:33:47.318+0000][3321.327s][info][gc             ] GC(2086) Pause Young (Allocation Failure) 23M->15M(31M) 1.199ms
[2025-04-16T15:33:47.318+0000][3321.327s][info][gc,cpu         ] GC(2086) User=0.00s Sys=0.00s Real=0.00s
[2025-04-16T15:33:48.956+0000][3322.965s][info][gc,start       ] GC(2087) Pause Young (Allocation Failure)
[2025-04-16T15:33:48.957+0000][3322.966s][info][gc,heap        ] GC(2087) DefNew: 9171K(10176K)->94K(10176K) Eden: 9087K(9088K)->0K(9088K) From: 83K(1088K)->94K(1088K)
[2025-04-16T15:33:48.957+0000][3322.966s][info][gc,heap        ] GC(2087) Tenured: 15317K(22484K)->15317K(22484K)
[2025-04-16T15:33:48.957+0000][3322.966s][info][gc,metaspace   ] GC(2087) Metaspace: 37483K(37824K)->37483K(37824K) NonClass: 33055K(33216K)->33055K(33216K) Class: 4427K(4608K)->4427K(4608K)
[2025-04-16T15:33:48.957+0000][3322.967s][info][gc             ] GC(2087) Pause Young (Allocation Failure) 23M->15M(31M) 1.406ms
[2025-04-16T15:33:48.958+0000][3322.967s][info][gc,cpu         ] GC(2087) User=0.00s Sys=0.00s Real=0.00s
[2025-04-16T15:33:50.624+0000][3324.633s][info][gc,start       ] GC(2088) Pause Young (Allocation Failure)
[2025-04-16T15:33:50.625+0000][3324.634s][info][gc,heap        ] GC(2088) DefNew: 9182K(10176K)->103K(10176K) Eden: 9088K(9088K)->0K(9088K) From: 94K(1088K)->103K(1088K)
[2025-04-16T15:33:50.625+0000][3324.634s][info][gc,heap        ] GC(2088) Tenured: 15317K(22484K)->15317K(22484K)
[2025-04-16T15:33:50.625+0000][3324.634s][info][gc,metaspace   ] GC(2088) Metaspace: 37483K(37824K)->37483K(37824K) NonClass: 33055K(33216K)->33055K(33216K) Class: 4427K(4608K)->4427K(4608K)
[2025-04-16T15:33:50.625+0000][3324.634s][info][gc             ] GC(2088) Pause Young (Allocation Failure) 23M->15M(31M) 1.395ms
[2025-04-16T15:33:50.625+0000][3324.634s][info][gc,cpu         ] GC(2088) User=0.00s Sys=0.00s Real=0.01s
[2025-04-16T15:33:52.330+0000][3326.339s][info][gc,start       ] GC(2089) Pause Young (Allocation Failure)
[2025-04-16T15:33:52.331+0000][3326.340s][info][gc,heap        ] GC(2089) DefNew: 9191K(10176K)->100K(10176K) Eden: 9087K(9088K)->0K(9088K) From: 103K(1088K)->100K(1088K)
[2025-04-16T15:33:52.331+0000][3326.340s][info][gc,heap        ] GC(2089) Tenured: 15317K(22484K)->15319K(22484K)
[2025-04-16T15:33:52.331+0000][3326.340s][info][gc,metaspace   ] GC(2089) Metaspace: 37483K(37824K)->37483K(37824K) NonClass: 33055K(33216K)->33055K(33216K) Class: 4427K(4608K)->4427K(4608K)
[2025-04-16T15:33:52.331+0000][3326.340s][info][gc             ] GC(2089) Pause Young (Allocation Failure) 23M->15M(31M) 1.518ms
[2025-04-16T15:33:52.331+0000][3326.340s][info][gc,cpu         ] GC(2089) User=0.01s Sys=0.00s Real=0.00s
[2025-04-16T15:33:53.905+0000][3327.914s][info][gc,start       ] GC(2090) Pause Young (Allocation Failure)
[2025-04-16T15:33:53.906+0000][3327.915s][info][gc,heap        ] GC(2090) DefNew: 9188K(10176K)->85K(10176K) Eden: 9088K(9088K)->0K(9088K) From: 100K(1088K)->85K(1088K)
[2025-04-16T15:33:53.906+0000][3327.915s][info][gc,heap        ] GC(2090) Tenured: 15319K(22484K)->15319K(22484K)
[2025-04-16T15:33:53.906+0000][3327.915s][info][gc,metaspace   ] GC(2090) Metaspace: 37483K(37824K)->37483K(37824K) NonClass: 33055K(33216K)->33055K(33216K) Class: 4427K(4608K)->4427K(4608K)
[2025-04-16T15:33:53.906+0000][3327.915s][info][gc             ] GC(2090) Pause Young (Allocation Failure) 23M->15M(31M) 1.289ms
[2025-04-16T15:33:53.906+0000][3327.915s][info][gc,cpu         ] GC(2090) User=0.00s Sys=0.00s Real=0.00s
[2025-04-16T15:33:55.752+0000][3329.761s][info][gc,start       ] GC(2091) Pause Young (Allocation Failure)
[2025-04-16T15:33:55.753+0000][3329.762s][info][gc,heap        ] GC(2091) DefNew: 9173K(10176K)->81K(10176K) Eden: 9088K(9088K)->0K(9088K) From: 85K(1088K)->81K(1088K)
[2025-04-16T15:33:55.753+0000][3329.762s][info][gc,heap        ] GC(2091) Tenured: 15319K(22484K)->15321K(22484K)
[2025-04-16T15:33:55.753+0000][3329.762s][info][gc,metaspace   ] GC(2091) Metaspace: 37483K(37824K)->37483K(37824K) NonClass: 33055K(33216K)->33055K(33216K) Class: 4427K(4608K)->4427K(4608K)
[2025-04-16T15:33:55.753+0000][3329.762s][info][gc             ] GC(2091) Pause Young (Allocation Failure) 23M->15M(31M) 1.378ms
[2025-04-16T15:33:55.753+0000][3329.762s][info][gc,cpu         ] GC(2091) User=0.00s Sys=0.00s Real=0.00s
[2025-04-16T15:33:57.384+0000][3331.393s][info][gc,start       ] GC(2092) Pause Young (Allocation Failure)
[2025-04-16T15:33:57.385+0000][3331.394s][info][gc,heap        ] GC(2092) DefNew: 9169K(10176K)->82K(10176K) Eden: 9088K(9088K)->0K(9088K) From: 81K(1088K)->82K(1088K)
[2025-04-16T15:33:57.385+0000][3331.394s][info][gc,heap        ] GC(2092) Tenured: 15321K(22484K)->15321K(22484K)
[2025-04-16T15:33:57.385+0000][3331.394s][info][gc,metaspace   ] GC(2092) Metaspace: 37483K(37824K)->37483K(37824K) NonClass: 33055K(33216K)->33055K(33216K) Class: 4427K(4608K)->4427K(4608K)
[2025-04-16T15:33:57.385+0000][3331.394s][info][gc             ] GC(2092) Pause Young (Allocation Failure) 23M->15M(31M) 1.315ms
[2025-04-16T15:33:57.385+0000][3331.394s][info][gc,cpu         ] GC(2092) User=0.00s Sys=0.00s Real=0.01s
[2025-04-16T15:33:58.681+0000][3332.690s][info][gc,start       ] GC(2093) Pause Young (Allocation Failure)
[2025-04-16T15:33:58.682+0000][3332.691s][info][gc,heap        ] GC(2093) DefNew: 9170K(10176K)->106K(10176K) Eden: 9088K(9088K)->0K(9088K) From: 82K(1088K)->106K(1088K)
[2025-04-16T15:33:58.682+0000][3332.691s][info][gc,heap        ] GC(2093) Tenured: 15321K(22484K)->15321K(22484K)
[2025-04-16T15:33:58.682+0000][3332.691s][info][gc,metaspace   ] GC(2093) Metaspace: 37483K(37824K)->37483K(37824K) NonClass: 33055K(33216K)->33055K(33216K) Class: 4427K(4608K)->4427K(4608K)
[2025-04-16T15:33:58.682+0000][3332.691s][info][gc             ] GC(2093) Pause Young (Allocation Failure) 23M->15M(31M) 1.371ms
[2025-04-16T15:33:58.682+0000][3332.691s][info][gc,cpu         ] GC(2093) User=0.00s Sys=0.00s Real=0.00s
[2025-04-16T15:34:00.542+0000][3334.551s][info][gc,start       ] GC(2094) Pause Young (Allocation Failure)
[2025-04-16T15:34:00.543+0000][3334.552s][info][gc,heap        ] GC(2094) DefNew: 9194K(10176K)->99K(10176K) Eden: 9088K(9088K)->0K(9088K) From: 106K(1088K)->99K(1088K)
[2025-04-16T15:34:00.543+0000][3334.552s][info][gc,heap        ] GC(2094) Tenured: 15321K(22484K)->15321K(22484K)
[2025-04-16T15:34:00.543+0000][3334.552s][info][gc,metaspace   ] GC(2094) Metaspace: 37483K(37824K)->37483K(37824K) NonClass: 33055K(33216K)->33055K(33216K) Class: 4427K(4608K)->4427K(4608K)
[2025-04-16T15:34:00.543+0000][3334.552s][info][gc             ] GC(2094) Pause Young (Allocation Failure) 23M->15M(31M) 1.329ms
[2025-04-16T15:34:00.543+0000][3334.552s][info][gc,cpu         ] GC(2094) User=0.00s Sys=0.00s Real=0.00s
[2025-04-16T15:34:02.327+0000][3336.336s][info][gc,start       ] GC(2095) Pause Young (Allocation Failure)
[2025-04-16T15:34:02.328+0000][3336.338s][info][gc,heap        ] GC(2095) DefNew: 9187K(10176K)->89K(10176K) Eden: 9087K(9088K)->0K(9088K) From: 99K(1088K)->89K(1088K)
[2025-04-16T15:34:02.329+0000][3336.338s][info][gc,heap        ] GC(2095) Tenured: 15321K(22484K)->15323K(22484K)
[2025-04-16T15:34:02.329+0000][3336.338s][info][gc,metaspace   ] GC(2095) Metaspace: 37483K(37824K)->37483K(37824K) NonClass: 33055K(33216K)->33055K(33216K) Class: 4427K(4608K)->4427K(4608K)
[2025-04-16T15:34:02.329+0000][3336.338s][info][gc             ] GC(2095) Pause Young (Allocation Failure) 23M->15M(31M) 1.168ms
[2025-04-16T15:34:02.329+0000][3336.338s][info][gc,cpu         ] GC(2095) User=0.00s Sys=0.00s Real=0.00s
[2025-04-16T15:34:03.754+0000][3337.763s][info][gc,start       ] GC(2096) Pause Young (Allocation Failure)
[2025-04-16T15:34:03.756+0000][3337.765s][info][gc,heap        ] GC(2096) DefNew: 9177K(10176K)->79K(10176K) Eden: 9088K(9088K)->0K(9088K) From: 89K(1088K)->79K(1088K)
[2025-04-16T15:34:03.756+0000][3337.765s][info][gc,heap        ] GC(2096) Tenured: 15323K(22484K)->15325K(22484K)
[2025-04-16T15:34:03.756+0000][3337.765s][info][gc,metaspace   ] GC(2096) Metaspace: 37483K(37824K)->37483K(37824K) NonClass: 33055K(33216K)->33055K(33216K) Class: 4427K(4608K)->4427K(4608K)
[2025-04-16T15:34:03.756+0000][3337.765s][info][gc             ] GC(2096) Pause Young (Allocation Failure) 23M->15M(31M) 1.309ms
[2025-04-16T15:34:03.756+0000][3337.765s][info][gc,cpu         ] GC(2096) User=0.01s Sys=0.00s Real=0.00s
[2025-04-16T15:34:05.388+0000][3339.397s][info][gc,start       ] GC(2097) Pause Young (Allocation Failure)
[2025-04-16T15:34:05.389+0000][3339.398s][info][gc,heap        ] GC(2097) DefNew: 9167K(10176K)->81K(10176K) Eden: 9088K(9088K)->0K(9088K) From: 79K(1088K)->81K(1088K)
[2025-04-16T15:34:05.390+0000][3339.399s][info][gc,heap        ] GC(2097) Tenured: 15325K(22484K)->15325K(22484K)
[2025-04-16T15:34:05.390+0000][3339.399s][info][gc,metaspace   ] GC(2097) Metaspace: 37483K(37824K)->37483K(37824K) NonClass: 33055K(33216K)->33055K(33216K) Class: 4427K(4608K)->4427K(4608K)
[2025-04-16T15:34:05.390+0000][3339.399s][info][gc             ] GC(2097) Pause Young (Allocation Failure) 23M->15M(31M) 1.315ms
[2025-04-16T15:34:05.390+0000][3339.399s][info][gc,cpu         ] GC(2097) User=0.00s Sys=0.00s Real=0.00s
[2025-04-16T15:34:07.008+0000][3341.017s][info][gc,start       ] GC(2098) Pause Young (Allocation Failure)
[2025-04-16T15:34:07.010+0000][3341.019s][info][gc,heap        ] GC(2098) DefNew: 9169K(10176K)->85K(10176K) Eden: 9088K(9088K)->0K(9088K) From: 81K(1088K)->85K(1088K)
[2025-04-16T15:34:07.010+0000][3341.019s][info][gc,heap        ] GC(2098) Tenured: 15325K(22484K)->15325K(22484K)
[2025-04-16T15:34:07.010+0000][3341.019s][info][gc,metaspace   ] GC(2098) Metaspace: 37483K(37824K)->37483K(37824K) NonClass: 33055K(33216K)->33055K(33216K) Class: 4427K(4608K)->4427K(4608K)
[2025-04-16T15:34:07.010+0000][3341.019s][info][gc             ] GC(2098) Pause Young (Allocation Failure) 23M->15M(31M) 1.315ms
[2025-04-16T15:34:07.010+0000][3341.019s][info][gc,cpu         ] GC(2098) User=0.00s Sys=0.00s Real=0.00s
[2025-04-16T15:34:08.719+0000][3342.728s][info][gc,start       ] GC(2099) Pause Young (Allocation Failure)
[2025-04-16T15:34:08.721+0000][3342.730s][info][gc,heap        ] GC(2099) DefNew: 9173K(10176K)->98K(10176K) Eden: 9088K(9088K)->0K(9088K) From: 85K(1088K)->98K(1088K)
[2025-04-16T15:34:08.721+0000][3342.730s][info][gc,heap        ] GC(2099) Tenured: 15325K(22484K)->15326K(22484K)
[2025-04-16T15:34:08.721+0000][3342.730s][info][gc,metaspace   ] GC(2099) Metaspace: 37483K(37824K)->37483K(37824K) NonClass: 33055K(33216K)->33055K(33216K) Class: 4427K(4608K)->4427K(4608K)
[2025-04-16T15:34:08.721+0000][3342.730s][info][gc             ] GC(2099) Pause Young (Allocation Failure) 23M->15M(31M) 1.345ms
[2025-04-16T15:34:08.721+0000][3342.730s][info][gc,cpu         ] GC(2099) User=0.01s Sys=0.00s Real=0.00s
[2025-04-16T15:34:10.417+0000][3344.426s][info][gc,start       ] GC(2100) Pause Young (Allocation Failure)
[2025-04-16T15:34:10.419+0000][3344.428s][info][gc,heap        ] GC(2100) DefNew: 9186K(10176K)->96K(10176K) Eden: 9088K(9088K)->0K(9088K) From: 98K(1088K)->96K(1088K)
[2025-04-16T15:34:10.419+0000][3344.428s][info][gc,heap        ] GC(2100) Tenured: 15326K(22484K)->15326K(22484K)
[2025-04-16T15:34:10.419+0000][3344.428s][info][gc,metaspace   ] GC(2100) Metaspace: 37483K(37824K)->37483K(37824K) NonClass: 33055K(33216K)->33055K(33216K) Class: 4427K(4608K)->4427K(4608K)
[2025-04-16T15:34:10.419+0000][3344.428s][info][gc             ] GC(2100) Pause Young (Allocation Failure) 23M->15M(31M) 1.350ms
[2025-04-16T15:34:10.419+0000][3344.428s][info][gc,cpu         ] GC(2100) User=0.00s Sys=0.00s Real=0.00s
[2025-04-16T15:34:11.706+0000][3345.715s][info][gc,start       ] GC(2101) Pause Young (Allocation Failure)
[2025-04-16T15:34:11.707+0000][3345.716s][info][gc,heap        ] GC(2101) DefNew: 9184K(10176K)->77K(10176K) Eden: 9088K(9088K)->0K(9088K) From: 96K(1088K)->77K(1088K)
[2025-04-16T15:34:11.707+0000][3345.716s][info][gc,heap        ] GC(2101) Tenured: 15326K(22484K)->15328K(22484K)
[2025-04-16T15:34:11.707+0000][3345.716s][info][gc,metaspace   ] GC(2101) Metaspace: 37483K(37824K)->37483K(37824K) NonClass: 33055K(33216K)->33055K(33216K) Class: 4427K(4608K)->4427K(4608K)
[2025-04-16T15:34:11.707+0000][3345.716s][info][gc             ] GC(2101) Pause Young (Allocation Failure) 23M->15M(31M) 1.215ms
[2025-04-16T15:34:11.707+0000][3345.716s][info][gc,cpu         ] GC(2101) User=0.00s Sys=0.00s Real=0.00s
[2025-04-16T15:34:13.144+0000][3347.153s][info][gc,start       ] GC(2102) Pause Young (Allocation Failure)
[2025-04-16T15:34:13.145+0000][3347.154s][info][gc,heap        ] GC(2102) DefNew: 9165K(10176K)->78K(10176K) Eden: 9088K(9088K)->0K(9088K) From: 77K(1088K)->78K(1088K)
[2025-04-16T15:34:13.145+0000][3347.154s][info][gc,heap        ] GC(2102) Tenured: 15328K(22484K)->15328K(22484K)
[2025-04-16T15:34:13.145+0000][3347.154s][info][gc,metaspace   ] GC(2102) Metaspace: 37483K(37824K)->37483K(37824K) NonClass: 33055K(33216K)->33055K(33216K) Class: 4427K(4608K)->4427K(4608K)
[2025-04-16T15:34:13.145+0000][3347.154s][info][gc             ] GC(2102) Pause Young (Allocation Failure) 23M->15M(31M) 1.256ms
[2025-04-16T15:34:13.145+0000][3347.154s][info][gc,cpu         ] GC(2102) User=0.00s Sys=0.00s Real=0.01s
[2025-04-16T15:34:14.970+0000][3348.979s][info][gc,start       ] GC(2103) Pause Young (Allocation Failure)
[2025-04-16T15:34:14.971+0000][3348.980s][info][gc,heap        ] GC(2103) DefNew: 9166K(10176K)->80K(10176K) Eden: 9088K(9088K)->0K(9088K) From: 78K(1088K)->80K(1088K)
[2025-04-16T15:34:14.971+0000][3348.980s][info][gc,heap        ] GC(2103) Tenured: 15328K(22484K)->15329K(22484K)
[2025-04-16T15:34:14.971+0000][3348.980s][info][gc,metaspace   ] GC(2103) Metaspace: 37483K(37824K)->37483K(37824K) NonClass: 33055K(33216K)->33055K(33216K) Class: 4427K(4608K)->4427K(4608K)
[2025-04-16T15:34:14.971+0000][3348.980s][info][gc             ] GC(2103) Pause Young (Allocation Failure) 23M->15M(31M) 1.278ms
[2025-04-16T15:34:14.971+0000][3348.980s][info][gc,cpu         ] GC(2103) User=0.00s Sys=0.00s Real=0.00s
[2025-04-16T15:34:16.478+0000][3350.487s][info][gc,start       ] GC(2104) Pause Young (Allocation Failure)
[2025-04-16T15:34:16.479+0000][3350.488s][info][gc,heap        ] GC(2104) DefNew: 9168K(10176K)->96K(10176K) Eden: 9088K(9088K)->0K(9088K) From: 80K(1088K)->96K(1088K)
[2025-04-16T15:34:16.479+0000][3350.488s][info][gc,heap        ] GC(2104) Tenured: 15329K(22484K)->15330K(22484K)
[2025-04-16T15:34:16.479+0000][3350.488s][info][gc,metaspace   ] GC(2104) Metaspace: 37483K(37824K)->37483K(37824K) NonClass: 33055K(33216K)->33055K(33216K) Class: 4427K(4608K)->4427K(4608K)
[2025-04-16T15:34:16.479+0000][3350.488s][info][gc             ] GC(2104) Pause Young (Allocation Failure) 23M->15M(31M) 1.257ms
[2025-04-16T15:34:16.479+0000][3350.488s][info][gc,cpu         ] GC(2104) User=0.00s Sys=0.00s Real=0.00s
[2025-04-16T15:34:18.082+0000][3352.091s][info][gc,start       ] GC(2105) Pause Young (Allocation Failure)
[2025-04-16T15:34:18.083+0000][3352.092s][info][gc,heap        ] GC(2105) DefNew: 9184K(10176K)->92K(10176K) Eden: 9088K(9088K)->0K(9088K) From: 96K(1088K)->92K(1088K)
[2025-04-16T15:34:18.083+0000][3352.092s][info][gc,heap        ] GC(2105) Tenured: 15330K(22484K)->15330K(22484K)
[2025-04-16T15:34:18.083+0000][3352.092s][info][gc,metaspace   ] GC(2105) Metaspace: 37483K(37824K)->37483K(37824K) NonClass: 33055K(33216K)->33055K(33216K) Class: 4427K(4608K)->4427K(4608K)
[2025-04-16T15:34:18.083+0000][3352.092s][info][gc             ] GC(2105) Pause Young (Allocation Failure) 23M->15M(31M) 1.246ms
[2025-04-16T15:34:18.083+0000][3352.092s][info][gc,cpu         ] GC(2105) User=0.00s Sys=0.00s Real=0.00s
[2025-04-16T15:34:19.622+0000][3353.631s][info][gc,start       ] GC(2106) Pause Young (Allocation Failure)
[2025-04-16T15:34:19.623+0000][3353.632s][info][gc,heap        ] GC(2106) DefNew: 9180K(10176K)->83K(10176K) Eden: 9088K(9088K)->0K(9088K) From: 92K(1088K)->83K(1088K)
[2025-04-16T15:34:19.623+0000][3353.632s][info][gc,heap        ] GC(2106) Tenured: 15330K(22484K)->15330K(22484K)
[2025-04-16T15:34:19.623+0000][3353.632s][info][gc,metaspace   ] GC(2106) Metaspace: 37483K(37824K)->37483K(37824K) NonClass: 33055K(33216K)->33055K(33216K) Class: 4427K(4608K)->4427K(4608K)
[2025-04-16T15:34:19.623+0000][3353.632s][info][gc             ] GC(2106) Pause Young (Allocation Failure) 23M->15M(31M) 1.205ms
[2025-04-16T15:34:19.623+0000][3353.632s][info][gc,cpu         ] GC(2106) User=0.00s Sys=0.00s Real=0.00s
[2025-04-16T15:34:21.216+0000][3355.225s][info][gc,start       ] GC(2107) Pause Young (Allocation Failure)
[2025-04-16T15:34:21.217+0000][3355.227s][info][gc,heap        ] GC(2107) DefNew: 9162K(10176K)->78K(10176K) Eden: 9078K(9088K)->0K(9088K) From: 83K(1088K)->78K(1088K)
[2025-04-16T15:34:21.218+0000][3355.227s][info][gc,heap        ] GC(2107) Tenured: 15330K(22484K)->15330K(22484K)
[2025-04-16T15:34:21.218+0000][3355.227s][info][gc,metaspace   ] GC(2107) Metaspace: 37483K(37824K)->37483K(37824K) NonClass: 33055K(33216K)->33055K(33216K) Class: 4427K(4608K)->4427K(4608K)
[2025-04-16T15:34:21.218+0000][3355.227s][info][gc             ] GC(2107) Pause Young (Allocation Failure) 23M->15M(31M) 1.226ms
[2025-04-16T15:34:21.218+0000][3355.227s][info][gc,cpu         ] GC(2107) User=0.00s Sys=0.00s Real=0.00s
[2025-04-16T15:34:22.820+0000][3356.829s][info][gc,start       ] GC(2108) Pause Young (Allocation Failure)
[2025-04-16T15:34:22.821+0000][3356.830s][info][gc,heap        ] GC(2108) DefNew: 9166K(10176K)->77K(10176K) Eden: 9088K(9088K)->0K(9088K) From: 78K(1088K)->77K(1088K)
[2025-04-16T15:34:22.821+0000][3356.830s][info][gc,heap        ] GC(2108) Tenured: 15330K(22484K)->15331K(22484K)
[2025-04-16T15:34:22.821+0000][3356.830s][info][gc,metaspace   ] GC(2108) Metaspace: 37483K(37824K)->37483K(37824K) NonClass: 33055K(33216K)->33055K(33216K) Class: 4427K(4608K)->4427K(4608K)
[2025-04-16T15:34:22.821+0000][3356.830s][info][gc             ] GC(2108) Pause Young (Allocation Failure) 23M->15M(31M) 1.354ms
[2025-04-16T15:34:22.821+0000][3356.830s][info][gc,cpu         ] GC(2108) User=0.00s Sys=0.00s Real=0.00s
[2025-04-16T15:34:24.480+0000][3358.489s][info][gc,start       ] GC(2109) Pause Young (Allocation Failure)
[2025-04-16T15:34:24.481+0000][3358.490s][info][gc,heap        ] GC(2109) DefNew: 9165K(10176K)->72K(10176K) Eden: 9088K(9088K)->0K(9088K) From: 77K(1088K)->72K(1088K)
[2025-04-16T15:34:24.481+0000][3358.490s][info][gc,heap        ] GC(2109) Tenured: 15331K(22484K)->15331K(22484K)
[2025-04-16T15:34:24.481+0000][3358.490s][info][gc,metaspace   ] GC(2109) Metaspace: 37483K(37824K)->37483K(37824K) NonClass: 33055K(33216K)->33055K(33216K) Class: 4427K(4608K)->4427K(4608K)
[2025-04-16T15:34:24.481+0000][3358.490s][info][gc             ] GC(2109) Pause Young (Allocation Failure) 23M->15M(31M) 1.307ms
[2025-04-16T15:34:24.481+0000][3358.490s][info][gc,cpu         ] GC(2109) User=0.00s Sys=0.00s Real=0.00s
[2025-04-16T15:34:26.081+0000][3360.090s][info][gc,start       ] GC(2110) Pause Young (Allocation Failure)
[2025-04-16T15:34:26.083+0000][3360.092s][info][gc,heap        ] GC(2110) DefNew: 9160K(10176K)->89K(10176K) Eden: 9088K(9088K)->0K(9088K) From: 72K(1088K)->89K(1088K)
[2025-04-16T15:34:26.083+0000][3360.092s][info][gc,heap        ] GC(2110) Tenured: 15331K(22484K)->15333K(22484K)
[2025-04-16T15:34:26.083+0000][3360.092s][info][gc,metaspace   ] GC(2110) Metaspace: 37483K(37824K)->37483K(37824K) NonClass: 33055K(33216K)->33055K(33216K) Class: 4427K(4608K)->4427K(4608K)
[2025-04-16T15:34:26.083+0000][3360.092s][info][gc             ] GC(2110) Pause Young (Allocation Failure) 23M->15M(31M) 1.309ms
[2025-04-16T15:34:26.083+0000][3360.092s][info][gc,cpu         ] GC(2110) User=0.00s Sys=0.00s Real=0.00s
[2025-04-16T15:34:27.725+0000][3361.734s][info][gc,start       ] GC(2111) Pause Young (Allocation Failure)
[2025-04-16T15:34:27.727+0000][3361.736s][info][gc,heap        ] GC(2111) DefNew: 9177K(10176K)->71K(10176K) Eden: 9088K(9088K)->0K(9088K) From: 89K(1088K)->71K(1088K)
[2025-04-16T15:34:27.727+0000][3361.736s][info][gc,heap        ] GC(2111) Tenured: 15333K(22484K)->15333K(22484K)
[2025-04-16T15:34:27.727+0000][3361.736s][info][gc,metaspace   ] GC(2111) Metaspace: 37483K(37824K)->37483K(37824K) NonClass: 33055K(33216K)->33055K(33216K) Class: 4427K(4608K)->4427K(4608K)
[2025-04-16T15:34:27.727+0000][3361.736s][info][gc             ] GC(2111) Pause Young (Allocation Failure) 23M->15M(31M) 1.249ms
[2025-04-16T15:34:27.727+0000][3361.736s][info][gc,cpu         ] GC(2111) User=0.00s Sys=0.00s Real=0.00s
[2025-04-16T15:34:29.366+0000][3363.375s][info][gc,start       ] GC(2112) Pause Young (Allocation Failure)
[2025-04-16T15:34:29.368+0000][3363.377s][info][gc,heap        ] GC(2112) DefNew: 9147K(10176K)->76K(10176K) Eden: 9076K(9088K)->0K(9088K) From: 71K(1088K)->76K(1088K)
[2025-04-16T15:34:29.368+0000][3363.377s][info][gc,heap        ] GC(2112) Tenured: 15333K(22484K)->15334K(22484K)
[2025-04-16T15:34:29.368+0000][3363.377s][info][gc,metaspace   ] GC(2112) Metaspace: 37483K(37824K)->37483K(37824K) NonClass: 33055K(33216K)->33055K(33216K) Class: 4427K(4608K)->4427K(4608K)
[2025-04-16T15:34:29.368+0000][3363.377s][info][gc             ] GC(2112) Pause Young (Allocation Failure) 23M->15M(31M) 1.221ms
[2025-04-16T15:34:29.368+0000][3363.377s][info][gc,cpu         ] GC(2112) User=0.00s Sys=0.00s Real=0.00s
[2025-04-16T15:34:31.016+0000][3365.025s][info][gc,start       ] GC(2113) Pause Young (Allocation Failure)
[2025-04-16T15:34:31.017+0000][3365.026s][info][gc,heap        ] GC(2113) DefNew: 9164K(10176K)->74K(10176K) Eden: 9087K(9088K)->0K(9088K) From: 76K(1088K)->74K(1088K)
[2025-04-16T15:34:31.017+0000][3365.026s][info][gc,heap        ] GC(2113) Tenured: 15334K(22484K)->15334K(22484K)
[2025-04-16T15:34:31.017+0000][3365.026s][info][gc,metaspace   ] GC(2113) Metaspace: 37483K(37824K)->37483K(37824K) NonClass: 33055K(33216K)->33055K(33216K) Class: 4427K(4608K)->4427K(4608K)
[2025-04-16T15:34:31.017+0000][3365.026s][info][gc             ] GC(2113) Pause Young (Allocation Failure) 23M->15M(31M) 1.290ms
[2025-04-16T15:34:31.017+0000][3365.026s][info][gc,cpu         ] GC(2113) User=0.01s Sys=0.00s Real=0.00s
[2025-04-16T15:34:32.681+0000][3366.690s][info][gc,start       ] GC(2114) Pause Young (Allocation Failure)
[2025-04-16T15:34:32.682+0000][3366.691s][info][gc,heap        ] GC(2114) DefNew: 9162K(10176K)->104K(10176K) Eden: 9088K(9088K)->0K(9088K) From: 74K(1088K)->104K(1088K)
[2025-04-16T15:34:32.682+0000][3366.691s][info][gc,heap        ] GC(2114) Tenured: 15334K(22484K)->15334K(22484K)
[2025-04-16T15:34:32.682+0000][3366.691s][info][gc,metaspace   ] GC(2114) Metaspace: 37483K(37824K)->37483K(37824K) NonClass: 33055K(33216K)->33055K(33216K) Class: 4427K(4608K)->4427K(4608K)
[2025-04-16T15:34:32.682+0000][3366.691s][info][gc             ] GC(2114) Pause Young (Allocation Failure) 23M->15M(31M) 1.299ms
[2025-04-16T15:34:32.682+0000][3366.691s][info][gc,cpu         ] GC(2114) User=0.00s Sys=0.00s Real=0.00s
[2025-04-16T15:34:34.224+0000][3368.233s][info][gc,start       ] GC(2115) Pause Young (Allocation Failure)
[2025-04-16T15:34:34.225+0000][3368.234s][info][gc,heap        ] GC(2115) DefNew: 9192K(10176K)->92K(10176K) Eden: 9088K(9088K)->0K(9088K) From: 104K(1088K)->92K(1088K)
[2025-04-16T15:34:34.225+0000][3368.234s][info][gc,heap        ] GC(2115) Tenured: 15334K(22484K)->15334K(22484K)
[2025-04-16T15:34:34.225+0000][3368.234s][info][gc,metaspace   ] GC(2115) Metaspace: 37483K(37824K)->37483K(37824K) NonClass: 33055K(33216K)->33055K(33216K) Class: 4427K(4608K)->4427K(4608K)
[2025-04-16T15:34:34.225+0000][3368.234s][info][gc             ] GC(2115) Pause Young (Allocation Failure) 23M->15M(31M) 1.307ms
[2025-04-16T15:34:34.225+0000][3368.234s][info][gc,cpu         ] GC(2115) User=0.00s Sys=0.00s Real=0.01s
[2025-04-16T15:34:35.851+0000][3369.860s][info][gc,start       ] GC(2116) Pause Young (Allocation Failure)
[2025-04-16T15:34:35.852+0000][3369.862s][info][gc,heap        ] GC(2116) DefNew: 9180K(10176K)->79K(10176K) Eden: 9088K(9088K)->0K(9088K) From: 92K(1088K)->79K(1088K)
[2025-04-16T15:34:35.852+0000][3369.862s][info][gc,heap        ] GC(2116) Tenured: 15334K(22484K)->15334K(22484K)
[2025-04-16T15:34:35.853+0000][3369.862s][info][gc,metaspace   ] GC(2116) Metaspace: 37483K(37824K)->37483K(37824K) NonClass: 33055K(33216K)->33055K(33216K) Class: 4427K(4608K)->4427K(4608K)
[2025-04-16T15:34:35.853+0000][3369.862s][info][gc             ] GC(2116) Pause Young (Allocation Failure) 23M->15M(31M) 1.247ms
[2025-04-16T15:34:35.853+0000][3369.862s][info][gc,cpu         ] GC(2116) User=0.00s Sys=0.00s Real=0.00s
[2025-04-16T15:34:37.542+0000][3371.551s][info][gc,start       ] GC(2117) Pause Young (Allocation Failure)
[2025-04-16T15:34:37.543+0000][3371.552s][info][gc,heap        ] GC(2117) DefNew: 9167K(10176K)->88K(10176K) Eden: 9088K(9088K)->0K(9088K) From: 79K(1088K)->88K(1088K)
[2025-04-16T15:34:37.543+0000][3371.552s][info][gc,heap        ] GC(2117) Tenured: 15334K(22484K)->15334K(22484K)
[2025-04-16T15:34:37.543+0000][3371.552s][info][gc,metaspace   ] GC(2117) Metaspace: 37483K(37824K)->37483K(37824K) NonClass: 33055K(33216K)->33055K(33216K) Class: 4427K(4608K)->4427K(4608K)
[2025-04-16T15:34:37.543+0000][3371.552s][info][gc             ] GC(2117) Pause Young (Allocation Failure) 23M->15M(31M) 1.254ms
[2025-04-16T15:34:37.543+0000][3371.552s][info][gc,cpu         ] GC(2117) User=0.00s Sys=0.00s Real=0.00s
[2025-04-16T15:34:38.962+0000][3372.971s][info][gc,start       ] GC(2118) Pause Young (Allocation Failure)
[2025-04-16T15:34:38.963+0000][3372.972s][info][gc,heap        ] GC(2118) DefNew: 9176K(10176K)->76K(10176K) Eden: 9088K(9088K)->0K(9088K) From: 88K(1088K)->76K(1088K)
[2025-04-16T15:34:38.963+0000][3372.972s][info][gc,heap        ] GC(2118) Tenured: 15334K(22484K)->15334K(22484K)
[2025-04-16T15:34:38.963+0000][3372.972s][info][gc,metaspace   ] GC(2118) Metaspace: 37483K(37824K)->37483K(37824K) NonClass: 33055K(33216K)->33055K(33216K) Class: 4427K(4608K)->4427K(4608K)
[2025-04-16T15:34:38.963+0000][3372.972s][info][gc             ] GC(2118) Pause Young (Allocation Failure) 23M->15M(31M) 1.350ms
[2025-04-16T15:34:38.963+0000][3372.972s][info][gc,cpu         ] GC(2118) User=0.00s Sys=0.00s Real=0.00s
[2025-04-16T15:34:40.748+0000][3374.757s][info][gc,start       ] GC(2119) Pause Young (Allocation Failure)
[2025-04-16T15:34:40.749+0000][3374.758s][info][gc,heap        ] GC(2119) DefNew: 9164K(10176K)->96K(10176K) Eden: 9088K(9088K)->0K(9088K) From: 76K(1088K)->96K(1088K)
[2025-04-16T15:34:40.749+0000][3374.758s][info][gc,heap        ] GC(2119) Tenured: 15334K(22484K)->15334K(22484K)
[2025-04-16T15:34:40.749+0000][3374.758s][info][gc,metaspace   ] GC(2119) Metaspace: 37483K(37824K)->37483K(37824K) NonClass: 33055K(33216K)->33055K(33216K) Class: 4427K(4608K)->4427K(4608K)
[2025-04-16T15:34:40.749+0000][3374.758s][info][gc             ] GC(2119) Pause Young (Allocation Failure) 23M->15M(31M) 1.303ms
[2025-04-16T15:34:40.749+0000][3374.758s][info][gc,cpu         ] GC(2119) User=0.00s Sys=0.00s Real=0.00s
[2025-04-16T15:34:42.477+0000][3376.486s][info][gc,start       ] GC(2120) Pause Young (Allocation Failure)
[2025-04-16T15:34:42.479+0000][3376.488s][info][gc,heap        ] GC(2120) DefNew: 9184K(10176K)->93K(10176K) Eden: 9088K(9088K)->0K(9088K) From: 96K(1088K)->93K(1088K)
[2025-04-16T15:34:42.479+0000][3376.488s][info][gc,heap        ] GC(2120) Tenured: 15334K(22484K)->15334K(22484K)
[2025-04-16T15:34:42.479+0000][3376.488s][info][gc,metaspace   ] GC(2120) Metaspace: 37483K(37824K)->37483K(37824K) NonClass: 33055K(33216K)->33055K(33216K) Class: 4427K(4608K)->4427K(4608K)
[2025-04-16T15:34:42.479+0000][3376.488s][info][gc             ] GC(2120) Pause Young (Allocation Failure) 23M->15M(31M) 1.264ms
[2025-04-16T15:34:42.479+0000][3376.488s][info][gc,cpu         ] GC(2120) User=0.01s Sys=0.00s Real=0.00s
[2025-04-16T15:34:44.009+0000][3378.018s][info][gc,start       ] GC(2121) Pause Young (Allocation Failure)
[2025-04-16T15:34:44.010+0000][3378.020s][info][gc,heap        ] GC(2121) DefNew: 9181K(10176K)->79K(10176K) Eden: 9088K(9088K)->0K(9088K) From: 93K(1088K)->79K(1088K)
[2025-04-16T15:34:44.010+0000][3378.020s][info][gc,heap        ] GC(2121) Tenured: 15334K(22484K)->15334K(22484K)
[2025-04-16T15:34:44.011+0000][3378.020s][info][gc,metaspace   ] GC(2121) Metaspace: 37483K(37824K)->37483K(37824K) NonClass: 33055K(33216K)->33055K(33216K) Class: 4427K(4608K)->4427K(4608K)
[2025-04-16T15:34:44.011+0000][3378.020s][info][gc             ] GC(2121) Pause Young (Allocation Failure) 23M->15M(31M) 1.302ms
[2025-04-16T15:34:44.011+0000][3378.020s][info][gc,cpu         ] GC(2121) User=0.00s Sys=0.00s Real=0.00s
[2025-04-16T15:34:45.761+0000][3379.770s][info][gc,start       ] GC(2122) Pause Young (Allocation Failure)
[2025-04-16T15:34:45.762+0000][3379.771s][info][gc,heap        ] GC(2122) DefNew: 9167K(10176K)->80K(10176K) Eden: 9088K(9088K)->0K(9088K) From: 79K(1088K)->80K(1088K)
[2025-04-16T15:34:45.762+0000][3379.771s][info][gc,heap        ] GC(2122) Tenured: 15334K(22484K)->15334K(22484K)
[2025-04-16T15:34:45.762+0000][3379.771s][info][gc,metaspace   ] GC(2122) Metaspace: 37483K(37824K)->37483K(37824K) NonClass: 33055K(33216K)->33055K(33216K) Class: 4427K(4608K)->4427K(4608K)
[2025-04-16T15:34:45.762+0000][3379.771s][info][gc             ] GC(2122) Pause Young (Allocation Failure) 23M->15M(31M) 1.470ms
[2025-04-16T15:34:45.762+0000][3379.771s][info][gc,cpu         ] GC(2122) User=0.00s Sys=0.00s Real=0.00s
[2025-04-16T15:34:47.223+0000][3381.232s][info][gc,start       ] GC(2123) Pause Young (Allocation Failure)
[2025-04-16T15:34:47.224+0000][3381.233s][info][gc,heap        ] GC(2123) DefNew: 9168K(10176K)->85K(10176K) Eden: 9088K(9088K)->0K(9088K) From: 80K(1088K)->85K(1088K)
[2025-04-16T15:34:47.224+0000][3381.233s][info][gc,heap        ] GC(2123) Tenured: 15334K(22484K)->15334K(22484K)
[2025-04-16T15:34:47.224+0000][3381.233s][info][gc,metaspace   ] GC(2123) Metaspace: 37483K(37824K)->37483K(37824K) NonClass: 33055K(33216K)->33055K(33216K) Class: 4427K(4608K)->4427K(4608K)
[2025-04-16T15:34:47.224+0000][3381.233s][info][gc             ] GC(2123) Pause Young (Allocation Failure) 23M->15M(31M) 1.350ms
[2025-04-16T15:34:47.224+0000][3381.233s][info][gc,cpu         ] GC(2123) User=0.00s Sys=0.00s Real=0.01s
[2025-04-16T15:34:48.948+0000][3382.957s][info][gc,start       ] GC(2124) Pause Young (Allocation Failure)
[2025-04-16T15:34:48.950+0000][3382.959s][info][gc,heap        ] GC(2124) DefNew: 9173K(10176K)->100K(10176K) Eden: 9088K(9088K)->0K(9088K) From: 85K(1088K)->100K(1088K)
[2025-04-16T15:34:48.950+0000][3382.959s][info][gc,heap        ] GC(2124) Tenured: 15334K(22484K)->15334K(22484K)
[2025-04-16T15:34:48.950+0000][3382.959s][info][gc,metaspace   ] GC(2124) Metaspace: 37483K(37824K)->37483K(37824K) NonClass: 33055K(33216K)->33055K(33216K) Class: 4427K(4608K)->4427K(4608K)
[2025-04-16T15:34:48.950+0000][3382.959s][info][gc             ] GC(2124) Pause Young (Allocation Failure) 23M->15M(31M) 1.311ms
[2025-04-16T15:34:48.950+0000][3382.959s][info][gc,cpu         ] GC(2124) User=0.00s Sys=0.00s Real=0.00s
[2025-04-16T15:34:50.464+0000][3384.473s][info][gc,start       ] GC(2125) Pause Young (Allocation Failure)
[2025-04-16T15:34:50.465+0000][3384.474s][info][gc,heap        ] GC(2125) DefNew: 9188K(10176K)->94K(10176K) Eden: 9088K(9088K)->0K(9088K) From: 100K(1088K)->94K(1088K)
[2025-04-16T15:34:50.465+0000][3384.474s][info][gc,heap        ] GC(2125) Tenured: 15334K(22484K)->15334K(22484K)
[2025-04-16T15:34:50.465+0000][3384.474s][info][gc,metaspace   ] GC(2125) Metaspace: 37483K(37824K)->37483K(37824K) NonClass: 33055K(33216K)->33055K(33216K) Class: 4427K(4608K)->4427K(4608K)
[2025-04-16T15:34:50.465+0000][3384.474s][info][gc             ] GC(2125) Pause Young (Allocation Failure) 23M->15M(31M) 1.249ms
[2025-04-16T15:34:50.465+0000][3384.474s][info][gc,cpu         ] GC(2125) User=0.00s Sys=0.00s Real=0.00s
[2025-04-16T15:34:51.940+0000][3385.949s][info][gc,start       ] GC(2126) Pause Young (Allocation Failure)
[2025-04-16T15:34:51.941+0000][3385.950s][info][gc,heap        ] GC(2126) DefNew: 9182K(10176K)->94K(10176K) Eden: 9088K(9088K)->0K(9088K) From: 94K(1088K)->94K(1088K)
[2025-04-16T15:34:51.941+0000][3385.950s][info][gc,heap        ] GC(2126) Tenured: 15334K(22484K)->15334K(22484K)
[2025-04-16T15:34:51.941+0000][3385.950s][info][gc,metaspace   ] GC(2126) Metaspace: 37483K(37824K)->37483K(37824K) NonClass: 33055K(33216K)->33055K(33216K) Class: 4427K(4608K)->4427K(4608K)
[2025-04-16T15:34:51.941+0000][3385.950s][info][gc             ] GC(2126) Pause Young (Allocation Failure) 23M->15M(31M) 1.364ms
[2025-04-16T15:34:51.941+0000][3385.950s][info][gc,cpu         ] GC(2126) User=0.00s Sys=0.00s Real=0.00s
[2025-04-16T15:34:53.540+0000][3387.549s][info][gc,start       ] GC(2127) Pause Young (Allocation Failure)
[2025-04-16T15:34:53.541+0000][3387.550s][info][gc,heap        ] GC(2127) DefNew: 9182K(10176K)->75K(10176K) Eden: 9088K(9088K)->0K(9088K) From: 94K(1088K)->75K(1088K)
[2025-04-16T15:34:53.541+0000][3387.550s][info][gc,heap        ] GC(2127) Tenured: 15334K(22484K)->15335K(22484K)
[2025-04-16T15:34:53.541+0000][3387.550s][info][gc,metaspace   ] GC(2127) Metaspace: 37483K(37824K)->37483K(37824K) NonClass: 33055K(33216K)->33055K(33216K) Class: 4427K(4608K)->4427K(4608K)
[2025-04-16T15:34:53.541+0000][3387.550s][info][gc             ] GC(2127) Pause Young (Allocation Failure) 23M->15M(31M) 1.171ms
[2025-04-16T15:34:53.541+0000][3387.550s][info][gc,cpu         ] GC(2127) User=0.00s Sys=0.00s Real=0.00s
[2025-04-16T15:34:55.300+0000][3389.309s][info][gc,start       ] GC(2128) Pause Young (Allocation Failure)
[2025-04-16T15:34:55.301+0000][3389.310s][info][gc,heap        ] GC(2128) DefNew: 9163K(10176K)->86K(10176K) Eden: 9088K(9088K)->0K(9088K) From: 75K(1088K)->86K(1088K)
[2025-04-16T15:34:55.301+0000][3389.310s][info][gc,heap        ] GC(2128) Tenured: 15335K(22484K)->15335K(22484K)
[2025-04-16T15:34:55.301+0000][3389.310s][info][gc,metaspace   ] GC(2128) Metaspace: 37483K(37824K)->37483K(37824K) NonClass: 33055K(33216K)->33055K(33216K) Class: 4427K(4608K)->4427K(4608K)
[2025-04-16T15:34:55.301+0000][3389.310s][info][gc             ] GC(2128) Pause Young (Allocation Failure) 23M->15M(31M) 1.247ms
[2025-04-16T15:34:55.301+0000][3389.310s][info][gc,cpu         ] GC(2128) User=0.01s Sys=0.00s Real=0.00s
[2025-04-16T15:34:56.674+0000][3390.683s][info][gc,start       ] GC(2129) Pause Young (Allocation Failure)
[2025-04-16T15:34:56.675+0000][3390.684s][info][gc,heap        ] GC(2129) DefNew: 9174K(10176K)->75K(10176K) Eden: 9087K(9088K)->0K(9088K) From: 86K(1088K)->75K(1088K)
[2025-04-16T15:34:56.675+0000][3390.684s][info][gc,heap        ] GC(2129) Tenured: 15335K(22484K)->15337K(22484K)
[2025-04-16T15:34:56.675+0000][3390.684s][info][gc,metaspace   ] GC(2129) Metaspace: 37483K(37824K)->37483K(37824K) NonClass: 33055K(33216K)->33055K(33216K) Class: 4427K(4608K)->4427K(4608K)
[2025-04-16T15:34:56.675+0000][3390.684s][info][gc             ] GC(2129) Pause Young (Allocation Failure) 23M->15M(31M) 1.275ms
[2025-04-16T15:34:56.675+0000][3390.684s][info][gc,cpu         ] GC(2129) User=0.00s Sys=0.00s Real=0.01s
[2025-04-16T15:34:58.188+0000][3392.197s][info][gc,start       ] GC(2130) Pause Young (Allocation Failure)
[2025-04-16T15:34:58.190+0000][3392.199s][info][gc,heap        ] GC(2130) DefNew: 9163K(10176K)->76K(10176K) Eden: 9088K(9088K)->0K(9088K) From: 75K(1088K)->76K(1088K)
[2025-04-16T15:34:58.190+0000][3392.199s][info][gc,heap        ] GC(2130) Tenured: 15337K(22484K)->15337K(22484K)
[2025-04-16T15:34:58.190+0000][3392.199s][info][gc,metaspace   ] GC(2130) Metaspace: 37483K(37824K)->37483K(37824K) NonClass: 33055K(33216K)->33055K(33216K) Class: 4427K(4608K)->4427K(4608K)
[2025-04-16T15:34:58.190+0000][3392.199s][info][gc             ] GC(2130) Pause Young (Allocation Failure) 23M->15M(31M) 1.308ms
[2025-04-16T15:34:58.190+0000][3392.199s][info][gc,cpu         ] GC(2130) User=0.00s Sys=0.00s Real=0.00s
[2025-04-16T15:34:59.856+0000][3393.865s][info][gc,start       ] GC(2131) Pause Young (Allocation Failure)
[2025-04-16T15:34:59.857+0000][3393.866s][info][gc,heap        ] GC(2131) DefNew: 9164K(10176K)->100K(10176K) Eden: 9088K(9088K)->0K(9088K) From: 76K(1088K)->100K(1088K)
[2025-04-16T15:34:59.857+0000][3393.866s][info][gc,heap        ] GC(2131) Tenured: 15337K(22484K)->15337K(22484K)
[2025-04-16T15:34:59.857+0000][3393.866s][info][gc,metaspace   ] GC(2131) Metaspace: 37483K(37824K)->37483K(37824K) NonClass: 33055K(33216K)->33055K(33216K) Class: 4427K(4608K)->4427K(4608K)
[2025-04-16T15:34:59.857+0000][3393.866s][info][gc             ] GC(2131) Pause Young (Allocation Failure) 23M->15M(31M) 1.303ms
[2025-04-16T15:34:59.857+0000][3393.866s][info][gc,cpu         ] GC(2131) User=0.00s Sys=0.00s Real=0.00s
[2025-04-16T15:35:01.654+0000][3395.663s][info][gc,start       ] GC(2132) Pause Young (Allocation Failure)
[2025-04-16T15:35:01.656+0000][3395.665s][info][gc,heap        ] GC(2132) DefNew: 9188K(10176K)->91K(10176K) Eden: 9088K(9088K)->0K(9088K) From: 100K(1088K)->91K(1088K)
[2025-04-16T15:35:01.656+0000][3395.665s][info][gc,heap        ] GC(2132) Tenured: 15337K(22484K)->15337K(22484K)
[2025-04-16T15:35:01.656+0000][3395.665s][info][gc,metaspace   ] GC(2132) Metaspace: 37483K(37824K)->37483K(37824K) NonClass: 33055K(33216K)->33055K(33216K) Class: 4427K(4608K)->4427K(4608K)
[2025-04-16T15:35:01.656+0000][3395.665s][info][gc             ] GC(2132) Pause Young (Allocation Failure) 23M->15M(31M) 1.326ms
[2025-04-16T15:35:01.656+0000][3395.665s][info][gc,cpu         ] GC(2132) User=0.01s Sys=0.00s Real=0.00s
[2025-04-16T15:35:02.904+0000][3396.913s][info][gc,start       ] GC(2133) Pause Young (Allocation Failure)
[2025-04-16T15:35:02.905+0000][3396.914s][info][gc,heap        ] GC(2133) DefNew: 9179K(10176K)->64K(10176K) Eden: 9088K(9088K)->0K(9088K) From: 91K(1088K)->64K(1088K)
[2025-04-16T15:35:02.905+0000][3396.914s][info][gc,heap        ] GC(2133) Tenured: 15337K(22484K)->15338K(22484K)
[2025-04-16T15:35:02.905+0000][3396.914s][info][gc,metaspace   ] GC(2133) Metaspace: 37483K(37824K)->37483K(37824K) NonClass: 33055K(33216K)->33055K(33216K) Class: 4427K(4608K)->4427K(4608K)
[2025-04-16T15:35:02.905+0000][3396.914s][info][gc             ] GC(2133) Pause Young (Allocation Failure) 23M->15M(31M) 1.332ms
[2025-04-16T15:35:02.905+0000][3396.914s][info][gc,cpu         ] GC(2133) User=0.01s Sys=0.00s Real=0.01s
[2025-04-16T15:35:04.695+0000][3398.704s][info][gc,start       ] GC(2134) Pause Young (Allocation Failure)
[2025-04-16T15:35:04.697+0000][3398.706s][info][gc,heap        ] GC(2134) DefNew: 9150K(10176K)->77K(10176K) Eden: 9085K(9088K)->0K(9088K) From: 64K(1088K)->77K(1088K)
[2025-04-16T15:35:04.697+0000][3398.706s][info][gc,heap        ] GC(2134) Tenured: 15338K(22484K)->15339K(22484K)
[2025-04-16T15:35:04.697+0000][3398.706s][info][gc,metaspace   ] GC(2134) Metaspace: 37483K(37824K)->37483K(37824K) NonClass: 33055K(33216K)->33055K(33216K) Class: 4427K(4608K)->4427K(4608K)
[2025-04-16T15:35:04.697+0000][3398.706s][info][gc             ] GC(2134) Pause Young (Allocation Failure) 23M->15M(31M) 1.236ms
[2025-04-16T15:35:04.697+0000][3398.706s][info][gc,cpu         ] GC(2134) User=0.00s Sys=0.00s Real=0.00s
[2025-04-16T15:35:06.349+0000][3400.358s][info][gc,start       ] GC(2135) Pause Young (Allocation Failure)
[2025-04-16T15:35:06.350+0000][3400.359s][info][gc,heap        ] GC(2135) DefNew: 9165K(10176K)->75K(10176K) Eden: 9088K(9088K)->0K(9088K) From: 77K(1088K)->75K(1088K)
[2025-04-16T15:35:06.350+0000][3400.359s][info][gc,heap        ] GC(2135) Tenured: 15339K(22484K)->15339K(22484K)
[2025-04-16T15:35:06.350+0000][3400.359s][info][gc,metaspace   ] GC(2135) Metaspace: 37483K(37824K)->37483K(37824K) NonClass: 33055K(33216K)->33055K(33216K) Class: 4427K(4608K)->4427K(4608K)
[2025-04-16T15:35:06.350+0000][3400.359s][info][gc             ] GC(2135) Pause Young (Allocation Failure) 23M->15M(31M) 1.384ms
[2025-04-16T15:35:06.350+0000][3400.359s][info][gc,cpu         ] GC(2135) User=0.00s Sys=0.00s Real=0.00s
[2025-04-16T15:35:07.973+0000][3401.982s][info][gc,start       ] GC(2136) Pause Young (Allocation Failure)
[2025-04-16T15:35:07.974+0000][3401.983s][info][gc,heap        ] GC(2136) DefNew: 9163K(10176K)->97K(10176K) Eden: 9088K(9088K)->0K(9088K) From: 75K(1088K)->97K(1088K)
[2025-04-16T15:35:07.974+0000][3401.983s][info][gc,heap        ] GC(2136) Tenured: 15339K(22484K)->15339K(22484K)
[2025-04-16T15:35:07.974+0000][3401.983s][info][gc,metaspace   ] GC(2136) Metaspace: 37483K(37824K)->37483K(37824K) NonClass: 33055K(33216K)->33055K(33216K) Class: 4427K(4608K)->4427K(4608K)
[2025-04-16T15:35:07.974+0000][3401.983s][info][gc             ] GC(2136) Pause Young (Allocation Failure) 23M->15M(31M) 1.299ms
[2025-04-16T15:35:07.974+0000][3401.983s][info][gc,cpu         ] GC(2136) User=0.00s Sys=0.00s Real=0.00s
[2025-04-16T15:35:09.541+0000][3403.550s][info][gc,start       ] GC(2137) Pause Young (Allocation Failure)
[2025-04-16T15:35:09.542+0000][3403.551s][info][gc,heap        ] GC(2137) DefNew: 9185K(10176K)->91K(10176K) Eden: 9088K(9088K)->0K(9088K) From: 97K(1088K)->91K(1088K)
[2025-04-16T15:35:09.542+0000][3403.551s][info][gc,heap        ] GC(2137) Tenured: 15339K(22484K)->15339K(22484K)
[2025-04-16T15:35:09.542+0000][3403.551s][info][gc,metaspace   ] GC(2137) Metaspace: 37483K(37824K)->37483K(37824K) NonClass: 33055K(33216K)->33055K(33216K) Class: 4427K(4608K)->4427K(4608K)
[2025-04-16T15:35:09.542+0000][3403.551s][info][gc             ] GC(2137) Pause Young (Allocation Failure) 23M->15M(31M) 1.245ms
[2025-04-16T15:35:09.542+0000][3403.551s][info][gc,cpu         ] GC(2137) User=0.00s Sys=0.00s Real=0.00s
[2025-04-16T15:35:11.084+0000][3405.093s][info][gc,start       ] GC(2138) Pause Young (Allocation Failure)
[2025-04-16T15:35:11.086+0000][3405.095s][info][gc,heap        ] GC(2138) DefNew: 9179K(10176K)->74K(10176K) Eden: 9088K(9088K)->0K(9088K) From: 91K(1088K)->74K(1088K)
[2025-04-16T15:35:11.086+0000][3405.095s][info][gc,heap        ] GC(2138) Tenured: 15339K(22484K)->15339K(22484K)
[2025-04-16T15:35:11.086+0000][3405.095s][info][gc,metaspace   ] GC(2138) Metaspace: 37483K(37824K)->37483K(37824K) NonClass: 33055K(33216K)->33055K(33216K) Class: 4427K(4608K)->4427K(4608K)
[2025-04-16T15:35:11.086+0000][3405.095s][info][gc             ] GC(2138) Pause Young (Allocation Failure) 23M->15M(31M) 1.247ms
[2025-04-16T15:35:11.086+0000][3405.095s][info][gc,cpu         ] GC(2138) User=0.00s Sys=0.01s Real=0.00s
[2025-04-16T15:35:12.642+0000][3406.651s][info][gc,start       ] GC(2139) Pause Young (Allocation Failure)
[2025-04-16T15:35:12.643+0000][3406.652s][info][gc,heap        ] GC(2139) DefNew: 9162K(10176K)->77K(10176K) Eden: 9087K(9088K)->0K(9088K) From: 74K(1088K)->77K(1088K)
[2025-04-16T15:35:12.643+0000][3406.652s][info][gc,heap        ] GC(2139) Tenured: 15339K(22484K)->15339K(22484K)
[2025-04-16T15:35:12.643+0000][3406.652s][info][gc,metaspace   ] GC(2139) Metaspace: 37483K(37824K)->37483K(37824K) NonClass: 33055K(33216K)->33055K(33216K) Class: 4427K(4608K)->4427K(4608K)
[2025-04-16T15:35:12.643+0000][3406.652s][info][gc             ] GC(2139) Pause Young (Allocation Failure) 23M->15M(31M) 1.178ms
[2025-04-16T15:35:12.643+0000][3406.652s][info][gc,cpu         ] GC(2139) User=0.00s Sys=0.00s Real=0.00s
[2025-04-16T15:35:14.110+0000][3408.119s][info][gc,start       ] GC(2140) Pause Young (Allocation Failure)
[2025-04-16T15:35:14.112+0000][3408.121s][info][gc,heap        ] GC(2140) DefNew: 9165K(10176K)->74K(10176K) Eden: 9087K(9088K)->0K(9088K) From: 77K(1088K)->74K(1088K)
[2025-04-16T15:35:14.112+0000][3408.121s][info][gc,heap        ] GC(2140) Tenured: 15339K(22484K)->15339K(22484K)
[2025-04-16T15:35:14.112+0000][3408.121s][info][gc,metaspace   ] GC(2140) Metaspace: 37483K(37824K)->37483K(37824K) NonClass: 33055K(33216K)->33055K(33216K) Class: 4427K(4608K)->4427K(4608K)
[2025-04-16T15:35:14.112+0000][3408.121s][info][gc             ] GC(2140) Pause Young (Allocation Failure) 23M->15M(31M) 1.629ms
[2025-04-16T15:35:14.112+0000][3408.121s][info][gc,cpu         ] GC(2140) User=0.00s Sys=0.00s Real=0.00s
[2025-04-16T15:35:15.734+0000][3409.743s][info][gc,start       ] GC(2141) Pause Young (Allocation Failure)
[2025-04-16T15:35:15.735+0000][3409.744s][info][gc,heap        ] GC(2141) DefNew: 9162K(10176K)->76K(10176K) Eden: 9087K(9088K)->0K(9088K) From: 74K(1088K)->76K(1088K)
[2025-04-16T15:35:15.735+0000][3409.744s][info][gc,heap        ] GC(2141) Tenured: 15339K(22484K)->15339K(22484K)
[2025-04-16T15:35:15.735+0000][3409.744s][info][gc,metaspace   ] GC(2141) Metaspace: 37483K(37824K)->37483K(37824K) NonClass: 33055K(33216K)->33055K(33216K) Class: 4427K(4608K)->4427K(4608K)
[2025-04-16T15:35:15.735+0000][3409.744s][info][gc             ] GC(2141) Pause Young (Allocation Failure) 23M->15M(31M) 1.288ms
[2025-04-16T15:35:15.735+0000][3409.744s][info][gc,cpu         ] GC(2141) User=0.00s Sys=0.00s Real=0.00s
[2025-04-16T15:35:17.449+0000][3411.458s][info][gc,start       ] GC(2142) Pause Young (Allocation Failure)
[2025-04-16T15:35:17.451+0000][3411.460s][info][gc,heap        ] GC(2142) DefNew: 9164K(10176K)->90K(10176K) Eden: 9088K(9088K)->0K(9088K) From: 76K(1088K)->90K(1088K)
[2025-04-16T15:35:17.451+0000][3411.460s][info][gc,heap        ] GC(2142) Tenured: 15339K(22484K)->15339K(22484K)
[2025-04-16T15:35:17.451+0000][3411.460s][info][gc,metaspace   ] GC(2142) Metaspace: 37483K(37824K)->37483K(37824K) NonClass: 33055K(33216K)->33055K(33216K) Class: 4427K(4608K)->4427K(4608K)
[2025-04-16T15:35:17.451+0000][3411.460s][info][gc             ] GC(2142) Pause Young (Allocation Failure) 23M->15M(31M) 1.314ms
[2025-04-16T15:35:17.451+0000][3411.460s][info][gc,cpu         ] GC(2142) User=0.00s Sys=0.00s Real=0.00s
[2025-04-16T15:35:18.998+0000][3413.007s][info][gc,start       ] GC(2143) Pause Young (Allocation Failure)
[2025-04-16T15:35:18.999+0000][3413.008s][info][gc,heap        ] GC(2143) DefNew: 9178K(10176K)->71K(10176K) Eden: 9088K(9088K)->0K(9088K) From: 90K(1088K)->71K(1088K)
[2025-04-16T15:35:18.999+0000][3413.008s][info][gc,heap        ] GC(2143) Tenured: 15339K(22484K)->15341K(22484K)
[2025-04-16T15:35:18.999+0000][3413.008s][info][gc,metaspace   ] GC(2143) Metaspace: 37483K(37824K)->37483K(37824K) NonClass: 33055K(33216K)->33055K(33216K) Class: 4427K(4608K)->4427K(4608K)
[2025-04-16T15:35:18.999+0000][3413.008s][info][gc             ] GC(2143) Pause Young (Allocation Failure) 23M->15M(31M) 1.358ms
[2025-04-16T15:35:18.999+0000][3413.008s][info][gc,cpu         ] GC(2143) User=0.00s Sys=0.00s Real=0.00s
[2025-04-16T15:35:20.723+0000][3414.732s][info][gc,start       ] GC(2144) Pause Young (Allocation Failure)
[2025-04-16T15:35:20.724+0000][3414.733s][info][gc,heap        ] GC(2144) DefNew: 9159K(10176K)->73K(10176K) Eden: 9088K(9088K)->0K(9088K) From: 71K(1088K)->73K(1088K)
[2025-04-16T15:35:20.724+0000][3414.733s][info][gc,heap        ] GC(2144) Tenured: 15341K(22484K)->15341K(22484K)
[2025-04-16T15:35:20.724+0000][3414.733s][info][gc,metaspace   ] GC(2144) Metaspace: 37483K(37824K)->37483K(37824K) NonClass: 33055K(33216K)->33055K(33216K) Class: 4427K(4608K)->4427K(4608K)
[2025-04-16T15:35:20.724+0000][3414.733s][info][gc             ] GC(2144) Pause Young (Allocation Failure) 23M->15M(31M) 1.273ms
[2025-04-16T15:35:20.724+0000][3414.733s][info][gc,cpu         ] GC(2144) User=0.00s Sys=0.00s Real=0.00s
[2025-04-16T15:35:22.399+0000][3416.408s][info][gc,start       ] GC(2145) Pause Young (Allocation Failure)
[2025-04-16T15:35:22.400+0000][3416.409s][info][gc,heap        ] GC(2145) DefNew: 9161K(10176K)->86K(10176K) Eden: 9088K(9088K)->0K(9088K) From: 73K(1088K)->86K(1088K)
[2025-04-16T15:35:22.400+0000][3416.409s][info][gc,heap        ] GC(2145) Tenured: 15341K(22484K)->15341K(22484K)
[2025-04-16T15:35:22.400+0000][3416.409s][info][gc,metaspace   ] GC(2145) Metaspace: 37483K(37824K)->37483K(37824K) NonClass: 33055K(33216K)->33055K(33216K) Class: 4427K(4608K)->4427K(4608K)
[2025-04-16T15:35:22.400+0000][3416.409s][info][gc             ] GC(2145) Pause Young (Allocation Failure) 23M->15M(31M) 1.411ms
[2025-04-16T15:35:22.400+0000][3416.409s][info][gc,cpu         ] GC(2145) User=0.01s Sys=0.00s Real=0.00s
[2025-04-16T15:35:24.109+0000][3418.118s][info][gc,start       ] GC(2146) Pause Young (Allocation Failure)
[2025-04-16T15:35:24.110+0000][3418.120s][info][gc,heap        ] GC(2146) DefNew: 9174K(10176K)->89K(10176K) Eden: 9087K(9088K)->0K(9088K) From: 86K(1088K)->89K(1088K)
[2025-04-16T15:35:24.111+0000][3418.120s][info][gc,heap        ] GC(2146) Tenured: 15341K(22484K)->15341K(22484K)
[2025-04-16T15:35:24.111+0000][3418.120s][info][gc,metaspace   ] GC(2146) Metaspace: 37483K(37824K)->37483K(37824K) NonClass: 33055K(33216K)->33055K(33216K) Class: 4427K(4608K)->4427K(4608K)
[2025-04-16T15:35:24.111+0000][3418.120s][info][gc             ] GC(2146) Pause Young (Allocation Failure) 23M->15M(31M) 1.956ms
[2025-04-16T15:35:24.111+0000][3418.120s][info][gc,cpu         ] GC(2146) User=0.00s Sys=0.00s Real=0.00s
[2025-04-16T15:35:25.586+0000][3419.595s][info][gc,start       ] GC(2147) Pause Young (Allocation Failure)
[2025-04-16T15:35:25.587+0000][3419.596s][info][gc,heap        ] GC(2147) DefNew: 9175K(10176K)->81K(10176K) Eden: 9085K(9088K)->0K(9088K) From: 89K(1088K)->81K(1088K)
[2025-04-16T15:35:25.587+0000][3419.596s][info][gc,heap        ] GC(2147) Tenured: 15341K(22484K)->15341K(22484K)
[2025-04-16T15:35:25.587+0000][3419.596s][info][gc,metaspace   ] GC(2147) Metaspace: 37483K(37824K)->37483K(37824K) NonClass: 33055K(33216K)->33055K(33216K) Class: 4427K(4608K)->4427K(4608K)
[2025-04-16T15:35:25.587+0000][3419.596s][info][gc             ] GC(2147) Pause Young (Allocation Failure) 23M->15M(31M) 1.189ms
[2025-04-16T15:35:25.587+0000][3419.596s][info][gc,cpu         ] GC(2147) User=0.00s Sys=0.00s Real=0.00s
[2025-04-16T15:35:27.198+0000][3421.207s][info][gc,start       ] GC(2148) Pause Young (Allocation Failure)
[2025-04-16T15:35:27.199+0000][3421.208s][info][gc,heap        ] GC(2148) DefNew: 9169K(10176K)->61K(10176K) Eden: 9088K(9088K)->0K(9088K) From: 81K(1088K)->61K(1088K)
[2025-04-16T15:35:27.199+0000][3421.208s][info][gc,heap        ] GC(2148) Tenured: 15341K(22484K)->15342K(22484K)
[2025-04-16T15:35:27.199+0000][3421.208s][info][gc,metaspace   ] GC(2148) Metaspace: 37483K(37824K)->37483K(37824K) NonClass: 33055K(33216K)->33055K(33216K) Class: 4427K(4608K)->4427K(4608K)
[2025-04-16T15:35:27.199+0000][3421.208s][info][gc             ] GC(2148) Pause Young (Allocation Failure) 23M->15M(31M) 1.213ms
[2025-04-16T15:35:27.199+0000][3421.208s][info][gc,cpu         ] GC(2148) User=0.00s Sys=0.00s Real=0.00s
[2025-04-16T15:35:28.842+0000][3422.851s][info][gc,start       ] GC(2149) Pause Young (Allocation Failure)
[2025-04-16T15:35:28.843+0000][3422.852s][info][gc,heap        ] GC(2149) DefNew: 9149K(10176K)->76K(10176K) Eden: 9088K(9088K)->0K(9088K) From: 61K(1088K)->76K(1088K)
[2025-04-16T15:35:28.843+0000][3422.852s][info][gc,heap        ] GC(2149) Tenured: 15342K(22484K)->15342K(22484K)
[2025-04-16T15:35:28.843+0000][3422.852s][info][gc,metaspace   ] GC(2149) Metaspace: 37483K(37824K)->37483K(37824K) NonClass: 33055K(33216K)->33055K(33216K) Class: 4427K(4608K)->4427K(4608K)
[2025-04-16T15:35:28.843+0000][3422.852s][info][gc             ] GC(2149) Pause Young (Allocation Failure) 23M->15M(31M) 1.184ms
[2025-04-16T15:35:28.843+0000][3422.852s][info][gc,cpu         ] GC(2149) User=0.00s Sys=0.00s Real=0.00s
[2025-04-16T15:35:30.459+0000][3424.469s][info][gc,start       ] GC(2150) Pause Young (Allocation Failure)
[2025-04-16T15:35:30.461+0000][3424.470s][info][gc,heap        ] GC(2150) DefNew: 9164K(10176K)->85K(10176K) Eden: 9088K(9088K)->0K(9088K) From: 76K(1088K)->85K(1088K)
[2025-04-16T15:35:30.461+0000][3424.470s][info][gc,heap        ] GC(2150) Tenured: 15342K(22484K)->15342K(22484K)
[2025-04-16T15:35:30.461+0000][3424.470s][info][gc,metaspace   ] GC(2150) Metaspace: 37483K(37824K)->37483K(37824K) NonClass: 33055K(33216K)->33055K(33216K) Class: 4427K(4608K)->4427K(4608K)
[2025-04-16T15:35:30.461+0000][3424.470s][info][gc             ] GC(2150) Pause Young (Allocation Failure) 23M->15M(31M) 1.227ms
[2025-04-16T15:35:30.461+0000][3424.470s][info][gc,cpu         ] GC(2150) User=0.00s Sys=0.00s Real=0.00s
[2025-04-16T15:35:32.224+0000][3426.233s][info][gc,start       ] GC(2151) Pause Young (Allocation Failure)
[2025-04-16T15:35:32.225+0000][3426.234s][info][gc,heap        ] GC(2151) DefNew: 9173K(10176K)->89K(10176K) Eden: 9088K(9088K)->0K(9088K) From: 85K(1088K)->89K(1088K)
[2025-04-16T15:35:32.225+0000][3426.234s][info][gc,heap        ] GC(2151) Tenured: 15342K(22484K)->15342K(22484K)
[2025-04-16T15:35:32.225+0000][3426.234s][info][gc,metaspace   ] GC(2151) Metaspace: 37483K(37824K)->37483K(37824K) NonClass: 33055K(33216K)->33055K(33216K) Class: 4427K(4608K)->4427K(4608K)
[2025-04-16T15:35:32.225+0000][3426.234s][info][gc             ] GC(2151) Pause Young (Allocation Failure) 23M->15M(31M) 1.351ms
[2025-04-16T15:35:32.225+0000][3426.234s][info][gc,cpu         ] GC(2151) User=0.01s Sys=0.00s Real=0.01s
[2025-04-16T15:35:33.803+0000][3427.812s][info][gc,start       ] GC(2152) Pause Young (Allocation Failure)
[2025-04-16T15:35:33.805+0000][3427.814s][info][gc,heap        ] GC(2152) DefNew: 9172K(10176K)->81K(10176K) Eden: 9082K(9088K)->0K(9088K) From: 89K(1088K)->81K(1088K)
[2025-04-16T15:35:33.805+0000][3427.814s][info][gc,heap        ] GC(2152) Tenured: 15342K(22484K)->15342K(22484K)
[2025-04-16T15:35:33.805+0000][3427.814s][info][gc,metaspace   ] GC(2152) Metaspace: 37483K(37824K)->37483K(37824K) NonClass: 33055K(33216K)->33055K(33216K) Class: 4427K(4608K)->4427K(4608K)
[2025-04-16T15:35:33.805+0000][3427.814s][info][gc             ] GC(2152) Pause Young (Allocation Failure) 23M->15M(31M) 1.235ms
[2025-04-16T15:35:33.805+0000][3427.814s][info][gc,cpu         ] GC(2152) User=0.01s Sys=0.00s Real=0.01s
[2025-04-16T15:35:35.043+0000][3429.052s][info][gc,start       ] GC(2153) Pause Young (Allocation Failure)
[2025-04-16T15:35:35.044+0000][3429.053s][info][gc,heap        ] GC(2153) DefNew: 9167K(10176K)->77K(10176K) Eden: 9086K(9088K)->0K(9088K) From: 81K(1088K)->77K(1088K)
[2025-04-16T15:35:35.044+0000][3429.053s][info][gc,heap        ] GC(2153) Tenured: 15342K(22484K)->15342K(22484K)
[2025-04-16T15:35:35.044+0000][3429.053s][info][gc,metaspace   ] GC(2153) Metaspace: 37483K(37824K)->37483K(37824K) NonClass: 33055K(33216K)->33055K(33216K) Class: 4427K(4608K)->4427K(4608K)
[2025-04-16T15:35:35.044+0000][3429.053s][info][gc             ] GC(2153) Pause Young (Allocation Failure) 23M->15M(31M) 1.258ms
[2025-04-16T15:35:35.044+0000][3429.053s][info][gc,cpu         ] GC(2153) User=0.00s Sys=0.00s Real=0.01s
[2025-04-16T15:35:36.694+0000][3430.703s][info][gc,start       ] GC(2154) Pause Young (Allocation Failure)
[2025-04-16T15:35:36.695+0000][3430.704s][info][gc,heap        ] GC(2154) DefNew: 9165K(10176K)->74K(10176K) Eden: 9088K(9088K)->0K(9088K) From: 77K(1088K)->74K(1088K)
[2025-04-16T15:35:36.695+0000][3430.704s][info][gc,heap        ] GC(2154) Tenured: 15342K(22484K)->15342K(22484K)
[2025-04-16T15:35:36.695+0000][3430.704s][info][gc,metaspace   ] GC(2154) Metaspace: 37483K(37824K)->37483K(37824K) NonClass: 33055K(33216K)->33055K(33216K) Class: 4427K(4608K)->4427K(4608K)
[2025-04-16T15:35:36.695+0000][3430.704s][info][gc             ] GC(2154) Pause Young (Allocation Failure) 23M->15M(31M) 1.325ms
[2025-04-16T15:35:36.695+0000][3430.704s][info][gc,cpu         ] GC(2154) User=0.00s Sys=0.00s Real=0.01s
[2025-04-16T15:35:38.221+0000][3432.230s][info][gc,start       ] GC(2155) Pause Young (Allocation Failure)
[2025-04-16T15:35:38.222+0000][3432.231s][info][gc,heap        ] GC(2155) DefNew: 9162K(10176K)->75K(10176K) Eden: 9088K(9088K)->0K(9088K) From: 74K(1088K)->75K(1088K)
[2025-04-16T15:35:38.222+0000][3432.231s][info][gc,heap        ] GC(2155) Tenured: 15342K(22484K)->15342K(22484K)
[2025-04-16T15:35:38.222+0000][3432.231s][info][gc,metaspace   ] GC(2155) Metaspace: 37483K(37824K)->37483K(37824K) NonClass: 33055K(33216K)->33055K(33216K) Class: 4427K(4608K)->4427K(4608K)
[2025-04-16T15:35:38.222+0000][3432.231s][info][gc             ] GC(2155) Pause Young (Allocation Failure) 23M->15M(31M) 1.249ms
[2025-04-16T15:35:38.222+0000][3432.231s][info][gc,cpu         ] GC(2155) User=0.00s Sys=0.00s Real=0.00s
[2025-04-16T15:35:39.892+0000][3433.901s][info][gc,start       ] GC(2156) Pause Young (Allocation Failure)
[2025-04-16T15:35:39.894+0000][3433.903s][info][gc,heap        ] GC(2156) DefNew: 9163K(10176K)->91K(10176K) Eden: 9087K(9088K)->0K(9088K) From: 75K(1088K)->91K(1088K)
[2025-04-16T15:35:39.894+0000][3433.903s][info][gc,heap        ] GC(2156) Tenured: 15342K(22484K)->15342K(22484K)
[2025-04-16T15:35:39.894+0000][3433.903s][info][gc,metaspace   ] GC(2156) Metaspace: 37483K(37824K)->37483K(37824K) NonClass: 33055K(33216K)->33055K(33216K) Class: 4427K(4608K)->4427K(4608K)
[2025-04-16T15:35:39.894+0000][3433.903s][info][gc             ] GC(2156) Pause Young (Allocation Failure) 23M->15M(31M) 1.317ms
[2025-04-16T15:35:39.894+0000][3433.903s][info][gc,cpu         ] GC(2156) User=0.00s Sys=0.00s Real=0.00s
[2025-04-16T15:35:41.479+0000][3435.489s][info][gc,start       ] GC(2157) Pause Young (Allocation Failure)
[2025-04-16T15:35:41.481+0000][3435.490s][info][gc,heap        ] GC(2157) DefNew: 9179K(10176K)->82K(10176K) Eden: 9088K(9088K)->0K(9088K) From: 91K(1088K)->82K(1088K)
[2025-04-16T15:35:41.481+0000][3435.490s][info][gc,heap        ] GC(2157) Tenured: 15342K(22484K)->15342K(22484K)
[2025-04-16T15:35:41.481+0000][3435.490s][info][gc,metaspace   ] GC(2157) Metaspace: 37483K(37824K)->37483K(37824K) NonClass: 33055K(33216K)->33055K(33216K) Class: 4427K(4608K)->4427K(4608K)
[2025-04-16T15:35:41.481+0000][3435.490s][info][gc             ] GC(2157) Pause Young (Allocation Failure) 23M->15M(31M) 1.192ms
[2025-04-16T15:35:41.481+0000][3435.490s][info][gc,cpu         ] GC(2157) User=0.00s Sys=0.00s Real=0.00s
[2025-04-16T15:35:43.183+0000][3437.192s][info][gc,start       ] GC(2158) Pause Young (Allocation Failure)
[2025-04-16T15:35:43.184+0000][3437.193s][info][gc,heap        ] GC(2158) DefNew: 9167K(10176K)->93K(10176K) Eden: 9085K(9088K)->0K(9088K) From: 82K(1088K)->93K(1088K)
[2025-04-16T15:35:43.184+0000][3437.193s][info][gc,heap        ] GC(2158) Tenured: 15342K(22484K)->15342K(22484K)
[2025-04-16T15:35:43.184+0000][3437.193s][info][gc,metaspace   ] GC(2158) Metaspace: 37483K(37824K)->37483K(37824K) NonClass: 33055K(33216K)->33055K(33216K) Class: 4427K(4608K)->4427K(4608K)
[2025-04-16T15:35:43.184+0000][3437.193s][info][gc             ] GC(2158) Pause Young (Allocation Failure) 23M->15M(31M) 1.311ms
[2025-04-16T15:35:43.184+0000][3437.193s][info][gc,cpu         ] GC(2158) User=0.00s Sys=0.00s Real=0.00s
[2025-04-16T15:35:44.810+0000][3438.819s][info][gc,start       ] GC(2159) Pause Young (Allocation Failure)
[2025-04-16T15:35:44.812+0000][3438.821s][info][gc,heap        ] GC(2159) DefNew: 9181K(10176K)->75K(10176K) Eden: 9088K(9088K)->0K(9088K) From: 93K(1088K)->75K(1088K)
[2025-04-16T15:35:44.812+0000][3438.821s][info][gc,heap        ] GC(2159) Tenured: 15342K(22484K)->15342K(22484K)
[2025-04-16T15:35:44.812+0000][3438.821s][info][gc,metaspace   ] GC(2159) Metaspace: 37483K(37824K)->37483K(37824K) NonClass: 33055K(33216K)->33055K(33216K) Class: 4427K(4608K)->4427K(4608K)
[2025-04-16T15:35:44.812+0000][3438.821s][info][gc             ] GC(2159) Pause Young (Allocation Failure) 23M->15M(31M) 1.305ms
[2025-04-16T15:35:44.812+0000][3438.821s][info][gc,cpu         ] GC(2159) User=0.00s Sys=0.00s Real=0.00s
[2025-04-16T15:35:46.700+0000][3440.709s][info][gc,start       ] GC(2160) Pause Young (Allocation Failure)
[2025-04-16T15:35:46.701+0000][3440.710s][info][gc,heap        ] GC(2160) DefNew: 9163K(10176K)->76K(10176K) Eden: 9088K(9088K)->0K(9088K) From: 75K(1088K)->76K(1088K)
[2025-04-16T15:35:46.701+0000][3440.710s][info][gc,heap        ] GC(2160) Tenured: 15342K(22484K)->15342K(22484K)
[2025-04-16T15:35:46.701+0000][3440.710s][info][gc,metaspace   ] GC(2160) Metaspace: 37483K(37824K)->37483K(37824K) NonClass: 33055K(33216K)->33055K(33216K) Class: 4427K(4608K)->4427K(4608K)
[2025-04-16T15:35:46.701+0000][3440.710s][info][gc             ] GC(2160) Pause Young (Allocation Failure) 23M->15M(31M) 1.241ms
[2025-04-16T15:35:46.701+0000][3440.710s][info][gc,cpu         ] GC(2160) User=0.00s Sys=0.00s Real=0.00s
[2025-04-16T15:35:48.071+0000][3442.080s][info][gc,start       ] GC(2161) Pause Young (Allocation Failure)
[2025-04-16T15:35:48.072+0000][3442.081s][info][gc,heap        ] GC(2161) DefNew: 9164K(10176K)->90K(10176K) Eden: 9088K(9088K)->0K(9088K) From: 76K(1088K)->90K(1088K)
[2025-04-16T15:35:48.072+0000][3442.081s][info][gc,heap        ] GC(2161) Tenured: 15342K(22484K)->15342K(22484K)
[2025-04-16T15:35:48.072+0000][3442.082s][info][gc,metaspace   ] GC(2161) Metaspace: 37483K(37824K)->37483K(37824K) NonClass: 33055K(33216K)->33055K(33216K) Class: 4427K(4608K)->4427K(4608K)
[2025-04-16T15:35:48.073+0000][3442.082s][info][gc             ] GC(2161) Pause Young (Allocation Failure) 23M->15M(31M) 1.275ms
[2025-04-16T15:35:48.073+0000][3442.082s][info][gc,cpu         ] GC(2161) User=0.00s Sys=0.00s Real=0.00s
[2025-04-16T15:35:49.734+0000][3443.743s][info][gc,start       ] GC(2162) Pause Young (Allocation Failure)
[2025-04-16T15:35:49.735+0000][3443.744s][info][gc,heap        ] GC(2162) DefNew: 9178K(10176K)->93K(10176K) Eden: 9088K(9088K)->0K(9088K) From: 90K(1088K)->93K(1088K)
[2025-04-16T15:35:49.735+0000][3443.744s][info][gc,heap        ] GC(2162) Tenured: 15342K(22484K)->15342K(22484K)
[2025-04-16T15:35:49.735+0000][3443.744s][info][gc,metaspace   ] GC(2162) Metaspace: 37483K(37824K)->37483K(37824K) NonClass: 33055K(33216K)->33055K(33216K) Class: 4427K(4608K)->4427K(4608K)
[2025-04-16T15:35:49.735+0000][3443.744s][info][gc             ] GC(2162) Pause Young (Allocation Failure) 23M->15M(31M) 1.296ms
[2025-04-16T15:35:49.735+0000][3443.744s][info][gc,cpu         ] GC(2162) User=0.00s Sys=0.00s Real=0.00s
[2025-04-16T15:35:51.492+0000][3445.501s][info][gc,start       ] GC(2163) Pause Young (Allocation Failure)
[2025-04-16T15:35:51.493+0000][3445.502s][info][gc,heap        ] GC(2163) DefNew: 9178K(10176K)->84K(10176K) Eden: 9084K(9088K)->0K(9088K) From: 93K(1088K)->84K(1088K)
[2025-04-16T15:35:51.493+0000][3445.502s][info][gc,heap        ] GC(2163) Tenured: 15342K(22484K)->15342K(22484K)
[2025-04-16T15:35:51.493+0000][3445.502s][info][gc,metaspace   ] GC(2163) Metaspace: 37483K(37824K)->37483K(37824K) NonClass: 33055K(33216K)->33055K(33216K) Class: 4427K(4608K)->4427K(4608K)
[2025-04-16T15:35:51.493+0000][3445.502s][info][gc             ] GC(2163) Pause Young (Allocation Failure) 23M->15M(31M) 1.157ms
[2025-04-16T15:35:51.493+0000][3445.502s][info][gc,cpu         ] GC(2163) User=0.00s Sys=0.00s Real=0.00s
[2025-04-16T15:35:53.047+0000][3447.056s][info][gc,start       ] GC(2164) Pause Young (Allocation Failure)
[2025-04-16T15:35:53.049+0000][3447.058s][info][gc,heap        ] GC(2164) DefNew: 9172K(10176K)->78K(10176K) Eden: 9088K(9088K)->0K(9088K) From: 84K(1088K)->78K(1088K)
[2025-04-16T15:35:53.049+0000][3447.058s][info][gc,heap        ] GC(2164) Tenured: 15342K(22484K)->15343K(22484K)
[2025-04-16T15:35:53.049+0000][3447.058s][info][gc,metaspace   ] GC(2164) Metaspace: 37483K(37824K)->37483K(37824K) NonClass: 33055K(33216K)->33055K(33216K) Class: 4427K(4608K)->4427K(4608K)
[2025-04-16T15:35:53.049+0000][3447.058s][info][gc             ] GC(2164) Pause Young (Allocation Failure) 23M->15M(31M) 1.271ms
[2025-04-16T15:35:53.049+0000][3447.058s][info][gc,cpu         ] GC(2164) User=0.00s Sys=0.00s Real=0.00s
[2025-04-16T15:35:54.493+0000][3448.502s][info][gc,start       ] GC(2165) Pause Young (Allocation Failure)
[2025-04-16T15:35:54.494+0000][3448.503s][info][gc,heap        ] GC(2165) DefNew: 9166K(10176K)->76K(10176K) Eden: 9088K(9088K)->0K(9088K) From: 78K(1088K)->76K(1088K)
[2025-04-16T15:35:54.494+0000][3448.503s][info][gc,heap        ] GC(2165) Tenured: 15343K(22484K)->15343K(22484K)
[2025-04-16T15:35:54.494+0000][3448.503s][info][gc,metaspace   ] GC(2165) Metaspace: 37483K(37824K)->37483K(37824K) NonClass: 33055K(33216K)->33055K(33216K) Class: 4427K(4608K)->4427K(4608K)
[2025-04-16T15:35:54.494+0000][3448.503s][info][gc             ] GC(2165) Pause Young (Allocation Failure) 23M->15M(31M) 1.299ms
[2025-04-16T15:35:54.494+0000][3448.503s][info][gc,cpu         ] GC(2165) User=0.00s Sys=0.00s Real=0.01s
[2025-04-16T15:35:56.006+0000][3450.015s][info][gc,start       ] GC(2166) Pause Young (Allocation Failure)
[2025-04-16T15:35:56.007+0000][3450.016s][info][gc,heap        ] GC(2166) DefNew: 9164K(10176K)->74K(10176K) Eden: 9088K(9088K)->0K(9088K) From: 76K(1088K)->74K(1088K)
[2025-04-16T15:35:56.007+0000][3450.016s][info][gc,heap        ] GC(2166) Tenured: 15343K(22484K)->15343K(22484K)
[2025-04-16T15:35:56.007+0000][3450.016s][info][gc,metaspace   ] GC(2166) Metaspace: 37483K(37824K)->37483K(37824K) NonClass: 33055K(33216K)->33055K(33216K) Class: 4427K(4608K)->4427K(4608K)
[2025-04-16T15:35:56.007+0000][3450.016s][info][gc             ] GC(2166) Pause Young (Allocation Failure) 23M->15M(31M) 1.199ms
[2025-04-16T15:35:56.007+0000][3450.016s][info][gc,cpu         ] GC(2166) User=0.00s Sys=0.00s Real=0.00s
[2025-04-16T15:35:57.775+0000][3451.784s][info][gc,start       ] GC(2167) Pause Young (Allocation Failure)
[2025-04-16T15:35:57.776+0000][3451.785s][info][gc,heap        ] GC(2167) DefNew: 9162K(10176K)->73K(10176K) Eden: 9088K(9088K)->0K(9088K) From: 74K(1088K)->73K(1088K)
[2025-04-16T15:35:57.776+0000][3451.785s][info][gc,heap        ] GC(2167) Tenured: 15343K(22484K)->15343K(22484K)
[2025-04-16T15:35:57.776+0000][3451.785s][info][gc,metaspace   ] GC(2167) Metaspace: 37483K(37824K)->37483K(37824K) NonClass: 33055K(33216K)->33055K(33216K) Class: 4427K(4608K)->4427K(4608K)
[2025-04-16T15:35:57.776+0000][3451.785s][info][gc             ] GC(2167) Pause Young (Allocation Failure) 23M->15M(31M) 1.326ms
[2025-04-16T15:35:57.776+0000][3451.785s][info][gc,cpu         ] GC(2167) User=0.00s Sys=0.00s Real=0.00s
[2025-04-16T15:35:59.457+0000][3453.467s][info][gc,start       ] GC(2168) Pause Young (Allocation Failure)
[2025-04-16T15:35:59.459+0000][3453.468s][info][gc,heap        ] GC(2168) DefNew: 9161K(10176K)->93K(10176K) Eden: 9088K(9088K)->0K(9088K) From: 73K(1088K)->93K(1088K)
[2025-04-16T15:35:59.459+0000][3453.468s][info][gc,heap        ] GC(2168) Tenured: 15343K(22484K)->15344K(22484K)
[2025-04-16T15:35:59.459+0000][3453.468s][info][gc,metaspace   ] GC(2168) Metaspace: 37483K(37824K)->37483K(37824K) NonClass: 33055K(33216K)->33055K(33216K) Class: 4427K(4608K)->4427K(4608K)
[2025-04-16T15:35:59.459+0000][3453.468s][info][gc             ] GC(2168) Pause Young (Allocation Failure) 23M->15M(31M) 1.372ms
[2025-04-16T15:35:59.459+0000][3453.468s][info][gc,cpu         ] GC(2168) User=0.00s Sys=0.00s Real=0.00s
[2025-04-16T15:36:01.108+0000][3455.117s][info][gc,start       ] GC(2169) Pause Young (Allocation Failure)
[2025-04-16T15:36:01.109+0000][3455.118s][info][gc,heap        ] GC(2169) DefNew: 9181K(10176K)->75K(10176K) Eden: 9088K(9088K)->0K(9088K) From: 93K(1088K)->75K(1088K)
[2025-04-16T15:36:01.109+0000][3455.118s][info][gc,heap        ] GC(2169) Tenured: 15344K(22484K)->15344K(22484K)
[2025-04-16T15:36:01.109+0000][3455.118s][info][gc,metaspace   ] GC(2169) Metaspace: 37483K(37824K)->37483K(37824K) NonClass: 33055K(33216K)->33055K(33216K) Class: 4427K(4608K)->4427K(4608K)
[2025-04-16T15:36:01.109+0000][3455.118s][info][gc             ] GC(2169) Pause Young (Allocation Failure) 23M->15M(31M) 1.169ms
[2025-04-16T15:36:01.109+0000][3455.118s][info][gc,cpu         ] GC(2169) User=0.00s Sys=0.00s Real=0.00s
[2025-04-16T15:36:02.436+0000][3456.445s][info][gc,start       ] GC(2170) Pause Young (Allocation Failure)
[2025-04-16T15:36:02.437+0000][3456.446s][info][gc,heap        ] GC(2170) DefNew: 9163K(10176K)->67K(10176K) Eden: 9088K(9088K)->0K(9088K) From: 75K(1088K)->67K(1088K)
[2025-04-16T15:36:02.437+0000][3456.446s][info][gc,heap        ] GC(2170) Tenured: 15344K(22484K)->15344K(22484K)
[2025-04-16T15:36:02.437+0000][3456.446s][info][gc,metaspace   ] GC(2170) Metaspace: 37483K(37824K)->37483K(37824K) NonClass: 33055K(33216K)->33055K(33216K) Class: 4427K(4608K)->4427K(4608K)
[2025-04-16T15:36:02.437+0000][3456.446s][info][gc             ] GC(2170) Pause Young (Allocation Failure) 23M->15M(31M) 1.356ms
[2025-04-16T15:36:02.437+0000][3456.446s][info][gc,cpu         ] GC(2170) User=0.00s Sys=0.00s Real=0.00s
[2025-04-16T15:36:04.164+0000][3458.173s][info][gc,start       ] GC(2171) Pause Young (Allocation Failure)
[2025-04-16T15:36:04.165+0000][3458.174s][info][gc,heap        ] GC(2171) DefNew: 9155K(10176K)->78K(10176K) Eden: 9088K(9088K)->0K(9088K) From: 67K(1088K)->78K(1088K)
[2025-04-16T15:36:04.165+0000][3458.174s][info][gc,heap        ] GC(2171) Tenured: 15344K(22484K)->15344K(22484K)
[2025-04-16T15:36:04.165+0000][3458.174s][info][gc,metaspace   ] GC(2171) Metaspace: 37483K(37824K)->37483K(37824K) NonClass: 33055K(33216K)->33055K(33216K) Class: 4427K(4608K)->4427K(4608K)
[2025-04-16T15:36:04.165+0000][3458.174s][info][gc             ] GC(2171) Pause Young (Allocation Failure) 23M->15M(31M) 1.336ms
[2025-04-16T15:36:04.165+0000][3458.174s][info][gc,cpu         ] GC(2171) User=0.00s Sys=0.00s Real=0.01s
[2025-04-16T15:36:05.862+0000][3459.871s][info][gc,start       ] GC(2172) Pause Young (Allocation Failure)
[2025-04-16T15:36:05.863+0000][3459.872s][info][gc,heap        ] GC(2172) DefNew: 9166K(10176K)->75K(10176K) Eden: 9087K(9088K)->0K(9088K) From: 78K(1088K)->75K(1088K)
[2025-04-16T15:36:05.863+0000][3459.872s][info][gc,heap        ] GC(2172) Tenured: 15344K(22484K)->15344K(22484K)
[2025-04-16T15:36:05.863+0000][3459.872s][info][gc,metaspace   ] GC(2172) Metaspace: 37483K(37824K)->37483K(37824K) NonClass: 33055K(33216K)->33055K(33216K) Class: 4427K(4608K)->4427K(4608K)
[2025-04-16T15:36:05.863+0000][3459.872s][info][gc             ] GC(2172) Pause Young (Allocation Failure) 23M->15M(31M) 1.317ms
[2025-04-16T15:36:05.863+0000][3459.872s][info][gc,cpu         ] GC(2172) User=0.00s Sys=0.00s Real=0.00s
[2025-04-16T15:36:07.364+0000][3461.373s][info][gc,start       ] GC(2173) Pause Young (Allocation Failure)
[2025-04-16T15:36:07.365+0000][3461.374s][info][gc,heap        ] GC(2173) DefNew: 9157K(10176K)->89K(10176K) Eden: 9081K(9088K)->0K(9088K) From: 75K(1088K)->89K(1088K)
[2025-04-16T15:36:07.365+0000][3461.374s][info][gc,heap        ] GC(2173) Tenured: 15344K(22484K)->15344K(22484K)
[2025-04-16T15:36:07.365+0000][3461.374s][info][gc,metaspace   ] GC(2173) Metaspace: 37483K(37824K)->37483K(37824K) NonClass: 33055K(33216K)->33055K(33216K) Class: 4427K(4608K)->4427K(4608K)
[2025-04-16T15:36:07.365+0000][3461.374s][info][gc             ] GC(2173) Pause Young (Allocation Failure) 23M->15M(31M) 1.214ms
[2025-04-16T15:36:07.365+0000][3461.374s][info][gc,cpu         ] GC(2173) User=0.00s Sys=0.00s Real=0.01s
[2025-04-16T15:36:08.899+0000][3462.908s][info][gc,start       ] GC(2174) Pause Young (Allocation Failure)
[2025-04-16T15:36:08.900+0000][3462.909s][info][gc,heap        ] GC(2174) DefNew: 9172K(10176K)->101K(10176K) Eden: 9082K(9088K)->0K(9088K) From: 89K(1088K)->101K(1088K)
[2025-04-16T15:36:08.900+0000][3462.909s][info][gc,heap        ] GC(2174) Tenured: 15344K(22484K)->15344K(22484K)
[2025-04-16T15:36:08.900+0000][3462.909s][info][gc,metaspace   ] GC(2174) Metaspace: 37483K(37824K)->37483K(37824K) NonClass: 33055K(33216K)->33055K(33216K) Class: 4427K(4608K)->4427K(4608K)
[2025-04-16T15:36:08.900+0000][3462.909s][info][gc             ] GC(2174) Pause Young (Allocation Failure) 23M->15M(31M) 1.226ms
[2025-04-16T15:36:08.900+0000][3462.909s][info][gc,cpu         ] GC(2174) User=0.00s Sys=0.00s Real=0.00s
[2025-04-16T15:36:10.620+0000][3464.629s][info][gc,start       ] GC(2175) Pause Young (Allocation Failure)
[2025-04-16T15:36:10.621+0000][3464.630s][info][gc,heap        ] GC(2175) DefNew: 9189K(10176K)->98K(10176K) Eden: 9088K(9088K)->0K(9088K) From: 101K(1088K)->98K(1088K)
[2025-04-16T15:36:10.621+0000][3464.630s][info][gc,heap        ] GC(2175) Tenured: 15344K(22484K)->15346K(22484K)
[2025-04-16T15:36:10.621+0000][3464.630s][info][gc,metaspace   ] GC(2175) Metaspace: 37483K(37824K)->37483K(37824K) NonClass: 33055K(33216K)->33055K(33216K) Class: 4427K(4608K)->4427K(4608K)
[2025-04-16T15:36:10.621+0000][3464.630s][info][gc             ] GC(2175) Pause Young (Allocation Failure) 23M->15M(31M) 1.368ms
[2025-04-16T15:36:10.621+0000][3464.630s][info][gc,cpu         ] GC(2175) User=0.00s Sys=0.00s Real=0.00s
[2025-04-16T15:36:12.164+0000][3466.173s][info][gc,start       ] GC(2176) Pause Young (Allocation Failure)
[2025-04-16T15:36:12.165+0000][3466.174s][info][gc,heap        ] GC(2176) DefNew: 9186K(10176K)->102K(10176K) Eden: 9088K(9088K)->0K(9088K) From: 98K(1088K)->102K(1088K)
[2025-04-16T15:36:12.165+0000][3466.174s][info][gc,heap        ] GC(2176) Tenured: 15346K(22484K)->15346K(22484K)
[2025-04-16T15:36:12.165+0000][3466.174s][info][gc,metaspace   ] GC(2176) Metaspace: 37483K(37824K)->37483K(37824K) NonClass: 33055K(33216K)->33055K(33216K) Class: 4427K(4608K)->4427K(4608K)
[2025-04-16T15:36:12.165+0000][3466.174s][info][gc             ] GC(2176) Pause Young (Allocation Failure) 23M->15M(31M) 1.239ms
[2025-04-16T15:36:12.165+0000][3466.174s][info][gc,cpu         ] GC(2176) User=0.00s Sys=0.00s Real=0.00s
[2025-04-16T15:36:13.864+0000][3467.873s][info][gc,start       ] GC(2177) Pause Young (Allocation Failure)
[2025-04-16T15:36:13.865+0000][3467.874s][info][gc,heap        ] GC(2177) DefNew: 9190K(10176K)->101K(10176K) Eden: 9087K(9088K)->0K(9088K) From: 102K(1088K)->101K(1088K)
[2025-04-16T15:36:13.865+0000][3467.874s][info][gc,heap        ] GC(2177) Tenured: 15346K(22484K)->15346K(22484K)
[2025-04-16T15:36:13.865+0000][3467.874s][info][gc,metaspace   ] GC(2177) Metaspace: 37483K(37824K)->37483K(37824K) NonClass: 33055K(33216K)->33055K(33216K) Class: 4427K(4608K)->4427K(4608K)
[2025-04-16T15:36:13.865+0000][3467.874s][info][gc             ] GC(2177) Pause Young (Allocation Failure) 23M->15M(31M) 1.367ms
[2025-04-16T15:36:13.865+0000][3467.874s][info][gc,cpu         ] GC(2177) User=0.00s Sys=0.00s Real=0.01s
[2025-04-16T15:36:15.720+0000][3469.729s][info][gc,start       ] GC(2178) Pause Young (Allocation Failure)
[2025-04-16T15:36:15.721+0000][3469.730s][info][gc,heap        ] GC(2178) DefNew: 9179K(10176K)->87K(10176K) Eden: 9077K(9088K)->0K(9088K) From: 101K(1088K)->87K(1088K)
[2025-04-16T15:36:15.721+0000][3469.730s][info][gc,heap        ] GC(2178) Tenured: 15346K(22484K)->15347K(22484K)
[2025-04-16T15:36:15.721+0000][3469.730s][info][gc,metaspace   ] GC(2178) Metaspace: 37483K(37824K)->37483K(37824K) NonClass: 33055K(33216K)->33055K(33216K) Class: 4427K(4608K)->4427K(4608K)
[2025-04-16T15:36:15.721+0000][3469.730s][info][gc             ] GC(2178) Pause Young (Allocation Failure) 23M->15M(31M) 1.287ms
[2025-04-16T15:36:15.721+0000][3469.730s][info][gc,cpu         ] GC(2178) User=0.00s Sys=0.00s Real=0.00s
[2025-04-16T15:36:17.122+0000][3471.131s][info][gc,start       ] GC(2179) Pause Young (Allocation Failure)
[2025-04-16T15:36:17.123+0000][3471.132s][info][gc,heap        ] GC(2179) DefNew: 9175K(10176K)->93K(10176K) Eden: 9088K(9088K)->0K(9088K) From: 87K(1088K)->93K(1088K)
[2025-04-16T15:36:17.123+0000][3471.132s][info][gc,heap        ] GC(2179) Tenured: 15347K(22484K)->15347K(22484K)
[2025-04-16T15:36:17.123+0000][3471.132s][info][gc,metaspace   ] GC(2179) Metaspace: 37483K(37824K)->37483K(37824K) NonClass: 33055K(33216K)->33055K(33216K) Class: 4427K(4608K)->4427K(4608K)
[2025-04-16T15:36:17.123+0000][3471.132s][info][gc             ] GC(2179) Pause Young (Allocation Failure) 23M->15M(31M) 1.293ms
[2025-04-16T15:36:17.123+0000][3471.132s][info][gc,cpu         ] GC(2179) User=0.01s Sys=0.00s Real=0.00s
[2025-04-16T15:36:18.392+0000][3472.401s][info][gc,start       ] GC(2180) Pause Young (Allocation Failure)
[2025-04-16T15:36:18.393+0000][3472.402s][info][gc,heap        ] GC(2180) DefNew: 9181K(10176K)->107K(10176K) Eden: 9088K(9088K)->0K(9088K) From: 93K(1088K)->107K(1088K)
[2025-04-16T15:36:18.393+0000][3472.402s][info][gc,heap        ] GC(2180) Tenured: 15347K(22484K)->15347K(22484K)
[2025-04-16T15:36:18.393+0000][3472.402s][info][gc,metaspace   ] GC(2180) Metaspace: 37483K(37824K)->37483K(37824K) NonClass: 33055K(33216K)->33055K(33216K) Class: 4427K(4608K)->4427K(4608K)
[2025-04-16T15:36:18.393+0000][3472.402s][info][gc             ] GC(2180) Pause Young (Allocation Failure) 23M->15M(31M) 1.329ms
[2025-04-16T15:36:18.393+0000][3472.402s][info][gc,cpu         ] GC(2180) User=0.00s Sys=0.00s Real=0.00s
[2025-04-16T15:36:20.129+0000][3474.138s][info][gc,start       ] GC(2181) Pause Young (Allocation Failure)
[2025-04-16T15:36:20.130+0000][3474.139s][info][gc,heap        ] GC(2181) DefNew: 9195K(10176K)->102K(10176K) Eden: 9088K(9088K)->0K(9088K) From: 107K(1088K)->102K(1088K)
[2025-04-16T15:36:20.130+0000][3474.139s][info][gc,heap        ] GC(2181) Tenured: 15347K(22484K)->15347K(22484K)
[2025-04-16T15:36:20.130+0000][3474.139s][info][gc,metaspace   ] GC(2181) Metaspace: 37483K(37824K)->37483K(37824K) NonClass: 33055K(33216K)->33055K(33216K) Class: 4427K(4608K)->4427K(4608K)
[2025-04-16T15:36:20.130+0000][3474.139s][info][gc             ] GC(2181) Pause Young (Allocation Failure) 23M->15M(31M) 1.223ms
[2025-04-16T15:36:20.130+0000][3474.139s][info][gc,cpu         ] GC(2181) User=0.00s Sys=0.00s Real=0.00s
[2025-04-16T15:36:21.646+0000][3475.655s][info][gc,start       ] GC(2182) Pause Young (Allocation Failure)
[2025-04-16T15:36:21.647+0000][3475.656s][info][gc,heap        ] GC(2182) DefNew: 9190K(10176K)->89K(10176K) Eden: 9087K(9088K)->0K(9088K) From: 102K(1088K)->89K(1088K)
[2025-04-16T15:36:21.647+0000][3475.656s][info][gc,heap        ] GC(2182) Tenured: 15347K(22484K)->15348K(22484K)
[2025-04-16T15:36:21.647+0000][3475.656s][info][gc,metaspace   ] GC(2182) Metaspace: 37483K(37824K)->37483K(37824K) NonClass: 33055K(33216K)->33055K(33216K) Class: 4427K(4608K)->4427K(4608K)
[2025-04-16T15:36:21.647+0000][3475.656s][info][gc             ] GC(2182) Pause Young (Allocation Failure) 23M->15M(31M) 1.283ms
[2025-04-16T15:36:21.647+0000][3475.656s][info][gc,cpu         ] GC(2182) User=0.00s Sys=0.00s Real=0.00s
[2025-04-16T15:36:23.298+0000][3477.307s][info][gc,start       ] GC(2183) Pause Young (Allocation Failure)
[2025-04-16T15:36:23.299+0000][3477.308s][info][gc,heap        ] GC(2183) DefNew: 9177K(10176K)->88K(10176K) Eden: 9088K(9088K)->0K(9088K) From: 89K(1088K)->88K(1088K)
[2025-04-16T15:36:23.299+0000][3477.308s][info][gc,heap        ] GC(2183) Tenured: 15348K(22484K)->15348K(22484K)
[2025-04-16T15:36:23.299+0000][3477.308s][info][gc,metaspace   ] GC(2183) Metaspace: 37483K(37824K)->37483K(37824K) NonClass: 33055K(33216K)->33055K(33216K) Class: 4427K(4608K)->4427K(4608K)
[2025-04-16T15:36:23.299+0000][3477.308s][info][gc             ] GC(2183) Pause Young (Allocation Failure) 23M->15M(31M) 1.272ms
[2025-04-16T15:36:23.299+0000][3477.308s][info][gc,cpu         ] GC(2183) User=0.00s Sys=0.00s Real=0.00s
[2025-04-16T15:36:25.028+0000][3479.037s][info][gc,start       ] GC(2184) Pause Young (Allocation Failure)
[2025-04-16T15:36:25.029+0000][3479.038s][info][gc,heap        ] GC(2184) DefNew: 9176K(10176K)->100K(10176K) Eden: 9088K(9088K)->0K(9088K) From: 88K(1088K)->100K(1088K)
[2025-04-16T15:36:25.029+0000][3479.038s][info][gc,heap        ] GC(2184) Tenured: 15348K(22484K)->15348K(22484K)
[2025-04-16T15:36:25.029+0000][3479.038s][info][gc,metaspace   ] GC(2184) Metaspace: 37483K(37824K)->37483K(37824K) NonClass: 33055K(33216K)->33055K(33216K) Class: 4427K(4608K)->4427K(4608K)
[2025-04-16T15:36:25.029+0000][3479.038s][info][gc             ] GC(2184) Pause Young (Allocation Failure) 23M->15M(31M) 1.355ms
[2025-04-16T15:36:25.029+0000][3479.038s][info][gc,cpu         ] GC(2184) User=0.00s Sys=0.00s Real=0.00s
[2025-04-16T15:36:26.598+0000][3480.607s][info][gc,start       ] GC(2185) Pause Young (Allocation Failure)
[2025-04-16T15:36:26.600+0000][3480.609s][info][gc,heap        ] GC(2185) DefNew: 9182K(10176K)->120K(10176K) Eden: 9081K(9088K)->0K(9088K) From: 100K(1088K)->120K(1088K)
[2025-04-16T15:36:26.600+0000][3480.609s][info][gc,heap        ] GC(2185) Tenured: 15348K(22484K)->15351K(22484K)
[2025-04-16T15:36:26.600+0000][3480.609s][info][gc,metaspace   ] GC(2185) Metaspace: 37483K(37824K)->37483K(37824K) NonClass: 33055K(33216K)->33055K(33216K) Class: 4427K(4608K)->4427K(4608K)
[2025-04-16T15:36:26.600+0000][3480.609s][info][gc             ] GC(2185) Pause Young (Allocation Failure) 23M->15M(31M) 1.364ms
[2025-04-16T15:36:26.600+0000][3480.609s][info][gc,cpu         ] GC(2185) User=0.00s Sys=0.00s Real=0.00s
[2025-04-16T15:36:28.130+0000][3482.139s][info][gc,start       ] GC(2186) Pause Young (Allocation Failure)
[2025-04-16T15:36:28.132+0000][3482.141s][info][gc,heap        ] GC(2186) DefNew: 9208K(10176K)->101K(10176K) Eden: 9088K(9088K)->0K(9088K) From: 120K(1088K)->101K(1088K)
[2025-04-16T15:36:28.132+0000][3482.141s][info][gc,heap        ] GC(2186) Tenured: 15351K(22484K)->15351K(22484K)
[2025-04-16T15:36:28.132+0000][3482.141s][info][gc,metaspace   ] GC(2186) Metaspace: 37483K(37824K)->37483K(37824K) NonClass: 33055K(33216K)->33055K(33216K) Class: 4427K(4608K)->4427K(4608K)
[2025-04-16T15:36:28.132+0000][3482.141s][info][gc             ] GC(2186) Pause Young (Allocation Failure) 23M->15M(31M) 1.255ms
[2025-04-16T15:36:28.132+0000][3482.141s][info][gc,cpu         ] GC(2186) User=0.00s Sys=0.00s Real=0.00s
[2025-04-16T15:36:29.708+0000][3483.717s][info][gc,start       ] GC(2187) Pause Young (Allocation Failure)
[2025-04-16T15:36:29.709+0000][3483.718s][info][gc,heap        ] GC(2187) DefNew: 9189K(10176K)->97K(10176K) Eden: 9087K(9088K)->0K(9088K) From: 101K(1088K)->97K(1088K)
[2025-04-16T15:36:29.709+0000][3483.718s][info][gc,heap        ] GC(2187) Tenured: 15351K(22484K)->15352K(22484K)
[2025-04-16T15:36:29.709+0000][3483.718s][info][gc,metaspace   ] GC(2187) Metaspace: 37483K(37824K)->37483K(37824K) NonClass: 33055K(33216K)->33055K(33216K) Class: 4427K(4608K)->4427K(4608K)
[2025-04-16T15:36:29.709+0000][3483.718s][info][gc             ] GC(2187) Pause Young (Allocation Failure) 23M->15M(31M) 1.319ms
[2025-04-16T15:36:29.709+0000][3483.718s][info][gc,cpu         ] GC(2187) User=0.00s Sys=0.00s Real=0.00s
[2025-04-16T15:36:31.328+0000][3485.337s][info][gc,start       ] GC(2188) Pause Young (Allocation Failure)
[2025-04-16T15:36:31.329+0000][3485.338s][info][gc,heap        ] GC(2188) DefNew: 9181K(10176K)->101K(10176K) Eden: 9084K(9088K)->0K(9088K) From: 97K(1088K)->101K(1088K)
[2025-04-16T15:36:31.329+0000][3485.338s][info][gc,heap        ] GC(2188) Tenured: 15352K(22484K)->15354K(22484K)
[2025-04-16T15:36:31.329+0000][3485.338s][info][gc,metaspace   ] GC(2188) Metaspace: 37483K(37824K)->37483K(37824K) NonClass: 33055K(33216K)->33055K(33216K) Class: 4427K(4608K)->4427K(4608K)
[2025-04-16T15:36:31.329+0000][3485.338s][info][gc             ] GC(2188) Pause Young (Allocation Failure) 23M->15M(31M) 1.228ms
[2025-04-16T15:36:31.329+0000][3485.338s][info][gc,cpu         ] GC(2188) User=0.00s Sys=0.00s Real=0.00s
[2025-04-16T15:36:33.008+0000][3487.017s][info][gc,start       ] GC(2189) Pause Young (Allocation Failure)
[2025-04-16T15:36:33.009+0000][3487.018s][info][gc,heap        ] GC(2189) DefNew: 9189K(10176K)->85K(10176K) Eden: 9088K(9088K)->0K(9088K) From: 101K(1088K)->85K(1088K)
[2025-04-16T15:36:33.009+0000][3487.018s][info][gc,heap        ] GC(2189) Tenured: 15354K(22484K)->15354K(22484K)
[2025-04-16T15:36:33.009+0000][3487.018s][info][gc,metaspace   ] GC(2189) Metaspace: 37483K(37824K)->37483K(37824K) NonClass: 33055K(33216K)->33055K(33216K) Class: 4427K(4608K)->4427K(4608K)
[2025-04-16T15:36:33.009+0000][3487.019s][info][gc             ] GC(2189) Pause Young (Allocation Failure) 23M->15M(31M) 1.293ms
[2025-04-16T15:36:33.010+0000][3487.019s][info][gc,cpu         ] GC(2189) User=0.00s Sys=0.00s Real=0.00s
[2025-04-16T15:36:34.532+0000][3488.541s][info][gc,start       ] GC(2190) Pause Young (Allocation Failure)
[2025-04-16T15:36:34.533+0000][3488.542s][info][gc,heap        ] GC(2190) DefNew: 9173K(10176K)->121K(10176K) Eden: 9088K(9088K)->0K(9088K) From: 85K(1088K)->121K(1088K)
[2025-04-16T15:36:34.533+0000][3488.542s][info][gc,heap        ] GC(2190) Tenured: 15354K(22484K)->15358K(22484K)
[2025-04-16T15:36:34.533+0000][3488.542s][info][gc,metaspace   ] GC(2190) Metaspace: 37483K(37824K)->37483K(37824K) NonClass: 33055K(33216K)->33055K(33216K) Class: 4427K(4608K)->4427K(4608K)
[2025-04-16T15:36:34.533+0000][3488.542s][info][gc             ] GC(2190) Pause Young (Allocation Failure) 23M->15M(31M) 1.458ms
[2025-04-16T15:36:34.533+0000][3488.542s][info][gc,cpu         ] GC(2190) User=0.00s Sys=0.00s Real=0.00s
[2025-04-16T15:36:36.322+0000][3490.331s][info][gc,start       ] GC(2191) Pause Young (Allocation Failure)
[2025-04-16T15:36:36.323+0000][3490.332s][info][gc,heap        ] GC(2191) DefNew: 9209K(10176K)->81K(10176K) Eden: 9088K(9088K)->0K(9088K) From: 121K(1088K)->81K(1088K)
[2025-04-16T15:36:36.323+0000][3490.332s][info][gc,heap        ] GC(2191) Tenured: 15358K(22484K)->15358K(22484K)
[2025-04-16T15:36:36.323+0000][3490.332s][info][gc,metaspace   ] GC(2191) Metaspace: 37483K(37824K)->37483K(37824K) NonClass: 33055K(33216K)->33055K(33216K) Class: 4427K(4608K)->4427K(4608K)
[2025-04-16T15:36:36.323+0000][3490.332s][info][gc             ] GC(2191) Pause Young (Allocation Failure) 23M->15M(31M) 1.189ms
[2025-04-16T15:36:36.323+0000][3490.332s][info][gc,cpu         ] GC(2191) User=0.01s Sys=0.00s Real=0.00s
[2025-04-16T15:36:37.872+0000][3491.881s][info][gc,start       ] GC(2192) Pause Young (Allocation Failure)
[2025-04-16T15:36:37.873+0000][3491.882s][info][gc,heap        ] GC(2192) DefNew: 9169K(10176K)->85K(10176K) Eden: 9088K(9088K)->0K(9088K) From: 81K(1088K)->85K(1088K)
[2025-04-16T15:36:37.873+0000][3491.882s][info][gc,heap        ] GC(2192) Tenured: 15358K(22484K)->15359K(22484K)
[2025-04-16T15:36:37.873+0000][3491.882s][info][gc,metaspace   ] GC(2192) Metaspace: 37483K(37824K)->37483K(37824K) NonClass: 33055K(33216K)->33055K(33216K) Class: 4427K(4608K)->4427K(4608K)
[2025-04-16T15:36:37.873+0000][3491.882s][info][gc             ] GC(2192) Pause Young (Allocation Failure) 23M->15M(31M) 1.258ms
[2025-04-16T15:36:37.873+0000][3491.882s][info][gc,cpu         ] GC(2192) User=0.00s Sys=0.00s Real=0.00s
[2025-04-16T15:36:39.349+0000][3493.358s][info][gc,start       ] GC(2193) Pause Young (Allocation Failure)
[2025-04-16T15:36:39.350+0000][3493.359s][info][gc,heap        ] GC(2193) DefNew: 9173K(10176K)->96K(10176K) Eden: 9088K(9088K)->0K(9088K) From: 85K(1088K)->96K(1088K)
[2025-04-16T15:36:39.350+0000][3493.359s][info][gc,heap        ] GC(2193) Tenured: 15359K(22484K)->15359K(22484K)
[2025-04-16T15:36:39.350+0000][3493.359s][info][gc,metaspace   ] GC(2193) Metaspace: 37483K(37824K)->37483K(37824K) NonClass: 33055K(33216K)->33055K(33216K) Class: 4427K(4608K)->4427K(4608K)
[2025-04-16T15:36:39.350+0000][3493.359s][info][gc             ] GC(2193) Pause Young (Allocation Failure) 23M->15M(31M) 1.247ms
[2025-04-16T15:36:39.350+0000][3493.359s][info][gc,cpu         ] GC(2193) User=0.01s Sys=0.00s Real=0.00s
[2025-04-16T15:36:41.165+0000][3495.174s][info][gc,start       ] GC(2194) Pause Young (Allocation Failure)
[2025-04-16T15:36:41.166+0000][3495.175s][info][gc,heap        ] GC(2194) DefNew: 9184K(10176K)->95K(10176K) Eden: 9088K(9088K)->0K(9088K) From: 96K(1088K)->95K(1088K)
[2025-04-16T15:36:41.166+0000][3495.175s][info][gc,heap        ] GC(2194) Tenured: 15359K(22484K)->15360K(22484K)
[2025-04-16T15:36:41.166+0000][3495.175s][info][gc,metaspace   ] GC(2194) Metaspace: 37483K(37824K)->37483K(37824K) NonClass: 33055K(33216K)->33055K(33216K) Class: 4427K(4608K)->4427K(4608K)
[2025-04-16T15:36:41.166+0000][3495.175s][info][gc             ] GC(2194) Pause Young (Allocation Failure) 23M->15M(31M) 1.431ms
[2025-04-16T15:36:41.166+0000][3495.175s][info][gc,cpu         ] GC(2194) User=0.00s Sys=0.00s Real=0.00s
[2025-04-16T15:36:42.579+0000][3496.588s][info][gc,start       ] GC(2195) Pause Young (Allocation Failure)
[2025-04-16T15:36:42.580+0000][3496.589s][info][gc,heap        ] GC(2195) DefNew: 9183K(10176K)->99K(10176K) Eden: 9088K(9088K)->0K(9088K) From: 95K(1088K)->99K(1088K)
[2025-04-16T15:36:42.580+0000][3496.589s][info][gc,heap        ] GC(2195) Tenured: 15360K(22484K)->15360K(22484K)
[2025-04-16T15:36:42.580+0000][3496.589s][info][gc,metaspace   ] GC(2195) Metaspace: 37483K(37824K)->37483K(37824K) NonClass: 33055K(33216K)->33055K(33216K) Class: 4427K(4608K)->4427K(4608K)
[2025-04-16T15:36:42.580+0000][3496.589s][info][gc             ] GC(2195) Pause Young (Allocation Failure) 23M->15M(31M) 1.356ms
[2025-04-16T15:36:42.580+0000][3496.589s][info][gc,cpu         ] GC(2195) User=0.00s Sys=0.00s Real=0.00s
[2025-04-16T15:36:44.259+0000][3498.268s][info][gc,start       ] GC(2196) Pause Young (Allocation Failure)
[2025-04-16T15:36:44.260+0000][3498.269s][info][gc,heap        ] GC(2196) DefNew: 9187K(10176K)->82K(10176K) Eden: 9088K(9088K)->0K(9088K) From: 99K(1088K)->82K(1088K)
[2025-04-16T15:36:44.260+0000][3498.270s][info][gc,heap        ] GC(2196) Tenured: 15360K(22484K)->15360K(22484K)
[2025-04-16T15:36:44.261+0000][3498.270s][info][gc,metaspace   ] GC(2196) Metaspace: 37483K(37824K)->37483K(37824K) NonClass: 33055K(33216K)->33055K(33216K) Class: 4427K(4608K)->4427K(4608K)
[2025-04-16T15:36:44.261+0000][3498.270s][info][gc             ] GC(2196) Pause Young (Allocation Failure) 23M->15M(31M) 1.187ms
[2025-04-16T15:36:44.261+0000][3498.270s][info][gc,cpu         ] GC(2196) User=0.00s Sys=0.00s Real=0.00s
[2025-04-16T15:36:45.816+0000][3499.825s][info][gc,start       ] GC(2197) Pause Young (Allocation Failure)
[2025-04-16T15:36:45.817+0000][3499.826s][info][gc,heap        ] GC(2197) DefNew: 9159K(10176K)->85K(10176K) Eden: 9077K(9088K)->0K(9088K) From: 82K(1088K)->85K(1088K)
[2025-04-16T15:36:45.817+0000][3499.826s][info][gc,heap        ] GC(2197) Tenured: 15360K(22484K)->15360K(22484K)
[2025-04-16T15:36:45.817+0000][3499.826s][info][gc,metaspace   ] GC(2197) Metaspace: 37483K(37824K)->37483K(37824K) NonClass: 33055K(33216K)->33055K(33216K) Class: 4427K(4608K)->4427K(4608K)
[2025-04-16T15:36:45.817+0000][3499.826s][info][gc             ] GC(2197) Pause Young (Allocation Failure) 23M->15M(31M) 1.325ms
[2025-04-16T15:36:45.817+0000][3499.826s][info][gc,cpu         ] GC(2197) User=0.01s Sys=0.00s Real=0.00s
[2025-04-16T15:36:47.498+0000][3501.507s][info][gc,start       ] GC(2198) Pause Young (Allocation Failure)
[2025-04-16T15:36:47.499+0000][3501.508s][info][gc,heap        ] GC(2198) DefNew: 9173K(10176K)->86K(10176K) Eden: 9088K(9088K)->0K(9088K) From: 85K(1088K)->86K(1088K)
[2025-04-16T15:36:47.499+0000][3501.508s][info][gc,heap        ] GC(2198) Tenured: 15360K(22484K)->15362K(22484K)
[2025-04-16T15:36:47.499+0000][3501.508s][info][gc,metaspace   ] GC(2198) Metaspace: 37483K(37824K)->37483K(37824K) NonClass: 33055K(33216K)->33055K(33216K) Class: 4427K(4608K)->4427K(4608K)
[2025-04-16T15:36:47.499+0000][3501.508s][info][gc             ] GC(2198) Pause Young (Allocation Failure) 23M->15M(31M) 1.357ms
[2025-04-16T15:36:47.499+0000][3501.508s][info][gc,cpu         ] GC(2198) User=0.01s Sys=0.00s Real=0.00s
[2025-04-16T15:36:49.003+0000][3503.012s][info][gc,start       ] GC(2199) Pause Young (Allocation Failure)
[2025-04-16T15:36:49.005+0000][3503.014s][info][gc,heap        ] GC(2199) DefNew: 9174K(10176K)->81K(10176K) Eden: 9088K(9088K)->0K(9088K) From: 86K(1088K)->81K(1088K)
[2025-04-16T15:36:49.005+0000][3503.014s][info][gc,heap        ] GC(2199) Tenured: 15362K(22484K)->15363K(22484K)
[2025-04-16T15:36:49.005+0000][3503.014s][info][gc,metaspace   ] GC(2199) Metaspace: 37483K(37824K)->37483K(37824K) NonClass: 33055K(33216K)->33055K(33216K) Class: 4427K(4608K)->4427K(4608K)
[2025-04-16T15:36:49.005+0000][3503.014s][info][gc             ] GC(2199) Pause Young (Allocation Failure) 23M->15M(31M) 1.298ms
[2025-04-16T15:36:49.005+0000][3503.014s][info][gc,cpu         ] GC(2199) User=0.00s Sys=0.00s Real=0.01s
[2025-04-16T15:36:50.572+0000][3504.581s][info][gc,start       ] GC(2200) Pause Young (Allocation Failure)
[2025-04-16T15:36:50.573+0000][3504.582s][info][gc,heap        ] GC(2200) DefNew: 9169K(10176K)->103K(10176K) Eden: 9088K(9088K)->0K(9088K) From: 81K(1088K)->103K(1088K)
[2025-04-16T15:36:50.573+0000][3504.582s][info][gc,heap        ] GC(2200) Tenured: 15363K(22484K)->15363K(22484K)
[2025-04-16T15:36:50.573+0000][3504.582s][info][gc,metaspace   ] GC(2200) Metaspace: 37483K(37824K)->37483K(37824K) NonClass: 33055K(33216K)->33055K(33216K) Class: 4427K(4608K)->4427K(4608K)
[2025-04-16T15:36:50.573+0000][3504.582s][info][gc             ] GC(2200) Pause Young (Allocation Failure) 23M->15M(31M) 1.365ms
[2025-04-16T15:36:50.573+0000][3504.582s][info][gc,cpu         ] GC(2200) User=0.00s Sys=0.00s Real=0.00s
[2025-04-16T15:36:52.134+0000][3506.143s][info][gc,start       ] GC(2201) Pause Young (Allocation Failure)
[2025-04-16T15:36:52.135+0000][3506.144s][info][gc,heap        ] GC(2201) DefNew: 9191K(10176K)->102K(10176K) Eden: 9088K(9088K)->0K(9088K) From: 103K(1088K)->102K(1088K)
[2025-04-16T15:36:52.135+0000][3506.144s][info][gc,heap        ] GC(2201) Tenured: 15363K(22484K)->15363K(22484K)
[2025-04-16T15:36:52.135+0000][3506.144s][info][gc,metaspace   ] GC(2201) Metaspace: 37483K(37824K)->37483K(37824K) NonClass: 33055K(33216K)->33055K(33216K) Class: 4427K(4608K)->4427K(4608K)
[2025-04-16T15:36:52.135+0000][3506.144s][info][gc             ] GC(2201) Pause Young (Allocation Failure) 23M->15M(31M) 1.316ms
[2025-04-16T15:36:52.135+0000][3506.144s][info][gc,cpu         ] GC(2201) User=0.00s Sys=0.00s Real=0.01s
[2025-04-16T15:36:53.769+0000][3507.778s][info][gc,start       ] GC(2202) Pause Young (Allocation Failure)
[2025-04-16T15:36:53.770+0000][3507.779s][info][gc,heap        ] GC(2202) DefNew: 9190K(10176K)->84K(10176K) Eden: 9088K(9088K)->0K(9088K) From: 102K(1088K)->84K(1088K)
[2025-04-16T15:36:53.770+0000][3507.779s][info][gc,heap        ] GC(2202) Tenured: 15363K(22484K)->15364K(22484K)
[2025-04-16T15:36:53.770+0000][3507.779s][info][gc,metaspace   ] GC(2202) Metaspace: 37483K(37824K)->37483K(37824K) NonClass: 33055K(33216K)->33055K(33216K) Class: 4427K(4608K)->4427K(4608K)
[2025-04-16T15:36:53.770+0000][3507.779s][info][gc             ] GC(2202) Pause Young (Allocation Failure) 23M->15M(31M) 1.291ms
[2025-04-16T15:36:53.770+0000][3507.779s][info][gc,cpu         ] GC(2202) User=0.01s Sys=0.00s Real=0.00s
[2025-04-16T15:36:55.236+0000][3509.245s][info][gc,start       ] GC(2203) Pause Young (Allocation Failure)
[2025-04-16T15:36:55.237+0000][3509.246s][info][gc,heap        ] GC(2203) DefNew: 9172K(10176K)->87K(10176K) Eden: 9088K(9088K)->0K(9088K) From: 84K(1088K)->87K(1088K)
[2025-04-16T15:36:55.237+0000][3509.246s][info][gc,heap        ] GC(2203) Tenured: 15364K(22484K)->15364K(22484K)
[2025-04-16T15:36:55.237+0000][3509.246s][info][gc,metaspace   ] GC(2203) Metaspace: 37483K(37824K)->37483K(37824K) NonClass: 33055K(33216K)->33055K(33216K) Class: 4427K(4608K)->4427K(4608K)
[2025-04-16T15:36:55.237+0000][3509.246s][info][gc             ] GC(2203) Pause Young (Allocation Failure) 23M->15M(31M) 1.376ms
[2025-04-16T15:36:55.237+0000][3509.246s][info][gc,cpu         ] GC(2203) User=0.00s Sys=0.00s Real=0.00s
[2025-04-16T15:36:56.911+0000][3510.920s][info][gc,start       ] GC(2204) Pause Young (Allocation Failure)
[2025-04-16T15:36:56.913+0000][3510.922s][info][gc,heap        ] GC(2204) DefNew: 9175K(10176K)->94K(10176K) Eden: 9088K(9088K)->0K(9088K) From: 87K(1088K)->94K(1088K)
[2025-04-16T15:36:56.913+0000][3510.922s][info][gc,heap        ] GC(2204) Tenured: 15364K(22484K)->15367K(22484K)
[2025-04-16T15:36:56.913+0000][3510.922s][info][gc,metaspace   ] GC(2204) Metaspace: 37483K(37824K)->37483K(37824K) NonClass: 33055K(33216K)->33055K(33216K) Class: 4427K(4608K)->4427K(4608K)
[2025-04-16T15:36:56.913+0000][3510.922s][info][gc             ] GC(2204) Pause Young (Allocation Failure) 23M->15M(31M) 1.392ms
[2025-04-16T15:36:56.913+0000][3510.922s][info][gc,cpu         ] GC(2204) User=0.00s Sys=0.00s Real=0.00s
[2025-04-16T15:36:58.390+0000][3512.399s][info][gc,start       ] GC(2205) Pause Young (Allocation Failure)
[2025-04-16T15:36:58.392+0000][3512.401s][info][gc,heap        ] GC(2205) DefNew: 9182K(10176K)->103K(10176K) Eden: 9088K(9088K)->0K(9088K) From: 94K(1088K)->103K(1088K)
[2025-04-16T15:36:58.392+0000][3512.401s][info][gc,heap        ] GC(2205) Tenured: 15367K(22484K)->15367K(22484K)
[2025-04-16T15:36:58.392+0000][3512.401s][info][gc,metaspace   ] GC(2205) Metaspace: 37483K(37824K)->37483K(37824K) NonClass: 33055K(33216K)->33055K(33216K) Class: 4427K(4608K)->4427K(4608K)
[2025-04-16T15:36:58.392+0000][3512.401s][info][gc             ] GC(2205) Pause Young (Allocation Failure) 23M->15M(31M) 1.274ms
[2025-04-16T15:36:58.392+0000][3512.401s][info][gc,cpu         ] GC(2205) User=0.00s Sys=0.00s Real=0.00s
[2025-04-16T15:37:00.247+0000][3514.256s][info][gc,start       ] GC(2206) Pause Young (Allocation Failure)
[2025-04-16T15:37:00.248+0000][3514.257s][info][gc,heap        ] GC(2206) DefNew: 9191K(10176K)->77K(10176K) Eden: 9088K(9088K)->0K(9088K) From: 103K(1088K)->77K(1088K)
[2025-04-16T15:37:00.248+0000][3514.257s][info][gc,heap        ] GC(2206) Tenured: 15367K(22484K)->15368K(22484K)
[2025-04-16T15:37:00.248+0000][3514.257s][info][gc,metaspace   ] GC(2206) Metaspace: 37483K(37824K)->37483K(37824K) NonClass: 33055K(33216K)->33055K(33216K) Class: 4427K(4608K)->4427K(4608K)
[2025-04-16T15:37:00.248+0000][3514.257s][info][gc             ] GC(2206) Pause Young (Allocation Failure) 23M->15M(31M) 1.083ms
[2025-04-16T15:37:00.248+0000][3514.257s][info][gc,cpu         ] GC(2206) User=0.00s Sys=0.00s Real=0.00s
[2025-04-16T15:37:01.916+0000][3515.925s][info][gc,start       ] GC(2207) Pause Young (Allocation Failure)
[2025-04-16T15:37:01.917+0000][3515.926s][info][gc,heap        ] GC(2207) DefNew: 9165K(10176K)->89K(10176K) Eden: 9088K(9088K)->0K(9088K) From: 77K(1088K)->89K(1088K)
[2025-04-16T15:37:01.917+0000][3515.926s][info][gc,heap        ] GC(2207) Tenured: 15368K(22484K)->15369K(22484K)
[2025-04-16T15:37:01.917+0000][3515.926s][info][gc,metaspace   ] GC(2207) Metaspace: 37483K(37824K)->37483K(37824K) NonClass: 33055K(33216K)->33055K(33216K) Class: 4427K(4608K)->4427K(4608K)
[2025-04-16T15:37:01.917+0000][3515.926s][info][gc             ] GC(2207) Pause Young (Allocation Failure) 23M->15M(31M) 1.244ms
[2025-04-16T15:37:01.917+0000][3515.926s][info][gc,cpu         ] GC(2207) User=0.00s Sys=0.00s Real=0.00s
[2025-04-16T15:37:03.392+0000][3517.401s][info][gc,start       ] GC(2208) Pause Young (Allocation Failure)
[2025-04-16T15:37:03.394+0000][3517.403s][info][gc,heap        ] GC(2208) DefNew: 9177K(10176K)->83K(10176K) Eden: 9088K(9088K)->0K(9088K) From: 89K(1088K)->83K(1088K)
[2025-04-16T15:37:03.394+0000][3517.403s][info][gc,heap        ] GC(2208) Tenured: 15369K(22484K)->15370K(22484K)
[2025-04-16T15:37:03.394+0000][3517.403s][info][gc,metaspace   ] GC(2208) Metaspace: 37483K(37824K)->37483K(37824K) NonClass: 33055K(33216K)->33055K(33216K) Class: 4427K(4608K)->4427K(4608K)
[2025-04-16T15:37:03.394+0000][3517.403s][info][gc             ] GC(2208) Pause Young (Allocation Failure) 23M->15M(31M) 1.343ms
[2025-04-16T15:37:03.394+0000][3517.403s][info][gc,cpu         ] GC(2208) User=0.00s Sys=0.00s Real=0.00s
[2025-04-16T15:37:04.988+0000][3518.997s][info][gc,start       ] GC(2209) Pause Young (Allocation Failure)
[2025-04-16T15:37:04.990+0000][3518.999s][info][gc,heap        ] GC(2209) DefNew: 9171K(10176K)->104K(10176K) Eden: 9088K(9088K)->0K(9088K) From: 83K(1088K)->104K(1088K)
[2025-04-16T15:37:04.990+0000][3518.999s][info][gc,heap        ] GC(2209) Tenured: 15370K(22484K)->15370K(22484K)
[2025-04-16T15:37:04.990+0000][3518.999s][info][gc,metaspace   ] GC(2209) Metaspace: 37483K(37824K)->37483K(37824K) NonClass: 33055K(33216K)->33055K(33216K) Class: 4427K(4608K)->4427K(4608K)
[2025-04-16T15:37:04.990+0000][3518.999s][info][gc             ] GC(2209) Pause Young (Allocation Failure) 23M->15M(31M) 1.316ms
[2025-04-16T15:37:04.990+0000][3518.999s][info][gc,cpu         ] GC(2209) User=0.00s Sys=0.00s Real=0.00s
[2025-04-16T15:37:06.729+0000][3520.738s][info][gc,start       ] GC(2210) Pause Young (Allocation Failure)
[2025-04-16T15:37:06.730+0000][3520.739s][info][gc,heap        ] GC(2210) DefNew: 9192K(10176K)->103K(10176K) Eden: 9087K(9088K)->0K(9088K) From: 104K(1088K)->103K(1088K)
[2025-04-16T15:37:06.730+0000][3520.739s][info][gc,heap        ] GC(2210) Tenured: 15370K(22484K)->15371K(22484K)
[2025-04-16T15:37:06.730+0000][3520.739s][info][gc,metaspace   ] GC(2210) Metaspace: 37483K(37824K)->37483K(37824K) NonClass: 33055K(33216K)->33055K(33216K) Class: 4427K(4608K)->4427K(4608K)
[2025-04-16T15:37:06.730+0000][3520.739s][info][gc             ] GC(2210) Pause Young (Allocation Failure) 23M->15M(31M) 1.195ms
[2025-04-16T15:37:06.730+0000][3520.739s][info][gc,cpu         ] GC(2210) User=0.00s Sys=0.00s Real=0.00s
[2025-04-16T15:37:08.238+0000][3522.247s][info][gc,start       ] GC(2211) Pause Young (Allocation Failure)
[2025-04-16T15:37:08.239+0000][3522.248s][info][gc,heap        ] GC(2211) DefNew: 9191K(10176K)->94K(10176K) Eden: 9088K(9088K)->0K(9088K) From: 103K(1088K)->94K(1088K)
[2025-04-16T15:37:08.239+0000][3522.248s][info][gc,heap        ] GC(2211) Tenured: 15371K(22484K)->15371K(22484K)
[2025-04-16T15:37:08.239+0000][3522.248s][info][gc,metaspace   ] GC(2211) Metaspace: 37483K(37824K)->37483K(37824K) NonClass: 33055K(33216K)->33055K(33216K) Class: 4427K(4608K)->4427K(4608K)
[2025-04-16T15:37:08.239+0000][3522.248s][info][gc             ] GC(2211) Pause Young (Allocation Failure) 23M->15M(31M) 1.188ms
[2025-04-16T15:37:08.239+0000][3522.248s][info][gc,cpu         ] GC(2211) User=0.00s Sys=0.00s Real=0.00s
[2025-04-16T15:37:09.685+0000][3523.694s][info][gc,start       ] GC(2212) Pause Young (Allocation Failure)
[2025-04-16T15:37:09.686+0000][3523.695s][info][gc,heap        ] GC(2212) DefNew: 9182K(10176K)->92K(10176K) Eden: 9088K(9088K)->0K(9088K) From: 94K(1088K)->92K(1088K)
[2025-04-16T15:37:09.686+0000][3523.695s][info][gc,heap        ] GC(2212) Tenured: 15371K(22484K)->15371K(22484K)
[2025-04-16T15:37:09.686+0000][3523.695s][info][gc,metaspace   ] GC(2212) Metaspace: 37483K(37824K)->37483K(37824K) NonClass: 33055K(33216K)->33055K(33216K) Class: 4427K(4608K)->4427K(4608K)
[2025-04-16T15:37:09.686+0000][3523.695s][info][gc             ] GC(2212) Pause Young (Allocation Failure) 23M->15M(31M) 1.350ms
[2025-04-16T15:37:09.686+0000][3523.695s][info][gc,cpu         ] GC(2212) User=0.00s Sys=0.00s Real=0.00s
[2025-04-16T15:37:11.528+0000][3525.537s][info][gc,start       ] GC(2213) Pause Young (Allocation Failure)
[2025-04-16T15:37:11.529+0000][3525.538s][info][gc,heap        ] GC(2213) DefNew: 9180K(10176K)->85K(10176K) Eden: 9087K(9088K)->0K(9088K) From: 92K(1088K)->85K(1088K)
[2025-04-16T15:37:11.529+0000][3525.539s][info][gc,heap        ] GC(2213) Tenured: 15371K(22484K)->15376K(22484K)
[2025-04-16T15:37:11.529+0000][3525.539s][info][gc,metaspace   ] GC(2213) Metaspace: 37483K(37824K)->37483K(37824K) NonClass: 33055K(33216K)->33055K(33216K) Class: 4427K(4608K)->4427K(4608K)
[2025-04-16T15:37:11.530+0000][3525.539s][info][gc             ] GC(2213) Pause Young (Allocation Failure) 23M->15M(31M) 1.393ms
[2025-04-16T15:37:11.530+0000][3525.539s][info][gc,cpu         ] GC(2213) User=0.00s Sys=0.01s Real=0.00s
[2025-04-16T15:37:13.072+0000][3527.082s][info][gc,start       ] GC(2214) Pause Young (Allocation Failure)
[2025-04-16T15:37:13.074+0000][3527.083s][info][gc,heap        ] GC(2214) DefNew: 9173K(10176K)->96K(10176K) Eden: 9088K(9088K)->0K(9088K) From: 85K(1088K)->96K(1088K)
[2025-04-16T15:37:13.074+0000][3527.083s][info][gc,heap        ] GC(2214) Tenured: 15376K(22484K)->15377K(22484K)
[2025-04-16T15:37:13.074+0000][3527.083s][info][gc,metaspace   ] GC(2214) Metaspace: 37483K(37824K)->37483K(37824K) NonClass: 33055K(33216K)->33055K(33216K) Class: 4427K(4608K)->4427K(4608K)
[2025-04-16T15:37:13.074+0000][3527.083s][info][gc             ] GC(2214) Pause Young (Allocation Failure) 23M->15M(31M) 1.275ms
[2025-04-16T15:37:13.074+0000][3527.083s][info][gc,cpu         ] GC(2214) User=0.00s Sys=0.00s Real=0.00s
[2025-04-16T15:37:14.638+0000][3528.647s][info][gc,start       ] GC(2215) Pause Young (Allocation Failure)
[2025-04-16T15:37:14.640+0000][3528.649s][info][gc,heap        ] GC(2215) DefNew: 9184K(10176K)->100K(10176K) Eden: 9088K(9088K)->0K(9088K) From: 96K(1088K)->100K(1088K)
[2025-04-16T15:37:14.640+0000][3528.649s][info][gc,heap        ] GC(2215) Tenured: 15377K(22484K)->15377K(22484K)
[2025-04-16T15:37:14.640+0000][3528.649s][info][gc,metaspace   ] GC(2215) Metaspace: 37483K(37824K)->37483K(37824K) NonClass: 33055K(33216K)->33055K(33216K) Class: 4427K(4608K)->4427K(4608K)
[2025-04-16T15:37:14.640+0000][3528.649s][info][gc             ] GC(2215) Pause Young (Allocation Failure) 23M->15M(31M) 1.192ms
[2025-04-16T15:37:14.640+0000][3528.649s][info][gc,cpu         ] GC(2215) User=0.00s Sys=0.00s Real=0.00s
[2025-04-16T15:37:16.087+0000][3530.096s][info][gc,start       ] GC(2216) Pause Young (Allocation Failure)
[2025-04-16T15:37:16.088+0000][3530.097s][info][gc,heap        ] GC(2216) DefNew: 9188K(10176K)->84K(10176K) Eden: 9088K(9088K)->0K(9088K) From: 100K(1088K)->84K(1088K)
[2025-04-16T15:37:16.088+0000][3530.097s][info][gc,heap        ] GC(2216) Tenured: 15377K(22484K)->15377K(22484K)
[2025-04-16T15:37:16.088+0000][3530.097s][info][gc,metaspace   ] GC(2216) Metaspace: 37483K(37824K)->37483K(37824K) NonClass: 33055K(33216K)->33055K(33216K) Class: 4427K(4608K)->4427K(4608K)
[2025-04-16T15:37:16.088+0000][3530.097s][info][gc             ] GC(2216) Pause Young (Allocation Failure) 23M->15M(31M) 1.182ms
[2025-04-16T15:37:16.088+0000][3530.097s][info][gc,cpu         ] GC(2216) User=0.00s Sys=0.00s Real=0.00s
[2025-04-16T15:37:17.738+0000][3531.747s][info][gc,start       ] GC(2217) Pause Young (Allocation Failure)
[2025-04-16T15:37:17.739+0000][3531.748s][info][gc,heap        ] GC(2217) DefNew: 9172K(10176K)->72K(10176K) Eden: 9088K(9088K)->0K(9088K) From: 84K(1088K)->72K(1088K)
[2025-04-16T15:37:17.739+0000][3531.748s][info][gc,heap        ] GC(2217) Tenured: 15377K(22484K)->15378K(22484K)
[2025-04-16T15:37:17.739+0000][3531.748s][info][gc,metaspace   ] GC(2217) Metaspace: 37483K(37824K)->37483K(37824K) NonClass: 33055K(33216K)->33055K(33216K) Class: 4427K(4608K)->4427K(4608K)
[2025-04-16T15:37:17.739+0000][3531.748s][info][gc             ] GC(2217) Pause Young (Allocation Failure) 23M->15M(31M) 1.338ms
[2025-04-16T15:37:17.739+0000][3531.748s][info][gc,cpu         ] GC(2217) User=0.00s Sys=0.00s Real=0.00s
[2025-04-16T15:37:19.608+0000][3533.617s][info][gc,start       ] GC(2218) Pause Young (Allocation Failure)
[2025-04-16T15:37:19.609+0000][3533.618s][info][gc,heap        ] GC(2218) DefNew: 9160K(10176K)->84K(10176K) Eden: 9088K(9088K)->0K(9088K) From: 72K(1088K)->84K(1088K)
[2025-04-16T15:37:19.609+0000][3533.618s][info][gc,heap        ] GC(2218) Tenured: 15378K(22484K)->15380K(22484K)
[2025-04-16T15:37:19.609+0000][3533.618s][info][gc,metaspace   ] GC(2218) Metaspace: 37483K(37824K)->37483K(37824K) NonClass: 33055K(33216K)->33055K(33216K) Class: 4427K(4608K)->4427K(4608K)
[2025-04-16T15:37:19.609+0000][3533.618s][info][gc             ] GC(2218) Pause Young (Allocation Failure) 23M->15M(31M) 1.304ms
[2025-04-16T15:37:19.609+0000][3533.618s][info][gc,cpu         ] GC(2218) User=0.00s Sys=0.00s Real=0.00s
[2025-04-16T15:37:21.046+0000][3535.055s][info][gc,start       ] GC(2219) Pause Young (Allocation Failure)
[2025-04-16T15:37:21.047+0000][3535.056s][info][gc,heap        ] GC(2219) DefNew: 9172K(10176K)->91K(10176K) Eden: 9088K(9088K)->0K(9088K) From: 84K(1088K)->91K(1088K)
[2025-04-16T15:37:21.047+0000][3535.056s][info][gc,heap        ] GC(2219) Tenured: 15380K(22484K)->15381K(22484K)
[2025-04-16T15:37:21.047+0000][3535.056s][info][gc,metaspace   ] GC(2219) Metaspace: 37483K(37824K)->37483K(37824K) NonClass: 33055K(33216K)->33055K(33216K) Class: 4427K(4608K)->4427K(4608K)
[2025-04-16T15:37:21.047+0000][3535.056s][info][gc             ] GC(2219) Pause Young (Allocation Failure) 23M->15M(31M) 1.396ms
[2025-04-16T15:37:21.047+0000][3535.056s][info][gc,cpu         ] GC(2219) User=0.00s Sys=0.00s Real=0.00s
[2025-04-16T15:37:22.622+0000][3536.631s][info][gc,start       ] GC(2220) Pause Young (Allocation Failure)
[2025-04-16T15:37:22.624+0000][3536.633s][info][gc,heap        ] GC(2220) DefNew: 9179K(10176K)->96K(10176K) Eden: 9088K(9088K)->0K(9088K) From: 91K(1088K)->96K(1088K)
[2025-04-16T15:37:22.624+0000][3536.633s][info][gc,heap        ] GC(2220) Tenured: 15381K(22484K)->15382K(22484K)
[2025-04-16T15:37:22.624+0000][3536.633s][info][gc,metaspace   ] GC(2220) Metaspace: 37483K(37824K)->37483K(37824K) NonClass: 33055K(33216K)->33055K(33216K) Class: 4427K(4608K)->4427K(4608K)
[2025-04-16T15:37:22.624+0000][3536.633s][info][gc             ] GC(2220) Pause Young (Allocation Failure) 23M->15M(31M) 1.376ms
[2025-04-16T15:37:22.624+0000][3536.633s][info][gc,cpu         ] GC(2220) User=0.00s Sys=0.00s Real=0.00s
[2025-04-16T15:37:24.060+0000][3538.069s][info][gc,start       ] GC(2221) Pause Young (Allocation Failure)
[2025-04-16T15:37:24.061+0000][3538.070s][info][gc,heap        ] GC(2221) DefNew: 9184K(10176K)->95K(10176K) Eden: 9088K(9088K)->0K(9088K) From: 96K(1088K)->95K(1088K)
[2025-04-16T15:37:24.061+0000][3538.070s][info][gc,heap        ] GC(2221) Tenured: 15382K(22484K)->15386K(22484K)
[2025-04-16T15:37:24.061+0000][3538.070s][info][gc,metaspace   ] GC(2221) Metaspace: 37483K(37824K)->37483K(37824K) NonClass: 33055K(33216K)->33055K(33216K) Class: 4427K(4608K)->4427K(4608K)
[2025-04-16T15:37:24.061+0000][3538.070s][info][gc             ] GC(2221) Pause Young (Allocation Failure) 23M->15M(31M) 1.344ms
[2025-04-16T15:37:24.061+0000][3538.070s][info][gc,cpu         ] GC(2221) User=0.00s Sys=0.00s Real=0.00s
[2025-04-16T15:37:25.600+0000][3539.609s][info][gc,start       ] GC(2222) Pause Young (Allocation Failure)
[2025-04-16T15:37:25.601+0000][3539.610s][info][gc,heap        ] GC(2222) DefNew: 9183K(10176K)->87K(10176K) Eden: 9088K(9088K)->0K(9088K) From: 95K(1088K)->87K(1088K)
[2025-04-16T15:37:25.601+0000][3539.610s][info][gc,heap        ] GC(2222) Tenured: 15386K(22484K)->15386K(22484K)
[2025-04-16T15:37:25.601+0000][3539.610s][info][gc,metaspace   ] GC(2222) Metaspace: 37483K(37824K)->37483K(37824K) NonClass: 33055K(33216K)->33055K(33216K) Class: 4427K(4608K)->4427K(4608K)
[2025-04-16T15:37:25.601+0000][3539.610s][info][gc             ] GC(2222) Pause Young (Allocation Failure) 23M->15M(31M) 1.214ms
[2025-04-16T15:37:25.601+0000][3539.611s][info][gc,cpu         ] GC(2222) User=0.00s Sys=0.00s Real=0.00s
[2025-04-16T15:37:27.218+0000][3541.227s][info][gc,start       ] GC(2223) Pause Young (Allocation Failure)
[2025-04-16T15:37:27.219+0000][3541.228s][info][gc,heap        ] GC(2223) DefNew: 9170K(10176K)->83K(10176K) Eden: 9083K(9088K)->0K(9088K) From: 87K(1088K)->83K(1088K)
[2025-04-16T15:37:27.219+0000][3541.228s][info][gc,heap        ] GC(2223) Tenured: 15386K(22484K)->15386K(22484K)
[2025-04-16T15:37:27.219+0000][3541.228s][info][gc,metaspace   ] GC(2223) Metaspace: 37483K(37824K)->37483K(37824K) NonClass: 33055K(33216K)->33055K(33216K) Class: 4427K(4608K)->4427K(4608K)
[2025-04-16T15:37:27.219+0000][3541.228s][info][gc             ] GC(2223) Pause Young (Allocation Failure) 23M->15M(31M) 1.352ms
[2025-04-16T15:37:27.219+0000][3541.228s][info][gc,cpu         ] GC(2223) User=0.00s Sys=0.00s Real=0.00s
[2025-04-16T15:37:28.608+0000][3542.617s][info][gc,start       ] GC(2224) Pause Young (Allocation Failure)
[2025-04-16T15:37:28.610+0000][3542.619s][info][gc,heap        ] GC(2224) DefNew: 9171K(10176K)->88K(10176K) Eden: 9088K(9088K)->0K(9088K) From: 83K(1088K)->88K(1088K)
[2025-04-16T15:37:28.610+0000][3542.619s][info][gc,heap        ] GC(2224) Tenured: 15386K(22484K)->15386K(22484K)
[2025-04-16T15:37:28.610+0000][3542.619s][info][gc,metaspace   ] GC(2224) Metaspace: 37483K(37824K)->37483K(37824K) NonClass: 33055K(33216K)->33055K(33216K) Class: 4427K(4608K)->4427K(4608K)
[2025-04-16T15:37:28.610+0000][3542.619s][info][gc             ] GC(2224) Pause Young (Allocation Failure) 23M->15M(31M) 1.338ms
[2025-04-16T15:37:28.610+0000][3542.619s][info][gc,cpu         ] GC(2224) User=0.00s Sys=0.00s Real=0.00s
[2025-04-16T15:37:30.226+0000][3544.235s][info][gc,start       ] GC(2225) Pause Young (Allocation Failure)
[2025-04-16T15:37:30.227+0000][3544.236s][info][gc,heap        ] GC(2225) DefNew: 9176K(10176K)->104K(10176K) Eden: 9088K(9088K)->0K(9088K) From: 88K(1088K)->104K(1088K)
[2025-04-16T15:37:30.227+0000][3544.236s][info][gc,heap        ] GC(2225) Tenured: 15386K(22484K)->15386K(22484K)
[2025-04-16T15:37:30.227+0000][3544.236s][info][gc,metaspace   ] GC(2225) Metaspace: 37483K(37824K)->37483K(37824K) NonClass: 33055K(33216K)->33055K(33216K) Class: 4427K(4608K)->4427K(4608K)
[2025-04-16T15:37:30.227+0000][3544.236s][info][gc             ] GC(2225) Pause Young (Allocation Failure) 23M->15M(31M) 1.356ms
[2025-04-16T15:37:30.227+0000][3544.236s][info][gc,cpu         ] GC(2225) User=0.00s Sys=0.00s Real=0.00s
[2025-04-16T15:37:31.797+0000][3545.806s][info][gc,start       ] GC(2226) Pause Young (Allocation Failure)
[2025-04-16T15:37:31.798+0000][3545.808s][info][gc,heap        ] GC(2226) DefNew: 9192K(10176K)->96K(10176K) Eden: 9088K(9088K)->0K(9088K) From: 104K(1088K)->96K(1088K)
[2025-04-16T15:37:31.799+0000][3545.808s][info][gc,heap        ] GC(2226) Tenured: 15386K(22484K)->15387K(22484K)
[2025-04-16T15:37:31.799+0000][3545.808s][info][gc,metaspace   ] GC(2226) Metaspace: 37483K(37824K)->37483K(37824K) NonClass: 33055K(33216K)->33055K(33216K) Class: 4427K(4608K)->4427K(4608K)
[2025-04-16T15:37:31.799+0000][3545.808s][info][gc             ] GC(2226) Pause Young (Allocation Failure) 24M->15M(31M) 1.197ms
[2025-04-16T15:37:31.799+0000][3545.808s][info][gc,cpu         ] GC(2226) User=0.00s Sys=0.00s Real=0.00s
[2025-04-16T15:37:33.413+0000][3547.422s][info][gc,start       ] GC(2227) Pause Young (Allocation Failure)
[2025-04-16T15:37:33.414+0000][3547.423s][info][gc,heap        ] GC(2227) DefNew: 9184K(10176K)->77K(10176K) Eden: 9088K(9088K)->0K(9088K) From: 96K(1088K)->77K(1088K)
[2025-04-16T15:37:33.414+0000][3547.424s][info][gc,heap        ] GC(2227) Tenured: 15387K(22484K)->15388K(22484K)
[2025-04-16T15:37:33.414+0000][3547.424s][info][gc,metaspace   ] GC(2227) Metaspace: 37483K(37824K)->37483K(37824K) NonClass: 33055K(33216K)->33055K(33216K) Class: 4427K(4608K)->4427K(4608K)
[2025-04-16T15:37:33.415+0000][3547.424s][info][gc             ] GC(2227) Pause Young (Allocation Failure) 23M->15M(31M) 1.266ms
[2025-04-16T15:37:33.415+0000][3547.424s][info][gc,cpu         ] GC(2227) User=0.00s Sys=0.00s Real=0.01s
[2025-04-16T15:37:35.056+0000][3549.065s][info][gc,start       ] GC(2228) Pause Young (Allocation Failure)
[2025-04-16T15:37:35.057+0000][3549.066s][info][gc,heap        ] GC(2228) DefNew: 9165K(10176K)->81K(10176K) Eden: 9088K(9088K)->0K(9088K) From: 77K(1088K)->81K(1088K)
[2025-04-16T15:37:35.057+0000][3549.066s][info][gc,heap        ] GC(2228) Tenured: 15388K(22484K)->15388K(22484K)
[2025-04-16T15:37:35.057+0000][3549.066s][info][gc,metaspace   ] GC(2228) Metaspace: 37483K(37824K)->37483K(37824K) NonClass: 33055K(33216K)->33055K(33216K) Class: 4427K(4608K)->4427K(4608K)
[2025-04-16T15:37:35.057+0000][3549.066s][info][gc             ] GC(2228) Pause Young (Allocation Failure) 23M->15M(31M) 1.213ms
[2025-04-16T15:37:35.057+0000][3549.066s][info][gc,cpu         ] GC(2228) User=0.00s Sys=0.00s Real=0.00s
[2025-04-16T15:37:36.617+0000][3550.626s][info][gc,start       ] GC(2229) Pause Young (Allocation Failure)
[2025-04-16T15:37:36.618+0000][3550.627s][info][gc,heap        ] GC(2229) DefNew: 9169K(10176K)->80K(10176K) Eden: 9088K(9088K)->0K(9088K) From: 81K(1088K)->80K(1088K)
[2025-04-16T15:37:36.618+0000][3550.627s][info][gc,heap        ] GC(2229) Tenured: 15388K(22484K)->15390K(22484K)
[2025-04-16T15:37:36.618+0000][3550.627s][info][gc,metaspace   ] GC(2229) Metaspace: 37483K(37824K)->37483K(37824K) NonClass: 33055K(33216K)->33055K(33216K) Class: 4427K(4608K)->4427K(4608K)
[2025-04-16T15:37:36.618+0000][3550.627s][info][gc             ] GC(2229) Pause Young (Allocation Failure) 23M->15M(31M) 1.339ms
[2025-04-16T15:37:36.618+0000][3550.627s][info][gc,cpu         ] GC(2229) User=0.00s Sys=0.01s Real=0.00s
[2025-04-16T15:37:38.188+0000][3552.197s][info][gc,start       ] GC(2230) Pause Young (Allocation Failure)
[2025-04-16T15:37:38.190+0000][3552.199s][info][gc,heap        ] GC(2230) DefNew: 9168K(10176K)->95K(10176K) Eden: 9088K(9088K)->0K(9088K) From: 80K(1088K)->95K(1088K)
[2025-04-16T15:37:38.190+0000][3552.199s][info][gc,heap        ] GC(2230) Tenured: 15390K(22484K)->15390K(22484K)
[2025-04-16T15:37:38.190+0000][3552.199s][info][gc,metaspace   ] GC(2230) Metaspace: 37483K(37824K)->37483K(37824K) NonClass: 33055K(33216K)->33055K(33216K) Class: 4427K(4608K)->4427K(4608K)
[2025-04-16T15:37:38.190+0000][3552.199s][info][gc             ] GC(2230) Pause Young (Allocation Failure) 23M->15M(31M) 1.289ms
[2025-04-16T15:37:38.190+0000][3552.199s][info][gc,cpu         ] GC(2230) User=0.00s Sys=0.00s Real=0.00s
[2025-04-16T15:37:39.816+0000][3553.825s][info][gc,start       ] GC(2231) Pause Young (Allocation Failure)
[2025-04-16T15:37:39.818+0000][3553.827s][info][gc,heap        ] GC(2231) DefNew: 9183K(10176K)->79K(10176K) Eden: 9088K(9088K)->0K(9088K) From: 95K(1088K)->79K(1088K)
[2025-04-16T15:37:39.818+0000][3553.827s][info][gc,heap        ] GC(2231) Tenured: 15390K(22484K)->15390K(22484K)
[2025-04-16T15:37:39.818+0000][3553.827s][info][gc,metaspace   ] GC(2231) Metaspace: 37483K(37824K)->37483K(37824K) NonClass: 33055K(33216K)->33055K(33216K) Class: 4427K(4608K)->4427K(4608K)
[2025-04-16T15:37:39.818+0000][3553.827s][info][gc             ] GC(2231) Pause Young (Allocation Failure) 23M->15M(31M) 1.247ms
[2025-04-16T15:37:39.818+0000][3553.827s][info][gc,cpu         ] GC(2231) User=0.00s Sys=0.00s Real=0.00s
[2025-04-16T15:37:41.507+0000][3555.516s][info][gc,start       ] GC(2232) Pause Young (Allocation Failure)
[2025-04-16T15:37:41.508+0000][3555.517s][info][gc,heap        ] GC(2232) DefNew: 9167K(10176K)->66K(10176K) Eden: 9088K(9088K)->0K(9088K) From: 79K(1088K)->66K(1088K)
[2025-04-16T15:37:41.508+0000][3555.517s][info][gc,heap        ] GC(2232) Tenured: 15390K(22484K)->15391K(22484K)
[2025-04-16T15:37:41.508+0000][3555.517s][info][gc,metaspace   ] GC(2232) Metaspace: 37483K(37824K)->37483K(37824K) NonClass: 33055K(33216K)->33055K(33216K) Class: 4427K(4608K)->4427K(4608K)
[2025-04-16T15:37:41.508+0000][3555.517s][info][gc             ] GC(2232) Pause Young (Allocation Failure) 23M->15M(31M) 1.254ms
[2025-04-16T15:37:41.508+0000][3555.517s][info][gc,cpu         ] GC(2232) User=0.01s Sys=0.00s Real=0.00s
[2025-04-16T15:37:43.016+0000][3557.025s][info][gc,start       ] GC(2233) Pause Young (Allocation Failure)
[2025-04-16T15:37:43.017+0000][3557.026s][info][gc,heap        ] GC(2233) DefNew: 9154K(10176K)->81K(10176K) Eden: 9088K(9088K)->0K(9088K) From: 66K(1088K)->81K(1088K)
[2025-04-16T15:37:43.017+0000][3557.026s][info][gc,heap        ] GC(2233) Tenured: 15391K(22484K)->15391K(22484K)
[2025-04-16T15:37:43.017+0000][3557.026s][info][gc,metaspace   ] GC(2233) Metaspace: 37483K(37824K)->37483K(37824K) NonClass: 33055K(33216K)->33055K(33216K) Class: 4427K(4608K)->4427K(4608K)
[2025-04-16T15:37:43.017+0000][3557.026s][info][gc             ] GC(2233) Pause Young (Allocation Failure) 23M->15M(31M) 1.334ms
[2025-04-16T15:37:43.017+0000][3557.026s][info][gc,cpu         ] GC(2233) User=0.00s Sys=0.00s Real=0.00s
[2025-04-16T15:37:45.030+0000][3559.039s][info][gc,start       ] GC(2234) Pause Young (Allocation Failure)
[2025-04-16T15:37:45.031+0000][3559.040s][info][gc,heap        ] GC(2234) DefNew: 9169K(10176K)->76K(10176K) Eden: 9088K(9088K)->0K(9088K) From: 81K(1088K)->76K(1088K)
[2025-04-16T15:37:45.031+0000][3559.040s][info][gc,heap        ] GC(2234) Tenured: 15391K(22484K)->15393K(22484K)
[2025-04-16T15:37:45.031+0000][3559.040s][info][gc,metaspace   ] GC(2234) Metaspace: 37483K(37824K)->37483K(37824K) NonClass: 33055K(33216K)->33055K(33216K) Class: 4427K(4608K)->4427K(4608K)
[2025-04-16T15:37:45.031+0000][3559.040s][info][gc             ] GC(2234) Pause Young (Allocation Failure) 23M->15M(31M) 1.468ms
[2025-04-16T15:37:45.031+0000][3559.040s][info][gc,cpu         ] GC(2234) User=0.00s Sys=0.00s Real=0.00s
[2025-04-16T15:37:46.241+0000][3560.250s][info][gc,start       ] GC(2235) Pause Young (Allocation Failure)
[2025-04-16T15:37:46.242+0000][3560.251s][info][gc,heap        ] GC(2235) DefNew: 9164K(10176K)->98K(10176K) Eden: 9088K(9088K)->0K(9088K) From: 76K(1088K)->98K(1088K)
[2025-04-16T15:37:46.242+0000][3560.251s][info][gc,heap        ] GC(2235) Tenured: 15393K(22484K)->15393K(22484K)
[2025-04-16T15:37:46.242+0000][3560.251s][info][gc,metaspace   ] GC(2235) Metaspace: 37483K(37824K)->37483K(37824K) NonClass: 33055K(33216K)->33055K(33216K) Class: 4427K(4608K)->4427K(4608K)
[2025-04-16T15:37:46.242+0000][3560.251s][info][gc             ] GC(2235) Pause Young (Allocation Failure) 23M->15M(31M) 1.261ms
[2025-04-16T15:37:46.242+0000][3560.251s][info][gc,cpu         ] GC(2235) User=0.00s Sys=0.00s Real=0.00s
[2025-04-16T15:37:47.716+0000][3561.725s][info][gc,start       ] GC(2236) Pause Young (Allocation Failure)
[2025-04-16T15:37:47.717+0000][3561.726s][info][gc,heap        ] GC(2236) DefNew: 9186K(10176K)->83K(10176K) Eden: 9088K(9088K)->0K(9088K) From: 98K(1088K)->83K(1088K)
[2025-04-16T15:37:47.717+0000][3561.726s][info][gc,heap        ] GC(2236) Tenured: 15393K(22484K)->15393K(22484K)
[2025-04-16T15:37:47.717+0000][3561.726s][info][gc,metaspace   ] GC(2236) Metaspace: 37483K(37824K)->37483K(37824K) NonClass: 33055K(33216K)->33055K(33216K) Class: 4427K(4608K)->4427K(4608K)
[2025-04-16T15:37:47.717+0000][3561.726s][info][gc             ] GC(2236) Pause Young (Allocation Failure) 24M->15M(31M) 1.228ms
[2025-04-16T15:37:47.717+0000][3561.726s][info][gc,cpu         ] GC(2236) User=0.00s Sys=0.00s Real=0.00s
[2025-04-16T15:37:49.231+0000][3563.240s][info][gc,start       ] GC(2237) Pause Young (Allocation Failure)
[2025-04-16T15:37:49.232+0000][3563.241s][info][gc,heap        ] GC(2237) DefNew: 9171K(10176K)->78K(10176K) Eden: 9088K(9088K)->0K(9088K) From: 83K(1088K)->78K(1088K)
[2025-04-16T15:37:49.232+0000][3563.241s][info][gc,heap        ] GC(2237) Tenured: 15393K(22484K)->15393K(22484K)
[2025-04-16T15:37:49.232+0000][3563.241s][info][gc,metaspace   ] GC(2237) Metaspace: 37483K(37824K)->37483K(37824K) NonClass: 33055K(33216K)->33055K(33216K) Class: 4427K(4608K)->4427K(4608K)
[2025-04-16T15:37:49.232+0000][3563.241s][info][gc             ] GC(2237) Pause Young (Allocation Failure) 23M->15M(31M) 1.235ms
[2025-04-16T15:37:49.232+0000][3563.241s][info][gc,cpu         ] GC(2237) User=0.00s Sys=0.00s Real=0.00s
[2025-04-16T15:37:50.791+0000][3564.800s][info][gc,start       ] GC(2238) Pause Young (Allocation Failure)
[2025-04-16T15:37:50.792+0000][3564.801s][info][gc,heap        ] GC(2238) DefNew: 9166K(10176K)->75K(10176K) Eden: 9088K(9088K)->0K(9088K) From: 78K(1088K)->75K(1088K)
[2025-04-16T15:37:50.792+0000][3564.801s][info][gc,heap        ] GC(2238) Tenured: 15393K(22484K)->15395K(22484K)
[2025-04-16T15:37:50.792+0000][3564.801s][info][gc,metaspace   ] GC(2238) Metaspace: 37483K(37824K)->37483K(37824K) NonClass: 33055K(33216K)->33055K(33216K) Class: 4427K(4608K)->4427K(4608K)
[2025-04-16T15:37:50.792+0000][3564.801s][info][gc             ] GC(2238) Pause Young (Allocation Failure) 23M->15M(31M) 1.357ms
[2025-04-16T15:37:50.792+0000][3564.801s][info][gc,cpu         ] GC(2238) User=0.00s Sys=0.00s Real=0.00s
[2025-04-16T15:37:52.254+0000][3566.263s][info][gc,start       ] GC(2239) Pause Young (Allocation Failure)
[2025-04-16T15:37:52.256+0000][3566.265s][info][gc,heap        ] GC(2239) DefNew: 9163K(10176K)->85K(10176K) Eden: 9088K(9088K)->0K(9088K) From: 75K(1088K)->85K(1088K)
[2025-04-16T15:37:52.256+0000][3566.265s][info][gc,heap        ] GC(2239) Tenured: 15395K(22484K)->15395K(22484K)
[2025-04-16T15:37:52.256+0000][3566.265s][info][gc,metaspace   ] GC(2239) Metaspace: 37483K(37824K)->37483K(37824K) NonClass: 33055K(33216K)->33055K(33216K) Class: 4427K(4608K)->4427K(4608K)
[2025-04-16T15:37:52.256+0000][3566.265s][info][gc             ] GC(2239) Pause Young (Allocation Failure) 23M->15M(31M) 1.394ms
[2025-04-16T15:37:52.256+0000][3566.265s][info][gc,cpu         ] GC(2239) User=0.00s Sys=0.00s Real=0.00s
[2025-04-16T15:37:53.779+0000][3567.788s][info][gc,start       ] GC(2240) Pause Young (Allocation Failure)
[2025-04-16T15:37:53.780+0000][3567.789s][info][gc,heap        ] GC(2240) DefNew: 9173K(10176K)->91K(10176K) Eden: 9088K(9088K)->0K(9088K) From: 85K(1088K)->91K(1088K)
[2025-04-16T15:37:53.780+0000][3567.789s][info][gc,heap        ] GC(2240) Tenured: 15395K(22484K)->15395K(22484K)
[2025-04-16T15:37:53.780+0000][3567.789s][info][gc,metaspace   ] GC(2240) Metaspace: 37483K(37824K)->37483K(37824K) NonClass: 33055K(33216K)->33055K(33216K) Class: 4427K(4608K)->4427K(4608K)
[2025-04-16T15:37:53.780+0000][3567.789s][info][gc             ] GC(2240) Pause Young (Allocation Failure) 23M->15M(31M) 1.241ms
[2025-04-16T15:37:53.780+0000][3567.789s][info][gc,cpu         ] GC(2240) User=0.00s Sys=0.00s Real=0.00s
[2025-04-16T15:37:55.475+0000][3569.484s][info][gc,start       ] GC(2241) Pause Young (Allocation Failure)
[2025-04-16T15:37:55.477+0000][3569.486s][info][gc,heap        ] GC(2241) DefNew: 9179K(10176K)->82K(10176K) Eden: 9088K(9088K)->0K(9088K) From: 91K(1088K)->82K(1088K)
[2025-04-16T15:37:55.477+0000][3569.486s][info][gc,heap        ] GC(2241) Tenured: 15395K(22484K)->15395K(22484K)
[2025-04-16T15:37:55.477+0000][3569.486s][info][gc,metaspace   ] GC(2241) Metaspace: 37483K(37824K)->37483K(37824K) NonClass: 33055K(33216K)->33055K(33216K) Class: 4427K(4608K)->4427K(4608K)
[2025-04-16T15:37:55.477+0000][3569.486s][info][gc             ] GC(2241) Pause Young (Allocation Failure) 23M->15M(31M) 1.252ms
[2025-04-16T15:37:55.477+0000][3569.486s][info][gc,cpu         ] GC(2241) User=0.00s Sys=0.00s Real=0.00s
[2025-04-16T15:37:57.066+0000][3571.075s][info][gc,start       ] GC(2242) Pause Young (Allocation Failure)
[2025-04-16T15:37:57.067+0000][3571.076s][info][gc,heap        ] GC(2242) DefNew: 9170K(10176K)->73K(10176K) Eden: 9087K(9088K)->0K(9088K) From: 82K(1088K)->73K(1088K)
[2025-04-16T15:37:57.067+0000][3571.076s][info][gc,heap        ] GC(2242) Tenured: 15395K(22484K)->15396K(22484K)
[2025-04-16T15:37:57.067+0000][3571.076s][info][gc,metaspace   ] GC(2242) Metaspace: 37483K(37824K)->37483K(37824K) NonClass: 33055K(33216K)->33055K(33216K) Class: 4427K(4608K)->4427K(4608K)
[2025-04-16T15:37:57.067+0000][3571.076s][info][gc             ] GC(2242) Pause Young (Allocation Failure) 23M->15M(31M) 1.289ms
[2025-04-16T15:37:57.067+0000][3571.076s][info][gc,cpu         ] GC(2242) User=0.00s Sys=0.00s Real=0.00s
[2025-04-16T15:37:58.429+0000][3572.438s][info][gc,start       ] GC(2243) Pause Young (Allocation Failure)
[2025-04-16T15:37:58.430+0000][3572.439s][info][gc,heap        ] GC(2243) DefNew: 9161K(10176K)->72K(10176K) Eden: 9088K(9088K)->0K(9088K) From: 73K(1088K)->72K(1088K)
[2025-04-16T15:37:58.430+0000][3572.439s][info][gc,heap        ] GC(2243) Tenured: 15396K(22484K)->15397K(22484K)
[2025-04-16T15:37:58.430+0000][3572.439s][info][gc,metaspace   ] GC(2243) Metaspace: 37483K(37824K)->37483K(37824K) NonClass: 33055K(33216K)->33055K(33216K) Class: 4427K(4608K)->4427K(4608K)
[2025-04-16T15:37:58.430+0000][3572.439s][info][gc             ] GC(2243) Pause Young (Allocation Failure) 23M->15M(31M) 1.258ms
[2025-04-16T15:37:58.430+0000][3572.439s][info][gc,cpu         ] GC(2243) User=0.00s Sys=0.00s Real=0.00s
[2025-04-16T15:38:00.297+0000][3574.306s][info][gc,start       ] GC(2244) Pause Young (Allocation Failure)
[2025-04-16T15:38:00.298+0000][3574.307s][info][gc,heap        ] GC(2244) DefNew: 9160K(10176K)->81K(10176K) Eden: 9088K(9088K)->0K(9088K) From: 72K(1088K)->81K(1088K)
[2025-04-16T15:38:00.298+0000][3574.307s][info][gc,heap        ] GC(2244) Tenured: 15397K(22484K)->15397K(22484K)
[2025-04-16T15:38:00.298+0000][3574.307s][info][gc,metaspace   ] GC(2244) Metaspace: 37483K(37824K)->37483K(37824K) NonClass: 33055K(33216K)->33055K(33216K) Class: 4427K(4608K)->4427K(4608K)
[2025-04-16T15:38:00.298+0000][3574.307s][info][gc             ] GC(2244) Pause Young (Allocation Failure) 23M->15M(31M) 1.402ms
[2025-04-16T15:38:00.298+0000][3574.307s][info][gc,cpu         ] GC(2244) User=0.01s Sys=0.00s Real=0.00s
[2025-04-16T15:38:01.833+0000][3575.842s][info][gc,start       ] GC(2245) Pause Young (Allocation Failure)
[2025-04-16T15:38:01.834+0000][3575.843s][info][gc,heap        ] GC(2245) DefNew: 9169K(10176K)->91K(10176K) Eden: 9088K(9088K)->0K(9088K) From: 81K(1088K)->91K(1088K)
[2025-04-16T15:38:01.834+0000][3575.843s][info][gc,heap        ] GC(2245) Tenured: 15397K(22484K)->15397K(22484K)
[2025-04-16T15:38:01.834+0000][3575.843s][info][gc,metaspace   ] GC(2245) Metaspace: 37483K(37824K)->37483K(37824K) NonClass: 33055K(33216K)->33055K(33216K) Class: 4427K(4608K)->4427K(4608K)
[2025-04-16T15:38:01.834+0000][3575.843s][info][gc             ] GC(2245) Pause Young (Allocation Failure) 23M->15M(31M) 1.217ms
[2025-04-16T15:38:01.834+0000][3575.843s][info][gc,cpu         ] GC(2245) User=0.00s Sys=0.00s Real=0.01s
[2025-04-16T15:38:03.559+0000][3577.568s][info][gc,start       ] GC(2246) Pause Young (Allocation Failure)
[2025-04-16T15:38:03.560+0000][3577.569s][info][gc,heap        ] GC(2246) DefNew: 9174K(10176K)->81K(10176K) Eden: 9082K(9088K)->0K(9088K) From: 91K(1088K)->81K(1088K)
[2025-04-16T15:38:03.560+0000][3577.569s][info][gc,heap        ] GC(2246) Tenured: 15397K(22484K)->15397K(22484K)
[2025-04-16T15:38:03.560+0000][3577.569s][info][gc,metaspace   ] GC(2246) Metaspace: 37483K(37824K)->37483K(37824K) NonClass: 33055K(33216K)->33055K(33216K) Class: 4427K(4608K)->4427K(4608K)
[2025-04-16T15:38:03.560+0000][3577.570s][info][gc             ] GC(2246) Pause Young (Allocation Failure) 23M->15M(31M) 1.312ms
[2025-04-16T15:38:03.561+0000][3577.570s][info][gc,cpu         ] GC(2246) User=0.00s Sys=0.00s Real=0.00s
[2025-04-16T15:38:04.994+0000][3579.003s][info][gc,start       ] GC(2247) Pause Young (Allocation Failure)
[2025-04-16T15:38:04.996+0000][3579.005s][info][gc,heap        ] GC(2247) DefNew: 9169K(10176K)->74K(10176K) Eden: 9088K(9088K)->0K(9088K) From: 81K(1088K)->74K(1088K)
[2025-04-16T15:38:04.996+0000][3579.005s][info][gc,heap        ] GC(2247) Tenured: 15397K(22484K)->15397K(22484K)
[2025-04-16T15:38:04.996+0000][3579.005s][info][gc,metaspace   ] GC(2247) Metaspace: 37483K(37824K)->37483K(37824K) NonClass: 33055K(33216K)->33055K(33216K) Class: 4427K(4608K)->4427K(4608K)
[2025-04-16T15:38:04.996+0000][3579.005s][info][gc             ] GC(2247) Pause Young (Allocation Failure) 23M->15M(31M) 1.258ms
[2025-04-16T15:38:04.996+0000][3579.005s][info][gc,cpu         ] GC(2247) User=0.00s Sys=0.00s Real=0.00s
[2025-04-16T15:38:06.769+0000][3580.778s][info][gc,start       ] GC(2248) Pause Young (Allocation Failure)
[2025-04-16T15:38:06.770+0000][3580.779s][info][gc,heap        ] GC(2248) DefNew: 9162K(10176K)->75K(10176K) Eden: 9088K(9088K)->0K(9088K) From: 74K(1088K)->75K(1088K)
[2025-04-16T15:38:06.770+0000][3580.779s][info][gc,heap        ] GC(2248) Tenured: 15397K(22484K)->15397K(22484K)
[2025-04-16T15:38:06.770+0000][3580.779s][info][gc,metaspace   ] GC(2248) Metaspace: 37483K(37824K)->37483K(37824K) NonClass: 33055K(33216K)->33055K(33216K) Class: 4427K(4608K)->4427K(4608K)
[2025-04-16T15:38:06.770+0000][3580.779s][info][gc             ] GC(2248) Pause Young (Allocation Failure) 23M->15M(31M) 1.369ms
[2025-04-16T15:38:06.770+0000][3580.779s][info][gc,cpu         ] GC(2248) User=0.00s Sys=0.00s Real=0.00s
[2025-04-16T15:38:08.307+0000][3582.316s][info][gc,start       ] GC(2249) Pause Young (Allocation Failure)
[2025-04-16T15:38:08.309+0000][3582.318s][info][gc,heap        ] GC(2249) DefNew: 9163K(10176K)->110K(10176K) Eden: 9088K(9088K)->0K(9088K) From: 75K(1088K)->110K(1088K)
[2025-04-16T15:38:08.309+0000][3582.318s][info][gc,heap        ] GC(2249) Tenured: 15397K(22484K)->15397K(22484K)
[2025-04-16T15:38:08.309+0000][3582.318s][info][gc,metaspace   ] GC(2249) Metaspace: 37483K(37824K)->37483K(37824K) NonClass: 33055K(33216K)->33055K(33216K) Class: 4427K(4608K)->4427K(4608K)
[2025-04-16T15:38:08.309+0000][3582.318s][info][gc             ] GC(2249) Pause Young (Allocation Failure) 23M->15M(31M) 1.371ms
[2025-04-16T15:38:08.309+0000][3582.318s][info][gc,cpu         ] GC(2249) User=0.00s Sys=0.00s Real=0.00s
[2025-04-16T15:38:09.708+0000][3583.717s][info][gc,start       ] GC(2250) Pause Young (Allocation Failure)
[2025-04-16T15:38:09.709+0000][3583.718s][info][gc,heap        ] GC(2250) DefNew: 9197K(10176K)->92K(10176K) Eden: 9087K(9088K)->0K(9088K) From: 110K(1088K)->92K(1088K)
[2025-04-16T15:38:09.709+0000][3583.718s][info][gc,heap        ] GC(2250) Tenured: 15397K(22484K)->15397K(22484K)
[2025-04-16T15:38:09.709+0000][3583.718s][info][gc,metaspace   ] GC(2250) Metaspace: 37483K(37824K)->37483K(37824K) NonClass: 33055K(33216K)->33055K(33216K) Class: 4427K(4608K)->4427K(4608K)
[2025-04-16T15:38:09.709+0000][3583.718s][info][gc             ] GC(2250) Pause Young (Allocation Failure) 24M->15M(31M) 1.186ms
[2025-04-16T15:38:09.709+0000][3583.718s][info][gc,cpu         ] GC(2250) User=0.00s Sys=0.00s Real=0.00s
[2025-04-16T15:38:11.353+0000][3585.362s][info][gc,start       ] GC(2251) Pause Young (Allocation Failure)
[2025-04-16T15:38:11.354+0000][3585.363s][info][gc,heap        ] GC(2251) DefNew: 9180K(10176K)->89K(10176K) Eden: 9088K(9088K)->0K(9088K) From: 92K(1088K)->89K(1088K)
[2025-04-16T15:38:11.354+0000][3585.363s][info][gc,heap        ] GC(2251) Tenured: 15397K(22484K)->15397K(22484K)
[2025-04-16T15:38:11.354+0000][3585.363s][info][gc,metaspace   ] GC(2251) Metaspace: 37483K(37824K)->37483K(37824K) NonClass: 33055K(33216K)->33055K(33216K) Class: 4427K(4608K)->4427K(4608K)
[2025-04-16T15:38:11.354+0000][3585.363s][info][gc             ] GC(2251) Pause Young (Allocation Failure) 24M->15M(31M) 1.195ms
[2025-04-16T15:38:11.354+0000][3585.363s][info][gc,cpu         ] GC(2251) User=0.00s Sys=0.00s Real=0.00s
[2025-04-16T15:38:12.907+0000][3586.917s][info][gc,start       ] GC(2252) Pause Young (Allocation Failure)
[2025-04-16T15:38:12.909+0000][3586.918s][info][gc,heap        ] GC(2252) DefNew: 9164K(10176K)->79K(10176K) Eden: 9074K(9088K)->0K(9088K) From: 89K(1088K)->79K(1088K)
[2025-04-16T15:38:12.909+0000][3586.918s][info][gc,heap        ] GC(2252) Tenured: 15397K(22484K)->15397K(22484K)
[2025-04-16T15:38:12.909+0000][3586.918s][info][gc,metaspace   ] GC(2252) Metaspace: 37483K(37824K)->37483K(37824K) NonClass: 33055K(33216K)->33055K(33216K) Class: 4427K(4608K)->4427K(4608K)
[2025-04-16T15:38:12.909+0000][3586.918s][info][gc             ] GC(2252) Pause Young (Allocation Failure) 23M->15M(31M) 1.787ms
[2025-04-16T15:38:12.909+0000][3586.918s][info][gc,cpu         ] GC(2252) User=0.01s Sys=0.00s Real=0.00s
[2025-04-16T15:38:14.526+0000][3588.535s][info][gc,start       ] GC(2253) Pause Young (Allocation Failure)
[2025-04-16T15:38:14.527+0000][3588.536s][info][gc,heap        ] GC(2253) DefNew: 9167K(10176K)->87K(10176K) Eden: 9088K(9088K)->0K(9088K) From: 79K(1088K)->87K(1088K)
[2025-04-16T15:38:14.527+0000][3588.536s][info][gc,heap        ] GC(2253) Tenured: 15397K(22484K)->15397K(22484K)
[2025-04-16T15:38:14.527+0000][3588.536s][info][gc,metaspace   ] GC(2253) Metaspace: 37483K(37824K)->37483K(37824K) NonClass: 33055K(33216K)->33055K(33216K) Class: 4427K(4608K)->4427K(4608K)
[2025-04-16T15:38:14.527+0000][3588.536s][info][gc             ] GC(2253) Pause Young (Allocation Failure) 23M->15M(31M) 1.328ms
[2025-04-16T15:38:14.527+0000][3588.536s][info][gc,cpu         ] GC(2253) User=0.00s Sys=0.00s Real=0.00s
[2025-04-16T15:38:16.257+0000][3590.266s][info][gc,start       ] GC(2254) Pause Young (Allocation Failure)
[2025-04-16T15:38:16.258+0000][3590.267s][info][gc,heap        ] GC(2254) DefNew: 9175K(10176K)->92K(10176K) Eden: 9088K(9088K)->0K(9088K) From: 87K(1088K)->92K(1088K)
[2025-04-16T15:38:16.258+0000][3590.267s][info][gc,heap        ] GC(2254) Tenured: 15397K(22484K)->15397K(22484K)
[2025-04-16T15:38:16.258+0000][3590.267s][info][gc,metaspace   ] GC(2254) Metaspace: 37483K(37824K)->37483K(37824K) NonClass: 33055K(33216K)->33055K(33216K) Class: 4427K(4608K)->4427K(4608K)
[2025-04-16T15:38:16.258+0000][3590.267s][info][gc             ] GC(2254) Pause Young (Allocation Failure) 23M->15M(31M) 1.353ms
[2025-04-16T15:38:16.258+0000][3590.267s][info][gc,cpu         ] GC(2254) User=0.00s Sys=0.00s Real=0.00s
[2025-04-16T15:38:17.725+0000][3591.734s][info][gc,start       ] GC(2255) Pause Young (Allocation Failure)
[2025-04-16T15:38:17.727+0000][3591.736s][info][gc,heap        ] GC(2255) DefNew: 9180K(10176K)->87K(10176K) Eden: 9088K(9088K)->0K(9088K) From: 92K(1088K)->87K(1088K)
[2025-04-16T15:38:17.727+0000][3591.736s][info][gc,heap        ] GC(2255) Tenured: 15397K(22484K)->15397K(22484K)
[2025-04-16T15:38:17.727+0000][3591.736s][info][gc,metaspace   ] GC(2255) Metaspace: 37483K(37824K)->37483K(37824K) NonClass: 33055K(33216K)->33055K(33216K) Class: 4427K(4608K)->4427K(4608K)
[2025-04-16T15:38:17.727+0000][3591.736s][info][gc             ] GC(2255) Pause Young (Allocation Failure) 24M->15M(31M) 1.224ms
[2025-04-16T15:38:17.727+0000][3591.736s][info][gc,cpu         ] GC(2255) User=0.00s Sys=0.00s Real=0.00s
[2025-04-16T15:38:19.367+0000][3593.376s][info][gc,start       ] GC(2256) Pause Young (Allocation Failure)
[2025-04-16T15:38:19.368+0000][3593.377s][info][gc,heap        ] GC(2256) DefNew: 9167K(10176K)->96K(10176K) Eden: 9080K(9088K)->0K(9088K) From: 87K(1088K)->96K(1088K)
[2025-04-16T15:38:19.368+0000][3593.377s][info][gc,heap        ] GC(2256) Tenured: 15397K(22484K)->15397K(22484K)
[2025-04-16T15:38:19.368+0000][3593.377s][info][gc,metaspace   ] GC(2256) Metaspace: 37483K(37824K)->37483K(37824K) NonClass: 33055K(33216K)->33055K(33216K) Class: 4427K(4608K)->4427K(4608K)
[2025-04-16T15:38:19.368+0000][3593.377s][info][gc             ] GC(2256) Pause Young (Allocation Failure) 23M->15M(31M) 1.339ms
[2025-04-16T15:38:19.368+0000][3593.377s][info][gc,cpu         ] GC(2256) User=0.00s Sys=0.00s Real=0.00s
[2025-04-16T15:38:20.830+0000][3594.839s][info][gc,start       ] GC(2257) Pause Young (Allocation Failure)
[2025-04-16T15:38:20.831+0000][3594.840s][info][gc,heap        ] GC(2257) DefNew: 9184K(10176K)->77K(10176K) Eden: 9087K(9088K)->0K(9088K) From: 96K(1088K)->77K(1088K)
[2025-04-16T15:38:20.831+0000][3594.840s][info][gc,heap        ] GC(2257) Tenured: 15397K(22484K)->15397K(22484K)
[2025-04-16T15:38:20.831+0000][3594.840s][info][gc,metaspace   ] GC(2257) Metaspace: 37483K(37824K)->37483K(37824K) NonClass: 33055K(33216K)->33055K(33216K) Class: 4427K(4608K)->4427K(4608K)
[2025-04-16T15:38:20.831+0000][3594.840s][info][gc             ] GC(2257) Pause Young (Allocation Failure) 24M->15M(31M) 1.358ms
[2025-04-16T15:38:20.831+0000][3594.840s][info][gc,cpu         ] GC(2257) User=0.00s Sys=0.00s Real=0.00s
[2025-04-16T15:38:22.256+0000][3596.265s][info][gc,start       ] GC(2258) Pause Young (Allocation Failure)
[2025-04-16T15:38:22.257+0000][3596.266s][info][gc,heap        ] GC(2258) DefNew: 9165K(10176K)->76K(10176K) Eden: 9088K(9088K)->0K(9088K) From: 77K(1088K)->76K(1088K)
[2025-04-16T15:38:22.257+0000][3596.266s][info][gc,heap        ] GC(2258) Tenured: 15397K(22484K)->15397K(22484K)
[2025-04-16T15:38:22.257+0000][3596.266s][info][gc,metaspace   ] GC(2258) Metaspace: 37483K(37824K)->37483K(37824K) NonClass: 33055K(33216K)->33055K(33216K) Class: 4427K(4608K)->4427K(4608K)
[2025-04-16T15:38:22.257+0000][3596.266s][info][gc             ] GC(2258) Pause Young (Allocation Failure) 23M->15M(31M) 1.356ms
[2025-04-16T15:38:22.257+0000][3596.266s][info][gc,cpu         ] GC(2258) User=0.01s Sys=0.00s Real=0.00s
[2025-04-16T15:38:24.069+0000][3598.078s][info][gc,start       ] GC(2259) Pause Young (Allocation Failure)
[2025-04-16T15:38:24.071+0000][3598.080s][info][gc,heap        ] GC(2259) DefNew: 9164K(10176K)->93K(10176K) Eden: 9088K(9088K)->0K(9088K) From: 76K(1088K)->93K(1088K)
[2025-04-16T15:38:24.071+0000][3598.080s][info][gc,heap        ] GC(2259) Tenured: 15397K(22484K)->15398K(22484K)
[2025-04-16T15:38:24.071+0000][3598.080s][info][gc,metaspace   ] GC(2259) Metaspace: 37483K(37824K)->37483K(37824K) NonClass: 33055K(33216K)->33055K(33216K) Class: 4427K(4608K)->4427K(4608K)
[2025-04-16T15:38:24.071+0000][3598.080s][info][gc             ] GC(2259) Pause Young (Allocation Failure) 23M->15M(31M) 1.312ms
[2025-04-16T15:38:24.071+0000][3598.080s][info][gc,cpu         ] GC(2259) User=0.00s Sys=0.00s Real=0.00s
[2025-04-16T15:38:25.749+0000][3599.758s][info][gc,start       ] GC(2260) Pause Young (Allocation Failure)
[2025-04-16T15:38:25.750+0000][3599.760s][info][gc,heap        ] GC(2260) DefNew: 9181K(10176K)->75K(10176K) Eden: 9088K(9088K)->0K(9088K) From: 93K(1088K)->75K(1088K)
[2025-04-16T15:38:25.751+0000][3599.760s][info][gc,heap        ] GC(2260) Tenured: 15398K(22484K)->15398K(22484K)
[2025-04-16T15:38:25.751+0000][3599.760s][info][gc,metaspace   ] GC(2260) Metaspace: 37483K(37824K)->37483K(37824K) NonClass: 33055K(33216K)->33055K(33216K) Class: 4427K(4608K)->4427K(4608K)
[2025-04-16T15:38:25.751+0000][3599.760s][info][gc             ] GC(2260) Pause Young (Allocation Failure) 24M->15M(31M) 1.263ms
[2025-04-16T15:38:25.751+0000][3599.760s][info][gc,cpu         ] GC(2260) User=0.00s Sys=0.00s Real=0.00s
[2025-04-16T15:38:27.395+0000][3601.404s][info][gc,start       ] GC(2261) Pause Young (Allocation Failure)
[2025-04-16T15:38:27.396+0000][3601.405s][info][gc,heap        ] GC(2261) DefNew: 9163K(10176K)->75K(10176K) Eden: 9088K(9088K)->0K(9088K) From: 75K(1088K)->75K(1088K)
[2025-04-16T15:38:27.396+0000][3601.405s][info][gc,heap        ] GC(2261) Tenured: 15398K(22484K)->15398K(22484K)
[2025-04-16T15:38:27.396+0000][3601.405s][info][gc,metaspace   ] GC(2261) Metaspace: 37483K(37824K)->37483K(37824K) NonClass: 33055K(33216K)->33055K(33216K) Class: 4427K(4608K)->4427K(4608K)
[2025-04-16T15:38:27.396+0000][3601.405s][info][gc             ] GC(2261) Pause Young (Allocation Failure) 23M->15M(31M) 1.227ms
[2025-04-16T15:38:27.396+0000][3601.406s][info][gc,cpu         ] GC(2261) User=0.00s Sys=0.00s Real=0.00s
[2025-04-16T15:38:28.802+0000][3602.812s][info][gc,start       ] GC(2262) Pause Young (Allocation Failure)
[2025-04-16T15:38:28.804+0000][3602.813s][info][gc,heap        ] GC(2262) DefNew: 9163K(10176K)->78K(10176K) Eden: 9088K(9088K)->0K(9088K) From: 75K(1088K)->78K(1088K)
[2025-04-16T15:38:28.804+0000][3602.813s][info][gc,heap        ] GC(2262) Tenured: 15398K(22484K)->15400K(22484K)
[2025-04-16T15:38:28.804+0000][3602.813s][info][gc,metaspace   ] GC(2262) Metaspace: 37483K(37824K)->37483K(37824K) NonClass: 33055K(33216K)->33055K(33216K) Class: 4427K(4608K)->4427K(4608K)
[2025-04-16T15:38:28.804+0000][3602.813s][info][gc             ] GC(2262) Pause Young (Allocation Failure) 23M->15M(31M) 1.224ms
[2025-04-16T15:38:28.804+0000][3602.813s][info][gc,cpu         ] GC(2262) User=0.00s Sys=0.00s Real=0.00s
[2025-04-16T15:38:30.748+0000][3604.757s][info][gc,start       ] GC(2263) Pause Young (Allocation Failure)
[2025-04-16T15:38:30.749+0000][3604.758s][info][gc,heap        ] GC(2263) DefNew: 9166K(10176K)->75K(10176K) Eden: 9088K(9088K)->0K(9088K) From: 78K(1088K)->75K(1088K)
[2025-04-16T15:38:30.749+0000][3604.758s][info][gc,heap        ] GC(2263) Tenured: 15400K(22484K)->15400K(22484K)
[2025-04-16T15:38:30.749+0000][3604.758s][info][gc,metaspace   ] GC(2263) Metaspace: 37483K(37824K)->37483K(37824K) NonClass: 33055K(33216K)->33055K(33216K) Class: 4427K(4608K)->4427K(4608K)
[2025-04-16T15:38:30.749+0000][3604.758s][info][gc             ] GC(2263) Pause Young (Allocation Failure) 23M->15M(31M) 1.380ms
[2025-04-16T15:38:30.749+0000][3604.758s][info][gc,cpu         ] GC(2263) User=0.01s Sys=0.00s Real=0.00s
[2025-04-16T15:38:32.164+0000][3606.173s][info][gc,start       ] GC(2264) Pause Young (Allocation Failure)
[2025-04-16T15:38:32.165+0000][3606.174s][info][gc,heap        ] GC(2264) DefNew: 9163K(10176K)->77K(10176K) Eden: 9088K(9088K)->0K(9088K) From: 75K(1088K)->77K(1088K)
[2025-04-16T15:38:32.165+0000][3606.174s][info][gc,heap        ] GC(2264) Tenured: 15400K(22484K)->15400K(22484K)
[2025-04-16T15:38:32.165+0000][3606.174s][info][gc,metaspace   ] GC(2264) Metaspace: 37483K(37824K)->37483K(37824K) NonClass: 33055K(33216K)->33055K(33216K) Class: 4427K(4608K)->4427K(4608K)
[2025-04-16T15:38:32.165+0000][3606.174s][info][gc             ] GC(2264) Pause Young (Allocation Failure) 23M->15M(31M) 1.362ms
[2025-04-16T15:38:32.165+0000][3606.174s][info][gc,cpu         ] GC(2264) User=0.00s Sys=0.00s Real=0.01s
[2025-04-16T15:38:33.672+0000][3607.681s][info][gc,start       ] GC(2265) Pause Young (Allocation Failure)
[2025-04-16T15:38:33.673+0000][3607.682s][info][gc,heap        ] GC(2265) DefNew: 9165K(10176K)->90K(10176K) Eden: 9088K(9088K)->0K(9088K) From: 77K(1088K)->90K(1088K)
[2025-04-16T15:38:33.673+0000][3607.682s][info][gc,heap        ] GC(2265) Tenured: 15400K(22484K)->15401K(22484K)
[2025-04-16T15:38:33.673+0000][3607.682s][info][gc,metaspace   ] GC(2265) Metaspace: 37483K(37824K)->37483K(37824K) NonClass: 33055K(33216K)->33055K(33216K) Class: 4427K(4608K)->4427K(4608K)
[2025-04-16T15:38:33.673+0000][3607.682s][info][gc             ] GC(2265) Pause Young (Allocation Failure) 23M->15M(31M) 1.190ms
[2025-04-16T15:38:33.673+0000][3607.682s][info][gc,cpu         ] GC(2265) User=0.01s Sys=0.00s Real=0.00s
[2025-04-16T15:38:35.200+0000][3609.209s][info][gc,start       ] GC(2266) Pause Young (Allocation Failure)
[2025-04-16T15:38:35.201+0000][3609.210s][info][gc,heap        ] GC(2266) DefNew: 9178K(10176K)->74K(10176K) Eden: 9088K(9088K)->0K(9088K) From: 90K(1088K)->74K(1088K)
[2025-04-16T15:38:35.201+0000][3609.210s][info][gc,heap        ] GC(2266) Tenured: 15401K(22484K)->15401K(22484K)
[2025-04-16T15:38:35.201+0000][3609.210s][info][gc,metaspace   ] GC(2266) Metaspace: 37483K(37824K)->37483K(37824K) NonClass: 33055K(33216K)->33055K(33216K) Class: 4427K(4608K)->4427K(4608K)
[2025-04-16T15:38:35.201+0000][3609.210s][info][gc             ] GC(2266) Pause Young (Allocation Failure) 24M->15M(31M) 1.254ms
[2025-04-16T15:38:35.201+0000][3609.210s][info][gc,cpu         ] GC(2266) User=0.00s Sys=0.00s Real=0.00s
[2025-04-16T15:38:37.037+0000][3611.046s][info][gc,start       ] GC(2267) Pause Young (Allocation Failure)
[2025-04-16T15:38:37.038+0000][3611.047s][info][gc,heap        ] GC(2267) DefNew: 9157K(10176K)->78K(10176K) Eden: 9083K(9088K)->0K(9088K) From: 74K(1088K)->78K(1088K)
[2025-04-16T15:38:37.038+0000][3611.047s][info][gc,heap        ] GC(2267) Tenured: 15401K(22484K)->15401K(22484K)
[2025-04-16T15:38:37.038+0000][3611.047s][info][gc,metaspace   ] GC(2267) Metaspace: 37483K(37824K)->37483K(37824K) NonClass: 33055K(33216K)->33055K(33216K) Class: 4427K(4608K)->4427K(4608K)
[2025-04-16T15:38:37.038+0000][3611.047s][info][gc             ] GC(2267) Pause Young (Allocation Failure) 23M->15M(31M) 1.330ms
[2025-04-16T15:38:37.038+0000][3611.047s][info][gc,cpu         ] GC(2267) User=0.01s Sys=0.00s Real=0.00s
[2025-04-16T15:38:38.627+0000][3612.636s][info][gc,start       ] GC(2268) Pause Young (Allocation Failure)
[2025-04-16T15:38:38.629+0000][3612.638s][info][gc,heap        ] GC(2268) DefNew: 9166K(10176K)->78K(10176K) Eden: 9088K(9088K)->0K(9088K) From: 78K(1088K)->78K(1088K)
[2025-04-16T15:38:38.629+0000][3612.638s][info][gc,heap        ] GC(2268) Tenured: 15401K(22484K)->15401K(22484K)
[2025-04-16T15:38:38.629+0000][3612.638s][info][gc,metaspace   ] GC(2268) Metaspace: 37483K(37824K)->37483K(37824K) NonClass: 33055K(33216K)->33055K(33216K) Class: 4427K(4608K)->4427K(4608K)
[2025-04-16T15:38:38.629+0000][3612.638s][info][gc             ] GC(2268) Pause Young (Allocation Failure) 23M->15M(31M) 1.353ms
[2025-04-16T15:38:38.629+0000][3612.638s][info][gc,cpu         ] GC(2268) User=0.00s Sys=0.00s Real=0.00s
[2025-04-16T15:38:40.392+0000][3614.401s][info][gc,start       ] GC(2269) Pause Young (Allocation Failure)
[2025-04-16T15:38:40.393+0000][3614.402s][info][gc,heap        ] GC(2269) DefNew: 9166K(10176K)->95K(10176K) Eden: 9088K(9088K)->0K(9088K) From: 78K(1088K)->95K(1088K)
[2025-04-16T15:38:40.393+0000][3614.402s][info][gc,heap        ] GC(2269) Tenured: 15401K(22484K)->15401K(22484K)
[2025-04-16T15:38:40.393+0000][3614.402s][info][gc,metaspace   ] GC(2269) Metaspace: 37483K(37824K)->37483K(37824K) NonClass: 33055K(33216K)->33055K(33216K) Class: 4427K(4608K)->4427K(4608K)
[2025-04-16T15:38:40.393+0000][3614.402s][info][gc             ] GC(2269) Pause Young (Allocation Failure) 23M->15M(31M) 1.302ms
[2025-04-16T15:38:40.393+0000][3614.402s][info][gc,cpu         ] GC(2269) User=0.00s Sys=0.00s Real=0.00s
[2025-04-16T15:38:42.189+0000][3616.198s][info][gc,start       ] GC(2270) Pause Young (Allocation Failure)
[2025-04-16T15:38:42.191+0000][3616.200s][info][gc,heap        ] GC(2270) DefNew: 9181K(10176K)->83K(10176K) Eden: 9086K(9088K)->0K(9088K) From: 95K(1088K)->83K(1088K)
[2025-04-16T15:38:42.191+0000][3616.200s][info][gc,heap        ] GC(2270) Tenured: 15401K(22484K)->15401K(22484K)
[2025-04-16T15:38:42.191+0000][3616.200s][info][gc,metaspace   ] GC(2270) Metaspace: 37483K(37824K)->37483K(37824K) NonClass: 33055K(33216K)->33055K(33216K) Class: 4427K(4608K)->4427K(4608K)
[2025-04-16T15:38:42.191+0000][3616.200s][info][gc             ] GC(2270) Pause Young (Allocation Failure) 24M->15M(31M) 1.200ms
[2025-04-16T15:38:42.191+0000][3616.200s][info][gc,cpu         ] GC(2270) User=0.00s Sys=0.00s Real=0.00s
[2025-04-16T15:38:44.072+0000][3618.081s][info][gc,start       ] GC(2271) Pause Young (Allocation Failure)
[2025-04-16T15:38:44.073+0000][3618.082s][info][gc,heap        ] GC(2271) DefNew: 9171K(10176K)->73K(10176K) Eden: 9088K(9088K)->0K(9088K) From: 83K(1088K)->73K(1088K)
[2025-04-16T15:38:44.073+0000][3618.082s][info][gc,heap        ] GC(2271) Tenured: 15401K(22484K)->15403K(22484K)
[2025-04-16T15:38:44.073+0000][3618.082s][info][gc,metaspace   ] GC(2271) Metaspace: 37483K(37824K)->37483K(37824K) NonClass: 33055K(33216K)->33055K(33216K) Class: 4427K(4608K)->4427K(4608K)
[2025-04-16T15:38:44.073+0000][3618.082s][info][gc             ] GC(2271) Pause Young (Allocation Failure) 23M->15M(31M) 1.223ms
[2025-04-16T15:38:44.073+0000][3618.082s][info][gc,cpu         ] GC(2271) User=0.00s Sys=0.00s Real=0.00s
[2025-04-16T15:38:45.469+0000][3619.478s][info][gc,start       ] GC(2272) Pause Young (Allocation Failure)
[2025-04-16T15:38:45.470+0000][3619.479s][info][gc,heap        ] GC(2272) DefNew: 9161K(10176K)->77K(10176K) Eden: 9088K(9088K)->0K(9088K) From: 73K(1088K)->77K(1088K)
[2025-04-16T15:38:45.470+0000][3619.479s][info][gc,heap        ] GC(2272) Tenured: 15403K(22484K)->15403K(22484K)
[2025-04-16T15:38:45.470+0000][3619.479s][info][gc,metaspace   ] GC(2272) Metaspace: 37483K(37824K)->37483K(37824K) NonClass: 33055K(33216K)->33055K(33216K) Class: 4427K(4608K)->4427K(4608K)
[2025-04-16T15:38:45.470+0000][3619.479s][info][gc             ] GC(2272) Pause Young (Allocation Failure) 23M->15M(31M) 1.144ms
[2025-04-16T15:38:45.470+0000][3619.479s][info][gc,cpu         ] GC(2272) User=0.01s Sys=0.00s Real=0.00s
[2025-04-16T15:38:47.185+0000][3621.195s][info][gc,start       ] GC(2273) Pause Young (Allocation Failure)
[2025-04-16T15:38:47.187+0000][3621.196s][info][gc,heap        ] GC(2273) DefNew: 9165K(10176K)->74K(10176K) Eden: 9088K(9088K)->0K(9088K) From: 77K(1088K)->74K(1088K)
[2025-04-16T15:38:47.187+0000][3621.196s][info][gc,heap        ] GC(2273) Tenured: 15403K(22484K)->15403K(22484K)
[2025-04-16T15:38:47.187+0000][3621.196s][info][gc,metaspace   ] GC(2273) Metaspace: 37483K(37824K)->37483K(37824K) NonClass: 33055K(33216K)->33055K(33216K) Class: 4427K(4608K)->4427K(4608K)
[2025-04-16T15:38:47.187+0000][3621.196s][info][gc             ] GC(2273) Pause Young (Allocation Failure) 23M->15M(31M) 1.221ms
[2025-04-16T15:38:47.187+0000][3621.196s][info][gc,cpu         ] GC(2273) User=0.01s Sys=0.00s Real=0.00s
[2025-04-16T15:38:48.921+0000][3622.930s][info][gc,start       ] GC(2274) Pause Young (Allocation Failure)
[2025-04-16T15:38:48.922+0000][3622.931s][info][gc,heap        ] GC(2274) DefNew: 9162K(10176K)->73K(10176K) Eden: 9088K(9088K)->0K(9088K) From: 74K(1088K)->73K(1088K)
[2025-04-16T15:38:48.922+0000][3622.931s][info][gc,heap        ] GC(2274) Tenured: 15403K(22484K)->15403K(22484K)
[2025-04-16T15:38:48.922+0000][3622.931s][info][gc,metaspace   ] GC(2274) Metaspace: 37483K(37824K)->37483K(37824K) NonClass: 33055K(33216K)->33055K(33216K) Class: 4427K(4608K)->4427K(4608K)
[2025-04-16T15:38:48.922+0000][3622.931s][info][gc             ] GC(2274) Pause Young (Allocation Failure) 23M->15M(31M) 1.242ms
[2025-04-16T15:38:48.922+0000][3622.931s][info][gc,cpu         ] GC(2274) User=0.00s Sys=0.00s Real=0.00s
[2025-04-16T15:38:50.308+0000][3624.317s][info][gc,start       ] GC(2275) Pause Young (Allocation Failure)
[2025-04-16T15:38:50.309+0000][3624.318s][info][gc,heap        ] GC(2275) DefNew: 9161K(10176K)->71K(10176K) Eden: 9088K(9088K)->0K(9088K) From: 73K(1088K)->71K(1088K)
[2025-04-16T15:38:50.309+0000][3624.318s][info][gc,heap        ] GC(2275) Tenured: 15403K(22484K)->15403K(22484K)
[2025-04-16T15:38:50.309+0000][3624.318s][info][gc,metaspace   ] GC(2275) Metaspace: 37483K(37824K)->37483K(37824K) NonClass: 33055K(33216K)->33055K(33216K) Class: 4427K(4608K)->4427K(4608K)
[2025-04-16T15:38:50.309+0000][3624.318s][info][gc             ] GC(2275) Pause Young (Allocation Failure) 23M->15M(31M) 1.279ms
[2025-04-16T15:38:50.309+0000][3624.318s][info][gc,cpu         ] GC(2275) User=0.00s Sys=0.00s Real=0.00s
[2025-04-16T15:38:51.939+0000][3625.948s][info][gc,start       ] GC(2276) Pause Young (Allocation Failure)
[2025-04-16T15:38:51.940+0000][3625.949s][info][gc,heap        ] GC(2276) DefNew: 9159K(10176K)->91K(10176K) Eden: 9088K(9088K)->0K(9088K) From: 71K(1088K)->91K(1088K)
[2025-04-16T15:38:51.940+0000][3625.949s][info][gc,heap        ] GC(2276) Tenured: 15403K(22484K)->15403K(22484K)
[2025-04-16T15:38:51.940+0000][3625.949s][info][gc,metaspace   ] GC(2276) Metaspace: 37483K(37824K)->37483K(37824K) NonClass: 33055K(33216K)->33055K(33216K) Class: 4427K(4608K)->4427K(4608K)
[2025-04-16T15:38:51.940+0000][3625.949s][info][gc             ] GC(2276) Pause Young (Allocation Failure) 23M->15M(31M) 1.346ms
[2025-04-16T15:38:51.940+0000][3625.949s][info][gc,cpu         ] GC(2276) User=0.01s Sys=0.00s Real=0.00s
[2025-04-16T15:38:53.625+0000][3627.634s][info][gc,start       ] GC(2277) Pause Young (Allocation Failure)
[2025-04-16T15:38:53.626+0000][3627.635s][info][gc,heap        ] GC(2277) DefNew: 9179K(10176K)->75K(10176K) Eden: 9088K(9088K)->0K(9088K) From: 91K(1088K)->75K(1088K)
[2025-04-16T15:38:53.626+0000][3627.635s][info][gc,heap        ] GC(2277) Tenured: 15403K(22484K)->15403K(22484K)
[2025-04-16T15:38:53.626+0000][3627.635s][info][gc,metaspace   ] GC(2277) Metaspace: 37483K(37824K)->37483K(37824K) NonClass: 33055K(33216K)->33055K(33216K) Class: 4427K(4608K)->4427K(4608K)
[2025-04-16T15:38:53.626+0000][3627.635s][info][gc             ] GC(2277) Pause Young (Allocation Failure) 24M->15M(31M) 1.152ms
[2025-04-16T15:38:53.626+0000][3627.635s][info][gc,cpu         ] GC(2277) User=0.00s Sys=0.00s Real=0.00s
[2025-04-16T15:38:55.205+0000][3629.214s][info][gc,start       ] GC(2278) Pause Young (Allocation Failure)
[2025-04-16T15:38:55.206+0000][3629.215s][info][gc,heap        ] GC(2278) DefNew: 9160K(10176K)->93K(10176K) Eden: 9085K(9088K)->0K(9088K) From: 75K(1088K)->93K(1088K)
[2025-04-16T15:38:55.206+0000][3629.215s][info][gc,heap        ] GC(2278) Tenured: 15403K(22484K)->15403K(22484K)
[2025-04-16T15:38:55.206+0000][3629.215s][info][gc,metaspace   ] GC(2278) Metaspace: 37483K(37824K)->37483K(37824K) NonClass: 33055K(33216K)->33055K(33216K) Class: 4427K(4608K)->4427K(4608K)
[2025-04-16T15:38:55.206+0000][3629.215s][info][gc             ] GC(2278) Pause Young (Allocation Failure) 23M->15M(31M) 1.330ms
[2025-04-16T15:38:55.206+0000][3629.215s][info][gc,cpu         ] GC(2278) User=0.00s Sys=0.00s Real=0.00s
[2025-04-16T15:38:56.830+0000][3630.839s][info][gc,start       ] GC(2279) Pause Young (Allocation Failure)
[2025-04-16T15:38:56.831+0000][3630.840s][info][gc,heap        ] GC(2279) DefNew: 9181K(10176K)->74K(10176K) Eden: 9088K(9088K)->0K(9088K) From: 93K(1088K)->74K(1088K)
[2025-04-16T15:38:56.831+0000][3630.840s][info][gc,heap        ] GC(2279) Tenured: 15403K(22484K)->15404K(22484K)
[2025-04-16T15:38:56.831+0000][3630.840s][info][gc,metaspace   ] GC(2279) Metaspace: 37483K(37824K)->37483K(37824K) NonClass: 33055K(33216K)->33055K(33216K) Class: 4427K(4608K)->4427K(4608K)
[2025-04-16T15:38:56.831+0000][3630.840s][info][gc             ] GC(2279) Pause Young (Allocation Failure) 24M->15M(31M) 1.289ms
[2025-04-16T15:38:56.831+0000][3630.840s][info][gc,cpu         ] GC(2279) User=0.00s Sys=0.00s Real=0.00s
[2025-04-16T15:38:58.506+0000][3632.515s][info][gc,start       ] GC(2280) Pause Young (Allocation Failure)
[2025-04-16T15:38:58.507+0000][3632.516s][info][gc,heap        ] GC(2280) DefNew: 9162K(10176K)->77K(10176K) Eden: 9088K(9088K)->0K(9088K) From: 74K(1088K)->77K(1088K)
[2025-04-16T15:38:58.507+0000][3632.516s][info][gc,heap        ] GC(2280) Tenured: 15404K(22484K)->15404K(22484K)
[2025-04-16T15:38:58.507+0000][3632.516s][info][gc,metaspace   ] GC(2280) Metaspace: 37483K(37824K)->37483K(37824K) NonClass: 33055K(33216K)->33055K(33216K) Class: 4427K(4608K)->4427K(4608K)
[2025-04-16T15:38:58.507+0000][3632.516s][info][gc             ] GC(2280) Pause Young (Allocation Failure) 23M->15M(31M) 1.265ms
[2025-04-16T15:38:58.507+0000][3632.516s][info][gc,cpu         ] GC(2280) User=0.00s Sys=0.00s Real=0.00s
[2025-04-16T15:39:00.100+0000][3634.109s][info][gc,start       ] GC(2281) Pause Young (Allocation Failure)
[2025-04-16T15:39:00.101+0000][3634.110s][info][gc,heap        ] GC(2281) DefNew: 9165K(10176K)->90K(10176K) Eden: 9088K(9088K)->0K(9088K) From: 77K(1088K)->90K(1088K)
[2025-04-16T15:39:00.101+0000][3634.110s][info][gc,heap        ] GC(2281) Tenured: 15404K(22484K)->15404K(22484K)
[2025-04-16T15:39:00.101+0000][3634.110s][info][gc,metaspace   ] GC(2281) Metaspace: 37483K(37824K)->37483K(37824K) NonClass: 33055K(33216K)->33055K(33216K) Class: 4427K(4608K)->4427K(4608K)
[2025-04-16T15:39:00.101+0000][3634.110s][info][gc             ] GC(2281) Pause Young (Allocation Failure) 23M->15M(31M) 1.163ms
[2025-04-16T15:39:00.101+0000][3634.110s][info][gc,cpu         ] GC(2281) User=0.00s Sys=0.00s Real=0.00s
[2025-04-16T15:39:01.792+0000][3635.801s][info][gc,start       ] GC(2282) Pause Young (Allocation Failure)
[2025-04-16T15:39:01.793+0000][3635.802s][info][gc,heap        ] GC(2282) DefNew: 9178K(10176K)->89K(10176K) Eden: 9088K(9088K)->0K(9088K) From: 90K(1088K)->89K(1088K)
[2025-04-16T15:39:01.793+0000][3635.802s][info][gc,heap        ] GC(2282) Tenured: 15404K(22484K)->15405K(22484K)
[2025-04-16T15:39:01.793+0000][3635.802s][info][gc,metaspace   ] GC(2282) Metaspace: 37483K(37824K)->37483K(37824K) NonClass: 33055K(33216K)->33055K(33216K) Class: 4427K(4608K)->4427K(4608K)
[2025-04-16T15:39:01.793+0000][3635.802s][info][gc             ] GC(2282) Pause Young (Allocation Failure) 24M->15M(31M) 1.314ms
[2025-04-16T15:39:01.793+0000][3635.802s][info][gc,cpu         ] GC(2282) User=0.00s Sys=0.00s Real=0.00s
[2025-04-16T15:39:03.414+0000][3637.423s][info][gc,start       ] GC(2283) Pause Young (Allocation Failure)
[2025-04-16T15:39:03.416+0000][3637.425s][info][gc,heap        ] GC(2283) DefNew: 9168K(10176K)->93K(10176K) Eden: 9078K(9088K)->0K(9088K) From: 89K(1088K)->93K(1088K)
[2025-04-16T15:39:03.416+0000][3637.425s][info][gc,heap        ] GC(2283) Tenured: 15405K(22484K)->15405K(22484K)
[2025-04-16T15:39:03.416+0000][3637.425s][info][gc,metaspace   ] GC(2283) Metaspace: 37483K(37824K)->37483K(37824K) NonClass: 33055K(33216K)->33055K(33216K) Class: 4427K(4608K)->4427K(4608K)
[2025-04-16T15:39:03.416+0000][3637.425s][info][gc             ] GC(2283) Pause Young (Allocation Failure) 23M->15M(31M) 1.309ms
[2025-04-16T15:39:03.416+0000][3637.425s][info][gc,cpu         ] GC(2283) User=0.00s Sys=0.00s Real=0.00s
[2025-04-16T15:39:05.280+0000][3639.289s][info][gc,start       ] GC(2284) Pause Young (Allocation Failure)
[2025-04-16T15:39:05.281+0000][3639.290s][info][gc,heap        ] GC(2284) DefNew: 9181K(10176K)->76K(10176K) Eden: 9088K(9088K)->0K(9088K) From: 93K(1088K)->76K(1088K)
[2025-04-16T15:39:05.281+0000][3639.290s][info][gc,heap        ] GC(2284) Tenured: 15405K(22484K)->15405K(22484K)
[2025-04-16T15:39:05.281+0000][3639.290s][info][gc,metaspace   ] GC(2284) Metaspace: 37483K(37824K)->37483K(37824K) NonClass: 33055K(33216K)->33055K(33216K) Class: 4427K(4608K)->4427K(4608K)
[2025-04-16T15:39:05.281+0000][3639.290s][info][gc             ] GC(2284) Pause Young (Allocation Failure) 24M->15M(31M) 1.216ms
[2025-04-16T15:39:05.281+0000][3639.290s][info][gc,cpu         ] GC(2284) User=0.00s Sys=0.00s Real=0.00s
[2025-04-16T15:39:06.713+0000][3640.722s][info][gc,start       ] GC(2285) Pause Young (Allocation Failure)
[2025-04-16T15:39:06.714+0000][3640.723s][info][gc,heap        ] GC(2285) DefNew: 9164K(10176K)->86K(10176K) Eden: 9088K(9088K)->0K(9088K) From: 76K(1088K)->86K(1088K)
[2025-04-16T15:39:06.714+0000][3640.723s][info][gc,heap        ] GC(2285) Tenured: 15405K(22484K)->15405K(22484K)
[2025-04-16T15:39:06.714+0000][3640.723s][info][gc,metaspace   ] GC(2285) Metaspace: 37483K(37824K)->37483K(37824K) NonClass: 33055K(33216K)->33055K(33216K) Class: 4427K(4608K)->4427K(4608K)
[2025-04-16T15:39:06.714+0000][3640.723s][info][gc             ] GC(2285) Pause Young (Allocation Failure) 23M->15M(31M) 1.291ms
[2025-04-16T15:39:06.714+0000][3640.723s][info][gc,cpu         ] GC(2285) User=0.00s Sys=0.00s Real=0.01s
[2025-04-16T15:39:08.337+0000][3642.346s][info][gc,start       ] GC(2286) Pause Young (Allocation Failure)
[2025-04-16T15:39:08.339+0000][3642.348s][info][gc,heap        ] GC(2286) DefNew: 9174K(10176K)->90K(10176K) Eden: 9087K(9088K)->0K(9088K) From: 86K(1088K)->90K(1088K)
[2025-04-16T15:39:08.339+0000][3642.348s][info][gc,heap        ] GC(2286) Tenured: 15405K(22484K)->15405K(22484K)
[2025-04-16T15:39:08.339+0000][3642.348s][info][gc,metaspace   ] GC(2286) Metaspace: 37483K(37824K)->37483K(37824K) NonClass: 33055K(33216K)->33055K(33216K) Class: 4427K(4608K)->4427K(4608K)
[2025-04-16T15:39:08.339+0000][3642.348s][info][gc             ] GC(2286) Pause Young (Allocation Failure) 24M->15M(31M) 1.343ms
[2025-04-16T15:39:08.339+0000][3642.348s][info][gc,cpu         ] GC(2286) User=0.00s Sys=0.00s Real=0.00s
[2025-04-16T15:39:10.117+0000][3644.126s][info][gc,start       ] GC(2287) Pause Young (Allocation Failure)
[2025-04-16T15:39:10.118+0000][3644.127s][info][gc,heap        ] GC(2287) DefNew: 9178K(10176K)->90K(10176K) Eden: 9087K(9088K)->0K(9088K) From: 90K(1088K)->90K(1088K)
[2025-04-16T15:39:10.118+0000][3644.127s][info][gc,heap        ] GC(2287) Tenured: 15405K(22484K)->15405K(22484K)
[2025-04-16T15:39:10.118+0000][3644.127s][info][gc,metaspace   ] GC(2287) Metaspace: 37483K(37824K)->37483K(37824K) NonClass: 33055K(33216K)->33055K(33216K) Class: 4427K(4608K)->4427K(4608K)
[2025-04-16T15:39:10.118+0000][3644.127s][info][gc             ] GC(2287) Pause Young (Allocation Failure) 24M->15M(31M) 1.330ms
[2025-04-16T15:39:10.118+0000][3644.127s][info][gc,cpu         ] GC(2287) User=0.01s Sys=0.00s Real=0.00s
[2025-04-16T15:39:11.666+0000][3645.675s][info][gc,start       ] GC(2288) Pause Young (Allocation Failure)
[2025-04-16T15:39:11.667+0000][3645.676s][info][gc,heap        ] GC(2288) DefNew: 9178K(10176K)->104K(10176K) Eden: 9087K(9088K)->0K(9088K) From: 90K(1088K)->104K(1088K)
[2025-04-16T15:39:11.667+0000][3645.676s][info][gc,heap        ] GC(2288) Tenured: 15405K(22484K)->15405K(22484K)
[2025-04-16T15:39:11.667+0000][3645.676s][info][gc,metaspace   ] GC(2288) Metaspace: 37483K(37824K)->37483K(37824K) NonClass: 33055K(33216K)->33055K(33216K) Class: 4427K(4608K)->4427K(4608K)
[2025-04-16T15:39:11.667+0000][3645.676s][info][gc             ] GC(2288) Pause Young (Allocation Failure) 24M->15M(31M) 1.333ms
[2025-04-16T15:39:11.667+0000][3645.676s][info][gc,cpu         ] GC(2288) User=0.01s Sys=0.00s Real=0.00s
[2025-04-16T15:39:13.135+0000][3647.144s][info][gc,start       ] GC(2289) Pause Young (Allocation Failure)
[2025-04-16T15:39:13.137+0000][3647.146s][info][gc,heap        ] GC(2289) DefNew: 9192K(10176K)->75K(10176K) Eden: 9088K(9088K)->0K(9088K) From: 104K(1088K)->75K(1088K)
[2025-04-16T15:39:13.137+0000][3647.146s][info][gc,heap        ] GC(2289) Tenured: 15405K(22484K)->15405K(22484K)
[2025-04-16T15:39:13.137+0000][3647.146s][info][gc,metaspace   ] GC(2289) Metaspace: 37483K(37824K)->37483K(37824K) NonClass: 33055K(33216K)->33055K(33216K) Class: 4427K(4608K)->4427K(4608K)
[2025-04-16T15:39:13.137+0000][3647.146s][info][gc             ] GC(2289) Pause Young (Allocation Failure) 24M->15M(31M) 1.300ms
[2025-04-16T15:39:13.137+0000][3647.146s][info][gc,cpu         ] GC(2289) User=0.00s Sys=0.00s Real=0.00s
[2025-04-16T15:39:14.830+0000][3648.839s][info][gc,start       ] GC(2290) Pause Young (Allocation Failure)
[2025-04-16T15:39:14.831+0000][3648.840s][info][gc,heap        ] GC(2290) DefNew: 9163K(10176K)->82K(10176K) Eden: 9088K(9088K)->0K(9088K) From: 75K(1088K)->82K(1088K)
[2025-04-16T15:39:14.831+0000][3648.840s][info][gc,heap        ] GC(2290) Tenured: 15405K(22484K)->15405K(22484K)
[2025-04-16T15:39:14.831+0000][3648.840s][info][gc,metaspace   ] GC(2290) Metaspace: 37483K(37824K)->37483K(37824K) NonClass: 33055K(33216K)->33055K(33216K) Class: 4427K(4608K)->4427K(4608K)
[2025-04-16T15:39:14.831+0000][3648.840s][info][gc             ] GC(2290) Pause Young (Allocation Failure) 23M->15M(31M) 1.354ms
[2025-04-16T15:39:14.831+0000][3648.840s][info][gc,cpu         ] GC(2290) User=0.00s Sys=0.00s Real=0.00s
[2025-04-16T15:39:16.348+0000][3650.357s][info][gc,start       ] GC(2291) Pause Young (Allocation Failure)
[2025-04-16T15:39:16.349+0000][3650.358s][info][gc,heap        ] GC(2291) DefNew: 9170K(10176K)->92K(10176K) Eden: 9088K(9088K)->0K(9088K) From: 82K(1088K)->92K(1088K)
[2025-04-16T15:39:16.349+0000][3650.358s][info][gc,heap        ] GC(2291) Tenured: 15405K(22484K)->15405K(22484K)
[2025-04-16T15:39:16.349+0000][3650.358s][info][gc,metaspace   ] GC(2291) Metaspace: 37483K(37824K)->37483K(37824K) NonClass: 33055K(33216K)->33055K(33216K) Class: 4427K(4608K)->4427K(4608K)
[2025-04-16T15:39:16.349+0000][3650.358s][info][gc             ] GC(2291) Pause Young (Allocation Failure) 24M->15M(31M) 1.242ms
[2025-04-16T15:39:16.349+0000][3650.358s][info][gc,cpu         ] GC(2291) User=0.00s Sys=0.00s Real=0.00s
[2025-04-16T15:39:18.063+0000][3652.072s][info][gc,start       ] GC(2292) Pause Young (Allocation Failure)
[2025-04-16T15:39:18.064+0000][3652.073s][info][gc,heap        ] GC(2292) DefNew: 9179K(10176K)->82K(10176K) Eden: 9086K(9088K)->0K(9088K) From: 92K(1088K)->82K(1088K)
[2025-04-16T15:39:18.064+0000][3652.073s][info][gc,heap        ] GC(2292) Tenured: 15405K(22484K)->15405K(22484K)
[2025-04-16T15:39:18.064+0000][3652.073s][info][gc,metaspace   ] GC(2292) Metaspace: 37483K(37824K)->37483K(37824K) NonClass: 33055K(33216K)->33055K(33216K) Class: 4427K(4608K)->4427K(4608K)
[2025-04-16T15:39:18.064+0000][3652.073s][info][gc             ] GC(2292) Pause Young (Allocation Failure) 24M->15M(31M) 1.304ms
[2025-04-16T15:39:18.064+0000][3652.073s][info][gc,cpu         ] GC(2292) User=0.00s Sys=0.00s Real=0.01s
[2025-04-16T15:39:19.698+0000][3653.707s][info][gc,start       ] GC(2293) Pause Young (Allocation Failure)
[2025-04-16T15:39:19.699+0000][3653.708s][info][gc,heap        ] GC(2293) DefNew: 9170K(10176K)->78K(10176K) Eden: 9088K(9088K)->0K(9088K) From: 82K(1088K)->78K(1088K)
[2025-04-16T15:39:19.699+0000][3653.708s][info][gc,heap        ] GC(2293) Tenured: 15405K(22484K)->15405K(22484K)
[2025-04-16T15:39:19.699+0000][3653.708s][info][gc,metaspace   ] GC(2293) Metaspace: 37483K(37824K)->37483K(37824K) NonClass: 33055K(33216K)->33055K(33216K) Class: 4427K(4608K)->4427K(4608K)
[2025-04-16T15:39:19.699+0000][3653.708s][info][gc             ] GC(2293) Pause Young (Allocation Failure) 23M->15M(31M) 1.815ms
[2025-04-16T15:39:19.699+0000][3653.708s][info][gc,cpu         ] GC(2293) User=0.00s Sys=0.00s Real=0.00s
[2025-04-16T15:39:21.504+0000][3655.513s][info][gc,start       ] GC(2294) Pause Young (Allocation Failure)
[2025-04-16T15:39:21.505+0000][3655.514s][info][gc,heap        ] GC(2294) DefNew: 9166K(10176K)->77K(10176K) Eden: 9088K(9088K)->0K(9088K) From: 78K(1088K)->77K(1088K)
[2025-04-16T15:39:21.505+0000][3655.514s][info][gc,heap        ] GC(2294) Tenured: 15405K(22484K)->15405K(22484K)
[2025-04-16T15:39:21.505+0000][3655.514s][info][gc,metaspace   ] GC(2294) Metaspace: 37483K(37824K)->37483K(37824K) NonClass: 33055K(33216K)->33055K(33216K) Class: 4427K(4608K)->4427K(4608K)
[2025-04-16T15:39:21.505+0000][3655.514s][info][gc             ] GC(2294) Pause Young (Allocation Failure) 23M->15M(31M) 1.206ms
[2025-04-16T15:39:21.505+0000][3655.514s][info][gc,cpu         ] GC(2294) User=0.00s Sys=0.00s Real=0.00s
[2025-04-16T15:39:22.992+0000][3657.001s][info][gc,start       ] GC(2295) Pause Young (Allocation Failure)
[2025-04-16T15:39:22.993+0000][3657.002s][info][gc,heap        ] GC(2295) DefNew: 9165K(10176K)->79K(10176K) Eden: 9088K(9088K)->0K(9088K) From: 77K(1088K)->79K(1088K)
[2025-04-16T15:39:22.993+0000][3657.002s][info][gc,heap        ] GC(2295) Tenured: 15405K(22484K)->15405K(22484K)
[2025-04-16T15:39:22.993+0000][3657.002s][info][gc,metaspace   ] GC(2295) Metaspace: 37483K(37824K)->37483K(37824K) NonClass: 33055K(33216K)->33055K(33216K) Class: 4427K(4608K)->4427K(4608K)
[2025-04-16T15:39:22.993+0000][3657.002s][info][gc             ] GC(2295) Pause Young (Allocation Failure) 23M->15M(31M) 1.385ms
[2025-04-16T15:39:22.993+0000][3657.002s][info][gc,cpu         ] GC(2295) User=0.01s Sys=0.00s Real=0.00s
[2025-04-16T15:39:24.455+0000][3658.464s][info][gc,start       ] GC(2296) Pause Young (Allocation Failure)
[2025-04-16T15:39:24.456+0000][3658.465s][info][gc,heap        ] GC(2296) DefNew: 9167K(10176K)->93K(10176K) Eden: 9088K(9088K)->0K(9088K) From: 79K(1088K)->93K(1088K)
[2025-04-16T15:39:24.456+0000][3658.465s][info][gc,heap        ] GC(2296) Tenured: 15405K(22484K)->15406K(22484K)
[2025-04-16T15:39:24.456+0000][3658.465s][info][gc,metaspace   ] GC(2296) Metaspace: 37483K(37824K)->37483K(37824K) NonClass: 33055K(33216K)->33055K(33216K) Class: 4427K(4608K)->4427K(4608K)
[2025-04-16T15:39:24.456+0000][3658.465s][info][gc             ] GC(2296) Pause Young (Allocation Failure) 23M->15M(31M) 1.285ms
[2025-04-16T15:39:24.456+0000][3658.465s][info][gc,cpu         ] GC(2296) User=0.00s Sys=0.00s Real=0.00s
[2025-04-16T15:39:26.387+0000][3660.396s][info][gc,start       ] GC(2297) Pause Young (Allocation Failure)
[2025-04-16T15:39:26.389+0000][3660.398s][info][gc,heap        ] GC(2297) DefNew: 9181K(10176K)->92K(10176K) Eden: 9088K(9088K)->0K(9088K) From: 93K(1088K)->92K(1088K)
[2025-04-16T15:39:26.389+0000][3660.398s][info][gc,heap        ] GC(2297) Tenured: 15406K(22484K)->15406K(22484K)
[2025-04-16T15:39:26.389+0000][3660.398s][info][gc,metaspace   ] GC(2297) Metaspace: 37483K(37824K)->37483K(37824K) NonClass: 33055K(33216K)->33055K(33216K) Class: 4427K(4608K)->4427K(4608K)
[2025-04-16T15:39:26.389+0000][3660.398s][info][gc             ] GC(2297) Pause Young (Allocation Failure) 24M->15M(31M) 1.307ms
[2025-04-16T15:39:26.389+0000][3660.398s][info][gc,cpu         ] GC(2297) User=0.00s Sys=0.00s Real=0.00s
[2025-04-16T15:39:28.098+0000][3662.108s][info][gc,start       ] GC(2298) Pause Young (Allocation Failure)
[2025-04-16T15:39:28.100+0000][3662.109s][info][gc,heap        ] GC(2298) DefNew: 9180K(10176K)->86K(10176K) Eden: 9088K(9088K)->0K(9088K) From: 92K(1088K)->86K(1088K)
[2025-04-16T15:39:28.100+0000][3662.109s][info][gc,heap        ] GC(2298) Tenured: 15406K(22484K)->15408K(22484K)
[2025-04-16T15:39:28.100+0000][3662.109s][info][gc,metaspace   ] GC(2298) Metaspace: 37483K(37824K)->37483K(37824K) NonClass: 33055K(33216K)->33055K(33216K) Class: 4427K(4608K)->4427K(4608K)
[2025-04-16T15:39:28.100+0000][3662.109s][info][gc             ] GC(2298) Pause Young (Allocation Failure) 24M->15M(31M) 1.346ms
[2025-04-16T15:39:28.100+0000][3662.109s][info][gc,cpu         ] GC(2298) User=0.01s Sys=0.00s Real=0.00s
[2025-04-16T15:39:29.667+0000][3663.676s][info][gc,start       ] GC(2299) Pause Young (Allocation Failure)
[2025-04-16T15:39:29.668+0000][3663.677s][info][gc,heap        ] GC(2299) DefNew: 9174K(10176K)->80K(10176K) Eden: 9088K(9088K)->0K(9088K) From: 86K(1088K)->80K(1088K)
[2025-04-16T15:39:29.668+0000][3663.677s][info][gc,heap        ] GC(2299) Tenured: 15408K(22484K)->15408K(22484K)
[2025-04-16T15:39:29.668+0000][3663.677s][info][gc,metaspace   ] GC(2299) Metaspace: 37483K(37824K)->37483K(37824K) NonClass: 33055K(33216K)->33055K(33216K) Class: 4427K(4608K)->4427K(4608K)
[2025-04-16T15:39:29.668+0000][3663.677s][info][gc             ] GC(2299) Pause Young (Allocation Failure) 24M->15M(31M) 1.337ms
[2025-04-16T15:39:29.668+0000][3663.677s][info][gc,cpu         ] GC(2299) User=0.00s Sys=0.00s Real=0.00s
[2025-04-16T15:39:31.392+0000][3665.401s][info][gc,start       ] GC(2300) Pause Young (Allocation Failure)
[2025-04-16T15:39:31.393+0000][3665.402s][info][gc,heap        ] GC(2300) DefNew: 9168K(10176K)->79K(10176K) Eden: 9088K(9088K)->0K(9088K) From: 80K(1088K)->79K(1088K)
[2025-04-16T15:39:31.393+0000][3665.402s][info][gc,heap        ] GC(2300) Tenured: 15408K(22484K)->15408K(22484K)
[2025-04-16T15:39:31.393+0000][3665.402s][info][gc,metaspace   ] GC(2300) Metaspace: 37483K(37824K)->37483K(37824K) NonClass: 33055K(33216K)->33055K(33216K) Class: 4427K(4608K)->4427K(4608K)
[2025-04-16T15:39:31.393+0000][3665.402s][info][gc             ] GC(2300) Pause Young (Allocation Failure) 24M->15M(31M) 1.217ms
[2025-04-16T15:39:31.393+0000][3665.402s][info][gc,cpu         ] GC(2300) User=0.00s Sys=0.00s Real=0.00s
[2025-04-16T15:39:32.680+0000][3666.689s][info][gc,start       ] GC(2301) Pause Young (Allocation Failure)
[2025-04-16T15:39:32.681+0000][3666.690s][info][gc,heap        ] GC(2301) DefNew: 9167K(10176K)->78K(10176K) Eden: 9088K(9088K)->0K(9088K) From: 79K(1088K)->78K(1088K)
[2025-04-16T15:39:32.681+0000][3666.690s][info][gc,heap        ] GC(2301) Tenured: 15408K(22484K)->15408K(22484K)
[2025-04-16T15:39:32.681+0000][3666.690s][info][gc,metaspace   ] GC(2301) Metaspace: 37483K(37824K)->37483K(37824K) NonClass: 33055K(33216K)->33055K(33216K) Class: 4427K(4608K)->4427K(4608K)
[2025-04-16T15:39:32.681+0000][3666.690s][info][gc             ] GC(2301) Pause Young (Allocation Failure) 23M->15M(31M) 1.271ms
[2025-04-16T15:39:32.681+0000][3666.690s][info][gc,cpu         ] GC(2301) User=0.00s Sys=0.00s Real=0.00s
[2025-04-16T15:39:34.433+0000][3668.442s][info][gc,start       ] GC(2302) Pause Young (Allocation Failure)
[2025-04-16T15:39:34.435+0000][3668.444s][info][gc,heap        ] GC(2302) DefNew: 9166K(10176K)->76K(10176K) Eden: 9088K(9088K)->0K(9088K) From: 78K(1088K)->76K(1088K)
[2025-04-16T15:39:34.435+0000][3668.444s][info][gc,heap        ] GC(2302) Tenured: 15408K(22484K)->15408K(22484K)
[2025-04-16T15:39:34.435+0000][3668.444s][info][gc,metaspace   ] GC(2302) Metaspace: 37483K(37824K)->37483K(37824K) NonClass: 33055K(33216K)->33055K(33216K) Class: 4427K(4608K)->4427K(4608K)
[2025-04-16T15:39:34.435+0000][3668.444s][info][gc             ] GC(2302) Pause Young (Allocation Failure) 23M->15M(31M) 1.198ms
[2025-04-16T15:39:34.435+0000][3668.444s][info][gc,cpu         ] GC(2302) User=0.00s Sys=0.00s Real=0.01s
[2025-04-16T15:39:36.330+0000][3670.339s][info][gc,start       ] GC(2303) Pause Young (Allocation Failure)
[2025-04-16T15:39:36.331+0000][3670.340s][info][gc,heap        ] GC(2303) DefNew: 9164K(10176K)->106K(10176K) Eden: 9087K(9088K)->0K(9088K) From: 76K(1088K)->106K(1088K)
[2025-04-16T15:39:36.331+0000][3670.340s][info][gc,heap        ] GC(2303) Tenured: 15408K(22484K)->15408K(22484K)
[2025-04-16T15:39:36.331+0000][3670.340s][info][gc,metaspace   ] GC(2303) Metaspace: 37483K(37824K)->37483K(37824K) NonClass: 33055K(33216K)->33055K(33216K) Class: 4427K(4608K)->4427K(4608K)
[2025-04-16T15:39:36.331+0000][3670.340s][info][gc             ] GC(2303) Pause Young (Allocation Failure) 23M->15M(31M) 1.301ms
[2025-04-16T15:39:36.331+0000][3670.340s][info][gc,cpu         ] GC(2303) User=0.00s Sys=0.00s Real=0.00s
[2025-04-16T15:39:37.754+0000][3671.764s][info][gc,start       ] GC(2304) Pause Young (Allocation Failure)
[2025-04-16T15:39:37.756+0000][3671.765s][info][gc,heap        ] GC(2304) DefNew: 9194K(10176K)->82K(10176K) Eden: 9088K(9088K)->0K(9088K) From: 106K(1088K)->82K(1088K)
[2025-04-16T15:39:37.756+0000][3671.765s][info][gc,heap        ] GC(2304) Tenured: 15408K(22484K)->15408K(22484K)
[2025-04-16T15:39:37.756+0000][3671.765s][info][gc,metaspace   ] GC(2304) Metaspace: 37483K(37824K)->37483K(37824K) NonClass: 33055K(33216K)->33055K(33216K) Class: 4427K(4608K)->4427K(4608K)
[2025-04-16T15:39:37.756+0000][3671.765s][info][gc             ] GC(2304) Pause Young (Allocation Failure) 24M->15M(31M) 1.335ms
[2025-04-16T15:39:37.756+0000][3671.765s][info][gc,cpu         ] GC(2304) User=0.00s Sys=0.00s Real=0.00s
[2025-04-16T15:39:39.597+0000][3673.606s][info][gc,start       ] GC(2305) Pause Young (Allocation Failure)
[2025-04-16T15:39:39.598+0000][3673.607s][info][gc,heap        ] GC(2305) DefNew: 9170K(10176K)->86K(10176K) Eden: 9088K(9088K)->0K(9088K) From: 82K(1088K)->86K(1088K)
[2025-04-16T15:39:39.598+0000][3673.607s][info][gc,heap        ] GC(2305) Tenured: 15408K(22484K)->15408K(22484K)
[2025-04-16T15:39:39.598+0000][3673.607s][info][gc,metaspace   ] GC(2305) Metaspace: 37483K(37824K)->37483K(37824K) NonClass: 33055K(33216K)->33055K(33216K) Class: 4427K(4608K)->4427K(4608K)
[2025-04-16T15:39:39.598+0000][3673.607s][info][gc             ] GC(2305) Pause Young (Allocation Failure) 24M->15M(31M) 1.302ms
[2025-04-16T15:39:39.598+0000][3673.607s][info][gc,cpu         ] GC(2305) User=0.01s Sys=0.00s Real=0.00s
[2025-04-16T15:39:41.357+0000][3675.366s][info][gc,start       ] GC(2306) Pause Young (Allocation Failure)
[2025-04-16T15:39:41.359+0000][3675.368s][info][gc,heap        ] GC(2306) DefNew: 9174K(10176K)->97K(10176K) Eden: 9088K(9088K)->0K(9088K) From: 86K(1088K)->97K(1088K)
[2025-04-16T15:39:41.359+0000][3675.368s][info][gc,heap        ] GC(2306) Tenured: 15408K(22484K)->15408K(22484K)
[2025-04-16T15:39:41.359+0000][3675.368s][info][gc,metaspace   ] GC(2306) Metaspace: 37483K(37824K)->37483K(37824K) NonClass: 33055K(33216K)->33055K(33216K) Class: 4427K(4608K)->4427K(4608K)
[2025-04-16T15:39:41.359+0000][3675.368s][info][gc             ] GC(2306) Pause Young (Allocation Failure) 24M->15M(31M) 1.357ms
[2025-04-16T15:39:41.359+0000][3675.368s][info][gc,cpu         ] GC(2306) User=0.00s Sys=0.00s Real=0.00s
[2025-04-16T15:39:42.824+0000][3676.833s][info][gc,start       ] GC(2307) Pause Young (Allocation Failure)
[2025-04-16T15:39:42.825+0000][3676.834s][info][gc,heap        ] GC(2307) DefNew: 9185K(10176K)->101K(10176K) Eden: 9088K(9088K)->0K(9088K) From: 97K(1088K)->101K(1088K)
[2025-04-16T15:39:42.825+0000][3676.834s][info][gc,heap        ] GC(2307) Tenured: 15408K(22484K)->15408K(22484K)
[2025-04-16T15:39:42.825+0000][3676.834s][info][gc,metaspace   ] GC(2307) Metaspace: 37483K(37824K)->37483K(37824K) NonClass: 33055K(33216K)->33055K(33216K) Class: 4427K(4608K)->4427K(4608K)
[2025-04-16T15:39:42.825+0000][3676.834s][info][gc             ] GC(2307) Pause Young (Allocation Failure) 24M->15M(31M) 1.293ms
[2025-04-16T15:39:42.825+0000][3676.834s][info][gc,cpu         ] GC(2307) User=0.00s Sys=0.00s Real=0.01s
[2025-04-16T15:39:44.388+0000][3678.397s][info][gc,start       ] GC(2308) Pause Young (Allocation Failure)
[2025-04-16T15:39:44.390+0000][3678.399s][info][gc,heap        ] GC(2308) DefNew: 9189K(10176K)->92K(10176K) Eden: 9088K(9088K)->0K(9088K) From: 101K(1088K)->92K(1088K)
[2025-04-16T15:39:44.390+0000][3678.399s][info][gc,heap        ] GC(2308) Tenured: 15408K(22484K)->15408K(22484K)
[2025-04-16T15:39:44.390+0000][3678.399s][info][gc,metaspace   ] GC(2308) Metaspace: 37483K(37824K)->37483K(37824K) NonClass: 33055K(33216K)->33055K(33216K) Class: 4427K(4608K)->4427K(4608K)
[2025-04-16T15:39:44.390+0000][3678.399s][info][gc             ] GC(2308) Pause Young (Allocation Failure) 24M->15M(31M) 1.422ms
[2025-04-16T15:39:44.390+0000][3678.399s][info][gc,cpu         ] GC(2308) User=0.00s Sys=0.00s Real=0.00s
[2025-04-16T15:39:46.067+0000][3680.076s][info][gc,start       ] GC(2309) Pause Young (Allocation Failure)
[2025-04-16T15:39:46.069+0000][3680.078s][info][gc,heap        ] GC(2309) DefNew: 9169K(10176K)->88K(10176K) Eden: 9077K(9088K)->0K(9088K) From: 92K(1088K)->88K(1088K)
[2025-04-16T15:39:46.069+0000][3680.078s][info][gc,heap        ] GC(2309) Tenured: 15408K(22484K)->15408K(22484K)
[2025-04-16T15:39:46.069+0000][3680.078s][info][gc,metaspace   ] GC(2309) Metaspace: 37483K(37824K)->37483K(37824K) NonClass: 33055K(33216K)->33055K(33216K) Class: 4427K(4608K)->4427K(4608K)
[2025-04-16T15:39:46.069+0000][3680.078s][info][gc             ] GC(2309) Pause Young (Allocation Failure) 24M->15M(31M) 1.337ms
[2025-04-16T15:39:46.069+0000][3680.078s][info][gc,cpu         ] GC(2309) User=0.00s Sys=0.00s Real=0.00s
[2025-04-16T15:39:47.649+0000][3681.658s][info][gc,start       ] GC(2310) Pause Young (Allocation Failure)
[2025-04-16T15:39:47.650+0000][3681.659s][info][gc,heap        ] GC(2310) DefNew: 9176K(10176K)->89K(10176K) Eden: 9088K(9088K)->0K(9088K) From: 88K(1088K)->89K(1088K)
[2025-04-16T15:39:47.650+0000][3681.659s][info][gc,heap        ] GC(2310) Tenured: 15408K(22484K)->15408K(22484K)
[2025-04-16T15:39:47.650+0000][3681.659s][info][gc,metaspace   ] GC(2310) Metaspace: 37483K(37824K)->37483K(37824K) NonClass: 33055K(33216K)->33055K(33216K) Class: 4427K(4608K)->4427K(4608K)
[2025-04-16T15:39:47.650+0000][3681.659s][info][gc             ] GC(2310) Pause Young (Allocation Failure) 24M->15M(31M) 1.358ms
[2025-04-16T15:39:47.650+0000][3681.659s][info][gc,cpu         ] GC(2310) User=0.00s Sys=0.00s Real=0.00s
[2025-04-16T15:39:49.497+0000][3683.506s][info][gc,start       ] GC(2311) Pause Young (Allocation Failure)
[2025-04-16T15:39:49.498+0000][3683.507s][info][gc,heap        ] GC(2311) DefNew: 9177K(10176K)->82K(10176K) Eden: 9088K(9088K)->0K(9088K) From: 89K(1088K)->82K(1088K)
[2025-04-16T15:39:49.498+0000][3683.507s][info][gc,heap        ] GC(2311) Tenured: 15408K(22484K)->15408K(22484K)
[2025-04-16T15:39:49.498+0000][3683.507s][info][gc,metaspace   ] GC(2311) Metaspace: 37483K(37824K)->37483K(37824K) NonClass: 33055K(33216K)->33055K(33216K) Class: 4427K(4608K)->4427K(4608K)
[2025-04-16T15:39:49.498+0000][3683.507s][info][gc             ] GC(2311) Pause Young (Allocation Failure) 24M->15M(31M) 1.289ms
[2025-04-16T15:39:49.498+0000][3683.507s][info][gc,cpu         ] GC(2311) User=0.00s Sys=0.00s Real=0.00s
[2025-04-16T15:39:50.937+0000][3684.946s][info][gc,start       ] GC(2312) Pause Young (Allocation Failure)
[2025-04-16T15:39:50.938+0000][3684.947s][info][gc,heap        ] GC(2312) DefNew: 9170K(10176K)->100K(10176K) Eden: 9088K(9088K)->0K(9088K) From: 82K(1088K)->100K(1088K)
[2025-04-16T15:39:50.938+0000][3684.947s][info][gc,heap        ] GC(2312) Tenured: 15408K(22484K)->15410K(22484K)
[2025-04-16T15:39:50.938+0000][3684.947s][info][gc,metaspace   ] GC(2312) Metaspace: 37483K(37824K)->37483K(37824K) NonClass: 33055K(33216K)->33055K(33216K) Class: 4427K(4608K)->4427K(4608K)
[2025-04-16T15:39:50.938+0000][3684.947s][info][gc             ] GC(2312) Pause Young (Allocation Failure) 24M->15M(31M) 1.228ms
[2025-04-16T15:39:50.938+0000][3684.947s][info][gc,cpu         ] GC(2312) User=0.00s Sys=0.00s Real=0.00s
[2025-04-16T15:39:52.455+0000][3686.464s][info][gc,start       ] GC(2313) Pause Young (Allocation Failure)
[2025-04-16T15:39:52.456+0000][3686.465s][info][gc,heap        ] GC(2313) DefNew: 9188K(10176K)->82K(10176K) Eden: 9088K(9088K)->0K(9088K) From: 100K(1088K)->82K(1088K)
[2025-04-16T15:39:52.456+0000][3686.465s][info][gc,heap        ] GC(2313) Tenured: 15410K(22484K)->15411K(22484K)
[2025-04-16T15:39:52.456+0000][3686.465s][info][gc,metaspace   ] GC(2313) Metaspace: 37483K(37824K)->37483K(37824K) NonClass: 33055K(33216K)->33055K(33216K) Class: 4427K(4608K)->4427K(4608K)
[2025-04-16T15:39:52.456+0000][3686.465s][info][gc             ] GC(2313) Pause Young (Allocation Failure) 24M->15M(31M) 1.359ms
[2025-04-16T15:39:52.456+0000][3686.466s][info][gc,cpu         ] GC(2313) User=0.00s Sys=0.00s Real=0.00s
[2025-04-16T15:39:54.279+0000][3688.288s][info][gc,start       ] GC(2314) Pause Young (Allocation Failure)
[2025-04-16T15:39:54.280+0000][3688.289s][info][gc,heap        ] GC(2314) DefNew: 9170K(10176K)->95K(10176K) Eden: 9088K(9088K)->0K(9088K) From: 82K(1088K)->95K(1088K)
[2025-04-16T15:39:54.280+0000][3688.289s][info][gc,heap        ] GC(2314) Tenured: 15411K(22484K)->15413K(22484K)
[2025-04-16T15:39:54.280+0000][3688.289s][info][gc,metaspace   ] GC(2314) Metaspace: 37483K(37824K)->37483K(37824K) NonClass: 33055K(33216K)->33055K(33216K) Class: 4427K(4608K)->4427K(4608K)
[2025-04-16T15:39:54.280+0000][3688.289s][info][gc             ] GC(2314) Pause Young (Allocation Failure) 24M->15M(31M) 1.282ms
[2025-04-16T15:39:54.280+0000][3688.289s][info][gc,cpu         ] GC(2314) User=0.00s Sys=0.00s Real=0.00s
[2025-04-16T15:39:54.626+0000][3688.635s][info][gc,start       ] GC(2315) Pause Young (Allocation Failure)
[2025-04-16T15:39:54.631+0000][3688.640s][info][gc,heap        ] GC(2315) DefNew: 9183K(10176K)->294K(10176K) Eden: 9088K(9088K)->0K(9088K) From: 95K(1088K)->294K(1088K)
[2025-04-16T15:39:54.631+0000][3688.640s][info][gc,heap        ] GC(2315) Tenured: 15413K(22484K)->15414K(22484K)
[2025-04-16T15:39:54.631+0000][3688.640s][info][gc,metaspace   ] GC(2315) Metaspace: 38341K(38720K)->38341K(38720K) NonClass: 33799K(33984K)->33799K(33984K) Class: 4541K(4736K)->4541K(4736K)
[2025-04-16T15:39:54.631+0000][3688.640s][info][gc             ] GC(2315) Pause Young (Allocation Failure) 24M->15M(31M) 5.131ms
[2025-04-16T15:39:54.631+0000][3688.640s][info][gc,cpu         ] GC(2315) User=0.00s Sys=0.00s Real=0.00s
[2025-04-16T15:39:56.338+0000][3690.347s][info][gc,start       ] GC(2316) Pause Young (Allocation Failure)
[2025-04-16T15:39:56.340+0000][3690.349s][info][gc,heap        ] GC(2316) DefNew: 9382K(10176K)->367K(10176K) Eden: 9088K(9088K)->0K(9088K) From: 294K(1088K)->367K(1088K)
[2025-04-16T15:39:56.340+0000][3690.349s][info][gc,heap        ] GC(2316) Tenured: 15414K(22484K)->15414K(22484K)
[2025-04-16T15:39:56.340+0000][3690.349s][info][gc,metaspace   ] GC(2316) Metaspace: 38428K(38784K)->38428K(38784K) NonClass: 33874K(34048K)->33874K(34048K) Class: 4553K(4736K)->4553K(4736K)
[2025-04-16T15:39:56.340+0000][3690.349s][info][gc             ] GC(2316) Pause Young (Allocation Failure) 24M->15M(31M) 2.240ms
[2025-04-16T15:39:56.340+0000][3690.349s][info][gc,cpu         ] GC(2316) User=0.00s Sys=0.00s Real=0.00s
[2025-04-16T15:39:58.018+0000][3692.027s][info][gc,start       ] GC(2317) Pause Young (Allocation Failure)
[2025-04-16T15:39:58.020+0000][3692.029s][info][gc,heap        ] GC(2317) DefNew: 9455K(10176K)->358K(10176K) Eden: 9088K(9088K)->0K(9088K) From: 367K(1088K)->358K(1088K)
[2025-04-16T15:39:58.020+0000][3692.029s][info][gc,heap        ] GC(2317) Tenured: 15414K(22484K)->15415K(22484K)
[2025-04-16T15:39:58.020+0000][3692.029s][info][gc,metaspace   ] GC(2317) Metaspace: 38429K(38784K)->38429K(38784K) NonClass: 33875K(34048K)->33875K(34048K) Class: 4553K(4736K)->4553K(4736K)
[2025-04-16T15:39:58.020+0000][3692.029s][info][gc             ] GC(2317) Pause Young (Allocation Failure) 24M->15M(31M) 2.350ms
[2025-04-16T15:39:58.020+0000][3692.029s][info][gc,cpu         ] GC(2317) User=0.01s Sys=0.00s Real=0.00s
[2025-04-16T15:39:59.620+0000][3693.629s][info][gc,start       ] GC(2318) Pause Young (Allocation Failure)
[2025-04-16T15:39:59.622+0000][3693.631s][info][gc,heap        ] GC(2318) DefNew: 9446K(10176K)->354K(10176K) Eden: 9087K(9088K)->0K(9088K) From: 358K(1088K)->354K(1088K)
[2025-04-16T15:39:59.622+0000][3693.631s][info][gc,heap        ] GC(2318) Tenured: 15415K(22484K)->15415K(22484K)
[2025-04-16T15:39:59.622+0000][3693.631s][info][gc,metaspace   ] GC(2318) Metaspace: 38429K(38784K)->38429K(38784K) NonClass: 33875K(34048K)->33875K(34048K) Class: 4553K(4736K)->4553K(4736K)
[2025-04-16T15:39:59.622+0000][3693.631s][info][gc             ] GC(2318) Pause Young (Allocation Failure) 24M->15M(31M) 2.421ms
[2025-04-16T15:39:59.622+0000][3693.632s][info][gc,cpu         ] GC(2318) User=0.01s Sys=0.00s Real=0.00s
[2025-04-16T15:40:01.197+0000][3695.206s][info][gc,start       ] GC(2319) Pause Young (Allocation Failure)
[2025-04-16T15:40:01.202+0000][3695.211s][info][gc,heap        ] GC(2319) DefNew: 9442K(10176K)->364K(10176K) Eden: 9088K(9088K)->0K(9088K) From: 354K(1088K)->364K(1088K)
[2025-04-16T15:40:01.202+0000][3695.211s][info][gc,heap        ] GC(2319) Tenured: 15415K(22484K)->15416K(22484K)
[2025-04-16T15:40:01.202+0000][3695.211s][info][gc,metaspace   ] GC(2319) Metaspace: 38432K(38784K)->38432K(38784K) NonClass: 33878K(34048K)->33878K(34048K) Class: 4553K(4736K)->4553K(4736K)
[2025-04-16T15:40:01.202+0000][3695.211s][info][gc             ] GC(2319) Pause Young (Allocation Failure) 24M->15M(31M) 4.353ms
[2025-04-16T15:40:01.202+0000][3695.211s][info][gc,cpu         ] GC(2319) User=0.00s Sys=0.00s Real=0.00s
[2025-04-16T15:40:02.884+0000][3696.893s][info][gc,start       ] GC(2320) Pause Young (Allocation Failure)
[2025-04-16T15:40:02.886+0000][3696.895s][info][gc,heap        ] GC(2320) DefNew: 9445K(10176K)->354K(10176K) Eden: 9081K(9088K)->0K(9088K) From: 364K(1088K)->354K(1088K)
[2025-04-16T15:40:02.886+0000][3696.895s][info][gc,heap        ] GC(2320) Tenured: 15416K(22484K)->15419K(22484K)
[2025-04-16T15:40:02.886+0000][3696.895s][info][gc,metaspace   ] GC(2320) Metaspace: 38432K(38784K)->38432K(38784K) NonClass: 33878K(34048K)->33878K(34048K) Class: 4553K(4736K)->4553K(4736K)
[2025-04-16T15:40:02.886+0000][3696.895s][info][gc             ] GC(2320) Pause Young (Allocation Failure) 24M->15M(31M) 2.219ms
[2025-04-16T15:40:02.886+0000][3696.895s][info][gc,cpu         ] GC(2320) User=0.00s Sys=0.00s Real=0.01s
[2025-04-16T15:40:04.392+0000][3698.401s][info][gc,start       ] GC(2321) Pause Young (Allocation Failure)
[2025-04-16T15:40:04.395+0000][3698.404s][info][gc,heap        ] GC(2321) DefNew: 9442K(10176K)->334K(10176K) Eden: 9087K(9088K)->0K(9088K) From: 354K(1088K)->334K(1088K)
[2025-04-16T15:40:04.395+0000][3698.404s][info][gc,heap        ] GC(2321) Tenured: 15419K(22484K)->15420K(22484K)
[2025-04-16T15:40:04.395+0000][3698.404s][info][gc,metaspace   ] GC(2321) Metaspace: 38432K(38784K)->38432K(38784K) NonClass: 33878K(34048K)->33878K(34048K) Class: 4553K(4736K)->4553K(4736K)
[2025-04-16T15:40:04.395+0000][3698.404s][info][gc             ] GC(2321) Pause Young (Allocation Failure) 24M->15M(31M) 2.348ms
[2025-04-16T15:40:04.395+0000][3698.404s][info][gc,cpu         ] GC(2321) User=0.00s Sys=0.00s Real=0.01s
[2025-04-16T15:40:05.993+0000][3700.002s][info][gc,start       ] GC(2322) Pause Young (Allocation Failure)
[2025-04-16T15:40:05.995+0000][3700.004s][info][gc,heap        ] GC(2322) DefNew: 9422K(10176K)->347K(10176K) Eden: 9088K(9088K)->0K(9088K) From: 334K(1088K)->347K(1088K)
[2025-04-16T15:40:05.995+0000][3700.004s][info][gc,heap        ] GC(2322) Tenured: 15420K(22484K)->15420K(22484K)
[2025-04-16T15:40:05.995+0000][3700.004s][info][gc,metaspace   ] GC(2322) Metaspace: 38432K(38784K)->38432K(38784K) NonClass: 33878K(34048K)->33878K(34048K) Class: 4553K(4736K)->4553K(4736K)
[2025-04-16T15:40:05.995+0000][3700.004s][info][gc             ] GC(2322) Pause Young (Allocation Failure) 24M->15M(31M) 2.427ms
[2025-04-16T15:40:05.995+0000][3700.004s][info][gc,cpu         ] GC(2322) User=0.00s Sys=0.00s Real=0.01s
[2025-04-16T15:40:07.618+0000][3701.627s][info][gc,start       ] GC(2323) Pause Young (Allocation Failure)
[2025-04-16T15:40:07.620+0000][3701.629s][info][gc,heap        ] GC(2323) DefNew: 9435K(10176K)->361K(10176K) Eden: 9088K(9088K)->0K(9088K) From: 347K(1088K)->361K(1088K)
[2025-04-16T15:40:07.620+0000][3701.629s][info][gc,heap        ] GC(2323) Tenured: 15420K(22484K)->15420K(22484K)
[2025-04-16T15:40:07.620+0000][3701.629s][info][gc,metaspace   ] GC(2323) Metaspace: 38432K(38784K)->38432K(38784K) NonClass: 33878K(34048K)->33878K(34048K) Class: 4553K(4736K)->4553K(4736K)
[2025-04-16T15:40:07.620+0000][3701.629s][info][gc             ] GC(2323) Pause Young (Allocation Failure) 24M->15M(31M) 2.402ms
[2025-04-16T15:40:07.620+0000][3701.629s][info][gc,cpu         ] GC(2323) User=0.01s Sys=0.00s Real=0.00s
[2025-04-16T15:40:09.128+0000][3703.137s][info][gc,start       ] GC(2324) Pause Young (Allocation Failure)
[2025-04-16T15:40:09.130+0000][3703.139s][info][gc,heap        ] GC(2324) DefNew: 9449K(10176K)->366K(10176K) Eden: 9088K(9088K)->0K(9088K) From: 361K(1088K)->366K(1088K)
[2025-04-16T15:40:09.130+0000][3703.139s][info][gc,heap        ] GC(2324) Tenured: 15420K(22484K)->15421K(22484K)
[2025-04-16T15:40:09.130+0000][3703.139s][info][gc,metaspace   ] GC(2324) Metaspace: 38432K(38784K)->38432K(38784K) NonClass: 33878K(34048K)->33878K(34048K) Class: 4553K(4736K)->4553K(4736K)
[2025-04-16T15:40:09.130+0000][3703.139s][info][gc             ] GC(2324) Pause Young (Allocation Failure) 24M->15M(31M) 2.238ms
[2025-04-16T15:40:09.130+0000][3703.139s][info][gc,cpu         ] GC(2324) User=0.01s Sys=0.00s Real=0.00s
[2025-04-16T15:40:11.122+0000][3705.131s][info][gc,start       ] GC(2325) Pause Young (Allocation Failure)
[2025-04-16T15:40:11.124+0000][3705.133s][info][gc,heap        ] GC(2325) DefNew: 9454K(10176K)->351K(10176K) Eden: 9088K(9088K)->0K(9088K) From: 366K(1088K)->351K(1088K)
[2025-04-16T15:40:11.124+0000][3705.133s][info][gc,heap        ] GC(2325) Tenured: 15421K(22484K)->15421K(22484K)
[2025-04-16T15:40:11.124+0000][3705.133s][info][gc,metaspace   ] GC(2325) Metaspace: 38432K(38784K)->38432K(38784K) NonClass: 33878K(34048K)->33878K(34048K) Class: 4553K(4736K)->4553K(4736K)
[2025-04-16T15:40:11.124+0000][3705.133s][info][gc             ] GC(2325) Pause Young (Allocation Failure) 24M->15M(31M) 2.461ms
[2025-04-16T15:40:11.124+0000][3705.133s][info][gc,cpu         ] GC(2325) User=0.01s Sys=0.00s Real=0.01s
[2025-04-16T15:40:12.522+0000][3706.531s][info][gc,start       ] GC(2326) Pause Young (Allocation Failure)
[2025-04-16T15:40:12.525+0000][3706.534s][info][gc,heap        ] GC(2326) DefNew: 9439K(10176K)->353K(10176K) Eden: 9088K(9088K)->0K(9088K) From: 351K(1088K)->353K(1088K)
[2025-04-16T15:40:12.525+0000][3706.534s][info][gc,heap        ] GC(2326) Tenured: 15421K(22484K)->15421K(22484K)
[2025-04-16T15:40:12.525+0000][3706.534s][info][gc,metaspace   ] GC(2326) Metaspace: 38432K(38784K)->38432K(38784K) NonClass: 33878K(34048K)->33878K(34048K) Class: 4553K(4736K)->4553K(4736K)
[2025-04-16T15:40:12.525+0000][3706.534s][info][gc             ] GC(2326) Pause Young (Allocation Failure) 24M->15M(31M) 2.505ms
[2025-04-16T15:40:12.525+0000][3706.534s][info][gc,cpu         ] GC(2326) User=0.00s Sys=0.00s Real=0.01s
[2025-04-16T15:40:13.957+0000][3707.966s][info][gc,start       ] GC(2327) Pause Young (Allocation Failure)
[2025-04-16T15:40:13.959+0000][3707.968s][info][gc,heap        ] GC(2327) DefNew: 9441K(10176K)->364K(10176K) Eden: 9088K(9088K)->0K(9088K) From: 353K(1088K)->364K(1088K)
[2025-04-16T15:40:13.959+0000][3707.968s][info][gc,heap        ] GC(2327) Tenured: 15421K(22484K)->15421K(22484K)
[2025-04-16T15:40:13.959+0000][3707.968s][info][gc,metaspace   ] GC(2327) Metaspace: 38432K(38784K)->38432K(38784K) NonClass: 33878K(34048K)->33878K(34048K) Class: 4553K(4736K)->4553K(4736K)
[2025-04-16T15:40:13.959+0000][3707.968s][info][gc             ] GC(2327) Pause Young (Allocation Failure) 24M->15M(31M) 2.568ms
[2025-04-16T15:40:13.959+0000][3707.968s][info][gc,cpu         ] GC(2327) User=0.00s Sys=0.00s Real=0.00s
[2025-04-16T15:40:15.596+0000][3709.605s][info][gc,start       ] GC(2328) Pause Young (Allocation Failure)
[2025-04-16T15:40:15.599+0000][3709.608s][info][gc,heap        ] GC(2328) DefNew: 9452K(10176K)->377K(10176K) Eden: 9088K(9088K)->0K(9088K) From: 364K(1088K)->377K(1088K)
[2025-04-16T15:40:15.599+0000][3709.608s][info][gc,heap        ] GC(2328) Tenured: 15421K(22484K)->15421K(22484K)
[2025-04-16T15:40:15.599+0000][3709.608s][info][gc,metaspace   ] GC(2328) Metaspace: 38432K(38784K)->38432K(38784K) NonClass: 33878K(34048K)->33878K(34048K) Class: 4553K(4736K)->4553K(4736K)
[2025-04-16T15:40:15.599+0000][3709.608s][info][gc             ] GC(2328) Pause Young (Allocation Failure) 24M->15M(31M) 2.347ms
[2025-04-16T15:40:15.599+0000][3709.608s][info][gc,cpu         ] GC(2328) User=0.00s Sys=0.00s Real=0.00s
[2025-04-16T15:40:17.192+0000][3711.201s][info][gc,start       ] GC(2329) Pause Young (Allocation Failure)
[2025-04-16T15:40:17.194+0000][3711.203s][info][gc,heap        ] GC(2329) DefNew: 9465K(10176K)->367K(10176K) Eden: 9088K(9088K)->0K(9088K) From: 377K(1088K)->367K(1088K)
[2025-04-16T15:40:17.194+0000][3711.203s][info][gc,heap        ] GC(2329) Tenured: 15421K(22484K)->15424K(22484K)
[2025-04-16T15:40:17.194+0000][3711.203s][info][gc,metaspace   ] GC(2329) Metaspace: 38432K(38784K)->38432K(38784K) NonClass: 33878K(34048K)->33878K(34048K) Class: 4553K(4736K)->4553K(4736K)
[2025-04-16T15:40:17.194+0000][3711.204s][info][gc             ] GC(2329) Pause Young (Allocation Failure) 24M->15M(31M) 2.499ms
[2025-04-16T15:40:17.195+0000][3711.204s][info][gc,cpu         ] GC(2329) User=0.01s Sys=0.00s Real=0.01s
[2025-04-16T15:40:19.015+0000][3713.024s][info][gc,start       ] GC(2330) Pause Young (Allocation Failure)
[2025-04-16T15:40:19.018+0000][3713.027s][info][gc,heap        ] GC(2330) DefNew: 9455K(10176K)->131K(10176K) Eden: 9088K(9088K)->0K(9088K) From: 367K(1088K)->131K(1088K)
[2025-04-16T15:40:19.018+0000][3713.027s][info][gc,heap        ] GC(2330) Tenured: 15424K(22484K)->15647K(22484K)
[2025-04-16T15:40:19.018+0000][3713.027s][info][gc,metaspace   ] GC(2330) Metaspace: 38432K(38784K)->38432K(38784K) NonClass: 33878K(34048K)->33878K(34048K) Class: 4553K(4736K)->4553K(4736K)
[2025-04-16T15:40:19.018+0000][3713.027s][info][gc             ] GC(2330) Pause Young (Allocation Failure) 24M->15M(31M) 2.501ms
[2025-04-16T15:40:19.018+0000][3713.027s][info][gc,cpu         ] GC(2330) User=0.00s Sys=0.00s Real=0.00s
[2025-04-16T15:40:20.438+0000][3714.447s][info][gc,start       ] GC(2331) Pause Young (Allocation Failure)
[2025-04-16T15:40:20.439+0000][3714.448s][info][gc,heap        ] GC(2331) DefNew: 9219K(10176K)->87K(10176K) Eden: 9088K(9088K)->0K(9088K) From: 131K(1088K)->87K(1088K)
[2025-04-16T15:40:20.439+0000][3714.448s][info][gc,heap        ] GC(2331) Tenured: 15647K(22484K)->15691K(22484K)
[2025-04-16T15:40:20.439+0000][3714.448s][info][gc,metaspace   ] GC(2331) Metaspace: 38432K(38784K)->38432K(38784K) NonClass: 33878K(34048K)->33878K(34048K) Class: 4553K(4736K)->4553K(4736K)
[2025-04-16T15:40:20.439+0000][3714.448s][info][gc             ] GC(2331) Pause Young (Allocation Failure) 24M->15M(31M) 1.587ms
[2025-04-16T15:40:20.439+0000][3714.448s][info][gc,cpu         ] GC(2331) User=0.01s Sys=0.00s Real=0.00s
[2025-04-16T15:40:22.056+0000][3716.065s][info][gc,start       ] GC(2332) Pause Young (Allocation Failure)
[2025-04-16T15:40:22.058+0000][3716.067s][info][gc,heap        ] GC(2332) DefNew: 9175K(10176K)->84K(10176K) Eden: 9088K(9088K)->0K(9088K) From: 87K(1088K)->84K(1088K)
[2025-04-16T15:40:22.058+0000][3716.067s][info][gc,heap        ] GC(2332) Tenured: 15691K(22484K)->15692K(22484K)
[2025-04-16T15:40:22.058+0000][3716.067s][info][gc,metaspace   ] GC(2332) Metaspace: 38432K(38784K)->38432K(38784K) NonClass: 33878K(34048K)->33878K(34048K) Class: 4553K(4736K)->4553K(4736K)
[2025-04-16T15:40:22.058+0000][3716.067s][info][gc             ] GC(2332) Pause Young (Allocation Failure) 24M->15M(31M) 1.565ms
[2025-04-16T15:40:22.058+0000][3716.067s][info][gc,cpu         ] GC(2332) User=0.00s Sys=0.00s Real=0.00s
[2025-04-16T15:40:23.629+0000][3717.638s][info][gc,start       ] GC(2333) Pause Young (Allocation Failure)
[2025-04-16T15:40:23.631+0000][3717.640s][info][gc,heap        ] GC(2333) DefNew: 9172K(10176K)->98K(10176K) Eden: 9088K(9088K)->0K(9088K) From: 84K(1088K)->98K(1088K)
[2025-04-16T15:40:23.631+0000][3717.640s][info][gc,heap        ] GC(2333) Tenured: 15692K(22484K)->15692K(22484K)
[2025-04-16T15:40:23.631+0000][3717.640s][info][gc,metaspace   ] GC(2333) Metaspace: 38432K(38784K)->38432K(38784K) NonClass: 33878K(34048K)->33878K(34048K) Class: 4553K(4736K)->4553K(4736K)
[2025-04-16T15:40:23.631+0000][3717.640s][info][gc             ] GC(2333) Pause Young (Allocation Failure) 24M->15M(31M) 1.327ms
[2025-04-16T15:40:23.631+0000][3717.640s][info][gc,cpu         ] GC(2333) User=0.00s Sys=0.00s Real=0.00s
[2025-04-16T15:40:25.116+0000][3719.125s][info][gc,start       ] GC(2334) Pause Young (Allocation Failure)
[2025-04-16T15:40:25.117+0000][3719.126s][info][gc,heap        ] GC(2334) DefNew: 9174K(10176K)->88K(10176K) Eden: 9076K(9088K)->0K(9088K) From: 98K(1088K)->88K(1088K)
[2025-04-16T15:40:25.117+0000][3719.126s][info][gc,heap        ] GC(2334) Tenured: 15692K(22484K)->15692K(22484K)
[2025-04-16T15:40:25.117+0000][3719.126s][info][gc,metaspace   ] GC(2334) Metaspace: 38432K(38784K)->38432K(38784K) NonClass: 33878K(34048K)->33878K(34048K) Class: 4553K(4736K)->4553K(4736K)
[2025-04-16T15:40:25.117+0000][3719.126s][info][gc             ] GC(2334) Pause Young (Allocation Failure) 24M->15M(31M) 1.345ms
[2025-04-16T15:40:25.117+0000][3719.126s][info][gc,cpu         ] GC(2334) User=0.00s Sys=0.00s Real=0.00s
[2025-04-16T15:40:26.652+0000][3720.661s][info][gc,start       ] GC(2335) Pause Young (Allocation Failure)
[2025-04-16T15:40:26.654+0000][3720.663s][info][gc,heap        ] GC(2335) DefNew: 9175K(10176K)->84K(10176K) Eden: 9087K(9088K)->0K(9088K) From: 88K(1088K)->84K(1088K)
[2025-04-16T15:40:26.654+0000][3720.663s][info][gc,heap        ] GC(2335) Tenured: 15692K(22484K)->15694K(22484K)
[2025-04-16T15:40:26.654+0000][3720.663s][info][gc,metaspace   ] GC(2335) Metaspace: 38432K(38784K)->38432K(38784K) NonClass: 33878K(34048K)->33878K(34048K) Class: 4553K(4736K)->4553K(4736K)
[2025-04-16T15:40:26.654+0000][3720.663s][info][gc             ] GC(2335) Pause Young (Allocation Failure) 24M->15M(31M) 1.522ms
[2025-04-16T15:40:26.654+0000][3720.663s][info][gc,cpu         ] GC(2335) User=0.00s Sys=0.00s Real=0.00s
[2025-04-16T15:40:28.256+0000][3722.266s][info][gc,start       ] GC(2336) Pause Young (Allocation Failure)
[2025-04-16T15:40:28.258+0000][3722.267s][info][gc,heap        ] GC(2336) DefNew: 9171K(10176K)->86K(10176K) Eden: 9086K(9088K)->0K(9088K) From: 84K(1088K)->86K(1088K)
[2025-04-16T15:40:28.258+0000][3722.267s][info][gc,heap        ] GC(2336) Tenured: 15694K(22484K)->15694K(22484K)
[2025-04-16T15:40:28.258+0000][3722.267s][info][gc,metaspace   ] GC(2336) Metaspace: 38432K(38784K)->38432K(38784K) NonClass: 33878K(34048K)->33878K(34048K) Class: 4553K(4736K)->4553K(4736K)
[2025-04-16T15:40:28.258+0000][3722.267s][info][gc             ] GC(2336) Pause Young (Allocation Failure) 24M->15M(31M) 1.286ms
[2025-04-16T15:40:28.258+0000][3722.267s][info][gc,cpu         ] GC(2336) User=0.00s Sys=0.00s Real=0.00s
[2025-04-16T15:40:30.009+0000][3724.018s][info][gc,start       ] GC(2337) Pause Young (Allocation Failure)
[2025-04-16T15:40:30.011+0000][3724.020s][info][gc,heap        ] GC(2337) DefNew: 9174K(10176K)->88K(10176K) Eden: 9088K(9088K)->0K(9088K) From: 86K(1088K)->88K(1088K)
[2025-04-16T15:40:30.011+0000][3724.020s][info][gc,heap        ] GC(2337) Tenured: 15694K(22484K)->15695K(22484K)
[2025-04-16T15:40:30.011+0000][3724.020s][info][gc,metaspace   ] GC(2337) Metaspace: 38432K(38784K)->38432K(38784K) NonClass: 33878K(34048K)->33878K(34048K) Class: 4553K(4736K)->4553K(4736K)
[2025-04-16T15:40:30.011+0000][3724.020s][info][gc             ] GC(2337) Pause Young (Allocation Failure) 24M->15M(31M) 1.427ms
[2025-04-16T15:40:30.011+0000][3724.020s][info][gc,cpu         ] GC(2337) User=0.00s Sys=0.00s Real=0.00s
[2025-04-16T15:40:31.643+0000][3725.652s][info][gc,start       ] GC(2338) Pause Young (Allocation Failure)
[2025-04-16T15:40:31.644+0000][3725.653s][info][gc,heap        ] GC(2338) DefNew: 9176K(10176K)->88K(10176K) Eden: 9088K(9088K)->0K(9088K) From: 88K(1088K)->88K(1088K)
[2025-04-16T15:40:31.644+0000][3725.653s][info][gc,heap        ] GC(2338) Tenured: 15695K(22484K)->15697K(22484K)
[2025-04-16T15:40:31.644+0000][3725.653s][info][gc,metaspace   ] GC(2338) Metaspace: 38432K(38784K)->38432K(38784K) NonClass: 33878K(34048K)->33878K(34048K) Class: 4553K(4736K)->4553K(4736K)
[2025-04-16T15:40:31.644+0000][3725.653s][info][gc             ] GC(2338) Pause Young (Allocation Failure) 24M->15M(31M) 1.371ms
[2025-04-16T15:40:31.644+0000][3725.653s][info][gc,cpu         ] GC(2338) User=0.00s Sys=0.00s Real=0.01s
[2025-04-16T15:40:33.100+0000][3727.109s][info][gc,start       ] GC(2339) Pause Young (Allocation Failure)
[2025-04-16T15:40:33.102+0000][3727.111s][info][gc,heap        ] GC(2339) DefNew: 9176K(10176K)->83K(10176K) Eden: 9088K(9088K)->0K(9088K) From: 88K(1088K)->83K(1088K)
[2025-04-16T15:40:33.102+0000][3727.111s][info][gc,heap        ] GC(2339) Tenured: 15697K(22484K)->15699K(22484K)
[2025-04-16T15:40:33.102+0000][3727.111s][info][gc,metaspace   ] GC(2339) Metaspace: 38432K(38784K)->38432K(38784K) NonClass: 33878K(34048K)->33878K(34048K) Class: 4553K(4736K)->4553K(4736K)
[2025-04-16T15:40:33.102+0000][3727.111s][info][gc             ] GC(2339) Pause Young (Allocation Failure) 24M->15M(31M) 1.426ms
[2025-04-16T15:40:33.102+0000][3727.111s][info][gc,cpu         ] GC(2339) User=0.00s Sys=0.00s Real=0.00s
[2025-04-16T15:40:34.712+0000][3728.721s][info][gc,start       ] GC(2340) Pause Young (Allocation Failure)
[2025-04-16T15:40:34.714+0000][3728.723s][info][gc,heap        ] GC(2340) DefNew: 9171K(10176K)->102K(10176K) Eden: 9087K(9088K)->0K(9088K) From: 83K(1088K)->102K(1088K)
[2025-04-16T15:40:34.714+0000][3728.723s][info][gc,heap        ] GC(2340) Tenured: 15699K(22484K)->15701K(22484K)
[2025-04-16T15:40:34.714+0000][3728.723s][info][gc,metaspace   ] GC(2340) Metaspace: 38432K(38784K)->38432K(38784K) NonClass: 33878K(34048K)->33878K(34048K) Class: 4553K(4736K)->4553K(4736K)
[2025-04-16T15:40:34.714+0000][3728.723s][info][gc             ] GC(2340) Pause Young (Allocation Failure) 24M->15M(31M) 1.408ms
[2025-04-16T15:40:34.714+0000][3728.723s][info][gc,cpu         ] GC(2340) User=0.01s Sys=0.00s Real=0.00s
[2025-04-16T15:40:36.379+0000][3730.388s][info][gc,start       ] GC(2341) Pause Young (Allocation Failure)
[2025-04-16T15:40:36.380+0000][3730.389s][info][gc,heap        ] GC(2341) DefNew: 9190K(10176K)->100K(10176K) Eden: 9088K(9088K)->0K(9088K) From: 102K(1088K)->100K(1088K)
[2025-04-16T15:40:36.380+0000][3730.389s][info][gc,heap        ] GC(2341) Tenured: 15701K(22484K)->15701K(22484K)
[2025-04-16T15:40:36.380+0000][3730.389s][info][gc,metaspace   ] GC(2341) Metaspace: 38432K(38784K)->38432K(38784K) NonClass: 33878K(34048K)->33878K(34048K) Class: 4553K(4736K)->4553K(4736K)
[2025-04-16T15:40:36.380+0000][3730.389s][info][gc             ] GC(2341) Pause Young (Allocation Failure) 24M->15M(31M) 1.310ms
[2025-04-16T15:40:36.380+0000][3730.389s][info][gc,cpu         ] GC(2341) User=0.00s Sys=0.00s Real=0.00s
[2025-04-16T15:40:37.932+0000][3731.941s][info][gc,start       ] GC(2342) Pause Young (Allocation Failure)
[2025-04-16T15:40:37.933+0000][3731.942s][info][gc,heap        ] GC(2342) DefNew: 9173K(10176K)->91K(10176K) Eden: 9072K(9088K)->0K(9088K) From: 100K(1088K)->91K(1088K)
[2025-04-16T15:40:37.933+0000][3731.942s][info][gc,heap        ] GC(2342) Tenured: 15701K(22484K)->15701K(22484K)
[2025-04-16T15:40:37.933+0000][3731.942s][info][gc,metaspace   ] GC(2342) Metaspace: 38432K(38784K)->38432K(38784K) NonClass: 33878K(34048K)->33878K(34048K) Class: 4553K(4736K)->4553K(4736K)
[2025-04-16T15:40:37.933+0000][3731.942s][info][gc             ] GC(2342) Pause Young (Allocation Failure) 24M->15M(31M) 1.319ms
[2025-04-16T15:40:37.933+0000][3731.942s][info][gc,cpu         ] GC(2342) User=0.00s Sys=0.00s Real=0.00s
[2025-04-16T15:40:39.732+0000][3733.741s][info][gc,start       ] GC(2343) Pause Young (Allocation Failure)
[2025-04-16T15:40:39.733+0000][3733.743s][info][gc,heap        ] GC(2343) DefNew: 9179K(10176K)->84K(10176K) Eden: 9088K(9088K)->0K(9088K) From: 91K(1088K)->84K(1088K)
[2025-04-16T15:40:39.734+0000][3733.743s][info][gc,heap        ] GC(2343) Tenured: 15701K(22484K)->15702K(22484K)
[2025-04-16T15:40:39.734+0000][3733.743s][info][gc,metaspace   ] GC(2343) Metaspace: 38432K(38784K)->38432K(38784K) NonClass: 33878K(34048K)->33878K(34048K) Class: 4553K(4736K)->4553K(4736K)
[2025-04-16T15:40:39.734+0000][3733.743s][info][gc             ] GC(2343) Pause Young (Allocation Failure) 24M->15M(31M) 1.458ms
[2025-04-16T15:40:39.734+0000][3733.743s][info][gc,cpu         ] GC(2343) User=0.00s Sys=0.00s Real=0.00s
[2025-04-16T15:40:41.306+0000][3735.315s][info][gc,start       ] GC(2344) Pause Young (Allocation Failure)
[2025-04-16T15:40:41.308+0000][3735.317s][info][gc,heap        ] GC(2344) DefNew: 9172K(10176K)->103K(10176K) Eden: 9087K(9088K)->0K(9088K) From: 84K(1088K)->103K(1088K)
[2025-04-16T15:40:41.308+0000][3735.317s][info][gc,heap        ] GC(2344) Tenured: 15702K(22484K)->15702K(22484K)
[2025-04-16T15:40:41.308+0000][3735.317s][info][gc,metaspace   ] GC(2344) Metaspace: 38432K(38784K)->38432K(38784K) NonClass: 33878K(34048K)->33878K(34048K) Class: 4553K(4736K)->4553K(4736K)
[2025-04-16T15:40:41.308+0000][3735.317s][info][gc             ] GC(2344) Pause Young (Allocation Failure) 24M->15M(31M) 1.420ms
[2025-04-16T15:40:41.308+0000][3735.317s][info][gc,cpu         ] GC(2344) User=0.01s Sys=0.00s Real=0.00s
[2025-04-16T15:40:43.059+0000][3737.068s][info][gc,start       ] GC(2345) Pause Young (Allocation Failure)
[2025-04-16T15:40:43.060+0000][3737.069s][info][gc,heap        ] GC(2345) DefNew: 9191K(10176K)->86K(10176K) Eden: 9088K(9088K)->0K(9088K) From: 103K(1088K)->86K(1088K)
[2025-04-16T15:40:43.060+0000][3737.070s][info][gc,heap        ] GC(2345) Tenured: 15702K(22484K)->15702K(22484K)
[2025-04-16T15:40:43.060+0000][3737.070s][info][gc,metaspace   ] GC(2345) Metaspace: 38432K(38784K)->38432K(38784K) NonClass: 33878K(34048K)->33878K(34048K) Class: 4553K(4736K)->4553K(4736K)
[2025-04-16T15:40:43.061+0000][3737.070s][info][gc             ] GC(2345) Pause Young (Allocation Failure) 24M->15M(31M) 1.357ms
[2025-04-16T15:40:43.061+0000][3737.070s][info][gc,cpu         ] GC(2345) User=0.01s Sys=0.00s Real=0.00s
[2025-04-16T15:40:44.506+0000][3738.515s][info][gc,start       ] GC(2346) Pause Young (Allocation Failure)
[2025-04-16T15:40:44.507+0000][3738.516s][info][gc,heap        ] GC(2346) DefNew: 9158K(10176K)->90K(10176K) Eden: 9072K(9088K)->0K(9088K) From: 86K(1088K)->90K(1088K)
[2025-04-16T15:40:44.507+0000][3738.516s][info][gc,heap        ] GC(2346) Tenured: 15702K(22484K)->15703K(22484K)
[2025-04-16T15:40:44.507+0000][3738.516s][info][gc,metaspace   ] GC(2346) Metaspace: 38432K(38784K)->38432K(38784K) NonClass: 33878K(34048K)->33878K(34048K) Class: 4553K(4736K)->4553K(4736K)
[2025-04-16T15:40:44.507+0000][3738.516s][info][gc             ] GC(2346) Pause Young (Allocation Failure) 24M->15M(31M) 1.332ms
[2025-04-16T15:40:44.507+0000][3738.516s][info][gc,cpu         ] GC(2346) User=0.00s Sys=0.00s Real=0.00s
[2025-04-16T15:40:46.278+0000][3740.287s][info][gc,start       ] GC(2347) Pause Young (Allocation Failure)
[2025-04-16T15:40:46.280+0000][3740.289s][info][gc,heap        ] GC(2347) DefNew: 9178K(10176K)->98K(10176K) Eden: 9088K(9088K)->0K(9088K) From: 90K(1088K)->98K(1088K)
[2025-04-16T15:40:46.280+0000][3740.289s][info][gc,heap        ] GC(2347) Tenured: 15703K(22484K)->15703K(22484K)
[2025-04-16T15:40:46.280+0000][3740.289s][info][gc,metaspace   ] GC(2347) Metaspace: 38432K(38784K)->38432K(38784K) NonClass: 33878K(34048K)->33878K(34048K) Class: 4553K(4736K)->4553K(4736K)
[2025-04-16T15:40:46.280+0000][3740.289s][info][gc             ] GC(2347) Pause Young (Allocation Failure) 24M->15M(31M) 1.442ms
[2025-04-16T15:40:46.280+0000][3740.289s][info][gc,cpu         ] GC(2347) User=0.00s Sys=0.00s Real=0.00s
[2025-04-16T15:40:47.857+0000][3741.866s][info][gc,start       ] GC(2348) Pause Young (Allocation Failure)
[2025-04-16T15:40:47.858+0000][3741.867s][info][gc,heap        ] GC(2348) DefNew: 9185K(10176K)->104K(10176K) Eden: 9087K(9088K)->0K(9088K) From: 98K(1088K)->104K(1088K)
[2025-04-16T15:40:47.858+0000][3741.867s][info][gc,heap        ] GC(2348) Tenured: 15703K(22484K)->15703K(22484K)
[2025-04-16T15:40:47.858+0000][3741.867s][info][gc,metaspace   ] GC(2348) Metaspace: 38432K(38784K)->38432K(38784K) NonClass: 33878K(34048K)->33878K(34048K) Class: 4553K(4736K)->4553K(4736K)
[2025-04-16T15:40:47.858+0000][3741.867s][info][gc             ] GC(2348) Pause Young (Allocation Failure) 24M->15M(31M) 1.450ms
[2025-04-16T15:40:47.858+0000][3741.867s][info][gc,cpu         ] GC(2348) User=0.01s Sys=0.00s Real=0.00s
[2025-04-16T15:40:49.422+0000][3743.431s][info][gc,start       ] GC(2349) Pause Young (Allocation Failure)
[2025-04-16T15:40:49.423+0000][3743.432s][info][gc,heap        ] GC(2349) DefNew: 9192K(10176K)->90K(10176K) Eden: 9088K(9088K)->0K(9088K) From: 104K(1088K)->90K(1088K)
[2025-04-16T15:40:49.423+0000][3743.432s][info][gc,heap        ] GC(2349) Tenured: 15703K(22484K)->15706K(22484K)
[2025-04-16T15:40:49.423+0000][3743.432s][info][gc,metaspace   ] GC(2349) Metaspace: 38432K(38784K)->38432K(38784K) NonClass: 33878K(34048K)->33878K(34048K) Class: 4553K(4736K)->4553K(4736K)
[2025-04-16T15:40:49.423+0000][3743.432s][info][gc             ] GC(2349) Pause Young (Allocation Failure) 24M->15M(31M) 1.388ms
[2025-04-16T15:40:49.423+0000][3743.432s][info][gc,cpu         ] GC(2349) User=0.00s Sys=0.00s Real=0.00s
[2025-04-16T15:40:51.115+0000][3745.124s][info][gc,start       ] GC(2350) Pause Young (Allocation Failure)
[2025-04-16T15:40:51.116+0000][3745.125s][info][gc,heap        ] GC(2350) DefNew: 9178K(10176K)->86K(10176K) Eden: 9088K(9088K)->0K(9088K) From: 90K(1088K)->86K(1088K)
[2025-04-16T15:40:51.116+0000][3745.125s][info][gc,heap        ] GC(2350) Tenured: 15706K(22484K)->15707K(22484K)
[2025-04-16T15:40:51.116+0000][3745.125s][info][gc,metaspace   ] GC(2350) Metaspace: 38432K(38784K)->38432K(38784K) NonClass: 33878K(34048K)->33878K(34048K) Class: 4553K(4736K)->4553K(4736K)
[2025-04-16T15:40:51.116+0000][3745.125s][info][gc             ] GC(2350) Pause Young (Allocation Failure) 24M->15M(31M) 1.297ms
[2025-04-16T15:40:51.116+0000][3745.125s][info][gc,cpu         ] GC(2350) User=0.00s Sys=0.00s Real=0.00s
[2025-04-16T15:40:52.724+0000][3746.733s][info][gc,start       ] GC(2351) Pause Young (Allocation Failure)
[2025-04-16T15:40:52.726+0000][3746.735s][info][gc,heap        ] GC(2351) DefNew: 9174K(10176K)->84K(10176K) Eden: 9087K(9088K)->0K(9088K) From: 86K(1088K)->84K(1088K)
[2025-04-16T15:40:52.726+0000][3746.735s][info][gc,heap        ] GC(2351) Tenured: 15707K(22484K)->15709K(22484K)
[2025-04-16T15:40:52.726+0000][3746.735s][info][gc,metaspace   ] GC(2351) Metaspace: 38432K(38784K)->38432K(38784K) NonClass: 33878K(34048K)->33878K(34048K) Class: 4553K(4736K)->4553K(4736K)
[2025-04-16T15:40:52.726+0000][3746.735s][info][gc             ] GC(2351) Pause Young (Allocation Failure) 24M->15M(31M) 1.304ms
[2025-04-16T15:40:52.726+0000][3746.735s][info][gc,cpu         ] GC(2351) User=0.00s Sys=0.00s Real=0.00s
[2025-04-16T15:40:54.112+0000][3748.121s][info][gc,start       ] GC(2352) Pause Young (Allocation Failure)
[2025-04-16T15:40:54.113+0000][3748.122s][info][gc,heap        ] GC(2352) DefNew: 9172K(10176K)->95K(10176K) Eden: 9088K(9088K)->0K(9088K) From: 84K(1088K)->95K(1088K)
[2025-04-16T15:40:54.113+0000][3748.122s][info][gc,heap        ] GC(2352) Tenured: 15709K(22484K)->15711K(22484K)
[2025-04-16T15:40:54.113+0000][3748.122s][info][gc,metaspace   ] GC(2352) Metaspace: 38432K(38784K)->38432K(38784K) NonClass: 33878K(34048K)->33878K(34048K) Class: 4553K(4736K)->4553K(4736K)
[2025-04-16T15:40:54.113+0000][3748.122s][info][gc             ] GC(2352) Pause Young (Allocation Failure) 24M->15M(31M) 1.371ms
[2025-04-16T15:40:54.113+0000][3748.122s][info][gc,cpu         ] GC(2352) User=0.00s Sys=0.00s Real=0.00s
[2025-04-16T15:40:55.641+0000][3749.650s][info][gc,start       ] GC(2353) Pause Young (Allocation Failure)
[2025-04-16T15:40:55.642+0000][3749.651s][info][gc,heap        ] GC(2353) DefNew: 9183K(10176K)->99K(10176K) Eden: 9087K(9088K)->0K(9088K) From: 95K(1088K)->99K(1088K)
[2025-04-16T15:40:55.642+0000][3749.651s][info][gc,heap        ] GC(2353) Tenured: 15711K(22484K)->15713K(22484K)
[2025-04-16T15:40:55.642+0000][3749.651s][info][gc,metaspace   ] GC(2353) Metaspace: 38432K(38784K)->38432K(38784K) NonClass: 33878K(34048K)->33878K(34048K) Class: 4553K(4736K)->4553K(4736K)
[2025-04-16T15:40:55.642+0000][3749.651s][info][gc             ] GC(2353) Pause Young (Allocation Failure) 24M->15M(31M) 1.473ms
[2025-04-16T15:40:55.642+0000][3749.651s][info][gc,cpu         ] GC(2353) User=0.00s Sys=0.00s Real=0.00s
[2025-04-16T15:40:57.339+0000][3751.348s][info][gc,start       ] GC(2354) Pause Young (Allocation Failure)
[2025-04-16T15:40:57.340+0000][3751.349s][info][gc,heap        ] GC(2354) DefNew: 9187K(10176K)->80K(10176K) Eden: 9088K(9088K)->0K(9088K) From: 99K(1088K)->80K(1088K)
[2025-04-16T15:40:57.340+0000][3751.349s][info][gc,heap        ] GC(2354) Tenured: 15713K(22484K)->15713K(22484K)
[2025-04-16T15:40:57.340+0000][3751.349s][info][gc,metaspace   ] GC(2354) Metaspace: 38432K(38784K)->38432K(38784K) NonClass: 33878K(34048K)->33878K(34048K) Class: 4553K(4736K)->4553K(4736K)
[2025-04-16T15:40:57.340+0000][3751.349s][info][gc             ] GC(2354) Pause Young (Allocation Failure) 24M->15M(31M) 1.355ms
[2025-04-16T15:40:57.340+0000][3751.349s][info][gc,cpu         ] GC(2354) User=0.00s Sys=0.00s Real=0.00s
[2025-04-16T15:40:58.921+0000][3752.930s][info][gc,start       ] GC(2355) Pause Young (Allocation Failure)
[2025-04-16T15:40:58.922+0000][3752.931s][info][gc,heap        ] GC(2355) DefNew: 9168K(10176K)->83K(10176K) Eden: 9088K(9088K)->0K(9088K) From: 80K(1088K)->83K(1088K)
[2025-04-16T15:40:58.922+0000][3752.931s][info][gc,heap        ] GC(2355) Tenured: 15713K(22484K)->15714K(22484K)
[2025-04-16T15:40:58.922+0000][3752.931s][info][gc,metaspace   ] GC(2355) Metaspace: 38432K(38784K)->38432K(38784K) NonClass: 33878K(34048K)->33878K(34048K) Class: 4553K(4736K)->4553K(4736K)
[2025-04-16T15:40:58.922+0000][3752.931s][info][gc             ] GC(2355) Pause Young (Allocation Failure) 24M->15M(31M) 1.454ms
[2025-04-16T15:40:58.922+0000][3752.931s][info][gc,cpu         ] GC(2355) User=0.00s Sys=0.00s Real=0.00s
[2025-04-16T15:41:00.645+0000][3754.655s][info][gc,start       ] GC(2356) Pause Young (Allocation Failure)
[2025-04-16T15:41:00.647+0000][3754.656s][info][gc,heap        ] GC(2356) DefNew: 9171K(10176K)->87K(10176K) Eden: 9088K(9088K)->0K(9088K) From: 83K(1088K)->87K(1088K)
[2025-04-16T15:41:00.647+0000][3754.656s][info][gc,heap        ] GC(2356) Tenured: 15714K(22484K)->15716K(22484K)
[2025-04-16T15:41:00.647+0000][3754.656s][info][gc,metaspace   ] GC(2356) Metaspace: 38432K(38784K)->38432K(38784K) NonClass: 33878K(34048K)->33878K(34048K) Class: 4553K(4736K)->4553K(4736K)
[2025-04-16T15:41:00.647+0000][3754.656s][info][gc             ] GC(2356) Pause Young (Allocation Failure) 24M->15M(31M) 1.417ms
[2025-04-16T15:41:00.647+0000][3754.656s][info][gc,cpu         ] GC(2356) User=0.00s Sys=0.00s Real=0.00s
[2025-04-16T15:41:02.567+0000][3756.576s][info][gc,start       ] GC(2357) Pause Young (Allocation Failure)
[2025-04-16T15:41:02.568+0000][3756.577s][info][gc,heap        ] GC(2357) DefNew: 9175K(10176K)->96K(10176K) Eden: 9088K(9088K)->0K(9088K) From: 87K(1088K)->96K(1088K)
[2025-04-16T15:41:02.568+0000][3756.577s][info][gc,heap        ] GC(2357) Tenured: 15716K(22484K)->15717K(22484K)
[2025-04-16T15:41:02.568+0000][3756.577s][info][gc,metaspace   ] GC(2357) Metaspace: 38432K(38784K)->38432K(38784K) NonClass: 33878K(34048K)->33878K(34048K) Class: 4553K(4736K)->4553K(4736K)
[2025-04-16T15:41:02.568+0000][3756.577s][info][gc             ] GC(2357) Pause Young (Allocation Failure) 24M->15M(31M) 1.361ms
[2025-04-16T15:41:02.568+0000][3756.577s][info][gc,cpu         ] GC(2357) User=0.00s Sys=0.00s Real=0.00s
[2025-04-16T15:41:04.107+0000][3758.116s][info][gc,start       ] GC(2358) Pause Young (Allocation Failure)
[2025-04-16T15:41:04.109+0000][3758.118s][info][gc,heap        ] GC(2358) DefNew: 9184K(10176K)->82K(10176K) Eden: 9088K(9088K)->0K(9088K) From: 96K(1088K)->82K(1088K)
[2025-04-16T15:41:04.109+0000][3758.118s][info][gc,heap        ] GC(2358) Tenured: 15717K(22484K)->15717K(22484K)
[2025-04-16T15:41:04.109+0000][3758.118s][info][gc,metaspace   ] GC(2358) Metaspace: 38432K(38784K)->38432K(38784K) NonClass: 33878K(34048K)->33878K(34048K) Class: 4553K(4736K)->4553K(4736K)
[2025-04-16T15:41:04.109+0000][3758.118s][info][gc             ] GC(2358) Pause Young (Allocation Failure) 24M->15M(31M) 1.514ms
[2025-04-16T15:41:04.109+0000][3758.118s][info][gc,cpu         ] GC(2358) User=0.00s Sys=0.00s Real=0.00s
[2025-04-16T15:41:05.968+0000][3759.977s][info][gc,start       ] GC(2359) Pause Young (Allocation Failure)
[2025-04-16T15:41:05.969+0000][3759.978s][info][gc,heap        ] GC(2359) DefNew: 9170K(10176K)->81K(10176K) Eden: 9088K(9088K)->0K(9088K) From: 82K(1088K)->81K(1088K)
[2025-04-16T15:41:05.969+0000][3759.978s][info][gc,heap        ] GC(2359) Tenured: 15717K(22484K)->15717K(22484K)
[2025-04-16T15:41:05.969+0000][3759.978s][info][gc,metaspace   ] GC(2359) Metaspace: 38432K(38784K)->38432K(38784K) NonClass: 33878K(34048K)->33878K(34048K) Class: 4553K(4736K)->4553K(4736K)
[2025-04-16T15:41:05.969+0000][3759.978s][info][gc             ] GC(2359) Pause Young (Allocation Failure) 24M->15M(31M) 1.390ms
[2025-04-16T15:41:05.969+0000][3759.978s][info][gc,cpu         ] GC(2359) User=0.00s Sys=0.00s Real=0.00s
[2025-04-16T15:41:07.535+0000][3761.544s][info][gc,start       ] GC(2360) Pause Young (Allocation Failure)
[2025-04-16T15:41:07.536+0000][3761.545s][info][gc,heap        ] GC(2360) DefNew: 9169K(10176K)->85K(10176K) Eden: 9088K(9088K)->0K(9088K) From: 81K(1088K)->85K(1088K)
[2025-04-16T15:41:07.536+0000][3761.545s][info][gc,heap        ] GC(2360) Tenured: 15717K(22484K)->15717K(22484K)
[2025-04-16T15:41:07.536+0000][3761.545s][info][gc,metaspace   ] GC(2360) Metaspace: 38432K(38784K)->38432K(38784K) NonClass: 33878K(34048K)->33878K(34048K) Class: 4553K(4736K)->4553K(4736K)
[2025-04-16T15:41:07.536+0000][3761.546s][info][gc             ] GC(2360) Pause Young (Allocation Failure) 24M->15M(31M) 1.451ms
[2025-04-16T15:41:07.537+0000][3761.546s][info][gc,cpu         ] GC(2360) User=0.00s Sys=0.00s Real=0.00s
[2025-04-16T15:41:09.736+0000][3763.745s][info][gc,start       ] GC(2361) Pause Young (Allocation Failure)
[2025-04-16T15:41:09.737+0000][3763.746s][info][gc,heap        ] GC(2361) DefNew: 9173K(10176K)->95K(10176K) Eden: 9088K(9088K)->0K(9088K) From: 85K(1088K)->95K(1088K)
[2025-04-16T15:41:09.737+0000][3763.746s][info][gc,heap        ] GC(2361) Tenured: 15717K(22484K)->15718K(22484K)
[2025-04-16T15:41:09.737+0000][3763.746s][info][gc,metaspace   ] GC(2361) Metaspace: 38432K(38784K)->38432K(38784K) NonClass: 33878K(34048K)->33878K(34048K) Class: 4553K(4736K)->4553K(4736K)
[2025-04-16T15:41:09.737+0000][3763.746s][info][gc             ] GC(2361) Pause Young (Allocation Failure) 24M->15M(31M) 1.425ms
[2025-04-16T15:41:09.737+0000][3763.746s][info][gc,cpu         ] GC(2361) User=0.00s Sys=0.00s Real=0.00s
[2025-04-16T15:41:11.321+0000][3765.330s][info][gc,start       ] GC(2362) Pause Young (Allocation Failure)
[2025-04-16T15:41:11.323+0000][3765.332s][info][gc,heap        ] GC(2362) DefNew: 9183K(10176K)->79K(10176K) Eden: 9088K(9088K)->0K(9088K) From: 95K(1088K)->79K(1088K)
[2025-04-16T15:41:11.323+0000][3765.332s][info][gc,heap        ] GC(2362) Tenured: 15718K(22484K)->15719K(22484K)
[2025-04-16T15:41:11.323+0000][3765.332s][info][gc,metaspace   ] GC(2362) Metaspace: 38432K(38784K)->38432K(38784K) NonClass: 33878K(34048K)->33878K(34048K) Class: 4553K(4736K)->4553K(4736K)
[2025-04-16T15:41:11.323+0000][3765.332s][info][gc             ] GC(2362) Pause Young (Allocation Failure) 24M->15M(31M) 1.446ms
[2025-04-16T15:41:11.323+0000][3765.332s][info][gc,cpu         ] GC(2362) User=0.00s Sys=0.00s Real=0.00s
[2025-04-16T15:41:13.416+0000][3767.425s][info][gc,start       ] GC(2363) Pause Young (Allocation Failure)
[2025-04-16T15:41:13.417+0000][3767.426s][info][gc,heap        ] GC(2363) DefNew: 9167K(10176K)->79K(10176K) Eden: 9087K(9088K)->0K(9088K) From: 79K(1088K)->79K(1088K)
[2025-04-16T15:41:13.417+0000][3767.426s][info][gc,heap        ] GC(2363) Tenured: 15719K(22484K)->15719K(22484K)
[2025-04-16T15:41:13.417+0000][3767.426s][info][gc,metaspace   ] GC(2363) Metaspace: 38432K(38784K)->38432K(38784K) NonClass: 33878K(34048K)->33878K(34048K) Class: 4553K(4736K)->4553K(4736K)
[2025-04-16T15:41:13.417+0000][3767.426s][info][gc             ] GC(2363) Pause Young (Allocation Failure) 24M->15M(31M) 1.322ms
[2025-04-16T15:41:13.417+0000][3767.426s][info][gc,cpu         ] GC(2363) User=0.00s Sys=0.00s Real=0.00s
[2025-04-16T15:41:15.142+0000][3769.151s][info][gc,start       ] GC(2364) Pause Young (Allocation Failure)
[2025-04-16T15:41:15.144+0000][3769.153s][info][gc,heap        ] GC(2364) DefNew: 9167K(10176K)->74K(10176K) Eden: 9088K(9088K)->0K(9088K) From: 79K(1088K)->74K(1088K)
[2025-04-16T15:41:15.144+0000][3769.153s][info][gc,heap        ] GC(2364) Tenured: 15719K(22484K)->15719K(22484K)
[2025-04-16T15:41:15.144+0000][3769.153s][info][gc,metaspace   ] GC(2364) Metaspace: 38432K(38784K)->38432K(38784K) NonClass: 33878K(34048K)->33878K(34048K) Class: 4553K(4736K)->4553K(4736K)
[2025-04-16T15:41:15.144+0000][3769.153s][info][gc             ] GC(2364) Pause Young (Allocation Failure) 24M->15M(31M) 1.826ms
[2025-04-16T15:41:15.144+0000][3769.153s][info][gc,cpu         ] GC(2364) User=0.00s Sys=0.00s Real=0.00s
[2025-04-16T15:41:16.871+0000][3770.880s][info][gc,start       ] GC(2365) Pause Young (Allocation Failure)
[2025-04-16T15:41:16.872+0000][3770.881s][info][gc,heap        ] GC(2365) DefNew: 9162K(10176K)->94K(10176K) Eden: 9088K(9088K)->0K(9088K) From: 74K(1088K)->94K(1088K)
[2025-04-16T15:41:16.872+0000][3770.881s][info][gc,heap        ] GC(2365) Tenured: 15719K(22484K)->15720K(22484K)
[2025-04-16T15:41:16.872+0000][3770.881s][info][gc,metaspace   ] GC(2365) Metaspace: 38432K(38784K)->38432K(38784K) NonClass: 33878K(34048K)->33878K(34048K) Class: 4553K(4736K)->4553K(4736K)
[2025-04-16T15:41:16.872+0000][3770.881s][info][gc             ] GC(2365) Pause Young (Allocation Failure) 24M->15M(31M) 1.423ms
[2025-04-16T15:41:16.872+0000][3770.881s][info][gc,cpu         ] GC(2365) User=0.00s Sys=0.00s Real=0.00s
[2025-04-16T15:41:19.043+0000][3773.052s][info][gc,start       ] GC(2366) Pause Young (Allocation Failure)
[2025-04-16T15:41:19.045+0000][3773.054s][info][gc,heap        ] GC(2366) DefNew: 9182K(10176K)->80K(10176K) Eden: 9088K(9088K)->0K(9088K) From: 94K(1088K)->80K(1088K)
[2025-04-16T15:41:19.045+0000][3773.054s][info][gc,heap        ] GC(2366) Tenured: 15720K(22484K)->15720K(22484K)
[2025-04-16T15:41:19.045+0000][3773.054s][info][gc,metaspace   ] GC(2366) Metaspace: 38432K(38784K)->38432K(38784K) NonClass: 33878K(34048K)->33878K(34048K) Class: 4553K(4736K)->4553K(4736K)
[2025-04-16T15:41:19.045+0000][3773.054s][info][gc             ] GC(2366) Pause Young (Allocation Failure) 24M->15M(31M) 1.360ms
[2025-04-16T15:41:19.045+0000][3773.054s][info][gc,cpu         ] GC(2366) User=0.00s Sys=0.00s Real=0.01s
[2025-04-16T15:41:21.091+0000][3775.100s][info][gc,start       ] GC(2367) Pause Young (Allocation Failure)
[2025-04-16T15:41:21.092+0000][3775.101s][info][gc,heap        ] GC(2367) DefNew: 9168K(10176K)->80K(10176K) Eden: 9088K(9088K)->0K(9088K) From: 80K(1088K)->80K(1088K)
[2025-04-16T15:41:21.092+0000][3775.101s][info][gc,heap        ] GC(2367) Tenured: 15720K(22484K)->15720K(22484K)
[2025-04-16T15:41:21.092+0000][3775.101s][info][gc,metaspace   ] GC(2367) Metaspace: 38432K(38784K)->38432K(38784K) NonClass: 33878K(34048K)->33878K(34048K) Class: 4553K(4736K)->4553K(4736K)
[2025-04-16T15:41:21.092+0000][3775.101s][info][gc             ] GC(2367) Pause Young (Allocation Failure) 24M->15M(31M) 1.419ms
[2025-04-16T15:41:21.092+0000][3775.101s][info][gc,cpu         ] GC(2367) User=0.00s Sys=0.00s Real=0.00s
[2025-04-16T15:41:23.245+0000][3777.255s][info][gc,start       ] GC(2368) Pause Young (Allocation Failure)
[2025-04-16T15:41:23.247+0000][3777.256s][info][gc,heap        ] GC(2368) DefNew: 9168K(10176K)->77K(10176K) Eden: 9088K(9088K)->0K(9088K) From: 80K(1088K)->77K(1088K)
[2025-04-16T15:41:23.247+0000][3777.256s][info][gc,heap        ] GC(2368) Tenured: 15720K(22484K)->15720K(22484K)
[2025-04-16T15:41:23.247+0000][3777.256s][info][gc,metaspace   ] GC(2368) Metaspace: 38432K(38784K)->38432K(38784K) NonClass: 33878K(34048K)->33878K(34048K) Class: 4553K(4736K)->4553K(4736K)
[2025-04-16T15:41:23.247+0000][3777.256s][info][gc             ] GC(2368) Pause Young (Allocation Failure) 24M->15M(31M) 1.437ms
[2025-04-16T15:41:23.247+0000][3777.256s][info][gc,cpu         ] GC(2368) User=0.00s Sys=0.00s Real=0.00s
[2025-04-16T15:41:25.291+0000][3779.300s][info][gc,start       ] GC(2369) Pause Young (Allocation Failure)
[2025-04-16T15:41:25.292+0000][3779.301s][info][gc,heap        ] GC(2369) DefNew: 9165K(10176K)->73K(10176K) Eden: 9088K(9088K)->0K(9088K) From: 77K(1088K)->73K(1088K)
[2025-04-16T15:41:25.292+0000][3779.301s][info][gc,heap        ] GC(2369) Tenured: 15720K(22484K)->15722K(22484K)
[2025-04-16T15:41:25.292+0000][3779.301s][info][gc,metaspace   ] GC(2369) Metaspace: 38432K(38784K)->38432K(38784K) NonClass: 33878K(34048K)->33878K(34048K) Class: 4553K(4736K)->4553K(4736K)
[2025-04-16T15:41:25.292+0000][3779.301s][info][gc             ] GC(2369) Pause Young (Allocation Failure) 24M->15M(31M) 1.429ms
[2025-04-16T15:41:25.292+0000][3779.301s][info][gc,cpu         ] GC(2369) User=0.01s Sys=0.00s Real=0.00s
[2025-04-16T15:41:27.623+0000][3781.632s][info][gc,start       ] GC(2370) Pause Young (Allocation Failure)
[2025-04-16T15:41:27.624+0000][3781.633s][info][gc,heap        ] GC(2370) DefNew: 9161K(10176K)->93K(10176K) Eden: 9088K(9088K)->0K(9088K) From: 73K(1088K)->93K(1088K)
[2025-04-16T15:41:27.624+0000][3781.633s][info][gc,heap        ] GC(2370) Tenured: 15722K(22484K)->15723K(22484K)
[2025-04-16T15:41:27.624+0000][3781.633s][info][gc,metaspace   ] GC(2370) Metaspace: 38432K(38784K)->38432K(38784K) NonClass: 33878K(34048K)->33878K(34048K) Class: 4553K(4736K)->4553K(4736K)
[2025-04-16T15:41:27.624+0000][3781.633s][info][gc             ] GC(2370) Pause Young (Allocation Failure) 24M->15M(31M) 1.366ms
[2025-04-16T15:41:27.624+0000][3781.633s][info][gc,cpu         ] GC(2370) User=0.00s Sys=0.00s Real=0.01s
[2025-04-16T15:41:29.737+0000][3783.746s][info][gc,start       ] GC(2371) Pause Young (Allocation Failure)
[2025-04-16T15:41:29.739+0000][3783.748s][info][gc,heap        ] GC(2371) DefNew: 9181K(10176K)->84K(10176K) Eden: 9088K(9088K)->0K(9088K) From: 93K(1088K)->84K(1088K)
[2025-04-16T15:41:29.739+0000][3783.748s][info][gc,heap        ] GC(2371) Tenured: 15723K(22484K)->15723K(22484K)
[2025-04-16T15:41:29.739+0000][3783.748s][info][gc,metaspace   ] GC(2371) Metaspace: 38432K(38784K)->38432K(38784K) NonClass: 33878K(34048K)->33878K(34048K) Class: 4553K(4736K)->4553K(4736K)
[2025-04-16T15:41:29.739+0000][3783.748s][info][gc             ] GC(2371) Pause Young (Allocation Failure) 24M->15M(31M) 1.473ms
[2025-04-16T15:41:29.739+0000][3783.748s][info][gc,cpu         ] GC(2371) User=0.00s Sys=0.00s Real=0.00s
[2025-04-16T15:41:32.231+0000][3786.240s][info][gc,start       ] GC(2372) Pause Young (Allocation Failure)
[2025-04-16T15:41:32.233+0000][3786.242s][info][gc,heap        ] GC(2372) DefNew: 9172K(10176K)->76K(10176K) Eden: 9088K(9088K)->0K(9088K) From: 84K(1088K)->76K(1088K)
[2025-04-16T15:41:32.233+0000][3786.242s][info][gc,heap        ] GC(2372) Tenured: 15723K(22484K)->15726K(22484K)
[2025-04-16T15:41:32.233+0000][3786.242s][info][gc,metaspace   ] GC(2372) Metaspace: 38439K(38784K)->38439K(38784K) NonClass: 33886K(34048K)->33886K(34048K) Class: 4553K(4736K)->4553K(4736K)
[2025-04-16T15:41:32.233+0000][3786.242s][info][gc             ] GC(2372) Pause Young (Allocation Failure) 24M->15M(31M) 1.378ms
[2025-04-16T15:41:32.233+0000][3786.242s][info][gc,cpu         ] GC(2372) User=0.00s Sys=0.00s Real=0.00s
[2025-04-16T15:41:34.447+0000][3788.456s][info][gc,start       ] GC(2373) Pause Young (Allocation Failure)
[2025-04-16T15:41:34.448+0000][3788.457s][info][gc,heap        ] GC(2373) DefNew: 9164K(10176K)->71K(10176K) Eden: 9088K(9088K)->0K(9088K) From: 76K(1088K)->71K(1088K)
[2025-04-16T15:41:34.448+0000][3788.457s][info][gc,heap        ] GC(2373) Tenured: 15726K(22484K)->15726K(22484K)
[2025-04-16T15:41:34.448+0000][3788.457s][info][gc,metaspace   ] GC(2373) Metaspace: 38439K(38784K)->38439K(38784K) NonClass: 33886K(34048K)->33886K(34048K) Class: 4553K(4736K)->4553K(4736K)
[2025-04-16T15:41:34.448+0000][3788.457s][info][gc             ] GC(2373) Pause Young (Allocation Failure) 24M->15M(31M) 1.425ms
[2025-04-16T15:41:34.448+0000][3788.457s][info][gc,cpu         ] GC(2373) User=0.00s Sys=0.00s Real=0.00s
[2025-04-16T15:41:36.898+0000][3790.907s][info][gc,start       ] GC(2374) Pause Young (Allocation Failure)
[2025-04-16T15:41:36.899+0000][3790.908s][info][gc,heap        ] GC(2374) DefNew: 9159K(10176K)->89K(10176K) Eden: 9088K(9088K)->0K(9088K) From: 71K(1088K)->89K(1088K)
[2025-04-16T15:41:36.899+0000][3790.908s][info][gc,heap        ] GC(2374) Tenured: 15726K(22484K)->15726K(22484K)
[2025-04-16T15:41:36.899+0000][3790.908s][info][gc,metaspace   ] GC(2374) Metaspace: 38439K(38784K)->38439K(38784K) NonClass: 33886K(34048K)->33886K(34048K) Class: 4553K(4736K)->4553K(4736K)
[2025-04-16T15:41:36.899+0000][3790.908s][info][gc             ] GC(2374) Pause Young (Allocation Failure) 24M->15M(31M) 1.452ms
[2025-04-16T15:41:36.899+0000][3790.908s][info][gc,cpu         ] GC(2374) User=0.00s Sys=0.00s Real=0.00s
[2025-04-16T15:41:39.538+0000][3793.547s][info][gc,start       ] GC(2375) Pause Young (Allocation Failure)
[2025-04-16T15:41:39.540+0000][3793.549s][info][gc,heap        ] GC(2375) DefNew: 9177K(10176K)->89K(10176K) Eden: 9087K(9088K)->0K(9088K) From: 89K(1088K)->89K(1088K)
[2025-04-16T15:41:39.540+0000][3793.549s][info][gc,heap        ] GC(2375) Tenured: 15726K(22484K)->15726K(22484K)
[2025-04-16T15:41:39.540+0000][3793.549s][info][gc,metaspace   ] GC(2375) Metaspace: 38439K(38784K)->38439K(38784K) NonClass: 33886K(34048K)->33886K(34048K) Class: 4553K(4736K)->4553K(4736K)
[2025-04-16T15:41:39.540+0000][3793.549s][info][gc             ] GC(2375) Pause Young (Allocation Failure) 24M->15M(31M) 1.420ms
[2025-04-16T15:41:39.540+0000][3793.549s][info][gc,cpu         ] GC(2375) User=0.00s Sys=0.00s Real=0.00s
[2025-04-16T15:41:42.197+0000][3796.206s][info][gc,start       ] GC(2376) Pause Young (Allocation Failure)
[2025-04-16T15:41:42.198+0000][3796.207s][info][gc,heap        ] GC(2376) DefNew: 9177K(10176K)->85K(10176K) Eden: 9088K(9088K)->0K(9088K) From: 89K(1088K)->85K(1088K)
[2025-04-16T15:41:42.198+0000][3796.207s][info][gc,heap        ] GC(2376) Tenured: 15726K(22484K)->15726K(22484K)
[2025-04-16T15:41:42.198+0000][3796.207s][info][gc,metaspace   ] GC(2376) Metaspace: 38439K(38784K)->38439K(38784K) NonClass: 33886K(34048K)->33886K(34048K) Class: 4553K(4736K)->4553K(4736K)
[2025-04-16T15:41:42.198+0000][3796.207s][info][gc             ] GC(2376) Pause Young (Allocation Failure) 24M->15M(31M) 1.378ms
[2025-04-16T15:41:42.198+0000][3796.207s][info][gc,cpu         ] GC(2376) User=0.00s Sys=0.00s Real=0.00s
[2025-04-16T15:41:45.016+0000][3799.025s][info][gc,start       ] GC(2377) Pause Young (Allocation Failure)
[2025-04-16T15:41:45.017+0000][3799.026s][info][gc,heap        ] GC(2377) DefNew: 9173K(10176K)->76K(10176K) Eden: 9088K(9088K)->0K(9088K) From: 85K(1088K)->76K(1088K)
[2025-04-16T15:41:45.017+0000][3799.026s][info][gc,heap        ] GC(2377) Tenured: 15726K(22484K)->15726K(22484K)
[2025-04-16T15:41:45.017+0000][3799.026s][info][gc,metaspace   ] GC(2377) Metaspace: 38439K(38784K)->38439K(38784K) NonClass: 33886K(34048K)->33886K(34048K) Class: 4553K(4736K)->4553K(4736K)
[2025-04-16T15:41:45.017+0000][3799.026s][info][gc             ] GC(2377) Pause Young (Allocation Failure) 24M->15M(31M) 1.411ms
[2025-04-16T15:41:45.017+0000][3799.026s][info][gc,cpu         ] GC(2377) User=0.00s Sys=0.00s Real=0.00s
[2025-04-16T15:41:48.016+0000][3802.025s][info][gc,start       ] GC(2378) Pause Young (Allocation Failure)
[2025-04-16T15:41:48.017+0000][3802.026s][info][gc,heap        ] GC(2378) DefNew: 9164K(10176K)->75K(10176K) Eden: 9088K(9088K)->0K(9088K) From: 76K(1088K)->75K(1088K)
[2025-04-16T15:41:48.017+0000][3802.026s][info][gc,heap        ] GC(2378) Tenured: 15726K(22484K)->15726K(22484K)
[2025-04-16T15:41:48.017+0000][3802.026s][info][gc,metaspace   ] GC(2378) Metaspace: 38439K(38784K)->38439K(38784K) NonClass: 33886K(34048K)->33886K(34048K) Class: 4553K(4736K)->4553K(4736K)
[2025-04-16T15:41:48.017+0000][3802.026s][info][gc             ] GC(2378) Pause Young (Allocation Failure) 24M->15M(31M) 1.489ms
[2025-04-16T15:41:48.017+0000][3802.027s][info][gc,cpu         ] GC(2378) User=0.00s Sys=0.00s Real=0.00s
[2025-04-16T15:41:50.619+0000][3804.628s][info][gc,start       ] GC(2379) Pause Young (Allocation Failure)
[2025-04-16T15:41:50.620+0000][3804.629s][info][gc,heap        ] GC(2379) DefNew: 9163K(10176K)->89K(10176K) Eden: 9087K(9088K)->0K(9088K) From: 75K(1088K)->89K(1088K)
[2025-04-16T15:41:50.620+0000][3804.629s][info][gc,heap        ] GC(2379) Tenured: 15726K(22484K)->15726K(22484K)
[2025-04-16T15:41:50.620+0000][3804.629s][info][gc,metaspace   ] GC(2379) Metaspace: 38439K(38784K)->38439K(38784K) NonClass: 33886K(34048K)->33886K(34048K) Class: 4553K(4736K)->4553K(4736K)
[2025-04-16T15:41:50.620+0000][3804.629s][info][gc             ] GC(2379) Pause Young (Allocation Failure) 24M->15M(31M) 1.382ms
[2025-04-16T15:41:50.620+0000][3804.629s][info][gc,cpu         ] GC(2379) User=0.00s Sys=0.00s Real=0.00s
[2025-04-16T15:41:53.689+0000][3807.698s][info][gc,start       ] GC(2380) Pause Young (Allocation Failure)
[2025-04-16T15:41:53.691+0000][3807.700s][info][gc,heap        ] GC(2380) DefNew: 9177K(10176K)->104K(10176K) Eden: 9088K(9088K)->0K(9088K) From: 89K(1088K)->104K(1088K)
[2025-04-16T15:41:53.691+0000][3807.700s][info][gc,heap        ] GC(2380) Tenured: 15726K(22484K)->15726K(22484K)
[2025-04-16T15:41:53.691+0000][3807.700s][info][gc,metaspace   ] GC(2380) Metaspace: 38440K(38784K)->38440K(38784K) NonClass: 33886K(34048K)->33886K(34048K) Class: 4553K(4736K)->4553K(4736K)
[2025-04-16T15:41:53.691+0000][3807.700s][info][gc             ] GC(2380) Pause Young (Allocation Failure) 24M->15M(31M) 1.407ms
[2025-04-16T15:41:53.691+0000][3807.700s][info][gc,cpu         ] GC(2380) User=0.00s Sys=0.00s Real=0.00s
[2025-04-16T15:41:57.249+0000][3811.258s][info][gc,start       ] GC(2381) Pause Young (Allocation Failure)
[2025-04-16T15:41:57.250+0000][3811.259s][info][gc,heap        ] GC(2381) DefNew: 9192K(10176K)->75K(10176K) Eden: 9088K(9088K)->0K(9088K) From: 104K(1088K)->75K(1088K)
[2025-04-16T15:41:57.250+0000][3811.259s][info][gc,heap        ] GC(2381) Tenured: 15726K(22484K)->15726K(22484K)
[2025-04-16T15:41:57.250+0000][3811.259s][info][gc,metaspace   ] GC(2381) Metaspace: 38440K(38784K)->38440K(38784K) NonClass: 33886K(34048K)->33886K(34048K) Class: 4553K(4736K)->4553K(4736K)
[2025-04-16T15:41:57.250+0000][3811.259s][info][gc             ] GC(2381) Pause Young (Allocation Failure) 24M->15M(31M) 1.395ms
[2025-04-16T15:41:57.250+0000][3811.259s][info][gc,cpu         ] GC(2381) User=0.00s Sys=0.00s Real=0.00s
[2025-04-16T15:42:00.373+0000][3814.382s][info][gc,start       ] GC(2382) Pause Young (Allocation Failure)
[2025-04-16T15:42:00.375+0000][3814.384s][info][gc,heap        ] GC(2382) DefNew: 9163K(10176K)->76K(10176K) Eden: 9087K(9088K)->0K(9088K) From: 75K(1088K)->76K(1088K)
[2025-04-16T15:42:00.375+0000][3814.384s][info][gc,heap        ] GC(2382) Tenured: 15726K(22484K)->15726K(22484K)
[2025-04-16T15:42:00.375+0000][3814.384s][info][gc,metaspace   ] GC(2382) Metaspace: 38440K(38784K)->38440K(38784K) NonClass: 33886K(34048K)->33886K(34048K) Class: 4553K(4736K)->4553K(4736K)
[2025-04-16T15:42:00.375+0000][3814.384s][info][gc             ] GC(2382) Pause Young (Allocation Failure) 24M->15M(31M) 1.399ms
[2025-04-16T15:42:00.375+0000][3814.384s][info][gc,cpu         ] GC(2382) User=0.00s Sys=0.00s Real=0.01s
[2025-04-16T15:42:04.621+0000][3818.630s][info][gc,start       ] GC(2383) Pause Young (Allocation Failure)
[2025-04-16T15:42:04.622+0000][3818.631s][info][gc,heap        ] GC(2383) DefNew: 9164K(10176K)->94K(10176K) Eden: 9088K(9088K)->0K(9088K) From: 76K(1088K)->94K(1088K)
[2025-04-16T15:42:04.622+0000][3818.631s][info][gc,heap        ] GC(2383) Tenured: 15726K(22484K)->15726K(22484K)
[2025-04-16T15:42:04.622+0000][3818.631s][info][gc,metaspace   ] GC(2383) Metaspace: 38440K(38784K)->38440K(38784K) NonClass: 33886K(34048K)->33886K(34048K) Class: 4553K(4736K)->4553K(4736K)
[2025-04-16T15:42:04.622+0000][3818.631s][info][gc             ] GC(2383) Pause Young (Allocation Failure) 24M->15M(31M) 1.436ms
[2025-04-16T15:42:04.622+0000][3818.631s][info][gc,cpu         ] GC(2383) User=0.00s Sys=0.00s Real=0.00s
[2025-04-16T15:42:08.441+0000][3822.450s][info][gc,start       ] GC(2384) Pause Young (Allocation Failure)
[2025-04-16T15:42:08.443+0000][3822.452s][info][gc,heap        ] GC(2384) DefNew: 9182K(10176K)->77K(10176K) Eden: 9088K(9088K)->0K(9088K) From: 94K(1088K)->77K(1088K)
[2025-04-16T15:42:08.443+0000][3822.452s][info][gc,heap        ] GC(2384) Tenured: 15726K(22484K)->15727K(22484K)
[2025-04-16T15:42:08.443+0000][3822.452s][info][gc,metaspace   ] GC(2384) Metaspace: 38440K(38784K)->38440K(38784K) NonClass: 33886K(34048K)->33886K(34048K) Class: 4553K(4736K)->4553K(4736K)
[2025-04-16T15:42:08.443+0000][3822.452s][info][gc             ] GC(2384) Pause Young (Allocation Failure) 24M->15M(31M) 1.431ms
[2025-04-16T15:42:08.443+0000][3822.452s][info][gc,cpu         ] GC(2384) User=0.00s Sys=0.00s Real=0.00s
[2025-04-16T15:42:12.879+0000][3826.888s][info][gc,start       ] GC(2385) Pause Young (Allocation Failure)
[2025-04-16T15:42:12.881+0000][3826.890s][info][gc,heap        ] GC(2385) DefNew: 9161K(10176K)->82K(10176K) Eden: 9084K(9088K)->0K(9088K) From: 77K(1088K)->82K(1088K)
[2025-04-16T15:42:12.881+0000][3826.890s][info][gc,heap        ] GC(2385) Tenured: 15727K(22484K)->15727K(22484K)
[2025-04-16T15:42:12.881+0000][3826.890s][info][gc,metaspace   ] GC(2385) Metaspace: 38440K(38784K)->38440K(38784K) NonClass: 33886K(34048K)->33886K(34048K) Class: 4553K(4736K)->4553K(4736K)
[2025-04-16T15:42:12.881+0000][3826.890s][info][gc             ] GC(2385) Pause Young (Allocation Failure) 24M->15M(31M) 1.344ms
[2025-04-16T15:42:12.881+0000][3826.890s][info][gc,cpu         ] GC(2385) User=0.00s Sys=0.00s Real=0.00s
[2025-04-16T15:42:18.256+0000][3832.265s][info][gc,start       ] GC(2386) Pause Young (Allocation Failure)
[2025-04-16T15:42:18.257+0000][3832.266s][info][gc,heap        ] GC(2386) DefNew: 9170K(10176K)->86K(10176K) Eden: 9088K(9088K)->0K(9088K) From: 82K(1088K)->86K(1088K)
[2025-04-16T15:42:18.257+0000][3832.266s][info][gc,heap        ] GC(2386) Tenured: 15727K(22484K)->15727K(22484K)
[2025-04-16T15:42:18.257+0000][3832.266s][info][gc,metaspace   ] GC(2386) Metaspace: 38440K(38784K)->38440K(38784K) NonClass: 33886K(34048K)->33886K(34048K) Class: 4553K(4736K)->4553K(4736K)
[2025-04-16T15:42:18.257+0000][3832.267s][info][gc             ] GC(2386) Pause Young (Allocation Failure) 24M->15M(31M) 1.492ms
[2025-04-16T15:42:18.257+0000][3832.267s][info][gc,cpu         ] GC(2386) User=0.00s Sys=0.00s Real=0.00s
[2025-04-16T15:42:24.535+0000][3838.544s][info][gc,start       ] GC(2387) Pause Young (Allocation Failure)
[2025-04-16T15:42:24.536+0000][3838.545s][info][gc,heap        ] GC(2387) DefNew: 9174K(10176K)->100K(10176K) Eden: 9088K(9088K)->0K(9088K) From: 86K(1088K)->100K(1088K)
[2025-04-16T15:42:24.536+0000][3838.545s][info][gc,heap        ] GC(2387) Tenured: 15727K(22484K)->15727K(22484K)
[2025-04-16T15:42:24.536+0000][3838.545s][info][gc,metaspace   ] GC(2387) Metaspace: 38440K(38784K)->38440K(38784K) NonClass: 33886K(34048K)->33886K(34048K) Class: 4553K(4736K)->4553K(4736K)
[2025-04-16T15:42:24.536+0000][3838.545s][info][gc             ] GC(2387) Pause Young (Allocation Failure) 24M->15M(31M) 1.478ms
[2025-04-16T15:42:24.536+0000][3838.545s][info][gc,cpu         ] GC(2387) User=0.01s Sys=0.00s Real=0.00s
[2025-04-16T15:42:31.298+0000][3845.307s][info][gc,start       ] GC(2388) Pause Young (Allocation Failure)
[2025-04-16T15:42:31.300+0000][3845.309s][info][gc,heap        ] GC(2388) DefNew: 9173K(10176K)->88K(10176K) Eden: 9072K(9088K)->0K(9088K) From: 100K(1088K)->88K(1088K)
[2025-04-16T15:42:31.300+0000][3845.309s][info][gc,heap        ] GC(2388) Tenured: 15727K(22484K)->15727K(22484K)
[2025-04-16T15:42:31.300+0000][3845.309s][info][gc,metaspace   ] GC(2388) Metaspace: 38448K(38848K)->38448K(38848K) NonClass: 33894K(34112K)->33894K(34112K) Class: 4553K(4736K)->4553K(4736K)
[2025-04-16T15:42:31.300+0000][3845.309s][info][gc             ] GC(2388) Pause Young (Allocation Failure) 24M->15M(31M) 1.352ms
[2025-04-16T15:42:31.300+0000][3845.309s][info][gc,cpu         ] GC(2388) User=0.00s Sys=0.00s Real=0.00s
[2025-04-16T15:42:41.913+0000][3855.922s][info][gc,start       ] GC(2389) Pause Young (Allocation Failure)
[2025-04-16T15:42:41.915+0000][3855.924s][info][gc,heap        ] GC(2389) DefNew: 9176K(10176K)->88K(10176K) Eden: 9088K(9088K)->0K(9088K) From: 88K(1088K)->88K(1088K)
[2025-04-16T15:42:41.915+0000][3855.924s][info][gc,heap        ] GC(2389) Tenured: 15727K(22484K)->15727K(22484K)
[2025-04-16T15:42:41.915+0000][3855.924s][info][gc,metaspace   ] GC(2389) Metaspace: 38448K(38848K)->38448K(38848K) NonClass: 33894K(34112K)->33894K(34112K) Class: 4553K(4736K)->4553K(4736K)
[2025-04-16T15:42:41.915+0000][3855.924s][info][gc             ] GC(2389) Pause Young (Allocation Failure) 24M->15M(31M) 1.441ms
[2025-04-16T15:42:41.915+0000][3855.924s][info][gc,cpu         ] GC(2389) User=0.00s Sys=0.00s Real=0.01s
