[2025-04-17T10:46:40.173+0000][0.003s][info][gc] Using Serial
[2025-04-17T10:46:40.173+0000][0.003s][info][gc,init] Version: 17.0.14+7-Ubuntu-122.04.1 (release)
[2025-04-17T10:46:40.173+0000][0.003s][info][gc,init] CPUs: 1 total, 1 available
[2025-04-17T10:46:40.173+0000][0.003s][info][gc,init] Memory: 892M
[2025-04-17T10:46:40.173+0000][0.003s][info][gc,init] Large Page Support: Disabled
[2025-04-17T10:46:40.173+0000][0.003s][info][gc,init] NUMA Support: Disabled
[2025-04-17T10:46:40.173+0000][0.003s][info][gc,init] Compressed Oops: Enabled (32-bit)
[2025-04-17T10:46:40.173+0000][0.003s][info][gc,init] Heap Min Capacity: 8M
[2025-04-17T10:46:40.173+0000][0.003s][info][gc,init] Heap Initial Capacity: 14M
[2025-04-17T10:46:40.173+0000][0.003s][info][gc,init] Heap Max Capacity: 224M
[2025-04-17T10:46:40.173+0000][0.003s][info][gc,init] Pre-touch: Disabled
[2025-04-17T10:46:40.182+0000][0.012s][info][gc,metaspace] CDS archive(s) mapped at: [0x000070f9ec000000-0x000070f9ecbc9000-0x000070f9ecbc9000), size 12357632, SharedBaseAddress: 0x000070f9ec000000, ArchiveRelocationMode: 1.
[2025-04-17T10:46:40.182+0000][0.012s][info][gc,metaspace] Compressed class space mapped at: 0x000070f9ed000000-0x000070fa2d000000, reserved size: 1073741824
[2025-04-17T10:46:40.182+0000][0.012s][info][gc,metaspace] Narrow klass base: 0x000070f9ec000000, Narrow klass shift: 0, Narrow klass range: 0x100000000
[2025-04-17T10:46:40.362+0000][0.192s][info][gc,start    ] GC(0) Pause Young (Allocation Failure)
[2025-04-17T10:46:40.368+0000][0.198s][info][gc,heap     ] GC(0) DefNew: 3743K(4288K)->448K(4288K) Eden: 3743K(3840K)->0K(3840K) From: 0K(448K)->448K(448K)
[2025-04-17T10:46:40.368+0000][0.198s][info][gc,heap     ] GC(0) Tenured: 0K(9600K)->748K(9600K)
[2025-04-17T10:46:40.368+0000][0.198s][info][gc,metaspace] GC(0) Metaspace: 1117K(1280K)->1117K(1280K) NonClass: 1010K(1088K)->1010K(1088K) Class: 107K(192K)->107K(192K)
[2025-04-17T10:46:40.368+0000][0.198s][info][gc          ] GC(0) Pause Young (Allocation Failure) 3M->1M(13M) 5.847ms
[2025-04-17T10:46:40.368+0000][0.198s][info][gc,cpu      ] GC(0) User=0.01s Sys=0.00s Real=0.01s
[2025-04-17T10:46:40.507+0000][0.337s][info][gc,start    ] GC(1) Pause Young (Allocation Failure)
[2025-04-17T10:46:40.509+0000][0.339s][info][gc,heap     ] GC(1) DefNew: 4288K(4288K)->343K(4288K) Eden: 3840K(3840K)->0K(3840K) From: 448K(448K)->343K(448K)
[2025-04-17T10:46:40.509+0000][0.340s][info][gc,heap     ] GC(1) Tenured: 748K(9600K)->1195K(9600K)
[2025-04-17T10:46:40.509+0000][0.340s][info][gc,metaspace] GC(1) Metaspace: 1451K(1664K)->1451K(1664K) NonClass: 1314K(1408K)->1314K(1408K) Class: 137K(256K)->137K(256K)
[2025-04-17T10:46:40.509+0000][0.340s][info][gc          ] GC(1) Pause Young (Allocation Failure) 4M->1M(13M) 2.882ms
[2025-04-17T10:46:40.509+0000][0.340s][info][gc,cpu      ] GC(1) User=0.00s Sys=0.00s Real=0.00s
[2025-04-17T10:46:40.707+0000][0.537s][info][gc,start    ] GC(2) Pause Young (Allocation Failure)
[2025-04-17T10:46:40.710+0000][0.540s][info][gc,heap     ] GC(2) DefNew: 4183K(4288K)->447K(4288K) Eden: 3840K(3840K)->0K(3840K) From: 343K(448K)->447K(448K)
[2025-04-17T10:46:40.710+0000][0.540s][info][gc,heap     ] GC(2) Tenured: 1195K(9600K)->2016K(9600K)
[2025-04-17T10:46:40.710+0000][0.540s][info][gc,metaspace] GC(2) Metaspace: 2697K(2880K)->2697K(2880K) NonClass: 2448K(2496K)->2448K(2496K) Class: 249K(384K)->249K(384K)
[2025-04-17T10:46:40.710+0000][0.540s][info][gc          ] GC(2) Pause Young (Allocation Failure) 5M->2M(13M) 3.362ms
[2025-04-17T10:46:40.710+0000][0.541s][info][gc,cpu      ] GC(2) User=0.01s Sys=0.01s Real=0.00s
[2025-04-17T10:46:40.828+0000][0.658s][info][gc,start    ] GC(3) Pause Young (Allocation Failure)
[2025-04-17T10:46:40.830+0000][0.660s][info][gc,heap     ] GC(3) DefNew: 4287K(4288K)->162K(4288K) Eden: 3839K(3840K)->0K(3840K) From: 447K(448K)->162K(448K)
[2025-04-17T10:46:40.830+0000][0.660s][info][gc,heap     ] GC(3) Tenured: 2016K(9600K)->2418K(9600K)
[2025-04-17T10:46:40.830+0000][0.660s][info][gc,metaspace] GC(3) Metaspace: 3295K(3456K)->3295K(3456K) NonClass: 2974K(3072K)->2974K(3072K) Class: 320K(384K)->320K(384K)
[2025-04-17T10:46:40.830+0000][0.660s][info][gc          ] GC(3) Pause Young (Allocation Failure) 6M->2M(13M) 2.037ms
[2025-04-17T10:46:40.830+0000][0.660s][info][gc,cpu      ] GC(3) User=0.00s Sys=0.00s Real=0.00s
[2025-04-17T10:46:40.926+0000][0.756s][info][gc,start    ] GC(4) Pause Young (Allocation Failure)
[2025-04-17T10:46:40.927+0000][0.757s][info][gc,heap     ] GC(4) DefNew: 4002K(4288K)->316K(4288K) Eden: 3840K(3840K)->0K(3840K) From: 162K(448K)->316K(448K)
[2025-04-17T10:46:40.927+0000][0.757s][info][gc,heap     ] GC(4) Tenured: 2418K(9600K)->2418K(9600K)
[2025-04-17T10:46:40.927+0000][0.757s][info][gc,metaspace] GC(4) Metaspace: 3845K(3968K)->3845K(3968K) NonClass: 3451K(3520K)->3451K(3520K) Class: 394K(448K)->394K(448K)
[2025-04-17T10:46:40.927+0000][0.757s][info][gc          ] GC(4) Pause Young (Allocation Failure) 6M->2M(13M) 1.158ms
[2025-04-17T10:46:40.927+0000][0.757s][info][gc,cpu      ] GC(4) User=0.00s Sys=0.00s Real=0.00s
[2025-04-17T10:46:41.014+0000][0.844s][info][gc,start    ] GC(5) Pause Young (Allocation Failure)
[2025-04-17T10:46:41.016+0000][0.846s][info][gc,heap     ] GC(5) DefNew: 4156K(4288K)->310K(4288K) Eden: 3840K(3840K)->0K(3840K) From: 316K(448K)->310K(448K)
[2025-04-17T10:46:41.016+0000][0.846s][info][gc,heap     ] GC(5) Tenured: 2418K(9600K)->2556K(9600K)
[2025-04-17T10:46:41.016+0000][0.846s][info][gc,metaspace] GC(5) Metaspace: 4253K(4416K)->4253K(4416K) NonClass: 3809K(3904K)->3809K(3904K) Class: 443K(512K)->443K(512K)
[2025-04-17T10:46:41.016+0000][0.846s][info][gc          ] GC(5) Pause Young (Allocation Failure) 6M->2M(13M) 2.087ms
[2025-04-17T10:46:41.016+0000][0.846s][info][gc,cpu      ] GC(5) User=0.00s Sys=0.00s Real=0.01s
[2025-04-17T10:46:41.119+0000][0.949s][info][gc,start    ] GC(6) Pause Young (Allocation Failure)
[2025-04-17T10:46:41.122+0000][0.952s][info][gc,heap     ] GC(6) DefNew: 4150K(4288K)->338K(4288K) Eden: 3840K(3840K)->0K(3840K) From: 310K(448K)->338K(448K)
[2025-04-17T10:46:41.122+0000][0.952s][info][gc,heap     ] GC(6) Tenured: 2556K(9600K)->2702K(9600K)
[2025-04-17T10:46:41.122+0000][0.952s][info][gc,metaspace] GC(6) Metaspace: 4931K(5120K)->4931K(5120K) NonClass: 4390K(4480K)->4390K(4480K) Class: 540K(640K)->540K(640K)
[2025-04-17T10:46:41.122+0000][0.952s][info][gc          ] GC(6) Pause Young (Allocation Failure) 6M->2M(13M) 2.661ms
[2025-04-17T10:46:41.122+0000][0.952s][info][gc,cpu      ] GC(6) User=0.00s Sys=0.00s Real=0.00s
[2025-04-17T10:46:41.173+0000][1.003s][info][gc,start    ] GC(7) Pause Young (Allocation Failure)
[2025-04-17T10:46:41.175+0000][1.005s][info][gc,heap     ] GC(7) DefNew: 4178K(4288K)->291K(4288K) Eden: 3840K(3840K)->0K(3840K) From: 338K(448K)->291K(448K)
[2025-04-17T10:46:41.175+0000][1.005s][info][gc,heap     ] GC(7) Tenured: 2702K(9600K)->2834K(9600K)
[2025-04-17T10:46:41.175+0000][1.005s][info][gc,metaspace] GC(7) Metaspace: 5151K(5312K)->5151K(5312K) NonClass: 4579K(4672K)->4579K(4672K) Class: 571K(640K)->571K(640K)
[2025-04-17T10:46:41.175+0000][1.005s][info][gc          ] GC(7) Pause Young (Allocation Failure) 6M->3M(13M) 1.932ms
[2025-04-17T10:46:41.175+0000][1.005s][info][gc,cpu      ] GC(7) User=0.00s Sys=0.00s Real=0.01s
[2025-04-17T10:46:41.294+0000][1.124s][info][gc,start    ] GC(8) Pause Young (Allocation Failure)
[2025-04-17T10:46:41.297+0000][1.127s][info][gc,heap     ] GC(8) DefNew: 4131K(4288K)->405K(4288K) Eden: 3840K(3840K)->0K(3840K) From: 291K(448K)->405K(448K)
[2025-04-17T10:46:41.297+0000][1.127s][info][gc,heap     ] GC(8) Tenured: 2834K(9600K)->3005K(9600K)
[2025-04-17T10:46:41.297+0000][1.127s][info][gc,metaspace] GC(8) Metaspace: 5789K(5952K)->5789K(5952K) NonClass: 5117K(5184K)->5117K(5184K) Class: 671K(768K)->671K(768K)
[2025-04-17T10:46:41.298+0000][1.128s][info][gc          ] GC(8) Pause Young (Allocation Failure) 6M->3M(13M) 3.961ms
[2025-04-17T10:46:41.298+0000][1.128s][info][gc,cpu      ] GC(8) User=0.00s Sys=0.00s Real=0.00s
[2025-04-17T10:46:41.391+0000][1.221s][info][gc,start    ] GC(9) Pause Young (Allocation Failure)
[2025-04-17T10:46:41.394+0000][1.224s][info][gc,heap     ] GC(9) DefNew: 4233K(4288K)->233K(4288K) Eden: 3827K(3840K)->0K(3840K) From: 405K(448K)->233K(448K)
[2025-04-17T10:46:41.394+0000][1.224s][info][gc,heap     ] GC(9) Tenured: 3005K(9600K)->3386K(9600K)
[2025-04-17T10:46:41.394+0000][1.224s][info][gc,metaspace] GC(9) Metaspace: 6333K(6528K)->6333K(6528K) NonClass: 5583K(5696K)->5583K(5696K) Class: 749K(832K)->749K(832K)
[2025-04-17T10:46:41.394+0000][1.224s][info][gc          ] GC(9) Pause Young (Allocation Failure) 7M->3M(13M) 2.834ms
[2025-04-17T10:46:41.395+0000][1.225s][info][gc,cpu      ] GC(9) User=0.01s Sys=0.00s Real=0.00s
[2025-04-17T10:46:41.540+0000][1.370s][info][gc,start    ] GC(10) Pause Young (Allocation Failure)
[2025-04-17T10:46:41.544+0000][1.374s][info][gc,heap     ] GC(10) DefNew: 4073K(4288K)->237K(4288K) Eden: 3840K(3840K)->0K(3840K) From: 233K(448K)->237K(448K)
[2025-04-17T10:46:41.544+0000][1.374s][info][gc,heap     ] GC(10) Tenured: 3386K(9600K)->3561K(9600K)
[2025-04-17T10:46:41.544+0000][1.374s][info][gc,metaspace] GC(10) Metaspace: 6856K(7104K)->6856K(7104K) NonClass: 6032K(6144K)->6032K(6144K) Class: 823K(960K)->823K(960K)
[2025-04-17T10:46:41.544+0000][1.374s][info][gc          ] GC(10) Pause Young (Allocation Failure) 7M->3M(13M) 4.182ms
[2025-04-17T10:46:41.544+0000][1.374s][info][gc,cpu      ] GC(10) User=0.00s Sys=0.00s Real=0.00s
[2025-04-17T10:46:41.670+0000][1.500s][info][gc,start    ] GC(11) Pause Young (Allocation Failure)
[2025-04-17T10:46:41.672+0000][1.502s][info][gc,heap     ] GC(11) DefNew: 4077K(4288K)->243K(4288K) Eden: 3840K(3840K)->0K(3840K) From: 237K(448K)->243K(448K)
[2025-04-17T10:46:41.672+0000][1.502s][info][gc,heap     ] GC(11) Tenured: 3561K(9600K)->3778K(9600K)
[2025-04-17T10:46:41.672+0000][1.502s][info][gc,metaspace] GC(11) Metaspace: 7496K(7680K)->7496K(7680K) NonClass: 6559K(6656K)->6559K(6656K) Class: 937K(1024K)->937K(1024K)
[2025-04-17T10:46:41.672+0000][1.502s][info][gc          ] GC(11) Pause Young (Allocation Failure) 7M->3M(13M) 1.885ms
[2025-04-17T10:46:41.673+0000][1.503s][info][gc,cpu      ] GC(11) User=0.00s Sys=0.00s Real=0.00s
[2025-04-17T10:46:41.741+0000][1.571s][info][gc,start    ] GC(12) Pause Young (Allocation Failure)
[2025-04-17T10:46:41.743+0000][1.573s][info][gc,heap     ] GC(12) DefNew: 4083K(4288K)->117K(4288K) Eden: 3840K(3840K)->0K(3840K) From: 243K(448K)->117K(448K)
[2025-04-17T10:46:41.743+0000][1.573s][info][gc,heap     ] GC(12) Tenured: 3778K(9600K)->3988K(9600K)
[2025-04-17T10:46:41.743+0000][1.573s][info][gc,metaspace] GC(12) Metaspace: 7885K(8128K)->7885K(8128K) NonClass: 6885K(7040K)->6885K(7040K) Class: 1000K(1088K)->1000K(1088K)
[2025-04-17T10:46:41.743+0000][1.573s][info][gc          ] GC(12) Pause Young (Allocation Failure) 7M->4M(13M) 1.593ms
[2025-04-17T10:46:41.743+0000][1.573s][info][gc,cpu      ] GC(12) User=0.00s Sys=0.00s Real=0.00s
[2025-04-17T10:46:41.781+0000][1.612s][info][gc,start    ] GC(13) Pause Young (Allocation Failure)
[2025-04-17T10:46:41.783+0000][1.613s][info][gc,heap     ] GC(13) DefNew: 3957K(4288K)->150K(4288K) Eden: 3840K(3840K)->0K(3840K) From: 117K(448K)->150K(448K)
[2025-04-17T10:46:41.783+0000][1.613s][info][gc,heap     ] GC(13) Tenured: 3988K(9600K)->3988K(9600K)
[2025-04-17T10:46:41.783+0000][1.613s][info][gc,metaspace] GC(13) Metaspace: 8267K(8512K)->8267K(8512K) NonClass: 7228K(7360K)->7228K(7360K) Class: 1039K(1152K)->1039K(1152K)
[2025-04-17T10:46:41.783+0000][1.613s][info][gc          ] GC(13) Pause Young (Allocation Failure) 7M->4M(13M) 1.945ms
[2025-04-17T10:46:41.783+0000][1.613s][info][gc,cpu      ] GC(13) User=0.00s Sys=0.00s Real=0.00s
[2025-04-17T10:46:41.821+0000][1.651s][info][gc,start    ] GC(14) Pause Young (Allocation Failure)
[2025-04-17T10:46:41.823+0000][1.653s][info][gc,heap     ] GC(14) DefNew: 3990K(4288K)->198K(4288K) Eden: 3840K(3840K)->0K(3840K) From: 150K(448K)->198K(448K)
[2025-04-17T10:46:41.823+0000][1.653s][info][gc,heap     ] GC(14) Tenured: 3988K(9600K)->3988K(9600K)
[2025-04-17T10:46:41.823+0000][1.653s][info][gc,metaspace] GC(14) Metaspace: 8509K(8704K)->8509K(8704K) NonClass: 7439K(7552K)->7439K(7552K) Class: 1069K(1152K)->1069K(1152K)
[2025-04-17T10:46:41.823+0000][1.653s][info][gc          ] GC(14) Pause Young (Allocation Failure) 7M->4M(13M) 1.513ms
[2025-04-17T10:46:41.823+0000][1.653s][info][gc,cpu      ] GC(14) User=0.00s Sys=0.00s Real=0.00s
[2025-04-17T10:46:41.887+0000][1.717s][info][gc,start    ] GC(15) Pause Young (Allocation Failure)
[2025-04-17T10:46:41.888+0000][1.718s][info][gc,heap     ] GC(15) DefNew: 4038K(4288K)->290K(4288K) Eden: 3840K(3840K)->0K(3840K) From: 198K(448K)->290K(448K)
[2025-04-17T10:46:41.888+0000][1.718s][info][gc,heap     ] GC(15) Tenured: 3988K(9600K)->3988K(9600K)
[2025-04-17T10:46:41.888+0000][1.718s][info][gc,metaspace] GC(15) Metaspace: 8834K(9088K)->8834K(9088K) NonClass: 7718K(7872K)->7718K(7872K) Class: 1115K(1216K)->1115K(1216K)
[2025-04-17T10:46:41.888+0000][1.718s][info][gc          ] GC(15) Pause Young (Allocation Failure) 7M->4M(13M) 1.285ms
[2025-04-17T10:46:41.888+0000][1.718s][info][gc,cpu      ] GC(15) User=0.00s Sys=0.00s Real=0.00s
[2025-04-17T10:46:41.985+0000][1.815s][info][gc,start    ] GC(16) Pause Young (Allocation Failure)
[2025-04-17T10:46:41.988+0000][1.818s][info][gc,heap     ] GC(16) DefNew: 4130K(4288K)->354K(4288K) Eden: 3840K(3840K)->0K(3840K) From: 290K(448K)->354K(448K)
[2025-04-17T10:46:41.988+0000][1.818s][info][gc,heap     ] GC(16) Tenured: 3988K(9600K)->4084K(9600K)
[2025-04-17T10:46:41.988+0000][1.818s][info][gc,metaspace] GC(16) Metaspace: 9305K(9472K)->9305K(9472K) NonClass: 8125K(8192K)->8125K(8192K) Class: 1179K(1280K)->1179K(1280K)
[2025-04-17T10:46:41.988+0000][1.818s][info][gc          ] GC(16) Pause Young (Allocation Failure) 7M->4M(13M) 2.692ms
[2025-04-17T10:46:41.989+0000][1.819s][info][gc,cpu      ] GC(16) User=0.00s Sys=0.00s Real=0.00s
[2025-04-17T10:46:42.035+0000][1.865s][info][gc,start    ] GC(17) Pause Young (Allocation Failure)
[2025-04-17T10:46:42.037+0000][1.867s][info][gc,heap     ] GC(17) DefNew: 4194K(4288K)->262K(4288K) Eden: 3840K(3840K)->0K(3840K) From: 354K(448K)->262K(448K)
[2025-04-17T10:46:42.037+0000][1.867s][info][gc,heap     ] GC(17) Tenured: 4084K(9600K)->4246K(9600K)
[2025-04-17T10:46:42.037+0000][1.867s][info][gc,metaspace] GC(17) Metaspace: 9565K(9792K)->9565K(9792K) NonClass: 8340K(8448K)->8340K(8448K) Class: 1225K(1344K)->1225K(1344K)
[2025-04-17T10:46:42.037+0000][1.867s][info][gc          ] GC(17) Pause Young (Allocation Failure) 8M->4M(13M) 1.801ms
[2025-04-17T10:46:42.038+0000][1.868s][info][gc,cpu      ] GC(17) User=0.00s Sys=0.00s Real=0.00s
[2025-04-17T10:46:42.095+0000][1.925s][info][gc,start    ] GC(18) Pause Young (Allocation Failure)
[2025-04-17T10:46:42.097+0000][1.927s][info][gc,heap     ] GC(18) DefNew: 4102K(4288K)->187K(4288K) Eden: 3840K(3840K)->0K(3840K) From: 262K(448K)->187K(448K)
[2025-04-17T10:46:42.097+0000][1.927s][info][gc,heap     ] GC(18) Tenured: 4246K(9600K)->4416K(9600K)
[2025-04-17T10:46:42.097+0000][1.927s][info][gc,metaspace] GC(18) Metaspace: 10030K(10240K)->10030K(10240K) NonClass: 8744K(8832K)->8744K(8832K) Class: 1286K(1408K)->1286K(1408K)
[2025-04-17T10:46:42.097+0000][1.927s][info][gc          ] GC(18) Pause Young (Allocation Failure) 8M->4M(13M) 1.668ms
[2025-04-17T10:46:42.097+0000][1.927s][info][gc,cpu      ] GC(18) User=0.00s Sys=0.00s Real=0.00s
[2025-04-17T10:46:42.142+0000][1.972s][info][gc,start    ] GC(19) Pause Young (Allocation Failure)
[2025-04-17T10:46:42.143+0000][1.973s][info][gc,heap     ] GC(19) DefNew: 4027K(4288K)->275K(4288K) Eden: 3840K(3840K)->0K(3840K) From: 187K(448K)->275K(448K)
[2025-04-17T10:46:42.143+0000][1.973s][info][gc,heap     ] GC(19) Tenured: 4416K(9600K)->4416K(9600K)
[2025-04-17T10:46:42.143+0000][1.973s][info][gc,metaspace] GC(19) Metaspace: 10213K(10432K)->10213K(10432K) NonClass: 8906K(9024K)->8906K(9024K) Class: 1306K(1408K)->1306K(1408K)
[2025-04-17T10:46:42.143+0000][1.973s][info][gc          ] GC(19) Pause Young (Allocation Failure) 8M->4M(13M) 1.263ms
[2025-04-17T10:46:42.144+0000][1.974s][info][gc,cpu      ] GC(19) User=0.01s Sys=0.00s Real=0.00s
[2025-04-17T10:46:42.219+0000][2.049s][info][gc,start    ] GC(20) Pause Young (Allocation Failure)
[2025-04-17T10:46:42.221+0000][2.051s][info][gc,heap     ] GC(20) DefNew: 4115K(4288K)->344K(4288K) Eden: 3840K(3840K)->0K(3840K) From: 275K(448K)->344K(448K)
[2025-04-17T10:46:42.221+0000][2.051s][info][gc,heap     ] GC(20) Tenured: 4416K(9600K)->4485K(9600K)
[2025-04-17T10:46:42.221+0000][2.051s][info][gc,metaspace] GC(20) Metaspace: 10596K(10816K)->10596K(10816K) NonClass: 9248K(9344K)->9248K(9344K) Class: 1348K(1472K)->1348K(1472K)
[2025-04-17T10:46:42.221+0000][2.051s][info][gc          ] GC(20) Pause Young (Allocation Failure) 8M->4M(13M) 1.852ms
[2025-04-17T10:46:42.221+0000][2.051s][info][gc,cpu      ] GC(20) User=0.00s Sys=0.00s Real=0.00s
[2025-04-17T10:46:42.309+0000][2.139s][info][gc,start    ] GC(21) Pause Young (Allocation Failure)
[2025-04-17T10:46:42.312+0000][2.142s][info][gc,heap     ] GC(21) DefNew: 4184K(4288K)->448K(4288K) Eden: 3840K(3840K)->0K(3840K) From: 344K(448K)->448K(448K)
[2025-04-17T10:46:42.312+0000][2.142s][info][gc,heap     ] GC(21) Tenured: 4485K(9600K)->4714K(9600K)
[2025-04-17T10:46:42.312+0000][2.142s][info][gc,metaspace] GC(21) Metaspace: 10851K(11072K)->10851K(11072K) NonClass: 9474K(9600K)->9474K(9600K) Class: 1377K(1472K)->1377K(1472K)
[2025-04-17T10:46:42.312+0000][2.142s][info][gc          ] GC(21) Pause Young (Allocation Failure) 8M->5M(13M) 3.153ms
[2025-04-17T10:46:42.312+0000][2.142s][info][gc,cpu      ] GC(21) User=0.00s Sys=0.00s Real=0.00s
[2025-04-17T10:46:42.327+0000][2.157s][info][gc,start    ] GC(22) Pause Young (Allocation Failure)
[2025-04-17T10:46:42.328+0000][2.159s][info][gc,heap     ] GC(22) DefNew: 4288K(4288K)->11K(4288K) Eden: 3840K(3840K)->0K(3840K) From: 448K(448K)->11K(448K)
[2025-04-17T10:46:42.328+0000][2.159s][info][gc,heap     ] GC(22) Tenured: 4714K(9600K)->5160K(9600K)
[2025-04-17T10:46:42.328+0000][2.159s][info][gc,metaspace] GC(22) Metaspace: 10860K(11072K)->10860K(11072K) NonClass: 9482K(9600K)->9482K(9600K) Class: 1378K(1472K)->1378K(1472K)
[2025-04-17T10:46:42.328+0000][2.159s][info][gc          ] GC(22) Pause Young (Allocation Failure) 8M->5M(13M) 1.229ms
[2025-04-17T10:46:42.328+0000][2.159s][info][gc,cpu      ] GC(22) User=0.01s Sys=0.00s Real=0.00s
[2025-04-17T10:46:42.351+0000][2.181s][info][gc,start    ] GC(23) Pause Young (Allocation Failure)
[2025-04-17T10:46:42.352+0000][2.182s][info][gc,heap     ] GC(23) DefNew: 3851K(4288K)->87K(4288K) Eden: 3840K(3840K)->0K(3840K) From: 11K(448K)->87K(448K)
[2025-04-17T10:46:42.352+0000][2.182s][info][gc,heap     ] GC(23) Tenured: 5160K(9600K)->5160K(9600K)
[2025-04-17T10:46:42.352+0000][2.182s][info][gc,metaspace] GC(23) Metaspace: 10981K(11200K)->10981K(11200K) NonClass: 9596K(9728K)->9596K(9728K) Class: 1384K(1472K)->1384K(1472K)
[2025-04-17T10:46:42.352+0000][2.182s][info][gc          ] GC(23) Pause Young (Allocation Failure) 8M->5M(13M) 0.568ms
[2025-04-17T10:46:42.352+0000][2.182s][info][gc,cpu      ] GC(23) User=0.00s Sys=0.00s Real=0.00s
[2025-04-17T10:46:42.369+0000][2.199s][info][gc,start    ] GC(24) Pause Young (Allocation Failure)
[2025-04-17T10:46:42.369+0000][2.199s][info][gc,heap     ] GC(24) DefNew: 3927K(4288K)->45K(4288K) Eden: 3840K(3840K)->0K(3840K) From: 87K(448K)->45K(448K)
[2025-04-17T10:46:42.369+0000][2.199s][info][gc,heap     ] GC(24) Tenured: 5160K(9600K)->5160K(9600K)
[2025-04-17T10:46:42.369+0000][2.199s][info][gc,metaspace] GC(24) Metaspace: 11003K(11200K)->11003K(11200K) NonClass: 9615K(9728K)->9615K(9728K) Class: 1387K(1472K)->1387K(1472K)
[2025-04-17T10:46:42.369+0000][2.199s][info][gc          ] GC(24) Pause Young (Allocation Failure) 8M->5M(13M) 0.504ms
[2025-04-17T10:46:42.369+0000][2.199s][info][gc,cpu      ] GC(24) User=0.00s Sys=0.00s Real=0.00s
[2025-04-17T10:46:42.391+0000][2.221s][info][gc,start    ] GC(25) Pause Young (Allocation Failure)
[2025-04-17T10:46:42.392+0000][2.222s][info][gc,heap     ] GC(25) DefNew: 3885K(4288K)->75K(4288K) Eden: 3840K(3840K)->0K(3840K) From: 45K(448K)->75K(448K)
[2025-04-17T10:46:42.392+0000][2.222s][info][gc,heap     ] GC(25) Tenured: 5160K(9600K)->5160K(9600K)
[2025-04-17T10:46:42.392+0000][2.222s][info][gc,metaspace] GC(25) Metaspace: 11111K(11264K)->11111K(11264K) NonClass: 9710K(9792K)->9710K(9792K) Class: 1401K(1472K)->1401K(1472K)
[2025-04-17T10:46:42.392+0000][2.222s][info][gc          ] GC(25) Pause Young (Allocation Failure) 8M->5M(13M) 0.604ms
[2025-04-17T10:46:42.392+0000][2.222s][info][gc,cpu      ] GC(25) User=0.00s Sys=0.00s Real=0.00s
[2025-04-17T10:46:42.431+0000][2.261s][info][gc,start    ] GC(26) Pause Young (Allocation Failure)
[2025-04-17T10:46:42.432+0000][2.262s][info][gc,heap     ] GC(26) DefNew: 3915K(4288K)->161K(4288K) Eden: 3840K(3840K)->0K(3840K) From: 75K(448K)->161K(448K)
[2025-04-17T10:46:42.432+0000][2.262s][info][gc,heap     ] GC(26) Tenured: 5160K(9600K)->5160K(9600K)
[2025-04-17T10:46:42.432+0000][2.262s][info][gc,metaspace] GC(26) Metaspace: 11332K(11520K)->11332K(11520K) NonClass: 9904K(9984K)->9904K(9984K) Class: 1427K(1536K)->1427K(1536K)
[2025-04-17T10:46:42.432+0000][2.262s][info][gc          ] GC(26) Pause Young (Allocation Failure) 8M->5M(13M) 0.876ms
[2025-04-17T10:46:42.432+0000][2.262s][info][gc,cpu      ] GC(26) User=0.01s Sys=0.00s Real=0.00s
[2025-04-17T10:46:42.537+0000][2.367s][info][gc,start    ] GC(27) Pause Young (Allocation Failure)
[2025-04-17T10:46:42.539+0000][2.369s][info][gc,heap     ] GC(27) DefNew: 4001K(4288K)->447K(4288K) Eden: 3840K(3840K)->0K(3840K) From: 161K(448K)->447K(448K)
[2025-04-17T10:46:42.539+0000][2.369s][info][gc,heap     ] GC(27) Tenured: 5160K(9600K)->5314K(9600K)
[2025-04-17T10:46:42.539+0000][2.369s][info][gc,metaspace] GC(27) Metaspace: 11585K(11776K)->11585K(11776K) NonClass: 10128K(10240K)->10128K(10240K) Class: 1457K(1536K)->1457K(1536K)
[2025-04-17T10:46:42.539+0000][2.369s][info][gc          ] GC(27) Pause Young (Allocation Failure) 8M->5M(13M) 2.117ms
[2025-04-17T10:46:42.539+0000][2.369s][info][gc,cpu      ] GC(27) User=0.00s Sys=0.00s Real=0.00s
[2025-04-17T10:46:42.604+0000][2.434s][info][gc,start    ] GC(28) Pause Young (Allocation Failure)
[2025-04-17T10:46:42.608+0000][2.438s][info][gc,heap     ] GC(28) DefNew: 4287K(4288K)->174K(4288K) Eden: 3840K(3840K)->0K(3840K) From: 447K(448K)->174K(448K)
[2025-04-17T10:46:42.608+0000][2.438s][info][gc,heap     ] GC(28) Tenured: 5314K(9600K)->5749K(9600K)
[2025-04-17T10:46:42.608+0000][2.438s][info][gc,metaspace] GC(28) Metaspace: 11704K(11840K)->11704K(11840K) NonClass: 10230K(10304K)->10230K(10304K) Class: 1473K(1536K)->1473K(1536K)
[2025-04-17T10:46:42.608+0000][2.438s][info][gc          ] GC(28) Pause Young (Allocation Failure) 9M->5M(13M) 3.957ms
[2025-04-17T10:46:42.608+0000][2.438s][info][gc,cpu      ] GC(28) User=0.01s Sys=0.00s Real=0.00s
[2025-04-17T10:46:42.681+0000][2.511s][info][gc,start    ] GC(29) Pause Young (Allocation Failure)
[2025-04-17T10:46:42.682+0000][2.512s][info][gc,heap     ] GC(29) DefNew: 4014K(4288K)->264K(4288K) Eden: 3840K(3840K)->0K(3840K) From: 174K(448K)->264K(448K)
[2025-04-17T10:46:42.682+0000][2.512s][info][gc,heap     ] GC(29) Tenured: 5749K(9600K)->5749K(9600K)
[2025-04-17T10:46:42.682+0000][2.512s][info][gc,metaspace] GC(29) Metaspace: 11885K(12160K)->11885K(12160K) NonClass: 10397K(10560K)->10397K(10560K) Class: 1488K(1600K)->1488K(1600K)
[2025-04-17T10:46:42.682+0000][2.512s][info][gc          ] GC(29) Pause Young (Allocation Failure) 9M->5M(13M) 1.298ms
[2025-04-17T10:46:42.682+0000][2.512s][info][gc,cpu      ] GC(29) User=0.00s Sys=0.00s Real=0.00s
[2025-04-17T10:46:42.751+0000][2.581s][info][gc,start    ] GC(30) Pause Young (Allocation Failure)
[2025-04-17T10:46:42.753+0000][2.583s][info][gc,heap     ] GC(30) DefNew: 4104K(4288K)->267K(4288K) Eden: 3840K(3840K)->0K(3840K) From: 264K(448K)->267K(448K)
[2025-04-17T10:46:42.753+0000][2.583s][info][gc,heap     ] GC(30) Tenured: 5749K(9600K)->5869K(9600K)
[2025-04-17T10:46:42.753+0000][2.583s][info][gc,metaspace] GC(30) Metaspace: 12013K(12224K)->12013K(12224K) NonClass: 10515K(10624K)->10515K(10624K) Class: 1497K(1600K)->1497K(1600K)
[2025-04-17T10:46:42.753+0000][2.583s][info][gc          ] GC(30) Pause Young (Allocation Failure) 9M->5M(13M) 2.141ms
[2025-04-17T10:46:42.753+0000][2.583s][info][gc,cpu      ] GC(30) User=0.00s Sys=0.00s Real=0.00s
[2025-04-17T10:46:42.823+0000][2.653s][info][gc,start    ] GC(31) Pause Young (Allocation Failure)
[2025-04-17T10:46:42.825+0000][2.655s][info][gc,heap     ] GC(31) DefNew: 4107K(4288K)->256K(4288K) Eden: 3840K(3840K)->0K(3840K) From: 267K(448K)->256K(448K)
[2025-04-17T10:46:42.825+0000][2.655s][info][gc,heap     ] GC(31) Tenured: 5869K(9600K)->5996K(9600K)
[2025-04-17T10:46:42.825+0000][2.655s][info][gc,metaspace] GC(31) Metaspace: 12267K(12416K)->12267K(12416K) NonClass: 10735K(10816K)->10735K(10816K) Class: 1531K(1600K)->1531K(1600K)
[2025-04-17T10:46:42.825+0000][2.655s][info][gc          ] GC(31) Pause Young (Allocation Failure) 9M->6M(13M) 2.008ms
[2025-04-17T10:46:42.825+0000][2.655s][info][gc,cpu      ] GC(31) User=0.00s Sys=0.00s Real=0.01s
[2025-04-17T10:46:42.934+0000][2.764s][info][gc,start    ] GC(32) Pause Young (Allocation Failure)
[2025-04-17T10:46:42.936+0000][2.766s][info][gc,heap     ] GC(32) DefNew: 4096K(4288K)->308K(4288K) Eden: 3840K(3840K)->0K(3840K) From: 256K(448K)->308K(448K)
[2025-04-17T10:46:42.936+0000][2.766s][info][gc,heap     ] GC(32) Tenured: 5996K(9600K)->6121K(9600K)
[2025-04-17T10:46:42.936+0000][2.766s][info][gc,metaspace] GC(32) Metaspace: 12651K(12864K)->12651K(12864K) NonClass: 11073K(11200K)->11073K(11200K) Class: 1577K(1664K)->1577K(1664K)
[2025-04-17T10:46:42.936+0000][2.766s][info][gc          ] GC(32) Pause Young (Allocation Failure) 9M->6M(13M) 1.827ms
[2025-04-17T10:46:42.936+0000][2.766s][info][gc,cpu      ] GC(32) User=0.00s Sys=0.00s Real=0.01s
[2025-04-17T10:46:42.989+0000][2.819s][info][gc,start    ] GC(33) Pause Young (Allocation Failure)
[2025-04-17T10:46:42.991+0000][2.821s][info][gc,heap     ] GC(33) DefNew: 4148K(4288K)->283K(4288K) Eden: 3840K(3840K)->0K(3840K) From: 308K(448K)->283K(448K)
[2025-04-17T10:46:42.991+0000][2.821s][info][gc,heap     ] GC(33) Tenured: 6121K(9600K)->6235K(9600K)
[2025-04-17T10:46:42.991+0000][2.821s][info][gc,metaspace] GC(33) Metaspace: 12995K(13184K)->12995K(13184K) NonClass: 11380K(11456K)->11380K(11456K) Class: 1615K(1728K)->1615K(1728K)
[2025-04-17T10:46:42.991+0000][2.821s][info][gc          ] GC(33) Pause Young (Allocation Failure) 10M->6M(13M) 1.689ms
[2025-04-17T10:46:42.991+0000][2.821s][info][gc,cpu      ] GC(33) User=0.00s Sys=0.00s Real=0.00s
[2025-04-17T10:46:43.091+0000][2.921s][info][gc,start    ] GC(34) Pause Young (Allocation Failure)
[2025-04-17T10:46:43.094+0000][2.924s][info][gc,heap     ] GC(34) DefNew: 4123K(4288K)->326K(4288K) Eden: 3840K(3840K)->0K(3840K) From: 283K(448K)->326K(448K)
[2025-04-17T10:46:43.094+0000][2.924s][info][gc,heap     ] GC(34) Tenured: 6235K(9600K)->6402K(9600K)
[2025-04-17T10:46:43.094+0000][2.924s][info][gc,metaspace] GC(34) Metaspace: 13329K(13632K)->13329K(13632K) NonClass: 11670K(11840K)->11670K(11840K) Class: 1659K(1792K)->1659K(1792K)
[2025-04-17T10:46:43.094+0000][2.924s][info][gc          ] GC(34) Pause Young (Allocation Failure) 10M->6M(13M) 3.483ms
[2025-04-17T10:46:43.094+0000][2.924s][info][gc,cpu      ] GC(34) User=0.01s Sys=0.00s Real=0.01s
[2025-04-17T10:46:43.197+0000][3.027s][info][gc,start    ] GC(35) Pause Young (Allocation Failure)
[2025-04-17T10:46:43.200+0000][3.030s][info][gc,heap     ] GC(35) DefNew: 4166K(4288K)->302K(4288K) Eden: 3840K(3840K)->0K(3840K) From: 326K(448K)->302K(448K)
[2025-04-17T10:46:43.200+0000][3.030s][info][gc,heap     ] GC(35) Tenured: 6402K(9600K)->6706K(9600K)
[2025-04-17T10:46:43.200+0000][3.030s][info][gc,metaspace] GC(35) Metaspace: 13739K(13952K)->13739K(13952K) NonClass: 12024K(12160K)->12024K(12160K) Class: 1715K(1792K)->1715K(1792K)
[2025-04-17T10:46:43.200+0000][3.030s][info][gc          ] GC(35) Pause Young (Allocation Failure) 10M->6M(13M) 3.072ms
[2025-04-17T10:46:43.200+0000][3.030s][info][gc,cpu      ] GC(35) User=0.00s Sys=0.00s Real=0.00s
[2025-04-17T10:46:43.298+0000][3.128s][info][gc,start    ] GC(36) Pause Young (Allocation Failure)
[2025-04-17T10:46:43.300+0000][3.131s][info][gc,heap     ] GC(36) DefNew: 4142K(4288K)->175K(4288K) Eden: 3840K(3840K)->0K(3840K) From: 302K(448K)->175K(448K)
[2025-04-17T10:46:43.301+0000][3.131s][info][gc,heap     ] GC(36) Tenured: 6706K(9600K)->6931K(9600K)
[2025-04-17T10:46:43.301+0000][3.131s][info][gc,metaspace] GC(36) Metaspace: 14439K(14720K)->14439K(14720K) NonClass: 12638K(12800K)->12638K(12800K) Class: 1800K(1920K)->1800K(1920K)
[2025-04-17T10:46:43.301+0000][3.131s][info][gc          ] GC(36) Pause Young (Allocation Failure) 10M->6M(13M) 2.249ms
[2025-04-17T10:46:43.301+0000][3.131s][info][gc,cpu      ] GC(36) User=0.00s Sys=0.00s Real=0.00s
[2025-04-17T10:46:43.388+0000][3.218s][info][gc,start    ] GC(37) Pause Young (Allocation Failure)
[2025-04-17T10:46:43.391+0000][3.221s][info][gc,heap     ] GC(37) DefNew: 4015K(4288K)->357K(4288K) Eden: 3840K(3840K)->0K(3840K) From: 175K(448K)->357K(448K)
[2025-04-17T10:46:43.391+0000][3.221s][info][gc,heap     ] GC(37) Tenured: 6931K(9600K)->6931K(9600K)
[2025-04-17T10:46:43.391+0000][3.221s][info][gc,metaspace] GC(37) Metaspace: 14753K(14976K)->14753K(14976K) NonClass: 12910K(13056K)->12910K(13056K) Class: 1842K(1920K)->1842K(1920K)
[2025-04-17T10:46:43.391+0000][3.221s][info][gc          ] GC(37) Pause Young (Allocation Failure) 10M->7M(13M) 2.811ms
[2025-04-17T10:46:43.391+0000][3.221s][info][gc,cpu      ] GC(37) User=0.00s Sys=0.00s Real=0.00s
[2025-04-17T10:46:43.461+0000][3.291s][info][gc,start    ] GC(38) Pause Young (Allocation Failure)
[2025-04-17T10:46:43.465+0000][3.295s][info][gc,heap     ] GC(38) DefNew: 4197K(4288K)->322K(4288K) Eden: 3840K(3840K)->0K(3840K) From: 357K(448K)->322K(448K)
[2025-04-17T10:46:43.465+0000][3.295s][info][gc,heap     ] GC(38) Tenured: 6931K(9600K)->7080K(9600K)
[2025-04-17T10:46:43.465+0000][3.295s][info][gc,metaspace] GC(38) Metaspace: 15072K(15360K)->15072K(15360K) NonClass: 13189K(13376K)->13189K(13376K) Class: 1883K(1984K)->1883K(1984K)
[2025-04-17T10:46:43.465+0000][3.295s][info][gc          ] GC(38) Pause Young (Allocation Failure) 10M->7M(13M) 4.422ms
[2025-04-17T10:46:43.466+0000][3.296s][info][gc,cpu      ] GC(38) User=0.00s Sys=0.00s Real=0.01s
[2025-04-17T10:46:43.557+0000][3.387s][info][gc,start    ] GC(39) Pause Young (Allocation Failure)
[2025-04-17T10:46:43.559+0000][3.390s][info][gc,heap     ] GC(39) DefNew: 4162K(4288K)->368K(4288K) Eden: 3840K(3840K)->0K(3840K) From: 322K(448K)->368K(448K)
[2025-04-17T10:46:43.560+0000][3.390s][info][gc,heap     ] GC(39) Tenured: 7080K(9600K)->7269K(9600K)
[2025-04-17T10:46:43.560+0000][3.390s][info][gc,metaspace] GC(39) Metaspace: 16551K(16896K)->16551K(16896K) NonClass: 14472K(14656K)->14472K(14656K) Class: 2079K(2240K)->2079K(2240K)
[2025-04-17T10:46:43.560+0000][3.390s][info][gc          ] GC(39) Pause Young (Allocation Failure) 10M->7M(13M) 2.376ms
[2025-04-17T10:46:43.560+0000][3.390s][info][gc,cpu      ] GC(39) User=0.00s Sys=0.00s Real=0.00s
[2025-04-17T10:46:43.610+0000][3.440s][info][gc,start    ] GC(40) Pause Young (Allocation Failure)
[2025-04-17T10:46:43.614+0000][3.445s][info][gc,heap     ] GC(40) DefNew: 4208K(4288K)->123K(4288K) Eden: 3840K(3840K)->0K(3840K) From: 368K(448K)->123K(448K)
[2025-04-17T10:46:43.614+0000][3.445s][info][gc,heap     ] GC(40) Tenured: 7269K(9600K)->7619K(9600K)
[2025-04-17T10:46:43.614+0000][3.445s][info][gc,metaspace] GC(40) Metaspace: 16695K(16960K)->16695K(16960K) NonClass: 14591K(14720K)->14591K(14720K) Class: 2104K(2240K)->2104K(2240K)
[2025-04-17T10:46:43.615+0000][3.445s][info][gc          ] GC(40) Pause Young (Allocation Failure) 11M->7M(13M) 4.559ms
[2025-04-17T10:46:43.615+0000][3.445s][info][gc,cpu      ] GC(40) User=0.01s Sys=0.00s Real=0.01s
[2025-04-17T10:46:43.714+0000][3.544s][info][gc,start    ] GC(41) Pause Young (Allocation Failure)
[2025-04-17T10:46:43.719+0000][3.549s][info][gc,heap     ] GC(41) DefNew: 3963K(4288K)->430K(4288K) Eden: 3840K(3840K)->0K(3840K) From: 123K(448K)->430K(448K)
[2025-04-17T10:46:43.719+0000][3.549s][info][gc,heap     ] GC(41) Tenured: 7619K(9600K)->7619K(9600K)
[2025-04-17T10:46:43.719+0000][3.549s][info][gc,metaspace] GC(41) Metaspace: 17455K(17664K)->17455K(17664K) NonClass: 15260K(15360K)->15260K(15360K) Class: 2195K(2304K)->2195K(2304K)
[2025-04-17T10:46:43.719+0000][3.550s][info][gc          ] GC(41) Pause Young (Allocation Failure) 11M->7M(13M) 5.098ms
[2025-04-17T10:46:43.719+0000][3.550s][info][gc,cpu      ] GC(41) User=0.01s Sys=0.00s Real=0.00s
[2025-04-17T10:46:43.844+0000][3.674s][info][gc,start    ] GC(42) Pause Young (Allocation Failure)
[2025-04-17T10:46:43.848+0000][3.678s][info][gc,heap     ] GC(42) DefNew: 4270K(4288K)->401K(4288K) Eden: 3840K(3840K)->0K(3840K) From: 430K(448K)->401K(448K)
[2025-04-17T10:46:43.848+0000][3.678s][info][gc,heap     ] GC(42) Tenured: 7619K(9600K)->8030K(9600K)
[2025-04-17T10:46:43.848+0000][3.678s][info][gc,metaspace] GC(42) Metaspace: 17960K(18240K)->17960K(18240K) NonClass: 15660K(15808K)->15660K(15808K) Class: 2299K(2432K)->2299K(2432K)
[2025-04-17T10:46:43.848+0000][3.678s][info][gc          ] GC(42) Pause Young (Allocation Failure) 11M->8M(13M) 3.656ms
[2025-04-17T10:46:43.849+0000][3.679s][info][gc,cpu      ] GC(42) User=0.01s Sys=0.00s Real=0.00s
[2025-04-17T10:46:43.940+0000][3.770s][info][gc,start    ] GC(43) Pause Young (Allocation Failure)
[2025-04-17T10:46:43.943+0000][3.773s][info][gc,heap     ] GC(43) DefNew: 4241K(4288K)->219K(4288K) Eden: 3840K(3840K)->0K(3840K) From: 401K(448K)->219K(448K)
[2025-04-17T10:46:43.943+0000][3.773s][info][gc,heap     ] GC(43) Tenured: 8030K(9600K)->8405K(9600K)
[2025-04-17T10:46:43.943+0000][3.773s][info][gc,metaspace] GC(43) Metaspace: 18340K(18624K)->18340K(18624K) NonClass: 15983K(16128K)->15983K(16128K) Class: 2356K(2496K)->2356K(2496K)
[2025-04-17T10:46:43.943+0000][3.773s][info][gc          ] GC(43) Pause Young (Allocation Failure) 11M->8M(13M) 2.434ms
[2025-04-17T10:46:43.943+0000][3.773s][info][gc,cpu      ] GC(43) User=0.00s Sys=0.00s Real=0.00s
[2025-04-17T10:46:44.020+0000][3.851s][info][gc,start    ] GC(44) Pause Young (Allocation Failure)
[2025-04-17T10:46:44.024+0000][3.855s][info][gc,heap     ] GC(44) DefNew: 4059K(4288K)->447K(4288K) Eden: 3840K(3840K)->0K(3840K) From: 219K(448K)->447K(448K)
[2025-04-17T10:46:44.024+0000][3.855s][info][gc,heap     ] GC(44) Tenured: 8405K(9600K)->8574K(9600K)
[2025-04-17T10:46:44.024+0000][3.855s][info][gc,metaspace] GC(44) Metaspace: 19237K(19456K)->19237K(19456K) NonClass: 16779K(16896K)->16779K(16896K) Class: 2458K(2560K)->2458K(2560K)
[2025-04-17T10:46:44.024+0000][3.855s][info][gc          ] GC(44) Pause Young (Allocation Failure) 12M->8M(13M) 4.073ms
[2025-04-17T10:46:44.024+0000][3.855s][info][gc,cpu      ] GC(44) User=0.01s Sys=0.00s Real=0.01s
[2025-04-17T10:46:44.077+0000][3.907s][info][gc,start    ] GC(45) Pause Young (Allocation Failure)
[2025-04-17T10:46:44.080+0000][3.910s][info][gc,heap     ] GC(45) DefNew: 4287K(4288K)->248K(4288K) Eden: 3840K(3840K)->0K(3840K) From: 447K(448K)->248K(448K)
[2025-04-17T10:46:44.080+0000][3.910s][info][gc,heap     ] GC(45) Tenured: 8574K(9600K)->9012K(9600K)
[2025-04-17T10:46:44.080+0000][3.910s][info][gc,metaspace] GC(45) Metaspace: 19711K(20032K)->19711K(20032K) NonClass: 17211K(17344K)->17211K(17344K) Class: 2499K(2688K)->2499K(2688K)
[2025-04-17T10:46:44.080+0000][3.910s][info][gc          ] GC(45) Pause Young (Allocation Failure) 12M->9M(13M) 3.253ms
[2025-04-17T10:46:44.080+0000][3.910s][info][gc,cpu      ] GC(45) User=0.00s Sys=0.00s Real=0.00s
[2025-04-17T10:46:44.143+0000][3.973s][info][gc,start    ] GC(46) Pause Young (Allocation Failure)
[2025-04-17T10:46:44.144+0000][3.975s][info][gc,heap     ] GC(46) DefNew: 4088K(4288K)->154K(4288K) Eden: 3840K(3840K)->0K(3840K) From: 248K(448K)->154K(448K)
[2025-04-17T10:46:44.145+0000][3.975s][info][gc,heap     ] GC(46) Tenured: 9012K(9600K)->9245K(9600K)
[2025-04-17T10:46:44.145+0000][3.975s][info][gc,metaspace] GC(46) Metaspace: 20161K(20416K)->20161K(20416K) NonClass: 17613K(17728K)->17613K(17728K) Class: 2548K(2688K)->2548K(2688K)
[2025-04-17T10:46:44.145+0000][3.975s][info][gc          ] GC(46) Pause Young (Allocation Failure) 12M->9M(13M) 1.471ms
[2025-04-17T10:46:44.145+0000][3.975s][info][gc,cpu      ] GC(46) User=0.00s Sys=0.00s Real=0.01s
[2025-04-17T10:46:44.214+0000][4.044s][info][gc,start    ] GC(47) Pause Young (Allocation Failure)
[2025-04-17T10:46:44.216+0000][4.046s][info][gc,heap     ] GC(47) DefNew: 3994K(4288K)->266K(4288K) Eden: 3840K(3840K)->0K(3840K) From: 154K(448K)->266K(448K)
[2025-04-17T10:46:44.216+0000][4.046s][info][gc,heap     ] GC(47) Tenured: 9245K(9600K)->9245K(9600K)
[2025-04-17T10:46:44.216+0000][4.046s][info][gc,metaspace] GC(47) Metaspace: 20665K(20992K)->20665K(20992K) NonClass: 18066K(18240K)->18066K(18240K) Class: 2599K(2752K)->2599K(2752K)
[2025-04-17T10:46:44.216+0000][4.047s][info][gc          ] GC(47) Pause Young (Allocation Failure) 12M->9M(13M) 2.863ms
[2025-04-17T10:46:44.216+0000][4.047s][info][gc,cpu      ] GC(47) User=0.00s Sys=0.00s Real=0.01s
[2025-04-17T10:46:44.301+0000][4.131s][info][gc,start    ] GC(48) Pause Full (Metadata GC Threshold)
[2025-04-17T10:46:44.301+0000][4.131s][info][gc,phases,start] GC(48) Phase 1: Mark live objects
[2025-04-17T10:46:44.316+0000][4.146s][info][gc,phases      ] GC(48) Phase 1: Mark live objects 15.013ms
[2025-04-17T10:46:44.316+0000][4.146s][info][gc,phases,start] GC(48) Phase 2: Compute new object addresses
[2025-04-17T10:46:44.320+0000][4.150s][info][gc,phases      ] GC(48) Phase 2: Compute new object addresses 3.543ms
[2025-04-17T10:46:44.320+0000][4.150s][info][gc,phases,start] GC(48) Phase 3: Adjust pointers
[2025-04-17T10:46:44.328+0000][4.158s][info][gc,phases      ] GC(48) Phase 3: Adjust pointers 8.009ms
[2025-04-17T10:46:44.328+0000][4.158s][info][gc,phases,start] GC(48) Phase 4: Move objects
[2025-04-17T10:46:44.329+0000][4.159s][info][gc,phases      ] GC(48) Phase 4: Move objects 1.412ms
[2025-04-17T10:46:44.330+0000][4.160s][info][gc,heap        ] GC(48) DefNew: 3392K(4288K)->0K(7104K) Eden: 3126K(3840K)->0K(6336K) From: 266K(448K)->0K(768K)
[2025-04-17T10:46:44.330+0000][4.160s][info][gc,heap        ] GC(48) Tenured: 9245K(9600K)->9424K(15708K)
[2025-04-17T10:46:44.330+0000][4.160s][info][gc,metaspace   ] GC(48) Metaspace: 21266K(21504K)->21266K(21504K) NonClass: 18609K(18752K)->18609K(18752K) Class: 2657K(2752K)->2657K(2752K)
[2025-04-17T10:46:44.330+0000][4.160s][info][gc             ] GC(48) Pause Full (Metadata GC Threshold) 12M->9M(22M) 28.474ms
[2025-04-17T10:46:44.330+0000][4.160s][info][gc,cpu         ] GC(48) User=0.02s Sys=0.00s Real=0.03s
[2025-04-17T10:46:44.454+0000][4.284s][info][gc,start       ] GC(49) Pause Young (Allocation Failure)
[2025-04-17T10:46:44.458+0000][4.288s][info][gc,heap        ] GC(49) DefNew: 6336K(7104K)->316K(7104K) Eden: 6336K(6336K)->0K(6336K) From: 0K(768K)->316K(768K)
[2025-04-17T10:46:44.458+0000][4.288s][info][gc,heap        ] GC(49) Tenured: 9424K(15708K)->9424K(15708K)
[2025-04-17T10:46:44.458+0000][4.288s][info][gc,metaspace   ] GC(49) Metaspace: 21798K(22080K)->21798K(22080K) NonClass: 19060K(19200K)->19060K(19200K) Class: 2737K(2880K)->2737K(2880K)
[2025-04-17T10:46:44.458+0000][4.288s][info][gc             ] GC(49) Pause Young (Allocation Failure) 15M->9M(22M) 3.597ms
[2025-04-17T10:46:44.458+0000][4.288s][info][gc,cpu         ] GC(49) User=0.00s Sys=0.00s Real=0.00s
[2025-04-17T10:46:44.535+0000][4.365s][info][gc,start       ] GC(50) Pause Young (Allocation Failure)
[2025-04-17T10:46:44.538+0000][4.368s][info][gc,heap        ] GC(50) DefNew: 6652K(7104K)->485K(7104K) Eden: 6336K(6336K)->0K(6336K) From: 316K(768K)->485K(768K)
[2025-04-17T10:46:44.538+0000][4.368s][info][gc,heap        ] GC(50) Tenured: 9424K(15708K)->9424K(15708K)
[2025-04-17T10:46:44.538+0000][4.368s][info][gc,metaspace   ] GC(50) Metaspace: 22710K(22976K)->22710K(22976K) NonClass: 19891K(20032K)->19891K(20032K) Class: 2818K(2944K)->2818K(2944K)
[2025-04-17T10:46:44.538+0000][4.368s][info][gc             ] GC(50) Pause Young (Allocation Failure) 15M->9M(22M) 3.027ms
[2025-04-17T10:46:44.538+0000][4.368s][info][gc,cpu         ] GC(50) User=0.00s Sys=0.00s Real=0.00s
[2025-04-17T10:46:44.625+0000][4.455s][info][gc,start       ] GC(51) Pause Young (Allocation Failure)
[2025-04-17T10:46:44.628+0000][4.458s][info][gc,heap        ] GC(51) DefNew: 6821K(7104K)->284K(7104K) Eden: 6336K(6336K)->0K(6336K) From: 485K(768K)->284K(768K)
[2025-04-17T10:46:44.628+0000][4.458s][info][gc,heap        ] GC(51) Tenured: 9424K(15708K)->9731K(15708K)
[2025-04-17T10:46:44.628+0000][4.458s][info][gc,metaspace   ] GC(51) Metaspace: 23679K(24000K)->23679K(24000K) NonClass: 20772K(20928K)->20772K(20928K) Class: 2907K(3072K)->2907K(3072K)
[2025-04-17T10:46:44.628+0000][4.458s][info][gc             ] GC(51) Pause Young (Allocation Failure) 15M->9M(22M) 3.279ms
[2025-04-17T10:46:44.628+0000][4.458s][info][gc,cpu         ] GC(51) User=0.00s Sys=0.00s Real=0.00s
[2025-04-17T10:46:44.702+0000][4.532s][info][gc,start       ] GC(52) Pause Young (Allocation Failure)
[2025-04-17T10:46:44.704+0000][4.534s][info][gc,heap        ] GC(52) DefNew: 6620K(7104K)->344K(7104K) Eden: 6336K(6336K)->0K(6336K) From: 284K(768K)->344K(768K)
[2025-04-17T10:46:44.704+0000][4.534s][info][gc,heap        ] GC(52) Tenured: 9731K(15708K)->9731K(15708K)
[2025-04-17T10:46:44.704+0000][4.534s][info][gc,metaspace   ] GC(52) Metaspace: 24458K(24704K)->24458K(24704K) NonClass: 21447K(21568K)->21447K(21568K) Class: 3010K(3136K)->3010K(3136K)
[2025-04-17T10:46:44.704+0000][4.534s][info][gc             ] GC(52) Pause Young (Allocation Failure) 15M->9M(22M) 2.149ms
[2025-04-17T10:46:44.704+0000][4.534s][info][gc,cpu         ] GC(52) User=0.00s Sys=0.00s Real=0.00s
[2025-04-17T10:46:44.782+0000][4.612s][info][gc,start       ] GC(53) Pause Young (Allocation Failure)
[2025-04-17T10:46:44.785+0000][4.615s][info][gc,heap        ] GC(53) DefNew: 6680K(7104K)->508K(7104K) Eden: 6336K(6336K)->0K(6336K) From: 344K(768K)->508K(768K)
[2025-04-17T10:46:44.785+0000][4.615s][info][gc,heap        ] GC(53) Tenured: 9731K(15708K)->9731K(15708K)
[2025-04-17T10:46:44.785+0000][4.615s][info][gc,metaspace   ] GC(53) Metaspace: 25052K(25344K)->25052K(25344K) NonClass: 21943K(22080K)->21943K(22080K) Class: 3109K(3264K)->3109K(3264K)
[2025-04-17T10:46:44.785+0000][4.615s][info][gc             ] GC(53) Pause Young (Allocation Failure) 16M->10M(22M) 2.606ms
[2025-04-17T10:46:44.785+0000][4.615s][info][gc,cpu         ] GC(53) User=0.00s Sys=0.00s Real=0.01s
[2025-04-17T10:46:44.909+0000][4.739s][info][gc,start       ] GC(54) Pause Young (Allocation Failure)
[2025-04-17T10:46:44.915+0000][4.745s][info][gc,heap        ] GC(54) DefNew: 6844K(7104K)->597K(7104K) Eden: 6336K(6336K)->0K(6336K) From: 508K(768K)->597K(768K)
[2025-04-17T10:46:44.915+0000][4.745s][info][gc,heap        ] GC(54) Tenured: 9731K(15708K)->9883K(15708K)
[2025-04-17T10:46:44.915+0000][4.745s][info][gc,metaspace   ] GC(54) Metaspace: 25626K(25856K)->25626K(25856K) NonClass: 22427K(22528K)->22427K(22528K) Class: 3199K(3328K)->3199K(3328K)
[2025-04-17T10:46:44.915+0000][4.745s][info][gc             ] GC(54) Pause Young (Allocation Failure) 16M->10M(22M) 6.235ms
[2025-04-17T10:46:44.915+0000][4.745s][info][gc,cpu         ] GC(54) User=0.01s Sys=0.00s Real=0.01s
[2025-04-17T10:46:45.036+0000][4.866s][info][gc,start       ] GC(55) Pause Young (Allocation Failure)
[2025-04-17T10:46:45.042+0000][4.872s][info][gc,heap        ] GC(55) DefNew: 6933K(7104K)->637K(7104K) Eden: 6336K(6336K)->0K(6336K) From: 597K(768K)->637K(768K)
[2025-04-17T10:46:45.042+0000][4.872s][info][gc,heap        ] GC(55) Tenured: 9883K(15708K)->10222K(15708K)
[2025-04-17T10:46:45.042+0000][4.872s][info][gc,metaspace   ] GC(55) Metaspace: 26416K(26752K)->26416K(26752K) NonClass: 23128K(23296K)->23128K(23296K) Class: 3288K(3456K)->3288K(3456K)
[2025-04-17T10:46:45.042+0000][4.872s][info][gc             ] GC(55) Pause Young (Allocation Failure) 16M->10M(22M) 6.040ms
[2025-04-17T10:46:45.043+0000][4.873s][info][gc,cpu         ] GC(55) User=0.00s Sys=0.00s Real=0.00s
[2025-04-17T10:46:45.099+0000][4.929s][info][gc,start       ] GC(56) Pause Young (Allocation Failure)
[2025-04-17T10:46:45.102+0000][4.932s][info][gc,heap        ] GC(56) DefNew: 6973K(7104K)->86K(7104K) Eden: 6336K(6336K)->0K(6336K) From: 637K(768K)->86K(768K)
[2025-04-17T10:46:45.102+0000][4.932s][info][gc,heap        ] GC(56) Tenured: 10222K(15708K)->10853K(15708K)
[2025-04-17T10:46:45.102+0000][4.932s][info][gc,metaspace   ] GC(56) Metaspace: 26753K(27072K)->26753K(27072K) NonClass: 23404K(23552K)->23404K(23552K) Class: 3348K(3520K)->3348K(3520K)
[2025-04-17T10:46:45.102+0000][4.932s][info][gc             ] GC(56) Pause Young (Allocation Failure) 16M->10M(22M) 2.781ms
[2025-04-17T10:46:45.102+0000][4.932s][info][gc,cpu         ] GC(56) User=0.00s Sys=0.00s Real=0.00s
[2025-04-17T10:46:45.230+0000][5.061s][info][gc,start       ] GC(57) Pause Young (Allocation Failure)
[2025-04-17T10:46:45.234+0000][5.064s][info][gc,heap        ] GC(57) DefNew: 6422K(7104K)->399K(7104K) Eden: 6336K(6336K)->0K(6336K) From: 86K(768K)->399K(768K)
[2025-04-17T10:46:45.234+0000][5.064s][info][gc,heap        ] GC(57) Tenured: 10853K(15708K)->10853K(15708K)
[2025-04-17T10:46:45.234+0000][5.064s][info][gc,metaspace   ] GC(57) Metaspace: 27394K(27712K)->27394K(27712K) NonClass: 23967K(24128K)->23967K(24128K) Class: 3427K(3584K)->3427K(3584K)
[2025-04-17T10:46:45.234+0000][5.064s][info][gc             ] GC(57) Pause Young (Allocation Failure) 16M->10M(22M) 3.125ms
[2025-04-17T10:46:45.234+0000][5.064s][info][gc,cpu         ] GC(57) User=0.00s Sys=0.00s Real=0.00s
[2025-04-17T10:46:45.357+0000][5.188s][info][gc,start       ] GC(58) Pause Young (Allocation Failure)
[2025-04-17T10:46:45.364+0000][5.194s][info][gc,heap        ] GC(58) DefNew: 6735K(7104K)->703K(7104K) Eden: 6336K(6336K)->0K(6336K) From: 399K(768K)->703K(768K)
[2025-04-17T10:46:45.364+0000][5.194s][info][gc,heap        ] GC(58) Tenured: 10853K(15708K)->10923K(15708K)
[2025-04-17T10:46:45.364+0000][5.194s][info][gc,metaspace   ] GC(58) Metaspace: 27812K(28096K)->27812K(28096K) NonClass: 24331K(24512K)->24331K(24512K) Class: 3481K(3584K)->3481K(3584K)
[2025-04-17T10:46:45.364+0000][5.194s][info][gc             ] GC(58) Pause Young (Allocation Failure) 17M->11M(22M) 6.151ms
[2025-04-17T10:46:45.364+0000][5.194s][info][gc,cpu         ] GC(58) User=0.00s Sys=0.00s Real=0.00s
[2025-04-17T10:46:45.452+0000][5.282s][info][gc,start       ] GC(59) Pause Young (Allocation Failure)
[2025-04-17T10:46:45.459+0000][5.289s][info][gc,heap        ] GC(59) DefNew: 7039K(7104K)->404K(7104K) Eden: 6336K(6336K)->0K(6336K) From: 703K(768K)->404K(768K)
[2025-04-17T10:46:45.459+0000][5.289s][info][gc,heap        ] GC(59) Tenured: 10923K(15708K)->11594K(15708K)
[2025-04-17T10:46:45.459+0000][5.289s][info][gc,metaspace   ] GC(59) Metaspace: 28281K(28544K)->28281K(28544K) NonClass: 24730K(24896K)->24730K(24896K) Class: 3551K(3648K)->3551K(3648K)
[2025-04-17T10:46:45.459+0000][5.289s][info][gc             ] GC(59) Pause Young (Allocation Failure) 17M->11M(22M) 7.458ms
[2025-04-17T10:46:45.459+0000][5.289s][info][gc,cpu         ] GC(59) User=0.01s Sys=0.00s Real=0.01s
[2025-04-17T10:46:45.555+0000][5.385s][info][gc,start       ] GC(60) Pause Young (Allocation Failure)
[2025-04-17T10:46:45.560+0000][5.390s][info][gc,heap        ] GC(60) DefNew: 6740K(7104K)->259K(7104K) Eden: 6336K(6336K)->0K(6336K) From: 404K(768K)->259K(768K)
[2025-04-17T10:46:45.560+0000][5.390s][info][gc,heap        ] GC(60) Tenured: 11594K(15708K)->11972K(15708K)
[2025-04-17T10:46:45.560+0000][5.390s][info][gc,metaspace   ] GC(60) Metaspace: 28723K(28992K)->28723K(28992K) NonClass: 25116K(25280K)->25116K(25280K) Class: 3607K(3712K)->3607K(3712K)
[2025-04-17T10:46:45.560+0000][5.390s][info][gc             ] GC(60) Pause Young (Allocation Failure) 17M->11M(22M) 4.954ms
[2025-04-17T10:46:45.560+0000][5.390s][info][gc,cpu         ] GC(60) User=0.00s Sys=0.00s Real=0.00s
[2025-04-17T10:46:45.709+0000][5.539s][info][gc,start       ] GC(61) Pause Young (Allocation Failure)
[2025-04-17T10:46:45.712+0000][5.542s][info][gc,heap        ] GC(61) DefNew: 6595K(7104K)->563K(7104K) Eden: 6336K(6336K)->0K(6336K) From: 259K(768K)->563K(768K)
[2025-04-17T10:46:45.712+0000][5.542s][info][gc,heap        ] GC(61) Tenured: 11972K(15708K)->11972K(15708K)
[2025-04-17T10:46:45.712+0000][5.542s][info][gc,metaspace   ] GC(61) Metaspace: 29293K(29504K)->29293K(29504K) NonClass: 25612K(25728K)->25612K(25728K) Class: 3681K(3776K)->3681K(3776K)
[2025-04-17T10:46:45.712+0000][5.542s][info][gc             ] GC(61) Pause Young (Allocation Failure) 18M->12M(22M) 2.957ms
[2025-04-17T10:46:45.712+0000][5.542s][info][gc,cpu         ] GC(61) User=0.00s Sys=0.00s Real=0.00s
[2025-04-17T10:46:48.701+0000][8.531s][info][gc,start       ] GC(62) Pause Young (Allocation Failure)
[2025-04-17T10:46:48.705+0000][8.535s][info][gc,heap        ] GC(62) DefNew: 6899K(7104K)->687K(7104K) Eden: 6336K(6336K)->0K(6336K) From: 563K(768K)->687K(768K)
[2025-04-17T10:46:48.705+0000][8.535s][info][gc,heap        ] GC(62) Tenured: 11972K(15708K)->12171K(15708K)
[2025-04-17T10:46:48.705+0000][8.535s][info][gc,metaspace   ] GC(62) Metaspace: 30317K(30656K)->30317K(30656K) NonClass: 26512K(26688K)->26512K(26688K) Class: 3805K(3968K)->3805K(3968K)
[2025-04-17T10:46:48.705+0000][8.535s][info][gc             ] GC(62) Pause Young (Allocation Failure) 18M->12M(22M) 3.945ms
[2025-04-17T10:46:48.705+0000][8.535s][info][gc,cpu         ] GC(62) User=0.01s Sys=0.00s Real=0.01s
[2025-04-17T10:46:48.778+0000][8.608s][info][gc,start       ] GC(63) Pause Young (Allocation Failure)
[2025-04-17T10:46:48.782+0000][8.613s][info][gc,heap        ] GC(63) DefNew: 7003K(7104K)->634K(7104K) Eden: 6316K(6336K)->0K(6336K) From: 687K(768K)->634K(768K)
[2025-04-17T10:46:48.783+0000][8.613s][info][gc,heap        ] GC(63) Tenured: 12171K(15708K)->12477K(15708K)
[2025-04-17T10:46:48.783+0000][8.613s][info][gc,metaspace   ] GC(63) Metaspace: 30863K(31232K)->30863K(31232K) NonClass: 26992K(27200K)->26992K(27200K) Class: 3870K(4032K)->3870K(4032K)
[2025-04-17T10:46:48.783+0000][8.613s][info][gc             ] GC(63) Pause Young (Allocation Failure) 18M->12M(22M) 4.206ms
[2025-04-17T10:46:48.783+0000][8.613s][info][gc,cpu         ] GC(63) User=0.00s Sys=0.00s Real=0.00s
[2025-04-17T10:46:48.878+0000][8.709s][info][gc,start       ] GC(64) Pause Young (Allocation Failure)
[2025-04-17T10:46:48.882+0000][8.712s][info][gc,heap        ] GC(64) DefNew: 6970K(7104K)->392K(7104K) Eden: 6336K(6336K)->0K(6336K) From: 634K(768K)->392K(768K)
[2025-04-17T10:46:48.882+0000][8.712s][info][gc,heap        ] GC(64) Tenured: 12477K(15708K)->12837K(15708K)
[2025-04-17T10:46:48.882+0000][8.712s][info][gc,metaspace   ] GC(64) Metaspace: 31522K(31872K)->31522K(31872K) NonClass: 27572K(27712K)->27572K(27712K) Class: 3950K(4160K)->3950K(4160K)
[2025-04-17T10:46:48.882+0000][8.712s][info][gc             ] GC(64) Pause Young (Allocation Failure) 18M->12M(22M) 3.310ms
[2025-04-17T10:46:48.882+0000][8.712s][info][gc,cpu         ] GC(64) User=0.00s Sys=0.00s Real=0.00s
[2025-04-17T10:46:48.959+0000][8.789s][info][gc,start       ] GC(65) Pause Young (Allocation Failure)
[2025-04-17T10:46:48.961+0000][8.791s][info][gc,heap        ] GC(65) DefNew: 6728K(7104K)->290K(7104K) Eden: 6336K(6336K)->0K(6336K) From: 392K(768K)->290K(768K)
[2025-04-17T10:46:48.961+0000][8.791s][info][gc,heap        ] GC(65) Tenured: 12837K(15708K)->13019K(15708K)
[2025-04-17T10:46:48.961+0000][8.791s][info][gc,metaspace   ] GC(65) Metaspace: 31971K(32320K)->31971K(32320K) NonClass: 27937K(28096K)->27937K(28096K) Class: 4033K(4224K)->4033K(4224K)
[2025-04-17T10:46:48.961+0000][8.791s][info][gc             ] GC(65) Pause Young (Allocation Failure) 19M->12M(22M) 2.415ms
[2025-04-17T10:46:48.961+0000][8.791s][info][gc,cpu         ] GC(65) User=0.00s Sys=0.00s Real=0.00s
[2025-04-17T10:46:49.038+0000][8.869s][info][gc,start       ] GC(66) Pause Young (Allocation Failure)
[2025-04-17T10:46:49.043+0000][8.873s][info][gc,heap        ] GC(66) DefNew: 6626K(7104K)->419K(7104K) Eden: 6336K(6336K)->0K(6336K) From: 290K(768K)->419K(768K)
[2025-04-17T10:46:49.043+0000][8.873s][info][gc,heap        ] GC(66) Tenured: 13019K(15708K)->13019K(15708K)
[2025-04-17T10:46:49.043+0000][8.873s][info][gc,metaspace   ] GC(66) Metaspace: 32426K(32704K)->32426K(32704K) NonClass: 28335K(28480K)->28335K(28480K) Class: 4091K(4224K)->4091K(4224K)
[2025-04-17T10:46:49.043+0000][8.873s][info][gc             ] GC(66) Pause Young (Allocation Failure) 19M->13M(22M) 4.194ms
[2025-04-17T10:46:49.043+0000][8.873s][info][gc,cpu         ] GC(66) User=0.00s Sys=0.00s Real=0.00s
[2025-04-17T10:46:49.112+0000][8.942s][info][gc,start       ] GC(67) Pause Young (Allocation Failure)
[2025-04-17T10:46:49.116+0000][8.946s][info][gc,heap        ] GC(67) DefNew: 6755K(7104K)->286K(7104K) Eden: 6336K(6336K)->0K(6336K) From: 419K(768K)->286K(768K)
[2025-04-17T10:46:49.116+0000][8.946s][info][gc,heap        ] GC(67) Tenured: 13019K(15708K)->13177K(15708K)
[2025-04-17T10:46:49.116+0000][8.946s][info][gc,metaspace   ] GC(67) Metaspace: 33027K(33344K)->33027K(33344K) NonClass: 28852K(28992K)->28852K(28992K) Class: 4174K(4352K)->4174K(4352K)
[2025-04-17T10:46:49.116+0000][8.946s][info][gc             ] GC(67) Pause Young (Allocation Failure) 19M->13M(22M) 4.129ms
[2025-04-17T10:46:49.116+0000][8.946s][info][gc,cpu         ] GC(67) User=0.01s Sys=0.00s Real=0.01s
[2025-04-17T10:46:49.179+0000][9.009s][info][gc,start       ] GC(68) Pause Young (Allocation Failure)
[2025-04-17T10:46:49.181+0000][9.011s][info][gc,heap        ] GC(68) DefNew: 6622K(7104K)->352K(7104K) Eden: 6336K(6336K)->0K(6336K) From: 286K(768K)->352K(768K)
[2025-04-17T10:46:49.181+0000][9.011s][info][gc,heap        ] GC(68) Tenured: 13177K(15708K)->13177K(15708K)
[2025-04-17T10:46:49.181+0000][9.011s][info][gc,metaspace   ] GC(68) Metaspace: 33317K(33664K)->33317K(33664K) NonClass: 29078K(29248K)->29078K(29248K) Class: 4238K(4416K)->4238K(4416K)
[2025-04-17T10:46:49.181+0000][9.012s][info][gc             ] GC(68) Pause Young (Allocation Failure) 19M->13M(22M) 2.228ms
[2025-04-17T10:46:49.181+0000][9.012s][info][gc,cpu         ] GC(68) User=0.00s Sys=0.00s Real=0.00s
[2025-04-17T10:46:49.242+0000][9.073s][info][gc,start       ] GC(69) Pause Young (Allocation Failure)
[2025-04-17T10:46:49.245+0000][9.075s][info][gc,heap        ] GC(69) DefNew: 6688K(7104K)->406K(7104K) Eden: 6336K(6336K)->0K(6336K) From: 352K(768K)->406K(768K)
[2025-04-17T10:46:49.245+0000][9.075s][info][gc,heap        ] GC(69) Tenured: 13177K(15708K)->13177K(15708K)
[2025-04-17T10:46:49.245+0000][9.075s][info][gc,metaspace   ] GC(69) Metaspace: 33734K(34048K)->33734K(34048K) NonClass: 29435K(29568K)->29435K(29568K) Class: 4299K(4480K)->4299K(4480K)
[2025-04-17T10:46:49.245+0000][9.076s][info][gc             ] GC(69) Pause Young (Allocation Failure) 19M->13M(22M) 2.989ms
[2025-04-17T10:46:49.245+0000][9.076s][info][gc,cpu         ] GC(69) User=0.00s Sys=0.00s Real=0.01s
[2025-04-17T10:46:51.100+0000][10.930s][info][gc,start       ] GC(70) Pause Young (Allocation Failure)
[2025-04-17T10:46:51.104+0000][10.934s][info][gc,heap        ] GC(70) DefNew: 6742K(7104K)->598K(7104K) Eden: 6336K(6336K)->0K(6336K) From: 406K(768K)->598K(768K)
[2025-04-17T10:46:51.104+0000][10.934s][info][gc,heap        ] GC(70) Tenured: 13177K(15708K)->13293K(15708K)
[2025-04-17T10:46:51.104+0000][10.934s][info][gc,metaspace   ] GC(70) Metaspace: 34661K(35008K)->34661K(35008K) NonClass: 30252K(30400K)->30252K(30400K) Class: 4409K(4608K)->4409K(4608K)
[2025-04-17T10:46:51.104+0000][10.934s][info][gc             ] GC(70) Pause Young (Allocation Failure) 19M->13M(22M) 3.540ms
[2025-04-17T10:46:51.104+0000][10.934s][info][gc,cpu         ] GC(70) User=0.01s Sys=0.00s Real=0.00s
[2025-04-17T10:47:02.915+0000][22.745s][info][gc,start       ] GC(71) Pause Young (Allocation Failure)
[2025-04-17T10:47:02.919+0000][22.749s][info][gc,heap        ] GC(71) DefNew: 6934K(7104K)->737K(7104K) Eden: 6336K(6336K)->0K(6336K) From: 598K(768K)->737K(768K)
[2025-04-17T10:47:02.919+0000][22.749s][info][gc,heap        ] GC(71) Tenured: 13293K(15708K)->13558K(15708K)
[2025-04-17T10:47:02.919+0000][22.749s][info][gc,metaspace   ] GC(71) Metaspace: 35022K(35392K)->35022K(35392K) NonClass: 30610K(30784K)->30610K(30784K) Class: 4412K(4608K)->4412K(4608K)
[2025-04-17T10:47:02.919+0000][22.749s][info][gc             ] GC(71) Pause Young (Allocation Failure) 19M->13M(22M) 4.151ms
[2025-04-17T10:47:02.919+0000][22.749s][info][gc,cpu         ] GC(71) User=0.00s Sys=0.00s Real=0.00s
[2025-04-17T10:47:09.760+0000][29.590s][info][gc,start       ] GC(72) Pause Young (Allocation Failure)
[2025-04-17T10:47:09.763+0000][29.593s][info][gc,heap        ] GC(72) DefNew: 7073K(7104K)->182K(7104K) Eden: 6336K(6336K)->0K(6336K) From: 737K(768K)->182K(768K)
[2025-04-17T10:47:09.763+0000][29.593s][info][gc,heap        ] GC(72) Tenured: 13558K(15708K)->14224K(15708K)
[2025-04-17T10:47:09.763+0000][29.593s][info][gc,metaspace   ] GC(72) Metaspace: 35239K(35648K)->35239K(35648K) NonClass: 30826K(31040K)->30826K(31040K) Class: 4412K(4608K)->4412K(4608K)
[2025-04-17T10:47:09.763+0000][29.593s][info][gc             ] GC(72) Pause Young (Allocation Failure) 20M->14M(22M) 3.036ms
[2025-04-17T10:47:09.763+0000][29.593s][info][gc,cpu         ] GC(72) User=0.00s Sys=0.00s Real=0.00s
[2025-04-17T10:47:14.205+0000][34.035s][info][gc,start       ] GC(73) Pause Young (Allocation Failure)
[2025-04-17T10:47:14.207+0000][34.038s][info][gc,heap        ] GC(73) DefNew: 6518K(7104K)->247K(7104K) Eden: 6336K(6336K)->0K(6336K) From: 182K(768K)->247K(768K)
[2025-04-17T10:47:14.207+0000][34.038s][info][gc,heap        ] GC(73) Tenured: 14224K(15708K)->14224K(15708K)
[2025-04-17T10:47:14.207+0000][34.038s][info][gc,metaspace   ] GC(73) Metaspace: 35451K(35840K)->35451K(35840K) NonClass: 31038K(31232K)->31038K(31232K) Class: 4412K(4608K)->4412K(4608K)
[2025-04-17T10:47:14.207+0000][34.038s][info][gc             ] GC(73) Pause Young (Allocation Failure) 20M->14M(22M) 2.382ms
[2025-04-17T10:47:14.207+0000][34.038s][info][gc,cpu         ] GC(73) User=0.01s Sys=0.00s Real=0.00s
[2025-04-17T10:47:15.612+0000][35.442s][info][gc,start       ] GC(74) Pause Full (Metadata GC Threshold)
[2025-04-17T10:47:15.612+0000][35.442s][info][gc,phases,start] GC(74) Phase 1: Mark live objects
[2025-04-17T10:47:15.635+0000][35.465s][info][gc,phases      ] GC(74) Phase 1: Mark live objects 22.205ms
[2025-04-17T10:47:15.635+0000][35.465s][info][gc,phases,start] GC(74) Phase 2: Compute new object addresses
[2025-04-17T10:47:15.640+0000][35.470s][info][gc,phases      ] GC(74) Phase 2: Compute new object addresses 5.279ms
[2025-04-17T10:47:15.640+0000][35.470s][info][gc,phases,start] GC(74) Phase 3: Adjust pointers
[2025-04-17T10:47:15.654+0000][35.484s][info][gc,phases      ] GC(74) Phase 3: Adjust pointers 13.804ms
[2025-04-17T10:47:15.654+0000][35.484s][info][gc,phases,start] GC(74) Phase 4: Move objects
[2025-04-17T10:47:15.657+0000][35.487s][info][gc,phases      ] GC(74) Phase 4: Move objects 2.768ms
[2025-04-17T10:47:15.657+0000][35.487s][info][gc,heap        ] GC(74) DefNew: 3101K(7104K)->0K(10176K) Eden: 2854K(6336K)->0K(9088K) From: 247K(768K)->0K(1088K)
[2025-04-17T10:47:15.657+0000][35.487s][info][gc,heap        ] GC(74) Tenured: 14224K(15708K)->13478K(22468K)
[2025-04-17T10:47:15.657+0000][35.487s][info][gc,metaspace   ] GC(74) Metaspace: 35495K(35840K)->35495K(35840K) NonClass: 31083K(31232K)->31083K(31232K) Class: 4412K(4608K)->4412K(4608K)
[2025-04-17T10:47:15.657+0000][35.487s][info][gc             ] GC(74) Pause Full (Metadata GC Threshold) 16M->13M(31M) 44.725ms
[2025-04-17T10:47:15.657+0000][35.487s][info][gc,cpu         ] GC(74) User=0.04s Sys=0.00s Real=0.05s
[2025-04-17T10:47:21.522+0000][41.353s][info][gc,start       ] GC(75) Pause Young (Allocation Failure)
[2025-04-17T10:47:21.524+0000][41.354s][info][gc,heap        ] GC(75) DefNew: 9088K(10176K)->116K(10176K) Eden: 9088K(9088K)->0K(9088K) From: 0K(1088K)->116K(1088K)
[2025-04-17T10:47:21.524+0000][41.354s][info][gc,heap        ] GC(75) Tenured: 13478K(22468K)->13478K(22468K)
[2025-04-17T10:47:21.524+0000][41.354s][info][gc,metaspace   ] GC(75) Metaspace: 35629K(35968K)->35629K(35968K) NonClass: 31216K(31360K)->31216K(31360K) Class: 4413K(4608K)->4413K(4608K)
[2025-04-17T10:47:21.524+0000][41.354s][info][gc             ] GC(75) Pause Young (Allocation Failure) 22M->13M(31M) 1.671ms
[2025-04-17T10:47:21.524+0000][41.354s][info][gc,cpu         ] GC(75) User=0.00s Sys=0.00s Real=0.01s
[2025-04-17T10:47:26.300+0000][46.130s][info][gc,start       ] GC(76) Pause Young (Allocation Failure)
[2025-04-17T10:47:26.302+0000][46.132s][info][gc,heap        ] GC(76) DefNew: 9204K(10176K)->247K(10176K) Eden: 9088K(9088K)->0K(9088K) From: 116K(1088K)->247K(1088K)
[2025-04-17T10:47:26.302+0000][46.132s][info][gc,heap        ] GC(76) Tenured: 13478K(22468K)->13478K(22468K)
[2025-04-17T10:47:26.302+0000][46.132s][info][gc,metaspace   ] GC(76) Metaspace: 35750K(36096K)->35750K(36096K) NonClass: 31336K(31488K)->31336K(31488K) Class: 4413K(4608K)->4413K(4608K)
[2025-04-17T10:47:26.302+0000][46.132s][info][gc             ] GC(76) Pause Young (Allocation Failure) 22M->13M(31M) 1.623ms
[2025-04-17T10:47:26.302+0000][46.132s][info][gc,cpu         ] GC(76) User=0.00s Sys=0.00s Real=0.00s
[2025-04-17T10:47:30.401+0000][50.232s][info][gc,start       ] GC(77) Pause Young (Allocation Failure)
[2025-04-17T10:47:30.403+0000][50.234s][info][gc,heap        ] GC(77) DefNew: 9330K(10176K)->281K(10176K) Eden: 9082K(9088K)->0K(9088K) From: 247K(1088K)->281K(1088K)
[2025-04-17T10:47:30.403+0000][50.234s][info][gc,heap        ] GC(77) Tenured: 13478K(22468K)->13478K(22468K)
[2025-04-17T10:47:30.403+0000][50.234s][info][gc,metaspace   ] GC(77) Metaspace: 35874K(36224K)->35874K(36224K) NonClass: 31460K(31616K)->31460K(31616K) Class: 4413K(4608K)->4413K(4608K)
[2025-04-17T10:47:30.403+0000][50.234s][info][gc             ] GC(77) Pause Young (Allocation Failure) 22M->13M(31M) 2.002ms
[2025-04-17T10:47:30.403+0000][50.234s][info][gc,cpu         ] GC(77) User=0.00s Sys=0.00s Real=0.00s
[2025-04-17T10:47:34.502+0000][54.332s][info][gc,start       ] GC(78) Pause Young (Allocation Failure)
[2025-04-17T10:47:34.504+0000][54.334s][info][gc,heap        ] GC(78) DefNew: 9369K(10176K)->288K(10176K) Eden: 9088K(9088K)->0K(9088K) From: 281K(1088K)->288K(1088K)
[2025-04-17T10:47:34.504+0000][54.334s][info][gc,heap        ] GC(78) Tenured: 13478K(22468K)->13478K(22468K)
[2025-04-17T10:47:34.504+0000][54.334s][info][gc,metaspace   ] GC(78) Metaspace: 35929K(36288K)->35929K(36288K) NonClass: 31515K(31680K)->31515K(31680K) Class: 4413K(4608K)->4413K(4608K)
[2025-04-17T10:47:34.504+0000][54.334s][info][gc             ] GC(78) Pause Young (Allocation Failure) 22M->13M(31M) 1.862ms
[2025-04-17T10:47:34.504+0000][54.334s][info][gc,cpu         ] GC(78) User=0.00s Sys=0.00s Real=0.00s
[2025-04-17T10:47:37.932+0000][57.762s][info][gc,start       ] GC(79) Pause Young (Allocation Failure)
[2025-04-17T10:47:37.934+0000][57.764s][info][gc,heap        ] GC(79) DefNew: 9376K(10176K)->345K(10176K) Eden: 9087K(9088K)->0K(9088K) From: 288K(1088K)->345K(1088K)
[2025-04-17T10:47:37.934+0000][57.764s][info][gc,heap        ] GC(79) Tenured: 13478K(22468K)->13478K(22468K)
[2025-04-17T10:47:37.934+0000][57.764s][info][gc,metaspace   ] GC(79) Metaspace: 36195K(36544K)->36195K(36544K) NonClass: 31781K(31936K)->31781K(31936K) Class: 4413K(4608K)->4413K(4608K)
[2025-04-17T10:47:37.934+0000][57.764s][info][gc             ] GC(79) Pause Young (Allocation Failure) 22M->13M(31M) 1.765ms
[2025-04-17T10:47:37.934+0000][57.764s][info][gc,cpu         ] GC(79) User=0.00s Sys=0.00s Real=0.01s
[2025-04-17T10:47:41.059+0000][60.890s][info][gc,start       ] GC(80) Pause Young (Allocation Failure)
[2025-04-17T10:47:41.061+0000][60.891s][info][gc,heap        ] GC(80) DefNew: 9433K(10176K)->365K(10176K) Eden: 9088K(9088K)->0K(9088K) From: 345K(1088K)->365K(1088K)
[2025-04-17T10:47:41.061+0000][60.891s][info][gc,heap        ] GC(80) Tenured: 13478K(22468K)->13478K(22468K)
[2025-04-17T10:47:41.061+0000][60.891s][info][gc,metaspace   ] GC(80) Metaspace: 36226K(36608K)->36226K(36608K) NonClass: 31812K(32000K)->31812K(32000K) Class: 4413K(4608K)->4413K(4608K)
[2025-04-17T10:47:41.061+0000][60.891s][info][gc             ] GC(80) Pause Young (Allocation Failure) 22M->13M(31M) 1.809ms
[2025-04-17T10:47:41.061+0000][60.891s][info][gc,cpu         ] GC(80) User=0.00s Sys=0.00s Real=0.00s
[2025-04-17T10:47:44.662+0000][64.492s][info][gc,start       ] GC(81) Pause Young (Allocation Failure)
[2025-04-17T10:47:44.664+0000][64.494s][info][gc,heap        ] GC(81) DefNew: 9453K(10176K)->375K(10176K) Eden: 9088K(9088K)->0K(9088K) From: 365K(1088K)->375K(1088K)
[2025-04-17T10:47:44.664+0000][64.494s][info][gc,heap        ] GC(81) Tenured: 13478K(22468K)->13478K(22468K)
[2025-04-17T10:47:44.664+0000][64.494s][info][gc,metaspace   ] GC(81) Metaspace: 36271K(36672K)->36271K(36672K) NonClass: 31857K(32064K)->31857K(32064K) Class: 4413K(4608K)->4413K(4608K)
[2025-04-17T10:47:44.664+0000][64.494s][info][gc             ] GC(81) Pause Young (Allocation Failure) 22M->13M(31M) 2.061ms
[2025-04-17T10:47:44.664+0000][64.494s][info][gc,cpu         ] GC(81) User=0.00s Sys=0.00s Real=0.00s
[2025-04-17T10:47:47.582+0000][67.412s][info][gc,start       ] GC(82) Pause Young (Allocation Failure)
[2025-04-17T10:47:47.585+0000][67.415s][info][gc,heap        ] GC(82) DefNew: 9463K(10176K)->413K(10176K) Eden: 9088K(9088K)->0K(9088K) From: 375K(1088K)->413K(1088K)
[2025-04-17T10:47:47.585+0000][67.415s][info][gc,heap        ] GC(82) Tenured: 13478K(22468K)->13478K(22468K)
[2025-04-17T10:47:47.585+0000][67.415s][info][gc,metaspace   ] GC(82) Metaspace: 36304K(36672K)->36304K(36672K) NonClass: 31890K(32064K)->31890K(32064K) Class: 4414K(4608K)->4414K(4608K)
[2025-04-17T10:47:47.585+0000][67.415s][info][gc             ] GC(82) Pause Young (Allocation Failure) 22M->13M(31M) 2.756ms
[2025-04-17T10:47:47.586+0000][67.416s][info][gc,cpu         ] GC(82) User=0.00s Sys=0.00s Real=0.01s
[2025-04-17T10:47:50.639+0000][70.469s][info][gc,start       ] GC(83) Pause Young (Allocation Failure)
[2025-04-17T10:47:50.641+0000][70.471s][info][gc,heap        ] GC(83) DefNew: 9501K(10176K)->421K(10176K) Eden: 9088K(9088K)->0K(9088K) From: 413K(1088K)->421K(1088K)
[2025-04-17T10:47:50.641+0000][70.471s][info][gc,heap        ] GC(83) Tenured: 13478K(22468K)->13478K(22468K)
[2025-04-17T10:47:50.641+0000][70.471s][info][gc,metaspace   ] GC(83) Metaspace: 36388K(36736K)->36388K(36736K) NonClass: 31974K(32128K)->31974K(32128K) Class: 4414K(4608K)->4414K(4608K)
[2025-04-17T10:47:50.641+0000][70.471s][info][gc             ] GC(83) Pause Young (Allocation Failure) 22M->13M(31M) 1.825ms
[2025-04-17T10:47:50.641+0000][70.472s][info][gc,cpu         ] GC(83) User=0.00s Sys=0.00s Real=0.00s
[2025-04-17T10:47:53.433+0000][73.263s][info][gc,start       ] GC(84) Pause Young (Allocation Failure)
[2025-04-17T10:47:53.435+0000][73.265s][info][gc,heap        ] GC(84) DefNew: 9509K(10176K)->431K(10176K) Eden: 9088K(9088K)->0K(9088K) From: 421K(1088K)->431K(1088K)
[2025-04-17T10:47:53.435+0000][73.265s][info][gc,heap        ] GC(84) Tenured: 13478K(22468K)->13478K(22468K)
[2025-04-17T10:47:53.435+0000][73.265s][info][gc,metaspace   ] GC(84) Metaspace: 36392K(36736K)->36392K(36736K) NonClass: 31978K(32128K)->31978K(32128K) Class: 4414K(4608K)->4414K(4608K)
[2025-04-17T10:47:53.435+0000][73.265s][info][gc             ] GC(84) Pause Young (Allocation Failure) 22M->13M(31M) 1.808ms
[2025-04-17T10:47:53.435+0000][73.265s][info][gc,cpu         ] GC(84) User=0.00s Sys=0.00s Real=0.01s
[2025-04-17T10:47:56.479+0000][76.309s][info][gc,start       ] GC(85) Pause Young (Allocation Failure)
[2025-04-17T10:47:56.481+0000][76.311s][info][gc,heap        ] GC(85) DefNew: 9519K(10176K)->470K(10176K) Eden: 9088K(9088K)->0K(9088K) From: 431K(1088K)->470K(1088K)
[2025-04-17T10:47:56.481+0000][76.311s][info][gc,heap        ] GC(85) Tenured: 13478K(22468K)->13478K(22468K)
[2025-04-17T10:47:56.481+0000][76.311s][info][gc,metaspace   ] GC(85) Metaspace: 36403K(36736K)->36403K(36736K) NonClass: 31989K(32128K)->31989K(32128K) Class: 4414K(4608K)->4414K(4608K)
[2025-04-17T10:47:56.481+0000][76.311s][info][gc             ] GC(85) Pause Young (Allocation Failure) 22M->13M(31M) 2.128ms
[2025-04-17T10:47:56.481+0000][76.311s][info][gc,cpu         ] GC(85) User=0.00s Sys=0.00s Real=0.00s
[2025-04-17T10:47:58.728+0000][78.558s][info][gc,start       ] GC(86) Pause Young (Allocation Failure)
[2025-04-17T10:47:58.730+0000][78.560s][info][gc,heap        ] GC(86) DefNew: 9550K(10176K)->480K(10176K) Eden: 9080K(9088K)->0K(9088K) From: 470K(1088K)->480K(1088K)
[2025-04-17T10:47:58.730+0000][78.560s][info][gc,heap        ] GC(86) Tenured: 13478K(22468K)->13478K(22468K)
[2025-04-17T10:47:58.730+0000][78.560s][info][gc,metaspace   ] GC(86) Metaspace: 36962K(37312K)->36962K(37312K) NonClass: 32548K(32704K)->32548K(32704K) Class: 4414K(4608K)->4414K(4608K)
[2025-04-17T10:47:58.730+0000][78.560s][info][gc             ] GC(86) Pause Young (Allocation Failure) 22M->13M(31M) 1.900ms
[2025-04-17T10:47:58.730+0000][78.560s][info][gc,cpu         ] GC(86) User=0.00s Sys=0.00s Real=0.00s
[2025-04-17T10:48:01.452+0000][81.282s][info][gc,start       ] GC(87) Pause Young (Allocation Failure)
[2025-04-17T10:48:01.454+0000][81.284s][info][gc,heap        ] GC(87) DefNew: 9566K(10176K)->489K(10176K) Eden: 9085K(9088K)->0K(9088K) From: 480K(1088K)->489K(1088K)
[2025-04-17T10:48:01.454+0000][81.284s][info][gc,heap        ] GC(87) Tenured: 13478K(22468K)->13478K(22468K)
[2025-04-17T10:48:01.454+0000][81.284s][info][gc,metaspace   ] GC(87) Metaspace: 36973K(37312K)->36973K(37312K) NonClass: 32559K(32704K)->32559K(32704K) Class: 4414K(4608K)->4414K(4608K)
[2025-04-17T10:48:01.454+0000][81.284s][info][gc             ] GC(87) Pause Young (Allocation Failure) 22M->13M(31M) 1.965ms
[2025-04-17T10:48:01.454+0000][81.284s][info][gc,cpu         ] GC(87) User=0.01s Sys=0.00s Real=0.00s
[2025-04-17T10:48:03.782+0000][83.612s][info][gc,start       ] GC(88) Pause Young (Allocation Failure)
[2025-04-17T10:48:03.784+0000][83.614s][info][gc,heap        ] GC(88) DefNew: 9562K(10176K)->530K(10176K) Eden: 9072K(9088K)->0K(9088K) From: 489K(1088K)->530K(1088K)
[2025-04-17T10:48:03.784+0000][83.614s][info][gc,heap        ] GC(88) Tenured: 13478K(22468K)->13478K(22468K)
[2025-04-17T10:48:03.784+0000][83.614s][info][gc,metaspace   ] GC(88) Metaspace: 36999K(37312K)->36999K(37312K) NonClass: 32585K(32704K)->32585K(32704K) Class: 4414K(4608K)->4414K(4608K)
[2025-04-17T10:48:03.784+0000][83.614s][info][gc             ] GC(88) Pause Young (Allocation Failure) 22M->13M(31M) 2.068ms
[2025-04-17T10:48:03.784+0000][83.614s][info][gc,cpu         ] GC(88) User=0.00s Sys=0.00s Real=0.00s
[2025-04-17T10:48:06.045+0000][85.875s][info][gc,start       ] GC(89) Pause Young (Allocation Failure)
[2025-04-17T10:48:06.047+0000][85.877s][info][gc,heap        ] GC(89) DefNew: 9618K(10176K)->555K(10176K) Eden: 9087K(9088K)->0K(9088K) From: 530K(1088K)->555K(1088K)
[2025-04-17T10:48:06.047+0000][85.877s][info][gc,heap        ] GC(89) Tenured: 13478K(22468K)->13478K(22468K)
[2025-04-17T10:48:06.047+0000][85.877s][info][gc,metaspace   ] GC(89) Metaspace: 36999K(37312K)->36999K(37312K) NonClass: 32585K(32704K)->32585K(32704K) Class: 4414K(4608K)->4414K(4608K)
[2025-04-17T10:48:06.047+0000][85.877s][info][gc             ] GC(89) Pause Young (Allocation Failure) 22M->13M(31M) 2.069ms
[2025-04-17T10:48:06.047+0000][85.877s][info][gc,cpu         ] GC(89) User=0.00s Sys=0.00s Real=0.00s
[2025-04-17T10:48:08.622+0000][88.452s][info][gc,start       ] GC(90) Pause Young (Allocation Failure)
[2025-04-17T10:48:08.624+0000][88.454s][info][gc,heap        ] GC(90) DefNew: 9643K(10176K)->531K(10176K) Eden: 9088K(9088K)->0K(9088K) From: 555K(1088K)->531K(1088K)
[2025-04-17T10:48:08.624+0000][88.454s][info][gc,heap        ] GC(90) Tenured: 13478K(22468K)->13521K(22468K)
[2025-04-17T10:48:08.624+0000][88.454s][info][gc,metaspace   ] GC(90) Metaspace: 37022K(37440K)->37022K(37440K) NonClass: 32608K(32832K)->32608K(32832K) Class: 4414K(4608K)->4414K(4608K)
[2025-04-17T10:48:08.624+0000][88.454s][info][gc             ] GC(90) Pause Young (Allocation Failure) 22M->13M(31M) 2.113ms
[2025-04-17T10:48:08.624+0000][88.454s][info][gc,cpu         ] GC(90) User=0.01s Sys=0.00s Real=0.00s
[2025-04-17T10:48:10.914+0000][90.744s][info][gc,start       ] GC(91) Pause Young (Allocation Failure)
[2025-04-17T10:48:10.916+0000][90.747s][info][gc,heap        ] GC(91) DefNew: 9619K(10176K)->431K(10176K) Eden: 9088K(9088K)->0K(9088K) From: 531K(1088K)->431K(1088K)
[2025-04-17T10:48:10.916+0000][90.747s][info][gc,heap        ] GC(91) Tenured: 13521K(22468K)->13640K(22468K)
[2025-04-17T10:48:10.916+0000][90.747s][info][gc,metaspace   ] GC(91) Metaspace: 37022K(37440K)->37022K(37440K) NonClass: 32608K(32832K)->32608K(32832K) Class: 4414K(4608K)->4414K(4608K)
[2025-04-17T10:48:10.917+0000][90.747s][info][gc             ] GC(91) Pause Young (Allocation Failure) 22M->13M(31M) 2.210ms
[2025-04-17T10:48:10.917+0000][90.747s][info][gc,cpu         ] GC(91) User=0.00s Sys=0.00s Real=0.00s
[2025-04-17T10:48:13.028+0000][92.858s][info][gc,start       ] GC(92) Pause Young (Allocation Failure)
[2025-04-17T10:48:13.029+0000][92.860s][info][gc,heap        ] GC(92) DefNew: 9519K(10176K)->410K(10176K) Eden: 9088K(9088K)->0K(9088K) From: 431K(1088K)->410K(1088K)
[2025-04-17T10:48:13.029+0000][92.860s][info][gc,heap        ] GC(92) Tenured: 13640K(22468K)->13678K(22468K)
[2025-04-17T10:48:13.029+0000][92.860s][info][gc,metaspace   ] GC(92) Metaspace: 37024K(37440K)->37024K(37440K) NonClass: 32609K(32832K)->32609K(32832K) Class: 4414K(4608K)->4414K(4608K)
[2025-04-17T10:48:13.029+0000][92.860s][info][gc             ] GC(92) Pause Young (Allocation Failure) 22M->13M(31M) 1.908ms
[2025-04-17T10:48:13.030+0000][92.860s][info][gc,cpu         ] GC(92) User=0.00s Sys=0.00s Real=0.00s
[2025-04-17T10:48:15.125+0000][94.955s][info][gc,start       ] GC(93) Pause Young (Allocation Failure)
[2025-04-17T10:48:15.127+0000][94.957s][info][gc,heap        ] GC(93) DefNew: 9498K(10176K)->415K(10176K) Eden: 9087K(9088K)->0K(9088K) From: 410K(1088K)->415K(1088K)
[2025-04-17T10:48:15.127+0000][94.957s][info][gc,heap        ] GC(93) Tenured: 13678K(22468K)->13699K(22468K)
[2025-04-17T10:48:15.127+0000][94.957s][info][gc,metaspace   ] GC(93) Metaspace: 37057K(37440K)->37057K(37440K) NonClass: 32642K(32832K)->32642K(32832K) Class: 4415K(4608K)->4415K(4608K)
[2025-04-17T10:48:15.127+0000][94.957s][info][gc             ] GC(93) Pause Young (Allocation Failure) 22M->13M(31M) 1.975ms
[2025-04-17T10:48:15.127+0000][94.957s][info][gc,cpu         ] GC(93) User=0.00s Sys=0.00s Real=0.00s
[2025-04-17T10:48:17.299+0000][97.129s][info][gc,start       ] GC(94) Pause Young (Allocation Failure)
[2025-04-17T10:48:17.301+0000][97.131s][info][gc,heap        ] GC(94) DefNew: 9493K(10176K)->410K(10176K) Eden: 9078K(9088K)->0K(9088K) From: 415K(1088K)->410K(1088K)
[2025-04-17T10:48:17.301+0000][97.131s][info][gc,heap        ] GC(94) Tenured: 13699K(22468K)->13738K(22468K)
[2025-04-17T10:48:17.301+0000][97.131s][info][gc,metaspace   ] GC(94) Metaspace: 37058K(37440K)->37058K(37440K) NonClass: 32642K(32832K)->32642K(32832K) Class: 4415K(4608K)->4415K(4608K)
[2025-04-17T10:48:17.301+0000][97.131s][info][gc             ] GC(94) Pause Young (Allocation Failure) 22M->13M(31M) 2.014ms
[2025-04-17T10:48:17.301+0000][97.131s][info][gc,cpu         ] GC(94) User=0.00s Sys=0.00s Real=0.00s
[2025-04-17T10:48:19.409+0000][99.239s][info][gc,start       ] GC(95) Pause Young (Allocation Failure)
[2025-04-17T10:48:19.411+0000][99.241s][info][gc,heap        ] GC(95) DefNew: 9498K(10176K)->396K(10176K) Eden: 9088K(9088K)->0K(9088K) From: 410K(1088K)->396K(1088K)
[2025-04-17T10:48:19.411+0000][99.241s][info][gc,heap        ] GC(95) Tenured: 13738K(22468K)->13757K(22468K)
[2025-04-17T10:48:19.411+0000][99.241s][info][gc,metaspace   ] GC(95) Metaspace: 37058K(37440K)->37058K(37440K) NonClass: 32642K(32832K)->32642K(32832K) Class: 4415K(4608K)->4415K(4608K)
[2025-04-17T10:48:19.411+0000][99.241s][info][gc             ] GC(95) Pause Young (Allocation Failure) 22M->13M(31M) 1.661ms
[2025-04-17T10:48:19.411+0000][99.242s][info][gc,cpu         ] GC(95) User=0.00s Sys=0.00s Real=0.00s
[2025-04-17T10:48:21.329+0000][101.159s][info][gc,start       ] GC(96) Pause Young (Allocation Failure)
[2025-04-17T10:48:21.331+0000][101.161s][info][gc,heap        ] GC(96) DefNew: 9484K(10176K)->381K(10176K) Eden: 9088K(9088K)->0K(9088K) From: 396K(1088K)->381K(1088K)
[2025-04-17T10:48:21.331+0000][101.161s][info][gc,heap        ] GC(96) Tenured: 13757K(22468K)->13776K(22468K)
[2025-04-17T10:48:21.331+0000][101.161s][info][gc,metaspace   ] GC(96) Metaspace: 37061K(37440K)->37061K(37440K) NonClass: 32645K(32832K)->32645K(32832K) Class: 4415K(4608K)->4415K(4608K)
[2025-04-17T10:48:21.331+0000][101.161s][info][gc             ] GC(96) Pause Young (Allocation Failure) 22M->13M(31M) 1.948ms
[2025-04-17T10:48:21.331+0000][101.161s][info][gc,cpu         ] GC(96) User=0.00s Sys=0.00s Real=0.00s
[2025-04-17T10:48:23.221+0000][103.051s][info][gc,start       ] GC(97) Pause Young (Allocation Failure)
[2025-04-17T10:48:23.223+0000][103.053s][info][gc,heap        ] GC(97) DefNew: 9469K(10176K)->373K(10176K) Eden: 9088K(9088K)->0K(9088K) From: 381K(1088K)->373K(1088K)
[2025-04-17T10:48:23.223+0000][103.053s][info][gc,heap        ] GC(97) Tenured: 13776K(22468K)->13813K(22468K)
[2025-04-17T10:48:23.223+0000][103.053s][info][gc,metaspace   ] GC(97) Metaspace: 37087K(37440K)->37087K(37440K) NonClass: 32671K(32832K)->32671K(32832K) Class: 4415K(4608K)->4415K(4608K)
[2025-04-17T10:48:23.223+0000][103.053s][info][gc             ] GC(97) Pause Young (Allocation Failure) 22M->13M(31M) 1.684ms
[2025-04-17T10:48:23.223+0000][103.053s][info][gc,cpu         ] GC(97) User=0.01s Sys=0.00s Real=0.00s
[2025-04-17T10:48:25.211+0000][105.041s][info][gc,start       ] GC(98) Pause Young (Allocation Failure)
[2025-04-17T10:48:25.212+0000][105.042s][info][gc,heap        ] GC(98) DefNew: 9461K(10176K)->356K(10176K) Eden: 9087K(9088K)->0K(9088K) From: 373K(1088K)->356K(1088K)
[2025-04-17T10:48:25.212+0000][105.042s][info][gc,heap        ] GC(98) Tenured: 13813K(22468K)->13831K(22468K)
[2025-04-17T10:48:25.212+0000][105.042s][info][gc,metaspace   ] GC(98) Metaspace: 37088K(37440K)->37088K(37440K) NonClass: 32672K(32832K)->32672K(32832K) Class: 4415K(4608K)->4415K(4608K)
[2025-04-17T10:48:25.212+0000][105.042s][info][gc             ] GC(98) Pause Young (Allocation Failure) 22M->13M(31M) 1.837ms
[2025-04-17T10:48:25.212+0000][105.042s][info][gc,cpu         ] GC(98) User=0.01s Sys=0.00s Real=0.00s
[2025-04-17T10:48:27.112+0000][106.942s][info][gc,start       ] GC(99) Pause Young (Allocation Failure)
[2025-04-17T10:48:27.113+0000][106.944s][info][gc,heap        ] GC(99) DefNew: 9444K(10176K)->352K(10176K) Eden: 9088K(9088K)->0K(9088K) From: 356K(1088K)->352K(1088K)
[2025-04-17T10:48:27.113+0000][106.944s][info][gc,heap        ] GC(99) Tenured: 13831K(22468K)->13849K(22468K)
[2025-04-17T10:48:27.113+0000][106.944s][info][gc,metaspace   ] GC(99) Metaspace: 37088K(37440K)->37088K(37440K) NonClass: 32672K(32832K)->32672K(32832K) Class: 4415K(4608K)->4415K(4608K)
[2025-04-17T10:48:27.113+0000][106.944s][info][gc             ] GC(99) Pause Young (Allocation Failure) 22M->13M(31M) 1.719ms
[2025-04-17T10:48:27.113+0000][106.944s][info][gc,cpu         ] GC(99) User=0.00s Sys=0.00s Real=0.00s
[2025-04-17T10:48:29.214+0000][109.044s][info][gc,start       ] GC(100) Pause Young (Allocation Failure)
[2025-04-17T10:48:29.217+0000][109.047s][info][gc,heap        ] GC(100) DefNew: 9440K(10176K)->364K(10176K) Eden: 9088K(9088K)->0K(9088K) From: 352K(1088K)->364K(1088K)
[2025-04-17T10:48:29.217+0000][109.047s][info][gc,heap        ] GC(100) Tenured: 13849K(22468K)->13872K(22468K)
[2025-04-17T10:48:29.217+0000][109.047s][info][gc,metaspace   ] GC(100) Metaspace: 37132K(37504K)->37132K(37504K) NonClass: 32716K(32896K)->32716K(32896K) Class: 4415K(4608K)->4415K(4608K)
[2025-04-17T10:48:29.218+0000][109.048s][info][gc             ] GC(100) Pause Young (Allocation Failure) 22M->13M(31M) 3.969ms
[2025-04-17T10:48:29.218+0000][109.048s][info][gc,cpu         ] GC(100) User=0.01s Sys=0.00s Real=0.00s
[2025-04-17T10:48:31.031+0000][110.861s][info][gc,start       ] GC(101) Pause Young (Allocation Failure)
[2025-04-17T10:48:31.033+0000][110.863s][info][gc,heap        ] GC(101) DefNew: 9452K(10176K)->343K(10176K) Eden: 9088K(9088K)->0K(9088K) From: 364K(1088K)->343K(1088K)
[2025-04-17T10:48:31.033+0000][110.863s][info][gc,heap        ] GC(101) Tenured: 13872K(22468K)->13889K(22468K)
[2025-04-17T10:48:31.033+0000][110.863s][info][gc,metaspace   ] GC(101) Metaspace: 37132K(37504K)->37132K(37504K) NonClass: 32716K(32896K)->32716K(32896K) Class: 4416K(4608K)->4416K(4608K)
[2025-04-17T10:48:31.033+0000][110.863s][info][gc             ] GC(101) Pause Young (Allocation Failure) 22M->13M(31M) 2.032ms
[2025-04-17T10:48:31.033+0000][110.863s][info][gc,cpu         ] GC(101) User=0.01s Sys=0.00s Real=0.00s
[2025-04-17T10:48:32.853+0000][112.683s][info][gc,start       ] GC(102) Pause Young (Allocation Failure)
[2025-04-17T10:48:32.855+0000][112.685s][info][gc,heap        ] GC(102) DefNew: 9431K(10176K)->342K(10176K) Eden: 9088K(9088K)->0K(9088K) From: 343K(1088K)->342K(1088K)
[2025-04-17T10:48:32.855+0000][112.685s][info][gc,heap        ] GC(102) Tenured: 13889K(22468K)->13908K(22468K)
[2025-04-17T10:48:32.855+0000][112.685s][info][gc,metaspace   ] GC(102) Metaspace: 37132K(37504K)->37132K(37504K) NonClass: 32716K(32896K)->32716K(32896K) Class: 4416K(4608K)->4416K(4608K)
[2025-04-17T10:48:32.855+0000][112.685s][info][gc             ] GC(102) Pause Young (Allocation Failure) 22M->13M(31M) 1.936ms
[2025-04-17T10:48:32.855+0000][112.685s][info][gc,cpu         ] GC(102) User=0.00s Sys=0.00s Real=0.01s
[2025-04-17T10:48:34.727+0000][114.557s][info][gc,start       ] GC(103) Pause Young (Allocation Failure)
[2025-04-17T10:48:34.728+0000][114.559s][info][gc,heap        ] GC(103) DefNew: 9430K(10176K)->322K(10176K) Eden: 9088K(9088K)->0K(9088K) From: 342K(1088K)->322K(1088K)
[2025-04-17T10:48:34.728+0000][114.559s][info][gc,heap        ] GC(103) Tenured: 13908K(22468K)->13926K(22468K)
[2025-04-17T10:48:34.728+0000][114.559s][info][gc,metaspace   ] GC(103) Metaspace: 37132K(37504K)->37132K(37504K) NonClass: 32716K(32896K)->32716K(32896K) Class: 4416K(4608K)->4416K(4608K)
[2025-04-17T10:48:34.728+0000][114.559s][info][gc             ] GC(103) Pause Young (Allocation Failure) 22M->13M(31M) 1.878ms
[2025-04-17T10:48:34.728+0000][114.559s][info][gc,cpu         ] GC(103) User=0.00s Sys=0.00s Real=0.00s
[2025-04-17T10:48:36.661+0000][116.491s][info][gc,start       ] GC(104) Pause Young (Allocation Failure)
[2025-04-17T10:48:36.663+0000][116.493s][info][gc,heap        ] GC(104) DefNew: 9410K(10176K)->337K(10176K) Eden: 9088K(9088K)->0K(9088K) From: 322K(1088K)->337K(1088K)
[2025-04-17T10:48:36.663+0000][116.493s][info][gc,heap        ] GC(104) Tenured: 13926K(22468K)->13954K(22468K)
[2025-04-17T10:48:36.663+0000][116.493s][info][gc,metaspace   ] GC(104) Metaspace: 37141K(37504K)->37141K(37504K) NonClass: 32725K(32896K)->32725K(32896K) Class: 4416K(4608K)->4416K(4608K)
[2025-04-17T10:48:36.663+0000][116.493s][info][gc             ] GC(104) Pause Young (Allocation Failure) 22M->13M(31M) 1.791ms
[2025-04-17T10:48:36.663+0000][116.493s][info][gc,cpu         ] GC(104) User=0.00s Sys=0.00s Real=0.00s
[2025-04-17T10:48:38.009+0000][117.840s][info][gc,start       ] GC(105) Pause Young (Allocation Failure)
[2025-04-17T10:48:38.011+0000][117.841s][info][gc,heap        ] GC(105) DefNew: 9425K(10176K)->320K(10176K) Eden: 9088K(9088K)->0K(9088K) From: 337K(1088K)->320K(1088K)
[2025-04-17T10:48:38.011+0000][117.841s][info][gc,heap        ] GC(105) Tenured: 13954K(22468K)->13973K(22468K)
[2025-04-17T10:48:38.011+0000][117.841s][info][gc,metaspace   ] GC(105) Metaspace: 37141K(37504K)->37141K(37504K) NonClass: 32725K(32896K)->32725K(32896K) Class: 4416K(4608K)->4416K(4608K)
[2025-04-17T10:48:38.011+0000][117.842s][info][gc             ] GC(105) Pause Young (Allocation Failure) 22M->13M(31M) 2.003ms
[2025-04-17T10:48:38.011+0000][117.842s][info][gc,cpu         ] GC(105) User=0.00s Sys=0.00s Real=0.00s
[2025-04-17T10:48:40.094+0000][119.924s][info][gc,start       ] GC(106) Pause Young (Allocation Failure)
[2025-04-17T10:48:40.095+0000][119.926s][info][gc,heap        ] GC(106) DefNew: 9402K(10176K)->344K(10176K) Eden: 9081K(9088K)->0K(9088K) From: 320K(1088K)->344K(1088K)
[2025-04-17T10:48:40.095+0000][119.926s][info][gc,heap        ] GC(106) Tenured: 13973K(22468K)->13992K(22468K)
[2025-04-17T10:48:40.095+0000][119.926s][info][gc,metaspace   ] GC(106) Metaspace: 37144K(37504K)->37144K(37504K) NonClass: 32728K(32896K)->32728K(32896K) Class: 4416K(4608K)->4416K(4608K)
[2025-04-17T10:48:40.095+0000][119.926s][info][gc             ] GC(106) Pause Young (Allocation Failure) 22M->14M(31M) 1.848ms
[2025-04-17T10:48:40.095+0000][119.926s][info][gc,cpu         ] GC(106) User=0.00s Sys=0.00s Real=0.01s
[2025-04-17T10:48:41.812+0000][121.643s][info][gc,start       ] GC(107) Pause Young (Allocation Failure)
[2025-04-17T10:48:41.814+0000][121.644s][info][gc,heap        ] GC(107) DefNew: 9432K(10176K)->301K(10176K) Eden: 9088K(9088K)->0K(9088K) From: 344K(1088K)->301K(1088K)
[2025-04-17T10:48:41.814+0000][121.644s][info][gc,heap        ] GC(107) Tenured: 13992K(22468K)->14010K(22468K)
[2025-04-17T10:48:41.814+0000][121.644s][info][gc,metaspace   ] GC(107) Metaspace: 37159K(37504K)->37159K(37504K) NonClass: 32742K(32896K)->32742K(32896K) Class: 4416K(4608K)->4416K(4608K)
[2025-04-17T10:48:41.814+0000][121.644s][info][gc             ] GC(107) Pause Young (Allocation Failure) 22M->13M(31M) 1.814ms
[2025-04-17T10:48:41.814+0000][121.644s][info][gc,cpu         ] GC(107) User=0.00s Sys=0.00s Real=0.01s
[2025-04-17T10:48:43.327+0000][123.157s][info][gc,start       ] GC(108) Pause Young (Allocation Failure)
[2025-04-17T10:48:43.329+0000][123.159s][info][gc,heap        ] GC(108) DefNew: 9389K(10176K)->283K(10176K) Eden: 9088K(9088K)->0K(9088K) From: 301K(1088K)->283K(1088K)
[2025-04-17T10:48:43.329+0000][123.159s][info][gc,heap        ] GC(108) Tenured: 14010K(22468K)->14033K(22468K)
[2025-04-17T10:48:43.329+0000][123.159s][info][gc,metaspace   ] GC(108) Metaspace: 37163K(37504K)->37163K(37504K) NonClass: 32746K(32896K)->32746K(32896K) Class: 4416K(4608K)->4416K(4608K)
[2025-04-17T10:48:43.329+0000][123.159s][info][gc             ] GC(108) Pause Young (Allocation Failure) 22M->13M(31M) 1.917ms
[2025-04-17T10:48:43.329+0000][123.159s][info][gc,cpu         ] GC(108) User=0.01s Sys=0.00s Real=0.00s
[2025-04-17T10:48:44.756+0000][124.586s][info][gc,start       ] GC(109) Pause Young (Allocation Failure)
[2025-04-17T10:48:44.758+0000][124.588s][info][gc,heap        ] GC(109) DefNew: 9371K(10176K)->287K(10176K) Eden: 9088K(9088K)->0K(9088K) From: 283K(1088K)->287K(1088K)
[2025-04-17T10:48:44.758+0000][124.588s][info][gc,heap        ] GC(109) Tenured: 14033K(22468K)->14051K(22468K)
[2025-04-17T10:48:44.758+0000][124.588s][info][gc,metaspace   ] GC(109) Metaspace: 37163K(37504K)->37163K(37504K) NonClass: 32746K(32896K)->32746K(32896K) Class: 4416K(4608K)->4416K(4608K)
[2025-04-17T10:48:44.758+0000][124.588s][info][gc             ] GC(109) Pause Young (Allocation Failure) 22M->14M(31M) 1.813ms
[2025-04-17T10:48:44.758+0000][124.588s][info][gc,cpu         ] GC(109) User=0.00s Sys=0.00s Real=0.00s
[2025-04-17T10:48:46.445+0000][126.275s][info][gc,start       ] GC(110) Pause Young (Allocation Failure)
[2025-04-17T10:48:46.447+0000][126.277s][info][gc,heap        ] GC(110) DefNew: 9375K(10176K)->293K(10176K) Eden: 9088K(9088K)->0K(9088K) From: 287K(1088K)->293K(1088K)
[2025-04-17T10:48:46.447+0000][126.277s][info][gc,heap        ] GC(110) Tenured: 14051K(22468K)->14069K(22468K)
[2025-04-17T10:48:46.447+0000][126.277s][info][gc,metaspace   ] GC(110) Metaspace: 37163K(37504K)->37163K(37504K) NonClass: 32746K(32896K)->32746K(32896K) Class: 4416K(4608K)->4416K(4608K)
[2025-04-17T10:48:46.447+0000][126.277s][info][gc             ] GC(110) Pause Young (Allocation Failure) 22M->14M(31M) 1.891ms
[2025-04-17T10:48:46.447+0000][126.277s][info][gc,cpu         ] GC(110) User=0.00s Sys=0.00s Real=0.00s
[2025-04-17T10:48:48.170+0000][128.000s][info][gc,start       ] GC(111) Pause Young (Allocation Failure)
[2025-04-17T10:48:48.172+0000][128.002s][info][gc,heap        ] GC(111) DefNew: 9381K(10176K)->307K(10176K) Eden: 9088K(9088K)->0K(9088K) From: 293K(1088K)->307K(1088K)
[2025-04-17T10:48:48.172+0000][128.002s][info][gc,heap        ] GC(111) Tenured: 14069K(22468K)->14069K(22468K)
[2025-04-17T10:48:48.172+0000][128.002s][info][gc,metaspace   ] GC(111) Metaspace: 37177K(37568K)->37177K(37568K) NonClass: 32760K(32960K)->32760K(32960K) Class: 4416K(4608K)->4416K(4608K)
[2025-04-17T10:48:48.172+0000][128.002s][info][gc             ] GC(111) Pause Young (Allocation Failure) 22M->14M(31M) 1.961ms
[2025-04-17T10:48:48.172+0000][128.002s][info][gc,cpu         ] GC(111) User=0.00s Sys=0.00s Real=0.00s
[2025-04-17T10:48:49.550+0000][129.380s][info][gc,start       ] GC(112) Pause Young (Allocation Failure)
[2025-04-17T10:48:49.552+0000][129.382s][info][gc,heap        ] GC(112) DefNew: 9395K(10176K)->292K(10176K) Eden: 9087K(9088K)->0K(9088K) From: 307K(1088K)->292K(1088K)
[2025-04-17T10:48:49.552+0000][129.382s][info][gc,heap        ] GC(112) Tenured: 14069K(22468K)->14097K(22468K)
[2025-04-17T10:48:49.552+0000][129.382s][info][gc,metaspace   ] GC(112) Metaspace: 37178K(37568K)->37178K(37568K) NonClass: 32761K(32960K)->32761K(32960K) Class: 4416K(4608K)->4416K(4608K)
[2025-04-17T10:48:49.552+0000][129.382s][info][gc             ] GC(112) Pause Young (Allocation Failure) 22M->14M(31M) 1.945ms
[2025-04-17T10:48:49.552+0000][129.382s][info][gc,cpu         ] GC(112) User=0.00s Sys=0.00s Real=0.00s
[2025-04-17T10:48:51.184+0000][131.015s][info][gc,start       ] GC(113) Pause Young (Allocation Failure)
[2025-04-17T10:48:51.186+0000][131.016s][info][gc,heap        ] GC(113) DefNew: 9380K(10176K)->261K(10176K) Eden: 9088K(9088K)->0K(9088K) From: 292K(1088K)->261K(1088K)
[2025-04-17T10:48:51.186+0000][131.016s][info][gc,heap        ] GC(113) Tenured: 14097K(22468K)->14115K(22468K)
[2025-04-17T10:48:51.186+0000][131.016s][info][gc,metaspace   ] GC(113) Metaspace: 37178K(37568K)->37178K(37568K) NonClass: 32761K(32960K)->32761K(32960K) Class: 4416K(4608K)->4416K(4608K)
[2025-04-17T10:48:51.186+0000][131.016s][info][gc             ] GC(113) Pause Young (Allocation Failure) 22M->14M(31M) 1.867ms
[2025-04-17T10:48:51.186+0000][131.016s][info][gc,cpu         ] GC(113) User=0.00s Sys=0.00s Real=0.00s
[2025-04-17T10:48:52.692+0000][132.522s][info][gc,start       ] GC(114) Pause Young (Allocation Failure)
[2025-04-17T10:48:52.694+0000][132.524s][info][gc,heap        ] GC(114) DefNew: 9349K(10176K)->272K(10176K) Eden: 9088K(9088K)->0K(9088K) From: 261K(1088K)->272K(1088K)
[2025-04-17T10:48:52.694+0000][132.524s][info][gc,heap        ] GC(114) Tenured: 14115K(22468K)->14133K(22468K)
[2025-04-17T10:48:52.694+0000][132.524s][info][gc,metaspace   ] GC(114) Metaspace: 37193K(37568K)->37193K(37568K) NonClass: 32776K(32960K)->32776K(32960K) Class: 4416K(4608K)->4416K(4608K)
[2025-04-17T10:48:52.694+0000][132.524s][info][gc             ] GC(114) Pause Young (Allocation Failure) 22M->14M(31M) 1.945ms
[2025-04-17T10:48:52.694+0000][132.524s][info][gc,cpu         ] GC(114) User=0.00s Sys=0.00s Real=0.01s
[2025-04-17T10:48:54.320+0000][134.150s][info][gc,start       ] GC(115) Pause Young (Allocation Failure)
[2025-04-17T10:48:54.322+0000][134.152s][info][gc,heap        ] GC(115) DefNew: 9356K(10176K)->223K(10176K) Eden: 9083K(9088K)->0K(9088K) From: 272K(1088K)->223K(1088K)
[2025-04-17T10:48:54.322+0000][134.152s][info][gc,heap        ] GC(115) Tenured: 14133K(22468K)->14153K(22468K)
[2025-04-17T10:48:54.322+0000][134.152s][info][gc,metaspace   ] GC(115) Metaspace: 37204K(37568K)->37204K(37568K) NonClass: 32787K(32960K)->32787K(32960K) Class: 4416K(4608K)->4416K(4608K)
[2025-04-17T10:48:54.322+0000][134.152s][info][gc             ] GC(115) Pause Young (Allocation Failure) 22M->14M(31M) 1.876ms
[2025-04-17T10:48:54.322+0000][134.152s][info][gc,cpu         ] GC(115) User=0.01s Sys=0.00s Real=0.00s
[2025-04-17T10:48:55.910+0000][135.741s][info][gc,start       ] GC(116) Pause Young (Allocation Failure)
[2025-04-17T10:48:55.912+0000][135.742s][info][gc,heap        ] GC(116) DefNew: 9311K(10176K)->240K(10176K) Eden: 9088K(9088K)->0K(9088K) From: 223K(1088K)->240K(1088K)
[2025-04-17T10:48:55.912+0000][135.742s][info][gc,heap        ] GC(116) Tenured: 14153K(22468K)->14154K(22468K)
[2025-04-17T10:48:55.912+0000][135.742s][info][gc,metaspace   ] GC(116) Metaspace: 37204K(37568K)->37204K(37568K) NonClass: 32787K(32960K)->32787K(32960K) Class: 4416K(4608K)->4416K(4608K)
[2025-04-17T10:48:55.912+0000][135.742s][info][gc             ] GC(116) Pause Young (Allocation Failure) 22M->14M(31M) 1.752ms
[2025-04-17T10:48:55.912+0000][135.742s][info][gc,cpu         ] GC(116) User=0.00s Sys=0.00s Real=0.00s
[2025-04-17T10:48:57.522+0000][137.352s][info][gc,start       ] GC(117) Pause Young (Allocation Failure)
[2025-04-17T10:48:57.525+0000][137.355s][info][gc,heap        ] GC(117) DefNew: 9328K(10176K)->215K(10176K) Eden: 9088K(9088K)->0K(9088K) From: 240K(1088K)->215K(1088K)
[2025-04-17T10:48:57.525+0000][137.355s][info][gc,heap        ] GC(117) Tenured: 14154K(22468K)->14172K(22468K)
[2025-04-17T10:48:57.525+0000][137.355s][info][gc,metaspace   ] GC(117) Metaspace: 37205K(37568K)->37205K(37568K) NonClass: 32787K(32960K)->32787K(32960K) Class: 4417K(4608K)->4417K(4608K)
[2025-04-17T10:48:57.525+0000][137.355s][info][gc             ] GC(117) Pause Young (Allocation Failure) 22M->14M(31M) 2.753ms
[2025-04-17T10:48:57.525+0000][137.355s][info][gc,cpu         ] GC(117) User=0.00s Sys=0.00s Real=0.01s
[2025-04-17T10:48:59.117+0000][138.947s][info][gc,start       ] GC(118) Pause Young (Allocation Failure)
[2025-04-17T10:48:59.118+0000][138.948s][info][gc,heap        ] GC(118) DefNew: 9303K(10176K)->190K(10176K) Eden: 9088K(9088K)->0K(9088K) From: 215K(1088K)->190K(1088K)
[2025-04-17T10:48:59.118+0000][138.949s][info][gc,heap        ] GC(118) Tenured: 14172K(22468K)->14190K(22468K)
[2025-04-17T10:48:59.118+0000][138.949s][info][gc,metaspace   ] GC(118) Metaspace: 37218K(37568K)->37218K(37568K) NonClass: 32800K(32960K)->32800K(32960K) Class: 4417K(4608K)->4417K(4608K)
[2025-04-17T10:48:59.118+0000][138.949s][info][gc             ] GC(118) Pause Young (Allocation Failure) 22M->14M(31M) 1.752ms
[2025-04-17T10:48:59.118+0000][138.949s][info][gc,cpu         ] GC(118) User=0.00s Sys=0.00s Real=0.00s
[2025-04-17T10:49:00.638+0000][140.468s][info][gc,start       ] GC(119) Pause Young (Allocation Failure)
[2025-04-17T10:49:00.640+0000][140.470s][info][gc,heap        ] GC(119) DefNew: 9278K(10176K)->188K(10176K) Eden: 9088K(9088K)->0K(9088K) From: 190K(1088K)->188K(1088K)
[2025-04-17T10:49:00.640+0000][140.470s][info][gc,heap        ] GC(119) Tenured: 14190K(22468K)->14207K(22468K)
[2025-04-17T10:49:00.640+0000][140.470s][info][gc,metaspace   ] GC(119) Metaspace: 37218K(37568K)->37218K(37568K) NonClass: 32800K(32960K)->32800K(32960K) Class: 4417K(4608K)->4417K(4608K)
[2025-04-17T10:49:00.640+0000][140.470s][info][gc             ] GC(119) Pause Young (Allocation Failure) 22M->14M(31M) 1.705ms
[2025-04-17T10:49:00.640+0000][140.470s][info][gc,cpu         ] GC(119) User=0.01s Sys=0.00s Real=0.00s
[2025-04-17T10:49:02.233+0000][142.063s][info][gc,start       ] GC(120) Pause Young (Allocation Failure)
[2025-04-17T10:49:02.235+0000][142.065s][info][gc,heap        ] GC(120) DefNew: 9276K(10176K)->177K(10176K) Eden: 9088K(9088K)->0K(9088K) From: 188K(1088K)->177K(1088K)
[2025-04-17T10:49:02.235+0000][142.065s][info][gc,heap        ] GC(120) Tenured: 14207K(22468K)->14207K(22468K)
[2025-04-17T10:49:02.235+0000][142.065s][info][gc,metaspace   ] GC(120) Metaspace: 37218K(37568K)->37218K(37568K) NonClass: 32800K(32960K)->32800K(32960K) Class: 4417K(4608K)->4417K(4608K)
[2025-04-17T10:49:02.235+0000][142.065s][info][gc             ] GC(120) Pause Young (Allocation Failure) 22M->14M(31M) 1.768ms
[2025-04-17T10:49:02.235+0000][142.065s][info][gc,cpu         ] GC(120) User=0.00s Sys=0.00s Real=0.01s
[2025-04-17T10:49:03.989+0000][143.819s][info][gc,start       ] GC(121) Pause Young (Allocation Failure)
[2025-04-17T10:49:03.990+0000][143.820s][info][gc,heap        ] GC(121) DefNew: 9265K(10176K)->154K(10176K) Eden: 9088K(9088K)->0K(9088K) From: 177K(1088K)->154K(1088K)
[2025-04-17T10:49:03.990+0000][143.820s][info][gc,heap        ] GC(121) Tenured: 14207K(22468K)->14225K(22468K)
[2025-04-17T10:49:03.990+0000][143.820s][info][gc,metaspace   ] GC(121) Metaspace: 37227K(37568K)->37227K(37568K) NonClass: 32809K(32960K)->32809K(32960K) Class: 4417K(4608K)->4417K(4608K)
[2025-04-17T10:49:03.990+0000][143.820s][info][gc             ] GC(121) Pause Young (Allocation Failure) 22M->14M(31M) 1.641ms
[2025-04-17T10:49:03.990+0000][143.820s][info][gc,cpu         ] GC(121) User=0.00s Sys=0.00s Real=0.00s
[2025-04-17T10:49:05.534+0000][145.365s][info][gc,start       ] GC(122) Pause Young (Allocation Failure)
[2025-04-17T10:49:05.536+0000][145.366s][info][gc,heap        ] GC(122) DefNew: 9242K(10176K)->141K(10176K) Eden: 9088K(9088K)->0K(9088K) From: 154K(1088K)->141K(1088K)
[2025-04-17T10:49:05.536+0000][145.366s][info][gc,heap        ] GC(122) Tenured: 14225K(22468K)->14244K(22468K)
[2025-04-17T10:49:05.536+0000][145.366s][info][gc,metaspace   ] GC(122) Metaspace: 37227K(37568K)->37227K(37568K) NonClass: 32809K(32960K)->32809K(32960K) Class: 4417K(4608K)->4417K(4608K)
[2025-04-17T10:49:05.536+0000][145.366s][info][gc             ] GC(122) Pause Young (Allocation Failure) 22M->14M(31M) 1.818ms
[2025-04-17T10:49:05.536+0000][145.366s][info][gc,cpu         ] GC(122) User=0.00s Sys=0.00s Real=0.00s
[2025-04-17T10:49:06.900+0000][146.730s][info][gc,start       ] GC(123) Pause Young (Allocation Failure)
[2025-04-17T10:49:06.901+0000][146.731s][info][gc,heap        ] GC(123) DefNew: 9229K(10176K)->154K(10176K) Eden: 9088K(9088K)->0K(9088K) From: 141K(1088K)->154K(1088K)
[2025-04-17T10:49:06.901+0000][146.731s][info][gc,heap        ] GC(123) Tenured: 14244K(22468K)->14244K(22468K)
[2025-04-17T10:49:06.901+0000][146.731s][info][gc,metaspace   ] GC(123) Metaspace: 37227K(37568K)->37227K(37568K) NonClass: 32809K(32960K)->32809K(32960K) Class: 4417K(4608K)->4417K(4608K)
[2025-04-17T10:49:06.901+0000][146.731s][info][gc             ] GC(123) Pause Young (Allocation Failure) 22M->14M(31M) 1.658ms
[2025-04-17T10:49:06.901+0000][146.731s][info][gc,cpu         ] GC(123) User=0.00s Sys=0.00s Real=0.00s
[2025-04-17T10:49:08.422+0000][148.252s][info][gc,start       ] GC(124) Pause Young (Allocation Failure)
[2025-04-17T10:49:08.425+0000][148.255s][info][gc,heap        ] GC(124) DefNew: 9242K(10176K)->122K(10176K) Eden: 9088K(9088K)->0K(9088K) From: 154K(1088K)->122K(1088K)
[2025-04-17T10:49:08.425+0000][148.255s][info][gc,heap        ] GC(124) Tenured: 14244K(22468K)->14266K(22468K)
[2025-04-17T10:49:08.425+0000][148.255s][info][gc,metaspace   ] GC(124) Metaspace: 37239K(37568K)->37239K(37568K) NonClass: 32821K(32960K)->32821K(32960K) Class: 4417K(4608K)->4417K(4608K)
[2025-04-17T10:49:08.425+0000][148.255s][info][gc             ] GC(124) Pause Young (Allocation Failure) 22M->14M(31M) 3.070ms
[2025-04-17T10:49:08.427+0000][148.257s][info][gc,cpu         ] GC(124) User=0.00s Sys=0.00s Real=0.01s
[2025-04-17T10:49:10.216+0000][150.046s][info][gc,start       ] GC(125) Pause Young (Allocation Failure)
[2025-04-17T10:49:10.217+0000][150.047s][info][gc,heap        ] GC(125) DefNew: 9210K(10176K)->86K(10176K) Eden: 9088K(9088K)->0K(9088K) From: 122K(1088K)->86K(1088K)
[2025-04-17T10:49:10.217+0000][150.047s][info][gc,heap        ] GC(125) Tenured: 14266K(22468K)->14284K(22468K)
[2025-04-17T10:49:10.217+0000][150.047s][info][gc,metaspace   ] GC(125) Metaspace: 37239K(37568K)->37239K(37568K) NonClass: 32821K(32960K)->32821K(32960K) Class: 4417K(4608K)->4417K(4608K)
[2025-04-17T10:49:10.217+0000][150.047s][info][gc             ] GC(125) Pause Young (Allocation Failure) 22M->14M(31M) 1.624ms
[2025-04-17T10:49:10.217+0000][150.047s][info][gc,cpu         ] GC(125) User=0.01s Sys=0.00s Real=0.00s
[2025-04-17T10:49:11.657+0000][151.487s][info][gc,start       ] GC(126) Pause Young (Allocation Failure)
[2025-04-17T10:49:11.659+0000][151.489s][info][gc,heap        ] GC(126) DefNew: 9174K(10176K)->119K(10176K) Eden: 9088K(9088K)->0K(9088K) From: 86K(1088K)->119K(1088K)
[2025-04-17T10:49:11.659+0000][151.489s][info][gc,heap        ] GC(126) Tenured: 14284K(22468K)->14285K(22468K)
[2025-04-17T10:49:11.659+0000][151.489s][info][gc,metaspace   ] GC(126) Metaspace: 37239K(37568K)->37239K(37568K) NonClass: 32821K(32960K)->32821K(32960K) Class: 4417K(4608K)->4417K(4608K)
[2025-04-17T10:49:11.659+0000][151.489s][info][gc             ] GC(126) Pause Young (Allocation Failure) 22M->14M(31M) 1.730ms
[2025-04-17T10:49:11.659+0000][151.489s][info][gc,cpu         ] GC(126) User=0.00s Sys=0.00s Real=0.00s
[2025-04-17T10:49:13.195+0000][153.025s][info][gc,start       ] GC(127) Pause Young (Allocation Failure)
[2025-04-17T10:49:13.196+0000][153.026s][info][gc,heap        ] GC(127) DefNew: 9207K(10176K)->80K(10176K) Eden: 9088K(9088K)->0K(9088K) From: 119K(1088K)->80K(1088K)
[2025-04-17T10:49:13.196+0000][153.026s][info][gc,heap        ] GC(127) Tenured: 14285K(22468K)->14305K(22468K)
[2025-04-17T10:49:13.196+0000][153.026s][info][gc,metaspace   ] GC(127) Metaspace: 37239K(37568K)->37239K(37568K) NonClass: 32821K(32960K)->32821K(32960K) Class: 4417K(4608K)->4417K(4608K)
[2025-04-17T10:49:13.196+0000][153.026s][info][gc             ] GC(127) Pause Young (Allocation Failure) 22M->14M(31M) 1.657ms
[2025-04-17T10:49:13.196+0000][153.026s][info][gc,cpu         ] GC(127) User=0.00s Sys=0.00s Real=0.00s
[2025-04-17T10:49:14.850+0000][154.680s][info][gc,start       ] GC(128) Pause Young (Allocation Failure)
[2025-04-17T10:49:14.852+0000][154.682s][info][gc,heap        ] GC(128) DefNew: 9168K(10176K)->94K(10176K) Eden: 9088K(9088K)->0K(9088K) From: 80K(1088K)->94K(1088K)
[2025-04-17T10:49:14.852+0000][154.682s][info][gc,heap        ] GC(128) Tenured: 14305K(22468K)->14305K(22468K)
[2025-04-17T10:49:14.852+0000][154.682s][info][gc,metaspace   ] GC(128) Metaspace: 37248K(37568K)->37248K(37568K) NonClass: 32830K(32960K)->32830K(32960K) Class: 4417K(4608K)->4417K(4608K)
[2025-04-17T10:49:14.852+0000][154.682s][info][gc             ] GC(128) Pause Young (Allocation Failure) 22M->14M(31M) 1.569ms
[2025-04-17T10:49:14.852+0000][154.682s][info][gc,cpu         ] GC(128) User=0.00s Sys=0.00s Real=0.00s
[2025-04-17T10:49:16.368+0000][156.198s][info][gc,start       ] GC(129) Pause Young (Allocation Failure)
[2025-04-17T10:49:16.370+0000][156.200s][info][gc,heap        ] GC(129) DefNew: 9182K(10176K)->75K(10176K) Eden: 9088K(9088K)->0K(9088K) From: 94K(1088K)->75K(1088K)
[2025-04-17T10:49:16.370+0000][156.200s][info][gc,heap        ] GC(129) Tenured: 14305K(22468K)->14305K(22468K)
[2025-04-17T10:49:16.370+0000][156.200s][info][gc,metaspace   ] GC(129) Metaspace: 37248K(37568K)->37248K(37568K) NonClass: 32830K(32960K)->32830K(32960K) Class: 4417K(4608K)->4417K(4608K)
[2025-04-17T10:49:16.370+0000][156.200s][info][gc             ] GC(129) Pause Young (Allocation Failure) 22M->14M(31M) 1.667ms
[2025-04-17T10:49:16.370+0000][156.200s][info][gc,cpu         ] GC(129) User=0.00s Sys=0.00s Real=0.00s
[2025-04-17T10:49:17.916+0000][157.746s][info][gc,start       ] GC(130) Pause Young (Allocation Failure)
[2025-04-17T10:49:17.917+0000][157.747s][info][gc,heap        ] GC(130) DefNew: 9152K(10176K)->80K(10176K) Eden: 9076K(9088K)->0K(9088K) From: 75K(1088K)->80K(1088K)
[2025-04-17T10:49:17.917+0000][157.747s][info][gc,heap        ] GC(130) Tenured: 14305K(22468K)->14305K(22468K)
[2025-04-17T10:49:17.917+0000][157.747s][info][gc,metaspace   ] GC(130) Metaspace: 37248K(37568K)->37248K(37568K) NonClass: 32830K(32960K)->32830K(32960K) Class: 4417K(4608K)->4417K(4608K)
[2025-04-17T10:49:17.917+0000][157.747s][info][gc             ] GC(130) Pause Young (Allocation Failure) 22M->14M(31M) 1.655ms
[2025-04-17T10:49:17.917+0000][157.747s][info][gc,cpu         ] GC(130) User=0.00s Sys=0.00s Real=0.00s
[2025-04-17T10:49:19.310+0000][159.140s][info][gc,start       ] GC(131) Pause Young (Allocation Failure)
[2025-04-17T10:49:19.311+0000][159.141s][info][gc,heap        ] GC(131) DefNew: 9168K(10176K)->95K(10176K) Eden: 9088K(9088K)->0K(9088K) From: 80K(1088K)->95K(1088K)
[2025-04-17T10:49:19.311+0000][159.141s][info][gc,heap        ] GC(131) Tenured: 14305K(22468K)->14305K(22468K)
[2025-04-17T10:49:19.311+0000][159.141s][info][gc,metaspace   ] GC(131) Metaspace: 37254K(37568K)->37254K(37568K) NonClass: 32836K(32960K)->32836K(32960K) Class: 4417K(4608K)->4417K(4608K)
[2025-04-17T10:49:19.311+0000][159.141s][info][gc             ] GC(131) Pause Young (Allocation Failure) 22M->14M(31M) 1.559ms
[2025-04-17T10:49:19.311+0000][159.141s][info][gc,cpu         ] GC(131) User=0.00s Sys=0.00s Real=0.00s
[2025-04-17T10:49:21.014+0000][160.844s][info][gc,start       ] GC(132) Pause Young (Allocation Failure)
[2025-04-17T10:49:21.015+0000][160.845s][info][gc,heap        ] GC(132) DefNew: 9183K(10176K)->80K(10176K) Eden: 9088K(9088K)->0K(9088K) From: 95K(1088K)->80K(1088K)
[2025-04-17T10:49:21.015+0000][160.845s][info][gc,heap        ] GC(132) Tenured: 14305K(22468K)->14306K(22468K)
[2025-04-17T10:49:21.015+0000][160.845s][info][gc,metaspace   ] GC(132) Metaspace: 37254K(37568K)->37254K(37568K) NonClass: 32836K(32960K)->32836K(32960K) Class: 4417K(4608K)->4417K(4608K)
[2025-04-17T10:49:21.015+0000][160.845s][info][gc             ] GC(132) Pause Young (Allocation Failure) 22M->14M(31M) 1.668ms
[2025-04-17T10:49:21.015+0000][160.845s][info][gc,cpu         ] GC(132) User=0.00s Sys=0.00s Real=0.01s
[2025-04-17T10:49:22.411+0000][162.241s][info][gc,start       ] GC(133) Pause Young (Allocation Failure)
[2025-04-17T10:49:22.413+0000][162.243s][info][gc,heap        ] GC(133) DefNew: 9168K(10176K)->85K(10176K) Eden: 9088K(9088K)->0K(9088K) From: 80K(1088K)->85K(1088K)
[2025-04-17T10:49:22.413+0000][162.243s][info][gc,heap        ] GC(133) Tenured: 14306K(22468K)->14306K(22468K)
[2025-04-17T10:49:22.413+0000][162.243s][info][gc,metaspace   ] GC(133) Metaspace: 37254K(37568K)->37254K(37568K) NonClass: 32836K(32960K)->32836K(32960K) Class: 4417K(4608K)->4417K(4608K)
[2025-04-17T10:49:22.413+0000][162.243s][info][gc             ] GC(133) Pause Young (Allocation Failure) 22M->14M(31M) 1.807ms
[2025-04-17T10:49:22.413+0000][162.243s][info][gc,cpu         ] GC(133) User=0.00s Sys=0.00s Real=0.00s
[2025-04-17T10:49:24.114+0000][163.944s][info][gc,start       ] GC(134) Pause Young (Allocation Failure)
[2025-04-17T10:49:24.116+0000][163.946s][info][gc,heap        ] GC(134) DefNew: 9173K(10176K)->90K(10176K) Eden: 9088K(9088K)->0K(9088K) From: 85K(1088K)->90K(1088K)
[2025-04-17T10:49:24.116+0000][163.946s][info][gc,heap        ] GC(134) Tenured: 14306K(22468K)->14307K(22468K)
[2025-04-17T10:49:24.116+0000][163.946s][info][gc,metaspace   ] GC(134) Metaspace: 37254K(37568K)->37254K(37568K) NonClass: 32836K(32960K)->32836K(32960K) Class: 4417K(4608K)->4417K(4608K)
[2025-04-17T10:49:24.116+0000][163.946s][info][gc             ] GC(134) Pause Young (Allocation Failure) 22M->14M(31M) 1.658ms
[2025-04-17T10:49:24.116+0000][163.946s][info][gc,cpu         ] GC(134) User=0.00s Sys=0.00s Real=0.00s
[2025-04-17T10:49:25.854+0000][165.684s][info][gc,start       ] GC(135) Pause Young (Allocation Failure)
[2025-04-17T10:49:25.855+0000][165.685s][info][gc,heap        ] GC(135) DefNew: 9172K(10176K)->96K(10176K) Eden: 9081K(9088K)->0K(9088K) From: 90K(1088K)->96K(1088K)
[2025-04-17T10:49:25.855+0000][165.685s][info][gc,heap        ] GC(135) Tenured: 14307K(22468K)->14307K(22468K)
[2025-04-17T10:49:25.855+0000][165.685s][info][gc,metaspace   ] GC(135) Metaspace: 37258K(37568K)->37258K(37568K) NonClass: 32840K(32960K)->32840K(32960K) Class: 4417K(4608K)->4417K(4608K)
[2025-04-17T10:49:25.855+0000][165.685s][info][gc             ] GC(135) Pause Young (Allocation Failure) 22M->14M(31M) 1.642ms
[2025-04-17T10:49:25.855+0000][165.685s][info][gc,cpu         ] GC(135) User=0.00s Sys=0.00s Real=0.01s
[2025-04-17T10:49:27.451+0000][167.281s][info][gc,start       ] GC(136) Pause Young (Allocation Failure)
[2025-04-17T10:49:27.452+0000][167.282s][info][gc,heap        ] GC(136) DefNew: 9184K(10176K)->94K(10176K) Eden: 9088K(9088K)->0K(9088K) From: 96K(1088K)->94K(1088K)
[2025-04-17T10:49:27.452+0000][167.282s][info][gc,heap        ] GC(136) Tenured: 14307K(22468K)->14309K(22468K)
[2025-04-17T10:49:27.452+0000][167.282s][info][gc,metaspace   ] GC(136) Metaspace: 37258K(37568K)->37258K(37568K) NonClass: 32840K(32960K)->32840K(32960K) Class: 4417K(4608K)->4417K(4608K)
[2025-04-17T10:49:27.452+0000][167.282s][info][gc             ] GC(136) Pause Young (Allocation Failure) 22M->14M(31M) 1.486ms
[2025-04-17T10:49:27.452+0000][167.282s][info][gc,cpu         ] GC(136) User=0.01s Sys=0.00s Real=0.00s
[2025-04-17T10:49:28.811+0000][168.641s][info][gc,start       ] GC(137) Pause Young (Allocation Failure)
[2025-04-17T10:49:28.813+0000][168.643s][info][gc,heap        ] GC(137) DefNew: 9182K(10176K)->78K(10176K) Eden: 9088K(9088K)->0K(9088K) From: 94K(1088K)->78K(1088K)
[2025-04-17T10:49:28.813+0000][168.643s][info][gc,heap        ] GC(137) Tenured: 14309K(22468K)->14309K(22468K)
[2025-04-17T10:49:28.813+0000][168.643s][info][gc,metaspace   ] GC(137) Metaspace: 37258K(37568K)->37258K(37568K) NonClass: 32840K(32960K)->32840K(32960K) Class: 4417K(4608K)->4417K(4608K)
[2025-04-17T10:49:28.813+0000][168.643s][info][gc             ] GC(137) Pause Young (Allocation Failure) 22M->14M(31M) 1.647ms
[2025-04-17T10:49:28.813+0000][168.643s][info][gc,cpu         ] GC(137) User=0.00s Sys=0.00s Real=0.00s
[2025-04-17T10:49:30.361+0000][170.191s][info][gc,start       ] GC(138) Pause Young (Allocation Failure)
[2025-04-17T10:49:30.363+0000][170.193s][info][gc,heap        ] GC(138) DefNew: 9161K(10176K)->74K(10176K) Eden: 9083K(9088K)->0K(9088K) From: 78K(1088K)->74K(1088K)
[2025-04-17T10:49:30.363+0000][170.193s][info][gc,heap        ] GC(138) Tenured: 14309K(22468K)->14310K(22468K)
[2025-04-17T10:49:30.363+0000][170.193s][info][gc,metaspace   ] GC(138) Metaspace: 37258K(37568K)->37258K(37568K) NonClass: 32840K(32960K)->32840K(32960K) Class: 4417K(4608K)->4417K(4608K)
[2025-04-17T10:49:30.363+0000][170.193s][info][gc             ] GC(138) Pause Young (Allocation Failure) 22M->14M(31M) 1.469ms
[2025-04-17T10:49:30.363+0000][170.193s][info][gc,cpu         ] GC(138) User=0.00s Sys=0.00s Real=0.00s
[2025-04-17T10:49:32.014+0000][171.844s][info][gc,start       ] GC(139) Pause Young (Allocation Failure)
[2025-04-17T10:49:32.015+0000][171.846s][info][gc,heap        ] GC(139) DefNew: 9162K(10176K)->95K(10176K) Eden: 9087K(9088K)->0K(9088K) From: 74K(1088K)->95K(1088K)
[2025-04-17T10:49:32.015+0000][171.846s][info][gc,heap        ] GC(139) Tenured: 14310K(22468K)->14311K(22468K)
[2025-04-17T10:49:32.015+0000][171.846s][info][gc,metaspace   ] GC(139) Metaspace: 37258K(37568K)->37258K(37568K) NonClass: 32840K(32960K)->32840K(32960K) Class: 4417K(4608K)->4417K(4608K)
[2025-04-17T10:49:32.015+0000][171.846s][info][gc             ] GC(139) Pause Young (Allocation Failure) 22M->14M(31M) 1.485ms
[2025-04-17T10:49:32.015+0000][171.846s][info][gc,cpu         ] GC(139) User=0.00s Sys=0.00s Real=0.01s
[2025-04-17T10:49:33.740+0000][173.570s][info][gc,start       ] GC(140) Pause Young (Allocation Failure)
[2025-04-17T10:49:33.741+0000][173.571s][info][gc,heap        ] GC(140) DefNew: 9183K(10176K)->79K(10176K) Eden: 9088K(9088K)->0K(9088K) From: 95K(1088K)->79K(1088K)
[2025-04-17T10:49:33.741+0000][173.571s][info][gc,heap        ] GC(140) Tenured: 14311K(22468K)->14311K(22468K)
[2025-04-17T10:49:33.741+0000][173.571s][info][gc,metaspace   ] GC(140) Metaspace: 37258K(37568K)->37258K(37568K) NonClass: 32840K(32960K)->32840K(32960K) Class: 4417K(4608K)->4417K(4608K)
[2025-04-17T10:49:33.741+0000][173.571s][info][gc             ] GC(140) Pause Young (Allocation Failure) 22M->14M(31M) 1.402ms
[2025-04-17T10:49:33.741+0000][173.571s][info][gc,cpu         ] GC(140) User=0.00s Sys=0.00s Real=0.00s
[2025-04-17T10:49:35.260+0000][175.091s][info][gc,start       ] GC(141) Pause Young (Allocation Failure)
[2025-04-17T10:49:35.263+0000][175.093s][info][gc,heap        ] GC(141) DefNew: 9167K(10176K)->92K(10176K) Eden: 9088K(9088K)->0K(9088K) From: 79K(1088K)->92K(1088K)
[2025-04-17T10:49:35.263+0000][175.093s][info][gc,heap        ] GC(141) Tenured: 14311K(22468K)->14311K(22468K)
[2025-04-17T10:49:35.263+0000][175.093s][info][gc,metaspace   ] GC(141) Metaspace: 37258K(37568K)->37258K(37568K) NonClass: 32840K(32960K)->32840K(32960K) Class: 4417K(4608K)->4417K(4608K)
[2025-04-17T10:49:35.263+0000][175.093s][info][gc             ] GC(141) Pause Young (Allocation Failure) 22M->14M(31M) 2.418ms
[2025-04-17T10:49:35.264+0000][175.094s][info][gc,cpu         ] GC(141) User=0.00s Sys=0.00s Real=0.00s
[2025-04-17T10:49:36.984+0000][176.814s][info][gc,start       ] GC(142) Pause Young (Allocation Failure)
[2025-04-17T10:49:36.985+0000][176.815s][info][gc,heap        ] GC(142) DefNew: 9180K(10176K)->75K(10176K) Eden: 9088K(9088K)->0K(9088K) From: 92K(1088K)->75K(1088K)
[2025-04-17T10:49:36.985+0000][176.815s][info][gc,heap        ] GC(142) Tenured: 14311K(22468K)->14311K(22468K)
[2025-04-17T10:49:36.985+0000][176.815s][info][gc,metaspace   ] GC(142) Metaspace: 37258K(37568K)->37258K(37568K) NonClass: 32840K(32960K)->32840K(32960K) Class: 4417K(4608K)->4417K(4608K)
[2025-04-17T10:49:36.985+0000][176.815s][info][gc             ] GC(142) Pause Young (Allocation Failure) 22M->14M(31M) 1.593ms
[2025-04-17T10:49:36.985+0000][176.815s][info][gc,cpu         ] GC(142) User=0.01s Sys=0.00s Real=0.01s
[2025-04-17T10:49:38.513+0000][178.343s][info][gc,start       ] GC(143) Pause Young (Allocation Failure)
[2025-04-17T10:49:38.515+0000][178.346s][info][gc,heap        ] GC(143) DefNew: 9152K(10176K)->78K(10176K) Eden: 9077K(9088K)->0K(9088K) From: 75K(1088K)->78K(1088K)
[2025-04-17T10:49:38.515+0000][178.346s][info][gc,heap        ] GC(143) Tenured: 14311K(22468K)->14311K(22468K)
[2025-04-17T10:49:38.515+0000][178.346s][info][gc,metaspace   ] GC(143) Metaspace: 37262K(37568K)->37262K(37568K) NonClass: 32844K(32960K)->32844K(32960K) Class: 4417K(4608K)->4417K(4608K)
[2025-04-17T10:49:38.516+0000][178.346s][info][gc             ] GC(143) Pause Young (Allocation Failure) 22M->14M(31M) 2.411ms
[2025-04-17T10:49:38.516+0000][178.346s][info][gc,cpu         ] GC(143) User=0.00s Sys=0.00s Real=0.01s
[2025-04-17T10:49:40.082+0000][179.912s][info][gc,start       ] GC(144) Pause Young (Allocation Failure)
[2025-04-17T10:49:40.083+0000][179.913s][info][gc,heap        ] GC(144) DefNew: 9166K(10176K)->92K(10176K) Eden: 9088K(9088K)->0K(9088K) From: 78K(1088K)->92K(1088K)
[2025-04-17T10:49:40.083+0000][179.913s][info][gc,heap        ] GC(144) Tenured: 14311K(22468K)->14311K(22468K)
[2025-04-17T10:49:40.083+0000][179.913s][info][gc,metaspace   ] GC(144) Metaspace: 37262K(37568K)->37262K(37568K) NonClass: 32844K(32960K)->32844K(32960K) Class: 4417K(4608K)->4417K(4608K)
[2025-04-17T10:49:40.083+0000][179.913s][info][gc             ] GC(144) Pause Young (Allocation Failure) 22M->14M(31M) 1.338ms
[2025-04-17T10:49:40.083+0000][179.913s][info][gc,cpu         ] GC(144) User=0.00s Sys=0.00s Real=0.00s
[2025-04-17T10:49:41.650+0000][181.480s][info][gc,start       ] GC(145) Pause Young (Allocation Failure)
[2025-04-17T10:49:41.651+0000][181.481s][info][gc,heap        ] GC(145) DefNew: 9180K(10176K)->77K(10176K) Eden: 9088K(9088K)->0K(9088K) From: 92K(1088K)->77K(1088K)
[2025-04-17T10:49:41.651+0000][181.481s][info][gc,heap        ] GC(145) Tenured: 14311K(22468K)->14312K(22468K)
[2025-04-17T10:49:41.651+0000][181.481s][info][gc,metaspace   ] GC(145) Metaspace: 37262K(37568K)->37262K(37568K) NonClass: 32844K(32960K)->32844K(32960K) Class: 4417K(4608K)->4417K(4608K)
[2025-04-17T10:49:41.651+0000][181.481s][info][gc             ] GC(145) Pause Young (Allocation Failure) 22M->14M(31M) 1.501ms
[2025-04-17T10:49:41.651+0000][181.481s][info][gc,cpu         ] GC(145) User=0.00s Sys=0.00s Real=0.00s
[2025-04-17T10:49:43.302+0000][183.132s][info][gc,start       ] GC(146) Pause Young (Allocation Failure)
[2025-04-17T10:49:43.303+0000][183.133s][info][gc,heap        ] GC(146) DefNew: 9165K(10176K)->92K(10176K) Eden: 9087K(9088K)->0K(9088K) From: 77K(1088K)->92K(1088K)
[2025-04-17T10:49:43.303+0000][183.133s][info][gc,heap        ] GC(146) Tenured: 14312K(22468K)->14313K(22468K)
[2025-04-17T10:49:43.303+0000][183.133s][info][gc,metaspace   ] GC(146) Metaspace: 37262K(37568K)->37262K(37568K) NonClass: 32844K(32960K)->32844K(32960K) Class: 4417K(4608K)->4417K(4608K)
[2025-04-17T10:49:43.303+0000][183.133s][info][gc             ] GC(146) Pause Young (Allocation Failure) 22M->14M(31M) 1.431ms
[2025-04-17T10:49:43.303+0000][183.133s][info][gc,cpu         ] GC(146) User=0.00s Sys=0.00s Real=0.00s
[2025-04-17T10:49:44.605+0000][184.435s][info][gc,start       ] GC(147) Pause Young (Allocation Failure)
[2025-04-17T10:49:44.607+0000][184.438s][info][gc,heap        ] GC(147) DefNew: 9180K(10176K)->77K(10176K) Eden: 9088K(9088K)->0K(9088K) From: 92K(1088K)->77K(1088K)
[2025-04-17T10:49:44.607+0000][184.438s][info][gc,heap        ] GC(147) Tenured: 14313K(22468K)->14314K(22468K)
[2025-04-17T10:49:44.607+0000][184.438s][info][gc,metaspace   ] GC(147) Metaspace: 37262K(37568K)->37262K(37568K) NonClass: 32844K(32960K)->32844K(32960K) Class: 4417K(4608K)->4417K(4608K)
[2025-04-17T10:49:44.607+0000][184.438s][info][gc             ] GC(147) Pause Young (Allocation Failure) 22M->14M(31M) 2.419ms
[2025-04-17T10:49:44.608+0000][184.438s][info][gc,cpu         ] GC(147) User=0.00s Sys=0.00s Real=0.00s
[2025-04-17T10:49:46.140+0000][185.970s][info][gc,start       ] GC(148) Pause Young (Allocation Failure)
[2025-04-17T10:49:46.141+0000][185.971s][info][gc,heap        ] GC(148) DefNew: 9164K(10176K)->84K(10176K) Eden: 9087K(9088K)->0K(9088K) From: 77K(1088K)->84K(1088K)
[2025-04-17T10:49:46.141+0000][185.971s][info][gc,heap        ] GC(148) Tenured: 14314K(22468K)->14314K(22468K)
[2025-04-17T10:49:46.141+0000][185.971s][info][gc,metaspace   ] GC(148) Metaspace: 37264K(37568K)->37264K(37568K) NonClass: 32846K(32960K)->32846K(32960K) Class: 4417K(4608K)->4417K(4608K)
[2025-04-17T10:49:46.141+0000][185.971s][info][gc             ] GC(148) Pause Young (Allocation Failure) 22M->14M(31M) 1.457ms
[2025-04-17T10:49:46.141+0000][185.971s][info][gc,cpu         ] GC(148) User=0.00s Sys=0.00s Real=0.00s
[2025-04-17T10:49:47.804+0000][187.634s][info][gc,start       ] GC(149) Pause Young (Allocation Failure)
[2025-04-17T10:49:47.806+0000][187.636s][info][gc,heap        ] GC(149) DefNew: 9172K(10176K)->78K(10176K) Eden: 9088K(9088K)->0K(9088K) From: 84K(1088K)->78K(1088K)
[2025-04-17T10:49:47.806+0000][187.636s][info][gc,heap        ] GC(149) Tenured: 14314K(22468K)->14314K(22468K)
[2025-04-17T10:49:47.806+0000][187.636s][info][gc,metaspace   ] GC(149) Metaspace: 37268K(37632K)->37268K(37632K) NonClass: 32850K(33024K)->32850K(33024K) Class: 4417K(4608K)->4417K(4608K)
[2025-04-17T10:49:47.806+0000][187.636s][info][gc             ] GC(149) Pause Young (Allocation Failure) 22M->14M(31M) 1.475ms
[2025-04-17T10:49:47.806+0000][187.636s][info][gc,cpu         ] GC(149) User=0.00s Sys=0.00s Real=0.00s
[2025-04-17T10:49:49.193+0000][189.024s][info][gc,start       ] GC(150) Pause Young (Allocation Failure)
[2025-04-17T10:49:49.195+0000][189.025s][info][gc,heap        ] GC(150) DefNew: 9166K(10176K)->93K(10176K) Eden: 9088K(9088K)->0K(9088K) From: 78K(1088K)->93K(1088K)
[2025-04-17T10:49:49.195+0000][189.025s][info][gc,heap        ] GC(150) Tenured: 14314K(22468K)->14314K(22468K)
[2025-04-17T10:49:49.195+0000][189.025s][info][gc,metaspace   ] GC(150) Metaspace: 37268K(37632K)->37268K(37632K) NonClass: 32850K(33024K)->32850K(33024K) Class: 4417K(4608K)->4417K(4608K)
[2025-04-17T10:49:49.195+0000][189.025s][info][gc             ] GC(150) Pause Young (Allocation Failure) 22M->14M(31M) 1.452ms
[2025-04-17T10:49:49.195+0000][189.025s][info][gc,cpu         ] GC(150) User=0.00s Sys=0.00s Real=0.01s
[2025-04-17T10:49:50.835+0000][190.666s][info][gc,start       ] GC(151) Pause Young (Allocation Failure)
[2025-04-17T10:49:50.837+0000][190.667s][info][gc,heap        ] GC(151) DefNew: 9181K(10176K)->77K(10176K) Eden: 9088K(9088K)->0K(9088K) From: 93K(1088K)->77K(1088K)
[2025-04-17T10:49:50.837+0000][190.667s][info][gc,heap        ] GC(151) Tenured: 14314K(22468K)->14315K(22468K)
[2025-04-17T10:49:50.837+0000][190.667s][info][gc,metaspace   ] GC(151) Metaspace: 37268K(37632K)->37268K(37632K) NonClass: 32850K(33024K)->32850K(33024K) Class: 4417K(4608K)->4417K(4608K)
[2025-04-17T10:49:50.837+0000][190.667s][info][gc             ] GC(151) Pause Young (Allocation Failure) 22M->14M(31M) 1.448ms
[2025-04-17T10:49:50.837+0000][190.667s][info][gc,cpu         ] GC(151) User=0.00s Sys=0.00s Real=0.00s
[2025-04-17T10:49:52.305+0000][192.135s][info][gc,start       ] GC(152) Pause Young (Allocation Failure)
[2025-04-17T10:49:52.306+0000][192.136s][info][gc,heap        ] GC(152) DefNew: 9165K(10176K)->93K(10176K) Eden: 9088K(9088K)->0K(9088K) From: 77K(1088K)->93K(1088K)
[2025-04-17T10:49:52.306+0000][192.136s][info][gc,heap        ] GC(152) Tenured: 14315K(22468K)->14315K(22468K)
[2025-04-17T10:49:52.306+0000][192.136s][info][gc,metaspace   ] GC(152) Metaspace: 37268K(37632K)->37268K(37632K) NonClass: 32850K(33024K)->32850K(33024K) Class: 4417K(4608K)->4417K(4608K)
[2025-04-17T10:49:52.306+0000][192.136s][info][gc             ] GC(152) Pause Young (Allocation Failure) 22M->14M(31M) 1.283ms
[2025-04-17T10:49:52.306+0000][192.136s][info][gc,cpu         ] GC(152) User=0.00s Sys=0.00s Real=0.00s
[2025-04-17T10:49:53.853+0000][193.683s][info][gc,start       ] GC(153) Pause Young (Allocation Failure)
[2025-04-17T10:49:53.854+0000][193.684s][info][gc,heap        ] GC(153) DefNew: 9175K(10176K)->80K(10176K) Eden: 9081K(9088K)->0K(9088K) From: 93K(1088K)->80K(1088K)
[2025-04-17T10:49:53.854+0000][193.684s][info][gc,heap        ] GC(153) Tenured: 14315K(22468K)->14315K(22468K)
[2025-04-17T10:49:53.854+0000][193.684s][info][gc,metaspace   ] GC(153) Metaspace: 37268K(37632K)->37268K(37632K) NonClass: 32850K(33024K)->32850K(33024K) Class: 4417K(4608K)->4417K(4608K)
[2025-04-17T10:49:53.854+0000][193.684s][info][gc             ] GC(153) Pause Young (Allocation Failure) 22M->14M(31M) 1.445ms
[2025-04-17T10:49:53.854+0000][193.684s][info][gc,cpu         ] GC(153) User=0.00s Sys=0.00s Real=0.00s
[2025-04-17T10:49:55.386+0000][195.216s][info][gc,start       ] GC(154) Pause Young (Allocation Failure)
[2025-04-17T10:49:55.388+0000][195.218s][info][gc,heap        ] GC(154) DefNew: 9168K(10176K)->97K(10176K) Eden: 9088K(9088K)->0K(9088K) From: 80K(1088K)->97K(1088K)
[2025-04-17T10:49:55.388+0000][195.218s][info][gc,heap        ] GC(154) Tenured: 14315K(22468K)->14315K(22468K)
[2025-04-17T10:49:55.388+0000][195.218s][info][gc,metaspace   ] GC(154) Metaspace: 37268K(37632K)->37268K(37632K) NonClass: 32850K(33024K)->32850K(33024K) Class: 4417K(4608K)->4417K(4608K)
[2025-04-17T10:49:55.388+0000][195.218s][info][gc             ] GC(154) Pause Young (Allocation Failure) 22M->14M(31M) 1.369ms
[2025-04-17T10:49:55.388+0000][195.218s][info][gc,cpu         ] GC(154) User=0.00s Sys=0.00s Real=0.00s
[2025-04-17T10:49:56.863+0000][196.693s][info][gc,start       ] GC(155) Pause Young (Allocation Failure)
[2025-04-17T10:49:56.864+0000][196.694s][info][gc,heap        ] GC(155) DefNew: 9175K(10176K)->81K(10176K) Eden: 9078K(9088K)->0K(9088K) From: 97K(1088K)->81K(1088K)
[2025-04-17T10:49:56.864+0000][196.694s][info][gc,heap        ] GC(155) Tenured: 14315K(22468K)->14315K(22468K)
[2025-04-17T10:49:56.864+0000][196.694s][info][gc,metaspace   ] GC(155) Metaspace: 37268K(37632K)->37268K(37632K) NonClass: 32850K(33024K)->32850K(33024K) Class: 4417K(4608K)->4417K(4608K)
[2025-04-17T10:49:56.864+0000][196.694s][info][gc             ] GC(155) Pause Young (Allocation Failure) 22M->14M(31M) 1.363ms
[2025-04-17T10:49:56.864+0000][196.694s][info][gc,cpu         ] GC(155) User=0.00s Sys=0.00s Real=0.01s
[2025-04-17T10:49:58.364+0000][198.194s][info][gc,start       ] GC(156) Pause Young (Allocation Failure)
[2025-04-17T10:49:58.365+0000][198.196s][info][gc,heap        ] GC(156) DefNew: 9169K(10176K)->95K(10176K) Eden: 9088K(9088K)->0K(9088K) From: 81K(1088K)->95K(1088K)
[2025-04-17T10:49:58.365+0000][198.196s][info][gc,heap        ] GC(156) Tenured: 14315K(22468K)->14315K(22468K)
[2025-04-17T10:49:58.365+0000][198.196s][info][gc,metaspace   ] GC(156) Metaspace: 37268K(37632K)->37268K(37632K) NonClass: 32850K(33024K)->32850K(33024K) Class: 4417K(4608K)->4417K(4608K)
[2025-04-17T10:49:58.365+0000][198.196s][info][gc             ] GC(156) Pause Young (Allocation Failure) 22M->14M(31M) 1.509ms
[2025-04-17T10:49:58.365+0000][198.196s][info][gc,cpu         ] GC(156) User=0.00s Sys=0.00s Real=0.01s
[2025-04-17T10:49:59.803+0000][199.633s][info][gc,start       ] GC(157) Pause Young (Allocation Failure)
[2025-04-17T10:49:59.805+0000][199.635s][info][gc,heap        ] GC(157) DefNew: 9183K(10176K)->80K(10176K) Eden: 9088K(9088K)->0K(9088K) From: 95K(1088K)->80K(1088K)
[2025-04-17T10:49:59.805+0000][199.635s][info][gc,heap        ] GC(157) Tenured: 14315K(22468K)->14315K(22468K)
[2025-04-17T10:49:59.805+0000][199.635s][info][gc,metaspace   ] GC(157) Metaspace: 37268K(37632K)->37268K(37632K) NonClass: 32850K(33024K)->32850K(33024K) Class: 4417K(4608K)->4417K(4608K)
[2025-04-17T10:49:59.805+0000][199.635s][info][gc             ] GC(157) Pause Young (Allocation Failure) 22M->14M(31M) 1.507ms
[2025-04-17T10:49:59.805+0000][199.635s][info][gc,cpu         ] GC(157) User=0.01s Sys=0.00s Real=0.01s
[2025-04-17T10:50:01.486+0000][201.316s][info][gc,start       ] GC(158) Pause Young (Allocation Failure)
[2025-04-17T10:50:01.487+0000][201.317s][info][gc,heap        ] GC(158) DefNew: 9168K(10176K)->95K(10176K) Eden: 9088K(9088K)->0K(9088K) From: 80K(1088K)->95K(1088K)
[2025-04-17T10:50:01.487+0000][201.317s][info][gc,heap        ] GC(158) Tenured: 14315K(22468K)->14315K(22468K)
[2025-04-17T10:50:01.487+0000][201.318s][info][gc,metaspace   ] GC(158) Metaspace: 37268K(37632K)->37268K(37632K) NonClass: 32850K(33024K)->32850K(33024K) Class: 4417K(4608K)->4417K(4608K)
[2025-04-17T10:50:01.487+0000][201.318s][info][gc             ] GC(158) Pause Young (Allocation Failure) 22M->14M(31M) 1.579ms
[2025-04-17T10:50:01.487+0000][201.318s][info][gc,cpu         ] GC(158) User=0.01s Sys=0.00s Real=0.00s
[2025-04-17T10:50:03.004+0000][202.834s][info][gc,start       ] GC(159) Pause Young (Allocation Failure)
[2025-04-17T10:50:03.005+0000][202.835s][info][gc,heap        ] GC(159) DefNew: 9183K(10176K)->80K(10176K) Eden: 9088K(9088K)->0K(9088K) From: 95K(1088K)->80K(1088K)
[2025-04-17T10:50:03.005+0000][202.835s][info][gc,heap        ] GC(159) Tenured: 14315K(22468K)->14316K(22468K)
[2025-04-17T10:50:03.005+0000][202.835s][info][gc,metaspace   ] GC(159) Metaspace: 37269K(37632K)->37269K(37632K) NonClass: 32852K(33024K)->32852K(33024K) Class: 4417K(4608K)->4417K(4608K)
[2025-04-17T10:50:03.005+0000][202.835s][info][gc             ] GC(159) Pause Young (Allocation Failure) 22M->14M(31M) 1.477ms
[2025-04-17T10:50:03.005+0000][202.835s][info][gc,cpu         ] GC(159) User=0.00s Sys=0.00s Real=0.01s
[2025-04-17T10:50:04.560+0000][204.390s][info][gc,start       ] GC(160) Pause Young (Allocation Failure)
[2025-04-17T10:50:04.561+0000][204.391s][info][gc,heap        ] GC(160) DefNew: 9168K(10176K)->95K(10176K) Eden: 9088K(9088K)->0K(9088K) From: 80K(1088K)->95K(1088K)
[2025-04-17T10:50:04.561+0000][204.391s][info][gc,heap        ] GC(160) Tenured: 14316K(22468K)->14317K(22468K)
[2025-04-17T10:50:04.561+0000][204.391s][info][gc,metaspace   ] GC(160) Metaspace: 37269K(37632K)->37269K(37632K) NonClass: 32852K(33024K)->32852K(33024K) Class: 4417K(4608K)->4417K(4608K)
[2025-04-17T10:50:04.561+0000][204.391s][info][gc             ] GC(160) Pause Young (Allocation Failure) 22M->14M(31M) 1.497ms
[2025-04-17T10:50:04.561+0000][204.391s][info][gc,cpu         ] GC(160) User=0.00s Sys=0.00s Real=0.00s
[2025-04-17T10:50:06.148+0000][205.978s][info][gc,start       ] GC(161) Pause Young (Allocation Failure)
[2025-04-17T10:50:06.149+0000][205.979s][info][gc,heap        ] GC(161) DefNew: 9183K(10176K)->76K(10176K) Eden: 9087K(9088K)->0K(9088K) From: 95K(1088K)->76K(1088K)
[2025-04-17T10:50:06.149+0000][205.979s][info][gc,heap        ] GC(161) Tenured: 14317K(22468K)->14317K(22468K)
[2025-04-17T10:50:06.149+0000][205.979s][info][gc,metaspace   ] GC(161) Metaspace: 37275K(37632K)->37275K(37632K) NonClass: 32857K(33024K)->32857K(33024K) Class: 4417K(4608K)->4417K(4608K)
[2025-04-17T10:50:06.149+0000][205.980s][info][gc             ] GC(161) Pause Young (Allocation Failure) 22M->14M(31M) 1.528ms
[2025-04-17T10:50:06.149+0000][205.980s][info][gc,cpu         ] GC(161) User=0.00s Sys=0.00s Real=0.00s
[2025-04-17T10:50:07.772+0000][207.602s][info][gc,start       ] GC(162) Pause Young (Allocation Failure)
[2025-04-17T10:50:07.774+0000][207.604s][info][gc,heap        ] GC(162) DefNew: 9164K(10176K)->77K(10176K) Eden: 9088K(9088K)->0K(9088K) From: 76K(1088K)->77K(1088K)
[2025-04-17T10:50:07.774+0000][207.604s][info][gc,heap        ] GC(162) Tenured: 14317K(22468K)->14318K(22468K)
[2025-04-17T10:50:07.774+0000][207.604s][info][gc,metaspace   ] GC(162) Metaspace: 37275K(37632K)->37275K(37632K) NonClass: 32857K(33024K)->32857K(33024K) Class: 4417K(4608K)->4417K(4608K)
[2025-04-17T10:50:07.774+0000][207.604s][info][gc             ] GC(162) Pause Young (Allocation Failure) 22M->14M(31M) 1.526ms
[2025-04-17T10:50:07.774+0000][207.604s][info][gc,cpu         ] GC(162) User=0.01s Sys=0.00s Real=0.00s
[2025-04-17T10:50:09.488+0000][209.319s][info][gc,start       ] GC(163) Pause Young (Allocation Failure)
[2025-04-17T10:50:09.490+0000][209.320s][info][gc,heap        ] GC(163) DefNew: 9165K(10176K)->82K(10176K) Eden: 9088K(9088K)->0K(9088K) From: 77K(1088K)->82K(1088K)
[2025-04-17T10:50:09.490+0000][209.320s][info][gc,heap        ] GC(163) Tenured: 14318K(22468K)->14320K(22468K)
[2025-04-17T10:50:09.490+0000][209.320s][info][gc,metaspace   ] GC(163) Metaspace: 37283K(37632K)->37283K(37632K) NonClass: 32866K(33024K)->32866K(33024K) Class: 4417K(4608K)->4417K(4608K)
[2025-04-17T10:50:09.490+0000][209.320s][info][gc             ] GC(163) Pause Young (Allocation Failure) 22M->14M(31M) 1.420ms
[2025-04-17T10:50:09.490+0000][209.320s][info][gc,cpu         ] GC(163) User=0.00s Sys=0.00s Real=0.00s
[2025-04-17T10:50:10.827+0000][210.657s][info][gc,start       ] GC(164) Pause Young (Allocation Failure)
[2025-04-17T10:50:10.828+0000][210.658s][info][gc,heap        ] GC(164) DefNew: 9170K(10176K)->75K(10176K) Eden: 9088K(9088K)->0K(9088K) From: 82K(1088K)->75K(1088K)
[2025-04-17T10:50:10.828+0000][210.658s][info][gc,heap        ] GC(164) Tenured: 14320K(22468K)->14320K(22468K)
[2025-04-17T10:50:10.828+0000][210.658s][info][gc,metaspace   ] GC(164) Metaspace: 37285K(37632K)->37285K(37632K) NonClass: 32867K(33024K)->32867K(33024K) Class: 4417K(4608K)->4417K(4608K)
[2025-04-17T10:50:10.828+0000][210.658s][info][gc             ] GC(164) Pause Young (Allocation Failure) 22M->14M(31M) 1.542ms
[2025-04-17T10:50:10.828+0000][210.658s][info][gc,cpu         ] GC(164) User=0.01s Sys=0.00s Real=0.00s
[2025-04-17T10:50:12.605+0000][212.435s][info][gc,start       ] GC(165) Pause Young (Allocation Failure)
[2025-04-17T10:50:12.606+0000][212.436s][info][gc,heap        ] GC(165) DefNew: 9163K(10176K)->92K(10176K) Eden: 9088K(9088K)->0K(9088K) From: 75K(1088K)->92K(1088K)
[2025-04-17T10:50:12.606+0000][212.436s][info][gc,heap        ] GC(165) Tenured: 14320K(22468K)->14320K(22468K)
[2025-04-17T10:50:12.606+0000][212.436s][info][gc,metaspace   ] GC(165) Metaspace: 37285K(37632K)->37285K(37632K) NonClass: 32867K(33024K)->32867K(33024K) Class: 4417K(4608K)->4417K(4608K)
[2025-04-17T10:50:12.606+0000][212.436s][info][gc             ] GC(165) Pause Young (Allocation Failure) 22M->14M(31M) 1.490ms
[2025-04-17T10:50:12.606+0000][212.436s][info][gc,cpu         ] GC(165) User=0.01s Sys=0.00s Real=0.00s
[2025-04-17T10:50:14.225+0000][214.055s][info][gc,start       ] GC(166) Pause Young (Allocation Failure)
[2025-04-17T10:50:14.227+0000][214.057s][info][gc,heap        ] GC(166) DefNew: 9180K(10176K)->87K(10176K) Eden: 9088K(9088K)->0K(9088K) From: 92K(1088K)->87K(1088K)
[2025-04-17T10:50:14.227+0000][214.057s][info][gc,heap        ] GC(166) Tenured: 14320K(22468K)->14320K(22468K)
[2025-04-17T10:50:14.227+0000][214.057s][info][gc,metaspace   ] GC(166) Metaspace: 37285K(37632K)->37285K(37632K) NonClass: 32867K(33024K)->32867K(33024K) Class: 4417K(4608K)->4417K(4608K)
[2025-04-17T10:50:14.227+0000][214.057s][info][gc             ] GC(166) Pause Young (Allocation Failure) 22M->14M(31M) 1.416ms
[2025-04-17T10:50:14.227+0000][214.057s][info][gc,cpu         ] GC(166) User=0.00s Sys=0.00s Real=0.00s
[2025-04-17T10:50:15.787+0000][215.617s][info][gc,start       ] GC(167) Pause Young (Allocation Failure)
[2025-04-17T10:50:15.788+0000][215.618s][info][gc,heap        ] GC(167) DefNew: 9175K(10176K)->78K(10176K) Eden: 9088K(9088K)->0K(9088K) From: 87K(1088K)->78K(1088K)
[2025-04-17T10:50:15.788+0000][215.618s][info][gc,heap        ] GC(167) Tenured: 14320K(22468K)->14320K(22468K)
[2025-04-17T10:50:15.788+0000][215.618s][info][gc,metaspace   ] GC(167) Metaspace: 37285K(37632K)->37285K(37632K) NonClass: 32867K(33024K)->32867K(33024K) Class: 4417K(4608K)->4417K(4608K)
[2025-04-17T10:50:15.788+0000][215.618s][info][gc             ] GC(167) Pause Young (Allocation Failure) 22M->14M(31M) 1.451ms
[2025-04-17T10:50:15.788+0000][215.618s][info][gc,cpu         ] GC(167) User=0.00s Sys=0.00s Real=0.00s
[2025-04-17T10:50:17.327+0000][217.157s][info][gc,start       ] GC(168) Pause Young (Allocation Failure)
[2025-04-17T10:50:17.329+0000][217.159s][info][gc,heap        ] GC(168) DefNew: 9166K(10176K)->91K(10176K) Eden: 9088K(9088K)->0K(9088K) From: 78K(1088K)->91K(1088K)
[2025-04-17T10:50:17.329+0000][217.159s][info][gc,heap        ] GC(168) Tenured: 14320K(22468K)->14320K(22468K)
[2025-04-17T10:50:17.329+0000][217.159s][info][gc,metaspace   ] GC(168) Metaspace: 37286K(37632K)->37286K(37632K) NonClass: 32868K(33024K)->32868K(33024K) Class: 4417K(4608K)->4417K(4608K)
[2025-04-17T10:50:17.329+0000][217.159s][info][gc             ] GC(168) Pause Young (Allocation Failure) 22M->14M(31M) 1.521ms
[2025-04-17T10:50:17.329+0000][217.159s][info][gc,cpu         ] GC(168) User=0.00s Sys=0.00s Real=0.00s
[2025-04-17T10:50:18.905+0000][218.735s][info][gc,start       ] GC(169) Pause Young (Allocation Failure)
[2025-04-17T10:50:18.906+0000][218.736s][info][gc,heap        ] GC(169) DefNew: 9179K(10176K)->76K(10176K) Eden: 9088K(9088K)->0K(9088K) From: 91K(1088K)->76K(1088K)
[2025-04-17T10:50:18.906+0000][218.736s][info][gc,heap        ] GC(169) Tenured: 14320K(22468K)->14321K(22468K)
[2025-04-17T10:50:18.906+0000][218.736s][info][gc,metaspace   ] GC(169) Metaspace: 37286K(37632K)->37286K(37632K) NonClass: 32868K(33024K)->32868K(33024K) Class: 4417K(4608K)->4417K(4608K)
[2025-04-17T10:50:18.906+0000][218.736s][info][gc             ] GC(169) Pause Young (Allocation Failure) 22M->14M(31M) 1.383ms
[2025-04-17T10:50:18.906+0000][218.736s][info][gc,cpu         ] GC(169) User=0.01s Sys=0.01s Real=0.00s
[2025-04-17T10:50:20.686+0000][220.516s][info][gc,start       ] GC(170) Pause Young (Allocation Failure)
[2025-04-17T10:50:20.687+0000][220.517s][info][gc,heap        ] GC(170) DefNew: 9164K(10176K)->92K(10176K) Eden: 9088K(9088K)->0K(9088K) From: 76K(1088K)->92K(1088K)
[2025-04-17T10:50:20.687+0000][220.517s][info][gc,heap        ] GC(170) Tenured: 14321K(22468K)->14321K(22468K)
[2025-04-17T10:50:20.687+0000][220.517s][info][gc,metaspace   ] GC(170) Metaspace: 37286K(37632K)->37286K(37632K) NonClass: 32868K(33024K)->32868K(33024K) Class: 4417K(4608K)->4417K(4608K)
[2025-04-17T10:50:20.687+0000][220.517s][info][gc             ] GC(170) Pause Young (Allocation Failure) 22M->14M(31M) 1.349ms
[2025-04-17T10:50:20.687+0000][220.517s][info][gc,cpu         ] GC(170) User=0.00s Sys=0.00s Real=0.00s
[2025-04-17T10:50:22.166+0000][221.997s][info][gc,start       ] GC(171) Pause Young (Allocation Failure)
[2025-04-17T10:50:22.168+0000][221.998s][info][gc,heap        ] GC(171) DefNew: 9180K(10176K)->78K(10176K) Eden: 9088K(9088K)->0K(9088K) From: 92K(1088K)->78K(1088K)
[2025-04-17T10:50:22.168+0000][221.998s][info][gc,heap        ] GC(171) Tenured: 14321K(22468K)->14321K(22468K)
[2025-04-17T10:50:22.168+0000][221.998s][info][gc,metaspace   ] GC(171) Metaspace: 37287K(37632K)->37287K(37632K) NonClass: 32870K(33024K)->32870K(33024K) Class: 4417K(4608K)->4417K(4608K)
[2025-04-17T10:50:22.168+0000][221.998s][info][gc             ] GC(171) Pause Young (Allocation Failure) 22M->14M(31M) 1.402ms
[2025-04-17T10:50:22.168+0000][221.998s][info][gc,cpu         ] GC(171) User=0.00s Sys=0.00s Real=0.00s
[2025-04-17T10:50:23.953+0000][223.783s][info][gc,start       ] GC(172) Pause Young (Allocation Failure)
[2025-04-17T10:50:23.954+0000][223.784s][info][gc,heap        ] GC(172) DefNew: 9166K(10176K)->94K(10176K) Eden: 9088K(9088K)->0K(9088K) From: 78K(1088K)->94K(1088K)
[2025-04-17T10:50:23.954+0000][223.784s][info][gc,heap        ] GC(172) Tenured: 14321K(22468K)->14321K(22468K)
[2025-04-17T10:50:23.954+0000][223.784s][info][gc,metaspace   ] GC(172) Metaspace: 37287K(37632K)->37287K(37632K) NonClass: 32870K(33024K)->32870K(33024K) Class: 4417K(4608K)->4417K(4608K)
[2025-04-17T10:50:23.954+0000][223.784s][info][gc             ] GC(172) Pause Young (Allocation Failure) 22M->14M(31M) 1.524ms
[2025-04-17T10:50:23.954+0000][223.784s][info][gc,cpu         ] GC(172) User=0.00s Sys=0.00s Real=0.01s
[2025-04-17T10:50:25.419+0000][225.249s][info][gc,start       ] GC(173) Pause Young (Allocation Failure)
[2025-04-17T10:50:25.420+0000][225.250s][info][gc,heap        ] GC(173) DefNew: 9182K(10176K)->108K(10176K) Eden: 9087K(9088K)->0K(9088K) From: 94K(1088K)->108K(1088K)
[2025-04-17T10:50:25.420+0000][225.250s][info][gc,heap        ] GC(173) Tenured: 14321K(22468K)->14321K(22468K)
[2025-04-17T10:50:25.420+0000][225.250s][info][gc,metaspace   ] GC(173) Metaspace: 37303K(37632K)->37303K(37632K) NonClass: 32885K(33024K)->32885K(33024K) Class: 4417K(4608K)->4417K(4608K)
[2025-04-17T10:50:25.420+0000][225.250s][info][gc             ] GC(173) Pause Young (Allocation Failure) 22M->14M(31M) 1.469ms
[2025-04-17T10:50:25.420+0000][225.250s][info][gc,cpu         ] GC(173) User=0.00s Sys=0.00s Real=0.00s
[2025-04-17T10:50:27.060+0000][226.890s][info][gc,start       ] GC(174) Pause Young (Allocation Failure)
[2025-04-17T10:50:27.061+0000][226.891s][info][gc,heap        ] GC(174) DefNew: 9196K(10176K)->88K(10176K) Eden: 9088K(9088K)->0K(9088K) From: 108K(1088K)->88K(1088K)
[2025-04-17T10:50:27.061+0000][226.891s][info][gc,heap        ] GC(174) Tenured: 14321K(22468K)->14321K(22468K)
[2025-04-17T10:50:27.061+0000][226.891s][info][gc,metaspace   ] GC(174) Metaspace: 37303K(37632K)->37303K(37632K) NonClass: 32885K(33024K)->32885K(33024K) Class: 4417K(4608K)->4417K(4608K)
[2025-04-17T10:50:27.061+0000][226.891s][info][gc             ] GC(174) Pause Young (Allocation Failure) 22M->14M(31M) 1.564ms
[2025-04-17T10:50:27.061+0000][226.891s][info][gc,cpu         ] GC(174) User=0.00s Sys=0.00s Real=0.00s
[2025-04-17T10:50:28.753+0000][228.584s][info][gc,start       ] GC(175) Pause Young (Allocation Failure)
[2025-04-17T10:50:28.755+0000][228.585s][info][gc,heap        ] GC(175) DefNew: 9176K(10176K)->94K(10176K) Eden: 9088K(9088K)->0K(9088K) From: 88K(1088K)->94K(1088K)
[2025-04-17T10:50:28.755+0000][228.585s][info][gc,heap        ] GC(175) Tenured: 14321K(22468K)->14321K(22468K)
[2025-04-17T10:50:28.755+0000][228.585s][info][gc,metaspace   ] GC(175) Metaspace: 37303K(37632K)->37303K(37632K) NonClass: 32885K(33024K)->32885K(33024K) Class: 4417K(4608K)->4417K(4608K)
[2025-04-17T10:50:28.755+0000][228.585s][info][gc             ] GC(175) Pause Young (Allocation Failure) 22M->14M(31M) 1.412ms
[2025-04-17T10:50:28.755+0000][228.585s][info][gc,cpu         ] GC(175) User=0.00s Sys=0.00s Real=0.01s
[2025-04-17T10:50:30.191+0000][230.021s][info][gc,start       ] GC(176) Pause Young (Allocation Failure)
[2025-04-17T10:50:30.193+0000][230.023s][info][gc,heap        ] GC(176) DefNew: 9182K(10176K)->80K(10176K) Eden: 9088K(9088K)->0K(9088K) From: 94K(1088K)->80K(1088K)
[2025-04-17T10:50:30.193+0000][230.023s][info][gc,heap        ] GC(176) Tenured: 14321K(22468K)->14322K(22468K)
[2025-04-17T10:50:30.193+0000][230.023s][info][gc,metaspace   ] GC(176) Metaspace: 37306K(37632K)->37306K(37632K) NonClass: 32888K(33024K)->32888K(33024K) Class: 4418K(4608K)->4418K(4608K)
[2025-04-17T10:50:30.193+0000][230.023s][info][gc             ] GC(176) Pause Young (Allocation Failure) 22M->14M(31M) 1.563ms
[2025-04-17T10:50:30.193+0000][230.023s][info][gc,cpu         ] GC(176) User=0.00s Sys=0.00s Real=0.00s
[2025-04-17T10:50:31.832+0000][231.662s][info][gc,start       ] GC(177) Pause Young (Allocation Failure)
[2025-04-17T10:50:31.833+0000][231.664s][info][gc,heap        ] GC(177) DefNew: 9168K(10176K)->97K(10176K) Eden: 9088K(9088K)->0K(9088K) From: 80K(1088K)->97K(1088K)
[2025-04-17T10:50:31.833+0000][231.664s][info][gc,heap        ] GC(177) Tenured: 14322K(22468K)->14323K(22468K)
[2025-04-17T10:50:31.833+0000][231.664s][info][gc,metaspace   ] GC(177) Metaspace: 37306K(37632K)->37306K(37632K) NonClass: 32888K(33024K)->32888K(33024K) Class: 4418K(4608K)->4418K(4608K)
[2025-04-17T10:50:31.834+0000][231.664s][info][gc             ] GC(177) Pause Young (Allocation Failure) 22M->14M(31M) 1.376ms
[2025-04-17T10:50:31.834+0000][231.664s][info][gc,cpu         ] GC(177) User=0.00s Sys=0.00s Real=0.00s
[2025-04-17T10:50:33.454+0000][233.284s][info][gc,start       ] GC(178) Pause Young (Allocation Failure)
[2025-04-17T10:50:33.455+0000][233.286s][info][gc,heap        ] GC(178) DefNew: 9185K(10176K)->83K(10176K) Eden: 9088K(9088K)->0K(9088K) From: 97K(1088K)->83K(1088K)
[2025-04-17T10:50:33.455+0000][233.286s][info][gc,heap        ] GC(178) Tenured: 14323K(22468K)->14323K(22468K)
[2025-04-17T10:50:33.455+0000][233.286s][info][gc,metaspace   ] GC(178) Metaspace: 37306K(37632K)->37306K(37632K) NonClass: 32888K(33024K)->32888K(33024K) Class: 4418K(4608K)->4418K(4608K)
[2025-04-17T10:50:33.455+0000][233.286s][info][gc             ] GC(178) Pause Young (Allocation Failure) 22M->14M(31M) 1.542ms
[2025-04-17T10:50:33.456+0000][233.286s][info][gc,cpu         ] GC(178) User=0.00s Sys=0.00s Real=0.01s
[2025-04-17T10:50:35.034+0000][234.864s][info][gc,start       ] GC(179) Pause Young (Allocation Failure)
[2025-04-17T10:50:35.035+0000][234.865s][info][gc,heap        ] GC(179) DefNew: 9171K(10176K)->91K(10176K) Eden: 9088K(9088K)->0K(9088K) From: 83K(1088K)->91K(1088K)
[2025-04-17T10:50:35.035+0000][234.865s][info][gc,heap        ] GC(179) Tenured: 14323K(22468K)->14323K(22468K)
[2025-04-17T10:50:35.035+0000][234.865s][info][gc,metaspace   ] GC(179) Metaspace: 37306K(37632K)->37306K(37632K) NonClass: 32888K(33024K)->32888K(33024K) Class: 4418K(4608K)->4418K(4608K)
[2025-04-17T10:50:35.035+0000][234.865s][info][gc             ] GC(179) Pause Young (Allocation Failure) 22M->14M(31M) 1.591ms
[2025-04-17T10:50:35.035+0000][234.865s][info][gc,cpu         ] GC(179) User=0.00s Sys=0.00s Real=0.01s
[2025-04-17T10:50:36.551+0000][236.382s][info][gc,start       ] GC(180) Pause Young (Allocation Failure)
[2025-04-17T10:50:36.553+0000][236.383s][info][gc,heap        ] GC(180) DefNew: 9179K(10176K)->82K(10176K) Eden: 9088K(9088K)->0K(9088K) From: 91K(1088K)->82K(1088K)
[2025-04-17T10:50:36.553+0000][236.383s][info][gc,heap        ] GC(180) Tenured: 14323K(22468K)->14323K(22468K)
[2025-04-17T10:50:36.553+0000][236.383s][info][gc,metaspace   ] GC(180) Metaspace: 37306K(37632K)->37306K(37632K) NonClass: 32888K(33024K)->32888K(33024K) Class: 4418K(4608K)->4418K(4608K)
[2025-04-17T10:50:36.553+0000][236.383s][info][gc             ] GC(180) Pause Young (Allocation Failure) 22M->14M(31M) 1.484ms
[2025-04-17T10:50:36.553+0000][236.383s][info][gc,cpu         ] GC(180) User=0.00s Sys=0.00s Real=0.00s
[2025-04-17T10:50:38.003+0000][237.833s][info][gc,start       ] GC(181) Pause Young (Allocation Failure)
[2025-04-17T10:50:38.004+0000][237.834s][info][gc,heap        ] GC(181) DefNew: 9170K(10176K)->89K(10176K) Eden: 9088K(9088K)->0K(9088K) From: 82K(1088K)->89K(1088K)
[2025-04-17T10:50:38.004+0000][237.835s][info][gc,heap        ] GC(181) Tenured: 14323K(22468K)->14323K(22468K)
[2025-04-17T10:50:38.004+0000][237.835s][info][gc,metaspace   ] GC(181) Metaspace: 37306K(37632K)->37306K(37632K) NonClass: 32888K(33024K)->32888K(33024K) Class: 4418K(4608K)->4418K(4608K)
[2025-04-17T10:50:38.004+0000][237.835s][info][gc             ] GC(181) Pause Young (Allocation Failure) 22M->14M(31M) 1.572ms
[2025-04-17T10:50:38.004+0000][237.835s][info][gc,cpu         ] GC(181) User=0.01s Sys=0.00s Real=0.01s
[2025-04-17T10:50:39.578+0000][239.408s][info][gc,start       ] GC(182) Pause Young (Allocation Failure)
[2025-04-17T10:50:39.579+0000][239.409s][info][gc,heap        ] GC(182) DefNew: 9177K(10176K)->90K(10176K) Eden: 9088K(9088K)->0K(9088K) From: 89K(1088K)->90K(1088K)
[2025-04-17T10:50:39.579+0000][239.409s][info][gc,heap        ] GC(182) Tenured: 14323K(22468K)->14323K(22468K)
[2025-04-17T10:50:39.579+0000][239.409s][info][gc,metaspace   ] GC(182) Metaspace: 37306K(37632K)->37306K(37632K) NonClass: 32888K(33024K)->32888K(33024K) Class: 4418K(4608K)->4418K(4608K)
[2025-04-17T10:50:39.579+0000][239.409s][info][gc             ] GC(182) Pause Young (Allocation Failure) 22M->14M(31M) 1.327ms
[2025-04-17T10:50:39.579+0000][239.409s][info][gc,cpu         ] GC(182) User=0.01s Sys=0.00s Real=0.00s
[2025-04-17T10:50:41.225+0000][241.055s][info][gc,start       ] GC(183) Pause Young (Allocation Failure)
[2025-04-17T10:50:41.226+0000][241.056s][info][gc,heap        ] GC(183) DefNew: 9178K(10176K)->87K(10176K) Eden: 9088K(9088K)->0K(9088K) From: 90K(1088K)->87K(1088K)
[2025-04-17T10:50:41.226+0000][241.056s][info][gc,heap        ] GC(183) Tenured: 14323K(22468K)->14324K(22468K)
[2025-04-17T10:50:41.226+0000][241.056s][info][gc,metaspace   ] GC(183) Metaspace: 37306K(37632K)->37306K(37632K) NonClass: 32888K(33024K)->32888K(33024K) Class: 4418K(4608K)->4418K(4608K)
[2025-04-17T10:50:41.226+0000][241.056s][info][gc             ] GC(183) Pause Young (Allocation Failure) 22M->14M(31M) 1.449ms
[2025-04-17T10:50:41.226+0000][241.056s][info][gc,cpu         ] GC(183) User=0.00s Sys=0.00s Real=0.00s
[2025-04-17T10:50:42.715+0000][242.545s][info][gc,start       ] GC(184) Pause Young (Allocation Failure)
[2025-04-17T10:50:42.716+0000][242.546s][info][gc,heap        ] GC(184) DefNew: 9175K(10176K)->92K(10176K) Eden: 9088K(9088K)->0K(9088K) From: 87K(1088K)->92K(1088K)
[2025-04-17T10:50:42.716+0000][242.546s][info][gc,heap        ] GC(184) Tenured: 14324K(22468K)->14324K(22468K)
[2025-04-17T10:50:42.716+0000][242.546s][info][gc,metaspace   ] GC(184) Metaspace: 37306K(37632K)->37306K(37632K) NonClass: 32888K(33024K)->32888K(33024K) Class: 4418K(4608K)->4418K(4608K)
[2025-04-17T10:50:42.716+0000][242.546s][info][gc             ] GC(184) Pause Young (Allocation Failure) 22M->14M(31M) 1.498ms
[2025-04-17T10:50:42.716+0000][242.546s][info][gc,cpu         ] GC(184) User=0.00s Sys=0.00s Real=0.00s
[2025-04-17T10:50:44.149+0000][243.979s][info][gc,start       ] GC(185) Pause Young (Allocation Failure)
[2025-04-17T10:50:44.150+0000][243.980s][info][gc,heap        ] GC(185) DefNew: 9180K(10176K)->88K(10176K) Eden: 9088K(9088K)->0K(9088K) From: 92K(1088K)->88K(1088K)
[2025-04-17T10:50:44.150+0000][243.980s][info][gc,heap        ] GC(185) Tenured: 14324K(22468K)->14326K(22468K)
[2025-04-17T10:50:44.150+0000][243.980s][info][gc,metaspace   ] GC(185) Metaspace: 37306K(37632K)->37306K(37632K) NonClass: 32888K(33024K)->32888K(33024K) Class: 4418K(4608K)->4418K(4608K)
[2025-04-17T10:50:44.150+0000][243.980s][info][gc             ] GC(185) Pause Young (Allocation Failure) 22M->14M(31M) 1.445ms
[2025-04-17T10:50:44.150+0000][243.980s][info][gc,cpu         ] GC(185) User=0.00s Sys=0.00s Real=0.00s
[2025-04-17T10:50:45.859+0000][245.689s][info][gc,start       ] GC(186) Pause Young (Allocation Failure)
[2025-04-17T10:50:45.861+0000][245.691s][info][gc,heap        ] GC(186) DefNew: 9173K(10176K)->93K(10176K) Eden: 9084K(9088K)->0K(9088K) From: 88K(1088K)->93K(1088K)
[2025-04-17T10:50:45.861+0000][245.691s][info][gc,heap        ] GC(186) Tenured: 14326K(22468K)->14327K(22468K)
[2025-04-17T10:50:45.861+0000][245.691s][info][gc,metaspace   ] GC(186) Metaspace: 37306K(37632K)->37306K(37632K) NonClass: 32888K(33024K)->32888K(33024K) Class: 4418K(4608K)->4418K(4608K)
[2025-04-17T10:50:45.861+0000][245.691s][info][gc             ] GC(186) Pause Young (Allocation Failure) 22M->14M(31M) 1.469ms
[2025-04-17T10:50:45.861+0000][245.691s][info][gc,cpu         ] GC(186) User=0.00s Sys=0.00s Real=0.00s
[2025-04-17T10:50:47.255+0000][247.085s][info][gc,start       ] GC(187) Pause Young (Allocation Failure)
[2025-04-17T10:50:47.256+0000][247.086s][info][gc,heap        ] GC(187) DefNew: 9181K(10176K)->88K(10176K) Eden: 9088K(9088K)->0K(9088K) From: 93K(1088K)->88K(1088K)
[2025-04-17T10:50:47.256+0000][247.086s][info][gc,heap        ] GC(187) Tenured: 14327K(22468K)->14327K(22468K)
[2025-04-17T10:50:47.256+0000][247.086s][info][gc,metaspace   ] GC(187) Metaspace: 37306K(37632K)->37306K(37632K) NonClass: 32888K(33024K)->32888K(33024K) Class: 4418K(4608K)->4418K(4608K)
[2025-04-17T10:50:47.256+0000][247.086s][info][gc             ] GC(187) Pause Young (Allocation Failure) 22M->14M(31M) 1.410ms
[2025-04-17T10:50:47.256+0000][247.086s][info][gc,cpu         ] GC(187) User=0.00s Sys=0.00s Real=0.00s
[2025-04-17T10:50:49.024+0000][248.854s][info][gc,start       ] GC(188) Pause Young (Allocation Failure)
[2025-04-17T10:50:49.026+0000][248.856s][info][gc,heap        ] GC(188) DefNew: 9176K(10176K)->103K(10176K) Eden: 9088K(9088K)->0K(9088K) From: 88K(1088K)->103K(1088K)
[2025-04-17T10:50:49.026+0000][248.856s][info][gc,heap        ] GC(188) Tenured: 14327K(22468K)->14327K(22468K)
[2025-04-17T10:50:49.026+0000][248.856s][info][gc,metaspace   ] GC(188) Metaspace: 37306K(37632K)->37306K(37632K) NonClass: 32888K(33024K)->32888K(33024K) Class: 4418K(4608K)->4418K(4608K)
[2025-04-17T10:50:49.026+0000][248.856s][info][gc             ] GC(188) Pause Young (Allocation Failure) 22M->14M(31M) 1.390ms
[2025-04-17T10:50:49.026+0000][248.856s][info][gc,cpu         ] GC(188) User=0.01s Sys=0.00s Real=0.00s
[2025-04-17T10:50:50.652+0000][250.482s][info][gc,start       ] GC(189) Pause Young (Allocation Failure)
[2025-04-17T10:50:50.654+0000][250.484s][info][gc,heap        ] GC(189) DefNew: 9191K(10176K)->100K(10176K) Eden: 9088K(9088K)->0K(9088K) From: 103K(1088K)->100K(1088K)
[2025-04-17T10:50:50.654+0000][250.484s][info][gc,heap        ] GC(189) Tenured: 14327K(22468K)->14328K(22468K)
[2025-04-17T10:50:50.654+0000][250.484s][info][gc,metaspace   ] GC(189) Metaspace: 37306K(37632K)->37306K(37632K) NonClass: 32888K(33024K)->32888K(33024K) Class: 4418K(4608K)->4418K(4608K)
[2025-04-17T10:50:50.654+0000][250.484s][info][gc             ] GC(189) Pause Young (Allocation Failure) 22M->14M(31M) 1.599ms
[2025-04-17T10:50:50.654+0000][250.484s][info][gc,cpu         ] GC(189) User=0.01s Sys=0.00s Real=0.00s
[2025-04-17T10:50:52.103+0000][251.933s][info][gc,start       ] GC(190) Pause Young (Allocation Failure)
[2025-04-17T10:50:52.104+0000][251.935s][info][gc,heap        ] GC(190) DefNew: 9188K(10176K)->104K(10176K) Eden: 9088K(9088K)->0K(9088K) From: 100K(1088K)->104K(1088K)
[2025-04-17T10:50:52.105+0000][251.935s][info][gc,heap        ] GC(190) Tenured: 14328K(22468K)->14328K(22468K)
[2025-04-17T10:50:52.105+0000][251.935s][info][gc,metaspace   ] GC(190) Metaspace: 37306K(37632K)->37306K(37632K) NonClass: 32888K(33024K)->32888K(33024K) Class: 4418K(4608K)->4418K(4608K)
[2025-04-17T10:50:52.105+0000][251.935s][info][gc             ] GC(190) Pause Young (Allocation Failure) 22M->14M(31M) 1.574ms
[2025-04-17T10:50:52.105+0000][251.935s][info][gc,cpu         ] GC(190) User=0.00s Sys=0.01s Real=0.01s
[2025-04-17T10:50:53.834+0000][253.665s][info][gc,start       ] GC(191) Pause Young (Allocation Failure)
[2025-04-17T10:50:53.836+0000][253.666s][info][gc,heap        ] GC(191) DefNew: 9192K(10176K)->136K(10176K) Eden: 9088K(9088K)->0K(9088K) From: 104K(1088K)->136K(1088K)
[2025-04-17T10:50:53.836+0000][253.666s][info][gc,heap        ] GC(191) Tenured: 14328K(22468K)->14331K(22468K)
[2025-04-17T10:50:53.836+0000][253.666s][info][gc,metaspace   ] GC(191) Metaspace: 37306K(37632K)->37306K(37632K) NonClass: 32888K(33024K)->32888K(33024K) Class: 4418K(4608K)->4418K(4608K)
[2025-04-17T10:50:53.836+0000][253.666s][info][gc             ] GC(191) Pause Young (Allocation Failure) 22M->14M(31M) 1.638ms
[2025-04-17T10:50:53.836+0000][253.666s][info][gc,cpu         ] GC(191) User=0.00s Sys=0.00s Real=0.00s
[2025-04-17T10:50:55.297+0000][255.127s][info][gc,start       ] GC(192) Pause Young (Allocation Failure)
[2025-04-17T10:50:55.298+0000][255.128s][info][gc,heap        ] GC(192) DefNew: 9224K(10176K)->101K(10176K) Eden: 9088K(9088K)->0K(9088K) From: 136K(1088K)->101K(1088K)
[2025-04-17T10:50:55.298+0000][255.128s][info][gc,heap        ] GC(192) Tenured: 14331K(22468K)->14332K(22468K)
[2025-04-17T10:50:55.298+0000][255.128s][info][gc,metaspace   ] GC(192) Metaspace: 37306K(37632K)->37306K(37632K) NonClass: 32888K(33024K)->32888K(33024K) Class: 4418K(4608K)->4418K(4608K)
[2025-04-17T10:50:55.298+0000][255.129s][info][gc             ] GC(192) Pause Young (Allocation Failure) 23M->14M(31M) 1.538ms
[2025-04-17T10:50:55.298+0000][255.129s][info][gc,cpu         ] GC(192) User=0.00s Sys=0.00s Real=0.00s
[2025-04-17T10:50:56.928+0000][256.758s][info][gc,start       ] GC(193) Pause Young (Allocation Failure)
[2025-04-17T10:50:56.930+0000][256.760s][info][gc,heap        ] GC(193) DefNew: 9189K(10176K)->85K(10176K) Eden: 9088K(9088K)->0K(9088K) From: 101K(1088K)->85K(1088K)
[2025-04-17T10:50:56.930+0000][256.760s][info][gc,heap        ] GC(193) Tenured: 14332K(22468K)->14335K(22468K)
[2025-04-17T10:50:56.930+0000][256.760s][info][gc,metaspace   ] GC(193) Metaspace: 37306K(37632K)->37306K(37632K) NonClass: 32888K(33024K)->32888K(33024K) Class: 4418K(4608K)->4418K(4608K)
[2025-04-17T10:50:56.930+0000][256.760s][info][gc             ] GC(193) Pause Young (Allocation Failure) 22M->14M(31M) 1.451ms
[2025-04-17T10:50:56.930+0000][256.760s][info][gc,cpu         ] GC(193) User=0.00s Sys=0.00s Real=0.00s
[2025-04-17T10:50:58.493+0000][258.323s][info][gc,start       ] GC(194) Pause Young (Allocation Failure)
[2025-04-17T10:50:58.495+0000][258.325s][info][gc,heap        ] GC(194) DefNew: 9173K(10176K)->99K(10176K) Eden: 9088K(9088K)->0K(9088K) From: 85K(1088K)->99K(1088K)
[2025-04-17T10:50:58.495+0000][258.325s][info][gc,heap        ] GC(194) Tenured: 14335K(22468K)->14335K(22468K)
[2025-04-17T10:50:58.495+0000][258.325s][info][gc,metaspace   ] GC(194) Metaspace: 37306K(37632K)->37306K(37632K) NonClass: 32888K(33024K)->32888K(33024K) Class: 4418K(4608K)->4418K(4608K)
[2025-04-17T10:50:58.495+0000][258.325s][info][gc             ] GC(194) Pause Young (Allocation Failure) 22M->14M(31M) 1.408ms
[2025-04-17T10:50:58.495+0000][258.325s][info][gc,cpu         ] GC(194) User=0.00s Sys=0.00s Real=0.01s
[2025-04-17T10:50:59.988+0000][259.818s][info][gc,start       ] GC(195) Pause Young (Allocation Failure)
[2025-04-17T10:50:59.989+0000][259.819s][info][gc,heap        ] GC(195) DefNew: 9187K(10176K)->85K(10176K) Eden: 9088K(9088K)->0K(9088K) From: 99K(1088K)->85K(1088K)
[2025-04-17T10:50:59.989+0000][259.819s][info][gc,heap        ] GC(195) Tenured: 14335K(22468K)->14335K(22468K)
[2025-04-17T10:50:59.989+0000][259.819s][info][gc,metaspace   ] GC(195) Metaspace: 37306K(37632K)->37306K(37632K) NonClass: 32888K(33024K)->32888K(33024K) Class: 4418K(4608K)->4418K(4608K)
[2025-04-17T10:50:59.989+0000][259.819s][info][gc             ] GC(195) Pause Young (Allocation Failure) 22M->14M(31M) 1.376ms
[2025-04-17T10:50:59.989+0000][259.819s][info][gc,cpu         ] GC(195) User=0.00s Sys=0.00s Real=0.00s
[2025-04-17T10:51:01.642+0000][261.472s][info][gc,start       ] GC(196) Pause Young (Allocation Failure)
[2025-04-17T10:51:01.643+0000][261.473s][info][gc,heap        ] GC(196) DefNew: 9173K(10176K)->106K(10176K) Eden: 9088K(9088K)->0K(9088K) From: 85K(1088K)->106K(1088K)
[2025-04-17T10:51:01.643+0000][261.473s][info][gc,heap        ] GC(196) Tenured: 14335K(22468K)->14335K(22468K)
[2025-04-17T10:51:01.643+0000][261.473s][info][gc,metaspace   ] GC(196) Metaspace: 37307K(37632K)->37307K(37632K) NonClass: 32889K(33024K)->32889K(33024K) Class: 4418K(4608K)->4418K(4608K)
[2025-04-17T10:51:01.643+0000][261.473s][info][gc             ] GC(196) Pause Young (Allocation Failure) 22M->14M(31M) 1.430ms
[2025-04-17T10:51:01.643+0000][261.473s][info][gc,cpu         ] GC(196) User=0.00s Sys=0.00s Real=0.00s
[2025-04-17T10:51:03.043+0000][262.873s][info][gc,start       ] GC(197) Pause Young (Allocation Failure)
[2025-04-17T10:51:03.045+0000][262.875s][info][gc,heap        ] GC(197) DefNew: 9184K(10176K)->90K(10176K) Eden: 9078K(9088K)->0K(9088K) From: 106K(1088K)->90K(1088K)
[2025-04-17T10:51:03.045+0000][262.875s][info][gc,heap        ] GC(197) Tenured: 14335K(22468K)->14335K(22468K)
[2025-04-17T10:51:03.045+0000][262.875s][info][gc,metaspace   ] GC(197) Metaspace: 37308K(37632K)->37308K(37632K) NonClass: 32890K(33024K)->32890K(33024K) Class: 4418K(4608K)->4418K(4608K)
[2025-04-17T10:51:03.045+0000][262.875s][info][gc             ] GC(197) Pause Young (Allocation Failure) 22M->14M(31M) 1.538ms
[2025-04-17T10:51:03.045+0000][262.875s][info][gc,cpu         ] GC(197) User=0.00s Sys=0.00s Real=0.01s
[2025-04-17T10:51:04.560+0000][264.391s][info][gc,start       ] GC(198) Pause Young (Allocation Failure)
[2025-04-17T10:51:04.562+0000][264.392s][info][gc,heap        ] GC(198) DefNew: 9178K(10176K)->103K(10176K) Eden: 9088K(9088K)->0K(9088K) From: 90K(1088K)->103K(1088K)
[2025-04-17T10:51:04.562+0000][264.392s][info][gc,heap        ] GC(198) Tenured: 14335K(22468K)->14335K(22468K)
[2025-04-17T10:51:04.562+0000][264.392s][info][gc,metaspace   ] GC(198) Metaspace: 37308K(37632K)->37308K(37632K) NonClass: 32890K(33024K)->32890K(33024K) Class: 4418K(4608K)->4418K(4608K)
[2025-04-17T10:51:04.562+0000][264.392s][info][gc             ] GC(198) Pause Young (Allocation Failure) 22M->14M(31M) 1.384ms
[2025-04-17T10:51:04.562+0000][264.392s][info][gc,cpu         ] GC(198) User=0.00s Sys=0.00s Real=0.00s
[2025-04-17T10:51:06.018+0000][265.848s][info][gc,start       ] GC(199) Pause Young (Allocation Failure)
[2025-04-17T10:51:06.019+0000][265.850s][info][gc,heap        ] GC(199) DefNew: 9191K(10176K)->88K(10176K) Eden: 9088K(9088K)->0K(9088K) From: 103K(1088K)->88K(1088K)
[2025-04-17T10:51:06.019+0000][265.850s][info][gc,heap        ] GC(199) Tenured: 14335K(22468K)->14337K(22468K)
[2025-04-17T10:51:06.019+0000][265.850s][info][gc,metaspace   ] GC(199) Metaspace: 37309K(37632K)->37309K(37632K) NonClass: 32891K(33024K)->32891K(33024K) Class: 4418K(4608K)->4418K(4608K)
[2025-04-17T10:51:06.019+0000][265.850s][info][gc             ] GC(199) Pause Young (Allocation Failure) 22M->14M(31M) 1.361ms
[2025-04-17T10:51:06.019+0000][265.850s][info][gc,cpu         ] GC(199) User=0.00s Sys=0.00s Real=0.00s
[2025-04-17T10:51:07.679+0000][267.509s][info][gc,start       ] GC(200) Pause Young (Allocation Failure)
[2025-04-17T10:51:07.680+0000][267.510s][info][gc,heap        ] GC(200) DefNew: 9176K(10176K)->108K(10176K) Eden: 9088K(9088K)->0K(9088K) From: 88K(1088K)->108K(1088K)
[2025-04-17T10:51:07.680+0000][267.510s][info][gc,heap        ] GC(200) Tenured: 14337K(22468K)->14338K(22468K)
[2025-04-17T10:51:07.680+0000][267.510s][info][gc,metaspace   ] GC(200) Metaspace: 37309K(37632K)->37309K(37632K) NonClass: 32891K(33024K)->32891K(33024K) Class: 4418K(4608K)->4418K(4608K)
[2025-04-17T10:51:07.680+0000][267.510s][info][gc             ] GC(200) Pause Young (Allocation Failure) 22M->14M(31M) 1.570ms
[2025-04-17T10:51:07.680+0000][267.511s][info][gc,cpu         ] GC(200) User=0.00s Sys=0.00s Real=0.00s
[2025-04-17T10:51:09.310+0000][269.140s][info][gc,start       ] GC(201) Pause Young (Allocation Failure)
[2025-04-17T10:51:09.311+0000][269.141s][info][gc,heap        ] GC(201) DefNew: 9196K(10176K)->84K(10176K) Eden: 9088K(9088K)->0K(9088K) From: 108K(1088K)->84K(1088K)
[2025-04-17T10:51:09.311+0000][269.141s][info][gc,heap        ] GC(201) Tenured: 14338K(22468K)->14341K(22468K)
[2025-04-17T10:51:09.311+0000][269.141s][info][gc,metaspace   ] GC(201) Metaspace: 37309K(37632K)->37309K(37632K) NonClass: 32891K(33024K)->32891K(33024K) Class: 4418K(4608K)->4418K(4608K)
[2025-04-17T10:51:09.311+0000][269.141s][info][gc             ] GC(201) Pause Young (Allocation Failure) 22M->14M(31M) 1.543ms
[2025-04-17T10:51:09.311+0000][269.141s][info][gc,cpu         ] GC(201) User=0.01s Sys=0.00s Real=0.00s
[2025-04-17T10:51:10.789+0000][270.619s][info][gc,start       ] GC(202) Pause Young (Allocation Failure)
[2025-04-17T10:51:10.790+0000][270.620s][info][gc,heap        ] GC(202) DefNew: 9172K(10176K)->92K(10176K) Eden: 9088K(9088K)->0K(9088K) From: 84K(1088K)->92K(1088K)
[2025-04-17T10:51:10.790+0000][270.620s][info][gc,heap        ] GC(202) Tenured: 14341K(22468K)->14343K(22468K)
[2025-04-17T10:51:10.790+0000][270.620s][info][gc,metaspace   ] GC(202) Metaspace: 37309K(37632K)->37309K(37632K) NonClass: 32891K(33024K)->32891K(33024K) Class: 4418K(4608K)->4418K(4608K)
[2025-04-17T10:51:10.790+0000][270.620s][info][gc             ] GC(202) Pause Young (Allocation Failure) 22M->14M(31M) 1.377ms
[2025-04-17T10:51:10.790+0000][270.620s][info][gc,cpu         ] GC(202) User=0.00s Sys=0.00s Real=0.00s
[2025-04-17T10:51:12.661+0000][272.491s][info][gc,start       ] GC(203) Pause Young (Allocation Failure)
[2025-04-17T10:51:12.662+0000][272.493s][info][gc,heap        ] GC(203) DefNew: 9180K(10176K)->81K(10176K) Eden: 9088K(9088K)->0K(9088K) From: 92K(1088K)->81K(1088K)
[2025-04-17T10:51:12.662+0000][272.493s][info][gc,heap        ] GC(203) Tenured: 14343K(22468K)->14343K(22468K)
[2025-04-17T10:51:12.662+0000][272.493s][info][gc,metaspace   ] GC(203) Metaspace: 37310K(37632K)->37310K(37632K) NonClass: 32892K(33024K)->32892K(33024K) Class: 4418K(4608K)->4418K(4608K)
[2025-04-17T10:51:12.662+0000][272.493s][info][gc             ] GC(203) Pause Young (Allocation Failure) 22M->14M(31M) 1.543ms
[2025-04-17T10:51:12.662+0000][272.493s][info][gc,cpu         ] GC(203) User=0.00s Sys=0.00s Real=0.00s
[2025-04-17T10:51:13.982+0000][273.812s][info][gc,start       ] GC(204) Pause Young (Allocation Failure)
[2025-04-17T10:51:13.983+0000][273.813s][info][gc,heap        ] GC(204) DefNew: 9169K(10176K)->84K(10176K) Eden: 9088K(9088K)->0K(9088K) From: 81K(1088K)->84K(1088K)
[2025-04-17T10:51:13.983+0000][273.813s][info][gc,heap        ] GC(204) Tenured: 14343K(22468K)->14343K(22468K)
[2025-04-17T10:51:13.983+0000][273.813s][info][gc,metaspace   ] GC(204) Metaspace: 37310K(37632K)->37310K(37632K) NonClass: 32892K(33024K)->32892K(33024K) Class: 4418K(4608K)->4418K(4608K)
[2025-04-17T10:51:13.983+0000][273.813s][info][gc             ] GC(204) Pause Young (Allocation Failure) 22M->14M(31M) 1.339ms
[2025-04-17T10:51:13.983+0000][273.813s][info][gc,cpu         ] GC(204) User=0.00s Sys=0.00s Real=0.00s
[2025-04-17T10:51:15.762+0000][275.593s][info][gc,start       ] GC(205) Pause Young (Allocation Failure)
[2025-04-17T10:51:15.764+0000][275.594s][info][gc,heap        ] GC(205) DefNew: 9172K(10176K)->99K(10176K) Eden: 9088K(9088K)->0K(9088K) From: 84K(1088K)->99K(1088K)
[2025-04-17T10:51:15.764+0000][275.594s][info][gc,heap        ] GC(205) Tenured: 14343K(22468K)->14344K(22468K)
[2025-04-17T10:51:15.764+0000][275.594s][info][gc,metaspace   ] GC(205) Metaspace: 37311K(37632K)->37311K(37632K) NonClass: 32893K(33024K)->32893K(33024K) Class: 4418K(4608K)->4418K(4608K)
[2025-04-17T10:51:15.764+0000][275.594s][info][gc             ] GC(205) Pause Young (Allocation Failure) 22M->14M(31M) 1.311ms
[2025-04-17T10:51:15.764+0000][275.594s][info][gc,cpu         ] GC(205) User=0.00s Sys=0.00s Real=0.00s
[2025-04-17T10:51:17.220+0000][277.050s][info][gc,start       ] GC(206) Pause Young (Allocation Failure)
[2025-04-17T10:51:17.221+0000][277.051s][info][gc,heap        ] GC(206) DefNew: 9187K(10176K)->83K(10176K) Eden: 9088K(9088K)->0K(9088K) From: 99K(1088K)->83K(1088K)
[2025-04-17T10:51:17.221+0000][277.051s][info][gc,heap        ] GC(206) Tenured: 14344K(22468K)->14344K(22468K)
[2025-04-17T10:51:17.221+0000][277.051s][info][gc,metaspace   ] GC(206) Metaspace: 37313K(37632K)->37313K(37632K) NonClass: 32895K(33024K)->32895K(33024K) Class: 4418K(4608K)->4418K(4608K)
[2025-04-17T10:51:17.221+0000][277.051s][info][gc             ] GC(206) Pause Young (Allocation Failure) 22M->14M(31M) 1.330ms
[2025-04-17T10:51:17.221+0000][277.051s][info][gc,cpu         ] GC(206) User=0.00s Sys=0.00s Real=0.00s
[2025-04-17T10:51:19.079+0000][278.909s][info][gc,start       ] GC(207) Pause Young (Allocation Failure)
[2025-04-17T10:51:19.080+0000][278.910s][info][gc,heap        ] GC(207) DefNew: 9171K(10176K)->97K(10176K) Eden: 9088K(9088K)->0K(9088K) From: 83K(1088K)->97K(1088K)
[2025-04-17T10:51:19.080+0000][278.910s][info][gc,heap        ] GC(207) Tenured: 14344K(22468K)->14344K(22468K)
[2025-04-17T10:51:19.080+0000][278.910s][info][gc,metaspace   ] GC(207) Metaspace: 37315K(37632K)->37315K(37632K) NonClass: 32897K(33024K)->32897K(33024K) Class: 4418K(4608K)->4418K(4608K)
[2025-04-17T10:51:19.080+0000][278.910s][info][gc             ] GC(207) Pause Young (Allocation Failure) 22M->14M(31M) 1.571ms
[2025-04-17T10:51:19.080+0000][278.911s][info][gc,cpu         ] GC(207) User=0.00s Sys=0.00s Real=0.00s
[2025-04-17T10:51:20.665+0000][280.495s][info][gc,start       ] GC(208) Pause Young (Allocation Failure)
[2025-04-17T10:51:20.666+0000][280.496s][info][gc,heap        ] GC(208) DefNew: 9185K(10176K)->91K(10176K) Eden: 9088K(9088K)->0K(9088K) From: 97K(1088K)->91K(1088K)
[2025-04-17T10:51:20.666+0000][280.496s][info][gc,heap        ] GC(208) Tenured: 14344K(22468K)->14345K(22468K)
[2025-04-17T10:51:20.666+0000][280.496s][info][gc,metaspace   ] GC(208) Metaspace: 37315K(37632K)->37315K(37632K) NonClass: 32897K(33024K)->32897K(33024K) Class: 4418K(4608K)->4418K(4608K)
[2025-04-17T10:51:20.666+0000][280.496s][info][gc             ] GC(208) Pause Young (Allocation Failure) 22M->14M(31M) 1.638ms
[2025-04-17T10:51:20.666+0000][280.496s][info][gc,cpu         ] GC(208) User=0.00s Sys=0.00s Real=0.00s
[2025-04-17T10:51:22.100+0000][281.930s][info][gc,start       ] GC(209) Pause Young (Allocation Failure)
[2025-04-17T10:51:22.101+0000][281.931s][info][gc,heap        ] GC(209) DefNew: 9179K(10176K)->86K(10176K) Eden: 9088K(9088K)->0K(9088K) From: 91K(1088K)->86K(1088K)
[2025-04-17T10:51:22.101+0000][281.931s][info][gc,heap        ] GC(209) Tenured: 14345K(22468K)->14346K(22468K)
[2025-04-17T10:51:22.101+0000][281.931s][info][gc,metaspace   ] GC(209) Metaspace: 37318K(37632K)->37318K(37632K) NonClass: 32900K(33024K)->32900K(33024K) Class: 4418K(4608K)->4418K(4608K)
[2025-04-17T10:51:22.101+0000][281.931s][info][gc             ] GC(209) Pause Young (Allocation Failure) 22M->14M(31M) 1.465ms
[2025-04-17T10:51:22.101+0000][281.931s][info][gc,cpu         ] GC(209) User=0.00s Sys=0.00s Real=0.00s
[2025-04-17T10:51:23.715+0000][283.545s][info][gc,start       ] GC(210) Pause Young (Allocation Failure)
[2025-04-17T10:51:23.716+0000][283.547s][info][gc,heap        ] GC(210) DefNew: 9174K(10176K)->103K(10176K) Eden: 9088K(9088K)->0K(9088K) From: 86K(1088K)->103K(1088K)
[2025-04-17T10:51:23.716+0000][283.547s][info][gc,heap        ] GC(210) Tenured: 14346K(22468K)->14346K(22468K)
[2025-04-17T10:51:23.716+0000][283.547s][info][gc,metaspace   ] GC(210) Metaspace: 37318K(37632K)->37318K(37632K) NonClass: 32900K(33024K)->32900K(33024K) Class: 4418K(4608K)->4418K(4608K)
[2025-04-17T10:51:23.717+0000][283.547s][info][gc             ] GC(210) Pause Young (Allocation Failure) 22M->14M(31M) 1.522ms
[2025-04-17T10:51:23.717+0000][283.547s][info][gc,cpu         ] GC(210) User=0.01s Sys=0.00s Real=0.00s
[2025-04-17T10:51:25.213+0000][285.044s][info][gc,start       ] GC(211) Pause Young (Allocation Failure)
[2025-04-17T10:51:25.215+0000][285.045s][info][gc,heap        ] GC(211) DefNew: 9186K(10176K)->92K(10176K) Eden: 9083K(9088K)->0K(9088K) From: 103K(1088K)->92K(1088K)
[2025-04-17T10:51:25.215+0000][285.045s][info][gc,heap        ] GC(211) Tenured: 14346K(22468K)->14346K(22468K)
[2025-04-17T10:51:25.215+0000][285.045s][info][gc,metaspace   ] GC(211) Metaspace: 37318K(37632K)->37318K(37632K) NonClass: 32900K(33024K)->32900K(33024K) Class: 4418K(4608K)->4418K(4608K)
[2025-04-17T10:51:25.215+0000][285.045s][info][gc             ] GC(211) Pause Young (Allocation Failure) 22M->14M(31M) 1.368ms
[2025-04-17T10:51:25.215+0000][285.045s][info][gc,cpu         ] GC(211) User=0.00s Sys=0.00s Real=0.01s
[2025-04-17T10:51:26.771+0000][286.602s][info][gc,start       ] GC(212) Pause Young (Allocation Failure)
[2025-04-17T10:51:26.773+0000][286.603s][info][gc,heap        ] GC(212) DefNew: 9180K(10176K)->101K(10176K) Eden: 9088K(9088K)->0K(9088K) From: 92K(1088K)->101K(1088K)
[2025-04-17T10:51:26.773+0000][286.603s][info][gc,heap        ] GC(212) Tenured: 14346K(22468K)->14350K(22468K)
[2025-04-17T10:51:26.773+0000][286.603s][info][gc,metaspace   ] GC(212) Metaspace: 37318K(37632K)->37318K(37632K) NonClass: 32900K(33024K)->32900K(33024K) Class: 4418K(4608K)->4418K(4608K)
[2025-04-17T10:51:26.773+0000][286.603s][info][gc             ] GC(212) Pause Young (Allocation Failure) 22M->14M(31M) 1.495ms
[2025-04-17T10:51:26.773+0000][286.603s][info][gc,cpu         ] GC(212) User=0.00s Sys=0.00s Real=0.00s
[2025-04-17T10:51:28.250+0000][288.080s][info][gc,start       ] GC(213) Pause Young (Allocation Failure)
[2025-04-17T10:51:28.252+0000][288.082s][info][gc,heap        ] GC(213) DefNew: 9181K(10176K)->89K(10176K) Eden: 9080K(9088K)->0K(9088K) From: 101K(1088K)->89K(1088K)
[2025-04-17T10:51:28.252+0000][288.082s][info][gc,heap        ] GC(213) Tenured: 14350K(22468K)->14350K(22468K)
[2025-04-17T10:51:28.252+0000][288.082s][info][gc,metaspace   ] GC(213) Metaspace: 37318K(37632K)->37318K(37632K) NonClass: 32900K(33024K)->32900K(33024K) Class: 4418K(4608K)->4418K(4608K)
[2025-04-17T10:51:28.252+0000][288.082s][info][gc             ] GC(213) Pause Young (Allocation Failure) 22M->14M(31M) 1.429ms
[2025-04-17T10:51:28.252+0000][288.082s][info][gc,cpu         ] GC(213) User=0.01s Sys=0.00s Real=0.00s
[2025-04-17T10:51:29.830+0000][289.660s][info][gc,start       ] GC(214) Pause Young (Allocation Failure)
[2025-04-17T10:51:29.832+0000][289.662s][info][gc,heap        ] GC(214) DefNew: 9177K(10176K)->105K(10176K) Eden: 9088K(9088K)->0K(9088K) From: 89K(1088K)->105K(1088K)
[2025-04-17T10:51:29.832+0000][289.662s][info][gc,heap        ] GC(214) Tenured: 14350K(22468K)->14350K(22468K)
[2025-04-17T10:51:29.832+0000][289.662s][info][gc,metaspace   ] GC(214) Metaspace: 37318K(37632K)->37318K(37632K) NonClass: 32900K(33024K)->32900K(33024K) Class: 4418K(4608K)->4418K(4608K)
[2025-04-17T10:51:29.832+0000][289.662s][info][gc             ] GC(214) Pause Young (Allocation Failure) 22M->14M(31M) 1.384ms
[2025-04-17T10:51:29.832+0000][289.662s][info][gc,cpu         ] GC(214) User=0.00s Sys=0.00s Real=0.00s
[2025-04-17T10:51:31.371+0000][291.201s][info][gc,start       ] GC(215) Pause Young (Allocation Failure)
[2025-04-17T10:51:31.372+0000][291.203s][info][gc,heap        ] GC(215) DefNew: 9193K(10176K)->86K(10176K) Eden: 9088K(9088K)->0K(9088K) From: 105K(1088K)->86K(1088K)
[2025-04-17T10:51:31.372+0000][291.203s][info][gc,heap        ] GC(215) Tenured: 14350K(22468K)->14351K(22468K)
[2025-04-17T10:51:31.372+0000][291.203s][info][gc,metaspace   ] GC(215) Metaspace: 37318K(37632K)->37318K(37632K) NonClass: 32900K(33024K)->32900K(33024K) Class: 4418K(4608K)->4418K(4608K)
[2025-04-17T10:51:31.373+0000][291.203s][info][gc             ] GC(215) Pause Young (Allocation Failure) 22M->14M(31M) 1.406ms
[2025-04-17T10:51:31.373+0000][291.203s][info][gc,cpu         ] GC(215) User=0.00s Sys=0.00s Real=0.00s
[2025-04-17T10:51:32.932+0000][292.762s][info][gc,start       ] GC(216) Pause Young (Allocation Failure)
[2025-04-17T10:51:32.934+0000][292.764s][info][gc,heap        ] GC(216) DefNew: 9174K(10176K)->95K(10176K) Eden: 9088K(9088K)->0K(9088K) From: 86K(1088K)->95K(1088K)
[2025-04-17T10:51:32.934+0000][292.764s][info][gc,heap        ] GC(216) Tenured: 14351K(22468K)->14354K(22468K)
[2025-04-17T10:51:32.934+0000][292.765s][info][gc,metaspace   ] GC(216) Metaspace: 37318K(37632K)->37318K(37632K) NonClass: 32900K(33024K)->32900K(33024K) Class: 4418K(4608K)->4418K(4608K)
[2025-04-17T10:51:32.934+0000][292.765s][info][gc             ] GC(216) Pause Young (Allocation Failure) 22M->14M(31M) 2.332ms
[2025-04-17T10:51:32.934+0000][292.765s][info][gc,cpu         ] GC(216) User=0.00s Sys=0.00s Real=0.01s
[2025-04-17T10:51:34.706+0000][294.536s][info][gc,start       ] GC(217) Pause Young (Allocation Failure)
[2025-04-17T10:51:34.707+0000][294.537s][info][gc,heap        ] GC(217) DefNew: 9183K(10176K)->93K(10176K) Eden: 9088K(9088K)->0K(9088K) From: 95K(1088K)->93K(1088K)
[2025-04-17T10:51:34.707+0000][294.537s][info][gc,heap        ] GC(217) Tenured: 14354K(22468K)->14354K(22468K)
[2025-04-17T10:51:34.707+0000][294.537s][info][gc,metaspace   ] GC(217) Metaspace: 37318K(37632K)->37318K(37632K) NonClass: 32900K(33024K)->32900K(33024K) Class: 4418K(4608K)->4418K(4608K)
[2025-04-17T10:51:34.707+0000][294.537s][info][gc             ] GC(217) Pause Young (Allocation Failure) 22M->14M(31M) 1.352ms
[2025-04-17T10:51:34.707+0000][294.537s][info][gc,cpu         ] GC(217) User=0.00s Sys=0.00s Real=0.00s
[2025-04-17T10:51:36.326+0000][296.156s][info][gc,start       ] GC(218) Pause Young (Allocation Failure)
[2025-04-17T10:51:36.327+0000][296.157s][info][gc,heap        ] GC(218) DefNew: 9181K(10176K)->96K(10176K) Eden: 9088K(9088K)->0K(9088K) From: 93K(1088K)->96K(1088K)
[2025-04-17T10:51:36.327+0000][296.157s][info][gc,heap        ] GC(218) Tenured: 14354K(22468K)->14354K(22468K)
[2025-04-17T10:51:36.327+0000][296.157s][info][gc,metaspace   ] GC(218) Metaspace: 37318K(37632K)->37318K(37632K) NonClass: 32900K(33024K)->32900K(33024K) Class: 4418K(4608K)->4418K(4608K)
[2025-04-17T10:51:36.327+0000][296.157s][info][gc             ] GC(218) Pause Young (Allocation Failure) 22M->14M(31M) 1.517ms
[2025-04-17T10:51:36.327+0000][296.158s][info][gc,cpu         ] GC(218) User=0.00s Sys=0.00s Real=0.00s
[2025-04-17T10:51:37.661+0000][297.491s][info][gc,start       ] GC(219) Pause Young (Allocation Failure)
[2025-04-17T10:51:37.662+0000][297.492s][info][gc,heap        ] GC(219) DefNew: 9184K(10176K)->102K(10176K) Eden: 9088K(9088K)->0K(9088K) From: 96K(1088K)->102K(1088K)
[2025-04-17T10:51:37.662+0000][297.492s][info][gc,heap        ] GC(219) Tenured: 14354K(22468K)->14355K(22468K)
[2025-04-17T10:51:37.662+0000][297.492s][info][gc,metaspace   ] GC(219) Metaspace: 37318K(37632K)->37318K(37632K) NonClass: 32900K(33024K)->32900K(33024K) Class: 4418K(4608K)->4418K(4608K)
[2025-04-17T10:51:37.662+0000][297.492s][info][gc             ] GC(219) Pause Young (Allocation Failure) 22M->14M(31M) 1.438ms
[2025-04-17T10:51:37.662+0000][297.492s][info][gc,cpu         ] GC(219) User=0.00s Sys=0.00s Real=0.00s
[2025-04-17T10:51:39.422+0000][299.253s][info][gc,start       ] GC(220) Pause Young (Allocation Failure)
[2025-04-17T10:51:39.424+0000][299.254s][info][gc,heap        ] GC(220) DefNew: 9190K(10176K)->97K(10176K) Eden: 9088K(9088K)->0K(9088K) From: 102K(1088K)->97K(1088K)
[2025-04-17T10:51:39.424+0000][299.254s][info][gc,heap        ] GC(220) Tenured: 14355K(22468K)->14356K(22468K)
[2025-04-17T10:51:39.424+0000][299.254s][info][gc,metaspace   ] GC(220) Metaspace: 37318K(37632K)->37318K(37632K) NonClass: 32900K(33024K)->32900K(33024K) Class: 4418K(4608K)->4418K(4608K)
[2025-04-17T10:51:39.424+0000][299.254s][info][gc             ] GC(220) Pause Young (Allocation Failure) 22M->14M(31M) 1.348ms
[2025-04-17T10:51:39.424+0000][299.254s][info][gc,cpu         ] GC(220) User=0.00s Sys=0.00s Real=0.00s
[2025-04-17T10:51:40.849+0000][300.679s][info][gc,start       ] GC(221) Pause Young (Allocation Failure)
[2025-04-17T10:51:40.851+0000][300.681s][info][gc,heap        ] GC(221) DefNew: 9185K(10176K)->107K(10176K) Eden: 9088K(9088K)->0K(9088K) From: 97K(1088K)->107K(1088K)
[2025-04-17T10:51:40.851+0000][300.681s][info][gc,heap        ] GC(221) Tenured: 14356K(22468K)->14356K(22468K)
[2025-04-17T10:51:40.851+0000][300.681s][info][gc,metaspace   ] GC(221) Metaspace: 37318K(37632K)->37318K(37632K) NonClass: 32900K(33024K)->32900K(33024K) Class: 4418K(4608K)->4418K(4608K)
[2025-04-17T10:51:40.851+0000][300.681s][info][gc             ] GC(221) Pause Young (Allocation Failure) 22M->14M(31M) 2.120ms
[2025-04-17T10:51:40.851+0000][300.681s][info][gc,cpu         ] GC(221) User=0.00s Sys=0.00s Real=0.00s
[2025-04-17T10:51:42.438+0000][302.268s][info][gc,start       ] GC(222) Pause Young (Allocation Failure)
[2025-04-17T10:51:42.439+0000][302.270s][info][gc,heap        ] GC(222) DefNew: 9195K(10176K)->95K(10176K) Eden: 9088K(9088K)->0K(9088K) From: 107K(1088K)->95K(1088K)
[2025-04-17T10:51:42.439+0000][302.270s][info][gc,heap        ] GC(222) Tenured: 14356K(22468K)->14358K(22468K)
[2025-04-17T10:51:42.439+0000][302.270s][info][gc,metaspace   ] GC(222) Metaspace: 37319K(37632K)->37319K(37632K) NonClass: 32901K(33024K)->32901K(33024K) Class: 4418K(4608K)->4418K(4608K)
[2025-04-17T10:51:42.439+0000][302.270s][info][gc             ] GC(222) Pause Young (Allocation Failure) 23M->14M(31M) 1.318ms
[2025-04-17T10:51:42.439+0000][302.270s][info][gc,cpu         ] GC(222) User=0.00s Sys=0.00s Real=0.00s
[2025-04-17T10:51:44.041+0000][303.871s][info][gc,start       ] GC(223) Pause Young (Allocation Failure)
[2025-04-17T10:51:44.043+0000][303.873s][info][gc,heap        ] GC(223) DefNew: 9183K(10176K)->110K(10176K) Eden: 9088K(9088K)->0K(9088K) From: 95K(1088K)->110K(1088K)
[2025-04-17T10:51:44.043+0000][303.873s][info][gc,heap        ] GC(223) Tenured: 14358K(22468K)->14359K(22468K)
[2025-04-17T10:51:44.043+0000][303.873s][info][gc,metaspace   ] GC(223) Metaspace: 37319K(37632K)->37319K(37632K) NonClass: 32901K(33024K)->32901K(33024K) Class: 4418K(4608K)->4418K(4608K)
[2025-04-17T10:51:44.043+0000][303.873s][info][gc             ] GC(223) Pause Young (Allocation Failure) 22M->14M(31M) 1.500ms
[2025-04-17T10:51:44.043+0000][303.873s][info][gc,cpu         ] GC(223) User=0.00s Sys=0.00s Real=0.00s
[2025-04-17T10:51:45.599+0000][305.429s][info][gc,start       ] GC(224) Pause Young (Allocation Failure)
[2025-04-17T10:51:45.601+0000][305.431s][info][gc,heap        ] GC(224) DefNew: 9198K(10176K)->91K(10176K) Eden: 9087K(9088K)->0K(9088K) From: 110K(1088K)->91K(1088K)
[2025-04-17T10:51:45.601+0000][305.431s][info][gc,heap        ] GC(224) Tenured: 14359K(22468K)->14359K(22468K)
[2025-04-17T10:51:45.601+0000][305.431s][info][gc,metaspace   ] GC(224) Metaspace: 37319K(37632K)->37319K(37632K) NonClass: 32901K(33024K)->32901K(33024K) Class: 4418K(4608K)->4418K(4608K)
[2025-04-17T10:51:45.601+0000][305.431s][info][gc             ] GC(224) Pause Young (Allocation Failure) 23M->14M(31M) 1.412ms
[2025-04-17T10:51:45.601+0000][305.431s][info][gc,cpu         ] GC(224) User=0.00s Sys=0.00s Real=0.00s
[2025-04-17T10:51:46.904+0000][306.735s][info][gc,start       ] GC(225) Pause Young (Allocation Failure)
[2025-04-17T10:51:46.906+0000][306.736s][info][gc,heap        ] GC(225) DefNew: 9179K(10176K)->90K(10176K) Eden: 9088K(9088K)->0K(9088K) From: 91K(1088K)->90K(1088K)
[2025-04-17T10:51:46.906+0000][306.736s][info][gc,heap        ] GC(225) Tenured: 14359K(22468K)->14361K(22468K)
[2025-04-17T10:51:46.906+0000][306.736s][info][gc,metaspace   ] GC(225) Metaspace: 37319K(37632K)->37319K(37632K) NonClass: 32901K(33024K)->32901K(33024K) Class: 4418K(4608K)->4418K(4608K)
[2025-04-17T10:51:46.906+0000][306.736s][info][gc             ] GC(225) Pause Young (Allocation Failure) 22M->14M(31M) 1.434ms
[2025-04-17T10:51:46.906+0000][306.736s][info][gc,cpu         ] GC(225) User=0.00s Sys=0.00s Real=0.00s
[2025-04-17T10:51:48.485+0000][308.315s][info][gc,start       ] GC(226) Pause Young (Allocation Failure)
[2025-04-17T10:51:48.486+0000][308.316s][info][gc,heap        ] GC(226) DefNew: 9178K(10176K)->105K(10176K) Eden: 9088K(9088K)->0K(9088K) From: 90K(1088K)->105K(1088K)
[2025-04-17T10:51:48.486+0000][308.316s][info][gc,heap        ] GC(226) Tenured: 14361K(22468K)->14363K(22468K)
[2025-04-17T10:51:48.486+0000][308.316s][info][gc,metaspace   ] GC(226) Metaspace: 37319K(37632K)->37319K(37632K) NonClass: 32901K(33024K)->32901K(33024K) Class: 4418K(4608K)->4418K(4608K)
[2025-04-17T10:51:48.486+0000][308.316s][info][gc             ] GC(226) Pause Young (Allocation Failure) 22M->14M(31M) 1.336ms
[2025-04-17T10:51:48.486+0000][308.316s][info][gc,cpu         ] GC(226) User=0.00s Sys=0.00s Real=0.00s
[2025-04-17T10:51:50.047+0000][309.877s][info][gc,start       ] GC(227) Pause Young (Allocation Failure)
[2025-04-17T10:51:50.048+0000][309.878s][info][gc,heap        ] GC(227) DefNew: 9189K(10176K)->94K(10176K) Eden: 9084K(9088K)->0K(9088K) From: 105K(1088K)->94K(1088K)
[2025-04-17T10:51:50.048+0000][309.878s][info][gc,heap        ] GC(227) Tenured: 14363K(22468K)->14363K(22468K)
[2025-04-17T10:51:50.048+0000][309.878s][info][gc,metaspace   ] GC(227) Metaspace: 37319K(37632K)->37319K(37632K) NonClass: 32901K(33024K)->32901K(33024K) Class: 4418K(4608K)->4418K(4608K)
[2025-04-17T10:51:50.048+0000][309.878s][info][gc             ] GC(227) Pause Young (Allocation Failure) 23M->14M(31M) 1.479ms
[2025-04-17T10:51:50.048+0000][309.878s][info][gc,cpu         ] GC(227) User=0.00s Sys=0.00s Real=0.00s
[2025-04-17T10:51:51.855+0000][311.686s][info][gc,start       ] GC(228) Pause Young (Allocation Failure)
[2025-04-17T10:51:51.857+0000][311.687s][info][gc,heap        ] GC(228) DefNew: 9182K(10176K)->109K(10176K) Eden: 9088K(9088K)->0K(9088K) From: 94K(1088K)->109K(1088K)
[2025-04-17T10:51:51.857+0000][311.687s][info][gc,heap        ] GC(228) Tenured: 14363K(22468K)->14364K(22468K)
[2025-04-17T10:51:51.857+0000][311.687s][info][gc,metaspace   ] GC(228) Metaspace: 37330K(37632K)->37330K(37632K) NonClass: 32911K(33024K)->32911K(33024K) Class: 4418K(4608K)->4418K(4608K)
[2025-04-17T10:51:51.857+0000][311.687s][info][gc             ] GC(228) Pause Young (Allocation Failure) 22M->14M(31M) 1.484ms
[2025-04-17T10:51:51.857+0000][311.687s][info][gc,cpu         ] GC(228) User=0.00s Sys=0.00s Real=0.00s
[2025-04-17T10:51:53.205+0000][313.035s][info][gc,start       ] GC(229) Pause Young (Allocation Failure)
[2025-04-17T10:51:53.206+0000][313.037s][info][gc,heap        ] GC(229) DefNew: 9197K(10176K)->89K(10176K) Eden: 9088K(9088K)->0K(9088K) From: 109K(1088K)->89K(1088K)
[2025-04-17T10:51:53.206+0000][313.037s][info][gc,heap        ] GC(229) Tenured: 14364K(22468K)->14365K(22468K)
[2025-04-17T10:51:53.206+0000][313.037s][info][gc,metaspace   ] GC(229) Metaspace: 37330K(37632K)->37330K(37632K) NonClass: 32911K(33024K)->32911K(33024K) Class: 4418K(4608K)->4418K(4608K)
[2025-04-17T10:51:53.206+0000][313.037s][info][gc             ] GC(229) Pause Young (Allocation Failure) 23M->14M(31M) 1.408ms
[2025-04-17T10:51:53.206+0000][313.037s][info][gc,cpu         ] GC(229) User=0.00s Sys=0.00s Real=0.00s
[2025-04-17T10:51:54.939+0000][314.769s][info][gc,start       ] GC(230) Pause Young (Allocation Failure)
[2025-04-17T10:51:54.940+0000][314.770s][info][gc,heap        ] GC(230) DefNew: 9177K(10176K)->106K(10176K) Eden: 9088K(9088K)->0K(9088K) From: 89K(1088K)->106K(1088K)
[2025-04-17T10:51:54.940+0000][314.770s][info][gc,heap        ] GC(230) Tenured: 14365K(22468K)->14365K(22468K)
[2025-04-17T10:51:54.940+0000][314.770s][info][gc,metaspace   ] GC(230) Metaspace: 37330K(37632K)->37330K(37632K) NonClass: 32911K(33024K)->32911K(33024K) Class: 4418K(4608K)->4418K(4608K)
[2025-04-17T10:51:54.940+0000][314.770s][info][gc             ] GC(230) Pause Young (Allocation Failure) 22M->14M(31M) 1.465ms
[2025-04-17T10:51:54.940+0000][314.770s][info][gc,cpu         ] GC(230) User=0.00s Sys=0.00s Real=0.00s
[2025-04-17T10:51:56.332+0000][316.163s][info][gc,start       ] GC(231) Pause Young (Allocation Failure)
[2025-04-17T10:51:56.334+0000][316.164s][info][gc,heap        ] GC(231) DefNew: 9194K(10176K)->107K(10176K) Eden: 9088K(9088K)->0K(9088K) From: 106K(1088K)->107K(1088K)
[2025-04-17T10:51:56.334+0000][316.164s][info][gc,heap        ] GC(231) Tenured: 14365K(22468K)->14367K(22468K)
[2025-04-17T10:51:56.334+0000][316.164s][info][gc,metaspace   ] GC(231) Metaspace: 37330K(37632K)->37330K(37632K) NonClass: 32911K(33024K)->32911K(33024K) Class: 4418K(4608K)->4418K(4608K)
[2025-04-17T10:51:56.334+0000][316.164s][info][gc             ] GC(231) Pause Young (Allocation Failure) 23M->14M(31M) 1.479ms
[2025-04-17T10:51:56.334+0000][316.164s][info][gc,cpu         ] GC(231) User=0.00s Sys=0.00s Real=0.00s
[2025-04-17T10:51:58.086+0000][317.916s][info][gc,start       ] GC(232) Pause Young (Allocation Failure)
[2025-04-17T10:51:58.087+0000][317.918s][info][gc,heap        ] GC(232) DefNew: 9195K(10176K)->90K(10176K) Eden: 9088K(9088K)->0K(9088K) From: 107K(1088K)->90K(1088K)
[2025-04-17T10:51:58.087+0000][317.918s][info][gc,heap        ] GC(232) Tenured: 14367K(22468K)->14368K(22468K)
[2025-04-17T10:51:58.087+0000][317.918s][info][gc,metaspace   ] GC(232) Metaspace: 37330K(37632K)->37330K(37632K) NonClass: 32911K(33024K)->32911K(33024K) Class: 4418K(4608K)->4418K(4608K)
[2025-04-17T10:51:58.087+0000][317.918s][info][gc             ] GC(232) Pause Young (Allocation Failure) 23M->14M(31M) 1.338ms
[2025-04-17T10:51:58.087+0000][317.918s][info][gc,cpu         ] GC(232) User=0.00s Sys=0.00s Real=0.00s
[2025-04-17T10:51:59.642+0000][319.472s][info][gc,start       ] GC(233) Pause Young (Allocation Failure)
[2025-04-17T10:51:59.644+0000][319.474s][info][gc,heap        ] GC(233) DefNew: 9178K(10176K)->94K(10176K) Eden: 9088K(9088K)->0K(9088K) From: 90K(1088K)->94K(1088K)
[2025-04-17T10:51:59.644+0000][319.474s][info][gc,heap        ] GC(233) Tenured: 14368K(22468K)->14370K(22468K)
[2025-04-17T10:51:59.644+0000][319.474s][info][gc,metaspace   ] GC(233) Metaspace: 37330K(37632K)->37330K(37632K) NonClass: 32911K(33024K)->32911K(33024K) Class: 4418K(4608K)->4418K(4608K)
[2025-04-17T10:51:59.644+0000][319.474s][info][gc             ] GC(233) Pause Young (Allocation Failure) 22M->14M(31M) 1.468ms
[2025-04-17T10:51:59.644+0000][319.474s][info][gc,cpu         ] GC(233) User=0.01s Sys=0.00s Real=0.00s
[2025-04-17T10:52:01.119+0000][320.949s][info][gc,start       ] GC(234) Pause Young (Allocation Failure)
[2025-04-17T10:52:01.120+0000][320.951s][info][gc,heap        ] GC(234) DefNew: 9182K(10176K)->99K(10176K) Eden: 9088K(9088K)->0K(9088K) From: 94K(1088K)->99K(1088K)
[2025-04-17T10:52:01.120+0000][320.951s][info][gc,heap        ] GC(234) Tenured: 14370K(22468K)->14370K(22468K)
[2025-04-17T10:52:01.120+0000][320.951s][info][gc,metaspace   ] GC(234) Metaspace: 37330K(37632K)->37330K(37632K) NonClass: 32911K(33024K)->32911K(33024K) Class: 4418K(4608K)->4418K(4608K)
[2025-04-17T10:52:01.121+0000][320.951s][info][gc             ] GC(234) Pause Young (Allocation Failure) 23M->14M(31M) 1.415ms
[2025-04-17T10:52:01.121+0000][320.951s][info][gc,cpu         ] GC(234) User=0.00s Sys=0.00s Real=0.00s
[2025-04-17T10:52:02.662+0000][322.492s][info][gc,start       ] GC(235) Pause Young (Allocation Failure)
[2025-04-17T10:52:02.663+0000][322.493s][info][gc,heap        ] GC(235) DefNew: 9187K(10176K)->91K(10176K) Eden: 9088K(9088K)->0K(9088K) From: 99K(1088K)->91K(1088K)
[2025-04-17T10:52:02.663+0000][322.493s][info][gc,heap        ] GC(235) Tenured: 14370K(22468K)->14374K(22468K)
[2025-04-17T10:52:02.663+0000][322.493s][info][gc,metaspace   ] GC(235) Metaspace: 37330K(37632K)->37330K(37632K) NonClass: 32911K(33024K)->32911K(33024K) Class: 4418K(4608K)->4418K(4608K)
[2025-04-17T10:52:02.663+0000][322.493s][info][gc             ] GC(235) Pause Young (Allocation Failure) 23M->14M(31M) 1.470ms
[2025-04-17T10:52:02.663+0000][322.493s][info][gc,cpu         ] GC(235) User=0.00s Sys=0.00s Real=0.00s
[2025-04-17T10:52:04.208+0000][324.038s][info][gc,start       ] GC(236) Pause Young (Allocation Failure)
[2025-04-17T10:52:04.209+0000][324.039s][info][gc,heap        ] GC(236) DefNew: 9178K(10176K)->88K(10176K) Eden: 9087K(9088K)->0K(9088K) From: 91K(1088K)->88K(1088K)
[2025-04-17T10:52:04.209+0000][324.039s][info][gc,heap        ] GC(236) Tenured: 14374K(22468K)->14376K(22468K)
[2025-04-17T10:52:04.209+0000][324.039s][info][gc,metaspace   ] GC(236) Metaspace: 37330K(37632K)->37330K(37632K) NonClass: 32911K(33024K)->32911K(33024K) Class: 4418K(4608K)->4418K(4608K)
[2025-04-17T10:52:04.209+0000][324.039s][info][gc             ] GC(236) Pause Young (Allocation Failure) 23M->14M(31M) 1.343ms
[2025-04-17T10:52:04.209+0000][324.039s][info][gc,cpu         ] GC(236) User=0.00s Sys=0.00s Real=0.00s
[2025-04-17T10:52:05.893+0000][325.724s][info][gc,start       ] GC(237) Pause Young (Allocation Failure)
[2025-04-17T10:52:05.895+0000][325.725s][info][gc,heap        ] GC(237) DefNew: 9176K(10176K)->97K(10176K) Eden: 9087K(9088K)->0K(9088K) From: 88K(1088K)->97K(1088K)
[2025-04-17T10:52:05.895+0000][325.725s][info][gc,heap        ] GC(237) Tenured: 14376K(22468K)->14378K(22468K)
[2025-04-17T10:52:05.895+0000][325.725s][info][gc,metaspace   ] GC(237) Metaspace: 37330K(37632K)->37330K(37632K) NonClass: 32911K(33024K)->32911K(33024K) Class: 4418K(4608K)->4418K(4608K)
[2025-04-17T10:52:05.895+0000][325.725s][info][gc             ] GC(237) Pause Young (Allocation Failure) 23M->14M(31M) 1.477ms
[2025-04-17T10:52:05.895+0000][325.725s][info][gc,cpu         ] GC(237) User=0.00s Sys=0.00s Real=0.01s
[2025-04-17T10:52:07.325+0000][327.155s][info][gc,start       ] GC(238) Pause Young (Allocation Failure)
[2025-04-17T10:52:07.326+0000][327.156s][info][gc,heap        ] GC(238) DefNew: 9185K(10176K)->86K(10176K) Eden: 9088K(9088K)->0K(9088K) From: 97K(1088K)->86K(1088K)
[2025-04-17T10:52:07.326+0000][327.156s][info][gc,heap        ] GC(238) Tenured: 14378K(22468K)->14378K(22468K)
[2025-04-17T10:52:07.326+0000][327.156s][info][gc,metaspace   ] GC(238) Metaspace: 37330K(37632K)->37330K(37632K) NonClass: 32912K(33024K)->32912K(33024K) Class: 4418K(4608K)->4418K(4608K)
[2025-04-17T10:52:07.326+0000][327.156s][info][gc             ] GC(238) Pause Young (Allocation Failure) 23M->14M(31M) 1.339ms
[2025-04-17T10:52:07.326+0000][327.156s][info][gc,cpu         ] GC(238) User=0.00s Sys=0.00s Real=0.00s
[2025-04-17T10:52:08.830+0000][328.660s][info][gc,start       ] GC(239) Pause Young (Allocation Failure)
[2025-04-17T10:52:08.831+0000][328.662s][info][gc,heap        ] GC(239) DefNew: 9174K(10176K)->99K(10176K) Eden: 9088K(9088K)->0K(9088K) From: 86K(1088K)->99K(1088K)
[2025-04-17T10:52:08.831+0000][328.662s][info][gc,heap        ] GC(239) Tenured: 14378K(22468K)->14380K(22468K)
[2025-04-17T10:52:08.831+0000][328.662s][info][gc,metaspace   ] GC(239) Metaspace: 37330K(37632K)->37330K(37632K) NonClass: 32912K(33024K)->32912K(33024K) Class: 4418K(4608K)->4418K(4608K)
[2025-04-17T10:52:08.831+0000][328.662s][info][gc             ] GC(239) Pause Young (Allocation Failure) 23M->14M(31M) 1.294ms
[2025-04-17T10:52:08.832+0000][328.662s][info][gc,cpu         ] GC(239) User=0.01s Sys=0.00s Real=0.00s
[2025-04-17T10:52:10.294+0000][330.124s][info][gc,start       ] GC(240) Pause Young (Allocation Failure)
[2025-04-17T10:52:10.295+0000][330.125s][info][gc,heap        ] GC(240) DefNew: 9187K(10176K)->81K(10176K) Eden: 9088K(9088K)->0K(9088K) From: 99K(1088K)->81K(1088K)
[2025-04-17T10:52:10.295+0000][330.125s][info][gc,heap        ] GC(240) Tenured: 14380K(22468K)->14381K(22468K)
[2025-04-17T10:52:10.295+0000][330.125s][info][gc,metaspace   ] GC(240) Metaspace: 37330K(37632K)->37330K(37632K) NonClass: 32912K(33024K)->32912K(33024K) Class: 4418K(4608K)->4418K(4608K)
[2025-04-17T10:52:10.295+0000][330.125s][info][gc             ] GC(240) Pause Young (Allocation Failure) 23M->14M(31M) 1.250ms
[2025-04-17T10:52:10.295+0000][330.125s][info][gc,cpu         ] GC(240) User=0.00s Sys=0.00s Real=0.01s
[2025-04-17T10:52:11.710+0000][331.540s][info][gc,start       ] GC(241) Pause Young (Allocation Failure)
[2025-04-17T10:52:11.711+0000][331.541s][info][gc,heap        ] GC(241) DefNew: 9169K(10176K)->85K(10176K) Eden: 9088K(9088K)->0K(9088K) From: 81K(1088K)->85K(1088K)
[2025-04-17T10:52:11.711+0000][331.541s][info][gc,heap        ] GC(241) Tenured: 14381K(22468K)->14381K(22468K)
[2025-04-17T10:52:11.711+0000][331.541s][info][gc,metaspace   ] GC(241) Metaspace: 37330K(37632K)->37330K(37632K) NonClass: 32912K(33024K)->32912K(33024K) Class: 4418K(4608K)->4418K(4608K)
[2025-04-17T10:52:11.711+0000][331.541s][info][gc             ] GC(241) Pause Young (Allocation Failure) 22M->14M(31M) 1.312ms
[2025-04-17T10:52:11.711+0000][331.541s][info][gc,cpu         ] GC(241) User=0.00s Sys=0.00s Real=0.00s
[2025-04-17T10:52:13.576+0000][333.406s][info][gc,start       ] GC(242) Pause Young (Allocation Failure)
[2025-04-17T10:52:13.577+0000][333.407s][info][gc,heap        ] GC(242) DefNew: 9173K(10176K)->100K(10176K) Eden: 9088K(9088K)->0K(9088K) From: 85K(1088K)->100K(1088K)
[2025-04-17T10:52:13.577+0000][333.407s][info][gc,heap        ] GC(242) Tenured: 14381K(22468K)->14382K(22468K)
[2025-04-17T10:52:13.577+0000][333.407s][info][gc,metaspace   ] GC(242) Metaspace: 37330K(37632K)->37330K(37632K) NonClass: 32912K(33024K)->32912K(33024K) Class: 4418K(4608K)->4418K(4608K)
[2025-04-17T10:52:13.577+0000][333.407s][info][gc             ] GC(242) Pause Young (Allocation Failure) 23M->14M(31M) 1.410ms
[2025-04-17T10:52:13.577+0000][333.407s][info][gc,cpu         ] GC(242) User=0.00s Sys=0.00s Real=0.00s
[2025-04-17T10:52:14.965+0000][334.796s][info][gc,start       ] GC(243) Pause Young (Allocation Failure)
[2025-04-17T10:52:14.967+0000][334.797s][info][gc,heap        ] GC(243) DefNew: 9188K(10176K)->84K(10176K) Eden: 9088K(9088K)->0K(9088K) From: 100K(1088K)->84K(1088K)
[2025-04-17T10:52:14.967+0000][334.797s][info][gc,heap        ] GC(243) Tenured: 14382K(22468K)->14382K(22468K)
[2025-04-17T10:52:14.967+0000][334.797s][info][gc,metaspace   ] GC(243) Metaspace: 37330K(37632K)->37330K(37632K) NonClass: 32912K(33024K)->32912K(33024K) Class: 4418K(4608K)->4418K(4608K)
[2025-04-17T10:52:14.967+0000][334.797s][info][gc             ] GC(243) Pause Young (Allocation Failure) 23M->14M(31M) 1.332ms
[2025-04-17T10:52:14.967+0000][334.797s][info][gc,cpu         ] GC(243) User=0.00s Sys=0.00s Real=0.00s
[2025-04-17T10:52:16.568+0000][336.398s][info][gc,start       ] GC(244) Pause Young (Allocation Failure)
[2025-04-17T10:52:16.571+0000][336.401s][info][gc,heap        ] GC(244) DefNew: 9172K(10176K)->89K(10176K) Eden: 9088K(9088K)->0K(9088K) From: 84K(1088K)->89K(1088K)
[2025-04-17T10:52:16.571+0000][336.401s][info][gc,heap        ] GC(244) Tenured: 14382K(22468K)->14384K(22468K)
[2025-04-17T10:52:16.571+0000][336.401s][info][gc,metaspace   ] GC(244) Metaspace: 37330K(37632K)->37330K(37632K) NonClass: 32912K(33024K)->32912K(33024K) Class: 4418K(4608K)->4418K(4608K)
[2025-04-17T10:52:16.571+0000][336.401s][info][gc             ] GC(244) Pause Young (Allocation Failure) 23M->14M(31M) 3.218ms
[2025-04-17T10:52:16.571+0000][336.401s][info][gc,cpu         ] GC(244) User=0.00s Sys=0.00s Real=0.00s
[2025-04-17T10:52:17.974+0000][337.805s][info][gc,start       ] GC(245) Pause Young (Allocation Failure)
[2025-04-17T10:52:17.977+0000][337.807s][info][gc,heap        ] GC(245) DefNew: 9177K(10176K)->97K(10176K) Eden: 9087K(9088K)->0K(9088K) From: 89K(1088K)->97K(1088K)
[2025-04-17T10:52:17.977+0000][337.807s][info][gc,heap        ] GC(245) Tenured: 14384K(22468K)->14386K(22468K)
[2025-04-17T10:52:17.977+0000][337.807s][info][gc,metaspace   ] GC(245) Metaspace: 37330K(37632K)->37330K(37632K) NonClass: 32912K(33024K)->32912K(33024K) Class: 4418K(4608K)->4418K(4608K)
[2025-04-17T10:52:17.977+0000][337.807s][info][gc             ] GC(245) Pause Young (Allocation Failure) 23M->14M(31M) 2.358ms
[2025-04-17T10:52:17.977+0000][337.807s][info][gc,cpu         ] GC(245) User=0.00s Sys=0.00s Real=0.00s
[2025-04-17T10:52:19.663+0000][339.493s][info][gc,start       ] GC(246) Pause Young (Allocation Failure)
[2025-04-17T10:52:19.664+0000][339.494s][info][gc,heap        ] GC(246) DefNew: 9185K(10176K)->89K(10176K) Eden: 9088K(9088K)->0K(9088K) From: 97K(1088K)->89K(1088K)
[2025-04-17T10:52:19.664+0000][339.494s][info][gc,heap        ] GC(246) Tenured: 14386K(22468K)->14386K(22468K)
[2025-04-17T10:52:19.664+0000][339.494s][info][gc,metaspace   ] GC(246) Metaspace: 37330K(37632K)->37330K(37632K) NonClass: 32912K(33024K)->32912K(33024K) Class: 4418K(4608K)->4418K(4608K)
[2025-04-17T10:52:19.664+0000][339.494s][info][gc             ] GC(246) Pause Young (Allocation Failure) 23M->14M(31M) 1.365ms
[2025-04-17T10:52:19.664+0000][339.494s][info][gc,cpu         ] GC(246) User=0.00s Sys=0.00s Real=0.01s
[2025-04-17T10:52:21.221+0000][341.051s][info][gc,start       ] GC(247) Pause Young (Allocation Failure)
[2025-04-17T10:52:21.222+0000][341.053s][info][gc,heap        ] GC(247) DefNew: 9177K(10176K)->81K(10176K) Eden: 9088K(9088K)->0K(9088K) From: 89K(1088K)->81K(1088K)
[2025-04-17T10:52:21.222+0000][341.053s][info][gc,heap        ] GC(247) Tenured: 14386K(22468K)->14387K(22468K)
[2025-04-17T10:52:21.222+0000][341.053s][info][gc,metaspace   ] GC(247) Metaspace: 37330K(37632K)->37330K(37632K) NonClass: 32912K(33024K)->32912K(33024K) Class: 4418K(4608K)->4418K(4608K)
[2025-04-17T10:52:21.222+0000][341.053s][info][gc             ] GC(247) Pause Young (Allocation Failure) 23M->14M(31M) 1.401ms
[2025-04-17T10:52:21.222+0000][341.053s][info][gc,cpu         ] GC(247) User=0.01s Sys=0.00s Real=0.00s
[2025-04-17T10:52:22.880+0000][342.710s][info][gc,start       ] GC(248) Pause Young (Allocation Failure)
[2025-04-17T10:52:22.881+0000][342.711s][info][gc,heap        ] GC(248) DefNew: 9169K(10176K)->95K(10176K) Eden: 9088K(9088K)->0K(9088K) From: 81K(1088K)->95K(1088K)
[2025-04-17T10:52:22.881+0000][342.711s][info][gc,heap        ] GC(248) Tenured: 14387K(22468K)->14389K(22468K)
[2025-04-17T10:52:22.881+0000][342.711s][info][gc,metaspace   ] GC(248) Metaspace: 37331K(37632K)->37331K(37632K) NonClass: 32913K(33024K)->32913K(33024K) Class: 4418K(4608K)->4418K(4608K)
[2025-04-17T10:52:22.881+0000][342.711s][info][gc             ] GC(248) Pause Young (Allocation Failure) 23M->14M(31M) 1.411ms
[2025-04-17T10:52:22.881+0000][342.711s][info][gc,cpu         ] GC(248) User=0.01s Sys=0.00s Real=0.00s
[2025-04-17T10:52:24.206+0000][344.036s][info][gc,start       ] GC(249) Pause Young (Allocation Failure)
[2025-04-17T10:52:24.207+0000][344.037s][info][gc,heap        ] GC(249) DefNew: 9176K(10176K)->81K(10176K) Eden: 9081K(9088K)->0K(9088K) From: 95K(1088K)->81K(1088K)
[2025-04-17T10:52:24.207+0000][344.037s][info][gc,heap        ] GC(249) Tenured: 14389K(22468K)->14390K(22468K)
[2025-04-17T10:52:24.207+0000][344.037s][info][gc,metaspace   ] GC(249) Metaspace: 37331K(37632K)->37331K(37632K) NonClass: 32913K(33024K)->32913K(33024K) Class: 4418K(4608K)->4418K(4608K)
[2025-04-17T10:52:24.207+0000][344.037s][info][gc             ] GC(249) Pause Young (Allocation Failure) 23M->14M(31M) 1.323ms
[2025-04-17T10:52:24.207+0000][344.037s][info][gc,cpu         ] GC(249) User=0.00s Sys=0.00s Real=0.00s
[2025-04-17T10:52:25.787+0000][345.618s][info][gc,start       ] GC(250) Pause Young (Allocation Failure)
[2025-04-17T10:52:25.789+0000][345.619s][info][gc,heap        ] GC(250) DefNew: 9169K(10176K)->77K(10176K) Eden: 9088K(9088K)->0K(9088K) From: 81K(1088K)->77K(1088K)
[2025-04-17T10:52:25.789+0000][345.619s][info][gc,heap        ] GC(250) Tenured: 14390K(22468K)->14390K(22468K)
[2025-04-17T10:52:25.789+0000][345.619s][info][gc,metaspace   ] GC(250) Metaspace: 37331K(37632K)->37331K(37632K) NonClass: 32913K(33024K)->32913K(33024K) Class: 4418K(4608K)->4418K(4608K)
[2025-04-17T10:52:25.789+0000][345.619s][info][gc             ] GC(250) Pause Young (Allocation Failure) 23M->14M(31M) 1.329ms
[2025-04-17T10:52:25.789+0000][345.619s][info][gc,cpu         ] GC(250) User=0.00s Sys=0.00s Real=0.00s
[2025-04-17T10:52:27.338+0000][347.168s][info][gc,start       ] GC(251) Pause Young (Allocation Failure)
[2025-04-17T10:52:27.339+0000][347.169s][info][gc,heap        ] GC(251) DefNew: 9165K(10176K)->78K(10176K) Eden: 9088K(9088K)->0K(9088K) From: 77K(1088K)->78K(1088K)
[2025-04-17T10:52:27.339+0000][347.169s][info][gc,heap        ] GC(251) Tenured: 14390K(22468K)->14390K(22468K)
[2025-04-17T10:52:27.339+0000][347.169s][info][gc,metaspace   ] GC(251) Metaspace: 37331K(37632K)->37331K(37632K) NonClass: 32913K(33024K)->32913K(33024K) Class: 4418K(4608K)->4418K(4608K)
[2025-04-17T10:52:27.339+0000][347.169s][info][gc             ] GC(251) Pause Young (Allocation Failure) 23M->14M(31M) 1.407ms
[2025-04-17T10:52:27.339+0000][347.169s][info][gc,cpu         ] GC(251) User=0.00s Sys=0.00s Real=0.00s
[2025-04-17T10:52:28.976+0000][348.807s][info][gc,start       ] GC(252) Pause Young (Allocation Failure)
[2025-04-17T10:52:28.978+0000][348.808s][info][gc,heap        ] GC(252) DefNew: 9166K(10176K)->80K(10176K) Eden: 9088K(9088K)->0K(9088K) From: 78K(1088K)->80K(1088K)
[2025-04-17T10:52:28.978+0000][348.808s][info][gc,heap        ] GC(252) Tenured: 14390K(22468K)->14391K(22468K)
[2025-04-17T10:52:28.978+0000][348.808s][info][gc,metaspace   ] GC(252) Metaspace: 37331K(37632K)->37331K(37632K) NonClass: 32913K(33024K)->32913K(33024K) Class: 4418K(4608K)->4418K(4608K)
[2025-04-17T10:52:28.978+0000][348.808s][info][gc             ] GC(252) Pause Young (Allocation Failure) 23M->14M(31M) 1.275ms
[2025-04-17T10:52:28.978+0000][348.808s][info][gc,cpu         ] GC(252) User=0.00s Sys=0.00s Real=0.00s
[2025-04-17T10:52:30.426+0000][350.256s][info][gc,start       ] GC(253) Pause Young (Allocation Failure)
[2025-04-17T10:52:30.427+0000][350.257s][info][gc,heap        ] GC(253) DefNew: 9168K(10176K)->72K(10176K) Eden: 9088K(9088K)->0K(9088K) From: 80K(1088K)->72K(1088K)
[2025-04-17T10:52:30.427+0000][350.257s][info][gc,heap        ] GC(253) Tenured: 14391K(22468K)->14391K(22468K)
[2025-04-17T10:52:30.427+0000][350.257s][info][gc,metaspace   ] GC(253) Metaspace: 37331K(37632K)->37331K(37632K) NonClass: 32913K(33024K)->32913K(33024K) Class: 4418K(4608K)->4418K(4608K)
[2025-04-17T10:52:30.427+0000][350.257s][info][gc             ] GC(253) Pause Young (Allocation Failure) 23M->14M(31M) 1.428ms
[2025-04-17T10:52:30.427+0000][350.258s][info][gc,cpu         ] GC(253) User=0.00s Sys=0.00s Real=0.00s
[2025-04-17T10:52:31.828+0000][351.658s][info][gc,start       ] GC(254) Pause Young (Allocation Failure)
[2025-04-17T10:52:31.829+0000][351.659s][info][gc,heap        ] GC(254) DefNew: 9160K(10176K)->76K(10176K) Eden: 9088K(9088K)->0K(9088K) From: 72K(1088K)->76K(1088K)
[2025-04-17T10:52:31.829+0000][351.659s][info][gc,heap        ] GC(254) Tenured: 14391K(22468K)->14391K(22468K)
[2025-04-17T10:52:31.829+0000][351.659s][info][gc,metaspace   ] GC(254) Metaspace: 37331K(37632K)->37331K(37632K) NonClass: 32913K(33024K)->32913K(33024K) Class: 4418K(4608K)->4418K(4608K)
[2025-04-17T10:52:31.829+0000][351.659s][info][gc             ] GC(254) Pause Young (Allocation Failure) 23M->14M(31M) 1.458ms
[2025-04-17T10:52:31.829+0000][351.659s][info][gc,cpu         ] GC(254) User=0.00s Sys=0.00s Real=0.00s
[2025-04-17T10:52:33.605+0000][353.435s][info][gc,start       ] GC(255) Pause Young (Allocation Failure)
[2025-04-17T10:52:33.607+0000][353.437s][info][gc,heap        ] GC(255) DefNew: 9164K(10176K)->79K(10176K) Eden: 9088K(9088K)->0K(9088K) From: 76K(1088K)->79K(1088K)
[2025-04-17T10:52:33.607+0000][353.437s][info][gc,heap        ] GC(255) Tenured: 14391K(22468K)->14392K(22468K)
[2025-04-17T10:52:33.607+0000][353.437s][info][gc,metaspace   ] GC(255) Metaspace: 37331K(37632K)->37331K(37632K) NonClass: 32913K(33024K)->32913K(33024K) Class: 4418K(4608K)->4418K(4608K)
[2025-04-17T10:52:33.607+0000][353.437s][info][gc             ] GC(255) Pause Young (Allocation Failure) 23M->14M(31M) 1.402ms
[2025-04-17T10:52:33.607+0000][353.437s][info][gc,cpu         ] GC(255) User=0.00s Sys=0.00s Real=0.00s
[2025-04-17T10:52:35.183+0000][355.013s][info][gc,start       ] GC(256) Pause Young (Allocation Failure)
[2025-04-17T10:52:35.184+0000][355.015s][info][gc,heap        ] GC(256) DefNew: 9167K(10176K)->99K(10176K) Eden: 9088K(9088K)->0K(9088K) From: 79K(1088K)->99K(1088K)
[2025-04-17T10:52:35.184+0000][355.015s][info][gc,heap        ] GC(256) Tenured: 14392K(22468K)->14394K(22468K)
[2025-04-17T10:52:35.184+0000][355.015s][info][gc,metaspace   ] GC(256) Metaspace: 37331K(37632K)->37331K(37632K) NonClass: 32913K(33024K)->32913K(33024K) Class: 4418K(4608K)->4418K(4608K)
[2025-04-17T10:52:35.184+0000][355.015s][info][gc             ] GC(256) Pause Young (Allocation Failure) 23M->14M(31M) 1.400ms
[2025-04-17T10:52:35.184+0000][355.015s][info][gc,cpu         ] GC(256) User=0.00s Sys=0.00s Real=0.01s
[2025-04-17T10:52:36.854+0000][356.685s][info][gc,start       ] GC(257) Pause Young (Allocation Failure)
[2025-04-17T10:52:36.856+0000][356.686s][info][gc,heap        ] GC(257) DefNew: 9187K(10176K)->86K(10176K) Eden: 9088K(9088K)->0K(9088K) From: 99K(1088K)->86K(1088K)
[2025-04-17T10:52:36.856+0000][356.686s][info][gc,heap        ] GC(257) Tenured: 14394K(22468K)->14395K(22468K)
[2025-04-17T10:52:36.856+0000][356.686s][info][gc,metaspace   ] GC(257) Metaspace: 37331K(37632K)->37331K(37632K) NonClass: 32913K(33024K)->32913K(33024K) Class: 4418K(4608K)->4418K(4608K)
[2025-04-17T10:52:36.856+0000][356.686s][info][gc             ] GC(257) Pause Young (Allocation Failure) 23M->14M(31M) 1.469ms
[2025-04-17T10:52:36.856+0000][356.686s][info][gc,cpu         ] GC(257) User=0.00s Sys=0.00s Real=0.00s
[2025-04-17T10:52:38.266+0000][358.097s][info][gc,start       ] GC(258) Pause Young (Allocation Failure)
[2025-04-17T10:52:38.268+0000][358.098s][info][gc,heap        ] GC(258) DefNew: 9174K(10176K)->74K(10176K) Eden: 9088K(9088K)->0K(9088K) From: 86K(1088K)->74K(1088K)
[2025-04-17T10:52:38.268+0000][358.098s][info][gc,heap        ] GC(258) Tenured: 14395K(22468K)->14395K(22468K)
[2025-04-17T10:52:38.268+0000][358.098s][info][gc,metaspace   ] GC(258) Metaspace: 37331K(37632K)->37331K(37632K) NonClass: 32913K(33024K)->32913K(33024K) Class: 4418K(4608K)->4418K(4608K)
[2025-04-17T10:52:38.268+0000][358.098s][info][gc             ] GC(258) Pause Young (Allocation Failure) 23M->14M(31M) 1.330ms
[2025-04-17T10:52:38.268+0000][358.098s][info][gc,cpu         ] GC(258) User=0.00s Sys=0.00s Real=0.00s
[2025-04-17T10:52:39.856+0000][359.686s][info][gc,start       ] GC(259) Pause Young (Allocation Failure)
[2025-04-17T10:52:39.857+0000][359.687s][info][gc,heap        ] GC(259) DefNew: 9162K(10176K)->89K(10176K) Eden: 9088K(9088K)->0K(9088K) From: 74K(1088K)->89K(1088K)
[2025-04-17T10:52:39.857+0000][359.687s][info][gc,heap        ] GC(259) Tenured: 14395K(22468K)->14395K(22468K)
[2025-04-17T10:52:39.857+0000][359.688s][info][gc,metaspace   ] GC(259) Metaspace: 37331K(37632K)->37331K(37632K) NonClass: 32913K(33024K)->32913K(33024K) Class: 4418K(4608K)->4418K(4608K)
[2025-04-17T10:52:39.857+0000][359.688s][info][gc             ] GC(259) Pause Young (Allocation Failure) 23M->14M(31M) 1.422ms
[2025-04-17T10:52:39.857+0000][359.688s][info][gc,cpu         ] GC(259) User=0.00s Sys=0.00s Real=0.00s
[2025-04-17T10:52:41.307+0000][361.138s][info][gc,start       ] GC(260) Pause Young (Allocation Failure)
[2025-04-17T10:52:41.309+0000][361.139s][info][gc,heap        ] GC(260) DefNew: 9177K(10176K)->74K(10176K) Eden: 9088K(9088K)->0K(9088K) From: 89K(1088K)->74K(1088K)
[2025-04-17T10:52:41.309+0000][361.139s][info][gc,heap        ] GC(260) Tenured: 14395K(22468K)->14395K(22468K)
[2025-04-17T10:52:41.309+0000][361.139s][info][gc,metaspace   ] GC(260) Metaspace: 37331K(37632K)->37331K(37632K) NonClass: 32913K(33024K)->32913K(33024K) Class: 4418K(4608K)->4418K(4608K)
[2025-04-17T10:52:41.309+0000][361.139s][info][gc             ] GC(260) Pause Young (Allocation Failure) 23M->14M(31M) 1.354ms
[2025-04-17T10:52:41.309+0000][361.139s][info][gc,cpu         ] GC(260) User=0.01s Sys=0.00s Real=0.00s
[2025-04-17T10:52:42.974+0000][362.805s][info][gc,start       ] GC(261) Pause Young (Allocation Failure)
[2025-04-17T10:52:42.976+0000][362.806s][info][gc,heap        ] GC(261) DefNew: 9162K(10176K)->72K(10176K) Eden: 9088K(9088K)->0K(9088K) From: 74K(1088K)->72K(1088K)
[2025-04-17T10:52:42.976+0000][362.806s][info][gc,heap        ] GC(261) Tenured: 14395K(22468K)->14396K(22468K)
[2025-04-17T10:52:42.976+0000][362.806s][info][gc,metaspace   ] GC(261) Metaspace: 37331K(37632K)->37331K(37632K) NonClass: 32913K(33024K)->32913K(33024K) Class: 4418K(4608K)->4418K(4608K)
[2025-04-17T10:52:42.976+0000][362.806s][info][gc             ] GC(261) Pause Young (Allocation Failure) 23M->14M(31M) 1.512ms
[2025-04-17T10:52:42.976+0000][362.806s][info][gc,cpu         ] GC(261) User=0.00s Sys=0.00s Real=0.00s
[2025-04-17T10:52:44.454+0000][364.284s][info][gc,start       ] GC(262) Pause Young (Allocation Failure)
[2025-04-17T10:52:44.455+0000][364.285s][info][gc,heap        ] GC(262) DefNew: 9160K(10176K)->88K(10176K) Eden: 9088K(9088K)->0K(9088K) From: 72K(1088K)->88K(1088K)
[2025-04-17T10:52:44.455+0000][364.285s][info][gc,heap        ] GC(262) Tenured: 14396K(22468K)->14396K(22468K)
[2025-04-17T10:52:44.455+0000][364.285s][info][gc,metaspace   ] GC(262) Metaspace: 37331K(37632K)->37331K(37632K) NonClass: 32913K(33024K)->32913K(33024K) Class: 4418K(4608K)->4418K(4608K)
[2025-04-17T10:52:44.455+0000][364.285s][info][gc             ] GC(262) Pause Young (Allocation Failure) 23M->14M(31M) 1.353ms
[2025-04-17T10:52:44.455+0000][364.285s][info][gc,cpu         ] GC(262) User=0.00s Sys=0.00s Real=0.01s
[2025-04-17T10:52:45.960+0000][365.791s][info][gc,start       ] GC(263) Pause Young (Allocation Failure)
[2025-04-17T10:52:45.962+0000][365.792s][info][gc,heap        ] GC(263) DefNew: 9176K(10176K)->75K(10176K) Eden: 9088K(9088K)->0K(9088K) From: 88K(1088K)->75K(1088K)
[2025-04-17T10:52:45.962+0000][365.792s][info][gc,heap        ] GC(263) Tenured: 14396K(22468K)->14396K(22468K)
[2025-04-17T10:52:45.962+0000][365.792s][info][gc,metaspace   ] GC(263) Metaspace: 37331K(37632K)->37331K(37632K) NonClass: 32913K(33024K)->32913K(33024K) Class: 4418K(4608K)->4418K(4608K)
[2025-04-17T10:52:45.962+0000][365.792s][info][gc             ] GC(263) Pause Young (Allocation Failure) 23M->14M(31M) 1.399ms
[2025-04-17T10:52:45.962+0000][365.792s][info][gc,cpu         ] GC(263) User=0.00s Sys=0.00s Real=0.00s
[2025-04-17T10:52:47.429+0000][367.260s][info][gc,start       ] GC(264) Pause Young (Allocation Failure)
[2025-04-17T10:52:47.431+0000][367.261s][info][gc,heap        ] GC(264) DefNew: 9163K(10176K)->75K(10176K) Eden: 9088K(9088K)->0K(9088K) From: 75K(1088K)->75K(1088K)
[2025-04-17T10:52:47.431+0000][367.261s][info][gc,heap        ] GC(264) Tenured: 14396K(22468K)->14396K(22468K)
[2025-04-17T10:52:47.431+0000][367.261s][info][gc,metaspace   ] GC(264) Metaspace: 37347K(37696K)->37347K(37696K) NonClass: 32925K(33088K)->32925K(33088K) Class: 4422K(4608K)->4422K(4608K)
[2025-04-17T10:52:47.431+0000][367.261s][info][gc             ] GC(264) Pause Young (Allocation Failure) 23M->14M(31M) 1.380ms
[2025-04-17T10:52:47.431+0000][367.261s][info][gc,cpu         ] GC(264) User=0.00s Sys=0.00s Real=0.00s
[2025-04-17T10:52:48.905+0000][368.735s][info][gc,start       ] GC(265) Pause Young (Allocation Failure)
[2025-04-17T10:52:48.907+0000][368.737s][info][gc,heap        ] GC(265) DefNew: 9163K(10176K)->93K(10176K) Eden: 9088K(9088K)->0K(9088K) From: 75K(1088K)->93K(1088K)
[2025-04-17T10:52:48.907+0000][368.737s][info][gc,heap        ] GC(265) Tenured: 14396K(22468K)->14396K(22468K)
[2025-04-17T10:52:48.907+0000][368.737s][info][gc,metaspace   ] GC(265) Metaspace: 37347K(37696K)->37347K(37696K) NonClass: 32925K(33088K)->32925K(33088K) Class: 4422K(4608K)->4422K(4608K)
[2025-04-17T10:52:48.907+0000][368.737s][info][gc             ] GC(265) Pause Young (Allocation Failure) 23M->14M(31M) 1.505ms
[2025-04-17T10:52:48.907+0000][368.737s][info][gc,cpu         ] GC(265) User=0.00s Sys=0.00s Real=0.00s
[2025-04-17T10:52:50.539+0000][370.369s][info][gc,start       ] GC(266) Pause Young (Allocation Failure)
[2025-04-17T10:52:50.540+0000][370.370s][info][gc,heap        ] GC(266) DefNew: 9181K(10176K)->75K(10176K) Eden: 9088K(9088K)->0K(9088K) From: 93K(1088K)->75K(1088K)
[2025-04-17T10:52:50.540+0000][370.370s][info][gc,heap        ] GC(266) Tenured: 14396K(22468K)->14396K(22468K)
[2025-04-17T10:52:50.540+0000][370.370s][info][gc,metaspace   ] GC(266) Metaspace: 37347K(37696K)->37347K(37696K) NonClass: 32925K(33088K)->32925K(33088K) Class: 4422K(4608K)->4422K(4608K)
[2025-04-17T10:52:50.540+0000][370.370s][info][gc             ] GC(266) Pause Young (Allocation Failure) 23M->14M(31M) 1.411ms
[2025-04-17T10:52:50.540+0000][370.370s][info][gc,cpu         ] GC(266) User=0.00s Sys=0.00s Real=0.00s
[2025-04-17T10:52:52.086+0000][371.916s][info][gc,start       ] GC(267) Pause Young (Allocation Failure)
[2025-04-17T10:52:52.088+0000][371.918s][info][gc,heap        ] GC(267) DefNew: 9163K(10176K)->75K(10176K) Eden: 9088K(9088K)->0K(9088K) From: 75K(1088K)->75K(1088K)
[2025-04-17T10:52:52.088+0000][371.918s][info][gc,heap        ] GC(267) Tenured: 14396K(22468K)->14396K(22468K)
[2025-04-17T10:52:52.088+0000][371.918s][info][gc,metaspace   ] GC(267) Metaspace: 37347K(37696K)->37347K(37696K) NonClass: 32925K(33088K)->32925K(33088K) Class: 4422K(4608K)->4422K(4608K)
[2025-04-17T10:52:52.088+0000][371.918s][info][gc             ] GC(267) Pause Young (Allocation Failure) 23M->14M(31M) 1.568ms
[2025-04-17T10:52:52.088+0000][371.918s][info][gc,cpu         ] GC(267) User=0.00s Sys=0.01s Real=0.00s
[2025-04-17T10:52:53.593+0000][373.424s][info][gc,start       ] GC(268) Pause Young (Allocation Failure)
[2025-04-17T10:52:53.595+0000][373.425s][info][gc,heap        ] GC(268) DefNew: 9163K(10176K)->91K(10176K) Eden: 9088K(9088K)->0K(9088K) From: 75K(1088K)->91K(1088K)
[2025-04-17T10:52:53.595+0000][373.425s][info][gc,heap        ] GC(268) Tenured: 14396K(22468K)->14396K(22468K)
[2025-04-17T10:52:53.595+0000][373.425s][info][gc,metaspace   ] GC(268) Metaspace: 37347K(37696K)->37347K(37696K) NonClass: 32925K(33088K)->32925K(33088K) Class: 4422K(4608K)->4422K(4608K)
[2025-04-17T10:52:53.595+0000][373.425s][info][gc             ] GC(268) Pause Young (Allocation Failure) 23M->14M(31M) 1.486ms
[2025-04-17T10:52:53.595+0000][373.425s][info][gc,cpu         ] GC(268) User=0.00s Sys=0.00s Real=0.01s
[2025-04-17T10:52:55.137+0000][374.967s][info][gc,start       ] GC(269) Pause Young (Allocation Failure)
[2025-04-17T10:52:55.138+0000][374.969s][info][gc,heap        ] GC(269) DefNew: 9173K(10176K)->78K(10176K) Eden: 9082K(9088K)->0K(9088K) From: 91K(1088K)->78K(1088K)
[2025-04-17T10:52:55.138+0000][374.969s][info][gc,heap        ] GC(269) Tenured: 14396K(22468K)->14396K(22468K)
[2025-04-17T10:52:55.138+0000][374.969s][info][gc,metaspace   ] GC(269) Metaspace: 37348K(37696K)->37348K(37696K) NonClass: 32925K(33088K)->32925K(33088K) Class: 4422K(4608K)->4422K(4608K)
[2025-04-17T10:52:55.138+0000][374.969s][info][gc             ] GC(269) Pause Young (Allocation Failure) 23M->14M(31M) 1.355ms
[2025-04-17T10:52:55.138+0000][374.969s][info][gc,cpu         ] GC(269) User=0.00s Sys=0.00s Real=0.00s
[2025-04-17T10:52:56.931+0000][376.761s][info][gc,start       ] GC(270) Pause Young (Allocation Failure)
[2025-04-17T10:52:56.933+0000][376.763s][info][gc,heap        ] GC(270) DefNew: 9166K(10176K)->85K(10176K) Eden: 9088K(9088K)->0K(9088K) From: 78K(1088K)->85K(1088K)
[2025-04-17T10:52:56.933+0000][376.763s][info][gc,heap        ] GC(270) Tenured: 14396K(22468K)->14396K(22468K)
[2025-04-17T10:52:56.933+0000][376.763s][info][gc,metaspace   ] GC(270) Metaspace: 37348K(37696K)->37348K(37696K) NonClass: 32925K(33088K)->32925K(33088K) Class: 4422K(4608K)->4422K(4608K)
[2025-04-17T10:52:56.933+0000][376.763s][info][gc             ] GC(270) Pause Young (Allocation Failure) 23M->14M(31M) 1.532ms
[2025-04-17T10:52:56.933+0000][376.763s][info][gc,cpu         ] GC(270) User=0.00s Sys=0.00s Real=0.00s
[2025-04-17T10:52:58.372+0000][378.202s][info][gc,start       ] GC(271) Pause Young (Allocation Failure)
[2025-04-17T10:52:58.373+0000][378.203s][info][gc,heap        ] GC(271) DefNew: 9173K(10176K)->74K(10176K) Eden: 9088K(9088K)->0K(9088K) From: 85K(1088K)->74K(1088K)
[2025-04-17T10:52:58.373+0000][378.203s][info][gc,heap        ] GC(271) Tenured: 14396K(22468K)->14396K(22468K)
[2025-04-17T10:52:58.373+0000][378.203s][info][gc,metaspace   ] GC(271) Metaspace: 37348K(37696K)->37348K(37696K) NonClass: 32926K(33088K)->32926K(33088K) Class: 4422K(4608K)->4422K(4608K)
[2025-04-17T10:52:58.373+0000][378.203s][info][gc             ] GC(271) Pause Young (Allocation Failure) 23M->14M(31M) 1.454ms
[2025-04-17T10:52:58.373+0000][378.203s][info][gc,cpu         ] GC(271) User=0.00s Sys=0.00s Real=0.00s
[2025-04-17T10:53:00.109+0000][379.939s][info][gc,start       ] GC(272) Pause Young (Allocation Failure)
[2025-04-17T10:53:00.110+0000][379.940s][info][gc,heap        ] GC(272) DefNew: 9150K(10176K)->78K(10176K) Eden: 9075K(9088K)->0K(9088K) From: 74K(1088K)->78K(1088K)
[2025-04-17T10:53:00.110+0000][379.940s][info][gc,heap        ] GC(272) Tenured: 14396K(22468K)->14396K(22468K)
[2025-04-17T10:53:00.110+0000][379.940s][info][gc,metaspace   ] GC(272) Metaspace: 37348K(37696K)->37348K(37696K) NonClass: 32926K(33088K)->32926K(33088K) Class: 4422K(4608K)->4422K(4608K)
[2025-04-17T10:53:00.110+0000][379.940s][info][gc             ] GC(272) Pause Young (Allocation Failure) 22M->14M(31M) 1.428ms
[2025-04-17T10:53:00.110+0000][379.940s][info][gc,cpu         ] GC(272) User=0.00s Sys=0.00s Real=0.00s
[2025-04-17T10:53:01.681+0000][381.512s][info][gc,start       ] GC(273) Pause Young (Allocation Failure)
[2025-04-17T10:53:01.683+0000][381.513s][info][gc,heap        ] GC(273) DefNew: 9166K(10176K)->108K(10176K) Eden: 9088K(9088K)->0K(9088K) From: 78K(1088K)->108K(1088K)
[2025-04-17T10:53:01.683+0000][381.513s][info][gc,heap        ] GC(273) Tenured: 14396K(22468K)->14396K(22468K)
[2025-04-17T10:53:01.683+0000][381.513s][info][gc,metaspace   ] GC(273) Metaspace: 37348K(37696K)->37348K(37696K) NonClass: 32926K(33088K)->32926K(33088K) Class: 4422K(4608K)->4422K(4608K)
[2025-04-17T10:53:01.683+0000][381.513s][info][gc             ] GC(273) Pause Young (Allocation Failure) 23M->14M(31M) 1.608ms
[2025-04-17T10:53:01.683+0000][381.513s][info][gc,cpu         ] GC(273) User=0.00s Sys=0.00s Real=0.00s
[2025-04-17T10:53:03.286+0000][383.116s][info][gc,start       ] GC(274) Pause Young (Allocation Failure)
[2025-04-17T10:53:03.288+0000][383.118s][info][gc,heap        ] GC(274) DefNew: 9196K(10176K)->82K(10176K) Eden: 9088K(9088K)->0K(9088K) From: 108K(1088K)->82K(1088K)
[2025-04-17T10:53:03.288+0000][383.118s][info][gc,heap        ] GC(274) Tenured: 14396K(22468K)->14396K(22468K)
[2025-04-17T10:53:03.288+0000][383.118s][info][gc,metaspace   ] GC(274) Metaspace: 37348K(37696K)->37348K(37696K) NonClass: 32926K(33088K)->32926K(33088K) Class: 4422K(4608K)->4422K(4608K)
[2025-04-17T10:53:03.288+0000][383.118s][info][gc             ] GC(274) Pause Young (Allocation Failure) 23M->14M(31M) 1.572ms
[2025-04-17T10:53:03.288+0000][383.118s][info][gc,cpu         ] GC(274) User=0.00s Sys=0.00s Real=0.00s
[2025-04-17T10:53:04.818+0000][384.649s][info][gc,start       ] GC(275) Pause Young (Allocation Failure)
[2025-04-17T10:53:04.820+0000][384.650s][info][gc,heap        ] GC(275) DefNew: 9170K(10176K)->76K(10176K) Eden: 9088K(9088K)->0K(9088K) From: 82K(1088K)->76K(1088K)
[2025-04-17T10:53:04.820+0000][384.650s][info][gc,heap        ] GC(275) Tenured: 14396K(22468K)->14396K(22468K)
[2025-04-17T10:53:04.820+0000][384.650s][info][gc,metaspace   ] GC(275) Metaspace: 37348K(37696K)->37348K(37696K) NonClass: 32926K(33088K)->32926K(33088K) Class: 4422K(4608K)->4422K(4608K)
[2025-04-17T10:53:04.820+0000][384.650s][info][gc             ] GC(275) Pause Young (Allocation Failure) 23M->14M(31M) 1.536ms
[2025-04-17T10:53:04.820+0000][384.650s][info][gc,cpu         ] GC(275) User=0.00s Sys=0.00s Real=0.00s
[2025-04-17T10:53:06.175+0000][386.005s][info][gc,start       ] GC(276) Pause Young (Allocation Failure)
[2025-04-17T10:53:06.176+0000][386.006s][info][gc,heap        ] GC(276) DefNew: 9164K(10176K)->93K(10176K) Eden: 9088K(9088K)->0K(9088K) From: 76K(1088K)->93K(1088K)
[2025-04-17T10:53:06.176+0000][386.006s][info][gc,heap        ] GC(276) Tenured: 14396K(22468K)->14396K(22468K)
[2025-04-17T10:53:06.176+0000][386.006s][info][gc,metaspace   ] GC(276) Metaspace: 37348K(37696K)->37348K(37696K) NonClass: 32926K(33088K)->32926K(33088K) Class: 4422K(4608K)->4422K(4608K)
[2025-04-17T10:53:06.176+0000][386.007s][info][gc             ] GC(276) Pause Young (Allocation Failure) 23M->14M(31M) 1.491ms
[2025-04-17T10:53:06.176+0000][386.007s][info][gc,cpu         ] GC(276) User=0.00s Sys=0.00s Real=0.00s
[2025-04-17T10:53:07.999+0000][387.829s][info][gc,start       ] GC(277) Pause Young (Allocation Failure)
[2025-04-17T10:53:08.000+0000][387.830s][info][gc,heap        ] GC(277) DefNew: 9181K(10176K)->83K(10176K) Eden: 9088K(9088K)->0K(9088K) From: 93K(1088K)->83K(1088K)
[2025-04-17T10:53:08.000+0000][387.830s][info][gc,heap        ] GC(277) Tenured: 14396K(22468K)->14396K(22468K)
[2025-04-17T10:53:08.000+0000][387.830s][info][gc,metaspace   ] GC(277) Metaspace: 37348K(37696K)->37348K(37696K) NonClass: 32926K(33088K)->32926K(33088K) Class: 4422K(4608K)->4422K(4608K)
[2025-04-17T10:53:08.000+0000][387.830s][info][gc             ] GC(277) Pause Young (Allocation Failure) 23M->14M(31M) 1.417ms
[2025-04-17T10:53:08.000+0000][387.831s][info][gc,cpu         ] GC(277) User=0.00s Sys=0.00s Real=0.00s
[2025-04-17T10:53:09.648+0000][389.478s][info][gc,start       ] GC(278) Pause Young (Allocation Failure)
[2025-04-17T10:53:09.649+0000][389.479s][info][gc,heap        ] GC(278) DefNew: 9171K(10176K)->76K(10176K) Eden: 9088K(9088K)->0K(9088K) From: 83K(1088K)->76K(1088K)
[2025-04-17T10:53:09.649+0000][389.479s][info][gc,heap        ] GC(278) Tenured: 14396K(22468K)->14396K(22468K)
[2025-04-17T10:53:09.649+0000][389.479s][info][gc,metaspace   ] GC(278) Metaspace: 37349K(37696K)->37349K(37696K) NonClass: 32926K(33088K)->32926K(33088K) Class: 4422K(4608K)->4422K(4608K)
[2025-04-17T10:53:09.649+0000][389.479s][info][gc             ] GC(278) Pause Young (Allocation Failure) 23M->14M(31M) 1.535ms
[2025-04-17T10:53:09.649+0000][389.479s][info][gc,cpu         ] GC(278) User=0.00s Sys=0.00s Real=0.00s
[2025-04-17T10:53:10.986+0000][390.817s][info][gc,start       ] GC(279) Pause Young (Allocation Failure)
[2025-04-17T10:53:10.988+0000][390.818s][info][gc,heap        ] GC(279) DefNew: 9164K(10176K)->96K(10176K) Eden: 9088K(9088K)->0K(9088K) From: 76K(1088K)->96K(1088K)
[2025-04-17T10:53:10.988+0000][390.818s][info][gc,heap        ] GC(279) Tenured: 14396K(22468K)->14400K(22468K)
[2025-04-17T10:53:10.988+0000][390.818s][info][gc,metaspace   ] GC(279) Metaspace: 37349K(37696K)->37349K(37696K) NonClass: 32926K(33088K)->32926K(33088K) Class: 4422K(4608K)->4422K(4608K)
[2025-04-17T10:53:10.988+0000][390.818s][info][gc             ] GC(279) Pause Young (Allocation Failure) 23M->14M(31M) 1.498ms
[2025-04-17T10:53:10.988+0000][390.818s][info][gc,cpu         ] GC(279) User=0.00s Sys=0.00s Real=0.00s
[2025-04-17T10:53:12.702+0000][392.532s][info][gc,start       ] GC(280) Pause Young (Allocation Failure)
[2025-04-17T10:53:12.703+0000][392.533s][info][gc,heap        ] GC(280) DefNew: 9184K(10176K)->86K(10176K) Eden: 9088K(9088K)->0K(9088K) From: 96K(1088K)->86K(1088K)
[2025-04-17T10:53:12.703+0000][392.533s][info][gc,heap        ] GC(280) Tenured: 14400K(22468K)->14400K(22468K)
[2025-04-17T10:53:12.703+0000][392.533s][info][gc,metaspace   ] GC(280) Metaspace: 37349K(37696K)->37349K(37696K) NonClass: 32926K(33088K)->32926K(33088K) Class: 4422K(4608K)->4422K(4608K)
[2025-04-17T10:53:12.703+0000][392.533s][info][gc             ] GC(280) Pause Young (Allocation Failure) 23M->14M(31M) 1.391ms
[2025-04-17T10:53:12.703+0000][392.533s][info][gc,cpu         ] GC(280) User=0.00s Sys=0.00s Real=0.00s
[2025-04-17T10:53:14.573+0000][394.403s][info][gc,start       ] GC(281) Pause Young (Allocation Failure)
[2025-04-17T10:53:14.574+0000][394.404s][info][gc,heap        ] GC(281) DefNew: 9174K(10176K)->85K(10176K) Eden: 9088K(9088K)->0K(9088K) From: 86K(1088K)->85K(1088K)
[2025-04-17T10:53:14.574+0000][394.405s][info][gc,heap        ] GC(281) Tenured: 14400K(22468K)->14400K(22468K)
[2025-04-17T10:53:14.574+0000][394.405s][info][gc,metaspace   ] GC(281) Metaspace: 37349K(37696K)->37349K(37696K) NonClass: 32926K(33088K)->32926K(33088K) Class: 4422K(4608K)->4422K(4608K)
[2025-04-17T10:53:14.574+0000][394.405s][info][gc             ] GC(281) Pause Young (Allocation Failure) 23M->14M(31M) 1.610ms
[2025-04-17T10:53:14.574+0000][394.405s][info][gc,cpu         ] GC(281) User=0.01s Sys=0.00s Real=0.01s
[2025-04-17T10:53:15.771+0000][395.601s][info][gc,start       ] GC(282) Pause Young (Allocation Failure)
[2025-04-17T10:53:15.772+0000][395.602s][info][gc,heap        ] GC(282) DefNew: 9173K(10176K)->71K(10176K) Eden: 9088K(9088K)->0K(9088K) From: 85K(1088K)->71K(1088K)
[2025-04-17T10:53:15.772+0000][395.602s][info][gc,heap        ] GC(282) Tenured: 14400K(22468K)->14400K(22468K)
[2025-04-17T10:53:15.772+0000][395.602s][info][gc,metaspace   ] GC(282) Metaspace: 37349K(37696K)->37349K(37696K) NonClass: 32926K(33088K)->32926K(33088K) Class: 4422K(4608K)->4422K(4608K)
[2025-04-17T10:53:15.772+0000][395.602s][info][gc             ] GC(282) Pause Young (Allocation Failure) 23M->14M(31M) 1.428ms
[2025-04-17T10:53:15.772+0000][395.602s][info][gc,cpu         ] GC(282) User=0.00s Sys=0.00s Real=0.00s
[2025-04-17T10:53:17.655+0000][397.485s][info][gc,start       ] GC(283) Pause Young (Allocation Failure)
[2025-04-17T10:53:17.656+0000][397.487s][info][gc,heap        ] GC(283) DefNew: 9159K(10176K)->71K(10176K) Eden: 9088K(9088K)->0K(9088K) From: 71K(1088K)->71K(1088K)
[2025-04-17T10:53:17.656+0000][397.487s][info][gc,heap        ] GC(283) Tenured: 14400K(22468K)->14400K(22468K)
[2025-04-17T10:53:17.656+0000][397.487s][info][gc,metaspace   ] GC(283) Metaspace: 37349K(37696K)->37349K(37696K) NonClass: 32926K(33088K)->32926K(33088K) Class: 4422K(4608K)->4422K(4608K)
[2025-04-17T10:53:17.656+0000][397.487s][info][gc             ] GC(283) Pause Young (Allocation Failure) 23M->14M(31M) 1.408ms
[2025-04-17T10:53:17.656+0000][397.487s][info][gc,cpu         ] GC(283) User=0.00s Sys=0.00s Real=0.00s
[2025-04-17T10:53:18.968+0000][398.798s][info][gc,start       ] GC(284) Pause Young (Allocation Failure)
[2025-04-17T10:53:18.969+0000][398.799s][info][gc,heap        ] GC(284) DefNew: 9159K(10176K)->73K(10176K) Eden: 9088K(9088K)->0K(9088K) From: 71K(1088K)->73K(1088K)
[2025-04-17T10:53:18.969+0000][398.800s][info][gc,heap        ] GC(284) Tenured: 14400K(22468K)->14400K(22468K)
[2025-04-17T10:53:18.969+0000][398.800s][info][gc,metaspace   ] GC(284) Metaspace: 37349K(37696K)->37349K(37696K) NonClass: 32926K(33088K)->32926K(33088K) Class: 4422K(4608K)->4422K(4608K)
[2025-04-17T10:53:18.969+0000][398.800s][info][gc             ] GC(284) Pause Young (Allocation Failure) 23M->14M(31M) 1.569ms
[2025-04-17T10:53:18.969+0000][398.800s][info][gc,cpu         ] GC(284) User=0.00s Sys=0.00s Real=0.00s
[2025-04-17T10:53:20.704+0000][400.534s][info][gc,start       ] GC(285) Pause Young (Allocation Failure)
[2025-04-17T10:53:20.705+0000][400.535s][info][gc,heap        ] GC(285) DefNew: 9161K(10176K)->75K(10176K) Eden: 9087K(9088K)->0K(9088K) From: 73K(1088K)->75K(1088K)
[2025-04-17T10:53:20.705+0000][400.535s][info][gc,heap        ] GC(285) Tenured: 14400K(22468K)->14400K(22468K)
[2025-04-17T10:53:20.705+0000][400.536s][info][gc,metaspace   ] GC(285) Metaspace: 37349K(37696K)->37349K(37696K) NonClass: 32926K(33088K)->32926K(33088K) Class: 4422K(4608K)->4422K(4608K)
[2025-04-17T10:53:20.705+0000][400.536s][info][gc             ] GC(285) Pause Young (Allocation Failure) 23M->14M(31M) 1.527ms
[2025-04-17T10:53:20.705+0000][400.536s][info][gc,cpu         ] GC(285) User=0.00s Sys=0.00s Real=0.01s
[2025-04-17T10:53:22.233+0000][402.063s][info][gc,start       ] GC(286) Pause Young (Allocation Failure)
[2025-04-17T10:53:22.234+0000][402.064s][info][gc,heap        ] GC(286) DefNew: 9160K(10176K)->78K(10176K) Eden: 9085K(9088K)->0K(9088K) From: 75K(1088K)->78K(1088K)
[2025-04-17T10:53:22.234+0000][402.064s][info][gc,heap        ] GC(286) Tenured: 14400K(22468K)->14400K(22468K)
[2025-04-17T10:53:22.234+0000][402.064s][info][gc,metaspace   ] GC(286) Metaspace: 37349K(37696K)->37349K(37696K) NonClass: 32926K(33088K)->32926K(33088K) Class: 4422K(4608K)->4422K(4608K)
[2025-04-17T10:53:22.234+0000][402.064s][info][gc             ] GC(286) Pause Young (Allocation Failure) 23M->14M(31M) 1.364ms
[2025-04-17T10:53:22.234+0000][402.064s][info][gc,cpu         ] GC(286) User=0.00s Sys=0.00s Real=0.01s
[2025-04-17T10:53:23.705+0000][403.535s][info][gc,start       ] GC(287) Pause Young (Allocation Failure)
[2025-04-17T10:53:23.706+0000][403.536s][info][gc,heap        ] GC(287) DefNew: 9166K(10176K)->72K(10176K) Eden: 9088K(9088K)->0K(9088K) From: 78K(1088K)->72K(1088K)
[2025-04-17T10:53:23.706+0000][403.536s][info][gc,heap        ] GC(287) Tenured: 14400K(22468K)->14401K(22468K)
[2025-04-17T10:53:23.706+0000][403.536s][info][gc,metaspace   ] GC(287) Metaspace: 37349K(37696K)->37349K(37696K) NonClass: 32926K(33088K)->32926K(33088K) Class: 4422K(4608K)->4422K(4608K)
[2025-04-17T10:53:23.706+0000][403.536s][info][gc             ] GC(287) Pause Young (Allocation Failure) 23M->14M(31M) 1.432ms
[2025-04-17T10:53:23.706+0000][403.536s][info][gc,cpu         ] GC(287) User=0.00s Sys=0.00s Real=0.00s
[2025-04-17T10:53:25.402+0000][405.232s][info][gc,start       ] GC(288) Pause Young (Allocation Failure)
[2025-04-17T10:53:25.403+0000][405.233s][info][gc,heap        ] GC(288) DefNew: 9160K(10176K)->72K(10176K) Eden: 9088K(9088K)->0K(9088K) From: 72K(1088K)->72K(1088K)
[2025-04-17T10:53:25.403+0000][405.233s][info][gc,heap        ] GC(288) Tenured: 14401K(22468K)->14401K(22468K)
[2025-04-17T10:53:25.403+0000][405.233s][info][gc,metaspace   ] GC(288) Metaspace: 37349K(37696K)->37349K(37696K) NonClass: 32926K(33088K)->32926K(33088K) Class: 4422K(4608K)->4422K(4608K)
[2025-04-17T10:53:25.403+0000][405.233s][info][gc             ] GC(288) Pause Young (Allocation Failure) 23M->14M(31M) 1.448ms
[2025-04-17T10:53:25.403+0000][405.233s][info][gc,cpu         ] GC(288) User=0.00s Sys=0.00s Real=0.00s
[2025-04-17T10:53:27.049+0000][406.879s][info][gc,start       ] GC(289) Pause Young (Allocation Failure)
[2025-04-17T10:53:27.050+0000][406.880s][info][gc,heap        ] GC(289) DefNew: 9160K(10176K)->88K(10176K) Eden: 9088K(9088K)->0K(9088K) From: 72K(1088K)->88K(1088K)
[2025-04-17T10:53:27.050+0000][406.880s][info][gc,heap        ] GC(289) Tenured: 14401K(22468K)->14401K(22468K)
[2025-04-17T10:53:27.050+0000][406.880s][info][gc,metaspace   ] GC(289) Metaspace: 37349K(37696K)->37349K(37696K) NonClass: 32926K(33088K)->32926K(33088K) Class: 4422K(4608K)->4422K(4608K)
[2025-04-17T10:53:27.050+0000][406.880s][info][gc             ] GC(289) Pause Young (Allocation Failure) 23M->14M(31M) 1.404ms
[2025-04-17T10:53:27.050+0000][406.880s][info][gc,cpu         ] GC(289) User=0.00s Sys=0.00s Real=0.00s
[2025-04-17T10:53:28.455+0000][408.286s][info][gc,start       ] GC(290) Pause Young (Allocation Failure)
[2025-04-17T10:53:28.457+0000][408.287s][info][gc,heap        ] GC(290) DefNew: 9161K(10176K)->75K(10176K) Eden: 9073K(9088K)->0K(9088K) From: 88K(1088K)->75K(1088K)
[2025-04-17T10:53:28.457+0000][408.287s][info][gc,heap        ] GC(290) Tenured: 14401K(22468K)->14401K(22468K)
[2025-04-17T10:53:28.457+0000][408.287s][info][gc,metaspace   ] GC(290) Metaspace: 37350K(37696K)->37350K(37696K) NonClass: 32927K(33088K)->32927K(33088K) Class: 4422K(4608K)->4422K(4608K)
[2025-04-17T10:53:28.457+0000][408.287s][info][gc             ] GC(290) Pause Young (Allocation Failure) 23M->14M(31M) 1.341ms
[2025-04-17T10:53:28.457+0000][408.287s][info][gc,cpu         ] GC(290) User=0.00s Sys=0.00s Real=0.00s
[2025-04-17T10:53:30.225+0000][410.055s][info][gc,start       ] GC(291) Pause Young (Allocation Failure)
[2025-04-17T10:53:30.226+0000][410.056s][info][gc,heap        ] GC(291) DefNew: 9163K(10176K)->88K(10176K) Eden: 9088K(9088K)->0K(9088K) From: 75K(1088K)->88K(1088K)
[2025-04-17T10:53:30.226+0000][410.057s][info][gc,heap        ] GC(291) Tenured: 14401K(22468K)->14401K(22468K)
[2025-04-17T10:53:30.226+0000][410.057s][info][gc,metaspace   ] GC(291) Metaspace: 37350K(37696K)->37350K(37696K) NonClass: 32927K(33088K)->32927K(33088K) Class: 4422K(4608K)->4422K(4608K)
[2025-04-17T10:53:30.226+0000][410.057s][info][gc             ] GC(291) Pause Young (Allocation Failure) 23M->14M(31M) 1.403ms
[2025-04-17T10:53:30.226+0000][410.057s][info][gc,cpu         ] GC(291) User=0.00s Sys=0.01s Real=0.00s
[2025-04-17T10:53:31.564+0000][411.394s][info][gc,start       ] GC(292) Pause Young (Allocation Failure)
[2025-04-17T10:53:31.566+0000][411.396s][info][gc,heap        ] GC(292) DefNew: 9176K(10176K)->79K(10176K) Eden: 9088K(9088K)->0K(9088K) From: 88K(1088K)->79K(1088K)
[2025-04-17T10:53:31.566+0000][411.396s][info][gc,heap        ] GC(292) Tenured: 14401K(22468K)->14401K(22468K)
[2025-04-17T10:53:31.566+0000][411.396s][info][gc,metaspace   ] GC(292) Metaspace: 37350K(37696K)->37350K(37696K) NonClass: 32927K(33088K)->32927K(33088K) Class: 4422K(4608K)->4422K(4608K)
[2025-04-17T10:53:31.566+0000][411.396s][info][gc             ] GC(292) Pause Young (Allocation Failure) 23M->14M(31M) 1.392ms
[2025-04-17T10:53:31.566+0000][411.396s][info][gc,cpu         ] GC(292) User=0.00s Sys=0.00s Real=0.00s
[2025-04-17T10:53:33.231+0000][413.062s][info][gc,start       ] GC(293) Pause Young (Allocation Failure)
[2025-04-17T10:53:33.233+0000][413.063s][info][gc,heap        ] GC(293) DefNew: 9167K(10176K)->75K(10176K) Eden: 9088K(9088K)->0K(9088K) From: 79K(1088K)->75K(1088K)
[2025-04-17T10:53:33.233+0000][413.063s][info][gc,heap        ] GC(293) Tenured: 14401K(22468K)->14401K(22468K)
[2025-04-17T10:53:33.233+0000][413.063s][info][gc,metaspace   ] GC(293) Metaspace: 37350K(37696K)->37350K(37696K) NonClass: 32927K(33088K)->32927K(33088K) Class: 4422K(4608K)->4422K(4608K)
[2025-04-17T10:53:33.233+0000][413.063s][info][gc             ] GC(293) Pause Young (Allocation Failure) 23M->14M(31M) 1.376ms
[2025-04-17T10:53:33.233+0000][413.063s][info][gc,cpu         ] GC(293) User=0.00s Sys=0.00s Real=0.00s
[2025-04-17T10:53:34.755+0000][414.585s][info][gc,start       ] GC(294) Pause Young (Allocation Failure)
[2025-04-17T10:53:34.756+0000][414.586s][info][gc,heap        ] GC(294) DefNew: 9163K(10176K)->71K(10176K) Eden: 9088K(9088K)->0K(9088K) From: 75K(1088K)->71K(1088K)
[2025-04-17T10:53:34.756+0000][414.586s][info][gc,heap        ] GC(294) Tenured: 14401K(22468K)->14401K(22468K)
[2025-04-17T10:53:34.756+0000][414.586s][info][gc,metaspace   ] GC(294) Metaspace: 37350K(37696K)->37350K(37696K) NonClass: 32927K(33088K)->32927K(33088K) Class: 4422K(4608K)->4422K(4608K)
[2025-04-17T10:53:34.756+0000][414.586s][info][gc             ] GC(294) Pause Young (Allocation Failure) 23M->14M(31M) 1.403ms
[2025-04-17T10:53:34.756+0000][414.586s][info][gc,cpu         ] GC(294) User=0.00s Sys=0.00s Real=0.00s
[2025-04-17T10:53:36.302+0000][416.132s][info][gc,start       ] GC(295) Pause Young (Allocation Failure)
[2025-04-17T10:53:36.304+0000][416.134s][info][gc,heap        ] GC(295) DefNew: 9159K(10176K)->79K(10176K) Eden: 9088K(9088K)->0K(9088K) From: 71K(1088K)->79K(1088K)
[2025-04-17T10:53:36.304+0000][416.134s][info][gc,heap        ] GC(295) Tenured: 14401K(22468K)->14401K(22468K)
[2025-04-17T10:53:36.304+0000][416.134s][info][gc,metaspace   ] GC(295) Metaspace: 37353K(37760K)->37353K(37760K) NonClass: 32930K(33152K)->32930K(33152K) Class: 4422K(4608K)->4422K(4608K)
[2025-04-17T10:53:36.304+0000][416.134s][info][gc             ] GC(295) Pause Young (Allocation Failure) 23M->14M(31M) 1.335ms
[2025-04-17T10:53:36.304+0000][416.134s][info][gc,cpu         ] GC(295) User=0.00s Sys=0.00s Real=0.00s
[2025-04-17T10:53:37.818+0000][417.648s][info][gc,start       ] GC(296) Pause Young (Allocation Failure)
[2025-04-17T10:53:37.819+0000][417.649s][info][gc,heap        ] GC(296) DefNew: 9167K(10176K)->72K(10176K) Eden: 9087K(9088K)->0K(9088K) From: 79K(1088K)->72K(1088K)
[2025-04-17T10:53:37.819+0000][417.649s][info][gc,heap        ] GC(296) Tenured: 14401K(22468K)->14401K(22468K)
[2025-04-17T10:53:37.819+0000][417.649s][info][gc,metaspace   ] GC(296) Metaspace: 37353K(37760K)->37353K(37760K) NonClass: 32930K(33152K)->32930K(33152K) Class: 4422K(4608K)->4422K(4608K)
[2025-04-17T10:53:37.819+0000][417.649s][info][gc             ] GC(296) Pause Young (Allocation Failure) 23M->14M(31M) 1.282ms
[2025-04-17T10:53:37.819+0000][417.649s][info][gc,cpu         ] GC(296) User=0.00s Sys=0.00s Real=0.00s
[2025-04-17T10:53:39.324+0000][419.154s][info][gc,start       ] GC(297) Pause Young (Allocation Failure)
[2025-04-17T10:53:39.326+0000][419.156s][info][gc,heap        ] GC(297) DefNew: 9160K(10176K)->88K(10176K) Eden: 9088K(9088K)->0K(9088K) From: 72K(1088K)->88K(1088K)
[2025-04-17T10:53:39.326+0000][419.156s][info][gc,heap        ] GC(297) Tenured: 14401K(22468K)->14401K(22468K)
[2025-04-17T10:53:39.326+0000][419.156s][info][gc,metaspace   ] GC(297) Metaspace: 37353K(37760K)->37353K(37760K) NonClass: 32930K(33152K)->32930K(33152K) Class: 4422K(4608K)->4422K(4608K)
[2025-04-17T10:53:39.326+0000][419.156s][info][gc             ] GC(297) Pause Young (Allocation Failure) 23M->14M(31M) 1.380ms
[2025-04-17T10:53:39.326+0000][419.156s][info][gc,cpu         ] GC(297) User=0.00s Sys=0.00s Real=0.00s
[2025-04-17T10:53:40.981+0000][420.811s][info][gc,start       ] GC(298) Pause Young (Allocation Failure)
[2025-04-17T10:53:40.982+0000][420.812s][info][gc,heap        ] GC(298) DefNew: 9176K(10176K)->102K(10176K) Eden: 9087K(9088K)->0K(9088K) From: 88K(1088K)->102K(1088K)
[2025-04-17T10:53:40.982+0000][420.812s][info][gc,heap        ] GC(298) Tenured: 14401K(22468K)->14401K(22468K)
[2025-04-17T10:53:40.982+0000][420.812s][info][gc,metaspace   ] GC(298) Metaspace: 37353K(37760K)->37353K(37760K) NonClass: 32930K(33152K)->32930K(33152K) Class: 4422K(4608K)->4422K(4608K)
[2025-04-17T10:53:40.982+0000][420.812s][info][gc             ] GC(298) Pause Young (Allocation Failure) 23M->14M(31M) 1.368ms
[2025-04-17T10:53:40.982+0000][420.812s][info][gc,cpu         ] GC(298) User=0.01s Sys=0.00s Real=0.00s
[2025-04-17T10:53:42.540+0000][422.370s][info][gc,start       ] GC(299) Pause Young (Allocation Failure)
[2025-04-17T10:53:42.541+0000][422.372s][info][gc,heap        ] GC(299) DefNew: 9190K(10176K)->77K(10176K) Eden: 9088K(9088K)->0K(9088K) From: 102K(1088K)->77K(1088K)
[2025-04-17T10:53:42.541+0000][422.372s][info][gc,heap        ] GC(299) Tenured: 14401K(22468K)->14401K(22468K)
[2025-04-17T10:53:42.541+0000][422.372s][info][gc,metaspace   ] GC(299) Metaspace: 37353K(37760K)->37353K(37760K) NonClass: 32930K(33152K)->32930K(33152K) Class: 4422K(4608K)->4422K(4608K)
[2025-04-17T10:53:42.542+0000][422.372s][info][gc             ] GC(299) Pause Young (Allocation Failure) 23M->14M(31M) 1.399ms
[2025-04-17T10:53:42.542+0000][422.372s][info][gc,cpu         ] GC(299) User=0.00s Sys=0.00s Real=0.00s
[2025-04-17T10:53:43.861+0000][423.691s][info][gc,start       ] GC(300) Pause Young (Allocation Failure)
[2025-04-17T10:53:43.862+0000][423.692s][info][gc,heap        ] GC(300) DefNew: 9165K(10176K)->78K(10176K) Eden: 9088K(9088K)->0K(9088K) From: 77K(1088K)->78K(1088K)
[2025-04-17T10:53:43.862+0000][423.692s][info][gc,heap        ] GC(300) Tenured: 14401K(22468K)->14401K(22468K)
[2025-04-17T10:53:43.862+0000][423.692s][info][gc,metaspace   ] GC(300) Metaspace: 37353K(37760K)->37353K(37760K) NonClass: 32930K(33152K)->32930K(33152K) Class: 4422K(4608K)->4422K(4608K)
[2025-04-17T10:53:43.862+0000][423.692s][info][gc             ] GC(300) Pause Young (Allocation Failure) 23M->14M(31M) 1.200ms
[2025-04-17T10:53:43.862+0000][423.692s][info][gc,cpu         ] GC(300) User=0.00s Sys=0.00s Real=0.00s
[2025-04-17T10:53:45.498+0000][425.328s][info][gc,start       ] GC(301) Pause Young (Allocation Failure)
[2025-04-17T10:53:45.499+0000][425.329s][info][gc,heap        ] GC(301) DefNew: 9166K(10176K)->75K(10176K) Eden: 9088K(9088K)->0K(9088K) From: 78K(1088K)->75K(1088K)
[2025-04-17T10:53:45.499+0000][425.329s][info][gc,heap        ] GC(301) Tenured: 14401K(22468K)->14401K(22468K)
[2025-04-17T10:53:45.499+0000][425.329s][info][gc,metaspace   ] GC(301) Metaspace: 37353K(37760K)->37353K(37760K) NonClass: 32930K(33152K)->32930K(33152K) Class: 4422K(4608K)->4422K(4608K)
[2025-04-17T10:53:45.499+0000][425.329s][info][gc             ] GC(301) Pause Young (Allocation Failure) 23M->14M(31M) 1.381ms
[2025-04-17T10:53:45.499+0000][425.329s][info][gc,cpu         ] GC(301) User=0.01s Sys=0.00s Real=0.00s
[2025-04-17T10:53:47.411+0000][427.241s][info][gc,start       ] GC(302) Pause Young (Allocation Failure)
[2025-04-17T10:53:47.412+0000][427.243s][info][gc,heap        ] GC(302) DefNew: 9163K(10176K)->68K(10176K) Eden: 9088K(9088K)->0K(9088K) From: 75K(1088K)->68K(1088K)
[2025-04-17T10:53:47.412+0000][427.243s][info][gc,heap        ] GC(302) Tenured: 14401K(22468K)->14401K(22468K)
[2025-04-17T10:53:47.412+0000][427.243s][info][gc,metaspace   ] GC(302) Metaspace: 37353K(37760K)->37353K(37760K) NonClass: 32930K(33152K)->32930K(33152K) Class: 4422K(4608K)->4422K(4608K)
[2025-04-17T10:53:47.412+0000][427.243s][info][gc             ] GC(302) Pause Young (Allocation Failure) 23M->14M(31M) 1.359ms
[2025-04-17T10:53:47.412+0000][427.243s][info][gc,cpu         ] GC(302) User=0.00s Sys=0.00s Real=0.00s
[2025-04-17T10:53:48.594+0000][428.424s][info][gc,start       ] GC(303) Pause Young (Allocation Failure)
[2025-04-17T10:53:48.595+0000][428.425s][info][gc,heap        ] GC(303) DefNew: 9156K(10176K)->85K(10176K) Eden: 9088K(9088K)->0K(9088K) From: 68K(1088K)->85K(1088K)
[2025-04-17T10:53:48.595+0000][428.425s][info][gc,heap        ] GC(303) Tenured: 14401K(22468K)->14401K(22468K)
[2025-04-17T10:53:48.595+0000][428.425s][info][gc,metaspace   ] GC(303) Metaspace: 37353K(37760K)->37353K(37760K) NonClass: 32930K(33152K)->32930K(33152K) Class: 4422K(4608K)->4422K(4608K)
[2025-04-17T10:53:48.595+0000][428.425s][info][gc             ] GC(303) Pause Young (Allocation Failure) 23M->14M(31M) 1.253ms
[2025-04-17T10:53:48.595+0000][428.425s][info][gc,cpu         ] GC(303) User=0.00s Sys=0.00s Real=0.01s
[2025-04-17T10:53:50.290+0000][430.120s][info][gc,start       ] GC(304) Pause Young (Allocation Failure)
[2025-04-17T10:53:50.291+0000][430.121s][info][gc,heap        ] GC(304) DefNew: 9173K(10176K)->72K(10176K) Eden: 9088K(9088K)->0K(9088K) From: 85K(1088K)->72K(1088K)
[2025-04-17T10:53:50.291+0000][430.121s][info][gc,heap        ] GC(304) Tenured: 14401K(22468K)->14401K(22468K)
[2025-04-17T10:53:50.291+0000][430.121s][info][gc,metaspace   ] GC(304) Metaspace: 37353K(37760K)->37353K(37760K) NonClass: 32930K(33152K)->32930K(33152K) Class: 4422K(4608K)->4422K(4608K)
[2025-04-17T10:53:50.291+0000][430.121s][info][gc             ] GC(304) Pause Young (Allocation Failure) 23M->14M(31M) 1.352ms
[2025-04-17T10:53:50.291+0000][430.121s][info][gc,cpu         ] GC(304) User=0.01s Sys=0.00s Real=0.00s
[2025-04-17T10:53:51.811+0000][431.641s][info][gc,start       ] GC(305) Pause Young (Allocation Failure)
[2025-04-17T10:53:51.813+0000][431.643s][info][gc,heap        ] GC(305) DefNew: 9160K(10176K)->73K(10176K) Eden: 9088K(9088K)->0K(9088K) From: 72K(1088K)->73K(1088K)
[2025-04-17T10:53:51.813+0000][431.643s][info][gc,heap        ] GC(305) Tenured: 14401K(22468K)->14401K(22468K)
[2025-04-17T10:53:51.813+0000][431.643s][info][gc,metaspace   ] GC(305) Metaspace: 37354K(37760K)->37354K(37760K) NonClass: 32931K(33152K)->32931K(33152K) Class: 4422K(4608K)->4422K(4608K)
[2025-04-17T10:53:51.813+0000][431.643s][info][gc             ] GC(305) Pause Young (Allocation Failure) 23M->14M(31M) 1.396ms
[2025-04-17T10:53:51.813+0000][431.643s][info][gc,cpu         ] GC(305) User=0.01s Sys=0.00s Real=0.00s
[2025-04-17T10:53:53.233+0000][433.063s][info][gc,start       ] GC(306) Pause Young (Allocation Failure)
[2025-04-17T10:53:53.234+0000][433.064s][info][gc,heap        ] GC(306) DefNew: 9161K(10176K)->92K(10176K) Eden: 9088K(9088K)->0K(9088K) From: 73K(1088K)->92K(1088K)
[2025-04-17T10:53:53.234+0000][433.064s][info][gc,heap        ] GC(306) Tenured: 14401K(22468K)->14401K(22468K)
[2025-04-17T10:53:53.234+0000][433.064s][info][gc,metaspace   ] GC(306) Metaspace: 37354K(37760K)->37354K(37760K) NonClass: 32931K(33152K)->32931K(33152K) Class: 4422K(4608K)->4422K(4608K)
[2025-04-17T10:53:53.234+0000][433.064s][info][gc             ] GC(306) Pause Young (Allocation Failure) 23M->14M(31M) 1.371ms
[2025-04-17T10:53:53.234+0000][433.064s][info][gc,cpu         ] GC(306) User=0.00s Sys=0.00s Real=0.01s
[2025-04-17T10:53:54.756+0000][434.586s][info][gc,start       ] GC(307) Pause Young (Allocation Failure)
[2025-04-17T10:53:54.757+0000][434.587s][info][gc,heap        ] GC(307) DefNew: 9180K(10176K)->78K(10176K) Eden: 9087K(9088K)->0K(9088K) From: 92K(1088K)->78K(1088K)
[2025-04-17T10:53:54.757+0000][434.587s][info][gc,heap        ] GC(307) Tenured: 14401K(22468K)->14401K(22468K)
[2025-04-17T10:53:54.757+0000][434.587s][info][gc,metaspace   ] GC(307) Metaspace: 37354K(37760K)->37354K(37760K) NonClass: 32931K(33152K)->32931K(33152K) Class: 4422K(4608K)->4422K(4608K)
[2025-04-17T10:53:54.757+0000][434.587s][info][gc             ] GC(307) Pause Young (Allocation Failure) 23M->14M(31M) 1.366ms
[2025-04-17T10:53:54.757+0000][434.587s][info][gc,cpu         ] GC(307) User=0.01s Sys=0.00s Real=0.00s
[2025-04-17T10:53:56.663+0000][436.493s][info][gc,start       ] GC(308) Pause Young (Allocation Failure)
[2025-04-17T10:53:56.664+0000][436.495s][info][gc,heap        ] GC(308) DefNew: 9166K(10176K)->91K(10176K) Eden: 9088K(9088K)->0K(9088K) From: 78K(1088K)->91K(1088K)
[2025-04-17T10:53:56.664+0000][436.495s][info][gc,heap        ] GC(308) Tenured: 14401K(22468K)->14401K(22468K)
[2025-04-17T10:53:56.664+0000][436.495s][info][gc,metaspace   ] GC(308) Metaspace: 37354K(37760K)->37354K(37760K) NonClass: 32931K(33152K)->32931K(33152K) Class: 4422K(4608K)->4422K(4608K)
[2025-04-17T10:53:56.664+0000][436.495s][info][gc             ] GC(308) Pause Young (Allocation Failure) 23M->14M(31M) 1.336ms
[2025-04-17T10:53:56.664+0000][436.495s][info][gc,cpu         ] GC(308) User=0.00s Sys=0.00s Real=0.01s
[2025-04-17T10:53:58.122+0000][437.953s][info][gc,start       ] GC(309) Pause Young (Allocation Failure)
[2025-04-17T10:53:58.124+0000][437.954s][info][gc,heap        ] GC(309) DefNew: 9179K(10176K)->94K(10176K) Eden: 9088K(9088K)->0K(9088K) From: 91K(1088K)->94K(1088K)
[2025-04-17T10:53:58.124+0000][437.954s][info][gc,heap        ] GC(309) Tenured: 14401K(22468K)->14401K(22468K)
[2025-04-17T10:53:58.124+0000][437.954s][info][gc,metaspace   ] GC(309) Metaspace: 37354K(37760K)->37354K(37760K) NonClass: 32931K(33152K)->32931K(33152K) Class: 4422K(4608K)->4422K(4608K)
[2025-04-17T10:53:58.124+0000][437.954s][info][gc             ] GC(309) Pause Young (Allocation Failure) 23M->14M(31M) 1.279ms
[2025-04-17T10:53:58.124+0000][437.954s][info][gc,cpu         ] GC(309) User=0.00s Sys=0.00s Real=0.00s
[2025-04-17T10:53:59.752+0000][439.582s][info][gc,start       ] GC(310) Pause Young (Allocation Failure)
[2025-04-17T10:53:59.753+0000][439.583s][info][gc,heap        ] GC(310) DefNew: 9182K(10176K)->77K(10176K) Eden: 9088K(9088K)->0K(9088K) From: 94K(1088K)->77K(1088K)
[2025-04-17T10:53:59.753+0000][439.583s][info][gc,heap        ] GC(310) Tenured: 14401K(22468K)->14401K(22468K)
[2025-04-17T10:53:59.753+0000][439.583s][info][gc,metaspace   ] GC(310) Metaspace: 37354K(37760K)->37354K(37760K) NonClass: 32931K(33152K)->32931K(33152K) Class: 4422K(4608K)->4422K(4608K)
[2025-04-17T10:53:59.753+0000][439.583s][info][gc             ] GC(310) Pause Young (Allocation Failure) 23M->14M(31M) 1.246ms
[2025-04-17T10:53:59.753+0000][439.583s][info][gc,cpu         ] GC(310) User=0.00s Sys=0.00s Real=0.00s
[2025-04-17T10:54:01.227+0000][441.057s][info][gc,start       ] GC(311) Pause Young (Allocation Failure)
[2025-04-17T10:54:01.229+0000][441.059s][info][gc,heap        ] GC(311) DefNew: 9165K(10176K)->103K(10176K) Eden: 9088K(9088K)->0K(9088K) From: 77K(1088K)->103K(1088K)
[2025-04-17T10:54:01.229+0000][441.059s][info][gc,heap        ] GC(311) Tenured: 14401K(22468K)->14401K(22468K)
[2025-04-17T10:54:01.229+0000][441.059s][info][gc,metaspace   ] GC(311) Metaspace: 37354K(37760K)->37354K(37760K) NonClass: 32931K(33152K)->32931K(33152K) Class: 4422K(4608K)->4422K(4608K)
[2025-04-17T10:54:01.229+0000][441.059s][info][gc             ] GC(311) Pause Young (Allocation Failure) 23M->14M(31M) 2.319ms
[2025-04-17T10:54:01.229+0000][441.059s][info][gc,cpu         ] GC(311) User=0.00s Sys=0.00s Real=0.00s
[2025-04-17T10:54:02.772+0000][442.602s][info][gc,start       ] GC(312) Pause Young (Allocation Failure)
[2025-04-17T10:54:02.773+0000][442.604s][info][gc,heap        ] GC(312) DefNew: 9191K(10176K)->96K(10176K) Eden: 9088K(9088K)->0K(9088K) From: 103K(1088K)->96K(1088K)
[2025-04-17T10:54:02.773+0000][442.604s][info][gc,heap        ] GC(312) Tenured: 14401K(22468K)->14401K(22468K)
[2025-04-17T10:54:02.773+0000][442.604s][info][gc,metaspace   ] GC(312) Metaspace: 37354K(37760K)->37354K(37760K) NonClass: 32931K(33152K)->32931K(33152K) Class: 4422K(4608K)->4422K(4608K)
[2025-04-17T10:54:02.773+0000][442.604s][info][gc             ] GC(312) Pause Young (Allocation Failure) 23M->14M(31M) 1.511ms
[2025-04-17T10:54:02.773+0000][442.604s][info][gc,cpu         ] GC(312) User=0.00s Sys=0.00s Real=0.00s
[2025-04-17T10:54:04.246+0000][444.076s][info][gc,start       ] GC(313) Pause Young (Allocation Failure)
[2025-04-17T10:54:04.247+0000][444.077s][info][gc,heap        ] GC(313) DefNew: 9181K(10176K)->101K(10176K) Eden: 9084K(9088K)->0K(9088K) From: 96K(1088K)->101K(1088K)
[2025-04-17T10:54:04.247+0000][444.077s][info][gc,heap        ] GC(313) Tenured: 14401K(22468K)->14401K(22468K)
[2025-04-17T10:54:04.247+0000][444.077s][info][gc,metaspace   ] GC(313) Metaspace: 37354K(37760K)->37354K(37760K) NonClass: 32931K(33152K)->32931K(33152K) Class: 4422K(4608K)->4422K(4608K)
[2025-04-17T10:54:04.247+0000][444.077s][info][gc             ] GC(313) Pause Young (Allocation Failure) 23M->14M(31M) 1.398ms
[2025-04-17T10:54:04.247+0000][444.077s][info][gc,cpu         ] GC(313) User=0.00s Sys=0.00s Real=0.00s
[2025-04-17T10:54:05.922+0000][445.753s][info][gc,start       ] GC(314) Pause Young (Allocation Failure)
[2025-04-17T10:54:05.924+0000][445.754s][info][gc,heap        ] GC(314) DefNew: 9189K(10176K)->85K(10176K) Eden: 9088K(9088K)->0K(9088K) From: 101K(1088K)->85K(1088K)
[2025-04-17T10:54:05.924+0000][445.754s][info][gc,heap        ] GC(314) Tenured: 14401K(22468K)->14401K(22468K)
[2025-04-17T10:54:05.924+0000][445.754s][info][gc,metaspace   ] GC(314) Metaspace: 37354K(37760K)->37354K(37760K) NonClass: 32931K(33152K)->32931K(33152K) Class: 4422K(4608K)->4422K(4608K)
[2025-04-17T10:54:05.924+0000][445.754s][info][gc             ] GC(314) Pause Young (Allocation Failure) 23M->14M(31M) 1.435ms
[2025-04-17T10:54:05.924+0000][445.754s][info][gc,cpu         ] GC(314) User=0.00s Sys=0.00s Real=0.00s
[2025-04-17T10:54:07.346+0000][447.176s][info][gc,start       ] GC(315) Pause Young (Allocation Failure)
[2025-04-17T10:54:07.348+0000][447.178s][info][gc,heap        ] GC(315) DefNew: 9173K(10176K)->100K(10176K) Eden: 9088K(9088K)->0K(9088K) From: 85K(1088K)->100K(1088K)
[2025-04-17T10:54:07.348+0000][447.178s][info][gc,heap        ] GC(315) Tenured: 14401K(22468K)->14401K(22468K)
[2025-04-17T10:54:07.348+0000][447.178s][info][gc,metaspace   ] GC(315) Metaspace: 37354K(37760K)->37354K(37760K) NonClass: 32931K(33152K)->32931K(33152K) Class: 4422K(4608K)->4422K(4608K)
[2025-04-17T10:54:07.348+0000][447.178s][info][gc             ] GC(315) Pause Young (Allocation Failure) 23M->14M(31M) 1.416ms
[2025-04-17T10:54:07.348+0000][447.178s][info][gc,cpu         ] GC(315) User=0.00s Sys=0.00s Real=0.00s
[2025-04-17T10:54:08.882+0000][448.713s][info][gc,start       ] GC(316) Pause Young (Allocation Failure)
[2025-04-17T10:54:08.884+0000][448.714s][info][gc,heap        ] GC(316) DefNew: 9188K(10176K)->94K(10176K) Eden: 9088K(9088K)->0K(9088K) From: 100K(1088K)->94K(1088K)
[2025-04-17T10:54:08.884+0000][448.714s][info][gc,heap        ] GC(316) Tenured: 14401K(22468K)->14401K(22468K)
[2025-04-17T10:54:08.884+0000][448.714s][info][gc,metaspace   ] GC(316) Metaspace: 37354K(37760K)->37354K(37760K) NonClass: 32931K(33152K)->32931K(33152K) Class: 4422K(4608K)->4422K(4608K)
[2025-04-17T10:54:08.884+0000][448.714s][info][gc             ] GC(316) Pause Young (Allocation Failure) 23M->14M(31M) 1.388ms
[2025-04-17T10:54:08.884+0000][448.714s][info][gc,cpu         ] GC(316) User=0.00s Sys=0.00s Real=0.00s
[2025-04-17T10:54:10.316+0000][450.146s][info][gc,start       ] GC(317) Pause Young (Allocation Failure)
[2025-04-17T10:54:10.317+0000][450.148s][info][gc,heap        ] GC(317) DefNew: 9182K(10176K)->85K(10176K) Eden: 9088K(9088K)->0K(9088K) From: 94K(1088K)->85K(1088K)
[2025-04-17T10:54:10.317+0000][450.148s][info][gc,heap        ] GC(317) Tenured: 14401K(22468K)->14401K(22468K)
[2025-04-17T10:54:10.317+0000][450.148s][info][gc,metaspace   ] GC(317) Metaspace: 37354K(37760K)->37354K(37760K) NonClass: 32931K(33152K)->32931K(33152K) Class: 4422K(4608K)->4422K(4608K)
[2025-04-17T10:54:10.317+0000][450.148s][info][gc             ] GC(317) Pause Young (Allocation Failure) 23M->14M(31M) 1.399ms
[2025-04-17T10:54:10.317+0000][450.148s][info][gc,cpu         ] GC(317) User=0.01s Sys=0.00s Real=0.00s
[2025-04-17T10:54:12.153+0000][451.983s][info][gc,start       ] GC(318) Pause Young (Allocation Failure)
[2025-04-17T10:54:12.154+0000][451.985s][info][gc,heap        ] GC(318) DefNew: 9173K(10176K)->99K(10176K) Eden: 9087K(9088K)->0K(9088K) From: 85K(1088K)->99K(1088K)
[2025-04-17T10:54:12.154+0000][451.985s][info][gc,heap        ] GC(318) Tenured: 14401K(22468K)->14401K(22468K)
[2025-04-17T10:54:12.154+0000][451.985s][info][gc,metaspace   ] GC(318) Metaspace: 37354K(37760K)->37354K(37760K) NonClass: 32931K(33152K)->32931K(33152K) Class: 4422K(4608K)->4422K(4608K)
[2025-04-17T10:54:12.154+0000][451.985s][info][gc             ] GC(318) Pause Young (Allocation Failure) 23M->14M(31M) 1.416ms
[2025-04-17T10:54:12.154+0000][451.985s][info][gc,cpu         ] GC(318) User=0.00s Sys=0.00s Real=0.01s
[2025-04-17T10:54:13.650+0000][453.480s][info][gc,start       ] GC(319) Pause Young (Allocation Failure)
[2025-04-17T10:54:13.651+0000][453.481s][info][gc,heap        ] GC(319) DefNew: 9187K(10176K)->86K(10176K) Eden: 9088K(9088K)->0K(9088K) From: 99K(1088K)->86K(1088K)
[2025-04-17T10:54:13.651+0000][453.481s][info][gc,heap        ] GC(319) Tenured: 14401K(22468K)->14402K(22468K)
[2025-04-17T10:54:13.651+0000][453.481s][info][gc,metaspace   ] GC(319) Metaspace: 37354K(37760K)->37354K(37760K) NonClass: 32931K(33152K)->32931K(33152K) Class: 4422K(4608K)->4422K(4608K)
[2025-04-17T10:54:13.651+0000][453.481s][info][gc             ] GC(319) Pause Young (Allocation Failure) 23M->14M(31M) 1.410ms
[2025-04-17T10:54:13.651+0000][453.481s][info][gc,cpu         ] GC(319) User=0.00s Sys=0.00s Real=0.00s
[2025-04-17T10:54:15.221+0000][455.051s][info][gc,start       ] GC(320) Pause Young (Allocation Failure)
[2025-04-17T10:54:15.222+0000][455.053s][info][gc,heap        ] GC(320) DefNew: 9174K(10176K)->108K(10176K) Eden: 9088K(9088K)->0K(9088K) From: 86K(1088K)->108K(1088K)
[2025-04-17T10:54:15.222+0000][455.053s][info][gc,heap        ] GC(320) Tenured: 14402K(22468K)->14403K(22468K)
[2025-04-17T10:54:15.222+0000][455.053s][info][gc,metaspace   ] GC(320) Metaspace: 37354K(37760K)->37354K(37760K) NonClass: 32931K(33152K)->32931K(33152K) Class: 4422K(4608K)->4422K(4608K)
[2025-04-17T10:54:15.223+0000][455.053s][info][gc             ] GC(320) Pause Young (Allocation Failure) 23M->14M(31M) 1.349ms
[2025-04-17T10:54:15.223+0000][455.053s][info][gc,cpu         ] GC(320) User=0.00s Sys=0.00s Real=0.00s
[2025-04-17T10:54:16.820+0000][456.650s][info][gc,start       ] GC(321) Pause Young (Allocation Failure)
[2025-04-17T10:54:16.821+0000][456.651s][info][gc,heap        ] GC(321) DefNew: 9190K(10176K)->91K(10176K) Eden: 9082K(9088K)->0K(9088K) From: 108K(1088K)->91K(1088K)
[2025-04-17T10:54:16.821+0000][456.651s][info][gc,heap        ] GC(321) Tenured: 14403K(22468K)->14406K(22468K)
[2025-04-17T10:54:16.821+0000][456.651s][info][gc,metaspace   ] GC(321) Metaspace: 37354K(37760K)->37354K(37760K) NonClass: 32931K(33152K)->32931K(33152K) Class: 4422K(4608K)->4422K(4608K)
[2025-04-17T10:54:16.821+0000][456.651s][info][gc             ] GC(321) Pause Young (Allocation Failure) 23M->14M(31M) 1.283ms
[2025-04-17T10:54:16.821+0000][456.651s][info][gc,cpu         ] GC(321) User=0.00s Sys=0.00s Real=0.00s
[2025-04-17T10:54:18.333+0000][458.163s][info][gc,start       ] GC(322) Pause Young (Allocation Failure)
[2025-04-17T10:54:18.334+0000][458.164s][info][gc,heap        ] GC(322) DefNew: 9179K(10176K)->84K(10176K) Eden: 9087K(9088K)->0K(9088K) From: 91K(1088K)->84K(1088K)
[2025-04-17T10:54:18.334+0000][458.164s][info][gc,heap        ] GC(322) Tenured: 14406K(22468K)->14406K(22468K)
[2025-04-17T10:54:18.334+0000][458.164s][info][gc,metaspace   ] GC(322) Metaspace: 37354K(37760K)->37354K(37760K) NonClass: 32931K(33152K)->32931K(33152K) Class: 4422K(4608K)->4422K(4608K)
[2025-04-17T10:54:18.334+0000][458.164s][info][gc             ] GC(322) Pause Young (Allocation Failure) 23M->14M(31M) 1.335ms
[2025-04-17T10:54:18.334+0000][458.164s][info][gc,cpu         ] GC(322) User=0.00s Sys=0.00s Real=0.00s
[2025-04-17T10:54:19.842+0000][459.672s][info][gc,start       ] GC(323) Pause Young (Allocation Failure)
[2025-04-17T10:54:19.843+0000][459.673s][info][gc,heap        ] GC(323) DefNew: 9172K(10176K)->106K(10176K) Eden: 9088K(9088K)->0K(9088K) From: 84K(1088K)->106K(1088K)
[2025-04-17T10:54:19.843+0000][459.673s][info][gc,heap        ] GC(323) Tenured: 14406K(22468K)->14407K(22468K)
[2025-04-17T10:54:19.843+0000][459.673s][info][gc,metaspace   ] GC(323) Metaspace: 37354K(37760K)->37354K(37760K) NonClass: 32931K(33152K)->32931K(33152K) Class: 4422K(4608K)->4422K(4608K)
[2025-04-17T10:54:19.843+0000][459.673s][info][gc             ] GC(323) Pause Young (Allocation Failure) 23M->14M(31M) 1.334ms
[2025-04-17T10:54:19.843+0000][459.673s][info][gc,cpu         ] GC(323) User=0.00s Sys=0.00s Real=0.00s
[2025-04-17T10:54:21.234+0000][461.064s][info][gc,start       ] GC(324) Pause Young (Allocation Failure)
[2025-04-17T10:54:21.236+0000][461.066s][info][gc,heap        ] GC(324) DefNew: 9194K(10176K)->83K(10176K) Eden: 9088K(9088K)->0K(9088K) From: 106K(1088K)->83K(1088K)
[2025-04-17T10:54:21.236+0000][461.066s][info][gc,heap        ] GC(324) Tenured: 14407K(22468K)->14407K(22468K)
[2025-04-17T10:54:21.236+0000][461.066s][info][gc,metaspace   ] GC(324) Metaspace: 37354K(37760K)->37354K(37760K) NonClass: 32931K(33152K)->32931K(33152K) Class: 4422K(4608K)->4422K(4608K)
[2025-04-17T10:54:21.236+0000][461.066s][info][gc             ] GC(324) Pause Young (Allocation Failure) 23M->14M(31M) 1.339ms
[2025-04-17T10:54:21.236+0000][461.066s][info][gc,cpu         ] GC(324) User=0.00s Sys=0.00s Real=0.00s
[2025-04-17T10:54:22.969+0000][462.799s][info][gc,start       ] GC(325) Pause Young (Allocation Failure)
[2025-04-17T10:54:22.970+0000][462.800s][info][gc,heap        ] GC(325) DefNew: 9171K(10176K)->84K(10176K) Eden: 9088K(9088K)->0K(9088K) From: 83K(1088K)->84K(1088K)
[2025-04-17T10:54:22.970+0000][462.801s][info][gc,heap        ] GC(325) Tenured: 14407K(22468K)->14407K(22468K)
[2025-04-17T10:54:22.970+0000][462.801s][info][gc,metaspace   ] GC(325) Metaspace: 37354K(37760K)->37354K(37760K) NonClass: 32931K(33152K)->32931K(33152K) Class: 4422K(4608K)->4422K(4608K)
[2025-04-17T10:54:22.970+0000][462.801s][info][gc             ] GC(325) Pause Young (Allocation Failure) 23M->14M(31M) 1.304ms
[2025-04-17T10:54:22.970+0000][462.801s][info][gc,cpu         ] GC(325) User=0.00s Sys=0.00s Real=0.00s
[2025-04-17T10:54:24.438+0000][464.268s][info][gc,start       ] GC(326) Pause Young (Allocation Failure)
[2025-04-17T10:54:24.440+0000][464.270s][info][gc,heap        ] GC(326) DefNew: 9172K(10176K)->103K(10176K) Eden: 9088K(9088K)->0K(9088K) From: 84K(1088K)->103K(1088K)
[2025-04-17T10:54:24.440+0000][464.270s][info][gc,heap        ] GC(326) Tenured: 14407K(22468K)->14408K(22468K)
[2025-04-17T10:54:24.440+0000][464.270s][info][gc,metaspace   ] GC(326) Metaspace: 37354K(37760K)->37354K(37760K) NonClass: 32931K(33152K)->32931K(33152K) Class: 4422K(4608K)->4422K(4608K)
[2025-04-17T10:54:24.440+0000][464.270s][info][gc             ] GC(326) Pause Young (Allocation Failure) 23M->14M(31M) 1.458ms
[2025-04-17T10:54:24.440+0000][464.270s][info][gc,cpu         ] GC(326) User=0.00s Sys=0.00s Real=0.00s
[2025-04-17T10:54:26.161+0000][465.991s][info][gc,start       ] GC(327) Pause Young (Allocation Failure)
[2025-04-17T10:54:26.162+0000][465.993s][info][gc,heap        ] GC(327) DefNew: 9191K(10176K)->80K(10176K) Eden: 9088K(9088K)->0K(9088K) From: 103K(1088K)->80K(1088K)
[2025-04-17T10:54:26.162+0000][465.993s][info][gc,heap        ] GC(327) Tenured: 14408K(22468K)->14409K(22468K)
[2025-04-17T10:54:26.162+0000][465.993s][info][gc,metaspace   ] GC(327) Metaspace: 37354K(37760K)->37354K(37760K) NonClass: 32931K(33152K)->32931K(33152K) Class: 4422K(4608K)->4422K(4608K)
[2025-04-17T10:54:26.162+0000][465.993s][info][gc             ] GC(327) Pause Young (Allocation Failure) 23M->14M(31M) 1.386ms
[2025-04-17T10:54:26.162+0000][465.993s][info][gc,cpu         ] GC(327) User=0.00s Sys=0.00s Real=0.00s
[2025-04-17T10:54:27.497+0000][467.327s][info][gc,start       ] GC(328) Pause Young (Allocation Failure)
[2025-04-17T10:54:27.498+0000][467.328s][info][gc,heap        ] GC(328) DefNew: 9168K(10176K)->81K(10176K) Eden: 9088K(9088K)->0K(9088K) From: 80K(1088K)->81K(1088K)
[2025-04-17T10:54:27.498+0000][467.328s][info][gc,heap        ] GC(328) Tenured: 14409K(22468K)->14411K(22468K)
[2025-04-17T10:54:27.498+0000][467.328s][info][gc,metaspace   ] GC(328) Metaspace: 37354K(37760K)->37354K(37760K) NonClass: 32931K(33152K)->32931K(33152K) Class: 4422K(4608K)->4422K(4608K)
[2025-04-17T10:54:27.498+0000][467.328s][info][gc             ] GC(328) Pause Young (Allocation Failure) 23M->14M(31M) 1.377ms
[2025-04-17T10:54:27.498+0000][467.328s][info][gc,cpu         ] GC(328) User=0.00s Sys=0.00s Real=0.00s
[2025-04-17T10:54:29.249+0000][469.079s][info][gc,start       ] GC(329) Pause Young (Allocation Failure)
[2025-04-17T10:54:29.251+0000][469.081s][info][gc,heap        ] GC(329) DefNew: 9169K(10176K)->81K(10176K) Eden: 9088K(9088K)->0K(9088K) From: 81K(1088K)->81K(1088K)
[2025-04-17T10:54:29.251+0000][469.081s][info][gc,heap        ] GC(329) Tenured: 14411K(22468K)->14412K(22468K)
[2025-04-17T10:54:29.251+0000][469.081s][info][gc,metaspace   ] GC(329) Metaspace: 37354K(37760K)->37354K(37760K) NonClass: 32931K(33152K)->32931K(33152K) Class: 4422K(4608K)->4422K(4608K)
[2025-04-17T10:54:29.251+0000][469.081s][info][gc             ] GC(329) Pause Young (Allocation Failure) 23M->14M(31M) 1.400ms
[2025-04-17T10:54:29.251+0000][469.081s][info][gc,cpu         ] GC(329) User=0.00s Sys=0.00s Real=0.00s
[2025-04-17T10:54:30.843+0000][470.673s][info][gc,start       ] GC(330) Pause Young (Allocation Failure)
[2025-04-17T10:54:30.844+0000][470.674s][info][gc,heap        ] GC(330) DefNew: 9166K(10176K)->87K(10176K) Eden: 9085K(9088K)->0K(9088K) From: 81K(1088K)->87K(1088K)
[2025-04-17T10:54:30.844+0000][470.675s][info][gc,heap        ] GC(330) Tenured: 14412K(22468K)->14413K(22468K)
[2025-04-17T10:54:30.844+0000][470.675s][info][gc,metaspace   ] GC(330) Metaspace: 37354K(37760K)->37354K(37760K) NonClass: 32931K(33152K)->32931K(33152K) Class: 4422K(4608K)->4422K(4608K)
[2025-04-17T10:54:30.844+0000][470.675s][info][gc             ] GC(330) Pause Young (Allocation Failure) 23M->14M(31M) 1.362ms
[2025-04-17T10:54:30.844+0000][470.675s][info][gc,cpu         ] GC(330) User=0.01s Sys=0.00s Real=0.01s
[2025-04-17T10:54:32.305+0000][472.135s][info][gc,start       ] GC(331) Pause Young (Allocation Failure)
[2025-04-17T10:54:32.306+0000][472.136s][info][gc,heap        ] GC(331) DefNew: 9175K(10176K)->81K(10176K) Eden: 9088K(9088K)->0K(9088K) From: 87K(1088K)->81K(1088K)
[2025-04-17T10:54:32.306+0000][472.136s][info][gc,heap        ] GC(331) Tenured: 14413K(22468K)->14413K(22468K)
[2025-04-17T10:54:32.306+0000][472.136s][info][gc,metaspace   ] GC(331) Metaspace: 37354K(37760K)->37354K(37760K) NonClass: 32931K(33152K)->32931K(33152K) Class: 4422K(4608K)->4422K(4608K)
[2025-04-17T10:54:32.306+0000][472.136s][info][gc             ] GC(331) Pause Young (Allocation Failure) 23M->14M(31M) 1.434ms
[2025-04-17T10:54:32.306+0000][472.136s][info][gc,cpu         ] GC(331) User=0.00s Sys=0.00s Real=0.00s
[2025-04-17T10:54:34.136+0000][473.966s][info][gc,start       ] GC(332) Pause Young (Allocation Failure)
[2025-04-17T10:54:34.137+0000][473.968s][info][gc,heap        ] GC(332) DefNew: 9169K(10176K)->96K(10176K) Eden: 9088K(9088K)->0K(9088K) From: 81K(1088K)->96K(1088K)
[2025-04-17T10:54:34.137+0000][473.968s][info][gc,heap        ] GC(332) Tenured: 14413K(22468K)->14415K(22468K)
[2025-04-17T10:54:34.137+0000][473.968s][info][gc,metaspace   ] GC(332) Metaspace: 37354K(37760K)->37354K(37760K) NonClass: 32931K(33152K)->32931K(33152K) Class: 4422K(4608K)->4422K(4608K)
[2025-04-17T10:54:34.137+0000][473.968s][info][gc             ] GC(332) Pause Young (Allocation Failure) 23M->14M(31M) 1.338ms
[2025-04-17T10:54:34.138+0000][473.968s][info][gc,cpu         ] GC(332) User=0.00s Sys=0.00s Real=0.00s
[2025-04-17T10:54:35.570+0000][475.400s][info][gc,start       ] GC(333) Pause Young (Allocation Failure)
[2025-04-17T10:54:35.571+0000][475.402s][info][gc,heap        ] GC(333) DefNew: 9184K(10176K)->68K(10176K) Eden: 9088K(9088K)->0K(9088K) From: 96K(1088K)->68K(1088K)
[2025-04-17T10:54:35.571+0000][475.402s][info][gc,heap        ] GC(333) Tenured: 14415K(22468K)->14415K(22468K)
[2025-04-17T10:54:35.571+0000][475.402s][info][gc,metaspace   ] GC(333) Metaspace: 37354K(37760K)->37354K(37760K) NonClass: 32931K(33152K)->32931K(33152K) Class: 4422K(4608K)->4422K(4608K)
[2025-04-17T10:54:35.571+0000][475.402s][info][gc             ] GC(333) Pause Young (Allocation Failure) 23M->14M(31M) 1.270ms
[2025-04-17T10:54:35.571+0000][475.402s][info][gc,cpu         ] GC(333) User=0.01s Sys=0.00s Real=0.00s
[2025-04-17T10:54:37.002+0000][476.832s][info][gc,start       ] GC(334) Pause Young (Allocation Failure)
[2025-04-17T10:54:37.004+0000][476.834s][info][gc,heap        ] GC(334) DefNew: 9156K(10176K)->92K(10176K) Eden: 9088K(9088K)->0K(9088K) From: 68K(1088K)->92K(1088K)
[2025-04-17T10:54:37.004+0000][476.834s][info][gc,heap        ] GC(334) Tenured: 14415K(22468K)->14415K(22468K)
[2025-04-17T10:54:37.004+0000][476.834s][info][gc,metaspace   ] GC(334) Metaspace: 37354K(37760K)->37354K(37760K) NonClass: 32931K(33152K)->32931K(33152K) Class: 4422K(4608K)->4422K(4608K)
[2025-04-17T10:54:37.004+0000][476.834s][info][gc             ] GC(334) Pause Young (Allocation Failure) 23M->14M(31M) 1.349ms
[2025-04-17T10:54:37.004+0000][476.834s][info][gc,cpu         ] GC(334) User=0.00s Sys=0.00s Real=0.00s
[2025-04-17T10:54:38.641+0000][478.471s][info][gc,start       ] GC(335) Pause Young (Allocation Failure)
[2025-04-17T10:54:38.642+0000][478.472s][info][gc,heap        ] GC(335) DefNew: 9180K(10176K)->87K(10176K) Eden: 9088K(9088K)->0K(9088K) From: 92K(1088K)->87K(1088K)
[2025-04-17T10:54:38.642+0000][478.472s][info][gc,heap        ] GC(335) Tenured: 14415K(22468K)->14416K(22468K)
[2025-04-17T10:54:38.642+0000][478.472s][info][gc,metaspace   ] GC(335) Metaspace: 37354K(37760K)->37354K(37760K) NonClass: 32931K(33152K)->32931K(33152K) Class: 4422K(4608K)->4422K(4608K)
[2025-04-17T10:54:38.642+0000][478.472s][info][gc             ] GC(335) Pause Young (Allocation Failure) 23M->14M(31M) 1.209ms
[2025-04-17T10:54:38.642+0000][478.472s][info][gc,cpu         ] GC(335) User=0.00s Sys=0.00s Real=0.00s
[2025-04-17T10:54:40.192+0000][480.022s][info][gc,start       ] GC(336) Pause Young (Allocation Failure)
[2025-04-17T10:54:40.193+0000][480.024s][info][gc,heap        ] GC(336) DefNew: 9175K(10176K)->81K(10176K) Eden: 9088K(9088K)->0K(9088K) From: 87K(1088K)->81K(1088K)
[2025-04-17T10:54:40.193+0000][480.024s][info][gc,heap        ] GC(336) Tenured: 14416K(22468K)->14417K(22468K)
[2025-04-17T10:54:40.193+0000][480.024s][info][gc,metaspace   ] GC(336) Metaspace: 37354K(37760K)->37354K(37760K) NonClass: 32931K(33152K)->32931K(33152K) Class: 4422K(4608K)->4422K(4608K)
[2025-04-17T10:54:40.194+0000][480.024s][info][gc             ] GC(336) Pause Young (Allocation Failure) 23M->14M(31M) 1.400ms
[2025-04-17T10:54:40.194+0000][480.024s][info][gc,cpu         ] GC(336) User=0.00s Sys=0.00s Real=0.00s
[2025-04-17T10:54:41.716+0000][481.546s][info][gc,start       ] GC(337) Pause Young (Allocation Failure)
[2025-04-17T10:54:41.718+0000][481.548s][info][gc,heap        ] GC(337) DefNew: 9169K(10176K)->102K(10176K) Eden: 9088K(9088K)->0K(9088K) From: 81K(1088K)->102K(1088K)
[2025-04-17T10:54:41.718+0000][481.548s][info][gc,heap        ] GC(337) Tenured: 14417K(22468K)->14418K(22468K)
[2025-04-17T10:54:41.718+0000][481.548s][info][gc,metaspace   ] GC(337) Metaspace: 37354K(37760K)->37354K(37760K) NonClass: 32931K(33152K)->32931K(33152K) Class: 4422K(4608K)->4422K(4608K)
[2025-04-17T10:54:41.718+0000][481.548s][info][gc             ] GC(337) Pause Young (Allocation Failure) 23M->14M(31M) 1.382ms
[2025-04-17T10:54:41.718+0000][481.548s][info][gc,cpu         ] GC(337) User=0.00s Sys=0.00s Real=0.00s
[2025-04-17T10:54:43.419+0000][483.249s][info][gc,start       ] GC(338) Pause Young (Allocation Failure)
[2025-04-17T10:54:43.420+0000][483.250s][info][gc,heap        ] GC(338) DefNew: 9190K(10176K)->98K(10176K) Eden: 9088K(9088K)->0K(9088K) From: 102K(1088K)->98K(1088K)
[2025-04-17T10:54:43.420+0000][483.250s][info][gc,heap        ] GC(338) Tenured: 14418K(22468K)->14418K(22468K)
[2025-04-17T10:54:43.420+0000][483.250s][info][gc,metaspace   ] GC(338) Metaspace: 37355K(37760K)->37355K(37760K) NonClass: 32932K(33152K)->32932K(33152K) Class: 4422K(4608K)->4422K(4608K)
[2025-04-17T10:54:43.420+0000][483.250s][info][gc             ] GC(338) Pause Young (Allocation Failure) 23M->14M(31M) 1.373ms
[2025-04-17T10:54:43.420+0000][483.250s][info][gc,cpu         ] GC(338) User=0.00s Sys=0.00s Real=0.00s
[2025-04-17T10:54:44.941+0000][484.771s][info][gc,start       ] GC(339) Pause Young (Allocation Failure)
[2025-04-17T10:54:44.942+0000][484.772s][info][gc,heap        ] GC(339) DefNew: 9171K(10176K)->87K(10176K) Eden: 9073K(9088K)->0K(9088K) From: 98K(1088K)->87K(1088K)
[2025-04-17T10:54:44.942+0000][484.772s][info][gc,heap        ] GC(339) Tenured: 14418K(22468K)->14418K(22468K)
[2025-04-17T10:54:44.942+0000][484.772s][info][gc,metaspace   ] GC(339) Metaspace: 37355K(37760K)->37355K(37760K) NonClass: 32932K(33152K)->32932K(33152K) Class: 4422K(4608K)->4422K(4608K)
[2025-04-17T10:54:44.942+0000][484.772s][info][gc             ] GC(339) Pause Young (Allocation Failure) 23M->14M(31M) 1.366ms
[2025-04-17T10:54:44.942+0000][484.772s][info][gc,cpu         ] GC(339) User=0.00s Sys=0.00s Real=0.00s
[2025-04-17T10:54:46.548+0000][486.378s][info][gc,start       ] GC(340) Pause Young (Allocation Failure)
[2025-04-17T10:54:46.549+0000][486.380s][info][gc,heap        ] GC(340) DefNew: 9175K(10176K)->98K(10176K) Eden: 9087K(9088K)->0K(9088K) From: 87K(1088K)->98K(1088K)
[2025-04-17T10:54:46.549+0000][486.380s][info][gc,heap        ] GC(340) Tenured: 14418K(22468K)->14419K(22468K)
[2025-04-17T10:54:46.549+0000][486.380s][info][gc,metaspace   ] GC(340) Metaspace: 37355K(37760K)->37355K(37760K) NonClass: 32932K(33152K)->32932K(33152K) Class: 4422K(4608K)->4422K(4608K)
[2025-04-17T10:54:46.549+0000][486.380s][info][gc             ] GC(340) Pause Young (Allocation Failure) 23M->14M(31M) 1.308ms
[2025-04-17T10:54:46.549+0000][486.380s][info][gc,cpu         ] GC(340) User=0.00s Sys=0.00s Real=0.00s
[2025-04-17T10:54:48.138+0000][487.968s][info][gc,start       ] GC(341) Pause Young (Allocation Failure)
[2025-04-17T10:54:48.139+0000][487.969s][info][gc,heap        ] GC(341) DefNew: 9182K(10176K)->102K(10176K) Eden: 9083K(9088K)->0K(9088K) From: 98K(1088K)->102K(1088K)
[2025-04-17T10:54:48.139+0000][487.969s][info][gc,heap        ] GC(341) Tenured: 14419K(22468K)->14419K(22468K)
[2025-04-17T10:54:48.139+0000][487.969s][info][gc,metaspace   ] GC(341) Metaspace: 37355K(37760K)->37355K(37760K) NonClass: 32932K(33152K)->32932K(33152K) Class: 4422K(4608K)->4422K(4608K)
[2025-04-17T10:54:48.139+0000][487.969s][info][gc             ] GC(341) Pause Young (Allocation Failure) 23M->14M(31M) 1.372ms
[2025-04-17T10:54:48.139+0000][487.969s][info][gc,cpu         ] GC(341) User=0.00s Sys=0.00s Real=0.00s
[2025-04-17T10:54:49.442+0000][489.272s][info][gc,start       ] GC(342) Pause Young (Allocation Failure)
[2025-04-17T10:54:49.444+0000][489.274s][info][gc,heap        ] GC(342) DefNew: 9190K(10176K)->95K(10176K) Eden: 9088K(9088K)->0K(9088K) From: 102K(1088K)->95K(1088K)
[2025-04-17T10:54:49.444+0000][489.274s][info][gc,heap        ] GC(342) Tenured: 14419K(22468K)->14419K(22468K)
[2025-04-17T10:54:49.444+0000][489.274s][info][gc,metaspace   ] GC(342) Metaspace: 37355K(37760K)->37355K(37760K) NonClass: 32932K(33152K)->32932K(33152K) Class: 4422K(4608K)->4422K(4608K)
[2025-04-17T10:54:49.444+0000][489.274s][info][gc             ] GC(342) Pause Young (Allocation Failure) 23M->14M(31M) 1.446ms
[2025-04-17T10:54:49.444+0000][489.274s][info][gc,cpu         ] GC(342) User=0.01s Sys=0.00s Real=0.00s
[2025-04-17T10:54:51.137+0000][490.967s][info][gc,start       ] GC(343) Pause Young (Allocation Failure)
[2025-04-17T10:54:51.139+0000][490.969s][info][gc,heap        ] GC(343) DefNew: 9180K(10176K)->88K(10176K) Eden: 9084K(9088K)->0K(9088K) From: 95K(1088K)->88K(1088K)
[2025-04-17T10:54:51.139+0000][490.969s][info][gc,heap        ] GC(343) Tenured: 14419K(22468K)->14421K(22468K)
[2025-04-17T10:54:51.139+0000][490.969s][info][gc,metaspace   ] GC(343) Metaspace: 37355K(37760K)->37355K(37760K) NonClass: 32932K(33152K)->32932K(33152K) Class: 4422K(4608K)->4422K(4608K)
[2025-04-17T10:54:51.139+0000][490.969s][info][gc             ] GC(343) Pause Young (Allocation Failure) 23M->14M(31M) 1.359ms
[2025-04-17T10:54:51.139+0000][490.969s][info][gc,cpu         ] GC(343) User=0.00s Sys=0.00s Real=0.00s
[2025-04-17T10:54:52.508+0000][492.338s][info][gc,start       ] GC(344) Pause Young (Allocation Failure)
[2025-04-17T10:54:52.509+0000][492.339s][info][gc,heap        ] GC(344) DefNew: 9176K(10176K)->84K(10176K) Eden: 9088K(9088K)->0K(9088K) From: 88K(1088K)->84K(1088K)
[2025-04-17T10:54:52.509+0000][492.339s][info][gc,heap        ] GC(344) Tenured: 14421K(22468K)->14422K(22468K)
[2025-04-17T10:54:52.509+0000][492.339s][info][gc,metaspace   ] GC(344) Metaspace: 37356K(37760K)->37356K(37760K) NonClass: 32933K(33152K)->32933K(33152K) Class: 4422K(4608K)->4422K(4608K)
[2025-04-17T10:54:52.509+0000][492.339s][info][gc             ] GC(344) Pause Young (Allocation Failure) 23M->14M(31M) 1.382ms
[2025-04-17T10:54:52.509+0000][492.340s][info][gc,cpu         ] GC(344) User=0.00s Sys=0.00s Real=0.00s
[2025-04-17T10:54:54.357+0000][494.187s][info][gc,start       ] GC(345) Pause Young (Allocation Failure)
[2025-04-17T10:54:54.358+0000][494.188s][info][gc,heap        ] GC(345) DefNew: 9172K(10176K)->86K(10176K) Eden: 9088K(9088K)->0K(9088K) From: 84K(1088K)->86K(1088K)
[2025-04-17T10:54:54.358+0000][494.188s][info][gc,heap        ] GC(345) Tenured: 14422K(22468K)->14422K(22468K)
[2025-04-17T10:54:54.358+0000][494.188s][info][gc,metaspace   ] GC(345) Metaspace: 37359K(37760K)->37359K(37760K) NonClass: 32936K(33152K)->32936K(33152K) Class: 4422K(4608K)->4422K(4608K)
[2025-04-17T10:54:54.358+0000][494.188s][info][gc             ] GC(345) Pause Young (Allocation Failure) 23M->14M(31M) 1.446ms
[2025-04-17T10:54:54.358+0000][494.188s][info][gc,cpu         ] GC(345) User=0.00s Sys=0.00s Real=0.00s
[2025-04-17T10:54:55.869+0000][495.699s][info][gc,start       ] GC(346) Pause Young (Allocation Failure)
[2025-04-17T10:54:55.871+0000][495.701s][info][gc,heap        ] GC(346) DefNew: 9174K(10176K)->93K(10176K) Eden: 9088K(9088K)->0K(9088K) From: 86K(1088K)->93K(1088K)
[2025-04-17T10:54:55.871+0000][495.701s][info][gc,heap        ] GC(346) Tenured: 14422K(22468K)->14422K(22468K)
[2025-04-17T10:54:55.871+0000][495.701s][info][gc,metaspace   ] GC(346) Metaspace: 37366K(37760K)->37366K(37760K) NonClass: 32943K(33152K)->32943K(33152K) Class: 4422K(4608K)->4422K(4608K)
[2025-04-17T10:54:55.871+0000][495.701s][info][gc             ] GC(346) Pause Young (Allocation Failure) 23M->14M(31M) 1.470ms
[2025-04-17T10:54:55.871+0000][495.701s][info][gc,cpu         ] GC(346) User=0.00s Sys=0.00s Real=0.00s
[2025-04-17T10:54:57.451+0000][497.281s][info][gc,start       ] GC(347) Pause Young (Allocation Failure)
[2025-04-17T10:54:57.452+0000][497.282s][info][gc,heap        ] GC(347) DefNew: 9181K(10176K)->88K(10176K) Eden: 9087K(9088K)->0K(9088K) From: 93K(1088K)->88K(1088K)
[2025-04-17T10:54:57.452+0000][497.282s][info][gc,heap        ] GC(347) Tenured: 14422K(22468K)->14422K(22468K)
[2025-04-17T10:54:57.452+0000][497.282s][info][gc,metaspace   ] GC(347) Metaspace: 37366K(37760K)->37366K(37760K) NonClass: 32943K(33152K)->32943K(33152K) Class: 4422K(4608K)->4422K(4608K)
[2025-04-17T10:54:57.452+0000][497.283s][info][gc             ] GC(347) Pause Young (Allocation Failure) 23M->14M(31M) 1.857ms
[2025-04-17T10:54:57.452+0000][497.283s][info][gc,cpu         ] GC(347) User=0.00s Sys=0.00s Real=0.00s
[2025-04-17T10:54:58.870+0000][498.701s][info][gc,start       ] GC(348) Pause Young (Allocation Failure)
[2025-04-17T10:54:58.872+0000][498.702s][info][gc,heap        ] GC(348) DefNew: 9176K(10176K)->102K(10176K) Eden: 9088K(9088K)->0K(9088K) From: 88K(1088K)->102K(1088K)
[2025-04-17T10:54:58.872+0000][498.702s][info][gc,heap        ] GC(348) Tenured: 14422K(22468K)->14424K(22468K)
[2025-04-17T10:54:58.872+0000][498.702s][info][gc,metaspace   ] GC(348) Metaspace: 37366K(37760K)->37366K(37760K) NonClass: 32943K(33152K)->32943K(33152K) Class: 4422K(4608K)->4422K(4608K)
[2025-04-17T10:54:58.872+0000][498.702s][info][gc             ] GC(348) Pause Young (Allocation Failure) 23M->14M(31M) 1.267ms
[2025-04-17T10:54:58.872+0000][498.702s][info][gc,cpu         ] GC(348) User=0.00s Sys=0.00s Real=0.00s
[2025-04-17T10:55:00.797+0000][500.627s][info][gc,start       ] GC(349) Pause Young (Allocation Failure)
[2025-04-17T10:55:00.798+0000][500.628s][info][gc,heap        ] GC(349) DefNew: 9190K(10176K)->83K(10176K) Eden: 9088K(9088K)->0K(9088K) From: 102K(1088K)->83K(1088K)
[2025-04-17T10:55:00.798+0000][500.628s][info][gc,heap        ] GC(349) Tenured: 14424K(22468K)->14424K(22468K)
[2025-04-17T10:55:00.798+0000][500.628s][info][gc,metaspace   ] GC(349) Metaspace: 37366K(37760K)->37366K(37760K) NonClass: 32943K(33152K)->32943K(33152K) Class: 4422K(4608K)->4422K(4608K)
[2025-04-17T10:55:00.798+0000][500.628s][info][gc             ] GC(349) Pause Young (Allocation Failure) 23M->14M(31M) 1.410ms
[2025-04-17T10:55:00.798+0000][500.628s][info][gc,cpu         ] GC(349) User=0.00s Sys=0.00s Real=0.00s
[2025-04-17T10:55:02.114+0000][501.944s][info][gc,start       ] GC(350) Pause Young (Allocation Failure)
[2025-04-17T10:55:02.115+0000][501.946s][info][gc,heap        ] GC(350) DefNew: 9171K(10176K)->88K(10176K) Eden: 9088K(9088K)->0K(9088K) From: 83K(1088K)->88K(1088K)
[2025-04-17T10:55:02.115+0000][501.946s][info][gc,heap        ] GC(350) Tenured: 14424K(22468K)->14424K(22468K)
[2025-04-17T10:55:02.115+0000][501.946s][info][gc,metaspace   ] GC(350) Metaspace: 37366K(37760K)->37366K(37760K) NonClass: 32943K(33152K)->32943K(33152K) Class: 4422K(4608K)->4422K(4608K)
[2025-04-17T10:55:02.115+0000][501.946s][info][gc             ] GC(350) Pause Young (Allocation Failure) 23M->14M(31M) 1.329ms
[2025-04-17T10:55:02.116+0000][501.946s][info][gc,cpu         ] GC(350) User=0.00s Sys=0.00s Real=0.00s
[2025-04-17T10:55:03.812+0000][503.642s][info][gc,start       ] GC(351) Pause Young (Allocation Failure)
[2025-04-17T10:55:03.813+0000][503.644s][info][gc,heap        ] GC(351) DefNew: 9176K(10176K)->104K(10176K) Eden: 9088K(9088K)->0K(9088K) From: 88K(1088K)->104K(1088K)
[2025-04-17T10:55:03.813+0000][503.644s][info][gc,heap        ] GC(351) Tenured: 14424K(22468K)->14425K(22468K)
[2025-04-17T10:55:03.813+0000][503.644s][info][gc,metaspace   ] GC(351) Metaspace: 37366K(37760K)->37366K(37760K) NonClass: 32943K(33152K)->32943K(33152K) Class: 4422K(4608K)->4422K(4608K)
[2025-04-17T10:55:03.813+0000][503.644s][info][gc             ] GC(351) Pause Young (Allocation Failure) 23M->14M(31M) 1.370ms
[2025-04-17T10:55:03.813+0000][503.644s][info][gc,cpu         ] GC(351) User=0.00s Sys=0.00s Real=0.00s
[2025-04-17T10:55:05.414+0000][505.244s][info][gc,start       ] GC(352) Pause Young (Allocation Failure)
[2025-04-17T10:55:05.415+0000][505.245s][info][gc,heap        ] GC(352) DefNew: 9192K(10176K)->99K(10176K) Eden: 9088K(9088K)->0K(9088K) From: 104K(1088K)->99K(1088K)
[2025-04-17T10:55:05.415+0000][505.245s][info][gc,heap        ] GC(352) Tenured: 14425K(22468K)->14427K(22468K)
[2025-04-17T10:55:05.415+0000][505.245s][info][gc,metaspace   ] GC(352) Metaspace: 37366K(37760K)->37366K(37760K) NonClass: 32944K(33152K)->32944K(33152K) Class: 4422K(4608K)->4422K(4608K)
[2025-04-17T10:55:05.415+0000][505.245s][info][gc             ] GC(352) Pause Young (Allocation Failure) 23M->14M(31M) 1.392ms
[2025-04-17T10:55:05.415+0000][505.245s][info][gc,cpu         ] GC(352) User=0.00s Sys=0.00s Real=0.01s
[2025-04-17T10:55:06.868+0000][506.698s][info][gc,start       ] GC(353) Pause Young (Allocation Failure)
[2025-04-17T10:55:06.870+0000][506.700s][info][gc,heap        ] GC(353) DefNew: 9187K(10176K)->88K(10176K) Eden: 9088K(9088K)->0K(9088K) From: 99K(1088K)->88K(1088K)
[2025-04-17T10:55:06.870+0000][506.700s][info][gc,heap        ] GC(353) Tenured: 14427K(22468K)->14428K(22468K)
[2025-04-17T10:55:06.870+0000][506.700s][info][gc,metaspace   ] GC(353) Metaspace: 37366K(37760K)->37366K(37760K) NonClass: 32944K(33152K)->32944K(33152K) Class: 4422K(4608K)->4422K(4608K)
[2025-04-17T10:55:06.870+0000][506.700s][info][gc             ] GC(353) Pause Young (Allocation Failure) 23M->14M(31M) 1.744ms
[2025-04-17T10:55:06.870+0000][506.700s][info][gc,cpu         ] GC(353) User=0.00s Sys=0.00s Real=0.00s
[2025-04-17T10:55:08.511+0000][508.341s][info][gc,start       ] GC(354) Pause Young (Allocation Failure)
[2025-04-17T10:55:08.513+0000][508.343s][info][gc,heap        ] GC(354) DefNew: 9176K(10176K)->101K(10176K) Eden: 9088K(9088K)->0K(9088K) From: 88K(1088K)->101K(1088K)
[2025-04-17T10:55:08.513+0000][508.343s][info][gc,heap        ] GC(354) Tenured: 14428K(22468K)->14430K(22468K)
[2025-04-17T10:55:08.513+0000][508.343s][info][gc,metaspace   ] GC(354) Metaspace: 37366K(37760K)->37366K(37760K) NonClass: 32944K(33152K)->32944K(33152K) Class: 4422K(4608K)->4422K(4608K)
[2025-04-17T10:55:08.513+0000][508.343s][info][gc             ] GC(354) Pause Young (Allocation Failure) 23M->14M(31M) 1.357ms
[2025-04-17T10:55:08.513+0000][508.343s][info][gc,cpu         ] GC(354) User=0.00s Sys=0.00s Real=0.00s
[2025-04-17T10:55:10.267+0000][510.098s][info][gc,start       ] GC(355) Pause Young (Allocation Failure)
[2025-04-17T10:55:10.269+0000][510.099s][info][gc,heap        ] GC(355) DefNew: 9189K(10176K)->88K(10176K) Eden: 9088K(9088K)->0K(9088K) From: 101K(1088K)->88K(1088K)
[2025-04-17T10:55:10.269+0000][510.099s][info][gc,heap        ] GC(355) Tenured: 14430K(22468K)->14430K(22468K)
[2025-04-17T10:55:10.269+0000][510.099s][info][gc,metaspace   ] GC(355) Metaspace: 37366K(37760K)->37366K(37760K) NonClass: 32944K(33152K)->32944K(33152K) Class: 4422K(4608K)->4422K(4608K)
[2025-04-17T10:55:10.269+0000][510.099s][info][gc             ] GC(355) Pause Young (Allocation Failure) 23M->14M(31M) 1.534ms
[2025-04-17T10:55:10.269+0000][510.099s][info][gc,cpu         ] GC(355) User=0.00s Sys=0.00s Real=0.00s
[2025-04-17T10:55:11.813+0000][511.643s][info][gc,start       ] GC(356) Pause Young (Allocation Failure)
[2025-04-17T10:55:11.814+0000][511.644s][info][gc,heap        ] GC(356) DefNew: 9176K(10176K)->86K(10176K) Eden: 9088K(9088K)->0K(9088K) From: 88K(1088K)->86K(1088K)
[2025-04-17T10:55:11.814+0000][511.645s][info][gc,heap        ] GC(356) Tenured: 14430K(22468K)->14430K(22468K)
[2025-04-17T10:55:11.814+0000][511.645s][info][gc,metaspace   ] GC(356) Metaspace: 37366K(37760K)->37366K(37760K) NonClass: 32944K(33152K)->32944K(33152K) Class: 4422K(4608K)->4422K(4608K)
[2025-04-17T10:55:11.814+0000][511.645s][info][gc             ] GC(356) Pause Young (Allocation Failure) 23M->14M(31M) 1.391ms
[2025-04-17T10:55:11.814+0000][511.645s][info][gc,cpu         ] GC(356) User=0.01s Sys=0.00s Real=0.01s
[2025-04-17T10:55:13.315+0000][513.145s][info][gc,start       ] GC(357) Pause Young (Allocation Failure)
[2025-04-17T10:55:13.316+0000][513.146s][info][gc,heap        ] GC(357) DefNew: 9174K(10176K)->105K(10176K) Eden: 9088K(9088K)->0K(9088K) From: 86K(1088K)->105K(1088K)
[2025-04-17T10:55:13.316+0000][513.146s][info][gc,heap        ] GC(357) Tenured: 14430K(22468K)->14430K(22468K)
[2025-04-17T10:55:13.316+0000][513.146s][info][gc,metaspace   ] GC(357) Metaspace: 37366K(37760K)->37366K(37760K) NonClass: 32944K(33152K)->32944K(33152K) Class: 4422K(4608K)->4422K(4608K)
[2025-04-17T10:55:13.316+0000][513.146s][info][gc             ] GC(357) Pause Young (Allocation Failure) 23M->14M(31M) 1.329ms
[2025-04-17T10:55:13.316+0000][513.146s][info][gc,cpu         ] GC(357) User=0.00s Sys=0.00s Real=0.00s
[2025-04-17T10:55:14.863+0000][514.694s][info][gc,start       ] GC(358) Pause Young (Allocation Failure)
[2025-04-17T10:55:14.865+0000][514.695s][info][gc,heap        ] GC(358) DefNew: 9189K(10176K)->92K(10176K) Eden: 9084K(9088K)->0K(9088K) From: 105K(1088K)->92K(1088K)
[2025-04-17T10:55:14.865+0000][514.695s][info][gc,heap        ] GC(358) Tenured: 14430K(22468K)->14430K(22468K)
[2025-04-17T10:55:14.865+0000][514.695s][info][gc,metaspace   ] GC(358) Metaspace: 37366K(37760K)->37366K(37760K) NonClass: 32944K(33152K)->32944K(33152K) Class: 4422K(4608K)->4422K(4608K)
[2025-04-17T10:55:14.865+0000][514.695s][info][gc             ] GC(358) Pause Young (Allocation Failure) 23M->14M(31M) 1.278ms
[2025-04-17T10:55:14.865+0000][514.695s][info][gc,cpu         ] GC(358) User=0.00s Sys=0.00s Real=0.01s
[2025-04-17T10:55:16.276+0000][516.106s][info][gc,start       ] GC(359) Pause Young (Allocation Failure)
[2025-04-17T10:55:16.277+0000][516.107s][info][gc,heap        ] GC(359) DefNew: 9180K(10176K)->100K(10176K) Eden: 9088K(9088K)->0K(9088K) From: 92K(1088K)->100K(1088K)
[2025-04-17T10:55:16.277+0000][516.107s][info][gc,heap        ] GC(359) Tenured: 14430K(22468K)->14432K(22468K)
[2025-04-17T10:55:16.277+0000][516.107s][info][gc,metaspace   ] GC(359) Metaspace: 37367K(37760K)->37367K(37760K) NonClass: 32945K(33152K)->32945K(33152K) Class: 4422K(4608K)->4422K(4608K)
[2025-04-17T10:55:16.277+0000][516.107s][info][gc             ] GC(359) Pause Young (Allocation Failure) 23M->14M(31M) 1.552ms
[2025-04-17T10:55:16.277+0000][516.107s][info][gc,cpu         ] GC(359) User=0.00s Sys=0.00s Real=0.00s
[2025-04-17T10:55:17.757+0000][517.587s][info][gc,start       ] GC(360) Pause Young (Allocation Failure)
[2025-04-17T10:55:17.759+0000][517.589s][info][gc,heap        ] GC(360) DefNew: 9188K(10176K)->102K(10176K) Eden: 9088K(9088K)->0K(9088K) From: 100K(1088K)->102K(1088K)
[2025-04-17T10:55:17.759+0000][517.589s][info][gc,heap        ] GC(360) Tenured: 14432K(22468K)->14434K(22468K)
[2025-04-17T10:55:17.759+0000][517.589s][info][gc,metaspace   ] GC(360) Metaspace: 37367K(37760K)->37367K(37760K) NonClass: 32945K(33152K)->32945K(33152K) Class: 4422K(4608K)->4422K(4608K)
[2025-04-17T10:55:17.759+0000][517.589s][info][gc             ] GC(360) Pause Young (Allocation Failure) 23M->14M(31M) 1.372ms
[2025-04-17T10:55:17.759+0000][517.589s][info][gc,cpu         ] GC(360) User=0.00s Sys=0.00s Real=0.00s
[2025-04-17T10:55:19.125+0000][518.955s][info][gc,start       ] GC(361) Pause Young (Allocation Failure)
[2025-04-17T10:55:19.126+0000][518.956s][info][gc,heap        ] GC(361) DefNew: 9183K(10176K)->87K(10176K) Eden: 9081K(9088K)->0K(9088K) From: 102K(1088K)->87K(1088K)
[2025-04-17T10:55:19.126+0000][518.957s][info][gc,heap        ] GC(361) Tenured: 14434K(22468K)->14435K(22468K)
[2025-04-17T10:55:19.126+0000][518.957s][info][gc,metaspace   ] GC(361) Metaspace: 37367K(37760K)->37367K(37760K) NonClass: 32945K(33152K)->32945K(33152K) Class: 4422K(4608K)->4422K(4608K)
[2025-04-17T10:55:19.126+0000][518.957s][info][gc             ] GC(361) Pause Young (Allocation Failure) 23M->14M(31M) 1.225ms
[2025-04-17T10:55:19.126+0000][518.957s][info][gc,cpu         ] GC(361) User=0.01s Sys=0.00s Real=0.00s
[2025-04-17T10:55:20.703+0000][520.533s][info][gc,start       ] GC(362) Pause Young (Allocation Failure)
[2025-04-17T10:55:20.705+0000][520.535s][info][gc,heap        ] GC(362) DefNew: 9175K(10176K)->105K(10176K) Eden: 9088K(9088K)->0K(9088K) From: 87K(1088K)->105K(1088K)
[2025-04-17T10:55:20.705+0000][520.535s][info][gc,heap        ] GC(362) Tenured: 14435K(22468K)->14435K(22468K)
[2025-04-17T10:55:20.705+0000][520.535s][info][gc,metaspace   ] GC(362) Metaspace: 37367K(37760K)->37367K(37760K) NonClass: 32945K(33152K)->32945K(33152K) Class: 4422K(4608K)->4422K(4608K)
[2025-04-17T10:55:20.705+0000][520.535s][info][gc             ] GC(362) Pause Young (Allocation Failure) 23M->14M(31M) 1.381ms
[2025-04-17T10:55:20.705+0000][520.535s][info][gc,cpu         ] GC(362) User=0.00s Sys=0.00s Real=0.01s
[2025-04-17T10:55:22.234+0000][522.065s][info][gc,start       ] GC(363) Pause Young (Allocation Failure)
[2025-04-17T10:55:22.236+0000][522.066s][info][gc,heap        ] GC(363) DefNew: 9193K(10176K)->98K(10176K) Eden: 9088K(9088K)->0K(9088K) From: 105K(1088K)->98K(1088K)
[2025-04-17T10:55:22.236+0000][522.066s][info][gc,heap        ] GC(363) Tenured: 14435K(22468K)->14438K(22468K)
[2025-04-17T10:55:22.236+0000][522.066s][info][gc,metaspace   ] GC(363) Metaspace: 37367K(37760K)->37367K(37760K) NonClass: 32945K(33152K)->32945K(33152K) Class: 4422K(4608K)->4422K(4608K)
[2025-04-17T10:55:22.236+0000][522.066s][info][gc             ] GC(363) Pause Young (Allocation Failure) 23M->14M(31M) 1.424ms
[2025-04-17T10:55:22.236+0000][522.066s][info][gc,cpu         ] GC(363) User=0.00s Sys=0.00s Real=0.00s
[2025-04-17T10:55:23.988+0000][523.818s][info][gc,start       ] GC(364) Pause Young (Allocation Failure)
[2025-04-17T10:55:23.989+0000][523.819s][info][gc,heap        ] GC(364) DefNew: 9186K(10176K)->87K(10176K) Eden: 9088K(9088K)->0K(9088K) From: 98K(1088K)->87K(1088K)
[2025-04-17T10:55:23.989+0000][523.819s][info][gc,heap        ] GC(364) Tenured: 14438K(22468K)->14438K(22468K)
[2025-04-17T10:55:23.989+0000][523.819s][info][gc,metaspace   ] GC(364) Metaspace: 37367K(37760K)->37367K(37760K) NonClass: 32945K(33152K)->32945K(33152K) Class: 4422K(4608K)->4422K(4608K)
[2025-04-17T10:55:23.989+0000][523.819s][info][gc             ] GC(364) Pause Young (Allocation Failure) 23M->14M(31M) 1.356ms
[2025-04-17T10:55:23.989+0000][523.819s][info][gc,cpu         ] GC(364) User=0.00s Sys=0.00s Real=0.00s
[2025-04-17T10:55:25.517+0000][525.347s][info][gc,start       ] GC(365) Pause Young (Allocation Failure)
[2025-04-17T10:55:25.518+0000][525.348s][info][gc,heap        ] GC(365) DefNew: 9175K(10176K)->104K(10176K) Eden: 9088K(9088K)->0K(9088K) From: 87K(1088K)->104K(1088K)
[2025-04-17T10:55:25.518+0000][525.348s][info][gc,heap        ] GC(365) Tenured: 14438K(22468K)->14440K(22468K)
[2025-04-17T10:55:25.518+0000][525.348s][info][gc,metaspace   ] GC(365) Metaspace: 37372K(37760K)->37372K(37760K) NonClass: 32950K(33152K)->32950K(33152K) Class: 4422K(4608K)->4422K(4608K)
[2025-04-17T10:55:25.518+0000][525.348s][info][gc             ] GC(365) Pause Young (Allocation Failure) 23M->14M(31M) 1.401ms
[2025-04-17T10:55:25.518+0000][525.348s][info][gc,cpu         ] GC(365) User=0.00s Sys=0.00s Real=0.00s
[2025-04-17T10:55:26.981+0000][526.811s][info][gc,start       ] GC(366) Pause Young (Allocation Failure)
[2025-04-17T10:55:26.982+0000][526.812s][info][gc,heap        ] GC(366) DefNew: 9192K(10176K)->90K(10176K) Eden: 9088K(9088K)->0K(9088K) From: 104K(1088K)->90K(1088K)
[2025-04-17T10:55:26.982+0000][526.812s][info][gc,heap        ] GC(366) Tenured: 14440K(22468K)->14442K(22468K)
[2025-04-17T10:55:26.982+0000][526.812s][info][gc,metaspace   ] GC(366) Metaspace: 37372K(37760K)->37372K(37760K) NonClass: 32950K(33152K)->32950K(33152K) Class: 4422K(4608K)->4422K(4608K)
[2025-04-17T10:55:26.982+0000][526.812s][info][gc             ] GC(366) Pause Young (Allocation Failure) 23M->14M(31M) 1.419ms
[2025-04-17T10:55:26.982+0000][526.812s][info][gc,cpu         ] GC(366) User=0.00s Sys=0.00s Real=0.00s
[2025-04-17T10:55:28.460+0000][528.290s][info][gc,start       ] GC(367) Pause Young (Allocation Failure)
[2025-04-17T10:55:28.461+0000][528.291s][info][gc,heap        ] GC(367) DefNew: 9178K(10176K)->87K(10176K) Eden: 9088K(9088K)->0K(9088K) From: 90K(1088K)->87K(1088K)
[2025-04-17T10:55:28.461+0000][528.291s][info][gc,heap        ] GC(367) Tenured: 14442K(22468K)->14443K(22468K)
[2025-04-17T10:55:28.461+0000][528.291s][info][gc,metaspace   ] GC(367) Metaspace: 37372K(37760K)->37372K(37760K) NonClass: 32950K(33152K)->32950K(33152K) Class: 4422K(4608K)->4422K(4608K)
[2025-04-17T10:55:28.461+0000][528.291s][info][gc             ] GC(367) Pause Young (Allocation Failure) 23M->14M(31M) 1.297ms
[2025-04-17T10:55:28.461+0000][528.291s][info][gc,cpu         ] GC(367) User=0.00s Sys=0.00s Real=0.00s
[2025-04-17T10:55:30.053+0000][529.883s][info][gc,start       ] GC(368) Pause Young (Allocation Failure)
[2025-04-17T10:55:30.054+0000][529.884s][info][gc,heap        ] GC(368) DefNew: 9175K(10176K)->102K(10176K) Eden: 9088K(9088K)->0K(9088K) From: 87K(1088K)->102K(1088K)
[2025-04-17T10:55:30.054+0000][529.884s][info][gc,heap        ] GC(368) Tenured: 14443K(22468K)->14444K(22468K)
[2025-04-17T10:55:30.054+0000][529.884s][info][gc,metaspace   ] GC(368) Metaspace: 37372K(37760K)->37372K(37760K) NonClass: 32950K(33152K)->32950K(33152K) Class: 4422K(4608K)->4422K(4608K)
[2025-04-17T10:55:30.054+0000][529.884s][info][gc             ] GC(368) Pause Young (Allocation Failure) 23M->14M(31M) 1.302ms
[2025-04-17T10:55:30.054+0000][529.884s][info][gc,cpu         ] GC(368) User=0.00s Sys=0.00s Real=0.01s
[2025-04-17T10:55:31.557+0000][531.387s][info][gc,start       ] GC(369) Pause Young (Allocation Failure)
[2025-04-17T10:55:31.558+0000][531.388s][info][gc,heap        ] GC(369) DefNew: 9190K(10176K)->87K(10176K) Eden: 9088K(9088K)->0K(9088K) From: 102K(1088K)->87K(1088K)
[2025-04-17T10:55:31.558+0000][531.388s][info][gc,heap        ] GC(369) Tenured: 14444K(22468K)->14445K(22468K)
[2025-04-17T10:55:31.558+0000][531.388s][info][gc,metaspace   ] GC(369) Metaspace: 37372K(37760K)->37372K(37760K) NonClass: 32950K(33152K)->32950K(33152K) Class: 4422K(4608K)->4422K(4608K)
[2025-04-17T10:55:31.558+0000][531.388s][info][gc             ] GC(369) Pause Young (Allocation Failure) 23M->14M(31M) 1.363ms
[2025-04-17T10:55:31.558+0000][531.388s][info][gc,cpu         ] GC(369) User=0.00s Sys=0.00s Real=0.00s
[2025-04-17T10:55:33.122+0000][532.952s][info][gc,start       ] GC(370) Pause Young (Allocation Failure)
[2025-04-17T10:55:33.124+0000][532.954s][info][gc,heap        ] GC(370) DefNew: 9175K(10176K)->84K(10176K) Eden: 9088K(9088K)->0K(9088K) From: 87K(1088K)->84K(1088K)
[2025-04-17T10:55:33.124+0000][532.954s][info][gc,heap        ] GC(370) Tenured: 14445K(22468K)->14447K(22468K)
[2025-04-17T10:55:33.124+0000][532.954s][info][gc,metaspace   ] GC(370) Metaspace: 37372K(37760K)->37372K(37760K) NonClass: 32950K(33152K)->32950K(33152K) Class: 4422K(4608K)->4422K(4608K)
[2025-04-17T10:55:33.124+0000][532.954s][info][gc             ] GC(370) Pause Young (Allocation Failure) 23M->14M(31M) 1.345ms
[2025-04-17T10:55:33.124+0000][532.954s][info][gc,cpu         ] GC(370) User=0.00s Sys=0.00s Real=0.00s
[2025-04-17T10:55:34.653+0000][534.483s][info][gc,start       ] GC(371) Pause Young (Allocation Failure)
[2025-04-17T10:55:34.654+0000][534.484s][info][gc,heap        ] GC(371) DefNew: 9172K(10176K)->104K(10176K) Eden: 9088K(9088K)->0K(9088K) From: 84K(1088K)->104K(1088K)
[2025-04-17T10:55:34.654+0000][534.484s][info][gc,heap        ] GC(371) Tenured: 14447K(22468K)->14447K(22468K)
[2025-04-17T10:55:34.654+0000][534.484s][info][gc,metaspace   ] GC(371) Metaspace: 37372K(37760K)->37372K(37760K) NonClass: 32950K(33152K)->32950K(33152K) Class: 4422K(4608K)->4422K(4608K)
[2025-04-17T10:55:34.654+0000][534.484s][info][gc             ] GC(371) Pause Young (Allocation Failure) 23M->14M(31M) 1.387ms
[2025-04-17T10:55:34.654+0000][534.484s][info][gc,cpu         ] GC(371) User=0.00s Sys=0.00s Real=0.01s
[2025-04-17T10:55:36.241+0000][536.071s][info][gc,start       ] GC(372) Pause Young (Allocation Failure)
[2025-04-17T10:55:36.242+0000][536.072s][info][gc,heap        ] GC(372) DefNew: 9192K(10176K)->81K(10176K) Eden: 9088K(9088K)->0K(9088K) From: 104K(1088K)->81K(1088K)
[2025-04-17T10:55:36.242+0000][536.072s][info][gc,heap        ] GC(372) Tenured: 14447K(22468K)->14448K(22468K)
[2025-04-17T10:55:36.242+0000][536.072s][info][gc,metaspace   ] GC(372) Metaspace: 37372K(37760K)->37372K(37760K) NonClass: 32950K(33152K)->32950K(33152K) Class: 4422K(4608K)->4422K(4608K)
[2025-04-17T10:55:36.242+0000][536.072s][info][gc             ] GC(372) Pause Young (Allocation Failure) 23M->14M(31M) 1.423ms
[2025-04-17T10:55:36.242+0000][536.072s][info][gc,cpu         ] GC(372) User=0.00s Sys=0.00s Real=0.00s
[2025-04-17T10:55:37.779+0000][537.609s][info][gc,start       ] GC(373) Pause Young (Allocation Failure)
[2025-04-17T10:55:37.781+0000][537.611s][info][gc,heap        ] GC(373) DefNew: 9169K(10176K)->91K(10176K) Eden: 9088K(9088K)->0K(9088K) From: 81K(1088K)->91K(1088K)
[2025-04-17T10:55:37.781+0000][537.611s][info][gc,heap        ] GC(373) Tenured: 14448K(22468K)->14448K(22468K)
[2025-04-17T10:55:37.781+0000][537.611s][info][gc,metaspace   ] GC(373) Metaspace: 37372K(37760K)->37372K(37760K) NonClass: 32950K(33152K)->32950K(33152K) Class: 4422K(4608K)->4422K(4608K)
[2025-04-17T10:55:37.781+0000][537.611s][info][gc             ] GC(373) Pause Young (Allocation Failure) 23M->14M(31M) 1.438ms
[2025-04-17T10:55:37.781+0000][537.611s][info][gc,cpu         ] GC(373) User=0.00s Sys=0.00s Real=0.00s
[2025-04-17T10:55:39.506+0000][539.336s][info][gc,start       ] GC(374) Pause Young (Allocation Failure)
[2025-04-17T10:55:39.507+0000][539.337s][info][gc,heap        ] GC(374) DefNew: 9179K(10176K)->115K(10176K) Eden: 9088K(9088K)->0K(9088K) From: 91K(1088K)->115K(1088K)
[2025-04-17T10:55:39.507+0000][539.337s][info][gc,heap        ] GC(374) Tenured: 14448K(22468K)->14448K(22468K)
[2025-04-17T10:55:39.507+0000][539.337s][info][gc,metaspace   ] GC(374) Metaspace: 37372K(37760K)->37372K(37760K) NonClass: 32950K(33152K)->32950K(33152K) Class: 4422K(4608K)->4422K(4608K)
[2025-04-17T10:55:39.507+0000][539.337s][info][gc             ] GC(374) Pause Young (Allocation Failure) 23M->14M(31M) 1.455ms
[2025-04-17T10:55:39.507+0000][539.337s][info][gc,cpu         ] GC(374) User=0.00s Sys=0.00s Real=0.00s
[2025-04-17T10:55:41.138+0000][540.968s][info][gc,start       ] GC(375) Pause Young (Allocation Failure)
[2025-04-17T10:55:41.139+0000][540.969s][info][gc,heap        ] GC(375) DefNew: 9203K(10176K)->97K(10176K) Eden: 9088K(9088K)->0K(9088K) From: 115K(1088K)->97K(1088K)
[2025-04-17T10:55:41.139+0000][540.969s][info][gc,heap        ] GC(375) Tenured: 14448K(22468K)->14448K(22468K)
[2025-04-17T10:55:41.139+0000][540.969s][info][gc,metaspace   ] GC(375) Metaspace: 37372K(37760K)->37372K(37760K) NonClass: 32950K(33152K)->32950K(33152K) Class: 4422K(4608K)->4422K(4608K)
[2025-04-17T10:55:41.139+0000][540.969s][info][gc             ] GC(375) Pause Young (Allocation Failure) 23M->14M(31M) 1.445ms
[2025-04-17T10:55:41.139+0000][540.969s][info][gc,cpu         ] GC(375) User=0.00s Sys=0.00s Real=0.00s
[2025-04-17T10:55:42.790+0000][542.620s][info][gc,start       ] GC(376) Pause Young (Allocation Failure)
[2025-04-17T10:55:42.791+0000][542.621s][info][gc,heap        ] GC(376) DefNew: 9185K(10176K)->86K(10176K) Eden: 9088K(9088K)->0K(9088K) From: 97K(1088K)->86K(1088K)
[2025-04-17T10:55:42.791+0000][542.621s][info][gc,heap        ] GC(376) Tenured: 14448K(22468K)->14448K(22468K)
[2025-04-17T10:55:42.791+0000][542.621s][info][gc,metaspace   ] GC(376) Metaspace: 37372K(37760K)->37372K(37760K) NonClass: 32950K(33152K)->32950K(33152K) Class: 4422K(4608K)->4422K(4608K)
[2025-04-17T10:55:42.791+0000][542.621s][info][gc             ] GC(376) Pause Young (Allocation Failure) 23M->14M(31M) 1.334ms
[2025-04-17T10:55:42.791+0000][542.621s][info][gc,cpu         ] GC(376) User=0.00s Sys=0.00s Real=0.00s
[2025-04-17T10:55:44.060+0000][543.890s][info][gc,start       ] GC(377) Pause Young (Allocation Failure)
[2025-04-17T10:55:44.061+0000][543.891s][info][gc,heap        ] GC(377) DefNew: 9174K(10176K)->101K(10176K) Eden: 9088K(9088K)->0K(9088K) From: 86K(1088K)->101K(1088K)
[2025-04-17T10:55:44.061+0000][543.891s][info][gc,heap        ] GC(377) Tenured: 14448K(22468K)->14448K(22468K)
[2025-04-17T10:55:44.061+0000][543.891s][info][gc,metaspace   ] GC(377) Metaspace: 37372K(37760K)->37372K(37760K) NonClass: 32950K(33152K)->32950K(33152K) Class: 4422K(4608K)->4422K(4608K)
[2025-04-17T10:55:44.061+0000][543.891s][info][gc             ] GC(377) Pause Young (Allocation Failure) 23M->14M(31M) 1.378ms
[2025-04-17T10:55:44.061+0000][543.891s][info][gc,cpu         ] GC(377) User=0.00s Sys=0.00s Real=0.00s
[2025-04-17T10:55:45.889+0000][545.719s][info][gc,start       ] GC(378) Pause Young (Allocation Failure)
[2025-04-17T10:55:45.890+0000][545.721s][info][gc,heap        ] GC(378) DefNew: 9189K(10176K)->82K(10176K) Eden: 9088K(9088K)->0K(9088K) From: 101K(1088K)->82K(1088K)
[2025-04-17T10:55:45.890+0000][545.721s][info][gc,heap        ] GC(378) Tenured: 14448K(22468K)->14451K(22468K)
[2025-04-17T10:55:45.890+0000][545.721s][info][gc,metaspace   ] GC(378) Metaspace: 37372K(37760K)->37372K(37760K) NonClass: 32950K(33152K)->32950K(33152K) Class: 4422K(4608K)->4422K(4608K)
[2025-04-17T10:55:45.891+0000][545.721s][info][gc             ] GC(378) Pause Young (Allocation Failure) 23M->14M(31M) 1.438ms
[2025-04-17T10:55:45.891+0000][545.721s][info][gc,cpu         ] GC(378) User=0.00s Sys=0.00s Real=0.00s
[2025-04-17T10:55:47.319+0000][547.150s][info][gc,start       ] GC(379) Pause Young (Allocation Failure)
[2025-04-17T10:55:47.321+0000][547.151s][info][gc,heap        ] GC(379) DefNew: 9170K(10176K)->82K(10176K) Eden: 9088K(9088K)->0K(9088K) From: 82K(1088K)->82K(1088K)
[2025-04-17T10:55:47.321+0000][547.151s][info][gc,heap        ] GC(379) Tenured: 14451K(22468K)->14453K(22468K)
[2025-04-17T10:55:47.321+0000][547.151s][info][gc,metaspace   ] GC(379) Metaspace: 37372K(37760K)->37372K(37760K) NonClass: 32950K(33152K)->32950K(33152K) Class: 4422K(4608K)->4422K(4608K)
[2025-04-17T10:55:47.321+0000][547.151s][info][gc             ] GC(379) Pause Young (Allocation Failure) 23M->14M(31M) 1.344ms
[2025-04-17T10:55:47.321+0000][547.151s][info][gc,cpu         ] GC(379) User=0.00s Sys=0.00s Real=0.00s
[2025-04-17T10:55:48.868+0000][548.699s][info][gc,start       ] GC(380) Pause Young (Allocation Failure)
[2025-04-17T10:55:48.870+0000][548.700s][info][gc,heap        ] GC(380) DefNew: 9170K(10176K)->99K(10176K) Eden: 9088K(9088K)->0K(9088K) From: 82K(1088K)->99K(1088K)
[2025-04-17T10:55:48.870+0000][548.700s][info][gc,heap        ] GC(380) Tenured: 14453K(22468K)->14457K(22468K)
[2025-04-17T10:55:48.870+0000][548.700s][info][gc,metaspace   ] GC(380) Metaspace: 37372K(37760K)->37372K(37760K) NonClass: 32950K(33152K)->32950K(33152K) Class: 4422K(4608K)->4422K(4608K)
[2025-04-17T10:55:48.870+0000][548.700s][info][gc             ] GC(380) Pause Young (Allocation Failure) 23M->14M(31M) 1.381ms
[2025-04-17T10:55:48.870+0000][548.700s][info][gc,cpu         ] GC(380) User=0.00s Sys=0.00s Real=0.00s
[2025-04-17T10:55:50.419+0000][550.249s][info][gc,start       ] GC(381) Pause Young (Allocation Failure)
[2025-04-17T10:55:50.420+0000][550.251s][info][gc,heap        ] GC(381) DefNew: 9187K(10176K)->94K(10176K) Eden: 9088K(9088K)->0K(9088K) From: 99K(1088K)->94K(1088K)
[2025-04-17T10:55:50.420+0000][550.251s][info][gc,heap        ] GC(381) Tenured: 14457K(22468K)->14458K(22468K)
[2025-04-17T10:55:50.420+0000][550.251s][info][gc,metaspace   ] GC(381) Metaspace: 37372K(37760K)->37372K(37760K) NonClass: 32950K(33152K)->32950K(33152K) Class: 4422K(4608K)->4422K(4608K)
[2025-04-17T10:55:50.421+0000][550.251s][info][gc             ] GC(381) Pause Young (Allocation Failure) 23M->14M(31M) 1.354ms
[2025-04-17T10:55:50.421+0000][550.251s][info][gc,cpu         ] GC(381) User=0.00s Sys=0.00s Real=0.00s
[2025-04-17T10:55:51.996+0000][551.826s][info][gc,start       ] GC(382) Pause Young (Allocation Failure)
[2025-04-17T10:55:51.997+0000][551.828s][info][gc,heap        ] GC(382) DefNew: 9182K(10176K)->80K(10176K) Eden: 9088K(9088K)->0K(9088K) From: 94K(1088K)->80K(1088K)
[2025-04-17T10:55:51.997+0000][551.828s][info][gc,heap        ] GC(382) Tenured: 14458K(22468K)->14458K(22468K)
[2025-04-17T10:55:51.998+0000][551.828s][info][gc,metaspace   ] GC(382) Metaspace: 37372K(37760K)->37372K(37760K) NonClass: 32950K(33152K)->32950K(33152K) Class: 4422K(4608K)->4422K(4608K)
[2025-04-17T10:55:51.998+0000][551.828s][info][gc             ] GC(382) Pause Young (Allocation Failure) 23M->14M(31M) 1.379ms
[2025-04-17T10:55:51.998+0000][551.828s][info][gc,cpu         ] GC(382) User=0.00s Sys=0.00s Real=0.00s
[2025-04-17T10:55:53.833+0000][553.663s][info][gc,start       ] GC(383) Pause Young (Allocation Failure)
[2025-04-17T10:55:53.834+0000][553.664s][info][gc,heap        ] GC(383) DefNew: 9168K(10176K)->99K(10176K) Eden: 9087K(9088K)->0K(9088K) From: 80K(1088K)->99K(1088K)
[2025-04-17T10:55:53.834+0000][553.664s][info][gc,heap        ] GC(383) Tenured: 14458K(22468K)->14458K(22468K)
[2025-04-17T10:55:53.834+0000][553.664s][info][gc,metaspace   ] GC(383) Metaspace: 37372K(37760K)->37372K(37760K) NonClass: 32950K(33152K)->32950K(33152K) Class: 4422K(4608K)->4422K(4608K)
[2025-04-17T10:55:53.834+0000][553.664s][info][gc             ] GC(383) Pause Young (Allocation Failure) 23M->14M(31M) 1.403ms
[2025-04-17T10:55:53.834+0000][553.664s][info][gc,cpu         ] GC(383) User=0.00s Sys=0.00s Real=0.01s
[2025-04-17T10:55:55.343+0000][555.173s][info][gc,start       ] GC(384) Pause Young (Allocation Failure)
[2025-04-17T10:55:55.344+0000][555.174s][info][gc,heap        ] GC(384) DefNew: 9187K(10176K)->75K(10176K) Eden: 9088K(9088K)->0K(9088K) From: 99K(1088K)->75K(1088K)
[2025-04-17T10:55:55.344+0000][555.174s][info][gc,heap        ] GC(384) Tenured: 14458K(22468K)->14458K(22468K)
[2025-04-17T10:55:55.344+0000][555.174s][info][gc,metaspace   ] GC(384) Metaspace: 37372K(37760K)->37372K(37760K) NonClass: 32950K(33152K)->32950K(33152K) Class: 4422K(4608K)->4422K(4608K)
[2025-04-17T10:55:55.344+0000][555.174s][info][gc             ] GC(384) Pause Young (Allocation Failure) 23M->14M(31M) 1.338ms
[2025-04-17T10:55:55.344+0000][555.174s][info][gc,cpu         ] GC(384) User=0.00s Sys=0.00s Real=0.00s
[2025-04-17T10:55:56.767+0000][556.597s][info][gc,start       ] GC(385) Pause Young (Allocation Failure)
[2025-04-17T10:55:56.768+0000][556.598s][info][gc,heap        ] GC(385) DefNew: 9163K(10176K)->77K(10176K) Eden: 9088K(9088K)->0K(9088K) From: 75K(1088K)->77K(1088K)
[2025-04-17T10:55:56.768+0000][556.598s][info][gc,heap        ] GC(385) Tenured: 14458K(22468K)->14458K(22468K)
[2025-04-17T10:55:56.768+0000][556.598s][info][gc,metaspace   ] GC(385) Metaspace: 37372K(37760K)->37372K(37760K) NonClass: 32950K(33152K)->32950K(33152K) Class: 4422K(4608K)->4422K(4608K)
[2025-04-17T10:55:56.768+0000][556.598s][info][gc             ] GC(385) Pause Young (Allocation Failure) 23M->14M(31M) 1.338ms
[2025-04-17T10:55:56.768+0000][556.598s][info][gc,cpu         ] GC(385) User=0.00s Sys=0.00s Real=0.00s
[2025-04-17T10:55:58.437+0000][558.267s][info][gc,start       ] GC(386) Pause Young (Allocation Failure)
[2025-04-17T10:55:58.438+0000][558.268s][info][gc,heap        ] GC(386) DefNew: 9165K(10176K)->91K(10176K) Eden: 9087K(9088K)->0K(9088K) From: 77K(1088K)->91K(1088K)
[2025-04-17T10:55:58.438+0000][558.268s][info][gc,heap        ] GC(386) Tenured: 14458K(22468K)->14459K(22468K)
[2025-04-17T10:55:58.438+0000][558.268s][info][gc,metaspace   ] GC(386) Metaspace: 37372K(37760K)->37372K(37760K) NonClass: 32950K(33152K)->32950K(33152K) Class: 4422K(4608K)->4422K(4608K)
[2025-04-17T10:55:58.438+0000][558.268s][info][gc             ] GC(386) Pause Young (Allocation Failure) 23M->14M(31M) 1.403ms
[2025-04-17T10:55:58.438+0000][558.268s][info][gc,cpu         ] GC(386) User=0.00s Sys=0.00s Real=0.00s
[2025-04-17T10:55:59.916+0000][559.746s][info][gc,start       ] GC(387) Pause Young (Allocation Failure)
[2025-04-17T10:55:59.917+0000][559.747s][info][gc,heap        ] GC(387) DefNew: 9179K(10176K)->84K(10176K) Eden: 9088K(9088K)->0K(9088K) From: 91K(1088K)->84K(1088K)
[2025-04-17T10:55:59.917+0000][559.747s][info][gc,heap        ] GC(387) Tenured: 14459K(22468K)->14459K(22468K)
[2025-04-17T10:55:59.917+0000][559.747s][info][gc,metaspace   ] GC(387) Metaspace: 37372K(37760K)->37372K(37760K) NonClass: 32950K(33152K)->32950K(33152K) Class: 4422K(4608K)->4422K(4608K)
[2025-04-17T10:55:59.917+0000][559.747s][info][gc             ] GC(387) Pause Young (Allocation Failure) 23M->14M(31M) 1.310ms
[2025-04-17T10:55:59.917+0000][559.747s][info][gc,cpu         ] GC(387) User=0.01s Sys=0.00s Real=0.00s
[2025-04-17T10:56:01.577+0000][561.407s][info][gc,start       ] GC(388) Pause Young (Allocation Failure)
[2025-04-17T10:56:01.578+0000][561.408s][info][gc,heap        ] GC(388) DefNew: 9172K(10176K)->91K(10176K) Eden: 9088K(9088K)->0K(9088K) From: 84K(1088K)->91K(1088K)
[2025-04-17T10:56:01.578+0000][561.408s][info][gc,heap        ] GC(388) Tenured: 14459K(22468K)->14461K(22468K)
[2025-04-17T10:56:01.578+0000][561.408s][info][gc,metaspace   ] GC(388) Metaspace: 37372K(37760K)->37372K(37760K) NonClass: 32950K(33152K)->32950K(33152K) Class: 4422K(4608K)->4422K(4608K)
[2025-04-17T10:56:01.578+0000][561.408s][info][gc             ] GC(388) Pause Young (Allocation Failure) 23M->14M(31M) 1.267ms
[2025-04-17T10:56:01.578+0000][561.409s][info][gc,cpu         ] GC(388) User=0.00s Sys=0.00s Real=0.00s
[2025-04-17T10:56:03.269+0000][563.099s][info][gc,start       ] GC(389) Pause Young (Allocation Failure)
[2025-04-17T10:56:03.270+0000][563.101s][info][gc,heap        ] GC(389) DefNew: 9179K(10176K)->75K(10176K) Eden: 9087K(9088K)->0K(9088K) From: 91K(1088K)->75K(1088K)
[2025-04-17T10:56:03.271+0000][563.101s][info][gc,heap        ] GC(389) Tenured: 14461K(22468K)->14462K(22468K)
[2025-04-17T10:56:03.271+0000][563.101s][info][gc,metaspace   ] GC(389) Metaspace: 37372K(37760K)->37372K(37760K) NonClass: 32950K(33152K)->32950K(33152K) Class: 4422K(4608K)->4422K(4608K)
[2025-04-17T10:56:03.271+0000][563.101s][info][gc             ] GC(389) Pause Young (Allocation Failure) 23M->14M(31M) 1.306ms
[2025-04-17T10:56:03.271+0000][563.101s][info][gc,cpu         ] GC(389) User=0.00s Sys=0.00s Real=0.00s
[2025-04-17T10:56:04.715+0000][564.545s][info][gc,start       ] GC(390) Pause Young (Allocation Failure)
[2025-04-17T10:56:04.717+0000][564.547s][info][gc,heap        ] GC(390) DefNew: 9163K(10176K)->81K(10176K) Eden: 9088K(9088K)->0K(9088K) From: 75K(1088K)->81K(1088K)
[2025-04-17T10:56:04.717+0000][564.547s][info][gc,heap        ] GC(390) Tenured: 14462K(22468K)->14462K(22468K)
[2025-04-17T10:56:04.717+0000][564.547s][info][gc,metaspace   ] GC(390) Metaspace: 37372K(37760K)->37372K(37760K) NonClass: 32950K(33152K)->32950K(33152K) Class: 4422K(4608K)->4422K(4608K)
[2025-04-17T10:56:04.717+0000][564.547s][info][gc             ] GC(390) Pause Young (Allocation Failure) 23M->14M(31M) 1.286ms
[2025-04-17T10:56:04.717+0000][564.547s][info][gc,cpu         ] GC(390) User=0.01s Sys=0.00s Real=0.00s
[2025-04-17T10:56:06.327+0000][566.157s][info][gc,start       ] GC(391) Pause Young (Allocation Failure)
[2025-04-17T10:56:06.329+0000][566.159s][info][gc,heap        ] GC(391) DefNew: 9169K(10176K)->89K(10176K) Eden: 9088K(9088K)->0K(9088K) From: 81K(1088K)->89K(1088K)
[2025-04-17T10:56:06.329+0000][566.159s][info][gc,heap        ] GC(391) Tenured: 14462K(22468K)->14462K(22468K)
[2025-04-17T10:56:06.329+0000][566.159s][info][gc,metaspace   ] GC(391) Metaspace: 37372K(37760K)->37372K(37760K) NonClass: 32950K(33152K)->32950K(33152K) Class: 4422K(4608K)->4422K(4608K)
[2025-04-17T10:56:06.329+0000][566.159s][info][gc             ] GC(391) Pause Young (Allocation Failure) 23M->14M(31M) 1.361ms
[2025-04-17T10:56:06.329+0000][566.159s][info][gc,cpu         ] GC(391) User=0.00s Sys=0.00s Real=0.00s
[2025-04-17T10:56:07.880+0000][567.710s][info][gc,start       ] GC(392) Pause Young (Allocation Failure)
[2025-04-17T10:56:07.881+0000][567.711s][info][gc,heap        ] GC(392) DefNew: 9177K(10176K)->97K(10176K) Eden: 9088K(9088K)->0K(9088K) From: 89K(1088K)->97K(1088K)
[2025-04-17T10:56:07.881+0000][567.711s][info][gc,heap        ] GC(392) Tenured: 14462K(22468K)->14462K(22468K)
[2025-04-17T10:56:07.881+0000][567.711s][info][gc,metaspace   ] GC(392) Metaspace: 37372K(37760K)->37372K(37760K) NonClass: 32950K(33152K)->32950K(33152K) Class: 4422K(4608K)->4422K(4608K)
[2025-04-17T10:56:07.881+0000][567.711s][info][gc             ] GC(392) Pause Young (Allocation Failure) 23M->14M(31M) 1.200ms
[2025-04-17T10:56:07.881+0000][567.711s][info][gc,cpu         ] GC(392) User=0.00s Sys=0.00s Real=0.00s
[2025-04-17T10:56:09.308+0000][569.138s][info][gc,start       ] GC(393) Pause Young (Allocation Failure)
[2025-04-17T10:56:09.309+0000][569.139s][info][gc,heap        ] GC(393) DefNew: 9185K(10176K)->80K(10176K) Eden: 9088K(9088K)->0K(9088K) From: 97K(1088K)->80K(1088K)
[2025-04-17T10:56:09.309+0000][569.139s][info][gc,heap        ] GC(393) Tenured: 14462K(22468K)->14463K(22468K)
[2025-04-17T10:56:09.309+0000][569.139s][info][gc,metaspace   ] GC(393) Metaspace: 37372K(37760K)->37372K(37760K) NonClass: 32950K(33152K)->32950K(33152K) Class: 4422K(4608K)->4422K(4608K)
[2025-04-17T10:56:09.309+0000][569.139s][info][gc             ] GC(393) Pause Young (Allocation Failure) 23M->14M(31M) 1.233ms
[2025-04-17T10:56:09.309+0000][569.139s][info][gc,cpu         ] GC(393) User=0.00s Sys=0.00s Real=0.00s
[2025-04-17T10:56:10.932+0000][570.762s][info][gc,start       ] GC(394) Pause Young (Allocation Failure)
[2025-04-17T10:56:10.933+0000][570.763s][info][gc,heap        ] GC(394) DefNew: 9168K(10176K)->77K(10176K) Eden: 9088K(9088K)->0K(9088K) From: 80K(1088K)->77K(1088K)
[2025-04-17T10:56:10.933+0000][570.763s][info][gc,heap        ] GC(394) Tenured: 14463K(22468K)->14463K(22468K)
[2025-04-17T10:56:10.933+0000][570.763s][info][gc,metaspace   ] GC(394) Metaspace: 37372K(37760K)->37372K(37760K) NonClass: 32950K(33152K)->32950K(33152K) Class: 4422K(4608K)->4422K(4608K)
[2025-04-17T10:56:10.933+0000][570.763s][info][gc             ] GC(394) Pause Young (Allocation Failure) 23M->14M(31M) 1.256ms
[2025-04-17T10:56:10.933+0000][570.763s][info][gc,cpu         ] GC(394) User=0.00s Sys=0.00s Real=0.00s
[2025-04-17T10:56:12.485+0000][572.315s][info][gc,start       ] GC(395) Pause Young (Allocation Failure)
[2025-04-17T10:56:12.486+0000][572.316s][info][gc,heap        ] GC(395) DefNew: 9165K(10176K)->92K(10176K) Eden: 9088K(9088K)->0K(9088K) From: 77K(1088K)->92K(1088K)
[2025-04-17T10:56:12.486+0000][572.316s][info][gc,heap        ] GC(395) Tenured: 14463K(22468K)->14463K(22468K)
[2025-04-17T10:56:12.486+0000][572.316s][info][gc,metaspace   ] GC(395) Metaspace: 37372K(37760K)->37372K(37760K) NonClass: 32950K(33152K)->32950K(33152K) Class: 4422K(4608K)->4422K(4608K)
[2025-04-17T10:56:12.486+0000][572.316s][info][gc             ] GC(395) Pause Young (Allocation Failure) 23M->14M(31M) 1.174ms
[2025-04-17T10:56:12.486+0000][572.316s][info][gc,cpu         ] GC(395) User=0.00s Sys=0.00s Real=0.00s
[2025-04-17T10:56:14.006+0000][573.836s][info][gc,start       ] GC(396) Pause Young (Allocation Failure)
[2025-04-17T10:56:14.007+0000][573.837s][info][gc,heap        ] GC(396) DefNew: 9180K(10176K)->90K(10176K) Eden: 9088K(9088K)->0K(9088K) From: 92K(1088K)->90K(1088K)
[2025-04-17T10:56:14.007+0000][573.837s][info][gc,heap        ] GC(396) Tenured: 14463K(22468K)->14463K(22468K)
[2025-04-17T10:56:14.007+0000][573.837s][info][gc,metaspace   ] GC(396) Metaspace: 37372K(37760K)->37372K(37760K) NonClass: 32950K(33152K)->32950K(33152K) Class: 4422K(4608K)->4422K(4608K)
[2025-04-17T10:56:14.007+0000][573.837s][info][gc             ] GC(396) Pause Young (Allocation Failure) 23M->14M(31M) 1.191ms
[2025-04-17T10:56:14.007+0000][573.837s][info][gc,cpu         ] GC(396) User=0.00s Sys=0.00s Real=0.00s
[2025-04-17T10:56:15.690+0000][575.520s][info][gc,start       ] GC(397) Pause Young (Allocation Failure)
[2025-04-17T10:56:15.691+0000][575.521s][info][gc,heap        ] GC(397) DefNew: 9178K(10176K)->77K(10176K) Eden: 9088K(9088K)->0K(9088K) From: 90K(1088K)->77K(1088K)
[2025-04-17T10:56:15.691+0000][575.521s][info][gc,heap        ] GC(397) Tenured: 14463K(22468K)->14463K(22468K)
[2025-04-17T10:56:15.691+0000][575.521s][info][gc,metaspace   ] GC(397) Metaspace: 37372K(37760K)->37372K(37760K) NonClass: 32950K(33152K)->32950K(33152K) Class: 4422K(4608K)->4422K(4608K)
[2025-04-17T10:56:15.691+0000][575.521s][info][gc             ] GC(397) Pause Young (Allocation Failure) 23M->14M(31M) 1.270ms
[2025-04-17T10:56:15.691+0000][575.521s][info][gc,cpu         ] GC(397) User=0.00s Sys=0.00s Real=0.00s
[2025-04-17T10:56:17.255+0000][577.085s][info][gc,start       ] GC(398) Pause Young (Allocation Failure)
[2025-04-17T10:56:17.256+0000][577.086s][info][gc,heap        ] GC(398) DefNew: 9165K(10176K)->92K(10176K) Eden: 9088K(9088K)->0K(9088K) From: 77K(1088K)->92K(1088K)
[2025-04-17T10:56:17.256+0000][577.086s][info][gc,heap        ] GC(398) Tenured: 14463K(22468K)->14463K(22468K)
[2025-04-17T10:56:17.256+0000][577.086s][info][gc,metaspace   ] GC(398) Metaspace: 37372K(37760K)->37372K(37760K) NonClass: 32950K(33152K)->32950K(33152K) Class: 4422K(4608K)->4422K(4608K)
[2025-04-17T10:56:17.256+0000][577.086s][info][gc             ] GC(398) Pause Young (Allocation Failure) 23M->14M(31M) 1.333ms
[2025-04-17T10:56:17.256+0000][577.086s][info][gc,cpu         ] GC(398) User=0.00s Sys=0.00s Real=0.00s
[2025-04-17T10:56:18.892+0000][578.722s][info][gc,start       ] GC(399) Pause Young (Allocation Failure)
[2025-04-17T10:56:18.893+0000][578.723s][info][gc,heap        ] GC(399) DefNew: 9180K(10176K)->75K(10176K) Eden: 9088K(9088K)->0K(9088K) From: 92K(1088K)->75K(1088K)
[2025-04-17T10:56:18.893+0000][578.723s][info][gc,heap        ] GC(399) Tenured: 14463K(22468K)->14463K(22468K)
[2025-04-17T10:56:18.893+0000][578.723s][info][gc,metaspace   ] GC(399) Metaspace: 37372K(37760K)->37372K(37760K) NonClass: 32950K(33152K)->32950K(33152K) Class: 4422K(4608K)->4422K(4608K)
[2025-04-17T10:56:18.893+0000][578.723s][info][gc             ] GC(399) Pause Young (Allocation Failure) 23M->14M(31M) 1.206ms
[2025-04-17T10:56:18.893+0000][578.723s][info][gc,cpu         ] GC(399) User=0.00s Sys=0.00s Real=0.00s
[2025-04-17T10:56:20.301+0000][580.131s][info][gc,start       ] GC(400) Pause Young (Allocation Failure)
[2025-04-17T10:56:20.302+0000][580.132s][info][gc,heap        ] GC(400) DefNew: 9163K(10176K)->77K(10176K) Eden: 9087K(9088K)->0K(9088K) From: 75K(1088K)->77K(1088K)
[2025-04-17T10:56:20.302+0000][580.132s][info][gc,heap        ] GC(400) Tenured: 14463K(22468K)->14463K(22468K)
[2025-04-17T10:56:20.302+0000][580.132s][info][gc,metaspace   ] GC(400) Metaspace: 37372K(37760K)->37372K(37760K) NonClass: 32950K(33152K)->32950K(33152K) Class: 4422K(4608K)->4422K(4608K)
[2025-04-17T10:56:20.302+0000][580.132s][info][gc             ] GC(400) Pause Young (Allocation Failure) 23M->14M(31M) 1.371ms
[2025-04-17T10:56:20.302+0000][580.132s][info][gc,cpu         ] GC(400) User=0.00s Sys=0.00s Real=0.00s
[2025-04-17T10:56:21.851+0000][581.681s][info][gc,start       ] GC(401) Pause Young (Allocation Failure)
[2025-04-17T10:56:21.852+0000][581.682s][info][gc,heap        ] GC(401) DefNew: 9165K(10176K)->75K(10176K) Eden: 9088K(9088K)->0K(9088K) From: 77K(1088K)->75K(1088K)
[2025-04-17T10:56:21.852+0000][581.682s][info][gc,heap        ] GC(401) Tenured: 14463K(22468K)->14463K(22468K)
[2025-04-17T10:56:21.852+0000][581.682s][info][gc,metaspace   ] GC(401) Metaspace: 37372K(37760K)->37372K(37760K) NonClass: 32950K(33152K)->32950K(33152K) Class: 4422K(4608K)->4422K(4608K)
[2025-04-17T10:56:21.852+0000][581.682s][info][gc             ] GC(401) Pause Young (Allocation Failure) 23M->14M(31M) 1.295ms
[2025-04-17T10:56:21.852+0000][581.682s][info][gc,cpu         ] GC(401) User=0.01s Sys=0.00s Real=0.00s
[2025-04-17T10:56:23.383+0000][583.213s][info][gc,start       ] GC(402) Pause Young (Allocation Failure)
[2025-04-17T10:56:23.384+0000][583.214s][info][gc,heap        ] GC(402) DefNew: 9156K(10176K)->79K(10176K) Eden: 9080K(9088K)->0K(9088K) From: 75K(1088K)->79K(1088K)
[2025-04-17T10:56:23.384+0000][583.214s][info][gc,heap        ] GC(402) Tenured: 14463K(22468K)->14468K(22468K)
[2025-04-17T10:56:23.384+0000][583.214s][info][gc,metaspace   ] GC(402) Metaspace: 37372K(37760K)->37372K(37760K) NonClass: 32950K(33152K)->32950K(33152K) Class: 4422K(4608K)->4422K(4608K)
[2025-04-17T10:56:23.384+0000][583.214s][info][gc             ] GC(402) Pause Young (Allocation Failure) 23M->14M(31M) 1.292ms
[2025-04-17T10:56:23.384+0000][583.214s][info][gc,cpu         ] GC(402) User=0.00s Sys=0.00s Real=0.01s
[2025-04-17T10:56:24.657+0000][584.487s][info][gc,start       ] GC(403) Pause Young (Allocation Failure)
[2025-04-17T10:56:24.658+0000][584.488s][info][gc,heap        ] GC(403) DefNew: 9167K(10176K)->72K(10176K) Eden: 9088K(9088K)->0K(9088K) From: 79K(1088K)->72K(1088K)
[2025-04-17T10:56:24.658+0000][584.488s][info][gc,heap        ] GC(403) Tenured: 14468K(22468K)->14468K(22468K)
[2025-04-17T10:56:24.658+0000][584.488s][info][gc,metaspace   ] GC(403) Metaspace: 37372K(37760K)->37372K(37760K) NonClass: 32950K(33152K)->32950K(33152K) Class: 4422K(4608K)->4422K(4608K)
[2025-04-17T10:56:24.658+0000][584.488s][info][gc             ] GC(403) Pause Young (Allocation Failure) 23M->14M(31M) 1.254ms
[2025-04-17T10:56:24.658+0000][584.488s][info][gc,cpu         ] GC(403) User=0.00s Sys=0.00s Real=0.00s
[2025-04-17T10:56:26.585+0000][586.415s][info][gc,start       ] GC(404) Pause Young (Allocation Failure)
[2025-04-17T10:56:26.586+0000][586.416s][info][gc,heap        ] GC(404) DefNew: 9160K(10176K)->95K(10176K) Eden: 9088K(9088K)->0K(9088K) From: 72K(1088K)->95K(1088K)
[2025-04-17T10:56:26.586+0000][586.416s][info][gc,heap        ] GC(404) Tenured: 14468K(22468K)->14468K(22468K)
[2025-04-17T10:56:26.586+0000][586.416s][info][gc,metaspace   ] GC(404) Metaspace: 37372K(37760K)->37372K(37760K) NonClass: 32950K(33152K)->32950K(33152K) Class: 4422K(4608K)->4422K(4608K)
[2025-04-17T10:56:26.586+0000][586.416s][info][gc             ] GC(404) Pause Young (Allocation Failure) 23M->14M(31M) 1.197ms
[2025-04-17T10:56:26.586+0000][586.416s][info][gc,cpu         ] GC(404) User=0.00s Sys=0.00s Real=0.00s
[2025-04-17T10:56:27.979+0000][587.809s][info][gc,start       ] GC(405) Pause Young (Allocation Failure)
[2025-04-17T10:56:27.980+0000][587.810s][info][gc,heap        ] GC(405) DefNew: 9183K(10176K)->85K(10176K) Eden: 9088K(9088K)->0K(9088K) From: 95K(1088K)->85K(1088K)
[2025-04-17T10:56:27.980+0000][587.810s][info][gc,heap        ] GC(405) Tenured: 14468K(22468K)->14468K(22468K)
[2025-04-17T10:56:27.980+0000][587.810s][info][gc,metaspace   ] GC(405) Metaspace: 37372K(37760K)->37372K(37760K) NonClass: 32950K(33152K)->32950K(33152K) Class: 4422K(4608K)->4422K(4608K)
[2025-04-17T10:56:27.980+0000][587.810s][info][gc             ] GC(405) Pause Young (Allocation Failure) 23M->14M(31M) 1.275ms
[2025-04-17T10:56:27.980+0000][587.810s][info][gc,cpu         ] GC(405) User=0.00s Sys=0.00s Real=0.00s
[2025-04-17T10:56:29.567+0000][589.397s][info][gc,start       ] GC(406) Pause Young (Allocation Failure)
[2025-04-17T10:56:29.568+0000][589.398s][info][gc,heap        ] GC(406) DefNew: 9173K(10176K)->72K(10176K) Eden: 9088K(9088K)->0K(9088K) From: 85K(1088K)->72K(1088K)
[2025-04-17T10:56:29.568+0000][589.398s][info][gc,heap        ] GC(406) Tenured: 14468K(22468K)->14468K(22468K)
[2025-04-17T10:56:29.568+0000][589.398s][info][gc,metaspace   ] GC(406) Metaspace: 37372K(37760K)->37372K(37760K) NonClass: 32950K(33152K)->32950K(33152K) Class: 4422K(4608K)->4422K(4608K)
[2025-04-17T10:56:29.568+0000][589.398s][info][gc             ] GC(406) Pause Young (Allocation Failure) 23M->14M(31M) 1.274ms
[2025-04-17T10:56:29.568+0000][589.398s][info][gc,cpu         ] GC(406) User=0.00s Sys=0.00s Real=0.00s
[2025-04-17T10:56:31.094+0000][590.924s][info][gc,start       ] GC(407) Pause Young (Allocation Failure)
[2025-04-17T10:56:31.096+0000][590.926s][info][gc,heap        ] GC(407) DefNew: 9160K(10176K)->68K(10176K) Eden: 9088K(9088K)->0K(9088K) From: 72K(1088K)->68K(1088K)
[2025-04-17T10:56:31.096+0000][590.926s][info][gc,heap        ] GC(407) Tenured: 14468K(22468K)->14468K(22468K)
[2025-04-17T10:56:31.096+0000][590.926s][info][gc,metaspace   ] GC(407) Metaspace: 37372K(37760K)->37372K(37760K) NonClass: 32950K(33152K)->32950K(33152K) Class: 4422K(4608K)->4422K(4608K)
[2025-04-17T10:56:31.096+0000][590.926s][info][gc             ] GC(407) Pause Young (Allocation Failure) 23M->14M(31M) 1.318ms
[2025-04-17T10:56:31.096+0000][590.926s][info][gc,cpu         ] GC(407) User=0.00s Sys=0.00s Real=0.00s
[2025-04-17T10:56:32.697+0000][592.527s][info][gc,start       ] GC(408) Pause Young (Allocation Failure)
[2025-04-17T10:56:32.698+0000][592.528s][info][gc,heap        ] GC(408) DefNew: 9156K(10176K)->82K(10176K) Eden: 9088K(9088K)->0K(9088K) From: 68K(1088K)->82K(1088K)
[2025-04-17T10:56:32.698+0000][592.529s][info][gc,heap        ] GC(408) Tenured: 14468K(22468K)->14468K(22468K)
[2025-04-17T10:56:32.698+0000][592.529s][info][gc,metaspace   ] GC(408) Metaspace: 37372K(37760K)->37372K(37760K) NonClass: 32950K(33152K)->32950K(33152K) Class: 4422K(4608K)->4422K(4608K)
[2025-04-17T10:56:32.698+0000][592.529s][info][gc             ] GC(408) Pause Young (Allocation Failure) 23M->14M(31M) 1.332ms
[2025-04-17T10:56:32.698+0000][592.529s][info][gc,cpu         ] GC(408) User=0.00s Sys=0.00s Real=0.00s
[2025-04-17T10:56:34.120+0000][593.951s][info][gc,start       ] GC(409) Pause Young (Allocation Failure)
[2025-04-17T10:56:34.122+0000][593.952s][info][gc,heap        ] GC(409) DefNew: 9170K(10176K)->72K(10176K) Eden: 9088K(9088K)->0K(9088K) From: 82K(1088K)->72K(1088K)
[2025-04-17T10:56:34.122+0000][593.952s][info][gc,heap        ] GC(409) Tenured: 14468K(22468K)->14468K(22468K)
[2025-04-17T10:56:34.122+0000][593.952s][info][gc,metaspace   ] GC(409) Metaspace: 37372K(37760K)->37372K(37760K) NonClass: 32950K(33152K)->32950K(33152K) Class: 4422K(4608K)->4422K(4608K)
[2025-04-17T10:56:34.122+0000][593.952s][info][gc             ] GC(409) Pause Young (Allocation Failure) 23M->14M(31M) 1.229ms
[2025-04-17T10:56:34.122+0000][593.952s][info][gc,cpu         ] GC(409) User=0.01s Sys=0.00s Real=0.00s
[2025-04-17T10:56:35.899+0000][595.730s][info][gc,start       ] GC(410) Pause Young (Allocation Failure)
[2025-04-17T10:56:35.901+0000][595.731s][info][gc,heap        ] GC(410) DefNew: 9160K(10176K)->88K(10176K) Eden: 9088K(9088K)->0K(9088K) From: 72K(1088K)->88K(1088K)
[2025-04-17T10:56:35.901+0000][595.731s][info][gc,heap        ] GC(410) Tenured: 14468K(22468K)->14468K(22468K)
[2025-04-17T10:56:35.901+0000][595.731s][info][gc,metaspace   ] GC(410) Metaspace: 37372K(37760K)->37372K(37760K) NonClass: 32950K(33152K)->32950K(33152K) Class: 4422K(4608K)->4422K(4608K)
[2025-04-17T10:56:35.901+0000][595.731s][info][gc             ] GC(410) Pause Young (Allocation Failure) 23M->14M(31M) 1.300ms
[2025-04-17T10:56:35.901+0000][595.731s][info][gc,cpu         ] GC(410) User=0.00s Sys=0.00s Real=0.00s
[2025-04-17T10:56:37.437+0000][597.267s][info][gc,start       ] GC(411) Pause Young (Allocation Failure)
[2025-04-17T10:56:37.438+0000][597.268s][info][gc,heap        ] GC(411) DefNew: 9176K(10176K)->72K(10176K) Eden: 9088K(9088K)->0K(9088K) From: 88K(1088K)->72K(1088K)
[2025-04-17T10:56:37.438+0000][597.268s][info][gc,heap        ] GC(411) Tenured: 14468K(22468K)->14468K(22468K)
[2025-04-17T10:56:37.438+0000][597.268s][info][gc,metaspace   ] GC(411) Metaspace: 37372K(37760K)->37372K(37760K) NonClass: 32950K(33152K)->32950K(33152K) Class: 4422K(4608K)->4422K(4608K)
[2025-04-17T10:56:37.438+0000][597.268s][info][gc             ] GC(411) Pause Young (Allocation Failure) 23M->14M(31M) 1.326ms
[2025-04-17T10:56:37.438+0000][597.268s][info][gc,cpu         ] GC(411) User=0.00s Sys=0.00s Real=0.00s
[2025-04-17T10:56:38.932+0000][598.762s][info][gc,start       ] GC(412) Pause Young (Allocation Failure)
[2025-04-17T10:56:38.933+0000][598.763s][info][gc,heap        ] GC(412) DefNew: 9160K(10176K)->72K(10176K) Eden: 9088K(9088K)->0K(9088K) From: 72K(1088K)->72K(1088K)
[2025-04-17T10:56:38.933+0000][598.763s][info][gc,heap        ] GC(412) Tenured: 14468K(22468K)->14468K(22468K)
[2025-04-17T10:56:38.933+0000][598.763s][info][gc,metaspace   ] GC(412) Metaspace: 37372K(37760K)->37372K(37760K) NonClass: 32950K(33152K)->32950K(33152K) Class: 4422K(4608K)->4422K(4608K)
[2025-04-17T10:56:38.933+0000][598.763s][info][gc             ] GC(412) Pause Young (Allocation Failure) 23M->14M(31M) 1.254ms
[2025-04-17T10:56:38.933+0000][598.763s][info][gc,cpu         ] GC(412) User=0.01s Sys=0.00s Real=0.00s
[2025-04-17T10:56:40.524+0000][600.354s][info][gc,start       ] GC(413) Pause Young (Allocation Failure)
[2025-04-17T10:56:40.525+0000][600.355s][info][gc,heap        ] GC(413) DefNew: 9160K(10176K)->88K(10176K) Eden: 9088K(9088K)->0K(9088K) From: 72K(1088K)->88K(1088K)
[2025-04-17T10:56:40.525+0000][600.355s][info][gc,heap        ] GC(413) Tenured: 14468K(22468K)->14468K(22468K)
[2025-04-17T10:56:40.525+0000][600.355s][info][gc,metaspace   ] GC(413) Metaspace: 37372K(37760K)->37372K(37760K) NonClass: 32950K(33152K)->32950K(33152K) Class: 4422K(4608K)->4422K(4608K)
[2025-04-17T10:56:40.525+0000][600.355s][info][gc             ] GC(413) Pause Young (Allocation Failure) 23M->14M(31M) 1.124ms
[2025-04-17T10:56:40.525+0000][600.355s][info][gc,cpu         ] GC(413) User=0.00s Sys=0.00s Real=0.00s
[2025-04-17T10:56:42.049+0000][601.879s][info][gc,start       ] GC(414) Pause Young (Allocation Failure)
[2025-04-17T10:56:42.051+0000][601.881s][info][gc,heap        ] GC(414) DefNew: 9176K(10176K)->76K(10176K) Eden: 9088K(9088K)->0K(9088K) From: 88K(1088K)->76K(1088K)
[2025-04-17T10:56:42.051+0000][601.881s][info][gc,heap        ] GC(414) Tenured: 14468K(22468K)->14468K(22468K)
[2025-04-17T10:56:42.051+0000][601.881s][info][gc,metaspace   ] GC(414) Metaspace: 37373K(37760K)->37373K(37760K) NonClass: 32950K(33152K)->32950K(33152K) Class: 4423K(4608K)->4423K(4608K)
[2025-04-17T10:56:42.051+0000][601.881s][info][gc             ] GC(414) Pause Young (Allocation Failure) 23M->14M(31M) 1.352ms
[2025-04-17T10:56:42.051+0000][601.881s][info][gc,cpu         ] GC(414) User=0.00s Sys=0.00s Real=0.00s
[2025-04-17T10:56:43.563+0000][603.394s][info][gc,start       ] GC(415) Pause Young (Allocation Failure)
[2025-04-17T10:56:43.565+0000][603.395s][info][gc,heap        ] GC(415) DefNew: 9164K(10176K)->70K(10176K) Eden: 9088K(9088K)->0K(9088K) From: 76K(1088K)->70K(1088K)
[2025-04-17T10:56:43.565+0000][603.395s][info][gc,heap        ] GC(415) Tenured: 14468K(22468K)->14468K(22468K)
[2025-04-17T10:56:43.565+0000][603.395s][info][gc,metaspace   ] GC(415) Metaspace: 37373K(37760K)->37373K(37760K) NonClass: 32950K(33152K)->32950K(33152K) Class: 4423K(4608K)->4423K(4608K)
[2025-04-17T10:56:43.565+0000][603.395s][info][gc             ] GC(415) Pause Young (Allocation Failure) 23M->14M(31M) 1.360ms
[2025-04-17T10:56:43.565+0000][603.395s][info][gc,cpu         ] GC(415) User=0.00s Sys=0.00s Real=0.01s
[2025-04-17T10:56:45.132+0000][604.962s][info][gc,start       ] GC(416) Pause Young (Allocation Failure)
[2025-04-17T10:56:45.133+0000][604.963s][info][gc,heap        ] GC(416) DefNew: 9158K(10176K)->90K(10176K) Eden: 9088K(9088K)->0K(9088K) From: 70K(1088K)->90K(1088K)
[2025-04-17T10:56:45.133+0000][604.963s][info][gc,heap        ] GC(416) Tenured: 14468K(22468K)->14468K(22468K)
[2025-04-17T10:56:45.133+0000][604.963s][info][gc,metaspace   ] GC(416) Metaspace: 37373K(37760K)->37373K(37760K) NonClass: 32950K(33152K)->32950K(33152K) Class: 4423K(4608K)->4423K(4608K)
[2025-04-17T10:56:45.133+0000][604.963s][info][gc             ] GC(416) Pause Young (Allocation Failure) 23M->14M(31M) 1.388ms
[2025-04-17T10:56:45.133+0000][604.963s][info][gc,cpu         ] GC(416) User=0.00s Sys=0.00s Real=0.00s
[2025-04-17T10:56:46.788+0000][606.618s][info][gc,start       ] GC(417) Pause Young (Allocation Failure)
[2025-04-17T10:56:46.789+0000][606.619s][info][gc,heap        ] GC(417) DefNew: 9178K(10176K)->62K(10176K) Eden: 9088K(9088K)->0K(9088K) From: 90K(1088K)->62K(1088K)
[2025-04-17T10:56:46.789+0000][606.619s][info][gc,heap        ] GC(417) Tenured: 14468K(22468K)->14468K(22468K)
[2025-04-17T10:56:46.789+0000][606.619s][info][gc,metaspace   ] GC(417) Metaspace: 37373K(37760K)->37373K(37760K) NonClass: 32950K(33152K)->32950K(33152K) Class: 4423K(4608K)->4423K(4608K)
[2025-04-17T10:56:46.789+0000][606.619s][info][gc             ] GC(417) Pause Young (Allocation Failure) 23M->14M(31M) 1.180ms
[2025-04-17T10:56:46.789+0000][606.619s][info][gc,cpu         ] GC(417) User=0.00s Sys=0.00s Real=0.00s
[2025-04-17T10:56:48.365+0000][608.195s][info][gc,start       ] GC(418) Pause Young (Allocation Failure)
[2025-04-17T10:56:48.366+0000][608.196s][info][gc,heap        ] GC(418) DefNew: 9150K(10176K)->75K(10176K) Eden: 9088K(9088K)->0K(9088K) From: 62K(1088K)->75K(1088K)
[2025-04-17T10:56:48.366+0000][608.197s][info][gc,heap        ] GC(418) Tenured: 14468K(22468K)->14468K(22468K)
[2025-04-17T10:56:48.366+0000][608.197s][info][gc,metaspace   ] GC(418) Metaspace: 37373K(37760K)->37373K(37760K) NonClass: 32950K(33152K)->32950K(33152K) Class: 4423K(4608K)->4423K(4608K)
[2025-04-17T10:56:48.366+0000][608.197s][info][gc             ] GC(418) Pause Young (Allocation Failure) 23M->14M(31M) 1.418ms
[2025-04-17T10:56:48.366+0000][608.197s][info][gc,cpu         ] GC(418) User=0.00s Sys=0.00s Real=0.00s
[2025-04-17T10:56:49.782+0000][609.612s][info][gc,start       ] GC(419) Pause Young (Allocation Failure)
[2025-04-17T10:56:49.783+0000][609.613s][info][gc,heap        ] GC(419) DefNew: 9163K(10176K)->88K(10176K) Eden: 9088K(9088K)->0K(9088K) From: 75K(1088K)->88K(1088K)
[2025-04-17T10:56:49.783+0000][609.613s][info][gc,heap        ] GC(419) Tenured: 14468K(22468K)->14468K(22468K)
[2025-04-17T10:56:49.783+0000][609.613s][info][gc,metaspace   ] GC(419) Metaspace: 37373K(37760K)->37373K(37760K) NonClass: 32950K(33152K)->32950K(33152K) Class: 4423K(4608K)->4423K(4608K)
[2025-04-17T10:56:49.783+0000][609.613s][info][gc             ] GC(419) Pause Young (Allocation Failure) 23M->14M(31M) 1.317ms
[2025-04-17T10:56:49.783+0000][609.613s][info][gc,cpu         ] GC(419) User=0.00s Sys=0.00s Real=0.00s
[2025-04-17T10:56:51.379+0000][611.209s][info][gc,start       ] GC(420) Pause Young (Allocation Failure)
[2025-04-17T10:56:51.380+0000][611.210s][info][gc,heap        ] GC(420) DefNew: 9176K(10176K)->73K(10176K) Eden: 9088K(9088K)->0K(9088K) From: 88K(1088K)->73K(1088K)
[2025-04-17T10:56:51.380+0000][611.210s][info][gc,heap        ] GC(420) Tenured: 14468K(22468K)->14468K(22468K)
[2025-04-17T10:56:51.380+0000][611.210s][info][gc,metaspace   ] GC(420) Metaspace: 37373K(37760K)->37373K(37760K) NonClass: 32950K(33152K)->32950K(33152K) Class: 4423K(4608K)->4423K(4608K)
[2025-04-17T10:56:51.380+0000][611.210s][info][gc             ] GC(420) Pause Young (Allocation Failure) 23M->14M(31M) 1.264ms
[2025-04-17T10:56:51.380+0000][611.210s][info][gc,cpu         ] GC(420) User=0.00s Sys=0.00s Real=0.00s
[2025-04-17T10:56:52.968+0000][612.798s][info][gc,start       ] GC(421) Pause Young (Allocation Failure)
[2025-04-17T10:56:52.969+0000][612.799s][info][gc,heap        ] GC(421) DefNew: 9161K(10176K)->74K(10176K) Eden: 9088K(9088K)->0K(9088K) From: 73K(1088K)->74K(1088K)
[2025-04-17T10:56:52.969+0000][612.799s][info][gc,heap        ] GC(421) Tenured: 14468K(22468K)->14468K(22468K)
[2025-04-17T10:56:52.969+0000][612.799s][info][gc,metaspace   ] GC(421) Metaspace: 37373K(37760K)->37373K(37760K) NonClass: 32950K(33152K)->32950K(33152K) Class: 4423K(4608K)->4423K(4608K)
[2025-04-17T10:56:52.969+0000][612.799s][info][gc             ] GC(421) Pause Young (Allocation Failure) 23M->14M(31M) 1.283ms
[2025-04-17T10:56:52.969+0000][612.799s][info][gc,cpu         ] GC(421) User=0.00s Sys=0.00s Real=0.00s
[2025-04-17T10:56:54.622+0000][614.453s][info][gc,start       ] GC(422) Pause Young (Allocation Failure)
[2025-04-17T10:56:54.624+0000][614.454s][info][gc,heap        ] GC(422) DefNew: 9162K(10176K)->106K(10176K) Eden: 9088K(9088K)->0K(9088K) From: 74K(1088K)->106K(1088K)
[2025-04-17T10:56:54.624+0000][614.454s][info][gc,heap        ] GC(422) Tenured: 14468K(22468K)->14468K(22468K)
[2025-04-17T10:56:54.624+0000][614.454s][info][gc,metaspace   ] GC(422) Metaspace: 37373K(37760K)->37373K(37760K) NonClass: 32950K(33152K)->32950K(33152K) Class: 4423K(4608K)->4423K(4608K)
[2025-04-17T10:56:54.624+0000][614.454s][info][gc             ] GC(422) Pause Young (Allocation Failure) 23M->14M(31M) 1.556ms
[2025-04-17T10:56:54.624+0000][614.454s][info][gc,cpu         ] GC(422) User=0.00s Sys=0.00s Real=0.00s
[2025-04-17T10:56:56.110+0000][615.941s][info][gc,start       ] GC(423) Pause Young (Allocation Failure)
[2025-04-17T10:56:56.112+0000][615.942s][info][gc,heap        ] GC(423) DefNew: 9194K(10176K)->90K(10176K) Eden: 9088K(9088K)->0K(9088K) From: 106K(1088K)->90K(1088K)
[2025-04-17T10:56:56.112+0000][615.942s][info][gc,heap        ] GC(423) Tenured: 14468K(22468K)->14468K(22468K)
[2025-04-17T10:56:56.112+0000][615.942s][info][gc,metaspace   ] GC(423) Metaspace: 37373K(37760K)->37373K(37760K) NonClass: 32950K(33152K)->32950K(33152K) Class: 4423K(4608K)->4423K(4608K)
[2025-04-17T10:56:56.112+0000][615.942s][info][gc             ] GC(423) Pause Young (Allocation Failure) 23M->14M(31M) 1.451ms
[2025-04-17T10:56:56.112+0000][615.942s][info][gc,cpu         ] GC(423) User=0.00s Sys=0.00s Real=0.00s
[2025-04-17T10:56:57.752+0000][617.582s][info][gc,start       ] GC(424) Pause Young (Allocation Failure)
[2025-04-17T10:56:57.754+0000][617.584s][info][gc,heap        ] GC(424) DefNew: 9178K(10176K)->72K(10176K) Eden: 9087K(9088K)->0K(9088K) From: 90K(1088K)->72K(1088K)
[2025-04-17T10:56:57.754+0000][617.584s][info][gc,heap        ] GC(424) Tenured: 14468K(22468K)->14469K(22468K)
[2025-04-17T10:56:57.754+0000][617.584s][info][gc,metaspace   ] GC(424) Metaspace: 37373K(37760K)->37373K(37760K) NonClass: 32950K(33152K)->32950K(33152K) Class: 4423K(4608K)->4423K(4608K)
[2025-04-17T10:56:57.754+0000][617.584s][info][gc             ] GC(424) Pause Young (Allocation Failure) 23M->14M(31M) 1.236ms
[2025-04-17T10:56:57.754+0000][617.584s][info][gc,cpu         ] GC(424) User=0.00s Sys=0.00s Real=0.00s
[2025-04-17T10:56:59.516+0000][619.347s][info][gc,start       ] GC(425) Pause Young (Allocation Failure)
[2025-04-17T10:56:59.518+0000][619.348s][info][gc,heap        ] GC(425) DefNew: 9160K(10176K)->79K(10176K) Eden: 9088K(9088K)->0K(9088K) From: 72K(1088K)->79K(1088K)
[2025-04-17T10:56:59.518+0000][619.348s][info][gc,heap        ] GC(425) Tenured: 14469K(22468K)->14469K(22468K)
[2025-04-17T10:56:59.518+0000][619.348s][info][gc,metaspace   ] GC(425) Metaspace: 37373K(37760K)->37373K(37760K) NonClass: 32950K(33152K)->32950K(33152K) Class: 4423K(4608K)->4423K(4608K)
[2025-04-17T10:56:59.518+0000][619.348s][info][gc             ] GC(425) Pause Young (Allocation Failure) 23M->14M(31M) 1.316ms
[2025-04-17T10:56:59.518+0000][619.348s][info][gc,cpu         ] GC(425) User=0.00s Sys=0.00s Real=0.00s
[2025-04-17T10:57:00.904+0000][620.734s][info][gc,start       ] GC(426) Pause Young (Allocation Failure)
[2025-04-17T10:57:00.905+0000][620.735s][info][gc,heap        ] GC(426) DefNew: 9167K(10176K)->89K(10176K) Eden: 9088K(9088K)->0K(9088K) From: 79K(1088K)->89K(1088K)
[2025-04-17T10:57:00.905+0000][620.735s][info][gc,heap        ] GC(426) Tenured: 14469K(22468K)->14469K(22468K)
[2025-04-17T10:57:00.905+0000][620.735s][info][gc,metaspace   ] GC(426) Metaspace: 37373K(37760K)->37373K(37760K) NonClass: 32950K(33152K)->32950K(33152K) Class: 4423K(4608K)->4423K(4608K)
[2025-04-17T10:57:00.905+0000][620.735s][info][gc             ] GC(426) Pause Young (Allocation Failure) 23M->14M(31M) 1.310ms
[2025-04-17T10:57:00.905+0000][620.735s][info][gc,cpu         ] GC(426) User=0.00s Sys=0.00s Real=0.01s
[2025-04-17T10:57:02.414+0000][622.244s][info][gc,start       ] GC(427) Pause Young (Allocation Failure)
[2025-04-17T10:57:02.415+0000][622.245s][info][gc,heap        ] GC(427) DefNew: 9177K(10176K)->80K(10176K) Eden: 9088K(9088K)->0K(9088K) From: 89K(1088K)->80K(1088K)
[2025-04-17T10:57:02.415+0000][622.245s][info][gc,heap        ] GC(427) Tenured: 14469K(22468K)->14469K(22468K)
[2025-04-17T10:57:02.415+0000][622.245s][info][gc,metaspace   ] GC(427) Metaspace: 37373K(37760K)->37373K(37760K) NonClass: 32950K(33152K)->32950K(33152K) Class: 4423K(4608K)->4423K(4608K)
[2025-04-17T10:57:02.415+0000][622.245s][info][gc             ] GC(427) Pause Young (Allocation Failure) 23M->14M(31M) 1.377ms
[2025-04-17T10:57:02.415+0000][622.246s][info][gc,cpu         ] GC(427) User=0.00s Sys=0.00s Real=0.01s
[2025-04-17T10:57:04.043+0000][623.873s][info][gc,start       ] GC(428) Pause Young (Allocation Failure)
[2025-04-17T10:57:04.044+0000][623.874s][info][gc,heap        ] GC(428) DefNew: 9168K(10176K)->76K(10176K) Eden: 9088K(9088K)->0K(9088K) From: 80K(1088K)->76K(1088K)
[2025-04-17T10:57:04.044+0000][623.874s][info][gc,heap        ] GC(428) Tenured: 14469K(22468K)->14469K(22468K)
[2025-04-17T10:57:04.044+0000][623.874s][info][gc,metaspace   ] GC(428) Metaspace: 37373K(37760K)->37373K(37760K) NonClass: 32950K(33152K)->32950K(33152K) Class: 4423K(4608K)->4423K(4608K)
[2025-04-17T10:57:04.044+0000][623.874s][info][gc             ] GC(428) Pause Young (Allocation Failure) 23M->14M(31M) 1.402ms
[2025-04-17T10:57:04.044+0000][623.874s][info][gc,cpu         ] GC(428) User=0.00s Sys=0.00s Real=0.01s
[2025-04-17T10:57:05.705+0000][625.536s][info][gc,start       ] GC(429) Pause Young (Allocation Failure)
[2025-04-17T10:57:05.707+0000][625.537s][info][gc,heap        ] GC(429) DefNew: 9164K(10176K)->68K(10176K) Eden: 9088K(9088K)->0K(9088K) From: 76K(1088K)->68K(1088K)
[2025-04-17T10:57:05.707+0000][625.537s][info][gc,heap        ] GC(429) Tenured: 14469K(22468K)->14470K(22468K)
[2025-04-17T10:57:05.707+0000][625.537s][info][gc,metaspace   ] GC(429) Metaspace: 37374K(37760K)->37374K(37760K) NonClass: 32951K(33152K)->32951K(33152K) Class: 4423K(4608K)->4423K(4608K)
[2025-04-17T10:57:05.707+0000][625.537s][info][gc             ] GC(429) Pause Young (Allocation Failure) 23M->14M(31M) 1.370ms
[2025-04-17T10:57:05.707+0000][625.537s][info][gc,cpu         ] GC(429) User=0.00s Sys=0.00s Real=0.00s
[2025-04-17T10:57:07.037+0000][626.867s][info][gc,start       ] GC(430) Pause Young (Allocation Failure)
[2025-04-17T10:57:07.038+0000][626.868s][info][gc,heap        ] GC(430) DefNew: 9155K(10176K)->79K(10176K) Eden: 9086K(9088K)->0K(9088K) From: 68K(1088K)->79K(1088K)
[2025-04-17T10:57:07.038+0000][626.868s][info][gc,heap        ] GC(430) Tenured: 14470K(22468K)->14470K(22468K)
[2025-04-17T10:57:07.038+0000][626.868s][info][gc,metaspace   ] GC(430) Metaspace: 37374K(37760K)->37374K(37760K) NonClass: 32951K(33152K)->32951K(33152K) Class: 4423K(4608K)->4423K(4608K)
[2025-04-17T10:57:07.038+0000][626.868s][info][gc             ] GC(430) Pause Young (Allocation Failure) 23M->14M(31M) 1.234ms
[2025-04-17T10:57:07.038+0000][626.868s][info][gc,cpu         ] GC(430) User=0.00s Sys=0.00s Real=0.00s
[2025-04-17T10:57:08.560+0000][628.390s][info][gc,start       ] GC(431) Pause Young (Allocation Failure)
[2025-04-17T10:57:08.562+0000][628.392s][info][gc,heap        ] GC(431) DefNew: 9167K(10176K)->72K(10176K) Eden: 9088K(9088K)->0K(9088K) From: 79K(1088K)->72K(1088K)
[2025-04-17T10:57:08.562+0000][628.392s][info][gc,heap        ] GC(431) Tenured: 14470K(22468K)->14470K(22468K)
[2025-04-17T10:57:08.562+0000][628.392s][info][gc,metaspace   ] GC(431) Metaspace: 37374K(37760K)->37374K(37760K) NonClass: 32951K(33152K)->32951K(33152K) Class: 4423K(4608K)->4423K(4608K)
[2025-04-17T10:57:08.562+0000][628.392s][info][gc             ] GC(431) Pause Young (Allocation Failure) 23M->14M(31M) 1.280ms
[2025-04-17T10:57:08.562+0000][628.392s][info][gc,cpu         ] GC(431) User=0.00s Sys=0.00s Real=0.00s
[2025-04-17T10:57:10.027+0000][629.858s][info][gc,start       ] GC(432) Pause Young (Allocation Failure)
[2025-04-17T10:57:10.029+0000][629.859s][info][gc,heap        ] GC(432) DefNew: 9160K(10176K)->71K(10176K) Eden: 9088K(9088K)->0K(9088K) From: 72K(1088K)->71K(1088K)
[2025-04-17T10:57:10.029+0000][629.859s][info][gc,heap        ] GC(432) Tenured: 14470K(22468K)->14470K(22468K)
[2025-04-17T10:57:10.029+0000][629.859s][info][gc,metaspace   ] GC(432) Metaspace: 37374K(37760K)->37374K(37760K) NonClass: 32951K(33152K)->32951K(33152K) Class: 4423K(4608K)->4423K(4608K)
[2025-04-17T10:57:10.029+0000][629.859s][info][gc             ] GC(432) Pause Young (Allocation Failure) 23M->14M(31M) 1.223ms
[2025-04-17T10:57:10.029+0000][629.859s][info][gc,cpu         ] GC(432) User=0.00s Sys=0.00s Real=0.00s
[2025-04-17T10:57:11.861+0000][631.691s][info][gc,start       ] GC(433) Pause Young (Allocation Failure)
[2025-04-17T10:57:11.862+0000][631.692s][info][gc,heap        ] GC(433) DefNew: 9159K(10176K)->70K(10176K) Eden: 9088K(9088K)->0K(9088K) From: 71K(1088K)->70K(1088K)
[2025-04-17T10:57:11.862+0000][631.692s][info][gc,heap        ] GC(433) Tenured: 14470K(22468K)->14470K(22468K)
[2025-04-17T10:57:11.862+0000][631.692s][info][gc,metaspace   ] GC(433) Metaspace: 37374K(37760K)->37374K(37760K) NonClass: 32951K(33152K)->32951K(33152K) Class: 4423K(4608K)->4423K(4608K)
[2025-04-17T10:57:11.862+0000][631.692s][info][gc             ] GC(433) Pause Young (Allocation Failure) 23M->14M(31M) 1.263ms
[2025-04-17T10:57:11.862+0000][631.692s][info][gc,cpu         ] GC(433) User=0.00s Sys=0.00s Real=0.00s
[2025-04-17T10:57:13.291+0000][633.122s][info][gc,start       ] GC(434) Pause Young (Allocation Failure)
[2025-04-17T10:57:13.293+0000][633.123s][info][gc,heap        ] GC(434) DefNew: 9158K(10176K)->82K(10176K) Eden: 9088K(9088K)->0K(9088K) From: 70K(1088K)->82K(1088K)
[2025-04-17T10:57:13.293+0000][633.123s][info][gc,heap        ] GC(434) Tenured: 14470K(22468K)->14470K(22468K)
[2025-04-17T10:57:13.293+0000][633.123s][info][gc,metaspace   ] GC(434) Metaspace: 37374K(37760K)->37374K(37760K) NonClass: 32951K(33152K)->32951K(33152K) Class: 4423K(4608K)->4423K(4608K)
[2025-04-17T10:57:13.293+0000][633.123s][info][gc             ] GC(434) Pause Young (Allocation Failure) 23M->14M(31M) 1.410ms
[2025-04-17T10:57:13.293+0000][633.123s][info][gc,cpu         ] GC(434) User=0.00s Sys=0.00s Real=0.00s
[2025-04-17T10:57:15.061+0000][634.892s][info][gc,start       ] GC(435) Pause Young (Allocation Failure)
[2025-04-17T10:57:15.063+0000][634.893s][info][gc,heap        ] GC(435) DefNew: 9170K(10176K)->90K(10176K) Eden: 9088K(9088K)->0K(9088K) From: 82K(1088K)->90K(1088K)
[2025-04-17T10:57:15.063+0000][634.893s][info][gc,heap        ] GC(435) Tenured: 14470K(22468K)->14470K(22468K)
[2025-04-17T10:57:15.063+0000][634.893s][info][gc,metaspace   ] GC(435) Metaspace: 37374K(37760K)->37374K(37760K) NonClass: 32951K(33152K)->32951K(33152K) Class: 4423K(4608K)->4423K(4608K)
[2025-04-17T10:57:15.063+0000][634.893s][info][gc             ] GC(435) Pause Young (Allocation Failure) 23M->14M(31M) 1.259ms
[2025-04-17T10:57:15.063+0000][634.893s][info][gc,cpu         ] GC(435) User=0.01s Sys=0.00s Real=0.00s
[2025-04-17T10:57:16.430+0000][636.261s][info][gc,start       ] GC(436) Pause Young (Allocation Failure)
[2025-04-17T10:57:16.432+0000][636.262s][info][gc,heap        ] GC(436) DefNew: 9178K(10176K)->104K(10176K) Eden: 9088K(9088K)->0K(9088K) From: 90K(1088K)->104K(1088K)
[2025-04-17T10:57:16.432+0000][636.262s][info][gc,heap        ] GC(436) Tenured: 14470K(22468K)->14470K(22468K)
[2025-04-17T10:57:16.432+0000][636.262s][info][gc,metaspace   ] GC(436) Metaspace: 37374K(37760K)->37374K(37760K) NonClass: 32951K(33152K)->32951K(33152K) Class: 4423K(4608K)->4423K(4608K)
[2025-04-17T10:57:16.432+0000][636.262s][info][gc             ] GC(436) Pause Young (Allocation Failure) 23M->14M(31M) 1.211ms
[2025-04-17T10:57:16.432+0000][636.262s][info][gc,cpu         ] GC(436) User=0.00s Sys=0.00s Real=0.00s
[2025-04-17T10:57:18.042+0000][637.872s][info][gc,start       ] GC(437) Pause Young (Allocation Failure)
[2025-04-17T10:57:18.043+0000][637.873s][info][gc,heap        ] GC(437) DefNew: 9192K(10176K)->75K(10176K) Eden: 9088K(9088K)->0K(9088K) From: 104K(1088K)->75K(1088K)
[2025-04-17T10:57:18.043+0000][637.873s][info][gc,heap        ] GC(437) Tenured: 14470K(22468K)->14470K(22468K)
[2025-04-17T10:57:18.043+0000][637.873s][info][gc,metaspace   ] GC(437) Metaspace: 37374K(37760K)->37374K(37760K) NonClass: 32951K(33152K)->32951K(33152K) Class: 4423K(4608K)->4423K(4608K)
[2025-04-17T10:57:18.043+0000][637.873s][info][gc             ] GC(437) Pause Young (Allocation Failure) 23M->14M(31M) 1.282ms
[2025-04-17T10:57:18.043+0000][637.873s][info][gc,cpu         ] GC(437) User=0.00s Sys=0.00s Real=0.00s
[2025-04-17T10:57:19.524+0000][639.354s][info][gc,start       ] GC(438) Pause Young (Allocation Failure)
[2025-04-17T10:57:19.525+0000][639.356s][info][gc,heap        ] GC(438) DefNew: 9163K(10176K)->76K(10176K) Eden: 9088K(9088K)->0K(9088K) From: 75K(1088K)->76K(1088K)
[2025-04-17T10:57:19.525+0000][639.356s][info][gc,heap        ] GC(438) Tenured: 14470K(22468K)->14470K(22468K)
[2025-04-17T10:57:19.525+0000][639.356s][info][gc,metaspace   ] GC(438) Metaspace: 37374K(37760K)->37374K(37760K) NonClass: 32951K(33152K)->32951K(33152K) Class: 4423K(4608K)->4423K(4608K)
[2025-04-17T10:57:19.525+0000][639.356s][info][gc             ] GC(438) Pause Young (Allocation Failure) 23M->14M(31M) 1.386ms
[2025-04-17T10:57:19.525+0000][639.356s][info][gc,cpu         ] GC(438) User=0.00s Sys=0.00s Real=0.00s
[2025-04-17T10:57:21.136+0000][640.966s][info][gc,start       ] GC(439) Pause Young (Allocation Failure)
[2025-04-17T10:57:21.137+0000][640.968s][info][gc,heap        ] GC(439) DefNew: 9164K(10176K)->93K(10176K) Eden: 9088K(9088K)->0K(9088K) From: 76K(1088K)->93K(1088K)
[2025-04-17T10:57:21.137+0000][640.968s][info][gc,heap        ] GC(439) Tenured: 14470K(22468K)->14470K(22468K)
[2025-04-17T10:57:21.137+0000][640.968s][info][gc,metaspace   ] GC(439) Metaspace: 37374K(37760K)->37374K(37760K) NonClass: 32951K(33152K)->32951K(33152K) Class: 4423K(4608K)->4423K(4608K)
[2025-04-17T10:57:21.137+0000][640.968s][info][gc             ] GC(439) Pause Young (Allocation Failure) 23M->14M(31M) 1.262ms
[2025-04-17T10:57:21.137+0000][640.968s][info][gc,cpu         ] GC(439) User=0.00s Sys=0.00s Real=0.00s
[2025-04-17T10:57:22.681+0000][642.511s][info][gc,start       ] GC(440) Pause Young (Allocation Failure)
[2025-04-17T10:57:22.683+0000][642.513s][info][gc,heap        ] GC(440) DefNew: 9181K(10176K)->78K(10176K) Eden: 9088K(9088K)->0K(9088K) From: 93K(1088K)->78K(1088K)
[2025-04-17T10:57:22.683+0000][642.513s][info][gc,heap        ] GC(440) Tenured: 14470K(22468K)->14470K(22468K)
[2025-04-17T10:57:22.683+0000][642.513s][info][gc,metaspace   ] GC(440) Metaspace: 37374K(37760K)->37374K(37760K) NonClass: 32951K(33152K)->32951K(33152K) Class: 4423K(4608K)->4423K(4608K)
[2025-04-17T10:57:22.683+0000][642.513s][info][gc             ] GC(440) Pause Young (Allocation Failure) 23M->14M(31M) 1.324ms
[2025-04-17T10:57:22.683+0000][642.513s][info][gc,cpu         ] GC(440) User=0.00s Sys=0.00s Real=0.00s
[2025-04-17T10:57:24.220+0000][644.051s][info][gc,start       ] GC(441) Pause Young (Allocation Failure)
[2025-04-17T10:57:24.222+0000][644.052s][info][gc,heap        ] GC(441) DefNew: 9166K(10176K)->77K(10176K) Eden: 9088K(9088K)->0K(9088K) From: 78K(1088K)->77K(1088K)
[2025-04-17T10:57:24.222+0000][644.052s][info][gc,heap        ] GC(441) Tenured: 14470K(22468K)->14470K(22468K)
[2025-04-17T10:57:24.222+0000][644.052s][info][gc,metaspace   ] GC(441) Metaspace: 37374K(37760K)->37374K(37760K) NonClass: 32951K(33152K)->32951K(33152K) Class: 4423K(4608K)->4423K(4608K)
[2025-04-17T10:57:24.222+0000][644.052s][info][gc             ] GC(441) Pause Young (Allocation Failure) 23M->14M(31M) 1.194ms
[2025-04-17T10:57:24.222+0000][644.052s][info][gc,cpu         ] GC(441) User=0.00s Sys=0.00s Real=0.00s
[2025-04-17T10:57:25.814+0000][645.644s][info][gc,start       ] GC(442) Pause Young (Allocation Failure)
[2025-04-17T10:57:25.815+0000][645.645s][info][gc,heap        ] GC(442) DefNew: 9165K(10176K)->101K(10176K) Eden: 9088K(9088K)->0K(9088K) From: 77K(1088K)->101K(1088K)
[2025-04-17T10:57:25.815+0000][645.645s][info][gc,heap        ] GC(442) Tenured: 14470K(22468K)->14470K(22468K)
[2025-04-17T10:57:25.815+0000][645.645s][info][gc,metaspace   ] GC(442) Metaspace: 37374K(37760K)->37374K(37760K) NonClass: 32951K(33152K)->32951K(33152K) Class: 4423K(4608K)->4423K(4608K)
[2025-04-17T10:57:25.815+0000][645.646s][info][gc             ] GC(442) Pause Young (Allocation Failure) 23M->14M(31M) 1.430ms
[2025-04-17T10:57:25.815+0000][645.646s][info][gc,cpu         ] GC(442) User=0.00s Sys=0.00s Real=0.01s
[2025-04-17T10:57:27.418+0000][647.248s][info][gc,start       ] GC(443) Pause Young (Allocation Failure)
[2025-04-17T10:57:27.419+0000][647.249s][info][gc,heap        ] GC(443) DefNew: 9189K(10176K)->92K(10176K) Eden: 9088K(9088K)->0K(9088K) From: 101K(1088K)->92K(1088K)
[2025-04-17T10:57:27.419+0000][647.249s][info][gc,heap        ] GC(443) Tenured: 14470K(22468K)->14470K(22468K)
[2025-04-17T10:57:27.419+0000][647.249s][info][gc,metaspace   ] GC(443) Metaspace: 37374K(37760K)->37374K(37760K) NonClass: 32951K(33152K)->32951K(33152K) Class: 4423K(4608K)->4423K(4608K)
[2025-04-17T10:57:27.419+0000][647.249s][info][gc             ] GC(443) Pause Young (Allocation Failure) 23M->14M(31M) 1.273ms
[2025-04-17T10:57:27.419+0000][647.249s][info][gc,cpu         ] GC(443) User=0.00s Sys=0.00s Real=0.00s
[2025-04-17T10:57:28.887+0000][648.717s][info][gc,start       ] GC(444) Pause Young (Allocation Failure)
[2025-04-17T10:57:28.888+0000][648.718s][info][gc,heap        ] GC(444) DefNew: 9180K(10176K)->83K(10176K) Eden: 9088K(9088K)->0K(9088K) From: 92K(1088K)->83K(1088K)
[2025-04-17T10:57:28.888+0000][648.718s][info][gc,heap        ] GC(444) Tenured: 14470K(22468K)->14470K(22468K)
[2025-04-17T10:57:28.888+0000][648.718s][info][gc,metaspace   ] GC(444) Metaspace: 37374K(37760K)->37374K(37760K) NonClass: 32951K(33152K)->32951K(33152K) Class: 4423K(4608K)->4423K(4608K)
[2025-04-17T10:57:28.888+0000][648.718s][info][gc             ] GC(444) Pause Young (Allocation Failure) 23M->14M(31M) 1.259ms
[2025-04-17T10:57:28.888+0000][648.718s][info][gc,cpu         ] GC(444) User=0.00s Sys=0.00s Real=0.00s
[2025-04-17T10:57:30.548+0000][650.378s][info][gc,start       ] GC(445) Pause Young (Allocation Failure)
[2025-04-17T10:57:30.549+0000][650.379s][info][gc,heap        ] GC(445) DefNew: 9171K(10176K)->95K(10176K) Eden: 9088K(9088K)->0K(9088K) From: 83K(1088K)->95K(1088K)
[2025-04-17T10:57:30.549+0000][650.379s][info][gc,heap        ] GC(445) Tenured: 14470K(22468K)->14470K(22468K)
[2025-04-17T10:57:30.549+0000][650.379s][info][gc,metaspace   ] GC(445) Metaspace: 37374K(37760K)->37374K(37760K) NonClass: 32951K(33152K)->32951K(33152K) Class: 4423K(4608K)->4423K(4608K)
[2025-04-17T10:57:30.549+0000][650.379s][info][gc             ] GC(445) Pause Young (Allocation Failure) 23M->14M(31M) 1.206ms
[2025-04-17T10:57:30.549+0000][650.379s][info][gc,cpu         ] GC(445) User=0.00s Sys=0.00s Real=0.00s
[2025-04-17T10:57:32.195+0000][652.025s][info][gc,start       ] GC(446) Pause Young (Allocation Failure)
[2025-04-17T10:57:32.196+0000][652.026s][info][gc,heap        ] GC(446) DefNew: 9183K(10176K)->99K(10176K) Eden: 9088K(9088K)->0K(9088K) From: 95K(1088K)->99K(1088K)
[2025-04-17T10:57:32.196+0000][652.026s][info][gc,heap        ] GC(446) Tenured: 14470K(22468K)->14470K(22468K)
[2025-04-17T10:57:32.196+0000][652.026s][info][gc,metaspace   ] GC(446) Metaspace: 37374K(37760K)->37374K(37760K) NonClass: 32951K(33152K)->32951K(33152K) Class: 4423K(4608K)->4423K(4608K)
[2025-04-17T10:57:32.196+0000][652.026s][info][gc             ] GC(446) Pause Young (Allocation Failure) 23M->14M(31M) 1.314ms
[2025-04-17T10:57:32.196+0000][652.026s][info][gc,cpu         ] GC(446) User=0.00s Sys=0.00s Real=0.00s
[2025-04-17T10:57:33.595+0000][653.425s][info][gc,start       ] GC(447) Pause Young (Allocation Failure)
[2025-04-17T10:57:33.596+0000][653.426s][info][gc,heap        ] GC(447) DefNew: 9187K(10176K)->85K(10176K) Eden: 9088K(9088K)->0K(9088K) From: 99K(1088K)->85K(1088K)
[2025-04-17T10:57:33.596+0000][653.426s][info][gc,heap        ] GC(447) Tenured: 14470K(22468K)->14470K(22468K)
[2025-04-17T10:57:33.596+0000][653.426s][info][gc,metaspace   ] GC(447) Metaspace: 37374K(37760K)->37374K(37760K) NonClass: 32951K(33152K)->32951K(33152K) Class: 4423K(4608K)->4423K(4608K)
[2025-04-17T10:57:33.596+0000][653.426s][info][gc             ] GC(447) Pause Young (Allocation Failure) 23M->14M(31M) 1.342ms
[2025-04-17T10:57:33.596+0000][653.426s][info][gc,cpu         ] GC(447) User=0.00s Sys=0.00s Real=0.00s
[2025-04-17T10:57:35.048+0000][654.878s][info][gc,start       ] GC(448) Pause Young (Allocation Failure)
[2025-04-17T10:57:35.050+0000][654.880s][info][gc,heap        ] GC(448) DefNew: 9173K(10176K)->84K(10176K) Eden: 9088K(9088K)->0K(9088K) From: 85K(1088K)->84K(1088K)
[2025-04-17T10:57:35.050+0000][654.880s][info][gc,heap        ] GC(448) Tenured: 14470K(22468K)->14470K(22468K)
[2025-04-17T10:57:35.050+0000][654.880s][info][gc,metaspace   ] GC(448) Metaspace: 37374K(37760K)->37374K(37760K) NonClass: 32951K(33152K)->32951K(33152K) Class: 4423K(4608K)->4423K(4608K)
[2025-04-17T10:57:35.050+0000][654.880s][info][gc             ] GC(448) Pause Young (Allocation Failure) 23M->14M(31M) 1.257ms
[2025-04-17T10:57:35.050+0000][654.880s][info][gc,cpu         ] GC(448) User=0.00s Sys=0.00s Real=0.00s
[2025-04-17T10:57:36.779+0000][656.609s][info][gc,start       ] GC(449) Pause Young (Allocation Failure)
[2025-04-17T10:57:36.780+0000][656.610s][info][gc,heap        ] GC(449) DefNew: 9172K(10176K)->104K(10176K) Eden: 9088K(9088K)->0K(9088K) From: 84K(1088K)->104K(1088K)
[2025-04-17T10:57:36.780+0000][656.610s][info][gc,heap        ] GC(449) Tenured: 14470K(22468K)->14472K(22468K)
[2025-04-17T10:57:36.780+0000][656.610s][info][gc,metaspace   ] GC(449) Metaspace: 37374K(37760K)->37374K(37760K) NonClass: 32951K(33152K)->32951K(33152K) Class: 4423K(4608K)->4423K(4608K)
[2025-04-17T10:57:36.780+0000][656.610s][info][gc             ] GC(449) Pause Young (Allocation Failure) 23M->14M(31M) 1.255ms
[2025-04-17T10:57:36.780+0000][656.610s][info][gc,cpu         ] GC(449) User=0.00s Sys=0.00s Real=0.00s
[2025-04-17T10:57:38.339+0000][658.170s][info][gc,start       ] GC(450) Pause Young (Allocation Failure)
[2025-04-17T10:57:38.341+0000][658.171s][info][gc,heap        ] GC(450) DefNew: 9192K(10176K)->81K(10176K) Eden: 9088K(9088K)->0K(9088K) From: 104K(1088K)->81K(1088K)
[2025-04-17T10:57:38.341+0000][658.171s][info][gc,heap        ] GC(450) Tenured: 14472K(22468K)->14472K(22468K)
[2025-04-17T10:57:38.341+0000][658.171s][info][gc,metaspace   ] GC(450) Metaspace: 37374K(37760K)->37374K(37760K) NonClass: 32951K(33152K)->32951K(33152K) Class: 4423K(4608K)->4423K(4608K)
[2025-04-17T10:57:38.341+0000][658.171s][info][gc             ] GC(450) Pause Young (Allocation Failure) 23M->14M(31M) 1.229ms
[2025-04-17T10:57:38.341+0000][658.171s][info][gc,cpu         ] GC(450) User=0.00s Sys=0.00s Real=0.00s
[2025-04-17T10:57:39.802+0000][659.633s][info][gc,start       ] GC(451) Pause Young (Allocation Failure)
[2025-04-17T10:57:39.804+0000][659.634s][info][gc,heap        ] GC(451) DefNew: 9169K(10176K)->82K(10176K) Eden: 9088K(9088K)->0K(9088K) From: 81K(1088K)->82K(1088K)
[2025-04-17T10:57:39.804+0000][659.634s][info][gc,heap        ] GC(451) Tenured: 14472K(22468K)->14472K(22468K)
[2025-04-17T10:57:39.804+0000][659.634s][info][gc,metaspace   ] GC(451) Metaspace: 37374K(37760K)->37374K(37760K) NonClass: 32951K(33152K)->32951K(33152K) Class: 4423K(4608K)->4423K(4608K)
[2025-04-17T10:57:39.804+0000][659.634s][info][gc             ] GC(451) Pause Young (Allocation Failure) 23M->14M(31M) 1.267ms
[2025-04-17T10:57:39.804+0000][659.634s][info][gc,cpu         ] GC(451) User=0.00s Sys=0.00s Real=0.00s
[2025-04-17T10:57:41.458+0000][661.288s][info][gc,start       ] GC(452) Pause Young (Allocation Failure)
[2025-04-17T10:57:41.459+0000][661.289s][info][gc,heap        ] GC(452) DefNew: 9170K(10176K)->83K(10176K) Eden: 9088K(9088K)->0K(9088K) From: 82K(1088K)->83K(1088K)
[2025-04-17T10:57:41.459+0000][661.289s][info][gc,heap        ] GC(452) Tenured: 14472K(22468K)->14472K(22468K)
[2025-04-17T10:57:41.459+0000][661.289s][info][gc,metaspace   ] GC(452) Metaspace: 37374K(37760K)->37374K(37760K) NonClass: 32951K(33152K)->32951K(33152K) Class: 4423K(4608K)->4423K(4608K)
[2025-04-17T10:57:41.459+0000][661.289s][info][gc             ] GC(452) Pause Young (Allocation Failure) 23M->14M(31M) 1.345ms
[2025-04-17T10:57:41.459+0000][661.289s][info][gc,cpu         ] GC(452) User=0.00s Sys=0.00s Real=0.00s
[2025-04-17T10:57:43.086+0000][662.916s][info][gc,start       ] GC(453) Pause Young (Allocation Failure)
[2025-04-17T10:57:43.087+0000][662.918s][info][gc,heap        ] GC(453) DefNew: 9171K(10176K)->92K(10176K) Eden: 9087K(9088K)->0K(9088K) From: 83K(1088K)->92K(1088K)
[2025-04-17T10:57:43.087+0000][662.918s][info][gc,heap        ] GC(453) Tenured: 14472K(22468K)->14473K(22468K)
[2025-04-17T10:57:43.087+0000][662.918s][info][gc,metaspace   ] GC(453) Metaspace: 37374K(37760K)->37374K(37760K) NonClass: 32951K(33152K)->32951K(33152K) Class: 4423K(4608K)->4423K(4608K)
[2025-04-17T10:57:43.088+0000][662.918s][info][gc             ] GC(453) Pause Young (Allocation Failure) 23M->14M(31M) 1.165ms
[2025-04-17T10:57:43.088+0000][662.918s][info][gc,cpu         ] GC(453) User=0.00s Sys=0.00s Real=0.00s
[2025-04-17T10:57:44.827+0000][664.657s][info][gc,start       ] GC(454) Pause Young (Allocation Failure)
[2025-04-17T10:57:44.828+0000][664.658s][info][gc,heap        ] GC(454) DefNew: 9180K(10176K)->87K(10176K) Eden: 9088K(9088K)->0K(9088K) From: 92K(1088K)->87K(1088K)
[2025-04-17T10:57:44.828+0000][664.658s][info][gc,heap        ] GC(454) Tenured: 14473K(22468K)->14475K(22468K)
[2025-04-17T10:57:44.828+0000][664.658s][info][gc,metaspace   ] GC(454) Metaspace: 37374K(37760K)->37374K(37760K) NonClass: 32951K(33152K)->32951K(33152K) Class: 4423K(4608K)->4423K(4608K)
[2025-04-17T10:57:44.828+0000][664.658s][info][gc             ] GC(454) Pause Young (Allocation Failure) 23M->14M(31M) 1.315ms
[2025-04-17T10:57:44.828+0000][664.658s][info][gc,cpu         ] GC(454) User=0.00s Sys=0.00s Real=0.00s
[2025-04-17T10:57:46.368+0000][666.198s][info][gc,start       ] GC(455) Pause Young (Allocation Failure)
[2025-04-17T10:57:46.370+0000][666.200s][info][gc,heap        ] GC(455) DefNew: 9175K(10176K)->87K(10176K) Eden: 9087K(9088K)->0K(9088K) From: 87K(1088K)->87K(1088K)
[2025-04-17T10:57:46.370+0000][666.200s][info][gc,heap        ] GC(455) Tenured: 14475K(22468K)->14475K(22468K)
[2025-04-17T10:57:46.370+0000][666.200s][info][gc,metaspace   ] GC(455) Metaspace: 37374K(37760K)->37374K(37760K) NonClass: 32951K(33152K)->32951K(33152K) Class: 4423K(4608K)->4423K(4608K)
[2025-04-17T10:57:46.370+0000][666.200s][info][gc             ] GC(455) Pause Young (Allocation Failure) 23M->14M(31M) 1.329ms
[2025-04-17T10:57:46.370+0000][666.200s][info][gc,cpu         ] GC(455) User=0.00s Sys=0.00s Real=0.00s
[2025-04-17T10:57:47.757+0000][667.587s][info][gc,start       ] GC(456) Pause Young (Allocation Failure)
[2025-04-17T10:57:47.758+0000][667.589s][info][gc,heap        ] GC(456) DefNew: 9175K(10176K)->100K(10176K) Eden: 9088K(9088K)->0K(9088K) From: 87K(1088K)->100K(1088K)
[2025-04-17T10:57:47.758+0000][667.589s][info][gc,heap        ] GC(456) Tenured: 14475K(22468K)->14475K(22468K)
[2025-04-17T10:57:47.758+0000][667.589s][info][gc,metaspace   ] GC(456) Metaspace: 37374K(37760K)->37374K(37760K) NonClass: 32951K(33152K)->32951K(33152K) Class: 4423K(4608K)->4423K(4608K)
[2025-04-17T10:57:47.759+0000][667.589s][info][gc             ] GC(456) Pause Young (Allocation Failure) 23M->14M(31M) 1.328ms
[2025-04-17T10:57:47.759+0000][667.589s][info][gc,cpu         ] GC(456) User=0.00s Sys=0.00s Real=0.00s
[2025-04-17T10:57:49.303+0000][669.134s][info][gc,start       ] GC(457) Pause Young (Allocation Failure)
[2025-04-17T10:57:49.305+0000][669.135s][info][gc,heap        ] GC(457) DefNew: 9186K(10176K)->85K(10176K) Eden: 9085K(9088K)->0K(9088K) From: 100K(1088K)->85K(1088K)
[2025-04-17T10:57:49.305+0000][669.135s][info][gc,heap        ] GC(457) Tenured: 14475K(22468K)->14477K(22468K)
[2025-04-17T10:57:49.305+0000][669.135s][info][gc,metaspace   ] GC(457) Metaspace: 37374K(37760K)->37374K(37760K) NonClass: 32951K(33152K)->32951K(33152K) Class: 4423K(4608K)->4423K(4608K)
[2025-04-17T10:57:49.305+0000][669.135s][info][gc             ] GC(457) Pause Young (Allocation Failure) 23M->14M(31M) 1.204ms
[2025-04-17T10:57:49.305+0000][669.135s][info][gc,cpu         ] GC(457) User=0.00s Sys=0.00s Real=0.01s
[2025-04-17T10:57:51.027+0000][670.858s][info][gc,start       ] GC(458) Pause Young (Allocation Failure)
[2025-04-17T10:57:51.029+0000][670.859s][info][gc,heap        ] GC(458) DefNew: 9173K(10176K)->95K(10176K) Eden: 9088K(9088K)->0K(9088K) From: 85K(1088K)->95K(1088K)
[2025-04-17T10:57:51.029+0000][670.859s][info][gc,heap        ] GC(458) Tenured: 14477K(22468K)->14477K(22468K)
[2025-04-17T10:57:51.029+0000][670.859s][info][gc,metaspace   ] GC(458) Metaspace: 37374K(37760K)->37374K(37760K) NonClass: 32951K(33152K)->32951K(33152K) Class: 4423K(4608K)->4423K(4608K)
[2025-04-17T10:57:51.029+0000][670.859s][info][gc             ] GC(458) Pause Young (Allocation Failure) 23M->14M(31M) 1.339ms
[2025-04-17T10:57:51.029+0000][670.859s][info][gc,cpu         ] GC(458) User=0.00s Sys=0.00s Real=0.00s
[2025-04-17T10:57:52.694+0000][672.525s][info][gc,start       ] GC(459) Pause Young (Allocation Failure)
[2025-04-17T10:57:52.696+0000][672.526s][info][gc,heap        ] GC(459) DefNew: 9183K(10176K)->97K(10176K) Eden: 9088K(9088K)->0K(9088K) From: 95K(1088K)->97K(1088K)
[2025-04-17T10:57:52.696+0000][672.526s][info][gc,heap        ] GC(459) Tenured: 14477K(22468K)->14478K(22468K)
[2025-04-17T10:57:52.696+0000][672.526s][info][gc,metaspace   ] GC(459) Metaspace: 37374K(37760K)->37374K(37760K) NonClass: 32951K(33152K)->32951K(33152K) Class: 4423K(4608K)->4423K(4608K)
[2025-04-17T10:57:52.696+0000][672.526s][info][gc             ] GC(459) Pause Young (Allocation Failure) 23M->14M(31M) 1.355ms
[2025-04-17T10:57:52.696+0000][672.526s][info][gc,cpu         ] GC(459) User=0.00s Sys=0.00s Real=0.00s
[2025-04-17T10:57:54.015+0000][673.845s][info][gc,start       ] GC(460) Pause Young (Allocation Failure)
[2025-04-17T10:57:54.016+0000][673.846s][info][gc,heap        ] GC(460) DefNew: 9185K(10176K)->84K(10176K) Eden: 9088K(9088K)->0K(9088K) From: 97K(1088K)->84K(1088K)
[2025-04-17T10:57:54.016+0000][673.846s][info][gc,heap        ] GC(460) Tenured: 14478K(22468K)->14480K(22468K)
[2025-04-17T10:57:54.016+0000][673.846s][info][gc,metaspace   ] GC(460) Metaspace: 37374K(37760K)->37374K(37760K) NonClass: 32951K(33152K)->32951K(33152K) Class: 4423K(4608K)->4423K(4608K)
[2025-04-17T10:57:54.016+0000][673.846s][info][gc             ] GC(460) Pause Young (Allocation Failure) 23M->14M(31M) 1.330ms
[2025-04-17T10:57:54.016+0000][673.846s][info][gc,cpu         ] GC(460) User=0.00s Sys=0.00s Real=0.00s
[2025-04-17T10:57:55.685+0000][675.515s][info][gc,start       ] GC(461) Pause Young (Allocation Failure)
[2025-04-17T10:57:55.687+0000][675.517s][info][gc,heap        ] GC(461) DefNew: 9172K(10176K)->81K(10176K) Eden: 9088K(9088K)->0K(9088K) From: 84K(1088K)->81K(1088K)
[2025-04-17T10:57:55.687+0000][675.517s][info][gc,heap        ] GC(461) Tenured: 14480K(22468K)->14481K(22468K)
[2025-04-17T10:57:55.687+0000][675.517s][info][gc,metaspace   ] GC(461) Metaspace: 37374K(37760K)->37374K(37760K) NonClass: 32951K(33152K)->32951K(33152K) Class: 4423K(4608K)->4423K(4608K)
[2025-04-17T10:57:55.687+0000][675.517s][info][gc             ] GC(461) Pause Young (Allocation Failure) 23M->14M(31M) 1.294ms
[2025-04-17T10:57:55.687+0000][675.517s][info][gc,cpu         ] GC(461) User=0.00s Sys=0.00s Real=0.00s
[2025-04-17T10:57:57.307+0000][677.137s][info][gc,start       ] GC(462) Pause Young (Allocation Failure)
[2025-04-17T10:57:57.308+0000][677.139s][info][gc,heap        ] GC(462) DefNew: 9169K(10176K)->96K(10176K) Eden: 9088K(9088K)->0K(9088K) From: 81K(1088K)->96K(1088K)
[2025-04-17T10:57:57.308+0000][677.139s][info][gc,heap        ] GC(462) Tenured: 14481K(22468K)->14481K(22468K)
[2025-04-17T10:57:57.308+0000][677.139s][info][gc,metaspace   ] GC(462) Metaspace: 37374K(37760K)->37374K(37760K) NonClass: 32951K(33152K)->32951K(33152K) Class: 4423K(4608K)->4423K(4608K)
[2025-04-17T10:57:57.308+0000][677.139s][info][gc             ] GC(462) Pause Young (Allocation Failure) 23M->14M(31M) 1.366ms
[2025-04-17T10:57:57.309+0000][677.139s][info][gc,cpu         ] GC(462) User=0.00s Sys=0.00s Real=0.00s
[2025-04-17T10:57:58.925+0000][678.755s][info][gc,start       ] GC(463) Pause Young (Allocation Failure)
[2025-04-17T10:57:58.926+0000][678.756s][info][gc,heap        ] GC(463) DefNew: 9184K(10176K)->79K(10176K) Eden: 9088K(9088K)->0K(9088K) From: 96K(1088K)->79K(1088K)
[2025-04-17T10:57:58.926+0000][678.756s][info][gc,heap        ] GC(463) Tenured: 14481K(22468K)->14482K(22468K)
[2025-04-17T10:57:58.926+0000][678.756s][info][gc,metaspace   ] GC(463) Metaspace: 37374K(37760K)->37374K(37760K) NonClass: 32951K(33152K)->32951K(33152K) Class: 4423K(4608K)->4423K(4608K)
[2025-04-17T10:57:58.926+0000][678.756s][info][gc             ] GC(463) Pause Young (Allocation Failure) 23M->14M(31M) 1.338ms
[2025-04-17T10:57:58.926+0000][678.756s][info][gc,cpu         ] GC(463) User=0.01s Sys=0.00s Real=0.00s
[2025-04-17T10:58:00.455+0000][680.285s][info][gc,start       ] GC(464) Pause Young (Allocation Failure)
[2025-04-17T10:58:00.456+0000][680.287s][info][gc,heap        ] GC(464) DefNew: 9167K(10176K)->81K(10176K) Eden: 9088K(9088K)->0K(9088K) From: 79K(1088K)->81K(1088K)
[2025-04-17T10:58:00.456+0000][680.287s][info][gc,heap        ] GC(464) Tenured: 14482K(22468K)->14482K(22468K)
[2025-04-17T10:58:00.456+0000][680.287s][info][gc,metaspace   ] GC(464) Metaspace: 37374K(37760K)->37374K(37760K) NonClass: 32951K(33152K)->32951K(33152K) Class: 4423K(4608K)->4423K(4608K)
[2025-04-17T10:58:00.457+0000][680.287s][info][gc             ] GC(464) Pause Young (Allocation Failure) 23M->14M(31M) 1.337ms
[2025-04-17T10:58:00.457+0000][680.287s][info][gc,cpu         ] GC(464) User=0.00s Sys=0.00s Real=0.00s
[2025-04-17T10:58:01.963+0000][681.793s][info][gc,start       ] GC(465) Pause Young (Allocation Failure)
[2025-04-17T10:58:01.964+0000][681.795s][info][gc,heap        ] GC(465) DefNew: 9169K(10176K)->98K(10176K) Eden: 9088K(9088K)->0K(9088K) From: 81K(1088K)->98K(1088K)
[2025-04-17T10:58:01.964+0000][681.795s][info][gc,heap        ] GC(465) Tenured: 14482K(22468K)->14482K(22468K)
[2025-04-17T10:58:01.964+0000][681.795s][info][gc,metaspace   ] GC(465) Metaspace: 37374K(37760K)->37374K(37760K) NonClass: 32951K(33152K)->32951K(33152K) Class: 4423K(4608K)->4423K(4608K)
[2025-04-17T10:58:01.964+0000][681.795s][info][gc             ] GC(465) Pause Young (Allocation Failure) 23M->14M(31M) 1.337ms
[2025-04-17T10:58:01.965+0000][681.795s][info][gc,cpu         ] GC(465) User=0.01s Sys=0.00s Real=0.01s
[2025-04-17T10:58:03.634+0000][683.464s][info][gc,start       ] GC(466) Pause Young (Allocation Failure)
[2025-04-17T10:58:03.635+0000][683.465s][info][gc,heap        ] GC(466) DefNew: 9186K(10176K)->83K(10176K) Eden: 9088K(9088K)->0K(9088K) From: 98K(1088K)->83K(1088K)
[2025-04-17T10:58:03.635+0000][683.465s][info][gc,heap        ] GC(466) Tenured: 14482K(22468K)->14482K(22468K)
[2025-04-17T10:58:03.635+0000][683.465s][info][gc,metaspace   ] GC(466) Metaspace: 37374K(37760K)->37374K(37760K) NonClass: 32951K(33152K)->32951K(33152K) Class: 4423K(4608K)->4423K(4608K)
[2025-04-17T10:58:03.635+0000][683.466s][info][gc             ] GC(466) Pause Young (Allocation Failure) 23M->14M(31M) 1.243ms
[2025-04-17T10:58:03.635+0000][683.466s][info][gc,cpu         ] GC(466) User=0.00s Sys=0.00s Real=0.00s
[2025-04-17T10:58:05.123+0000][684.953s][info][gc,start       ] GC(467) Pause Young (Allocation Failure)
[2025-04-17T10:58:05.124+0000][684.954s][info][gc,heap        ] GC(467) DefNew: 9171K(10176K)->81K(10176K) Eden: 9088K(9088K)->0K(9088K) From: 83K(1088K)->81K(1088K)
[2025-04-17T10:58:05.124+0000][684.954s][info][gc,heap        ] GC(467) Tenured: 14482K(22468K)->14485K(22468K)
[2025-04-17T10:58:05.124+0000][684.954s][info][gc,metaspace   ] GC(467) Metaspace: 37374K(37760K)->37374K(37760K) NonClass: 32951K(33152K)->32951K(33152K) Class: 4423K(4608K)->4423K(4608K)
[2025-04-17T10:58:05.124+0000][684.954s][info][gc             ] GC(467) Pause Young (Allocation Failure) 23M->14M(31M) 1.328ms
[2025-04-17T10:58:05.124+0000][684.954s][info][gc,cpu         ] GC(467) User=0.00s Sys=0.00s Real=0.01s
[2025-04-17T10:58:06.610+0000][686.440s][info][gc,start       ] GC(468) Pause Young (Allocation Failure)
[2025-04-17T10:58:06.611+0000][686.441s][info][gc,heap        ] GC(468) DefNew: 9169K(10176K)->96K(10176K) Eden: 9088K(9088K)->0K(9088K) From: 81K(1088K)->96K(1088K)
[2025-04-17T10:58:06.611+0000][686.441s][info][gc,heap        ] GC(468) Tenured: 14485K(22468K)->14486K(22468K)
[2025-04-17T10:58:06.611+0000][686.441s][info][gc,metaspace   ] GC(468) Metaspace: 37375K(37760K)->37375K(37760K) NonClass: 32951K(33152K)->32951K(33152K) Class: 4423K(4608K)->4423K(4608K)
[2025-04-17T10:58:06.611+0000][686.441s][info][gc             ] GC(468) Pause Young (Allocation Failure) 23M->14M(31M) 1.384ms
[2025-04-17T10:58:06.611+0000][686.441s][info][gc,cpu         ] GC(468) User=0.00s Sys=0.00s Real=0.00s
[2025-04-17T10:58:08.393+0000][688.223s][info][gc,start       ] GC(469) Pause Young (Allocation Failure)
[2025-04-17T10:58:08.394+0000][688.225s][info][gc,heap        ] GC(469) DefNew: 9184K(10176K)->79K(10176K) Eden: 9088K(9088K)->0K(9088K) From: 96K(1088K)->79K(1088K)
[2025-04-17T10:58:08.394+0000][688.225s][info][gc,heap        ] GC(469) Tenured: 14486K(22468K)->14487K(22468K)
[2025-04-17T10:58:08.394+0000][688.225s][info][gc,metaspace   ] GC(469) Metaspace: 37375K(37760K)->37375K(37760K) NonClass: 32951K(33152K)->32951K(33152K) Class: 4423K(4608K)->4423K(4608K)
[2025-04-17T10:58:08.394+0000][688.225s][info][gc             ] GC(469) Pause Young (Allocation Failure) 23M->14M(31M) 1.406ms
[2025-04-17T10:58:08.394+0000][688.225s][info][gc,cpu         ] GC(469) User=0.00s Sys=0.00s Real=0.01s
[2025-04-17T10:58:09.819+0000][689.649s][info][gc,start       ] GC(470) Pause Young (Allocation Failure)
[2025-04-17T10:58:09.820+0000][689.650s][info][gc,heap        ] GC(470) DefNew: 9167K(10176K)->87K(10176K) Eden: 9088K(9088K)->0K(9088K) From: 79K(1088K)->87K(1088K)
[2025-04-17T10:58:09.820+0000][689.650s][info][gc,heap        ] GC(470) Tenured: 14487K(22468K)->14487K(22468K)
[2025-04-17T10:58:09.820+0000][689.650s][info][gc,metaspace   ] GC(470) Metaspace: 37375K(37760K)->37375K(37760K) NonClass: 32951K(33152K)->32951K(33152K) Class: 4423K(4608K)->4423K(4608K)
[2025-04-17T10:58:09.820+0000][689.650s][info][gc             ] GC(470) Pause Young (Allocation Failure) 23M->14M(31M) 1.291ms
[2025-04-17T10:58:09.820+0000][689.650s][info][gc,cpu         ] GC(470) User=0.00s Sys=0.00s Real=0.00s
[2025-04-17T10:58:11.438+0000][691.268s][info][gc,start       ] GC(471) Pause Young (Allocation Failure)
[2025-04-17T10:58:11.439+0000][691.269s][info][gc,heap        ] GC(471) DefNew: 9175K(10176K)->101K(10176K) Eden: 9088K(9088K)->0K(9088K) From: 87K(1088K)->101K(1088K)
[2025-04-17T10:58:11.439+0000][691.269s][info][gc,heap        ] GC(471) Tenured: 14487K(22468K)->14487K(22468K)
[2025-04-17T10:58:11.439+0000][691.269s][info][gc,metaspace   ] GC(471) Metaspace: 37375K(37760K)->37375K(37760K) NonClass: 32951K(33152K)->32951K(33152K) Class: 4423K(4608K)->4423K(4608K)
[2025-04-17T10:58:11.439+0000][691.269s][info][gc             ] GC(471) Pause Young (Allocation Failure) 23M->14M(31M) 1.388ms
[2025-04-17T10:58:11.439+0000][691.269s][info][gc,cpu         ] GC(471) User=0.00s Sys=0.00s Real=0.00s
[2025-04-17T10:58:12.934+0000][692.764s][info][gc,start       ] GC(472) Pause Young (Allocation Failure)
[2025-04-17T10:58:12.936+0000][692.766s][info][gc,heap        ] GC(472) DefNew: 9189K(10176K)->83K(10176K) Eden: 9088K(9088K)->0K(9088K) From: 101K(1088K)->83K(1088K)
[2025-04-17T10:58:12.936+0000][692.766s][info][gc,heap        ] GC(472) Tenured: 14487K(22468K)->14487K(22468K)
[2025-04-17T10:58:12.936+0000][692.766s][info][gc,metaspace   ] GC(472) Metaspace: 37375K(37760K)->37375K(37760K) NonClass: 32951K(33152K)->32951K(33152K) Class: 4423K(4608K)->4423K(4608K)
[2025-04-17T10:58:12.936+0000][692.766s][info][gc             ] GC(472) Pause Young (Allocation Failure) 23M->14M(31M) 1.311ms
[2025-04-17T10:58:12.936+0000][692.766s][info][gc,cpu         ] GC(472) User=0.00s Sys=0.00s Real=0.00s
[2025-04-17T10:58:14.571+0000][694.401s][info][gc,start       ] GC(473) Pause Young (Allocation Failure)
[2025-04-17T10:58:14.573+0000][694.403s][info][gc,heap        ] GC(473) DefNew: 9171K(10176K)->82K(10176K) Eden: 9088K(9088K)->0K(9088K) From: 83K(1088K)->82K(1088K)
[2025-04-17T10:58:14.573+0000][694.403s][info][gc,heap        ] GC(473) Tenured: 14487K(22468K)->14488K(22468K)
[2025-04-17T10:58:14.573+0000][694.403s][info][gc,metaspace   ] GC(473) Metaspace: 37375K(37760K)->37375K(37760K) NonClass: 32952K(33152K)->32952K(33152K) Class: 4423K(4608K)->4423K(4608K)
[2025-04-17T10:58:14.573+0000][694.403s][info][gc             ] GC(473) Pause Young (Allocation Failure) 23M->14M(31M) 1.377ms
[2025-04-17T10:58:14.573+0000][694.403s][info][gc,cpu         ] GC(473) User=0.00s Sys=0.00s Real=0.00s
[2025-04-17T10:58:16.067+0000][695.897s][info][gc,start       ] GC(474) Pause Young (Allocation Failure)
[2025-04-17T10:58:16.068+0000][695.898s][info][gc,heap        ] GC(474) DefNew: 9170K(10176K)->103K(10176K) Eden: 9088K(9088K)->0K(9088K) From: 82K(1088K)->103K(1088K)
[2025-04-17T10:58:16.068+0000][695.898s][info][gc,heap        ] GC(474) Tenured: 14488K(22468K)->14488K(22468K)
[2025-04-17T10:58:16.068+0000][695.898s][info][gc,metaspace   ] GC(474) Metaspace: 37375K(37760K)->37375K(37760K) NonClass: 32952K(33152K)->32952K(33152K) Class: 4423K(4608K)->4423K(4608K)
[2025-04-17T10:58:16.068+0000][695.898s][info][gc             ] GC(474) Pause Young (Allocation Failure) 23M->14M(31M) 1.298ms
[2025-04-17T10:58:16.068+0000][695.898s][info][gc,cpu         ] GC(474) User=0.00s Sys=0.00s Real=0.00s
[2025-04-17T10:58:17.743+0000][697.573s][info][gc,start       ] GC(475) Pause Young (Allocation Failure)
[2025-04-17T10:58:17.744+0000][697.574s][info][gc,heap        ] GC(475) DefNew: 9191K(10176K)->90K(10176K) Eden: 9087K(9088K)->0K(9088K) From: 103K(1088K)->90K(1088K)
[2025-04-17T10:58:17.744+0000][697.574s][info][gc,heap        ] GC(475) Tenured: 14488K(22468K)->14488K(22468K)
[2025-04-17T10:58:17.744+0000][697.574s][info][gc,metaspace   ] GC(475) Metaspace: 37376K(37760K)->37376K(37760K) NonClass: 32953K(33152K)->32953K(33152K) Class: 4423K(4608K)->4423K(4608K)
[2025-04-17T10:58:17.744+0000][697.574s][info][gc             ] GC(475) Pause Young (Allocation Failure) 23M->14M(31M) 1.399ms
[2025-04-17T10:58:17.744+0000][697.574s][info][gc,cpu         ] GC(475) User=0.00s Sys=0.00s Real=0.00s
[2025-04-17T10:58:19.132+0000][698.962s][info][gc,start       ] GC(476) Pause Young (Allocation Failure)
[2025-04-17T10:58:19.133+0000][698.963s][info][gc,heap        ] GC(476) DefNew: 9178K(10176K)->87K(10176K) Eden: 9088K(9088K)->0K(9088K) From: 90K(1088K)->87K(1088K)
[2025-04-17T10:58:19.133+0000][698.963s][info][gc,heap        ] GC(476) Tenured: 14488K(22468K)->14490K(22468K)
[2025-04-17T10:58:19.133+0000][698.963s][info][gc,metaspace   ] GC(476) Metaspace: 37376K(37760K)->37376K(37760K) NonClass: 32953K(33152K)->32953K(33152K) Class: 4423K(4608K)->4423K(4608K)
[2025-04-17T10:58:19.133+0000][698.963s][info][gc             ] GC(476) Pause Young (Allocation Failure) 23M->14M(31M) 1.329ms
[2025-04-17T10:58:19.133+0000][698.963s][info][gc,cpu         ] GC(476) User=0.00s Sys=0.00s Real=0.00s
[2025-04-17T10:58:20.771+0000][700.601s][info][gc,start       ] GC(477) Pause Young (Allocation Failure)
[2025-04-17T10:58:20.773+0000][700.603s][info][gc,heap        ] GC(477) DefNew: 9175K(10176K)->109K(10176K) Eden: 9088K(9088K)->0K(9088K) From: 87K(1088K)->109K(1088K)
[2025-04-17T10:58:20.773+0000][700.603s][info][gc,heap        ] GC(477) Tenured: 14490K(22468K)->14490K(22468K)
[2025-04-17T10:58:20.773+0000][700.603s][info][gc,metaspace   ] GC(477) Metaspace: 37376K(37760K)->37376K(37760K) NonClass: 32953K(33152K)->32953K(33152K) Class: 4423K(4608K)->4423K(4608K)
[2025-04-17T10:58:20.773+0000][700.603s][info][gc             ] GC(477) Pause Young (Allocation Failure) 23M->14M(31M) 1.282ms
[2025-04-17T10:58:20.773+0000][700.603s][info][gc,cpu         ] GC(477) User=0.00s Sys=0.00s Real=0.00s
[2025-04-17T10:58:22.326+0000][702.156s][info][gc,start       ] GC(478) Pause Young (Allocation Failure)
[2025-04-17T10:58:22.327+0000][702.157s][info][gc,heap        ] GC(478) DefNew: 9196K(10176K)->89K(10176K) Eden: 9087K(9088K)->0K(9088K) From: 109K(1088K)->89K(1088K)
[2025-04-17T10:58:22.327+0000][702.157s][info][gc,heap        ] GC(478) Tenured: 14490K(22468K)->14490K(22468K)
[2025-04-17T10:58:22.327+0000][702.157s][info][gc,metaspace   ] GC(478) Metaspace: 37376K(37760K)->37376K(37760K) NonClass: 32953K(33152K)->32953K(33152K) Class: 4423K(4608K)->4423K(4608K)
[2025-04-17T10:58:22.327+0000][702.157s][info][gc             ] GC(478) Pause Young (Allocation Failure) 23M->14M(31M) 1.236ms
[2025-04-17T10:58:22.327+0000][702.157s][info][gc,cpu         ] GC(478) User=0.00s Sys=0.00s Real=0.00s
[2025-04-17T10:58:23.876+0000][703.706s][info][gc,start       ] GC(479) Pause Young (Allocation Failure)
[2025-04-17T10:58:23.877+0000][703.707s][info][gc,heap        ] GC(479) DefNew: 9177K(10176K)->90K(10176K) Eden: 9088K(9088K)->0K(9088K) From: 89K(1088K)->90K(1088K)
[2025-04-17T10:58:23.877+0000][703.707s][info][gc,heap        ] GC(479) Tenured: 14490K(22468K)->14491K(22468K)
[2025-04-17T10:58:23.877+0000][703.707s][info][gc,metaspace   ] GC(479) Metaspace: 37376K(37760K)->37376K(37760K) NonClass: 32953K(33152K)->32953K(33152K) Class: 4423K(4608K)->4423K(4608K)
[2025-04-17T10:58:23.877+0000][703.707s][info][gc             ] GC(479) Pause Young (Allocation Failure) 23M->14M(31M) 1.428ms
[2025-04-17T10:58:23.877+0000][703.707s][info][gc,cpu         ] GC(479) User=0.00s Sys=0.01s Real=0.00s
[2025-04-17T10:58:25.786+0000][705.616s][info][gc,start       ] GC(480) Pause Young (Allocation Failure)
[2025-04-17T10:58:25.787+0000][705.617s][info][gc,heap        ] GC(480) DefNew: 9178K(10176K)->92K(10176K) Eden: 9088K(9088K)->0K(9088K) From: 90K(1088K)->92K(1088K)
[2025-04-17T10:58:25.787+0000][705.617s][info][gc,heap        ] GC(480) Tenured: 14491K(22468K)->14492K(22468K)
[2025-04-17T10:58:25.787+0000][705.617s][info][gc,metaspace   ] GC(480) Metaspace: 37376K(37760K)->37376K(37760K) NonClass: 32953K(33152K)->32953K(33152K) Class: 4423K(4608K)->4423K(4608K)
[2025-04-17T10:58:25.787+0000][705.617s][info][gc             ] GC(480) Pause Young (Allocation Failure) 23M->14M(31M) 1.327ms
[2025-04-17T10:58:25.787+0000][705.617s][info][gc,cpu         ] GC(480) User=0.00s Sys=0.00s Real=0.00s
[2025-04-17T10:58:27.025+0000][706.856s][info][gc,start       ] GC(481) Pause Young (Allocation Failure)
[2025-04-17T10:58:27.027+0000][706.857s][info][gc,heap        ] GC(481) DefNew: 9176K(10176K)->95K(10176K) Eden: 9084K(9088K)->0K(9088K) From: 92K(1088K)->95K(1088K)
[2025-04-17T10:58:27.027+0000][706.857s][info][gc,heap        ] GC(481) Tenured: 14492K(22468K)->14492K(22468K)
[2025-04-17T10:58:27.027+0000][706.857s][info][gc,metaspace   ] GC(481) Metaspace: 37376K(37760K)->37376K(37760K) NonClass: 32953K(33152K)->32953K(33152K) Class: 4423K(4608K)->4423K(4608K)
[2025-04-17T10:58:27.027+0000][706.857s][info][gc             ] GC(481) Pause Young (Allocation Failure) 23M->14M(31M) 1.373ms
[2025-04-17T10:58:27.027+0000][706.857s][info][gc,cpu         ] GC(481) User=0.00s Sys=0.00s Real=0.00s
[2025-04-17T10:58:28.914+0000][708.744s][info][gc,start       ] GC(482) Pause Young (Allocation Failure)
[2025-04-17T10:58:28.916+0000][708.746s][info][gc,heap        ] GC(482) DefNew: 9183K(10176K)->87K(10176K) Eden: 9088K(9088K)->0K(9088K) From: 95K(1088K)->87K(1088K)
[2025-04-17T10:58:28.916+0000][708.746s][info][gc,heap        ] GC(482) Tenured: 14492K(22468K)->14493K(22468K)
[2025-04-17T10:58:28.916+0000][708.746s][info][gc,metaspace   ] GC(482) Metaspace: 37376K(37760K)->37376K(37760K) NonClass: 32953K(33152K)->32953K(33152K) Class: 4423K(4608K)->4423K(4608K)
[2025-04-17T10:58:28.916+0000][708.746s][info][gc             ] GC(482) Pause Young (Allocation Failure) 23M->14M(31M) 1.353ms
[2025-04-17T10:58:28.916+0000][708.746s][info][gc,cpu         ] GC(482) User=0.00s Sys=0.00s Real=0.00s
[2025-04-17T10:58:30.314+0000][710.144s][info][gc,start       ] GC(483) Pause Young (Allocation Failure)
[2025-04-17T10:58:30.315+0000][710.145s][info][gc,heap        ] GC(483) DefNew: 9175K(10176K)->96K(10176K) Eden: 9088K(9088K)->0K(9088K) From: 87K(1088K)->96K(1088K)
[2025-04-17T10:58:30.315+0000][710.146s][info][gc,heap        ] GC(483) Tenured: 14493K(22468K)->14495K(22468K)
[2025-04-17T10:58:30.315+0000][710.146s][info][gc,metaspace   ] GC(483) Metaspace: 37376K(37760K)->37376K(37760K) NonClass: 32953K(33152K)->32953K(33152K) Class: 4423K(4608K)->4423K(4608K)
[2025-04-17T10:58:30.315+0000][710.146s][info][gc             ] GC(483) Pause Young (Allocation Failure) 23M->14M(31M) 1.609ms
[2025-04-17T10:58:30.315+0000][710.146s][info][gc,cpu         ] GC(483) User=0.00s Sys=0.00s Real=0.01s
[2025-04-17T10:58:31.852+0000][711.682s][info][gc,start       ] GC(484) Pause Young (Allocation Failure)
[2025-04-17T10:58:31.853+0000][711.684s][info][gc,heap        ] GC(484) DefNew: 9184K(10176K)->102K(10176K) Eden: 9088K(9088K)->0K(9088K) From: 96K(1088K)->102K(1088K)
[2025-04-17T10:58:31.853+0000][711.684s][info][gc,heap        ] GC(484) Tenured: 14495K(22468K)->14496K(22468K)
[2025-04-17T10:58:31.853+0000][711.684s][info][gc,metaspace   ] GC(484) Metaspace: 37376K(37760K)->37376K(37760K) NonClass: 32953K(33152K)->32953K(33152K) Class: 4423K(4608K)->4423K(4608K)
[2025-04-17T10:58:31.854+0000][711.684s][info][gc             ] GC(484) Pause Young (Allocation Failure) 23M->14M(31M) 1.501ms
[2025-04-17T10:58:31.854+0000][711.684s][info][gc,cpu         ] GC(484) User=0.00s Sys=0.00s Real=0.00s
[2025-04-17T10:58:33.472+0000][713.302s][info][gc,start       ] GC(485) Pause Young (Allocation Failure)
[2025-04-17T10:58:33.473+0000][713.303s][info][gc,heap        ] GC(485) DefNew: 9190K(10176K)->87K(10176K) Eden: 9088K(9088K)->0K(9088K) From: 102K(1088K)->87K(1088K)
[2025-04-17T10:58:33.473+0000][713.303s][info][gc,heap        ] GC(485) Tenured: 14496K(22468K)->14497K(22468K)
[2025-04-17T10:58:33.473+0000][713.303s][info][gc,metaspace   ] GC(485) Metaspace: 37376K(37760K)->37376K(37760K) NonClass: 32953K(33152K)->32953K(33152K) Class: 4423K(4608K)->4423K(4608K)
[2025-04-17T10:58:33.473+0000][713.303s][info][gc             ] GC(485) Pause Young (Allocation Failure) 23M->14M(31M) 1.228ms
[2025-04-17T10:58:33.473+0000][713.303s][info][gc,cpu         ] GC(485) User=0.00s Sys=0.00s Real=0.00s
[2025-04-17T10:58:35.112+0000][714.942s][info][gc,start       ] GC(486) Pause Young (Allocation Failure)
[2025-04-17T10:58:35.113+0000][714.943s][info][gc,heap        ] GC(486) DefNew: 9175K(10176K)->89K(10176K) Eden: 9088K(9088K)->0K(9088K) From: 87K(1088K)->89K(1088K)
[2025-04-17T10:58:35.113+0000][714.943s][info][gc,heap        ] GC(486) Tenured: 14497K(22468K)->14497K(22468K)
[2025-04-17T10:58:35.113+0000][714.943s][info][gc,metaspace   ] GC(486) Metaspace: 37376K(37760K)->37376K(37760K) NonClass: 32953K(33152K)->32953K(33152K) Class: 4423K(4608K)->4423K(4608K)
[2025-04-17T10:58:35.113+0000][714.943s][info][gc             ] GC(486) Pause Young (Allocation Failure) 23M->14M(31M) 1.284ms
[2025-04-17T10:58:35.113+0000][714.943s][info][gc,cpu         ] GC(486) User=0.00s Sys=0.00s Real=0.00s
[2025-04-17T10:58:36.759+0000][716.590s][info][gc,start       ] GC(487) Pause Young (Allocation Failure)
[2025-04-17T10:58:36.761+0000][716.591s][info][gc,heap        ] GC(487) DefNew: 9177K(10176K)->88K(10176K) Eden: 9088K(9088K)->0K(9088K) From: 89K(1088K)->88K(1088K)
[2025-04-17T10:58:36.761+0000][716.591s][info][gc,heap        ] GC(487) Tenured: 14497K(22468K)->14498K(22468K)
[2025-04-17T10:58:36.761+0000][716.591s][info][gc,metaspace   ] GC(487) Metaspace: 37376K(37760K)->37376K(37760K) NonClass: 32953K(33152K)->32953K(33152K) Class: 4423K(4608K)->4423K(4608K)
[2025-04-17T10:58:36.761+0000][716.591s][info][gc             ] GC(487) Pause Young (Allocation Failure) 23M->14M(31M) 1.373ms
[2025-04-17T10:58:36.761+0000][716.591s][info][gc,cpu         ] GC(487) User=0.00s Sys=0.00s Real=0.00s
[2025-04-17T10:58:38.111+0000][717.941s][info][gc,start       ] GC(488) Pause Young (Allocation Failure)
[2025-04-17T10:58:38.112+0000][717.942s][info][gc,heap        ] GC(488) DefNew: 9176K(10176K)->106K(10176K) Eden: 9088K(9088K)->0K(9088K) From: 88K(1088K)->106K(1088K)
[2025-04-17T10:58:38.112+0000][717.943s][info][gc,heap        ] GC(488) Tenured: 14498K(22468K)->14498K(22468K)
[2025-04-17T10:58:38.112+0000][717.943s][info][gc,metaspace   ] GC(488) Metaspace: 37376K(37760K)->37376K(37760K) NonClass: 32953K(33152K)->32953K(33152K) Class: 4423K(4608K)->4423K(4608K)
[2025-04-17T10:58:38.112+0000][717.943s][info][gc             ] GC(488) Pause Young (Allocation Failure) 23M->14M(31M) 1.252ms
[2025-04-17T10:58:38.112+0000][717.943s][info][gc,cpu         ] GC(488) User=0.00s Sys=0.00s Real=0.00s
[2025-04-17T10:58:39.701+0000][719.531s][info][gc,start       ] GC(489) Pause Young (Allocation Failure)
[2025-04-17T10:58:39.702+0000][719.533s][info][gc,heap        ] GC(489) DefNew: 9181K(10176K)->88K(10176K) Eden: 9075K(9088K)->0K(9088K) From: 106K(1088K)->88K(1088K)
[2025-04-17T10:58:39.702+0000][719.533s][info][gc,heap        ] GC(489) Tenured: 14498K(22468K)->14503K(22468K)
[2025-04-17T10:58:39.702+0000][719.533s][info][gc,metaspace   ] GC(489) Metaspace: 37376K(37760K)->37376K(37760K) NonClass: 32953K(33152K)->32953K(33152K) Class: 4423K(4608K)->4423K(4608K)
[2025-04-17T10:58:39.703+0000][719.533s][info][gc             ] GC(489) Pause Young (Allocation Failure) 23M->14M(31M) 1.210ms
[2025-04-17T10:58:39.703+0000][719.533s][info][gc,cpu         ] GC(489) User=0.00s Sys=0.00s Real=0.00s
[2025-04-17T10:58:41.243+0000][721.074s][info][gc,start       ] GC(490) Pause Young (Allocation Failure)
[2025-04-17T10:58:41.245+0000][721.075s][info][gc,heap        ] GC(490) DefNew: 9176K(10176K)->95K(10176K) Eden: 9088K(9088K)->0K(9088K) From: 88K(1088K)->95K(1088K)
[2025-04-17T10:58:41.245+0000][721.075s][info][gc,heap        ] GC(490) Tenured: 14503K(22468K)->14505K(22468K)
[2025-04-17T10:58:41.245+0000][721.075s][info][gc,metaspace   ] GC(490) Metaspace: 37376K(37760K)->37376K(37760K) NonClass: 32953K(33152K)->32953K(33152K) Class: 4423K(4608K)->4423K(4608K)
[2025-04-17T10:58:41.245+0000][721.075s][info][gc             ] GC(490) Pause Young (Allocation Failure) 23M->14M(31M) 1.425ms
[2025-04-17T10:58:41.245+0000][721.075s][info][gc,cpu         ] GC(490) User=0.00s Sys=0.00s Real=0.01s
[2025-04-17T10:58:42.773+0000][722.603s][info][gc,start       ] GC(491) Pause Young (Allocation Failure)
[2025-04-17T10:58:42.774+0000][722.604s][info][gc,heap        ] GC(491) DefNew: 9183K(10176K)->102K(10176K) Eden: 9087K(9088K)->0K(9088K) From: 95K(1088K)->102K(1088K)
[2025-04-17T10:58:42.774+0000][722.604s][info][gc,heap        ] GC(491) Tenured: 14505K(22468K)->14505K(22468K)
[2025-04-17T10:58:42.774+0000][722.604s][info][gc,metaspace   ] GC(491) Metaspace: 37376K(37760K)->37376K(37760K) NonClass: 32953K(33152K)->32953K(33152K) Class: 4423K(4608K)->4423K(4608K)
[2025-04-17T10:58:42.774+0000][722.604s][info][gc             ] GC(491) Pause Young (Allocation Failure) 23M->14M(31M) 1.241ms
[2025-04-17T10:58:42.774+0000][722.604s][info][gc,cpu         ] GC(491) User=0.00s Sys=0.00s Real=0.01s
[2025-04-17T10:58:44.421+0000][724.251s][info][gc,start       ] GC(492) Pause Young (Allocation Failure)
[2025-04-17T10:58:44.422+0000][724.252s][info][gc,heap        ] GC(492) DefNew: 9190K(10176K)->74K(10176K) Eden: 9088K(9088K)->0K(9088K) From: 102K(1088K)->74K(1088K)
[2025-04-17T10:58:44.422+0000][724.252s][info][gc,heap        ] GC(492) Tenured: 14505K(22468K)->14508K(22468K)
[2025-04-17T10:58:44.422+0000][724.252s][info][gc,metaspace   ] GC(492) Metaspace: 37376K(37760K)->37376K(37760K) NonClass: 32953K(33152K)->32953K(33152K) Class: 4423K(4608K)->4423K(4608K)
[2025-04-17T10:58:44.422+0000][724.252s][info][gc             ] GC(492) Pause Young (Allocation Failure) 23M->14M(31M) 1.445ms
[2025-04-17T10:58:44.422+0000][724.252s][info][gc,cpu         ] GC(492) User=0.00s Sys=0.00s Real=0.00s
[2025-04-17T10:58:45.961+0000][725.792s][info][gc,start       ] GC(493) Pause Young (Allocation Failure)
[2025-04-17T10:58:45.963+0000][725.793s][info][gc,heap        ] GC(493) DefNew: 9162K(10176K)->83K(10176K) Eden: 9088K(9088K)->0K(9088K) From: 74K(1088K)->83K(1088K)
[2025-04-17T10:58:45.963+0000][725.793s][info][gc,heap        ] GC(493) Tenured: 14508K(22468K)->14509K(22468K)
[2025-04-17T10:58:45.963+0000][725.793s][info][gc,metaspace   ] GC(493) Metaspace: 37376K(37760K)->37376K(37760K) NonClass: 32953K(33152K)->32953K(33152K) Class: 4423K(4608K)->4423K(4608K)
[2025-04-17T10:58:45.963+0000][725.793s][info][gc             ] GC(493) Pause Young (Allocation Failure) 23M->14M(31M) 1.222ms
[2025-04-17T10:58:45.963+0000][725.793s][info][gc,cpu         ] GC(493) User=0.00s Sys=0.00s Real=0.00s
[2025-04-17T10:58:47.562+0000][727.393s][info][gc,start       ] GC(494) Pause Young (Allocation Failure)
[2025-04-17T10:58:47.564+0000][727.394s][info][gc,heap        ] GC(494) DefNew: 9171K(10176K)->115K(10176K) Eden: 9088K(9088K)->0K(9088K) From: 83K(1088K)->115K(1088K)
[2025-04-17T10:58:47.564+0000][727.394s][info][gc,heap        ] GC(494) Tenured: 14509K(22468K)->14509K(22468K)
[2025-04-17T10:58:47.564+0000][727.394s][info][gc,metaspace   ] GC(494) Metaspace: 37376K(37760K)->37376K(37760K) NonClass: 32953K(33152K)->32953K(33152K) Class: 4423K(4608K)->4423K(4608K)
[2025-04-17T10:58:47.564+0000][727.394s][info][gc             ] GC(494) Pause Young (Allocation Failure) 23M->14M(31M) 1.403ms
[2025-04-17T10:58:47.564+0000][727.394s][info][gc,cpu         ] GC(494) User=0.00s Sys=0.00s Real=0.00s
[2025-04-17T10:58:48.935+0000][728.766s][info][gc,start       ] GC(495) Pause Young (Allocation Failure)
[2025-04-17T10:58:48.937+0000][728.767s][info][gc,heap        ] GC(495) DefNew: 9203K(10176K)->87K(10176K) Eden: 9087K(9088K)->0K(9088K) From: 115K(1088K)->87K(1088K)
[2025-04-17T10:58:48.937+0000][728.767s][info][gc,heap        ] GC(495) Tenured: 14509K(22468K)->14509K(22468K)
[2025-04-17T10:58:48.937+0000][728.767s][info][gc,metaspace   ] GC(495) Metaspace: 37378K(37760K)->37378K(37760K) NonClass: 32954K(33152K)->32954K(33152K) Class: 4423K(4608K)->4423K(4608K)
[2025-04-17T10:58:48.937+0000][728.767s][info][gc             ] GC(495) Pause Young (Allocation Failure) 23M->14M(31M) 1.302ms
[2025-04-17T10:58:48.937+0000][728.767s][info][gc,cpu         ] GC(495) User=0.00s Sys=0.00s Real=0.00s
[2025-04-17T10:58:50.656+0000][730.486s][info][gc,start       ] GC(496) Pause Young (Allocation Failure)
[2025-04-17T10:58:50.657+0000][730.487s][info][gc,heap        ] GC(496) DefNew: 9175K(10176K)->97K(10176K) Eden: 9088K(9088K)->0K(9088K) From: 87K(1088K)->97K(1088K)
[2025-04-17T10:58:50.657+0000][730.487s][info][gc,heap        ] GC(496) Tenured: 14509K(22468K)->14509K(22468K)
[2025-04-17T10:58:50.657+0000][730.487s][info][gc,metaspace   ] GC(496) Metaspace: 37378K(37760K)->37378K(37760K) NonClass: 32954K(33152K)->32954K(33152K) Class: 4423K(4608K)->4423K(4608K)
[2025-04-17T10:58:50.657+0000][730.487s][info][gc             ] GC(496) Pause Young (Allocation Failure) 23M->14M(31M) 1.383ms
[2025-04-17T10:58:50.657+0000][730.487s][info][gc,cpu         ] GC(496) User=0.00s Sys=0.00s Real=0.00s
[2025-04-17T10:58:52.175+0000][732.005s][info][gc,start       ] GC(497) Pause Young (Allocation Failure)
[2025-04-17T10:58:52.177+0000][732.007s][info][gc,heap        ] GC(497) DefNew: 9185K(10176K)->106K(10176K) Eden: 9087K(9088K)->0K(9088K) From: 97K(1088K)->106K(1088K)
[2025-04-17T10:58:52.177+0000][732.007s][info][gc,heap        ] GC(497) Tenured: 14509K(22468K)->14509K(22468K)
[2025-04-17T10:58:52.177+0000][732.007s][info][gc,metaspace   ] GC(497) Metaspace: 37378K(37760K)->37378K(37760K) NonClass: 32954K(33152K)->32954K(33152K) Class: 4423K(4608K)->4423K(4608K)
[2025-04-17T10:58:52.177+0000][732.007s][info][gc             ] GC(497) Pause Young (Allocation Failure) 23M->14M(31M) 1.303ms
[2025-04-17T10:58:52.177+0000][732.007s][info][gc,cpu         ] GC(497) User=0.00s Sys=0.00s Real=0.00s
[2025-04-17T10:58:53.591+0000][733.421s][info][gc,start       ] GC(498) Pause Young (Allocation Failure)
[2025-04-17T10:58:53.592+0000][733.422s][info][gc,heap        ] GC(498) DefNew: 9194K(10176K)->99K(10176K) Eden: 9088K(9088K)->0K(9088K) From: 106K(1088K)->99K(1088K)
[2025-04-17T10:58:53.592+0000][733.423s][info][gc,heap        ] GC(498) Tenured: 14509K(22468K)->14510K(22468K)
[2025-04-17T10:58:53.592+0000][733.423s][info][gc,metaspace   ] GC(498) Metaspace: 37378K(37760K)->37378K(37760K) NonClass: 32954K(33152K)->32954K(33152K) Class: 4423K(4608K)->4423K(4608K)
[2025-04-17T10:58:53.592+0000][733.423s][info][gc             ] GC(498) Pause Young (Allocation Failure) 23M->14M(31M) 1.319ms
[2025-04-17T10:58:53.592+0000][733.423s][info][gc,cpu         ] GC(498) User=0.00s Sys=0.00s Real=0.00s
[2025-04-17T10:58:55.265+0000][735.095s][info][gc,start       ] GC(499) Pause Young (Allocation Failure)
[2025-04-17T10:58:55.266+0000][735.096s][info][gc,heap        ] GC(499) DefNew: 9187K(10176K)->90K(10176K) Eden: 9087K(9088K)->0K(9088K) From: 99K(1088K)->90K(1088K)
[2025-04-17T10:58:55.266+0000][735.096s][info][gc,heap        ] GC(499) Tenured: 14510K(22468K)->14511K(22468K)
[2025-04-17T10:58:55.266+0000][735.096s][info][gc,metaspace   ] GC(499) Metaspace: 37378K(37760K)->37378K(37760K) NonClass: 32954K(33152K)->32954K(33152K) Class: 4423K(4608K)->4423K(4608K)
[2025-04-17T10:58:55.266+0000][735.096s][info][gc             ] GC(499) Pause Young (Allocation Failure) 23M->14M(31M) 1.333ms
[2025-04-17T10:58:55.266+0000][735.096s][info][gc,cpu         ] GC(499) User=0.00s Sys=0.00s Real=0.00s
[2025-04-17T10:58:56.827+0000][736.657s][info][gc,start       ] GC(500) Pause Young (Allocation Failure)
[2025-04-17T10:58:56.828+0000][736.658s][info][gc,heap        ] GC(500) DefNew: 9178K(10176K)->96K(10176K) Eden: 9088K(9088K)->0K(9088K) From: 90K(1088K)->96K(1088K)
[2025-04-17T10:58:56.828+0000][736.658s][info][gc,heap        ] GC(500) Tenured: 14511K(22468K)->14513K(22468K)
[2025-04-17T10:58:56.828+0000][736.658s][info][gc,metaspace   ] GC(500) Metaspace: 37378K(37760K)->37378K(37760K) NonClass: 32954K(33152K)->32954K(33152K) Class: 4423K(4608K)->4423K(4608K)
[2025-04-17T10:58:56.828+0000][736.658s][info][gc             ] GC(500) Pause Young (Allocation Failure) 23M->14M(31M) 1.271ms
[2025-04-17T10:58:56.828+0000][736.658s][info][gc,cpu         ] GC(500) User=0.00s Sys=0.00s Real=0.00s
[2025-04-17T10:58:58.536+0000][738.367s][info][gc,start       ] GC(501) Pause Young (Allocation Failure)
[2025-04-17T10:58:58.538+0000][738.368s][info][gc,heap        ] GC(501) DefNew: 9184K(10176K)->104K(10176K) Eden: 9088K(9088K)->0K(9088K) From: 96K(1088K)->104K(1088K)
[2025-04-17T10:58:58.538+0000][738.368s][info][gc,heap        ] GC(501) Tenured: 14513K(22468K)->14514K(22468K)
[2025-04-17T10:58:58.538+0000][738.368s][info][gc,metaspace   ] GC(501) Metaspace: 37378K(37760K)->37378K(37760K) NonClass: 32954K(33152K)->32954K(33152K) Class: 4423K(4608K)->4423K(4608K)
[2025-04-17T10:58:58.538+0000][738.368s][info][gc             ] GC(501) Pause Young (Allocation Failure) 23M->14M(31M) 1.214ms
[2025-04-17T10:58:58.538+0000][738.368s][info][gc,cpu         ] GC(501) User=0.00s Sys=0.00s Real=0.00s
[2025-04-17T10:59:00.293+0000][740.123s][info][gc,start       ] GC(502) Pause Young (Allocation Failure)
[2025-04-17T10:59:00.294+0000][740.124s][info][gc,heap        ] GC(502) DefNew: 9192K(10176K)->90K(10176K) Eden: 9088K(9088K)->0K(9088K) From: 104K(1088K)->90K(1088K)
[2025-04-17T10:59:00.294+0000][740.124s][info][gc,heap        ] GC(502) Tenured: 14514K(22468K)->14516K(22468K)
[2025-04-17T10:59:00.294+0000][740.124s][info][gc,metaspace   ] GC(502) Metaspace: 37378K(37760K)->37378K(37760K) NonClass: 32954K(33152K)->32954K(33152K) Class: 4423K(4608K)->4423K(4608K)
[2025-04-17T10:59:00.294+0000][740.124s][info][gc             ] GC(502) Pause Young (Allocation Failure) 23M->14M(31M) 1.359ms
[2025-04-17T10:59:00.294+0000][740.124s][info][gc,cpu         ] GC(502) User=0.01s Sys=0.00s Real=0.01s
[2025-04-17T10:59:01.572+0000][741.402s][info][gc,start       ] GC(503) Pause Young (Allocation Failure)
[2025-04-17T10:59:01.573+0000][741.403s][info][gc,heap        ] GC(503) DefNew: 9178K(10176K)->86K(10176K) Eden: 9088K(9088K)->0K(9088K) From: 90K(1088K)->86K(1088K)
[2025-04-17T10:59:01.573+0000][741.403s][info][gc,heap        ] GC(503) Tenured: 14516K(22468K)->14517K(22468K)
[2025-04-17T10:59:01.573+0000][741.403s][info][gc,metaspace   ] GC(503) Metaspace: 37378K(37760K)->37378K(37760K) NonClass: 32954K(33152K)->32954K(33152K) Class: 4423K(4608K)->4423K(4608K)
[2025-04-17T10:59:01.573+0000][741.403s][info][gc             ] GC(503) Pause Young (Allocation Failure) 23M->14M(31M) 1.293ms
[2025-04-17T10:59:01.573+0000][741.403s][info][gc,cpu         ] GC(503) User=0.01s Sys=0.00s Real=0.00s
[2025-04-17T10:59:03.188+0000][743.018s][info][gc,start       ] GC(504) Pause Young (Allocation Failure)
[2025-04-17T10:59:03.189+0000][743.019s][info][gc,heap        ] GC(504) DefNew: 9174K(10176K)->89K(10176K) Eden: 9088K(9088K)->0K(9088K) From: 86K(1088K)->89K(1088K)
[2025-04-17T10:59:03.189+0000][743.020s][info][gc,heap        ] GC(504) Tenured: 14517K(22468K)->14517K(22468K)
[2025-04-17T10:59:03.189+0000][743.020s][info][gc,metaspace   ] GC(504) Metaspace: 37378K(37760K)->37378K(37760K) NonClass: 32954K(33152K)->32954K(33152K) Class: 4423K(4608K)->4423K(4608K)
[2025-04-17T10:59:03.189+0000][743.020s][info][gc             ] GC(504) Pause Young (Allocation Failure) 23M->14M(31M) 1.387ms
[2025-04-17T10:59:03.189+0000][743.020s][info][gc,cpu         ] GC(504) User=0.00s Sys=0.00s Real=0.00s
[2025-04-17T10:59:04.676+0000][744.506s][info][gc,start       ] GC(505) Pause Young (Allocation Failure)
[2025-04-17T10:59:04.677+0000][744.507s][info][gc,heap        ] GC(505) DefNew: 9170K(10176K)->91K(10176K) Eden: 9081K(9088K)->0K(9088K) From: 89K(1088K)->91K(1088K)
[2025-04-17T10:59:04.677+0000][744.508s][info][gc,heap        ] GC(505) Tenured: 14517K(22468K)->14519K(22468K)
[2025-04-17T10:59:04.677+0000][744.508s][info][gc,metaspace   ] GC(505) Metaspace: 37378K(37760K)->37378K(37760K) NonClass: 32954K(33152K)->32954K(33152K) Class: 4423K(4608K)->4423K(4608K)
[2025-04-17T10:59:04.677+0000][744.508s][info][gc             ] GC(505) Pause Young (Allocation Failure) 23M->14M(31M) 1.278ms
[2025-04-17T10:59:04.677+0000][744.508s][info][gc,cpu         ] GC(505) User=0.00s Sys=0.00s Real=0.00s
[2025-04-17T10:59:06.583+0000][746.413s][info][gc,start       ] GC(506) Pause Young (Allocation Failure)
[2025-04-17T10:59:06.584+0000][746.414s][info][gc,heap        ] GC(506) DefNew: 9179K(10176K)->104K(10176K) Eden: 9087K(9088K)->0K(9088K) From: 91K(1088K)->104K(1088K)
[2025-04-17T10:59:06.584+0000][746.414s][info][gc,heap        ] GC(506) Tenured: 14519K(22468K)->14521K(22468K)
[2025-04-17T10:59:06.584+0000][746.414s][info][gc,metaspace   ] GC(506) Metaspace: 37378K(37760K)->37378K(37760K) NonClass: 32954K(33152K)->32954K(33152K) Class: 4423K(4608K)->4423K(4608K)
[2025-04-17T10:59:06.584+0000][746.414s][info][gc             ] GC(506) Pause Young (Allocation Failure) 23M->14M(31M) 1.251ms
[2025-04-17T10:59:06.584+0000][746.414s][info][gc,cpu         ] GC(506) User=0.01s Sys=0.00s Real=0.01s
[2025-04-17T10:59:08.217+0000][748.047s][info][gc,start       ] GC(507) Pause Young (Allocation Failure)
[2025-04-17T10:59:08.219+0000][748.049s][info][gc,heap        ] GC(507) DefNew: 9192K(10176K)->93K(10176K) Eden: 9088K(9088K)->0K(9088K) From: 104K(1088K)->93K(1088K)
[2025-04-17T10:59:08.219+0000][748.049s][info][gc,heap        ] GC(507) Tenured: 14521K(22468K)->14521K(22468K)
[2025-04-17T10:59:08.219+0000][748.049s][info][gc,metaspace   ] GC(507) Metaspace: 37378K(37760K)->37378K(37760K) NonClass: 32954K(33152K)->32954K(33152K) Class: 4423K(4608K)->4423K(4608K)
[2025-04-17T10:59:08.219+0000][748.049s][info][gc             ] GC(507) Pause Young (Allocation Failure) 23M->14M(31M) 1.386ms
[2025-04-17T10:59:08.219+0000][748.049s][info][gc,cpu         ] GC(507) User=0.00s Sys=0.00s Real=0.00s
[2025-04-17T10:59:09.913+0000][749.743s][info][gc,start       ] GC(508) Pause Young (Allocation Failure)
[2025-04-17T10:59:09.914+0000][749.744s][info][gc,heap        ] GC(508) DefNew: 9181K(10176K)->79K(10176K) Eden: 9088K(9088K)->0K(9088K) From: 93K(1088K)->79K(1088K)
[2025-04-17T10:59:09.914+0000][749.744s][info][gc,heap        ] GC(508) Tenured: 14521K(22468K)->14522K(22468K)
[2025-04-17T10:59:09.914+0000][749.744s][info][gc,metaspace   ] GC(508) Metaspace: 37378K(37760K)->37378K(37760K) NonClass: 32954K(33152K)->32954K(33152K) Class: 4423K(4608K)->4423K(4608K)
[2025-04-17T10:59:09.914+0000][749.744s][info][gc             ] GC(508) Pause Young (Allocation Failure) 23M->14M(31M) 1.335ms
[2025-04-17T10:59:09.914+0000][749.744s][info][gc,cpu         ] GC(508) User=0.01s Sys=0.00s Real=0.01s
[2025-04-17T10:59:11.564+0000][751.394s][info][gc,start       ] GC(509) Pause Young (Allocation Failure)
[2025-04-17T10:59:11.565+0000][751.395s][info][gc,heap        ] GC(509) DefNew: 9167K(10176K)->83K(10176K) Eden: 9088K(9088K)->0K(9088K) From: 79K(1088K)->83K(1088K)
[2025-04-17T10:59:11.565+0000][751.395s][info][gc,heap        ] GC(509) Tenured: 14522K(22468K)->14522K(22468K)
[2025-04-17T10:59:11.565+0000][751.395s][info][gc,metaspace   ] GC(509) Metaspace: 37378K(37760K)->37378K(37760K) NonClass: 32954K(33152K)->32954K(33152K) Class: 4423K(4608K)->4423K(4608K)
[2025-04-17T10:59:11.565+0000][751.395s][info][gc             ] GC(509) Pause Young (Allocation Failure) 23M->14M(31M) 1.223ms
[2025-04-17T10:59:11.565+0000][751.395s][info][gc,cpu         ] GC(509) User=0.00s Sys=0.00s Real=0.01s
[2025-04-17T10:59:13.052+0000][752.883s][info][gc,start       ] GC(510) Pause Young (Allocation Failure)
[2025-04-17T10:59:13.054+0000][752.884s][info][gc,heap        ] GC(510) DefNew: 9171K(10176K)->81K(10176K) Eden: 9088K(9088K)->0K(9088K) From: 83K(1088K)->81K(1088K)
[2025-04-17T10:59:13.054+0000][752.884s][info][gc,heap        ] GC(510) Tenured: 14522K(22468K)->14525K(22468K)
[2025-04-17T10:59:13.054+0000][752.884s][info][gc,metaspace   ] GC(510) Metaspace: 37378K(37760K)->37378K(37760K) NonClass: 32954K(33152K)->32954K(33152K) Class: 4423K(4608K)->4423K(4608K)
[2025-04-17T10:59:13.054+0000][752.884s][info][gc             ] GC(510) Pause Young (Allocation Failure) 23M->14M(31M) 1.273ms
[2025-04-17T10:59:13.054+0000][752.884s][info][gc,cpu         ] GC(510) User=0.00s Sys=0.00s Real=0.00s
[2025-04-17T10:59:14.439+0000][754.269s][info][gc,start       ] GC(511) Pause Young (Allocation Failure)
[2025-04-17T10:59:14.440+0000][754.271s][info][gc,heap        ] GC(511) DefNew: 9169K(10176K)->80K(10176K) Eden: 9087K(9088K)->0K(9088K) From: 81K(1088K)->80K(1088K)
[2025-04-17T10:59:14.440+0000][754.271s][info][gc,heap        ] GC(511) Tenured: 14525K(22468K)->14527K(22468K)
[2025-04-17T10:59:14.440+0000][754.271s][info][gc,metaspace   ] GC(511) Metaspace: 37378K(37760K)->37378K(37760K) NonClass: 32954K(33152K)->32954K(33152K) Class: 4423K(4608K)->4423K(4608K)
[2025-04-17T10:59:14.440+0000][754.271s][info][gc             ] GC(511) Pause Young (Allocation Failure) 23M->14M(31M) 1.251ms
[2025-04-17T10:59:14.440+0000][754.271s][info][gc,cpu         ] GC(511) User=0.00s Sys=0.00s Real=0.00s
[2025-04-17T10:59:16.256+0000][756.086s][info][gc,start       ] GC(512) Pause Young (Allocation Failure)
[2025-04-17T10:59:16.257+0000][756.087s][info][gc,heap        ] GC(512) DefNew: 9168K(10176K)->94K(10176K) Eden: 9088K(9088K)->0K(9088K) From: 80K(1088K)->94K(1088K)
[2025-04-17T10:59:16.257+0000][756.087s][info][gc,heap        ] GC(512) Tenured: 14527K(22468K)->14527K(22468K)
[2025-04-17T10:59:16.257+0000][756.087s][info][gc,metaspace   ] GC(512) Metaspace: 37378K(37760K)->37378K(37760K) NonClass: 32954K(33152K)->32954K(33152K) Class: 4423K(4608K)->4423K(4608K)
[2025-04-17T10:59:16.257+0000][756.087s][info][gc             ] GC(512) Pause Young (Allocation Failure) 23M->14M(31M) 1.326ms
[2025-04-17T10:59:16.257+0000][756.087s][info][gc,cpu         ] GC(512) User=0.01s Sys=0.00s Real=0.00s
[2025-04-17T10:59:17.787+0000][757.617s][info][gc,start       ] GC(513) Pause Young (Allocation Failure)
[2025-04-17T10:59:17.788+0000][757.618s][info][gc,heap        ] GC(513) DefNew: 9182K(10176K)->106K(10176K) Eden: 9088K(9088K)->0K(9088K) From: 94K(1088K)->106K(1088K)
[2025-04-17T10:59:17.788+0000][757.618s][info][gc,heap        ] GC(513) Tenured: 14527K(22468K)->14527K(22468K)
[2025-04-17T10:59:17.788+0000][757.618s][info][gc,metaspace   ] GC(513) Metaspace: 37378K(37760K)->37378K(37760K) NonClass: 32954K(33152K)->32954K(33152K) Class: 4423K(4608K)->4423K(4608K)
[2025-04-17T10:59:17.788+0000][757.618s][info][gc             ] GC(513) Pause Young (Allocation Failure) 23M->14M(31M) 1.220ms
[2025-04-17T10:59:17.788+0000][757.619s][info][gc,cpu         ] GC(513) User=0.00s Sys=0.00s Real=0.00s
[2025-04-17T10:59:19.127+0000][758.957s][info][gc,start       ] GC(514) Pause Young (Allocation Failure)
[2025-04-17T10:59:19.129+0000][758.959s][info][gc,heap        ] GC(514) DefNew: 9194K(10176K)->84K(10176K) Eden: 9088K(9088K)->0K(9088K) From: 106K(1088K)->84K(1088K)
[2025-04-17T10:59:19.129+0000][758.959s][info][gc,heap        ] GC(514) Tenured: 14527K(22468K)->14527K(22468K)
[2025-04-17T10:59:19.129+0000][758.959s][info][gc,metaspace   ] GC(514) Metaspace: 37378K(37760K)->37378K(37760K) NonClass: 32954K(33152K)->32954K(33152K) Class: 4423K(4608K)->4423K(4608K)
[2025-04-17T10:59:19.129+0000][758.959s][info][gc             ] GC(514) Pause Young (Allocation Failure) 23M->14M(31M) 1.293ms
[2025-04-17T10:59:19.129+0000][758.959s][info][gc,cpu         ] GC(514) User=0.00s Sys=0.00s Real=0.00s
[2025-04-17T10:59:20.536+0000][760.366s][info][gc,start       ] GC(515) Pause Young (Allocation Failure)
[2025-04-17T10:59:20.537+0000][760.368s][info][gc,heap        ] GC(515) DefNew: 9172K(10176K)->94K(10176K) Eden: 9088K(9088K)->0K(9088K) From: 84K(1088K)->94K(1088K)
[2025-04-17T10:59:20.537+0000][760.368s][info][gc,heap        ] GC(515) Tenured: 14527K(22468K)->14529K(22468K)
[2025-04-17T10:59:20.537+0000][760.368s][info][gc,metaspace   ] GC(515) Metaspace: 37378K(37760K)->37378K(37760K) NonClass: 32954K(33152K)->32954K(33152K) Class: 4423K(4608K)->4423K(4608K)
[2025-04-17T10:59:20.537+0000][760.368s][info][gc             ] GC(515) Pause Young (Allocation Failure) 23M->14M(31M) 1.137ms
[2025-04-17T10:59:20.537+0000][760.368s][info][gc,cpu         ] GC(515) User=0.00s Sys=0.00s Real=0.00s
[2025-04-17T10:59:22.127+0000][761.957s][info][gc,start       ] GC(516) Pause Young (Allocation Failure)
[2025-04-17T10:59:22.128+0000][761.958s][info][gc,heap        ] GC(516) DefNew: 9182K(10176K)->79K(10176K) Eden: 9088K(9088K)->0K(9088K) From: 94K(1088K)->79K(1088K)
[2025-04-17T10:59:22.128+0000][761.958s][info][gc,heap        ] GC(516) Tenured: 14529K(22468K)->14531K(22468K)
[2025-04-17T10:59:22.128+0000][761.958s][info][gc,metaspace   ] GC(516) Metaspace: 37378K(37760K)->37378K(37760K) NonClass: 32954K(33152K)->32954K(33152K) Class: 4423K(4608K)->4423K(4608K)
[2025-04-17T10:59:22.128+0000][761.958s][info][gc             ] GC(516) Pause Young (Allocation Failure) 23M->14M(31M) 1.207ms
[2025-04-17T10:59:22.128+0000][761.958s][info][gc,cpu         ] GC(516) User=0.00s Sys=0.00s Real=0.00s
[2025-04-17T10:59:23.607+0000][763.437s][info][gc,start       ] GC(517) Pause Young (Allocation Failure)
[2025-04-17T10:59:23.608+0000][763.439s][info][gc,heap        ] GC(517) DefNew: 9167K(10176K)->76K(10176K) Eden: 9088K(9088K)->0K(9088K) From: 79K(1088K)->76K(1088K)
[2025-04-17T10:59:23.609+0000][763.439s][info][gc,heap        ] GC(517) Tenured: 14531K(22468K)->14531K(22468K)
[2025-04-17T10:59:23.609+0000][763.439s][info][gc,metaspace   ] GC(517) Metaspace: 37378K(37760K)->37378K(37760K) NonClass: 32954K(33152K)->32954K(33152K) Class: 4423K(4608K)->4423K(4608K)
[2025-04-17T10:59:23.609+0000][763.439s][info][gc             ] GC(517) Pause Young (Allocation Failure) 23M->14M(31M) 1.287ms
[2025-04-17T10:59:23.609+0000][763.439s][info][gc,cpu         ] GC(517) User=0.00s Sys=0.00s Real=0.00s
[2025-04-17T10:59:25.250+0000][765.081s][info][gc,start       ] GC(518) Pause Young (Allocation Failure)
[2025-04-17T10:59:25.252+0000][765.082s][info][gc,heap        ] GC(518) DefNew: 9164K(10176K)->75K(10176K) Eden: 9088K(9088K)->0K(9088K) From: 76K(1088K)->75K(1088K)
[2025-04-17T10:59:25.252+0000][765.082s][info][gc,heap        ] GC(518) Tenured: 14531K(22468K)->14531K(22468K)
[2025-04-17T10:59:25.252+0000][765.082s][info][gc,metaspace   ] GC(518) Metaspace: 37378K(37760K)->37378K(37760K) NonClass: 32954K(33152K)->32954K(33152K) Class: 4423K(4608K)->4423K(4608K)
[2025-04-17T10:59:25.252+0000][765.082s][info][gc             ] GC(518) Pause Young (Allocation Failure) 23M->14M(31M) 1.279ms
[2025-04-17T10:59:25.252+0000][765.082s][info][gc,cpu         ] GC(518) User=0.00s Sys=0.00s Real=0.00s
[2025-04-17T10:59:26.696+0000][766.526s][info][gc,start       ] GC(519) Pause Young (Allocation Failure)
[2025-04-17T10:59:26.697+0000][766.527s][info][gc,heap        ] GC(519) DefNew: 9163K(10176K)->91K(10176K) Eden: 9088K(9088K)->0K(9088K) From: 75K(1088K)->91K(1088K)
[2025-04-17T10:59:26.697+0000][766.528s][info][gc,heap        ] GC(519) Tenured: 14531K(22468K)->14531K(22468K)
[2025-04-17T10:59:26.697+0000][766.528s][info][gc,metaspace   ] GC(519) Metaspace: 37378K(37760K)->37378K(37760K) NonClass: 32954K(33152K)->32954K(33152K) Class: 4423K(4608K)->4423K(4608K)
[2025-04-17T10:59:26.697+0000][766.528s][info][gc             ] GC(519) Pause Young (Allocation Failure) 23M->14M(31M) 1.202ms
[2025-04-17T10:59:26.697+0000][766.528s][info][gc,cpu         ] GC(519) User=0.00s Sys=0.00s Real=0.00s
[2025-04-17T10:59:28.295+0000][768.125s][info][gc,start       ] GC(520) Pause Young (Allocation Failure)
[2025-04-17T10:59:28.296+0000][768.126s][info][gc,heap        ] GC(520) DefNew: 9179K(10176K)->74K(10176K) Eden: 9088K(9088K)->0K(9088K) From: 91K(1088K)->74K(1088K)
[2025-04-17T10:59:28.296+0000][768.126s][info][gc,heap        ] GC(520) Tenured: 14531K(22468K)->14532K(22468K)
[2025-04-17T10:59:28.296+0000][768.126s][info][gc,metaspace   ] GC(520) Metaspace: 37378K(37760K)->37378K(37760K) NonClass: 32954K(33152K)->32954K(33152K) Class: 4423K(4608K)->4423K(4608K)
[2025-04-17T10:59:28.296+0000][768.126s][info][gc             ] GC(520) Pause Young (Allocation Failure) 23M->14M(31M) 1.162ms
[2025-04-17T10:59:28.296+0000][768.126s][info][gc,cpu         ] GC(520) User=0.00s Sys=0.00s Real=0.00s
[2025-04-17T10:59:29.794+0000][769.625s][info][gc,start       ] GC(521) Pause Young (Allocation Failure)
[2025-04-17T10:59:29.796+0000][769.626s][info][gc,heap        ] GC(521) DefNew: 9162K(10176K)->74K(10176K) Eden: 9088K(9088K)->0K(9088K) From: 74K(1088K)->74K(1088K)
[2025-04-17T10:59:29.796+0000][769.626s][info][gc,heap        ] GC(521) Tenured: 14532K(22468K)->14534K(22468K)
[2025-04-17T10:59:29.796+0000][769.626s][info][gc,metaspace   ] GC(521) Metaspace: 37378K(37760K)->37378K(37760K) NonClass: 32954K(33152K)->32954K(33152K) Class: 4423K(4608K)->4423K(4608K)
[2025-04-17T10:59:29.796+0000][769.626s][info][gc             ] GC(521) Pause Young (Allocation Failure) 23M->14M(31M) 1.184ms
[2025-04-17T10:59:29.796+0000][769.626s][info][gc,cpu         ] GC(521) User=0.00s Sys=0.00s Real=0.00s
[2025-04-17T10:59:31.587+0000][771.417s][info][gc,start       ] GC(522) Pause Young (Allocation Failure)
[2025-04-17T10:59:31.588+0000][771.418s][info][gc,heap        ] GC(522) DefNew: 9162K(10176K)->93K(10176K) Eden: 9088K(9088K)->0K(9088K) From: 74K(1088K)->93K(1088K)
[2025-04-17T10:59:31.588+0000][771.418s][info][gc,heap        ] GC(522) Tenured: 14534K(22468K)->14534K(22468K)
[2025-04-17T10:59:31.588+0000][771.418s][info][gc,metaspace   ] GC(522) Metaspace: 37378K(37760K)->37378K(37760K) NonClass: 32954K(33152K)->32954K(33152K) Class: 4423K(4608K)->4423K(4608K)
[2025-04-17T10:59:31.588+0000][771.418s][info][gc             ] GC(522) Pause Young (Allocation Failure) 23M->14M(31M) 1.760ms
[2025-04-17T10:59:31.588+0000][771.418s][info][gc,cpu         ] GC(522) User=0.00s Sys=0.00s Real=0.00s
[2025-04-17T10:59:33.236+0000][773.066s][info][gc,start       ] GC(523) Pause Young (Allocation Failure)
[2025-04-17T10:59:33.237+0000][773.067s][info][gc,heap        ] GC(523) DefNew: 9181K(10176K)->83K(10176K) Eden: 9088K(9088K)->0K(9088K) From: 93K(1088K)->83K(1088K)
[2025-04-17T10:59:33.237+0000][773.067s][info][gc,heap        ] GC(523) Tenured: 14534K(22468K)->14534K(22468K)
[2025-04-17T10:59:33.237+0000][773.067s][info][gc,metaspace   ] GC(523) Metaspace: 37378K(37760K)->37378K(37760K) NonClass: 32954K(33152K)->32954K(33152K) Class: 4423K(4608K)->4423K(4608K)
[2025-04-17T10:59:33.237+0000][773.067s][info][gc             ] GC(523) Pause Young (Allocation Failure) 23M->14M(31M) 1.283ms
[2025-04-17T10:59:33.237+0000][773.067s][info][gc,cpu         ] GC(523) User=0.00s Sys=0.00s Real=0.00s
[2025-04-17T10:59:34.523+0000][774.353s][info][gc,start       ] GC(524) Pause Young (Allocation Failure)
[2025-04-17T10:59:34.524+0000][774.354s][info][gc,heap        ] GC(524) DefNew: 9171K(10176K)->74K(10176K) Eden: 9088K(9088K)->0K(9088K) From: 83K(1088K)->74K(1088K)
[2025-04-17T10:59:34.524+0000][774.354s][info][gc,heap        ] GC(524) Tenured: 14534K(22468K)->14534K(22468K)
[2025-04-17T10:59:34.524+0000][774.354s][info][gc,metaspace   ] GC(524) Metaspace: 37378K(37760K)->37378K(37760K) NonClass: 32954K(33152K)->32954K(33152K) Class: 4423K(4608K)->4423K(4608K)
[2025-04-17T10:59:34.524+0000][774.354s][info][gc             ] GC(524) Pause Young (Allocation Failure) 23M->14M(31M) 1.293ms
[2025-04-17T10:59:34.524+0000][774.354s][info][gc,cpu         ] GC(524) User=0.01s Sys=0.00s Real=0.00s
[2025-04-17T10:59:36.399+0000][776.230s][info][gc,start       ] GC(525) Pause Young (Allocation Failure)
[2025-04-17T10:59:36.401+0000][776.231s][info][gc,heap        ] GC(525) DefNew: 9162K(10176K)->73K(10176K) Eden: 9087K(9088K)->0K(9088K) From: 74K(1088K)->73K(1088K)
[2025-04-17T10:59:36.401+0000][776.231s][info][gc,heap        ] GC(525) Tenured: 14534K(22468K)->14534K(22468K)
[2025-04-17T10:59:36.401+0000][776.231s][info][gc,metaspace   ] GC(525) Metaspace: 37389K(37760K)->37389K(37760K) NonClass: 32966K(33152K)->32966K(33152K) Class: 4423K(4608K)->4423K(4608K)
[2025-04-17T10:59:36.401+0000][776.231s][info][gc             ] GC(525) Pause Young (Allocation Failure) 23M->14M(31M) 1.322ms
[2025-04-17T10:59:36.401+0000][776.231s][info][gc,cpu         ] GC(525) User=0.00s Sys=0.00s Real=0.00s
[2025-04-17T10:59:38.010+0000][777.840s][info][gc,start       ] GC(526) Pause Young (Allocation Failure)
[2025-04-17T10:59:38.011+0000][777.841s][info][gc,heap        ] GC(526) DefNew: 9161K(10176K)->85K(10176K) Eden: 9088K(9088K)->0K(9088K) From: 73K(1088K)->85K(1088K)
[2025-04-17T10:59:38.011+0000][777.841s][info][gc,heap        ] GC(526) Tenured: 14534K(22468K)->14534K(22468K)
[2025-04-17T10:59:38.011+0000][777.841s][info][gc,metaspace   ] GC(526) Metaspace: 37389K(37760K)->37389K(37760K) NonClass: 32966K(33152K)->32966K(33152K) Class: 4423K(4608K)->4423K(4608K)
[2025-04-17T10:59:38.011+0000][777.841s][info][gc             ] GC(526) Pause Young (Allocation Failure) 23M->14M(31M) 1.301ms
[2025-04-17T10:59:38.011+0000][777.841s][info][gc,cpu         ] GC(526) User=0.00s Sys=0.00s Real=0.00s
[2025-04-17T10:59:39.527+0000][779.357s][info][gc,start       ] GC(527) Pause Young (Allocation Failure)
[2025-04-17T10:59:39.528+0000][779.358s][info][gc,heap        ] GC(527) DefNew: 9173K(10176K)->77K(10176K) Eden: 9088K(9088K)->0K(9088K) From: 85K(1088K)->77K(1088K)
[2025-04-17T10:59:39.528+0000][779.358s][info][gc,heap        ] GC(527) Tenured: 14534K(22468K)->14534K(22468K)
[2025-04-17T10:59:39.528+0000][779.358s][info][gc,metaspace   ] GC(527) Metaspace: 37389K(37760K)->37389K(37760K) NonClass: 32966K(33152K)->32966K(33152K) Class: 4423K(4608K)->4423K(4608K)
[2025-04-17T10:59:39.528+0000][779.358s][info][gc             ] GC(527) Pause Young (Allocation Failure) 23M->14M(31M) 1.164ms
[2025-04-17T10:59:39.528+0000][779.358s][info][gc,cpu         ] GC(527) User=0.00s Sys=0.00s Real=0.00s
[2025-04-17T10:59:40.979+0000][780.809s][info][gc,start       ] GC(528) Pause Young (Allocation Failure)
[2025-04-17T10:59:40.980+0000][780.810s][info][gc,heap        ] GC(528) DefNew: 9165K(10176K)->84K(10176K) Eden: 9088K(9088K)->0K(9088K) From: 77K(1088K)->84K(1088K)
[2025-04-17T10:59:40.980+0000][780.810s][info][gc,heap        ] GC(528) Tenured: 14534K(22468K)->14534K(22468K)
[2025-04-17T10:59:40.980+0000][780.810s][info][gc,metaspace   ] GC(528) Metaspace: 37389K(37760K)->37389K(37760K) NonClass: 32966K(33152K)->32966K(33152K) Class: 4423K(4608K)->4423K(4608K)
[2025-04-17T10:59:40.980+0000][780.810s][info][gc             ] GC(528) Pause Young (Allocation Failure) 23M->14M(31M) 1.340ms
[2025-04-17T10:59:40.980+0000][780.810s][info][gc,cpu         ] GC(528) User=0.00s Sys=0.00s Real=0.00s
[2025-04-17T10:59:42.549+0000][782.379s][info][gc,start       ] GC(529) Pause Young (Allocation Failure)
[2025-04-17T10:59:42.550+0000][782.380s][info][gc,heap        ] GC(529) DefNew: 9172K(10176K)->88K(10176K) Eden: 9088K(9088K)->0K(9088K) From: 84K(1088K)->88K(1088K)
[2025-04-17T10:59:42.550+0000][782.380s][info][gc,heap        ] GC(529) Tenured: 14534K(22468K)->14535K(22468K)
[2025-04-17T10:59:42.550+0000][782.380s][info][gc,metaspace   ] GC(529) Metaspace: 37389K(37760K)->37389K(37760K) NonClass: 32966K(33152K)->32966K(33152K) Class: 4423K(4608K)->4423K(4608K)
[2025-04-17T10:59:42.550+0000][782.380s][info][gc             ] GC(529) Pause Young (Allocation Failure) 23M->14M(31M) 1.284ms
[2025-04-17T10:59:42.550+0000][782.380s][info][gc,cpu         ] GC(529) User=0.00s Sys=0.00s Real=0.00s
[2025-04-17T10:59:44.124+0000][783.954s][info][gc,start       ] GC(530) Pause Young (Allocation Failure)
[2025-04-17T10:59:44.125+0000][783.955s][info][gc,heap        ] GC(530) DefNew: 9176K(10176K)->85K(10176K) Eden: 9088K(9088K)->0K(9088K) From: 88K(1088K)->85K(1088K)
[2025-04-17T10:59:44.125+0000][783.955s][info][gc,heap        ] GC(530) Tenured: 14535K(22468K)->14535K(22468K)
[2025-04-17T10:59:44.125+0000][783.955s][info][gc,metaspace   ] GC(530) Metaspace: 37389K(37760K)->37389K(37760K) NonClass: 32966K(33152K)->32966K(33152K) Class: 4423K(4608K)->4423K(4608K)
[2025-04-17T10:59:44.125+0000][783.955s][info][gc             ] GC(530) Pause Young (Allocation Failure) 23M->14M(31M) 1.293ms
[2025-04-17T10:59:44.125+0000][783.955s][info][gc,cpu         ] GC(530) User=0.01s Sys=0.00s Real=0.01s
[2025-04-17T10:59:45.614+0000][785.444s][info][gc,start       ] GC(531) Pause Young (Allocation Failure)
[2025-04-17T10:59:45.615+0000][785.446s][info][gc,heap        ] GC(531) DefNew: 9173K(10176K)->73K(10176K) Eden: 9088K(9088K)->0K(9088K) From: 85K(1088K)->73K(1088K)
[2025-04-17T10:59:45.615+0000][785.446s][info][gc,heap        ] GC(531) Tenured: 14535K(22468K)->14535K(22468K)
[2025-04-17T10:59:45.616+0000][785.446s][info][gc,metaspace   ] GC(531) Metaspace: 37389K(37760K)->37389K(37760K) NonClass: 32966K(33152K)->32966K(33152K) Class: 4423K(4608K)->4423K(4608K)
[2025-04-17T10:59:45.616+0000][785.446s][info][gc             ] GC(531) Pause Young (Allocation Failure) 23M->14M(31M) 1.246ms
[2025-04-17T10:59:45.616+0000][785.446s][info][gc,cpu         ] GC(531) User=0.00s Sys=0.00s Real=0.00s
[2025-04-17T10:59:47.200+0000][787.030s][info][gc,start       ] GC(532) Pause Young (Allocation Failure)
[2025-04-17T10:59:47.201+0000][787.031s][info][gc,heap        ] GC(532) DefNew: 9161K(10176K)->71K(10176K) Eden: 9088K(9088K)->0K(9088K) From: 73K(1088K)->71K(1088K)
[2025-04-17T10:59:47.201+0000][787.031s][info][gc,heap        ] GC(532) Tenured: 14535K(22468K)->14535K(22468K)
[2025-04-17T10:59:47.201+0000][787.031s][info][gc,metaspace   ] GC(532) Metaspace: 37389K(37760K)->37389K(37760K) NonClass: 32966K(33152K)->32966K(33152K) Class: 4423K(4608K)->4423K(4608K)
[2025-04-17T10:59:47.201+0000][787.031s][info][gc             ] GC(532) Pause Young (Allocation Failure) 23M->14M(31M) 1.278ms
[2025-04-17T10:59:47.201+0000][787.031s][info][gc,cpu         ] GC(532) User=0.00s Sys=0.00s Real=0.00s
[2025-04-17T10:59:48.998+0000][788.828s][info][gc,start       ] GC(533) Pause Young (Allocation Failure)
[2025-04-17T10:59:48.999+0000][788.829s][info][gc,heap        ] GC(533) DefNew: 9159K(10176K)->89K(10176K) Eden: 9088K(9088K)->0K(9088K) From: 71K(1088K)->89K(1088K)
[2025-04-17T10:59:48.999+0000][788.829s][info][gc,heap        ] GC(533) Tenured: 14535K(22468K)->14535K(22468K)
[2025-04-17T10:59:48.999+0000][788.829s][info][gc,metaspace   ] GC(533) Metaspace: 37389K(37760K)->37389K(37760K) NonClass: 32966K(33152K)->32966K(33152K) Class: 4423K(4608K)->4423K(4608K)
[2025-04-17T10:59:48.999+0000][788.829s][info][gc             ] GC(533) Pause Young (Allocation Failure) 23M->14M(31M) 1.276ms
[2025-04-17T10:59:48.999+0000][788.829s][info][gc,cpu         ] GC(533) User=0.00s Sys=0.00s Real=0.00s
[2025-04-17T10:59:50.457+0000][790.287s][info][gc,start       ] GC(534) Pause Young (Allocation Failure)
[2025-04-17T10:59:50.458+0000][790.288s][info][gc,heap        ] GC(534) DefNew: 9177K(10176K)->62K(10176K) Eden: 9088K(9088K)->0K(9088K) From: 89K(1088K)->62K(1088K)
[2025-04-17T10:59:50.458+0000][790.288s][info][gc,heap        ] GC(534) Tenured: 14535K(22468K)->14535K(22468K)
[2025-04-17T10:59:50.458+0000][790.288s][info][gc,metaspace   ] GC(534) Metaspace: 37389K(37760K)->37389K(37760K) NonClass: 32966K(33152K)->32966K(33152K) Class: 4423K(4608K)->4423K(4608K)
[2025-04-17T10:59:50.458+0000][790.288s][info][gc             ] GC(534) Pause Young (Allocation Failure) 23M->14M(31M) 1.238ms
[2025-04-17T10:59:50.458+0000][790.288s][info][gc,cpu         ] GC(534) User=0.00s Sys=0.00s Real=0.00s
[2025-04-17T10:59:52.134+0000][791.964s][info][gc,start       ] GC(535) Pause Young (Allocation Failure)
[2025-04-17T10:59:52.135+0000][791.965s][info][gc,heap        ] GC(535) DefNew: 9150K(10176K)->73K(10176K) Eden: 9088K(9088K)->0K(9088K) From: 62K(1088K)->73K(1088K)
[2025-04-17T10:59:52.135+0000][791.965s][info][gc,heap        ] GC(535) Tenured: 14535K(22468K)->14535K(22468K)
[2025-04-17T10:59:52.135+0000][791.965s][info][gc,metaspace   ] GC(535) Metaspace: 37389K(37760K)->37389K(37760K) NonClass: 32966K(33152K)->32966K(33152K) Class: 4423K(4608K)->4423K(4608K)
[2025-04-17T10:59:52.135+0000][791.965s][info][gc             ] GC(535) Pause Young (Allocation Failure) 23M->14M(31M) 1.244ms
[2025-04-17T10:59:52.135+0000][791.965s][info][gc,cpu         ] GC(535) User=0.00s Sys=0.00s Real=0.01s
[2025-04-17T10:59:53.642+0000][793.472s][info][gc,start       ] GC(536) Pause Young (Allocation Failure)
[2025-04-17T10:59:53.643+0000][793.473s][info][gc,heap        ] GC(536) DefNew: 9161K(10176K)->78K(10176K) Eden: 9088K(9088K)->0K(9088K) From: 73K(1088K)->78K(1088K)
[2025-04-17T10:59:53.643+0000][793.473s][info][gc,heap        ] GC(536) Tenured: 14535K(22468K)->14535K(22468K)
[2025-04-17T10:59:53.643+0000][793.473s][info][gc,metaspace   ] GC(536) Metaspace: 37389K(37760K)->37389K(37760K) NonClass: 32966K(33152K)->32966K(33152K) Class: 4423K(4608K)->4423K(4608K)
[2025-04-17T10:59:53.643+0000][793.473s][info][gc             ] GC(536) Pause Young (Allocation Failure) 23M->14M(31M) 1.191ms
[2025-04-17T10:59:53.643+0000][793.473s][info][gc,cpu         ] GC(536) User=0.00s Sys=0.00s Real=0.00s
[2025-04-17T10:59:55.216+0000][795.046s][info][gc,start       ] GC(537) Pause Young (Allocation Failure)
[2025-04-17T10:59:55.217+0000][795.047s][info][gc,heap        ] GC(537) DefNew: 9166K(10176K)->88K(10176K) Eden: 9087K(9088K)->0K(9088K) From: 78K(1088K)->88K(1088K)
[2025-04-17T10:59:55.217+0000][795.047s][info][gc,heap        ] GC(537) Tenured: 14535K(22468K)->14536K(22468K)
[2025-04-17T10:59:55.217+0000][795.047s][info][gc,metaspace   ] GC(537) Metaspace: 37389K(37760K)->37389K(37760K) NonClass: 32966K(33152K)->32966K(33152K) Class: 4423K(4608K)->4423K(4608K)
[2025-04-17T10:59:55.217+0000][795.047s][info][gc             ] GC(537) Pause Young (Allocation Failure) 23M->14M(31M) 1.280ms
[2025-04-17T10:59:55.217+0000][795.047s][info][gc,cpu         ] GC(537) User=0.00s Sys=0.00s Real=0.00s
[2025-04-17T10:59:56.838+0000][796.668s][info][gc,start       ] GC(538) Pause Young (Allocation Failure)
[2025-04-17T10:59:56.839+0000][796.669s][info][gc,heap        ] GC(538) DefNew: 9166K(10176K)->75K(10176K) Eden: 9077K(9088K)->0K(9088K) From: 88K(1088K)->75K(1088K)
[2025-04-17T10:59:56.839+0000][796.669s][info][gc,heap        ] GC(538) Tenured: 14536K(22468K)->14536K(22468K)
[2025-04-17T10:59:56.839+0000][796.669s][info][gc,metaspace   ] GC(538) Metaspace: 37389K(37760K)->37389K(37760K) NonClass: 32966K(33152K)->32966K(33152K) Class: 4423K(4608K)->4423K(4608K)
[2025-04-17T10:59:56.839+0000][796.669s][info][gc             ] GC(538) Pause Young (Allocation Failure) 23M->14M(31M) 1.140ms
[2025-04-17T10:59:56.839+0000][796.669s][info][gc,cpu         ] GC(538) User=0.00s Sys=0.00s Real=0.00s
[2025-04-17T10:59:58.229+0000][798.059s][info][gc,start       ] GC(539) Pause Young (Allocation Failure)
[2025-04-17T10:59:58.230+0000][798.060s][info][gc,heap        ] GC(539) DefNew: 9163K(10176K)->79K(10176K) Eden: 9088K(9088K)->0K(9088K) From: 75K(1088K)->79K(1088K)
[2025-04-17T10:59:58.230+0000][798.060s][info][gc,heap        ] GC(539) Tenured: 14536K(22468K)->14536K(22468K)
[2025-04-17T10:59:58.230+0000][798.060s][info][gc,metaspace   ] GC(539) Metaspace: 37389K(37760K)->37389K(37760K) NonClass: 32966K(33152K)->32966K(33152K) Class: 4423K(4608K)->4423K(4608K)
[2025-04-17T10:59:58.230+0000][798.060s][info][gc             ] GC(539) Pause Young (Allocation Failure) 23M->14M(31M) 1.344ms
[2025-04-17T10:59:58.230+0000][798.060s][info][gc,cpu         ] GC(539) User=0.01s Sys=0.00s Real=0.00s
[2025-04-17T10:59:59.893+0000][799.723s][info][gc,start       ] GC(540) Pause Young (Allocation Failure)
[2025-04-17T10:59:59.894+0000][799.724s][info][gc,heap        ] GC(540) DefNew: 9167K(10176K)->88K(10176K) Eden: 9088K(9088K)->0K(9088K) From: 79K(1088K)->88K(1088K)
[2025-04-17T10:59:59.894+0000][799.724s][info][gc,heap        ] GC(540) Tenured: 14536K(22468K)->14536K(22468K)
[2025-04-17T10:59:59.894+0000][799.724s][info][gc,metaspace   ] GC(540) Metaspace: 37389K(37760K)->37389K(37760K) NonClass: 32966K(33152K)->32966K(33152K) Class: 4423K(4608K)->4423K(4608K)
[2025-04-17T10:59:59.894+0000][799.724s][info][gc             ] GC(540) Pause Young (Allocation Failure) 23M->14M(31M) 1.228ms
[2025-04-17T10:59:59.894+0000][799.724s][info][gc,cpu         ] GC(540) User=0.00s Sys=0.00s Real=0.01s
[2025-04-17T11:00:01.401+0000][801.231s][info][gc,start       ] GC(541) Pause Young (Allocation Failure)
[2025-04-17T11:00:01.403+0000][801.233s][info][gc,heap        ] GC(541) DefNew: 9176K(10176K)->73K(10176K) Eden: 9088K(9088K)->0K(9088K) From: 88K(1088K)->73K(1088K)
[2025-04-17T11:00:01.403+0000][801.233s][info][gc,heap        ] GC(541) Tenured: 14536K(22468K)->14536K(22468K)
[2025-04-17T11:00:01.403+0000][801.233s][info][gc,metaspace   ] GC(541) Metaspace: 37389K(37760K)->37389K(37760K) NonClass: 32966K(33152K)->32966K(33152K) Class: 4423K(4608K)->4423K(4608K)
[2025-04-17T11:00:01.403+0000][801.233s][info][gc             ] GC(541) Pause Young (Allocation Failure) 23M->14M(31M) 1.224ms
[2025-04-17T11:00:01.403+0000][801.233s][info][gc,cpu         ] GC(541) User=0.00s Sys=0.00s Real=0.00s
[2025-04-17T11:00:03.039+0000][802.869s][info][gc,start       ] GC(542) Pause Young (Allocation Failure)
[2025-04-17T11:00:03.041+0000][802.871s][info][gc,heap        ] GC(542) DefNew: 9161K(10176K)->72K(10176K) Eden: 9088K(9088K)->0K(9088K) From: 73K(1088K)->72K(1088K)
[2025-04-17T11:00:03.041+0000][802.871s][info][gc,heap        ] GC(542) Tenured: 14536K(22468K)->14536K(22468K)
[2025-04-17T11:00:03.041+0000][802.871s][info][gc,metaspace   ] GC(542) Metaspace: 37389K(37760K)->37389K(37760K) NonClass: 32966K(33152K)->32966K(33152K) Class: 4423K(4608K)->4423K(4608K)
[2025-04-17T11:00:03.041+0000][802.871s][info][gc             ] GC(542) Pause Young (Allocation Failure) 23M->14M(31M) 1.631ms
[2025-04-17T11:00:03.041+0000][802.871s][info][gc,cpu         ] GC(542) User=0.00s Sys=0.00s Real=0.00s
[2025-04-17T11:00:04.385+0000][804.216s][info][gc,start       ] GC(543) Pause Young (Allocation Failure)
[2025-04-17T11:00:04.387+0000][804.217s][info][gc,heap        ] GC(543) DefNew: 9160K(10176K)->71K(10176K) Eden: 9088K(9088K)->0K(9088K) From: 72K(1088K)->71K(1088K)
[2025-04-17T11:00:04.387+0000][804.217s][info][gc,heap        ] GC(543) Tenured: 14536K(22468K)->14536K(22468K)
[2025-04-17T11:00:04.387+0000][804.217s][info][gc,metaspace   ] GC(543) Metaspace: 37389K(37760K)->37389K(37760K) NonClass: 32966K(33152K)->32966K(33152K) Class: 4423K(4608K)->4423K(4608K)
[2025-04-17T11:00:04.387+0000][804.217s][info][gc             ] GC(543) Pause Young (Allocation Failure) 23M->14M(31M) 1.228ms
[2025-04-17T11:00:04.387+0000][804.217s][info][gc,cpu         ] GC(543) User=0.00s Sys=0.00s Real=0.00s
[2025-04-17T11:00:06.180+0000][806.010s][info][gc,start       ] GC(544) Pause Young (Allocation Failure)
[2025-04-17T11:00:06.181+0000][806.011s][info][gc,heap        ] GC(544) DefNew: 9159K(10176K)->83K(10176K) Eden: 9087K(9088K)->0K(9088K) From: 71K(1088K)->83K(1088K)
[2025-04-17T11:00:06.181+0000][806.011s][info][gc,heap        ] GC(544) Tenured: 14536K(22468K)->14536K(22468K)
[2025-04-17T11:00:06.181+0000][806.011s][info][gc,metaspace   ] GC(544) Metaspace: 37389K(37760K)->37389K(37760K) NonClass: 32966K(33152K)->32966K(33152K) Class: 4423K(4608K)->4423K(4608K)
[2025-04-17T11:00:06.181+0000][806.012s][info][gc             ] GC(544) Pause Young (Allocation Failure) 23M->14M(31M) 1.243ms
[2025-04-17T11:00:06.181+0000][806.012s][info][gc,cpu         ] GC(544) User=0.00s Sys=0.00s Real=0.00s
[2025-04-17T11:00:07.865+0000][807.695s][info][gc,start       ] GC(545) Pause Young (Allocation Failure)
[2025-04-17T11:00:07.866+0000][807.696s][info][gc,heap        ] GC(545) DefNew: 9171K(10176K)->72K(10176K) Eden: 9088K(9088K)->0K(9088K) From: 83K(1088K)->72K(1088K)
[2025-04-17T11:00:07.866+0000][807.696s][info][gc,heap        ] GC(545) Tenured: 14536K(22468K)->14536K(22468K)
[2025-04-17T11:00:07.866+0000][807.696s][info][gc,metaspace   ] GC(545) Metaspace: 37389K(37760K)->37389K(37760K) NonClass: 32966K(33152K)->32966K(33152K) Class: 4423K(4608K)->4423K(4608K)
[2025-04-17T11:00:07.866+0000][807.696s][info][gc             ] GC(545) Pause Young (Allocation Failure) 23M->14M(31M) 1.198ms
[2025-04-17T11:00:07.866+0000][807.696s][info][gc,cpu         ] GC(545) User=0.00s Sys=0.00s Real=0.00s
[2025-04-17T11:00:09.262+0000][809.092s][info][gc,start       ] GC(546) Pause Young (Allocation Failure)
[2025-04-17T11:00:09.263+0000][809.093s][info][gc,heap        ] GC(546) DefNew: 9160K(10176K)->78K(10176K) Eden: 9088K(9088K)->0K(9088K) From: 72K(1088K)->78K(1088K)
[2025-04-17T11:00:09.263+0000][809.093s][info][gc,heap        ] GC(546) Tenured: 14536K(22468K)->14536K(22468K)
[2025-04-17T11:00:09.263+0000][809.093s][info][gc,metaspace   ] GC(546) Metaspace: 37389K(37760K)->37389K(37760K) NonClass: 32966K(33152K)->32966K(33152K) Class: 4423K(4608K)->4423K(4608K)
[2025-04-17T11:00:09.263+0000][809.093s][info][gc             ] GC(546) Pause Young (Allocation Failure) 23M->14M(31M) 1.263ms
[2025-04-17T11:00:09.263+0000][809.093s][info][gc,cpu         ] GC(546) User=0.00s Sys=0.00s Real=0.00s
[2025-04-17T11:00:10.744+0000][810.574s][info][gc,start       ] GC(547) Pause Young (Allocation Failure)
[2025-04-17T11:00:10.745+0000][810.575s][info][gc,heap        ] GC(547) DefNew: 9166K(10176K)->88K(10176K) Eden: 9088K(9088K)->0K(9088K) From: 78K(1088K)->88K(1088K)
[2025-04-17T11:00:10.745+0000][810.575s][info][gc,heap        ] GC(547) Tenured: 14536K(22468K)->14536K(22468K)
[2025-04-17T11:00:10.745+0000][810.575s][info][gc,metaspace   ] GC(547) Metaspace: 37389K(37760K)->37389K(37760K) NonClass: 32966K(33152K)->32966K(33152K) Class: 4423K(4608K)->4423K(4608K)
[2025-04-17T11:00:10.745+0000][810.575s][info][gc             ] GC(547) Pause Young (Allocation Failure) 23M->14M(31M) 1.282ms
[2025-04-17T11:00:10.745+0000][810.575s][info][gc,cpu         ] GC(547) User=0.00s Sys=0.00s Real=0.01s
[2025-04-17T11:00:12.430+0000][812.260s][info][gc,start       ] GC(548) Pause Young (Allocation Failure)
[2025-04-17T11:00:12.431+0000][812.261s][info][gc,heap        ] GC(548) DefNew: 9176K(10176K)->84K(10176K) Eden: 9088K(9088K)->0K(9088K) From: 88K(1088K)->84K(1088K)
[2025-04-17T11:00:12.431+0000][812.261s][info][gc,heap        ] GC(548) Tenured: 14536K(22468K)->14536K(22468K)
[2025-04-17T11:00:12.431+0000][812.261s][info][gc,metaspace   ] GC(548) Metaspace: 37389K(37760K)->37389K(37760K) NonClass: 32966K(33152K)->32966K(33152K) Class: 4423K(4608K)->4423K(4608K)
[2025-04-17T11:00:12.431+0000][812.261s][info][gc             ] GC(548) Pause Young (Allocation Failure) 23M->14M(31M) 1.339ms
[2025-04-17T11:00:12.431+0000][812.261s][info][gc,cpu         ] GC(548) User=0.00s Sys=0.00s Real=0.00s
[2025-04-17T11:00:13.914+0000][813.745s][info][gc,start       ] GC(549) Pause Young (Allocation Failure)
[2025-04-17T11:00:13.916+0000][813.746s][info][gc,heap        ] GC(549) DefNew: 9163K(10176K)->75K(10176K) Eden: 9079K(9088K)->0K(9088K) From: 84K(1088K)->75K(1088K)
[2025-04-17T11:00:13.916+0000][813.746s][info][gc,heap        ] GC(549) Tenured: 14536K(22468K)->14536K(22468K)
[2025-04-17T11:00:13.916+0000][813.746s][info][gc,metaspace   ] GC(549) Metaspace: 37389K(37760K)->37389K(37760K) NonClass: 32966K(33152K)->32966K(33152K) Class: 4423K(4608K)->4423K(4608K)
[2025-04-17T11:00:13.916+0000][813.746s][info][gc             ] GC(549) Pause Young (Allocation Failure) 23M->14M(31M) 1.313ms
[2025-04-17T11:00:13.916+0000][813.746s][info][gc,cpu         ] GC(549) User=0.00s Sys=0.00s Real=0.00s
[2025-04-17T11:00:15.408+0000][815.238s][info][gc,start       ] GC(550) Pause Young (Allocation Failure)
[2025-04-17T11:00:15.409+0000][815.239s][info][gc,heap        ] GC(550) DefNew: 9163K(10176K)->77K(10176K) Eden: 9088K(9088K)->0K(9088K) From: 75K(1088K)->77K(1088K)
[2025-04-17T11:00:15.409+0000][815.239s][info][gc,heap        ] GC(550) Tenured: 14536K(22468K)->14536K(22468K)
[2025-04-17T11:00:15.409+0000][815.239s][info][gc,metaspace   ] GC(550) Metaspace: 37391K(37760K)->37391K(37760K) NonClass: 32966K(33152K)->32966K(33152K) Class: 4425K(4608K)->4425K(4608K)
[2025-04-17T11:00:15.409+0000][815.239s][info][gc             ] GC(550) Pause Young (Allocation Failure) 23M->14M(31M) 1.416ms
[2025-04-17T11:00:15.409+0000][815.239s][info][gc,cpu         ] GC(550) User=0.00s Sys=0.00s Real=0.00s
[2025-04-17T11:00:17.237+0000][817.067s][info][gc,start       ] GC(551) Pause Young (Allocation Failure)
[2025-04-17T11:00:17.238+0000][817.068s][info][gc,heap        ] GC(551) DefNew: 9165K(10176K)->87K(10176K) Eden: 9088K(9088K)->0K(9088K) From: 77K(1088K)->87K(1088K)
[2025-04-17T11:00:17.238+0000][817.068s][info][gc,heap        ] GC(551) Tenured: 14536K(22468K)->14536K(22468K)
[2025-04-17T11:00:17.238+0000][817.068s][info][gc,metaspace   ] GC(551) Metaspace: 37391K(37760K)->37391K(37760K) NonClass: 32966K(33152K)->32966K(33152K) Class: 4425K(4608K)->4425K(4608K)
[2025-04-17T11:00:17.238+0000][817.068s][info][gc             ] GC(551) Pause Young (Allocation Failure) 23M->14M(31M) 1.365ms
[2025-04-17T11:00:17.238+0000][817.068s][info][gc,cpu         ] GC(551) User=0.00s Sys=0.00s Real=0.00s
[2025-04-17T11:00:18.864+0000][818.694s][info][gc,start       ] GC(552) Pause Young (Allocation Failure)
[2025-04-17T11:00:18.865+0000][818.695s][info][gc,heap        ] GC(552) DefNew: 9175K(10176K)->91K(10176K) Eden: 9088K(9088K)->0K(9088K) From: 87K(1088K)->91K(1088K)
[2025-04-17T11:00:18.865+0000][818.695s][info][gc,heap        ] GC(552) Tenured: 14536K(22468K)->14536K(22468K)
[2025-04-17T11:00:18.865+0000][818.695s][info][gc,metaspace   ] GC(552) Metaspace: 37391K(37760K)->37391K(37760K) NonClass: 32966K(33152K)->32966K(33152K) Class: 4425K(4608K)->4425K(4608K)
[2025-04-17T11:00:18.865+0000][818.695s][info][gc             ] GC(552) Pause Young (Allocation Failure) 23M->14M(31M) 1.384ms
[2025-04-17T11:00:18.865+0000][818.695s][info][gc,cpu         ] GC(552) User=0.00s Sys=0.00s Real=0.01s
[2025-04-17T11:00:20.401+0000][820.231s][info][gc,start       ] GC(553) Pause Young (Allocation Failure)
[2025-04-17T11:00:20.403+0000][820.233s][info][gc,heap        ] GC(553) DefNew: 9176K(10176K)->82K(10176K) Eden: 9084K(9088K)->0K(9088K) From: 91K(1088K)->82K(1088K)
[2025-04-17T11:00:20.403+0000][820.233s][info][gc,heap        ] GC(553) Tenured: 14536K(22468K)->14536K(22468K)
[2025-04-17T11:00:20.403+0000][820.233s][info][gc,metaspace   ] GC(553) Metaspace: 37391K(37760K)->37391K(37760K) NonClass: 32966K(33152K)->32966K(33152K) Class: 4425K(4608K)->4425K(4608K)
[2025-04-17T11:00:20.403+0000][820.233s][info][gc             ] GC(553) Pause Young (Allocation Failure) 23M->14M(31M) 1.347ms
[2025-04-17T11:00:20.403+0000][820.233s][info][gc,cpu         ] GC(553) User=0.00s Sys=0.00s Real=0.00s
[2025-04-17T11:00:22.004+0000][821.834s][info][gc,start       ] GC(554) Pause Young (Allocation Failure)
[2025-04-17T11:00:22.005+0000][821.835s][info][gc,heap        ] GC(554) DefNew: 9169K(10176K)->93K(10176K) Eden: 9086K(9088K)->0K(9088K) From: 82K(1088K)->93K(1088K)
[2025-04-17T11:00:22.005+0000][821.835s][info][gc,heap        ] GC(554) Tenured: 14536K(22468K)->14536K(22468K)
[2025-04-17T11:00:22.005+0000][821.835s][info][gc,metaspace   ] GC(554) Metaspace: 37391K(37760K)->37391K(37760K) NonClass: 32966K(33152K)->32966K(33152K) Class: 4425K(4608K)->4425K(4608K)
[2025-04-17T11:00:22.005+0000][821.835s][info][gc             ] GC(554) Pause Young (Allocation Failure) 23M->14M(31M) 1.411ms
[2025-04-17T11:00:22.005+0000][821.835s][info][gc,cpu         ] GC(554) User=0.00s Sys=0.00s Real=0.01s
[2025-04-17T11:00:23.713+0000][823.543s][info][gc,start       ] GC(555) Pause Young (Allocation Failure)
[2025-04-17T11:00:23.714+0000][823.544s][info][gc,heap        ] GC(555) DefNew: 9181K(10176K)->80K(10176K) Eden: 9088K(9088K)->0K(9088K) From: 93K(1088K)->80K(1088K)
[2025-04-17T11:00:23.714+0000][823.544s][info][gc,heap        ] GC(555) Tenured: 14536K(22468K)->14536K(22468K)
[2025-04-17T11:00:23.714+0000][823.544s][info][gc,metaspace   ] GC(555) Metaspace: 37391K(37760K)->37391K(37760K) NonClass: 32966K(33152K)->32966K(33152K) Class: 4425K(4608K)->4425K(4608K)
[2025-04-17T11:00:23.714+0000][823.544s][info][gc             ] GC(555) Pause Young (Allocation Failure) 23M->14M(31M) 1.314ms
[2025-04-17T11:00:23.714+0000][823.544s][info][gc,cpu         ] GC(555) User=0.00s Sys=0.00s Real=0.01s
[2025-04-17T11:00:25.191+0000][825.021s][info][gc,start       ] GC(556) Pause Young (Allocation Failure)
[2025-04-17T11:00:25.193+0000][825.023s][info][gc,heap        ] GC(556) DefNew: 9168K(10176K)->90K(10176K) Eden: 9088K(9088K)->0K(9088K) From: 80K(1088K)->90K(1088K)
[2025-04-17T11:00:25.193+0000][825.023s][info][gc,heap        ] GC(556) Tenured: 14536K(22468K)->14536K(22468K)
[2025-04-17T11:00:25.193+0000][825.023s][info][gc,metaspace   ] GC(556) Metaspace: 37391K(37760K)->37391K(37760K) NonClass: 32966K(33152K)->32966K(33152K) Class: 4425K(4608K)->4425K(4608K)
[2025-04-17T11:00:25.193+0000][825.023s][info][gc             ] GC(556) Pause Young (Allocation Failure) 23M->14M(31M) 1.364ms
[2025-04-17T11:00:25.193+0000][825.023s][info][gc,cpu         ] GC(556) User=0.00s Sys=0.00s Real=0.00s
[2025-04-17T11:00:26.595+0000][826.425s][info][gc,start       ] GC(557) Pause Young (Allocation Failure)
[2025-04-17T11:00:26.596+0000][826.426s][info][gc,heap        ] GC(557) DefNew: 9178K(10176K)->82K(10176K) Eden: 9088K(9088K)->0K(9088K) From: 90K(1088K)->82K(1088K)
[2025-04-17T11:00:26.596+0000][826.426s][info][gc,heap        ] GC(557) Tenured: 14536K(22468K)->14536K(22468K)
[2025-04-17T11:00:26.596+0000][826.426s][info][gc,metaspace   ] GC(557) Metaspace: 37391K(37760K)->37391K(37760K) NonClass: 32966K(33152K)->32966K(33152K) Class: 4425K(4608K)->4425K(4608K)
[2025-04-17T11:00:26.596+0000][826.426s][info][gc             ] GC(557) Pause Young (Allocation Failure) 23M->14M(31M) 1.152ms
[2025-04-17T11:00:26.596+0000][826.426s][info][gc,cpu         ] GC(557) User=0.01s Sys=0.00s Real=0.00s
[2025-04-17T11:00:28.295+0000][828.125s][info][gc,start       ] GC(558) Pause Young (Allocation Failure)
[2025-04-17T11:00:28.296+0000][828.127s][info][gc,heap        ] GC(558) DefNew: 9170K(10176K)->77K(10176K) Eden: 9088K(9088K)->0K(9088K) From: 82K(1088K)->77K(1088K)
[2025-04-17T11:00:28.296+0000][828.127s][info][gc,heap        ] GC(558) Tenured: 14536K(22468K)->14536K(22468K)
[2025-04-17T11:00:28.296+0000][828.127s][info][gc,metaspace   ] GC(558) Metaspace: 37391K(37760K)->37391K(37760K) NonClass: 32966K(33152K)->32966K(33152K) Class: 4425K(4608K)->4425K(4608K)
[2025-04-17T11:00:28.296+0000][828.127s][info][gc             ] GC(558) Pause Young (Allocation Failure) 23M->14M(31M) 1.341ms
[2025-04-17T11:00:28.297+0000][828.127s][info][gc,cpu         ] GC(558) User=0.00s Sys=0.00s Real=0.00s
[2025-04-17T11:00:29.827+0000][829.658s][info][gc,start       ] GC(559) Pause Young (Allocation Failure)
[2025-04-17T11:00:29.829+0000][829.659s][info][gc,heap        ] GC(559) DefNew: 9165K(10176K)->72K(10176K) Eden: 9088K(9088K)->0K(9088K) From: 77K(1088K)->72K(1088K)
[2025-04-17T11:00:29.829+0000][829.659s][info][gc,heap        ] GC(559) Tenured: 14536K(22468K)->14536K(22468K)
[2025-04-17T11:00:29.829+0000][829.659s][info][gc,metaspace   ] GC(559) Metaspace: 37391K(37760K)->37391K(37760K) NonClass: 32966K(33152K)->32966K(33152K) Class: 4425K(4608K)->4425K(4608K)
[2025-04-17T11:00:29.829+0000][829.659s][info][gc             ] GC(559) Pause Young (Allocation Failure) 23M->14M(31M) 1.431ms
[2025-04-17T11:00:29.829+0000][829.659s][info][gc,cpu         ] GC(559) User=0.00s Sys=0.00s Real=0.00s
[2025-04-17T11:00:31.314+0000][831.145s][info][gc,start       ] GC(560) Pause Young (Allocation Failure)
[2025-04-17T11:00:31.316+0000][831.146s][info][gc,heap        ] GC(560) DefNew: 9160K(10176K)->90K(10176K) Eden: 9088K(9088K)->0K(9088K) From: 72K(1088K)->90K(1088K)
[2025-04-17T11:00:31.316+0000][831.146s][info][gc,heap        ] GC(560) Tenured: 14536K(22468K)->14536K(22468K)
[2025-04-17T11:00:31.316+0000][831.146s][info][gc,metaspace   ] GC(560) Metaspace: 37391K(37760K)->37391K(37760K) NonClass: 32966K(33152K)->32966K(33152K) Class: 4425K(4608K)->4425K(4608K)
[2025-04-17T11:00:31.316+0000][831.146s][info][gc             ] GC(560) Pause Young (Allocation Failure) 23M->14M(31M) 1.372ms
[2025-04-17T11:00:31.316+0000][831.146s][info][gc,cpu         ] GC(560) User=0.00s Sys=0.00s Real=0.00s
[2025-04-17T11:00:33.183+0000][833.013s][info][gc,start       ] GC(561) Pause Young (Allocation Failure)
[2025-04-17T11:00:33.184+0000][833.014s][info][gc,heap        ] GC(561) DefNew: 9178K(10176K)->82K(10176K) Eden: 9088K(9088K)->0K(9088K) From: 90K(1088K)->82K(1088K)
[2025-04-17T11:00:33.184+0000][833.014s][info][gc,heap        ] GC(561) Tenured: 14536K(22468K)->14536K(22468K)
[2025-04-17T11:00:33.184+0000][833.014s][info][gc,metaspace   ] GC(561) Metaspace: 37391K(37760K)->37391K(37760K) NonClass: 32966K(33152K)->32966K(33152K) Class: 4425K(4608K)->4425K(4608K)
[2025-04-17T11:00:33.184+0000][833.014s][info][gc             ] GC(561) Pause Young (Allocation Failure) 23M->14M(31M) 1.370ms
[2025-04-17T11:00:33.184+0000][833.014s][info][gc,cpu         ] GC(561) User=0.01s Sys=0.00s Real=0.00s
[2025-04-17T11:00:34.694+0000][834.524s][info][gc,start       ] GC(562) Pause Young (Allocation Failure)
[2025-04-17T11:00:34.695+0000][834.526s][info][gc,heap        ] GC(562) DefNew: 9170K(10176K)->78K(10176K) Eden: 9088K(9088K)->0K(9088K) From: 82K(1088K)->78K(1088K)
[2025-04-17T11:00:34.695+0000][834.526s][info][gc,heap        ] GC(562) Tenured: 14536K(22468K)->14536K(22468K)
[2025-04-17T11:00:34.695+0000][834.526s][info][gc,metaspace   ] GC(562) Metaspace: 37391K(37760K)->37391K(37760K) NonClass: 32966K(33152K)->32966K(33152K) Class: 4425K(4608K)->4425K(4608K)
[2025-04-17T11:00:34.696+0000][834.526s][info][gc             ] GC(562) Pause Young (Allocation Failure) 23M->14M(31M) 1.283ms
[2025-04-17T11:00:34.696+0000][834.526s][info][gc,cpu         ] GC(562) User=0.00s Sys=0.00s Real=0.00s
[2025-04-17T11:00:36.145+0000][835.975s][info][gc,start       ] GC(563) Pause Young (Allocation Failure)
[2025-04-17T11:00:36.146+0000][835.976s][info][gc,heap        ] GC(563) DefNew: 9166K(10176K)->76K(10176K) Eden: 9088K(9088K)->0K(9088K) From: 78K(1088K)->76K(1088K)
[2025-04-17T11:00:36.146+0000][835.976s][info][gc,heap        ] GC(563) Tenured: 14536K(22468K)->14536K(22468K)
[2025-04-17T11:00:36.146+0000][835.976s][info][gc,metaspace   ] GC(563) Metaspace: 37391K(37760K)->37391K(37760K) NonClass: 32966K(33152K)->32966K(33152K) Class: 4425K(4608K)->4425K(4608K)
[2025-04-17T11:00:36.146+0000][835.976s][info][gc             ] GC(563) Pause Young (Allocation Failure) 23M->14M(31M) 1.380ms
[2025-04-17T11:00:36.146+0000][835.976s][info][gc,cpu         ] GC(563) User=0.00s Sys=0.00s Real=0.00s
[2025-04-17T11:00:37.735+0000][837.565s][info][gc,start       ] GC(564) Pause Young (Allocation Failure)
[2025-04-17T11:00:37.736+0000][837.566s][info][gc,heap        ] GC(564) DefNew: 9164K(10176K)->92K(10176K) Eden: 9087K(9088K)->0K(9088K) From: 76K(1088K)->92K(1088K)
[2025-04-17T11:00:37.736+0000][837.566s][info][gc,heap        ] GC(564) Tenured: 14536K(22468K)->14536K(22468K)
[2025-04-17T11:00:37.736+0000][837.566s][info][gc,metaspace   ] GC(564) Metaspace: 37391K(37760K)->37391K(37760K) NonClass: 32966K(33152K)->32966K(33152K) Class: 4425K(4608K)->4425K(4608K)
[2025-04-17T11:00:37.736+0000][837.566s][info][gc             ] GC(564) Pause Young (Allocation Failure) 23M->14M(31M) 1.269ms
[2025-04-17T11:00:37.736+0000][837.566s][info][gc,cpu         ] GC(564) User=0.00s Sys=0.00s Real=0.00s
[2025-04-17T11:00:39.374+0000][839.204s][info][gc,start       ] GC(565) Pause Young (Allocation Failure)
[2025-04-17T11:00:39.375+0000][839.206s][info][gc,heap        ] GC(565) DefNew: 9180K(10176K)->71K(10176K) Eden: 9088K(9088K)->0K(9088K) From: 92K(1088K)->71K(1088K)
[2025-04-17T11:00:39.375+0000][839.206s][info][gc,heap        ] GC(565) Tenured: 14536K(22468K)->14538K(22468K)
[2025-04-17T11:00:39.375+0000][839.206s][info][gc,metaspace   ] GC(565) Metaspace: 37391K(37760K)->37391K(37760K) NonClass: 32966K(33152K)->32966K(33152K) Class: 4425K(4608K)->4425K(4608K)
[2025-04-17T11:00:39.375+0000][839.206s][info][gc             ] GC(565) Pause Young (Allocation Failure) 23M->14M(31M) 1.270ms
[2025-04-17T11:00:39.375+0000][839.206s][info][gc,cpu         ] GC(565) User=0.00s Sys=0.00s Real=0.00s
[2025-04-17T11:00:41.240+0000][841.070s][info][gc,start       ] GC(566) Pause Young (Allocation Failure)
[2025-04-17T11:00:41.242+0000][841.072s][info][gc,heap        ] GC(566) DefNew: 9159K(10176K)->73K(10176K) Eden: 9088K(9088K)->0K(9088K) From: 71K(1088K)->73K(1088K)
[2025-04-17T11:00:41.242+0000][841.072s][info][gc,heap        ] GC(566) Tenured: 14538K(22468K)->14538K(22468K)
[2025-04-17T11:00:41.242+0000][841.072s][info][gc,metaspace   ] GC(566) Metaspace: 37391K(37760K)->37391K(37760K) NonClass: 32966K(33152K)->32966K(33152K) Class: 4425K(4608K)->4425K(4608K)
[2025-04-17T11:00:41.242+0000][841.072s][info][gc             ] GC(566) Pause Young (Allocation Failure) 23M->14M(31M) 1.336ms
[2025-04-17T11:00:41.242+0000][841.072s][info][gc,cpu         ] GC(566) User=0.00s Sys=0.00s Real=0.00s
[2025-04-17T11:00:42.648+0000][842.479s][info][gc,start       ] GC(567) Pause Young (Allocation Failure)
[2025-04-17T11:00:42.650+0000][842.480s][info][gc,heap        ] GC(567) DefNew: 9161K(10176K)->88K(10176K) Eden: 9087K(9088K)->0K(9088K) From: 73K(1088K)->88K(1088K)
[2025-04-17T11:00:42.650+0000][842.480s][info][gc,heap        ] GC(567) Tenured: 14538K(22468K)->14538K(22468K)
[2025-04-17T11:00:42.650+0000][842.480s][info][gc,metaspace   ] GC(567) Metaspace: 37391K(37760K)->37391K(37760K) NonClass: 32966K(33152K)->32966K(33152K) Class: 4425K(4608K)->4425K(4608K)
[2025-04-17T11:00:42.650+0000][842.480s][info][gc             ] GC(567) Pause Young (Allocation Failure) 23M->14M(31M) 1.271ms
[2025-04-17T11:00:42.650+0000][842.480s][info][gc,cpu         ] GC(567) User=0.00s Sys=0.00s Real=0.00s
[2025-04-17T11:00:44.393+0000][844.223s][info][gc,start       ] GC(568) Pause Young (Allocation Failure)
[2025-04-17T11:00:44.394+0000][844.224s][info][gc,heap        ] GC(568) DefNew: 9176K(10176K)->82K(10176K) Eden: 9088K(9088K)->0K(9088K) From: 88K(1088K)->82K(1088K)
[2025-04-17T11:00:44.394+0000][844.224s][info][gc,heap        ] GC(568) Tenured: 14538K(22468K)->14538K(22468K)
[2025-04-17T11:00:44.394+0000][844.224s][info][gc,metaspace   ] GC(568) Metaspace: 37391K(37760K)->37391K(37760K) NonClass: 32966K(33152K)->32966K(33152K) Class: 4425K(4608K)->4425K(4608K)
[2025-04-17T11:00:44.394+0000][844.224s][info][gc             ] GC(568) Pause Young (Allocation Failure) 23M->14M(31M) 1.309ms
[2025-04-17T11:00:44.394+0000][844.224s][info][gc,cpu         ] GC(568) User=0.00s Sys=0.00s Real=0.01s
[2025-04-17T11:00:45.813+0000][845.643s][info][gc,start       ] GC(569) Pause Young (Allocation Failure)
[2025-04-17T11:00:45.814+0000][845.645s][info][gc,heap        ] GC(569) DefNew: 9170K(10176K)->76K(10176K) Eden: 9088K(9088K)->0K(9088K) From: 82K(1088K)->76K(1088K)
[2025-04-17T11:00:45.814+0000][845.645s][info][gc,heap        ] GC(569) Tenured: 14538K(22468K)->14538K(22468K)
[2025-04-17T11:00:45.814+0000][845.645s][info][gc,metaspace   ] GC(569) Metaspace: 37391K(37760K)->37391K(37760K) NonClass: 32966K(33152K)->32966K(33152K) Class: 4425K(4608K)->4425K(4608K)
[2025-04-17T11:00:45.814+0000][845.645s][info][gc             ] GC(569) Pause Young (Allocation Failure) 23M->14M(31M) 1.291ms
[2025-04-17T11:00:45.814+0000][845.645s][info][gc,cpu         ] GC(569) User=0.01s Sys=0.00s Real=0.01s
[2025-04-17T11:00:47.600+0000][847.430s][info][gc,start       ] GC(570) Pause Young (Allocation Failure)
[2025-04-17T11:00:47.601+0000][847.431s][info][gc,heap        ] GC(570) DefNew: 9164K(10176K)->74K(10176K) Eden: 9088K(9088K)->0K(9088K) From: 76K(1088K)->74K(1088K)
[2025-04-17T11:00:47.601+0000][847.431s][info][gc,heap        ] GC(570) Tenured: 14538K(22468K)->14538K(22468K)
[2025-04-17T11:00:47.601+0000][847.431s][info][gc,metaspace   ] GC(570) Metaspace: 37391K(37760K)->37391K(37760K) NonClass: 32966K(33152K)->32966K(33152K) Class: 4425K(4608K)->4425K(4608K)
[2025-04-17T11:00:47.601+0000][847.431s][info][gc             ] GC(570) Pause Young (Allocation Failure) 23M->14M(31M) 1.309ms
[2025-04-17T11:00:47.601+0000][847.431s][info][gc,cpu         ] GC(570) User=0.01s Sys=0.00s Real=0.00s
[2025-04-17T11:00:49.192+0000][849.022s][info][gc,start       ] GC(571) Pause Young (Allocation Failure)
[2025-04-17T11:00:49.193+0000][849.023s][info][gc,heap        ] GC(571) DefNew: 9162K(10176K)->90K(10176K) Eden: 9088K(9088K)->0K(9088K) From: 74K(1088K)->90K(1088K)
[2025-04-17T11:00:49.193+0000][849.023s][info][gc,heap        ] GC(571) Tenured: 14538K(22468K)->14538K(22468K)
[2025-04-17T11:00:49.193+0000][849.023s][info][gc,metaspace   ] GC(571) Metaspace: 37391K(37760K)->37391K(37760K) NonClass: 32966K(33152K)->32966K(33152K) Class: 4425K(4608K)->4425K(4608K)
[2025-04-17T11:00:49.193+0000][849.023s][info][gc             ] GC(571) Pause Young (Allocation Failure) 23M->14M(31M) 1.290ms
[2025-04-17T11:00:49.193+0000][849.023s][info][gc,cpu         ] GC(571) User=0.00s Sys=0.00s Real=0.00s
[2025-04-17T11:00:50.603+0000][850.433s][info][gc,start       ] GC(572) Pause Young (Allocation Failure)
[2025-04-17T11:00:50.604+0000][850.434s][info][gc,heap        ] GC(572) DefNew: 9178K(10176K)->88K(10176K) Eden: 9087K(9088K)->0K(9088K) From: 90K(1088K)->88K(1088K)
[2025-04-17T11:00:50.604+0000][850.434s][info][gc,heap        ] GC(572) Tenured: 14538K(22468K)->14538K(22468K)
[2025-04-17T11:00:50.604+0000][850.434s][info][gc,metaspace   ] GC(572) Metaspace: 37391K(37760K)->37391K(37760K) NonClass: 32966K(33152K)->32966K(33152K) Class: 4425K(4608K)->4425K(4608K)
[2025-04-17T11:00:50.604+0000][850.434s][info][gc             ] GC(572) Pause Young (Allocation Failure) 23M->14M(31M) 1.227ms
[2025-04-17T11:00:50.604+0000][850.434s][info][gc,cpu         ] GC(572) User=0.00s Sys=0.00s Real=0.01s
[2025-04-17T11:00:52.198+0000][852.029s][info][gc,start       ] GC(573) Pause Young (Allocation Failure)
[2025-04-17T11:00:52.200+0000][852.030s][info][gc,heap        ] GC(573) DefNew: 9176K(10176K)->80K(10176K) Eden: 9088K(9088K)->0K(9088K) From: 88K(1088K)->80K(1088K)
[2025-04-17T11:00:52.200+0000][852.030s][info][gc,heap        ] GC(573) Tenured: 14538K(22468K)->14538K(22468K)
[2025-04-17T11:00:52.200+0000][852.030s][info][gc,metaspace   ] GC(573) Metaspace: 37391K(37760K)->37391K(37760K) NonClass: 32966K(33152K)->32966K(33152K) Class: 4425K(4608K)->4425K(4608K)
[2025-04-17T11:00:52.200+0000][852.030s][info][gc             ] GC(573) Pause Young (Allocation Failure) 23M->14M(31M) 1.262ms
[2025-04-17T11:00:52.200+0000][852.030s][info][gc,cpu         ] GC(573) User=0.00s Sys=0.00s Real=0.00s
[2025-04-17T11:00:53.729+0000][853.559s][info][gc,start       ] GC(574) Pause Young (Allocation Failure)
[2025-04-17T11:00:53.730+0000][853.560s][info][gc,heap        ] GC(574) DefNew: 9168K(10176K)->77K(10176K) Eden: 9088K(9088K)->0K(9088K) From: 80K(1088K)->77K(1088K)
[2025-04-17T11:00:53.730+0000][853.561s][info][gc,heap        ] GC(574) Tenured: 14538K(22468K)->14538K(22468K)
[2025-04-17T11:00:53.730+0000][853.561s][info][gc,metaspace   ] GC(574) Metaspace: 37391K(37760K)->37391K(37760K) NonClass: 32966K(33152K)->32966K(33152K) Class: 4425K(4608K)->4425K(4608K)
[2025-04-17T11:00:53.730+0000][853.561s][info][gc             ] GC(574) Pause Young (Allocation Failure) 23M->14M(31M) 1.215ms
[2025-04-17T11:00:53.730+0000][853.561s][info][gc,cpu         ] GC(574) User=0.00s Sys=0.00s Real=0.00s
[2025-04-17T11:00:55.065+0000][854.895s][info][gc,start       ] GC(575) Pause Young (Allocation Failure)
[2025-04-17T11:00:55.066+0000][854.896s][info][gc,heap        ] GC(575) DefNew: 9165K(10176K)->99K(10176K) Eden: 9088K(9088K)->0K(9088K) From: 77K(1088K)->99K(1088K)
[2025-04-17T11:00:55.066+0000][854.896s][info][gc,heap        ] GC(575) Tenured: 14538K(22468K)->14538K(22468K)
[2025-04-17T11:00:55.066+0000][854.896s][info][gc,metaspace   ] GC(575) Metaspace: 37391K(37760K)->37391K(37760K) NonClass: 32966K(33152K)->32966K(33152K) Class: 4425K(4608K)->4425K(4608K)
[2025-04-17T11:00:55.066+0000][854.896s][info][gc             ] GC(575) Pause Young (Allocation Failure) 23M->14M(31M) 1.271ms
[2025-04-17T11:00:55.066+0000][854.896s][info][gc,cpu         ] GC(575) User=0.00s Sys=0.00s Real=0.00s
[2025-04-17T11:00:56.768+0000][856.598s][info][gc,start       ] GC(576) Pause Young (Allocation Failure)
[2025-04-17T11:00:56.769+0000][856.600s][info][gc,heap        ] GC(576) DefNew: 9182K(10176K)->87K(10176K) Eden: 9082K(9088K)->0K(9088K) From: 99K(1088K)->87K(1088K)
[2025-04-17T11:00:56.769+0000][856.600s][info][gc,heap        ] GC(576) Tenured: 14538K(22468K)->14538K(22468K)
[2025-04-17T11:00:56.769+0000][856.600s][info][gc,metaspace   ] GC(576) Metaspace: 37391K(37760K)->37391K(37760K) NonClass: 32966K(33152K)->32966K(33152K) Class: 4425K(4608K)->4425K(4608K)
[2025-04-17T11:00:56.769+0000][856.600s][info][gc             ] GC(576) Pause Young (Allocation Failure) 23M->14M(31M) 1.150ms
[2025-04-17T11:00:56.770+0000][856.600s][info][gc,cpu         ] GC(576) User=0.00s Sys=0.00s Real=0.00s
[2025-04-17T11:00:58.335+0000][858.165s][info][gc,start       ] GC(577) Pause Young (Allocation Failure)
[2025-04-17T11:00:58.336+0000][858.166s][info][gc,heap        ] GC(577) DefNew: 9175K(10176K)->95K(10176K) Eden: 9088K(9088K)->0K(9088K) From: 87K(1088K)->95K(1088K)
[2025-04-17T11:00:58.336+0000][858.166s][info][gc,heap        ] GC(577) Tenured: 14538K(22468K)->14538K(22468K)
[2025-04-17T11:00:58.336+0000][858.166s][info][gc,metaspace   ] GC(577) Metaspace: 37392K(37760K)->37392K(37760K) NonClass: 32966K(33152K)->32966K(33152K) Class: 4425K(4608K)->4425K(4608K)
[2025-04-17T11:00:58.336+0000][858.166s][info][gc             ] GC(577) Pause Young (Allocation Failure) 23M->14M(31M) 1.319ms
[2025-04-17T11:00:58.336+0000][858.166s][info][gc,cpu         ] GC(577) User=0.01s Sys=0.00s Real=0.00s
[2025-04-17T11:00:59.835+0000][859.665s][info][gc,start       ] GC(578) Pause Young (Allocation Failure)
[2025-04-17T11:00:59.836+0000][859.667s][info][gc,heap        ] GC(578) DefNew: 9183K(10176K)->99K(10176K) Eden: 9088K(9088K)->0K(9088K) From: 95K(1088K)->99K(1088K)
[2025-04-17T11:00:59.836+0000][859.667s][info][gc,heap        ] GC(578) Tenured: 14538K(22468K)->14540K(22468K)
[2025-04-17T11:00:59.836+0000][859.667s][info][gc,metaspace   ] GC(578) Metaspace: 37392K(37760K)->37392K(37760K) NonClass: 32966K(33152K)->32966K(33152K) Class: 4425K(4608K)->4425K(4608K)
[2025-04-17T11:00:59.836+0000][859.667s][info][gc             ] GC(578) Pause Young (Allocation Failure) 23M->14M(31M) 1.416ms
[2025-04-17T11:00:59.836+0000][859.667s][info][gc,cpu         ] GC(578) User=0.00s Sys=0.00s Real=0.00s
[2025-04-17T11:01:01.383+0000][861.213s][info][gc,start       ] GC(579) Pause Young (Allocation Failure)
[2025-04-17T11:01:01.384+0000][861.214s][info][gc,heap        ] GC(579) DefNew: 9187K(10176K)->97K(10176K) Eden: 9087K(9088K)->0K(9088K) From: 99K(1088K)->97K(1088K)
[2025-04-17T11:01:01.384+0000][861.214s][info][gc,heap        ] GC(579) Tenured: 14540K(22468K)->14540K(22468K)
[2025-04-17T11:01:01.384+0000][861.214s][info][gc,metaspace   ] GC(579) Metaspace: 37392K(37760K)->37392K(37760K) NonClass: 32966K(33152K)->32966K(33152K) Class: 4425K(4608K)->4425K(4608K)
[2025-04-17T11:01:01.384+0000][861.214s][info][gc             ] GC(579) Pause Young (Allocation Failure) 23M->14M(31M) 1.287ms
[2025-04-17T11:01:01.384+0000][861.214s][info][gc,cpu         ] GC(579) User=0.00s Sys=0.00s Real=0.00s
[2025-04-17T11:01:03.118+0000][862.948s][info][gc,start       ] GC(580) Pause Young (Allocation Failure)
[2025-04-17T11:01:03.120+0000][862.950s][info][gc,heap        ] GC(580) DefNew: 9178K(10176K)->87K(10176K) Eden: 9080K(9088K)->0K(9088K) From: 97K(1088K)->87K(1088K)
[2025-04-17T11:01:03.120+0000][862.950s][info][gc,heap        ] GC(580) Tenured: 14540K(22468K)->14540K(22468K)
[2025-04-17T11:01:03.120+0000][862.950s][info][gc,metaspace   ] GC(580) Metaspace: 37392K(37760K)->37392K(37760K) NonClass: 32966K(33152K)->32966K(33152K) Class: 4425K(4608K)->4425K(4608K)
[2025-04-17T11:01:03.120+0000][862.950s][info][gc             ] GC(580) Pause Young (Allocation Failure) 23M->14M(31M) 1.266ms
[2025-04-17T11:01:03.120+0000][862.950s][info][gc,cpu         ] GC(580) User=0.00s Sys=0.00s Real=0.00s
[2025-04-17T11:01:04.589+0000][864.419s][info][gc,start       ] GC(581) Pause Young (Allocation Failure)
[2025-04-17T11:01:04.590+0000][864.420s][info][gc,heap        ] GC(581) DefNew: 9175K(10176K)->91K(10176K) Eden: 9088K(9088K)->0K(9088K) From: 87K(1088K)->91K(1088K)
[2025-04-17T11:01:04.590+0000][864.420s][info][gc,heap        ] GC(581) Tenured: 14540K(22468K)->14540K(22468K)
[2025-04-17T11:01:04.590+0000][864.420s][info][gc,metaspace   ] GC(581) Metaspace: 37392K(37760K)->37392K(37760K) NonClass: 32966K(33152K)->32966K(33152K) Class: 4425K(4608K)->4425K(4608K)
[2025-04-17T11:01:04.590+0000][864.420s][info][gc             ] GC(581) Pause Young (Allocation Failure) 23M->14M(31M) 1.443ms
[2025-04-17T11:01:04.590+0000][864.420s][info][gc,cpu         ] GC(581) User=0.00s Sys=0.00s Real=0.00s
[2025-04-17T11:01:06.019+0000][865.849s][info][gc,start       ] GC(582) Pause Young (Allocation Failure)
[2025-04-17T11:01:06.020+0000][865.851s][info][gc,heap        ] GC(582) DefNew: 9179K(10176K)->83K(10176K) Eden: 9087K(9088K)->0K(9088K) From: 91K(1088K)->83K(1088K)
[2025-04-17T11:01:06.020+0000][865.851s][info][gc,heap        ] GC(582) Tenured: 14540K(22468K)->14540K(22468K)
[2025-04-17T11:01:06.020+0000][865.851s][info][gc,metaspace   ] GC(582) Metaspace: 37392K(37760K)->37392K(37760K) NonClass: 32966K(33152K)->32966K(33152K) Class: 4425K(4608K)->4425K(4608K)
[2025-04-17T11:01:06.020+0000][865.851s][info][gc             ] GC(582) Pause Young (Allocation Failure) 23M->14M(31M) 1.260ms
[2025-04-17T11:01:06.020+0000][865.851s][info][gc,cpu         ] GC(582) User=0.00s Sys=0.00s Real=0.00s
[2025-04-17T11:01:07.477+0000][867.308s][info][gc,start       ] GC(583) Pause Young (Allocation Failure)
[2025-04-17T11:01:07.479+0000][867.309s][info][gc,heap        ] GC(583) DefNew: 9169K(10176K)->93K(10176K) Eden: 9086K(9088K)->0K(9088K) From: 83K(1088K)->93K(1088K)
[2025-04-17T11:01:07.479+0000][867.309s][info][gc,heap        ] GC(583) Tenured: 14540K(22468K)->14540K(22468K)
[2025-04-17T11:01:07.479+0000][867.309s][info][gc,metaspace   ] GC(583) Metaspace: 37392K(37760K)->37392K(37760K) NonClass: 32966K(33152K)->32966K(33152K) Class: 4425K(4608K)->4425K(4608K)
[2025-04-17T11:01:07.479+0000][867.309s][info][gc             ] GC(583) Pause Young (Allocation Failure) 23M->14M(31M) 1.319ms
[2025-04-17T11:01:07.479+0000][867.309s][info][gc,cpu         ] GC(583) User=0.00s Sys=0.00s Real=0.00s
[2025-04-17T11:01:08.967+0000][868.797s][info][gc,start       ] GC(584) Pause Young (Allocation Failure)
[2025-04-17T11:01:08.968+0000][868.798s][info][gc,heap        ] GC(584) DefNew: 9181K(10176K)->86K(10176K) Eden: 9088K(9088K)->0K(9088K) From: 93K(1088K)->86K(1088K)
[2025-04-17T11:01:08.968+0000][868.798s][info][gc,heap        ] GC(584) Tenured: 14540K(22468K)->14540K(22468K)
[2025-04-17T11:01:08.968+0000][868.798s][info][gc,metaspace   ] GC(584) Metaspace: 37392K(37760K)->37392K(37760K) NonClass: 32966K(33152K)->32966K(33152K) Class: 4425K(4608K)->4425K(4608K)
[2025-04-17T11:01:08.968+0000][868.798s][info][gc             ] GC(584) Pause Young (Allocation Failure) 23M->14M(31M) 1.289ms
[2025-04-17T11:01:08.968+0000][868.798s][info][gc,cpu         ] GC(584) User=0.00s Sys=0.00s Real=0.00s
[2025-04-17T11:01:10.518+0000][870.348s][info][gc,start       ] GC(585) Pause Young (Allocation Failure)
[2025-04-17T11:01:10.519+0000][870.349s][info][gc,heap        ] GC(585) DefNew: 9174K(10176K)->94K(10176K) Eden: 9088K(9088K)->0K(9088K) From: 86K(1088K)->94K(1088K)
[2025-04-17T11:01:10.519+0000][870.349s][info][gc,heap        ] GC(585) Tenured: 14540K(22468K)->14540K(22468K)
[2025-04-17T11:01:10.519+0000][870.349s][info][gc,metaspace   ] GC(585) Metaspace: 37392K(37760K)->37392K(37760K) NonClass: 32966K(33152K)->32966K(33152K) Class: 4425K(4608K)->4425K(4608K)
[2025-04-17T11:01:10.519+0000][870.349s][info][gc             ] GC(585) Pause Young (Allocation Failure) 23M->14M(31M) 1.286ms
[2025-04-17T11:01:10.519+0000][870.349s][info][gc,cpu         ] GC(585) User=0.01s Sys=0.00s Real=0.00s
[2025-04-17T11:01:12.320+0000][872.150s][info][gc,start       ] GC(586) Pause Young (Allocation Failure)
[2025-04-17T11:01:12.321+0000][872.151s][info][gc,heap        ] GC(586) DefNew: 9182K(10176K)->101K(10176K) Eden: 9088K(9088K)->0K(9088K) From: 94K(1088K)->101K(1088K)
[2025-04-17T11:01:12.321+0000][872.151s][info][gc,heap        ] GC(586) Tenured: 14540K(22468K)->14540K(22468K)
[2025-04-17T11:01:12.321+0000][872.151s][info][gc,metaspace   ] GC(586) Metaspace: 37392K(37760K)->37392K(37760K) NonClass: 32966K(33152K)->32966K(33152K) Class: 4425K(4608K)->4425K(4608K)
[2025-04-17T11:01:12.321+0000][872.151s][info][gc             ] GC(586) Pause Young (Allocation Failure) 23M->14M(31M) 1.434ms
[2025-04-17T11:01:12.321+0000][872.151s][info][gc,cpu         ] GC(586) User=0.00s Sys=0.00s Real=0.00s
[2025-04-17T11:01:13.832+0000][873.662s][info][gc,start       ] GC(587) Pause Young (Allocation Failure)
[2025-04-17T11:01:13.833+0000][873.663s][info][gc,heap        ] GC(587) DefNew: 9189K(10176K)->85K(10176K) Eden: 9088K(9088K)->0K(9088K) From: 101K(1088K)->85K(1088K)
[2025-04-17T11:01:13.833+0000][873.663s][info][gc,heap        ] GC(587) Tenured: 14540K(22468K)->14542K(22468K)
[2025-04-17T11:01:13.833+0000][873.663s][info][gc,metaspace   ] GC(587) Metaspace: 37392K(37760K)->37392K(37760K) NonClass: 32966K(33152K)->32966K(33152K) Class: 4425K(4608K)->4425K(4608K)
[2025-04-17T11:01:13.833+0000][873.663s][info][gc             ] GC(587) Pause Young (Allocation Failure) 23M->14M(31M) 1.285ms
[2025-04-17T11:01:13.833+0000][873.663s][info][gc,cpu         ] GC(587) User=0.00s Sys=0.00s Real=0.00s
[2025-04-17T11:01:15.534+0000][875.364s][info][gc,start       ] GC(588) Pause Young (Allocation Failure)
[2025-04-17T11:01:15.535+0000][875.365s][info][gc,heap        ] GC(588) DefNew: 9173K(10176K)->84K(10176K) Eden: 9088K(9088K)->0K(9088K) From: 85K(1088K)->84K(1088K)
[2025-04-17T11:01:15.535+0000][875.365s][info][gc,heap        ] GC(588) Tenured: 14542K(22468K)->14543K(22468K)
[2025-04-17T11:01:15.535+0000][875.365s][info][gc,metaspace   ] GC(588) Metaspace: 37392K(37760K)->37392K(37760K) NonClass: 32966K(33152K)->32966K(33152K) Class: 4425K(4608K)->4425K(4608K)
[2025-04-17T11:01:15.535+0000][875.365s][info][gc             ] GC(588) Pause Young (Allocation Failure) 23M->14M(31M) 1.462ms
[2025-04-17T11:01:15.535+0000][875.365s][info][gc,cpu         ] GC(588) User=0.00s Sys=0.00s Real=0.01s
[2025-04-17T11:01:17.136+0000][876.967s][info][gc,start       ] GC(589) Pause Young (Allocation Failure)
[2025-04-17T11:01:17.138+0000][876.968s][info][gc,heap        ] GC(589) DefNew: 9172K(10176K)->88K(10176K) Eden: 9088K(9088K)->0K(9088K) From: 84K(1088K)->88K(1088K)
[2025-04-17T11:01:17.138+0000][876.968s][info][gc,heap        ] GC(589) Tenured: 14543K(22468K)->14543K(22468K)
[2025-04-17T11:01:17.138+0000][876.968s][info][gc,metaspace   ] GC(589) Metaspace: 37392K(37760K)->37392K(37760K) NonClass: 32966K(33152K)->32966K(33152K) Class: 4425K(4608K)->4425K(4608K)
[2025-04-17T11:01:17.138+0000][876.968s][info][gc             ] GC(589) Pause Young (Allocation Failure) 23M->14M(31M) 1.293ms
[2025-04-17T11:01:17.138+0000][876.968s][info][gc,cpu         ] GC(589) User=0.00s Sys=0.00s Real=0.00s
[2025-04-17T11:01:18.629+0000][878.459s][info][gc,start       ] GC(590) Pause Young (Allocation Failure)
[2025-04-17T11:01:18.631+0000][878.461s][info][gc,heap        ] GC(590) DefNew: 9176K(10176K)->81K(10176K) Eden: 9088K(9088K)->0K(9088K) From: 88K(1088K)->81K(1088K)
[2025-04-17T11:01:18.631+0000][878.461s][info][gc,heap        ] GC(590) Tenured: 14543K(22468K)->14545K(22468K)
[2025-04-17T11:01:18.631+0000][878.461s][info][gc,metaspace   ] GC(590) Metaspace: 37392K(37760K)->37392K(37760K) NonClass: 32966K(33152K)->32966K(33152K) Class: 4425K(4608K)->4425K(4608K)
[2025-04-17T11:01:18.631+0000][878.461s][info][gc             ] GC(590) Pause Young (Allocation Failure) 23M->14M(31M) 1.360ms
[2025-04-17T11:01:18.631+0000][878.461s][info][gc,cpu         ] GC(590) User=0.01s Sys=0.00s Real=0.00s
[2025-04-17T11:01:20.419+0000][880.249s][info][gc,start       ] GC(591) Pause Young (Allocation Failure)
[2025-04-17T11:01:20.420+0000][880.251s][info][gc,heap        ] GC(591) DefNew: 9169K(10176K)->99K(10176K) Eden: 9088K(9088K)->0K(9088K) From: 81K(1088K)->99K(1088K)
[2025-04-17T11:01:20.421+0000][880.251s][info][gc,heap        ] GC(591) Tenured: 14545K(22468K)->14546K(22468K)
[2025-04-17T11:01:20.421+0000][880.251s][info][gc,metaspace   ] GC(591) Metaspace: 37392K(37760K)->37392K(37760K) NonClass: 32966K(33152K)->32966K(33152K) Class: 4425K(4608K)->4425K(4608K)
[2025-04-17T11:01:20.421+0000][880.251s][info][gc             ] GC(591) Pause Young (Allocation Failure) 23M->14M(31M) 1.365ms
[2025-04-17T11:01:20.421+0000][880.251s][info][gc,cpu         ] GC(591) User=0.00s Sys=0.00s Real=0.00s
[2025-04-17T11:01:21.943+0000][881.773s][info][gc,start       ] GC(592) Pause Young (Allocation Failure)
[2025-04-17T11:01:21.944+0000][881.775s][info][gc,heap        ] GC(592) DefNew: 9187K(10176K)->86K(10176K) Eden: 9088K(9088K)->0K(9088K) From: 99K(1088K)->86K(1088K)
[2025-04-17T11:01:21.944+0000][881.775s][info][gc,heap        ] GC(592) Tenured: 14546K(22468K)->14548K(22468K)
[2025-04-17T11:01:21.944+0000][881.775s][info][gc,metaspace   ] GC(592) Metaspace: 37392K(37760K)->37392K(37760K) NonClass: 32966K(33152K)->32966K(33152K) Class: 4425K(4608K)->4425K(4608K)
[2025-04-17T11:01:21.944+0000][881.775s][info][gc             ] GC(592) Pause Young (Allocation Failure) 23M->14M(31M) 1.284ms
[2025-04-17T11:01:21.944+0000][881.775s][info][gc,cpu         ] GC(592) User=0.00s Sys=0.00s Real=0.01s
[2025-04-17T11:01:23.513+0000][883.343s][info][gc,start       ] GC(593) Pause Young (Allocation Failure)
[2025-04-17T11:01:23.515+0000][883.345s][info][gc,heap        ] GC(593) DefNew: 9174K(10176K)->81K(10176K) Eden: 9088K(9088K)->0K(9088K) From: 86K(1088K)->81K(1088K)
[2025-04-17T11:01:23.515+0000][883.345s][info][gc,heap        ] GC(593) Tenured: 14548K(22468K)->14550K(22468K)
[2025-04-17T11:01:23.515+0000][883.345s][info][gc,metaspace   ] GC(593) Metaspace: 37392K(37760K)->37392K(37760K) NonClass: 32966K(33152K)->32966K(33152K) Class: 4425K(4608K)->4425K(4608K)
[2025-04-17T11:01:23.515+0000][883.345s][info][gc             ] GC(593) Pause Young (Allocation Failure) 23M->14M(31M) 1.249ms
[2025-04-17T11:01:23.515+0000][883.345s][info][gc,cpu         ] GC(593) User=0.00s Sys=0.00s Real=0.01s
[2025-04-17T11:01:24.888+0000][884.718s][info][gc,start       ] GC(594) Pause Young (Allocation Failure)
[2025-04-17T11:01:24.890+0000][884.720s][info][gc,heap        ] GC(594) DefNew: 9169K(10176K)->95K(10176K) Eden: 9088K(9088K)->0K(9088K) From: 81K(1088K)->95K(1088K)
[2025-04-17T11:01:24.890+0000][884.720s][info][gc,heap        ] GC(594) Tenured: 14550K(22468K)->14552K(22468K)
[2025-04-17T11:01:24.890+0000][884.720s][info][gc,metaspace   ] GC(594) Metaspace: 37392K(37760K)->37392K(37760K) NonClass: 32966K(33152K)->32966K(33152K) Class: 4425K(4608K)->4425K(4608K)
[2025-04-17T11:01:24.890+0000][884.720s][info][gc             ] GC(594) Pause Young (Allocation Failure) 23M->14M(31M) 1.223ms
[2025-04-17T11:01:24.890+0000][884.720s][info][gc,cpu         ] GC(594) User=0.00s Sys=0.00s Real=0.00s
[2025-04-17T11:01:26.590+0000][886.420s][info][gc,start       ] GC(595) Pause Young (Allocation Failure)
[2025-04-17T11:01:26.591+0000][886.422s][info][gc,heap        ] GC(595) DefNew: 9183K(10176K)->78K(10176K) Eden: 9087K(9088K)->0K(9088K) From: 95K(1088K)->78K(1088K)
[2025-04-17T11:01:26.591+0000][886.422s][info][gc,heap        ] GC(595) Tenured: 14552K(22468K)->14552K(22468K)
[2025-04-17T11:01:26.591+0000][886.422s][info][gc,metaspace   ] GC(595) Metaspace: 37392K(37760K)->37392K(37760K) NonClass: 32966K(33152K)->32966K(33152K) Class: 4425K(4608K)->4425K(4608K)
[2025-04-17T11:01:26.591+0000][886.422s][info][gc             ] GC(595) Pause Young (Allocation Failure) 23M->14M(31M) 1.194ms
[2025-04-17T11:01:26.591+0000][886.422s][info][gc,cpu         ] GC(595) User=0.00s Sys=0.00s Real=0.00s
[2025-04-17T11:01:28.143+0000][887.973s][info][gc,start       ] GC(596) Pause Young (Allocation Failure)
[2025-04-17T11:01:28.144+0000][887.974s][info][gc,heap        ] GC(596) DefNew: 9166K(10176K)->79K(10176K) Eden: 9088K(9088K)->0K(9088K) From: 78K(1088K)->79K(1088K)
[2025-04-17T11:01:28.144+0000][887.974s][info][gc,heap        ] GC(596) Tenured: 14552K(22468K)->14553K(22468K)
[2025-04-17T11:01:28.144+0000][887.974s][info][gc,metaspace   ] GC(596) Metaspace: 37392K(37760K)->37392K(37760K) NonClass: 32966K(33152K)->32966K(33152K) Class: 4425K(4608K)->4425K(4608K)
[2025-04-17T11:01:28.144+0000][887.974s][info][gc             ] GC(596) Pause Young (Allocation Failure) 23M->14M(31M) 1.273ms
[2025-04-17T11:01:28.144+0000][887.974s][info][gc,cpu         ] GC(596) User=0.01s Sys=0.00s Real=0.01s
[2025-04-17T11:01:29.694+0000][889.524s][info][gc,start       ] GC(597) Pause Young (Allocation Failure)
[2025-04-17T11:01:29.695+0000][889.526s][info][gc,heap        ] GC(597) DefNew: 9167K(10176K)->79K(10176K) Eden: 9088K(9088K)->0K(9088K) From: 79K(1088K)->79K(1088K)
[2025-04-17T11:01:29.695+0000][889.526s][info][gc,heap        ] GC(597) Tenured: 14553K(22468K)->14553K(22468K)
[2025-04-17T11:01:29.695+0000][889.526s][info][gc,metaspace   ] GC(597) Metaspace: 37392K(37760K)->37392K(37760K) NonClass: 32966K(33152K)->32966K(33152K) Class: 4425K(4608K)->4425K(4608K)
[2025-04-17T11:01:29.696+0000][889.526s][info][gc             ] GC(597) Pause Young (Allocation Failure) 23M->14M(31M) 1.206ms
[2025-04-17T11:01:29.696+0000][889.526s][info][gc,cpu         ] GC(597) User=0.01s Sys=0.00s Real=0.00s
[2025-04-17T11:01:31.318+0000][891.148s][info][gc,start       ] GC(598) Pause Young (Allocation Failure)
[2025-04-17T11:01:31.319+0000][891.149s][info][gc,heap        ] GC(598) DefNew: 9167K(10176K)->96K(10176K) Eden: 9088K(9088K)->0K(9088K) From: 79K(1088K)->96K(1088K)
[2025-04-17T11:01:31.319+0000][891.149s][info][gc,heap        ] GC(598) Tenured: 14553K(22468K)->14553K(22468K)
[2025-04-17T11:01:31.319+0000][891.149s][info][gc,metaspace   ] GC(598) Metaspace: 37392K(37760K)->37392K(37760K) NonClass: 32966K(33152K)->32966K(33152K) Class: 4425K(4608K)->4425K(4608K)
[2025-04-17T11:01:31.319+0000][891.149s][info][gc             ] GC(598) Pause Young (Allocation Failure) 23M->14M(31M) 1.306ms
[2025-04-17T11:01:31.319+0000][891.149s][info][gc,cpu         ] GC(598) User=0.00s Sys=0.00s Real=0.00s
[2025-04-17T11:01:32.967+0000][892.797s][info][gc,start       ] GC(599) Pause Young (Allocation Failure)
[2025-04-17T11:01:32.968+0000][892.798s][info][gc,heap        ] GC(599) DefNew: 9184K(10176K)->71K(10176K) Eden: 9087K(9088K)->0K(9088K) From: 96K(1088K)->71K(1088K)
[2025-04-17T11:01:32.968+0000][892.798s][info][gc,heap        ] GC(599) Tenured: 14553K(22468K)->14553K(22468K)
[2025-04-17T11:01:32.968+0000][892.798s][info][gc,metaspace   ] GC(599) Metaspace: 37392K(37760K)->37392K(37760K) NonClass: 32966K(33152K)->32966K(33152K) Class: 4425K(4608K)->4425K(4608K)
[2025-04-17T11:01:32.968+0000][892.798s][info][gc             ] GC(599) Pause Young (Allocation Failure) 23M->14M(31M) 1.112ms
[2025-04-17T11:01:32.968+0000][892.798s][info][gc,cpu         ] GC(599) User=0.00s Sys=0.00s Real=0.00s
[2025-04-17T11:01:34.646+0000][894.476s][info][gc,start       ] GC(600) Pause Young (Allocation Failure)
[2025-04-17T11:01:34.647+0000][894.477s][info][gc,heap        ] GC(600) DefNew: 9159K(10176K)->85K(10176K) Eden: 9088K(9088K)->0K(9088K) From: 71K(1088K)->85K(1088K)
[2025-04-17T11:01:34.647+0000][894.477s][info][gc,heap        ] GC(600) Tenured: 14553K(22468K)->14553K(22468K)
[2025-04-17T11:01:34.647+0000][894.477s][info][gc,metaspace   ] GC(600) Metaspace: 37392K(37760K)->37392K(37760K) NonClass: 32966K(33152K)->32966K(33152K) Class: 4425K(4608K)->4425K(4608K)
[2025-04-17T11:01:34.647+0000][894.478s][info][gc             ] GC(600) Pause Young (Allocation Failure) 23M->14M(31M) 1.284ms
[2025-04-17T11:01:34.647+0000][894.478s][info][gc,cpu         ] GC(600) User=0.00s Sys=0.00s Real=0.00s
[2025-04-17T11:01:36.093+0000][895.923s][info][gc,start       ] GC(601) Pause Young (Allocation Failure)
[2025-04-17T11:01:36.094+0000][895.925s][info][gc,heap        ] GC(601) DefNew: 9173K(10176K)->88K(10176K) Eden: 9088K(9088K)->0K(9088K) From: 85K(1088K)->88K(1088K)
[2025-04-17T11:01:36.095+0000][895.925s][info][gc,heap        ] GC(601) Tenured: 14553K(22468K)->14553K(22468K)
[2025-04-17T11:01:36.095+0000][895.925s][info][gc,metaspace   ] GC(601) Metaspace: 37392K(37760K)->37392K(37760K) NonClass: 32966K(33152K)->32966K(33152K) Class: 4425K(4608K)->4425K(4608K)
[2025-04-17T11:01:36.095+0000][895.925s][info][gc             ] GC(601) Pause Young (Allocation Failure) 23M->14M(31M) 1.356ms
[2025-04-17T11:01:36.095+0000][895.925s][info][gc,cpu         ] GC(601) User=0.00s Sys=0.00s Real=0.01s
[2025-04-17T11:01:37.655+0000][897.485s][info][gc,start       ] GC(602) Pause Young (Allocation Failure)
[2025-04-17T11:01:37.656+0000][897.486s][info][gc,heap        ] GC(602) DefNew: 9176K(10176K)->97K(10176K) Eden: 9088K(9088K)->0K(9088K) From: 88K(1088K)->97K(1088K)
[2025-04-17T11:01:37.656+0000][897.486s][info][gc,heap        ] GC(602) Tenured: 14553K(22468K)->14555K(22468K)
[2025-04-17T11:01:37.656+0000][897.486s][info][gc,metaspace   ] GC(602) Metaspace: 37392K(37760K)->37392K(37760K) NonClass: 32966K(33152K)->32966K(33152K) Class: 4425K(4608K)->4425K(4608K)
[2025-04-17T11:01:37.656+0000][897.486s][info][gc             ] GC(602) Pause Young (Allocation Failure) 23M->14M(31M) 1.236ms
[2025-04-17T11:01:37.656+0000][897.486s][info][gc,cpu         ] GC(602) User=0.00s Sys=0.00s Real=0.00s
[2025-04-17T11:01:39.141+0000][898.971s][info][gc,start       ] GC(603) Pause Young (Allocation Failure)
[2025-04-17T11:01:39.142+0000][898.972s][info][gc,heap        ] GC(603) DefNew: 9185K(10176K)->85K(10176K) Eden: 9088K(9088K)->0K(9088K) From: 97K(1088K)->85K(1088K)
[2025-04-17T11:01:39.142+0000][898.972s][info][gc,heap        ] GC(603) Tenured: 14555K(22468K)->14556K(22468K)
[2025-04-17T11:01:39.142+0000][898.972s][info][gc,metaspace   ] GC(603) Metaspace: 37392K(37760K)->37392K(37760K) NonClass: 32966K(33152K)->32966K(33152K) Class: 4425K(4608K)->4425K(4608K)
[2025-04-17T11:01:39.142+0000][898.972s][info][gc             ] GC(603) Pause Young (Allocation Failure) 23M->14M(31M) 1.330ms
[2025-04-17T11:01:39.142+0000][898.972s][info][gc,cpu         ] GC(603) User=0.00s Sys=0.00s Real=0.00s
[2025-04-17T11:01:40.752+0000][900.582s][info][gc,start       ] GC(604) Pause Young (Allocation Failure)
[2025-04-17T11:01:40.753+0000][900.583s][info][gc,heap        ] GC(604) DefNew: 9173K(10176K)->86K(10176K) Eden: 9088K(9088K)->0K(9088K) From: 85K(1088K)->86K(1088K)
[2025-04-17T11:01:40.753+0000][900.583s][info][gc,heap        ] GC(604) Tenured: 14556K(22468K)->14556K(22468K)
[2025-04-17T11:01:40.753+0000][900.583s][info][gc,metaspace   ] GC(604) Metaspace: 37392K(37760K)->37392K(37760K) NonClass: 32966K(33152K)->32966K(33152K) Class: 4425K(4608K)->4425K(4608K)
[2025-04-17T11:01:40.753+0000][900.583s][info][gc             ] GC(604) Pause Young (Allocation Failure) 23M->14M(31M) 1.195ms
[2025-04-17T11:01:40.753+0000][900.583s][info][gc,cpu         ] GC(604) User=0.00s Sys=0.00s Real=0.00s
[2025-04-17T11:01:42.198+0000][902.029s][info][gc,start       ] GC(605) Pause Young (Allocation Failure)
[2025-04-17T11:01:42.199+0000][902.030s][info][gc,heap        ] GC(605) DefNew: 9174K(10176K)->82K(10176K) Eden: 9088K(9088K)->0K(9088K) From: 86K(1088K)->82K(1088K)
[2025-04-17T11:01:42.199+0000][902.030s][info][gc,heap        ] GC(605) Tenured: 14556K(22468K)->14556K(22468K)
[2025-04-17T11:01:42.199+0000][902.030s][info][gc,metaspace   ] GC(605) Metaspace: 37392K(37760K)->37392K(37760K) NonClass: 32966K(33152K)->32966K(33152K) Class: 4425K(4608K)->4425K(4608K)
[2025-04-17T11:01:42.200+0000][902.030s][info][gc             ] GC(605) Pause Young (Allocation Failure) 23M->14M(31M) 1.136ms
[2025-04-17T11:01:42.200+0000][902.030s][info][gc,cpu         ] GC(605) User=0.01s Sys=0.00s Real=0.00s
[2025-04-17T11:01:43.709+0000][903.539s][info][gc,start       ] GC(606) Pause Young (Allocation Failure)
[2025-04-17T11:01:43.710+0000][903.540s][info][gc,heap        ] GC(606) DefNew: 9170K(10176K)->105K(10176K) Eden: 9087K(9088K)->0K(9088K) From: 82K(1088K)->105K(1088K)
[2025-04-17T11:01:43.710+0000][903.540s][info][gc,heap        ] GC(606) Tenured: 14556K(22468K)->14556K(22468K)
[2025-04-17T11:01:43.710+0000][903.540s][info][gc,metaspace   ] GC(606) Metaspace: 37392K(37760K)->37392K(37760K) NonClass: 32966K(33152K)->32966K(33152K) Class: 4425K(4608K)->4425K(4608K)
[2025-04-17T11:01:43.710+0000][903.540s][info][gc             ] GC(606) Pause Young (Allocation Failure) 23M->14M(31M) 1.343ms
[2025-04-17T11:01:43.710+0000][903.540s][info][gc,cpu         ] GC(606) User=0.00s Sys=0.00s Real=0.00s
[2025-04-17T11:01:45.172+0000][905.002s][info][gc,start       ] GC(607) Pause Young (Allocation Failure)
[2025-04-17T11:01:45.173+0000][905.003s][info][gc,heap        ] GC(607) DefNew: 9193K(10176K)->87K(10176K) Eden: 9088K(9088K)->0K(9088K) From: 105K(1088K)->87K(1088K)
[2025-04-17T11:01:45.173+0000][905.003s][info][gc,heap        ] GC(607) Tenured: 14556K(22468K)->14557K(22468K)
[2025-04-17T11:01:45.173+0000][905.003s][info][gc,metaspace   ] GC(607) Metaspace: 37392K(37760K)->37392K(37760K) NonClass: 32966K(33152K)->32966K(33152K) Class: 4425K(4608K)->4425K(4608K)
[2025-04-17T11:01:45.173+0000][905.003s][info][gc             ] GC(607) Pause Young (Allocation Failure) 23M->14M(31M) 1.142ms
[2025-04-17T11:01:45.173+0000][905.003s][info][gc,cpu         ] GC(607) User=0.00s Sys=0.00s Real=0.00s
[2025-04-17T11:01:46.591+0000][906.421s][info][gc,start       ] GC(608) Pause Young (Allocation Failure)
[2025-04-17T11:01:46.592+0000][906.422s][info][gc,heap        ] GC(608) DefNew: 9175K(10176K)->90K(10176K) Eden: 9088K(9088K)->0K(9088K) From: 87K(1088K)->90K(1088K)
[2025-04-17T11:01:46.592+0000][906.422s][info][gc,heap        ] GC(608) Tenured: 14557K(22468K)->14558K(22468K)
[2025-04-17T11:01:46.592+0000][906.422s][info][gc,metaspace   ] GC(608) Metaspace: 37392K(37760K)->37392K(37760K) NonClass: 32966K(33152K)->32966K(33152K) Class: 4425K(4608K)->4425K(4608K)
[2025-04-17T11:01:46.592+0000][906.422s][info][gc             ] GC(608) Pause Young (Allocation Failure) 23M->14M(31M) 1.303ms
[2025-04-17T11:01:46.592+0000][906.422s][info][gc,cpu         ] GC(608) User=0.00s Sys=0.00s Real=0.00s
[2025-04-17T11:01:48.320+0000][908.150s][info][gc,start       ] GC(609) Pause Young (Allocation Failure)
[2025-04-17T11:01:48.321+0000][908.151s][info][gc,heap        ] GC(609) DefNew: 9178K(10176K)->99K(10176K) Eden: 9088K(9088K)->0K(9088K) From: 90K(1088K)->99K(1088K)
[2025-04-17T11:01:48.321+0000][908.151s][info][gc,heap        ] GC(609) Tenured: 14558K(22468K)->14560K(22468K)
[2025-04-17T11:01:48.321+0000][908.151s][info][gc,metaspace   ] GC(609) Metaspace: 37392K(37760K)->37392K(37760K) NonClass: 32966K(33152K)->32966K(33152K) Class: 4425K(4608K)->4425K(4608K)
[2025-04-17T11:01:48.321+0000][908.151s][info][gc             ] GC(609) Pause Young (Allocation Failure) 23M->14M(31M) 1.335ms
[2025-04-17T11:01:48.321+0000][908.151s][info][gc,cpu         ] GC(609) User=0.00s Sys=0.00s Real=0.00s
[2025-04-17T11:01:50.009+0000][909.840s][info][gc,start       ] GC(610) Pause Young (Allocation Failure)
[2025-04-17T11:01:50.011+0000][909.841s][info][gc,heap        ] GC(610) DefNew: 9187K(10176K)->105K(10176K) Eden: 9087K(9088K)->0K(9088K) From: 99K(1088K)->105K(1088K)
[2025-04-17T11:01:50.011+0000][909.841s][info][gc,heap        ] GC(610) Tenured: 14560K(22468K)->14560K(22468K)
[2025-04-17T11:01:50.011+0000][909.841s][info][gc,metaspace   ] GC(610) Metaspace: 37392K(37760K)->37392K(37760K) NonClass: 32966K(33152K)->32966K(33152K) Class: 4425K(4608K)->4425K(4608K)
[2025-04-17T11:01:50.011+0000][909.841s][info][gc             ] GC(610) Pause Young (Allocation Failure) 23M->14M(31M) 1.190ms
[2025-04-17T11:01:50.011+0000][909.841s][info][gc,cpu         ] GC(610) User=0.00s Sys=0.00s Real=0.00s
[2025-04-17T11:01:51.465+0000][911.296s][info][gc,start       ] GC(611) Pause Young (Allocation Failure)
[2025-04-17T11:01:51.467+0000][911.297s][info][gc,heap        ] GC(611) DefNew: 9193K(10176K)->104K(10176K) Eden: 9088K(9088K)->0K(9088K) From: 105K(1088K)->104K(1088K)
[2025-04-17T11:01:51.467+0000][911.297s][info][gc,heap        ] GC(611) Tenured: 14560K(22468K)->14561K(22468K)
[2025-04-17T11:01:51.467+0000][911.297s][info][gc,metaspace   ] GC(611) Metaspace: 37392K(37760K)->37392K(37760K) NonClass: 32966K(33152K)->32966K(33152K) Class: 4425K(4608K)->4425K(4608K)
[2025-04-17T11:01:51.467+0000][911.297s][info][gc             ] GC(611) Pause Young (Allocation Failure) 23M->14M(31M) 1.323ms
[2025-04-17T11:01:51.467+0000][911.297s][info][gc,cpu         ] GC(611) User=0.00s Sys=0.00s Real=0.00s
[2025-04-17T11:01:52.939+0000][912.769s][info][gc,start       ] GC(612) Pause Young (Allocation Failure)
[2025-04-17T11:01:52.940+0000][912.770s][info][gc,heap        ] GC(612) DefNew: 9192K(10176K)->88K(10176K) Eden: 9088K(9088K)->0K(9088K) From: 104K(1088K)->88K(1088K)
[2025-04-17T11:01:52.940+0000][912.770s][info][gc,heap        ] GC(612) Tenured: 14561K(22468K)->14561K(22468K)
[2025-04-17T11:01:52.940+0000][912.770s][info][gc,metaspace   ] GC(612) Metaspace: 37392K(37760K)->37392K(37760K) NonClass: 32966K(33152K)->32966K(33152K) Class: 4425K(4608K)->4425K(4608K)
[2025-04-17T11:01:52.940+0000][912.770s][info][gc             ] GC(612) Pause Young (Allocation Failure) 23M->14M(31M) 1.299ms
[2025-04-17T11:01:52.940+0000][912.770s][info][gc,cpu         ] GC(612) User=0.00s Sys=0.00s Real=0.00s
[2025-04-17T11:01:54.664+0000][914.495s][info][gc,start       ] GC(613) Pause Young (Allocation Failure)
[2025-04-17T11:01:54.666+0000][914.496s][info][gc,heap        ] GC(613) DefNew: 9176K(10176K)->87K(10176K) Eden: 9088K(9088K)->0K(9088K) From: 88K(1088K)->87K(1088K)
[2025-04-17T11:01:54.666+0000][914.496s][info][gc,heap        ] GC(613) Tenured: 14561K(22468K)->14562K(22468K)
[2025-04-17T11:01:54.666+0000][914.496s][info][gc,metaspace   ] GC(613) Metaspace: 37392K(37760K)->37392K(37760K) NonClass: 32966K(33152K)->32966K(33152K) Class: 4425K(4608K)->4425K(4608K)
[2025-04-17T11:01:54.666+0000][914.496s][info][gc             ] GC(613) Pause Young (Allocation Failure) 23M->14M(31M) 1.194ms
[2025-04-17T11:01:54.666+0000][914.496s][info][gc,cpu         ] GC(613) User=0.00s Sys=0.00s Real=0.00s
[2025-04-17T11:01:56.239+0000][916.070s][info][gc,start       ] GC(614) Pause Young (Allocation Failure)
[2025-04-17T11:01:56.241+0000][916.071s][info][gc,heap        ] GC(614) DefNew: 9175K(10176K)->100K(10176K) Eden: 9088K(9088K)->0K(9088K) From: 87K(1088K)->100K(1088K)
[2025-04-17T11:01:56.241+0000][916.071s][info][gc,heap        ] GC(614) Tenured: 14562K(22468K)->14563K(22468K)
[2025-04-17T11:01:56.241+0000][916.071s][info][gc,metaspace   ] GC(614) Metaspace: 37396K(37760K)->37396K(37760K) NonClass: 32970K(33152K)->32970K(33152K) Class: 4425K(4608K)->4425K(4608K)
[2025-04-17T11:01:56.241+0000][916.071s][info][gc             ] GC(614) Pause Young (Allocation Failure) 23M->14M(31M) 1.273ms
[2025-04-17T11:01:56.241+0000][916.071s][info][gc,cpu         ] GC(614) User=0.00s Sys=0.00s Real=0.00s
[2025-04-17T11:01:57.880+0000][917.710s][info][gc,start       ] GC(615) Pause Young (Allocation Failure)
[2025-04-17T11:01:57.881+0000][917.711s][info][gc,heap        ] GC(615) DefNew: 9188K(10176K)->84K(10176K) Eden: 9088K(9088K)->0K(9088K) From: 100K(1088K)->84K(1088K)
[2025-04-17T11:01:57.881+0000][917.711s][info][gc,heap        ] GC(615) Tenured: 14563K(22468K)->14563K(22468K)
[2025-04-17T11:01:57.881+0000][917.711s][info][gc,metaspace   ] GC(615) Metaspace: 37396K(37760K)->37396K(37760K) NonClass: 32970K(33152K)->32970K(33152K) Class: 4425K(4608K)->4425K(4608K)
[2025-04-17T11:01:57.881+0000][917.711s][info][gc             ] GC(615) Pause Young (Allocation Failure) 23M->14M(31M) 1.142ms
[2025-04-17T11:01:57.881+0000][917.711s][info][gc,cpu         ] GC(615) User=0.00s Sys=0.00s Real=0.00s
[2025-04-17T11:01:59.355+0000][919.185s][info][gc,start       ] GC(616) Pause Young (Allocation Failure)
[2025-04-17T11:01:59.356+0000][919.186s][info][gc,heap        ] GC(616) DefNew: 9161K(10176K)->90K(10176K) Eden: 9076K(9088K)->0K(9088K) From: 84K(1088K)->90K(1088K)
[2025-04-17T11:01:59.356+0000][919.186s][info][gc,heap        ] GC(616) Tenured: 14563K(22468K)->14563K(22468K)
[2025-04-17T11:01:59.356+0000][919.186s][info][gc,metaspace   ] GC(616) Metaspace: 37396K(37760K)->37396K(37760K) NonClass: 32970K(33152K)->32970K(33152K) Class: 4425K(4608K)->4425K(4608K)
[2025-04-17T11:01:59.356+0000][919.186s][info][gc             ] GC(616) Pause Young (Allocation Failure) 23M->14M(31M) 1.364ms
[2025-04-17T11:01:59.356+0000][919.186s][info][gc,cpu         ] GC(616) User=0.00s Sys=0.00s Real=0.00s
[2025-04-17T11:02:01.139+0000][920.969s][info][gc,start       ] GC(617) Pause Young (Allocation Failure)
[2025-04-17T11:02:01.140+0000][920.970s][info][gc,heap        ] GC(617) DefNew: 9178K(10176K)->87K(10176K) Eden: 9088K(9088K)->0K(9088K) From: 90K(1088K)->87K(1088K)
[2025-04-17T11:02:01.140+0000][920.970s][info][gc,heap        ] GC(617) Tenured: 14563K(22468K)->14565K(22468K)
[2025-04-17T11:02:01.140+0000][920.970s][info][gc,metaspace   ] GC(617) Metaspace: 37396K(37760K)->37396K(37760K) NonClass: 32970K(33152K)->32970K(33152K) Class: 4425K(4608K)->4425K(4608K)
[2025-04-17T11:02:01.140+0000][920.970s][info][gc             ] GC(617) Pause Young (Allocation Failure) 23M->14M(31M) 1.244ms
[2025-04-17T11:02:01.140+0000][920.970s][info][gc,cpu         ] GC(617) User=0.00s Sys=0.00s Real=0.00s
[2025-04-17T11:02:02.732+0000][922.562s][info][gc,start       ] GC(618) Pause Young (Allocation Failure)
[2025-04-17T11:02:02.733+0000][922.563s][info][gc,heap        ] GC(618) DefNew: 9175K(10176K)->104K(10176K) Eden: 9088K(9088K)->0K(9088K) From: 87K(1088K)->104K(1088K)
[2025-04-17T11:02:02.733+0000][922.563s][info][gc,heap        ] GC(618) Tenured: 14565K(22468K)->14566K(22468K)
[2025-04-17T11:02:02.733+0000][922.563s][info][gc,metaspace   ] GC(618) Metaspace: 37396K(37760K)->37396K(37760K) NonClass: 32970K(33152K)->32970K(33152K) Class: 4425K(4608K)->4425K(4608K)
[2025-04-17T11:02:02.733+0000][922.563s][info][gc             ] GC(618) Pause Young (Allocation Failure) 23M->14M(31M) 1.343ms
[2025-04-17T11:02:02.733+0000][922.563s][info][gc,cpu         ] GC(618) User=0.00s Sys=0.00s Real=0.00s
[2025-04-17T11:02:04.313+0000][924.144s][info][gc,start       ] GC(619) Pause Young (Allocation Failure)
[2025-04-17T11:02:04.315+0000][924.145s][info][gc,heap        ] GC(619) DefNew: 9191K(10176K)->101K(10176K) Eden: 9087K(9088K)->0K(9088K) From: 104K(1088K)->101K(1088K)
[2025-04-17T11:02:04.315+0000][924.145s][info][gc,heap        ] GC(619) Tenured: 14566K(22468K)->14570K(22468K)
[2025-04-17T11:02:04.315+0000][924.145s][info][gc,metaspace   ] GC(619) Metaspace: 37396K(37760K)->37396K(37760K) NonClass: 32970K(33152K)->32970K(33152K) Class: 4425K(4608K)->4425K(4608K)
[2025-04-17T11:02:04.315+0000][924.145s][info][gc             ] GC(619) Pause Young (Allocation Failure) 23M->14M(31M) 1.197ms
[2025-04-17T11:02:04.315+0000][924.145s][info][gc,cpu         ] GC(619) User=0.01s Sys=0.00s Real=0.01s
[2025-04-17T11:02:05.967+0000][925.798s][info][gc,start       ] GC(620) Pause Young (Allocation Failure)
[2025-04-17T11:02:05.969+0000][925.799s][info][gc,heap        ] GC(620) DefNew: 9189K(10176K)->88K(10176K) Eden: 9088K(9088K)->0K(9088K) From: 101K(1088K)->88K(1088K)
[2025-04-17T11:02:05.969+0000][925.799s][info][gc,heap        ] GC(620) Tenured: 14570K(22468K)->14571K(22468K)
[2025-04-17T11:02:05.969+0000][925.799s][info][gc,metaspace   ] GC(620) Metaspace: 37396K(37760K)->37396K(37760K) NonClass: 32970K(33152K)->32970K(33152K) Class: 4425K(4608K)->4425K(4608K)
[2025-04-17T11:02:05.969+0000][925.799s][info][gc             ] GC(620) Pause Young (Allocation Failure) 23M->14M(31M) 1.315ms
[2025-04-17T11:02:05.969+0000][925.799s][info][gc,cpu         ] GC(620) User=0.00s Sys=0.00s Real=0.00s
[2025-04-17T11:02:07.577+0000][927.407s][info][gc,start       ] GC(621) Pause Young (Allocation Failure)
[2025-04-17T11:02:07.578+0000][927.408s][info][gc,heap        ] GC(621) DefNew: 9168K(10176K)->104K(10176K) Eden: 9080K(9088K)->0K(9088K) From: 88K(1088K)->104K(1088K)
[2025-04-17T11:02:07.578+0000][927.408s][info][gc,heap        ] GC(621) Tenured: 14571K(22468K)->14572K(22468K)
[2025-04-17T11:02:07.578+0000][927.408s][info][gc,metaspace   ] GC(621) Metaspace: 37396K(37760K)->37396K(37760K) NonClass: 32970K(33152K)->32970K(33152K) Class: 4425K(4608K)->4425K(4608K)
[2025-04-17T11:02:07.578+0000][927.408s][info][gc             ] GC(621) Pause Young (Allocation Failure) 23M->14M(31M) 1.234ms
[2025-04-17T11:02:07.578+0000][927.408s][info][gc,cpu         ] GC(621) User=0.00s Sys=0.00s Real=0.00s
[2025-04-17T11:02:08.856+0000][928.686s][info][gc,start       ] GC(622) Pause Young (Allocation Failure)
[2025-04-17T11:02:08.857+0000][928.687s][info][gc,heap        ] GC(622) DefNew: 9192K(10176K)->84K(10176K) Eden: 9088K(9088K)->0K(9088K) From: 104K(1088K)->84K(1088K)
[2025-04-17T11:02:08.857+0000][928.687s][info][gc,heap        ] GC(622) Tenured: 14572K(22468K)->14575K(22468K)
[2025-04-17T11:02:08.857+0000][928.687s][info][gc,metaspace   ] GC(622) Metaspace: 37396K(37760K)->37396K(37760K) NonClass: 32971K(33152K)->32971K(33152K) Class: 4425K(4608K)->4425K(4608K)
[2025-04-17T11:02:08.857+0000][928.687s][info][gc             ] GC(622) Pause Young (Allocation Failure) 23M->14M(31M) 1.302ms
[2025-04-17T11:02:08.857+0000][928.687s][info][gc,cpu         ] GC(622) User=0.00s Sys=0.00s Real=0.00s
[2025-04-17T11:02:10.524+0000][930.354s][info][gc,start       ] GC(623) Pause Young (Allocation Failure)
[2025-04-17T11:02:10.525+0000][930.356s][info][gc,heap        ] GC(623) DefNew: 9172K(10176K)->99K(10176K) Eden: 9088K(9088K)->0K(9088K) From: 84K(1088K)->99K(1088K)
[2025-04-17T11:02:10.526+0000][930.356s][info][gc,heap        ] GC(623) Tenured: 14575K(22468K)->14575K(22468K)
[2025-04-17T11:02:10.526+0000][930.356s][info][gc,metaspace   ] GC(623) Metaspace: 37396K(37760K)->37396K(37760K) NonClass: 32971K(33152K)->32971K(33152K) Class: 4425K(4608K)->4425K(4608K)
[2025-04-17T11:02:10.526+0000][930.356s][info][gc             ] GC(623) Pause Young (Allocation Failure) 23M->14M(31M) 1.241ms
[2025-04-17T11:02:10.526+0000][930.356s][info][gc,cpu         ] GC(623) User=0.00s Sys=0.00s Real=0.00s
[2025-04-17T11:02:12.011+0000][931.841s][info][gc,start       ] GC(624) Pause Young (Allocation Failure)
[2025-04-17T11:02:12.012+0000][931.842s][info][gc,heap        ] GC(624) DefNew: 9187K(10176K)->75K(10176K) Eden: 9088K(9088K)->0K(9088K) From: 99K(1088K)->75K(1088K)
[2025-04-17T11:02:12.012+0000][931.842s][info][gc,heap        ] GC(624) Tenured: 14575K(22468K)->14576K(22468K)
[2025-04-17T11:02:12.012+0000][931.842s][info][gc,metaspace   ] GC(624) Metaspace: 37396K(37760K)->37396K(37760K) NonClass: 32971K(33152K)->32971K(33152K) Class: 4425K(4608K)->4425K(4608K)
[2025-04-17T11:02:12.012+0000][931.842s][info][gc             ] GC(624) Pause Young (Allocation Failure) 23M->14M(31M) 1.172ms
[2025-04-17T11:02:12.012+0000][931.842s][info][gc,cpu         ] GC(624) User=0.01s Sys=0.00s Real=0.00s
[2025-04-17T11:02:13.522+0000][933.352s][info][gc,start       ] GC(625) Pause Young (Allocation Failure)
[2025-04-17T11:02:13.523+0000][933.353s][info][gc,heap        ] GC(625) DefNew: 9163K(10176K)->85K(10176K) Eden: 9087K(9088K)->0K(9088K) From: 75K(1088K)->85K(1088K)
[2025-04-17T11:02:13.523+0000][933.353s][info][gc,heap        ] GC(625) Tenured: 14576K(22468K)->14577K(22468K)
[2025-04-17T11:02:13.523+0000][933.353s][info][gc,metaspace   ] GC(625) Metaspace: 37396K(37760K)->37396K(37760K) NonClass: 32971K(33152K)->32971K(33152K) Class: 4425K(4608K)->4425K(4608K)
[2025-04-17T11:02:13.523+0000][933.353s][info][gc             ] GC(625) Pause Young (Allocation Failure) 23M->14M(31M) 1.251ms
[2025-04-17T11:02:13.523+0000][933.353s][info][gc,cpu         ] GC(625) User=0.01s Sys=0.00s Real=0.00s
[2025-04-17T11:02:14.948+0000][934.778s][info][gc,start       ] GC(626) Pause Young (Allocation Failure)
[2025-04-17T11:02:14.949+0000][934.779s][info][gc,heap        ] GC(626) DefNew: 9173K(10176K)->97K(10176K) Eden: 9088K(9088K)->0K(9088K) From: 85K(1088K)->97K(1088K)
[2025-04-17T11:02:14.949+0000][934.779s][info][gc,heap        ] GC(626) Tenured: 14577K(22468K)->14577K(22468K)
[2025-04-17T11:02:14.949+0000][934.779s][info][gc,metaspace   ] GC(626) Metaspace: 37396K(37760K)->37396K(37760K) NonClass: 32971K(33152K)->32971K(33152K) Class: 4425K(4608K)->4425K(4608K)
[2025-04-17T11:02:14.949+0000][934.779s][info][gc             ] GC(626) Pause Young (Allocation Failure) 23M->14M(31M) 1.322ms
[2025-04-17T11:02:14.949+0000][934.779s][info][gc,cpu         ] GC(626) User=0.00s Sys=0.00s Real=0.00s
[2025-04-17T11:02:16.860+0000][936.690s][info][gc,start       ] GC(627) Pause Young (Allocation Failure)
[2025-04-17T11:02:16.862+0000][936.692s][info][gc,heap        ] GC(627) DefNew: 9185K(10176K)->103K(10176K) Eden: 9088K(9088K)->0K(9088K) From: 97K(1088K)->103K(1088K)
[2025-04-17T11:02:16.862+0000][936.692s][info][gc,heap        ] GC(627) Tenured: 14577K(22468K)->14577K(22468K)
[2025-04-17T11:02:16.862+0000][936.692s][info][gc,metaspace   ] GC(627) Metaspace: 37396K(37760K)->37396K(37760K) NonClass: 32971K(33152K)->32971K(33152K) Class: 4425K(4608K)->4425K(4608K)
[2025-04-17T11:02:16.862+0000][936.692s][info][gc             ] GC(627) Pause Young (Allocation Failure) 23M->14M(31M) 1.270ms
[2025-04-17T11:02:16.862+0000][936.692s][info][gc,cpu         ] GC(627) User=0.00s Sys=0.00s Real=0.00s
[2025-04-17T11:02:18.530+0000][938.360s][info][gc,start       ] GC(628) Pause Young (Allocation Failure)
[2025-04-17T11:02:18.531+0000][938.361s][info][gc,heap        ] GC(628) DefNew: 9191K(10176K)->87K(10176K) Eden: 9088K(9088K)->0K(9088K) From: 103K(1088K)->87K(1088K)
[2025-04-17T11:02:18.531+0000][938.361s][info][gc,heap        ] GC(628) Tenured: 14577K(22468K)->14577K(22468K)
[2025-04-17T11:02:18.531+0000][938.361s][info][gc,metaspace   ] GC(628) Metaspace: 37396K(37760K)->37396K(37760K) NonClass: 32971K(33152K)->32971K(33152K) Class: 4425K(4608K)->4425K(4608K)
[2025-04-17T11:02:18.531+0000][938.361s][info][gc             ] GC(628) Pause Young (Allocation Failure) 23M->14M(31M) 1.168ms
[2025-04-17T11:02:18.531+0000][938.361s][info][gc,cpu         ] GC(628) User=0.00s Sys=0.00s Real=0.00s
[2025-04-17T11:02:19.855+0000][939.685s][info][gc,start       ] GC(629) Pause Young (Allocation Failure)
[2025-04-17T11:02:19.856+0000][939.686s][info][gc,heap        ] GC(629) DefNew: 9175K(10176K)->90K(10176K) Eden: 9088K(9088K)->0K(9088K) From: 87K(1088K)->90K(1088K)
[2025-04-17T11:02:19.856+0000][939.686s][info][gc,heap        ] GC(629) Tenured: 14577K(22468K)->14577K(22468K)
[2025-04-17T11:02:19.856+0000][939.686s][info][gc,metaspace   ] GC(629) Metaspace: 37396K(37760K)->37396K(37760K) NonClass: 32971K(33152K)->32971K(33152K) Class: 4425K(4608K)->4425K(4608K)
[2025-04-17T11:02:19.856+0000][939.686s][info][gc             ] GC(629) Pause Young (Allocation Failure) 23M->14M(31M) 1.297ms
[2025-04-17T11:02:19.856+0000][939.686s][info][gc,cpu         ] GC(629) User=0.00s Sys=0.00s Real=0.00s
[2025-04-17T11:02:21.514+0000][941.345s][info][gc,start       ] GC(630) Pause Young (Allocation Failure)
[2025-04-17T11:02:21.516+0000][941.346s][info][gc,heap        ] GC(630) DefNew: 9178K(10176K)->91K(10176K) Eden: 9088K(9088K)->0K(9088K) From: 90K(1088K)->91K(1088K)
[2025-04-17T11:02:21.516+0000][941.346s][info][gc,heap        ] GC(630) Tenured: 14577K(22468K)->14577K(22468K)
[2025-04-17T11:02:21.516+0000][941.346s][info][gc,metaspace   ] GC(630) Metaspace: 37396K(37760K)->37396K(37760K) NonClass: 32971K(33152K)->32971K(33152K) Class: 4425K(4608K)->4425K(4608K)
[2025-04-17T11:02:21.516+0000][941.346s][info][gc             ] GC(630) Pause Young (Allocation Failure) 23M->14M(31M) 1.184ms
[2025-04-17T11:02:21.516+0000][941.346s][info][gc,cpu         ] GC(630) User=0.00s Sys=0.00s Real=0.00s
[2025-04-17T11:02:22.946+0000][942.776s][info][gc,start       ] GC(631) Pause Young (Allocation Failure)
[2025-04-17T11:02:22.947+0000][942.777s][info][gc,heap        ] GC(631) DefNew: 9179K(10176K)->105K(10176K) Eden: 9088K(9088K)->0K(9088K) From: 91K(1088K)->105K(1088K)
[2025-04-17T11:02:22.947+0000][942.777s][info][gc,heap        ] GC(631) Tenured: 14577K(22468K)->14578K(22468K)
[2025-04-17T11:02:22.947+0000][942.777s][info][gc,metaspace   ] GC(631) Metaspace: 37396K(37760K)->37396K(37760K) NonClass: 32971K(33152K)->32971K(33152K) Class: 4425K(4608K)->4425K(4608K)
[2025-04-17T11:02:22.947+0000][942.777s][info][gc             ] GC(631) Pause Young (Allocation Failure) 23M->14M(31M) 1.195ms
[2025-04-17T11:02:22.947+0000][942.777s][info][gc,cpu         ] GC(631) User=0.01s Sys=0.00s Real=0.00s
[2025-04-17T11:02:24.686+0000][944.516s][info][gc,start       ] GC(632) Pause Young (Allocation Failure)
[2025-04-17T11:02:24.687+0000][944.517s][info][gc,heap        ] GC(632) DefNew: 9185K(10176K)->96K(10176K) Eden: 9080K(9088K)->0K(9088K) From: 105K(1088K)->96K(1088K)
[2025-04-17T11:02:24.687+0000][944.517s][info][gc,heap        ] GC(632) Tenured: 14578K(22468K)->14580K(22468K)
[2025-04-17T11:02:24.687+0000][944.517s][info][gc,metaspace   ] GC(632) Metaspace: 37396K(37760K)->37396K(37760K) NonClass: 32971K(33152K)->32971K(33152K) Class: 4425K(4608K)->4425K(4608K)
[2025-04-17T11:02:24.687+0000][944.517s][info][gc             ] GC(632) Pause Young (Allocation Failure) 23M->14M(31M) 1.289ms
[2025-04-17T11:02:24.687+0000][944.517s][info][gc,cpu         ] GC(632) User=0.00s Sys=0.00s Real=0.00s
[2025-04-17T11:02:26.270+0000][946.100s][info][gc,start       ] GC(633) Pause Young (Allocation Failure)
[2025-04-17T11:02:26.271+0000][946.101s][info][gc,heap        ] GC(633) DefNew: 9170K(10176K)->90K(10176K) Eden: 9074K(9088K)->0K(9088K) From: 96K(1088K)->90K(1088K)
[2025-04-17T11:02:26.271+0000][946.101s][info][gc,heap        ] GC(633) Tenured: 14580K(22468K)->14581K(22468K)
[2025-04-17T11:02:26.271+0000][946.101s][info][gc,metaspace   ] GC(633) Metaspace: 37396K(37760K)->37396K(37760K) NonClass: 32971K(33152K)->32971K(33152K) Class: 4425K(4608K)->4425K(4608K)
[2025-04-17T11:02:26.271+0000][946.101s][info][gc             ] GC(633) Pause Young (Allocation Failure) 23M->14M(31M) 1.235ms
[2025-04-17T11:02:26.271+0000][946.101s][info][gc,cpu         ] GC(633) User=0.00s Sys=0.00s Real=0.00s
[2025-04-17T11:02:27.857+0000][947.687s][info][gc,start       ] GC(634) Pause Young (Allocation Failure)
[2025-04-17T11:02:27.858+0000][947.688s][info][gc,heap        ] GC(634) DefNew: 9178K(10176K)->84K(10176K) Eden: 9088K(9088K)->0K(9088K) From: 90K(1088K)->84K(1088K)
[2025-04-17T11:02:27.858+0000][947.688s][info][gc,heap        ] GC(634) Tenured: 14581K(22468K)->14582K(22468K)
[2025-04-17T11:02:27.858+0000][947.688s][info][gc,metaspace   ] GC(634) Metaspace: 37396K(37760K)->37396K(37760K) NonClass: 32971K(33152K)->32971K(33152K) Class: 4425K(4608K)->4425K(4608K)
[2025-04-17T11:02:27.858+0000][947.688s][info][gc             ] GC(634) Pause Young (Allocation Failure) 23M->14M(31M) 1.360ms
[2025-04-17T11:02:27.858+0000][947.688s][info][gc,cpu         ] GC(634) User=0.00s Sys=0.00s Real=0.00s
[2025-04-17T11:02:29.189+0000][949.020s][info][gc,start       ] GC(635) Pause Young (Allocation Failure)
[2025-04-17T11:02:29.191+0000][949.021s][info][gc,heap        ] GC(635) DefNew: 9172K(10176K)->100K(10176K) Eden: 9088K(9088K)->0K(9088K) From: 84K(1088K)->100K(1088K)
[2025-04-17T11:02:29.191+0000][949.021s][info][gc,heap        ] GC(635) Tenured: 14582K(22468K)->14585K(22468K)
[2025-04-17T11:02:29.191+0000][949.021s][info][gc,metaspace   ] GC(635) Metaspace: 37397K(37760K)->37397K(37760K) NonClass: 32971K(33152K)->32971K(33152K) Class: 4425K(4608K)->4425K(4608K)
[2025-04-17T11:02:29.191+0000][949.021s][info][gc             ] GC(635) Pause Young (Allocation Failure) 23M->14M(31M) 1.183ms
[2025-04-17T11:02:29.191+0000][949.021s][info][gc,cpu         ] GC(635) User=0.01s Sys=0.00s Real=0.00s
[2025-04-17T11:02:31.008+0000][950.838s][info][gc,start       ] GC(636) Pause Young (Allocation Failure)
[2025-04-17T11:02:31.009+0000][950.839s][info][gc,heap        ] GC(636) DefNew: 9188K(10176K)->83K(10176K) Eden: 9088K(9088K)->0K(9088K) From: 100K(1088K)->83K(1088K)
[2025-04-17T11:02:31.009+0000][950.839s][info][gc,heap        ] GC(636) Tenured: 14585K(22468K)->14585K(22468K)
[2025-04-17T11:02:31.009+0000][950.839s][info][gc,metaspace   ] GC(636) Metaspace: 37397K(37760K)->37397K(37760K) NonClass: 32971K(33152K)->32971K(33152K) Class: 4425K(4608K)->4425K(4608K)
[2025-04-17T11:02:31.009+0000][950.839s][info][gc             ] GC(636) Pause Young (Allocation Failure) 23M->14M(31M) 1.166ms
[2025-04-17T11:02:31.009+0000][950.839s][info][gc,cpu         ] GC(636) User=0.00s Sys=0.00s Real=0.00s
[2025-04-17T11:02:32.193+0000][952.023s][info][gc,start       ] GC(637) Pause Young (Allocation Failure)
[2025-04-17T11:02:32.194+0000][952.024s][info][gc,heap        ] GC(637) DefNew: 9171K(10176K)->81K(10176K) Eden: 9088K(9088K)->0K(9088K) From: 83K(1088K)->81K(1088K)
[2025-04-17T11:02:32.194+0000][952.024s][info][gc,heap        ] GC(637) Tenured: 14585K(22468K)->14586K(22468K)
[2025-04-17T11:02:32.194+0000][952.024s][info][gc,metaspace   ] GC(637) Metaspace: 37397K(37760K)->37397K(37760K) NonClass: 32971K(33152K)->32971K(33152K) Class: 4425K(4608K)->4425K(4608K)
[2025-04-17T11:02:32.194+0000][952.024s][info][gc             ] GC(637) Pause Young (Allocation Failure) 23M->14M(31M) 1.141ms
[2025-04-17T11:02:32.194+0000][952.024s][info][gc,cpu         ] GC(637) User=0.00s Sys=0.00s Real=0.01s
[2025-04-17T11:02:33.805+0000][953.636s][info][gc,start       ] GC(638) Pause Young (Allocation Failure)
[2025-04-17T11:02:33.807+0000][953.637s][info][gc,heap        ] GC(638) DefNew: 9169K(10176K)->87K(10176K) Eden: 9088K(9088K)->0K(9088K) From: 81K(1088K)->87K(1088K)
[2025-04-17T11:02:33.807+0000][953.637s][info][gc,heap        ] GC(638) Tenured: 14586K(22468K)->14586K(22468K)
[2025-04-17T11:02:33.807+0000][953.637s][info][gc,metaspace   ] GC(638) Metaspace: 37397K(37760K)->37397K(37760K) NonClass: 32971K(33152K)->32971K(33152K) Class: 4425K(4608K)->4425K(4608K)
[2025-04-17T11:02:33.807+0000][953.637s][info][gc             ] GC(638) Pause Young (Allocation Failure) 23M->14M(31M) 1.215ms
[2025-04-17T11:02:33.807+0000][953.637s][info][gc,cpu         ] GC(638) User=0.00s Sys=0.00s Real=0.00s
[2025-04-17T11:02:35.349+0000][955.179s][info][gc,start       ] GC(639) Pause Young (Allocation Failure)
[2025-04-17T11:02:35.350+0000][955.180s][info][gc,heap        ] GC(639) DefNew: 9175K(10176K)->81K(10176K) Eden: 9088K(9088K)->0K(9088K) From: 87K(1088K)->81K(1088K)
[2025-04-17T11:02:35.350+0000][955.180s][info][gc,heap        ] GC(639) Tenured: 14586K(22468K)->14590K(22468K)
[2025-04-17T11:02:35.350+0000][955.180s][info][gc,metaspace   ] GC(639) Metaspace: 37397K(37760K)->37397K(37760K) NonClass: 32971K(33152K)->32971K(33152K) Class: 4425K(4608K)->4425K(4608K)
[2025-04-17T11:02:35.350+0000][955.180s][info][gc             ] GC(639) Pause Young (Allocation Failure) 23M->14M(31M) 1.310ms
[2025-04-17T11:02:35.350+0000][955.180s][info][gc,cpu         ] GC(639) User=0.00s Sys=0.00s Real=0.00s
[2025-04-17T11:02:36.888+0000][956.719s][info][gc,start       ] GC(640) Pause Young (Allocation Failure)
[2025-04-17T11:02:36.890+0000][956.720s][info][gc,heap        ] GC(640) DefNew: 9169K(10176K)->100K(10176K) Eden: 9088K(9088K)->0K(9088K) From: 81K(1088K)->100K(1088K)
[2025-04-17T11:02:36.890+0000][956.720s][info][gc,heap        ] GC(640) Tenured: 14590K(22468K)->14590K(22468K)
[2025-04-17T11:02:36.890+0000][956.720s][info][gc,metaspace   ] GC(640) Metaspace: 37397K(37760K)->37397K(37760K) NonClass: 32971K(33152K)->32971K(33152K) Class: 4425K(4608K)->4425K(4608K)
[2025-04-17T11:02:36.890+0000][956.720s][info][gc             ] GC(640) Pause Young (Allocation Failure) 23M->14M(31M) 1.303ms
[2025-04-17T11:02:36.890+0000][956.720s][info][gc,cpu         ] GC(640) User=0.00s Sys=0.00s Real=0.00s
[2025-04-17T11:02:38.450+0000][958.280s][info][gc,start       ] GC(641) Pause Young (Allocation Failure)
[2025-04-17T11:02:38.451+0000][958.281s][info][gc,heap        ] GC(641) DefNew: 9188K(10176K)->88K(10176K) Eden: 9088K(9088K)->0K(9088K) From: 100K(1088K)->88K(1088K)
[2025-04-17T11:02:38.451+0000][958.281s][info][gc,heap        ] GC(641) Tenured: 14590K(22468K)->14591K(22468K)
[2025-04-17T11:02:38.451+0000][958.281s][info][gc,metaspace   ] GC(641) Metaspace: 37397K(37760K)->37397K(37760K) NonClass: 32971K(33152K)->32971K(33152K) Class: 4425K(4608K)->4425K(4608K)
[2025-04-17T11:02:38.451+0000][958.281s][info][gc             ] GC(641) Pause Young (Allocation Failure) 23M->14M(31M) 1.229ms
[2025-04-17T11:02:38.451+0000][958.281s][info][gc,cpu         ] GC(641) User=0.00s Sys=0.00s Real=0.00s
[2025-04-17T11:02:40.218+0000][960.049s][info][gc,start       ] GC(642) Pause Young (Allocation Failure)
[2025-04-17T11:02:40.220+0000][960.050s][info][gc,heap        ] GC(642) DefNew: 9160K(10176K)->82K(10176K) Eden: 9072K(9088K)->0K(9088K) From: 88K(1088K)->82K(1088K)
[2025-04-17T11:02:40.220+0000][960.050s][info][gc,heap        ] GC(642) Tenured: 14591K(22468K)->14592K(22468K)
[2025-04-17T11:02:40.220+0000][960.050s][info][gc,metaspace   ] GC(642) Metaspace: 37397K(37760K)->37397K(37760K) NonClass: 32971K(33152K)->32971K(33152K) Class: 4425K(4608K)->4425K(4608K)
[2025-04-17T11:02:40.220+0000][960.050s][info][gc             ] GC(642) Pause Young (Allocation Failure) 23M->14M(31M) 1.184ms
[2025-04-17T11:02:40.220+0000][960.050s][info][gc,cpu         ] GC(642) User=0.00s Sys=0.00s Real=0.00s
[2025-04-17T11:02:41.909+0000][961.740s][info][gc,start       ] GC(643) Pause Young (Allocation Failure)
[2025-04-17T11:02:41.911+0000][961.741s][info][gc,heap        ] GC(643) DefNew: 9170K(10176K)->89K(10176K) Eden: 9088K(9088K)->0K(9088K) From: 82K(1088K)->89K(1088K)
[2025-04-17T11:02:41.911+0000][961.741s][info][gc,heap        ] GC(643) Tenured: 14592K(22468K)->14594K(22468K)
[2025-04-17T11:02:41.911+0000][961.741s][info][gc,metaspace   ] GC(643) Metaspace: 37397K(37760K)->37397K(37760K) NonClass: 32971K(33152K)->32971K(33152K) Class: 4425K(4608K)->4425K(4608K)
[2025-04-17T11:02:41.911+0000][961.741s][info][gc             ] GC(643) Pause Young (Allocation Failure) 23M->14M(31M) 1.388ms
[2025-04-17T11:02:41.911+0000][961.741s][info][gc,cpu         ] GC(643) User=0.00s Sys=0.00s Real=0.00s
[2025-04-17T11:02:43.382+0000][963.212s][info][gc,start       ] GC(644) Pause Young (Allocation Failure)
[2025-04-17T11:02:43.383+0000][963.213s][info][gc,heap        ] GC(644) DefNew: 9177K(10176K)->97K(10176K) Eden: 9088K(9088K)->0K(9088K) From: 89K(1088K)->97K(1088K)
[2025-04-17T11:02:43.383+0000][963.214s][info][gc,heap        ] GC(644) Tenured: 14594K(22468K)->14594K(22468K)
[2025-04-17T11:02:43.383+0000][963.214s][info][gc,metaspace   ] GC(644) Metaspace: 37397K(37760K)->37397K(37760K) NonClass: 32971K(33152K)->32971K(33152K) Class: 4425K(4608K)->4425K(4608K)
[2025-04-17T11:02:43.383+0000][963.214s][info][gc             ] GC(644) Pause Young (Allocation Failure) 23M->14M(31M) 1.214ms
[2025-04-17T11:02:43.383+0000][963.214s][info][gc,cpu         ] GC(644) User=0.00s Sys=0.00s Real=0.00s
[2025-04-17T11:02:45.099+0000][964.929s][info][gc,start       ] GC(645) Pause Young (Allocation Failure)
[2025-04-17T11:02:45.100+0000][964.931s][info][gc,heap        ] GC(645) DefNew: 9185K(10176K)->79K(10176K) Eden: 9088K(9088K)->0K(9088K) From: 97K(1088K)->79K(1088K)
[2025-04-17T11:02:45.100+0000][964.931s][info][gc,heap        ] GC(645) Tenured: 14594K(22468K)->14595K(22468K)
[2025-04-17T11:02:45.100+0000][964.931s][info][gc,metaspace   ] GC(645) Metaspace: 37397K(37760K)->37397K(37760K) NonClass: 32971K(33152K)->32971K(33152K) Class: 4425K(4608K)->4425K(4608K)
[2025-04-17T11:02:45.100+0000][964.931s][info][gc             ] GC(645) Pause Young (Allocation Failure) 23M->14M(31M) 1.196ms
[2025-04-17T11:02:45.100+0000][964.931s][info][gc,cpu         ] GC(645) User=0.00s Sys=0.00s Real=0.00s
[2025-04-17T11:02:46.667+0000][966.497s][info][gc,start       ] GC(646) Pause Young (Allocation Failure)
[2025-04-17T11:02:46.668+0000][966.498s][info][gc,heap        ] GC(646) DefNew: 9167K(10176K)->78K(10176K) Eden: 9088K(9088K)->0K(9088K) From: 79K(1088K)->78K(1088K)
[2025-04-17T11:02:46.668+0000][966.498s][info][gc,heap        ] GC(646) Tenured: 14595K(22468K)->14596K(22468K)
[2025-04-17T11:02:46.668+0000][966.498s][info][gc,metaspace   ] GC(646) Metaspace: 37397K(37760K)->37397K(37760K) NonClass: 32971K(33152K)->32971K(33152K) Class: 4425K(4608K)->4425K(4608K)
[2025-04-17T11:02:46.668+0000][966.498s][info][gc             ] GC(646) Pause Young (Allocation Failure) 23M->14M(31M) 1.370ms
[2025-04-17T11:02:46.668+0000][966.498s][info][gc,cpu         ] GC(646) User=0.01s Sys=0.00s Real=0.00s
[2025-04-17T11:02:48.147+0000][967.977s][info][gc,start       ] GC(647) Pause Young (Allocation Failure)
[2025-04-17T11:02:48.149+0000][967.979s][info][gc,heap        ] GC(647) DefNew: 9166K(10176K)->91K(10176K) Eden: 9088K(9088K)->0K(9088K) From: 78K(1088K)->91K(1088K)
[2025-04-17T11:02:48.149+0000][967.979s][info][gc,heap        ] GC(647) Tenured: 14596K(22468K)->14596K(22468K)
[2025-04-17T11:02:48.149+0000][967.979s][info][gc,metaspace   ] GC(647) Metaspace: 37397K(37760K)->37397K(37760K) NonClass: 32971K(33152K)->32971K(33152K) Class: 4425K(4608K)->4425K(4608K)
[2025-04-17T11:02:48.149+0000][967.979s][info][gc             ] GC(647) Pause Young (Allocation Failure) 23M->14M(31M) 1.332ms
[2025-04-17T11:02:48.149+0000][967.979s][info][gc,cpu         ] GC(647) User=0.00s Sys=0.00s Real=0.00s
[2025-04-17T11:02:49.837+0000][969.668s][info][gc,start       ] GC(648) Pause Young (Allocation Failure)
[2025-04-17T11:02:49.839+0000][969.669s][info][gc,heap        ] GC(648) DefNew: 9179K(10176K)->94K(10176K) Eden: 9088K(9088K)->0K(9088K) From: 91K(1088K)->94K(1088K)
[2025-04-17T11:02:49.839+0000][969.669s][info][gc,heap        ] GC(648) Tenured: 14596K(22468K)->14596K(22468K)
[2025-04-17T11:02:49.839+0000][969.669s][info][gc,metaspace   ] GC(648) Metaspace: 37397K(37760K)->37397K(37760K) NonClass: 32971K(33152K)->32971K(33152K) Class: 4425K(4608K)->4425K(4608K)
[2025-04-17T11:02:49.839+0000][969.669s][info][gc             ] GC(648) Pause Young (Allocation Failure) 23M->14M(31M) 1.263ms
[2025-04-17T11:02:49.839+0000][969.669s][info][gc,cpu         ] GC(648) User=0.00s Sys=0.00s Real=0.00s
[2025-04-17T11:02:51.436+0000][971.266s][info][gc,start       ] GC(649) Pause Young (Allocation Failure)
[2025-04-17T11:02:51.437+0000][971.267s][info][gc,heap        ] GC(649) DefNew: 9180K(10176K)->97K(10176K) Eden: 9085K(9088K)->0K(9088K) From: 94K(1088K)->97K(1088K)
[2025-04-17T11:02:51.437+0000][971.267s][info][gc,heap        ] GC(649) Tenured: 14596K(22468K)->14596K(22468K)
[2025-04-17T11:02:51.437+0000][971.267s][info][gc,metaspace   ] GC(649) Metaspace: 37397K(37760K)->37397K(37760K) NonClass: 32971K(33152K)->32971K(33152K) Class: 4425K(4608K)->4425K(4608K)
[2025-04-17T11:02:51.437+0000][971.267s][info][gc             ] GC(649) Pause Young (Allocation Failure) 23M->14M(31M) 1.296ms
[2025-04-17T11:02:51.437+0000][971.267s][info][gc,cpu         ] GC(649) User=0.00s Sys=0.00s Real=0.00s
[2025-04-17T11:02:52.999+0000][972.829s][info][gc,start       ] GC(650) Pause Young (Allocation Failure)
[2025-04-17T11:02:53.000+0000][972.831s][info][gc,heap        ] GC(650) DefNew: 9185K(10176K)->77K(10176K) Eden: 9088K(9088K)->0K(9088K) From: 97K(1088K)->77K(1088K)
[2025-04-17T11:02:53.000+0000][972.831s][info][gc,heap        ] GC(650) Tenured: 14596K(22468K)->14597K(22468K)
[2025-04-17T11:02:53.000+0000][972.831s][info][gc,metaspace   ] GC(650) Metaspace: 37397K(37760K)->37397K(37760K) NonClass: 32971K(33152K)->32971K(33152K) Class: 4425K(4608K)->4425K(4608K)
[2025-04-17T11:02:53.000+0000][972.831s][info][gc             ] GC(650) Pause Young (Allocation Failure) 23M->14M(31M) 1.331ms
[2025-04-17T11:02:53.000+0000][972.831s][info][gc,cpu         ] GC(650) User=0.00s Sys=0.00s Real=0.00s
[2025-04-17T11:02:54.503+0000][974.334s][info][gc,start       ] GC(651) Pause Young (Allocation Failure)
[2025-04-17T11:02:54.505+0000][974.335s][info][gc,heap        ] GC(651) DefNew: 9165K(10176K)->79K(10176K) Eden: 9088K(9088K)->0K(9088K) From: 77K(1088K)->79K(1088K)
[2025-04-17T11:02:54.505+0000][974.335s][info][gc,heap        ] GC(651) Tenured: 14597K(22468K)->14597K(22468K)
[2025-04-17T11:02:54.505+0000][974.335s][info][gc,metaspace   ] GC(651) Metaspace: 37397K(37760K)->37397K(37760K) NonClass: 32971K(33152K)->32971K(33152K) Class: 4425K(4608K)->4425K(4608K)
[2025-04-17T11:02:54.505+0000][974.335s][info][gc             ] GC(651) Pause Young (Allocation Failure) 23M->14M(31M) 1.852ms
[2025-04-17T11:02:54.505+0000][974.335s][info][gc,cpu         ] GC(651) User=0.00s Sys=0.00s Real=0.01s
[2025-04-17T11:02:56.249+0000][976.080s][info][gc,start       ] GC(652) Pause Young (Allocation Failure)
[2025-04-17T11:02:56.251+0000][976.081s][info][gc,heap        ] GC(652) DefNew: 9167K(10176K)->93K(10176K) Eden: 9088K(9088K)->0K(9088K) From: 79K(1088K)->93K(1088K)
[2025-04-17T11:02:56.251+0000][976.081s][info][gc,heap        ] GC(652) Tenured: 14597K(22468K)->14597K(22468K)
[2025-04-17T11:02:56.251+0000][976.081s][info][gc,metaspace   ] GC(652) Metaspace: 37397K(37760K)->37397K(37760K) NonClass: 32971K(33152K)->32971K(33152K) Class: 4425K(4608K)->4425K(4608K)
[2025-04-17T11:02:56.251+0000][976.081s][info][gc             ] GC(652) Pause Young (Allocation Failure) 23M->14M(31M) 1.374ms
[2025-04-17T11:02:56.251+0000][976.081s][info][gc,cpu         ] GC(652) User=0.00s Sys=0.00s Real=0.00s
[2025-04-17T11:02:57.798+0000][977.629s][info][gc,start       ] GC(653) Pause Young (Allocation Failure)
[2025-04-17T11:02:57.800+0000][977.630s][info][gc,heap        ] GC(653) DefNew: 9181K(10176K)->73K(10176K) Eden: 9088K(9088K)->0K(9088K) From: 93K(1088K)->73K(1088K)
[2025-04-17T11:02:57.800+0000][977.630s][info][gc,heap        ] GC(653) Tenured: 14597K(22468K)->14599K(22468K)
[2025-04-17T11:02:57.800+0000][977.630s][info][gc,metaspace   ] GC(653) Metaspace: 37397K(37760K)->37397K(37760K) NonClass: 32971K(33152K)->32971K(33152K) Class: 4425K(4608K)->4425K(4608K)
[2025-04-17T11:02:57.800+0000][977.630s][info][gc             ] GC(653) Pause Young (Allocation Failure) 23M->14M(31M) 1.256ms
[2025-04-17T11:02:57.800+0000][977.630s][info][gc,cpu         ] GC(653) User=0.00s Sys=0.00s Real=0.00s
[2025-04-17T11:02:59.372+0000][979.202s][info][gc,start       ] GC(654) Pause Young (Allocation Failure)
[2025-04-17T11:02:59.373+0000][979.204s][info][gc,heap        ] GC(654) DefNew: 9161K(10176K)->76K(10176K) Eden: 9088K(9088K)->0K(9088K) From: 73K(1088K)->76K(1088K)
[2025-04-17T11:02:59.373+0000][979.204s][info][gc,heap        ] GC(654) Tenured: 14599K(22468K)->14599K(22468K)
[2025-04-17T11:02:59.373+0000][979.204s][info][gc,metaspace   ] GC(654) Metaspace: 37397K(37760K)->37397K(37760K) NonClass: 32971K(33152K)->32971K(33152K) Class: 4425K(4608K)->4425K(4608K)
[2025-04-17T11:02:59.373+0000][979.204s][info][gc             ] GC(654) Pause Young (Allocation Failure) 23M->14M(31M) 1.338ms
[2025-04-17T11:02:59.373+0000][979.204s][info][gc,cpu         ] GC(654) User=0.00s Sys=0.00s Real=0.00s
[2025-04-17T11:03:00.829+0000][980.659s][info][gc,start       ] GC(655) Pause Young (Allocation Failure)
[2025-04-17T11:03:00.830+0000][980.660s][info][gc,heap        ] GC(655) DefNew: 9164K(10176K)->71K(10176K) Eden: 9088K(9088K)->0K(9088K) From: 76K(1088K)->71K(1088K)
[2025-04-17T11:03:00.830+0000][980.660s][info][gc,heap        ] GC(655) Tenured: 14599K(22468K)->14600K(22468K)
[2025-04-17T11:03:00.830+0000][980.660s][info][gc,metaspace   ] GC(655) Metaspace: 37397K(37760K)->37397K(37760K) NonClass: 32971K(33152K)->32971K(33152K) Class: 4425K(4608K)->4425K(4608K)
[2025-04-17T11:03:00.830+0000][980.660s][info][gc             ] GC(655) Pause Young (Allocation Failure) 23M->14M(31M) 1.231ms
[2025-04-17T11:03:00.830+0000][980.660s][info][gc,cpu         ] GC(655) User=0.00s Sys=0.00s Real=0.00s
[2025-04-17T11:03:02.447+0000][982.277s][info][gc,start       ] GC(656) Pause Young (Allocation Failure)
[2025-04-17T11:03:02.448+0000][982.278s][info][gc,heap        ] GC(656) DefNew: 9155K(10176K)->82K(10176K) Eden: 9084K(9088K)->0K(9088K) From: 71K(1088K)->82K(1088K)
[2025-04-17T11:03:02.448+0000][982.278s][info][gc,heap        ] GC(656) Tenured: 14600K(22468K)->14600K(22468K)
[2025-04-17T11:03:02.448+0000][982.278s][info][gc,metaspace   ] GC(656) Metaspace: 37397K(37760K)->37397K(37760K) NonClass: 32971K(33152K)->32971K(33152K) Class: 4425K(4608K)->4425K(4608K)
[2025-04-17T11:03:02.448+0000][982.278s][info][gc             ] GC(656) Pause Young (Allocation Failure) 23M->14M(31M) 1.257ms
[2025-04-17T11:03:02.448+0000][982.278s][info][gc,cpu         ] GC(656) User=0.01s Sys=0.00s Real=0.00s
[2025-04-17T11:03:04.151+0000][983.981s][info][gc,start       ] GC(657) Pause Young (Allocation Failure)
[2025-04-17T11:03:04.152+0000][983.982s][info][gc,heap        ] GC(657) DefNew: 9154K(10176K)->77K(10176K) Eden: 9072K(9088K)->0K(9088K) From: 82K(1088K)->77K(1088K)
[2025-04-17T11:03:04.152+0000][983.982s][info][gc,heap        ] GC(657) Tenured: 14600K(22468K)->14600K(22468K)
[2025-04-17T11:03:04.152+0000][983.982s][info][gc,metaspace   ] GC(657) Metaspace: 37397K(37760K)->37397K(37760K) NonClass: 32971K(33152K)->32971K(33152K) Class: 4425K(4608K)->4425K(4608K)
[2025-04-17T11:03:04.152+0000][983.982s][info][gc             ] GC(657) Pause Young (Allocation Failure) 23M->14M(31M) 1.295ms
[2025-04-17T11:03:04.152+0000][983.982s][info][gc,cpu         ] GC(657) User=0.00s Sys=0.00s Real=0.00s
[2025-04-17T11:03:05.828+0000][985.658s][info][gc,start       ] GC(658) Pause Young (Allocation Failure)
[2025-04-17T11:03:05.829+0000][985.659s][info][gc,heap        ] GC(658) DefNew: 9165K(10176K)->76K(10176K) Eden: 9088K(9088K)->0K(9088K) From: 77K(1088K)->76K(1088K)
[2025-04-17T11:03:05.829+0000][985.659s][info][gc,heap        ] GC(658) Tenured: 14600K(22468K)->14601K(22468K)
[2025-04-17T11:03:05.829+0000][985.659s][info][gc,metaspace   ] GC(658) Metaspace: 37397K(37760K)->37397K(37760K) NonClass: 32971K(33152K)->32971K(33152K) Class: 4425K(4608K)->4425K(4608K)
[2025-04-17T11:03:05.829+0000][985.659s][info][gc             ] GC(658) Pause Young (Allocation Failure) 23M->14M(31M) 1.193ms
[2025-04-17T11:03:05.829+0000][985.660s][info][gc,cpu         ] GC(658) User=0.00s Sys=0.00s Real=0.00s
[2025-04-17T11:03:07.452+0000][987.282s][info][gc,start       ] GC(659) Pause Young (Allocation Failure)
[2025-04-17T11:03:07.453+0000][987.283s][info][gc,heap        ] GC(659) DefNew: 9164K(10176K)->90K(10176K) Eden: 9088K(9088K)->0K(9088K) From: 76K(1088K)->90K(1088K)
[2025-04-17T11:03:07.453+0000][987.283s][info][gc,heap        ] GC(659) Tenured: 14601K(22468K)->14602K(22468K)
[2025-04-17T11:03:07.453+0000][987.283s][info][gc,metaspace   ] GC(659) Metaspace: 37397K(37760K)->37397K(37760K) NonClass: 32971K(33152K)->32971K(33152K) Class: 4425K(4608K)->4425K(4608K)
[2025-04-17T11:03:07.453+0000][987.283s][info][gc             ] GC(659) Pause Young (Allocation Failure) 23M->14M(31M) 1.297ms
[2025-04-17T11:03:07.453+0000][987.283s][info][gc,cpu         ] GC(659) User=0.01s Sys=0.00s Real=0.00s
[2025-04-17T11:03:08.908+0000][988.739s][info][gc,start       ] GC(660) Pause Young (Allocation Failure)
[2025-04-17T11:03:08.910+0000][988.740s][info][gc,heap        ] GC(660) DefNew: 9178K(10176K)->71K(10176K) Eden: 9088K(9088K)->0K(9088K) From: 90K(1088K)->71K(1088K)
[2025-04-17T11:03:08.910+0000][988.740s][info][gc,heap        ] GC(660) Tenured: 14602K(22468K)->14602K(22468K)
[2025-04-17T11:03:08.910+0000][988.740s][info][gc,metaspace   ] GC(660) Metaspace: 37397K(37760K)->37397K(37760K) NonClass: 32971K(33152K)->32971K(33152K) Class: 4425K(4608K)->4425K(4608K)
[2025-04-17T11:03:08.910+0000][988.740s][info][gc             ] GC(660) Pause Young (Allocation Failure) 23M->14M(31M) 1.226ms
[2025-04-17T11:03:08.910+0000][988.740s][info][gc,cpu         ] GC(660) User=0.00s Sys=0.00s Real=0.00s
[2025-04-17T11:03:10.505+0000][990.335s][info][gc,start       ] GC(661) Pause Young (Allocation Failure)
[2025-04-17T11:03:10.506+0000][990.336s][info][gc,heap        ] GC(661) DefNew: 9150K(10176K)->91K(10176K) Eden: 9079K(9088K)->0K(9088K) From: 71K(1088K)->91K(1088K)
[2025-04-17T11:03:10.506+0000][990.336s][info][gc,heap        ] GC(661) Tenured: 14602K(22468K)->14602K(22468K)
[2025-04-17T11:03:10.506+0000][990.336s][info][gc,metaspace   ] GC(661) Metaspace: 37397K(37760K)->37397K(37760K) NonClass: 32971K(33152K)->32971K(33152K) Class: 4425K(4608K)->4425K(4608K)
[2025-04-17T11:03:10.506+0000][990.336s][info][gc             ] GC(661) Pause Young (Allocation Failure) 23M->14M(31M) 1.173ms
[2025-04-17T11:03:10.506+0000][990.336s][info][gc,cpu         ] GC(661) User=0.00s Sys=0.00s Real=0.00s
[2025-04-17T11:03:12.043+0000][991.873s][info][gc,start       ] GC(662) Pause Young (Allocation Failure)
[2025-04-17T11:03:12.044+0000][991.874s][info][gc,heap        ] GC(662) DefNew: 9179K(10176K)->72K(10176K) Eden: 9088K(9088K)->0K(9088K) From: 91K(1088K)->72K(1088K)
[2025-04-17T11:03:12.044+0000][991.874s][info][gc,heap        ] GC(662) Tenured: 14602K(22468K)->14602K(22468K)
[2025-04-17T11:03:12.044+0000][991.874s][info][gc,metaspace   ] GC(662) Metaspace: 37397K(37760K)->37397K(37760K) NonClass: 32971K(33152K)->32971K(33152K) Class: 4425K(4608K)->4425K(4608K)
[2025-04-17T11:03:12.044+0000][991.874s][info][gc             ] GC(662) Pause Young (Allocation Failure) 23M->14M(31M) 1.287ms
[2025-04-17T11:03:12.044+0000][991.875s][info][gc,cpu         ] GC(662) User=0.00s Sys=0.00s Real=0.01s
[2025-04-17T11:03:13.416+0000][993.246s][info][gc,start       ] GC(663) Pause Young (Allocation Failure)
[2025-04-17T11:03:13.417+0000][993.247s][info][gc,heap        ] GC(663) DefNew: 9160K(10176K)->88K(10176K) Eden: 9088K(9088K)->0K(9088K) From: 72K(1088K)->88K(1088K)
[2025-04-17T11:03:13.417+0000][993.247s][info][gc,heap        ] GC(663) Tenured: 14602K(22468K)->14602K(22468K)
[2025-04-17T11:03:13.417+0000][993.247s][info][gc,metaspace   ] GC(663) Metaspace: 37397K(37760K)->37397K(37760K) NonClass: 32971K(33152K)->32971K(33152K) Class: 4425K(4608K)->4425K(4608K)
[2025-04-17T11:03:13.417+0000][993.248s][info][gc             ] GC(663) Pause Young (Allocation Failure) 23M->14M(31M) 1.256ms
[2025-04-17T11:03:13.417+0000][993.248s][info][gc,cpu         ] GC(663) User=0.00s Sys=0.00s Real=0.00s
[2025-04-17T11:03:15.030+0000][994.860s][info][gc,start       ] GC(664) Pause Young (Allocation Failure)
[2025-04-17T11:03:15.031+0000][994.861s][info][gc,heap        ] GC(664) DefNew: 9176K(10176K)->79K(10176K) Eden: 9087K(9088K)->0K(9088K) From: 88K(1088K)->79K(1088K)
[2025-04-17T11:03:15.031+0000][994.861s][info][gc,heap        ] GC(664) Tenured: 14602K(22468K)->14602K(22468K)
[2025-04-17T11:03:15.031+0000][994.861s][info][gc,metaspace   ] GC(664) Metaspace: 37397K(37760K)->37397K(37760K) NonClass: 32971K(33152K)->32971K(33152K) Class: 4425K(4608K)->4425K(4608K)
[2025-04-17T11:03:15.031+0000][994.861s][info][gc             ] GC(664) Pause Young (Allocation Failure) 23M->14M(31M) 1.284ms
[2025-04-17T11:03:15.031+0000][994.861s][info][gc,cpu         ] GC(664) User=0.00s Sys=0.00s Real=0.00s
[2025-04-17T11:03:16.523+0000][996.353s][info][gc,start       ] GC(665) Pause Young (Allocation Failure)
[2025-04-17T11:03:16.524+0000][996.354s][info][gc,heap        ] GC(665) DefNew: 9167K(10176K)->75K(10176K) Eden: 9088K(9088K)->0K(9088K) From: 79K(1088K)->75K(1088K)
[2025-04-17T11:03:16.524+0000][996.354s][info][gc,heap        ] GC(665) Tenured: 14602K(22468K)->14602K(22468K)
[2025-04-17T11:03:16.524+0000][996.354s][info][gc,metaspace   ] GC(665) Metaspace: 37397K(37760K)->37397K(37760K) NonClass: 32971K(33152K)->32971K(33152K) Class: 4425K(4608K)->4425K(4608K)
[2025-04-17T11:03:16.524+0000][996.354s][info][gc             ] GC(665) Pause Young (Allocation Failure) 23M->14M(31M) 1.167ms
[2025-04-17T11:03:16.524+0000][996.354s][info][gc,cpu         ] GC(665) User=0.00s Sys=0.00s Real=0.01s
[2025-04-17T11:03:18.172+0000][998.002s][info][gc,start       ] GC(666) Pause Young (Allocation Failure)
[2025-04-17T11:03:18.173+0000][998.003s][info][gc,heap        ] GC(666) DefNew: 9163K(10176K)->74K(10176K) Eden: 9088K(9088K)->0K(9088K) From: 75K(1088K)->74K(1088K)
[2025-04-17T11:03:18.173+0000][998.003s][info][gc,heap        ] GC(666) Tenured: 14602K(22468K)->14602K(22468K)
[2025-04-17T11:03:18.173+0000][998.003s][info][gc,metaspace   ] GC(666) Metaspace: 37397K(37760K)->37397K(37760K) NonClass: 32971K(33152K)->32971K(33152K) Class: 4425K(4608K)->4425K(4608K)
[2025-04-17T11:03:18.173+0000][998.003s][info][gc             ] GC(666) Pause Young (Allocation Failure) 23M->14M(31M) 1.282ms
[2025-04-17T11:03:18.173+0000][998.003s][info][gc,cpu         ] GC(666) User=0.00s Sys=0.00s Real=0.00s
[2025-04-17T11:03:19.587+0000][999.418s][info][gc,start       ] GC(667) Pause Young (Allocation Failure)
[2025-04-17T11:03:19.589+0000][999.419s][info][gc,heap        ] GC(667) DefNew: 9162K(10176K)->90K(10176K) Eden: 9088K(9088K)->0K(9088K) From: 74K(1088K)->90K(1088K)
[2025-04-17T11:03:19.589+0000][999.419s][info][gc,heap        ] GC(667) Tenured: 14602K(22468K)->14602K(22468K)
[2025-04-17T11:03:19.589+0000][999.419s][info][gc,metaspace   ] GC(667) Metaspace: 37397K(37760K)->37397K(37760K) NonClass: 32971K(33152K)->32971K(33152K) Class: 4425K(4608K)->4425K(4608K)
[2025-04-17T11:03:19.589+0000][999.419s][info][gc             ] GC(667) Pause Young (Allocation Failure) 23M->14M(31M) 1.263ms
[2025-04-17T11:03:19.589+0000][999.419s][info][gc,cpu         ] GC(667) User=0.01s Sys=0.00s Real=0.00s
[2025-04-17T11:03:21.363+0000][1001.193s][info][gc,start       ] GC(668) Pause Young (Allocation Failure)
[2025-04-17T11:03:21.364+0000][1001.194s][info][gc,heap        ] GC(668) DefNew: 9178K(10176K)->79K(10176K) Eden: 9088K(9088K)->0K(9088K) From: 90K(1088K)->79K(1088K)
[2025-04-17T11:03:21.364+0000][1001.194s][info][gc,heap        ] GC(668) Tenured: 14602K(22468K)->14602K(22468K)
[2025-04-17T11:03:21.364+0000][1001.194s][info][gc,metaspace   ] GC(668) Metaspace: 37397K(37760K)->37397K(37760K) NonClass: 32971K(33152K)->32971K(33152K) Class: 4425K(4608K)->4425K(4608K)
[2025-04-17T11:03:21.364+0000][1001.194s][info][gc             ] GC(668) Pause Young (Allocation Failure) 23M->14M(31M) 1.112ms
[2025-04-17T11:03:21.364+0000][1001.194s][info][gc,cpu         ] GC(668) User=0.00s Sys=0.00s Real=0.01s
[2025-04-17T11:03:23.095+0000][1002.925s][info][gc,start       ] GC(669) Pause Young (Allocation Failure)
[2025-04-17T11:03:23.096+0000][1002.926s][info][gc,heap        ] GC(669) DefNew: 9167K(10176K)->75K(10176K) Eden: 9088K(9088K)->0K(9088K) From: 79K(1088K)->75K(1088K)
[2025-04-17T11:03:23.096+0000][1002.926s][info][gc,heap        ] GC(669) Tenured: 14602K(22468K)->14602K(22468K)
[2025-04-17T11:03:23.096+0000][1002.926s][info][gc,metaspace   ] GC(669) Metaspace: 37397K(37760K)->37397K(37760K) NonClass: 32971K(33152K)->32971K(33152K) Class: 4425K(4608K)->4425K(4608K)
[2025-04-17T11:03:23.096+0000][1002.926s][info][gc             ] GC(669) Pause Young (Allocation Failure) 23M->14M(31M) 1.250ms
[2025-04-17T11:03:23.096+0000][1002.926s][info][gc,cpu         ] GC(669) User=0.00s Sys=0.00s Real=0.00s
[2025-04-17T11:03:24.640+0000][1004.470s][info][gc,start       ] GC(670) Pause Young (Allocation Failure)
[2025-04-17T11:03:24.641+0000][1004.472s][info][gc,heap        ] GC(670) DefNew: 9163K(10176K)->71K(10176K) Eden: 9087K(9088K)->0K(9088K) From: 75K(1088K)->71K(1088K)
[2025-04-17T11:03:24.641+0000][1004.472s][info][gc,heap        ] GC(670) Tenured: 14602K(22468K)->14602K(22468K)
[2025-04-17T11:03:24.641+0000][1004.472s][info][gc,metaspace   ] GC(670) Metaspace: 37397K(37760K)->37397K(37760K) NonClass: 32971K(33152K)->32971K(33152K) Class: 4425K(4608K)->4425K(4608K)
[2025-04-17T11:03:24.641+0000][1004.472s][info][gc             ] GC(670) Pause Young (Allocation Failure) 23M->14M(31M) 1.319ms
[2025-04-17T11:03:24.641+0000][1004.472s][info][gc,cpu         ] GC(670) User=0.00s Sys=0.00s Real=0.00s
[2025-04-17T11:03:26.347+0000][1006.177s][info][gc,start       ] GC(671) Pause Young (Allocation Failure)
[2025-04-17T11:03:26.348+0000][1006.179s][info][gc,heap        ] GC(671) DefNew: 9159K(10176K)->88K(10176K) Eden: 9088K(9088K)->0K(9088K) From: 71K(1088K)->88K(1088K)
[2025-04-17T11:03:26.348+0000][1006.179s][info][gc,heap        ] GC(671) Tenured: 14602K(22468K)->14602K(22468K)
[2025-04-17T11:03:26.348+0000][1006.179s][info][gc,metaspace   ] GC(671) Metaspace: 37397K(37760K)->37397K(37760K) NonClass: 32971K(33152K)->32971K(33152K) Class: 4425K(4608K)->4425K(4608K)
[2025-04-17T11:03:26.348+0000][1006.179s][info][gc             ] GC(671) Pause Young (Allocation Failure) 23M->14M(31M) 1.294ms
[2025-04-17T11:03:26.348+0000][1006.179s][info][gc,cpu         ] GC(671) User=0.00s Sys=0.00s Real=0.00s
[2025-04-17T11:03:27.924+0000][1007.754s][info][gc,start       ] GC(672) Pause Young (Allocation Failure)
[2025-04-17T11:03:27.925+0000][1007.755s][info][gc,heap        ] GC(672) DefNew: 9176K(10176K)->73K(10176K) Eden: 9088K(9088K)->0K(9088K) From: 88K(1088K)->73K(1088K)
[2025-04-17T11:03:27.925+0000][1007.755s][info][gc,heap        ] GC(672) Tenured: 14602K(22468K)->14602K(22468K)
[2025-04-17T11:03:27.925+0000][1007.755s][info][gc,metaspace   ] GC(672) Metaspace: 37397K(37760K)->37397K(37760K) NonClass: 32971K(33152K)->32971K(33152K) Class: 4425K(4608K)->4425K(4608K)
[2025-04-17T11:03:27.925+0000][1007.755s][info][gc             ] GC(672) Pause Young (Allocation Failure) 23M->14M(31M) 1.188ms
[2025-04-17T11:03:27.925+0000][1007.755s][info][gc,cpu         ] GC(672) User=0.00s Sys=0.00s Real=0.01s
[2025-04-17T11:03:29.317+0000][1009.148s][info][gc,start       ] GC(673) Pause Young (Allocation Failure)
[2025-04-17T11:03:29.319+0000][1009.149s][info][gc,heap        ] GC(673) DefNew: 9161K(10176K)->71K(10176K) Eden: 9088K(9088K)->0K(9088K) From: 73K(1088K)->71K(1088K)
[2025-04-17T11:03:29.319+0000][1009.149s][info][gc,heap        ] GC(673) Tenured: 14602K(22468K)->14602K(22468K)
[2025-04-17T11:03:29.319+0000][1009.149s][info][gc,metaspace   ] GC(673) Metaspace: 37397K(37760K)->37397K(37760K) NonClass: 32971K(33152K)->32971K(33152K) Class: 4425K(4608K)->4425K(4608K)
[2025-04-17T11:03:29.319+0000][1009.149s][info][gc             ] GC(673) Pause Young (Allocation Failure) 23M->14M(31M) 1.268ms
[2025-04-17T11:03:29.319+0000][1009.149s][info][gc,cpu         ] GC(673) User=0.00s Sys=0.00s Real=0.00s
[2025-04-17T11:03:30.796+0000][1010.627s][info][gc,start       ] GC(674) Pause Young (Allocation Failure)
[2025-04-17T11:03:30.798+0000][1010.628s][info][gc,heap        ] GC(674) DefNew: 9159K(10176K)->71K(10176K) Eden: 9088K(9088K)->0K(9088K) From: 71K(1088K)->71K(1088K)
[2025-04-17T11:03:30.798+0000][1010.628s][info][gc,heap        ] GC(674) Tenured: 14602K(22468K)->14602K(22468K)
[2025-04-17T11:03:30.798+0000][1010.628s][info][gc,metaspace   ] GC(674) Metaspace: 37397K(37760K)->37397K(37760K) NonClass: 32971K(33152K)->32971K(33152K) Class: 4425K(4608K)->4425K(4608K)
[2025-04-17T11:03:30.798+0000][1010.628s][info][gc             ] GC(674) Pause Young (Allocation Failure) 23M->14M(31M) 1.271ms
[2025-04-17T11:03:30.798+0000][1010.628s][info][gc,cpu         ] GC(674) User=0.00s Sys=0.00s Real=0.00s
[2025-04-17T11:03:32.527+0000][1012.357s][info][gc,start       ] GC(675) Pause Young (Allocation Failure)
[2025-04-17T11:03:32.528+0000][1012.358s][info][gc,heap        ] GC(675) DefNew: 9159K(10176K)->86K(10176K) Eden: 9087K(9088K)->0K(9088K) From: 71K(1088K)->86K(1088K)
[2025-04-17T11:03:32.528+0000][1012.358s][info][gc,heap        ] GC(675) Tenured: 14602K(22468K)->14602K(22468K)
[2025-04-17T11:03:32.528+0000][1012.358s][info][gc,metaspace   ] GC(675) Metaspace: 37397K(37760K)->37397K(37760K) NonClass: 32971K(33152K)->32971K(33152K) Class: 4425K(4608K)->4425K(4608K)
[2025-04-17T11:03:32.528+0000][1012.358s][info][gc             ] GC(675) Pause Young (Allocation Failure) 23M->14M(31M) 1.236ms
[2025-04-17T11:03:32.528+0000][1012.358s][info][gc,cpu         ] GC(675) User=0.01s Sys=0.00s Real=0.00s
[2025-04-17T11:03:33.898+0000][1013.728s][info][gc,start       ] GC(676) Pause Young (Allocation Failure)
[2025-04-17T11:03:33.899+0000][1013.729s][info][gc,heap        ] GC(676) DefNew: 9164K(10176K)->75K(10176K) Eden: 9077K(9088K)->0K(9088K) From: 86K(1088K)->75K(1088K)
[2025-04-17T11:03:33.899+0000][1013.729s][info][gc,heap        ] GC(676) Tenured: 14602K(22468K)->14602K(22468K)
[2025-04-17T11:03:33.899+0000][1013.729s][info][gc,metaspace   ] GC(676) Metaspace: 37397K(37760K)->37397K(37760K) NonClass: 32971K(33152K)->32971K(33152K) Class: 4425K(4608K)->4425K(4608K)
[2025-04-17T11:03:33.899+0000][1013.729s][info][gc             ] GC(676) Pause Young (Allocation Failure) 23M->14M(31M) 1.173ms
[2025-04-17T11:03:33.899+0000][1013.729s][info][gc,cpu         ] GC(676) User=0.00s Sys=0.00s Real=0.00s
[2025-04-17T11:03:35.696+0000][1015.526s][info][gc,start       ] GC(677) Pause Young (Allocation Failure)
[2025-04-17T11:03:35.697+0000][1015.527s][info][gc,heap        ] GC(677) DefNew: 9163K(10176K)->70K(10176K) Eden: 9088K(9088K)->0K(9088K) From: 75K(1088K)->70K(1088K)
[2025-04-17T11:03:35.697+0000][1015.527s][info][gc,heap        ] GC(677) Tenured: 14602K(22468K)->14602K(22468K)
[2025-04-17T11:03:35.697+0000][1015.527s][info][gc,metaspace   ] GC(677) Metaspace: 37397K(37760K)->37397K(37760K) NonClass: 32971K(33152K)->32971K(33152K) Class: 4425K(4608K)->4425K(4608K)
[2025-04-17T11:03:35.697+0000][1015.527s][info][gc             ] GC(677) Pause Young (Allocation Failure) 23M->14M(31M) 1.293ms
[2025-04-17T11:03:35.697+0000][1015.527s][info][gc,cpu         ] GC(677) User=0.00s Sys=0.00s Real=0.00s
[2025-04-17T11:03:37.175+0000][1017.005s][info][gc,start       ] GC(678) Pause Young (Allocation Failure)
[2025-04-17T11:03:37.176+0000][1017.006s][info][gc,heap        ] GC(678) DefNew: 9158K(10176K)->94K(10176K) Eden: 9088K(9088K)->0K(9088K) From: 70K(1088K)->94K(1088K)
[2025-04-17T11:03:37.176+0000][1017.006s][info][gc,heap        ] GC(678) Tenured: 14602K(22468K)->14602K(22468K)
[2025-04-17T11:03:37.176+0000][1017.006s][info][gc,metaspace   ] GC(678) Metaspace: 37397K(37760K)->37397K(37760K) NonClass: 32971K(33152K)->32971K(33152K) Class: 4425K(4608K)->4425K(4608K)
[2025-04-17T11:03:37.176+0000][1017.006s][info][gc             ] GC(678) Pause Young (Allocation Failure) 23M->14M(31M) 1.433ms
[2025-04-17T11:03:37.176+0000][1017.006s][info][gc,cpu         ] GC(678) User=0.00s Sys=0.00s Real=0.00s
[2025-04-17T11:03:38.861+0000][1018.691s][info][gc,start       ] GC(679) Pause Young (Allocation Failure)
[2025-04-17T11:03:38.863+0000][1018.693s][info][gc,heap        ] GC(679) DefNew: 9182K(10176K)->88K(10176K) Eden: 9088K(9088K)->0K(9088K) From: 94K(1088K)->88K(1088K)
[2025-04-17T11:03:38.863+0000][1018.693s][info][gc,heap        ] GC(679) Tenured: 14602K(22468K)->14602K(22468K)
[2025-04-17T11:03:38.863+0000][1018.693s][info][gc,metaspace   ] GC(679) Metaspace: 37397K(37760K)->37397K(37760K) NonClass: 32971K(33152K)->32971K(33152K) Class: 4425K(4608K)->4425K(4608K)
[2025-04-17T11:03:38.863+0000][1018.693s][info][gc             ] GC(679) Pause Young (Allocation Failure) 23M->14M(31M) 1.296ms
[2025-04-17T11:03:38.863+0000][1018.693s][info][gc,cpu         ] GC(679) User=0.00s Sys=0.00s Real=0.00s
[2025-04-17T11:03:40.527+0000][1020.357s][info][gc,start       ] GC(680) Pause Young (Allocation Failure)
[2025-04-17T11:03:40.528+0000][1020.358s][info][gc,heap        ] GC(680) DefNew: 9176K(10176K)->72K(10176K) Eden: 9088K(9088K)->0K(9088K) From: 88K(1088K)->72K(1088K)
[2025-04-17T11:03:40.528+0000][1020.358s][info][gc,heap        ] GC(680) Tenured: 14602K(22468K)->14602K(22468K)
[2025-04-17T11:03:40.528+0000][1020.358s][info][gc,metaspace   ] GC(680) Metaspace: 37397K(37760K)->37397K(37760K) NonClass: 32971K(33152K)->32971K(33152K) Class: 4425K(4608K)->4425K(4608K)
[2025-04-17T11:03:40.528+0000][1020.358s][info][gc             ] GC(680) Pause Young (Allocation Failure) 23M->14M(31M) 1.258ms
[2025-04-17T11:03:40.528+0000][1020.358s][info][gc,cpu         ] GC(680) User=0.00s Sys=0.00s Real=0.00s
[2025-04-17T11:03:41.908+0000][1021.738s][info][gc,start       ] GC(681) Pause Young (Allocation Failure)
[2025-04-17T11:03:41.910+0000][1021.740s][info][gc,heap        ] GC(681) DefNew: 9160K(10176K)->72K(10176K) Eden: 9088K(9088K)->0K(9088K) From: 72K(1088K)->72K(1088K)
[2025-04-17T11:03:41.910+0000][1021.740s][info][gc,heap        ] GC(681) Tenured: 14602K(22468K)->14602K(22468K)
[2025-04-17T11:03:41.910+0000][1021.740s][info][gc,metaspace   ] GC(681) Metaspace: 37397K(37760K)->37397K(37760K) NonClass: 32971K(33152K)->32971K(33152K) Class: 4425K(4608K)->4425K(4608K)
[2025-04-17T11:03:41.910+0000][1021.740s][info][gc             ] GC(681) Pause Young (Allocation Failure) 23M->14M(31M) 1.268ms
[2025-04-17T11:03:41.910+0000][1021.740s][info][gc,cpu         ] GC(681) User=0.00s Sys=0.00s Real=0.00s
[2025-04-17T11:03:43.723+0000][1023.554s][info][gc,start       ] GC(682) Pause Young (Allocation Failure)
[2025-04-17T11:03:43.725+0000][1023.555s][info][gc,heap        ] GC(682) DefNew: 9160K(10176K)->82K(10176K) Eden: 9088K(9088K)->0K(9088K) From: 72K(1088K)->82K(1088K)
[2025-04-17T11:03:43.725+0000][1023.555s][info][gc,heap        ] GC(682) Tenured: 14602K(22468K)->14602K(22468K)
[2025-04-17T11:03:43.725+0000][1023.555s][info][gc,metaspace   ] GC(682) Metaspace: 37397K(37760K)->37397K(37760K) NonClass: 32971K(33152K)->32971K(33152K) Class: 4425K(4608K)->4425K(4608K)
[2025-04-17T11:03:43.725+0000][1023.555s][info][gc             ] GC(682) Pause Young (Allocation Failure) 23M->14M(31M) 1.222ms
[2025-04-17T11:03:43.725+0000][1023.555s][info][gc,cpu         ] GC(682) User=0.00s Sys=0.00s Real=0.01s
[2025-04-17T11:03:44.977+0000][1024.807s][info][gc,start       ] GC(683) Pause Young (Allocation Failure)
[2025-04-17T11:03:44.979+0000][1024.809s][info][gc,heap        ] GC(683) DefNew: 9170K(10176K)->88K(10176K) Eden: 9088K(9088K)->0K(9088K) From: 82K(1088K)->88K(1088K)
[2025-04-17T11:03:44.979+0000][1024.809s][info][gc,heap        ] GC(683) Tenured: 14602K(22468K)->14602K(22468K)
[2025-04-17T11:03:44.979+0000][1024.809s][info][gc,metaspace   ] GC(683) Metaspace: 37397K(37760K)->37397K(37760K) NonClass: 32971K(33152K)->32971K(33152K) Class: 4425K(4608K)->4425K(4608K)
[2025-04-17T11:03:44.979+0000][1024.809s][info][gc             ] GC(683) Pause Young (Allocation Failure) 23M->14M(31M) 1.317ms
[2025-04-17T11:03:44.979+0000][1024.809s][info][gc,cpu         ] GC(683) User=0.01s Sys=0.00s Real=0.00s
[2025-04-17T11:03:46.709+0000][1026.539s][info][gc,start       ] GC(684) Pause Young (Allocation Failure)
[2025-04-17T11:03:46.710+0000][1026.541s][info][gc,heap        ] GC(684) DefNew: 9161K(10176K)->75K(10176K) Eden: 9073K(9088K)->0K(9088K) From: 88K(1088K)->75K(1088K)
[2025-04-17T11:03:46.710+0000][1026.541s][info][gc,heap        ] GC(684) Tenured: 14602K(22468K)->14602K(22468K)
[2025-04-17T11:03:46.710+0000][1026.541s][info][gc,metaspace   ] GC(684) Metaspace: 37397K(37760K)->37397K(37760K) NonClass: 32971K(33152K)->32971K(33152K) Class: 4425K(4608K)->4425K(4608K)
[2025-04-17T11:03:46.710+0000][1026.541s][info][gc             ] GC(684) Pause Young (Allocation Failure) 23M->14M(31M) 1.266ms
[2025-04-17T11:03:46.711+0000][1026.541s][info][gc,cpu         ] GC(684) User=0.00s Sys=0.00s Real=0.00s
[2025-04-17T11:03:48.099+0000][1027.929s][info][gc,start       ] GC(685) Pause Young (Allocation Failure)
[2025-04-17T11:03:48.100+0000][1027.930s][info][gc,heap        ] GC(685) DefNew: 9163K(10176K)->74K(10176K) Eden: 9088K(9088K)->0K(9088K) From: 75K(1088K)->74K(1088K)
[2025-04-17T11:03:48.100+0000][1027.930s][info][gc,heap        ] GC(685) Tenured: 14602K(22468K)->14602K(22468K)
[2025-04-17T11:03:48.100+0000][1027.930s][info][gc,metaspace   ] GC(685) Metaspace: 37397K(37760K)->37397K(37760K) NonClass: 32971K(33152K)->32971K(33152K) Class: 4425K(4608K)->4425K(4608K)
[2025-04-17T11:03:48.100+0000][1027.930s][info][gc             ] GC(685) Pause Young (Allocation Failure) 23M->14M(31M) 1.199ms
[2025-04-17T11:03:48.100+0000][1027.930s][info][gc,cpu         ] GC(685) User=0.00s Sys=0.00s Real=0.00s
[2025-04-17T11:03:49.749+0000][1029.579s][info][gc,start       ] GC(686) Pause Young (Allocation Failure)
[2025-04-17T11:03:49.750+0000][1029.581s][info][gc,heap        ] GC(686) DefNew: 9162K(10176K)->94K(10176K) Eden: 9088K(9088K)->0K(9088K) From: 74K(1088K)->94K(1088K)
[2025-04-17T11:03:49.750+0000][1029.581s][info][gc,heap        ] GC(686) Tenured: 14602K(22468K)->14602K(22468K)
[2025-04-17T11:03:49.750+0000][1029.581s][info][gc,metaspace   ] GC(686) Metaspace: 37397K(37760K)->37397K(37760K) NonClass: 32971K(33152K)->32971K(33152K) Class: 4425K(4608K)->4425K(4608K)
[2025-04-17T11:03:49.751+0000][1029.581s][info][gc             ] GC(686) Pause Young (Allocation Failure) 23M->14M(31M) 1.283ms
[2025-04-17T11:03:49.751+0000][1029.581s][info][gc,cpu         ] GC(686) User=0.00s Sys=0.00s Real=0.00s
[2025-04-17T11:03:51.541+0000][1031.371s][info][gc,start       ] GC(687) Pause Young (Allocation Failure)
[2025-04-17T11:03:51.542+0000][1031.372s][info][gc,heap        ] GC(687) DefNew: 9182K(10176K)->88K(10176K) Eden: 9088K(9088K)->0K(9088K) From: 94K(1088K)->88K(1088K)
[2025-04-17T11:03:51.542+0000][1031.372s][info][gc,heap        ] GC(687) Tenured: 14602K(22468K)->14602K(22468K)
[2025-04-17T11:03:51.542+0000][1031.372s][info][gc,metaspace   ] GC(687) Metaspace: 37397K(37760K)->37397K(37760K) NonClass: 32971K(33152K)->32971K(33152K) Class: 4425K(4608K)->4425K(4608K)
[2025-04-17T11:03:51.542+0000][1031.372s][info][gc             ] GC(687) Pause Young (Allocation Failure) 23M->14M(31M) 1.239ms
[2025-04-17T11:03:51.542+0000][1031.372s][info][gc,cpu         ] GC(687) User=0.00s Sys=0.00s Real=0.00s
[2025-04-17T11:03:52.805+0000][1032.635s][info][gc,start       ] GC(688) Pause Young (Allocation Failure)
[2025-04-17T11:03:52.806+0000][1032.636s][info][gc,heap        ] GC(688) DefNew: 9176K(10176K)->73K(10176K) Eden: 9088K(9088K)->0K(9088K) From: 88K(1088K)->73K(1088K)
[2025-04-17T11:03:52.806+0000][1032.636s][info][gc,heap        ] GC(688) Tenured: 14602K(22468K)->14602K(22468K)
[2025-04-17T11:03:52.806+0000][1032.636s][info][gc,metaspace   ] GC(688) Metaspace: 37397K(37760K)->37397K(37760K) NonClass: 32971K(33152K)->32971K(33152K) Class: 4425K(4608K)->4425K(4608K)
[2025-04-17T11:03:52.806+0000][1032.636s][info][gc             ] GC(688) Pause Young (Allocation Failure) 23M->14M(31M) 1.192ms
[2025-04-17T11:03:52.806+0000][1032.636s][info][gc,cpu         ] GC(688) User=0.00s Sys=0.00s Real=0.00s
[2025-04-17T11:03:54.274+0000][1034.104s][info][gc,start       ] GC(689) Pause Young (Allocation Failure)
[2025-04-17T11:03:54.275+0000][1034.105s][info][gc,heap        ] GC(689) DefNew: 9161K(10176K)->75K(10176K) Eden: 9088K(9088K)->0K(9088K) From: 73K(1088K)->75K(1088K)
[2025-04-17T11:03:54.275+0000][1034.105s][info][gc,heap        ] GC(689) Tenured: 14602K(22468K)->14602K(22468K)
[2025-04-17T11:03:54.275+0000][1034.105s][info][gc,metaspace   ] GC(689) Metaspace: 37397K(37760K)->37397K(37760K) NonClass: 32971K(33152K)->32971K(33152K) Class: 4425K(4608K)->4425K(4608K)
[2025-04-17T11:03:54.275+0000][1034.105s][info][gc             ] GC(689) Pause Young (Allocation Failure) 23M->14M(31M) 1.201ms
[2025-04-17T11:03:54.275+0000][1034.105s][info][gc,cpu         ] GC(689) User=0.00s Sys=0.00s Real=0.00s
[2025-04-17T11:03:55.895+0000][1035.725s][info][gc,start       ] GC(690) Pause Young (Allocation Failure)
[2025-04-17T11:03:55.897+0000][1035.727s][info][gc,heap        ] GC(690) DefNew: 9163K(10176K)->74K(10176K) Eden: 9088K(9088K)->0K(9088K) From: 75K(1088K)->74K(1088K)
[2025-04-17T11:03:55.897+0000][1035.727s][info][gc,heap        ] GC(690) Tenured: 14602K(22468K)->14602K(22468K)
[2025-04-17T11:03:55.897+0000][1035.727s][info][gc,metaspace   ] GC(690) Metaspace: 37397K(37760K)->37397K(37760K) NonClass: 32971K(33152K)->32971K(33152K) Class: 4425K(4608K)->4425K(4608K)
[2025-04-17T11:03:55.897+0000][1035.727s][info][gc             ] GC(690) Pause Young (Allocation Failure) 23M->14M(31M) 1.413ms
[2025-04-17T11:03:55.897+0000][1035.727s][info][gc,cpu         ] GC(690) User=0.00s Sys=0.00s Real=0.00s
[2025-04-17T11:03:57.432+0000][1037.262s][info][gc,start       ] GC(691) Pause Young (Allocation Failure)
[2025-04-17T11:03:57.433+0000][1037.263s][info][gc,heap        ] GC(691) DefNew: 9162K(10176K)->88K(10176K) Eden: 9088K(9088K)->0K(9088K) From: 74K(1088K)->88K(1088K)
[2025-04-17T11:03:57.433+0000][1037.263s][info][gc,heap        ] GC(691) Tenured: 14602K(22468K)->14602K(22468K)
[2025-04-17T11:03:57.433+0000][1037.263s][info][gc,metaspace   ] GC(691) Metaspace: 37397K(37760K)->37397K(37760K) NonClass: 32971K(33152K)->32971K(33152K) Class: 4425K(4608K)->4425K(4608K)
[2025-04-17T11:03:57.433+0000][1037.263s][info][gc             ] GC(691) Pause Young (Allocation Failure) 23M->14M(31M) 1.147ms
[2025-04-17T11:03:57.433+0000][1037.263s][info][gc,cpu         ] GC(691) User=0.00s Sys=0.00s Real=0.00s
[2025-04-17T11:03:59.064+0000][1038.894s][info][gc,start       ] GC(692) Pause Young (Allocation Failure)
[2025-04-17T11:03:59.065+0000][1038.896s][info][gc,heap        ] GC(692) DefNew: 9176K(10176K)->77K(10176K) Eden: 9088K(9088K)->0K(9088K) From: 88K(1088K)->77K(1088K)
[2025-04-17T11:03:59.065+0000][1038.896s][info][gc,heap        ] GC(692) Tenured: 14602K(22468K)->14602K(22468K)
[2025-04-17T11:03:59.065+0000][1038.896s][info][gc,metaspace   ] GC(692) Metaspace: 37397K(37760K)->37397K(37760K) NonClass: 32971K(33152K)->32971K(33152K) Class: 4425K(4608K)->4425K(4608K)
[2025-04-17T11:03:59.065+0000][1038.896s][info][gc             ] GC(692) Pause Young (Allocation Failure) 23M->14M(31M) 1.310ms
[2025-04-17T11:03:59.065+0000][1038.896s][info][gc,cpu         ] GC(692) User=0.00s Sys=0.00s Real=0.00s
[2025-04-17T11:04:00.658+0000][1040.488s][info][gc,start       ] GC(693) Pause Young (Allocation Failure)
[2025-04-17T11:04:00.659+0000][1040.489s][info][gc,heap        ] GC(693) DefNew: 9165K(10176K)->73K(10176K) Eden: 9088K(9088K)->0K(9088K) From: 77K(1088K)->73K(1088K)
[2025-04-17T11:04:00.659+0000][1040.489s][info][gc,heap        ] GC(693) Tenured: 14602K(22468K)->14602K(22468K)
[2025-04-17T11:04:00.659+0000][1040.489s][info][gc,metaspace   ] GC(693) Metaspace: 37397K(37760K)->37397K(37760K) NonClass: 32971K(33152K)->32971K(33152K) Class: 4425K(4608K)->4425K(4608K)
[2025-04-17T11:04:00.659+0000][1040.489s][info][gc             ] GC(693) Pause Young (Allocation Failure) 23M->14M(31M) 1.290ms
[2025-04-17T11:04:00.659+0000][1040.489s][info][gc,cpu         ] GC(693) User=0.00s Sys=0.00s Real=0.00s
[2025-04-17T11:04:02.091+0000][1041.921s][info][gc,start       ] GC(694) Pause Young (Allocation Failure)
[2025-04-17T11:04:02.092+0000][1041.922s][info][gc,heap        ] GC(694) DefNew: 9161K(10176K)->70K(10176K) Eden: 9088K(9088K)->0K(9088K) From: 73K(1088K)->70K(1088K)
[2025-04-17T11:04:02.092+0000][1041.922s][info][gc,heap        ] GC(694) Tenured: 14602K(22468K)->14602K(22468K)
[2025-04-17T11:04:02.092+0000][1041.922s][info][gc,metaspace   ] GC(694) Metaspace: 37397K(37760K)->37397K(37760K) NonClass: 32971K(33152K)->32971K(33152K) Class: 4425K(4608K)->4425K(4608K)
[2025-04-17T11:04:02.092+0000][1041.922s][info][gc             ] GC(694) Pause Young (Allocation Failure) 23M->14M(31M) 1.330ms
[2025-04-17T11:04:02.092+0000][1041.922s][info][gc,cpu         ] GC(694) User=0.00s Sys=0.00s Real=0.00s
[2025-04-17T11:04:03.761+0000][1043.591s][info][gc,start       ] GC(695) Pause Young (Allocation Failure)
[2025-04-17T11:04:03.762+0000][1043.592s][info][gc,heap        ] GC(695) DefNew: 9158K(10176K)->81K(10176K) Eden: 9088K(9088K)->0K(9088K) From: 70K(1088K)->81K(1088K)
[2025-04-17T11:04:03.762+0000][1043.592s][info][gc,heap        ] GC(695) Tenured: 14602K(22468K)->14602K(22468K)
[2025-04-17T11:04:03.762+0000][1043.592s][info][gc,metaspace   ] GC(695) Metaspace: 37397K(37760K)->37397K(37760K) NonClass: 32971K(33152K)->32971K(33152K) Class: 4425K(4608K)->4425K(4608K)
[2025-04-17T11:04:03.762+0000][1043.592s][info][gc             ] GC(695) Pause Young (Allocation Failure) 23M->14M(31M) 1.317ms
[2025-04-17T11:04:03.762+0000][1043.592s][info][gc,cpu         ] GC(695) User=0.00s Sys=0.00s Real=0.00s
[2025-04-17T11:04:05.330+0000][1045.160s][info][gc,start       ] GC(696) Pause Young (Allocation Failure)
[2025-04-17T11:04:05.331+0000][1045.161s][info][gc,heap        ] GC(696) DefNew: 9169K(10176K)->72K(10176K) Eden: 9088K(9088K)->0K(9088K) From: 81K(1088K)->72K(1088K)
[2025-04-17T11:04:05.331+0000][1045.161s][info][gc,heap        ] GC(696) Tenured: 14602K(22468K)->14602K(22468K)
[2025-04-17T11:04:05.331+0000][1045.161s][info][gc,metaspace   ] GC(696) Metaspace: 37397K(37760K)->37397K(37760K) NonClass: 32971K(33152K)->32971K(33152K) Class: 4425K(4608K)->4425K(4608K)
[2025-04-17T11:04:05.331+0000][1045.161s][info][gc             ] GC(696) Pause Young (Allocation Failure) 23M->14M(31M) 1.197ms
[2025-04-17T11:04:05.331+0000][1045.161s][info][gc,cpu         ] GC(696) User=0.00s Sys=0.00s Real=0.00s
[2025-04-17T11:04:06.935+0000][1046.765s][info][gc,start       ] GC(697) Pause Young (Allocation Failure)
[2025-04-17T11:04:06.936+0000][1046.766s][info][gc,heap        ] GC(697) DefNew: 9160K(10176K)->74K(10176K) Eden: 9087K(9088K)->0K(9088K) From: 72K(1088K)->74K(1088K)
[2025-04-17T11:04:06.936+0000][1046.766s][info][gc,heap        ] GC(697) Tenured: 14602K(22468K)->14602K(22468K)
[2025-04-17T11:04:06.936+0000][1046.766s][info][gc,metaspace   ] GC(697) Metaspace: 37397K(37760K)->37397K(37760K) NonClass: 32971K(33152K)->32971K(33152K) Class: 4425K(4608K)->4425K(4608K)
[2025-04-17T11:04:06.936+0000][1046.766s][info][gc             ] GC(697) Pause Young (Allocation Failure) 23M->14M(31M) 1.254ms
[2025-04-17T11:04:06.936+0000][1046.766s][info][gc,cpu         ] GC(697) User=0.00s Sys=0.00s Real=0.00s
[2025-04-17T11:04:08.681+0000][1048.512s][info][gc,start       ] GC(698) Pause Young (Allocation Failure)
[2025-04-17T11:04:08.683+0000][1048.513s][info][gc,heap        ] GC(698) DefNew: 9162K(10176K)->78K(10176K) Eden: 9088K(9088K)->0K(9088K) From: 74K(1088K)->78K(1088K)
[2025-04-17T11:04:08.683+0000][1048.513s][info][gc,heap        ] GC(698) Tenured: 14602K(22468K)->14602K(22468K)
[2025-04-17T11:04:08.683+0000][1048.513s][info][gc,metaspace   ] GC(698) Metaspace: 37397K(37760K)->37397K(37760K) NonClass: 32971K(33152K)->32971K(33152K) Class: 4425K(4608K)->4425K(4608K)
[2025-04-17T11:04:08.683+0000][1048.513s][info][gc             ] GC(698) Pause Young (Allocation Failure) 23M->14M(31M) 1.416ms
[2025-04-17T11:04:08.683+0000][1048.513s][info][gc,cpu         ] GC(698) User=0.00s Sys=0.00s Real=0.00s
[2025-04-17T11:04:10.233+0000][1050.064s][info][gc,start       ] GC(699) Pause Young (Allocation Failure)
[2025-04-17T11:04:10.235+0000][1050.065s][info][gc,heap        ] GC(699) DefNew: 9166K(10176K)->89K(10176K) Eden: 9088K(9088K)->0K(9088K) From: 78K(1088K)->89K(1088K)
[2025-04-17T11:04:10.235+0000][1050.065s][info][gc,heap        ] GC(699) Tenured: 14602K(22468K)->14602K(22468K)
[2025-04-17T11:04:10.235+0000][1050.065s][info][gc,metaspace   ] GC(699) Metaspace: 37397K(37760K)->37397K(37760K) NonClass: 32971K(33152K)->32971K(33152K) Class: 4425K(4608K)->4425K(4608K)
[2025-04-17T11:04:10.235+0000][1050.065s][info][gc             ] GC(699) Pause Young (Allocation Failure) 23M->14M(31M) 1.261ms
[2025-04-17T11:04:10.235+0000][1050.065s][info][gc,cpu         ] GC(699) User=0.00s Sys=0.00s Real=0.01s
[2025-04-17T11:04:11.810+0000][1051.640s][info][gc,start       ] GC(700) Pause Young (Allocation Failure)
[2025-04-17T11:04:11.811+0000][1051.641s][info][gc,heap        ] GC(700) DefNew: 9177K(10176K)->73K(10176K) Eden: 9088K(9088K)->0K(9088K) From: 89K(1088K)->73K(1088K)
[2025-04-17T11:04:11.811+0000][1051.641s][info][gc,heap        ] GC(700) Tenured: 14602K(22468K)->14602K(22468K)
[2025-04-17T11:04:11.811+0000][1051.641s][info][gc,metaspace   ] GC(700) Metaspace: 37397K(37760K)->37397K(37760K) NonClass: 32971K(33152K)->32971K(33152K) Class: 4425K(4608K)->4425K(4608K)
[2025-04-17T11:04:11.811+0000][1051.641s][info][gc             ] GC(700) Pause Young (Allocation Failure) 23M->14M(31M) 1.275ms
[2025-04-17T11:04:11.811+0000][1051.641s][info][gc,cpu         ] GC(700) User=0.01s Sys=0.00s Real=0.00s
[2025-04-17T11:04:13.335+0000][1053.165s][info][gc,start       ] GC(701) Pause Young (Allocation Failure)
[2025-04-17T11:04:13.336+0000][1053.166s][info][gc,heap        ] GC(701) DefNew: 9161K(10176K)->76K(10176K) Eden: 9088K(9088K)->0K(9088K) From: 73K(1088K)->76K(1088K)
[2025-04-17T11:04:13.336+0000][1053.166s][info][gc,heap        ] GC(701) Tenured: 14602K(22468K)->14602K(22468K)
[2025-04-17T11:04:13.336+0000][1053.166s][info][gc,metaspace   ] GC(701) Metaspace: 37397K(37760K)->37397K(37760K) NonClass: 32971K(33152K)->32971K(33152K) Class: 4425K(4608K)->4425K(4608K)
[2025-04-17T11:04:13.336+0000][1053.166s][info][gc             ] GC(701) Pause Young (Allocation Failure) 23M->14M(31M) 1.263ms
[2025-04-17T11:04:13.336+0000][1053.166s][info][gc,cpu         ] GC(701) User=0.00s Sys=0.00s Real=0.00s
[2025-04-17T11:04:14.945+0000][1054.775s][info][gc,start       ] GC(702) Pause Young (Allocation Failure)
[2025-04-17T11:04:14.946+0000][1054.776s][info][gc,heap        ] GC(702) DefNew: 9164K(10176K)->72K(10176K) Eden: 9088K(9088K)->0K(9088K) From: 76K(1088K)->72K(1088K)
[2025-04-17T11:04:14.946+0000][1054.776s][info][gc,heap        ] GC(702) Tenured: 14602K(22468K)->14602K(22468K)
[2025-04-17T11:04:14.946+0000][1054.776s][info][gc,metaspace   ] GC(702) Metaspace: 37397K(37760K)->37397K(37760K) NonClass: 32971K(33152K)->32971K(33152K) Class: 4425K(4608K)->4425K(4608K)
[2025-04-17T11:04:14.946+0000][1054.776s][info][gc             ] GC(702) Pause Young (Allocation Failure) 23M->14M(31M) 1.191ms
[2025-04-17T11:04:14.946+0000][1054.776s][info][gc,cpu         ] GC(702) User=0.00s Sys=0.00s Real=0.00s
[2025-04-17T11:04:16.496+0000][1056.326s][info][gc,start       ] GC(703) Pause Young (Allocation Failure)
[2025-04-17T11:04:16.497+0000][1056.327s][info][gc,heap        ] GC(703) DefNew: 9160K(10176K)->90K(10176K) Eden: 9088K(9088K)->0K(9088K) From: 72K(1088K)->90K(1088K)
[2025-04-17T11:04:16.497+0000][1056.327s][info][gc,heap        ] GC(703) Tenured: 14602K(22468K)->14602K(22468K)
[2025-04-17T11:04:16.497+0000][1056.328s][info][gc,metaspace   ] GC(703) Metaspace: 37398K(37760K)->37398K(37760K) NonClass: 32972K(33152K)->32972K(33152K) Class: 4425K(4608K)->4425K(4608K)
[2025-04-17T11:04:16.497+0000][1056.328s][info][gc             ] GC(703) Pause Young (Allocation Failure) 23M->14M(31M) 1.174ms
[2025-04-17T11:04:16.497+0000][1056.328s][info][gc,cpu         ] GC(703) User=0.00s Sys=0.00s Real=0.00s
[2025-04-17T11:04:18.202+0000][1058.032s][info][gc,start       ] GC(704) Pause Young (Allocation Failure)
[2025-04-17T11:04:18.203+0000][1058.033s][info][gc,heap        ] GC(704) DefNew: 9178K(10176K)->77K(10176K) Eden: 9088K(9088K)->0K(9088K) From: 90K(1088K)->77K(1088K)
[2025-04-17T11:04:18.203+0000][1058.033s][info][gc,heap        ] GC(704) Tenured: 14602K(22468K)->14602K(22468K)
[2025-04-17T11:04:18.203+0000][1058.033s][info][gc,metaspace   ] GC(704) Metaspace: 37398K(37760K)->37398K(37760K) NonClass: 32973K(33152K)->32973K(33152K) Class: 4425K(4608K)->4425K(4608K)
[2025-04-17T11:04:18.203+0000][1058.033s][info][gc             ] GC(704) Pause Young (Allocation Failure) 23M->14M(31M) 1.243ms
[2025-04-17T11:04:18.203+0000][1058.033s][info][gc,cpu         ] GC(704) User=0.00s Sys=0.00s Real=0.00s
[2025-04-17T11:04:19.838+0000][1059.668s][info][gc,start       ] GC(705) Pause Young (Allocation Failure)
[2025-04-17T11:04:19.839+0000][1059.669s][info][gc,heap        ] GC(705) DefNew: 9165K(10176K)->75K(10176K) Eden: 9088K(9088K)->0K(9088K) From: 77K(1088K)->75K(1088K)
[2025-04-17T11:04:19.839+0000][1059.669s][info][gc,heap        ] GC(705) Tenured: 14602K(22468K)->14602K(22468K)
[2025-04-17T11:04:19.839+0000][1059.669s][info][gc,metaspace   ] GC(705) Metaspace: 37405K(37760K)->37405K(37760K) NonClass: 32979K(33152K)->32979K(33152K) Class: 4425K(4608K)->4425K(4608K)
[2025-04-17T11:04:19.839+0000][1059.669s][info][gc             ] GC(705) Pause Young (Allocation Failure) 23M->14M(31M) 1.274ms
[2025-04-17T11:04:19.839+0000][1059.669s][info][gc,cpu         ] GC(705) User=0.01s Sys=0.00s Real=0.00s
[2025-04-17T11:04:21.420+0000][1061.250s][info][gc,start       ] GC(706) Pause Young (Allocation Failure)
[2025-04-17T11:04:21.422+0000][1061.252s][info][gc,heap        ] GC(706) DefNew: 9163K(10176K)->77K(10176K) Eden: 9088K(9088K)->0K(9088K) From: 75K(1088K)->77K(1088K)
[2025-04-17T11:04:21.422+0000][1061.252s][info][gc,heap        ] GC(706) Tenured: 14602K(22468K)->14602K(22468K)
[2025-04-17T11:04:21.422+0000][1061.252s][info][gc,metaspace   ] GC(706) Metaspace: 37406K(37760K)->37406K(37760K) NonClass: 32980K(33152K)->32980K(33152K) Class: 4425K(4608K)->4425K(4608K)
[2025-04-17T11:04:21.422+0000][1061.252s][info][gc             ] GC(706) Pause Young (Allocation Failure) 23M->14M(31M) 1.276ms
[2025-04-17T11:04:21.422+0000][1061.252s][info][gc,cpu         ] GC(706) User=0.01s Sys=0.00s Real=0.00s
[2025-04-17T11:04:23.073+0000][1062.903s][info][gc,start       ] GC(707) Pause Young (Allocation Failure)
[2025-04-17T11:04:23.074+0000][1062.904s][info][gc,heap        ] GC(707) DefNew: 9165K(10176K)->95K(10176K) Eden: 9088K(9088K)->0K(9088K) From: 77K(1088K)->95K(1088K)
[2025-04-17T11:04:23.074+0000][1062.905s][info][gc,heap        ] GC(707) Tenured: 14602K(22468K)->14604K(22468K)
[2025-04-17T11:04:23.074+0000][1062.905s][info][gc,metaspace   ] GC(707) Metaspace: 37427K(37760K)->37427K(37760K) NonClass: 33002K(33152K)->33002K(33152K) Class: 4425K(4608K)->4425K(4608K)
[2025-04-17T11:04:23.074+0000][1062.905s][info][gc             ] GC(707) Pause Young (Allocation Failure) 23M->14M(31M) 1.351ms
[2025-04-17T11:04:23.074+0000][1062.905s][info][gc,cpu         ] GC(707) User=0.00s Sys=0.00s Real=0.01s
[2025-04-17T11:04:24.439+0000][1064.269s][info][gc,start       ] GC(708) Pause Young (Allocation Failure)
[2025-04-17T11:04:24.440+0000][1064.271s][info][gc,heap        ] GC(708) DefNew: 9183K(10176K)->89K(10176K) Eden: 9088K(9088K)->0K(9088K) From: 95K(1088K)->89K(1088K)
[2025-04-17T11:04:24.440+0000][1064.271s][info][gc,heap        ] GC(708) Tenured: 14604K(22468K)->14604K(22468K)
[2025-04-17T11:04:24.441+0000][1064.271s][info][gc,metaspace   ] GC(708) Metaspace: 37427K(37760K)->37427K(37760K) NonClass: 33002K(33152K)->33002K(33152K) Class: 4425K(4608K)->4425K(4608K)
[2025-04-17T11:04:24.441+0000][1064.271s][info][gc             ] GC(708) Pause Young (Allocation Failure) 23M->14M(31M) 1.313ms
[2025-04-17T11:04:24.441+0000][1064.271s][info][gc,cpu         ] GC(708) User=0.00s Sys=0.00s Real=0.00s
[2025-04-17T11:04:26.049+0000][1065.879s][info][gc,start       ] GC(709) Pause Young (Allocation Failure)
[2025-04-17T11:04:26.050+0000][1065.880s][info][gc,heap        ] GC(709) DefNew: 9177K(10176K)->83K(10176K) Eden: 9088K(9088K)->0K(9088K) From: 89K(1088K)->83K(1088K)
[2025-04-17T11:04:26.050+0000][1065.880s][info][gc,heap        ] GC(709) Tenured: 14604K(22468K)->14604K(22468K)
[2025-04-17T11:04:26.050+0000][1065.880s][info][gc,metaspace   ] GC(709) Metaspace: 37427K(37760K)->37427K(37760K) NonClass: 33002K(33152K)->33002K(33152K) Class: 4425K(4608K)->4425K(4608K)
[2025-04-17T11:04:26.050+0000][1065.880s][info][gc             ] GC(709) Pause Young (Allocation Failure) 23M->14M(31M) 1.294ms
[2025-04-17T11:04:26.050+0000][1065.880s][info][gc,cpu         ] GC(709) User=0.00s Sys=0.00s Real=0.00s
[2025-04-17T11:04:27.915+0000][1067.745s][info][gc,start       ] GC(710) Pause Young (Allocation Failure)
[2025-04-17T11:04:27.917+0000][1067.747s][info][gc,heap        ] GC(710) DefNew: 9171K(10176K)->93K(10176K) Eden: 9088K(9088K)->0K(9088K) From: 83K(1088K)->93K(1088K)
[2025-04-17T11:04:27.917+0000][1067.747s][info][gc,heap        ] GC(710) Tenured: 14604K(22468K)->14604K(22468K)
[2025-04-17T11:04:27.917+0000][1067.747s][info][gc,metaspace   ] GC(710) Metaspace: 37427K(37760K)->37427K(37760K) NonClass: 33002K(33152K)->33002K(33152K) Class: 4425K(4608K)->4425K(4608K)
[2025-04-17T11:04:27.917+0000][1067.747s][info][gc             ] GC(710) Pause Young (Allocation Failure) 23M->14M(31M) 1.414ms
[2025-04-17T11:04:27.917+0000][1067.747s][info][gc,cpu         ] GC(710) User=0.00s Sys=0.00s Real=0.00s
[2025-04-17T11:04:29.353+0000][1069.183s][info][gc,start       ] GC(711) Pause Young (Allocation Failure)
[2025-04-17T11:04:29.354+0000][1069.184s][info][gc,heap        ] GC(711) DefNew: 9181K(10176K)->99K(10176K) Eden: 9088K(9088K)->0K(9088K) From: 93K(1088K)->99K(1088K)
[2025-04-17T11:04:29.354+0000][1069.184s][info][gc,heap        ] GC(711) Tenured: 14604K(22468K)->14604K(22468K)
[2025-04-17T11:04:29.354+0000][1069.184s][info][gc,metaspace   ] GC(711) Metaspace: 37427K(37760K)->37427K(37760K) NonClass: 33002K(33152K)->33002K(33152K) Class: 4425K(4608K)->4425K(4608K)
[2025-04-17T11:04:29.354+0000][1069.184s][info][gc             ] GC(711) Pause Young (Allocation Failure) 23M->14M(31M) 1.205ms
[2025-04-17T11:04:29.354+0000][1069.184s][info][gc,cpu         ] GC(711) User=0.00s Sys=0.00s Real=0.00s
[2025-04-17T11:04:30.692+0000][1070.523s][info][gc,start       ] GC(712) Pause Young (Allocation Failure)
[2025-04-17T11:04:30.694+0000][1070.524s][info][gc,heap        ] GC(712) DefNew: 9187K(10176K)->74K(10176K) Eden: 9088K(9088K)->0K(9088K) From: 99K(1088K)->74K(1088K)
[2025-04-17T11:04:30.694+0000][1070.524s][info][gc,heap        ] GC(712) Tenured: 14604K(22468K)->14604K(22468K)
[2025-04-17T11:04:30.694+0000][1070.524s][info][gc,metaspace   ] GC(712) Metaspace: 37427K(37760K)->37427K(37760K) NonClass: 33002K(33152K)->33002K(33152K) Class: 4425K(4608K)->4425K(4608K)
[2025-04-17T11:04:30.694+0000][1070.524s][info][gc             ] GC(712) Pause Young (Allocation Failure) 23M->14M(31M) 1.272ms
[2025-04-17T11:04:30.694+0000][1070.524s][info][gc,cpu         ] GC(712) User=0.00s Sys=0.00s Real=0.00s
[2025-04-17T11:04:32.309+0000][1072.139s][info][gc,start       ] GC(713) Pause Young (Allocation Failure)
[2025-04-17T11:04:32.310+0000][1072.141s][info][gc,heap        ] GC(713) DefNew: 9162K(10176K)->85K(10176K) Eden: 9088K(9088K)->0K(9088K) From: 74K(1088K)->85K(1088K)
[2025-04-17T11:04:32.310+0000][1072.141s][info][gc,heap        ] GC(713) Tenured: 14604K(22468K)->14604K(22468K)
[2025-04-17T11:04:32.310+0000][1072.141s][info][gc,metaspace   ] GC(713) Metaspace: 37427K(37760K)->37427K(37760K) NonClass: 33002K(33152K)->33002K(33152K) Class: 4425K(4608K)->4425K(4608K)
[2025-04-17T11:04:32.310+0000][1072.141s][info][gc             ] GC(713) Pause Young (Allocation Failure) 23M->14M(31M) 1.237ms
[2025-04-17T11:04:32.310+0000][1072.141s][info][gc,cpu         ] GC(713) User=0.00s Sys=0.00s Real=0.00s
[2025-04-17T11:04:34.000+0000][1073.830s][info][gc,start       ] GC(714) Pause Young (Allocation Failure)
[2025-04-17T11:04:34.002+0000][1073.832s][info][gc,heap        ] GC(714) DefNew: 9173K(10176K)->96K(10176K) Eden: 9088K(9088K)->0K(9088K) From: 85K(1088K)->96K(1088K)
[2025-04-17T11:04:34.002+0000][1073.832s][info][gc,heap        ] GC(714) Tenured: 14604K(22468K)->14604K(22468K)
[2025-04-17T11:04:34.002+0000][1073.832s][info][gc,metaspace   ] GC(714) Metaspace: 37428K(37760K)->37428K(37760K) NonClass: 33002K(33152K)->33002K(33152K) Class: 4425K(4608K)->4425K(4608K)
[2025-04-17T11:04:34.002+0000][1073.832s][info][gc             ] GC(714) Pause Young (Allocation Failure) 23M->14M(31M) 1.706ms
[2025-04-17T11:04:34.002+0000][1073.832s][info][gc,cpu         ] GC(714) User=0.01s Sys=0.00s Real=0.00s
[2025-04-17T11:04:35.498+0000][1075.328s][info][gc,start       ] GC(715) Pause Young (Allocation Failure)
[2025-04-17T11:04:35.499+0000][1075.329s][info][gc,heap        ] GC(715) DefNew: 9181K(10176K)->92K(10176K) Eden: 9085K(9088K)->0K(9088K) From: 96K(1088K)->92K(1088K)
[2025-04-17T11:04:35.499+0000][1075.329s][info][gc,heap        ] GC(715) Tenured: 14604K(22468K)->14604K(22468K)
[2025-04-17T11:04:35.499+0000][1075.329s][info][gc,metaspace   ] GC(715) Metaspace: 37428K(37760K)->37428K(37760K) NonClass: 33002K(33152K)->33002K(33152K) Class: 4425K(4608K)->4425K(4608K)
[2025-04-17T11:04:35.499+0000][1075.329s][info][gc             ] GC(715) Pause Young (Allocation Failure) 23M->14M(31M) 1.180ms
[2025-04-17T11:04:35.499+0000][1075.329s][info][gc,cpu         ] GC(715) User=0.00s Sys=0.00s Real=0.00s
[2025-04-17T11:04:36.982+0000][1076.813s][info][gc,start       ] GC(716) Pause Young (Allocation Failure)
[2025-04-17T11:04:36.984+0000][1076.814s][info][gc,heap        ] GC(716) DefNew: 9180K(10176K)->88K(10176K) Eden: 9088K(9088K)->0K(9088K) From: 92K(1088K)->88K(1088K)
[2025-04-17T11:04:36.984+0000][1076.814s][info][gc,heap        ] GC(716) Tenured: 14604K(22468K)->14604K(22468K)
[2025-04-17T11:04:36.984+0000][1076.814s][info][gc,metaspace   ] GC(716) Metaspace: 37428K(37760K)->37428K(37760K) NonClass: 33002K(33152K)->33002K(33152K) Class: 4425K(4608K)->4425K(4608K)
[2025-04-17T11:04:36.984+0000][1076.814s][info][gc             ] GC(716) Pause Young (Allocation Failure) 23M->14M(31M) 1.286ms
[2025-04-17T11:04:36.984+0000][1076.814s][info][gc,cpu         ] GC(716) User=0.00s Sys=0.00s Real=0.00s
[2025-04-17T11:04:38.395+0000][1078.226s][info][gc,start       ] GC(717) Pause Young (Allocation Failure)
[2025-04-17T11:04:38.397+0000][1078.227s][info][gc,heap        ] GC(717) DefNew: 9176K(10176K)->96K(10176K) Eden: 9088K(9088K)->0K(9088K) From: 88K(1088K)->96K(1088K)
[2025-04-17T11:04:38.397+0000][1078.227s][info][gc,heap        ] GC(717) Tenured: 14604K(22468K)->14604K(22468K)
[2025-04-17T11:04:38.397+0000][1078.227s][info][gc,metaspace   ] GC(717) Metaspace: 37428K(37760K)->37428K(37760K) NonClass: 33002K(33152K)->33002K(33152K) Class: 4425K(4608K)->4425K(4608K)
[2025-04-17T11:04:38.397+0000][1078.227s][info][gc             ] GC(717) Pause Young (Allocation Failure) 23M->14M(31M) 1.255ms
[2025-04-17T11:04:38.397+0000][1078.227s][info][gc,cpu         ] GC(717) User=0.00s Sys=0.00s Real=0.00s
[2025-04-17T11:04:40.098+0000][1079.928s][info][gc,start       ] GC(718) Pause Young (Allocation Failure)
[2025-04-17T11:04:40.099+0000][1079.929s][info][gc,heap        ] GC(718) DefNew: 9184K(10176K)->102K(10176K) Eden: 9088K(9088K)->0K(9088K) From: 96K(1088K)->102K(1088K)
[2025-04-17T11:04:40.099+0000][1079.929s][info][gc,heap        ] GC(718) Tenured: 14604K(22468K)->14605K(22468K)
[2025-04-17T11:04:40.099+0000][1079.930s][info][gc,metaspace   ] GC(718) Metaspace: 37428K(37760K)->37428K(37760K) NonClass: 33002K(33152K)->33002K(33152K) Class: 4425K(4608K)->4425K(4608K)
[2025-04-17T11:04:40.099+0000][1079.930s][info][gc             ] GC(718) Pause Young (Allocation Failure) 23M->14M(31M) 1.335ms
[2025-04-17T11:04:40.099+0000][1079.930s][info][gc,cpu         ] GC(718) User=0.00s Sys=0.00s Real=0.00s
[2025-04-17T11:04:41.660+0000][1081.490s][info][gc,start       ] GC(719) Pause Young (Allocation Failure)
[2025-04-17T11:04:41.661+0000][1081.491s][info][gc,heap        ] GC(719) DefNew: 9190K(10176K)->84K(10176K) Eden: 9088K(9088K)->0K(9088K) From: 102K(1088K)->84K(1088K)
[2025-04-17T11:04:41.661+0000][1081.491s][info][gc,heap        ] GC(719) Tenured: 14605K(22468K)->14606K(22468K)
[2025-04-17T11:04:41.661+0000][1081.491s][info][gc,metaspace   ] GC(719) Metaspace: 37428K(37760K)->37428K(37760K) NonClass: 33002K(33152K)->33002K(33152K) Class: 4425K(4608K)->4425K(4608K)
[2025-04-17T11:04:41.661+0000][1081.491s][info][gc             ] GC(719) Pause Young (Allocation Failure) 23M->14M(31M) 1.251ms
[2025-04-17T11:04:41.661+0000][1081.491s][info][gc,cpu         ] GC(719) User=0.00s Sys=0.00s Real=0.00s
[2025-04-17T11:04:43.218+0000][1083.048s][info][gc,start       ] GC(720) Pause Young (Allocation Failure)
[2025-04-17T11:04:43.219+0000][1083.049s][info][gc,heap        ] GC(720) DefNew: 9172K(10176K)->85K(10176K) Eden: 9088K(9088K)->0K(9088K) From: 84K(1088K)->85K(1088K)
[2025-04-17T11:04:43.219+0000][1083.049s][info][gc,heap        ] GC(720) Tenured: 14606K(22468K)->14606K(22468K)
[2025-04-17T11:04:43.219+0000][1083.049s][info][gc,metaspace   ] GC(720) Metaspace: 37428K(37760K)->37428K(37760K) NonClass: 33002K(33152K)->33002K(33152K) Class: 4425K(4608K)->4425K(4608K)
[2025-04-17T11:04:43.219+0000][1083.049s][info][gc             ] GC(720) Pause Young (Allocation Failure) 23M->14M(31M) 1.312ms
[2025-04-17T11:04:43.219+0000][1083.049s][info][gc,cpu         ] GC(720) User=0.01s Sys=0.00s Real=0.00s
[2025-04-17T11:04:44.588+0000][1084.418s][info][gc,start       ] GC(721) Pause Young (Allocation Failure)
[2025-04-17T11:04:44.589+0000][1084.419s][info][gc,heap        ] GC(721) DefNew: 9173K(10176K)->81K(10176K) Eden: 9088K(9088K)->0K(9088K) From: 85K(1088K)->81K(1088K)
[2025-04-17T11:04:44.589+0000][1084.419s][info][gc,heap        ] GC(721) Tenured: 14606K(22468K)->14607K(22468K)
[2025-04-17T11:04:44.589+0000][1084.419s][info][gc,metaspace   ] GC(721) Metaspace: 37428K(37760K)->37428K(37760K) NonClass: 33002K(33152K)->33002K(33152K) Class: 4425K(4608K)->4425K(4608K)
[2025-04-17T11:04:44.589+0000][1084.419s][info][gc             ] GC(721) Pause Young (Allocation Failure) 23M->14M(31M) 1.294ms
[2025-04-17T11:04:44.589+0000][1084.420s][info][gc,cpu         ] GC(721) User=0.00s Sys=0.00s Real=0.00s
[2025-04-17T11:04:46.089+0000][1085.919s][info][gc,start       ] GC(722) Pause Young (Allocation Failure)
[2025-04-17T11:04:46.090+0000][1085.920s][info][gc,heap        ] GC(722) DefNew: 9169K(10176K)->95K(10176K) Eden: 9087K(9088K)->0K(9088K) From: 81K(1088K)->95K(1088K)
[2025-04-17T11:04:46.090+0000][1085.920s][info][gc,heap        ] GC(722) Tenured: 14607K(22468K)->14611K(22468K)
[2025-04-17T11:04:46.090+0000][1085.920s][info][gc,metaspace   ] GC(722) Metaspace: 37428K(37760K)->37428K(37760K) NonClass: 33002K(33152K)->33002K(33152K) Class: 4425K(4608K)->4425K(4608K)
[2025-04-17T11:04:46.090+0000][1085.920s][info][gc             ] GC(722) Pause Young (Allocation Failure) 23M->14M(31M) 1.198ms
[2025-04-17T11:04:46.090+0000][1085.920s][info][gc,cpu         ] GC(722) User=0.00s Sys=0.00s Real=0.00s
[2025-04-17T11:04:47.829+0000][1087.659s][info][gc,start       ] GC(723) Pause Young (Allocation Failure)
[2025-04-17T11:04:47.831+0000][1087.661s][info][gc,heap        ] GC(723) DefNew: 9183K(10176K)->78K(10176K) Eden: 9087K(9088K)->0K(9088K) From: 95K(1088K)->78K(1088K)
[2025-04-17T11:04:47.831+0000][1087.661s][info][gc,heap        ] GC(723) Tenured: 14611K(22468K)->14612K(22468K)
[2025-04-17T11:04:47.831+0000][1087.661s][info][gc,metaspace   ] GC(723) Metaspace: 37428K(37760K)->37428K(37760K) NonClass: 33002K(33152K)->33002K(33152K) Class: 4425K(4608K)->4425K(4608K)
[2025-04-17T11:04:47.831+0000][1087.661s][info][gc             ] GC(723) Pause Young (Allocation Failure) 23M->14M(31M) 1.326ms
[2025-04-17T11:04:47.831+0000][1087.661s][info][gc,cpu         ] GC(723) User=0.00s Sys=0.00s Real=0.00s
[2025-04-17T11:04:49.609+0000][1089.440s][info][gc,start       ] GC(724) Pause Young (Allocation Failure)
[2025-04-17T11:04:49.611+0000][1089.441s][info][gc,heap        ] GC(724) DefNew: 9166K(10176K)->84K(10176K) Eden: 9088K(9088K)->0K(9088K) From: 78K(1088K)->84K(1088K)
[2025-04-17T11:04:49.611+0000][1089.441s][info][gc,heap        ] GC(724) Tenured: 14612K(22468K)->14615K(22468K)
[2025-04-17T11:04:49.611+0000][1089.441s][info][gc,metaspace   ] GC(724) Metaspace: 37428K(37760K)->37428K(37760K) NonClass: 33002K(33152K)->33002K(33152K) Class: 4425K(4608K)->4425K(4608K)
[2025-04-17T11:04:49.611+0000][1089.441s][info][gc             ] GC(724) Pause Young (Allocation Failure) 23M->14M(31M) 1.323ms
[2025-04-17T11:04:49.611+0000][1089.441s][info][gc,cpu         ] GC(724) User=0.00s Sys=0.00s Real=0.00s
[2025-04-17T11:04:50.960+0000][1090.790s][info][gc,start       ] GC(725) Pause Young (Allocation Failure)
[2025-04-17T11:04:50.961+0000][1090.792s][info][gc,heap        ] GC(725) DefNew: 9172K(10176K)->94K(10176K) Eden: 9088K(9088K)->0K(9088K) From: 84K(1088K)->94K(1088K)
[2025-04-17T11:04:50.961+0000][1090.792s][info][gc,heap        ] GC(725) Tenured: 14615K(22468K)->14615K(22468K)
[2025-04-17T11:04:50.961+0000][1090.792s][info][gc,metaspace   ] GC(725) Metaspace: 37428K(37760K)->37428K(37760K) NonClass: 33002K(33152K)->33002K(33152K) Class: 4425K(4608K)->4425K(4608K)
[2025-04-17T11:04:50.961+0000][1090.792s][info][gc             ] GC(725) Pause Young (Allocation Failure) 23M->14M(31M) 1.166ms
[2025-04-17T11:04:50.961+0000][1090.792s][info][gc,cpu         ] GC(725) User=0.00s Sys=0.00s Real=0.00s
[2025-04-17T11:04:52.653+0000][1092.483s][info][gc,start       ] GC(726) Pause Young (Allocation Failure)
[2025-04-17T11:04:52.654+0000][1092.484s][info][gc,heap        ] GC(726) DefNew: 9182K(10176K)->92K(10176K) Eden: 9088K(9088K)->0K(9088K) From: 94K(1088K)->92K(1088K)
[2025-04-17T11:04:52.654+0000][1092.484s][info][gc,heap        ] GC(726) Tenured: 14615K(22468K)->14615K(22468K)
[2025-04-17T11:04:52.654+0000][1092.484s][info][gc,metaspace   ] GC(726) Metaspace: 37428K(37760K)->37428K(37760K) NonClass: 33002K(33152K)->33002K(33152K) Class: 4425K(4608K)->4425K(4608K)
[2025-04-17T11:04:52.654+0000][1092.484s][info][gc             ] GC(726) Pause Young (Allocation Failure) 23M->14M(31M) 1.402ms
[2025-04-17T11:04:52.654+0000][1092.484s][info][gc,cpu         ] GC(726) User=0.01s Sys=0.00s Real=0.00s
[2025-04-17T11:04:54.256+0000][1094.086s][info][gc,start       ] GC(727) Pause Young (Allocation Failure)
[2025-04-17T11:04:54.257+0000][1094.087s][info][gc,heap        ] GC(727) DefNew: 9180K(10176K)->80K(10176K) Eden: 9088K(9088K)->0K(9088K) From: 92K(1088K)->80K(1088K)
[2025-04-17T11:04:54.257+0000][1094.087s][info][gc,heap        ] GC(727) Tenured: 14615K(22468K)->14616K(22468K)
[2025-04-17T11:04:54.257+0000][1094.087s][info][gc,metaspace   ] GC(727) Metaspace: 37429K(37760K)->37429K(37760K) NonClass: 33003K(33152K)->33003K(33152K) Class: 4425K(4608K)->4425K(4608K)
[2025-04-17T11:04:54.257+0000][1094.088s][info][gc             ] GC(727) Pause Young (Allocation Failure) 23M->14M(31M) 1.223ms
[2025-04-17T11:04:54.257+0000][1094.088s][info][gc,cpu         ] GC(727) User=0.00s Sys=0.00s Real=0.00s
[2025-04-17T11:04:55.569+0000][1095.399s][info][gc,start       ] GC(728) Pause Young (Allocation Failure)
[2025-04-17T11:04:55.570+0000][1095.400s][info][gc,heap        ] GC(728) DefNew: 9168K(10176K)->95K(10176K) Eden: 9088K(9088K)->0K(9088K) From: 80K(1088K)->95K(1088K)
[2025-04-17T11:04:55.570+0000][1095.400s][info][gc,heap        ] GC(728) Tenured: 14616K(22468K)->14616K(22468K)
[2025-04-17T11:04:55.570+0000][1095.400s][info][gc,metaspace   ] GC(728) Metaspace: 37429K(37760K)->37429K(37760K) NonClass: 33003K(33152K)->33003K(33152K) Class: 4425K(4608K)->4425K(4608K)
[2025-04-17T11:04:55.570+0000][1095.400s][info][gc             ] GC(728) Pause Young (Allocation Failure) 23M->14M(31M) 1.205ms
[2025-04-17T11:04:55.570+0000][1095.400s][info][gc,cpu         ] GC(728) User=0.00s Sys=0.00s Real=0.00s
[2025-04-17T11:04:57.088+0000][1096.918s][info][gc,start       ] GC(729) Pause Young (Allocation Failure)
[2025-04-17T11:04:57.089+0000][1096.919s][info][gc,heap        ] GC(729) DefNew: 9183K(10176K)->80K(10176K) Eden: 9088K(9088K)->0K(9088K) From: 95K(1088K)->80K(1088K)
[2025-04-17T11:04:57.089+0000][1096.919s][info][gc,heap        ] GC(729) Tenured: 14616K(22468K)->14617K(22468K)
[2025-04-17T11:04:57.089+0000][1096.919s][info][gc,metaspace   ] GC(729) Metaspace: 37429K(37760K)->37429K(37760K) NonClass: 33003K(33152K)->33003K(33152K) Class: 4425K(4608K)->4425K(4608K)
[2025-04-17T11:04:57.089+0000][1096.920s][info][gc             ] GC(729) Pause Young (Allocation Failure) 23M->14M(31M) 1.307ms
[2025-04-17T11:04:57.089+0000][1096.920s][info][gc,cpu         ] GC(729) User=0.00s Sys=0.00s Real=0.00s
[2025-04-17T11:04:58.686+0000][1098.516s][info][gc,start       ] GC(730) Pause Young (Allocation Failure)
[2025-04-17T11:04:58.687+0000][1098.517s][info][gc,heap        ] GC(730) DefNew: 9168K(10176K)->82K(10176K) Eden: 9088K(9088K)->0K(9088K) From: 80K(1088K)->82K(1088K)
[2025-04-17T11:04:58.687+0000][1098.517s][info][gc,heap        ] GC(730) Tenured: 14617K(22468K)->14617K(22468K)
[2025-04-17T11:04:58.687+0000][1098.517s][info][gc,metaspace   ] GC(730) Metaspace: 37429K(37760K)->37429K(37760K) NonClass: 33003K(33152K)->33003K(33152K) Class: 4425K(4608K)->4425K(4608K)
[2025-04-17T11:04:58.687+0000][1098.517s][info][gc             ] GC(730) Pause Young (Allocation Failure) 23M->14M(31M) 1.255ms
[2025-04-17T11:04:58.687+0000][1098.517s][info][gc,cpu         ] GC(730) User=0.00s Sys=0.00s Real=0.00s
[2025-04-17T11:05:00.383+0000][1100.213s][info][gc,start       ] GC(731) Pause Young (Allocation Failure)
[2025-04-17T11:05:00.384+0000][1100.214s][info][gc,heap        ] GC(731) DefNew: 9170K(10176K)->78K(10176K) Eden: 9088K(9088K)->0K(9088K) From: 82K(1088K)->78K(1088K)
[2025-04-17T11:05:00.384+0000][1100.214s][info][gc,heap        ] GC(731) Tenured: 14617K(22468K)->14617K(22468K)
[2025-04-17T11:05:00.384+0000][1100.214s][info][gc,metaspace   ] GC(731) Metaspace: 37429K(37760K)->37429K(37760K) NonClass: 33003K(33152K)->33003K(33152K) Class: 4425K(4608K)->4425K(4608K)
[2025-04-17T11:05:00.384+0000][1100.214s][info][gc             ] GC(731) Pause Young (Allocation Failure) 23M->14M(31M) 1.345ms
[2025-04-17T11:05:00.384+0000][1100.214s][info][gc,cpu         ] GC(731) User=0.00s Sys=0.00s Real=0.01s
[2025-04-17T11:05:01.833+0000][1101.663s][info][gc,start       ] GC(732) Pause Young (Allocation Failure)
[2025-04-17T11:05:01.834+0000][1101.664s][info][gc,heap        ] GC(732) DefNew: 9166K(10176K)->96K(10176K) Eden: 9087K(9088K)->0K(9088K) From: 78K(1088K)->96K(1088K)
[2025-04-17T11:05:01.834+0000][1101.664s][info][gc,heap        ] GC(732) Tenured: 14617K(22468K)->14617K(22468K)
[2025-04-17T11:05:01.834+0000][1101.664s][info][gc,metaspace   ] GC(732) Metaspace: 37429K(37760K)->37429K(37760K) NonClass: 33003K(33152K)->33003K(33152K) Class: 4425K(4608K)->4425K(4608K)
[2025-04-17T11:05:01.834+0000][1101.664s][info][gc             ] GC(732) Pause Young (Allocation Failure) 23M->14M(31M) 1.177ms
[2025-04-17T11:05:01.834+0000][1101.664s][info][gc,cpu         ] GC(732) User=0.00s Sys=0.00s Real=0.00s
[2025-04-17T11:05:03.352+0000][1103.183s][info][gc,start       ] GC(733) Pause Young (Allocation Failure)
[2025-04-17T11:05:03.354+0000][1103.184s][info][gc,heap        ] GC(733) DefNew: 9184K(10176K)->98K(10176K) Eden: 9087K(9088K)->0K(9088K) From: 96K(1088K)->98K(1088K)
[2025-04-17T11:05:03.354+0000][1103.184s][info][gc,heap        ] GC(733) Tenured: 14617K(22468K)->14617K(22468K)
[2025-04-17T11:05:03.354+0000][1103.184s][info][gc,metaspace   ] GC(733) Metaspace: 37429K(37760K)->37429K(37760K) NonClass: 33003K(33152K)->33003K(33152K) Class: 4425K(4608K)->4425K(4608K)
[2025-04-17T11:05:03.354+0000][1103.184s][info][gc             ] GC(733) Pause Young (Allocation Failure) 23M->14M(31M) 1.286ms
[2025-04-17T11:05:03.354+0000][1103.184s][info][gc,cpu         ] GC(733) User=0.01s Sys=0.00s Real=0.00s
[2025-04-17T11:05:05.413+0000][1105.243s][info][gc,start       ] GC(734) Pause Young (Allocation Failure)
[2025-04-17T11:05:05.414+0000][1105.244s][info][gc,heap        ] GC(734) DefNew: 9186K(10176K)->86K(10176K) Eden: 9088K(9088K)->0K(9088K) From: 98K(1088K)->86K(1088K)
[2025-04-17T11:05:05.414+0000][1105.244s][info][gc,heap        ] GC(734) Tenured: 14617K(22468K)->14619K(22468K)
[2025-04-17T11:05:05.414+0000][1105.244s][info][gc,metaspace   ] GC(734) Metaspace: 37429K(37760K)->37429K(37760K) NonClass: 33003K(33152K)->33003K(33152K) Class: 4425K(4608K)->4425K(4608K)
[2025-04-17T11:05:05.414+0000][1105.244s][info][gc             ] GC(734) Pause Young (Allocation Failure) 23M->14M(31M) 1.329ms
[2025-04-17T11:05:05.414+0000][1105.244s][info][gc,cpu         ] GC(734) User=0.00s Sys=0.00s Real=0.01s
[2025-04-17T11:05:06.817+0000][1106.648s][info][gc,start       ] GC(735) Pause Young (Allocation Failure)
[2025-04-17T11:05:06.819+0000][1106.649s][info][gc,heap        ] GC(735) DefNew: 9174K(10176K)->85K(10176K) Eden: 9088K(9088K)->0K(9088K) From: 86K(1088K)->85K(1088K)
[2025-04-17T11:05:06.819+0000][1106.649s][info][gc,heap        ] GC(735) Tenured: 14619K(22468K)->14619K(22468K)
[2025-04-17T11:05:06.819+0000][1106.649s][info][gc,metaspace   ] GC(735) Metaspace: 37429K(37760K)->37429K(37760K) NonClass: 33003K(33152K)->33003K(33152K) Class: 4425K(4608K)->4425K(4608K)
[2025-04-17T11:05:06.819+0000][1106.649s][info][gc             ] GC(735) Pause Young (Allocation Failure) 23M->14M(31M) 1.191ms
[2025-04-17T11:05:06.819+0000][1106.649s][info][gc,cpu         ] GC(735) User=0.00s Sys=0.00s Real=0.00s
[2025-04-17T11:05:08.394+0000][1108.225s][info][gc,start       ] GC(736) Pause Young (Allocation Failure)
[2025-04-17T11:05:08.396+0000][1108.226s][info][gc,heap        ] GC(736) DefNew: 9173K(10176K)->90K(10176K) Eden: 9088K(9088K)->0K(9088K) From: 85K(1088K)->90K(1088K)
[2025-04-17T11:05:08.396+0000][1108.226s][info][gc,heap        ] GC(736) Tenured: 14619K(22468K)->14619K(22468K)
[2025-04-17T11:05:08.396+0000][1108.226s][info][gc,metaspace   ] GC(736) Metaspace: 37429K(37760K)->37429K(37760K) NonClass: 33003K(33152K)->33003K(33152K) Class: 4425K(4608K)->4425K(4608K)
[2025-04-17T11:05:08.396+0000][1108.226s][info][gc             ] GC(736) Pause Young (Allocation Failure) 23M->14M(31M) 1.359ms
[2025-04-17T11:05:08.396+0000][1108.226s][info][gc,cpu         ] GC(736) User=0.00s Sys=0.00s Real=0.00s
[2025-04-17T11:05:09.723+0000][1109.553s][info][gc,start       ] GC(737) Pause Young (Allocation Failure)
[2025-04-17T11:05:09.724+0000][1109.554s][info][gc,heap        ] GC(737) DefNew: 9178K(10176K)->99K(10176K) Eden: 9088K(9088K)->0K(9088K) From: 90K(1088K)->99K(1088K)
[2025-04-17T11:05:09.724+0000][1109.554s][info][gc,heap        ] GC(737) Tenured: 14619K(22468K)->14619K(22468K)
[2025-04-17T11:05:09.724+0000][1109.554s][info][gc,metaspace   ] GC(737) Metaspace: 37429K(37760K)->37429K(37760K) NonClass: 33003K(33152K)->33003K(33152K) Class: 4425K(4608K)->4425K(4608K)
[2025-04-17T11:05:09.724+0000][1109.554s][info][gc             ] GC(737) Pause Young (Allocation Failure) 23M->14M(31M) 1.323ms
[2025-04-17T11:05:09.724+0000][1109.554s][info][gc,cpu         ] GC(737) User=0.00s Sys=0.00s Real=0.01s
[2025-04-17T11:05:11.499+0000][1111.329s][info][gc,start       ] GC(738) Pause Young (Allocation Failure)
[2025-04-17T11:05:11.500+0000][1111.330s][info][gc,heap        ] GC(738) DefNew: 9187K(10176K)->114K(10176K) Eden: 9088K(9088K)->0K(9088K) From: 99K(1088K)->114K(1088K)
[2025-04-17T11:05:11.500+0000][1111.330s][info][gc,heap        ] GC(738) Tenured: 14619K(22468K)->14620K(22468K)
[2025-04-17T11:05:11.500+0000][1111.330s][info][gc,metaspace   ] GC(738) Metaspace: 37429K(37760K)->37429K(37760K) NonClass: 33003K(33152K)->33003K(33152K) Class: 4425K(4608K)->4425K(4608K)
[2025-04-17T11:05:11.500+0000][1111.330s][info][gc             ] GC(738) Pause Young (Allocation Failure) 23M->14M(31M) 1.233ms
[2025-04-17T11:05:11.500+0000][1111.330s][info][gc,cpu         ] GC(738) User=0.00s Sys=0.00s Real=0.00s
[2025-04-17T11:05:12.811+0000][1112.641s][info][gc,start       ] GC(739) Pause Young (Allocation Failure)
[2025-04-17T11:05:12.812+0000][1112.642s][info][gc,heap        ] GC(739) DefNew: 9201K(10176K)->85K(10176K) Eden: 9087K(9088K)->0K(9088K) From: 114K(1088K)->85K(1088K)
[2025-04-17T11:05:12.812+0000][1112.642s][info][gc,heap        ] GC(739) Tenured: 14620K(22468K)->14620K(22468K)
[2025-04-17T11:05:12.812+0000][1112.642s][info][gc,metaspace   ] GC(739) Metaspace: 37429K(37760K)->37429K(37760K) NonClass: 33003K(33152K)->33003K(33152K) Class: 4425K(4608K)->4425K(4608K)
[2025-04-17T11:05:12.812+0000][1112.642s][info][gc             ] GC(739) Pause Young (Allocation Failure) 23M->14M(31M) 1.335ms
[2025-04-17T11:05:12.812+0000][1112.642s][info][gc,cpu         ] GC(739) User=0.00s Sys=0.00s Real=0.00s
[2025-04-17T11:05:14.713+0000][1114.544s][info][gc,start       ] GC(740) Pause Young (Allocation Failure)
[2025-04-17T11:05:14.715+0000][1114.545s][info][gc,heap        ] GC(740) DefNew: 9173K(10176K)->84K(10176K) Eden: 9087K(9088K)->0K(9088K) From: 85K(1088K)->84K(1088K)
[2025-04-17T11:05:14.715+0000][1114.545s][info][gc,heap        ] GC(740) Tenured: 14620K(22468K)->14620K(22468K)
[2025-04-17T11:05:14.715+0000][1114.545s][info][gc,metaspace   ] GC(740) Metaspace: 37429K(37760K)->37429K(37760K) NonClass: 33003K(33152K)->33003K(33152K) Class: 4425K(4608K)->4425K(4608K)
[2025-04-17T11:05:14.715+0000][1114.545s][info][gc             ] GC(740) Pause Young (Allocation Failure) 23M->14M(31M) 1.259ms
[2025-04-17T11:05:14.715+0000][1114.545s][info][gc,cpu         ] GC(740) User=0.00s Sys=0.00s Real=0.01s
[2025-04-17T11:05:16.154+0000][1115.985s][info][gc,start       ] GC(741) Pause Young (Allocation Failure)
[2025-04-17T11:05:16.155+0000][1115.986s][info][gc,heap        ] GC(741) DefNew: 9171K(10176K)->93K(10176K) Eden: 9086K(9088K)->0K(9088K) From: 84K(1088K)->93K(1088K)
[2025-04-17T11:05:16.156+0000][1115.986s][info][gc,heap        ] GC(741) Tenured: 14620K(22468K)->14622K(22468K)
[2025-04-17T11:05:16.156+0000][1115.986s][info][gc,metaspace   ] GC(741) Metaspace: 37429K(37760K)->37429K(37760K) NonClass: 33003K(33152K)->33003K(33152K) Class: 4425K(4608K)->4425K(4608K)
[2025-04-17T11:05:16.156+0000][1115.986s][info][gc             ] GC(741) Pause Young (Allocation Failure) 23M->14M(31M) 1.162ms
[2025-04-17T11:05:16.156+0000][1115.986s][info][gc,cpu         ] GC(741) User=0.00s Sys=0.00s Real=0.00s
[2025-04-17T11:05:17.563+0000][1117.393s][info][gc,start       ] GC(742) Pause Young (Allocation Failure)
[2025-04-17T11:05:17.564+0000][1117.394s][info][gc,heap        ] GC(742) DefNew: 9181K(10176K)->88K(10176K) Eden: 9088K(9088K)->0K(9088K) From: 93K(1088K)->88K(1088K)
[2025-04-17T11:05:17.564+0000][1117.394s][info][gc,heap        ] GC(742) Tenured: 14622K(22468K)->14624K(22468K)
[2025-04-17T11:05:17.564+0000][1117.394s][info][gc,metaspace   ] GC(742) Metaspace: 37429K(37760K)->37429K(37760K) NonClass: 33003K(33152K)->33003K(33152K) Class: 4425K(4608K)->4425K(4608K)
[2025-04-17T11:05:17.564+0000][1117.395s][info][gc             ] GC(742) Pause Young (Allocation Failure) 23M->14M(31M) 1.290ms
[2025-04-17T11:05:17.564+0000][1117.395s][info][gc,cpu         ] GC(742) User=0.00s Sys=0.00s Real=0.01s
[2025-04-17T11:05:19.095+0000][1118.925s][info][gc,start       ] GC(743) Pause Young (Allocation Failure)
[2025-04-17T11:05:19.096+0000][1118.926s][info][gc,heap        ] GC(743) DefNew: 9176K(10176K)->90K(10176K) Eden: 9088K(9088K)->0K(9088K) From: 88K(1088K)->90K(1088K)
[2025-04-17T11:05:19.096+0000][1118.926s][info][gc,heap        ] GC(743) Tenured: 14624K(22468K)->14624K(22468K)
[2025-04-17T11:05:19.096+0000][1118.926s][info][gc,metaspace   ] GC(743) Metaspace: 37429K(37760K)->37429K(37760K) NonClass: 33003K(33152K)->33003K(33152K) Class: 4425K(4608K)->4425K(4608K)
[2025-04-17T11:05:19.096+0000][1118.926s][info][gc             ] GC(743) Pause Young (Allocation Failure) 23M->14M(31M) 1.365ms
[2025-04-17T11:05:19.096+0000][1118.926s][info][gc,cpu         ] GC(743) User=0.01s Sys=0.00s Real=0.00s
[2025-04-17T11:05:20.780+0000][1120.610s][info][gc,start       ] GC(744) Pause Young (Allocation Failure)
[2025-04-17T11:05:20.781+0000][1120.611s][info][gc,heap        ] GC(744) DefNew: 9178K(10176K)->102K(10176K) Eden: 9087K(9088K)->0K(9088K) From: 90K(1088K)->102K(1088K)
[2025-04-17T11:05:20.781+0000][1120.611s][info][gc,heap        ] GC(744) Tenured: 14624K(22468K)->14625K(22468K)
[2025-04-17T11:05:20.781+0000][1120.611s][info][gc,metaspace   ] GC(744) Metaspace: 37429K(37760K)->37429K(37760K) NonClass: 33003K(33152K)->33003K(33152K) Class: 4425K(4608K)->4425K(4608K)
[2025-04-17T11:05:20.781+0000][1120.611s][info][gc             ] GC(744) Pause Young (Allocation Failure) 23M->14M(31M) 1.232ms
[2025-04-17T11:05:20.781+0000][1120.611s][info][gc,cpu         ] GC(744) User=0.00s Sys=0.00s Real=0.00s
[2025-04-17T11:05:22.170+0000][1122.000s][info][gc,start       ] GC(745) Pause Young (Allocation Failure)
[2025-04-17T11:05:22.171+0000][1122.001s][info][gc,heap        ] GC(745) DefNew: 9190K(10176K)->94K(10176K) Eden: 9087K(9088K)->0K(9088K) From: 102K(1088K)->94K(1088K)
[2025-04-17T11:05:22.171+0000][1122.001s][info][gc,heap        ] GC(745) Tenured: 14625K(22468K)->14625K(22468K)
[2025-04-17T11:05:22.171+0000][1122.001s][info][gc,metaspace   ] GC(745) Metaspace: 37429K(37760K)->37429K(37760K) NonClass: 33003K(33152K)->33003K(33152K) Class: 4425K(4608K)->4425K(4608K)
[2025-04-17T11:05:22.171+0000][1122.001s][info][gc             ] GC(745) Pause Young (Allocation Failure) 23M->14M(31M) 1.263ms
[2025-04-17T11:05:22.171+0000][1122.001s][info][gc,cpu         ] GC(745) User=0.00s Sys=0.00s Real=0.00s
[2025-04-17T11:05:23.723+0000][1123.553s][info][gc,start       ] GC(746) Pause Young (Allocation Failure)
[2025-04-17T11:05:23.725+0000][1123.555s][info][gc,heap        ] GC(746) DefNew: 9182K(10176K)->87K(10176K) Eden: 9088K(9088K)->0K(9088K) From: 94K(1088K)->87K(1088K)
[2025-04-17T11:05:23.725+0000][1123.555s][info][gc,heap        ] GC(746) Tenured: 14625K(22468K)->14625K(22468K)
[2025-04-17T11:05:23.725+0000][1123.555s][info][gc,metaspace   ] GC(746) Metaspace: 37429K(37760K)->37429K(37760K) NonClass: 33003K(33152K)->33003K(33152K) Class: 4425K(4608K)->4425K(4608K)
[2025-04-17T11:05:23.725+0000][1123.555s][info][gc             ] GC(746) Pause Young (Allocation Failure) 23M->14M(31M) 1.320ms
[2025-04-17T11:05:23.725+0000][1123.555s][info][gc,cpu         ] GC(746) User=0.00s Sys=0.00s Real=0.01s
[2025-04-17T11:05:25.421+0000][1125.251s][info][gc,start       ] GC(747) Pause Young (Allocation Failure)
[2025-04-17T11:05:25.422+0000][1125.252s][info][gc,heap        ] GC(747) DefNew: 9175K(10176K)->88K(10176K) Eden: 9088K(9088K)->0K(9088K) From: 87K(1088K)->88K(1088K)
[2025-04-17T11:05:25.422+0000][1125.252s][info][gc,heap        ] GC(747) Tenured: 14625K(22468K)->14626K(22468K)
[2025-04-17T11:05:25.422+0000][1125.252s][info][gc,metaspace   ] GC(747) Metaspace: 37429K(37760K)->37429K(37760K) NonClass: 33003K(33152K)->33003K(33152K) Class: 4425K(4608K)->4425K(4608K)
[2025-04-17T11:05:25.422+0000][1125.252s][info][gc             ] GC(747) Pause Young (Allocation Failure) 23M->14M(31M) 1.318ms
[2025-04-17T11:05:25.422+0000][1125.252s][info][gc,cpu         ] GC(747) User=0.00s Sys=0.00s Real=0.00s
[2025-04-17T11:05:26.858+0000][1126.688s][info][gc,start       ] GC(748) Pause Young (Allocation Failure)
[2025-04-17T11:05:26.859+0000][1126.690s][info][gc,heap        ] GC(748) DefNew: 9176K(10176K)->104K(10176K) Eden: 9088K(9088K)->0K(9088K) From: 88K(1088K)->104K(1088K)
[2025-04-17T11:05:26.860+0000][1126.690s][info][gc,heap        ] GC(748) Tenured: 14626K(22468K)->14627K(22468K)
[2025-04-17T11:05:26.860+0000][1126.690s][info][gc,metaspace   ] GC(748) Metaspace: 37429K(37760K)->37429K(37760K) NonClass: 33003K(33152K)->33003K(33152K) Class: 4425K(4608K)->4425K(4608K)
[2025-04-17T11:05:26.860+0000][1126.690s][info][gc             ] GC(748) Pause Young (Allocation Failure) 23M->14M(31M) 1.341ms
[2025-04-17T11:05:26.860+0000][1126.690s][info][gc,cpu         ] GC(748) User=0.00s Sys=0.00s Real=0.00s
[2025-04-17T11:05:28.483+0000][1128.313s][info][gc,start       ] GC(749) Pause Young (Allocation Failure)
[2025-04-17T11:05:28.484+0000][1128.314s][info][gc,heap        ] GC(749) DefNew: 9192K(10176K)->85K(10176K) Eden: 9088K(9088K)->0K(9088K) From: 104K(1088K)->85K(1088K)
[2025-04-17T11:05:28.484+0000][1128.314s][info][gc,heap        ] GC(749) Tenured: 14627K(22468K)->14627K(22468K)
[2025-04-17T11:05:28.484+0000][1128.314s][info][gc,metaspace   ] GC(749) Metaspace: 37429K(37760K)->37429K(37760K) NonClass: 33003K(33152K)->33003K(33152K) Class: 4425K(4608K)->4425K(4608K)
[2025-04-17T11:05:28.484+0000][1128.314s][info][gc             ] GC(749) Pause Young (Allocation Failure) 23M->14M(31M) 1.223ms
[2025-04-17T11:05:28.484+0000][1128.314s][info][gc,cpu         ] GC(749) User=0.00s Sys=0.00s Real=0.00s
[2025-04-17T11:05:30.161+0000][1129.991s][info][gc,start       ] GC(750) Pause Young (Allocation Failure)
[2025-04-17T11:05:30.162+0000][1129.992s][info][gc,heap        ] GC(750) DefNew: 9173K(10176K)->88K(10176K) Eden: 9088K(9088K)->0K(9088K) From: 85K(1088K)->88K(1088K)
[2025-04-17T11:05:30.162+0000][1129.992s][info][gc,heap        ] GC(750) Tenured: 14627K(22468K)->14629K(22468K)
[2025-04-17T11:05:30.162+0000][1129.992s][info][gc,metaspace   ] GC(750) Metaspace: 37429K(37760K)->37429K(37760K) NonClass: 33003K(33152K)->33003K(33152K) Class: 4425K(4608K)->4425K(4608K)
[2025-04-17T11:05:30.162+0000][1129.992s][info][gc             ] GC(750) Pause Young (Allocation Failure) 23M->14M(31M) 1.290ms
[2025-04-17T11:05:30.162+0000][1129.992s][info][gc,cpu         ] GC(750) User=0.00s Sys=0.00s Real=0.00s
[2025-04-17T11:05:31.683+0000][1131.514s][info][gc,start       ] GC(751) Pause Young (Allocation Failure)
[2025-04-17T11:05:31.685+0000][1131.515s][info][gc,heap        ] GC(751) DefNew: 9176K(10176K)->90K(10176K) Eden: 9088K(9088K)->0K(9088K) From: 88K(1088K)->90K(1088K)
[2025-04-17T11:05:31.685+0000][1131.515s][info][gc,heap        ] GC(751) Tenured: 14629K(22468K)->14630K(22468K)
[2025-04-17T11:05:31.685+0000][1131.515s][info][gc,metaspace   ] GC(751) Metaspace: 37429K(37760K)->37429K(37760K) NonClass: 33003K(33152K)->33003K(33152K) Class: 4425K(4608K)->4425K(4608K)
[2025-04-17T11:05:31.685+0000][1131.515s][info][gc             ] GC(751) Pause Young (Allocation Failure) 23M->14M(31M) 1.319ms
[2025-04-17T11:05:31.685+0000][1131.515s][info][gc,cpu         ] GC(751) User=0.00s Sys=0.00s Real=0.01s
[2025-04-17T11:05:33.576+0000][1133.406s][info][gc,start       ] GC(752) Pause Young (Allocation Failure)
[2025-04-17T11:05:33.577+0000][1133.407s][info][gc,heap        ] GC(752) DefNew: 9178K(10176K)->108K(10176K) Eden: 9088K(9088K)->0K(9088K) From: 90K(1088K)->108K(1088K)
[2025-04-17T11:05:33.577+0000][1133.407s][info][gc,heap        ] GC(752) Tenured: 14630K(22468K)->14630K(22468K)
[2025-04-17T11:05:33.577+0000][1133.407s][info][gc,metaspace   ] GC(752) Metaspace: 37429K(37760K)->37429K(37760K) NonClass: 33003K(33152K)->33003K(33152K) Class: 4425K(4608K)->4425K(4608K)
[2025-04-17T11:05:33.577+0000][1133.407s][info][gc             ] GC(752) Pause Young (Allocation Failure) 23M->14M(31M) 1.303ms
[2025-04-17T11:05:33.577+0000][1133.407s][info][gc,cpu         ] GC(752) User=0.00s Sys=0.00s Real=0.00s
[2025-04-17T11:05:34.921+0000][1134.751s][info][gc,start       ] GC(753) Pause Young (Allocation Failure)
[2025-04-17T11:05:34.922+0000][1134.752s][info][gc,heap        ] GC(753) DefNew: 9196K(10176K)->105K(10176K) Eden: 9088K(9088K)->0K(9088K) From: 108K(1088K)->105K(1088K)
[2025-04-17T11:05:34.922+0000][1134.752s][info][gc,heap        ] GC(753) Tenured: 14630K(22468K)->14631K(22468K)
[2025-04-17T11:05:34.922+0000][1134.752s][info][gc,metaspace   ] GC(753) Metaspace: 37429K(37760K)->37429K(37760K) NonClass: 33003K(33152K)->33003K(33152K) Class: 4425K(4608K)->4425K(4608K)
[2025-04-17T11:05:34.922+0000][1134.752s][info][gc             ] GC(753) Pause Young (Allocation Failure) 23M->14M(31M) 1.319ms
[2025-04-17T11:05:34.922+0000][1134.752s][info][gc,cpu         ] GC(753) User=0.00s Sys=0.00s Real=0.00s
[2025-04-17T11:05:36.495+0000][1136.325s][info][gc,start       ] GC(754) Pause Young (Allocation Failure)
[2025-04-17T11:05:36.496+0000][1136.326s][info][gc,heap        ] GC(754) DefNew: 9193K(10176K)->87K(10176K) Eden: 9088K(9088K)->0K(9088K) From: 105K(1088K)->87K(1088K)
[2025-04-17T11:05:36.496+0000][1136.326s][info][gc,heap        ] GC(754) Tenured: 14631K(22468K)->14632K(22468K)
[2025-04-17T11:05:36.496+0000][1136.326s][info][gc,metaspace   ] GC(754) Metaspace: 37429K(37760K)->37429K(37760K) NonClass: 33003K(33152K)->33003K(33152K) Class: 4425K(4608K)->4425K(4608K)
[2025-04-17T11:05:36.496+0000][1136.326s][info][gc             ] GC(754) Pause Young (Allocation Failure) 23M->14M(31M) 1.364ms
[2025-04-17T11:05:36.496+0000][1136.326s][info][gc,cpu         ] GC(754) User=0.00s Sys=0.00s Real=0.00s
[2025-04-17T11:05:37.949+0000][1137.779s][info][gc,start       ] GC(755) Pause Young (Allocation Failure)
[2025-04-17T11:05:37.950+0000][1137.780s][info][gc,heap        ] GC(755) DefNew: 9175K(10176K)->88K(10176K) Eden: 9087K(9088K)->0K(9088K) From: 87K(1088K)->88K(1088K)
[2025-04-17T11:05:37.950+0000][1137.780s][info][gc,heap        ] GC(755) Tenured: 14632K(22468K)->14632K(22468K)
[2025-04-17T11:05:37.950+0000][1137.780s][info][gc,metaspace   ] GC(755) Metaspace: 37429K(37760K)->37429K(37760K) NonClass: 33003K(33152K)->33003K(33152K) Class: 4425K(4608K)->4425K(4608K)
[2025-04-17T11:05:37.950+0000][1137.780s][info][gc             ] GC(755) Pause Young (Allocation Failure) 23M->14M(31M) 1.188ms
[2025-04-17T11:05:37.950+0000][1137.780s][info][gc,cpu         ] GC(755) User=0.01s Sys=0.00s Real=0.00s
[2025-04-17T11:05:39.606+0000][1139.436s][info][gc,start       ] GC(756) Pause Young (Allocation Failure)
[2025-04-17T11:05:39.607+0000][1139.437s][info][gc,heap        ] GC(756) DefNew: 9176K(10176K)->82K(10176K) Eden: 9088K(9088K)->0K(9088K) From: 88K(1088K)->82K(1088K)
[2025-04-17T11:05:39.607+0000][1139.437s][info][gc,heap        ] GC(756) Tenured: 14632K(22468K)->14637K(22468K)
[2025-04-17T11:05:39.607+0000][1139.437s][info][gc,metaspace   ] GC(756) Metaspace: 37429K(37760K)->37429K(37760K) NonClass: 33003K(33152K)->33003K(33152K) Class: 4425K(4608K)->4425K(4608K)
[2025-04-17T11:05:39.607+0000][1139.437s][info][gc             ] GC(756) Pause Young (Allocation Failure) 23M->14M(31M) 1.297ms
[2025-04-17T11:05:39.607+0000][1139.437s][info][gc,cpu         ] GC(756) User=0.00s Sys=0.00s Real=0.00s
[2025-04-17T11:05:41.037+0000][1140.867s][info][gc,start       ] GC(757) Pause Young (Allocation Failure)
[2025-04-17T11:05:41.038+0000][1140.869s][info][gc,heap        ] GC(757) DefNew: 9170K(10176K)->102K(10176K) Eden: 9088K(9088K)->0K(9088K) From: 82K(1088K)->102K(1088K)
[2025-04-17T11:05:41.038+0000][1140.869s][info][gc,heap        ] GC(757) Tenured: 14637K(22468K)->14637K(22468K)
[2025-04-17T11:05:41.038+0000][1140.869s][info][gc,metaspace   ] GC(757) Metaspace: 37429K(37760K)->37429K(37760K) NonClass: 33003K(33152K)->33003K(33152K) Class: 4425K(4608K)->4425K(4608K)
[2025-04-17T11:05:41.038+0000][1140.869s][info][gc             ] GC(757) Pause Young (Allocation Failure) 23M->14M(31M) 1.370ms
[2025-04-17T11:05:41.038+0000][1140.869s][info][gc,cpu         ] GC(757) User=0.00s Sys=0.00s Real=0.00s
[2025-04-17T11:05:42.493+0000][1142.323s][info][gc,start       ] GC(758) Pause Young (Allocation Failure)
[2025-04-17T11:05:42.494+0000][1142.324s][info][gc,heap        ] GC(758) DefNew: 9190K(10176K)->73K(10176K) Eden: 9088K(9088K)->0K(9088K) From: 102K(1088K)->73K(1088K)
[2025-04-17T11:05:42.494+0000][1142.324s][info][gc,heap        ] GC(758) Tenured: 14637K(22468K)->14640K(22468K)
[2025-04-17T11:05:42.494+0000][1142.324s][info][gc,metaspace   ] GC(758) Metaspace: 37429K(37760K)->37429K(37760K) NonClass: 33003K(33152K)->33003K(33152K) Class: 4425K(4608K)->4425K(4608K)
[2025-04-17T11:05:42.494+0000][1142.324s][info][gc             ] GC(758) Pause Young (Allocation Failure) 23M->14M(31M) 1.047ms
[2025-04-17T11:05:42.494+0000][1142.324s][info][gc,cpu         ] GC(758) User=0.00s Sys=0.00s Real=0.00s
[2025-04-17T11:05:44.210+0000][1144.041s][info][gc,start       ] GC(759) Pause Young (Allocation Failure)
[2025-04-17T11:05:44.212+0000][1144.042s][info][gc,heap        ] GC(759) DefNew: 9161K(10176K)->85K(10176K) Eden: 9088K(9088K)->0K(9088K) From: 73K(1088K)->85K(1088K)
[2025-04-17T11:05:44.212+0000][1144.042s][info][gc,heap        ] GC(759) Tenured: 14640K(22468K)->14640K(22468K)
[2025-04-17T11:05:44.212+0000][1144.042s][info][gc,metaspace   ] GC(759) Metaspace: 37429K(37760K)->37429K(37760K) NonClass: 33003K(33152K)->33003K(33152K) Class: 4425K(4608K)->4425K(4608K)
[2025-04-17T11:05:44.212+0000][1144.042s][info][gc             ] GC(759) Pause Young (Allocation Failure) 23M->14M(31M) 1.197ms
[2025-04-17T11:05:44.212+0000][1144.042s][info][gc,cpu         ] GC(759) User=0.00s Sys=0.00s Real=0.00s
[2025-04-17T11:05:45.900+0000][1145.730s][info][gc,start       ] GC(760) Pause Young (Allocation Failure)
[2025-04-17T11:05:45.901+0000][1145.731s][info][gc,heap        ] GC(760) DefNew: 9173K(10176K)->91K(10176K) Eden: 9088K(9088K)->0K(9088K) From: 85K(1088K)->91K(1088K)
[2025-04-17T11:05:45.901+0000][1145.731s][info][gc,heap        ] GC(760) Tenured: 14640K(22468K)->14640K(22468K)
[2025-04-17T11:05:45.901+0000][1145.731s][info][gc,metaspace   ] GC(760) Metaspace: 37429K(37760K)->37429K(37760K) NonClass: 33003K(33152K)->33003K(33152K) Class: 4425K(4608K)->4425K(4608K)
[2025-04-17T11:05:45.901+0000][1145.731s][info][gc             ] GC(760) Pause Young (Allocation Failure) 23M->14M(31M) 1.300ms
[2025-04-17T11:05:45.901+0000][1145.731s][info][gc,cpu         ] GC(760) User=0.00s Sys=0.00s Real=0.00s
[2025-04-17T11:05:47.360+0000][1147.190s][info][gc,start       ] GC(761) Pause Young (Allocation Failure)
[2025-04-17T11:05:47.361+0000][1147.191s][info][gc,heap        ] GC(761) DefNew: 9179K(10176K)->102K(10176K) Eden: 9088K(9088K)->0K(9088K) From: 91K(1088K)->102K(1088K)
[2025-04-17T11:05:47.361+0000][1147.191s][info][gc,heap        ] GC(761) Tenured: 14640K(22468K)->14641K(22468K)
[2025-04-17T11:05:47.361+0000][1147.191s][info][gc,metaspace   ] GC(761) Metaspace: 37429K(37760K)->37429K(37760K) NonClass: 33003K(33152K)->33003K(33152K) Class: 4425K(4608K)->4425K(4608K)
[2025-04-17T11:05:47.361+0000][1147.191s][info][gc             ] GC(761) Pause Young (Allocation Failure) 23M->14M(31M) 1.221ms
[2025-04-17T11:05:47.361+0000][1147.191s][info][gc,cpu         ] GC(761) User=0.00s Sys=0.00s Real=0.00s
[2025-04-17T11:05:48.867+0000][1148.698s][info][gc,start       ] GC(762) Pause Young (Allocation Failure)
[2025-04-17T11:05:48.869+0000][1148.699s][info][gc,heap        ] GC(762) DefNew: 9190K(10176K)->86K(10176K) Eden: 9088K(9088K)->0K(9088K) From: 102K(1088K)->86K(1088K)
[2025-04-17T11:05:48.869+0000][1148.699s][info][gc,heap        ] GC(762) Tenured: 14641K(22468K)->14642K(22468K)
[2025-04-17T11:05:48.869+0000][1148.699s][info][gc,metaspace   ] GC(762) Metaspace: 37429K(37760K)->37429K(37760K) NonClass: 33003K(33152K)->33003K(33152K) Class: 4425K(4608K)->4425K(4608K)
[2025-04-17T11:05:48.869+0000][1148.699s][info][gc             ] GC(762) Pause Young (Allocation Failure) 23M->14M(31M) 1.257ms
[2025-04-17T11:05:48.869+0000][1148.699s][info][gc,cpu         ] GC(762) User=0.01s Sys=0.00s Real=0.00s
[2025-04-17T11:05:50.562+0000][1150.393s][info][gc,start       ] GC(763) Pause Young (Allocation Failure)
[2025-04-17T11:05:50.564+0000][1150.394s][info][gc,heap        ] GC(763) DefNew: 9174K(10176K)->117K(10176K) Eden: 9087K(9088K)->0K(9088K) From: 86K(1088K)->117K(1088K)
[2025-04-17T11:05:50.564+0000][1150.394s][info][gc,heap        ] GC(763) Tenured: 14642K(22468K)->14642K(22468K)
[2025-04-17T11:05:50.564+0000][1150.394s][info][gc,metaspace   ] GC(763) Metaspace: 37429K(37760K)->37429K(37760K) NonClass: 33003K(33152K)->33003K(33152K) Class: 4425K(4608K)->4425K(4608K)
[2025-04-17T11:05:50.564+0000][1150.394s][info][gc             ] GC(763) Pause Young (Allocation Failure) 23M->14M(31M) 1.316ms
[2025-04-17T11:05:50.564+0000][1150.394s][info][gc,cpu         ] GC(763) User=0.00s Sys=0.00s Real=0.00s
[2025-04-17T11:05:51.928+0000][1151.759s][info][gc,start       ] GC(764) Pause Young (Allocation Failure)
[2025-04-17T11:05:51.930+0000][1151.760s][info][gc,heap        ] GC(764) DefNew: 9205K(10176K)->87K(10176K) Eden: 9088K(9088K)->0K(9088K) From: 117K(1088K)->87K(1088K)
[2025-04-17T11:05:51.930+0000][1151.760s][info][gc,heap        ] GC(764) Tenured: 14642K(22468K)->14642K(22468K)
[2025-04-17T11:05:51.930+0000][1151.760s][info][gc,metaspace   ] GC(764) Metaspace: 37429K(37760K)->37429K(37760K) NonClass: 33003K(33152K)->33003K(33152K) Class: 4425K(4608K)->4425K(4608K)
[2025-04-17T11:05:51.930+0000][1151.760s][info][gc             ] GC(764) Pause Young (Allocation Failure) 23M->14M(31M) 1.312ms
[2025-04-17T11:05:51.930+0000][1151.760s][info][gc,cpu         ] GC(764) User=0.00s Sys=0.00s Real=0.00s
[2025-04-17T11:05:53.777+0000][1153.607s][info][gc,start       ] GC(765) Pause Young (Allocation Failure)
[2025-04-17T11:05:53.778+0000][1153.608s][info][gc,heap        ] GC(765) DefNew: 9175K(10176K)->106K(10176K) Eden: 9088K(9088K)->0K(9088K) From: 87K(1088K)->106K(1088K)
[2025-04-17T11:05:53.778+0000][1153.608s][info][gc,heap        ] GC(765) Tenured: 14642K(22468K)->14642K(22468K)
[2025-04-17T11:05:53.778+0000][1153.608s][info][gc,metaspace   ] GC(765) Metaspace: 37429K(37760K)->37429K(37760K) NonClass: 33003K(33152K)->33003K(33152K) Class: 4425K(4608K)->4425K(4608K)
[2025-04-17T11:05:53.778+0000][1153.608s][info][gc             ] GC(765) Pause Young (Allocation Failure) 23M->14M(31M) 1.240ms
[2025-04-17T11:05:53.778+0000][1153.608s][info][gc,cpu         ] GC(765) User=0.00s Sys=0.00s Real=0.00s
[2025-04-17T11:05:55.180+0000][1155.010s][info][gc,start       ] GC(766) Pause Young (Allocation Failure)
[2025-04-17T11:05:55.181+0000][1155.011s][info][gc,heap        ] GC(766) DefNew: 9194K(10176K)->89K(10176K) Eden: 9088K(9088K)->0K(9088K) From: 106K(1088K)->89K(1088K)
[2025-04-17T11:05:55.181+0000][1155.011s][info][gc,heap        ] GC(766) Tenured: 14642K(22468K)->14642K(22468K)
[2025-04-17T11:05:55.181+0000][1155.011s][info][gc,metaspace   ] GC(766) Metaspace: 37429K(37760K)->37429K(37760K) NonClass: 33003K(33152K)->33003K(33152K) Class: 4425K(4608K)->4425K(4608K)
[2025-04-17T11:05:55.181+0000][1155.011s][info][gc             ] GC(766) Pause Young (Allocation Failure) 23M->14M(31M) 1.300ms
[2025-04-17T11:05:55.181+0000][1155.011s][info][gc,cpu         ] GC(766) User=0.00s Sys=0.00s Real=0.00s
[2025-04-17T11:05:56.780+0000][1156.610s][info][gc,start       ] GC(767) Pause Young (Allocation Failure)
[2025-04-17T11:05:56.781+0000][1156.611s][info][gc,heap        ] GC(767) DefNew: 9177K(10176K)->88K(10176K) Eden: 9088K(9088K)->0K(9088K) From: 89K(1088K)->88K(1088K)
[2025-04-17T11:05:56.781+0000][1156.611s][info][gc,heap        ] GC(767) Tenured: 14642K(22468K)->14646K(22468K)
[2025-04-17T11:05:56.781+0000][1156.611s][info][gc,metaspace   ] GC(767) Metaspace: 37429K(37760K)->37429K(37760K) NonClass: 33003K(33152K)->33003K(33152K) Class: 4425K(4608K)->4425K(4608K)
[2025-04-17T11:05:56.781+0000][1156.611s][info][gc             ] GC(767) Pause Young (Allocation Failure) 23M->14M(31M) 1.340ms
[2025-04-17T11:05:56.781+0000][1156.611s][info][gc,cpu         ] GC(767) User=0.00s Sys=0.00s Real=0.00s
[2025-04-17T11:05:58.582+0000][1158.412s][info][gc,start       ] GC(768) Pause Young (Allocation Failure)
[2025-04-17T11:05:58.583+0000][1158.413s][info][gc,heap        ] GC(768) DefNew: 9176K(10176K)->87K(10176K) Eden: 9088K(9088K)->0K(9088K) From: 88K(1088K)->87K(1088K)
[2025-04-17T11:05:58.583+0000][1158.413s][info][gc,heap        ] GC(768) Tenured: 14646K(22468K)->14647K(22468K)
[2025-04-17T11:05:58.583+0000][1158.413s][info][gc,metaspace   ] GC(768) Metaspace: 37429K(37760K)->37429K(37760K) NonClass: 33003K(33152K)->33003K(33152K) Class: 4425K(4608K)->4425K(4608K)
[2025-04-17T11:05:58.583+0000][1158.413s][info][gc             ] GC(768) Pause Young (Allocation Failure) 23M->14M(31M) 1.228ms
[2025-04-17T11:05:58.583+0000][1158.413s][info][gc,cpu         ] GC(768) User=0.00s Sys=0.00s Real=0.00s
[2025-04-17T11:06:00.144+0000][1159.974s][info][gc,start       ] GC(769) Pause Young (Allocation Failure)
[2025-04-17T11:06:00.145+0000][1159.975s][info][gc,heap        ] GC(769) DefNew: 9175K(10176K)->100K(10176K) Eden: 9088K(9088K)->0K(9088K) From: 87K(1088K)->100K(1088K)
[2025-04-17T11:06:00.145+0000][1159.975s][info][gc,heap        ] GC(769) Tenured: 14647K(22468K)->14647K(22468K)
[2025-04-17T11:06:00.145+0000][1159.975s][info][gc,metaspace   ] GC(769) Metaspace: 37429K(37760K)->37429K(37760K) NonClass: 33003K(33152K)->33003K(33152K) Class: 4425K(4608K)->4425K(4608K)
[2025-04-17T11:06:00.145+0000][1159.975s][info][gc             ] GC(769) Pause Young (Allocation Failure) 23M->14M(31M) 1.355ms
[2025-04-17T11:06:00.145+0000][1159.975s][info][gc,cpu         ] GC(769) User=0.00s Sys=0.00s Real=0.01s
[2025-04-17T11:06:01.420+0000][1161.250s][info][gc,start       ] GC(770) Pause Young (Allocation Failure)
[2025-04-17T11:06:01.421+0000][1161.251s][info][gc,heap        ] GC(770) DefNew: 9188K(10176K)->96K(10176K) Eden: 9088K(9088K)->0K(9088K) From: 100K(1088K)->96K(1088K)
[2025-04-17T11:06:01.421+0000][1161.251s][info][gc,heap        ] GC(770) Tenured: 14647K(22468K)->14648K(22468K)
[2025-04-17T11:06:01.421+0000][1161.251s][info][gc,metaspace   ] GC(770) Metaspace: 37429K(37760K)->37429K(37760K) NonClass: 33003K(33152K)->33003K(33152K) Class: 4425K(4608K)->4425K(4608K)
[2025-04-17T11:06:01.421+0000][1161.251s][info][gc             ] GC(770) Pause Young (Allocation Failure) 23M->14M(31M) 1.240ms
[2025-04-17T11:06:01.421+0000][1161.251s][info][gc,cpu         ] GC(770) User=0.00s Sys=0.00s Real=0.00s
[2025-04-17T11:06:03.182+0000][1163.012s][info][gc,start       ] GC(771) Pause Young (Allocation Failure)
[2025-04-17T11:06:03.183+0000][1163.014s][info][gc,heap        ] GC(771) DefNew: 9184K(10176K)->85K(10176K) Eden: 9088K(9088K)->0K(9088K) From: 96K(1088K)->85K(1088K)
[2025-04-17T11:06:03.183+0000][1163.014s][info][gc,heap        ] GC(771) Tenured: 14648K(22468K)->14650K(22468K)
[2025-04-17T11:06:03.183+0000][1163.014s][info][gc,metaspace   ] GC(771) Metaspace: 37429K(37760K)->37429K(37760K) NonClass: 33003K(33152K)->33003K(33152K) Class: 4425K(4608K)->4425K(4608K)
[2025-04-17T11:06:03.183+0000][1163.014s][info][gc             ] GC(771) Pause Young (Allocation Failure) 23M->14M(31M) 1.229ms
[2025-04-17T11:06:03.183+0000][1163.014s][info][gc,cpu         ] GC(771) User=0.00s Sys=0.00s Real=0.00s
[2025-04-17T11:06:04.632+0000][1164.463s][info][gc,start       ] GC(772) Pause Young (Allocation Failure)
[2025-04-17T11:06:04.634+0000][1164.464s][info][gc,heap        ] GC(772) DefNew: 9173K(10176K)->80K(10176K) Eden: 9088K(9088K)->0K(9088K) From: 85K(1088K)->80K(1088K)
[2025-04-17T11:06:04.634+0000][1164.464s][info][gc,heap        ] GC(772) Tenured: 14650K(22468K)->14651K(22468K)
[2025-04-17T11:06:04.634+0000][1164.464s][info][gc,metaspace   ] GC(772) Metaspace: 37429K(37760K)->37429K(37760K) NonClass: 33003K(33152K)->33003K(33152K) Class: 4425K(4608K)->4425K(4608K)
[2025-04-17T11:06:04.634+0000][1164.464s][info][gc             ] GC(772) Pause Young (Allocation Failure) 23M->14M(31M) 1.251ms
[2025-04-17T11:06:04.634+0000][1164.464s][info][gc,cpu         ] GC(772) User=0.00s Sys=0.00s Real=0.00s
[2025-04-17T11:06:06.067+0000][1165.897s][info][gc,start       ] GC(773) Pause Young (Allocation Failure)
[2025-04-17T11:06:06.068+0000][1165.898s][info][gc,heap        ] GC(773) DefNew: 9168K(10176K)->98K(10176K) Eden: 9088K(9088K)->0K(9088K) From: 80K(1088K)->98K(1088K)
[2025-04-17T11:06:06.068+0000][1165.898s][info][gc,heap        ] GC(773) Tenured: 14651K(22468K)->14653K(22468K)
[2025-04-17T11:06:06.068+0000][1165.898s][info][gc,metaspace   ] GC(773) Metaspace: 37429K(37760K)->37429K(37760K) NonClass: 33003K(33152K)->33003K(33152K) Class: 4425K(4608K)->4425K(4608K)
[2025-04-17T11:06:06.068+0000][1165.898s][info][gc             ] GC(773) Pause Young (Allocation Failure) 23M->14M(31M) 1.271ms
[2025-04-17T11:06:06.068+0000][1165.898s][info][gc,cpu         ] GC(773) User=0.00s Sys=0.00s Real=0.00s
[2025-04-17T11:06:07.785+0000][1167.615s][info][gc,start       ] GC(774) Pause Young (Allocation Failure)
[2025-04-17T11:06:07.786+0000][1167.616s][info][gc,heap        ] GC(774) DefNew: 9179K(10176K)->87K(10176K) Eden: 9081K(9088K)->0K(9088K) From: 98K(1088K)->87K(1088K)
[2025-04-17T11:06:07.786+0000][1167.616s][info][gc,heap        ] GC(774) Tenured: 14653K(22468K)->14653K(22468K)
[2025-04-17T11:06:07.786+0000][1167.616s][info][gc,metaspace   ] GC(774) Metaspace: 37429K(37760K)->37429K(37760K) NonClass: 33003K(33152K)->33003K(33152K) Class: 4425K(4608K)->4425K(4608K)
[2025-04-17T11:06:07.786+0000][1167.616s][info][gc             ] GC(774) Pause Young (Allocation Failure) 23M->14M(31M) 1.261ms
[2025-04-17T11:06:07.786+0000][1167.616s][info][gc,cpu         ] GC(774) User=0.00s Sys=0.00s Real=0.00s
[2025-04-17T11:06:09.291+0000][1169.121s][info][gc,start       ] GC(775) Pause Young (Allocation Failure)
[2025-04-17T11:06:09.292+0000][1169.122s][info][gc,heap        ] GC(775) DefNew: 9175K(10176K)->78K(10176K) Eden: 9088K(9088K)->0K(9088K) From: 87K(1088K)->78K(1088K)
[2025-04-17T11:06:09.292+0000][1169.122s][info][gc,heap        ] GC(775) Tenured: 14653K(22468K)->14655K(22468K)
[2025-04-17T11:06:09.292+0000][1169.122s][info][gc,metaspace   ] GC(775) Metaspace: 37429K(37760K)->37429K(37760K) NonClass: 33003K(33152K)->33003K(33152K) Class: 4425K(4608K)->4425K(4608K)
[2025-04-17T11:06:09.292+0000][1169.122s][info][gc             ] GC(775) Pause Young (Allocation Failure) 23M->14M(31M) 1.218ms
[2025-04-17T11:06:09.292+0000][1169.122s][info][gc,cpu         ] GC(775) User=0.00s Sys=0.00s Real=0.00s
[2025-04-17T11:06:10.892+0000][1170.722s][info][gc,start       ] GC(776) Pause Young (Allocation Failure)
[2025-04-17T11:06:10.893+0000][1170.723s][info][gc,heap        ] GC(776) DefNew: 9166K(10176K)->79K(10176K) Eden: 9087K(9088K)->0K(9088K) From: 78K(1088K)->79K(1088K)
[2025-04-17T11:06:10.893+0000][1170.723s][info][gc,heap        ] GC(776) Tenured: 14655K(22468K)->14655K(22468K)
[2025-04-17T11:06:10.893+0000][1170.723s][info][gc,metaspace   ] GC(776) Metaspace: 37429K(37760K)->37429K(37760K) NonClass: 33003K(33152K)->33003K(33152K) Class: 4425K(4608K)->4425K(4608K)
[2025-04-17T11:06:10.893+0000][1170.723s][info][gc             ] GC(776) Pause Young (Allocation Failure) 23M->14M(31M) 1.226ms
[2025-04-17T11:06:10.893+0000][1170.723s][info][gc,cpu         ] GC(776) User=0.00s Sys=0.00s Real=0.00s
[2025-04-17T11:06:12.629+0000][1172.459s][info][gc,start       ] GC(777) Pause Young (Allocation Failure)
[2025-04-17T11:06:12.630+0000][1172.461s][info][gc,heap        ] GC(777) DefNew: 9167K(10176K)->92K(10176K) Eden: 9088K(9088K)->0K(9088K) From: 79K(1088K)->92K(1088K)
[2025-04-17T11:06:12.630+0000][1172.461s][info][gc,heap        ] GC(777) Tenured: 14655K(22468K)->14657K(22468K)
[2025-04-17T11:06:12.630+0000][1172.461s][info][gc,metaspace   ] GC(777) Metaspace: 37429K(37760K)->37429K(37760K) NonClass: 33003K(33152K)->33003K(33152K) Class: 4425K(4608K)->4425K(4608K)
[2025-04-17T11:06:12.630+0000][1172.461s][info][gc             ] GC(777) Pause Young (Allocation Failure) 23M->14M(31M) 1.331ms
[2025-04-17T11:06:12.631+0000][1172.461s][info][gc,cpu         ] GC(777) User=0.00s Sys=0.00s Real=0.00s
[2025-04-17T11:06:14.279+0000][1174.109s][info][gc,start       ] GC(778) Pause Young (Allocation Failure)
[2025-04-17T11:06:14.281+0000][1174.111s][info][gc,heap        ] GC(778) DefNew: 9180K(10176K)->78K(10176K) Eden: 9088K(9088K)->0K(9088K) From: 92K(1088K)->78K(1088K)
[2025-04-17T11:06:14.281+0000][1174.111s][info][gc,heap        ] GC(778) Tenured: 14657K(22468K)->14657K(22468K)
[2025-04-17T11:06:14.281+0000][1174.111s][info][gc,metaspace   ] GC(778) Metaspace: 37429K(37760K)->37429K(37760K) NonClass: 33003K(33152K)->33003K(33152K) Class: 4425K(4608K)->4425K(4608K)
[2025-04-17T11:06:14.281+0000][1174.111s][info][gc             ] GC(778) Pause Young (Allocation Failure) 23M->14M(31M) 1.257ms
[2025-04-17T11:06:14.281+0000][1174.111s][info][gc,cpu         ] GC(778) User=0.00s Sys=0.00s Real=0.00s
[2025-04-17T11:06:15.671+0000][1175.501s][info][gc,start       ] GC(779) Pause Young (Allocation Failure)
[2025-04-17T11:06:15.673+0000][1175.503s][info][gc,heap        ] GC(779) DefNew: 9166K(10176K)->79K(10176K) Eden: 9088K(9088K)->0K(9088K) From: 78K(1088K)->79K(1088K)
[2025-04-17T11:06:15.673+0000][1175.503s][info][gc,heap        ] GC(779) Tenured: 14657K(22468K)->14657K(22468K)
[2025-04-17T11:06:15.673+0000][1175.503s][info][gc,metaspace   ] GC(779) Metaspace: 37429K(37760K)->37429K(37760K) NonClass: 33003K(33152K)->33003K(33152K) Class: 4425K(4608K)->4425K(4608K)
[2025-04-17T11:06:15.673+0000][1175.503s][info][gc             ] GC(779) Pause Young (Allocation Failure) 23M->14M(31M) 1.684ms
[2025-04-17T11:06:15.673+0000][1175.503s][info][gc,cpu         ] GC(779) User=0.00s Sys=0.00s Real=0.00s
[2025-04-17T11:06:17.357+0000][1177.187s][info][gc,start       ] GC(780) Pause Young (Allocation Failure)
[2025-04-17T11:06:17.358+0000][1177.189s][info][gc,heap        ] GC(780) DefNew: 9167K(10176K)->77K(10176K) Eden: 9088K(9088K)->0K(9088K) From: 79K(1088K)->77K(1088K)
[2025-04-17T11:06:17.358+0000][1177.189s][info][gc,heap        ] GC(780) Tenured: 14657K(22468K)->14658K(22468K)
[2025-04-17T11:06:17.358+0000][1177.189s][info][gc,metaspace   ] GC(780) Metaspace: 37429K(37760K)->37429K(37760K) NonClass: 33003K(33152K)->33003K(33152K) Class: 4425K(4608K)->4425K(4608K)
[2025-04-17T11:06:17.358+0000][1177.189s][info][gc             ] GC(780) Pause Young (Allocation Failure) 23M->14M(31M) 1.212ms
[2025-04-17T11:06:17.358+0000][1177.189s][info][gc,cpu         ] GC(780) User=0.00s Sys=0.00s Real=0.00s
[2025-04-17T11:06:19.082+0000][1178.913s][info][gc,start       ] GC(781) Pause Young (Allocation Failure)
[2025-04-17T11:06:19.084+0000][1178.914s][info][gc,heap        ] GC(781) DefNew: 9165K(10176K)->92K(10176K) Eden: 9088K(9088K)->0K(9088K) From: 77K(1088K)->92K(1088K)
[2025-04-17T11:06:19.084+0000][1178.914s][info][gc,heap        ] GC(781) Tenured: 14658K(22468K)->14660K(22468K)
[2025-04-17T11:06:19.084+0000][1178.914s][info][gc,metaspace   ] GC(781) Metaspace: 37429K(37760K)->37429K(37760K) NonClass: 33003K(33152K)->33003K(33152K) Class: 4425K(4608K)->4425K(4608K)
[2025-04-17T11:06:19.084+0000][1178.914s][info][gc             ] GC(781) Pause Young (Allocation Failure) 23M->14M(31M) 1.143ms
[2025-04-17T11:06:19.084+0000][1178.914s][info][gc,cpu         ] GC(781) User=0.00s Sys=0.00s Real=0.00s
[2025-04-17T11:06:20.637+0000][1180.467s][info][gc,start       ] GC(782) Pause Young (Allocation Failure)
[2025-04-17T11:06:20.638+0000][1180.469s][info][gc,heap        ] GC(782) DefNew: 9174K(10176K)->80K(10176K) Eden: 9082K(9088K)->0K(9088K) From: 92K(1088K)->80K(1088K)
[2025-04-17T11:06:20.638+0000][1180.469s][info][gc,heap        ] GC(782) Tenured: 14660K(22468K)->14660K(22468K)
[2025-04-17T11:06:20.638+0000][1180.469s][info][gc,metaspace   ] GC(782) Metaspace: 37429K(37760K)->37429K(37760K) NonClass: 33003K(33152K)->33003K(33152K) Class: 4425K(4608K)->4425K(4608K)
[2025-04-17T11:06:20.638+0000][1180.469s][info][gc             ] GC(782) Pause Young (Allocation Failure) 23M->14M(31M) 1.231ms
[2025-04-17T11:06:20.638+0000][1180.469s][info][gc,cpu         ] GC(782) User=0.00s Sys=0.00s Real=0.00s
[2025-04-17T11:06:22.380+0000][1182.210s][info][gc,start       ] GC(783) Pause Young (Allocation Failure)
[2025-04-17T11:06:22.381+0000][1182.211s][info][gc,heap        ] GC(783) DefNew: 9168K(10176K)->90K(10176K) Eden: 9088K(9088K)->0K(9088K) From: 80K(1088K)->90K(1088K)
[2025-04-17T11:06:22.381+0000][1182.211s][info][gc,heap        ] GC(783) Tenured: 14660K(22468K)->14660K(22468K)
[2025-04-17T11:06:22.381+0000][1182.211s][info][gc,metaspace   ] GC(783) Metaspace: 37429K(37760K)->37429K(37760K) NonClass: 33003K(33152K)->33003K(33152K) Class: 4425K(4608K)->4425K(4608K)
[2025-04-17T11:06:22.381+0000][1182.211s][info][gc             ] GC(783) Pause Young (Allocation Failure) 23M->14M(31M) 1.362ms
[2025-04-17T11:06:22.381+0000][1182.211s][info][gc,cpu         ] GC(783) User=0.00s Sys=0.00s Real=0.00s
[2025-04-17T11:06:23.609+0000][1183.439s][info][gc,start       ] GC(784) Pause Young (Allocation Failure)
[2025-04-17T11:06:23.610+0000][1183.441s][info][gc,heap        ] GC(784) DefNew: 9178K(10176K)->96K(10176K) Eden: 9088K(9088K)->0K(9088K) From: 90K(1088K)->96K(1088K)
[2025-04-17T11:06:23.611+0000][1183.441s][info][gc,heap        ] GC(784) Tenured: 14660K(22468K)->14660K(22468K)
[2025-04-17T11:06:23.611+0000][1183.441s][info][gc,metaspace   ] GC(784) Metaspace: 37429K(37760K)->37429K(37760K) NonClass: 33003K(33152K)->33003K(33152K) Class: 4425K(4608K)->4425K(4608K)
[2025-04-17T11:06:23.611+0000][1183.441s][info][gc             ] GC(784) Pause Young (Allocation Failure) 23M->14M(31M) 1.239ms
[2025-04-17T11:06:23.611+0000][1183.441s][info][gc,cpu         ] GC(784) User=0.00s Sys=0.00s Real=0.00s
[2025-04-17T11:06:25.291+0000][1185.121s][info][gc,start       ] GC(785) Pause Young (Allocation Failure)
[2025-04-17T11:06:25.292+0000][1185.123s][info][gc,heap        ] GC(785) DefNew: 9184K(10176K)->94K(10176K) Eden: 9088K(9088K)->0K(9088K) From: 96K(1088K)->94K(1088K)
[2025-04-17T11:06:25.292+0000][1185.123s][info][gc,heap        ] GC(785) Tenured: 14660K(22468K)->14660K(22468K)
[2025-04-17T11:06:25.292+0000][1185.123s][info][gc,metaspace   ] GC(785) Metaspace: 37429K(37760K)->37429K(37760K) NonClass: 33003K(33152K)->33003K(33152K) Class: 4425K(4608K)->4425K(4608K)
[2025-04-17T11:06:25.292+0000][1185.123s][info][gc             ] GC(785) Pause Young (Allocation Failure) 23M->14M(31M) 1.346ms
[2025-04-17T11:06:25.292+0000][1185.123s][info][gc,cpu         ] GC(785) User=0.00s Sys=0.00s Real=0.00s
[2025-04-17T11:06:26.876+0000][1186.707s][info][gc,start       ] GC(786) Pause Young (Allocation Failure)
[2025-04-17T11:06:26.878+0000][1186.708s][info][gc,heap        ] GC(786) DefNew: 9181K(10176K)->84K(10176K) Eden: 9086K(9088K)->0K(9088K) From: 94K(1088K)->84K(1088K)
[2025-04-17T11:06:26.878+0000][1186.708s][info][gc,heap        ] GC(786) Tenured: 14660K(22468K)->14660K(22468K)
[2025-04-17T11:06:26.878+0000][1186.708s][info][gc,metaspace   ] GC(786) Metaspace: 37429K(37760K)->37429K(37760K) NonClass: 33003K(33152K)->33003K(33152K) Class: 4425K(4608K)->4425K(4608K)
[2025-04-17T11:06:26.878+0000][1186.708s][info][gc             ] GC(786) Pause Young (Allocation Failure) 23M->14M(31M) 1.160ms
[2025-04-17T11:06:26.878+0000][1186.708s][info][gc,cpu         ] GC(786) User=0.01s Sys=0.00s Real=0.00s
[2025-04-17T11:06:28.286+0000][1188.117s][info][gc,start       ] GC(787) Pause Young (Allocation Failure)
[2025-04-17T11:06:28.288+0000][1188.118s][info][gc,heap        ] GC(787) DefNew: 9162K(10176K)->80K(10176K) Eden: 9077K(9088K)->0K(9088K) From: 84K(1088K)->80K(1088K)
[2025-04-17T11:06:28.288+0000][1188.118s][info][gc,heap        ] GC(787) Tenured: 14660K(22468K)->14660K(22468K)
[2025-04-17T11:06:28.288+0000][1188.118s][info][gc,metaspace   ] GC(787) Metaspace: 37429K(37760K)->37429K(37760K) NonClass: 33003K(33152K)->33003K(33152K) Class: 4425K(4608K)->4425K(4608K)
[2025-04-17T11:06:28.288+0000][1188.118s][info][gc             ] GC(787) Pause Young (Allocation Failure) 23M->14M(31M) 1.189ms
[2025-04-17T11:06:28.288+0000][1188.118s][info][gc,cpu         ] GC(787) User=0.00s Sys=0.00s Real=0.00s
[2025-04-17T11:06:29.994+0000][1189.825s][info][gc,start       ] GC(788) Pause Young (Allocation Failure)
[2025-04-17T11:06:29.996+0000][1189.826s][info][gc,heap        ] GC(788) DefNew: 9168K(10176K)->86K(10176K) Eden: 9088K(9088K)->0K(9088K) From: 80K(1088K)->86K(1088K)
[2025-04-17T11:06:29.996+0000][1189.826s][info][gc,heap        ] GC(788) Tenured: 14660K(22468K)->14661K(22468K)
[2025-04-17T11:06:29.996+0000][1189.826s][info][gc,metaspace   ] GC(788) Metaspace: 37429K(37760K)->37429K(37760K) NonClass: 33003K(33152K)->33003K(33152K) Class: 4425K(4608K)->4425K(4608K)
[2025-04-17T11:06:29.996+0000][1189.826s][info][gc             ] GC(788) Pause Young (Allocation Failure) 23M->14M(31M) 1.353ms
[2025-04-17T11:06:29.996+0000][1189.826s][info][gc,cpu         ] GC(788) User=0.00s Sys=0.00s Real=0.00s
[2025-04-17T11:06:31.525+0000][1191.355s][info][gc,start       ] GC(789) Pause Young (Allocation Failure)
[2025-04-17T11:06:31.526+0000][1191.356s][info][gc,heap        ] GC(789) DefNew: 9167K(10176K)->82K(10176K) Eden: 9081K(9088K)->0K(9088K) From: 86K(1088K)->82K(1088K)
[2025-04-17T11:06:31.526+0000][1191.356s][info][gc,heap        ] GC(789) Tenured: 14661K(22468K)->14661K(22468K)
[2025-04-17T11:06:31.526+0000][1191.356s][info][gc,metaspace   ] GC(789) Metaspace: 37429K(37760K)->37429K(37760K) NonClass: 33003K(33152K)->33003K(33152K) Class: 4425K(4608K)->4425K(4608K)
[2025-04-17T11:06:31.526+0000][1191.356s][info][gc             ] GC(789) Pause Young (Allocation Failure) 23M->14M(31M) 1.142ms
[2025-04-17T11:06:31.526+0000][1191.356s][info][gc,cpu         ] GC(789) User=0.00s Sys=0.00s Real=0.00s
[2025-04-17T11:06:32.976+0000][1192.807s][info][gc,start       ] GC(790) Pause Young (Allocation Failure)
[2025-04-17T11:06:32.978+0000][1192.808s][info][gc,heap        ] GC(790) DefNew: 9170K(10176K)->76K(10176K) Eden: 9088K(9088K)->0K(9088K) From: 82K(1088K)->76K(1088K)
[2025-04-17T11:06:32.978+0000][1192.808s][info][gc,heap        ] GC(790) Tenured: 14661K(22468K)->14661K(22468K)
[2025-04-17T11:06:32.978+0000][1192.808s][info][gc,metaspace   ] GC(790) Metaspace: 37429K(37760K)->37429K(37760K) NonClass: 33003K(33152K)->33003K(33152K) Class: 4425K(4608K)->4425K(4608K)
[2025-04-17T11:06:32.978+0000][1192.808s][info][gc             ] GC(790) Pause Young (Allocation Failure) 23M->14M(31M) 1.311ms
[2025-04-17T11:06:32.978+0000][1192.808s][info][gc,cpu         ] GC(790) User=0.00s Sys=0.00s Real=0.00s
[2025-04-17T11:06:34.590+0000][1194.420s][info][gc,start       ] GC(791) Pause Young (Allocation Failure)
[2025-04-17T11:06:34.591+0000][1194.421s][info][gc,heap        ] GC(791) DefNew: 9164K(10176K)->80K(10176K) Eden: 9088K(9088K)->0K(9088K) From: 76K(1088K)->80K(1088K)
[2025-04-17T11:06:34.591+0000][1194.421s][info][gc,heap        ] GC(791) Tenured: 14661K(22468K)->14661K(22468K)
[2025-04-17T11:06:34.591+0000][1194.421s][info][gc,metaspace   ] GC(791) Metaspace: 37429K(37760K)->37429K(37760K) NonClass: 33003K(33152K)->33003K(33152K) Class: 4425K(4608K)->4425K(4608K)
[2025-04-17T11:06:34.591+0000][1194.421s][info][gc             ] GC(791) Pause Young (Allocation Failure) 23M->14M(31M) 1.509ms
[2025-04-17T11:06:34.591+0000][1194.421s][info][gc,cpu         ] GC(791) User=0.00s Sys=0.00s Real=0.00s
[2025-04-17T11:06:36.377+0000][1196.208s][info][gc,start       ] GC(792) Pause Young (Allocation Failure)
[2025-04-17T11:06:36.379+0000][1196.209s][info][gc,heap        ] GC(792) DefNew: 9168K(10176K)->93K(10176K) Eden: 9088K(9088K)->0K(9088K) From: 80K(1088K)->93K(1088K)
[2025-04-17T11:06:36.379+0000][1196.209s][info][gc,heap        ] GC(792) Tenured: 14661K(22468K)->14661K(22468K)
[2025-04-17T11:06:36.379+0000][1196.209s][info][gc,metaspace   ] GC(792) Metaspace: 37429K(37760K)->37429K(37760K) NonClass: 33003K(33152K)->33003K(33152K) Class: 4425K(4608K)->4425K(4608K)
[2025-04-17T11:06:36.379+0000][1196.209s][info][gc             ] GC(792) Pause Young (Allocation Failure) 23M->14M(31M) 1.267ms
[2025-04-17T11:06:36.379+0000][1196.209s][info][gc,cpu         ] GC(792) User=0.00s Sys=0.00s Real=0.00s
[2025-04-17T11:06:37.914+0000][1197.744s][info][gc,start       ] GC(793) Pause Young (Allocation Failure)
[2025-04-17T11:06:37.915+0000][1197.746s][info][gc,heap        ] GC(793) DefNew: 9181K(10176K)->90K(10176K) Eden: 9088K(9088K)->0K(9088K) From: 93K(1088K)->90K(1088K)
[2025-04-17T11:06:37.915+0000][1197.746s][info][gc,heap        ] GC(793) Tenured: 14661K(22468K)->14663K(22468K)
[2025-04-17T11:06:37.915+0000][1197.746s][info][gc,metaspace   ] GC(793) Metaspace: 37429K(37760K)->37429K(37760K) NonClass: 33003K(33152K)->33003K(33152K) Class: 4425K(4608K)->4425K(4608K)
[2025-04-17T11:06:37.915+0000][1197.746s][info][gc             ] GC(793) Pause Young (Allocation Failure) 23M->14M(31M) 1.284ms
[2025-04-17T11:06:37.915+0000][1197.746s][info][gc,cpu         ] GC(793) User=0.00s Sys=0.00s Real=0.00s
[2025-04-17T11:06:39.534+0000][1199.364s][info][gc,start       ] GC(794) Pause Young (Allocation Failure)
[2025-04-17T11:06:39.535+0000][1199.365s][info][gc,heap        ] GC(794) DefNew: 9178K(10176K)->72K(10176K) Eden: 9088K(9088K)->0K(9088K) From: 90K(1088K)->72K(1088K)
[2025-04-17T11:06:39.535+0000][1199.365s][info][gc,heap        ] GC(794) Tenured: 14663K(22468K)->14665K(22468K)
[2025-04-17T11:06:39.535+0000][1199.365s][info][gc,metaspace   ] GC(794) Metaspace: 37429K(37760K)->37429K(37760K) NonClass: 33003K(33152K)->33003K(33152K) Class: 4425K(4608K)->4425K(4608K)
[2025-04-17T11:06:39.535+0000][1199.365s][info][gc             ] GC(794) Pause Young (Allocation Failure) 23M->14M(31M) 1.173ms
[2025-04-17T11:06:39.535+0000][1199.366s][info][gc,cpu         ] GC(794) User=0.00s Sys=0.00s Real=0.00s
[2025-04-17T11:06:40.967+0000][1200.797s][info][gc,start       ] GC(795) Pause Young (Allocation Failure)
[2025-04-17T11:06:40.968+0000][1200.798s][info][gc,heap        ] GC(795) DefNew: 9160K(10176K)->75K(10176K) Eden: 9088K(9088K)->0K(9088K) From: 72K(1088K)->75K(1088K)
[2025-04-17T11:06:40.968+0000][1200.798s][info][gc,heap        ] GC(795) Tenured: 14665K(22468K)->14665K(22468K)
[2025-04-17T11:06:40.968+0000][1200.798s][info][gc,metaspace   ] GC(795) Metaspace: 37429K(37760K)->37429K(37760K) NonClass: 33003K(33152K)->33003K(33152K) Class: 4425K(4608K)->4425K(4608K)
[2025-04-17T11:06:40.968+0000][1200.798s][info][gc             ] GC(795) Pause Young (Allocation Failure) 23M->14M(31M) 1.244ms
[2025-04-17T11:06:40.968+0000][1200.798s][info][gc,cpu         ] GC(795) User=0.01s Sys=0.00s Real=0.00s
[2025-04-17T11:06:42.566+0000][1202.397s][info][gc,start       ] GC(796) Pause Young (Allocation Failure)
[2025-04-17T11:06:42.568+0000][1202.398s][info][gc,heap        ] GC(796) DefNew: 9163K(10176K)->81K(10176K) Eden: 9088K(9088K)->0K(9088K) From: 75K(1088K)->81K(1088K)
[2025-04-17T11:06:42.568+0000][1202.398s][info][gc,heap        ] GC(796) Tenured: 14665K(22468K)->14665K(22468K)
[2025-04-17T11:06:42.568+0000][1202.398s][info][gc,metaspace   ] GC(796) Metaspace: 37429K(37760K)->37429K(37760K) NonClass: 33003K(33152K)->33003K(33152K) Class: 4425K(4608K)->4425K(4608K)
[2025-04-17T11:06:42.568+0000][1202.398s][info][gc             ] GC(796) Pause Young (Allocation Failure) 23M->14M(31M) 1.225ms
[2025-04-17T11:06:42.568+0000][1202.398s][info][gc,cpu         ] GC(796) User=0.00s Sys=0.00s Real=0.00s
[2025-04-17T11:06:44.156+0000][1203.986s][info][gc,start       ] GC(797) Pause Young (Allocation Failure)
[2025-04-17T11:06:44.157+0000][1203.987s][info][gc,heap        ] GC(797) DefNew: 9169K(10176K)->87K(10176K) Eden: 9088K(9088K)->0K(9088K) From: 81K(1088K)->87K(1088K)
[2025-04-17T11:06:44.157+0000][1203.987s][info][gc,heap        ] GC(797) Tenured: 14665K(22468K)->14665K(22468K)
[2025-04-17T11:06:44.157+0000][1203.987s][info][gc,metaspace   ] GC(797) Metaspace: 37429K(37760K)->37429K(37760K) NonClass: 33003K(33152K)->33003K(33152K) Class: 4425K(4608K)->4425K(4608K)
[2025-04-17T11:06:44.157+0000][1203.987s][info][gc             ] GC(797) Pause Young (Allocation Failure) 23M->14M(31M) 1.202ms
[2025-04-17T11:06:44.157+0000][1203.987s][info][gc,cpu         ] GC(797) User=0.00s Sys=0.00s Real=0.00s
[2025-04-17T11:06:45.658+0000][1205.488s][info][gc,start       ] GC(798) Pause Young (Allocation Failure)
[2025-04-17T11:06:45.660+0000][1205.490s][info][gc,heap        ] GC(798) DefNew: 9175K(10176K)->73K(10176K) Eden: 9088K(9088K)->0K(9088K) From: 87K(1088K)->73K(1088K)
[2025-04-17T11:06:45.660+0000][1205.490s][info][gc,heap        ] GC(798) Tenured: 14665K(22468K)->14665K(22468K)
[2025-04-17T11:06:45.660+0000][1205.490s][info][gc,metaspace   ] GC(798) Metaspace: 37429K(37760K)->37429K(37760K) NonClass: 33003K(33152K)->33003K(33152K) Class: 4425K(4608K)->4425K(4608K)
[2025-04-17T11:06:45.660+0000][1205.490s][info][gc             ] GC(798) Pause Young (Allocation Failure) 23M->14M(31M) 1.298ms
[2025-04-17T11:06:45.660+0000][1205.490s][info][gc,cpu         ] GC(798) User=0.00s Sys=0.00s Real=0.00s
[2025-04-17T11:06:47.379+0000][1207.209s][info][gc,start       ] GC(799) Pause Young (Allocation Failure)
[2025-04-17T11:06:47.381+0000][1207.211s][info][gc,heap        ] GC(799) DefNew: 9161K(10176K)->72K(10176K) Eden: 9088K(9088K)->0K(9088K) From: 73K(1088K)->72K(1088K)
[2025-04-17T11:06:47.381+0000][1207.211s][info][gc,heap        ] GC(799) Tenured: 14665K(22468K)->14665K(22468K)
[2025-04-17T11:06:47.381+0000][1207.211s][info][gc,metaspace   ] GC(799) Metaspace: 37429K(37760K)->37429K(37760K) NonClass: 33003K(33152K)->33003K(33152K) Class: 4425K(4608K)->4425K(4608K)
[2025-04-17T11:06:47.381+0000][1207.211s][info][gc             ] GC(799) Pause Young (Allocation Failure) 23M->14M(31M) 1.293ms
[2025-04-17T11:06:47.381+0000][1207.211s][info][gc,cpu         ] GC(799) User=0.00s Sys=0.00s Real=0.00s
[2025-04-17T11:06:48.915+0000][1208.745s][info][gc,start       ] GC(800) Pause Young (Allocation Failure)
[2025-04-17T11:06:48.916+0000][1208.746s][info][gc,heap        ] GC(800) DefNew: 9160K(10176K)->83K(10176K) Eden: 9088K(9088K)->0K(9088K) From: 72K(1088K)->83K(1088K)
[2025-04-17T11:06:48.916+0000][1208.746s][info][gc,heap        ] GC(800) Tenured: 14665K(22468K)->14665K(22468K)
[2025-04-17T11:06:48.916+0000][1208.746s][info][gc,metaspace   ] GC(800) Metaspace: 37429K(37760K)->37429K(37760K) NonClass: 33003K(33152K)->33003K(33152K) Class: 4425K(4608K)->4425K(4608K)
[2025-04-17T11:06:48.916+0000][1208.746s][info][gc             ] GC(800) Pause Young (Allocation Failure) 23M->14M(31M) 1.294ms
[2025-04-17T11:06:48.916+0000][1208.746s][info][gc,cpu         ] GC(800) User=0.00s Sys=0.00s Real=0.00s
[2025-04-17T11:06:50.495+0000][1210.325s][info][gc,start       ] GC(801) Pause Young (Allocation Failure)
[2025-04-17T11:06:50.496+0000][1210.326s][info][gc,heap        ] GC(801) DefNew: 9171K(10176K)->90K(10176K) Eden: 9088K(9088K)->0K(9088K) From: 83K(1088K)->90K(1088K)
[2025-04-17T11:06:50.496+0000][1210.326s][info][gc,heap        ] GC(801) Tenured: 14665K(22468K)->14665K(22468K)
[2025-04-17T11:06:50.496+0000][1210.326s][info][gc,metaspace   ] GC(801) Metaspace: 37429K(37760K)->37429K(37760K) NonClass: 33003K(33152K)->33003K(33152K) Class: 4425K(4608K)->4425K(4608K)
[2025-04-17T11:06:50.496+0000][1210.326s][info][gc             ] GC(801) Pause Young (Allocation Failure) 23M->14M(31M) 1.270ms
[2025-04-17T11:06:50.496+0000][1210.326s][info][gc,cpu         ] GC(801) User=0.00s Sys=0.00s Real=0.00s
[2025-04-17T11:06:52.205+0000][1212.035s][info][gc,start       ] GC(802) Pause Young (Allocation Failure)
[2025-04-17T11:06:52.206+0000][1212.036s][info][gc,heap        ] GC(802) DefNew: 9178K(10176K)->79K(10176K) Eden: 9088K(9088K)->0K(9088K) From: 90K(1088K)->79K(1088K)
[2025-04-17T11:06:52.206+0000][1212.036s][info][gc,heap        ] GC(802) Tenured: 14665K(22468K)->14665K(22468K)
[2025-04-17T11:06:52.206+0000][1212.036s][info][gc,metaspace   ] GC(802) Metaspace: 37429K(37760K)->37429K(37760K) NonClass: 33003K(33152K)->33003K(33152K) Class: 4425K(4608K)->4425K(4608K)
[2025-04-17T11:06:52.206+0000][1212.036s][info][gc             ] GC(802) Pause Young (Allocation Failure) 23M->14M(31M) 1.254ms
[2025-04-17T11:06:52.206+0000][1212.036s][info][gc,cpu         ] GC(802) User=0.00s Sys=0.00s Real=0.00s
[2025-04-17T11:06:53.694+0000][1213.524s][info][gc,start       ] GC(803) Pause Young (Allocation Failure)
[2025-04-17T11:06:53.696+0000][1213.526s][info][gc,heap        ] GC(803) DefNew: 9167K(10176K)->75K(10176K) Eden: 9088K(9088K)->0K(9088K) From: 79K(1088K)->75K(1088K)
[2025-04-17T11:06:53.696+0000][1213.526s][info][gc,heap        ] GC(803) Tenured: 14665K(22468K)->14665K(22468K)
[2025-04-17T11:06:53.696+0000][1213.526s][info][gc,metaspace   ] GC(803) Metaspace: 37429K(37760K)->37429K(37760K) NonClass: 33003K(33152K)->33003K(33152K) Class: 4425K(4608K)->4425K(4608K)
[2025-04-17T11:06:53.696+0000][1213.526s][info][gc             ] GC(803) Pause Young (Allocation Failure) 23M->14M(31M) 1.289ms
[2025-04-17T11:06:53.696+0000][1213.526s][info][gc,cpu         ] GC(803) User=0.00s Sys=0.00s Real=0.00s
[2025-04-17T11:06:55.064+0000][1214.894s][info][gc,start       ] GC(804) Pause Young (Allocation Failure)
[2025-04-17T11:06:55.066+0000][1214.896s][info][gc,heap        ] GC(804) DefNew: 9163K(10176K)->72K(10176K) Eden: 9088K(9088K)->0K(9088K) From: 75K(1088K)->72K(1088K)
[2025-04-17T11:06:55.066+0000][1214.896s][info][gc,heap        ] GC(804) Tenured: 14665K(22468K)->14665K(22468K)
[2025-04-17T11:06:55.066+0000][1214.896s][info][gc,metaspace   ] GC(804) Metaspace: 37429K(37760K)->37429K(37760K) NonClass: 33003K(33152K)->33003K(33152K) Class: 4425K(4608K)->4425K(4608K)
[2025-04-17T11:06:55.066+0000][1214.896s][info][gc             ] GC(804) Pause Young (Allocation Failure) 23M->14M(31M) 1.252ms
[2025-04-17T11:06:55.066+0000][1214.896s][info][gc,cpu         ] GC(804) User=0.00s Sys=0.00s Real=0.00s
[2025-04-17T11:06:56.682+0000][1216.512s][info][gc,start       ] GC(805) Pause Young (Allocation Failure)
[2025-04-17T11:06:56.683+0000][1216.514s][info][gc,heap        ] GC(805) DefNew: 9160K(10176K)->88K(10176K) Eden: 9088K(9088K)->0K(9088K) From: 72K(1088K)->88K(1088K)
[2025-04-17T11:06:56.683+0000][1216.514s][info][gc,heap        ] GC(805) Tenured: 14665K(22468K)->14665K(22468K)
[2025-04-17T11:06:56.683+0000][1216.514s][info][gc,metaspace   ] GC(805) Metaspace: 37429K(37760K)->37429K(37760K) NonClass: 33003K(33152K)->33003K(33152K) Class: 4425K(4608K)->4425K(4608K)
[2025-04-17T11:06:56.684+0000][1216.514s][info][gc             ] GC(805) Pause Young (Allocation Failure) 23M->14M(31M) 1.250ms
[2025-04-17T11:06:56.684+0000][1216.514s][info][gc,cpu         ] GC(805) User=0.00s Sys=0.01s Real=0.00s
[2025-04-17T11:06:58.310+0000][1218.141s][info][gc,start       ] GC(806) Pause Young (Allocation Failure)
[2025-04-17T11:06:58.312+0000][1218.142s][info][gc,heap        ] GC(806) DefNew: 9176K(10176K)->71K(10176K) Eden: 9088K(9088K)->0K(9088K) From: 88K(1088K)->71K(1088K)
[2025-04-17T11:06:58.312+0000][1218.142s][info][gc,heap        ] GC(806) Tenured: 14665K(22468K)->14665K(22468K)
[2025-04-17T11:06:58.312+0000][1218.142s][info][gc,metaspace   ] GC(806) Metaspace: 37429K(37760K)->37429K(37760K) NonClass: 33003K(33152K)->33003K(33152K) Class: 4425K(4608K)->4425K(4608K)
[2025-04-17T11:06:58.312+0000][1218.142s][info][gc             ] GC(806) Pause Young (Allocation Failure) 23M->14M(31M) 1.100ms
[2025-04-17T11:06:58.312+0000][1218.142s][info][gc,cpu         ] GC(806) User=0.00s Sys=0.00s Real=0.00s
[2025-04-17T11:06:59.878+0000][1219.709s][info][gc,start       ] GC(807) Pause Young (Allocation Failure)
[2025-04-17T11:06:59.880+0000][1219.710s][info][gc,heap        ] GC(807) DefNew: 9159K(10176K)->75K(10176K) Eden: 9088K(9088K)->0K(9088K) From: 71K(1088K)->75K(1088K)
[2025-04-17T11:06:59.880+0000][1219.710s][info][gc,heap        ] GC(807) Tenured: 14665K(22468K)->14665K(22468K)
[2025-04-17T11:06:59.880+0000][1219.710s][info][gc,metaspace   ] GC(807) Metaspace: 37429K(37760K)->37429K(37760K) NonClass: 33003K(33152K)->33003K(33152K) Class: 4425K(4608K)->4425K(4608K)
[2025-04-17T11:06:59.880+0000][1219.710s][info][gc             ] GC(807) Pause Young (Allocation Failure) 23M->14M(31M) 1.273ms
[2025-04-17T11:06:59.880+0000][1219.710s][info][gc,cpu         ] GC(807) User=0.00s Sys=0.00s Real=0.00s
[2025-04-17T11:07:01.435+0000][1221.266s][info][gc,start       ] GC(808) Pause Young (Allocation Failure)
[2025-04-17T11:07:01.437+0000][1221.267s][info][gc,heap        ] GC(808) DefNew: 9163K(10176K)->72K(10176K) Eden: 9088K(9088K)->0K(9088K) From: 75K(1088K)->72K(1088K)
[2025-04-17T11:07:01.437+0000][1221.267s][info][gc,heap        ] GC(808) Tenured: 14665K(22468K)->14665K(22468K)
[2025-04-17T11:07:01.437+0000][1221.267s][info][gc,metaspace   ] GC(808) Metaspace: 37429K(37760K)->37429K(37760K) NonClass: 33003K(33152K)->33003K(33152K) Class: 4425K(4608K)->4425K(4608K)
[2025-04-17T11:07:01.437+0000][1221.267s][info][gc             ] GC(808) Pause Young (Allocation Failure) 23M->14M(31M) 1.289ms
[2025-04-17T11:07:01.437+0000][1221.267s][info][gc,cpu         ] GC(808) User=0.00s Sys=0.00s Real=0.00s
[2025-04-17T11:07:03.080+0000][1222.910s][info][gc,start       ] GC(809) Pause Young (Allocation Failure)
[2025-04-17T11:07:03.082+0000][1222.912s][info][gc,heap        ] GC(809) DefNew: 9160K(10176K)->71K(10176K) Eden: 9088K(9088K)->0K(9088K) From: 72K(1088K)->71K(1088K)
[2025-04-17T11:07:03.082+0000][1222.912s][info][gc,heap        ] GC(809) Tenured: 14665K(22468K)->14665K(22468K)
[2025-04-17T11:07:03.082+0000][1222.912s][info][gc,metaspace   ] GC(809) Metaspace: 37429K(37760K)->37429K(37760K) NonClass: 33003K(33152K)->33003K(33152K) Class: 4425K(4608K)->4425K(4608K)
[2025-04-17T11:07:03.082+0000][1222.912s][info][gc             ] GC(809) Pause Young (Allocation Failure) 23M->14M(31M) 1.376ms
[2025-04-17T11:07:03.082+0000][1222.912s][info][gc,cpu         ] GC(809) User=0.00s Sys=0.00s Real=0.00s
[2025-04-17T11:07:04.508+0000][1224.338s][info][gc,start       ] GC(810) Pause Young (Allocation Failure)
[2025-04-17T11:07:04.509+0000][1224.339s][info][gc,heap        ] GC(810) DefNew: 9159K(10176K)->89K(10176K) Eden: 9088K(9088K)->0K(9088K) From: 71K(1088K)->89K(1088K)
[2025-04-17T11:07:04.509+0000][1224.339s][info][gc,heap        ] GC(810) Tenured: 14665K(22468K)->14665K(22468K)
[2025-04-17T11:07:04.509+0000][1224.339s][info][gc,metaspace   ] GC(810) Metaspace: 37429K(37760K)->37429K(37760K) NonClass: 33003K(33152K)->33003K(33152K) Class: 4425K(4608K)->4425K(4608K)
[2025-04-17T11:07:04.509+0000][1224.339s][info][gc             ] GC(810) Pause Young (Allocation Failure) 23M->14M(31M) 1.269ms
[2025-04-17T11:07:04.509+0000][1224.339s][info][gc,cpu         ] GC(810) User=0.00s Sys=0.00s Real=0.00s
[2025-04-17T11:07:06.082+0000][1225.912s][info][gc,start       ] GC(811) Pause Young (Allocation Failure)
[2025-04-17T11:07:06.083+0000][1225.913s][info][gc,heap        ] GC(811) DefNew: 9177K(10176K)->78K(10176K) Eden: 9088K(9088K)->0K(9088K) From: 89K(1088K)->78K(1088K)
[2025-04-17T11:07:06.083+0000][1225.913s][info][gc,heap        ] GC(811) Tenured: 14665K(22468K)->14665K(22468K)
[2025-04-17T11:07:06.083+0000][1225.913s][info][gc,metaspace   ] GC(811) Metaspace: 37429K(37760K)->37429K(37760K) NonClass: 33003K(33152K)->33003K(33152K) Class: 4425K(4608K)->4425K(4608K)
[2025-04-17T11:07:06.083+0000][1225.913s][info][gc             ] GC(811) Pause Young (Allocation Failure) 23M->14M(31M) 1.346ms
[2025-04-17T11:07:06.083+0000][1225.913s][info][gc,cpu         ] GC(811) User=0.01s Sys=0.00s Real=0.00s
[2025-04-17T11:07:07.567+0000][1227.398s][info][gc,start       ] GC(812) Pause Young (Allocation Failure)
[2025-04-17T11:07:07.569+0000][1227.399s][info][gc,heap        ] GC(812) DefNew: 9166K(10176K)->75K(10176K) Eden: 9088K(9088K)->0K(9088K) From: 78K(1088K)->75K(1088K)
[2025-04-17T11:07:07.569+0000][1227.399s][info][gc,heap        ] GC(812) Tenured: 14665K(22468K)->14665K(22468K)
[2025-04-17T11:07:07.569+0000][1227.399s][info][gc,metaspace   ] GC(812) Metaspace: 37429K(37760K)->37429K(37760K) NonClass: 33003K(33152K)->33003K(33152K) Class: 4425K(4608K)->4425K(4608K)
[2025-04-17T11:07:07.569+0000][1227.399s][info][gc             ] GC(812) Pause Young (Allocation Failure) 23M->14M(31M) 1.268ms
[2025-04-17T11:07:07.569+0000][1227.399s][info][gc,cpu         ] GC(812) User=0.00s Sys=0.00s Real=0.00s
[2025-04-17T11:07:09.261+0000][1229.091s][info][gc,start       ] GC(813) Pause Young (Allocation Failure)
[2025-04-17T11:07:09.262+0000][1229.093s][info][gc,heap        ] GC(813) DefNew: 9163K(10176K)->71K(10176K) Eden: 9088K(9088K)->0K(9088K) From: 75K(1088K)->71K(1088K)
[2025-04-17T11:07:09.262+0000][1229.093s][info][gc,heap        ] GC(813) Tenured: 14665K(22468K)->14665K(22468K)
[2025-04-17T11:07:09.262+0000][1229.093s][info][gc,metaspace   ] GC(813) Metaspace: 37429K(37760K)->37429K(37760K) NonClass: 33003K(33152K)->33003K(33152K) Class: 4425K(4608K)->4425K(4608K)
[2025-04-17T11:07:09.262+0000][1229.093s][info][gc             ] GC(813) Pause Young (Allocation Failure) 23M->14M(31M) 1.300ms
[2025-04-17T11:07:09.262+0000][1229.093s][info][gc,cpu         ] GC(813) User=0.00s Sys=0.00s Real=0.00s
[2025-04-17T11:07:10.838+0000][1230.668s][info][gc,start       ] GC(814) Pause Young (Allocation Failure)
[2025-04-17T11:07:10.839+0000][1230.669s][info][gc,heap        ] GC(814) DefNew: 9159K(10176K)->86K(10176K) Eden: 9087K(9088K)->0K(9088K) From: 71K(1088K)->86K(1088K)
[2025-04-17T11:07:10.839+0000][1230.669s][info][gc,heap        ] GC(814) Tenured: 14665K(22468K)->14665K(22468K)
[2025-04-17T11:07:10.839+0000][1230.669s][info][gc,metaspace   ] GC(814) Metaspace: 37429K(37760K)->37429K(37760K) NonClass: 33003K(33152K)->33003K(33152K) Class: 4425K(4608K)->4425K(4608K)
[2025-04-17T11:07:10.839+0000][1230.669s][info][gc             ] GC(814) Pause Young (Allocation Failure) 23M->14M(31M) 1.213ms
[2025-04-17T11:07:10.839+0000][1230.669s][info][gc,cpu         ] GC(814) User=0.00s Sys=0.00s Real=0.00s
[2025-04-17T11:07:12.126+0000][1231.956s][info][gc,start       ] GC(815) Pause Young (Allocation Failure)
[2025-04-17T11:07:12.127+0000][1231.958s][info][gc,heap        ] GC(815) DefNew: 9161K(10176K)->75K(10176K) Eden: 9074K(9088K)->0K(9088K) From: 86K(1088K)->75K(1088K)
[2025-04-17T11:07:12.127+0000][1231.958s][info][gc,heap        ] GC(815) Tenured: 14665K(22468K)->14665K(22468K)
[2025-04-17T11:07:12.127+0000][1231.958s][info][gc,metaspace   ] GC(815) Metaspace: 37429K(37760K)->37429K(37760K) NonClass: 33003K(33152K)->33003K(33152K) Class: 4425K(4608K)->4425K(4608K)
[2025-04-17T11:07:12.127+0000][1231.958s][info][gc             ] GC(815) Pause Young (Allocation Failure) 23M->14M(31M) 1.169ms
[2025-04-17T11:07:12.127+0000][1231.958s][info][gc,cpu         ] GC(815) User=0.00s Sys=0.00s Real=0.00s
[2025-04-17T11:07:13.850+0000][1233.680s][info][gc,start       ] GC(816) Pause Young (Allocation Failure)
[2025-04-17T11:07:13.851+0000][1233.681s][info][gc,heap        ] GC(816) DefNew: 9163K(10176K)->73K(10176K) Eden: 9088K(9088K)->0K(9088K) From: 75K(1088K)->73K(1088K)
[2025-04-17T11:07:13.851+0000][1233.681s][info][gc,heap        ] GC(816) Tenured: 14665K(22468K)->14665K(22468K)
[2025-04-17T11:07:13.851+0000][1233.681s][info][gc,metaspace   ] GC(816) Metaspace: 37429K(37760K)->37429K(37760K) NonClass: 33003K(33152K)->33003K(33152K) Class: 4425K(4608K)->4425K(4608K)
[2025-04-17T11:07:13.851+0000][1233.681s][info][gc             ] GC(816) Pause Young (Allocation Failure) 23M->14M(31M) 1.325ms
[2025-04-17T11:07:13.851+0000][1233.681s][info][gc,cpu         ] GC(816) User=0.01s Sys=0.00s Real=0.00s
[2025-04-17T11:07:15.400+0000][1235.230s][info][gc,start       ] GC(817) Pause Young (Allocation Failure)
[2025-04-17T11:07:15.401+0000][1235.231s][info][gc,heap        ] GC(817) DefNew: 9161K(10176K)->88K(10176K) Eden: 9088K(9088K)->0K(9088K) From: 73K(1088K)->88K(1088K)
[2025-04-17T11:07:15.401+0000][1235.231s][info][gc,heap        ] GC(817) Tenured: 14665K(22468K)->14665K(22468K)
[2025-04-17T11:07:15.401+0000][1235.231s][info][gc,metaspace   ] GC(817) Metaspace: 37429K(37760K)->37429K(37760K) NonClass: 33003K(33152K)->33003K(33152K) Class: 4425K(4608K)->4425K(4608K)
[2025-04-17T11:07:15.401+0000][1235.231s][info][gc             ] GC(817) Pause Young (Allocation Failure) 23M->14M(31M) 1.326ms
[2025-04-17T11:07:15.401+0000][1235.231s][info][gc,cpu         ] GC(817) User=0.00s Sys=0.00s Real=0.00s
[2025-04-17T11:07:17.050+0000][1236.880s][info][gc,start       ] GC(818) Pause Young (Allocation Failure)
[2025-04-17T11:07:17.051+0000][1236.881s][info][gc,heap        ] GC(818) DefNew: 9176K(10176K)->84K(10176K) Eden: 9088K(9088K)->0K(9088K) From: 88K(1088K)->84K(1088K)
[2025-04-17T11:07:17.051+0000][1236.881s][info][gc,heap        ] GC(818) Tenured: 14665K(22468K)->14665K(22468K)
[2025-04-17T11:07:17.051+0000][1236.882s][info][gc,metaspace   ] GC(818) Metaspace: 37429K(37760K)->37429K(37760K) NonClass: 33003K(33152K)->33003K(33152K) Class: 4425K(4608K)->4425K(4608K)
[2025-04-17T11:07:17.051+0000][1236.882s][info][gc             ] GC(818) Pause Young (Allocation Failure) 23M->14M(31M) 1.280ms
[2025-04-17T11:07:17.051+0000][1236.882s][info][gc,cpu         ] GC(818) User=0.00s Sys=0.00s Real=0.00s
[2025-04-17T11:07:18.612+0000][1238.443s][info][gc,start       ] GC(819) Pause Young (Allocation Failure)
[2025-04-17T11:07:18.614+0000][1238.444s][info][gc,heap        ] GC(819) DefNew: 9169K(10176K)->91K(10176K) Eden: 9085K(9088K)->0K(9088K) From: 84K(1088K)->91K(1088K)
[2025-04-17T11:07:18.614+0000][1238.444s][info][gc,heap        ] GC(819) Tenured: 14665K(22468K)->14665K(22468K)
[2025-04-17T11:07:18.614+0000][1238.444s][info][gc,metaspace   ] GC(819) Metaspace: 37429K(37760K)->37429K(37760K) NonClass: 33003K(33152K)->33003K(33152K) Class: 4425K(4608K)->4425K(4608K)
[2025-04-17T11:07:18.614+0000][1238.444s][info][gc             ] GC(819) Pause Young (Allocation Failure) 23M->14M(31M) 1.484ms
[2025-04-17T11:07:18.614+0000][1238.444s][info][gc,cpu         ] GC(819) User=0.00s Sys=0.00s Real=0.00s
[2025-04-17T11:07:20.386+0000][1240.217s][info][gc,start       ] GC(820) Pause Young (Allocation Failure)
[2025-04-17T11:07:20.388+0000][1240.218s][info][gc,heap        ] GC(820) DefNew: 9179K(10176K)->72K(10176K) Eden: 9088K(9088K)->0K(9088K) From: 91K(1088K)->72K(1088K)
[2025-04-17T11:07:20.388+0000][1240.218s][info][gc,heap        ] GC(820) Tenured: 14665K(22468K)->14665K(22468K)
[2025-04-17T11:07:20.388+0000][1240.218s][info][gc,metaspace   ] GC(820) Metaspace: 37429K(37760K)->37429K(37760K) NonClass: 33003K(33152K)->33003K(33152K) Class: 4425K(4608K)->4425K(4608K)
[2025-04-17T11:07:20.388+0000][1240.218s][info][gc             ] GC(820) Pause Young (Allocation Failure) 23M->14M(31M) 1.283ms
[2025-04-17T11:07:20.388+0000][1240.218s][info][gc,cpu         ] GC(820) User=0.00s Sys=0.00s Real=0.00s
[2025-04-17T11:07:21.858+0000][1241.688s][info][gc,start       ] GC(821) Pause Young (Allocation Failure)
[2025-04-17T11:07:21.859+0000][1241.690s][info][gc,heap        ] GC(821) DefNew: 9160K(10176K)->88K(10176K) Eden: 9088K(9088K)->0K(9088K) From: 72K(1088K)->88K(1088K)
[2025-04-17T11:07:21.860+0000][1241.690s][info][gc,heap        ] GC(821) Tenured: 14665K(22468K)->14665K(22468K)
[2025-04-17T11:07:21.860+0000][1241.690s][info][gc,metaspace   ] GC(821) Metaspace: 37429K(37760K)->37429K(37760K) NonClass: 33003K(33152K)->33003K(33152K) Class: 4425K(4608K)->4425K(4608K)
[2025-04-17T11:07:21.860+0000][1241.690s][info][gc             ] GC(821) Pause Young (Allocation Failure) 23M->14M(31M) 1.334ms
[2025-04-17T11:07:21.860+0000][1241.690s][info][gc,cpu         ] GC(821) User=0.00s Sys=0.00s Real=0.00s
[2025-04-17T11:07:23.700+0000][1243.530s][info][gc,start       ] GC(822) Pause Young (Allocation Failure)
[2025-04-17T11:07:23.701+0000][1243.531s][info][gc,heap        ] GC(822) DefNew: 9176K(10176K)->72K(10176K) Eden: 9088K(9088K)->0K(9088K) From: 88K(1088K)->72K(1088K)
[2025-04-17T11:07:23.701+0000][1243.531s][info][gc,heap        ] GC(822) Tenured: 14665K(22468K)->14665K(22468K)
[2025-04-17T11:07:23.701+0000][1243.531s][info][gc,metaspace   ] GC(822) Metaspace: 37429K(37760K)->37429K(37760K) NonClass: 33003K(33152K)->33003K(33152K) Class: 4425K(4608K)->4425K(4608K)
[2025-04-17T11:07:23.701+0000][1243.531s][info][gc             ] GC(822) Pause Young (Allocation Failure) 23M->14M(31M) 1.531ms
[2025-04-17T11:07:23.701+0000][1243.531s][info][gc,cpu         ] GC(822) User=0.00s Sys=0.00s Real=0.00s
[2025-04-17T11:07:25.080+0000][1244.910s][info][gc,start       ] GC(823) Pause Young (Allocation Failure)
[2025-04-17T11:07:25.081+0000][1244.911s][info][gc,heap        ] GC(823) DefNew: 9160K(10176K)->73K(10176K) Eden: 9088K(9088K)->0K(9088K) From: 72K(1088K)->73K(1088K)
[2025-04-17T11:07:25.081+0000][1244.911s][info][gc,heap        ] GC(823) Tenured: 14665K(22468K)->14665K(22468K)
[2025-04-17T11:07:25.081+0000][1244.911s][info][gc,metaspace   ] GC(823) Metaspace: 37429K(37760K)->37429K(37760K) NonClass: 33003K(33152K)->33003K(33152K) Class: 4425K(4608K)->4425K(4608K)
[2025-04-17T11:07:25.081+0000][1244.911s][info][gc             ] GC(823) Pause Young (Allocation Failure) 23M->14M(31M) 1.298ms
[2025-04-17T11:07:25.081+0000][1244.911s][info][gc,cpu         ] GC(823) User=0.00s Sys=0.00s Real=0.00s
[2025-04-17T11:07:26.701+0000][1246.531s][info][gc,start       ] GC(824) Pause Young (Allocation Failure)
[2025-04-17T11:07:26.702+0000][1246.532s][info][gc,heap        ] GC(824) DefNew: 9161K(10176K)->87K(10176K) Eden: 9088K(9088K)->0K(9088K) From: 73K(1088K)->87K(1088K)
[2025-04-17T11:07:26.702+0000][1246.532s][info][gc,heap        ] GC(824) Tenured: 14665K(22468K)->14665K(22468K)
[2025-04-17T11:07:26.702+0000][1246.532s][info][gc,metaspace   ] GC(824) Metaspace: 37429K(37760K)->37429K(37760K) NonClass: 33003K(33152K)->33003K(33152K) Class: 4425K(4608K)->4425K(4608K)
[2025-04-17T11:07:26.702+0000][1246.532s][info][gc             ] GC(824) Pause Young (Allocation Failure) 23M->14M(31M) 1.289ms
[2025-04-17T11:07:26.702+0000][1246.532s][info][gc,cpu         ] GC(824) User=0.00s Sys=0.00s Real=0.00s
[2025-04-17T11:07:28.310+0000][1248.140s][info][gc,start       ] GC(825) Pause Young (Allocation Failure)
[2025-04-17T11:07:28.311+0000][1248.141s][info][gc,heap        ] GC(825) DefNew: 9175K(10176K)->96K(10176K) Eden: 9088K(9088K)->0K(9088K) From: 87K(1088K)->96K(1088K)
[2025-04-17T11:07:28.311+0000][1248.141s][info][gc,heap        ] GC(825) Tenured: 14665K(22468K)->14665K(22468K)
[2025-04-17T11:07:28.311+0000][1248.141s][info][gc,metaspace   ] GC(825) Metaspace: 37429K(37760K)->37429K(37760K) NonClass: 33003K(33152K)->33003K(33152K) Class: 4425K(4608K)->4425K(4608K)
[2025-04-17T11:07:28.311+0000][1248.141s][info][gc             ] GC(825) Pause Young (Allocation Failure) 23M->14M(31M) 1.219ms
[2025-04-17T11:07:28.311+0000][1248.141s][info][gc,cpu         ] GC(825) User=0.01s Sys=0.00s Real=0.00s
[2025-04-17T11:07:29.836+0000][1249.666s][info][gc,start       ] GC(826) Pause Young (Allocation Failure)
[2025-04-17T11:07:29.837+0000][1249.667s][info][gc,heap        ] GC(826) DefNew: 9183K(10176K)->84K(10176K) Eden: 9087K(9088K)->0K(9088K) From: 96K(1088K)->84K(1088K)
[2025-04-17T11:07:29.837+0000][1249.667s][info][gc,heap        ] GC(826) Tenured: 14665K(22468K)->14665K(22468K)
[2025-04-17T11:07:29.837+0000][1249.667s][info][gc,metaspace   ] GC(826) Metaspace: 37429K(37760K)->37429K(37760K) NonClass: 33003K(33152K)->33003K(33152K) Class: 4425K(4608K)->4425K(4608K)
[2025-04-17T11:07:29.837+0000][1249.667s][info][gc             ] GC(826) Pause Young (Allocation Failure) 23M->14M(31M) 1.247ms
[2025-04-17T11:07:29.837+0000][1249.667s][info][gc,cpu         ] GC(826) User=0.00s Sys=0.00s Real=0.00s
[2025-04-17T11:07:31.466+0000][1251.296s][info][gc,start       ] GC(827) Pause Young (Allocation Failure)
[2025-04-17T11:07:31.467+0000][1251.297s][info][gc,heap        ] GC(827) DefNew: 9172K(10176K)->79K(10176K) Eden: 9088K(9088K)->0K(9088K) From: 84K(1088K)->79K(1088K)
[2025-04-17T11:07:31.467+0000][1251.297s][info][gc,heap        ] GC(827) Tenured: 14665K(22468K)->14665K(22468K)
[2025-04-17T11:07:31.467+0000][1251.297s][info][gc,metaspace   ] GC(827) Metaspace: 37429K(37760K)->37429K(37760K) NonClass: 33003K(33152K)->33003K(33152K) Class: 4425K(4608K)->4425K(4608K)
[2025-04-17T11:07:31.467+0000][1251.297s][info][gc             ] GC(827) Pause Young (Allocation Failure) 23M->14M(31M) 1.271ms
[2025-04-17T11:07:31.467+0000][1251.297s][info][gc,cpu         ] GC(827) User=0.00s Sys=0.00s Real=0.00s
[2025-04-17T11:07:32.789+0000][1252.619s][info][gc,start       ] GC(828) Pause Young (Allocation Failure)
[2025-04-17T11:07:32.790+0000][1252.621s][info][gc,heap        ] GC(828) DefNew: 9167K(10176K)->80K(10176K) Eden: 9088K(9088K)->0K(9088K) From: 79K(1088K)->80K(1088K)
[2025-04-17T11:07:32.790+0000][1252.621s][info][gc,heap        ] GC(828) Tenured: 14665K(22468K)->14665K(22468K)
[2025-04-17T11:07:32.790+0000][1252.621s][info][gc,metaspace   ] GC(828) Metaspace: 37429K(37760K)->37429K(37760K) NonClass: 33003K(33152K)->33003K(33152K) Class: 4425K(4608K)->4425K(4608K)
[2025-04-17T11:07:32.790+0000][1252.621s][info][gc             ] GC(828) Pause Young (Allocation Failure) 23M->14M(31M) 1.303ms
[2025-04-17T11:07:32.790+0000][1252.621s][info][gc,cpu         ] GC(828) User=0.00s Sys=0.00s Real=0.00s
[2025-04-17T11:07:34.802+0000][1254.632s][info][gc,start       ] GC(829) Pause Young (Allocation Failure)
[2025-04-17T11:07:34.803+0000][1254.633s][info][gc,heap        ] GC(829) DefNew: 9168K(10176K)->92K(10176K) Eden: 9088K(9088K)->0K(9088K) From: 80K(1088K)->92K(1088K)
[2025-04-17T11:07:34.803+0000][1254.633s][info][gc,heap        ] GC(829) Tenured: 14665K(22468K)->14665K(22468K)
[2025-04-17T11:07:34.803+0000][1254.633s][info][gc,metaspace   ] GC(829) Metaspace: 37429K(37760K)->37429K(37760K) NonClass: 33003K(33152K)->33003K(33152K) Class: 4425K(4608K)->4425K(4608K)
[2025-04-17T11:07:34.803+0000][1254.633s][info][gc             ] GC(829) Pause Young (Allocation Failure) 23M->14M(31M) 1.223ms
[2025-04-17T11:07:34.803+0000][1254.633s][info][gc,cpu         ] GC(829) User=0.00s Sys=0.00s Real=0.00s
[2025-04-17T11:07:35.992+0000][1255.822s][info][gc,start       ] GC(830) Pause Young (Allocation Failure)
[2025-04-17T11:07:35.994+0000][1255.824s][info][gc,heap        ] GC(830) DefNew: 9180K(10176K)->84K(10176K) Eden: 9088K(9088K)->0K(9088K) From: 92K(1088K)->84K(1088K)
[2025-04-17T11:07:35.994+0000][1255.824s][info][gc,heap        ] GC(830) Tenured: 14665K(22468K)->14665K(22468K)
[2025-04-17T11:07:35.994+0000][1255.824s][info][gc,metaspace   ] GC(830) Metaspace: 37429K(37760K)->37429K(37760K) NonClass: 33003K(33152K)->33003K(33152K) Class: 4425K(4608K)->4425K(4608K)
[2025-04-17T11:07:35.994+0000][1255.824s][info][gc             ] GC(830) Pause Young (Allocation Failure) 23M->14M(31M) 1.311ms
[2025-04-17T11:07:35.994+0000][1255.824s][info][gc,cpu         ] GC(830) User=0.00s Sys=0.00s Real=0.00s
[2025-04-17T11:07:37.716+0000][1257.546s][info][gc,start       ] GC(831) Pause Young (Allocation Failure)
[2025-04-17T11:07:37.717+0000][1257.547s][info][gc,heap        ] GC(831) DefNew: 9172K(10176K)->79K(10176K) Eden: 9088K(9088K)->0K(9088K) From: 84K(1088K)->79K(1088K)
[2025-04-17T11:07:37.717+0000][1257.547s][info][gc,heap        ] GC(831) Tenured: 14665K(22468K)->14665K(22468K)
[2025-04-17T11:07:37.717+0000][1257.547s][info][gc,metaspace   ] GC(831) Metaspace: 37429K(37760K)->37429K(37760K) NonClass: 33003K(33152K)->33003K(33152K) Class: 4425K(4608K)->4425K(4608K)
[2025-04-17T11:07:37.717+0000][1257.547s][info][gc             ] GC(831) Pause Young (Allocation Failure) 23M->14M(31M) 1.307ms
[2025-04-17T11:07:37.717+0000][1257.547s][info][gc,cpu         ] GC(831) User=0.00s Sys=0.00s Real=0.00s
[2025-04-17T11:07:39.388+0000][1259.218s][info][gc,start       ] GC(832) Pause Young (Allocation Failure)
[2025-04-17T11:07:39.389+0000][1259.219s][info][gc,heap        ] GC(832) DefNew: 9167K(10176K)->76K(10176K) Eden: 9087K(9088K)->0K(9088K) From: 79K(1088K)->76K(1088K)
[2025-04-17T11:07:39.389+0000][1259.219s][info][gc,heap        ] GC(832) Tenured: 14665K(22468K)->14665K(22468K)
[2025-04-17T11:07:39.389+0000][1259.219s][info][gc,metaspace   ] GC(832) Metaspace: 37429K(37760K)->37429K(37760K) NonClass: 33003K(33152K)->33003K(33152K) Class: 4425K(4608K)->4425K(4608K)
[2025-04-17T11:07:39.389+0000][1259.219s][info][gc             ] GC(832) Pause Young (Allocation Failure) 23M->14M(31M) 1.301ms
[2025-04-17T11:07:39.389+0000][1259.219s][info][gc,cpu         ] GC(832) User=0.01s Sys=0.00s Real=0.00s
[2025-04-17T11:07:40.846+0000][1260.676s][info][gc,start       ] GC(833) Pause Young (Allocation Failure)
[2025-04-17T11:07:40.847+0000][1260.677s][info][gc,heap        ] GC(833) DefNew: 9164K(10176K)->92K(10176K) Eden: 9088K(9088K)->0K(9088K) From: 76K(1088K)->92K(1088K)
[2025-04-17T11:07:40.847+0000][1260.677s][info][gc,heap        ] GC(833) Tenured: 14665K(22468K)->14665K(22468K)
[2025-04-17T11:07:40.847+0000][1260.677s][info][gc,metaspace   ] GC(833) Metaspace: 37429K(37760K)->37429K(37760K) NonClass: 33003K(33152K)->33003K(33152K) Class: 4425K(4608K)->4425K(4608K)
[2025-04-17T11:07:40.847+0000][1260.677s][info][gc             ] GC(833) Pause Young (Allocation Failure) 23M->14M(31M) 1.241ms
[2025-04-17T11:07:40.847+0000][1260.677s][info][gc,cpu         ] GC(833) User=0.01s Sys=0.01s Real=0.00s
[2025-04-17T11:07:42.556+0000][1262.386s][info][gc,start       ] GC(834) Pause Young (Allocation Failure)
[2025-04-17T11:07:42.557+0000][1262.387s][info][gc,heap        ] GC(834) DefNew: 9180K(10176K)->84K(10176K) Eden: 9088K(9088K)->0K(9088K) From: 92K(1088K)->84K(1088K)
[2025-04-17T11:07:42.557+0000][1262.387s][info][gc,heap        ] GC(834) Tenured: 14665K(22468K)->14665K(22468K)
[2025-04-17T11:07:42.557+0000][1262.387s][info][gc,metaspace   ] GC(834) Metaspace: 37429K(37760K)->37429K(37760K) NonClass: 33003K(33152K)->33003K(33152K) Class: 4425K(4608K)->4425K(4608K)
[2025-04-17T11:07:42.557+0000][1262.387s][info][gc             ] GC(834) Pause Young (Allocation Failure) 23M->14M(31M) 1.300ms
[2025-04-17T11:07:42.557+0000][1262.387s][info][gc,cpu         ] GC(834) User=0.00s Sys=0.00s Real=0.00s
[2025-04-17T11:07:44.005+0000][1263.835s][info][gc,start       ] GC(835) Pause Young (Allocation Failure)
[2025-04-17T11:07:44.006+0000][1263.836s][info][gc,heap        ] GC(835) DefNew: 9172K(10176K)->78K(10176K) Eden: 9088K(9088K)->0K(9088K) From: 84K(1088K)->78K(1088K)
[2025-04-17T11:07:44.006+0000][1263.836s][info][gc,heap        ] GC(835) Tenured: 14665K(22468K)->14665K(22468K)
[2025-04-17T11:07:44.006+0000][1263.836s][info][gc,metaspace   ] GC(835) Metaspace: 37429K(37760K)->37429K(37760K) NonClass: 33003K(33152K)->33003K(33152K) Class: 4425K(4608K)->4425K(4608K)
[2025-04-17T11:07:44.006+0000][1263.836s][info][gc             ] GC(835) Pause Young (Allocation Failure) 23M->14M(31M) 1.270ms
[2025-04-17T11:07:44.006+0000][1263.836s][info][gc,cpu         ] GC(835) User=0.00s Sys=0.00s Real=0.00s
[2025-04-17T11:07:45.710+0000][1265.540s][info][gc,start       ] GC(836) Pause Young (Allocation Failure)
[2025-04-17T11:07:45.711+0000][1265.541s][info][gc,heap        ] GC(836) DefNew: 9166K(10176K)->91K(10176K) Eden: 9088K(9088K)->0K(9088K) From: 78K(1088K)->91K(1088K)
[2025-04-17T11:07:45.711+0000][1265.541s][info][gc,heap        ] GC(836) Tenured: 14665K(22468K)->14665K(22468K)
[2025-04-17T11:07:45.711+0000][1265.541s][info][gc,metaspace   ] GC(836) Metaspace: 37430K(37760K)->37430K(37760K) NonClass: 33004K(33152K)->33004K(33152K) Class: 4425K(4608K)->4425K(4608K)
[2025-04-17T11:07:45.711+0000][1265.541s][info][gc             ] GC(836) Pause Young (Allocation Failure) 23M->14M(31M) 1.238ms
[2025-04-17T11:07:45.711+0000][1265.541s][info][gc,cpu         ] GC(836) User=0.00s Sys=0.00s Real=0.00s
[2025-04-17T11:07:47.370+0000][1267.200s][info][gc,start       ] GC(837) Pause Young (Allocation Failure)
[2025-04-17T11:07:47.371+0000][1267.201s][info][gc,heap        ] GC(837) DefNew: 9179K(10176K)->95K(10176K) Eden: 9088K(9088K)->0K(9088K) From: 91K(1088K)->95K(1088K)
[2025-04-17T11:07:47.371+0000][1267.201s][info][gc,heap        ] GC(837) Tenured: 14665K(22468K)->14665K(22468K)
[2025-04-17T11:07:47.371+0000][1267.201s][info][gc,metaspace   ] GC(837) Metaspace: 37430K(37760K)->37430K(37760K) NonClass: 33004K(33152K)->33004K(33152K) Class: 4425K(4608K)->4425K(4608K)
[2025-04-17T11:07:47.371+0000][1267.201s][info][gc             ] GC(837) Pause Young (Allocation Failure) 23M->14M(31M) 1.336ms
[2025-04-17T11:07:47.371+0000][1267.201s][info][gc,cpu         ] GC(837) User=0.00s Sys=0.00s Real=0.00s
[2025-04-17T11:07:49.041+0000][1268.872s][info][gc,start       ] GC(838) Pause Young (Allocation Failure)
[2025-04-17T11:07:49.043+0000][1268.873s][info][gc,heap        ] GC(838) DefNew: 9176K(10176K)->98K(10176K) Eden: 9081K(9088K)->0K(9088K) From: 95K(1088K)->98K(1088K)
[2025-04-17T11:07:49.043+0000][1268.873s][info][gc,heap        ] GC(838) Tenured: 14665K(22468K)->14666K(22468K)
[2025-04-17T11:07:49.043+0000][1268.873s][info][gc,metaspace   ] GC(838) Metaspace: 37434K(37760K)->37434K(37760K) NonClass: 33008K(33152K)->33008K(33152K) Class: 4425K(4608K)->4425K(4608K)
[2025-04-17T11:07:49.043+0000][1268.873s][info][gc             ] GC(838) Pause Young (Allocation Failure) 23M->14M(31M) 1.314ms
[2025-04-17T11:07:49.043+0000][1268.873s][info][gc,cpu         ] GC(838) User=0.00s Sys=0.00s Real=0.00s
[2025-04-17T11:07:50.490+0000][1270.320s][info][gc,start       ] GC(839) Pause Young (Allocation Failure)
[2025-04-17T11:07:50.491+0000][1270.321s][info][gc,heap        ] GC(839) DefNew: 9186K(10176K)->76K(10176K) Eden: 9088K(9088K)->0K(9088K) From: 98K(1088K)->76K(1088K)
[2025-04-17T11:07:50.491+0000][1270.321s][info][gc,heap        ] GC(839) Tenured: 14666K(22468K)->14670K(22468K)
[2025-04-17T11:07:50.491+0000][1270.321s][info][gc,metaspace   ] GC(839) Metaspace: 37434K(37760K)->37434K(37760K) NonClass: 33008K(33152K)->33008K(33152K) Class: 4425K(4608K)->4425K(4608K)
[2025-04-17T11:07:50.491+0000][1270.321s][info][gc             ] GC(839) Pause Young (Allocation Failure) 23M->14M(31M) 1.336ms
[2025-04-17T11:07:50.491+0000][1270.321s][info][gc,cpu         ] GC(839) User=0.01s Sys=0.00s Real=0.00s
[2025-04-17T11:07:52.271+0000][1272.101s][info][gc,start       ] GC(840) Pause Young (Allocation Failure)
[2025-04-17T11:07:52.272+0000][1272.102s][info][gc,heap        ] GC(840) DefNew: 9164K(10176K)->95K(10176K) Eden: 9088K(9088K)->0K(9088K) From: 76K(1088K)->95K(1088K)
[2025-04-17T11:07:52.272+0000][1272.102s][info][gc,heap        ] GC(840) Tenured: 14670K(22468K)->14670K(22468K)
[2025-04-17T11:07:52.272+0000][1272.102s][info][gc,metaspace   ] GC(840) Metaspace: 37434K(37760K)->37434K(37760K) NonClass: 33008K(33152K)->33008K(33152K) Class: 4425K(4608K)->4425K(4608K)
[2025-04-17T11:07:52.272+0000][1272.102s][info][gc             ] GC(840) Pause Young (Allocation Failure) 23M->14M(31M) 1.355ms
[2025-04-17T11:07:52.272+0000][1272.102s][info][gc,cpu         ] GC(840) User=0.00s Sys=0.00s Real=0.00s
[2025-04-17T11:07:53.806+0000][1273.636s][info][gc,start       ] GC(841) Pause Young (Allocation Failure)
[2025-04-17T11:07:53.807+0000][1273.637s][info][gc,heap        ] GC(841) DefNew: 9183K(10176K)->79K(10176K) Eden: 9088K(9088K)->0K(9088K) From: 95K(1088K)->79K(1088K)
[2025-04-17T11:07:53.807+0000][1273.638s][info][gc,heap        ] GC(841) Tenured: 14670K(22468K)->14670K(22468K)
[2025-04-17T11:07:53.807+0000][1273.638s][info][gc,metaspace   ] GC(841) Metaspace: 37434K(37760K)->37434K(37760K) NonClass: 33008K(33152K)->33008K(33152K) Class: 4425K(4608K)->4425K(4608K)
[2025-04-17T11:07:53.807+0000][1273.638s][info][gc             ] GC(841) Pause Young (Allocation Failure) 23M->14M(31M) 1.271ms
[2025-04-17T11:07:53.807+0000][1273.638s][info][gc,cpu         ] GC(841) User=0.00s Sys=0.00s Real=0.00s
[2025-04-17T11:07:55.346+0000][1275.176s][info][gc,start       ] GC(842) Pause Young (Allocation Failure)
[2025-04-17T11:07:55.347+0000][1275.177s][info][gc,heap        ] GC(842) DefNew: 9167K(10176K)->85K(10176K) Eden: 9088K(9088K)->0K(9088K) From: 79K(1088K)->85K(1088K)
[2025-04-17T11:07:55.347+0000][1275.177s][info][gc,heap        ] GC(842) Tenured: 14670K(22468K)->14670K(22468K)
[2025-04-17T11:07:55.347+0000][1275.177s][info][gc,metaspace   ] GC(842) Metaspace: 37434K(37760K)->37434K(37760K) NonClass: 33008K(33152K)->33008K(33152K) Class: 4425K(4608K)->4425K(4608K)
[2025-04-17T11:07:55.347+0000][1275.177s][info][gc             ] GC(842) Pause Young (Allocation Failure) 23M->14M(31M) 1.226ms
[2025-04-17T11:07:55.347+0000][1275.177s][info][gc,cpu         ] GC(842) User=0.00s Sys=0.00s Real=0.00s
[2025-04-17T11:07:57.149+0000][1276.979s][info][gc,start       ] GC(843) Pause Young (Allocation Failure)
[2025-04-17T11:07:57.151+0000][1276.981s][info][gc,heap        ] GC(843) DefNew: 9173K(10176K)->82K(10176K) Eden: 9087K(9088K)->0K(9088K) From: 85K(1088K)->82K(1088K)
[2025-04-17T11:07:57.151+0000][1276.981s][info][gc,heap        ] GC(843) Tenured: 14670K(22468K)->14670K(22468K)
[2025-04-17T11:07:57.151+0000][1276.981s][info][gc,metaspace   ] GC(843) Metaspace: 37434K(37760K)->37434K(37760K) NonClass: 33008K(33152K)->33008K(33152K) Class: 4425K(4608K)->4425K(4608K)
[2025-04-17T11:07:57.151+0000][1276.981s][info][gc             ] GC(843) Pause Young (Allocation Failure) 23M->14M(31M) 1.320ms
[2025-04-17T11:07:57.151+0000][1276.981s][info][gc,cpu         ] GC(843) User=0.00s Sys=0.00s Real=0.00s
[2025-04-17T11:07:58.625+0000][1278.455s][info][gc,start       ] GC(844) Pause Young (Allocation Failure)
[2025-04-17T11:07:58.626+0000][1278.456s][info][gc,heap        ] GC(844) DefNew: 9170K(10176K)->82K(10176K) Eden: 9088K(9088K)->0K(9088K) From: 82K(1088K)->82K(1088K)
[2025-04-17T11:07:58.626+0000][1278.456s][info][gc,heap        ] GC(844) Tenured: 14670K(22468K)->14670K(22468K)
[2025-04-17T11:07:58.626+0000][1278.456s][info][gc,metaspace   ] GC(844) Metaspace: 37434K(37760K)->37434K(37760K) NonClass: 33008K(33152K)->33008K(33152K) Class: 4425K(4608K)->4425K(4608K)
[2025-04-17T11:07:58.626+0000][1278.456s][info][gc             ] GC(844) Pause Young (Allocation Failure) 23M->14M(31M) 1.327ms
[2025-04-17T11:07:58.626+0000][1278.456s][info][gc,cpu         ] GC(844) User=0.00s Sys=0.00s Real=0.00s
[2025-04-17T11:08:00.358+0000][1280.188s][info][gc,start       ] GC(845) Pause Young (Allocation Failure)
[2025-04-17T11:08:00.359+0000][1280.189s][info][gc,heap        ] GC(845) DefNew: 9170K(10176K)->100K(10176K) Eden: 9088K(9088K)->0K(9088K) From: 82K(1088K)->100K(1088K)
[2025-04-17T11:08:00.359+0000][1280.189s][info][gc,heap        ] GC(845) Tenured: 14670K(22468K)->14670K(22468K)
[2025-04-17T11:08:00.359+0000][1280.189s][info][gc,metaspace   ] GC(845) Metaspace: 37434K(37760K)->37434K(37760K) NonClass: 33008K(33152K)->33008K(33152K) Class: 4425K(4608K)->4425K(4608K)
[2025-04-17T11:08:00.359+0000][1280.189s][info][gc             ] GC(845) Pause Young (Allocation Failure) 23M->14M(31M) 1.212ms
[2025-04-17T11:08:00.359+0000][1280.189s][info][gc,cpu         ] GC(845) User=0.00s Sys=0.00s Real=0.00s
[2025-04-17T11:08:01.882+0000][1281.712s][info][gc,start       ] GC(846) Pause Young (Allocation Failure)
[2025-04-17T11:08:01.883+0000][1281.713s][info][gc,heap        ] GC(846) DefNew: 9183K(10176K)->103K(10176K) Eden: 9083K(9088K)->0K(9088K) From: 100K(1088K)->103K(1088K)
[2025-04-17T11:08:01.883+0000][1281.713s][info][gc,heap        ] GC(846) Tenured: 14670K(22468K)->14670K(22468K)
[2025-04-17T11:08:01.883+0000][1281.713s][info][gc,metaspace   ] GC(846) Metaspace: 37434K(37760K)->37434K(37760K) NonClass: 33008K(33152K)->33008K(33152K) Class: 4425K(4608K)->4425K(4608K)
[2025-04-17T11:08:01.883+0000][1281.714s][info][gc             ] GC(846) Pause Young (Allocation Failure) 23M->14M(31M) 1.289ms
[2025-04-17T11:08:01.883+0000][1281.714s][info][gc,cpu         ] GC(846) User=0.00s Sys=0.00s Real=0.00s
[2025-04-17T11:08:03.483+0000][1283.313s][info][gc,start       ] GC(847) Pause Young (Allocation Failure)
[2025-04-17T11:08:03.484+0000][1283.314s][info][gc,heap        ] GC(847) DefNew: 9191K(10176K)->86K(10176K) Eden: 9088K(9088K)->0K(9088K) From: 103K(1088K)->86K(1088K)
[2025-04-17T11:08:03.484+0000][1283.314s][info][gc,heap        ] GC(847) Tenured: 14670K(22468K)->14670K(22468K)
[2025-04-17T11:08:03.484+0000][1283.314s][info][gc,metaspace   ] GC(847) Metaspace: 37434K(37760K)->37434K(37760K) NonClass: 33008K(33152K)->33008K(33152K) Class: 4425K(4608K)->4425K(4608K)
[2025-04-17T11:08:03.484+0000][1283.314s][info][gc             ] GC(847) Pause Young (Allocation Failure) 23M->14M(31M) 1.311ms
[2025-04-17T11:08:03.484+0000][1283.314s][info][gc,cpu         ] GC(847) User=0.00s Sys=0.00s Real=0.00s
[2025-04-17T11:08:04.961+0000][1284.791s][info][gc,start       ] GC(848) Pause Young (Allocation Failure)
[2025-04-17T11:08:04.962+0000][1284.792s][info][gc,heap        ] GC(848) DefNew: 9174K(10176K)->84K(10176K) Eden: 9088K(9088K)->0K(9088K) From: 86K(1088K)->84K(1088K)
[2025-04-17T11:08:04.962+0000][1284.792s][info][gc,heap        ] GC(848) Tenured: 14670K(22468K)->14670K(22468K)
[2025-04-17T11:08:04.962+0000][1284.792s][info][gc,metaspace   ] GC(848) Metaspace: 37435K(37760K)->37435K(37760K) NonClass: 33009K(33152K)->33009K(33152K) Class: 4425K(4608K)->4425K(4608K)
[2025-04-17T11:08:04.962+0000][1284.792s][info][gc             ] GC(848) Pause Young (Allocation Failure) 23M->14M(31M) 1.335ms
[2025-04-17T11:08:04.962+0000][1284.792s][info][gc,cpu         ] GC(848) User=0.00s Sys=0.00s Real=0.00s
[2025-04-17T11:08:06.610+0000][1286.440s][info][gc,start       ] GC(849) Pause Young (Allocation Failure)
[2025-04-17T11:08:06.611+0000][1286.442s][info][gc,heap        ] GC(849) DefNew: 9172K(10176K)->103K(10176K) Eden: 9087K(9088K)->0K(9088K) From: 84K(1088K)->103K(1088K)
[2025-04-17T11:08:06.611+0000][1286.442s][info][gc,heap        ] GC(849) Tenured: 14670K(22468K)->14670K(22468K)
[2025-04-17T11:08:06.612+0000][1286.442s][info][gc,metaspace   ] GC(849) Metaspace: 37435K(37760K)->37435K(37760K) NonClass: 33009K(33152K)->33009K(33152K) Class: 4425K(4608K)->4425K(4608K)
[2025-04-17T11:08:06.612+0000][1286.442s][info][gc             ] GC(849) Pause Young (Allocation Failure) 23M->14M(31M) 1.191ms
[2025-04-17T11:08:06.612+0000][1286.442s][info][gc,cpu         ] GC(849) User=0.00s Sys=0.00s Real=0.00s
[2025-04-17T11:08:08.102+0000][1287.933s][info][gc,start       ] GC(850) Pause Young (Allocation Failure)
[2025-04-17T11:08:08.104+0000][1287.934s][info][gc,heap        ] GC(850) DefNew: 9191K(10176K)->90K(10176K) Eden: 9088K(9088K)->0K(9088K) From: 103K(1088K)->90K(1088K)
[2025-04-17T11:08:08.104+0000][1287.934s][info][gc,heap        ] GC(850) Tenured: 14670K(22468K)->14671K(22468K)
[2025-04-17T11:08:08.104+0000][1287.934s][info][gc,metaspace   ] GC(850) Metaspace: 37435K(37760K)->37435K(37760K) NonClass: 33009K(33152K)->33009K(33152K) Class: 4425K(4608K)->4425K(4608K)
[2025-04-17T11:08:08.104+0000][1287.934s][info][gc             ] GC(850) Pause Young (Allocation Failure) 23M->14M(31M) 1.231ms
[2025-04-17T11:08:08.104+0000][1287.934s][info][gc,cpu         ] GC(850) User=0.00s Sys=0.00s Real=0.00s
[2025-04-17T11:08:09.427+0000][1289.257s][info][gc,start       ] GC(851) Pause Young (Allocation Failure)
[2025-04-17T11:08:09.428+0000][1289.258s][info][gc,heap        ] GC(851) DefNew: 9178K(10176K)->89K(10176K) Eden: 9088K(9088K)->0K(9088K) From: 90K(1088K)->89K(1088K)
[2025-04-17T11:08:09.428+0000][1289.259s][info][gc,heap        ] GC(851) Tenured: 14671K(22468K)->14672K(22468K)
[2025-04-17T11:08:09.428+0000][1289.259s][info][gc,metaspace   ] GC(851) Metaspace: 37435K(37760K)->37435K(37760K) NonClass: 33009K(33152K)->33009K(33152K) Class: 4425K(4608K)->4425K(4608K)
[2025-04-17T11:08:09.428+0000][1289.259s][info][gc             ] GC(851) Pause Young (Allocation Failure) 23M->14M(31M) 1.214ms
[2025-04-17T11:08:09.428+0000][1289.259s][info][gc,cpu         ] GC(851) User=0.00s Sys=0.00s Real=0.00s
[2025-04-17T11:08:11.296+0000][1291.126s][info][gc,start       ] GC(852) Pause Young (Allocation Failure)
[2025-04-17T11:08:11.297+0000][1291.128s][info][gc,heap        ] GC(852) DefNew: 9177K(10176K)->85K(10176K) Eden: 9088K(9088K)->0K(9088K) From: 89K(1088K)->85K(1088K)
[2025-04-17T11:08:11.297+0000][1291.128s][info][gc,heap        ] GC(852) Tenured: 14672K(22468K)->14672K(22468K)
[2025-04-17T11:08:11.297+0000][1291.128s][info][gc,metaspace   ] GC(852) Metaspace: 37435K(37760K)->37435K(37760K) NonClass: 33009K(33152K)->33009K(33152K) Class: 4425K(4608K)->4425K(4608K)
[2025-04-17T11:08:11.297+0000][1291.128s][info][gc             ] GC(852) Pause Young (Allocation Failure) 23M->14M(31M) 1.251ms
[2025-04-17T11:08:11.297+0000][1291.128s][info][gc,cpu         ] GC(852) User=0.00s Sys=0.00s Real=0.00s
[2025-04-17T11:08:12.884+0000][1292.714s][info][gc,start       ] GC(853) Pause Young (Allocation Failure)
[2025-04-17T11:08:12.885+0000][1292.715s][info][gc,heap        ] GC(853) DefNew: 9173K(10176K)->101K(10176K) Eden: 9088K(9088K)->0K(9088K) From: 85K(1088K)->101K(1088K)
[2025-04-17T11:08:12.885+0000][1292.715s][info][gc,heap        ] GC(853) Tenured: 14672K(22468K)->14674K(22468K)
[2025-04-17T11:08:12.885+0000][1292.715s][info][gc,metaspace   ] GC(853) Metaspace: 37435K(37760K)->37435K(37760K) NonClass: 33009K(33152K)->33009K(33152K) Class: 4425K(4608K)->4425K(4608K)
[2025-04-17T11:08:12.885+0000][1292.715s][info][gc             ] GC(853) Pause Young (Allocation Failure) 23M->14M(31M) 1.290ms
[2025-04-17T11:08:12.885+0000][1292.715s][info][gc,cpu         ] GC(853) User=0.00s Sys=0.00s Real=0.01s
[2025-04-17T11:08:14.289+0000][1294.119s][info][gc,start       ] GC(854) Pause Young (Allocation Failure)
[2025-04-17T11:08:14.290+0000][1294.120s][info][gc,heap        ] GC(854) DefNew: 9189K(10176K)->82K(10176K) Eden: 9088K(9088K)->0K(9088K) From: 101K(1088K)->82K(1088K)
[2025-04-17T11:08:14.290+0000][1294.120s][info][gc,heap        ] GC(854) Tenured: 14674K(22468K)->14675K(22468K)
[2025-04-17T11:08:14.290+0000][1294.120s][info][gc,metaspace   ] GC(854) Metaspace: 37435K(37760K)->37435K(37760K) NonClass: 33009K(33152K)->33009K(33152K) Class: 4425K(4608K)->4425K(4608K)
[2025-04-17T11:08:14.290+0000][1294.120s][info][gc             ] GC(854) Pause Young (Allocation Failure) 23M->14M(31M) 1.165ms
[2025-04-17T11:08:14.290+0000][1294.120s][info][gc,cpu         ] GC(854) User=0.00s Sys=0.00s Real=0.00s
[2025-04-17T11:08:15.897+0000][1295.727s][info][gc,start       ] GC(855) Pause Young (Allocation Failure)
[2025-04-17T11:08:15.898+0000][1295.729s][info][gc,heap        ] GC(855) DefNew: 9170K(10176K)->83K(10176K) Eden: 9088K(9088K)->0K(9088K) From: 82K(1088K)->83K(1088K)
[2025-04-17T11:08:15.898+0000][1295.729s][info][gc,heap        ] GC(855) Tenured: 14675K(22468K)->14676K(22468K)
[2025-04-17T11:08:15.898+0000][1295.729s][info][gc,metaspace   ] GC(855) Metaspace: 37435K(37760K)->37435K(37760K) NonClass: 33009K(33152K)->33009K(33152K) Class: 4425K(4608K)->4425K(4608K)
[2025-04-17T11:08:15.898+0000][1295.729s][info][gc             ] GC(855) Pause Young (Allocation Failure) 23M->14M(31M) 1.290ms
[2025-04-17T11:08:15.899+0000][1295.729s][info][gc,cpu         ] GC(855) User=0.00s Sys=0.00s Real=0.00s
[2025-04-17T11:08:17.558+0000][1297.388s][info][gc,start       ] GC(856) Pause Young (Allocation Failure)
[2025-04-17T11:08:17.559+0000][1297.389s][info][gc,heap        ] GC(856) DefNew: 9171K(10176K)->88K(10176K) Eden: 9088K(9088K)->0K(9088K) From: 83K(1088K)->88K(1088K)
[2025-04-17T11:08:17.559+0000][1297.389s][info][gc,heap        ] GC(856) Tenured: 14676K(22468K)->14677K(22468K)
[2025-04-17T11:08:17.559+0000][1297.389s][info][gc,metaspace   ] GC(856) Metaspace: 37435K(37760K)->37435K(37760K) NonClass: 33009K(33152K)->33009K(33152K) Class: 4425K(4608K)->4425K(4608K)
[2025-04-17T11:08:17.559+0000][1297.390s][info][gc             ] GC(856) Pause Young (Allocation Failure) 23M->14M(31M) 1.369ms
[2025-04-17T11:08:17.559+0000][1297.390s][info][gc,cpu         ] GC(856) User=0.00s Sys=0.00s Real=0.00s
[2025-04-17T11:08:19.071+0000][1298.901s][info][gc,start       ] GC(857) Pause Young (Allocation Failure)
[2025-04-17T11:08:19.072+0000][1298.902s][info][gc,heap        ] GC(857) DefNew: 9176K(10176K)->100K(10176K) Eden: 9088K(9088K)->0K(9088K) From: 88K(1088K)->100K(1088K)
[2025-04-17T11:08:19.072+0000][1298.902s][info][gc,heap        ] GC(857) Tenured: 14677K(22468K)->14680K(22468K)
[2025-04-17T11:08:19.072+0000][1298.902s][info][gc,metaspace   ] GC(857) Metaspace: 37435K(37760K)->37435K(37760K) NonClass: 33009K(33152K)->33009K(33152K) Class: 4425K(4608K)->4425K(4608K)
[2025-04-17T11:08:19.072+0000][1298.902s][info][gc             ] GC(857) Pause Young (Allocation Failure) 23M->14M(31M) 1.236ms
[2025-04-17T11:08:19.072+0000][1298.902s][info][gc,cpu         ] GC(857) User=0.00s Sys=0.00s Real=0.00s
[2025-04-17T11:08:20.674+0000][1300.504s][info][gc,start       ] GC(858) Pause Young (Allocation Failure)
[2025-04-17T11:08:20.675+0000][1300.505s][info][gc,heap        ] GC(858) DefNew: 9188K(10176K)->79K(10176K) Eden: 9088K(9088K)->0K(9088K) From: 100K(1088K)->79K(1088K)
[2025-04-17T11:08:20.675+0000][1300.506s][info][gc,heap        ] GC(858) Tenured: 14680K(22468K)->14680K(22468K)
[2025-04-17T11:08:20.675+0000][1300.506s][info][gc,metaspace   ] GC(858) Metaspace: 37435K(37760K)->37435K(37760K) NonClass: 33009K(33152K)->33009K(33152K) Class: 4425K(4608K)->4425K(4608K)
[2025-04-17T11:08:20.675+0000][1300.506s][info][gc             ] GC(858) Pause Young (Allocation Failure) 23M->14M(31M) 1.273ms
[2025-04-17T11:08:20.675+0000][1300.506s][info][gc,cpu         ] GC(858) User=0.00s Sys=0.00s Real=0.00s
[2025-04-17T11:08:22.191+0000][1302.021s][info][gc,start       ] GC(859) Pause Young (Allocation Failure)
[2025-04-17T11:08:22.192+0000][1302.022s][info][gc,heap        ] GC(859) DefNew: 9167K(10176K)->81K(10176K) Eden: 9088K(9088K)->0K(9088K) From: 79K(1088K)->81K(1088K)
[2025-04-17T11:08:22.192+0000][1302.022s][info][gc,heap        ] GC(859) Tenured: 14680K(22468K)->14681K(22468K)
[2025-04-17T11:08:22.192+0000][1302.022s][info][gc,metaspace   ] GC(859) Metaspace: 37435K(37760K)->37435K(37760K) NonClass: 33009K(33152K)->33009K(33152K) Class: 4425K(4608K)->4425K(4608K)
[2025-04-17T11:08:22.192+0000][1302.022s][info][gc             ] GC(859) Pause Young (Allocation Failure) 23M->14M(31M) 1.297ms
[2025-04-17T11:08:22.192+0000][1302.022s][info][gc,cpu         ] GC(859) User=0.00s Sys=0.00s Real=0.00s
[2025-04-17T11:08:23.760+0000][1303.590s][info][gc,start       ] GC(860) Pause Young (Allocation Failure)
[2025-04-17T11:08:23.761+0000][1303.592s][info][gc,heap        ] GC(860) DefNew: 9169K(10176K)->85K(10176K) Eden: 9088K(9088K)->0K(9088K) From: 81K(1088K)->85K(1088K)
[2025-04-17T11:08:23.761+0000][1303.592s][info][gc,heap        ] GC(860) Tenured: 14681K(22468K)->14681K(22468K)
[2025-04-17T11:08:23.761+0000][1303.592s][info][gc,metaspace   ] GC(860) Metaspace: 37435K(37760K)->37435K(37760K) NonClass: 33009K(33152K)->33009K(33152K) Class: 4425K(4608K)->4425K(4608K)
[2025-04-17T11:08:23.761+0000][1303.592s][info][gc             ] GC(860) Pause Young (Allocation Failure) 23M->14M(31M) 1.354ms
[2025-04-17T11:08:23.761+0000][1303.592s][info][gc,cpu         ] GC(860) User=0.00s Sys=0.00s Real=0.00s
[2025-04-17T11:08:25.348+0000][1305.178s][info][gc,start       ] GC(861) Pause Young (Allocation Failure)
[2025-04-17T11:08:25.349+0000][1305.180s][info][gc,heap        ] GC(861) DefNew: 9173K(10176K)->94K(10176K) Eden: 9088K(9088K)->0K(9088K) From: 85K(1088K)->94K(1088K)
[2025-04-17T11:08:25.349+0000][1305.180s][info][gc,heap        ] GC(861) Tenured: 14681K(22468K)->14682K(22468K)
[2025-04-17T11:08:25.349+0000][1305.180s][info][gc,metaspace   ] GC(861) Metaspace: 37435K(37760K)->37435K(37760K) NonClass: 33009K(33152K)->33009K(33152K) Class: 4425K(4608K)->4425K(4608K)
[2025-04-17T11:08:25.349+0000][1305.180s][info][gc             ] GC(861) Pause Young (Allocation Failure) 23M->14M(31M) 1.237ms
[2025-04-17T11:08:25.349+0000][1305.180s][info][gc,cpu         ] GC(861) User=0.00s Sys=0.00s Real=0.00s
[2025-04-17T11:08:27.004+0000][1306.834s][info][gc,start       ] GC(862) Pause Young (Allocation Failure)
[2025-04-17T11:08:27.005+0000][1306.836s][info][gc,heap        ] GC(862) DefNew: 9173K(10176K)->81K(10176K) Eden: 9078K(9088K)->0K(9088K) From: 94K(1088K)->81K(1088K)
[2025-04-17T11:08:27.005+0000][1306.836s][info][gc,heap        ] GC(862) Tenured: 14682K(22468K)->14683K(22468K)
[2025-04-17T11:08:27.005+0000][1306.836s][info][gc,metaspace   ] GC(862) Metaspace: 37435K(37760K)->37435K(37760K) NonClass: 33009K(33152K)->33009K(33152K) Class: 4425K(4608K)->4425K(4608K)
[2025-04-17T11:08:27.005+0000][1306.836s][info][gc             ] GC(862) Pause Young (Allocation Failure) 23M->14M(31M) 1.294ms
[2025-04-17T11:08:27.006+0000][1306.836s][info][gc,cpu         ] GC(862) User=0.01s Sys=0.00s Real=0.00s
[2025-04-17T11:08:28.486+0000][1308.316s][info][gc,start       ] GC(863) Pause Young (Allocation Failure)
[2025-04-17T11:08:28.487+0000][1308.317s][info][gc,heap        ] GC(863) DefNew: 9169K(10176K)->103K(10176K) Eden: 9088K(9088K)->0K(9088K) From: 81K(1088K)->103K(1088K)
[2025-04-17T11:08:28.487+0000][1308.317s][info][gc,heap        ] GC(863) Tenured: 14683K(22468K)->14683K(22468K)
[2025-04-17T11:08:28.487+0000][1308.317s][info][gc,metaspace   ] GC(863) Metaspace: 37435K(37760K)->37435K(37760K) NonClass: 33009K(33152K)->33009K(33152K) Class: 4425K(4608K)->4425K(4608K)
[2025-04-17T11:08:28.487+0000][1308.317s][info][gc             ] GC(863) Pause Young (Allocation Failure) 23M->14M(31M) 1.302ms
[2025-04-17T11:08:28.487+0000][1308.317s][info][gc,cpu         ] GC(863) User=0.00s Sys=0.00s Real=0.00s
[2025-04-17T11:08:30.067+0000][1309.897s][info][gc,start       ] GC(864) Pause Young (Allocation Failure)
[2025-04-17T11:08:30.068+0000][1309.898s][info][gc,heap        ] GC(864) DefNew: 9191K(10176K)->97K(10176K) Eden: 9088K(9088K)->0K(9088K) From: 103K(1088K)->97K(1088K)
[2025-04-17T11:08:30.068+0000][1309.898s][info][gc,heap        ] GC(864) Tenured: 14683K(22468K)->14683K(22468K)
[2025-04-17T11:08:30.068+0000][1309.898s][info][gc,metaspace   ] GC(864) Metaspace: 37435K(37760K)->37435K(37760K) NonClass: 33009K(33152K)->33009K(33152K) Class: 4425K(4608K)->4425K(4608K)
[2025-04-17T11:08:30.068+0000][1309.898s][info][gc             ] GC(864) Pause Young (Allocation Failure) 23M->14M(31M) 1.278ms
[2025-04-17T11:08:30.068+0000][1309.898s][info][gc,cpu         ] GC(864) User=0.00s Sys=0.00s Real=0.00s
[2025-04-17T11:08:31.578+0000][1311.408s][info][gc,start       ] GC(865) Pause Young (Allocation Failure)
[2025-04-17T11:08:31.579+0000][1311.409s][info][gc,heap        ] GC(865) DefNew: 9185K(10176K)->78K(10176K) Eden: 9088K(9088K)->0K(9088K) From: 97K(1088K)->78K(1088K)
[2025-04-17T11:08:31.579+0000][1311.409s][info][gc,heap        ] GC(865) Tenured: 14683K(22468K)->14685K(22468K)
[2025-04-17T11:08:31.579+0000][1311.409s][info][gc,metaspace   ] GC(865) Metaspace: 37435K(37760K)->37435K(37760K) NonClass: 33009K(33152K)->33009K(33152K) Class: 4425K(4608K)->4425K(4608K)
[2025-04-17T11:08:31.579+0000][1311.409s][info][gc             ] GC(865) Pause Young (Allocation Failure) 23M->14M(31M) 1.337ms
[2025-04-17T11:08:31.579+0000][1311.409s][info][gc,cpu         ] GC(865) User=0.01s Sys=0.00s Real=0.00s
[2025-04-17T11:08:33.072+0000][1312.902s][info][gc,start       ] GC(866) Pause Young (Allocation Failure)
[2025-04-17T11:08:33.073+0000][1312.904s][info][gc,heap        ] GC(866) DefNew: 9166K(10176K)->79K(10176K) Eden: 9088K(9088K)->0K(9088K) From: 78K(1088K)->79K(1088K)
[2025-04-17T11:08:33.073+0000][1312.904s][info][gc,heap        ] GC(866) Tenured: 14685K(22468K)->14686K(22468K)
[2025-04-17T11:08:33.073+0000][1312.904s][info][gc,metaspace   ] GC(866) Metaspace: 37435K(37760K)->37435K(37760K) NonClass: 33009K(33152K)->33009K(33152K) Class: 4425K(4608K)->4425K(4608K)
[2025-04-17T11:08:33.074+0000][1312.904s][info][gc             ] GC(866) Pause Young (Allocation Failure) 23M->14M(31M) 1.201ms
[2025-04-17T11:08:33.074+0000][1312.904s][info][gc,cpu         ] GC(866) User=0.01s Sys=0.00s Real=0.00s
[2025-04-17T11:08:34.685+0000][1314.515s][info][gc,start       ] GC(867) Pause Young (Allocation Failure)
[2025-04-17T11:08:34.686+0000][1314.516s][info][gc,heap        ] GC(867) DefNew: 9167K(10176K)->96K(10176K) Eden: 9088K(9088K)->0K(9088K) From: 79K(1088K)->96K(1088K)
[2025-04-17T11:08:34.686+0000][1314.516s][info][gc,heap        ] GC(867) Tenured: 14686K(22468K)->14686K(22468K)
[2025-04-17T11:08:34.686+0000][1314.516s][info][gc,metaspace   ] GC(867) Metaspace: 37435K(37760K)->37435K(37760K) NonClass: 33009K(33152K)->33009K(33152K) Class: 4425K(4608K)->4425K(4608K)
[2025-04-17T11:08:34.686+0000][1314.516s][info][gc             ] GC(867) Pause Young (Allocation Failure) 23M->14M(31M) 1.157ms
[2025-04-17T11:08:34.686+0000][1314.516s][info][gc,cpu         ] GC(867) User=0.00s Sys=0.00s Real=0.00s
[2025-04-17T11:08:36.584+0000][1316.414s][info][gc,start       ] GC(868) Pause Young (Allocation Failure)
[2025-04-17T11:08:36.586+0000][1316.416s][info][gc,heap        ] GC(868) DefNew: 9184K(10176K)->87K(10176K) Eden: 9088K(9088K)->0K(9088K) From: 96K(1088K)->87K(1088K)
[2025-04-17T11:08:36.586+0000][1316.416s][info][gc,heap        ] GC(868) Tenured: 14686K(22468K)->14686K(22468K)
[2025-04-17T11:08:36.586+0000][1316.416s][info][gc,metaspace   ] GC(868) Metaspace: 37435K(37760K)->37435K(37760K) NonClass: 33009K(33152K)->33009K(33152K) Class: 4425K(4608K)->4425K(4608K)
[2025-04-17T11:08:36.586+0000][1316.416s][info][gc             ] GC(868) Pause Young (Allocation Failure) 23M->14M(31M) 1.259ms
[2025-04-17T11:08:36.586+0000][1316.416s][info][gc,cpu         ] GC(868) User=0.01s Sys=0.00s Real=0.00s
[2025-04-17T11:08:38.076+0000][1317.906s][info][gc,start       ] GC(869) Pause Young (Allocation Failure)
[2025-04-17T11:08:38.077+0000][1317.907s][info][gc,heap        ] GC(869) DefNew: 9175K(10176K)->83K(10176K) Eden: 9088K(9088K)->0K(9088K) From: 87K(1088K)->83K(1088K)
[2025-04-17T11:08:38.077+0000][1317.907s][info][gc,heap        ] GC(869) Tenured: 14686K(22468K)->14686K(22468K)
[2025-04-17T11:08:38.077+0000][1317.907s][info][gc,metaspace   ] GC(869) Metaspace: 37435K(37760K)->37435K(37760K) NonClass: 33009K(33152K)->33009K(33152K) Class: 4425K(4608K)->4425K(4608K)
[2025-04-17T11:08:38.077+0000][1317.907s][info][gc             ] GC(869) Pause Young (Allocation Failure) 23M->14M(31M) 1.216ms
[2025-04-17T11:08:38.077+0000][1317.907s][info][gc,cpu         ] GC(869) User=0.00s Sys=0.00s Real=0.00s
[2025-04-17T11:08:39.507+0000][1319.337s][info][gc,start       ] GC(870) Pause Young (Allocation Failure)
[2025-04-17T11:08:39.508+0000][1319.338s][info][gc,heap        ] GC(870) DefNew: 9171K(10176K)->97K(10176K) Eden: 9088K(9088K)->0K(9088K) From: 83K(1088K)->97K(1088K)
[2025-04-17T11:08:39.508+0000][1319.338s][info][gc,heap        ] GC(870) Tenured: 14686K(22468K)->14686K(22468K)
[2025-04-17T11:08:39.508+0000][1319.338s][info][gc,metaspace   ] GC(870) Metaspace: 37435K(37760K)->37435K(37760K) NonClass: 33009K(33152K)->33009K(33152K) Class: 4425K(4608K)->4425K(4608K)
[2025-04-17T11:08:39.508+0000][1319.338s][info][gc             ] GC(870) Pause Young (Allocation Failure) 23M->14M(31M) 1.374ms
[2025-04-17T11:08:39.508+0000][1319.338s][info][gc,cpu         ] GC(870) User=0.00s Sys=0.00s Real=0.00s
[2025-04-17T11:08:41.612+0000][1321.442s][info][gc,start       ] GC(871) Pause Young (Allocation Failure)
[2025-04-17T11:08:41.613+0000][1321.444s][info][gc,heap        ] GC(871) DefNew: 9185K(10176K)->101K(10176K) Eden: 9088K(9088K)->0K(9088K) From: 97K(1088K)->101K(1088K)
[2025-04-17T11:08:41.613+0000][1321.444s][info][gc,heap        ] GC(871) Tenured: 14686K(22468K)->14686K(22468K)
[2025-04-17T11:08:41.613+0000][1321.444s][info][gc,metaspace   ] GC(871) Metaspace: 37435K(37760K)->37435K(37760K) NonClass: 33009K(33152K)->33009K(33152K) Class: 4425K(4608K)->4425K(4608K)
[2025-04-17T11:08:41.613+0000][1321.444s][info][gc             ] GC(871) Pause Young (Allocation Failure) 23M->14M(31M) 1.320ms
[2025-04-17T11:08:41.613+0000][1321.444s][info][gc,cpu         ] GC(871) User=0.01s Sys=0.00s Real=0.00s
[2025-04-17T11:08:42.964+0000][1322.794s][info][gc,start       ] GC(872) Pause Young (Allocation Failure)
[2025-04-17T11:08:42.965+0000][1322.795s][info][gc,heap        ] GC(872) DefNew: 9189K(10176K)->83K(10176K) Eden: 9088K(9088K)->0K(9088K) From: 101K(1088K)->83K(1088K)
[2025-04-17T11:08:42.965+0000][1322.795s][info][gc,heap        ] GC(872) Tenured: 14686K(22468K)->14687K(22468K)
[2025-04-17T11:08:42.965+0000][1322.795s][info][gc,metaspace   ] GC(872) Metaspace: 37435K(37760K)->37435K(37760K) NonClass: 33009K(33152K)->33009K(33152K) Class: 4425K(4608K)->4425K(4608K)
[2025-04-17T11:08:42.965+0000][1322.795s][info][gc             ] GC(872) Pause Young (Allocation Failure) 23M->14M(31M) 1.342ms
[2025-04-17T11:08:42.965+0000][1322.795s][info][gc,cpu         ] GC(872) User=0.01s Sys=0.00s Real=0.01s
[2025-04-17T11:08:44.642+0000][1324.472s][info][gc,start       ] GC(873) Pause Young (Allocation Failure)
[2025-04-17T11:08:44.643+0000][1324.473s][info][gc,heap        ] GC(873) DefNew: 9171K(10176K)->86K(10176K) Eden: 9088K(9088K)->0K(9088K) From: 83K(1088K)->86K(1088K)
[2025-04-17T11:08:44.643+0000][1324.473s][info][gc,heap        ] GC(873) Tenured: 14687K(22468K)->14687K(22468K)
[2025-04-17T11:08:44.643+0000][1324.473s][info][gc,metaspace   ] GC(873) Metaspace: 37435K(37760K)->37435K(37760K) NonClass: 33009K(33152K)->33009K(33152K) Class: 4425K(4608K)->4425K(4608K)
[2025-04-17T11:08:44.643+0000][1324.473s][info][gc             ] GC(873) Pause Young (Allocation Failure) 23M->14M(31M) 1.201ms
[2025-04-17T11:08:44.643+0000][1324.473s][info][gc,cpu         ] GC(873) User=0.00s Sys=0.00s Real=0.00s
[2025-04-17T11:08:46.166+0000][1325.997s][info][gc,start       ] GC(874) Pause Young (Allocation Failure)
[2025-04-17T11:08:46.168+0000][1325.998s][info][gc,heap        ] GC(874) DefNew: 9174K(10176K)->107K(10176K) Eden: 9088K(9088K)->0K(9088K) From: 86K(1088K)->107K(1088K)
[2025-04-17T11:08:46.168+0000][1325.998s][info][gc,heap        ] GC(874) Tenured: 14687K(22468K)->14687K(22468K)
[2025-04-17T11:08:46.168+0000][1325.998s][info][gc,metaspace   ] GC(874) Metaspace: 37435K(37760K)->37435K(37760K) NonClass: 33009K(33152K)->33009K(33152K) Class: 4425K(4608K)->4425K(4608K)
[2025-04-17T11:08:46.168+0000][1325.998s][info][gc             ] GC(874) Pause Young (Allocation Failure) 23M->14M(31M) 1.343ms
[2025-04-17T11:08:46.168+0000][1325.998s][info][gc,cpu         ] GC(874) User=0.00s Sys=0.00s Real=0.00s
[2025-04-17T11:08:47.870+0000][1327.700s][info][gc,start       ] GC(875) Pause Young (Allocation Failure)
[2025-04-17T11:08:47.871+0000][1327.701s][info][gc,heap        ] GC(875) DefNew: 9195K(10176K)->105K(10176K) Eden: 9088K(9088K)->0K(9088K) From: 107K(1088K)->105K(1088K)
[2025-04-17T11:08:47.871+0000][1327.701s][info][gc,heap        ] GC(875) Tenured: 14687K(22468K)->14687K(22468K)
[2025-04-17T11:08:47.871+0000][1327.701s][info][gc,metaspace   ] GC(875) Metaspace: 37435K(37760K)->37435K(37760K) NonClass: 33009K(33152K)->33009K(33152K) Class: 4425K(4608K)->4425K(4608K)
[2025-04-17T11:08:47.871+0000][1327.701s][info][gc             ] GC(875) Pause Young (Allocation Failure) 23M->14M(31M) 1.235ms
[2025-04-17T11:08:47.871+0000][1327.701s][info][gc,cpu         ] GC(875) User=0.00s Sys=0.00s Real=0.00s
[2025-04-17T11:08:49.372+0000][1329.202s][info][gc,start       ] GC(876) Pause Young (Allocation Failure)
[2025-04-17T11:08:49.373+0000][1329.203s][info][gc,heap        ] GC(876) DefNew: 9193K(10176K)->86K(10176K) Eden: 9088K(9088K)->0K(9088K) From: 105K(1088K)->86K(1088K)
[2025-04-17T11:08:49.373+0000][1329.203s][info][gc,heap        ] GC(876) Tenured: 14687K(22468K)->14688K(22468K)
[2025-04-17T11:08:49.373+0000][1329.203s][info][gc,metaspace   ] GC(876) Metaspace: 37435K(37760K)->37435K(37760K) NonClass: 33009K(33152K)->33009K(33152K) Class: 4425K(4608K)->4425K(4608K)
[2025-04-17T11:08:49.373+0000][1329.203s][info][gc             ] GC(876) Pause Young (Allocation Failure) 23M->14M(31M) 1.281ms
[2025-04-17T11:08:49.373+0000][1329.203s][info][gc,cpu         ] GC(876) User=0.00s Sys=0.00s Real=0.00s
[2025-04-17T11:08:50.805+0000][1330.635s][info][gc,start       ] GC(877) Pause Young (Allocation Failure)
[2025-04-17T11:08:50.806+0000][1330.636s][info][gc,heap        ] GC(877) DefNew: 9174K(10176K)->90K(10176K) Eden: 9088K(9088K)->0K(9088K) From: 86K(1088K)->90K(1088K)
[2025-04-17T11:08:50.806+0000][1330.636s][info][gc,heap        ] GC(877) Tenured: 14688K(22468K)->14690K(22468K)
[2025-04-17T11:08:50.806+0000][1330.636s][info][gc,metaspace   ] GC(877) Metaspace: 37435K(37760K)->37435K(37760K) NonClass: 33009K(33152K)->33009K(33152K) Class: 4425K(4608K)->4425K(4608K)
[2025-04-17T11:08:50.806+0000][1330.636s][info][gc             ] GC(877) Pause Young (Allocation Failure) 23M->14M(31M) 1.350ms
[2025-04-17T11:08:50.806+0000][1330.636s][info][gc,cpu         ] GC(877) User=0.00s Sys=0.00s Real=0.00s
[2025-04-17T11:08:52.264+0000][1332.095s][info][gc,start       ] GC(878) Pause Young (Allocation Failure)
[2025-04-17T11:08:52.266+0000][1332.096s][info][gc,heap        ] GC(878) DefNew: 9178K(10176K)->99K(10176K) Eden: 9088K(9088K)->0K(9088K) From: 90K(1088K)->99K(1088K)
[2025-04-17T11:08:52.266+0000][1332.096s][info][gc,heap        ] GC(878) Tenured: 14690K(22468K)->14691K(22468K)
[2025-04-17T11:08:52.266+0000][1332.096s][info][gc,metaspace   ] GC(878) Metaspace: 37435K(37760K)->37435K(37760K) NonClass: 33009K(33152K)->33009K(33152K) Class: 4425K(4608K)->4425K(4608K)
[2025-04-17T11:08:52.266+0000][1332.096s][info][gc             ] GC(878) Pause Young (Allocation Failure) 23M->14M(31M) 1.220ms
[2025-04-17T11:08:52.266+0000][1332.096s][info][gc,cpu         ] GC(878) User=0.00s Sys=0.00s Real=0.00s
[2025-04-17T11:08:53.878+0000][1333.708s][info][gc,start       ] GC(879) Pause Young (Allocation Failure)
[2025-04-17T11:08:53.879+0000][1333.710s][info][gc,heap        ] GC(879) DefNew: 9187K(10176K)->102K(10176K) Eden: 9088K(9088K)->0K(9088K) From: 99K(1088K)->102K(1088K)
[2025-04-17T11:08:53.879+0000][1333.710s][info][gc,heap        ] GC(879) Tenured: 14691K(22468K)->14692K(22468K)
[2025-04-17T11:08:53.879+0000][1333.710s][info][gc,metaspace   ] GC(879) Metaspace: 37435K(37760K)->37435K(37760K) NonClass: 33009K(33152K)->33009K(33152K) Class: 4425K(4608K)->4425K(4608K)
[2025-04-17T11:08:53.880+0000][1333.710s][info][gc             ] GC(879) Pause Young (Allocation Failure) 23M->14M(31M) 1.305ms
[2025-04-17T11:08:53.880+0000][1333.710s][info][gc,cpu         ] GC(879) User=0.00s Sys=0.00s Real=0.00s
[2025-04-17T11:08:55.515+0000][1335.345s][info][gc,start       ] GC(880) Pause Young (Allocation Failure)
[2025-04-17T11:08:55.516+0000][1335.347s][info][gc,heap        ] GC(880) DefNew: 9190K(10176K)->88K(10176K) Eden: 9088K(9088K)->0K(9088K) From: 102K(1088K)->88K(1088K)
[2025-04-17T11:08:55.516+0000][1335.347s][info][gc,heap        ] GC(880) Tenured: 14692K(22468K)->14692K(22468K)
[2025-04-17T11:08:55.516+0000][1335.347s][info][gc,metaspace   ] GC(880) Metaspace: 37435K(37760K)->37435K(37760K) NonClass: 33009K(33152K)->33009K(33152K) Class: 4425K(4608K)->4425K(4608K)
[2025-04-17T11:08:55.516+0000][1335.347s][info][gc             ] GC(880) Pause Young (Allocation Failure) 23M->14M(31M) 1.353ms
[2025-04-17T11:08:55.516+0000][1335.347s][info][gc,cpu         ] GC(880) User=0.01s Sys=0.00s Real=0.00s
[2025-04-17T11:08:56.968+0000][1336.798s][info][gc,start       ] GC(881) Pause Young (Allocation Failure)
[2025-04-17T11:08:56.969+0000][1336.799s][info][gc,heap        ] GC(881) DefNew: 9176K(10176K)->90K(10176K) Eden: 9088K(9088K)->0K(9088K) From: 88K(1088K)->90K(1088K)
[2025-04-17T11:08:56.969+0000][1336.799s][info][gc,heap        ] GC(881) Tenured: 14692K(22468K)->14693K(22468K)
[2025-04-17T11:08:56.969+0000][1336.799s][info][gc,metaspace   ] GC(881) Metaspace: 37435K(37760K)->37435K(37760K) NonClass: 33009K(33152K)->33009K(33152K) Class: 4425K(4608K)->4425K(4608K)
[2025-04-17T11:08:56.969+0000][1336.799s][info][gc             ] GC(881) Pause Young (Allocation Failure) 23M->14M(31M) 1.318ms
[2025-04-17T11:08:56.969+0000][1336.799s][info][gc,cpu         ] GC(881) User=0.00s Sys=0.00s Real=0.00s
[2025-04-17T11:08:58.735+0000][1338.565s][info][gc,start       ] GC(882) Pause Young (Allocation Failure)
[2025-04-17T11:08:58.736+0000][1338.566s][info][gc,heap        ] GC(882) DefNew: 9178K(10176K)->97K(10176K) Eden: 9088K(9088K)->0K(9088K) From: 90K(1088K)->97K(1088K)
[2025-04-17T11:08:58.736+0000][1338.566s][info][gc,heap        ] GC(882) Tenured: 14693K(22468K)->14693K(22468K)
[2025-04-17T11:08:58.736+0000][1338.566s][info][gc,metaspace   ] GC(882) Metaspace: 37435K(37760K)->37435K(37760K) NonClass: 33009K(33152K)->33009K(33152K) Class: 4425K(4608K)->4425K(4608K)
[2025-04-17T11:08:58.736+0000][1338.567s][info][gc             ] GC(882) Pause Young (Allocation Failure) 23M->14M(31M) 1.259ms
[2025-04-17T11:08:58.736+0000][1338.567s][info][gc,cpu         ] GC(882) User=0.00s Sys=0.00s Real=0.00s
[2025-04-17T11:09:00.409+0000][1340.239s][info][gc,start       ] GC(883) Pause Young (Allocation Failure)
[2025-04-17T11:09:00.410+0000][1340.240s][info][gc,heap        ] GC(883) DefNew: 9185K(10176K)->106K(10176K) Eden: 9088K(9088K)->0K(9088K) From: 97K(1088K)->106K(1088K)
[2025-04-17T11:09:00.410+0000][1340.240s][info][gc,heap        ] GC(883) Tenured: 14693K(22468K)->14693K(22468K)
[2025-04-17T11:09:00.410+0000][1340.240s][info][gc,metaspace   ] GC(883) Metaspace: 37435K(37760K)->37435K(37760K) NonClass: 33009K(33152K)->33009K(33152K) Class: 4425K(4608K)->4425K(4608K)
[2025-04-17T11:09:00.410+0000][1340.240s][info][gc             ] GC(883) Pause Young (Allocation Failure) 23M->14M(31M) 1.377ms
[2025-04-17T11:09:00.410+0000][1340.240s][info][gc,cpu         ] GC(883) User=0.00s Sys=0.00s Real=0.00s
[2025-04-17T11:09:01.931+0000][1341.761s][info][gc,start       ] GC(884) Pause Young (Allocation Failure)
[2025-04-17T11:09:01.932+0000][1341.763s][info][gc,heap        ] GC(884) DefNew: 9179K(10176K)->91K(10176K) Eden: 9073K(9088K)->0K(9088K) From: 106K(1088K)->91K(1088K)
[2025-04-17T11:09:01.932+0000][1341.763s][info][gc,heap        ] GC(884) Tenured: 14693K(22468K)->14697K(22468K)
[2025-04-17T11:09:01.932+0000][1341.763s][info][gc,metaspace   ] GC(884) Metaspace: 37435K(37760K)->37435K(37760K) NonClass: 33009K(33152K)->33009K(33152K) Class: 4425K(4608K)->4425K(4608K)
[2025-04-17T11:09:01.933+0000][1341.763s][info][gc             ] GC(884) Pause Young (Allocation Failure) 23M->14M(31M) 1.305ms
[2025-04-17T11:09:01.933+0000][1341.763s][info][gc,cpu         ] GC(884) User=0.00s Sys=0.01s Real=0.00s
[2025-04-17T11:09:03.282+0000][1343.112s][info][gc,start       ] GC(885) Pause Young (Allocation Failure)
[2025-04-17T11:09:03.284+0000][1343.114s][info][gc,heap        ] GC(885) DefNew: 9179K(10176K)->95K(10176K) Eden: 9088K(9088K)->0K(9088K) From: 91K(1088K)->95K(1088K)
[2025-04-17T11:09:03.284+0000][1343.114s][info][gc,heap        ] GC(885) Tenured: 14697K(22468K)->14698K(22468K)
[2025-04-17T11:09:03.284+0000][1343.114s][info][gc,metaspace   ] GC(885) Metaspace: 37435K(37760K)->37435K(37760K) NonClass: 33009K(33152K)->33009K(33152K) Class: 4425K(4608K)->4425K(4608K)
[2025-04-17T11:09:03.284+0000][1343.114s][info][gc             ] GC(885) Pause Young (Allocation Failure) 23M->14M(31M) 1.296ms
[2025-04-17T11:09:03.284+0000][1343.114s][info][gc,cpu         ] GC(885) User=0.00s Sys=0.00s Real=0.00s
[2025-04-17T11:09:04.950+0000][1344.780s][info][gc,start       ] GC(886) Pause Young (Allocation Failure)
[2025-04-17T11:09:04.952+0000][1344.782s][info][gc,heap        ] GC(886) DefNew: 9183K(10176K)->103K(10176K) Eden: 9088K(9088K)->0K(9088K) From: 95K(1088K)->103K(1088K)
[2025-04-17T11:09:04.952+0000][1344.782s][info][gc,heap        ] GC(886) Tenured: 14698K(22468K)->14700K(22468K)
[2025-04-17T11:09:04.952+0000][1344.782s][info][gc,metaspace   ] GC(886) Metaspace: 37435K(37760K)->37435K(37760K) NonClass: 33009K(33152K)->33009K(33152K) Class: 4425K(4608K)->4425K(4608K)
[2025-04-17T11:09:04.952+0000][1344.782s][info][gc             ] GC(886) Pause Young (Allocation Failure) 23M->14M(31M) 1.306ms
[2025-04-17T11:09:04.952+0000][1344.782s][info][gc,cpu         ] GC(886) User=0.00s Sys=0.00s Real=0.00s
[2025-04-17T11:09:06.621+0000][1346.451s][info][gc,start       ] GC(887) Pause Young (Allocation Failure)
[2025-04-17T11:09:06.622+0000][1346.452s][info][gc,heap        ] GC(887) DefNew: 9185K(10176K)->93K(10176K) Eden: 9082K(9088K)->0K(9088K) From: 103K(1088K)->93K(1088K)
[2025-04-17T11:09:06.622+0000][1346.452s][info][gc,heap        ] GC(887) Tenured: 14700K(22468K)->14701K(22468K)
[2025-04-17T11:09:06.622+0000][1346.452s][info][gc,metaspace   ] GC(887) Metaspace: 37435K(37760K)->37435K(37760K) NonClass: 33009K(33152K)->33009K(33152K) Class: 4425K(4608K)->4425K(4608K)
[2025-04-17T11:09:06.622+0000][1346.452s][info][gc             ] GC(887) Pause Young (Allocation Failure) 23M->14M(31M) 1.304ms
[2025-04-17T11:09:06.622+0000][1346.452s][info][gc,cpu         ] GC(887) User=0.00s Sys=0.00s Real=0.00s
[2025-04-17T11:09:07.893+0000][1347.723s][info][gc,start       ] GC(888) Pause Young (Allocation Failure)
[2025-04-17T11:09:07.894+0000][1347.724s][info][gc,heap        ] GC(888) DefNew: 9171K(10176K)->88K(10176K) Eden: 9078K(9088K)->0K(9088K) From: 93K(1088K)->88K(1088K)
[2025-04-17T11:09:07.894+0000][1347.724s][info][gc,heap        ] GC(888) Tenured: 14701K(22468K)->14701K(22468K)
[2025-04-17T11:09:07.894+0000][1347.724s][info][gc,metaspace   ] GC(888) Metaspace: 37435K(37760K)->37435K(37760K) NonClass: 33009K(33152K)->33009K(33152K) Class: 4425K(4608K)->4425K(4608K)
[2025-04-17T11:09:07.894+0000][1347.724s][info][gc             ] GC(888) Pause Young (Allocation Failure) 23M->14M(31M) 1.205ms
[2025-04-17T11:09:07.894+0000][1347.724s][info][gc,cpu         ] GC(888) User=0.00s Sys=0.00s Real=0.01s
[2025-04-17T11:09:09.659+0000][1349.489s][info][gc,start       ] GC(889) Pause Young (Allocation Failure)
[2025-04-17T11:09:09.661+0000][1349.491s][info][gc,heap        ] GC(889) DefNew: 9176K(10176K)->99K(10176K) Eden: 9088K(9088K)->0K(9088K) From: 88K(1088K)->99K(1088K)
[2025-04-17T11:09:09.661+0000][1349.491s][info][gc,heap        ] GC(889) Tenured: 14701K(22468K)->14701K(22468K)
[2025-04-17T11:09:09.661+0000][1349.491s][info][gc,metaspace   ] GC(889) Metaspace: 37435K(37760K)->37435K(37760K) NonClass: 33009K(33152K)->33009K(33152K) Class: 4425K(4608K)->4425K(4608K)
[2025-04-17T11:09:09.661+0000][1349.491s][info][gc             ] GC(889) Pause Young (Allocation Failure) 23M->14M(31M) 1.359ms
[2025-04-17T11:09:09.661+0000][1349.491s][info][gc,cpu         ] GC(889) User=0.00s Sys=0.00s Real=0.00s
[2025-04-17T11:09:11.099+0000][1350.929s][info][gc,start       ] GC(890) Pause Young (Allocation Failure)
[2025-04-17T11:09:11.100+0000][1350.930s][info][gc,heap        ] GC(890) DefNew: 9187K(10176K)->100K(10176K) Eden: 9088K(9088K)->0K(9088K) From: 99K(1088K)->100K(1088K)
[2025-04-17T11:09:11.100+0000][1350.930s][info][gc,heap        ] GC(890) Tenured: 14701K(22468K)->14705K(22468K)
[2025-04-17T11:09:11.100+0000][1350.930s][info][gc,metaspace   ] GC(890) Metaspace: 37435K(37760K)->37435K(37760K) NonClass: 33009K(33152K)->33009K(33152K) Class: 4425K(4608K)->4425K(4608K)
[2025-04-17T11:09:11.100+0000][1350.930s][info][gc             ] GC(890) Pause Young (Allocation Failure) 23M->14M(31M) 1.390ms
[2025-04-17T11:09:11.100+0000][1350.930s][info][gc,cpu         ] GC(890) User=0.00s Sys=0.00s Real=0.00s
[2025-04-17T11:09:12.637+0000][1352.467s][info][gc,start       ] GC(891) Pause Young (Allocation Failure)
[2025-04-17T11:09:12.638+0000][1352.468s][info][gc,heap        ] GC(891) DefNew: 9188K(10176K)->87K(10176K) Eden: 9088K(9088K)->0K(9088K) From: 100K(1088K)->87K(1088K)
[2025-04-17T11:09:12.638+0000][1352.468s][info][gc,heap        ] GC(891) Tenured: 14705K(22468K)->14705K(22468K)
[2025-04-17T11:09:12.638+0000][1352.468s][info][gc,metaspace   ] GC(891) Metaspace: 37435K(37760K)->37435K(37760K) NonClass: 33009K(33152K)->33009K(33152K) Class: 4425K(4608K)->4425K(4608K)
[2025-04-17T11:09:12.638+0000][1352.468s][info][gc             ] GC(891) Pause Young (Allocation Failure) 23M->14M(31M) 1.335ms
[2025-04-17T11:09:12.638+0000][1352.468s][info][gc,cpu         ] GC(891) User=0.00s Sys=0.00s Real=0.00s
[2025-04-17T11:09:14.213+0000][1354.043s][info][gc,start       ] GC(892) Pause Young (Allocation Failure)
[2025-04-17T11:09:14.214+0000][1354.044s][info][gc,heap        ] GC(892) DefNew: 9175K(10176K)->88K(10176K) Eden: 9088K(9088K)->0K(9088K) From: 87K(1088K)->88K(1088K)
[2025-04-17T11:09:14.214+0000][1354.044s][info][gc,heap        ] GC(892) Tenured: 14705K(22468K)->14705K(22468K)
[2025-04-17T11:09:14.214+0000][1354.044s][info][gc,metaspace   ] GC(892) Metaspace: 37435K(37760K)->37435K(37760K) NonClass: 33009K(33152K)->33009K(33152K) Class: 4425K(4608K)->4425K(4608K)
[2025-04-17T11:09:14.214+0000][1354.044s][info][gc             ] GC(892) Pause Young (Allocation Failure) 23M->14M(31M) 1.247ms
[2025-04-17T11:09:14.214+0000][1354.044s][info][gc,cpu         ] GC(892) User=0.00s Sys=0.00s Real=0.00s
[2025-04-17T11:09:15.761+0000][1355.591s][info][gc,start       ] GC(893) Pause Young (Allocation Failure)
[2025-04-17T11:09:15.762+0000][1355.592s][info][gc,heap        ] GC(893) DefNew: 9176K(10176K)->85K(10176K) Eden: 9088K(9088K)->0K(9088K) From: 88K(1088K)->85K(1088K)
[2025-04-17T11:09:15.762+0000][1355.592s][info][gc,heap        ] GC(893) Tenured: 14705K(22468K)->14705K(22468K)
[2025-04-17T11:09:15.762+0000][1355.592s][info][gc,metaspace   ] GC(893) Metaspace: 37435K(37760K)->37435K(37760K) NonClass: 33009K(33152K)->33009K(33152K) Class: 4425K(4608K)->4425K(4608K)
[2025-04-17T11:09:15.762+0000][1355.592s][info][gc             ] GC(893) Pause Young (Allocation Failure) 23M->14M(31M) 1.300ms
[2025-04-17T11:09:15.762+0000][1355.592s][info][gc,cpu         ] GC(893) User=0.00s Sys=0.00s Real=0.00s
[2025-04-17T11:09:17.293+0000][1357.123s][info][gc,start       ] GC(894) Pause Young (Allocation Failure)
[2025-04-17T11:09:17.294+0000][1357.124s][info][gc,heap        ] GC(894) DefNew: 9173K(10176K)->103K(10176K) Eden: 9088K(9088K)->0K(9088K) From: 85K(1088K)->103K(1088K)
[2025-04-17T11:09:17.294+0000][1357.124s][info][gc,heap        ] GC(894) Tenured: 14705K(22468K)->14707K(22468K)
[2025-04-17T11:09:17.294+0000][1357.124s][info][gc,metaspace   ] GC(894) Metaspace: 37435K(37760K)->37435K(37760K) NonClass: 33009K(33152K)->33009K(33152K) Class: 4425K(4608K)->4425K(4608K)
[2025-04-17T11:09:17.294+0000][1357.124s][info][gc             ] GC(894) Pause Young (Allocation Failure) 23M->14M(31M) 1.304ms
[2025-04-17T11:09:17.294+0000][1357.124s][info][gc,cpu         ] GC(894) User=0.01s Sys=0.00s Real=0.01s
[2025-04-17T11:09:18.718+0000][1358.549s][info][gc,start       ] GC(895) Pause Young (Allocation Failure)
[2025-04-17T11:09:18.720+0000][1358.550s][info][gc,heap        ] GC(895) DefNew: 9191K(10176K)->86K(10176K) Eden: 9088K(9088K)->0K(9088K) From: 103K(1088K)->86K(1088K)
[2025-04-17T11:09:18.720+0000][1358.550s][info][gc,heap        ] GC(895) Tenured: 14707K(22468K)->14708K(22468K)
[2025-04-17T11:09:18.720+0000][1358.550s][info][gc,metaspace   ] GC(895) Metaspace: 37435K(37760K)->37435K(37760K) NonClass: 33009K(33152K)->33009K(33152K) Class: 4425K(4608K)->4425K(4608K)
[2025-04-17T11:09:18.720+0000][1358.550s][info][gc             ] GC(895) Pause Young (Allocation Failure) 23M->14M(31M) 1.252ms
[2025-04-17T11:09:18.720+0000][1358.550s][info][gc,cpu         ] GC(895) User=0.00s Sys=0.00s Real=0.00s
[2025-04-17T11:09:20.459+0000][1360.289s][info][gc,start       ] GC(896) Pause Young (Allocation Failure)
[2025-04-17T11:09:20.461+0000][1360.291s][info][gc,heap        ] GC(896) DefNew: 9174K(10176K)->86K(10176K) Eden: 9088K(9088K)->0K(9088K) From: 86K(1088K)->86K(1088K)
[2025-04-17T11:09:20.461+0000][1360.291s][info][gc,heap        ] GC(896) Tenured: 14708K(22468K)->14708K(22468K)
[2025-04-17T11:09:20.461+0000][1360.291s][info][gc,metaspace   ] GC(896) Metaspace: 37435K(37760K)->37435K(37760K) NonClass: 33009K(33152K)->33009K(33152K) Class: 4425K(4608K)->4425K(4608K)
[2025-04-17T11:09:20.461+0000][1360.291s][info][gc             ] GC(896) Pause Young (Allocation Failure) 23M->14M(31M) 1.316ms
[2025-04-17T11:09:20.461+0000][1360.291s][info][gc,cpu         ] GC(896) User=0.00s Sys=0.00s Real=0.00s
[2025-04-17T11:09:21.979+0000][1361.809s][info][gc,start       ] GC(897) Pause Young (Allocation Failure)
[2025-04-17T11:09:21.980+0000][1361.811s][info][gc,heap        ] GC(897) DefNew: 9174K(10176K)->94K(10176K) Eden: 9088K(9088K)->0K(9088K) From: 86K(1088K)->94K(1088K)
[2025-04-17T11:09:21.980+0000][1361.811s][info][gc,heap        ] GC(897) Tenured: 14708K(22468K)->14711K(22468K)
[2025-04-17T11:09:21.980+0000][1361.811s][info][gc,metaspace   ] GC(897) Metaspace: 37435K(37760K)->37435K(37760K) NonClass: 33009K(33152K)->33009K(33152K) Class: 4425K(4608K)->4425K(4608K)
[2025-04-17T11:09:21.980+0000][1361.811s][info][gc             ] GC(897) Pause Young (Allocation Failure) 23M->14M(31M) 1.230ms
[2025-04-17T11:09:21.980+0000][1361.811s][info][gc,cpu         ] GC(897) User=0.00s Sys=0.00s Real=0.00s
[2025-04-17T11:09:23.685+0000][1363.515s][info][gc,start       ] GC(898) Pause Young (Allocation Failure)
[2025-04-17T11:09:23.686+0000][1363.517s][info][gc,heap        ] GC(898) DefNew: 9182K(10176K)->99K(10176K) Eden: 9088K(9088K)->0K(9088K) From: 94K(1088K)->99K(1088K)
[2025-04-17T11:09:23.686+0000][1363.517s][info][gc,heap        ] GC(898) Tenured: 14711K(22468K)->14712K(22468K)
[2025-04-17T11:09:23.686+0000][1363.517s][info][gc,metaspace   ] GC(898) Metaspace: 37435K(37760K)->37435K(37760K) NonClass: 33009K(33152K)->33009K(33152K) Class: 4425K(4608K)->4425K(4608K)
[2025-04-17T11:09:23.686+0000][1363.517s][info][gc             ] GC(898) Pause Young (Allocation Failure) 23M->14M(31M) 1.363ms
[2025-04-17T11:09:23.686+0000][1363.517s][info][gc,cpu         ] GC(898) User=0.00s Sys=0.00s Real=0.00s
[2025-04-17T11:09:25.157+0000][1364.987s][info][gc,start       ] GC(899) Pause Young (Allocation Failure)
[2025-04-17T11:09:25.158+0000][1364.989s][info][gc,heap        ] GC(899) DefNew: 9187K(10176K)->90K(10176K) Eden: 9088K(9088K)->0K(9088K) From: 99K(1088K)->90K(1088K)
[2025-04-17T11:09:25.158+0000][1364.989s][info][gc,heap        ] GC(899) Tenured: 14712K(22468K)->14713K(22468K)
[2025-04-17T11:09:25.158+0000][1364.989s][info][gc,metaspace   ] GC(899) Metaspace: 37435K(37760K)->37435K(37760K) NonClass: 33009K(33152K)->33009K(33152K) Class: 4425K(4608K)->4425K(4608K)
[2025-04-17T11:09:25.158+0000][1364.989s][info][gc             ] GC(899) Pause Young (Allocation Failure) 23M->14M(31M) 1.257ms
[2025-04-17T11:09:25.158+0000][1364.989s][info][gc,cpu         ] GC(899) User=0.00s Sys=0.00s Real=0.00s
[2025-04-17T11:09:26.873+0000][1366.703s][info][gc,start       ] GC(900) Pause Young (Allocation Failure)
[2025-04-17T11:09:26.874+0000][1366.705s][info][gc,heap        ] GC(900) DefNew: 9178K(10176K)->83K(10176K) Eden: 9088K(9088K)->0K(9088K) From: 90K(1088K)->83K(1088K)
[2025-04-17T11:09:26.874+0000][1366.705s][info][gc,heap        ] GC(900) Tenured: 14713K(22468K)->14715K(22468K)
[2025-04-17T11:09:26.874+0000][1366.705s][info][gc,metaspace   ] GC(900) Metaspace: 37435K(37760K)->37435K(37760K) NonClass: 33009K(33152K)->33009K(33152K) Class: 4425K(4608K)->4425K(4608K)
[2025-04-17T11:09:26.875+0000][1366.705s][info][gc             ] GC(900) Pause Young (Allocation Failure) 23M->14M(31M) 1.277ms
[2025-04-17T11:09:26.875+0000][1366.705s][info][gc,cpu         ] GC(900) User=0.00s Sys=0.00s Real=0.01s
[2025-04-17T11:09:28.427+0000][1368.257s][info][gc,start       ] GC(901) Pause Young (Allocation Failure)
[2025-04-17T11:09:28.429+0000][1368.259s][info][gc,heap        ] GC(901) DefNew: 9171K(10176K)->80K(10176K) Eden: 9088K(9088K)->0K(9088K) From: 83K(1088K)->80K(1088K)
[2025-04-17T11:09:28.429+0000][1368.259s][info][gc,heap        ] GC(901) Tenured: 14715K(22468K)->14715K(22468K)
[2025-04-17T11:09:28.429+0000][1368.259s][info][gc,metaspace   ] GC(901) Metaspace: 37435K(37760K)->37435K(37760K) NonClass: 33009K(33152K)->33009K(33152K) Class: 4425K(4608K)->4425K(4608K)
[2025-04-17T11:09:28.429+0000][1368.259s][info][gc             ] GC(901) Pause Young (Allocation Failure) 23M->14M(31M) 1.452ms
[2025-04-17T11:09:28.429+0000][1368.259s][info][gc,cpu         ] GC(901) User=0.01s Sys=0.00s Real=0.00s
[2025-04-17T11:09:30.024+0000][1369.854s][info][gc,start       ] GC(902) Pause Young (Allocation Failure)
[2025-04-17T11:09:30.025+0000][1369.855s][info][gc,heap        ] GC(902) DefNew: 9168K(10176K)->97K(10176K) Eden: 9088K(9088K)->0K(9088K) From: 80K(1088K)->97K(1088K)
[2025-04-17T11:09:30.025+0000][1369.855s][info][gc,heap        ] GC(902) Tenured: 14715K(22468K)->14715K(22468K)
[2025-04-17T11:09:30.025+0000][1369.855s][info][gc,metaspace   ] GC(902) Metaspace: 37435K(37760K)->37435K(37760K) NonClass: 33009K(33152K)->33009K(33152K) Class: 4425K(4608K)->4425K(4608K)
[2025-04-17T11:09:30.025+0000][1369.855s][info][gc             ] GC(902) Pause Young (Allocation Failure) 23M->14M(31M) 1.235ms
[2025-04-17T11:09:30.025+0000][1369.855s][info][gc,cpu         ] GC(902) User=0.00s Sys=0.00s Real=0.01s
[2025-04-17T11:09:31.551+0000][1371.381s][info][gc,start       ] GC(903) Pause Young (Allocation Failure)
[2025-04-17T11:09:31.552+0000][1371.382s][info][gc,heap        ] GC(903) DefNew: 9185K(10176K)->92K(10176K) Eden: 9088K(9088K)->0K(9088K) From: 97K(1088K)->92K(1088K)
[2025-04-17T11:09:31.552+0000][1371.382s][info][gc,heap        ] GC(903) Tenured: 14715K(22468K)->14715K(22468K)
[2025-04-17T11:09:31.552+0000][1371.382s][info][gc,metaspace   ] GC(903) Metaspace: 37435K(37760K)->37435K(37760K) NonClass: 33009K(33152K)->33009K(33152K) Class: 4425K(4608K)->4425K(4608K)
[2025-04-17T11:09:31.552+0000][1371.382s][info][gc             ] GC(903) Pause Young (Allocation Failure) 23M->14M(31M) 1.229ms
[2025-04-17T11:09:31.552+0000][1371.382s][info][gc,cpu         ] GC(903) User=0.00s Sys=0.00s Real=0.00s
[2025-04-17T11:09:33.244+0000][1373.074s][info][gc,start       ] GC(904) Pause Young (Allocation Failure)
[2025-04-17T11:09:33.245+0000][1373.075s][info][gc,heap        ] GC(904) DefNew: 9180K(10176K)->83K(10176K) Eden: 9088K(9088K)->0K(9088K) From: 92K(1088K)->83K(1088K)
[2025-04-17T11:09:33.245+0000][1373.075s][info][gc,heap        ] GC(904) Tenured: 14715K(22468K)->14716K(22468K)
[2025-04-17T11:09:33.245+0000][1373.075s][info][gc,metaspace   ] GC(904) Metaspace: 37435K(37760K)->37435K(37760K) NonClass: 33009K(33152K)->33009K(33152K) Class: 4425K(4608K)->4425K(4608K)
[2025-04-17T11:09:33.245+0000][1373.075s][info][gc             ] GC(904) Pause Young (Allocation Failure) 23M->14M(31M) 1.334ms
[2025-04-17T11:09:33.245+0000][1373.075s][info][gc,cpu         ] GC(904) User=0.00s Sys=0.00s Real=0.01s
[2025-04-17T11:09:34.705+0000][1374.535s][info][gc,start       ] GC(905) Pause Young (Allocation Failure)
[2025-04-17T11:09:34.707+0000][1374.537s][info][gc,heap        ] GC(905) DefNew: 9171K(10176K)->89K(10176K) Eden: 9088K(9088K)->0K(9088K) From: 83K(1088K)->89K(1088K)
[2025-04-17T11:09:34.707+0000][1374.537s][info][gc,heap        ] GC(905) Tenured: 14716K(22468K)->14717K(22468K)
[2025-04-17T11:09:34.707+0000][1374.537s][info][gc,metaspace   ] GC(905) Metaspace: 37435K(37760K)->37435K(37760K) NonClass: 33009K(33152K)->33009K(33152K) Class: 4425K(4608K)->4425K(4608K)
[2025-04-17T11:09:34.707+0000][1374.537s][info][gc             ] GC(905) Pause Young (Allocation Failure) 23M->14M(31M) 1.373ms
[2025-04-17T11:09:34.707+0000][1374.537s][info][gc,cpu         ] GC(905) User=0.01s Sys=0.00s Real=0.00s
[2025-04-17T11:09:36.211+0000][1376.042s][info][gc,start       ] GC(906) Pause Young (Allocation Failure)
[2025-04-17T11:09:36.213+0000][1376.043s][info][gc,heap        ] GC(906) DefNew: 9177K(10176K)->95K(10176K) Eden: 9088K(9088K)->0K(9088K) From: 89K(1088K)->95K(1088K)
[2025-04-17T11:09:36.213+0000][1376.043s][info][gc,heap        ] GC(906) Tenured: 14717K(22468K)->14720K(22468K)
[2025-04-17T11:09:36.213+0000][1376.043s][info][gc,metaspace   ] GC(906) Metaspace: 37435K(37760K)->37435K(37760K) NonClass: 33009K(33152K)->33009K(33152K) Class: 4425K(4608K)->4425K(4608K)
[2025-04-17T11:09:36.213+0000][1376.043s][info][gc             ] GC(906) Pause Young (Allocation Failure) 23M->14M(31M) 1.334ms
[2025-04-17T11:09:36.213+0000][1376.043s][info][gc,cpu         ] GC(906) User=0.00s Sys=0.00s Real=0.00s
[2025-04-17T11:09:37.819+0000][1377.649s][info][gc,start       ] GC(907) Pause Young (Allocation Failure)
[2025-04-17T11:09:37.820+0000][1377.651s][info][gc,heap        ] GC(907) DefNew: 9183K(10176K)->78K(10176K) Eden: 9087K(9088K)->0K(9088K) From: 95K(1088K)->78K(1088K)
[2025-04-17T11:09:37.820+0000][1377.651s][info][gc,heap        ] GC(907) Tenured: 14720K(22468K)->14721K(22468K)
[2025-04-17T11:09:37.820+0000][1377.651s][info][gc,metaspace   ] GC(907) Metaspace: 37435K(37760K)->37435K(37760K) NonClass: 33009K(33152K)->33009K(33152K) Class: 4425K(4608K)->4425K(4608K)
[2025-04-17T11:09:37.820+0000][1377.651s][info][gc             ] GC(907) Pause Young (Allocation Failure) 23M->14M(31M) 1.172ms
[2025-04-17T11:09:37.820+0000][1377.651s][info][gc,cpu         ] GC(907) User=0.00s Sys=0.00s Real=0.00s
[2025-04-17T11:09:39.245+0000][1379.076s][info][gc,start       ] GC(908) Pause Young (Allocation Failure)
[2025-04-17T11:09:39.247+0000][1379.077s][info][gc,heap        ] GC(908) DefNew: 9166K(10176K)->81K(10176K) Eden: 9088K(9088K)->0K(9088K) From: 78K(1088K)->81K(1088K)
[2025-04-17T11:09:39.247+0000][1379.077s][info][gc,heap        ] GC(908) Tenured: 14721K(22468K)->14722K(22468K)
[2025-04-17T11:09:39.247+0000][1379.077s][info][gc,metaspace   ] GC(908) Metaspace: 37435K(37760K)->37435K(37760K) NonClass: 33009K(33152K)->33009K(33152K) Class: 4425K(4608K)->4425K(4608K)
[2025-04-17T11:09:39.247+0000][1379.077s][info][gc             ] GC(908) Pause Young (Allocation Failure) 23M->14M(31M) 1.215ms
[2025-04-17T11:09:39.247+0000][1379.077s][info][gc,cpu         ] GC(908) User=0.00s Sys=0.00s Real=0.00s
[2025-04-17T11:09:40.688+0000][1380.519s][info][gc,start       ] GC(909) Pause Young (Allocation Failure)
[2025-04-17T11:09:40.690+0000][1380.520s][info][gc,heap        ] GC(909) DefNew: 9169K(10176K)->82K(10176K) Eden: 9088K(9088K)->0K(9088K) From: 81K(1088K)->82K(1088K)
[2025-04-17T11:09:40.690+0000][1380.520s][info][gc,heap        ] GC(909) Tenured: 14722K(22468K)->14722K(22468K)
[2025-04-17T11:09:40.690+0000][1380.520s][info][gc,metaspace   ] GC(909) Metaspace: 37435K(37760K)->37435K(37760K) NonClass: 33009K(33152K)->33009K(33152K) Class: 4425K(4608K)->4425K(4608K)
[2025-04-17T11:09:40.690+0000][1380.520s][info][gc             ] GC(909) Pause Young (Allocation Failure) 23M->14M(31M) 1.223ms
[2025-04-17T11:09:40.690+0000][1380.520s][info][gc,cpu         ] GC(909) User=0.00s Sys=0.00s Real=0.00s
[2025-04-17T11:09:42.278+0000][1382.108s][info][gc,start       ] GC(910) Pause Young (Allocation Failure)
[2025-04-17T11:09:42.280+0000][1382.110s][info][gc,heap        ] GC(910) DefNew: 9170K(10176K)->94K(10176K) Eden: 9088K(9088K)->0K(9088K) From: 82K(1088K)->94K(1088K)
[2025-04-17T11:09:42.280+0000][1382.110s][info][gc,heap        ] GC(910) Tenured: 14722K(22468K)->14722K(22468K)
[2025-04-17T11:09:42.280+0000][1382.110s][info][gc,metaspace   ] GC(910) Metaspace: 37435K(37760K)->37435K(37760K) NonClass: 33009K(33152K)->33009K(33152K) Class: 4425K(4608K)->4425K(4608K)
[2025-04-17T11:09:42.280+0000][1382.110s][info][gc             ] GC(910) Pause Young (Allocation Failure) 23M->14M(31M) 1.337ms
[2025-04-17T11:09:42.280+0000][1382.110s][info][gc,cpu         ] GC(910) User=0.00s Sys=0.00s Real=0.00s
[2025-04-17T11:09:44.032+0000][1383.862s][info][gc,start       ] GC(911) Pause Young (Allocation Failure)
[2025-04-17T11:09:44.034+0000][1383.864s][info][gc,heap        ] GC(911) DefNew: 9182K(10176K)->80K(10176K) Eden: 9088K(9088K)->0K(9088K) From: 94K(1088K)->80K(1088K)
[2025-04-17T11:09:44.034+0000][1383.864s][info][gc,heap        ] GC(911) Tenured: 14722K(22468K)->14722K(22468K)
[2025-04-17T11:09:44.034+0000][1383.864s][info][gc,metaspace   ] GC(911) Metaspace: 37435K(37760K)->37435K(37760K) NonClass: 33009K(33152K)->33009K(33152K) Class: 4425K(4608K)->4425K(4608K)
[2025-04-17T11:09:44.034+0000][1383.864s][info][gc             ] GC(911) Pause Young (Allocation Failure) 23M->14M(31M) 1.335ms
[2025-04-17T11:09:44.034+0000][1383.864s][info][gc,cpu         ] GC(911) User=0.00s Sys=0.00s Real=0.00s
[2025-04-17T11:09:45.316+0000][1385.147s][info][gc,start       ] GC(912) Pause Young (Allocation Failure)
[2025-04-17T11:09:45.318+0000][1385.148s][info][gc,heap        ] GC(912) DefNew: 9168K(10176K)->80K(10176K) Eden: 9088K(9088K)->0K(9088K) From: 80K(1088K)->80K(1088K)
[2025-04-17T11:09:45.318+0000][1385.148s][info][gc,heap        ] GC(912) Tenured: 14722K(22468K)->14723K(22468K)
[2025-04-17T11:09:45.318+0000][1385.148s][info][gc,metaspace   ] GC(912) Metaspace: 37435K(37760K)->37435K(37760K) NonClass: 33009K(33152K)->33009K(33152K) Class: 4425K(4608K)->4425K(4608K)
[2025-04-17T11:09:45.318+0000][1385.148s][info][gc             ] GC(912) Pause Young (Allocation Failure) 23M->14M(31M) 1.291ms
[2025-04-17T11:09:45.318+0000][1385.148s][info][gc,cpu         ] GC(912) User=0.00s Sys=0.00s Real=0.00s
[2025-04-17T11:09:47.125+0000][1386.955s][info][gc,start       ] GC(913) Pause Young (Allocation Failure)
[2025-04-17T11:09:47.126+0000][1386.956s][info][gc,heap        ] GC(913) DefNew: 9168K(10176K)->99K(10176K) Eden: 9088K(9088K)->0K(9088K) From: 80K(1088K)->99K(1088K)
[2025-04-17T11:09:47.126+0000][1386.956s][info][gc,heap        ] GC(913) Tenured: 14723K(22468K)->14723K(22468K)
[2025-04-17T11:09:47.126+0000][1386.956s][info][gc,metaspace   ] GC(913) Metaspace: 37435K(37760K)->37435K(37760K) NonClass: 33009K(33152K)->33009K(33152K) Class: 4425K(4608K)->4425K(4608K)
[2025-04-17T11:09:47.126+0000][1386.956s][info][gc             ] GC(913) Pause Young (Allocation Failure) 23M->14M(31M) 1.446ms
[2025-04-17T11:09:47.126+0000][1386.956s][info][gc,cpu         ] GC(913) User=0.00s Sys=0.00s Real=0.00s
[2025-04-17T11:09:48.418+0000][1388.248s][info][gc,start       ] GC(914) Pause Young (Allocation Failure)
[2025-04-17T11:09:48.420+0000][1388.250s][info][gc,heap        ] GC(914) DefNew: 9187K(10176K)->91K(10176K) Eden: 9088K(9088K)->0K(9088K) From: 99K(1088K)->91K(1088K)
[2025-04-17T11:09:48.420+0000][1388.250s][info][gc,heap        ] GC(914) Tenured: 14723K(22468K)->14723K(22468K)
[2025-04-17T11:09:48.420+0000][1388.250s][info][gc,metaspace   ] GC(914) Metaspace: 37435K(37760K)->37435K(37760K) NonClass: 33009K(33152K)->33009K(33152K) Class: 4425K(4608K)->4425K(4608K)
[2025-04-17T11:09:48.420+0000][1388.250s][info][gc             ] GC(914) Pause Young (Allocation Failure) 23M->14M(31M) 1.416ms
[2025-04-17T11:09:48.420+0000][1388.250s][info][gc,cpu         ] GC(914) User=0.00s Sys=0.00s Real=0.00s
[2025-04-17T11:09:50.106+0000][1389.936s][info][gc,start       ] GC(915) Pause Young (Allocation Failure)
[2025-04-17T11:09:50.107+0000][1389.938s][info][gc,heap        ] GC(915) DefNew: 9179K(10176K)->76K(10176K) Eden: 9088K(9088K)->0K(9088K) From: 91K(1088K)->76K(1088K)
[2025-04-17T11:09:50.107+0000][1389.938s][info][gc,heap        ] GC(915) Tenured: 14723K(22468K)->14723K(22468K)
[2025-04-17T11:09:50.107+0000][1389.938s][info][gc,metaspace   ] GC(915) Metaspace: 37435K(37760K)->37435K(37760K) NonClass: 33009K(33152K)->33009K(33152K) Class: 4425K(4608K)->4425K(4608K)
[2025-04-17T11:09:50.107+0000][1389.938s][info][gc             ] GC(915) Pause Young (Allocation Failure) 23M->14M(31M) 1.290ms
[2025-04-17T11:09:50.107+0000][1389.938s][info][gc,cpu         ] GC(915) User=0.00s Sys=0.00s Real=0.00s
[2025-04-17T11:09:51.546+0000][1391.376s][info][gc,start       ] GC(916) Pause Young (Allocation Failure)
[2025-04-17T11:09:51.547+0000][1391.378s][info][gc,heap        ] GC(916) DefNew: 9164K(10176K)->79K(10176K) Eden: 9088K(9088K)->0K(9088K) From: 76K(1088K)->79K(1088K)
[2025-04-17T11:09:51.548+0000][1391.378s][info][gc,heap        ] GC(916) Tenured: 14723K(22468K)->14725K(22468K)
[2025-04-17T11:09:51.548+0000][1391.378s][info][gc,metaspace   ] GC(916) Metaspace: 37435K(37760K)->37435K(37760K) NonClass: 33009K(33152K)->33009K(33152K) Class: 4425K(4608K)->4425K(4608K)
[2025-04-17T11:09:51.548+0000][1391.378s][info][gc             ] GC(916) Pause Young (Allocation Failure) 23M->14M(31M) 1.196ms
[2025-04-17T11:09:51.548+0000][1391.378s][info][gc,cpu         ] GC(916) User=0.00s Sys=0.00s Real=0.00s
[2025-04-17T11:09:53.117+0000][1392.947s][info][gc,start       ] GC(917) Pause Young (Allocation Failure)
[2025-04-17T11:09:53.118+0000][1392.949s][info][gc,heap        ] GC(917) DefNew: 9167K(10176K)->91K(10176K) Eden: 9088K(9088K)->0K(9088K) From: 79K(1088K)->91K(1088K)
[2025-04-17T11:09:53.118+0000][1392.949s][info][gc,heap        ] GC(917) Tenured: 14725K(22468K)->14725K(22468K)
[2025-04-17T11:09:53.118+0000][1392.949s][info][gc,metaspace   ] GC(917) Metaspace: 37435K(37760K)->37435K(37760K) NonClass: 33009K(33152K)->33009K(33152K) Class: 4425K(4608K)->4425K(4608K)
[2025-04-17T11:09:53.118+0000][1392.949s][info][gc             ] GC(917) Pause Young (Allocation Failure) 23M->14M(31M) 1.332ms
[2025-04-17T11:09:53.118+0000][1392.949s][info][gc,cpu         ] GC(917) User=0.00s Sys=0.00s Real=0.00s
[2025-04-17T11:09:54.700+0000][1394.531s][info][gc,start       ] GC(918) Pause Young (Allocation Failure)
[2025-04-17T11:09:54.702+0000][1394.532s][info][gc,heap        ] GC(918) DefNew: 9179K(10176K)->107K(10176K) Eden: 9088K(9088K)->0K(9088K) From: 91K(1088K)->107K(1088K)
[2025-04-17T11:09:54.702+0000][1394.532s][info][gc,heap        ] GC(918) Tenured: 14725K(22468K)->14726K(22468K)
[2025-04-17T11:09:54.702+0000][1394.532s][info][gc,metaspace   ] GC(918) Metaspace: 37435K(37760K)->37435K(37760K) NonClass: 33009K(33152K)->33009K(33152K) Class: 4425K(4608K)->4425K(4608K)
[2025-04-17T11:09:54.702+0000][1394.532s][info][gc             ] GC(918) Pause Young (Allocation Failure) 23M->14M(31M) 1.277ms
[2025-04-17T11:09:54.702+0000][1394.532s][info][gc,cpu         ] GC(918) User=0.00s Sys=0.00s Real=0.00s
[2025-04-17T11:09:56.207+0000][1396.038s][info][gc,start       ] GC(919) Pause Young (Allocation Failure)
[2025-04-17T11:09:56.209+0000][1396.039s][info][gc,heap        ] GC(919) DefNew: 9195K(10176K)->93K(10176K) Eden: 9088K(9088K)->0K(9088K) From: 107K(1088K)->93K(1088K)
[2025-04-17T11:09:56.209+0000][1396.039s][info][gc,heap        ] GC(919) Tenured: 14726K(22468K)->14727K(22468K)
[2025-04-17T11:09:56.209+0000][1396.039s][info][gc,metaspace   ] GC(919) Metaspace: 37435K(37760K)->37435K(37760K) NonClass: 33009K(33152K)->33009K(33152K) Class: 4425K(4608K)->4425K(4608K)
[2025-04-17T11:09:56.209+0000][1396.039s][info][gc             ] GC(919) Pause Young (Allocation Failure) 23M->14M(31M) 1.233ms
[2025-04-17T11:09:56.209+0000][1396.039s][info][gc,cpu         ] GC(919) User=0.00s Sys=0.00s Real=0.00s
[2025-04-17T11:09:57.647+0000][1397.478s][info][gc,start       ] GC(920) Pause Young (Allocation Failure)
[2025-04-17T11:09:57.649+0000][1397.479s][info][gc,heap        ] GC(920) DefNew: 9181K(10176K)->74K(10176K) Eden: 9088K(9088K)->0K(9088K) From: 93K(1088K)->74K(1088K)
[2025-04-17T11:09:57.649+0000][1397.479s][info][gc,heap        ] GC(920) Tenured: 14727K(22468K)->14728K(22468K)
[2025-04-17T11:09:57.649+0000][1397.479s][info][gc,metaspace   ] GC(920) Metaspace: 37435K(37760K)->37435K(37760K) NonClass: 33009K(33152K)->33009K(33152K) Class: 4425K(4608K)->4425K(4608K)
[2025-04-17T11:09:57.649+0000][1397.479s][info][gc             ] GC(920) Pause Young (Allocation Failure) 23M->14M(31M) 1.276ms
[2025-04-17T11:09:57.649+0000][1397.479s][info][gc,cpu         ] GC(920) User=0.00s Sys=0.00s Real=0.00s
[2025-04-17T11:09:59.251+0000][1399.081s][info][gc,start       ] GC(921) Pause Young (Allocation Failure)
[2025-04-17T11:09:59.253+0000][1399.083s][info][gc,heap        ] GC(921) DefNew: 9162K(10176K)->93K(10176K) Eden: 9088K(9088K)->0K(9088K) From: 74K(1088K)->93K(1088K)
[2025-04-17T11:09:59.253+0000][1399.083s][info][gc,heap        ] GC(921) Tenured: 14728K(22468K)->14728K(22468K)
[2025-04-17T11:09:59.253+0000][1399.083s][info][gc,metaspace   ] GC(921) Metaspace: 37435K(37760K)->37435K(37760K) NonClass: 33009K(33152K)->33009K(33152K) Class: 4425K(4608K)->4425K(4608K)
[2025-04-17T11:09:59.253+0000][1399.083s][info][gc             ] GC(921) Pause Young (Allocation Failure) 23M->14M(31M) 1.325ms
[2025-04-17T11:09:59.253+0000][1399.083s][info][gc,cpu         ] GC(921) User=0.00s Sys=0.00s Real=0.00s
[2025-04-17T11:10:00.825+0000][1400.655s][info][gc,start       ] GC(922) Pause Young (Allocation Failure)
[2025-04-17T11:10:00.826+0000][1400.656s][info][gc,heap        ] GC(922) DefNew: 9181K(10176K)->75K(10176K) Eden: 9088K(9088K)->0K(9088K) From: 93K(1088K)->75K(1088K)
[2025-04-17T11:10:00.826+0000][1400.657s][info][gc,heap        ] GC(922) Tenured: 14728K(22468K)->14728K(22468K)
[2025-04-17T11:10:00.826+0000][1400.657s][info][gc,metaspace   ] GC(922) Metaspace: 37435K(37760K)->37435K(37760K) NonClass: 33009K(33152K)->33009K(33152K) Class: 4425K(4608K)->4425K(4608K)
[2025-04-17T11:10:00.826+0000][1400.657s][info][gc             ] GC(922) Pause Young (Allocation Failure) 23M->14M(31M) 1.213ms
[2025-04-17T11:10:00.826+0000][1400.657s][info][gc,cpu         ] GC(922) User=0.00s Sys=0.00s Real=0.00s
[2025-04-17T11:10:02.278+0000][1402.108s][info][gc,start       ] GC(923) Pause Young (Allocation Failure)
[2025-04-17T11:10:02.279+0000][1402.109s][info][gc,heap        ] GC(923) DefNew: 9163K(10176K)->90K(10176K) Eden: 9088K(9088K)->0K(9088K) From: 75K(1088K)->90K(1088K)
[2025-04-17T11:10:02.279+0000][1402.109s][info][gc,heap        ] GC(923) Tenured: 14728K(22468K)->14728K(22468K)
[2025-04-17T11:10:02.279+0000][1402.109s][info][gc,metaspace   ] GC(923) Metaspace: 37435K(37760K)->37435K(37760K) NonClass: 33009K(33152K)->33009K(33152K) Class: 4425K(4608K)->4425K(4608K)
[2025-04-17T11:10:02.279+0000][1402.109s][info][gc             ] GC(923) Pause Young (Allocation Failure) 23M->14M(31M) 1.168ms
[2025-04-17T11:10:02.279+0000][1402.109s][info][gc,cpu         ] GC(923) User=0.00s Sys=0.00s Real=0.00s
[2025-04-17T11:10:03.881+0000][1403.712s][info][gc,start       ] GC(924) Pause Young (Allocation Failure)
[2025-04-17T11:10:03.882+0000][1403.713s][info][gc,heap        ] GC(924) DefNew: 9178K(10176K)->79K(10176K) Eden: 9088K(9088K)->0K(9088K) From: 90K(1088K)->79K(1088K)
[2025-04-17T11:10:03.883+0000][1403.713s][info][gc,heap        ] GC(924) Tenured: 14728K(22468K)->14728K(22468K)
[2025-04-17T11:10:03.883+0000][1403.713s][info][gc,metaspace   ] GC(924) Metaspace: 37435K(37760K)->37435K(37760K) NonClass: 33009K(33152K)->33009K(33152K) Class: 4425K(4608K)->4425K(4608K)
[2025-04-17T11:10:03.883+0000][1403.713s][info][gc             ] GC(924) Pause Young (Allocation Failure) 23M->14M(31M) 1.176ms
[2025-04-17T11:10:03.883+0000][1403.713s][info][gc,cpu         ] GC(924) User=0.01s Sys=0.00s Real=0.00s
[2025-04-17T11:10:05.236+0000][1405.067s][info][gc,start       ] GC(925) Pause Young (Allocation Failure)
[2025-04-17T11:10:05.238+0000][1405.068s][info][gc,heap        ] GC(925) DefNew: 9167K(10176K)->77K(10176K) Eden: 9088K(9088K)->0K(9088K) From: 79K(1088K)->77K(1088K)
[2025-04-17T11:10:05.238+0000][1405.068s][info][gc,heap        ] GC(925) Tenured: 14728K(22468K)->14728K(22468K)
[2025-04-17T11:10:05.238+0000][1405.068s][info][gc,metaspace   ] GC(925) Metaspace: 37435K(37760K)->37435K(37760K) NonClass: 33009K(33152K)->33009K(33152K) Class: 4425K(4608K)->4425K(4608K)
[2025-04-17T11:10:05.238+0000][1405.068s][info][gc             ] GC(925) Pause Young (Allocation Failure) 23M->14M(31M) 1.304ms
[2025-04-17T11:10:05.238+0000][1405.068s][info][gc,cpu         ] GC(925) User=0.00s Sys=0.00s Real=0.00s
[2025-04-17T11:10:07.049+0000][1406.879s][info][gc,start       ] GC(926) Pause Young (Allocation Failure)
[2025-04-17T11:10:07.050+0000][1406.880s][info][gc,heap        ] GC(926) DefNew: 9165K(10176K)->74K(10176K) Eden: 9088K(9088K)->0K(9088K) From: 77K(1088K)->74K(1088K)
[2025-04-17T11:10:07.050+0000][1406.880s][info][gc,heap        ] GC(926) Tenured: 14728K(22468K)->14730K(22468K)
[2025-04-17T11:10:07.050+0000][1406.880s][info][gc,metaspace   ] GC(926) Metaspace: 37435K(37760K)->37435K(37760K) NonClass: 33009K(33152K)->33009K(33152K) Class: 4425K(4608K)->4425K(4608K)
[2025-04-17T11:10:07.050+0000][1406.880s][info][gc             ] GC(926) Pause Young (Allocation Failure) 23M->14M(31M) 1.333ms
[2025-04-17T11:10:07.050+0000][1406.880s][info][gc,cpu         ] GC(926) User=0.00s Sys=0.00s Real=0.00s
[2025-04-17T11:10:08.716+0000][1408.546s][info][gc,start       ] GC(927) Pause Young (Allocation Failure)
[2025-04-17T11:10:08.717+0000][1408.547s][info][gc,heap        ] GC(927) DefNew: 9162K(10176K)->76K(10176K) Eden: 9088K(9088K)->0K(9088K) From: 74K(1088K)->76K(1088K)
[2025-04-17T11:10:08.717+0000][1408.547s][info][gc,heap        ] GC(927) Tenured: 14730K(22468K)->14731K(22468K)
[2025-04-17T11:10:08.717+0000][1408.547s][info][gc,metaspace   ] GC(927) Metaspace: 37435K(37760K)->37435K(37760K) NonClass: 33009K(33152K)->33009K(33152K) Class: 4425K(4608K)->4425K(4608K)
[2025-04-17T11:10:08.717+0000][1408.547s][info][gc             ] GC(927) Pause Young (Allocation Failure) 23M->14M(31M) 1.324ms
[2025-04-17T11:10:08.717+0000][1408.547s][info][gc,cpu         ] GC(927) User=0.00s Sys=0.00s Real=0.00s
[2025-04-17T11:10:10.303+0000][1410.134s][info][gc,start       ] GC(928) Pause Young (Allocation Failure)
[2025-04-17T11:10:10.305+0000][1410.135s][info][gc,heap        ] GC(928) DefNew: 9164K(10176K)->89K(10176K) Eden: 9088K(9088K)->0K(9088K) From: 76K(1088K)->89K(1088K)
[2025-04-17T11:10:10.305+0000][1410.135s][info][gc,heap        ] GC(928) Tenured: 14731K(22468K)->14731K(22468K)
[2025-04-17T11:10:10.305+0000][1410.135s][info][gc,metaspace   ] GC(928) Metaspace: 37435K(37760K)->37435K(37760K) NonClass: 33009K(33152K)->33009K(33152K) Class: 4425K(4608K)->4425K(4608K)
[2025-04-17T11:10:10.305+0000][1410.135s][info][gc             ] GC(928) Pause Young (Allocation Failure) 23M->14M(31M) 1.295ms
[2025-04-17T11:10:10.305+0000][1410.135s][info][gc,cpu         ] GC(928) User=0.00s Sys=0.00s Real=0.01s
[2025-04-17T11:10:11.788+0000][1411.618s][info][gc,start       ] GC(929) Pause Young (Allocation Failure)
[2025-04-17T11:10:11.790+0000][1411.620s][info][gc,heap        ] GC(929) DefNew: 9177K(10176K)->85K(10176K) Eden: 9088K(9088K)->0K(9088K) From: 89K(1088K)->85K(1088K)
[2025-04-17T11:10:11.790+0000][1411.620s][info][gc,heap        ] GC(929) Tenured: 14731K(22468K)->14731K(22468K)
[2025-04-17T11:10:11.790+0000][1411.620s][info][gc,metaspace   ] GC(929) Metaspace: 37435K(37760K)->37435K(37760K) NonClass: 33009K(33152K)->33009K(33152K) Class: 4425K(4608K)->4425K(4608K)
[2025-04-17T11:10:11.790+0000][1411.620s][info][gc             ] GC(929) Pause Young (Allocation Failure) 23M->14M(31M) 1.248ms
[2025-04-17T11:10:11.790+0000][1411.620s][info][gc,cpu         ] GC(929) User=0.01s Sys=0.00s Real=0.00s
[2025-04-17T11:10:13.316+0000][1413.147s][info][gc,start       ] GC(930) Pause Young (Allocation Failure)
[2025-04-17T11:10:13.317+0000][1413.148s][info][gc,heap        ] GC(930) DefNew: 9173K(10176K)->75K(10176K) Eden: 9088K(9088K)->0K(9088K) From: 85K(1088K)->75K(1088K)
[2025-04-17T11:10:13.318+0000][1413.148s][info][gc,heap        ] GC(930) Tenured: 14731K(22468K)->14731K(22468K)
[2025-04-17T11:10:13.318+0000][1413.148s][info][gc,metaspace   ] GC(930) Metaspace: 37435K(37760K)->37435K(37760K) NonClass: 33009K(33152K)->33009K(33152K) Class: 4425K(4608K)->4425K(4608K)
[2025-04-17T11:10:13.318+0000][1413.148s][info][gc             ] GC(930) Pause Young (Allocation Failure) 23M->14M(31M) 1.163ms
[2025-04-17T11:10:13.318+0000][1413.148s][info][gc,cpu         ] GC(930) User=0.00s Sys=0.00s Real=0.00s
[2025-04-17T11:10:15.006+0000][1414.837s][info][gc,start       ] GC(931) Pause Young (Allocation Failure)
[2025-04-17T11:10:15.008+0000][1414.838s][info][gc,heap        ] GC(931) DefNew: 9163K(10176K)->76K(10176K) Eden: 9088K(9088K)->0K(9088K) From: 75K(1088K)->76K(1088K)
[2025-04-17T11:10:15.008+0000][1414.838s][info][gc,heap        ] GC(931) Tenured: 14731K(22468K)->14731K(22468K)
[2025-04-17T11:10:15.008+0000][1414.838s][info][gc,metaspace   ] GC(931) Metaspace: 37435K(37760K)->37435K(37760K) NonClass: 33009K(33152K)->33009K(33152K) Class: 4425K(4608K)->4425K(4608K)
[2025-04-17T11:10:15.008+0000][1414.838s][info][gc             ] GC(931) Pause Young (Allocation Failure) 23M->14M(31M) 1.353ms
[2025-04-17T11:10:15.008+0000][1414.838s][info][gc,cpu         ] GC(931) User=0.00s Sys=0.00s Real=0.00s
[2025-04-17T11:10:16.360+0000][1416.191s][info][gc,start       ] GC(932) Pause Young (Allocation Failure)
[2025-04-17T11:10:16.362+0000][1416.192s][info][gc,heap        ] GC(932) DefNew: 9164K(10176K)->78K(10176K) Eden: 9088K(9088K)->0K(9088K) From: 76K(1088K)->78K(1088K)
[2025-04-17T11:10:16.362+0000][1416.192s][info][gc,heap        ] GC(932) Tenured: 14731K(22468K)->14731K(22468K)
[2025-04-17T11:10:16.362+0000][1416.192s][info][gc,metaspace   ] GC(932) Metaspace: 37435K(37760K)->37435K(37760K) NonClass: 33009K(33152K)->33009K(33152K) Class: 4425K(4608K)->4425K(4608K)
[2025-04-17T11:10:16.362+0000][1416.192s][info][gc             ] GC(932) Pause Young (Allocation Failure) 23M->14M(31M) 1.260ms
[2025-04-17T11:10:16.362+0000][1416.192s][info][gc,cpu         ] GC(932) User=0.00s Sys=0.00s Real=0.00s
[2025-04-17T11:10:18.003+0000][1417.834s][info][gc,start       ] GC(933) Pause Young (Allocation Failure)
[2025-04-17T11:10:18.005+0000][1417.835s][info][gc,heap        ] GC(933) DefNew: 9166K(10176K)->75K(10176K) Eden: 9088K(9088K)->0K(9088K) From: 78K(1088K)->75K(1088K)
[2025-04-17T11:10:18.005+0000][1417.835s][info][gc,heap        ] GC(933) Tenured: 14731K(22468K)->14731K(22468K)
[2025-04-17T11:10:18.005+0000][1417.835s][info][gc,metaspace   ] GC(933) Metaspace: 37435K(37760K)->37435K(37760K) NonClass: 33009K(33152K)->33009K(33152K) Class: 4425K(4608K)->4425K(4608K)
[2025-04-17T11:10:18.005+0000][1417.835s][info][gc             ] GC(933) Pause Young (Allocation Failure) 23M->14M(31M) 1.301ms
[2025-04-17T11:10:18.005+0000][1417.835s][info][gc,cpu         ] GC(933) User=0.00s Sys=0.00s Real=0.01s
[2025-04-17T11:10:19.497+0000][1419.328s][info][gc,start       ] GC(934) Pause Young (Allocation Failure)
[2025-04-17T11:10:19.499+0000][1419.329s][info][gc,heap        ] GC(934) DefNew: 9163K(10176K)->75K(10176K) Eden: 9087K(9088K)->0K(9088K) From: 75K(1088K)->75K(1088K)
[2025-04-17T11:10:19.499+0000][1419.329s][info][gc,heap        ] GC(934) Tenured: 14731K(22468K)->14731K(22468K)
[2025-04-17T11:10:19.499+0000][1419.329s][info][gc,metaspace   ] GC(934) Metaspace: 37435K(37760K)->37435K(37760K) NonClass: 33009K(33152K)->33009K(33152K) Class: 4425K(4608K)->4425K(4608K)
[2025-04-17T11:10:19.499+0000][1419.329s][info][gc             ] GC(934) Pause Young (Allocation Failure) 23M->14M(31M) 1.290ms
[2025-04-17T11:10:19.499+0000][1419.329s][info][gc,cpu         ] GC(934) User=0.00s Sys=0.00s Real=0.00s
[2025-04-17T11:10:21.168+0000][1420.999s][info][gc,start       ] GC(935) Pause Young (Allocation Failure)
[2025-04-17T11:10:21.170+0000][1421.000s][info][gc,heap        ] GC(935) DefNew: 9163K(10176K)->88K(10176K) Eden: 9088K(9088K)->0K(9088K) From: 75K(1088K)->88K(1088K)
[2025-04-17T11:10:21.170+0000][1421.000s][info][gc,heap        ] GC(935) Tenured: 14731K(22468K)->14731K(22468K)
[2025-04-17T11:10:21.170+0000][1421.000s][info][gc,metaspace   ] GC(935) Metaspace: 37435K(37760K)->37435K(37760K) NonClass: 33009K(33152K)->33009K(33152K) Class: 4425K(4608K)->4425K(4608K)
[2025-04-17T11:10:21.170+0000][1421.000s][info][gc             ] GC(935) Pause Young (Allocation Failure) 23M->14M(31M) 1.188ms
[2025-04-17T11:10:21.170+0000][1421.000s][info][gc,cpu         ] GC(935) User=0.00s Sys=0.00s Real=0.00s
[2025-04-17T11:10:22.618+0000][1422.448s][info][gc,start       ] GC(936) Pause Young (Allocation Failure)
[2025-04-17T11:10:22.619+0000][1422.449s][info][gc,heap        ] GC(936) DefNew: 9176K(10176K)->88K(10176K) Eden: 9087K(9088K)->0K(9088K) From: 88K(1088K)->88K(1088K)
[2025-04-17T11:10:22.619+0000][1422.449s][info][gc,heap        ] GC(936) Tenured: 14731K(22468K)->14731K(22468K)
[2025-04-17T11:10:22.619+0000][1422.449s][info][gc,metaspace   ] GC(936) Metaspace: 37435K(37760K)->37435K(37760K) NonClass: 33009K(33152K)->33009K(33152K) Class: 4425K(4608K)->4425K(4608K)
[2025-04-17T11:10:22.619+0000][1422.449s][info][gc             ] GC(936) Pause Young (Allocation Failure) 23M->14M(31M) 1.390ms
[2025-04-17T11:10:22.619+0000][1422.449s][info][gc,cpu         ] GC(936) User=0.00s Sys=0.00s Real=0.00s
[2025-04-17T11:10:24.317+0000][1424.147s][info][gc,start       ] GC(937) Pause Young (Allocation Failure)
[2025-04-17T11:10:24.318+0000][1424.148s][info][gc,heap        ] GC(937) DefNew: 9176K(10176K)->73K(10176K) Eden: 9088K(9088K)->0K(9088K) From: 88K(1088K)->73K(1088K)
[2025-04-17T11:10:24.318+0000][1424.148s][info][gc,heap        ] GC(937) Tenured: 14731K(22468K)->14731K(22468K)
[2025-04-17T11:10:24.318+0000][1424.148s][info][gc,metaspace   ] GC(937) Metaspace: 37435K(37760K)->37435K(37760K) NonClass: 33009K(33152K)->33009K(33152K) Class: 4425K(4608K)->4425K(4608K)
[2025-04-17T11:10:24.318+0000][1424.148s][info][gc             ] GC(937) Pause Young (Allocation Failure) 23M->14M(31M) 1.233ms
[2025-04-17T11:10:24.318+0000][1424.148s][info][gc,cpu         ] GC(937) User=0.01s Sys=0.00s Real=0.00s
[2025-04-17T11:10:25.790+0000][1425.621s][info][gc,start       ] GC(938) Pause Young (Allocation Failure)
[2025-04-17T11:10:25.792+0000][1425.622s][info][gc,heap        ] GC(938) DefNew: 9161K(10176K)->72K(10176K) Eden: 9088K(9088K)->0K(9088K) From: 73K(1088K)->72K(1088K)
[2025-04-17T11:10:25.792+0000][1425.622s][info][gc,heap        ] GC(938) Tenured: 14731K(22468K)->14731K(22468K)
[2025-04-17T11:10:25.792+0000][1425.622s][info][gc,metaspace   ] GC(938) Metaspace: 37435K(37760K)->37435K(37760K) NonClass: 33009K(33152K)->33009K(33152K) Class: 4425K(4608K)->4425K(4608K)
[2025-04-17T11:10:25.792+0000][1425.622s][info][gc             ] GC(938) Pause Young (Allocation Failure) 23M->14M(31M) 1.231ms
[2025-04-17T11:10:25.792+0000][1425.622s][info][gc,cpu         ] GC(938) User=0.00s Sys=0.00s Real=0.00s
[2025-04-17T11:10:27.323+0000][1427.153s][info][gc,start       ] GC(939) Pause Young (Allocation Failure)
[2025-04-17T11:10:27.325+0000][1427.155s][info][gc,heap        ] GC(939) DefNew: 9160K(10176K)->68K(10176K) Eden: 9088K(9088K)->0K(9088K) From: 72K(1088K)->68K(1088K)
[2025-04-17T11:10:27.325+0000][1427.155s][info][gc,heap        ] GC(939) Tenured: 14731K(22468K)->14731K(22468K)
[2025-04-17T11:10:27.325+0000][1427.155s][info][gc,metaspace   ] GC(939) Metaspace: 37435K(37760K)->37435K(37760K) NonClass: 33009K(33152K)->33009K(33152K) Class: 4425K(4608K)->4425K(4608K)
[2025-04-17T11:10:27.325+0000][1427.155s][info][gc             ] GC(939) Pause Young (Allocation Failure) 23M->14M(31M) 1.346ms
[2025-04-17T11:10:27.325+0000][1427.155s][info][gc,cpu         ] GC(939) User=0.00s Sys=0.00s Real=0.01s
[2025-04-17T11:10:28.881+0000][1428.711s][info][gc,start       ] GC(940) Pause Young (Allocation Failure)
[2025-04-17T11:10:28.882+0000][1428.713s][info][gc,heap        ] GC(940) DefNew: 9156K(10176K)->79K(10176K) Eden: 9088K(9088K)->0K(9088K) From: 68K(1088K)->79K(1088K)
[2025-04-17T11:10:28.882+0000][1428.713s][info][gc,heap        ] GC(940) Tenured: 14731K(22468K)->14731K(22468K)
[2025-04-17T11:10:28.882+0000][1428.713s][info][gc,metaspace   ] GC(940) Metaspace: 37435K(37760K)->37435K(37760K) NonClass: 33009K(33152K)->33009K(33152K) Class: 4425K(4608K)->4425K(4608K)
[2025-04-17T11:10:28.882+0000][1428.713s][info][gc             ] GC(940) Pause Young (Allocation Failure) 23M->14M(31M) 1.281ms
[2025-04-17T11:10:28.882+0000][1428.713s][info][gc,cpu         ] GC(940) User=0.00s Sys=0.00s Real=0.00s
[2025-04-17T11:10:30.309+0000][1430.139s][info][gc,start       ] GC(941) Pause Young (Allocation Failure)
[2025-04-17T11:10:30.310+0000][1430.140s][info][gc,heap        ] GC(941) DefNew: 9167K(10176K)->75K(10176K) Eden: 9088K(9088K)->0K(9088K) From: 79K(1088K)->75K(1088K)
[2025-04-17T11:10:30.310+0000][1430.140s][info][gc,heap        ] GC(941) Tenured: 14731K(22468K)->14731K(22468K)
[2025-04-17T11:10:30.310+0000][1430.140s][info][gc,metaspace   ] GC(941) Metaspace: 37435K(37760K)->37435K(37760K) NonClass: 33009K(33152K)->33009K(33152K) Class: 4425K(4608K)->4425K(4608K)
[2025-04-17T11:10:30.310+0000][1430.140s][info][gc             ] GC(941) Pause Young (Allocation Failure) 23M->14M(31M) 1.230ms
[2025-04-17T11:10:30.310+0000][1430.140s][info][gc,cpu         ] GC(941) User=0.00s Sys=0.00s Real=0.00s
[2025-04-17T11:10:32.033+0000][1431.863s][info][gc,start       ] GC(942) Pause Young (Allocation Failure)
[2025-04-17T11:10:32.034+0000][1431.864s][info][gc,heap        ] GC(942) DefNew: 9163K(10176K)->73K(10176K) Eden: 9088K(9088K)->0K(9088K) From: 75K(1088K)->73K(1088K)
[2025-04-17T11:10:32.034+0000][1431.864s][info][gc,heap        ] GC(942) Tenured: 14731K(22468K)->14731K(22468K)
[2025-04-17T11:10:32.034+0000][1431.864s][info][gc,metaspace   ] GC(942) Metaspace: 37435K(37760K)->37435K(37760K) NonClass: 33009K(33152K)->33009K(33152K) Class: 4425K(4608K)->4425K(4608K)
[2025-04-17T11:10:32.034+0000][1431.864s][info][gc             ] GC(942) Pause Young (Allocation Failure) 23M->14M(31M) 1.288ms
[2025-04-17T11:10:32.034+0000][1431.864s][info][gc,cpu         ] GC(942) User=0.00s Sys=0.00s Real=0.00s
[2025-04-17T11:10:33.667+0000][1433.497s][info][gc,start       ] GC(943) Pause Young (Allocation Failure)
[2025-04-17T11:10:33.668+0000][1433.498s][info][gc,heap        ] GC(943) DefNew: 9161K(10176K)->90K(10176K) Eden: 9088K(9088K)->0K(9088K) From: 73K(1088K)->90K(1088K)
[2025-04-17T11:10:33.668+0000][1433.498s][info][gc,heap        ] GC(943) Tenured: 14731K(22468K)->14731K(22468K)
[2025-04-17T11:10:33.668+0000][1433.498s][info][gc,metaspace   ] GC(943) Metaspace: 37435K(37760K)->37435K(37760K) NonClass: 33009K(33152K)->33009K(33152K) Class: 4425K(4608K)->4425K(4608K)
[2025-04-17T11:10:33.668+0000][1433.498s][info][gc             ] GC(943) Pause Young (Allocation Failure) 23M->14M(31M) 1.281ms
[2025-04-17T11:10:33.668+0000][1433.498s][info][gc,cpu         ] GC(943) User=0.00s Sys=0.00s Real=0.00s
[2025-04-17T11:10:35.210+0000][1435.040s][info][gc,start       ] GC(944) Pause Young (Allocation Failure)
[2025-04-17T11:10:35.211+0000][1435.041s][info][gc,heap        ] GC(944) DefNew: 9178K(10176K)->85K(10176K) Eden: 9088K(9088K)->0K(9088K) From: 90K(1088K)->85K(1088K)
[2025-04-17T11:10:35.211+0000][1435.041s][info][gc,heap        ] GC(944) Tenured: 14731K(22468K)->14731K(22468K)
[2025-04-17T11:10:35.211+0000][1435.041s][info][gc,metaspace   ] GC(944) Metaspace: 37435K(37760K)->37435K(37760K) NonClass: 33009K(33152K)->33009K(33152K) Class: 4425K(4608K)->4425K(4608K)
[2025-04-17T11:10:35.211+0000][1435.041s][info][gc             ] GC(944) Pause Young (Allocation Failure) 23M->14M(31M) 1.319ms
[2025-04-17T11:10:35.211+0000][1435.041s][info][gc,cpu         ] GC(944) User=0.00s Sys=0.00s Real=0.00s
[2025-04-17T11:10:36.945+0000][1436.775s][info][gc,start       ] GC(945) Pause Young (Allocation Failure)
[2025-04-17T11:10:36.946+0000][1436.776s][info][gc,heap        ] GC(945) DefNew: 9173K(10176K)->75K(10176K) Eden: 9088K(9088K)->0K(9088K) From: 85K(1088K)->75K(1088K)
[2025-04-17T11:10:36.946+0000][1436.776s][info][gc,heap        ] GC(945) Tenured: 14731K(22468K)->14731K(22468K)
[2025-04-17T11:10:36.946+0000][1436.776s][info][gc,metaspace   ] GC(945) Metaspace: 37435K(37760K)->37435K(37760K) NonClass: 33009K(33152K)->33009K(33152K) Class: 4425K(4608K)->4425K(4608K)
[2025-04-17T11:10:36.946+0000][1436.776s][info][gc             ] GC(945) Pause Young (Allocation Failure) 23M->14M(31M) 1.311ms
[2025-04-17T11:10:36.946+0000][1436.776s][info][gc,cpu         ] GC(945) User=0.00s Sys=0.00s Real=0.00s
[2025-04-17T11:10:38.408+0000][1438.239s][info][gc,start       ] GC(946) Pause Young (Allocation Failure)
[2025-04-17T11:10:38.410+0000][1438.240s][info][gc,heap        ] GC(946) DefNew: 9163K(10176K)->70K(10176K) Eden: 9088K(9088K)->0K(9088K) From: 75K(1088K)->70K(1088K)
[2025-04-17T11:10:38.410+0000][1438.240s][info][gc,heap        ] GC(946) Tenured: 14731K(22468K)->14731K(22468K)
[2025-04-17T11:10:38.410+0000][1438.240s][info][gc,metaspace   ] GC(946) Metaspace: 37435K(37760K)->37435K(37760K) NonClass: 33009K(33152K)->33009K(33152K) Class: 4425K(4608K)->4425K(4608K)
[2025-04-17T11:10:38.410+0000][1438.240s][info][gc             ] GC(946) Pause Young (Allocation Failure) 23M->14M(31M) 1.295ms
[2025-04-17T11:10:38.410+0000][1438.240s][info][gc,cpu         ] GC(946) User=0.00s Sys=0.00s Real=0.00s
[2025-04-17T11:10:39.796+0000][1439.626s][info][gc,start       ] GC(947) Pause Young (Allocation Failure)
[2025-04-17T11:10:39.797+0000][1439.627s][info][gc,heap        ] GC(947) DefNew: 9158K(10176K)->67K(10176K) Eden: 9088K(9088K)->0K(9088K) From: 70K(1088K)->67K(1088K)
[2025-04-17T11:10:39.797+0000][1439.627s][info][gc,heap        ] GC(947) Tenured: 14731K(22468K)->14731K(22468K)
[2025-04-17T11:10:39.797+0000][1439.627s][info][gc,metaspace   ] GC(947) Metaspace: 37435K(37760K)->37435K(37760K) NonClass: 33009K(33152K)->33009K(33152K) Class: 4425K(4608K)->4425K(4608K)
[2025-04-17T11:10:39.797+0000][1439.627s][info][gc             ] GC(947) Pause Young (Allocation Failure) 23M->14M(31M) 1.296ms
[2025-04-17T11:10:39.797+0000][1439.627s][info][gc,cpu         ] GC(947) User=0.00s Sys=0.00s Real=0.00s
[2025-04-17T11:10:41.358+0000][1441.188s][info][gc,start       ] GC(948) Pause Young (Allocation Failure)
[2025-04-17T11:10:41.359+0000][1441.189s][info][gc,heap        ] GC(948) DefNew: 9155K(10176K)->82K(10176K) Eden: 9088K(9088K)->0K(9088K) From: 67K(1088K)->82K(1088K)
[2025-04-17T11:10:41.359+0000][1441.189s][info][gc,heap        ] GC(948) Tenured: 14731K(22468K)->14731K(22468K)
[2025-04-17T11:10:41.359+0000][1441.189s][info][gc,metaspace   ] GC(948) Metaspace: 37435K(37760K)->37435K(37760K) NonClass: 33009K(33152K)->33009K(33152K) Class: 4425K(4608K)->4425K(4608K)
[2025-04-17T11:10:41.359+0000][1441.189s][info][gc             ] GC(948) Pause Young (Allocation Failure) 23M->14M(31M) 1.318ms
[2025-04-17T11:10:41.359+0000][1441.189s][info][gc,cpu         ] GC(948) User=0.00s Sys=0.00s Real=0.00s
[2025-04-17T11:10:42.856+0000][1442.686s][info][gc,start       ] GC(949) Pause Young (Allocation Failure)
[2025-04-17T11:10:42.857+0000][1442.687s][info][gc,heap        ] GC(949) DefNew: 9170K(10176K)->74K(10176K) Eden: 9088K(9088K)->0K(9088K) From: 82K(1088K)->74K(1088K)
[2025-04-17T11:10:42.857+0000][1442.688s][info][gc,heap        ] GC(949) Tenured: 14731K(22468K)->14731K(22468K)
[2025-04-17T11:10:42.857+0000][1442.688s][info][gc,metaspace   ] GC(949) Metaspace: 37435K(37760K)->37435K(37760K) NonClass: 33009K(33152K)->33009K(33152K) Class: 4425K(4608K)->4425K(4608K)
[2025-04-17T11:10:42.857+0000][1442.688s][info][gc             ] GC(949) Pause Young (Allocation Failure) 23M->14M(31M) 1.483ms
[2025-04-17T11:10:42.857+0000][1442.688s][info][gc,cpu         ] GC(949) User=0.00s Sys=0.00s Real=0.00s
[2025-04-17T11:10:44.448+0000][1444.278s][info][gc,start       ] GC(950) Pause Young (Allocation Failure)
[2025-04-17T11:10:44.449+0000][1444.279s][info][gc,heap        ] GC(950) DefNew: 9162K(10176K)->70K(10176K) Eden: 9088K(9088K)->0K(9088K) From: 74K(1088K)->70K(1088K)
[2025-04-17T11:10:44.449+0000][1444.279s][info][gc,heap        ] GC(950) Tenured: 14731K(22468K)->14731K(22468K)
[2025-04-17T11:10:44.449+0000][1444.279s][info][gc,metaspace   ] GC(950) Metaspace: 37435K(37760K)->37435K(37760K) NonClass: 33009K(33152K)->33009K(33152K) Class: 4425K(4608K)->4425K(4608K)
[2025-04-17T11:10:44.449+0000][1444.279s][info][gc             ] GC(950) Pause Young (Allocation Failure) 23M->14M(31M) 1.292ms
[2025-04-17T11:10:44.449+0000][1444.279s][info][gc,cpu         ] GC(950) User=0.01s Sys=0.00s Real=0.00s
[2025-04-17T11:10:46.108+0000][1445.938s][info][gc,start       ] GC(951) Pause Young (Allocation Failure)
[2025-04-17T11:10:46.109+0000][1445.939s][info][gc,heap        ] GC(951) DefNew: 9158K(10176K)->90K(10176K) Eden: 9088K(9088K)->0K(9088K) From: 70K(1088K)->90K(1088K)
[2025-04-17T11:10:46.109+0000][1445.940s][info][gc,heap        ] GC(951) Tenured: 14731K(22468K)->14731K(22468K)
[2025-04-17T11:10:46.109+0000][1445.940s][info][gc,metaspace   ] GC(951) Metaspace: 37435K(37760K)->37435K(37760K) NonClass: 33009K(33152K)->33009K(33152K) Class: 4425K(4608K)->4425K(4608K)
[2025-04-17T11:10:46.109+0000][1445.940s][info][gc             ] GC(951) Pause Young (Allocation Failure) 23M->14M(31M) 1.224ms
[2025-04-17T11:10:46.109+0000][1445.940s][info][gc,cpu         ] GC(951) User=0.00s Sys=0.00s Real=0.00s
[2025-04-17T11:10:47.871+0000][1447.701s][info][gc,start       ] GC(952) Pause Young (Allocation Failure)
[2025-04-17T11:10:47.872+0000][1447.703s][info][gc,heap        ] GC(952) DefNew: 9171K(10176K)->81K(10176K) Eden: 9081K(9088K)->0K(9088K) From: 90K(1088K)->81K(1088K)
[2025-04-17T11:10:47.872+0000][1447.703s][info][gc,heap        ] GC(952) Tenured: 14731K(22468K)->14731K(22468K)
[2025-04-17T11:10:47.872+0000][1447.703s][info][gc,metaspace   ] GC(952) Metaspace: 37435K(37760K)->37435K(37760K) NonClass: 33009K(33152K)->33009K(33152K) Class: 4425K(4608K)->4425K(4608K)
[2025-04-17T11:10:47.873+0000][1447.703s][info][gc             ] GC(952) Pause Young (Allocation Failure) 23M->14M(31M) 1.236ms
[2025-04-17T11:10:47.873+0000][1447.703s][info][gc,cpu         ] GC(952) User=0.00s Sys=0.00s Real=0.00s
[2025-04-17T11:10:49.283+0000][1449.113s][info][gc,start       ] GC(953) Pause Young (Allocation Failure)
[2025-04-17T11:10:49.284+0000][1449.114s][info][gc,heap        ] GC(953) DefNew: 9167K(10176K)->76K(10176K) Eden: 9086K(9088K)->0K(9088K) From: 81K(1088K)->76K(1088K)
[2025-04-17T11:10:49.284+0000][1449.114s][info][gc,heap        ] GC(953) Tenured: 14731K(22468K)->14731K(22468K)
[2025-04-17T11:10:49.284+0000][1449.114s][info][gc,metaspace   ] GC(953) Metaspace: 37435K(37760K)->37435K(37760K) NonClass: 33009K(33152K)->33009K(33152K) Class: 4425K(4608K)->4425K(4608K)
[2025-04-17T11:10:49.284+0000][1449.114s][info][gc             ] GC(953) Pause Young (Allocation Failure) 23M->14M(31M) 1.227ms
[2025-04-17T11:10:49.284+0000][1449.115s][info][gc,cpu         ] GC(953) User=0.01s Sys=0.00s Real=0.01s
[2025-04-17T11:10:50.967+0000][1450.797s][info][gc,start       ] GC(954) Pause Young (Allocation Failure)
[2025-04-17T11:10:50.968+0000][1450.798s][info][gc,heap        ] GC(954) DefNew: 9164K(10176K)->80K(10176K) Eden: 9088K(9088K)->0K(9088K) From: 76K(1088K)->80K(1088K)
[2025-04-17T11:10:50.968+0000][1450.798s][info][gc,heap        ] GC(954) Tenured: 14731K(22468K)->14731K(22468K)
[2025-04-17T11:10:50.968+0000][1450.798s][info][gc,metaspace   ] GC(954) Metaspace: 37435K(37760K)->37435K(37760K) NonClass: 33009K(33152K)->33009K(33152K) Class: 4425K(4608K)->4425K(4608K)
[2025-04-17T11:10:50.968+0000][1450.798s][info][gc             ] GC(954) Pause Young (Allocation Failure) 23M->14M(31M) 1.362ms
[2025-04-17T11:10:50.968+0000][1450.798s][info][gc,cpu         ] GC(954) User=0.00s Sys=0.00s Real=0.00s
[2025-04-17T11:10:52.636+0000][1452.466s][info][gc,start       ] GC(955) Pause Young (Allocation Failure)
[2025-04-17T11:10:52.638+0000][1452.468s][info][gc,heap        ] GC(955) DefNew: 9168K(10176K)->90K(10176K) Eden: 9088K(9088K)->0K(9088K) From: 80K(1088K)->90K(1088K)
[2025-04-17T11:10:52.638+0000][1452.468s][info][gc,heap        ] GC(955) Tenured: 14731K(22468K)->14731K(22468K)
[2025-04-17T11:10:52.638+0000][1452.468s][info][gc,metaspace   ] GC(955) Metaspace: 37435K(37760K)->37435K(37760K) NonClass: 33009K(33152K)->33009K(33152K) Class: 4425K(4608K)->4425K(4608K)
[2025-04-17T11:10:52.638+0000][1452.468s][info][gc             ] GC(955) Pause Young (Allocation Failure) 23M->14M(31M) 1.291ms
[2025-04-17T11:10:52.638+0000][1452.468s][info][gc,cpu         ] GC(955) User=0.00s Sys=0.00s Real=0.00s
[2025-04-17T11:10:54.120+0000][1453.950s][info][gc,start       ] GC(956) Pause Young (Allocation Failure)
[2025-04-17T11:10:54.121+0000][1453.951s][info][gc,heap        ] GC(956) DefNew: 9178K(10176K)->81K(10176K) Eden: 9088K(9088K)->0K(9088K) From: 90K(1088K)->81K(1088K)
[2025-04-17T11:10:54.121+0000][1453.951s][info][gc,heap        ] GC(956) Tenured: 14731K(22468K)->14731K(22468K)
[2025-04-17T11:10:54.121+0000][1453.951s][info][gc,metaspace   ] GC(956) Metaspace: 37435K(37760K)->37435K(37760K) NonClass: 33009K(33152K)->33009K(33152K) Class: 4425K(4608K)->4425K(4608K)
[2025-04-17T11:10:54.121+0000][1453.951s][info][gc             ] GC(956) Pause Young (Allocation Failure) 23M->14M(31M) 1.162ms
[2025-04-17T11:10:54.121+0000][1453.951s][info][gc,cpu         ] GC(956) User=0.00s Sys=0.00s Real=0.00s
[2025-04-17T11:10:55.721+0000][1455.551s][info][gc,start       ] GC(957) Pause Young (Allocation Failure)
[2025-04-17T11:10:55.722+0000][1455.552s][info][gc,heap        ] GC(957) DefNew: 9169K(10176K)->76K(10176K) Eden: 9088K(9088K)->0K(9088K) From: 81K(1088K)->76K(1088K)
[2025-04-17T11:10:55.722+0000][1455.552s][info][gc,heap        ] GC(957) Tenured: 14731K(22468K)->14731K(22468K)
[2025-04-17T11:10:55.722+0000][1455.552s][info][gc,metaspace   ] GC(957) Metaspace: 37435K(37760K)->37435K(37760K) NonClass: 33009K(33152K)->33009K(33152K) Class: 4425K(4608K)->4425K(4608K)
[2025-04-17T11:10:55.722+0000][1455.552s][info][gc             ] GC(957) Pause Young (Allocation Failure) 23M->14M(31M) 1.187ms
[2025-04-17T11:10:55.722+0000][1455.552s][info][gc,cpu         ] GC(957) User=0.00s Sys=0.00s Real=0.00s
[2025-04-17T11:10:57.366+0000][1457.196s][info][gc,start       ] GC(958) Pause Young (Allocation Failure)
[2025-04-17T11:10:57.367+0000][1457.197s][info][gc,heap        ] GC(958) DefNew: 9164K(10176K)->73K(10176K) Eden: 9087K(9088K)->0K(9088K) From: 76K(1088K)->73K(1088K)
[2025-04-17T11:10:57.367+0000][1457.197s][info][gc,heap        ] GC(958) Tenured: 14731K(22468K)->14731K(22468K)
[2025-04-17T11:10:57.367+0000][1457.197s][info][gc,metaspace   ] GC(958) Metaspace: 37435K(37760K)->37435K(37760K) NonClass: 33009K(33152K)->33009K(33152K) Class: 4425K(4608K)->4425K(4608K)
[2025-04-17T11:10:57.367+0000][1457.197s][info][gc             ] GC(958) Pause Young (Allocation Failure) 23M->14M(31M) 1.273ms
[2025-04-17T11:10:57.367+0000][1457.197s][info][gc,cpu         ] GC(958) User=0.00s Sys=0.00s Real=0.00s
[2025-04-17T11:10:58.926+0000][1458.756s][info][gc,start       ] GC(959) Pause Young (Allocation Failure)
[2025-04-17T11:10:58.927+0000][1458.757s][info][gc,heap        ] GC(959) DefNew: 9161K(10176K)->89K(10176K) Eden: 9088K(9088K)->0K(9088K) From: 73K(1088K)->89K(1088K)
[2025-04-17T11:10:58.927+0000][1458.757s][info][gc,heap        ] GC(959) Tenured: 14731K(22468K)->14731K(22468K)
[2025-04-17T11:10:58.927+0000][1458.757s][info][gc,metaspace   ] GC(959) Metaspace: 37435K(37760K)->37435K(37760K) NonClass: 33009K(33152K)->33009K(33152K) Class: 4425K(4608K)->4425K(4608K)
[2025-04-17T11:10:58.927+0000][1458.757s][info][gc             ] GC(959) Pause Young (Allocation Failure) 23M->14M(31M) 1.248ms
[2025-04-17T11:10:58.927+0000][1458.757s][info][gc,cpu         ] GC(959) User=0.00s Sys=0.00s Real=0.00s
[2025-04-17T11:11:00.550+0000][1460.380s][info][gc,start       ] GC(960) Pause Young (Allocation Failure)
[2025-04-17T11:11:00.551+0000][1460.381s][info][gc,heap        ] GC(960) DefNew: 9177K(10176K)->78K(10176K) Eden: 9088K(9088K)->0K(9088K) From: 89K(1088K)->78K(1088K)
[2025-04-17T11:11:00.551+0000][1460.381s][info][gc,heap        ] GC(960) Tenured: 14731K(22468K)->14731K(22468K)
[2025-04-17T11:11:00.551+0000][1460.381s][info][gc,metaspace   ] GC(960) Metaspace: 37435K(37760K)->37435K(37760K) NonClass: 33009K(33152K)->33009K(33152K) Class: 4425K(4608K)->4425K(4608K)
[2025-04-17T11:11:00.551+0000][1460.382s][info][gc             ] GC(960) Pause Young (Allocation Failure) 23M->14M(31M) 1.359ms
[2025-04-17T11:11:00.551+0000][1460.382s][info][gc,cpu         ] GC(960) User=0.00s Sys=0.00s Real=0.00s
[2025-04-17T11:11:02.225+0000][1462.056s][info][gc,start       ] GC(961) Pause Young (Allocation Failure)
[2025-04-17T11:11:02.227+0000][1462.057s][info][gc,heap        ] GC(961) DefNew: 9166K(10176K)->76K(10176K) Eden: 9088K(9088K)->0K(9088K) From: 78K(1088K)->76K(1088K)
[2025-04-17T11:11:02.227+0000][1462.057s][info][gc,heap        ] GC(961) Tenured: 14731K(22468K)->14731K(22468K)
[2025-04-17T11:11:02.227+0000][1462.057s][info][gc,metaspace   ] GC(961) Metaspace: 37435K(37760K)->37435K(37760K) NonClass: 33009K(33152K)->33009K(33152K) Class: 4425K(4608K)->4425K(4608K)
[2025-04-17T11:11:02.227+0000][1462.057s][info][gc             ] GC(961) Pause Young (Allocation Failure) 23M->14M(31M) 1.210ms
[2025-04-17T11:11:02.227+0000][1462.057s][info][gc,cpu         ] GC(961) User=0.00s Sys=0.00s Real=0.00s
[2025-04-17T11:11:03.954+0000][1463.785s][info][gc,start       ] GC(962) Pause Young (Allocation Failure)
[2025-04-17T11:11:03.956+0000][1463.786s][info][gc,heap        ] GC(962) DefNew: 9164K(10176K)->78K(10176K) Eden: 9088K(9088K)->0K(9088K) From: 76K(1088K)->78K(1088K)
[2025-04-17T11:11:03.956+0000][1463.786s][info][gc,heap        ] GC(962) Tenured: 14731K(22468K)->14731K(22468K)
[2025-04-17T11:11:03.956+0000][1463.786s][info][gc,metaspace   ] GC(962) Metaspace: 37435K(37760K)->37435K(37760K) NonClass: 33009K(33152K)->33009K(33152K) Class: 4425K(4608K)->4425K(4608K)
[2025-04-17T11:11:03.956+0000][1463.786s][info][gc             ] GC(962) Pause Young (Allocation Failure) 23M->14M(31M) 1.238ms
[2025-04-17T11:11:03.956+0000][1463.786s][info][gc,cpu         ] GC(962) User=0.00s Sys=0.00s Real=0.00s
[2025-04-17T11:11:05.304+0000][1465.134s][info][gc,start       ] GC(963) Pause Young (Allocation Failure)
[2025-04-17T11:11:05.305+0000][1465.135s][info][gc,heap        ] GC(963) DefNew: 9166K(10176K)->91K(10176K) Eden: 9088K(9088K)->0K(9088K) From: 78K(1088K)->91K(1088K)
[2025-04-17T11:11:05.305+0000][1465.135s][info][gc,heap        ] GC(963) Tenured: 14731K(22468K)->14731K(22468K)
[2025-04-17T11:11:05.305+0000][1465.135s][info][gc,metaspace   ] GC(963) Metaspace: 37435K(37760K)->37435K(37760K) NonClass: 33009K(33152K)->33009K(33152K) Class: 4425K(4608K)->4425K(4608K)
[2025-04-17T11:11:05.305+0000][1465.135s][info][gc             ] GC(963) Pause Young (Allocation Failure) 23M->14M(31M) 1.202ms
[2025-04-17T11:11:05.305+0000][1465.135s][info][gc,cpu         ] GC(963) User=0.00s Sys=0.00s Real=0.01s
[2025-04-17T11:11:06.934+0000][1466.764s][info][gc,start       ] GC(964) Pause Young (Allocation Failure)
[2025-04-17T11:11:06.935+0000][1466.765s][info][gc,heap        ] GC(964) DefNew: 9179K(10176K)->89K(10176K) Eden: 9088K(9088K)->0K(9088K) From: 91K(1088K)->89K(1088K)
[2025-04-17T11:11:06.935+0000][1466.765s][info][gc,heap        ] GC(964) Tenured: 14731K(22468K)->14731K(22468K)
[2025-04-17T11:11:06.935+0000][1466.765s][info][gc,metaspace   ] GC(964) Metaspace: 37435K(37760K)->37435K(37760K) NonClass: 33009K(33152K)->33009K(33152K) Class: 4425K(4608K)->4425K(4608K)
[2025-04-17T11:11:06.935+0000][1466.765s][info][gc             ] GC(964) Pause Young (Allocation Failure) 23M->14M(31M) 1.297ms
[2025-04-17T11:11:06.935+0000][1466.765s][info][gc,cpu         ] GC(964) User=0.00s Sys=0.00s Real=0.01s
[2025-04-17T11:11:08.369+0000][1468.199s][info][gc,start       ] GC(965) Pause Young (Allocation Failure)
[2025-04-17T11:11:08.370+0000][1468.200s][info][gc,heap        ] GC(965) DefNew: 9177K(10176K)->78K(10176K) Eden: 9088K(9088K)->0K(9088K) From: 89K(1088K)->78K(1088K)
[2025-04-17T11:11:08.370+0000][1468.200s][info][gc,heap        ] GC(965) Tenured: 14731K(22468K)->14731K(22468K)
[2025-04-17T11:11:08.370+0000][1468.200s][info][gc,metaspace   ] GC(965) Metaspace: 37435K(37760K)->37435K(37760K) NonClass: 33009K(33152K)->33009K(33152K) Class: 4425K(4608K)->4425K(4608K)
[2025-04-17T11:11:08.370+0000][1468.200s][info][gc             ] GC(965) Pause Young (Allocation Failure) 23M->14M(31M) 1.265ms
[2025-04-17T11:11:08.370+0000][1468.200s][info][gc,cpu         ] GC(965) User=0.00s Sys=0.00s Real=0.00s
[2025-04-17T11:11:09.768+0000][1469.598s][info][gc,start       ] GC(966) Pause Young (Allocation Failure)
[2025-04-17T11:11:09.769+0000][1469.599s][info][gc,heap        ] GC(966) DefNew: 9166K(10176K)->83K(10176K) Eden: 9088K(9088K)->0K(9088K) From: 78K(1088K)->83K(1088K)
[2025-04-17T11:11:09.769+0000][1469.599s][info][gc,heap        ] GC(966) Tenured: 14731K(22468K)->14731K(22468K)
[2025-04-17T11:11:09.769+0000][1469.599s][info][gc,metaspace   ] GC(966) Metaspace: 37435K(37760K)->37435K(37760K) NonClass: 33009K(33152K)->33009K(33152K) Class: 4425K(4608K)->4425K(4608K)
[2025-04-17T11:11:09.769+0000][1469.599s][info][gc             ] GC(966) Pause Young (Allocation Failure) 23M->14M(31M) 1.341ms
[2025-04-17T11:11:09.769+0000][1469.599s][info][gc,cpu         ] GC(966) User=0.00s Sys=0.00s Real=0.00s
[2025-04-17T11:11:11.759+0000][1471.589s][info][gc,start       ] GC(967) Pause Young (Allocation Failure)
[2025-04-17T11:11:11.760+0000][1471.590s][info][gc,heap        ] GC(967) DefNew: 9171K(10176K)->93K(10176K) Eden: 9087K(9088K)->0K(9088K) From: 83K(1088K)->93K(1088K)
[2025-04-17T11:11:11.760+0000][1471.590s][info][gc,heap        ] GC(967) Tenured: 14731K(22468K)->14732K(22468K)
[2025-04-17T11:11:11.760+0000][1471.590s][info][gc,metaspace   ] GC(967) Metaspace: 37435K(37760K)->37435K(37760K) NonClass: 33009K(33152K)->33009K(33152K) Class: 4425K(4608K)->4425K(4608K)
[2025-04-17T11:11:11.760+0000][1471.590s][info][gc             ] GC(967) Pause Young (Allocation Failure) 23M->14M(31M) 1.197ms
[2025-04-17T11:11:11.760+0000][1471.590s][info][gc,cpu         ] GC(967) User=0.00s Sys=0.00s Real=0.00s
[2025-04-17T11:11:13.312+0000][1473.143s][info][gc,start       ] GC(968) Pause Young (Allocation Failure)
[2025-04-17T11:11:13.314+0000][1473.144s][info][gc,heap        ] GC(968) DefNew: 9181K(10176K)->84K(10176K) Eden: 9088K(9088K)->0K(9088K) From: 93K(1088K)->84K(1088K)
[2025-04-17T11:11:13.314+0000][1473.144s][info][gc,heap        ] GC(968) Tenured: 14732K(22468K)->14732K(22468K)
[2025-04-17T11:11:13.314+0000][1473.144s][info][gc,metaspace   ] GC(968) Metaspace: 37435K(37760K)->37435K(37760K) NonClass: 33009K(33152K)->33009K(33152K) Class: 4425K(4608K)->4425K(4608K)
[2025-04-17T11:11:13.314+0000][1473.144s][info][gc             ] GC(968) Pause Young (Allocation Failure) 23M->14M(31M) 1.247ms
[2025-04-17T11:11:13.314+0000][1473.144s][info][gc,cpu         ] GC(968) User=0.00s Sys=0.00s Real=0.00s
[2025-04-17T11:11:14.765+0000][1474.595s][info][gc,start       ] GC(969) Pause Young (Allocation Failure)
[2025-04-17T11:11:14.766+0000][1474.596s][info][gc,heap        ] GC(969) DefNew: 9163K(10176K)->96K(10176K) Eden: 9078K(9088K)->0K(9088K) From: 84K(1088K)->96K(1088K)
[2025-04-17T11:11:14.766+0000][1474.596s][info][gc,heap        ] GC(969) Tenured: 14732K(22468K)->14732K(22468K)
[2025-04-17T11:11:14.766+0000][1474.596s][info][gc,metaspace   ] GC(969) Metaspace: 37435K(37760K)->37435K(37760K) NonClass: 33009K(33152K)->33009K(33152K) Class: 4425K(4608K)->4425K(4608K)
[2025-04-17T11:11:14.766+0000][1474.596s][info][gc             ] GC(969) Pause Young (Allocation Failure) 23M->14M(31M) 1.227ms
[2025-04-17T11:11:14.766+0000][1474.596s][info][gc,cpu         ] GC(969) User=0.00s Sys=0.00s Real=0.00s
[2025-04-17T11:11:16.446+0000][1476.277s][info][gc,start       ] GC(970) Pause Young (Allocation Failure)
[2025-04-17T11:11:16.448+0000][1476.278s][info][gc,heap        ] GC(970) DefNew: 9184K(10176K)->78K(10176K) Eden: 9088K(9088K)->0K(9088K) From: 96K(1088K)->78K(1088K)
[2025-04-17T11:11:16.448+0000][1476.278s][info][gc,heap        ] GC(970) Tenured: 14732K(22468K)->14732K(22468K)
[2025-04-17T11:11:16.448+0000][1476.278s][info][gc,metaspace   ] GC(970) Metaspace: 37435K(37760K)->37435K(37760K) NonClass: 33009K(33152K)->33009K(33152K) Class: 4425K(4608K)->4425K(4608K)
[2025-04-17T11:11:16.448+0000][1476.278s][info][gc             ] GC(970) Pause Young (Allocation Failure) 23M->14M(31M) 1.304ms
[2025-04-17T11:11:16.448+0000][1476.278s][info][gc,cpu         ] GC(970) User=0.00s Sys=0.00s Real=0.00s
[2025-04-17T11:11:17.942+0000][1477.772s][info][gc,start       ] GC(971) Pause Young (Allocation Failure)
[2025-04-17T11:11:17.943+0000][1477.773s][info][gc,heap        ] GC(971) DefNew: 9166K(10176K)->93K(10176K) Eden: 9088K(9088K)->0K(9088K) From: 78K(1088K)->93K(1088K)
[2025-04-17T11:11:17.943+0000][1477.773s][info][gc,heap        ] GC(971) Tenured: 14732K(22468K)->14732K(22468K)
[2025-04-17T11:11:17.943+0000][1477.773s][info][gc,metaspace   ] GC(971) Metaspace: 37435K(37760K)->37435K(37760K) NonClass: 33009K(33152K)->33009K(33152K) Class: 4425K(4608K)->4425K(4608K)
[2025-04-17T11:11:17.943+0000][1477.773s][info][gc             ] GC(971) Pause Young (Allocation Failure) 23M->14M(31M) 1.403ms
[2025-04-17T11:11:17.943+0000][1477.773s][info][gc,cpu         ] GC(971) User=0.00s Sys=0.00s Real=0.00s
[2025-04-17T11:11:19.554+0000][1479.384s][info][gc,start       ] GC(972) Pause Young (Allocation Failure)
[2025-04-17T11:11:19.555+0000][1479.385s][info][gc,heap        ] GC(972) DefNew: 9181K(10176K)->79K(10176K) Eden: 9088K(9088K)->0K(9088K) From: 93K(1088K)->79K(1088K)
[2025-04-17T11:11:19.555+0000][1479.385s][info][gc,heap        ] GC(972) Tenured: 14732K(22468K)->14732K(22468K)
[2025-04-17T11:11:19.555+0000][1479.385s][info][gc,metaspace   ] GC(972) Metaspace: 37435K(37760K)->37435K(37760K) NonClass: 33009K(33152K)->33009K(33152K) Class: 4425K(4608K)->4425K(4608K)
[2025-04-17T11:11:19.555+0000][1479.385s][info][gc             ] GC(972) Pause Young (Allocation Failure) 23M->14M(31M) 1.242ms
[2025-04-17T11:11:19.555+0000][1479.385s][info][gc,cpu         ] GC(972) User=0.00s Sys=0.00s Real=0.01s
[2025-04-17T11:11:20.923+0000][1480.753s][info][gc,start       ] GC(973) Pause Young (Allocation Failure)
[2025-04-17T11:11:20.924+0000][1480.754s][info][gc,heap        ] GC(973) DefNew: 9167K(10176K)->80K(10176K) Eden: 9088K(9088K)->0K(9088K) From: 79K(1088K)->80K(1088K)
[2025-04-17T11:11:20.924+0000][1480.754s][info][gc,heap        ] GC(973) Tenured: 14732K(22468K)->14732K(22468K)
[2025-04-17T11:11:20.924+0000][1480.754s][info][gc,metaspace   ] GC(973) Metaspace: 37435K(37760K)->37435K(37760K) NonClass: 33009K(33152K)->33009K(33152K) Class: 4425K(4608K)->4425K(4608K)
[2025-04-17T11:11:20.924+0000][1480.754s][info][gc             ] GC(973) Pause Young (Allocation Failure) 23M->14M(31M) 1.285ms
[2025-04-17T11:11:20.924+0000][1480.754s][info][gc,cpu         ] GC(973) User=0.00s Sys=0.00s Real=0.00s
[2025-04-17T11:11:22.587+0000][1482.417s][info][gc,start       ] GC(974) Pause Young (Allocation Failure)
[2025-04-17T11:11:22.588+0000][1482.419s][info][gc,heap        ] GC(974) DefNew: 9168K(10176K)->86K(10176K) Eden: 9088K(9088K)->0K(9088K) From: 80K(1088K)->86K(1088K)
[2025-04-17T11:11:22.588+0000][1482.419s][info][gc,heap        ] GC(974) Tenured: 14732K(22468K)->14732K(22468K)
[2025-04-17T11:11:22.588+0000][1482.419s][info][gc,metaspace   ] GC(974) Metaspace: 37435K(37760K)->37435K(37760K) NonClass: 33009K(33152K)->33009K(33152K) Class: 4425K(4608K)->4425K(4608K)
[2025-04-17T11:11:22.588+0000][1482.419s][info][gc             ] GC(974) Pause Young (Allocation Failure) 23M->14M(31M) 1.302ms
[2025-04-17T11:11:22.589+0000][1482.419s][info][gc,cpu         ] GC(974) User=0.00s Sys=0.00s Real=0.00s
[2025-04-17T11:11:24.293+0000][1484.123s][info][gc,start       ] GC(975) Pause Young (Allocation Failure)
[2025-04-17T11:11:24.294+0000][1484.125s][info][gc,heap        ] GC(975) DefNew: 9174K(10176K)->75K(10176K) Eden: 9088K(9088K)->0K(9088K) From: 86K(1088K)->75K(1088K)
[2025-04-17T11:11:24.294+0000][1484.125s][info][gc,heap        ] GC(975) Tenured: 14732K(22468K)->14732K(22468K)
[2025-04-17T11:11:24.294+0000][1484.125s][info][gc,metaspace   ] GC(975) Metaspace: 37435K(37760K)->37435K(37760K) NonClass: 33009K(33152K)->33009K(33152K) Class: 4425K(4608K)->4425K(4608K)
[2025-04-17T11:11:24.294+0000][1484.125s][info][gc             ] GC(975) Pause Young (Allocation Failure) 23M->14M(31M) 1.296ms
[2025-04-17T11:11:24.294+0000][1484.125s][info][gc,cpu         ] GC(975) User=0.00s Sys=0.00s Real=0.01s
[2025-04-17T11:11:25.670+0000][1485.500s][info][gc,start       ] GC(976) Pause Young (Allocation Failure)
[2025-04-17T11:11:25.671+0000][1485.501s][info][gc,heap        ] GC(976) DefNew: 9163K(10176K)->95K(10176K) Eden: 9087K(9088K)->0K(9088K) From: 75K(1088K)->95K(1088K)
[2025-04-17T11:11:25.671+0000][1485.501s][info][gc,heap        ] GC(976) Tenured: 14732K(22468K)->14732K(22468K)
[2025-04-17T11:11:25.671+0000][1485.501s][info][gc,metaspace   ] GC(976) Metaspace: 37435K(37760K)->37435K(37760K) NonClass: 33009K(33152K)->33009K(33152K) Class: 4425K(4608K)->4425K(4608K)
[2025-04-17T11:11:25.671+0000][1485.501s][info][gc             ] GC(976) Pause Young (Allocation Failure) 23M->14M(31M) 1.302ms
[2025-04-17T11:11:25.671+0000][1485.501s][info][gc,cpu         ] GC(976) User=0.00s Sys=0.00s Real=0.00s
[2025-04-17T11:11:27.377+0000][1487.207s][info][gc,start       ] GC(977) Pause Young (Allocation Failure)
[2025-04-17T11:11:27.378+0000][1487.208s][info][gc,heap        ] GC(977) DefNew: 9183K(10176K)->85K(10176K) Eden: 9088K(9088K)->0K(9088K) From: 95K(1088K)->85K(1088K)
[2025-04-17T11:11:27.378+0000][1487.208s][info][gc,heap        ] GC(977) Tenured: 14732K(22468K)->14732K(22468K)
[2025-04-17T11:11:27.378+0000][1487.208s][info][gc,metaspace   ] GC(977) Metaspace: 37435K(37760K)->37435K(37760K) NonClass: 33009K(33152K)->33009K(33152K) Class: 4425K(4608K)->4425K(4608K)
[2025-04-17T11:11:27.378+0000][1487.208s][info][gc             ] GC(977) Pause Young (Allocation Failure) 23M->14M(31M) 1.199ms
[2025-04-17T11:11:27.378+0000][1487.208s][info][gc,cpu         ] GC(977) User=0.00s Sys=0.00s Real=0.00s
[2025-04-17T11:11:28.953+0000][1488.783s][info][gc,start       ] GC(978) Pause Young (Allocation Failure)
[2025-04-17T11:11:28.954+0000][1488.784s][info][gc,heap        ] GC(978) DefNew: 9173K(10176K)->83K(10176K) Eden: 9088K(9088K)->0K(9088K) From: 85K(1088K)->83K(1088K)
[2025-04-17T11:11:28.954+0000][1488.784s][info][gc,heap        ] GC(978) Tenured: 14732K(22468K)->14735K(22468K)
[2025-04-17T11:11:28.954+0000][1488.784s][info][gc,metaspace   ] GC(978) Metaspace: 37435K(37760K)->37435K(37760K) NonClass: 33009K(33152K)->33009K(33152K) Class: 4425K(4608K)->4425K(4608K)
[2025-04-17T11:11:28.954+0000][1488.784s][info][gc             ] GC(978) Pause Young (Allocation Failure) 23M->14M(31M) 1.178ms
[2025-04-17T11:11:28.954+0000][1488.784s][info][gc,cpu         ] GC(978) User=0.00s Sys=0.00s Real=0.00s
[2025-04-17T11:11:30.415+0000][1490.245s][info][gc,start       ] GC(979) Pause Young (Allocation Failure)
[2025-04-17T11:11:30.417+0000][1490.247s][info][gc,heap        ] GC(979) DefNew: 9171K(10176K)->84K(10176K) Eden: 9087K(9088K)->0K(9088K) From: 83K(1088K)->84K(1088K)
[2025-04-17T11:11:30.417+0000][1490.247s][info][gc,heap        ] GC(979) Tenured: 14735K(22468K)->14735K(22468K)
[2025-04-17T11:11:30.417+0000][1490.247s][info][gc,metaspace   ] GC(979) Metaspace: 37435K(37760K)->37435K(37760K) NonClass: 33009K(33152K)->33009K(33152K) Class: 4425K(4608K)->4425K(4608K)
[2025-04-17T11:11:30.417+0000][1490.247s][info][gc             ] GC(979) Pause Young (Allocation Failure) 23M->14M(31M) 1.335ms
[2025-04-17T11:11:30.417+0000][1490.247s][info][gc,cpu         ] GC(979) User=0.00s Sys=0.00s Real=0.00s
[2025-04-17T11:11:31.966+0000][1491.796s][info][gc,start       ] GC(980) Pause Young (Allocation Failure)
[2025-04-17T11:11:31.967+0000][1491.797s][info][gc,heap        ] GC(980) DefNew: 9172K(10176K)->99K(10176K) Eden: 9088K(9088K)->0K(9088K) From: 84K(1088K)->99K(1088K)
[2025-04-17T11:11:31.967+0000][1491.797s][info][gc,heap        ] GC(980) Tenured: 14735K(22468K)->14735K(22468K)
[2025-04-17T11:11:31.967+0000][1491.797s][info][gc,metaspace   ] GC(980) Metaspace: 37435K(37760K)->37435K(37760K) NonClass: 33009K(33152K)->33009K(33152K) Class: 4425K(4608K)->4425K(4608K)
[2025-04-17T11:11:31.967+0000][1491.797s][info][gc             ] GC(980) Pause Young (Allocation Failure) 23M->14M(31M) 1.347ms
[2025-04-17T11:11:31.967+0000][1491.797s][info][gc,cpu         ] GC(980) User=0.00s Sys=0.00s Real=0.00s
[2025-04-17T11:11:33.328+0000][1493.158s][info][gc,start       ] GC(981) Pause Young (Allocation Failure)
[2025-04-17T11:11:33.329+0000][1493.160s][info][gc,heap        ] GC(981) DefNew: 9187K(10176K)->79K(10176K) Eden: 9088K(9088K)->0K(9088K) From: 99K(1088K)->79K(1088K)
[2025-04-17T11:11:33.329+0000][1493.160s][info][gc,heap        ] GC(981) Tenured: 14735K(22468K)->14737K(22468K)
[2025-04-17T11:11:33.329+0000][1493.160s][info][gc,metaspace   ] GC(981) Metaspace: 37435K(37760K)->37435K(37760K) NonClass: 33009K(33152K)->33009K(33152K) Class: 4425K(4608K)->4425K(4608K)
[2025-04-17T11:11:33.330+0000][1493.160s][info][gc             ] GC(981) Pause Young (Allocation Failure) 23M->14M(31M) 1.201ms
[2025-04-17T11:11:33.330+0000][1493.160s][info][gc,cpu         ] GC(981) User=0.00s Sys=0.00s Real=0.00s
[2025-04-17T11:11:35.117+0000][1494.947s][info][gc,start       ] GC(982) Pause Young (Allocation Failure)
[2025-04-17T11:11:35.118+0000][1494.948s][info][gc,heap        ] GC(982) DefNew: 9167K(10176K)->86K(10176K) Eden: 9088K(9088K)->0K(9088K) From: 79K(1088K)->86K(1088K)
[2025-04-17T11:11:35.118+0000][1494.948s][info][gc,heap        ] GC(982) Tenured: 14737K(22468K)->14737K(22468K)
[2025-04-17T11:11:35.118+0000][1494.948s][info][gc,metaspace   ] GC(982) Metaspace: 37435K(37760K)->37435K(37760K) NonClass: 33009K(33152K)->33009K(33152K) Class: 4425K(4608K)->4425K(4608K)
[2025-04-17T11:11:35.118+0000][1494.948s][info][gc             ] GC(982) Pause Young (Allocation Failure) 23M->14M(31M) 1.288ms
[2025-04-17T11:11:35.118+0000][1494.948s][info][gc,cpu         ] GC(982) User=0.00s Sys=0.00s Real=0.00s
[2025-04-17T11:11:36.622+0000][1496.452s][info][gc,start       ] GC(983) Pause Young (Allocation Failure)
[2025-04-17T11:11:36.623+0000][1496.453s][info][gc,heap        ] GC(983) DefNew: 9174K(10176K)->89K(10176K) Eden: 9088K(9088K)->0K(9088K) From: 86K(1088K)->89K(1088K)
[2025-04-17T11:11:36.623+0000][1496.453s][info][gc,heap        ] GC(983) Tenured: 14737K(22468K)->14737K(22468K)
[2025-04-17T11:11:36.623+0000][1496.453s][info][gc,metaspace   ] GC(983) Metaspace: 37435K(37760K)->37435K(37760K) NonClass: 33009K(33152K)->33009K(33152K) Class: 4425K(4608K)->4425K(4608K)
[2025-04-17T11:11:36.623+0000][1496.453s][info][gc             ] GC(983) Pause Young (Allocation Failure) 23M->14M(31M) 1.224ms
[2025-04-17T11:11:36.623+0000][1496.453s][info][gc,cpu         ] GC(983) User=0.01s Sys=0.00s Real=0.00s
[2025-04-17T11:11:38.374+0000][1498.204s][info][gc,start       ] GC(984) Pause Young (Allocation Failure)
[2025-04-17T11:11:38.375+0000][1498.205s][info][gc,heap        ] GC(984) DefNew: 9177K(10176K)->103K(10176K) Eden: 9088K(9088K)->0K(9088K) From: 89K(1088K)->103K(1088K)
[2025-04-17T11:11:38.375+0000][1498.205s][info][gc,heap        ] GC(984) Tenured: 14737K(22468K)->14737K(22468K)
[2025-04-17T11:11:38.375+0000][1498.205s][info][gc,metaspace   ] GC(984) Metaspace: 37435K(37760K)->37435K(37760K) NonClass: 33009K(33152K)->33009K(33152K) Class: 4425K(4608K)->4425K(4608K)
[2025-04-17T11:11:38.375+0000][1498.205s][info][gc             ] GC(984) Pause Young (Allocation Failure) 23M->14M(31M) 1.329ms
[2025-04-17T11:11:38.375+0000][1498.205s][info][gc,cpu         ] GC(984) User=0.00s Sys=0.00s Real=0.01s
[2025-04-17T11:11:39.769+0000][1499.599s][info][gc,start       ] GC(985) Pause Young (Allocation Failure)
[2025-04-17T11:11:39.770+0000][1499.600s][info][gc,heap        ] GC(985) DefNew: 9185K(10176K)->91K(10176K) Eden: 9082K(9088K)->0K(9088K) From: 103K(1088K)->91K(1088K)
[2025-04-17T11:11:39.770+0000][1499.600s][info][gc,heap        ] GC(985) Tenured: 14737K(22468K)->14737K(22468K)
[2025-04-17T11:11:39.770+0000][1499.600s][info][gc,metaspace   ] GC(985) Metaspace: 37435K(37760K)->37435K(37760K) NonClass: 33009K(33152K)->33009K(33152K) Class: 4425K(4608K)->4425K(4608K)
[2025-04-17T11:11:39.770+0000][1499.600s][info][gc             ] GC(985) Pause Young (Allocation Failure) 23M->14M(31M) 1.155ms
[2025-04-17T11:11:39.770+0000][1499.600s][info][gc,cpu         ] GC(985) User=0.00s Sys=0.00s Real=0.00s
[2025-04-17T11:11:41.147+0000][1500.977s][info][gc,start       ] GC(986) Pause Young (Allocation Failure)
[2025-04-17T11:11:41.148+0000][1500.978s][info][gc,heap        ] GC(986) DefNew: 9179K(10176K)->85K(10176K) Eden: 9087K(9088K)->0K(9088K) From: 91K(1088K)->85K(1088K)
[2025-04-17T11:11:41.148+0000][1500.978s][info][gc,heap        ] GC(986) Tenured: 14737K(22468K)->14737K(22468K)
[2025-04-17T11:11:41.148+0000][1500.978s][info][gc,metaspace   ] GC(986) Metaspace: 37435K(37760K)->37435K(37760K) NonClass: 33009K(33152K)->33009K(33152K) Class: 4425K(4608K)->4425K(4608K)
[2025-04-17T11:11:41.148+0000][1500.978s][info][gc             ] GC(986) Pause Young (Allocation Failure) 23M->14M(31M) 1.309ms
[2025-04-17T11:11:41.148+0000][1500.978s][info][gc,cpu         ] GC(986) User=0.00s Sys=0.00s Real=0.00s
[2025-04-17T11:11:42.820+0000][1502.651s][info][gc,start       ] GC(987) Pause Young (Allocation Failure)
[2025-04-17T11:11:42.822+0000][1502.652s][info][gc,heap        ] GC(987) DefNew: 9173K(10176K)->85K(10176K) Eden: 9088K(9088K)->0K(9088K) From: 85K(1088K)->85K(1088K)
[2025-04-17T11:11:42.822+0000][1502.652s][info][gc,heap        ] GC(987) Tenured: 14737K(22468K)->14739K(22468K)
[2025-04-17T11:11:42.822+0000][1502.652s][info][gc,metaspace   ] GC(987) Metaspace: 37435K(37760K)->37435K(37760K) NonClass: 33009K(33152K)->33009K(33152K) Class: 4425K(4608K)->4425K(4608K)
[2025-04-17T11:11:42.822+0000][1502.652s][info][gc             ] GC(987) Pause Young (Allocation Failure) 23M->14M(31M) 1.203ms
[2025-04-17T11:11:42.822+0000][1502.652s][info][gc,cpu         ] GC(987) User=0.00s Sys=0.00s Real=0.00s
[2025-04-17T11:11:44.421+0000][1504.251s][info][gc,start       ] GC(988) Pause Young (Allocation Failure)
[2025-04-17T11:11:44.422+0000][1504.252s][info][gc,heap        ] GC(988) DefNew: 9173K(10176K)->79K(10176K) Eden: 9088K(9088K)->0K(9088K) From: 85K(1088K)->79K(1088K)
[2025-04-17T11:11:44.422+0000][1504.252s][info][gc,heap        ] GC(988) Tenured: 14739K(22468K)->14740K(22468K)
[2025-04-17T11:11:44.422+0000][1504.252s][info][gc,metaspace   ] GC(988) Metaspace: 37435K(37760K)->37435K(37760K) NonClass: 33009K(33152K)->33009K(33152K) Class: 4425K(4608K)->4425K(4608K)
[2025-04-17T11:11:44.422+0000][1504.252s][info][gc             ] GC(988) Pause Young (Allocation Failure) 23M->14M(31M) 1.333ms
[2025-04-17T11:11:44.422+0000][1504.252s][info][gc,cpu         ] GC(988) User=0.00s Sys=0.00s Real=0.00s
[2025-04-17T11:11:45.840+0000][1505.670s][info][gc,start       ] GC(989) Pause Young (Allocation Failure)
[2025-04-17T11:11:45.841+0000][1505.671s][info][gc,heap        ] GC(989) DefNew: 9167K(10176K)->99K(10176K) Eden: 9088K(9088K)->0K(9088K) From: 79K(1088K)->99K(1088K)
[2025-04-17T11:11:45.841+0000][1505.671s][info][gc,heap        ] GC(989) Tenured: 14740K(22468K)->14740K(22468K)
[2025-04-17T11:11:45.841+0000][1505.671s][info][gc,metaspace   ] GC(989) Metaspace: 37435K(37760K)->37435K(37760K) NonClass: 33009K(33152K)->33009K(33152K) Class: 4425K(4608K)->4425K(4608K)
[2025-04-17T11:11:45.841+0000][1505.671s][info][gc             ] GC(989) Pause Young (Allocation Failure) 23M->14M(31M) 1.344ms
[2025-04-17T11:11:45.841+0000][1505.671s][info][gc,cpu         ] GC(989) User=0.00s Sys=0.00s Real=0.00s
[2025-04-17T11:11:47.359+0000][1507.190s][info][gc,start       ] GC(990) Pause Young (Allocation Failure)
[2025-04-17T11:11:47.360+0000][1507.191s][info][gc,heap        ] GC(990) DefNew: 9187K(10176K)->81K(10176K) Eden: 9088K(9088K)->0K(9088K) From: 99K(1088K)->81K(1088K)
[2025-04-17T11:11:47.360+0000][1507.191s][info][gc,heap        ] GC(990) Tenured: 14740K(22468K)->14740K(22468K)
[2025-04-17T11:11:47.360+0000][1507.191s][info][gc,metaspace   ] GC(990) Metaspace: 37435K(37760K)->37435K(37760K) NonClass: 33009K(33152K)->33009K(33152K) Class: 4425K(4608K)->4425K(4608K)
[2025-04-17T11:11:47.361+0000][1507.191s][info][gc             ] GC(990) Pause Young (Allocation Failure) 23M->14M(31M) 1.137ms
[2025-04-17T11:11:47.361+0000][1507.191s][info][gc,cpu         ] GC(990) User=0.00s Sys=0.00s Real=0.00s
[2025-04-17T11:11:48.907+0000][1508.737s][info][gc,start       ] GC(991) Pause Young (Allocation Failure)
[2025-04-17T11:11:48.908+0000][1508.739s][info][gc,heap        ] GC(991) DefNew: 9169K(10176K)->112K(10176K) Eden: 9087K(9088K)->0K(9088K) From: 81K(1088K)->112K(1088K)
[2025-04-17T11:11:48.908+0000][1508.739s][info][gc,heap        ] GC(991) Tenured: 14740K(22468K)->14740K(22468K)
[2025-04-17T11:11:48.908+0000][1508.739s][info][gc,metaspace   ] GC(991) Metaspace: 37435K(37760K)->37435K(37760K) NonClass: 33009K(33152K)->33009K(33152K) Class: 4425K(4608K)->4425K(4608K)
[2025-04-17T11:11:48.908+0000][1508.739s][info][gc             ] GC(991) Pause Young (Allocation Failure) 23M->14M(31M) 1.204ms
[2025-04-17T11:11:48.908+0000][1508.739s][info][gc,cpu         ] GC(991) User=0.00s Sys=0.00s Real=0.00s
[2025-04-17T11:11:50.598+0000][1510.428s][info][gc,start       ] GC(992) Pause Young (Allocation Failure)
[2025-04-17T11:11:50.599+0000][1510.430s][info][gc,heap        ] GC(992) DefNew: 9200K(10176K)->81K(10176K) Eden: 9088K(9088K)->0K(9088K) From: 112K(1088K)->81K(1088K)
[2025-04-17T11:11:50.600+0000][1510.430s][info][gc,heap        ] GC(992) Tenured: 14740K(22468K)->14742K(22468K)
[2025-04-17T11:11:50.600+0000][1510.430s][info][gc,metaspace   ] GC(992) Metaspace: 37435K(37760K)->37435K(37760K) NonClass: 33009K(33152K)->33009K(33152K) Class: 4425K(4608K)->4425K(4608K)
[2025-04-17T11:11:50.600+0000][1510.430s][info][gc             ] GC(992) Pause Young (Allocation Failure) 23M->14M(31M) 1.306ms
[2025-04-17T11:11:50.600+0000][1510.430s][info][gc,cpu         ] GC(992) User=0.00s Sys=0.00s Real=0.00s
[2025-04-17T11:11:52.014+0000][1511.844s][info][gc,start       ] GC(993) Pause Young (Allocation Failure)
[2025-04-17T11:11:52.015+0000][1511.845s][info][gc,heap        ] GC(993) DefNew: 9169K(10176K)->75K(10176K) Eden: 9088K(9088K)->0K(9088K) From: 81K(1088K)->75K(1088K)
[2025-04-17T11:11:52.015+0000][1511.845s][info][gc,heap        ] GC(993) Tenured: 14742K(22468K)->14744K(22468K)
[2025-04-17T11:11:52.015+0000][1511.845s][info][gc,metaspace   ] GC(993) Metaspace: 37435K(37760K)->37435K(37760K) NonClass: 33009K(33152K)->33009K(33152K) Class: 4425K(4608K)->4425K(4608K)
[2025-04-17T11:11:52.015+0000][1511.845s][info][gc             ] GC(993) Pause Young (Allocation Failure) 23M->14M(31M) 1.325ms
[2025-04-17T11:11:52.015+0000][1511.845s][info][gc,cpu         ] GC(993) User=0.00s Sys=0.00s Real=0.01s
[2025-04-17T11:11:53.678+0000][1513.508s][info][gc,start       ] GC(994) Pause Young (Allocation Failure)
[2025-04-17T11:11:53.679+0000][1513.509s][info][gc,heap        ] GC(994) DefNew: 9161K(10176K)->87K(10176K) Eden: 9085K(9088K)->0K(9088K) From: 75K(1088K)->87K(1088K)
[2025-04-17T11:11:53.679+0000][1513.509s][info][gc,heap        ] GC(994) Tenured: 14744K(22468K)->14745K(22468K)
[2025-04-17T11:11:53.679+0000][1513.509s][info][gc,metaspace   ] GC(994) Metaspace: 37435K(37760K)->37435K(37760K) NonClass: 33009K(33152K)->33009K(33152K) Class: 4425K(4608K)->4425K(4608K)
[2025-04-17T11:11:53.679+0000][1513.509s][info][gc             ] GC(994) Pause Young (Allocation Failure) 23M->14M(31M) 1.149ms
[2025-04-17T11:11:53.679+0000][1513.509s][info][gc,cpu         ] GC(994) User=0.00s Sys=0.00s Real=0.00s
[2025-04-17T11:11:55.416+0000][1515.246s][info][gc,start       ] GC(995) Pause Young (Allocation Failure)
[2025-04-17T11:11:55.417+0000][1515.247s][info][gc,heap        ] GC(995) DefNew: 9175K(10176K)->79K(10176K) Eden: 9088K(9088K)->0K(9088K) From: 87K(1088K)->79K(1088K)
[2025-04-17T11:11:55.417+0000][1515.247s][info][gc,heap        ] GC(995) Tenured: 14745K(22468K)->14746K(22468K)
[2025-04-17T11:11:55.417+0000][1515.247s][info][gc,metaspace   ] GC(995) Metaspace: 37435K(37760K)->37435K(37760K) NonClass: 33009K(33152K)->33009K(33152K) Class: 4425K(4608K)->4425K(4608K)
[2025-04-17T11:11:55.417+0000][1515.247s][info][gc             ] GC(995) Pause Young (Allocation Failure) 23M->14M(31M) 1.385ms
[2025-04-17T11:11:55.417+0000][1515.247s][info][gc,cpu         ] GC(995) User=0.00s Sys=0.00s Real=0.00s
[2025-04-17T11:11:56.968+0000][1516.798s][info][gc,start       ] GC(996) Pause Young (Allocation Failure)
[2025-04-17T11:11:56.969+0000][1516.799s][info][gc,heap        ] GC(996) DefNew: 9167K(10176K)->85K(10176K) Eden: 9088K(9088K)->0K(9088K) From: 79K(1088K)->85K(1088K)
[2025-04-17T11:11:56.969+0000][1516.799s][info][gc,heap        ] GC(996) Tenured: 14746K(22468K)->14746K(22468K)
[2025-04-17T11:11:56.969+0000][1516.799s][info][gc,metaspace   ] GC(996) Metaspace: 37435K(37760K)->37435K(37760K) NonClass: 33009K(33152K)->33009K(33152K) Class: 4425K(4608K)->4425K(4608K)
[2025-04-17T11:11:56.969+0000][1516.799s][info][gc             ] GC(996) Pause Young (Allocation Failure) 23M->14M(31M) 1.250ms
[2025-04-17T11:11:56.969+0000][1516.799s][info][gc,cpu         ] GC(996) User=0.00s Sys=0.00s Real=0.00s
[2025-04-17T11:11:58.333+0000][1518.163s][info][gc,start       ] GC(997) Pause Young (Allocation Failure)
[2025-04-17T11:11:58.334+0000][1518.164s][info][gc,heap        ] GC(997) DefNew: 9173K(10176K)->95K(10176K) Eden: 9088K(9088K)->0K(9088K) From: 85K(1088K)->95K(1088K)
[2025-04-17T11:11:58.334+0000][1518.164s][info][gc,heap        ] GC(997) Tenured: 14746K(22468K)->14748K(22468K)
[2025-04-17T11:11:58.334+0000][1518.164s][info][gc,metaspace   ] GC(997) Metaspace: 37435K(37760K)->37435K(37760K) NonClass: 33009K(33152K)->33009K(33152K) Class: 4425K(4608K)->4425K(4608K)
[2025-04-17T11:11:58.334+0000][1518.164s][info][gc             ] GC(997) Pause Young (Allocation Failure) 23M->14M(31M) 1.161ms
[2025-04-17T11:11:58.334+0000][1518.164s][info][gc,cpu         ] GC(997) User=0.00s Sys=0.00s Real=0.01s
[2025-04-17T11:11:59.974+0000][1519.805s][info][gc,start       ] GC(998) Pause Young (Allocation Failure)
[2025-04-17T11:11:59.976+0000][1519.806s][info][gc,heap        ] GC(998) DefNew: 9183K(10176K)->89K(10176K) Eden: 9088K(9088K)->0K(9088K) From: 95K(1088K)->89K(1088K)
[2025-04-17T11:11:59.976+0000][1519.806s][info][gc,heap        ] GC(998) Tenured: 14748K(22468K)->14748K(22468K)
[2025-04-17T11:11:59.976+0000][1519.806s][info][gc,metaspace   ] GC(998) Metaspace: 37435K(37760K)->37435K(37760K) NonClass: 33009K(33152K)->33009K(33152K) Class: 4425K(4608K)->4425K(4608K)
[2025-04-17T11:11:59.976+0000][1519.806s][info][gc             ] GC(998) Pause Young (Allocation Failure) 23M->14M(31M) 1.209ms
[2025-04-17T11:11:59.976+0000][1519.806s][info][gc,cpu         ] GC(998) User=0.00s Sys=0.00s Real=0.00s
[2025-04-17T11:12:01.469+0000][1521.299s][info][gc,start       ] GC(999) Pause Young (Allocation Failure)
[2025-04-17T11:12:01.470+0000][1521.300s][info][gc,heap        ] GC(999) DefNew: 9177K(10176K)->79K(10176K) Eden: 9088K(9088K)->0K(9088K) From: 89K(1088K)->79K(1088K)
[2025-04-17T11:12:01.470+0000][1521.300s][info][gc,heap        ] GC(999) Tenured: 14748K(22468K)->14748K(22468K)
[2025-04-17T11:12:01.470+0000][1521.300s][info][gc,metaspace   ] GC(999) Metaspace: 37435K(37760K)->37435K(37760K) NonClass: 33009K(33152K)->33009K(33152K) Class: 4425K(4608K)->4425K(4608K)
[2025-04-17T11:12:01.470+0000][1521.300s][info][gc             ] GC(999) Pause Young (Allocation Failure) 23M->14M(31M) 1.296ms
[2025-04-17T11:12:01.470+0000][1521.300s][info][gc,cpu         ] GC(999) User=0.00s Sys=0.00s Real=0.00s
[2025-04-17T11:12:03.077+0000][1522.907s][info][gc,start       ] GC(1000) Pause Young (Allocation Failure)
[2025-04-17T11:12:03.078+0000][1522.908s][info][gc,heap        ] GC(1000) DefNew: 9167K(10176K)->81K(10176K) Eden: 9088K(9088K)->0K(9088K) From: 79K(1088K)->81K(1088K)
[2025-04-17T11:12:03.078+0000][1522.908s][info][gc,heap        ] GC(1000) Tenured: 14748K(22468K)->14748K(22468K)
[2025-04-17T11:12:03.078+0000][1522.908s][info][gc,metaspace   ] GC(1000) Metaspace: 37435K(37760K)->37435K(37760K) NonClass: 33009K(33152K)->33009K(33152K) Class: 4425K(4608K)->4425K(4608K)
[2025-04-17T11:12:03.078+0000][1522.908s][info][gc             ] GC(1000) Pause Young (Allocation Failure) 23M->14M(31M) 1.344ms
[2025-04-17T11:12:03.078+0000][1522.908s][info][gc,cpu         ] GC(1000) User=0.00s Sys=0.00s Real=0.00s
[2025-04-17T11:12:04.595+0000][1524.425s][info][gc,start       ] GC(1001) Pause Young (Allocation Failure)
[2025-04-17T11:12:04.596+0000][1524.426s][info][gc,heap        ] GC(1001) DefNew: 9169K(10176K)->96K(10176K) Eden: 9088K(9088K)->0K(9088K) From: 81K(1088K)->96K(1088K)
[2025-04-17T11:12:04.596+0000][1524.426s][info][gc,heap        ] GC(1001) Tenured: 14748K(22468K)->14748K(22468K)
[2025-04-17T11:12:04.596+0000][1524.426s][info][gc,metaspace   ] GC(1001) Metaspace: 37435K(37760K)->37435K(37760K) NonClass: 33009K(33152K)->33009K(33152K) Class: 4425K(4608K)->4425K(4608K)
[2025-04-17T11:12:04.596+0000][1524.426s][info][gc             ] GC(1001) Pause Young (Allocation Failure) 23M->14M(31M) 1.310ms
[2025-04-17T11:12:04.596+0000][1524.426s][info][gc,cpu         ] GC(1001) User=0.01s Sys=0.00s Real=0.00s
[2025-04-17T11:12:05.947+0000][1525.777s][info][gc,start       ] GC(1002) Pause Young (Allocation Failure)
[2025-04-17T11:12:05.948+0000][1525.778s][info][gc,heap        ] GC(1002) DefNew: 9184K(10176K)->83K(10176K) Eden: 9088K(9088K)->0K(9088K) From: 96K(1088K)->83K(1088K)
[2025-04-17T11:12:05.948+0000][1525.779s][info][gc,heap        ] GC(1002) Tenured: 14748K(22468K)->14748K(22468K)
[2025-04-17T11:12:05.948+0000][1525.779s][info][gc,metaspace   ] GC(1002) Metaspace: 37435K(37760K)->37435K(37760K) NonClass: 33009K(33152K)->33009K(33152K) Class: 4425K(4608K)->4425K(4608K)
[2025-04-17T11:12:05.948+0000][1525.779s][info][gc             ] GC(1002) Pause Young (Allocation Failure) 23M->14M(31M) 1.199ms
[2025-04-17T11:12:05.948+0000][1525.779s][info][gc,cpu         ] GC(1002) User=0.00s Sys=0.00s Real=0.00s
[2025-04-17T11:12:07.600+0000][1527.431s][info][gc,start       ] GC(1003) Pause Young (Allocation Failure)
[2025-04-17T11:12:07.602+0000][1527.432s][info][gc,heap        ] GC(1003) DefNew: 9171K(10176K)->83K(10176K) Eden: 9088K(9088K)->0K(9088K) From: 83K(1088K)->83K(1088K)
[2025-04-17T11:12:07.602+0000][1527.432s][info][gc,heap        ] GC(1003) Tenured: 14748K(22468K)->14748K(22468K)
[2025-04-17T11:12:07.602+0000][1527.432s][info][gc,metaspace   ] GC(1003) Metaspace: 37435K(37760K)->37435K(37760K) NonClass: 33009K(33152K)->33009K(33152K) Class: 4425K(4608K)->4425K(4608K)
[2025-04-17T11:12:07.602+0000][1527.432s][info][gc             ] GC(1003) Pause Young (Allocation Failure) 23M->14M(31M) 1.334ms
[2025-04-17T11:12:07.602+0000][1527.432s][info][gc,cpu         ] GC(1003) User=0.00s Sys=0.00s Real=0.00s
[2025-04-17T11:12:09.272+0000][1529.103s][info][gc,start       ] GC(1004) Pause Young (Allocation Failure)
[2025-04-17T11:12:09.274+0000][1529.104s][info][gc,heap        ] GC(1004) DefNew: 9171K(10176K)->100K(10176K) Eden: 9088K(9088K)->0K(9088K) From: 83K(1088K)->100K(1088K)
[2025-04-17T11:12:09.274+0000][1529.104s][info][gc,heap        ] GC(1004) Tenured: 14748K(22468K)->14750K(22468K)
[2025-04-17T11:12:09.274+0000][1529.104s][info][gc,metaspace   ] GC(1004) Metaspace: 37435K(37760K)->37435K(37760K) NonClass: 33009K(33152K)->33009K(33152K) Class: 4425K(4608K)->4425K(4608K)
[2025-04-17T11:12:09.274+0000][1529.104s][info][gc             ] GC(1004) Pause Young (Allocation Failure) 23M->14M(31M) 1.328ms
[2025-04-17T11:12:09.274+0000][1529.104s][info][gc,cpu         ] GC(1004) User=0.00s Sys=0.00s Real=0.00s
[2025-04-17T11:12:10.995+0000][1530.825s][info][gc,start       ] GC(1005) Pause Young (Allocation Failure)
[2025-04-17T11:12:10.996+0000][1530.826s][info][gc,heap        ] GC(1005) DefNew: 9188K(10176K)->93K(10176K) Eden: 9088K(9088K)->0K(9088K) From: 100K(1088K)->93K(1088K)
[2025-04-17T11:12:10.996+0000][1530.826s][info][gc,heap        ] GC(1005) Tenured: 14750K(22468K)->14750K(22468K)
[2025-04-17T11:12:10.996+0000][1530.826s][info][gc,metaspace   ] GC(1005) Metaspace: 37435K(37760K)->37435K(37760K) NonClass: 33009K(33152K)->33009K(33152K) Class: 4425K(4608K)->4425K(4608K)
[2025-04-17T11:12:10.996+0000][1530.826s][info][gc             ] GC(1005) Pause Young (Allocation Failure) 23M->14M(31M) 1.402ms
[2025-04-17T11:12:10.996+0000][1530.826s][info][gc,cpu         ] GC(1005) User=0.00s Sys=0.00s Real=0.00s
[2025-04-17T11:12:12.476+0000][1532.306s][info][gc,start       ] GC(1006) Pause Young (Allocation Failure)
[2025-04-17T11:12:12.477+0000][1532.307s][info][gc,heap        ] GC(1006) DefNew: 9181K(10176K)->86K(10176K) Eden: 9088K(9088K)->0K(9088K) From: 93K(1088K)->86K(1088K)
[2025-04-17T11:12:12.477+0000][1532.307s][info][gc,heap        ] GC(1006) Tenured: 14750K(22468K)->14750K(22468K)
[2025-04-17T11:12:12.477+0000][1532.307s][info][gc,metaspace   ] GC(1006) Metaspace: 37435K(37760K)->37435K(37760K) NonClass: 33009K(33152K)->33009K(33152K) Class: 4425K(4608K)->4425K(4608K)
[2025-04-17T11:12:12.477+0000][1532.307s][info][gc             ] GC(1006) Pause Young (Allocation Failure) 23M->14M(31M) 1.254ms
[2025-04-17T11:12:12.477+0000][1532.307s][info][gc,cpu         ] GC(1006) User=0.00s Sys=0.00s Real=0.00s
[2025-04-17T11:12:14.001+0000][1533.831s][info][gc,start       ] GC(1007) Pause Young (Allocation Failure)
[2025-04-17T11:12:14.002+0000][1533.832s][info][gc,heap        ] GC(1007) DefNew: 9174K(10176K)->84K(10176K) Eden: 9088K(9088K)->0K(9088K) From: 86K(1088K)->84K(1088K)
[2025-04-17T11:12:14.002+0000][1533.832s][info][gc,heap        ] GC(1007) Tenured: 14750K(22468K)->14751K(22468K)
[2025-04-17T11:12:14.002+0000][1533.832s][info][gc,metaspace   ] GC(1007) Metaspace: 37435K(37760K)->37435K(37760K) NonClass: 33009K(33152K)->33009K(33152K) Class: 4425K(4608K)->4425K(4608K)
[2025-04-17T11:12:14.002+0000][1533.832s][info][gc             ] GC(1007) Pause Young (Allocation Failure) 23M->14M(31M) 1.236ms
[2025-04-17T11:12:14.002+0000][1533.832s][info][gc,cpu         ] GC(1007) User=0.00s Sys=0.00s Real=0.00s
[2025-04-17T11:12:15.572+0000][1535.402s][info][gc,start       ] GC(1008) Pause Young (Allocation Failure)
[2025-04-17T11:12:15.574+0000][1535.404s][info][gc,heap        ] GC(1008) DefNew: 9172K(10176K)->103K(10176K) Eden: 9088K(9088K)->0K(9088K) From: 84K(1088K)->103K(1088K)
[2025-04-17T11:12:15.574+0000][1535.404s][info][gc,heap        ] GC(1008) Tenured: 14751K(22468K)->14751K(22468K)
[2025-04-17T11:12:15.574+0000][1535.404s][info][gc,metaspace   ] GC(1008) Metaspace: 37435K(37760K)->37435K(37760K) NonClass: 33009K(33152K)->33009K(33152K) Class: 4425K(4608K)->4425K(4608K)
[2025-04-17T11:12:15.574+0000][1535.404s][info][gc             ] GC(1008) Pause Young (Allocation Failure) 23M->14M(31M) 1.358ms
[2025-04-17T11:12:15.574+0000][1535.404s][info][gc,cpu         ] GC(1008) User=0.01s Sys=0.00s Real=0.00s
[2025-04-17T11:12:17.252+0000][1537.082s][info][gc,start       ] GC(1009) Pause Young (Allocation Failure)
[2025-04-17T11:12:17.253+0000][1537.084s][info][gc,heap        ] GC(1009) DefNew: 9191K(10176K)->87K(10176K) Eden: 9088K(9088K)->0K(9088K) From: 103K(1088K)->87K(1088K)
[2025-04-17T11:12:17.254+0000][1537.084s][info][gc,heap        ] GC(1009) Tenured: 14751K(22468K)->14752K(22468K)
[2025-04-17T11:12:17.254+0000][1537.084s][info][gc,metaspace   ] GC(1009) Metaspace: 37435K(37760K)->37435K(37760K) NonClass: 33009K(33152K)->33009K(33152K) Class: 4425K(4608K)->4425K(4608K)
[2025-04-17T11:12:17.254+0000][1537.084s][info][gc             ] GC(1009) Pause Young (Allocation Failure) 23M->14M(31M) 1.316ms
[2025-04-17T11:12:17.254+0000][1537.084s][info][gc,cpu         ] GC(1009) User=0.00s Sys=0.00s Real=0.00s
[2025-04-17T11:12:18.633+0000][1538.463s][info][gc,start       ] GC(1010) Pause Young (Allocation Failure)
[2025-04-17T11:12:18.634+0000][1538.464s][info][gc,heap        ] GC(1010) DefNew: 9175K(10176K)->85K(10176K) Eden: 9088K(9088K)->0K(9088K) From: 87K(1088K)->85K(1088K)
[2025-04-17T11:12:18.634+0000][1538.464s][info][gc,heap        ] GC(1010) Tenured: 14752K(22468K)->14753K(22468K)
[2025-04-17T11:12:18.634+0000][1538.464s][info][gc,metaspace   ] GC(1010) Metaspace: 37435K(37760K)->37435K(37760K) NonClass: 33009K(33152K)->33009K(33152K) Class: 4425K(4608K)->4425K(4608K)
[2025-04-17T11:12:18.634+0000][1538.464s][info][gc             ] GC(1010) Pause Young (Allocation Failure) 23M->14M(31M) 1.217ms
[2025-04-17T11:12:18.634+0000][1538.464s][info][gc,cpu         ] GC(1010) User=0.00s Sys=0.00s Real=0.00s
[2025-04-17T11:12:20.202+0000][1540.032s][info][gc,start       ] GC(1011) Pause Young (Allocation Failure)
[2025-04-17T11:12:20.203+0000][1540.033s][info][gc,heap        ] GC(1011) DefNew: 9173K(10176K)->83K(10176K) Eden: 9088K(9088K)->0K(9088K) From: 85K(1088K)->83K(1088K)
[2025-04-17T11:12:20.203+0000][1540.033s][info][gc,heap        ] GC(1011) Tenured: 14753K(22468K)->14753K(22468K)
[2025-04-17T11:12:20.203+0000][1540.033s][info][gc,metaspace   ] GC(1011) Metaspace: 37435K(37760K)->37435K(37760K) NonClass: 33009K(33152K)->33009K(33152K) Class: 4425K(4608K)->4425K(4608K)
[2025-04-17T11:12:20.203+0000][1540.033s][info][gc             ] GC(1011) Pause Young (Allocation Failure) 23M->14M(31M) 1.347ms
[2025-04-17T11:12:20.203+0000][1540.033s][info][gc,cpu         ] GC(1011) User=0.00s Sys=0.00s Real=0.00s
[2025-04-17T11:12:21.750+0000][1541.580s][info][gc,start       ] GC(1012) Pause Young (Allocation Failure)
[2025-04-17T11:12:21.751+0000][1541.581s][info][gc,heap        ] GC(1012) DefNew: 9171K(10176K)->99K(10176K) Eden: 9088K(9088K)->0K(9088K) From: 83K(1088K)->99K(1088K)
[2025-04-17T11:12:21.751+0000][1541.581s][info][gc,heap        ] GC(1012) Tenured: 14753K(22468K)->14756K(22468K)
[2025-04-17T11:12:21.751+0000][1541.581s][info][gc,metaspace   ] GC(1012) Metaspace: 37437K(37760K)->37437K(37760K) NonClass: 33011K(33152K)->33011K(33152K) Class: 4425K(4608K)->4425K(4608K)
[2025-04-17T11:12:21.751+0000][1541.581s][info][gc             ] GC(1012) Pause Young (Allocation Failure) 23M->14M(31M) 1.312ms
[2025-04-17T11:12:21.751+0000][1541.581s][info][gc,cpu         ] GC(1012) User=0.00s Sys=0.00s Real=0.00s
[2025-04-17T11:12:23.500+0000][1543.330s][info][gc,start       ] GC(1013) Pause Young (Allocation Failure)
[2025-04-17T11:12:23.501+0000][1543.332s][info][gc,heap        ] GC(1013) DefNew: 9187K(10176K)->98K(10176K) Eden: 9088K(9088K)->0K(9088K) From: 99K(1088K)->98K(1088K)
[2025-04-17T11:12:23.501+0000][1543.332s][info][gc,heap        ] GC(1013) Tenured: 14756K(22468K)->14756K(22468K)
[2025-04-17T11:12:23.501+0000][1543.332s][info][gc,metaspace   ] GC(1013) Metaspace: 37438K(37760K)->37438K(37760K) NonClass: 33013K(33152K)->33013K(33152K) Class: 4425K(4608K)->4425K(4608K)
[2025-04-17T11:12:23.502+0000][1543.332s][info][gc             ] GC(1013) Pause Young (Allocation Failure) 23M->14M(31M) 1.328ms
[2025-04-17T11:12:23.502+0000][1543.332s][info][gc,cpu         ] GC(1013) User=0.00s Sys=0.00s Real=0.00s
[2025-04-17T11:12:24.883+0000][1544.714s][info][gc,start       ] GC(1014) Pause Young (Allocation Failure)
[2025-04-17T11:12:24.885+0000][1544.715s][info][gc,heap        ] GC(1014) DefNew: 9186K(10176K)->90K(10176K) Eden: 9088K(9088K)->0K(9088K) From: 98K(1088K)->90K(1088K)
[2025-04-17T11:12:24.885+0000][1544.715s][info][gc,heap        ] GC(1014) Tenured: 14756K(22468K)->14756K(22468K)
[2025-04-17T11:12:24.885+0000][1544.715s][info][gc,metaspace   ] GC(1014) Metaspace: 37438K(37760K)->37438K(37760K) NonClass: 33013K(33152K)->33013K(33152K) Class: 4425K(4608K)->4425K(4608K)
[2025-04-17T11:12:24.885+0000][1544.715s][info][gc             ] GC(1014) Pause Young (Allocation Failure) 23M->14M(31M) 1.187ms
[2025-04-17T11:12:24.885+0000][1544.715s][info][gc,cpu         ] GC(1014) User=0.00s Sys=0.00s Real=0.01s
[2025-04-17T11:12:26.893+0000][1546.723s][info][gc,start       ] GC(1015) Pause Young (Allocation Failure)
[2025-04-17T11:12:26.894+0000][1546.724s][info][gc,heap        ] GC(1015) DefNew: 9178K(10176K)->100K(10176K) Eden: 9088K(9088K)->0K(9088K) From: 90K(1088K)->100K(1088K)
[2025-04-17T11:12:26.894+0000][1546.725s][info][gc,heap        ] GC(1015) Tenured: 14756K(22468K)->14756K(22468K)
[2025-04-17T11:12:26.894+0000][1546.725s][info][gc,metaspace   ] GC(1015) Metaspace: 37446K(37760K)->37446K(37760K) NonClass: 33020K(33152K)->33020K(33152K) Class: 4425K(4608K)->4425K(4608K)
[2025-04-17T11:12:26.894+0000][1546.725s][info][gc             ] GC(1015) Pause Young (Allocation Failure) 23M->14M(31M) 1.392ms
[2025-04-17T11:12:26.894+0000][1546.725s][info][gc,cpu         ] GC(1015) User=0.00s Sys=0.00s Real=0.01s
[2025-04-17T11:12:28.222+0000][1548.052s][info][gc,start       ] GC(1016) Pause Young (Allocation Failure)
[2025-04-17T11:12:28.223+0000][1548.053s][info][gc,heap        ] GC(1016) DefNew: 9188K(10176K)->103K(10176K) Eden: 9088K(9088K)->0K(9088K) From: 100K(1088K)->103K(1088K)
[2025-04-17T11:12:28.223+0000][1548.053s][info][gc,heap        ] GC(1016) Tenured: 14756K(22468K)->14757K(22468K)
[2025-04-17T11:12:28.223+0000][1548.053s][info][gc,metaspace   ] GC(1016) Metaspace: 37446K(37760K)->37446K(37760K) NonClass: 33020K(33152K)->33020K(33152K) Class: 4425K(4608K)->4425K(4608K)
[2025-04-17T11:12:28.223+0000][1548.053s][info][gc             ] GC(1016) Pause Young (Allocation Failure) 23M->14M(31M) 1.237ms
[2025-04-17T11:12:28.223+0000][1548.054s][info][gc,cpu         ] GC(1016) User=0.00s Sys=0.00s Real=0.00s
[2025-04-17T11:12:29.887+0000][1549.717s][info][gc,start       ] GC(1017) Pause Young (Allocation Failure)
[2025-04-17T11:12:29.888+0000][1549.719s][info][gc,heap        ] GC(1017) DefNew: 9191K(10176K)->87K(10176K) Eden: 9088K(9088K)->0K(9088K) From: 103K(1088K)->87K(1088K)
[2025-04-17T11:12:29.888+0000][1549.719s][info][gc,heap        ] GC(1017) Tenured: 14757K(22468K)->14757K(22468K)
[2025-04-17T11:12:29.888+0000][1549.719s][info][gc,metaspace   ] GC(1017) Metaspace: 37446K(37760K)->37446K(37760K) NonClass: 33020K(33152K)->33020K(33152K) Class: 4425K(4608K)->4425K(4608K)
[2025-04-17T11:12:29.888+0000][1549.719s][info][gc             ] GC(1017) Pause Young (Allocation Failure) 23M->14M(31M) 1.226ms
[2025-04-17T11:12:29.888+0000][1549.719s][info][gc,cpu         ] GC(1017) User=0.00s Sys=0.00s Real=0.00s
[2025-04-17T11:12:31.572+0000][1551.403s][info][gc,start       ] GC(1018) Pause Young (Allocation Failure)
[2025-04-17T11:12:31.574+0000][1551.404s][info][gc,heap        ] GC(1018) DefNew: 9175K(10176K)->88K(10176K) Eden: 9088K(9088K)->0K(9088K) From: 87K(1088K)->88K(1088K)
[2025-04-17T11:12:31.574+0000][1551.404s][info][gc,heap        ] GC(1018) Tenured: 14757K(22468K)->14760K(22468K)
[2025-04-17T11:12:31.574+0000][1551.404s][info][gc,metaspace   ] GC(1018) Metaspace: 37454K(37760K)->37454K(37760K) NonClass: 33029K(33152K)->33029K(33152K) Class: 4425K(4608K)->4425K(4608K)
[2025-04-17T11:12:31.574+0000][1551.404s][info][gc             ] GC(1018) Pause Young (Allocation Failure) 23M->14M(31M) 1.329ms
[2025-04-17T11:12:31.574+0000][1551.404s][info][gc,cpu         ] GC(1018) User=0.00s Sys=0.00s Real=0.00s
[2025-04-17T11:12:33.118+0000][1552.948s][info][gc,start       ] GC(1019) Pause Young (Allocation Failure)
[2025-04-17T11:12:33.119+0000][1552.949s][info][gc,heap        ] GC(1019) DefNew: 9176K(10176K)->111K(10176K) Eden: 9088K(9088K)->0K(9088K) From: 88K(1088K)->111K(1088K)
[2025-04-17T11:12:33.119+0000][1552.949s][info][gc,heap        ] GC(1019) Tenured: 14760K(22468K)->14761K(22468K)
[2025-04-17T11:12:33.119+0000][1552.949s][info][gc,metaspace   ] GC(1019) Metaspace: 37454K(37760K)->37454K(37760K) NonClass: 33029K(33152K)->33029K(33152K) Class: 4425K(4608K)->4425K(4608K)
[2025-04-17T11:12:33.119+0000][1552.949s][info][gc             ] GC(1019) Pause Young (Allocation Failure) 23M->14M(31M) 1.309ms
[2025-04-17T11:12:33.119+0000][1552.949s][info][gc,cpu         ] GC(1019) User=0.00s Sys=0.00s Real=0.00s
[2025-04-17T11:12:34.649+0000][1554.479s][info][gc,start       ] GC(1020) Pause Young (Allocation Failure)
[2025-04-17T11:12:34.650+0000][1554.480s][info][gc,heap        ] GC(1020) DefNew: 9199K(10176K)->104K(10176K) Eden: 9088K(9088K)->0K(9088K) From: 111K(1088K)->104K(1088K)
[2025-04-17T11:12:34.650+0000][1554.480s][info][gc,heap        ] GC(1020) Tenured: 14761K(22468K)->14761K(22468K)
[2025-04-17T11:12:34.650+0000][1554.480s][info][gc,metaspace   ] GC(1020) Metaspace: 37454K(37760K)->37454K(37760K) NonClass: 33029K(33152K)->33029K(33152K) Class: 4425K(4608K)->4425K(4608K)
[2025-04-17T11:12:34.650+0000][1554.480s][info][gc             ] GC(1020) Pause Young (Allocation Failure) 23M->14M(31M) 1.390ms
[2025-04-17T11:12:34.650+0000][1554.480s][info][gc,cpu         ] GC(1020) User=0.00s Sys=0.00s Real=0.00s
[2025-04-17T11:12:36.049+0000][1555.880s][info][gc,start       ] GC(1021) Pause Young (Allocation Failure)
[2025-04-17T11:12:36.051+0000][1555.881s][info][gc,heap        ] GC(1021) DefNew: 9191K(10176K)->107K(10176K) Eden: 9087K(9088K)->0K(9088K) From: 104K(1088K)->107K(1088K)
[2025-04-17T11:12:36.051+0000][1555.881s][info][gc,heap        ] GC(1021) Tenured: 14761K(22468K)->14763K(22468K)
[2025-04-17T11:12:36.051+0000][1555.881s][info][gc,metaspace   ] GC(1021) Metaspace: 37454K(37760K)->37454K(37760K) NonClass: 33029K(33152K)->33029K(33152K) Class: 4425K(4608K)->4425K(4608K)
[2025-04-17T11:12:36.051+0000][1555.881s][info][gc             ] GC(1021) Pause Young (Allocation Failure) 23M->14M(31M) 1.234ms
[2025-04-17T11:12:36.051+0000][1555.881s][info][gc,cpu         ] GC(1021) User=0.00s Sys=0.00s Real=0.00s
[2025-04-17T11:12:37.766+0000][1557.596s][info][gc,start       ] GC(1022) Pause Young (Allocation Failure)
[2025-04-17T11:12:37.767+0000][1557.597s][info][gc,heap        ] GC(1022) DefNew: 9195K(10176K)->93K(10176K) Eden: 9088K(9088K)->0K(9088K) From: 107K(1088K)->93K(1088K)
[2025-04-17T11:12:37.767+0000][1557.597s][info][gc,heap        ] GC(1022) Tenured: 14763K(22468K)->14765K(22468K)
[2025-04-17T11:12:37.767+0000][1557.597s][info][gc,metaspace   ] GC(1022) Metaspace: 37454K(37760K)->37454K(37760K) NonClass: 33029K(33152K)->33029K(33152K) Class: 4425K(4608K)->4425K(4608K)
[2025-04-17T11:12:37.767+0000][1557.597s][info][gc             ] GC(1022) Pause Young (Allocation Failure) 23M->14M(31M) 1.257ms
[2025-04-17T11:12:37.767+0000][1557.597s][info][gc,cpu         ] GC(1022) User=0.01s Sys=0.00s Real=0.00s
[2025-04-17T11:12:39.299+0000][1559.129s][info][gc,start       ] GC(1023) Pause Young (Allocation Failure)
[2025-04-17T11:12:39.300+0000][1559.130s][info][gc,heap        ] GC(1023) DefNew: 9181K(10176K)->105K(10176K) Eden: 9087K(9088K)->0K(9088K) From: 93K(1088K)->105K(1088K)
[2025-04-17T11:12:39.300+0000][1559.130s][info][gc,heap        ] GC(1023) Tenured: 14765K(22468K)->14765K(22468K)
[2025-04-17T11:12:39.300+0000][1559.130s][info][gc,metaspace   ] GC(1023) Metaspace: 37454K(37760K)->37454K(37760K) NonClass: 33029K(33152K)->33029K(33152K) Class: 4425K(4608K)->4425K(4608K)
[2025-04-17T11:12:39.300+0000][1559.130s][info][gc             ] GC(1023) Pause Young (Allocation Failure) 23M->14M(31M) 1.287ms
[2025-04-17T11:12:39.300+0000][1559.130s][info][gc,cpu         ] GC(1023) User=0.00s Sys=0.00s Real=0.00s
[2025-04-17T11:12:40.995+0000][1560.825s][info][gc,start       ] GC(1024) Pause Young (Allocation Failure)
[2025-04-17T11:12:40.996+0000][1560.826s][info][gc,heap        ] GC(1024) DefNew: 9193K(10176K)->102K(10176K) Eden: 9088K(9088K)->0K(9088K) From: 105K(1088K)->102K(1088K)
[2025-04-17T11:12:40.996+0000][1560.826s][info][gc,heap        ] GC(1024) Tenured: 14765K(22468K)->14766K(22468K)
[2025-04-17T11:12:40.996+0000][1560.826s][info][gc,metaspace   ] GC(1024) Metaspace: 37454K(37760K)->37454K(37760K) NonClass: 33029K(33152K)->33029K(33152K) Class: 4425K(4608K)->4425K(4608K)
[2025-04-17T11:12:40.996+0000][1560.826s][info][gc             ] GC(1024) Pause Young (Allocation Failure) 23M->14M(31M) 1.312ms
[2025-04-17T11:12:40.996+0000][1560.826s][info][gc,cpu         ] GC(1024) User=0.00s Sys=0.00s Real=0.00s
[2025-04-17T11:12:42.606+0000][1562.436s][info][gc,start       ] GC(1025) Pause Young (Allocation Failure)
[2025-04-17T11:12:42.608+0000][1562.438s][info][gc,heap        ] GC(1025) DefNew: 9190K(10176K)->90K(10176K) Eden: 9088K(9088K)->0K(9088K) From: 102K(1088K)->90K(1088K)
[2025-04-17T11:12:42.608+0000][1562.438s][info][gc,heap        ] GC(1025) Tenured: 14766K(22468K)->14766K(22468K)
[2025-04-17T11:12:42.608+0000][1562.438s][info][gc,metaspace   ] GC(1025) Metaspace: 37454K(37760K)->37454K(37760K) NonClass: 33029K(33152K)->33029K(33152K) Class: 4425K(4608K)->4425K(4608K)
[2025-04-17T11:12:42.608+0000][1562.438s][info][gc             ] GC(1025) Pause Young (Allocation Failure) 23M->14M(31M) 1.345ms
[2025-04-17T11:12:42.608+0000][1562.438s][info][gc,cpu         ] GC(1025) User=0.00s Sys=0.00s Real=0.00s
[2025-04-17T11:12:44.237+0000][1564.067s][info][gc,start       ] GC(1026) Pause Young (Allocation Failure)
[2025-04-17T11:12:44.238+0000][1564.068s][info][gc,heap        ] GC(1026) DefNew: 9178K(10176K)->86K(10176K) Eden: 9088K(9088K)->0K(9088K) From: 90K(1088K)->86K(1088K)
[2025-04-17T11:12:44.238+0000][1564.068s][info][gc,heap        ] GC(1026) Tenured: 14766K(22468K)->14767K(22468K)
[2025-04-17T11:12:44.238+0000][1564.068s][info][gc,metaspace   ] GC(1026) Metaspace: 37454K(37760K)->37454K(37760K) NonClass: 33029K(33152K)->33029K(33152K) Class: 4425K(4608K)->4425K(4608K)
[2025-04-17T11:12:44.238+0000][1564.068s][info][gc             ] GC(1026) Pause Young (Allocation Failure) 23M->14M(31M) 1.291ms
[2025-04-17T11:12:44.238+0000][1564.068s][info][gc,cpu         ] GC(1026) User=0.00s Sys=0.00s Real=0.00s
[2025-04-17T11:12:45.851+0000][1565.681s][info][gc,start       ] GC(1027) Pause Young (Allocation Failure)
[2025-04-17T11:12:45.852+0000][1565.682s][info][gc,heap        ] GC(1027) DefNew: 9174K(10176K)->89K(10176K) Eden: 9088K(9088K)->0K(9088K) From: 86K(1088K)->89K(1088K)
[2025-04-17T11:12:45.852+0000][1565.682s][info][gc,heap        ] GC(1027) Tenured: 14767K(22468K)->14767K(22468K)
[2025-04-17T11:12:45.852+0000][1565.682s][info][gc,metaspace   ] GC(1027) Metaspace: 37454K(37760K)->37454K(37760K) NonClass: 33029K(33152K)->33029K(33152K) Class: 4425K(4608K)->4425K(4608K)
[2025-04-17T11:12:45.852+0000][1565.682s][info][gc             ] GC(1027) Pause Young (Allocation Failure) 23M->14M(31M) 1.243ms
[2025-04-17T11:12:45.852+0000][1565.682s][info][gc,cpu         ] GC(1027) User=0.01s Sys=0.00s Real=0.00s
[2025-04-17T11:12:47.295+0000][1567.125s][info][gc,start       ] GC(1028) Pause Young (Allocation Failure)
[2025-04-17T11:12:47.297+0000][1567.127s][info][gc,heap        ] GC(1028) DefNew: 9177K(10176K)->90K(10176K) Eden: 9088K(9088K)->0K(9088K) From: 89K(1088K)->90K(1088K)
[2025-04-17T11:12:47.297+0000][1567.127s][info][gc,heap        ] GC(1028) Tenured: 14767K(22468K)->14770K(22468K)
[2025-04-17T11:12:47.297+0000][1567.127s][info][gc,metaspace   ] GC(1028) Metaspace: 37454K(37760K)->37454K(37760K) NonClass: 33029K(33152K)->33029K(33152K) Class: 4425K(4608K)->4425K(4608K)
[2025-04-17T11:12:47.297+0000][1567.127s][info][gc             ] GC(1028) Pause Young (Allocation Failure) 23M->14M(31M) 1.310ms
[2025-04-17T11:12:47.297+0000][1567.127s][info][gc,cpu         ] GC(1028) User=0.00s Sys=0.00s Real=0.00s
[2025-04-17T11:12:49.046+0000][1568.876s][info][gc,start       ] GC(1029) Pause Young (Allocation Failure)
[2025-04-17T11:12:49.048+0000][1568.878s][info][gc,heap        ] GC(1029) DefNew: 9178K(10176K)->86K(10176K) Eden: 9088K(9088K)->0K(9088K) From: 90K(1088K)->86K(1088K)
[2025-04-17T11:12:49.048+0000][1568.878s][info][gc,heap        ] GC(1029) Tenured: 14770K(22468K)->14771K(22468K)
[2025-04-17T11:12:49.048+0000][1568.878s][info][gc,metaspace   ] GC(1029) Metaspace: 37454K(37760K)->37454K(37760K) NonClass: 33029K(33152K)->33029K(33152K) Class: 4425K(4608K)->4425K(4608K)
[2025-04-17T11:12:49.048+0000][1568.878s][info][gc             ] GC(1029) Pause Young (Allocation Failure) 23M->14M(31M) 1.310ms
[2025-04-17T11:12:49.048+0000][1568.878s][info][gc,cpu         ] GC(1029) User=0.00s Sys=0.00s Real=0.00s
[2025-04-17T11:12:50.620+0000][1570.450s][info][gc,start       ] GC(1030) Pause Young (Allocation Failure)
[2025-04-17T11:12:50.621+0000][1570.452s][info][gc,heap        ] GC(1030) DefNew: 9174K(10176K)->104K(10176K) Eden: 9088K(9088K)->0K(9088K) From: 86K(1088K)->104K(1088K)
[2025-04-17T11:12:50.621+0000][1570.452s][info][gc,heap        ] GC(1030) Tenured: 14771K(22468K)->14772K(22468K)
[2025-04-17T11:12:50.621+0000][1570.452s][info][gc,metaspace   ] GC(1030) Metaspace: 37454K(37760K)->37454K(37760K) NonClass: 33029K(33152K)->33029K(33152K) Class: 4425K(4608K)->4425K(4608K)
[2025-04-17T11:12:50.621+0000][1570.452s][info][gc             ] GC(1030) Pause Young (Allocation Failure) 23M->14M(31M) 1.267ms
[2025-04-17T11:12:50.621+0000][1570.452s][info][gc,cpu         ] GC(1030) User=0.00s Sys=0.00s Real=0.00s
[2025-04-17T11:12:52.173+0000][1572.003s][info][gc,start       ] GC(1031) Pause Young (Allocation Failure)
[2025-04-17T11:12:52.174+0000][1572.004s][info][gc,heap        ] GC(1031) DefNew: 9192K(10176K)->86K(10176K) Eden: 9088K(9088K)->0K(9088K) From: 104K(1088K)->86K(1088K)
[2025-04-17T11:12:52.174+0000][1572.004s][info][gc,heap        ] GC(1031) Tenured: 14772K(22468K)->14772K(22468K)
[2025-04-17T11:12:52.174+0000][1572.004s][info][gc,metaspace   ] GC(1031) Metaspace: 37454K(37760K)->37454K(37760K) NonClass: 33029K(33152K)->33029K(33152K) Class: 4425K(4608K)->4425K(4608K)
[2025-04-17T11:12:52.174+0000][1572.004s][info][gc             ] GC(1031) Pause Young (Allocation Failure) 23M->14M(31M) 1.308ms
[2025-04-17T11:12:52.174+0000][1572.004s][info][gc,cpu         ] GC(1031) User=0.00s Sys=0.00s Real=0.01s
[2025-04-17T11:12:53.779+0000][1573.610s][info][gc,start       ] GC(1032) Pause Young (Allocation Failure)
[2025-04-17T11:12:53.781+0000][1573.611s][info][gc,heap        ] GC(1032) DefNew: 9174K(10176K)->90K(10176K) Eden: 9088K(9088K)->0K(9088K) From: 86K(1088K)->90K(1088K)
[2025-04-17T11:12:53.781+0000][1573.611s][info][gc,heap        ] GC(1032) Tenured: 14772K(22468K)->14772K(22468K)
[2025-04-17T11:12:53.781+0000][1573.611s][info][gc,metaspace   ] GC(1032) Metaspace: 37454K(37760K)->37454K(37760K) NonClass: 33029K(33152K)->33029K(33152K) Class: 4425K(4608K)->4425K(4608K)
[2025-04-17T11:12:53.781+0000][1573.611s][info][gc             ] GC(1032) Pause Young (Allocation Failure) 23M->14M(31M) 1.299ms
[2025-04-17T11:12:53.781+0000][1573.611s][info][gc,cpu         ] GC(1032) User=0.00s Sys=0.00s Real=0.00s
[2025-04-17T11:12:55.444+0000][1575.274s][info][gc,start       ] GC(1033) Pause Young (Allocation Failure)
[2025-04-17T11:12:55.445+0000][1575.275s][info][gc,heap        ] GC(1033) DefNew: 9178K(10176K)->83K(10176K) Eden: 9088K(9088K)->0K(9088K) From: 90K(1088K)->83K(1088K)
[2025-04-17T11:12:55.445+0000][1575.275s][info][gc,heap        ] GC(1033) Tenured: 14772K(22468K)->14776K(22468K)
[2025-04-17T11:12:55.445+0000][1575.275s][info][gc,metaspace   ] GC(1033) Metaspace: 37454K(37760K)->37454K(37760K) NonClass: 33029K(33152K)->33029K(33152K) Class: 4425K(4608K)->4425K(4608K)
[2025-04-17T11:12:55.445+0000][1575.275s][info][gc             ] GC(1033) Pause Young (Allocation Failure) 23M->14M(31M) 1.285ms
[2025-04-17T11:12:55.445+0000][1575.275s][info][gc,cpu         ] GC(1033) User=0.00s Sys=0.00s Real=0.00s
[2025-04-17T11:12:56.870+0000][1576.700s][info][gc,start       ] GC(1034) Pause Young (Allocation Failure)
[2025-04-17T11:12:56.871+0000][1576.701s][info][gc,heap        ] GC(1034) DefNew: 9171K(10176K)->97K(10176K) Eden: 9088K(9088K)->0K(9088K) From: 83K(1088K)->97K(1088K)
[2025-04-17T11:12:56.871+0000][1576.701s][info][gc,heap        ] GC(1034) Tenured: 14776K(22468K)->14779K(22468K)
[2025-04-17T11:12:56.871+0000][1576.701s][info][gc,metaspace   ] GC(1034) Metaspace: 37454K(37760K)->37454K(37760K) NonClass: 33029K(33152K)->33029K(33152K) Class: 4425K(4608K)->4425K(4608K)
[2025-04-17T11:12:56.871+0000][1576.701s][info][gc             ] GC(1034) Pause Young (Allocation Failure) 23M->14M(31M) 1.339ms
[2025-04-17T11:12:56.871+0000][1576.701s][info][gc,cpu         ] GC(1034) User=0.00s Sys=0.00s Real=0.00s
[2025-04-17T11:12:58.307+0000][1578.137s][info][gc,start       ] GC(1035) Pause Young (Allocation Failure)
[2025-04-17T11:12:58.308+0000][1578.138s][info][gc,heap        ] GC(1035) DefNew: 9185K(10176K)->80K(10176K) Eden: 9088K(9088K)->0K(9088K) From: 97K(1088K)->80K(1088K)
[2025-04-17T11:12:58.308+0000][1578.138s][info][gc,heap        ] GC(1035) Tenured: 14779K(22468K)->14780K(22468K)
[2025-04-17T11:12:58.308+0000][1578.138s][info][gc,metaspace   ] GC(1035) Metaspace: 37454K(37760K)->37454K(37760K) NonClass: 33029K(33152K)->33029K(33152K) Class: 4425K(4608K)->4425K(4608K)
[2025-04-17T11:12:58.308+0000][1578.138s][info][gc             ] GC(1035) Pause Young (Allocation Failure) 23M->14M(31M) 1.298ms
[2025-04-17T11:12:58.308+0000][1578.138s][info][gc,cpu         ] GC(1035) User=0.00s Sys=0.00s Real=0.00s
[2025-04-17T11:12:59.835+0000][1579.665s][info][gc,start       ] GC(1036) Pause Young (Allocation Failure)
[2025-04-17T11:12:59.836+0000][1579.666s][info][gc,heap        ] GC(1036) DefNew: 9168K(10176K)->85K(10176K) Eden: 9088K(9088K)->0K(9088K) From: 80K(1088K)->85K(1088K)
[2025-04-17T11:12:59.836+0000][1579.666s][info][gc,heap        ] GC(1036) Tenured: 14780K(22468K)->14780K(22468K)
[2025-04-17T11:12:59.836+0000][1579.666s][info][gc,metaspace   ] GC(1036) Metaspace: 37454K(37760K)->37454K(37760K) NonClass: 33029K(33152K)->33029K(33152K) Class: 4425K(4608K)->4425K(4608K)
[2025-04-17T11:12:59.836+0000][1579.666s][info][gc             ] GC(1036) Pause Young (Allocation Failure) 23M->14M(31M) 1.245ms
[2025-04-17T11:12:59.836+0000][1579.666s][info][gc,cpu         ] GC(1036) User=0.00s Sys=0.00s Real=0.00s
[2025-04-17T11:13:01.424+0000][1581.254s][info][gc,start       ] GC(1037) Pause Young (Allocation Failure)
[2025-04-17T11:13:01.426+0000][1581.256s][info][gc,heap        ] GC(1037) DefNew: 9173K(10176K)->84K(10176K) Eden: 9088K(9088K)->0K(9088K) From: 85K(1088K)->84K(1088K)
[2025-04-17T11:13:01.426+0000][1581.256s][info][gc,heap        ] GC(1037) Tenured: 14780K(22468K)->14781K(22468K)
[2025-04-17T11:13:01.426+0000][1581.256s][info][gc,metaspace   ] GC(1037) Metaspace: 37454K(37760K)->37454K(37760K) NonClass: 33029K(33152K)->33029K(33152K) Class: 4425K(4608K)->4425K(4608K)
[2025-04-17T11:13:01.426+0000][1581.256s][info][gc             ] GC(1037) Pause Young (Allocation Failure) 23M->14M(31M) 1.373ms
[2025-04-17T11:13:01.426+0000][1581.256s][info][gc,cpu         ] GC(1037) User=0.00s Sys=0.00s Real=0.00s
[2025-04-17T11:13:03.095+0000][1582.925s][info][gc,start       ] GC(1038) Pause Young (Allocation Failure)
[2025-04-17T11:13:03.096+0000][1582.926s][info][gc,heap        ] GC(1038) DefNew: 9172K(10176K)->96K(10176K) Eden: 9088K(9088K)->0K(9088K) From: 84K(1088K)->96K(1088K)
[2025-04-17T11:13:03.096+0000][1582.926s][info][gc,heap        ] GC(1038) Tenured: 14781K(22468K)->14782K(22468K)
[2025-04-17T11:13:03.096+0000][1582.926s][info][gc,metaspace   ] GC(1038) Metaspace: 37454K(37760K)->37454K(37760K) NonClass: 33029K(33152K)->33029K(33152K) Class: 4425K(4608K)->4425K(4608K)
[2025-04-17T11:13:03.096+0000][1582.926s][info][gc             ] GC(1038) Pause Young (Allocation Failure) 23M->14M(31M) 1.310ms
[2025-04-17T11:13:03.096+0000][1582.926s][info][gc,cpu         ] GC(1038) User=0.00s Sys=0.00s Real=0.00s
[2025-04-17T11:13:04.467+0000][1584.298s][info][gc,start       ] GC(1039) Pause Young (Allocation Failure)
[2025-04-17T11:13:04.469+0000][1584.299s][info][gc,heap        ] GC(1039) DefNew: 9179K(10176K)->86K(10176K) Eden: 9082K(9088K)->0K(9088K) From: 96K(1088K)->86K(1088K)
[2025-04-17T11:13:04.469+0000][1584.299s][info][gc,heap        ] GC(1039) Tenured: 14782K(22468K)->14784K(22468K)
[2025-04-17T11:13:04.469+0000][1584.299s][info][gc,metaspace   ] GC(1039) Metaspace: 37454K(37760K)->37454K(37760K) NonClass: 33029K(33152K)->33029K(33152K) Class: 4425K(4608K)->4425K(4608K)
[2025-04-17T11:13:04.469+0000][1584.299s][info][gc             ] GC(1039) Pause Young (Allocation Failure) 23M->14M(31M) 1.132ms
[2025-04-17T11:13:04.469+0000][1584.299s][info][gc,cpu         ] GC(1039) User=0.00s Sys=0.00s Real=0.00s
[2025-04-17T11:13:06.113+0000][1585.943s][info][gc,start       ] GC(1040) Pause Young (Allocation Failure)
[2025-04-17T11:13:06.114+0000][1585.944s][info][gc,heap        ] GC(1040) DefNew: 9174K(10176K)->77K(10176K) Eden: 9087K(9088K)->0K(9088K) From: 86K(1088K)->77K(1088K)
[2025-04-17T11:13:06.114+0000][1585.944s][info][gc,heap        ] GC(1040) Tenured: 14784K(22468K)->14784K(22468K)
[2025-04-17T11:13:06.114+0000][1585.944s][info][gc,metaspace   ] GC(1040) Metaspace: 37455K(37760K)->37455K(37760K) NonClass: 33029K(33152K)->33029K(33152K) Class: 4425K(4608K)->4425K(4608K)
[2025-04-17T11:13:06.114+0000][1585.944s][info][gc             ] GC(1040) Pause Young (Allocation Failure) 23M->14M(31M) 1.311ms
[2025-04-17T11:13:06.114+0000][1585.944s][info][gc,cpu         ] GC(1040) User=0.00s Sys=0.00s Real=0.01s
[2025-04-17T11:13:07.867+0000][1587.698s][info][gc,start       ] GC(1041) Pause Young (Allocation Failure)
[2025-04-17T11:13:07.869+0000][1587.699s][info][gc,heap        ] GC(1041) DefNew: 9165K(10176K)->78K(10176K) Eden: 9088K(9088K)->0K(9088K) From: 77K(1088K)->78K(1088K)
[2025-04-17T11:13:07.869+0000][1587.699s][info][gc,heap        ] GC(1041) Tenured: 14784K(22468K)->14784K(22468K)
[2025-04-17T11:13:07.869+0000][1587.699s][info][gc,metaspace   ] GC(1041) Metaspace: 37455K(37760K)->37455K(37760K) NonClass: 33029K(33152K)->33029K(33152K) Class: 4425K(4608K)->4425K(4608K)
[2025-04-17T11:13:07.869+0000][1587.699s][info][gc             ] GC(1041) Pause Young (Allocation Failure) 23M->14M(31M) 1.327ms
[2025-04-17T11:13:07.869+0000][1587.699s][info][gc,cpu         ] GC(1041) User=0.00s Sys=0.00s Real=0.00s
[2025-04-17T11:13:09.484+0000][1589.314s][info][gc,start       ] GC(1042) Pause Young (Allocation Failure)
[2025-04-17T11:13:09.485+0000][1589.315s][info][gc,heap        ] GC(1042) DefNew: 9166K(10176K)->99K(10176K) Eden: 9088K(9088K)->0K(9088K) From: 78K(1088K)->99K(1088K)
[2025-04-17T11:13:09.485+0000][1589.315s][info][gc,heap        ] GC(1042) Tenured: 14784K(22468K)->14785K(22468K)
[2025-04-17T11:13:09.485+0000][1589.315s][info][gc,metaspace   ] GC(1042) Metaspace: 37455K(37760K)->37455K(37760K) NonClass: 33029K(33152K)->33029K(33152K) Class: 4425K(4608K)->4425K(4608K)
[2025-04-17T11:13:09.485+0000][1589.315s][info][gc             ] GC(1042) Pause Young (Allocation Failure) 23M->14M(31M) 1.336ms
[2025-04-17T11:13:09.485+0000][1589.315s][info][gc,cpu         ] GC(1042) User=0.00s Sys=0.00s Real=0.01s
[2025-04-17T11:13:11.110+0000][1590.940s][info][gc,start       ] GC(1043) Pause Young (Allocation Failure)
[2025-04-17T11:13:11.111+0000][1590.941s][info][gc,heap        ] GC(1043) DefNew: 9187K(10176K)->86K(10176K) Eden: 9088K(9088K)->0K(9088K) From: 99K(1088K)->86K(1088K)
[2025-04-17T11:13:11.111+0000][1590.941s][info][gc,heap        ] GC(1043) Tenured: 14785K(22468K)->14785K(22468K)
[2025-04-17T11:13:11.111+0000][1590.941s][info][gc,metaspace   ] GC(1043) Metaspace: 37455K(37760K)->37455K(37760K) NonClass: 33029K(33152K)->33029K(33152K) Class: 4425K(4608K)->4425K(4608K)
[2025-04-17T11:13:11.111+0000][1590.941s][info][gc             ] GC(1043) Pause Young (Allocation Failure) 23M->14M(31M) 1.291ms
[2025-04-17T11:13:11.111+0000][1590.941s][info][gc,cpu         ] GC(1043) User=0.00s Sys=0.00s Real=0.00s
[2025-04-17T11:13:12.517+0000][1592.348s][info][gc,start       ] GC(1044) Pause Young (Allocation Failure)
[2025-04-17T11:13:12.519+0000][1592.349s][info][gc,heap        ] GC(1044) DefNew: 9174K(10176K)->78K(10176K) Eden: 9088K(9088K)->0K(9088K) From: 86K(1088K)->78K(1088K)
[2025-04-17T11:13:12.519+0000][1592.349s][info][gc,heap        ] GC(1044) Tenured: 14785K(22468K)->14785K(22468K)
[2025-04-17T11:13:12.519+0000][1592.349s][info][gc,metaspace   ] GC(1044) Metaspace: 37455K(37760K)->37455K(37760K) NonClass: 33029K(33152K)->33029K(33152K) Class: 4425K(4608K)->4425K(4608K)
[2025-04-17T11:13:12.519+0000][1592.349s][info][gc             ] GC(1044) Pause Young (Allocation Failure) 23M->14M(31M) 1.198ms
[2025-04-17T11:13:12.519+0000][1592.349s][info][gc,cpu         ] GC(1044) User=0.00s Sys=0.00s Real=0.00s
[2025-04-17T11:13:14.347+0000][1594.177s][info][gc,start       ] GC(1045) Pause Young (Allocation Failure)
[2025-04-17T11:13:14.348+0000][1594.178s][info][gc,heap        ] GC(1045) DefNew: 9166K(10176K)->89K(10176K) Eden: 9088K(9088K)->0K(9088K) From: 78K(1088K)->89K(1088K)
[2025-04-17T11:13:14.348+0000][1594.178s][info][gc,heap        ] GC(1045) Tenured: 14785K(22468K)->14788K(22468K)
[2025-04-17T11:13:14.348+0000][1594.178s][info][gc,metaspace   ] GC(1045) Metaspace: 37455K(37760K)->37455K(37760K) NonClass: 33029K(33152K)->33029K(33152K) Class: 4425K(4608K)->4425K(4608K)
[2025-04-17T11:13:14.348+0000][1594.178s][info][gc             ] GC(1045) Pause Young (Allocation Failure) 23M->14M(31M) 1.411ms
[2025-04-17T11:13:14.348+0000][1594.178s][info][gc,cpu         ] GC(1045) User=0.00s Sys=0.00s Real=0.00s
[2025-04-17T11:13:16.012+0000][1595.842s][info][gc,start       ] GC(1046) Pause Young (Allocation Failure)
[2025-04-17T11:13:16.013+0000][1595.843s][info][gc,heap        ] GC(1046) DefNew: 9177K(10176K)->81K(10176K) Eden: 9088K(9088K)->0K(9088K) From: 89K(1088K)->81K(1088K)
[2025-04-17T11:13:16.013+0000][1595.843s][info][gc,heap        ] GC(1046) Tenured: 14788K(22468K)->14788K(22468K)
[2025-04-17T11:13:16.013+0000][1595.843s][info][gc,metaspace   ] GC(1046) Metaspace: 37455K(37760K)->37455K(37760K) NonClass: 33029K(33152K)->33029K(33152K) Class: 4425K(4608K)->4425K(4608K)
[2025-04-17T11:13:16.013+0000][1595.843s][info][gc             ] GC(1046) Pause Young (Allocation Failure) 23M->14M(31M) 1.219ms
[2025-04-17T11:13:16.013+0000][1595.843s][info][gc,cpu         ] GC(1046) User=0.00s Sys=0.00s Real=0.00s
[2025-04-17T11:13:17.578+0000][1597.409s][info][gc,start       ] GC(1047) Pause Young (Allocation Failure)
[2025-04-17T11:13:17.580+0000][1597.410s][info][gc,heap        ] GC(1047) DefNew: 9169K(10176K)->95K(10176K) Eden: 9088K(9088K)->0K(9088K) From: 81K(1088K)->95K(1088K)
[2025-04-17T11:13:17.580+0000][1597.410s][info][gc,heap        ] GC(1047) Tenured: 14788K(22468K)->14788K(22468K)
[2025-04-17T11:13:17.580+0000][1597.410s][info][gc,metaspace   ] GC(1047) Metaspace: 37455K(37760K)->37455K(37760K) NonClass: 33029K(33152K)->33029K(33152K) Class: 4425K(4608K)->4425K(4608K)
[2025-04-17T11:13:17.580+0000][1597.410s][info][gc             ] GC(1047) Pause Young (Allocation Failure) 23M->14M(31M) 1.213ms
[2025-04-17T11:13:17.580+0000][1597.410s][info][gc,cpu         ] GC(1047) User=0.00s Sys=0.00s Real=0.00s
[2025-04-17T11:13:19.210+0000][1599.040s][info][gc,start       ] GC(1048) Pause Young (Allocation Failure)
[2025-04-17T11:13:19.211+0000][1599.041s][info][gc,heap        ] GC(1048) DefNew: 9183K(10176K)->92K(10176K) Eden: 9088K(9088K)->0K(9088K) From: 95K(1088K)->92K(1088K)
[2025-04-17T11:13:19.211+0000][1599.041s][info][gc,heap        ] GC(1048) Tenured: 14788K(22468K)->14788K(22468K)
[2025-04-17T11:13:19.211+0000][1599.041s][info][gc,metaspace   ] GC(1048) Metaspace: 37455K(37760K)->37455K(37760K) NonClass: 33029K(33152K)->33029K(33152K) Class: 4425K(4608K)->4425K(4608K)
[2025-04-17T11:13:19.211+0000][1599.041s][info][gc             ] GC(1048) Pause Young (Allocation Failure) 23M->14M(31M) 1.332ms
[2025-04-17T11:13:19.211+0000][1599.041s][info][gc,cpu         ] GC(1048) User=0.00s Sys=0.00s Real=0.00s
[2025-04-17T11:13:20.465+0000][1600.295s][info][gc,start       ] GC(1049) Pause Young (Allocation Failure)
[2025-04-17T11:13:20.466+0000][1600.296s][info][gc,heap        ] GC(1049) DefNew: 9180K(10176K)->75K(10176K) Eden: 9088K(9088K)->0K(9088K) From: 92K(1088K)->75K(1088K)
[2025-04-17T11:13:20.466+0000][1600.296s][info][gc,heap        ] GC(1049) Tenured: 14788K(22468K)->14789K(22468K)
[2025-04-17T11:13:20.466+0000][1600.296s][info][gc,metaspace   ] GC(1049) Metaspace: 37455K(37760K)->37455K(37760K) NonClass: 33029K(33152K)->33029K(33152K) Class: 4425K(4608K)->4425K(4608K)
[2025-04-17T11:13:20.466+0000][1600.296s][info][gc             ] GC(1049) Pause Young (Allocation Failure) 23M->14M(31M) 1.169ms
[2025-04-17T11:13:20.466+0000][1600.296s][info][gc,cpu         ] GC(1049) User=0.01s Sys=0.00s Real=0.00s
[2025-04-17T11:13:22.191+0000][1602.021s][info][gc,start       ] GC(1050) Pause Young (Allocation Failure)
[2025-04-17T11:13:22.192+0000][1602.022s][info][gc,heap        ] GC(1050) DefNew: 9163K(10176K)->77K(10176K) Eden: 9088K(9088K)->0K(9088K) From: 75K(1088K)->77K(1088K)
[2025-04-17T11:13:22.192+0000][1602.022s][info][gc,heap        ] GC(1050) Tenured: 14789K(22468K)->14789K(22468K)
[2025-04-17T11:13:22.192+0000][1602.022s][info][gc,metaspace   ] GC(1050) Metaspace: 37455K(37760K)->37455K(37760K) NonClass: 33029K(33152K)->33029K(33152K) Class: 4425K(4608K)->4425K(4608K)
[2025-04-17T11:13:22.192+0000][1602.022s][info][gc             ] GC(1050) Pause Young (Allocation Failure) 23M->14M(31M) 1.193ms
[2025-04-17T11:13:22.192+0000][1602.022s][info][gc,cpu         ] GC(1050) User=0.00s Sys=0.00s Real=0.00s
[2025-04-17T11:13:23.712+0000][1603.542s][info][gc,start       ] GC(1051) Pause Young (Allocation Failure)
[2025-04-17T11:13:23.713+0000][1603.543s][info][gc,heap        ] GC(1051) DefNew: 9165K(10176K)->91K(10176K) Eden: 9088K(9088K)->0K(9088K) From: 77K(1088K)->91K(1088K)
[2025-04-17T11:13:23.713+0000][1603.543s][info][gc,heap        ] GC(1051) Tenured: 14789K(22468K)->14790K(22468K)
[2025-04-17T11:13:23.713+0000][1603.543s][info][gc,metaspace   ] GC(1051) Metaspace: 37455K(37760K)->37455K(37760K) NonClass: 33029K(33152K)->33029K(33152K) Class: 4425K(4608K)->4425K(4608K)
[2025-04-17T11:13:23.713+0000][1603.543s][info][gc             ] GC(1051) Pause Young (Allocation Failure) 23M->14M(31M) 1.292ms
[2025-04-17T11:13:23.713+0000][1603.543s][info][gc,cpu         ] GC(1051) User=0.00s Sys=0.00s Real=0.00s
[2025-04-17T11:13:25.429+0000][1605.260s][info][gc,start       ] GC(1052) Pause Young (Allocation Failure)
[2025-04-17T11:13:25.431+0000][1605.261s][info][gc,heap        ] GC(1052) DefNew: 9179K(10176K)->75K(10176K) Eden: 9088K(9088K)->0K(9088K) From: 91K(1088K)->75K(1088K)
[2025-04-17T11:13:25.431+0000][1605.261s][info][gc,heap        ] GC(1052) Tenured: 14790K(22468K)->14790K(22468K)
[2025-04-17T11:13:25.431+0000][1605.261s][info][gc,metaspace   ] GC(1052) Metaspace: 37455K(37760K)->37455K(37760K) NonClass: 33029K(33152K)->33029K(33152K) Class: 4425K(4608K)->4425K(4608K)
[2025-04-17T11:13:25.431+0000][1605.261s][info][gc             ] GC(1052) Pause Young (Allocation Failure) 23M->14M(31M) 1.232ms
[2025-04-17T11:13:25.431+0000][1605.261s][info][gc,cpu         ] GC(1052) User=0.00s Sys=0.00s Real=0.00s
[2025-04-17T11:13:26.870+0000][1606.700s][info][gc,start       ] GC(1053) Pause Young (Allocation Failure)
[2025-04-17T11:13:26.871+0000][1606.701s][info][gc,heap        ] GC(1053) DefNew: 9163K(10176K)->78K(10176K) Eden: 9088K(9088K)->0K(9088K) From: 75K(1088K)->78K(1088K)
[2025-04-17T11:13:26.871+0000][1606.701s][info][gc,heap        ] GC(1053) Tenured: 14790K(22468K)->14790K(22468K)
[2025-04-17T11:13:26.871+0000][1606.701s][info][gc,metaspace   ] GC(1053) Metaspace: 37455K(37760K)->37455K(37760K) NonClass: 33029K(33152K)->33029K(33152K) Class: 4425K(4608K)->4425K(4608K)
[2025-04-17T11:13:26.871+0000][1606.701s][info][gc             ] GC(1053) Pause Young (Allocation Failure) 23M->14M(31M) 1.261ms
[2025-04-17T11:13:26.871+0000][1606.701s][info][gc,cpu         ] GC(1053) User=0.00s Sys=0.00s Real=0.00s
[2025-04-17T11:13:28.443+0000][1608.274s][info][gc,start       ] GC(1054) Pause Young (Allocation Failure)
[2025-04-17T11:13:28.445+0000][1608.275s][info][gc,heap        ] GC(1054) DefNew: 9166K(10176K)->74K(10176K) Eden: 9088K(9088K)->0K(9088K) From: 78K(1088K)->74K(1088K)
[2025-04-17T11:13:28.445+0000][1608.275s][info][gc,heap        ] GC(1054) Tenured: 14790K(22468K)->14790K(22468K)
[2025-04-17T11:13:28.445+0000][1608.275s][info][gc,metaspace   ] GC(1054) Metaspace: 37455K(37760K)->37455K(37760K) NonClass: 33029K(33152K)->33029K(33152K) Class: 4425K(4608K)->4425K(4608K)
[2025-04-17T11:13:28.445+0000][1608.275s][info][gc             ] GC(1054) Pause Young (Allocation Failure) 23M->14M(31M) 1.204ms
[2025-04-17T11:13:28.445+0000][1608.275s][info][gc,cpu         ] GC(1054) User=0.00s Sys=0.00s Real=0.01s
[2025-04-17T11:13:30.017+0000][1609.847s][info][gc,start       ] GC(1055) Pause Young (Allocation Failure)
[2025-04-17T11:13:30.018+0000][1609.849s][info][gc,heap        ] GC(1055) DefNew: 9162K(10176K)->91K(10176K) Eden: 9088K(9088K)->0K(9088K) From: 74K(1088K)->91K(1088K)
[2025-04-17T11:13:30.018+0000][1609.849s][info][gc,heap        ] GC(1055) Tenured: 14790K(22468K)->14790K(22468K)
[2025-04-17T11:13:30.018+0000][1609.849s][info][gc,metaspace   ] GC(1055) Metaspace: 37455K(37760K)->37455K(37760K) NonClass: 33029K(33152K)->33029K(33152K) Class: 4425K(4608K)->4425K(4608K)
[2025-04-17T11:13:30.018+0000][1609.849s][info][gc             ] GC(1055) Pause Young (Allocation Failure) 23M->14M(31M) 1.213ms
[2025-04-17T11:13:30.018+0000][1609.849s][info][gc,cpu         ] GC(1055) User=0.00s Sys=0.00s Real=0.00s
[2025-04-17T11:13:31.858+0000][1611.688s][info][gc,start       ] GC(1056) Pause Young (Allocation Failure)
[2025-04-17T11:13:31.859+0000][1611.689s][info][gc,heap        ] GC(1056) DefNew: 9179K(10176K)->73K(10176K) Eden: 9088K(9088K)->0K(9088K) From: 91K(1088K)->73K(1088K)
[2025-04-17T11:13:31.859+0000][1611.689s][info][gc,heap        ] GC(1056) Tenured: 14790K(22468K)->14790K(22468K)
[2025-04-17T11:13:31.859+0000][1611.689s][info][gc,metaspace   ] GC(1056) Metaspace: 37455K(37760K)->37455K(37760K) NonClass: 33029K(33152K)->33029K(33152K) Class: 4425K(4608K)->4425K(4608K)
[2025-04-17T11:13:31.859+0000][1611.689s][info][gc             ] GC(1056) Pause Young (Allocation Failure) 23M->14M(31M) 1.192ms
[2025-04-17T11:13:31.859+0000][1611.689s][info][gc,cpu         ] GC(1056) User=0.00s Sys=0.00s Real=0.00s
[2025-04-17T11:13:33.272+0000][1613.102s][info][gc,start       ] GC(1057) Pause Young (Allocation Failure)
[2025-04-17T11:13:33.273+0000][1613.103s][info][gc,heap        ] GC(1057) DefNew: 9161K(10176K)->75K(10176K) Eden: 9088K(9088K)->0K(9088K) From: 73K(1088K)->75K(1088K)
[2025-04-17T11:13:33.273+0000][1613.103s][info][gc,heap        ] GC(1057) Tenured: 14790K(22468K)->14791K(22468K)
[2025-04-17T11:13:33.273+0000][1613.103s][info][gc,metaspace   ] GC(1057) Metaspace: 37455K(37760K)->37455K(37760K) NonClass: 33029K(33152K)->33029K(33152K) Class: 4425K(4608K)->4425K(4608K)
[2025-04-17T11:13:33.273+0000][1613.103s][info][gc             ] GC(1057) Pause Young (Allocation Failure) 23M->14M(31M) 1.202ms
[2025-04-17T11:13:33.273+0000][1613.103s][info][gc,cpu         ] GC(1057) User=0.00s Sys=0.00s Real=0.00s
[2025-04-17T11:13:34.730+0000][1614.560s][info][gc,start       ] GC(1058) Pause Young (Allocation Failure)
[2025-04-17T11:13:34.731+0000][1614.561s][info][gc,heap        ] GC(1058) DefNew: 9163K(10176K)->98K(10176K) Eden: 9088K(9088K)->0K(9088K) From: 75K(1088K)->98K(1088K)
[2025-04-17T11:13:34.731+0000][1614.561s][info][gc,heap        ] GC(1058) Tenured: 14791K(22468K)->14791K(22468K)
[2025-04-17T11:13:34.731+0000][1614.561s][info][gc,metaspace   ] GC(1058) Metaspace: 37455K(37760K)->37455K(37760K) NonClass: 33029K(33152K)->33029K(33152K) Class: 4425K(4608K)->4425K(4608K)
[2025-04-17T11:13:34.731+0000][1614.561s][info][gc             ] GC(1058) Pause Young (Allocation Failure) 23M->14M(31M) 1.340ms
[2025-04-17T11:13:34.731+0000][1614.561s][info][gc,cpu         ] GC(1058) User=0.00s Sys=0.00s Real=0.00s
[2025-04-17T11:13:36.722+0000][1616.552s][info][gc,start       ] GC(1059) Pause Young (Allocation Failure)
[2025-04-17T11:13:36.725+0000][1616.555s][info][gc,heap        ] GC(1059) DefNew: 9186K(10176K)->86K(10176K) Eden: 9087K(9088K)->0K(9088K) From: 98K(1088K)->86K(1088K)
[2025-04-17T11:13:36.725+0000][1616.555s][info][gc,heap        ] GC(1059) Tenured: 14791K(22468K)->14791K(22468K)
[2025-04-17T11:13:36.725+0000][1616.555s][info][gc,metaspace   ] GC(1059) Metaspace: 37455K(37760K)->37455K(37760K) NonClass: 33029K(33152K)->33029K(33152K) Class: 4425K(4608K)->4425K(4608K)
[2025-04-17T11:13:36.725+0000][1616.555s][info][gc             ] GC(1059) Pause Young (Allocation Failure) 23M->14M(31M) 2.879ms
[2025-04-17T11:13:36.725+0000][1616.555s][info][gc,cpu         ] GC(1059) User=0.00s Sys=0.00s Real=0.01s
[2025-04-17T11:13:38.342+0000][1618.172s][info][gc,start       ] GC(1060) Pause Young (Allocation Failure)
[2025-04-17T11:13:38.343+0000][1618.173s][info][gc,heap        ] GC(1060) DefNew: 9174K(10176K)->76K(10176K) Eden: 9088K(9088K)->0K(9088K) From: 86K(1088K)->76K(1088K)
[2025-04-17T11:13:38.343+0000][1618.173s][info][gc,heap        ] GC(1060) Tenured: 14791K(22468K)->14793K(22468K)
[2025-04-17T11:13:38.343+0000][1618.173s][info][gc,metaspace   ] GC(1060) Metaspace: 37455K(37760K)->37455K(37760K) NonClass: 33029K(33152K)->33029K(33152K) Class: 4425K(4608K)->4425K(4608K)
[2025-04-17T11:13:38.343+0000][1618.173s][info][gc             ] GC(1060) Pause Young (Allocation Failure) 23M->14M(31M) 1.296ms
[2025-04-17T11:13:38.343+0000][1618.173s][info][gc,cpu         ] GC(1060) User=0.00s Sys=0.00s Real=0.00s
[2025-04-17T11:13:39.692+0000][1619.522s][info][gc,start       ] GC(1061) Pause Young (Allocation Failure)
[2025-04-17T11:13:39.693+0000][1619.523s][info][gc,heap        ] GC(1061) DefNew: 9164K(10176K)->79K(10176K) Eden: 9088K(9088K)->0K(9088K) From: 76K(1088K)->79K(1088K)
[2025-04-17T11:13:39.693+0000][1619.523s][info][gc,heap        ] GC(1061) Tenured: 14793K(22468K)->14794K(22468K)
[2025-04-17T11:13:39.693+0000][1619.523s][info][gc,metaspace   ] GC(1061) Metaspace: 37455K(37760K)->37455K(37760K) NonClass: 33029K(33152K)->33029K(33152K) Class: 4425K(4608K)->4425K(4608K)
[2025-04-17T11:13:39.693+0000][1619.523s][info][gc             ] GC(1061) Pause Young (Allocation Failure) 23M->14M(31M) 1.300ms
[2025-04-17T11:13:39.693+0000][1619.523s][info][gc,cpu         ] GC(1061) User=0.00s Sys=0.00s Real=0.00s
[2025-04-17T11:13:41.478+0000][1621.308s][info][gc,start       ] GC(1062) Pause Young (Allocation Failure)
[2025-04-17T11:13:41.479+0000][1621.309s][info][gc,heap        ] GC(1062) DefNew: 9167K(10176K)->88K(10176K) Eden: 9088K(9088K)->0K(9088K) From: 79K(1088K)->88K(1088K)
[2025-04-17T11:13:41.479+0000][1621.309s][info][gc,heap        ] GC(1062) Tenured: 14794K(22468K)->14794K(22468K)
[2025-04-17T11:13:41.479+0000][1621.309s][info][gc,metaspace   ] GC(1062) Metaspace: 37455K(37760K)->37455K(37760K) NonClass: 33029K(33152K)->33029K(33152K) Class: 4425K(4608K)->4425K(4608K)
[2025-04-17T11:13:41.479+0000][1621.309s][info][gc             ] GC(1062) Pause Young (Allocation Failure) 23M->14M(31M) 1.176ms
[2025-04-17T11:13:41.479+0000][1621.309s][info][gc,cpu         ] GC(1062) User=0.00s Sys=0.00s Real=0.00s
[2025-04-17T11:13:43.020+0000][1622.850s][info][gc,start       ] GC(1063) Pause Young (Allocation Failure)
[2025-04-17T11:13:43.021+0000][1622.851s][info][gc,heap        ] GC(1063) DefNew: 9176K(10176K)->71K(10176K) Eden: 9088K(9088K)->0K(9088K) From: 88K(1088K)->71K(1088K)
[2025-04-17T11:13:43.021+0000][1622.851s][info][gc,heap        ] GC(1063) Tenured: 14794K(22468K)->14794K(22468K)
[2025-04-17T11:13:43.021+0000][1622.851s][info][gc,metaspace   ] GC(1063) Metaspace: 37455K(37760K)->37455K(37760K) NonClass: 33029K(33152K)->33029K(33152K) Class: 4425K(4608K)->4425K(4608K)
[2025-04-17T11:13:43.021+0000][1622.851s][info][gc             ] GC(1063) Pause Young (Allocation Failure) 23M->14M(31M) 1.209ms
[2025-04-17T11:13:43.021+0000][1622.851s][info][gc,cpu         ] GC(1063) User=0.00s Sys=0.00s Real=0.00s
[2025-04-17T11:13:44.444+0000][1624.274s][info][gc,start       ] GC(1064) Pause Young (Allocation Failure)
[2025-04-17T11:13:44.445+0000][1624.275s][info][gc,heap        ] GC(1064) DefNew: 9159K(10176K)->72K(10176K) Eden: 9088K(9088K)->0K(9088K) From: 71K(1088K)->72K(1088K)
[2025-04-17T11:13:44.445+0000][1624.275s][info][gc,heap        ] GC(1064) Tenured: 14794K(22468K)->14794K(22468K)
[2025-04-17T11:13:44.445+0000][1624.275s][info][gc,metaspace   ] GC(1064) Metaspace: 37455K(37760K)->37455K(37760K) NonClass: 33029K(33152K)->33029K(33152K) Class: 4425K(4608K)->4425K(4608K)
[2025-04-17T11:13:44.445+0000][1624.275s][info][gc             ] GC(1064) Pause Young (Allocation Failure) 23M->14M(31M) 1.236ms
[2025-04-17T11:13:44.445+0000][1624.275s][info][gc,cpu         ] GC(1064) User=0.00s Sys=0.00s Real=0.01s
[2025-04-17T11:13:45.954+0000][1625.784s][info][gc,start       ] GC(1065) Pause Young (Allocation Failure)
[2025-04-17T11:13:45.955+0000][1625.785s][info][gc,heap        ] GC(1065) DefNew: 9160K(10176K)->81K(10176K) Eden: 9088K(9088K)->0K(9088K) From: 72K(1088K)->81K(1088K)
[2025-04-17T11:13:45.955+0000][1625.785s][info][gc,heap        ] GC(1065) Tenured: 14794K(22468K)->14794K(22468K)
[2025-04-17T11:13:45.955+0000][1625.785s][info][gc,metaspace   ] GC(1065) Metaspace: 37455K(37760K)->37455K(37760K) NonClass: 33029K(33152K)->33029K(33152K) Class: 4425K(4608K)->4425K(4608K)
[2025-04-17T11:13:45.955+0000][1625.785s][info][gc             ] GC(1065) Pause Young (Allocation Failure) 23M->14M(31M) 1.228ms
[2025-04-17T11:13:45.955+0000][1625.785s][info][gc,cpu         ] GC(1065) User=0.00s Sys=0.00s Real=0.01s
[2025-04-17T11:13:47.520+0000][1627.350s][info][gc,start       ] GC(1066) Pause Young (Allocation Failure)
[2025-04-17T11:13:47.521+0000][1627.351s][info][gc,heap        ] GC(1066) DefNew: 9169K(10176K)->87K(10176K) Eden: 9088K(9088K)->0K(9088K) From: 81K(1088K)->87K(1088K)
[2025-04-17T11:13:47.521+0000][1627.351s][info][gc,heap        ] GC(1066) Tenured: 14794K(22468K)->14794K(22468K)
[2025-04-17T11:13:47.521+0000][1627.351s][info][gc,metaspace   ] GC(1066) Metaspace: 37455K(37760K)->37455K(37760K) NonClass: 33029K(33152K)->33029K(33152K) Class: 4425K(4608K)->4425K(4608K)
[2025-04-17T11:13:47.521+0000][1627.351s][info][gc             ] GC(1066) Pause Young (Allocation Failure) 23M->14M(31M) 1.174ms
[2025-04-17T11:13:47.521+0000][1627.351s][info][gc,cpu         ] GC(1066) User=0.00s Sys=0.00s Real=0.00s
[2025-04-17T11:13:49.123+0000][1628.953s][info][gc,start       ] GC(1067) Pause Young (Allocation Failure)
[2025-04-17T11:13:49.124+0000][1628.954s][info][gc,heap        ] GC(1067) DefNew: 9175K(10176K)->71K(10176K) Eden: 9088K(9088K)->0K(9088K) From: 87K(1088K)->71K(1088K)
[2025-04-17T11:13:49.124+0000][1628.954s][info][gc,heap        ] GC(1067) Tenured: 14794K(22468K)->14794K(22468K)
[2025-04-17T11:13:49.124+0000][1628.954s][info][gc,metaspace   ] GC(1067) Metaspace: 37455K(37760K)->37455K(37760K) NonClass: 33029K(33152K)->33029K(33152K) Class: 4425K(4608K)->4425K(4608K)
[2025-04-17T11:13:49.124+0000][1628.954s][info][gc             ] GC(1067) Pause Young (Allocation Failure) 23M->14M(31M) 1.275ms
[2025-04-17T11:13:49.124+0000][1628.954s][info][gc,cpu         ] GC(1067) User=0.00s Sys=0.00s Real=0.01s
[2025-04-17T11:13:50.620+0000][1630.450s][info][gc,start       ] GC(1068) Pause Young (Allocation Failure)
[2025-04-17T11:13:50.621+0000][1630.451s][info][gc,heap        ] GC(1068) DefNew: 9159K(10176K)->72K(10176K) Eden: 9088K(9088K)->0K(9088K) From: 71K(1088K)->72K(1088K)
[2025-04-17T11:13:50.621+0000][1630.451s][info][gc,heap        ] GC(1068) Tenured: 14794K(22468K)->14794K(22468K)
[2025-04-17T11:13:50.621+0000][1630.451s][info][gc,metaspace   ] GC(1068) Metaspace: 37455K(37760K)->37455K(37760K) NonClass: 33029K(33152K)->33029K(33152K) Class: 4425K(4608K)->4425K(4608K)
[2025-04-17T11:13:50.621+0000][1630.451s][info][gc             ] GC(1068) Pause Young (Allocation Failure) 23M->14M(31M) 1.195ms
[2025-04-17T11:13:50.621+0000][1630.451s][info][gc,cpu         ] GC(1068) User=0.00s Sys=0.00s Real=0.00s
[2025-04-17T11:13:52.245+0000][1632.076s][info][gc,start       ] GC(1069) Pause Young (Allocation Failure)
[2025-04-17T11:13:52.247+0000][1632.077s][info][gc,heap        ] GC(1069) DefNew: 9160K(10176K)->82K(10176K) Eden: 9088K(9088K)->0K(9088K) From: 72K(1088K)->82K(1088K)
[2025-04-17T11:13:52.247+0000][1632.077s][info][gc,heap        ] GC(1069) Tenured: 14794K(22468K)->14794K(22468K)
[2025-04-17T11:13:52.247+0000][1632.077s][info][gc,metaspace   ] GC(1069) Metaspace: 37455K(37760K)->37455K(37760K) NonClass: 33029K(33152K)->33029K(33152K) Class: 4425K(4608K)->4425K(4608K)
[2025-04-17T11:13:52.247+0000][1632.077s][info][gc             ] GC(1069) Pause Young (Allocation Failure) 23M->14M(31M) 1.297ms
[2025-04-17T11:13:52.247+0000][1632.077s][info][gc,cpu         ] GC(1069) User=0.00s Sys=0.00s Real=0.00s
[2025-04-17T11:13:53.618+0000][1633.448s][info][gc,start       ] GC(1070) Pause Young (Allocation Failure)
[2025-04-17T11:13:53.619+0000][1633.449s][info][gc,heap        ] GC(1070) DefNew: 9170K(10176K)->88K(10176K) Eden: 9088K(9088K)->0K(9088K) From: 82K(1088K)->88K(1088K)
[2025-04-17T11:13:53.619+0000][1633.449s][info][gc,heap        ] GC(1070) Tenured: 14794K(22468K)->14794K(22468K)
[2025-04-17T11:13:53.619+0000][1633.449s][info][gc,metaspace   ] GC(1070) Metaspace: 37455K(37760K)->37455K(37760K) NonClass: 33029K(33152K)->33029K(33152K) Class: 4425K(4608K)->4425K(4608K)
[2025-04-17T11:13:53.619+0000][1633.449s][info][gc             ] GC(1070) Pause Young (Allocation Failure) 23M->14M(31M) 1.306ms
[2025-04-17T11:13:53.619+0000][1633.449s][info][gc,cpu         ] GC(1070) User=0.00s Sys=0.00s Real=0.00s
[2025-04-17T11:13:55.186+0000][1635.016s][info][gc,start       ] GC(1071) Pause Young (Allocation Failure)
[2025-04-17T11:13:55.187+0000][1635.018s][info][gc,heap        ] GC(1071) DefNew: 9176K(10176K)->78K(10176K) Eden: 9088K(9088K)->0K(9088K) From: 88K(1088K)->78K(1088K)
[2025-04-17T11:13:55.187+0000][1635.018s][info][gc,heap        ] GC(1071) Tenured: 14794K(22468K)->14794K(22468K)
[2025-04-17T11:13:55.187+0000][1635.018s][info][gc,metaspace   ] GC(1071) Metaspace: 37455K(37760K)->37455K(37760K) NonClass: 33029K(33152K)->33029K(33152K) Class: 4425K(4608K)->4425K(4608K)
[2025-04-17T11:13:55.188+0000][1635.018s][info][gc             ] GC(1071) Pause Young (Allocation Failure) 23M->14M(31M) 1.272ms
[2025-04-17T11:13:55.188+0000][1635.018s][info][gc,cpu         ] GC(1071) User=0.00s Sys=0.00s Real=0.00s
[2025-04-17T11:13:56.654+0000][1636.484s][info][gc,start       ] GC(1072) Pause Young (Allocation Failure)
[2025-04-17T11:13:56.655+0000][1636.485s][info][gc,heap        ] GC(1072) DefNew: 9165K(10176K)->75K(10176K) Eden: 9087K(9088K)->0K(9088K) From: 78K(1088K)->75K(1088K)
[2025-04-17T11:13:56.655+0000][1636.485s][info][gc,heap        ] GC(1072) Tenured: 14794K(22468K)->14794K(22468K)
[2025-04-17T11:13:56.655+0000][1636.485s][info][gc,metaspace   ] GC(1072) Metaspace: 37455K(37760K)->37455K(37760K) NonClass: 33029K(33152K)->33029K(33152K) Class: 4425K(4608K)->4425K(4608K)
[2025-04-17T11:13:56.655+0000][1636.485s][info][gc             ] GC(1072) Pause Young (Allocation Failure) 23M->14M(31M) 1.198ms
[2025-04-17T11:13:56.655+0000][1636.485s][info][gc,cpu         ] GC(1072) User=0.00s Sys=0.00s Real=0.01s
[2025-04-17T11:13:58.326+0000][1638.156s][info][gc,start       ] GC(1073) Pause Young (Allocation Failure)
[2025-04-17T11:13:58.327+0000][1638.157s][info][gc,heap        ] GC(1073) DefNew: 9163K(10176K)->75K(10176K) Eden: 9088K(9088K)->0K(9088K) From: 75K(1088K)->75K(1088K)
[2025-04-17T11:13:58.327+0000][1638.157s][info][gc,heap        ] GC(1073) Tenured: 14794K(22468K)->14794K(22468K)
[2025-04-17T11:13:58.327+0000][1638.157s][info][gc,metaspace   ] GC(1073) Metaspace: 37455K(37760K)->37455K(37760K) NonClass: 33029K(33152K)->33029K(33152K) Class: 4425K(4608K)->4425K(4608K)
[2025-04-17T11:13:58.327+0000][1638.157s][info][gc             ] GC(1073) Pause Young (Allocation Failure) 23M->14M(31M) 1.296ms
[2025-04-17T11:13:58.327+0000][1638.157s][info][gc,cpu         ] GC(1073) User=0.01s Sys=0.00s Real=0.00s
[2025-04-17T11:13:59.989+0000][1639.819s][info][gc,start       ] GC(1074) Pause Young (Allocation Failure)
[2025-04-17T11:13:59.990+0000][1639.820s][info][gc,heap        ] GC(1074) DefNew: 9163K(10176K)->87K(10176K) Eden: 9088K(9088K)->0K(9088K) From: 75K(1088K)->87K(1088K)
[2025-04-17T11:13:59.990+0000][1639.820s][info][gc,heap        ] GC(1074) Tenured: 14794K(22468K)->14794K(22468K)
[2025-04-17T11:13:59.990+0000][1639.820s][info][gc,metaspace   ] GC(1074) Metaspace: 37455K(37760K)->37455K(37760K) NonClass: 33029K(33152K)->33029K(33152K) Class: 4425K(4608K)->4425K(4608K)
[2025-04-17T11:13:59.990+0000][1639.820s][info][gc             ] GC(1074) Pause Young (Allocation Failure) 23M->14M(31M) 1.319ms
[2025-04-17T11:13:59.990+0000][1639.820s][info][gc,cpu         ] GC(1074) User=0.00s Sys=0.00s Real=0.00s
[2025-04-17T11:14:01.868+0000][1641.698s][info][gc,start       ] GC(1075) Pause Young (Allocation Failure)
[2025-04-17T11:14:01.869+0000][1641.699s][info][gc,heap        ] GC(1075) DefNew: 9175K(10176K)->84K(10176K) Eden: 9088K(9088K)->0K(9088K) From: 87K(1088K)->84K(1088K)
[2025-04-17T11:14:01.869+0000][1641.699s][info][gc,heap        ] GC(1075) Tenured: 14794K(22468K)->14794K(22468K)
[2025-04-17T11:14:01.869+0000][1641.699s][info][gc,metaspace   ] GC(1075) Metaspace: 37455K(37760K)->37455K(37760K) NonClass: 33029K(33152K)->33029K(33152K) Class: 4425K(4608K)->4425K(4608K)
[2025-04-17T11:14:01.869+0000][1641.699s][info][gc             ] GC(1075) Pause Young (Allocation Failure) 23M->14M(31M) 1.321ms
[2025-04-17T11:14:01.869+0000][1641.699s][info][gc,cpu         ] GC(1075) User=0.00s Sys=0.00s Real=0.00s
[2025-04-17T11:14:03.301+0000][1643.131s][info][gc,start       ] GC(1076) Pause Young (Allocation Failure)
[2025-04-17T11:14:03.302+0000][1643.133s][info][gc,heap        ] GC(1076) DefNew: 9166K(10176K)->91K(10176K) Eden: 9082K(9088K)->0K(9088K) From: 84K(1088K)->91K(1088K)
[2025-04-17T11:14:03.302+0000][1643.133s][info][gc,heap        ] GC(1076) Tenured: 14794K(22468K)->14794K(22468K)
[2025-04-17T11:14:03.302+0000][1643.133s][info][gc,metaspace   ] GC(1076) Metaspace: 37455K(37760K)->37455K(37760K) NonClass: 33029K(33152K)->33029K(33152K) Class: 4425K(4608K)->4425K(4608K)
[2025-04-17T11:14:03.302+0000][1643.133s][info][gc             ] GC(1076) Pause Young (Allocation Failure) 23M->14M(31M) 1.372ms
[2025-04-17T11:14:03.302+0000][1643.133s][info][gc,cpu         ] GC(1076) User=0.00s Sys=0.00s Real=0.00s
[2025-04-17T11:14:04.860+0000][1644.690s][info][gc,start       ] GC(1077) Pause Young (Allocation Failure)
[2025-04-17T11:14:04.861+0000][1644.691s][info][gc,heap        ] GC(1077) DefNew: 9179K(10176K)->72K(10176K) Eden: 9087K(9088K)->0K(9088K) From: 91K(1088K)->72K(1088K)
[2025-04-17T11:14:04.861+0000][1644.691s][info][gc,heap        ] GC(1077) Tenured: 14794K(22468K)->14794K(22468K)
[2025-04-17T11:14:04.861+0000][1644.691s][info][gc,metaspace   ] GC(1077) Metaspace: 37455K(37760K)->37455K(37760K) NonClass: 33029K(33152K)->33029K(33152K) Class: 4425K(4608K)->4425K(4608K)
[2025-04-17T11:14:04.861+0000][1644.691s][info][gc             ] GC(1077) Pause Young (Allocation Failure) 23M->14M(31M) 1.326ms
[2025-04-17T11:14:04.861+0000][1644.691s][info][gc,cpu         ] GC(1077) User=0.00s Sys=0.00s Real=0.00s
[2025-04-17T11:14:06.499+0000][1646.329s][info][gc,start       ] GC(1078) Pause Young (Allocation Failure)
[2025-04-17T11:14:06.500+0000][1646.330s][info][gc,heap        ] GC(1078) DefNew: 9160K(10176K)->76K(10176K) Eden: 9088K(9088K)->0K(9088K) From: 72K(1088K)->76K(1088K)
[2025-04-17T11:14:06.500+0000][1646.330s][info][gc,heap        ] GC(1078) Tenured: 14794K(22468K)->14794K(22468K)
[2025-04-17T11:14:06.500+0000][1646.330s][info][gc,metaspace   ] GC(1078) Metaspace: 37455K(37760K)->37455K(37760K) NonClass: 33029K(33152K)->33029K(33152K) Class: 4425K(4608K)->4425K(4608K)
[2025-04-17T11:14:06.500+0000][1646.330s][info][gc             ] GC(1078) Pause Young (Allocation Failure) 23M->14M(31M) 1.199ms
[2025-04-17T11:14:06.500+0000][1646.330s][info][gc,cpu         ] GC(1078) User=0.00s Sys=0.00s Real=0.00s
[2025-04-17T11:14:08.258+0000][1648.088s][info][gc,start       ] GC(1079) Pause Young (Allocation Failure)
[2025-04-17T11:14:08.259+0000][1648.089s][info][gc,heap        ] GC(1079) DefNew: 9164K(10176K)->88K(10176K) Eden: 9088K(9088K)->0K(9088K) From: 76K(1088K)->88K(1088K)
[2025-04-17T11:14:08.259+0000][1648.089s][info][gc,heap        ] GC(1079) Tenured: 14794K(22468K)->14794K(22468K)
[2025-04-17T11:14:08.259+0000][1648.089s][info][gc,metaspace   ] GC(1079) Metaspace: 37455K(37760K)->37455K(37760K) NonClass: 33029K(33152K)->33029K(33152K) Class: 4425K(4608K)->4425K(4608K)
[2025-04-17T11:14:08.259+0000][1648.089s][info][gc             ] GC(1079) Pause Young (Allocation Failure) 23M->14M(31M) 1.314ms
[2025-04-17T11:14:08.259+0000][1648.089s][info][gc,cpu         ] GC(1079) User=0.01s Sys=0.00s Real=0.00s
[2025-04-17T11:14:09.601+0000][1649.431s][info][gc,start       ] GC(1080) Pause Young (Allocation Failure)
[2025-04-17T11:14:09.602+0000][1649.433s][info][gc,heap        ] GC(1080) DefNew: 9176K(10176K)->73K(10176K) Eden: 9088K(9088K)->0K(9088K) From: 88K(1088K)->73K(1088K)
[2025-04-17T11:14:09.602+0000][1649.433s][info][gc,heap        ] GC(1080) Tenured: 14794K(22468K)->14794K(22468K)
[2025-04-17T11:14:09.602+0000][1649.433s][info][gc,metaspace   ] GC(1080) Metaspace: 37455K(37760K)->37455K(37760K) NonClass: 33029K(33152K)->33029K(33152K) Class: 4425K(4608K)->4425K(4608K)
[2025-04-17T11:14:09.602+0000][1649.433s][info][gc             ] GC(1080) Pause Young (Allocation Failure) 23M->14M(31M) 1.236ms
[2025-04-17T11:14:09.602+0000][1649.433s][info][gc,cpu         ] GC(1080) User=0.01s Sys=0.00s Real=0.00s
[2025-04-17T11:14:11.259+0000][1651.089s][info][gc,start       ] GC(1081) Pause Young (Allocation Failure)
[2025-04-17T11:14:11.260+0000][1651.090s][info][gc,heap        ] GC(1081) DefNew: 9161K(10176K)->72K(10176K) Eden: 9088K(9088K)->0K(9088K) From: 73K(1088K)->72K(1088K)
[2025-04-17T11:14:11.260+0000][1651.090s][info][gc,heap        ] GC(1081) Tenured: 14794K(22468K)->14794K(22468K)
[2025-04-17T11:14:11.260+0000][1651.090s][info][gc,metaspace   ] GC(1081) Metaspace: 37455K(37760K)->37455K(37760K) NonClass: 33029K(33152K)->33029K(33152K) Class: 4425K(4608K)->4425K(4608K)
[2025-04-17T11:14:11.260+0000][1651.090s][info][gc             ] GC(1081) Pause Young (Allocation Failure) 23M->14M(31M) 1.296ms
[2025-04-17T11:14:11.260+0000][1651.090s][info][gc,cpu         ] GC(1081) User=0.00s Sys=0.00s Real=0.00s
[2025-04-17T11:14:12.813+0000][1652.644s][info][gc,start       ] GC(1082) Pause Young (Allocation Failure)
[2025-04-17T11:14:12.815+0000][1652.645s][info][gc,heap        ] GC(1082) DefNew: 9160K(10176K)->71K(10176K) Eden: 9088K(9088K)->0K(9088K) From: 72K(1088K)->71K(1088K)
[2025-04-17T11:14:12.815+0000][1652.645s][info][gc,heap        ] GC(1082) Tenured: 14794K(22468K)->14794K(22468K)
[2025-04-17T11:14:12.815+0000][1652.645s][info][gc,metaspace   ] GC(1082) Metaspace: 37455K(37760K)->37455K(37760K) NonClass: 33029K(33152K)->33029K(33152K) Class: 4425K(4608K)->4425K(4608K)
[2025-04-17T11:14:12.815+0000][1652.645s][info][gc             ] GC(1082) Pause Young (Allocation Failure) 23M->14M(31M) 1.311ms
[2025-04-17T11:14:12.815+0000][1652.645s][info][gc,cpu         ] GC(1082) User=0.00s Sys=0.00s Real=0.01s
[2025-04-17T11:14:14.236+0000][1654.067s][info][gc,start       ] GC(1083) Pause Young (Allocation Failure)
[2025-04-17T11:14:14.238+0000][1654.068s][info][gc,heap        ] GC(1083) DefNew: 9159K(10176K)->86K(10176K) Eden: 9088K(9088K)->0K(9088K) From: 71K(1088K)->86K(1088K)
[2025-04-17T11:14:14.238+0000][1654.068s][info][gc,heap        ] GC(1083) Tenured: 14794K(22468K)->14794K(22468K)
[2025-04-17T11:14:14.238+0000][1654.068s][info][gc,metaspace   ] GC(1083) Metaspace: 37455K(37760K)->37455K(37760K) NonClass: 33029K(33152K)->33029K(33152K) Class: 4425K(4608K)->4425K(4608K)
[2025-04-17T11:14:14.238+0000][1654.068s][info][gc             ] GC(1083) Pause Young (Allocation Failure) 23M->14M(31M) 1.220ms
[2025-04-17T11:14:14.238+0000][1654.068s][info][gc,cpu         ] GC(1083) User=0.01s Sys=0.00s Real=0.00s
[2025-04-17T11:14:16.244+0000][1656.074s][info][gc,start       ] GC(1084) Pause Young (Allocation Failure)
[2025-04-17T11:14:16.245+0000][1656.075s][info][gc,heap        ] GC(1084) DefNew: 9174K(10176K)->102K(10176K) Eden: 9088K(9088K)->0K(9088K) From: 86K(1088K)->102K(1088K)
[2025-04-17T11:14:16.245+0000][1656.075s][info][gc,heap        ] GC(1084) Tenured: 14794K(22468K)->14794K(22468K)
[2025-04-17T11:14:16.245+0000][1656.075s][info][gc,metaspace   ] GC(1084) Metaspace: 37455K(37760K)->37455K(37760K) NonClass: 33029K(33152K)->33029K(33152K) Class: 4425K(4608K)->4425K(4608K)
[2025-04-17T11:14:16.245+0000][1656.075s][info][gc             ] GC(1084) Pause Young (Allocation Failure) 23M->14M(31M) 1.243ms
[2025-04-17T11:14:16.245+0000][1656.075s][info][gc,cpu         ] GC(1084) User=0.01s Sys=0.00s Real=0.01s
[2025-04-17T11:14:17.877+0000][1657.707s][info][gc,start       ] GC(1085) Pause Young (Allocation Failure)
[2025-04-17T11:14:17.878+0000][1657.708s][info][gc,heap        ] GC(1085) DefNew: 9190K(10176K)->73K(10176K) Eden: 9088K(9088K)->0K(9088K) From: 102K(1088K)->73K(1088K)
[2025-04-17T11:14:17.878+0000][1657.708s][info][gc,heap        ] GC(1085) Tenured: 14794K(22468K)->14794K(22468K)
[2025-04-17T11:14:17.878+0000][1657.708s][info][gc,metaspace   ] GC(1085) Metaspace: 37455K(37760K)->37455K(37760K) NonClass: 33029K(33152K)->33029K(33152K) Class: 4425K(4608K)->4425K(4608K)
[2025-04-17T11:14:17.878+0000][1657.708s][info][gc             ] GC(1085) Pause Young (Allocation Failure) 23M->14M(31M) 1.342ms
[2025-04-17T11:14:17.878+0000][1657.709s][info][gc,cpu         ] GC(1085) User=0.00s Sys=0.00s Real=0.00s
[2025-04-17T11:14:19.340+0000][1659.170s][info][gc,start       ] GC(1086) Pause Young (Allocation Failure)
[2025-04-17T11:14:19.341+0000][1659.171s][info][gc,heap        ] GC(1086) DefNew: 9161K(10176K)->89K(10176K) Eden: 9088K(9088K)->0K(9088K) From: 73K(1088K)->89K(1088K)
[2025-04-17T11:14:19.341+0000][1659.171s][info][gc,heap        ] GC(1086) Tenured: 14794K(22468K)->14794K(22468K)
[2025-04-17T11:14:19.341+0000][1659.171s][info][gc,metaspace   ] GC(1086) Metaspace: 37455K(37760K)->37455K(37760K) NonClass: 33029K(33152K)->33029K(33152K) Class: 4425K(4608K)->4425K(4608K)
[2025-04-17T11:14:19.341+0000][1659.171s][info][gc             ] GC(1086) Pause Young (Allocation Failure) 23M->14M(31M) 1.192ms
[2025-04-17T11:14:19.341+0000][1659.171s][info][gc,cpu         ] GC(1086) User=0.01s Sys=0.00s Real=0.00s
[2025-04-17T11:14:20.999+0000][1660.829s][info][gc,start       ] GC(1087) Pause Young (Allocation Failure)
[2025-04-17T11:14:21.000+0000][1660.830s][info][gc,heap        ] GC(1087) DefNew: 9177K(10176K)->74K(10176K) Eden: 9087K(9088K)->0K(9088K) From: 89K(1088K)->74K(1088K)
[2025-04-17T11:14:21.000+0000][1660.830s][info][gc,heap        ] GC(1087) Tenured: 14794K(22468K)->14794K(22468K)
[2025-04-17T11:14:21.000+0000][1660.830s][info][gc,metaspace   ] GC(1087) Metaspace: 37455K(37760K)->37455K(37760K) NonClass: 33029K(33152K)->33029K(33152K) Class: 4425K(4608K)->4425K(4608K)
[2025-04-17T11:14:21.000+0000][1660.830s][info][gc             ] GC(1087) Pause Young (Allocation Failure) 23M->14M(31M) 1.581ms
[2025-04-17T11:14:21.000+0000][1660.830s][info][gc,cpu         ] GC(1087) User=0.00s Sys=0.00s Real=0.00s
[2025-04-17T11:14:22.625+0000][1662.455s][info][gc,start       ] GC(1088) Pause Young (Allocation Failure)
[2025-04-17T11:14:22.626+0000][1662.456s][info][gc,heap        ] GC(1088) DefNew: 9162K(10176K)->75K(10176K) Eden: 9088K(9088K)->0K(9088K) From: 74K(1088K)->75K(1088K)
[2025-04-17T11:14:22.626+0000][1662.456s][info][gc,heap        ] GC(1088) Tenured: 14794K(22468K)->14794K(22468K)
[2025-04-17T11:14:22.626+0000][1662.456s][info][gc,metaspace   ] GC(1088) Metaspace: 37455K(37760K)->37455K(37760K) NonClass: 33029K(33152K)->33029K(33152K) Class: 4425K(4608K)->4425K(4608K)
[2025-04-17T11:14:22.626+0000][1662.456s][info][gc             ] GC(1088) Pause Young (Allocation Failure) 23M->14M(31M) 1.233ms
[2025-04-17T11:14:22.626+0000][1662.456s][info][gc,cpu         ] GC(1088) User=0.00s Sys=0.00s Real=0.00s
[2025-04-17T11:14:24.118+0000][1663.948s][info][gc,start       ] GC(1089) Pause Young (Allocation Failure)
[2025-04-17T11:14:24.119+0000][1663.949s][info][gc,heap        ] GC(1089) DefNew: 9163K(10176K)->76K(10176K) Eden: 9087K(9088K)->0K(9088K) From: 75K(1088K)->76K(1088K)
[2025-04-17T11:14:24.119+0000][1663.949s][info][gc,heap        ] GC(1089) Tenured: 14794K(22468K)->14794K(22468K)
[2025-04-17T11:14:24.119+0000][1663.949s][info][gc,metaspace   ] GC(1089) Metaspace: 37455K(37760K)->37455K(37760K) NonClass: 33029K(33152K)->33029K(33152K) Class: 4425K(4608K)->4425K(4608K)
[2025-04-17T11:14:24.119+0000][1663.949s][info][gc             ] GC(1089) Pause Young (Allocation Failure) 23M->14M(31M) 1.233ms
[2025-04-17T11:14:24.119+0000][1663.950s][info][gc,cpu         ] GC(1089) User=0.00s Sys=0.00s Real=0.00s
[2025-04-17T11:14:25.401+0000][1665.231s][info][gc,start       ] GC(1090) Pause Young (Allocation Failure)
[2025-04-17T11:14:25.402+0000][1665.232s][info][gc,heap        ] GC(1090) DefNew: 9164K(10176K)->90K(10176K) Eden: 9088K(9088K)->0K(9088K) From: 76K(1088K)->90K(1088K)
[2025-04-17T11:14:25.402+0000][1665.232s][info][gc,heap        ] GC(1090) Tenured: 14794K(22468K)->14794K(22468K)
[2025-04-17T11:14:25.402+0000][1665.232s][info][gc,metaspace   ] GC(1090) Metaspace: 37455K(37760K)->37455K(37760K) NonClass: 33029K(33152K)->33029K(33152K) Class: 4425K(4608K)->4425K(4608K)
[2025-04-17T11:14:25.402+0000][1665.232s][info][gc             ] GC(1090) Pause Young (Allocation Failure) 23M->14M(31M) 1.528ms
[2025-04-17T11:14:25.402+0000][1665.232s][info][gc,cpu         ] GC(1090) User=0.01s Sys=0.00s Real=0.00s
[2025-04-17T11:14:26.930+0000][1666.760s][info][gc,start       ] GC(1091) Pause Young (Allocation Failure)
[2025-04-17T11:14:26.931+0000][1666.762s][info][gc,heap        ] GC(1091) DefNew: 9173K(10176K)->81K(10176K) Eden: 9083K(9088K)->0K(9088K) From: 90K(1088K)->81K(1088K)
[2025-04-17T11:14:26.931+0000][1666.762s][info][gc,heap        ] GC(1091) Tenured: 14794K(22468K)->14794K(22468K)
[2025-04-17T11:14:26.932+0000][1666.762s][info][gc,metaspace   ] GC(1091) Metaspace: 37455K(37760K)->37455K(37760K) NonClass: 33029K(33152K)->33029K(33152K) Class: 4425K(4608K)->4425K(4608K)
[2025-04-17T11:14:26.932+0000][1666.762s][info][gc             ] GC(1091) Pause Young (Allocation Failure) 23M->14M(31M) 1.557ms
[2025-04-17T11:14:26.932+0000][1666.762s][info][gc,cpu         ] GC(1091) User=0.00s Sys=0.00s Real=0.00s
[2025-04-17T11:14:28.438+0000][1668.268s][info][gc,start       ] GC(1092) Pause Young (Allocation Failure)
[2025-04-17T11:14:28.439+0000][1668.269s][info][gc,heap        ] GC(1092) DefNew: 9165K(10176K)->93K(10176K) Eden: 9083K(9088K)->0K(9088K) From: 81K(1088K)->93K(1088K)
[2025-04-17T11:14:28.439+0000][1668.269s][info][gc,heap        ] GC(1092) Tenured: 14794K(22468K)->14794K(22468K)
[2025-04-17T11:14:28.439+0000][1668.269s][info][gc,metaspace   ] GC(1092) Metaspace: 37455K(37760K)->37455K(37760K) NonClass: 33029K(33152K)->33029K(33152K) Class: 4425K(4608K)->4425K(4608K)
[2025-04-17T11:14:28.439+0000][1668.270s][info][gc             ] GC(1092) Pause Young (Allocation Failure) 23M->14M(31M) 1.163ms
[2025-04-17T11:14:28.439+0000][1668.270s][info][gc,cpu         ] GC(1092) User=0.00s Sys=0.00s Real=0.00s
[2025-04-17T11:14:30.498+0000][1670.328s][info][gc,start       ] GC(1093) Pause Young (Allocation Failure)
[2025-04-17T11:14:30.499+0000][1670.330s][info][gc,heap        ] GC(1093) DefNew: 9181K(10176K)->75K(10176K) Eden: 9088K(9088K)->0K(9088K) From: 93K(1088K)->75K(1088K)
[2025-04-17T11:14:30.500+0000][1670.330s][info][gc,heap        ] GC(1093) Tenured: 14794K(22468K)->14794K(22468K)
[2025-04-17T11:14:30.500+0000][1670.330s][info][gc,metaspace   ] GC(1093) Metaspace: 37455K(37760K)->37455K(37760K) NonClass: 33029K(33152K)->33029K(33152K) Class: 4425K(4608K)->4425K(4608K)
[2025-04-17T11:14:30.500+0000][1670.330s][info][gc             ] GC(1093) Pause Young (Allocation Failure) 23M->14M(31M) 1.198ms
[2025-04-17T11:14:30.500+0000][1670.330s][info][gc,cpu         ] GC(1093) User=0.00s Sys=0.00s Real=0.00s
[2025-04-17T11:14:31.898+0000][1671.728s][info][gc,start       ] GC(1094) Pause Young (Allocation Failure)
[2025-04-17T11:14:31.899+0000][1671.729s][info][gc,heap        ] GC(1094) DefNew: 9163K(10176K)->95K(10176K) Eden: 9088K(9088K)->0K(9088K) From: 75K(1088K)->95K(1088K)
[2025-04-17T11:14:31.899+0000][1671.729s][info][gc,heap        ] GC(1094) Tenured: 14794K(22468K)->14794K(22468K)
[2025-04-17T11:14:31.899+0000][1671.729s][info][gc,metaspace   ] GC(1094) Metaspace: 37455K(37760K)->37455K(37760K) NonClass: 33029K(33152K)->33029K(33152K) Class: 4425K(4608K)->4425K(4608K)
[2025-04-17T11:14:31.899+0000][1671.729s][info][gc             ] GC(1094) Pause Young (Allocation Failure) 23M->14M(31M) 1.294ms
[2025-04-17T11:14:31.899+0000][1671.729s][info][gc,cpu         ] GC(1094) User=0.00s Sys=0.00s Real=0.00s
[2025-04-17T11:14:33.730+0000][1673.560s][info][gc,start       ] GC(1095) Pause Young (Allocation Failure)
[2025-04-17T11:14:33.731+0000][1673.561s][info][gc,heap        ] GC(1095) DefNew: 9183K(10176K)->82K(10176K) Eden: 9088K(9088K)->0K(9088K) From: 95K(1088K)->82K(1088K)
[2025-04-17T11:14:33.731+0000][1673.562s][info][gc,heap        ] GC(1095) Tenured: 14794K(22468K)->14794K(22468K)
[2025-04-17T11:14:33.731+0000][1673.562s][info][gc,metaspace   ] GC(1095) Metaspace: 37455K(37760K)->37455K(37760K) NonClass: 33029K(33152K)->33029K(33152K) Class: 4425K(4608K)->4425K(4608K)
[2025-04-17T11:14:33.731+0000][1673.562s][info][gc             ] GC(1095) Pause Young (Allocation Failure) 23M->14M(31M) 1.232ms
[2025-04-17T11:14:33.731+0000][1673.562s][info][gc,cpu         ] GC(1095) User=0.00s Sys=0.00s Real=0.00s
[2025-04-17T11:14:35.079+0000][1674.909s][info][gc,start       ] GC(1096) Pause Young (Allocation Failure)
[2025-04-17T11:14:35.080+0000][1674.910s][info][gc,heap        ] GC(1096) DefNew: 9170K(10176K)->78K(10176K) Eden: 9088K(9088K)->0K(9088K) From: 82K(1088K)->78K(1088K)
[2025-04-17T11:14:35.080+0000][1674.910s][info][gc,heap        ] GC(1096) Tenured: 14794K(22468K)->14794K(22468K)
[2025-04-17T11:14:35.080+0000][1674.910s][info][gc,metaspace   ] GC(1096) Metaspace: 37455K(37760K)->37455K(37760K) NonClass: 33029K(33152K)->33029K(33152K) Class: 4425K(4608K)->4425K(4608K)
[2025-04-17T11:14:35.080+0000][1674.910s][info][gc             ] GC(1096) Pause Young (Allocation Failure) 23M->14M(31M) 1.285ms
[2025-04-17T11:14:35.080+0000][1674.910s][info][gc,cpu         ] GC(1096) User=0.00s Sys=0.00s Real=0.00s
[2025-04-17T11:14:36.700+0000][1676.530s][info][gc,start       ] GC(1097) Pause Young (Allocation Failure)
[2025-04-17T11:14:36.702+0000][1676.533s][info][gc,heap        ] GC(1097) DefNew: 9166K(10176K)->75K(10176K) Eden: 9088K(9088K)->0K(9088K) From: 78K(1088K)->75K(1088K)
[2025-04-17T11:14:36.703+0000][1676.533s][info][gc,heap        ] GC(1097) Tenured: 14794K(22468K)->14794K(22468K)
[2025-04-17T11:14:36.703+0000][1676.533s][info][gc,metaspace   ] GC(1097) Metaspace: 37455K(37760K)->37455K(37760K) NonClass: 33029K(33152K)->33029K(33152K) Class: 4425K(4608K)->4425K(4608K)
[2025-04-17T11:14:36.703+0000][1676.533s][info][gc             ] GC(1097) Pause Young (Allocation Failure) 23M->14M(31M) 2.389ms
[2025-04-17T11:14:36.703+0000][1676.533s][info][gc,cpu         ] GC(1097) User=0.00s Sys=0.00s Real=0.00s
[2025-04-17T11:14:38.385+0000][1678.215s][info][gc,start       ] GC(1098) Pause Young (Allocation Failure)
[2025-04-17T11:14:38.387+0000][1678.217s][info][gc,heap        ] GC(1098) DefNew: 9163K(10176K)->92K(10176K) Eden: 9088K(9088K)->0K(9088K) From: 75K(1088K)->92K(1088K)
[2025-04-17T11:14:38.387+0000][1678.217s][info][gc,heap        ] GC(1098) Tenured: 14794K(22468K)->14794K(22468K)
[2025-04-17T11:14:38.387+0000][1678.217s][info][gc,metaspace   ] GC(1098) Metaspace: 37455K(37760K)->37455K(37760K) NonClass: 33029K(33152K)->33029K(33152K) Class: 4425K(4608K)->4425K(4608K)
[2025-04-17T11:14:38.387+0000][1678.217s][info][gc             ] GC(1098) Pause Young (Allocation Failure) 23M->14M(31M) 1.296ms
[2025-04-17T11:14:38.387+0000][1678.217s][info][gc,cpu         ] GC(1098) User=0.00s Sys=0.00s Real=0.00s
[2025-04-17T11:14:40.135+0000][1679.966s][info][gc,start       ] GC(1099) Pause Young (Allocation Failure)
[2025-04-17T11:14:40.137+0000][1679.967s][info][gc,heap        ] GC(1099) DefNew: 9180K(10176K)->76K(10176K) Eden: 9088K(9088K)->0K(9088K) From: 92K(1088K)->76K(1088K)
[2025-04-17T11:14:40.137+0000][1679.967s][info][gc,heap        ] GC(1099) Tenured: 14794K(22468K)->14794K(22468K)
[2025-04-17T11:14:40.137+0000][1679.967s][info][gc,metaspace   ] GC(1099) Metaspace: 37455K(37760K)->37455K(37760K) NonClass: 33029K(33152K)->33029K(33152K) Class: 4425K(4608K)->4425K(4608K)
[2025-04-17T11:14:40.137+0000][1679.967s][info][gc             ] GC(1099) Pause Young (Allocation Failure) 23M->14M(31M) 1.290ms
[2025-04-17T11:14:40.137+0000][1679.967s][info][gc,cpu         ] GC(1099) User=0.00s Sys=0.00s Real=0.00s
[2025-04-17T11:14:41.388+0000][1681.218s][info][gc,start       ] GC(1100) Pause Young (Allocation Failure)
[2025-04-17T11:14:41.389+0000][1681.219s][info][gc,heap        ] GC(1100) DefNew: 9164K(10176K)->77K(10176K) Eden: 9088K(9088K)->0K(9088K) From: 76K(1088K)->77K(1088K)
[2025-04-17T11:14:41.389+0000][1681.219s][info][gc,heap        ] GC(1100) Tenured: 14794K(22468K)->14795K(22468K)
[2025-04-17T11:14:41.389+0000][1681.219s][info][gc,metaspace   ] GC(1100) Metaspace: 37455K(37760K)->37455K(37760K) NonClass: 33029K(33152K)->33029K(33152K) Class: 4425K(4608K)->4425K(4608K)
[2025-04-17T11:14:41.389+0000][1681.219s][info][gc             ] GC(1100) Pause Young (Allocation Failure) 23M->14M(31M) 1.316ms
[2025-04-17T11:14:41.389+0000][1681.219s][info][gc,cpu         ] GC(1100) User=0.00s Sys=0.00s Real=0.00s
[2025-04-17T11:14:43.082+0000][1682.912s][info][gc,start       ] GC(1101) Pause Young (Allocation Failure)
[2025-04-17T11:14:43.083+0000][1682.913s][info][gc,heap        ] GC(1101) DefNew: 9165K(10176K)->74K(10176K) Eden: 9088K(9088K)->0K(9088K) From: 77K(1088K)->74K(1088K)
[2025-04-17T11:14:43.083+0000][1682.913s][info][gc,heap        ] GC(1101) Tenured: 14795K(22468K)->14795K(22468K)
[2025-04-17T11:14:43.083+0000][1682.913s][info][gc,metaspace   ] GC(1101) Metaspace: 37455K(37760K)->37455K(37760K) NonClass: 33029K(33152K)->33029K(33152K) Class: 4425K(4608K)->4425K(4608K)
[2025-04-17T11:14:43.083+0000][1682.913s][info][gc             ] GC(1101) Pause Young (Allocation Failure) 23M->14M(31M) 1.150ms
[2025-04-17T11:14:43.083+0000][1682.913s][info][gc,cpu         ] GC(1101) User=0.01s Sys=0.00s Real=0.00s
[2025-04-17T11:14:44.569+0000][1684.399s][info][gc,start       ] GC(1102) Pause Young (Allocation Failure)
[2025-04-17T11:14:44.570+0000][1684.400s][info][gc,heap        ] GC(1102) DefNew: 9162K(10176K)->94K(10176K) Eden: 9087K(9088K)->0K(9088K) From: 74K(1088K)->94K(1088K)
[2025-04-17T11:14:44.570+0000][1684.400s][info][gc,heap        ] GC(1102) Tenured: 14795K(22468K)->14795K(22468K)
[2025-04-17T11:14:44.570+0000][1684.400s][info][gc,metaspace   ] GC(1102) Metaspace: 37455K(37760K)->37455K(37760K) NonClass: 33029K(33152K)->33029K(33152K) Class: 4425K(4608K)->4425K(4608K)
[2025-04-17T11:14:44.570+0000][1684.400s][info][gc             ] GC(1102) Pause Young (Allocation Failure) 23M->14M(31M) 1.240ms
[2025-04-17T11:14:44.570+0000][1684.400s][info][gc,cpu         ] GC(1102) User=0.00s Sys=0.00s Real=0.00s
[2025-04-17T11:14:46.180+0000][1686.010s][info][gc,start       ] GC(1103) Pause Young (Allocation Failure)
[2025-04-17T11:14:46.181+0000][1686.011s][info][gc,heap        ] GC(1103) DefNew: 9182K(10176K)->77K(10176K) Eden: 9088K(9088K)->0K(9088K) From: 94K(1088K)->77K(1088K)
[2025-04-17T11:14:46.181+0000][1686.012s][info][gc,heap        ] GC(1103) Tenured: 14795K(22468K)->14795K(22468K)
[2025-04-17T11:14:46.181+0000][1686.012s][info][gc,metaspace   ] GC(1103) Metaspace: 37455K(37760K)->37455K(37760K) NonClass: 33029K(33152K)->33029K(33152K) Class: 4425K(4608K)->4425K(4608K)
[2025-04-17T11:14:46.181+0000][1686.012s][info][gc             ] GC(1103) Pause Young (Allocation Failure) 23M->14M(31M) 1.287ms
[2025-04-17T11:14:46.181+0000][1686.012s][info][gc,cpu         ] GC(1103) User=0.00s Sys=0.00s Real=0.00s
[2025-04-17T11:14:47.512+0000][1687.342s][info][gc,start       ] GC(1104) Pause Young (Allocation Failure)
[2025-04-17T11:14:47.513+0000][1687.343s][info][gc,heap        ] GC(1104) DefNew: 9165K(10176K)->77K(10176K) Eden: 9088K(9088K)->0K(9088K) From: 77K(1088K)->77K(1088K)
[2025-04-17T11:14:47.513+0000][1687.343s][info][gc,heap        ] GC(1104) Tenured: 14795K(22468K)->14795K(22468K)
[2025-04-17T11:14:47.513+0000][1687.343s][info][gc,metaspace   ] GC(1104) Metaspace: 37455K(37760K)->37455K(37760K) NonClass: 33029K(33152K)->33029K(33152K) Class: 4425K(4608K)->4425K(4608K)
[2025-04-17T11:14:47.513+0000][1687.343s][info][gc             ] GC(1104) Pause Young (Allocation Failure) 23M->14M(31M) 1.344ms
[2025-04-17T11:14:47.513+0000][1687.343s][info][gc,cpu         ] GC(1104) User=0.00s Sys=0.00s Real=0.00s
[2025-04-17T11:14:49.377+0000][1689.207s][info][gc,start       ] GC(1105) Pause Young (Allocation Failure)
[2025-04-17T11:14:49.378+0000][1689.208s][info][gc,heap        ] GC(1105) DefNew: 9165K(10176K)->96K(10176K) Eden: 9088K(9088K)->0K(9088K) From: 77K(1088K)->96K(1088K)
[2025-04-17T11:14:49.378+0000][1689.208s][info][gc,heap        ] GC(1105) Tenured: 14795K(22468K)->14795K(22468K)
[2025-04-17T11:14:49.378+0000][1689.208s][info][gc,metaspace   ] GC(1105) Metaspace: 37455K(37760K)->37455K(37760K) NonClass: 33029K(33152K)->33029K(33152K) Class: 4425K(4608K)->4425K(4608K)
[2025-04-17T11:14:49.378+0000][1689.208s][info][gc             ] GC(1105) Pause Young (Allocation Failure) 23M->14M(31M) 1.307ms
[2025-04-17T11:14:49.378+0000][1689.208s][info][gc,cpu         ] GC(1105) User=0.00s Sys=0.00s Real=0.00s
[2025-04-17T11:14:50.924+0000][1690.754s][info][gc,start       ] GC(1106) Pause Young (Allocation Failure)
[2025-04-17T11:14:50.925+0000][1690.755s][info][gc,heap        ] GC(1106) DefNew: 9184K(10176K)->79K(10176K) Eden: 9088K(9088K)->0K(9088K) From: 96K(1088K)->79K(1088K)
[2025-04-17T11:14:50.925+0000][1690.755s][info][gc,heap        ] GC(1106) Tenured: 14795K(22468K)->14795K(22468K)
[2025-04-17T11:14:50.925+0000][1690.755s][info][gc,metaspace   ] GC(1106) Metaspace: 37455K(37760K)->37455K(37760K) NonClass: 33029K(33152K)->33029K(33152K) Class: 4425K(4608K)->4425K(4608K)
[2025-04-17T11:14:50.925+0000][1690.755s][info][gc             ] GC(1106) Pause Young (Allocation Failure) 23M->14M(31M) 1.350ms
[2025-04-17T11:14:50.925+0000][1690.755s][info][gc,cpu         ] GC(1106) User=0.00s Sys=0.00s Real=0.01s
[2025-04-17T11:14:52.736+0000][1692.566s][info][gc,start       ] GC(1107) Pause Young (Allocation Failure)
[2025-04-17T11:14:52.738+0000][1692.568s][info][gc,heap        ] GC(1107) DefNew: 9167K(10176K)->109K(10176K) Eden: 9088K(9088K)->0K(9088K) From: 79K(1088K)->109K(1088K)
[2025-04-17T11:14:52.738+0000][1692.568s][info][gc,heap        ] GC(1107) Tenured: 14795K(22468K)->14797K(22468K)
[2025-04-17T11:14:52.738+0000][1692.568s][info][gc,metaspace   ] GC(1107) Metaspace: 37455K(37760K)->37455K(37760K) NonClass: 33029K(33152K)->33029K(33152K) Class: 4425K(4608K)->4425K(4608K)
[2025-04-17T11:14:52.738+0000][1692.568s][info][gc             ] GC(1107) Pause Young (Allocation Failure) 23M->14M(31M) 1.293ms
[2025-04-17T11:14:52.738+0000][1692.568s][info][gc,cpu         ] GC(1107) User=0.00s Sys=0.00s Real=0.00s
[2025-04-17T11:14:54.194+0000][1694.025s][info][gc,start       ] GC(1108) Pause Young (Allocation Failure)
[2025-04-17T11:14:54.196+0000][1694.026s][info][gc,heap        ] GC(1108) DefNew: 9197K(10176K)->82K(10176K) Eden: 9088K(9088K)->0K(9088K) From: 109K(1088K)->82K(1088K)
[2025-04-17T11:14:54.196+0000][1694.026s][info][gc,heap        ] GC(1108) Tenured: 14797K(22468K)->14797K(22468K)
[2025-04-17T11:14:54.196+0000][1694.026s][info][gc,metaspace   ] GC(1108) Metaspace: 37455K(37760K)->37455K(37760K) NonClass: 33029K(33152K)->33029K(33152K) Class: 4425K(4608K)->4425K(4608K)
[2025-04-17T11:14:54.196+0000][1694.026s][info][gc             ] GC(1108) Pause Young (Allocation Failure) 23M->14M(31M) 1.287ms
[2025-04-17T11:14:54.196+0000][1694.026s][info][gc,cpu         ] GC(1108) User=0.00s Sys=0.00s Real=0.00s
[2025-04-17T11:14:55.922+0000][1695.752s][info][gc,start       ] GC(1109) Pause Young (Allocation Failure)
[2025-04-17T11:14:55.923+0000][1695.753s][info][gc,heap        ] GC(1109) DefNew: 9170K(10176K)->93K(10176K) Eden: 9088K(9088K)->0K(9088K) From: 82K(1088K)->93K(1088K)
[2025-04-17T11:14:55.923+0000][1695.753s][info][gc,heap        ] GC(1109) Tenured: 14797K(22468K)->14797K(22468K)
[2025-04-17T11:14:55.923+0000][1695.753s][info][gc,metaspace   ] GC(1109) Metaspace: 37455K(37760K)->37455K(37760K) NonClass: 33029K(33152K)->33029K(33152K) Class: 4425K(4608K)->4425K(4608K)
[2025-04-17T11:14:55.923+0000][1695.753s][info][gc             ] GC(1109) Pause Young (Allocation Failure) 23M->14M(31M) 1.384ms
[2025-04-17T11:14:55.923+0000][1695.753s][info][gc,cpu         ] GC(1109) User=0.00s Sys=0.00s Real=0.00s
[2025-04-17T11:14:57.359+0000][1697.189s][info][gc,start       ] GC(1110) Pause Young (Allocation Failure)
[2025-04-17T11:14:57.360+0000][1697.190s][info][gc,heap        ] GC(1110) DefNew: 9181K(10176K)->98K(10176K) Eden: 9088K(9088K)->0K(9088K) From: 93K(1088K)->98K(1088K)
[2025-04-17T11:14:57.360+0000][1697.190s][info][gc,heap        ] GC(1110) Tenured: 14797K(22468K)->14797K(22468K)
[2025-04-17T11:14:57.360+0000][1697.190s][info][gc,metaspace   ] GC(1110) Metaspace: 37455K(37760K)->37455K(37760K) NonClass: 33029K(33152K)->33029K(33152K) Class: 4425K(4608K)->4425K(4608K)
[2025-04-17T11:14:57.360+0000][1697.190s][info][gc             ] GC(1110) Pause Young (Allocation Failure) 23M->14M(31M) 1.241ms
[2025-04-17T11:14:57.360+0000][1697.190s][info][gc,cpu         ] GC(1110) User=0.00s Sys=0.00s Real=0.00s
[2025-04-17T11:14:58.976+0000][1698.806s][info][gc,start       ] GC(1111) Pause Young (Allocation Failure)
[2025-04-17T11:14:58.977+0000][1698.807s][info][gc,heap        ] GC(1111) DefNew: 9173K(10176K)->84K(10176K) Eden: 9074K(9088K)->0K(9088K) From: 98K(1088K)->84K(1088K)
[2025-04-17T11:14:58.977+0000][1698.807s][info][gc,heap        ] GC(1111) Tenured: 14797K(22468K)->14798K(22468K)
[2025-04-17T11:14:58.977+0000][1698.807s][info][gc,metaspace   ] GC(1111) Metaspace: 37455K(37760K)->37455K(37760K) NonClass: 33029K(33152K)->33029K(33152K) Class: 4425K(4608K)->4425K(4608K)
[2025-04-17T11:14:58.977+0000][1698.807s][info][gc             ] GC(1111) Pause Young (Allocation Failure) 23M->14M(31M) 1.190ms
[2025-04-17T11:14:58.977+0000][1698.807s][info][gc,cpu         ] GC(1111) User=0.00s Sys=0.00s Real=0.00s
[2025-04-17T11:15:00.578+0000][1700.409s][info][gc,start       ] GC(1112) Pause Young (Allocation Failure)
[2025-04-17T11:15:00.580+0000][1700.410s][info][gc,heap        ] GC(1112) DefNew: 9172K(10176K)->90K(10176K) Eden: 9088K(9088K)->0K(9088K) From: 84K(1088K)->90K(1088K)
[2025-04-17T11:15:00.580+0000][1700.410s][info][gc,heap        ] GC(1112) Tenured: 14798K(22468K)->14798K(22468K)
[2025-04-17T11:15:00.580+0000][1700.410s][info][gc,metaspace   ] GC(1112) Metaspace: 37455K(37760K)->37455K(37760K) NonClass: 33029K(33152K)->33029K(33152K) Class: 4425K(4608K)->4425K(4608K)
[2025-04-17T11:15:00.580+0000][1700.410s][info][gc             ] GC(1112) Pause Young (Allocation Failure) 23M->14M(31M) 1.284ms
[2025-04-17T11:15:00.580+0000][1700.410s][info][gc,cpu         ] GC(1112) User=0.00s Sys=0.00s Real=0.00s
[2025-04-17T11:15:02.177+0000][1702.007s][info][gc,start       ] GC(1113) Pause Young (Allocation Failure)
[2025-04-17T11:15:02.179+0000][1702.009s][info][gc,heap        ] GC(1113) DefNew: 9178K(10176K)->99K(10176K) Eden: 9088K(9088K)->0K(9088K) From: 90K(1088K)->99K(1088K)
[2025-04-17T11:15:02.179+0000][1702.009s][info][gc,heap        ] GC(1113) Tenured: 14798K(22468K)->14799K(22468K)
[2025-04-17T11:15:02.179+0000][1702.009s][info][gc,metaspace   ] GC(1113) Metaspace: 37455K(37760K)->37455K(37760K) NonClass: 33029K(33152K)->33029K(33152K) Class: 4425K(4608K)->4425K(4608K)
[2025-04-17T11:15:02.179+0000][1702.009s][info][gc             ] GC(1113) Pause Young (Allocation Failure) 23M->14M(31M) 1.270ms
[2025-04-17T11:15:02.179+0000][1702.009s][info][gc,cpu         ] GC(1113) User=0.00s Sys=0.01s Real=0.00s
[2025-04-17T11:15:03.971+0000][1703.801s][info][gc,start       ] GC(1114) Pause Young (Allocation Failure)
[2025-04-17T11:15:03.972+0000][1703.802s][info][gc,heap        ] GC(1114) DefNew: 9179K(10176K)->90K(10176K) Eden: 9080K(9088K)->0K(9088K) From: 99K(1088K)->90K(1088K)
[2025-04-17T11:15:03.972+0000][1703.802s][info][gc,heap        ] GC(1114) Tenured: 14799K(22468K)->14799K(22468K)
[2025-04-17T11:15:03.972+0000][1703.802s][info][gc,metaspace   ] GC(1114) Metaspace: 37455K(37760K)->37455K(37760K) NonClass: 33029K(33152K)->33029K(33152K) Class: 4425K(4608K)->4425K(4608K)
[2025-04-17T11:15:03.972+0000][1703.802s][info][gc             ] GC(1114) Pause Young (Allocation Failure) 23M->14M(31M) 1.223ms
[2025-04-17T11:15:03.972+0000][1703.802s][info][gc,cpu         ] GC(1114) User=0.00s Sys=0.00s Real=0.00s
[2025-04-17T11:15:05.277+0000][1705.107s][info][gc,start       ] GC(1115) Pause Young (Allocation Failure)
[2025-04-17T11:15:05.278+0000][1705.108s][info][gc,heap        ] GC(1115) DefNew: 9175K(10176K)->101K(10176K) Eden: 9085K(9088K)->0K(9088K) From: 90K(1088K)->101K(1088K)
[2025-04-17T11:15:05.278+0000][1705.108s][info][gc,heap        ] GC(1115) Tenured: 14799K(22468K)->14800K(22468K)
[2025-04-17T11:15:05.278+0000][1705.108s][info][gc,metaspace   ] GC(1115) Metaspace: 37455K(37760K)->37455K(37760K) NonClass: 33029K(33152K)->33029K(33152K) Class: 4425K(4608K)->4425K(4608K)
[2025-04-17T11:15:05.278+0000][1705.108s][info][gc             ] GC(1115) Pause Young (Allocation Failure) 23M->14M(31M) 1.353ms
[2025-04-17T11:15:05.278+0000][1705.108s][info][gc,cpu         ] GC(1115) User=0.00s Sys=0.00s Real=0.00s
[2025-04-17T11:15:06.830+0000][1706.660s][info][gc,start       ] GC(1116) Pause Young (Allocation Failure)
[2025-04-17T11:15:06.831+0000][1706.661s][info][gc,heap        ] GC(1116) DefNew: 9189K(10176K)->84K(10176K) Eden: 9088K(9088K)->0K(9088K) From: 101K(1088K)->84K(1088K)
[2025-04-17T11:15:06.831+0000][1706.661s][info][gc,heap        ] GC(1116) Tenured: 14800K(22468K)->14800K(22468K)
[2025-04-17T11:15:06.831+0000][1706.661s][info][gc,metaspace   ] GC(1116) Metaspace: 37455K(37760K)->37455K(37760K) NonClass: 33029K(33152K)->33029K(33152K) Class: 4425K(4608K)->4425K(4608K)
[2025-04-17T11:15:06.831+0000][1706.661s][info][gc             ] GC(1116) Pause Young (Allocation Failure) 23M->14M(31M) 1.246ms
[2025-04-17T11:15:06.831+0000][1706.661s][info][gc,cpu         ] GC(1116) User=0.00s Sys=0.00s Real=0.00s
[2025-04-17T11:15:08.318+0000][1708.148s][info][gc,start       ] GC(1117) Pause Young (Allocation Failure)
[2025-04-17T11:15:08.319+0000][1708.149s][info][gc,heap        ] GC(1117) DefNew: 9172K(10176K)->99K(10176K) Eden: 9088K(9088K)->0K(9088K) From: 84K(1088K)->99K(1088K)
[2025-04-17T11:15:08.319+0000][1708.149s][info][gc,heap        ] GC(1117) Tenured: 14800K(22468K)->14800K(22468K)
[2025-04-17T11:15:08.319+0000][1708.149s][info][gc,metaspace   ] GC(1117) Metaspace: 37455K(37760K)->37455K(37760K) NonClass: 33029K(33152K)->33029K(33152K) Class: 4425K(4608K)->4425K(4608K)
[2025-04-17T11:15:08.319+0000][1708.149s][info][gc             ] GC(1117) Pause Young (Allocation Failure) 23M->14M(31M) 1.270ms
[2025-04-17T11:15:08.319+0000][1708.149s][info][gc,cpu         ] GC(1117) User=0.00s Sys=0.00s Real=0.00s
[2025-04-17T11:15:09.963+0000][1709.793s][info][gc,start       ] GC(1118) Pause Young (Allocation Failure)
[2025-04-17T11:15:09.964+0000][1709.794s][info][gc,heap        ] GC(1118) DefNew: 9187K(10176K)->93K(10176K) Eden: 9088K(9088K)->0K(9088K) From: 99K(1088K)->93K(1088K)
[2025-04-17T11:15:09.964+0000][1709.794s][info][gc,heap        ] GC(1118) Tenured: 14800K(22468K)->14800K(22468K)
[2025-04-17T11:15:09.964+0000][1709.794s][info][gc,metaspace   ] GC(1118) Metaspace: 37455K(37760K)->37455K(37760K) NonClass: 33029K(33152K)->33029K(33152K) Class: 4425K(4608K)->4425K(4608K)
[2025-04-17T11:15:09.964+0000][1709.795s][info][gc             ] GC(1118) Pause Young (Allocation Failure) 23M->14M(31M) 1.312ms
[2025-04-17T11:15:09.964+0000][1709.795s][info][gc,cpu         ] GC(1118) User=0.00s Sys=0.00s Real=0.01s
[2025-04-17T11:15:11.320+0000][1711.150s][info][gc,start       ] GC(1119) Pause Young (Allocation Failure)
[2025-04-17T11:15:11.321+0000][1711.151s][info][gc,heap        ] GC(1119) DefNew: 9181K(10176K)->84K(10176K) Eden: 9088K(9088K)->0K(9088K) From: 93K(1088K)->84K(1088K)
[2025-04-17T11:15:11.321+0000][1711.151s][info][gc,heap        ] GC(1119) Tenured: 14800K(22468K)->14800K(22468K)
[2025-04-17T11:15:11.321+0000][1711.151s][info][gc,metaspace   ] GC(1119) Metaspace: 37455K(37760K)->37455K(37760K) NonClass: 33029K(33152K)->33029K(33152K) Class: 4425K(4608K)->4425K(4608K)
[2025-04-17T11:15:11.321+0000][1711.151s][info][gc             ] GC(1119) Pause Young (Allocation Failure) 23M->14M(31M) 1.233ms
[2025-04-17T11:15:11.321+0000][1711.151s][info][gc,cpu         ] GC(1119) User=0.00s Sys=0.00s Real=0.00s
[2025-04-17T11:15:12.701+0000][1712.531s][info][gc,start       ] GC(1120) Pause Young (Allocation Failure)
[2025-04-17T11:15:12.702+0000][1712.533s][info][gc,heap        ] GC(1120) DefNew: 9172K(10176K)->81K(10176K) Eden: 9088K(9088K)->0K(9088K) From: 84K(1088K)->81K(1088K)
[2025-04-17T11:15:12.703+0000][1712.533s][info][gc,heap        ] GC(1120) Tenured: 14800K(22468K)->14803K(22468K)
[2025-04-17T11:15:12.703+0000][1712.533s][info][gc,metaspace   ] GC(1120) Metaspace: 37455K(37760K)->37455K(37760K) NonClass: 33029K(33152K)->33029K(33152K) Class: 4425K(4608K)->4425K(4608K)
[2025-04-17T11:15:12.703+0000][1712.533s][info][gc             ] GC(1120) Pause Young (Allocation Failure) 23M->14M(31M) 1.309ms
[2025-04-17T11:15:12.703+0000][1712.533s][info][gc,cpu         ] GC(1120) User=0.00s Sys=0.00s Real=0.00s
[2025-04-17T11:15:14.591+0000][1714.421s][info][gc,start       ] GC(1121) Pause Young (Allocation Failure)
[2025-04-17T11:15:14.592+0000][1714.423s][info][gc,heap        ] GC(1121) DefNew: 9169K(10176K)->99K(10176K) Eden: 9088K(9088K)->0K(9088K) From: 81K(1088K)->99K(1088K)
[2025-04-17T11:15:14.592+0000][1714.423s][info][gc,heap        ] GC(1121) Tenured: 14803K(22468K)->14803K(22468K)
[2025-04-17T11:15:14.592+0000][1714.423s][info][gc,metaspace   ] GC(1121) Metaspace: 37455K(37760K)->37455K(37760K) NonClass: 33029K(33152K)->33029K(33152K) Class: 4425K(4608K)->4425K(4608K)
[2025-04-17T11:15:14.592+0000][1714.423s][info][gc             ] GC(1121) Pause Young (Allocation Failure) 23M->14M(31M) 1.297ms
[2025-04-17T11:15:14.592+0000][1714.423s][info][gc,cpu         ] GC(1121) User=0.00s Sys=0.00s Real=0.00s
[2025-04-17T11:15:16.041+0000][1715.871s][info][gc,start       ] GC(1122) Pause Young (Allocation Failure)
[2025-04-17T11:15:16.042+0000][1715.872s][info][gc,heap        ] GC(1122) DefNew: 9187K(10176K)->85K(10176K) Eden: 9088K(9088K)->0K(9088K) From: 99K(1088K)->85K(1088K)
[2025-04-17T11:15:16.042+0000][1715.872s][info][gc,heap        ] GC(1122) Tenured: 14803K(22468K)->14803K(22468K)
[2025-04-17T11:15:16.042+0000][1715.872s][info][gc,metaspace   ] GC(1122) Metaspace: 37455K(37760K)->37455K(37760K) NonClass: 33029K(33152K)->33029K(33152K) Class: 4425K(4608K)->4425K(4608K)
[2025-04-17T11:15:16.042+0000][1715.872s][info][gc             ] GC(1122) Pause Young (Allocation Failure) 23M->14M(31M) 1.261ms
[2025-04-17T11:15:16.042+0000][1715.872s][info][gc,cpu         ] GC(1122) User=0.00s Sys=0.00s Real=0.00s
[2025-04-17T11:15:17.580+0000][1717.410s][info][gc,start       ] GC(1123) Pause Young (Allocation Failure)
[2025-04-17T11:15:17.582+0000][1717.412s][info][gc,heap        ] GC(1123) DefNew: 9173K(10176K)->80K(10176K) Eden: 9087K(9088K)->0K(9088K) From: 85K(1088K)->80K(1088K)
[2025-04-17T11:15:17.582+0000][1717.412s][info][gc,heap        ] GC(1123) Tenured: 14803K(22468K)->14807K(22468K)
[2025-04-17T11:15:17.582+0000][1717.412s][info][gc,metaspace   ] GC(1123) Metaspace: 37455K(37760K)->37455K(37760K) NonClass: 33029K(33152K)->33029K(33152K) Class: 4425K(4608K)->4425K(4608K)
[2025-04-17T11:15:17.582+0000][1717.412s][info][gc             ] GC(1123) Pause Young (Allocation Failure) 23M->14M(31M) 1.228ms
[2025-04-17T11:15:17.582+0000][1717.412s][info][gc,cpu         ] GC(1123) User=0.00s Sys=0.00s Real=0.00s
[2025-04-17T11:15:19.196+0000][1719.026s][info][gc,start       ] GC(1124) Pause Young (Allocation Failure)
[2025-04-17T11:15:19.197+0000][1719.027s][info][gc,heap        ] GC(1124) DefNew: 9168K(10176K)->96K(10176K) Eden: 9088K(9088K)->0K(9088K) From: 80K(1088K)->96K(1088K)
[2025-04-17T11:15:19.197+0000][1719.027s][info][gc,heap        ] GC(1124) Tenured: 14807K(22468K)->14807K(22468K)
[2025-04-17T11:15:19.197+0000][1719.027s][info][gc,metaspace   ] GC(1124) Metaspace: 37455K(37760K)->37455K(37760K) NonClass: 33029K(33152K)->33029K(33152K) Class: 4425K(4608K)->4425K(4608K)
[2025-04-17T11:15:19.197+0000][1719.027s][info][gc             ] GC(1124) Pause Young (Allocation Failure) 23M->14M(31M) 1.309ms
[2025-04-17T11:15:19.197+0000][1719.027s][info][gc,cpu         ] GC(1124) User=0.00s Sys=0.00s Real=0.00s
[2025-04-17T11:15:20.766+0000][1720.596s][info][gc,start       ] GC(1125) Pause Young (Allocation Failure)
[2025-04-17T11:15:20.767+0000][1720.597s][info][gc,heap        ] GC(1125) DefNew: 9184K(10176K)->95K(10176K) Eden: 9088K(9088K)->0K(9088K) From: 96K(1088K)->95K(1088K)
[2025-04-17T11:15:20.767+0000][1720.597s][info][gc,heap        ] GC(1125) Tenured: 14807K(22468K)->14807K(22468K)
[2025-04-17T11:15:20.767+0000][1720.597s][info][gc,metaspace   ] GC(1125) Metaspace: 37455K(37760K)->37455K(37760K) NonClass: 33029K(33152K)->33029K(33152K) Class: 4425K(4608K)->4425K(4608K)
[2025-04-17T11:15:20.767+0000][1720.597s][info][gc             ] GC(1125) Pause Young (Allocation Failure) 23M->14M(31M) 1.278ms
[2025-04-17T11:15:20.767+0000][1720.597s][info][gc,cpu         ] GC(1125) User=0.01s Sys=0.00s Real=0.00s
[2025-04-17T11:15:22.255+0000][1722.085s][info][gc,start       ] GC(1126) Pause Young (Allocation Failure)
[2025-04-17T11:15:22.256+0000][1722.086s][info][gc,heap        ] GC(1126) DefNew: 9183K(10176K)->77K(10176K) Eden: 9088K(9088K)->0K(9088K) From: 95K(1088K)->77K(1088K)
[2025-04-17T11:15:22.256+0000][1722.086s][info][gc,heap        ] GC(1126) Tenured: 14807K(22468K)->14807K(22468K)
[2025-04-17T11:15:22.256+0000][1722.086s][info][gc,metaspace   ] GC(1126) Metaspace: 37455K(37760K)->37455K(37760K) NonClass: 33029K(33152K)->33029K(33152K) Class: 4425K(4608K)->4425K(4608K)
[2025-04-17T11:15:22.256+0000][1722.086s][info][gc             ] GC(1126) Pause Young (Allocation Failure) 23M->14M(31M) 1.196ms
[2025-04-17T11:15:22.256+0000][1722.087s][info][gc,cpu         ] GC(1126) User=0.00s Sys=0.00s Real=0.00s
[2025-04-17T11:15:23.904+0000][1723.734s][info][gc,start       ] GC(1127) Pause Young (Allocation Failure)
[2025-04-17T11:15:23.905+0000][1723.735s][info][gc,heap        ] GC(1127) DefNew: 9165K(10176K)->79K(10176K) Eden: 9088K(9088K)->0K(9088K) From: 77K(1088K)->79K(1088K)
[2025-04-17T11:15:23.905+0000][1723.735s][info][gc,heap        ] GC(1127) Tenured: 14807K(22468K)->14808K(22468K)
[2025-04-17T11:15:23.905+0000][1723.735s][info][gc,metaspace   ] GC(1127) Metaspace: 37455K(37760K)->37455K(37760K) NonClass: 33029K(33152K)->33029K(33152K) Class: 4425K(4608K)->4425K(4608K)
[2025-04-17T11:15:23.905+0000][1723.735s][info][gc             ] GC(1127) Pause Young (Allocation Failure) 23M->14M(31M) 1.362ms
[2025-04-17T11:15:23.905+0000][1723.735s][info][gc,cpu         ] GC(1127) User=0.00s Sys=0.00s Real=0.01s
[2025-04-17T11:15:25.441+0000][1725.271s][info][gc,start       ] GC(1128) Pause Young (Allocation Failure)
[2025-04-17T11:15:25.442+0000][1725.273s][info][gc,heap        ] GC(1128) DefNew: 9167K(10176K)->96K(10176K) Eden: 9088K(9088K)->0K(9088K) From: 79K(1088K)->96K(1088K)
[2025-04-17T11:15:25.443+0000][1725.273s][info][gc,heap        ] GC(1128) Tenured: 14808K(22468K)->14808K(22468K)
[2025-04-17T11:15:25.443+0000][1725.273s][info][gc,metaspace   ] GC(1128) Metaspace: 37455K(37760K)->37455K(37760K) NonClass: 33029K(33152K)->33029K(33152K) Class: 4425K(4608K)->4425K(4608K)
[2025-04-17T11:15:25.443+0000][1725.273s][info][gc             ] GC(1128) Pause Young (Allocation Failure) 23M->14M(31M) 1.264ms
[2025-04-17T11:15:25.443+0000][1725.273s][info][gc,cpu         ] GC(1128) User=0.00s Sys=0.00s Real=0.00s
[2025-04-17T11:15:26.903+0000][1726.733s][info][gc,start       ] GC(1129) Pause Young (Allocation Failure)
[2025-04-17T11:15:26.904+0000][1726.735s][info][gc,heap        ] GC(1129) DefNew: 9184K(10176K)->84K(10176K) Eden: 9088K(9088K)->0K(9088K) From: 96K(1088K)->84K(1088K)
[2025-04-17T11:15:26.904+0000][1726.735s][info][gc,heap        ] GC(1129) Tenured: 14808K(22468K)->14809K(22468K)
[2025-04-17T11:15:26.904+0000][1726.735s][info][gc,metaspace   ] GC(1129) Metaspace: 37455K(37760K)->37455K(37760K) NonClass: 33029K(33152K)->33029K(33152K) Class: 4425K(4608K)->4425K(4608K)
[2025-04-17T11:15:26.904+0000][1726.735s][info][gc             ] GC(1129) Pause Young (Allocation Failure) 23M->14M(31M) 1.324ms
[2025-04-17T11:15:26.905+0000][1726.735s][info][gc,cpu         ] GC(1129) User=0.00s Sys=0.00s Real=0.01s
[2025-04-17T11:15:28.199+0000][1728.029s][info][gc,start       ] GC(1130) Pause Young (Allocation Failure)
[2025-04-17T11:15:28.200+0000][1728.030s][info][gc,heap        ] GC(1130) DefNew: 9172K(10176K)->81K(10176K) Eden: 9088K(9088K)->0K(9088K) From: 84K(1088K)->81K(1088K)
[2025-04-17T11:15:28.200+0000][1728.030s][info][gc,heap        ] GC(1130) Tenured: 14809K(22468K)->14811K(22468K)
[2025-04-17T11:15:28.200+0000][1728.030s][info][gc,metaspace   ] GC(1130) Metaspace: 37455K(37760K)->37455K(37760K) NonClass: 33029K(33152K)->33029K(33152K) Class: 4425K(4608K)->4425K(4608K)
[2025-04-17T11:15:28.200+0000][1728.030s][info][gc             ] GC(1130) Pause Young (Allocation Failure) 23M->14M(31M) 1.241ms
[2025-04-17T11:15:28.200+0000][1728.030s][info][gc,cpu         ] GC(1130) User=0.00s Sys=0.00s Real=0.00s
[2025-04-17T11:15:30.067+0000][1729.897s][info][gc,start       ] GC(1131) Pause Young (Allocation Failure)
[2025-04-17T11:15:30.068+0000][1729.898s][info][gc,heap        ] GC(1131) DefNew: 9169K(10176K)->96K(10176K) Eden: 9088K(9088K)->0K(9088K) From: 81K(1088K)->96K(1088K)
[2025-04-17T11:15:30.068+0000][1729.898s][info][gc,heap        ] GC(1131) Tenured: 14811K(22468K)->14812K(22468K)
[2025-04-17T11:15:30.068+0000][1729.898s][info][gc,metaspace   ] GC(1131) Metaspace: 37455K(37760K)->37455K(37760K) NonClass: 33029K(33152K)->33029K(33152K) Class: 4425K(4608K)->4425K(4608K)
[2025-04-17T11:15:30.068+0000][1729.898s][info][gc             ] GC(1131) Pause Young (Allocation Failure) 23M->14M(31M) 1.342ms
[2025-04-17T11:15:30.068+0000][1729.898s][info][gc,cpu         ] GC(1131) User=0.00s Sys=0.00s Real=0.00s
[2025-04-17T11:15:31.669+0000][1731.499s][info][gc,start       ] GC(1132) Pause Young (Allocation Failure)
[2025-04-17T11:15:31.670+0000][1731.500s][info][gc,heap        ] GC(1132) DefNew: 9184K(10176K)->81K(10176K) Eden: 9088K(9088K)->0K(9088K) From: 96K(1088K)->81K(1088K)
[2025-04-17T11:15:31.670+0000][1731.500s][info][gc,heap        ] GC(1132) Tenured: 14812K(22468K)->14812K(22468K)
[2025-04-17T11:15:31.670+0000][1731.500s][info][gc,metaspace   ] GC(1132) Metaspace: 37455K(37760K)->37455K(37760K) NonClass: 33029K(33152K)->33029K(33152K) Class: 4425K(4608K)->4425K(4608K)
[2025-04-17T11:15:31.670+0000][1731.500s][info][gc             ] GC(1132) Pause Young (Allocation Failure) 23M->14M(31M) 1.303ms
[2025-04-17T11:15:31.670+0000][1731.500s][info][gc,cpu         ] GC(1132) User=0.00s Sys=0.00s Real=0.00s
[2025-04-17T11:15:33.051+0000][1732.881s][info][gc,start       ] GC(1133) Pause Young (Allocation Failure)
[2025-04-17T11:15:33.052+0000][1732.883s][info][gc,heap        ] GC(1133) DefNew: 9169K(10176K)->86K(10176K) Eden: 9088K(9088K)->0K(9088K) From: 81K(1088K)->86K(1088K)
[2025-04-17T11:15:33.052+0000][1732.883s][info][gc,heap        ] GC(1133) Tenured: 14812K(22468K)->14812K(22468K)
[2025-04-17T11:15:33.052+0000][1732.883s][info][gc,metaspace   ] GC(1133) Metaspace: 37455K(37760K)->37455K(37760K) NonClass: 33029K(33152K)->33029K(33152K) Class: 4425K(4608K)->4425K(4608K)
[2025-04-17T11:15:33.052+0000][1732.883s][info][gc             ] GC(1133) Pause Young (Allocation Failure) 23M->14M(31M) 1.211ms
[2025-04-17T11:15:33.052+0000][1732.883s][info][gc,cpu         ] GC(1133) User=0.00s Sys=0.00s Real=0.00s
[2025-04-17T11:15:34.934+0000][1734.764s][info][gc,start       ] GC(1134) Pause Young (Allocation Failure)
[2025-04-17T11:15:34.935+0000][1734.765s][info][gc,heap        ] GC(1134) DefNew: 9174K(10176K)->98K(10176K) Eden: 9088K(9088K)->0K(9088K) From: 86K(1088K)->98K(1088K)
[2025-04-17T11:15:34.935+0000][1734.765s][info][gc,heap        ] GC(1134) Tenured: 14812K(22468K)->14812K(22468K)
[2025-04-17T11:15:34.935+0000][1734.765s][info][gc,metaspace   ] GC(1134) Metaspace: 37455K(37760K)->37455K(37760K) NonClass: 33029K(33152K)->33029K(33152K) Class: 4425K(4608K)->4425K(4608K)
[2025-04-17T11:15:34.935+0000][1734.765s][info][gc             ] GC(1134) Pause Young (Allocation Failure) 23M->14M(31M) 1.342ms
[2025-04-17T11:15:34.935+0000][1734.765s][info][gc,cpu         ] GC(1134) User=0.00s Sys=0.00s Real=0.01s
[2025-04-17T11:15:36.279+0000][1736.109s][info][gc,start       ] GC(1135) Pause Young (Allocation Failure)
[2025-04-17T11:15:36.281+0000][1736.111s][info][gc,heap        ] GC(1135) DefNew: 9186K(10176K)->100K(10176K) Eden: 9088K(9088K)->0K(9088K) From: 98K(1088K)->100K(1088K)
[2025-04-17T11:15:36.281+0000][1736.111s][info][gc,heap        ] GC(1135) Tenured: 14812K(22468K)->14813K(22468K)
[2025-04-17T11:15:36.281+0000][1736.111s][info][gc,metaspace   ] GC(1135) Metaspace: 37455K(37760K)->37455K(37760K) NonClass: 33029K(33152K)->33029K(33152K) Class: 4425K(4608K)->4425K(4608K)
[2025-04-17T11:15:36.281+0000][1736.111s][info][gc             ] GC(1135) Pause Young (Allocation Failure) 23M->14M(31M) 1.492ms
[2025-04-17T11:15:36.281+0000][1736.111s][info][gc,cpu         ] GC(1135) User=0.00s Sys=0.00s Real=0.00s
[2025-04-17T11:15:37.978+0000][1737.808s][info][gc,start       ] GC(1136) Pause Young (Allocation Failure)
[2025-04-17T11:15:37.979+0000][1737.809s][info][gc,heap        ] GC(1136) DefNew: 9188K(10176K)->93K(10176K) Eden: 9088K(9088K)->0K(9088K) From: 100K(1088K)->93K(1088K)
[2025-04-17T11:15:37.979+0000][1737.809s][info][gc,heap        ] GC(1136) Tenured: 14813K(22468K)->14813K(22468K)
[2025-04-17T11:15:37.979+0000][1737.809s][info][gc,metaspace   ] GC(1136) Metaspace: 37455K(37760K)->37455K(37760K) NonClass: 33029K(33152K)->33029K(33152K) Class: 4425K(4608K)->4425K(4608K)
[2025-04-17T11:15:37.979+0000][1737.809s][info][gc             ] GC(1136) Pause Young (Allocation Failure) 23M->14M(31M) 1.153ms
[2025-04-17T11:15:37.979+0000][1737.809s][info][gc,cpu         ] GC(1136) User=0.00s Sys=0.00s Real=0.00s
[2025-04-17T11:15:39.361+0000][1739.192s][info][gc,start       ] GC(1137) Pause Young (Allocation Failure)
[2025-04-17T11:15:39.363+0000][1739.193s][info][gc,heap        ] GC(1137) DefNew: 9181K(10176K)->88K(10176K) Eden: 9088K(9088K)->0K(9088K) From: 93K(1088K)->88K(1088K)
[2025-04-17T11:15:39.363+0000][1739.193s][info][gc,heap        ] GC(1137) Tenured: 14813K(22468K)->14813K(22468K)
[2025-04-17T11:15:39.363+0000][1739.193s][info][gc,metaspace   ] GC(1137) Metaspace: 37455K(37760K)->37455K(37760K) NonClass: 33029K(33152K)->33029K(33152K) Class: 4425K(4608K)->4425K(4608K)
[2025-04-17T11:15:39.363+0000][1739.193s][info][gc             ] GC(1137) Pause Young (Allocation Failure) 23M->14M(31M) 1.306ms
[2025-04-17T11:15:39.363+0000][1739.193s][info][gc,cpu         ] GC(1137) User=0.01s Sys=0.00s Real=0.00s
[2025-04-17T11:15:40.906+0000][1740.736s][info][gc,start       ] GC(1138) Pause Young (Allocation Failure)
[2025-04-17T11:15:40.907+0000][1740.737s][info][gc,heap        ] GC(1138) DefNew: 9176K(10176K)->87K(10176K) Eden: 9088K(9088K)->0K(9088K) From: 88K(1088K)->87K(1088K)
[2025-04-17T11:15:40.907+0000][1740.737s][info][gc,heap        ] GC(1138) Tenured: 14813K(22468K)->14813K(22468K)
[2025-04-17T11:15:40.907+0000][1740.737s][info][gc,metaspace   ] GC(1138) Metaspace: 37455K(37760K)->37455K(37760K) NonClass: 33029K(33152K)->33029K(33152K) Class: 4425K(4608K)->4425K(4608K)
[2025-04-17T11:15:40.907+0000][1740.737s][info][gc             ] GC(1138) Pause Young (Allocation Failure) 23M->14M(31M) 1.260ms
[2025-04-17T11:15:40.907+0000][1740.737s][info][gc,cpu         ] GC(1138) User=0.00s Sys=0.00s Real=0.00s
[2025-04-17T11:15:42.572+0000][1742.402s][info][gc,start       ] GC(1139) Pause Young (Allocation Failure)
[2025-04-17T11:15:42.573+0000][1742.404s][info][gc,heap        ] GC(1139) DefNew: 9175K(10176K)->105K(10176K) Eden: 9088K(9088K)->0K(9088K) From: 87K(1088K)->105K(1088K)
[2025-04-17T11:15:42.573+0000][1742.404s][info][gc,heap        ] GC(1139) Tenured: 14813K(22468K)->14813K(22468K)
[2025-04-17T11:15:42.573+0000][1742.404s][info][gc,metaspace   ] GC(1139) Metaspace: 37455K(37760K)->37455K(37760K) NonClass: 33029K(33152K)->33029K(33152K) Class: 4425K(4608K)->4425K(4608K)
[2025-04-17T11:15:42.573+0000][1742.404s][info][gc             ] GC(1139) Pause Young (Allocation Failure) 23M->14M(31M) 1.248ms
[2025-04-17T11:15:42.573+0000][1742.404s][info][gc,cpu         ] GC(1139) User=0.00s Sys=0.00s Real=0.00s
[2025-04-17T11:15:44.170+0000][1744.000s][info][gc,start       ] GC(1140) Pause Young (Allocation Failure)
[2025-04-17T11:15:44.171+0000][1744.002s][info][gc,heap        ] GC(1140) DefNew: 9193K(10176K)->104K(10176K) Eden: 9088K(9088K)->0K(9088K) From: 105K(1088K)->104K(1088K)
[2025-04-17T11:15:44.171+0000][1744.002s][info][gc,heap        ] GC(1140) Tenured: 14813K(22468K)->14813K(22468K)
[2025-04-17T11:15:44.171+0000][1744.002s][info][gc,metaspace   ] GC(1140) Metaspace: 37455K(37760K)->37455K(37760K) NonClass: 33029K(33152K)->33029K(33152K) Class: 4425K(4608K)->4425K(4608K)
[2025-04-17T11:15:44.171+0000][1744.002s][info][gc             ] GC(1140) Pause Young (Allocation Failure) 23M->14M(31M) 1.179ms
[2025-04-17T11:15:44.171+0000][1744.002s][info][gc,cpu         ] GC(1140) User=0.01s Sys=0.01s Real=0.00s
[2025-04-17T11:15:45.678+0000][1745.508s][info][gc,start       ] GC(1141) Pause Young (Allocation Failure)
[2025-04-17T11:15:45.679+0000][1745.509s][info][gc,heap        ] GC(1141) DefNew: 9192K(10176K)->91K(10176K) Eden: 9088K(9088K)->0K(9088K) From: 104K(1088K)->91K(1088K)
[2025-04-17T11:15:45.679+0000][1745.509s][info][gc,heap        ] GC(1141) Tenured: 14813K(22468K)->14814K(22468K)
[2025-04-17T11:15:45.679+0000][1745.509s][info][gc,metaspace   ] GC(1141) Metaspace: 37455K(37760K)->37455K(37760K) NonClass: 33029K(33152K)->33029K(33152K) Class: 4425K(4608K)->4425K(4608K)
[2025-04-17T11:15:45.679+0000][1745.509s][info][gc             ] GC(1141) Pause Young (Allocation Failure) 23M->14M(31M) 1.330ms
[2025-04-17T11:15:45.679+0000][1745.509s][info][gc,cpu         ] GC(1141) User=0.00s Sys=0.00s Real=0.00s
[2025-04-17T11:15:47.415+0000][1747.245s][info][gc,start       ] GC(1142) Pause Young (Allocation Failure)
[2025-04-17T11:15:47.416+0000][1747.246s][info][gc,heap        ] GC(1142) DefNew: 9179K(10176K)->101K(10176K) Eden: 9088K(9088K)->0K(9088K) From: 91K(1088K)->101K(1088K)
[2025-04-17T11:15:47.416+0000][1747.246s][info][gc,heap        ] GC(1142) Tenured: 14814K(22468K)->14814K(22468K)
[2025-04-17T11:15:47.416+0000][1747.246s][info][gc,metaspace   ] GC(1142) Metaspace: 37455K(37760K)->37455K(37760K) NonClass: 33029K(33152K)->33029K(33152K) Class: 4425K(4608K)->4425K(4608K)
[2025-04-17T11:15:47.416+0000][1747.246s][info][gc             ] GC(1142) Pause Young (Allocation Failure) 23M->14M(31M) 1.341ms
[2025-04-17T11:15:47.416+0000][1747.246s][info][gc,cpu         ] GC(1142) User=0.00s Sys=0.00s Real=0.00s
[2025-04-17T11:15:49.001+0000][1748.831s][info][gc,start       ] GC(1143) Pause Young (Allocation Failure)
[2025-04-17T11:15:49.002+0000][1748.832s][info][gc,heap        ] GC(1143) DefNew: 9189K(10176K)->103K(10176K) Eden: 9088K(9088K)->0K(9088K) From: 101K(1088K)->103K(1088K)
[2025-04-17T11:15:49.002+0000][1748.832s][info][gc,heap        ] GC(1143) Tenured: 14814K(22468K)->14816K(22468K)
[2025-04-17T11:15:49.002+0000][1748.832s][info][gc,metaspace   ] GC(1143) Metaspace: 37455K(37760K)->37455K(37760K) NonClass: 33029K(33152K)->33029K(33152K) Class: 4425K(4608K)->4425K(4608K)
[2025-04-17T11:15:49.002+0000][1748.832s][info][gc             ] GC(1143) Pause Young (Allocation Failure) 23M->14M(31M) 1.336ms
[2025-04-17T11:15:49.002+0000][1748.832s][info][gc,cpu         ] GC(1143) User=0.00s Sys=0.00s Real=0.00s
[2025-04-17T11:15:50.458+0000][1750.288s][info][gc,start       ] GC(1144) Pause Young (Allocation Failure)
[2025-04-17T11:15:50.459+0000][1750.289s][info][gc,heap        ] GC(1144) DefNew: 9191K(10176K)->92K(10176K) Eden: 9088K(9088K)->0K(9088K) From: 103K(1088K)->92K(1088K)
[2025-04-17T11:15:50.459+0000][1750.290s][info][gc,heap        ] GC(1144) Tenured: 14816K(22468K)->14819K(22468K)
[2025-04-17T11:15:50.459+0000][1750.290s][info][gc,metaspace   ] GC(1144) Metaspace: 37455K(37760K)->37455K(37760K) NonClass: 33029K(33152K)->33029K(33152K) Class: 4425K(4608K)->4425K(4608K)
[2025-04-17T11:15:50.459+0000][1750.290s][info][gc             ] GC(1144) Pause Young (Allocation Failure) 23M->14M(31M) 1.268ms
[2025-04-17T11:15:50.459+0000][1750.290s][info][gc,cpu         ] GC(1144) User=0.00s Sys=0.00s Real=0.00s
[2025-04-17T11:15:52.202+0000][1752.033s][info][gc,start       ] GC(1145) Pause Young (Allocation Failure)
[2025-04-17T11:15:52.204+0000][1752.034s][info][gc,heap        ] GC(1145) DefNew: 9175K(10176K)->87K(10176K) Eden: 9083K(9088K)->0K(9088K) From: 92K(1088K)->87K(1088K)
[2025-04-17T11:15:52.204+0000][1752.034s][info][gc,heap        ] GC(1145) Tenured: 14819K(22468K)->14819K(22468K)
[2025-04-17T11:15:52.204+0000][1752.034s][info][gc,metaspace   ] GC(1145) Metaspace: 37455K(37760K)->37455K(37760K) NonClass: 33029K(33152K)->33029K(33152K) Class: 4425K(4608K)->4425K(4608K)
[2025-04-17T11:15:52.204+0000][1752.034s][info][gc             ] GC(1145) Pause Young (Allocation Failure) 23M->14M(31M) 1.263ms
[2025-04-17T11:15:52.204+0000][1752.034s][info][gc,cpu         ] GC(1145) User=0.00s Sys=0.00s Real=0.00s
[2025-04-17T11:15:53.614+0000][1753.444s][info][gc,start       ] GC(1146) Pause Young (Allocation Failure)
[2025-04-17T11:15:53.615+0000][1753.445s][info][gc,heap        ] GC(1146) DefNew: 9175K(10176K)->90K(10176K) Eden: 9088K(9088K)->0K(9088K) From: 87K(1088K)->90K(1088K)
[2025-04-17T11:15:53.615+0000][1753.445s][info][gc,heap        ] GC(1146) Tenured: 14819K(22468K)->14821K(22468K)
[2025-04-17T11:15:53.615+0000][1753.445s][info][gc,metaspace   ] GC(1146) Metaspace: 37455K(37760K)->37455K(37760K) NonClass: 33029K(33152K)->33029K(33152K) Class: 4425K(4608K)->4425K(4608K)
[2025-04-17T11:15:53.615+0000][1753.446s][info][gc             ] GC(1146) Pause Young (Allocation Failure) 23M->14M(31M) 1.360ms
[2025-04-17T11:15:53.615+0000][1753.446s][info][gc,cpu         ] GC(1146) User=0.00s Sys=0.00s Real=0.01s
[2025-04-17T11:15:55.292+0000][1755.122s][info][gc,start       ] GC(1147) Pause Young (Allocation Failure)
[2025-04-17T11:15:55.293+0000][1755.123s][info][gc,heap        ] GC(1147) DefNew: 9178K(10176K)->98K(10176K) Eden: 9087K(9088K)->0K(9088K) From: 90K(1088K)->98K(1088K)
[2025-04-17T11:15:55.293+0000][1755.123s][info][gc,heap        ] GC(1147) Tenured: 14821K(22468K)->14823K(22468K)
[2025-04-17T11:15:55.293+0000][1755.123s][info][gc,metaspace   ] GC(1147) Metaspace: 37462K(37824K)->37462K(37824K) NonClass: 33036K(33216K)->33036K(33216K) Class: 4425K(4608K)->4425K(4608K)
[2025-04-17T11:15:55.293+0000][1755.123s][info][gc             ] GC(1147) Pause Young (Allocation Failure) 23M->14M(31M) 1.272ms
[2025-04-17T11:15:55.293+0000][1755.123s][info][gc,cpu         ] GC(1147) User=0.00s Sys=0.00s Real=0.00s
[2025-04-17T11:15:56.795+0000][1756.625s][info][gc,start       ] GC(1148) Pause Young (Allocation Failure)
[2025-04-17T11:15:56.796+0000][1756.626s][info][gc,heap        ] GC(1148) DefNew: 9186K(10176K)->100K(10176K) Eden: 9088K(9088K)->0K(9088K) From: 98K(1088K)->100K(1088K)
[2025-04-17T11:15:56.796+0000][1756.626s][info][gc,heap        ] GC(1148) Tenured: 14823K(22468K)->14823K(22468K)
[2025-04-17T11:15:56.796+0000][1756.626s][info][gc,metaspace   ] GC(1148) Metaspace: 37462K(37824K)->37462K(37824K) NonClass: 33036K(33216K)->33036K(33216K) Class: 4425K(4608K)->4425K(4608K)
[2025-04-17T11:15:56.796+0000][1756.626s][info][gc             ] GC(1148) Pause Young (Allocation Failure) 23M->14M(31M) 1.392ms
[2025-04-17T11:15:56.796+0000][1756.626s][info][gc,cpu         ] GC(1148) User=0.00s Sys=0.00s Real=0.00s
[2025-04-17T11:15:58.399+0000][1758.229s][info][gc,start       ] GC(1149) Pause Young (Allocation Failure)
[2025-04-17T11:15:58.400+0000][1758.231s][info][gc,heap        ] GC(1149) DefNew: 9173K(10176K)->87K(10176K) Eden: 9072K(9088K)->0K(9088K) From: 100K(1088K)->87K(1088K)
[2025-04-17T11:15:58.400+0000][1758.231s][info][gc,heap        ] GC(1149) Tenured: 14823K(22468K)->14824K(22468K)
[2025-04-17T11:15:58.400+0000][1758.231s][info][gc,metaspace   ] GC(1149) Metaspace: 37462K(37824K)->37462K(37824K) NonClass: 33036K(33216K)->33036K(33216K) Class: 4425K(4608K)->4425K(4608K)
[2025-04-17T11:15:58.400+0000][1758.231s][info][gc             ] GC(1149) Pause Young (Allocation Failure) 23M->14M(31M) 1.296ms
[2025-04-17T11:15:58.400+0000][1758.231s][info][gc,cpu         ] GC(1149) User=0.00s Sys=0.00s Real=0.00s
[2025-04-17T11:16:00.072+0000][1759.902s][info][gc,start       ] GC(1150) Pause Young (Allocation Failure)
[2025-04-17T11:16:00.074+0000][1759.904s][info][gc,heap        ] GC(1150) DefNew: 9175K(10176K)->83K(10176K) Eden: 9088K(9088K)->0K(9088K) From: 87K(1088K)->83K(1088K)
[2025-04-17T11:16:00.074+0000][1759.904s][info][gc,heap        ] GC(1150) Tenured: 14824K(22468K)->14826K(22468K)
[2025-04-17T11:16:00.074+0000][1759.904s][info][gc,metaspace   ] GC(1150) Metaspace: 37462K(37824K)->37462K(37824K) NonClass: 33036K(33216K)->33036K(33216K) Class: 4425K(4608K)->4425K(4608K)
[2025-04-17T11:16:00.074+0000][1759.904s][info][gc             ] GC(1150) Pause Young (Allocation Failure) 23M->14M(31M) 1.333ms
[2025-04-17T11:16:00.074+0000][1759.904s][info][gc,cpu         ] GC(1150) User=0.00s Sys=0.00s Real=0.00s
[2025-04-17T11:16:01.520+0000][1761.350s][info][gc,start       ] GC(1151) Pause Young (Allocation Failure)
[2025-04-17T11:16:01.521+0000][1761.351s][info][gc,heap        ] GC(1151) DefNew: 9171K(10176K)->100K(10176K) Eden: 9088K(9088K)->0K(9088K) From: 83K(1088K)->100K(1088K)
[2025-04-17T11:16:01.521+0000][1761.351s][info][gc,heap        ] GC(1151) Tenured: 14826K(22468K)->14827K(22468K)
[2025-04-17T11:16:01.521+0000][1761.351s][info][gc,metaspace   ] GC(1151) Metaspace: 37462K(37824K)->37462K(37824K) NonClass: 33036K(33216K)->33036K(33216K) Class: 4425K(4608K)->4425K(4608K)
[2025-04-17T11:16:01.521+0000][1761.351s][info][gc             ] GC(1151) Pause Young (Allocation Failure) 23M->14M(31M) 1.380ms
[2025-04-17T11:16:01.521+0000][1761.351s][info][gc,cpu         ] GC(1151) User=0.00s Sys=0.00s Real=0.00s
[2025-04-17T11:16:03.148+0000][1762.978s][info][gc,start       ] GC(1152) Pause Young (Allocation Failure)
[2025-04-17T11:16:03.149+0000][1762.979s][info][gc,heap        ] GC(1152) DefNew: 9188K(10176K)->97K(10176K) Eden: 9087K(9088K)->0K(9088K) From: 100K(1088K)->97K(1088K)
[2025-04-17T11:16:03.149+0000][1762.979s][info][gc,heap        ] GC(1152) Tenured: 14827K(22468K)->14827K(22468K)
[2025-04-17T11:16:03.149+0000][1762.979s][info][gc,metaspace   ] GC(1152) Metaspace: 37462K(37824K)->37462K(37824K) NonClass: 33036K(33216K)->33036K(33216K) Class: 4425K(4608K)->4425K(4608K)
[2025-04-17T11:16:03.149+0000][1762.979s][info][gc             ] GC(1152) Pause Young (Allocation Failure) 23M->14M(31M) 1.202ms
[2025-04-17T11:16:03.149+0000][1762.979s][info][gc,cpu         ] GC(1152) User=0.00s Sys=0.00s Real=0.00s
[2025-04-17T11:16:04.475+0000][1764.306s][info][gc,start       ] GC(1153) Pause Young (Allocation Failure)
[2025-04-17T11:16:04.477+0000][1764.307s][info][gc,heap        ] GC(1153) DefNew: 9185K(10176K)->86K(10176K) Eden: 9088K(9088K)->0K(9088K) From: 97K(1088K)->86K(1088K)
[2025-04-17T11:16:04.477+0000][1764.307s][info][gc,heap        ] GC(1153) Tenured: 14827K(22468K)->14828K(22468K)
[2025-04-17T11:16:04.477+0000][1764.307s][info][gc,metaspace   ] GC(1153) Metaspace: 37462K(37824K)->37462K(37824K) NonClass: 33036K(33216K)->33036K(33216K) Class: 4425K(4608K)->4425K(4608K)
[2025-04-17T11:16:04.477+0000][1764.307s][info][gc             ] GC(1153) Pause Young (Allocation Failure) 23M->14M(31M) 1.272ms
[2025-04-17T11:16:04.477+0000][1764.307s][info][gc,cpu         ] GC(1153) User=0.00s Sys=0.00s Real=0.00s
[2025-04-17T11:16:06.218+0000][1766.048s][info][gc,start       ] GC(1154) Pause Young (Allocation Failure)
[2025-04-17T11:16:06.219+0000][1766.049s][info][gc,heap        ] GC(1154) DefNew: 9174K(10176K)->82K(10176K) Eden: 9088K(9088K)->0K(9088K) From: 86K(1088K)->82K(1088K)
[2025-04-17T11:16:06.219+0000][1766.049s][info][gc,heap        ] GC(1154) Tenured: 14828K(22468K)->14829K(22468K)
[2025-04-17T11:16:06.219+0000][1766.049s][info][gc,metaspace   ] GC(1154) Metaspace: 37462K(37824K)->37462K(37824K) NonClass: 33036K(33216K)->33036K(33216K) Class: 4425K(4608K)->4425K(4608K)
[2025-04-17T11:16:06.219+0000][1766.049s][info][gc             ] GC(1154) Pause Young (Allocation Failure) 23M->14M(31M) 1.198ms
[2025-04-17T11:16:06.219+0000][1766.049s][info][gc,cpu         ] GC(1154) User=0.00s Sys=0.00s Real=0.00s
[2025-04-17T11:16:07.797+0000][1767.627s][info][gc,start       ] GC(1155) Pause Young (Allocation Failure)
[2025-04-17T11:16:07.798+0000][1767.628s][info][gc,heap        ] GC(1155) DefNew: 9170K(10176K)->102K(10176K) Eden: 9088K(9088K)->0K(9088K) From: 82K(1088K)->102K(1088K)
[2025-04-17T11:16:07.798+0000][1767.628s][info][gc,heap        ] GC(1155) Tenured: 14829K(22468K)->14829K(22468K)
[2025-04-17T11:16:07.798+0000][1767.628s][info][gc,metaspace   ] GC(1155) Metaspace: 37462K(37824K)->37462K(37824K) NonClass: 33036K(33216K)->33036K(33216K) Class: 4425K(4608K)->4425K(4608K)
[2025-04-17T11:16:07.798+0000][1767.628s][info][gc             ] GC(1155) Pause Young (Allocation Failure) 23M->14M(31M) 1.293ms
[2025-04-17T11:16:07.798+0000][1767.628s][info][gc,cpu         ] GC(1155) User=0.00s Sys=0.00s Real=0.00s
[2025-04-17T11:16:09.226+0000][1769.056s][info][gc,start       ] GC(1156) Pause Young (Allocation Failure)
[2025-04-17T11:16:09.227+0000][1769.058s][info][gc,heap        ] GC(1156) DefNew: 9190K(10176K)->88K(10176K) Eden: 9088K(9088K)->0K(9088K) From: 102K(1088K)->88K(1088K)
[2025-04-17T11:16:09.227+0000][1769.058s][info][gc,heap        ] GC(1156) Tenured: 14829K(22468K)->14831K(22468K)
[2025-04-17T11:16:09.227+0000][1769.058s][info][gc,metaspace   ] GC(1156) Metaspace: 37462K(37824K)->37462K(37824K) NonClass: 33036K(33216K)->33036K(33216K) Class: 4425K(4608K)->4425K(4608K)
[2025-04-17T11:16:09.228+0000][1769.058s][info][gc             ] GC(1156) Pause Young (Allocation Failure) 23M->14M(31M) 1.302ms
[2025-04-17T11:16:09.228+0000][1769.058s][info][gc,cpu         ] GC(1156) User=0.00s Sys=0.00s Real=0.00s
[2025-04-17T11:16:10.730+0000][1770.560s][info][gc,start       ] GC(1157) Pause Young (Allocation Failure)
[2025-04-17T11:16:10.731+0000][1770.561s][info][gc,heap        ] GC(1157) DefNew: 9176K(10176K)->90K(10176K) Eden: 9088K(9088K)->0K(9088K) From: 88K(1088K)->90K(1088K)
[2025-04-17T11:16:10.731+0000][1770.561s][info][gc,heap        ] GC(1157) Tenured: 14831K(22468K)->14831K(22468K)
[2025-04-17T11:16:10.731+0000][1770.561s][info][gc,metaspace   ] GC(1157) Metaspace: 37462K(37824K)->37462K(37824K) NonClass: 33036K(33216K)->33036K(33216K) Class: 4425K(4608K)->4425K(4608K)
[2025-04-17T11:16:10.731+0000][1770.561s][info][gc             ] GC(1157) Pause Young (Allocation Failure) 23M->14M(31M) 1.251ms
[2025-04-17T11:16:10.731+0000][1770.561s][info][gc,cpu         ] GC(1157) User=0.00s Sys=0.00s Real=0.00s
[2025-04-17T11:16:12.299+0000][1772.129s][info][gc,start       ] GC(1158) Pause Young (Allocation Failure)
[2025-04-17T11:16:12.300+0000][1772.130s][info][gc,heap        ] GC(1158) DefNew: 9178K(10176K)->90K(10176K) Eden: 9088K(9088K)->0K(9088K) From: 90K(1088K)->90K(1088K)
[2025-04-17T11:16:12.300+0000][1772.130s][info][gc,heap        ] GC(1158) Tenured: 14831K(22468K)->14831K(22468K)
[2025-04-17T11:16:12.300+0000][1772.130s][info][gc,metaspace   ] GC(1158) Metaspace: 37462K(37824K)->37462K(37824K) NonClass: 33036K(33216K)->33036K(33216K) Class: 4425K(4608K)->4425K(4608K)
[2025-04-17T11:16:12.300+0000][1772.130s][info][gc             ] GC(1158) Pause Young (Allocation Failure) 23M->14M(31M) 1.238ms
[2025-04-17T11:16:12.300+0000][1772.130s][info][gc,cpu         ] GC(1158) User=0.00s Sys=0.00s Real=0.00s
[2025-04-17T11:16:13.945+0000][1773.776s][info][gc,start       ] GC(1159) Pause Young (Allocation Failure)
[2025-04-17T11:16:13.947+0000][1773.777s][info][gc,heap        ] GC(1159) DefNew: 9178K(10176K)->102K(10176K) Eden: 9088K(9088K)->0K(9088K) From: 90K(1088K)->102K(1088K)
[2025-04-17T11:16:13.947+0000][1773.777s][info][gc,heap        ] GC(1159) Tenured: 14831K(22468K)->14832K(22468K)
[2025-04-17T11:16:13.947+0000][1773.777s][info][gc,metaspace   ] GC(1159) Metaspace: 37462K(37824K)->37462K(37824K) NonClass: 33036K(33216K)->33036K(33216K) Class: 4425K(4608K)->4425K(4608K)
[2025-04-17T11:16:13.947+0000][1773.777s][info][gc             ] GC(1159) Pause Young (Allocation Failure) 23M->14M(31M) 1.185ms
[2025-04-17T11:16:13.947+0000][1773.777s][info][gc,cpu         ] GC(1159) User=0.00s Sys=0.00s Real=0.00s
[2025-04-17T11:16:15.549+0000][1775.379s][info][gc,start       ] GC(1160) Pause Young (Allocation Failure)
[2025-04-17T11:16:15.551+0000][1775.381s][info][gc,heap        ] GC(1160) DefNew: 9190K(10176K)->88K(10176K) Eden: 9088K(9088K)->0K(9088K) From: 102K(1088K)->88K(1088K)
[2025-04-17T11:16:15.551+0000][1775.381s][info][gc,heap        ] GC(1160) Tenured: 14832K(22468K)->14832K(22468K)
[2025-04-17T11:16:15.551+0000][1775.381s][info][gc,metaspace   ] GC(1160) Metaspace: 37462K(37824K)->37462K(37824K) NonClass: 33036K(33216K)->33036K(33216K) Class: 4425K(4608K)->4425K(4608K)
[2025-04-17T11:16:15.551+0000][1775.381s][info][gc             ] GC(1160) Pause Young (Allocation Failure) 23M->14M(31M) 1.337ms
[2025-04-17T11:16:15.551+0000][1775.381s][info][gc,cpu         ] GC(1160) User=0.00s Sys=0.00s Real=0.00s
[2025-04-17T11:16:17.083+0000][1776.913s][info][gc,start       ] GC(1161) Pause Young (Allocation Failure)
[2025-04-17T11:16:17.084+0000][1776.914s][info][gc,heap        ] GC(1161) DefNew: 9176K(10176K)->84K(10176K) Eden: 9087K(9088K)->0K(9088K) From: 88K(1088K)->84K(1088K)
[2025-04-17T11:16:17.084+0000][1776.914s][info][gc,heap        ] GC(1161) Tenured: 14832K(22468K)->14833K(22468K)
[2025-04-17T11:16:17.084+0000][1776.914s][info][gc,metaspace   ] GC(1161) Metaspace: 37462K(37824K)->37462K(37824K) NonClass: 33036K(33216K)->33036K(33216K) Class: 4425K(4608K)->4425K(4608K)
[2025-04-17T11:16:17.084+0000][1776.914s][info][gc             ] GC(1161) Pause Young (Allocation Failure) 23M->14M(31M) 1.196ms
[2025-04-17T11:16:17.084+0000][1776.914s][info][gc,cpu         ] GC(1161) User=0.01s Sys=0.00s Real=0.01s
[2025-04-17T11:16:18.731+0000][1778.561s][info][gc,start       ] GC(1162) Pause Young (Allocation Failure)
[2025-04-17T11:16:18.732+0000][1778.562s][info][gc,heap        ] GC(1162) DefNew: 9172K(10176K)->85K(10176K) Eden: 9088K(9088K)->0K(9088K) From: 84K(1088K)->85K(1088K)
[2025-04-17T11:16:18.732+0000][1778.562s][info][gc,heap        ] GC(1162) Tenured: 14833K(22468K)->14834K(22468K)
[2025-04-17T11:16:18.732+0000][1778.562s][info][gc,metaspace   ] GC(1162) Metaspace: 37462K(37824K)->37462K(37824K) NonClass: 33036K(33216K)->33036K(33216K) Class: 4425K(4608K)->4425K(4608K)
[2025-04-17T11:16:18.732+0000][1778.562s][info][gc             ] GC(1162) Pause Young (Allocation Failure) 23M->14M(31M) 1.301ms
[2025-04-17T11:16:18.732+0000][1778.562s][info][gc,cpu         ] GC(1162) User=0.00s Sys=0.00s Real=0.00s
[2025-04-17T11:16:20.290+0000][1780.120s][info][gc,start       ] GC(1163) Pause Young (Allocation Failure)
[2025-04-17T11:16:20.291+0000][1780.122s][info][gc,heap        ] GC(1163) DefNew: 9172K(10176K)->107K(10176K) Eden: 9087K(9088K)->0K(9088K) From: 85K(1088K)->107K(1088K)
[2025-04-17T11:16:20.292+0000][1780.122s][info][gc,heap        ] GC(1163) Tenured: 14834K(22468K)->14834K(22468K)
[2025-04-17T11:16:20.292+0000][1780.122s][info][gc,metaspace   ] GC(1163) Metaspace: 37462K(37824K)->37462K(37824K) NonClass: 33036K(33216K)->33036K(33216K) Class: 4425K(4608K)->4425K(4608K)
[2025-04-17T11:16:20.292+0000][1780.122s][info][gc             ] GC(1163) Pause Young (Allocation Failure) 23M->14M(31M) 1.244ms
[2025-04-17T11:16:20.292+0000][1780.122s][info][gc,cpu         ] GC(1163) User=0.00s Sys=0.00s Real=0.00s
[2025-04-17T11:16:21.960+0000][1781.790s][info][gc,start       ] GC(1164) Pause Young (Allocation Failure)
[2025-04-17T11:16:21.962+0000][1781.792s][info][gc,heap        ] GC(1164) DefNew: 9191K(10176K)->93K(10176K) Eden: 9084K(9088K)->0K(9088K) From: 107K(1088K)->93K(1088K)
[2025-04-17T11:16:21.962+0000][1781.792s][info][gc,heap        ] GC(1164) Tenured: 14834K(22468K)->14837K(22468K)
[2025-04-17T11:16:21.962+0000][1781.792s][info][gc,metaspace   ] GC(1164) Metaspace: 37462K(37824K)->37462K(37824K) NonClass: 33036K(33216K)->33036K(33216K) Class: 4425K(4608K)->4425K(4608K)
[2025-04-17T11:16:21.962+0000][1781.792s][info][gc             ] GC(1164) Pause Young (Allocation Failure) 23M->14M(31M) 1.301ms
[2025-04-17T11:16:21.962+0000][1781.792s][info][gc,cpu         ] GC(1164) User=0.00s Sys=0.00s Real=0.00s
[2025-04-17T11:16:23.542+0000][1783.372s][info][gc,start       ] GC(1165) Pause Young (Allocation Failure)
[2025-04-17T11:16:23.543+0000][1783.373s][info][gc,heap        ] GC(1165) DefNew: 9181K(10176K)->88K(10176K) Eden: 9088K(9088K)->0K(9088K) From: 93K(1088K)->88K(1088K)
[2025-04-17T11:16:23.543+0000][1783.373s][info][gc,heap        ] GC(1165) Tenured: 14837K(22468K)->14838K(22468K)
[2025-04-17T11:16:23.543+0000][1783.373s][info][gc,metaspace   ] GC(1165) Metaspace: 37462K(37824K)->37462K(37824K) NonClass: 33036K(33216K)->33036K(33216K) Class: 4425K(4608K)->4425K(4608K)
[2025-04-17T11:16:23.543+0000][1783.373s][info][gc             ] GC(1165) Pause Young (Allocation Failure) 23M->14M(31M) 1.270ms
[2025-04-17T11:16:23.543+0000][1783.373s][info][gc,cpu         ] GC(1165) User=0.00s Sys=0.00s Real=0.00s
[2025-04-17T11:16:25.171+0000][1785.001s][info][gc,start       ] GC(1166) Pause Young (Allocation Failure)
[2025-04-17T11:16:25.172+0000][1785.002s][info][gc,heap        ] GC(1166) DefNew: 9176K(10176K)->93K(10176K) Eden: 9088K(9088K)->0K(9088K) From: 88K(1088K)->93K(1088K)
[2025-04-17T11:16:25.172+0000][1785.002s][info][gc,heap        ] GC(1166) Tenured: 14838K(22468K)->14839K(22468K)
[2025-04-17T11:16:25.172+0000][1785.002s][info][gc,metaspace   ] GC(1166) Metaspace: 37462K(37824K)->37462K(37824K) NonClass: 33036K(33216K)->33036K(33216K) Class: 4425K(4608K)->4425K(4608K)
[2025-04-17T11:16:25.172+0000][1785.002s][info][gc             ] GC(1166) Pause Young (Allocation Failure) 23M->14M(31M) 1.339ms
[2025-04-17T11:16:25.172+0000][1785.002s][info][gc,cpu         ] GC(1166) User=0.00s Sys=0.00s Real=0.00s
[2025-04-17T11:16:26.795+0000][1786.625s][info][gc,start       ] GC(1167) Pause Young (Allocation Failure)
[2025-04-17T11:16:26.796+0000][1786.627s][info][gc,heap        ] GC(1167) DefNew: 9181K(10176K)->102K(10176K) Eden: 9088K(9088K)->0K(9088K) From: 93K(1088K)->102K(1088K)
[2025-04-17T11:16:26.796+0000][1786.627s][info][gc,heap        ] GC(1167) Tenured: 14839K(22468K)->14839K(22468K)
[2025-04-17T11:16:26.796+0000][1786.627s][info][gc,metaspace   ] GC(1167) Metaspace: 37462K(37824K)->37462K(37824K) NonClass: 33036K(33216K)->33036K(33216K) Class: 4425K(4608K)->4425K(4608K)
[2025-04-17T11:16:26.796+0000][1786.627s][info][gc             ] GC(1167) Pause Young (Allocation Failure) 23M->14M(31M) 1.328ms
[2025-04-17T11:16:26.796+0000][1786.627s][info][gc,cpu         ] GC(1167) User=0.00s Sys=0.00s Real=0.00s
[2025-04-17T11:16:28.226+0000][1788.056s][info][gc,start       ] GC(1168) Pause Young (Allocation Failure)
[2025-04-17T11:16:28.227+0000][1788.057s][info][gc,heap        ] GC(1168) DefNew: 9190K(10176K)->93K(10176K) Eden: 9088K(9088K)->0K(9088K) From: 102K(1088K)->93K(1088K)
[2025-04-17T11:16:28.227+0000][1788.057s][info][gc,heap        ] GC(1168) Tenured: 14839K(22468K)->14842K(22468K)
[2025-04-17T11:16:28.227+0000][1788.057s][info][gc,metaspace   ] GC(1168) Metaspace: 37462K(37824K)->37462K(37824K) NonClass: 33036K(33216K)->33036K(33216K) Class: 4425K(4608K)->4425K(4608K)
[2025-04-17T11:16:28.227+0000][1788.057s][info][gc             ] GC(1168) Pause Young (Allocation Failure) 23M->14M(31M) 1.267ms
[2025-04-17T11:16:28.227+0000][1788.057s][info][gc,cpu         ] GC(1168) User=0.00s Sys=0.00s Real=0.00s
[2025-04-17T11:16:29.848+0000][1789.678s][info][gc,start       ] GC(1169) Pause Young (Allocation Failure)
[2025-04-17T11:16:29.849+0000][1789.679s][info][gc,heap        ] GC(1169) DefNew: 9181K(10176K)->86K(10176K) Eden: 9088K(9088K)->0K(9088K) From: 93K(1088K)->86K(1088K)
[2025-04-17T11:16:29.849+0000][1789.679s][info][gc,heap        ] GC(1169) Tenured: 14842K(22468K)->14842K(22468K)
[2025-04-17T11:16:29.849+0000][1789.679s][info][gc,metaspace   ] GC(1169) Metaspace: 37462K(37824K)->37462K(37824K) NonClass: 33036K(33216K)->33036K(33216K) Class: 4425K(4608K)->4425K(4608K)
[2025-04-17T11:16:29.849+0000][1789.679s][info][gc             ] GC(1169) Pause Young (Allocation Failure) 23M->14M(31M) 1.235ms
[2025-04-17T11:16:29.849+0000][1789.679s][info][gc,cpu         ] GC(1169) User=0.00s Sys=0.00s Real=0.00s
[2025-04-17T11:16:31.290+0000][1791.120s][info][gc,start       ] GC(1170) Pause Young (Allocation Failure)
[2025-04-17T11:16:31.291+0000][1791.121s][info][gc,heap        ] GC(1170) DefNew: 9174K(10176K)->84K(10176K) Eden: 9088K(9088K)->0K(9088K) From: 86K(1088K)->84K(1088K)
[2025-04-17T11:16:31.291+0000][1791.121s][info][gc,heap        ] GC(1170) Tenured: 14842K(22468K)->14843K(22468K)
[2025-04-17T11:16:31.291+0000][1791.121s][info][gc,metaspace   ] GC(1170) Metaspace: 37462K(37824K)->37462K(37824K) NonClass: 33036K(33216K)->33036K(33216K) Class: 4425K(4608K)->4425K(4608K)
[2025-04-17T11:16:31.291+0000][1791.121s][info][gc             ] GC(1170) Pause Young (Allocation Failure) 23M->14M(31M) 1.208ms
[2025-04-17T11:16:31.291+0000][1791.121s][info][gc,cpu         ] GC(1170) User=0.01s Sys=0.00s Real=0.00s
[2025-04-17T11:16:32.936+0000][1792.766s][info][gc,start       ] GC(1171) Pause Young (Allocation Failure)
[2025-04-17T11:16:32.938+0000][1792.768s][info][gc,heap        ] GC(1171) DefNew: 9172K(10176K)->98K(10176K) Eden: 9088K(9088K)->0K(9088K) From: 84K(1088K)->98K(1088K)
[2025-04-17T11:16:32.938+0000][1792.768s][info][gc,heap        ] GC(1171) Tenured: 14843K(22468K)->14844K(22468K)
[2025-04-17T11:16:32.938+0000][1792.768s][info][gc,metaspace   ] GC(1171) Metaspace: 37462K(37824K)->37462K(37824K) NonClass: 33036K(33216K)->33036K(33216K) Class: 4425K(4608K)->4425K(4608K)
[2025-04-17T11:16:32.938+0000][1792.768s][info][gc             ] GC(1171) Pause Young (Allocation Failure) 23M->14M(31M) 1.296ms
[2025-04-17T11:16:32.938+0000][1792.768s][info][gc,cpu         ] GC(1171) User=0.00s Sys=0.00s Real=0.00s
[2025-04-17T11:16:34.651+0000][1794.481s][info][gc,start       ] GC(1172) Pause Young (Allocation Failure)
[2025-04-17T11:16:34.652+0000][1794.482s][info][gc,heap        ] GC(1172) DefNew: 9186K(10176K)->87K(10176K) Eden: 9088K(9088K)->0K(9088K) From: 98K(1088K)->87K(1088K)
[2025-04-17T11:16:34.652+0000][1794.482s][info][gc,heap        ] GC(1172) Tenured: 14844K(22468K)->14845K(22468K)
[2025-04-17T11:16:34.652+0000][1794.482s][info][gc,metaspace   ] GC(1172) Metaspace: 37462K(37824K)->37462K(37824K) NonClass: 33036K(33216K)->33036K(33216K) Class: 4425K(4608K)->4425K(4608K)
[2025-04-17T11:16:34.652+0000][1794.482s][info][gc             ] GC(1172) Pause Young (Allocation Failure) 23M->14M(31M) 1.154ms
[2025-04-17T11:16:34.652+0000][1794.482s][info][gc,cpu         ] GC(1172) User=0.00s Sys=0.00s Real=0.00s
[2025-04-17T11:16:36.212+0000][1796.042s][info][gc,start       ] GC(1173) Pause Young (Allocation Failure)
[2025-04-17T11:16:36.213+0000][1796.043s][info][gc,heap        ] GC(1173) DefNew: 9175K(10176K)->83K(10176K) Eden: 9088K(9088K)->0K(9088K) From: 87K(1088K)->83K(1088K)
[2025-04-17T11:16:36.213+0000][1796.043s][info][gc,heap        ] GC(1173) Tenured: 14845K(22468K)->14845K(22468K)
[2025-04-17T11:16:36.213+0000][1796.043s][info][gc,metaspace   ] GC(1173) Metaspace: 37462K(37824K)->37462K(37824K) NonClass: 33036K(33216K)->33036K(33216K) Class: 4425K(4608K)->4425K(4608K)
[2025-04-17T11:16:36.213+0000][1796.043s][info][gc             ] GC(1173) Pause Young (Allocation Failure) 23M->14M(31M) 1.206ms
[2025-04-17T11:16:36.213+0000][1796.043s][info][gc,cpu         ] GC(1173) User=0.00s Sys=0.00s Real=0.00s
[2025-04-17T11:16:37.816+0000][1797.646s][info][gc,start       ] GC(1174) Pause Young (Allocation Failure)
[2025-04-17T11:16:37.817+0000][1797.647s][info][gc,heap        ] GC(1174) DefNew: 9171K(10176K)->92K(10176K) Eden: 9087K(9088K)->0K(9088K) From: 83K(1088K)->92K(1088K)
[2025-04-17T11:16:37.817+0000][1797.647s][info][gc,heap        ] GC(1174) Tenured: 14845K(22468K)->14847K(22468K)
[2025-04-17T11:16:37.817+0000][1797.647s][info][gc,metaspace   ] GC(1174) Metaspace: 37462K(37824K)->37462K(37824K) NonClass: 33036K(33216K)->33036K(33216K) Class: 4425K(4608K)->4425K(4608K)
[2025-04-17T11:16:37.817+0000][1797.647s][info][gc             ] GC(1174) Pause Young (Allocation Failure) 23M->14M(31M) 1.378ms
[2025-04-17T11:16:37.817+0000][1797.647s][info][gc,cpu         ] GC(1174) User=0.00s Sys=0.00s Real=0.00s
[2025-04-17T11:16:39.489+0000][1799.319s][info][gc,start       ] GC(1175) Pause Young (Allocation Failure)
[2025-04-17T11:16:39.490+0000][1799.320s][info][gc,heap        ] GC(1175) DefNew: 9180K(10176K)->96K(10176K) Eden: 9088K(9088K)->0K(9088K) From: 92K(1088K)->96K(1088K)
[2025-04-17T11:16:39.490+0000][1799.320s][info][gc,heap        ] GC(1175) Tenured: 14847K(22468K)->14847K(22468K)
[2025-04-17T11:16:39.490+0000][1799.320s][info][gc,metaspace   ] GC(1175) Metaspace: 37462K(37824K)->37462K(37824K) NonClass: 33036K(33216K)->33036K(33216K) Class: 4425K(4608K)->4425K(4608K)
[2025-04-17T11:16:39.490+0000][1799.320s][info][gc             ] GC(1175) Pause Young (Allocation Failure) 23M->14M(31M) 1.342ms
[2025-04-17T11:16:39.490+0000][1799.320s][info][gc,cpu         ] GC(1175) User=0.00s Sys=0.00s Real=0.00s
[2025-04-17T11:16:40.978+0000][1800.808s][info][gc,start       ] GC(1176) Pause Young (Allocation Failure)
[2025-04-17T11:16:40.979+0000][1800.810s][info][gc,heap        ] GC(1176) DefNew: 9184K(10176K)->85K(10176K) Eden: 9088K(9088K)->0K(9088K) From: 96K(1088K)->85K(1088K)
[2025-04-17T11:16:40.979+0000][1800.810s][info][gc,heap        ] GC(1176) Tenured: 14847K(22468K)->14847K(22468K)
[2025-04-17T11:16:40.979+0000][1800.810s][info][gc,metaspace   ] GC(1176) Metaspace: 37462K(37824K)->37462K(37824K) NonClass: 33036K(33216K)->33036K(33216K) Class: 4425K(4608K)->4425K(4608K)
[2025-04-17T11:16:40.979+0000][1800.810s][info][gc             ] GC(1176) Pause Young (Allocation Failure) 23M->14M(31M) 1.302ms
[2025-04-17T11:16:40.979+0000][1800.810s][info][gc,cpu         ] GC(1176) User=0.00s Sys=0.00s Real=0.00s
[2025-04-17T11:16:42.802+0000][1802.633s][info][gc,start       ] GC(1177) Pause Young (Allocation Failure)
[2025-04-17T11:16:42.804+0000][1802.634s][info][gc,heap        ] GC(1177) DefNew: 9173K(10176K)->82K(10176K) Eden: 9088K(9088K)->0K(9088K) From: 85K(1088K)->82K(1088K)
[2025-04-17T11:16:42.804+0000][1802.634s][info][gc,heap        ] GC(1177) Tenured: 14847K(22468K)->14847K(22468K)
[2025-04-17T11:16:42.804+0000][1802.634s][info][gc,metaspace   ] GC(1177) Metaspace: 37462K(37824K)->37462K(37824K) NonClass: 33036K(33216K)->33036K(33216K) Class: 4425K(4608K)->4425K(4608K)
[2025-04-17T11:16:42.804+0000][1802.634s][info][gc             ] GC(1177) Pause Young (Allocation Failure) 23M->14M(31M) 1.281ms
[2025-04-17T11:16:42.804+0000][1802.634s][info][gc,cpu         ] GC(1177) User=0.00s Sys=0.00s Real=0.00s
[2025-04-17T11:16:44.079+0000][1803.909s][info][gc,start       ] GC(1178) Pause Young (Allocation Failure)
[2025-04-17T11:16:44.080+0000][1803.910s][info][gc,heap        ] GC(1178) DefNew: 9170K(10176K)->92K(10176K) Eden: 9088K(9088K)->0K(9088K) From: 82K(1088K)->92K(1088K)
[2025-04-17T11:16:44.080+0000][1803.910s][info][gc,heap        ] GC(1178) Tenured: 14847K(22468K)->14848K(22468K)
[2025-04-17T11:16:44.080+0000][1803.910s][info][gc,metaspace   ] GC(1178) Metaspace: 37462K(37824K)->37462K(37824K) NonClass: 33036K(33216K)->33036K(33216K) Class: 4425K(4608K)->4425K(4608K)
[2025-04-17T11:16:44.080+0000][1803.910s][info][gc             ] GC(1178) Pause Young (Allocation Failure) 23M->14M(31M) 1.216ms
[2025-04-17T11:16:44.080+0000][1803.910s][info][gc,cpu         ] GC(1178) User=0.00s Sys=0.00s Real=0.00s
[2025-04-17T11:16:45.788+0000][1805.619s][info][gc,start       ] GC(1179) Pause Young (Allocation Failure)
[2025-04-17T11:16:45.790+0000][1805.620s][info][gc,heap        ] GC(1179) DefNew: 9180K(10176K)->93K(10176K) Eden: 9088K(9088K)->0K(9088K) From: 92K(1088K)->93K(1088K)
[2025-04-17T11:16:45.790+0000][1805.620s][info][gc,heap        ] GC(1179) Tenured: 14848K(22468K)->14850K(22468K)
[2025-04-17T11:16:45.790+0000][1805.620s][info][gc,metaspace   ] GC(1179) Metaspace: 37462K(37824K)->37462K(37824K) NonClass: 33036K(33216K)->33036K(33216K) Class: 4425K(4608K)->4425K(4608K)
[2025-04-17T11:16:45.790+0000][1805.620s][info][gc             ] GC(1179) Pause Young (Allocation Failure) 23M->14M(31M) 1.268ms
[2025-04-17T11:16:45.790+0000][1805.620s][info][gc,cpu         ] GC(1179) User=0.00s Sys=0.00s Real=0.00s
[2025-04-17T11:16:47.656+0000][1807.486s][info][gc,start       ] GC(1180) Pause Young (Allocation Failure)
[2025-04-17T11:16:47.657+0000][1807.487s][info][gc,heap        ] GC(1180) DefNew: 9181K(10176K)->88K(10176K) Eden: 9088K(9088K)->0K(9088K) From: 93K(1088K)->88K(1088K)
[2025-04-17T11:16:47.657+0000][1807.487s][info][gc,heap        ] GC(1180) Tenured: 14850K(22468K)->14852K(22468K)
[2025-04-17T11:16:47.657+0000][1807.487s][info][gc,metaspace   ] GC(1180) Metaspace: 37462K(37824K)->37462K(37824K) NonClass: 33036K(33216K)->33036K(33216K) Class: 4425K(4608K)->4425K(4608K)
[2025-04-17T11:16:47.657+0000][1807.487s][info][gc             ] GC(1180) Pause Young (Allocation Failure) 23M->14M(31M) 1.329ms
[2025-04-17T11:16:47.657+0000][1807.487s][info][gc,cpu         ] GC(1180) User=0.00s Sys=0.00s Real=0.00s
[2025-04-17T11:16:49.054+0000][1808.884s][info][gc,start       ] GC(1181) Pause Young (Allocation Failure)
[2025-04-17T11:16:49.055+0000][1808.885s][info][gc,heap        ] GC(1181) DefNew: 9176K(10176K)->76K(10176K) Eden: 9088K(9088K)->0K(9088K) From: 88K(1088K)->76K(1088K)
[2025-04-17T11:16:49.055+0000][1808.885s][info][gc,heap        ] GC(1181) Tenured: 14852K(22468K)->14852K(22468K)
[2025-04-17T11:16:49.055+0000][1808.885s][info][gc,metaspace   ] GC(1181) Metaspace: 37462K(37824K)->37462K(37824K) NonClass: 33036K(33216K)->33036K(33216K) Class: 4425K(4608K)->4425K(4608K)
[2025-04-17T11:16:49.055+0000][1808.885s][info][gc             ] GC(1181) Pause Young (Allocation Failure) 23M->14M(31M) 1.328ms
[2025-04-17T11:16:49.055+0000][1808.885s][info][gc,cpu         ] GC(1181) User=0.00s Sys=0.00s Real=0.01s
[2025-04-17T11:16:50.629+0000][1810.459s][info][gc,start       ] GC(1182) Pause Young (Allocation Failure)
[2025-04-17T11:16:50.630+0000][1810.461s][info][gc,heap        ] GC(1182) DefNew: 9164K(10176K)->85K(10176K) Eden: 9088K(9088K)->0K(9088K) From: 76K(1088K)->85K(1088K)
[2025-04-17T11:16:50.630+0000][1810.461s][info][gc,heap        ] GC(1182) Tenured: 14852K(22468K)->14853K(22468K)
[2025-04-17T11:16:50.631+0000][1810.461s][info][gc,metaspace   ] GC(1182) Metaspace: 37462K(37824K)->37462K(37824K) NonClass: 33036K(33216K)->33036K(33216K) Class: 4425K(4608K)->4425K(4608K)
[2025-04-17T11:16:50.631+0000][1810.461s][info][gc             ] GC(1182) Pause Young (Allocation Failure) 23M->14M(31M) 1.277ms
[2025-04-17T11:16:50.631+0000][1810.461s][info][gc,cpu         ] GC(1182) User=0.00s Sys=0.00s Real=0.00s
[2025-04-17T11:16:52.203+0000][1812.033s][info][gc,start       ] GC(1183) Pause Young (Allocation Failure)
[2025-04-17T11:16:52.204+0000][1812.034s][info][gc,heap        ] GC(1183) DefNew: 9173K(10176K)->92K(10176K) Eden: 9088K(9088K)->0K(9088K) From: 85K(1088K)->92K(1088K)
[2025-04-17T11:16:52.204+0000][1812.034s][info][gc,heap        ] GC(1183) Tenured: 14853K(22468K)->14853K(22468K)
[2025-04-17T11:16:52.204+0000][1812.034s][info][gc,metaspace   ] GC(1183) Metaspace: 37462K(37824K)->37462K(37824K) NonClass: 33036K(33216K)->33036K(33216K) Class: 4425K(4608K)->4425K(4608K)
[2025-04-17T11:16:52.204+0000][1812.034s][info][gc             ] GC(1183) Pause Young (Allocation Failure) 23M->14M(31M) 1.325ms
[2025-04-17T11:16:52.204+0000][1812.034s][info][gc,cpu         ] GC(1183) User=0.00s Sys=0.00s Real=0.01s
[2025-04-17T11:16:53.794+0000][1813.624s][info][gc,start       ] GC(1184) Pause Young (Allocation Failure)
[2025-04-17T11:16:53.795+0000][1813.625s][info][gc,heap        ] GC(1184) DefNew: 9179K(10176K)->83K(10176K) Eden: 9087K(9088K)->0K(9088K) From: 92K(1088K)->83K(1088K)
[2025-04-17T11:16:53.795+0000][1813.625s][info][gc,heap        ] GC(1184) Tenured: 14853K(22468K)->14853K(22468K)
[2025-04-17T11:16:53.795+0000][1813.625s][info][gc,metaspace   ] GC(1184) Metaspace: 37462K(37824K)->37462K(37824K) NonClass: 33036K(33216K)->33036K(33216K) Class: 4425K(4608K)->4425K(4608K)
[2025-04-17T11:16:53.795+0000][1813.625s][info][gc             ] GC(1184) Pause Young (Allocation Failure) 23M->14M(31M) 1.166ms
[2025-04-17T11:16:53.795+0000][1813.625s][info][gc,cpu         ] GC(1184) User=0.00s Sys=0.00s Real=0.01s
[2025-04-17T11:16:55.342+0000][1815.173s][info][gc,start       ] GC(1185) Pause Young (Allocation Failure)
[2025-04-17T11:16:55.344+0000][1815.174s][info][gc,heap        ] GC(1185) DefNew: 9168K(10176K)->90K(10176K) Eden: 9084K(9088K)->0K(9088K) From: 83K(1088K)->90K(1088K)
[2025-04-17T11:16:55.344+0000][1815.174s][info][gc,heap        ] GC(1185) Tenured: 14853K(22468K)->14853K(22468K)
[2025-04-17T11:16:55.344+0000][1815.174s][info][gc,metaspace   ] GC(1185) Metaspace: 37462K(37824K)->37462K(37824K) NonClass: 33036K(33216K)->33036K(33216K) Class: 4425K(4608K)->4425K(4608K)
[2025-04-17T11:16:55.344+0000][1815.174s][info][gc             ] GC(1185) Pause Young (Allocation Failure) 23M->14M(31M) 1.277ms
[2025-04-17T11:16:55.344+0000][1815.174s][info][gc,cpu         ] GC(1185) User=0.00s Sys=0.00s Real=0.00s
[2025-04-17T11:16:56.687+0000][1816.517s][info][gc,start       ] GC(1186) Pause Young (Allocation Failure)
[2025-04-17T11:16:56.688+0000][1816.519s][info][gc,heap        ] GC(1186) DefNew: 9178K(10176K)->76K(10176K) Eden: 9087K(9088K)->0K(9088K) From: 90K(1088K)->76K(1088K)
[2025-04-17T11:16:56.688+0000][1816.519s][info][gc,heap        ] GC(1186) Tenured: 14853K(22468K)->14853K(22468K)
[2025-04-17T11:16:56.688+0000][1816.519s][info][gc,metaspace   ] GC(1186) Metaspace: 37462K(37824K)->37462K(37824K) NonClass: 33036K(33216K)->33036K(33216K) Class: 4425K(4608K)->4425K(4608K)
[2025-04-17T11:16:56.688+0000][1816.519s][info][gc             ] GC(1186) Pause Young (Allocation Failure) 23M->14M(31M) 1.320ms
[2025-04-17T11:16:56.688+0000][1816.519s][info][gc,cpu         ] GC(1186) User=0.00s Sys=0.00s Real=0.00s
[2025-04-17T11:16:58.694+0000][1818.524s][info][gc,start       ] GC(1187) Pause Young (Allocation Failure)
[2025-04-17T11:16:58.695+0000][1818.525s][info][gc,heap        ] GC(1187) DefNew: 9164K(10176K)->95K(10176K) Eden: 9088K(9088K)->0K(9088K) From: 76K(1088K)->95K(1088K)
[2025-04-17T11:16:58.695+0000][1818.525s][info][gc,heap        ] GC(1187) Tenured: 14853K(22468K)->14853K(22468K)
[2025-04-17T11:16:58.695+0000][1818.525s][info][gc,metaspace   ] GC(1187) Metaspace: 37462K(37824K)->37462K(37824K) NonClass: 33036K(33216K)->33036K(33216K) Class: 4425K(4608K)->4425K(4608K)
[2025-04-17T11:16:58.695+0000][1818.525s][info][gc             ] GC(1187) Pause Young (Allocation Failure) 23M->14M(31M) 1.349ms
[2025-04-17T11:16:58.695+0000][1818.525s][info][gc,cpu         ] GC(1187) User=0.00s Sys=0.00s Real=0.01s
[2025-04-17T11:17:00.135+0000][1819.965s][info][gc,start       ] GC(1188) Pause Young (Allocation Failure)
[2025-04-17T11:17:00.136+0000][1819.966s][info][gc,heap        ] GC(1188) DefNew: 9183K(10176K)->83K(10176K) Eden: 9088K(9088K)->0K(9088K) From: 95K(1088K)->83K(1088K)
[2025-04-17T11:17:00.136+0000][1819.966s][info][gc,heap        ] GC(1188) Tenured: 14853K(22468K)->14854K(22468K)
[2025-04-17T11:17:00.136+0000][1819.966s][info][gc,metaspace   ] GC(1188) Metaspace: 37462K(37824K)->37462K(37824K) NonClass: 33036K(33216K)->33036K(33216K) Class: 4425K(4608K)->4425K(4608K)
[2025-04-17T11:17:00.136+0000][1819.966s][info][gc             ] GC(1188) Pause Young (Allocation Failure) 23M->14M(31M) 1.320ms
[2025-04-17T11:17:00.136+0000][1819.966s][info][gc,cpu         ] GC(1188) User=0.00s Sys=0.00s Real=0.00s
[2025-04-17T11:17:01.617+0000][1821.447s][info][gc,start       ] GC(1189) Pause Young (Allocation Failure)
[2025-04-17T11:17:01.618+0000][1821.448s][info][gc,heap        ] GC(1189) DefNew: 9171K(10176K)->77K(10176K) Eden: 9087K(9088K)->0K(9088K) From: 83K(1088K)->77K(1088K)
[2025-04-17T11:17:01.618+0000][1821.448s][info][gc,heap        ] GC(1189) Tenured: 14854K(22468K)->14854K(22468K)
[2025-04-17T11:17:01.618+0000][1821.448s][info][gc,metaspace   ] GC(1189) Metaspace: 37462K(37824K)->37462K(37824K) NonClass: 33036K(33216K)->33036K(33216K) Class: 4425K(4608K)->4425K(4608K)
[2025-04-17T11:17:01.618+0000][1821.448s][info][gc             ] GC(1189) Pause Young (Allocation Failure) 23M->14M(31M) 1.339ms
[2025-04-17T11:17:01.618+0000][1821.448s][info][gc,cpu         ] GC(1189) User=0.00s Sys=0.00s Real=0.00s
[2025-04-17T11:17:03.397+0000][1823.227s][info][gc,start       ] GC(1190) Pause Young (Allocation Failure)
[2025-04-17T11:17:03.398+0000][1823.228s][info][gc,heap        ] GC(1190) DefNew: 9165K(10176K)->73K(10176K) Eden: 9088K(9088K)->0K(9088K) From: 77K(1088K)->73K(1088K)
[2025-04-17T11:17:03.398+0000][1823.228s][info][gc,heap        ] GC(1190) Tenured: 14854K(22468K)->14855K(22468K)
[2025-04-17T11:17:03.398+0000][1823.228s][info][gc,metaspace   ] GC(1190) Metaspace: 37462K(37824K)->37462K(37824K) NonClass: 33036K(33216K)->33036K(33216K) Class: 4425K(4608K)->4425K(4608K)
[2025-04-17T11:17:03.398+0000][1823.228s][info][gc             ] GC(1190) Pause Young (Allocation Failure) 23M->14M(31M) 1.288ms
[2025-04-17T11:17:03.398+0000][1823.228s][info][gc,cpu         ] GC(1190) User=0.00s Sys=0.00s Real=0.00s
[2025-04-17T11:17:04.863+0000][1824.693s][info][gc,start       ] GC(1191) Pause Young (Allocation Failure)
[2025-04-17T11:17:04.864+0000][1824.695s][info][gc,heap        ] GC(1191) DefNew: 9161K(10176K)->92K(10176K) Eden: 9088K(9088K)->0K(9088K) From: 73K(1088K)->92K(1088K)
[2025-04-17T11:17:04.864+0000][1824.695s][info][gc,heap        ] GC(1191) Tenured: 14855K(22468K)->14855K(22468K)
[2025-04-17T11:17:04.864+0000][1824.695s][info][gc,metaspace   ] GC(1191) Metaspace: 37462K(37824K)->37462K(37824K) NonClass: 33036K(33216K)->33036K(33216K) Class: 4425K(4608K)->4425K(4608K)
[2025-04-17T11:17:04.864+0000][1824.695s][info][gc             ] GC(1191) Pause Young (Allocation Failure) 23M->14M(31M) 1.297ms
[2025-04-17T11:17:04.865+0000][1824.695s][info][gc,cpu         ] GC(1191) User=0.00s Sys=0.00s Real=0.01s
[2025-04-17T11:17:06.321+0000][1826.151s][info][gc,start       ] GC(1192) Pause Young (Allocation Failure)
[2025-04-17T11:17:06.322+0000][1826.152s][info][gc,heap        ] GC(1192) DefNew: 9173K(10176K)->81K(10176K) Eden: 9080K(9088K)->0K(9088K) From: 92K(1088K)->81K(1088K)
[2025-04-17T11:17:06.322+0000][1826.152s][info][gc,heap        ] GC(1192) Tenured: 14855K(22468K)->14855K(22468K)
[2025-04-17T11:17:06.322+0000][1826.152s][info][gc,metaspace   ] GC(1192) Metaspace: 37462K(37824K)->37462K(37824K) NonClass: 33036K(33216K)->33036K(33216K) Class: 4425K(4608K)->4425K(4608K)
[2025-04-17T11:17:06.322+0000][1826.152s][info][gc             ] GC(1192) Pause Young (Allocation Failure) 23M->14M(31M) 1.187ms
[2025-04-17T11:17:06.322+0000][1826.152s][info][gc,cpu         ] GC(1192) User=0.00s Sys=0.00s Real=0.00s
[2025-04-17T11:17:07.920+0000][1827.751s][info][gc,start       ] GC(1193) Pause Young (Allocation Failure)
[2025-04-17T11:17:07.922+0000][1827.752s][info][gc,heap        ] GC(1193) DefNew: 9159K(10176K)->92K(10176K) Eden: 9078K(9088K)->0K(9088K) From: 81K(1088K)->92K(1088K)
[2025-04-17T11:17:07.922+0000][1827.752s][info][gc,heap        ] GC(1193) Tenured: 14855K(22468K)->14855K(22468K)
[2025-04-17T11:17:07.922+0000][1827.752s][info][gc,metaspace   ] GC(1193) Metaspace: 37462K(37824K)->37462K(37824K) NonClass: 33036K(33216K)->33036K(33216K) Class: 4425K(4608K)->4425K(4608K)
[2025-04-17T11:17:07.922+0000][1827.752s][info][gc             ] GC(1193) Pause Young (Allocation Failure) 23M->14M(31M) 1.182ms
[2025-04-17T11:17:07.922+0000][1827.752s][info][gc,cpu         ] GC(1193) User=0.00s Sys=0.00s Real=0.00s
[2025-04-17T11:17:09.473+0000][1829.303s][info][gc,start       ] GC(1194) Pause Young (Allocation Failure)
[2025-04-17T11:17:09.474+0000][1829.305s][info][gc,heap        ] GC(1194) DefNew: 9180K(10176K)->73K(10176K) Eden: 9088K(9088K)->0K(9088K) From: 92K(1088K)->73K(1088K)
[2025-04-17T11:17:09.474+0000][1829.305s][info][gc,heap        ] GC(1194) Tenured: 14855K(22468K)->14855K(22468K)
[2025-04-17T11:17:09.475+0000][1829.305s][info][gc,metaspace   ] GC(1194) Metaspace: 37462K(37824K)->37462K(37824K) NonClass: 33036K(33216K)->33036K(33216K) Class: 4425K(4608K)->4425K(4608K)
[2025-04-17T11:17:09.475+0000][1829.305s][info][gc             ] GC(1194) Pause Young (Allocation Failure) 23M->14M(31M) 1.281ms
[2025-04-17T11:17:09.475+0000][1829.305s][info][gc,cpu         ] GC(1194) User=0.00s Sys=0.00s Real=0.01s
[2025-04-17T11:17:11.047+0000][1830.877s][info][gc,start       ] GC(1195) Pause Young (Allocation Failure)
[2025-04-17T11:17:11.048+0000][1830.879s][info][gc,heap        ] GC(1195) DefNew: 9161K(10176K)->89K(10176K) Eden: 9088K(9088K)->0K(9088K) From: 73K(1088K)->89K(1088K)
[2025-04-17T11:17:11.048+0000][1830.879s][info][gc,heap        ] GC(1195) Tenured: 14855K(22468K)->14855K(22468K)
[2025-04-17T11:17:11.048+0000][1830.879s][info][gc,metaspace   ] GC(1195) Metaspace: 37462K(37824K)->37462K(37824K) NonClass: 33036K(33216K)->33036K(33216K) Class: 4425K(4608K)->4425K(4608K)
[2025-04-17T11:17:11.049+0000][1830.879s][info][gc             ] GC(1195) Pause Young (Allocation Failure) 23M->14M(31M) 1.169ms
[2025-04-17T11:17:11.049+0000][1830.879s][info][gc,cpu         ] GC(1195) User=0.00s Sys=0.00s Real=0.00s
[2025-04-17T11:17:12.707+0000][1832.537s][info][gc,start       ] GC(1196) Pause Young (Allocation Failure)
[2025-04-17T11:17:12.708+0000][1832.539s][info][gc,heap        ] GC(1196) DefNew: 9177K(10176K)->73K(10176K) Eden: 9088K(9088K)->0K(9088K) From: 89K(1088K)->73K(1088K)
[2025-04-17T11:17:12.709+0000][1832.539s][info][gc,heap        ] GC(1196) Tenured: 14855K(22468K)->14855K(22468K)
[2025-04-17T11:17:12.709+0000][1832.539s][info][gc,metaspace   ] GC(1196) Metaspace: 37462K(37824K)->37462K(37824K) NonClass: 33036K(33216K)->33036K(33216K) Class: 4425K(4608K)->4425K(4608K)
[2025-04-17T11:17:12.709+0000][1832.539s][info][gc             ] GC(1196) Pause Young (Allocation Failure) 23M->14M(31M) 1.216ms
[2025-04-17T11:17:12.709+0000][1832.539s][info][gc,cpu         ] GC(1196) User=0.00s Sys=0.00s Real=0.00s
[2025-04-17T11:17:14.231+0000][1834.061s][info][gc,start       ] GC(1197) Pause Young (Allocation Failure)
[2025-04-17T11:17:14.232+0000][1834.062s][info][gc,heap        ] GC(1197) DefNew: 9161K(10176K)->75K(10176K) Eden: 9088K(9088K)->0K(9088K) From: 73K(1088K)->75K(1088K)
[2025-04-17T11:17:14.232+0000][1834.062s][info][gc,heap        ] GC(1197) Tenured: 14855K(22468K)->14857K(22468K)
[2025-04-17T11:17:14.232+0000][1834.062s][info][gc,metaspace   ] GC(1197) Metaspace: 37462K(37824K)->37462K(37824K) NonClass: 33036K(33216K)->33036K(33216K) Class: 4425K(4608K)->4425K(4608K)
[2025-04-17T11:17:14.232+0000][1834.062s][info][gc             ] GC(1197) Pause Young (Allocation Failure) 23M->14M(31M) 1.182ms
[2025-04-17T11:17:14.232+0000][1834.062s][info][gc,cpu         ] GC(1197) User=0.00s Sys=0.00s Real=0.00s
[2025-04-17T11:17:15.908+0000][1835.738s][info][gc,start       ] GC(1198) Pause Young (Allocation Failure)
[2025-04-17T11:17:15.909+0000][1835.740s][info][gc,heap        ] GC(1198) DefNew: 9163K(10176K)->72K(10176K) Eden: 9088K(9088K)->0K(9088K) From: 75K(1088K)->72K(1088K)
[2025-04-17T11:17:15.909+0000][1835.740s][info][gc,heap        ] GC(1198) Tenured: 14857K(22468K)->14857K(22468K)
[2025-04-17T11:17:15.909+0000][1835.740s][info][gc,metaspace   ] GC(1198) Metaspace: 37462K(37824K)->37462K(37824K) NonClass: 33036K(33216K)->33036K(33216K) Class: 4425K(4608K)->4425K(4608K)
[2025-04-17T11:17:15.909+0000][1835.740s][info][gc             ] GC(1198) Pause Young (Allocation Failure) 23M->14M(31M) 1.189ms
[2025-04-17T11:17:15.909+0000][1835.740s][info][gc,cpu         ] GC(1198) User=0.00s Sys=0.00s Real=0.00s
[2025-04-17T11:17:17.816+0000][1837.646s][info][gc,start       ] GC(1199) Pause Young (Allocation Failure)
[2025-04-17T11:17:17.817+0000][1837.647s][info][gc,heap        ] GC(1199) DefNew: 9160K(10176K)->79K(10176K) Eden: 9088K(9088K)->0K(9088K) From: 72K(1088K)->79K(1088K)
[2025-04-17T11:17:17.817+0000][1837.647s][info][gc,heap        ] GC(1199) Tenured: 14857K(22468K)->14857K(22468K)
[2025-04-17T11:17:17.817+0000][1837.647s][info][gc,metaspace   ] GC(1199) Metaspace: 37462K(37824K)->37462K(37824K) NonClass: 33036K(33216K)->33036K(33216K) Class: 4425K(4608K)->4425K(4608K)
[2025-04-17T11:17:17.817+0000][1837.647s][info][gc             ] GC(1199) Pause Young (Allocation Failure) 23M->14M(31M) 1.255ms
[2025-04-17T11:17:17.817+0000][1837.647s][info][gc,cpu         ] GC(1199) User=0.00s Sys=0.00s Real=0.00s
[2025-04-17T11:17:19.295+0000][1839.125s][info][gc,start       ] GC(1200) Pause Young (Allocation Failure)
[2025-04-17T11:17:19.296+0000][1839.126s][info][gc,heap        ] GC(1200) DefNew: 9167K(10176K)->88K(10176K) Eden: 9087K(9088K)->0K(9088K) From: 79K(1088K)->88K(1088K)
[2025-04-17T11:17:19.296+0000][1839.126s][info][gc,heap        ] GC(1200) Tenured: 14857K(22468K)->14857K(22468K)
[2025-04-17T11:17:19.296+0000][1839.126s][info][gc,metaspace   ] GC(1200) Metaspace: 37462K(37824K)->37462K(37824K) NonClass: 33036K(33216K)->33036K(33216K) Class: 4425K(4608K)->4425K(4608K)
[2025-04-17T11:17:19.296+0000][1839.126s][info][gc             ] GC(1200) Pause Young (Allocation Failure) 23M->14M(31M) 1.182ms
[2025-04-17T11:17:19.296+0000][1839.126s][info][gc,cpu         ] GC(1200) User=0.00s Sys=0.00s Real=0.00s
[2025-04-17T11:17:20.787+0000][1840.617s][info][gc,start       ] GC(1201) Pause Young (Allocation Failure)
[2025-04-17T11:17:20.788+0000][1840.618s][info][gc,heap        ] GC(1201) DefNew: 9176K(10176K)->73K(10176K) Eden: 9088K(9088K)->0K(9088K) From: 88K(1088K)->73K(1088K)
[2025-04-17T11:17:20.788+0000][1840.618s][info][gc,heap        ] GC(1201) Tenured: 14857K(22468K)->14857K(22468K)
[2025-04-17T11:17:20.788+0000][1840.618s][info][gc,metaspace   ] GC(1201) Metaspace: 37462K(37824K)->37462K(37824K) NonClass: 33036K(33216K)->33036K(33216K) Class: 4425K(4608K)->4425K(4608K)
[2025-04-17T11:17:20.788+0000][1840.618s][info][gc             ] GC(1201) Pause Young (Allocation Failure) 23M->14M(31M) 1.287ms
[2025-04-17T11:17:20.788+0000][1840.618s][info][gc,cpu         ] GC(1201) User=0.00s Sys=0.00s Real=0.00s
[2025-04-17T11:17:22.357+0000][1842.187s][info][gc,start       ] GC(1202) Pause Young (Allocation Failure)
[2025-04-17T11:17:22.358+0000][1842.188s][info][gc,heap        ] GC(1202) DefNew: 9161K(10176K)->72K(10176K) Eden: 9088K(9088K)->0K(9088K) From: 73K(1088K)->72K(1088K)
[2025-04-17T11:17:22.358+0000][1842.188s][info][gc,heap        ] GC(1202) Tenured: 14857K(22468K)->14857K(22468K)
[2025-04-17T11:17:22.358+0000][1842.188s][info][gc,metaspace   ] GC(1202) Metaspace: 37462K(37824K)->37462K(37824K) NonClass: 33036K(33216K)->33036K(33216K) Class: 4425K(4608K)->4425K(4608K)
[2025-04-17T11:17:22.358+0000][1842.188s][info][gc             ] GC(1202) Pause Young (Allocation Failure) 23M->14M(31M) 1.271ms
[2025-04-17T11:17:22.358+0000][1842.188s][info][gc,cpu         ] GC(1202) User=0.01s Sys=0.00s Real=0.00s
[2025-04-17T11:17:23.699+0000][1843.529s][info][gc,start       ] GC(1203) Pause Young (Allocation Failure)
[2025-04-17T11:17:23.700+0000][1843.530s][info][gc,heap        ] GC(1203) DefNew: 9160K(10176K)->69K(10176K) Eden: 9088K(9088K)->0K(9088K) From: 72K(1088K)->69K(1088K)
[2025-04-17T11:17:23.700+0000][1843.530s][info][gc,heap        ] GC(1203) Tenured: 14857K(22468K)->14857K(22468K)
[2025-04-17T11:17:23.700+0000][1843.530s][info][gc,metaspace   ] GC(1203) Metaspace: 37462K(37824K)->37462K(37824K) NonClass: 33036K(33216K)->33036K(33216K) Class: 4425K(4608K)->4425K(4608K)
[2025-04-17T11:17:23.700+0000][1843.530s][info][gc             ] GC(1203) Pause Young (Allocation Failure) 23M->14M(31M) 1.281ms
[2025-04-17T11:17:23.700+0000][1843.530s][info][gc,cpu         ] GC(1203) User=0.00s Sys=0.00s Real=0.00s
[2025-04-17T11:17:25.481+0000][1845.312s][info][gc,start       ] GC(1204) Pause Young (Allocation Failure)
[2025-04-17T11:17:25.483+0000][1845.313s][info][gc,heap        ] GC(1204) DefNew: 9157K(10176K)->87K(10176K) Eden: 9088K(9088K)->0K(9088K) From: 69K(1088K)->87K(1088K)
[2025-04-17T11:17:25.483+0000][1845.313s][info][gc,heap        ] GC(1204) Tenured: 14857K(22468K)->14857K(22468K)
[2025-04-17T11:17:25.483+0000][1845.313s][info][gc,metaspace   ] GC(1204) Metaspace: 37462K(37824K)->37462K(37824K) NonClass: 33036K(33216K)->33036K(33216K) Class: 4425K(4608K)->4425K(4608K)
[2025-04-17T11:17:25.483+0000][1845.313s][info][gc             ] GC(1204) Pause Young (Allocation Failure) 23M->14M(31M) 1.258ms
[2025-04-17T11:17:25.483+0000][1845.313s][info][gc,cpu         ] GC(1204) User=0.00s Sys=0.00s Real=0.00s
[2025-04-17T11:17:26.962+0000][1846.792s][info][gc,start       ] GC(1205) Pause Young (Allocation Failure)
[2025-04-17T11:17:26.963+0000][1846.793s][info][gc,heap        ] GC(1205) DefNew: 9175K(10176K)->95K(10176K) Eden: 9088K(9088K)->0K(9088K) From: 87K(1088K)->95K(1088K)
[2025-04-17T11:17:26.963+0000][1846.793s][info][gc,heap        ] GC(1205) Tenured: 14857K(22468K)->14857K(22468K)
[2025-04-17T11:17:26.963+0000][1846.793s][info][gc,metaspace   ] GC(1205) Metaspace: 37462K(37824K)->37462K(37824K) NonClass: 33036K(33216K)->33036K(33216K) Class: 4425K(4608K)->4425K(4608K)
[2025-04-17T11:17:26.963+0000][1846.793s][info][gc             ] GC(1205) Pause Young (Allocation Failure) 23M->14M(31M) 1.207ms
[2025-04-17T11:17:26.963+0000][1846.793s][info][gc,cpu         ] GC(1205) User=0.00s Sys=0.00s Real=0.00s
[2025-04-17T11:17:28.576+0000][1848.406s][info][gc,start       ] GC(1206) Pause Young (Allocation Failure)
[2025-04-17T11:17:28.577+0000][1848.407s][info][gc,heap        ] GC(1206) DefNew: 9178K(10176K)->74K(10176K) Eden: 9082K(9088K)->0K(9088K) From: 95K(1088K)->74K(1088K)
[2025-04-17T11:17:28.577+0000][1848.407s][info][gc,heap        ] GC(1206) Tenured: 14857K(22468K)->14857K(22468K)
[2025-04-17T11:17:28.577+0000][1848.407s][info][gc,metaspace   ] GC(1206) Metaspace: 37462K(37824K)->37462K(37824K) NonClass: 33036K(33216K)->33036K(33216K) Class: 4425K(4608K)->4425K(4608K)
[2025-04-17T11:17:28.577+0000][1848.407s][info][gc             ] GC(1206) Pause Young (Allocation Failure) 23M->14M(31M) 1.238ms
[2025-04-17T11:17:28.577+0000][1848.407s][info][gc,cpu         ] GC(1206) User=0.00s Sys=0.00s Real=0.00s
[2025-04-17T11:17:29.969+0000][1849.800s][info][gc,start       ] GC(1207) Pause Young (Allocation Failure)
[2025-04-17T11:17:29.971+0000][1849.801s][info][gc,heap        ] GC(1207) DefNew: 9162K(10176K)->77K(10176K) Eden: 9088K(9088K)->0K(9088K) From: 74K(1088K)->77K(1088K)
[2025-04-17T11:17:29.971+0000][1849.801s][info][gc,heap        ] GC(1207) Tenured: 14857K(22468K)->14857K(22468K)
[2025-04-17T11:17:29.971+0000][1849.801s][info][gc,metaspace   ] GC(1207) Metaspace: 37462K(37824K)->37462K(37824K) NonClass: 33036K(33216K)->33036K(33216K) Class: 4425K(4608K)->4425K(4608K)
[2025-04-17T11:17:29.971+0000][1849.801s][info][gc             ] GC(1207) Pause Young (Allocation Failure) 23M->14M(31M) 1.221ms
[2025-04-17T11:17:29.971+0000][1849.801s][info][gc,cpu         ] GC(1207) User=0.00s Sys=0.00s Real=0.00s
[2025-04-17T11:17:31.671+0000][1851.501s][info][gc,start       ] GC(1208) Pause Young (Allocation Failure)
[2025-04-17T11:17:31.672+0000][1851.503s][info][gc,heap        ] GC(1208) DefNew: 9165K(10176K)->87K(10176K) Eden: 9088K(9088K)->0K(9088K) From: 77K(1088K)->87K(1088K)
[2025-04-17T11:17:31.672+0000][1851.503s][info][gc,heap        ] GC(1208) Tenured: 14857K(22468K)->14857K(22468K)
[2025-04-17T11:17:31.672+0000][1851.503s][info][gc,metaspace   ] GC(1208) Metaspace: 37462K(37824K)->37462K(37824K) NonClass: 33036K(33216K)->33036K(33216K) Class: 4425K(4608K)->4425K(4608K)
[2025-04-17T11:17:31.673+0000][1851.503s][info][gc             ] GC(1208) Pause Young (Allocation Failure) 23M->14M(31M) 1.167ms
[2025-04-17T11:17:31.673+0000][1851.503s][info][gc,cpu         ] GC(1208) User=0.00s Sys=0.00s Real=0.00s
[2025-04-17T11:17:33.314+0000][1853.144s][info][gc,start       ] GC(1209) Pause Young (Allocation Failure)
[2025-04-17T11:17:33.315+0000][1853.145s][info][gc,heap        ] GC(1209) DefNew: 9161K(10176K)->75K(10176K) Eden: 9073K(9088K)->0K(9088K) From: 87K(1088K)->75K(1088K)
[2025-04-17T11:17:33.315+0000][1853.145s][info][gc,heap        ] GC(1209) Tenured: 14857K(22468K)->14857K(22468K)
[2025-04-17T11:17:33.315+0000][1853.145s][info][gc,metaspace   ] GC(1209) Metaspace: 37462K(37824K)->37462K(37824K) NonClass: 33036K(33216K)->33036K(33216K) Class: 4425K(4608K)->4425K(4608K)
[2025-04-17T11:17:33.315+0000][1853.145s][info][gc             ] GC(1209) Pause Young (Allocation Failure) 23M->14M(31M) 1.221ms
[2025-04-17T11:17:33.315+0000][1853.145s][info][gc,cpu         ] GC(1209) User=0.00s Sys=0.00s Real=0.01s
[2025-04-17T11:17:34.651+0000][1854.481s][info][gc,start       ] GC(1210) Pause Young (Allocation Failure)
[2025-04-17T11:17:34.652+0000][1854.482s][info][gc,heap        ] GC(1210) DefNew: 9163K(10176K)->74K(10176K) Eden: 9088K(9088K)->0K(9088K) From: 75K(1088K)->74K(1088K)
[2025-04-17T11:17:34.652+0000][1854.482s][info][gc,heap        ] GC(1210) Tenured: 14857K(22468K)->14857K(22468K)
[2025-04-17T11:17:34.652+0000][1854.482s][info][gc,metaspace   ] GC(1210) Metaspace: 37462K(37824K)->37462K(37824K) NonClass: 33036K(33216K)->33036K(33216K) Class: 4425K(4608K)->4425K(4608K)
[2025-04-17T11:17:34.652+0000][1854.482s][info][gc             ] GC(1210) Pause Young (Allocation Failure) 23M->14M(31M) 1.351ms
[2025-04-17T11:17:34.652+0000][1854.483s][info][gc,cpu         ] GC(1210) User=0.00s Sys=0.00s Real=0.00s
[2025-04-17T11:17:36.129+0000][1855.959s][info][gc,start       ] GC(1211) Pause Young (Allocation Failure)
[2025-04-17T11:17:36.130+0000][1855.960s][info][gc,heap        ] GC(1211) DefNew: 9162K(10176K)->88K(10176K) Eden: 9088K(9088K)->0K(9088K) From: 74K(1088K)->88K(1088K)
[2025-04-17T11:17:36.130+0000][1855.960s][info][gc,heap        ] GC(1211) Tenured: 14857K(22468K)->14857K(22468K)
[2025-04-17T11:17:36.130+0000][1855.960s][info][gc,metaspace   ] GC(1211) Metaspace: 37462K(37824K)->37462K(37824K) NonClass: 33036K(33216K)->33036K(33216K) Class: 4425K(4608K)->4425K(4608K)
[2025-04-17T11:17:36.130+0000][1855.960s][info][gc             ] GC(1211) Pause Young (Allocation Failure) 23M->14M(31M) 1.199ms
[2025-04-17T11:17:36.130+0000][1855.960s][info][gc,cpu         ] GC(1211) User=0.00s Sys=0.00s Real=0.00s
[2025-04-17T11:17:37.853+0000][1857.684s][info][gc,start       ] GC(1212) Pause Young (Allocation Failure)
[2025-04-17T11:17:37.855+0000][1857.685s][info][gc,heap        ] GC(1212) DefNew: 9176K(10176K)->75K(10176K) Eden: 9088K(9088K)->0K(9088K) From: 88K(1088K)->75K(1088K)
[2025-04-17T11:17:37.855+0000][1857.685s][info][gc,heap        ] GC(1212) Tenured: 14857K(22468K)->14857K(22468K)
[2025-04-17T11:17:37.855+0000][1857.685s][info][gc,metaspace   ] GC(1212) Metaspace: 37462K(37824K)->37462K(37824K) NonClass: 33036K(33216K)->33036K(33216K) Class: 4425K(4608K)->4425K(4608K)
[2025-04-17T11:17:37.855+0000][1857.685s][info][gc             ] GC(1212) Pause Young (Allocation Failure) 23M->14M(31M) 1.301ms
[2025-04-17T11:17:37.855+0000][1857.685s][info][gc,cpu         ] GC(1212) User=0.00s Sys=0.00s Real=0.01s
[2025-04-17T11:17:39.350+0000][1859.180s][info][gc,start       ] GC(1213) Pause Young (Allocation Failure)
[2025-04-17T11:17:39.351+0000][1859.181s][info][gc,heap        ] GC(1213) DefNew: 9163K(10176K)->72K(10176K) Eden: 9088K(9088K)->0K(9088K) From: 75K(1088K)->72K(1088K)
[2025-04-17T11:17:39.351+0000][1859.181s][info][gc,heap        ] GC(1213) Tenured: 14857K(22468K)->14857K(22468K)
[2025-04-17T11:17:39.351+0000][1859.181s][info][gc,metaspace   ] GC(1213) Metaspace: 37462K(37824K)->37462K(37824K) NonClass: 33036K(33216K)->33036K(33216K) Class: 4425K(4608K)->4425K(4608K)
[2025-04-17T11:17:39.351+0000][1859.181s][info][gc             ] GC(1213) Pause Young (Allocation Failure) 23M->14M(31M) 1.217ms
[2025-04-17T11:17:39.351+0000][1859.181s][info][gc,cpu         ] GC(1213) User=0.00s Sys=0.00s Real=0.00s
[2025-04-17T11:17:40.889+0000][1860.719s][info][gc,start       ] GC(1214) Pause Young (Allocation Failure)
[2025-04-17T11:17:40.890+0000][1860.720s][info][gc,heap        ] GC(1214) DefNew: 9160K(10176K)->74K(10176K) Eden: 9088K(9088K)->0K(9088K) From: 72K(1088K)->74K(1088K)
[2025-04-17T11:17:40.890+0000][1860.721s][info][gc,heap        ] GC(1214) Tenured: 14857K(22468K)->14857K(22468K)
[2025-04-17T11:17:40.890+0000][1860.721s][info][gc,metaspace   ] GC(1214) Metaspace: 37462K(37824K)->37462K(37824K) NonClass: 33036K(33216K)->33036K(33216K) Class: 4425K(4608K)->4425K(4608K)
[2025-04-17T11:17:40.890+0000][1860.721s][info][gc             ] GC(1214) Pause Young (Allocation Failure) 23M->14M(31M) 1.256ms
[2025-04-17T11:17:40.890+0000][1860.721s][info][gc,cpu         ] GC(1214) User=0.00s Sys=0.00s Real=0.00s
[2025-04-17T11:17:42.459+0000][1862.289s][info][gc,start       ] GC(1215) Pause Young (Allocation Failure)
[2025-04-17T11:17:42.460+0000][1862.290s][info][gc,heap        ] GC(1215) DefNew: 9159K(10176K)->78K(10176K) Eden: 9085K(9088K)->0K(9088K) From: 74K(1088K)->78K(1088K)
[2025-04-17T11:17:42.460+0000][1862.290s][info][gc,heap        ] GC(1215) Tenured: 14857K(22468K)->14857K(22468K)
[2025-04-17T11:17:42.460+0000][1862.290s][info][gc,metaspace   ] GC(1215) Metaspace: 37462K(37824K)->37462K(37824K) NonClass: 33036K(33216K)->33036K(33216K) Class: 4425K(4608K)->4425K(4608K)
[2025-04-17T11:17:42.460+0000][1862.290s][info][gc             ] GC(1215) Pause Young (Allocation Failure) 23M->14M(31M) 1.225ms
[2025-04-17T11:17:42.460+0000][1862.290s][info][gc,cpu         ] GC(1215) User=0.00s Sys=0.00s Real=0.00s
[2025-04-17T11:17:44.042+0000][1863.872s][info][gc,start       ] GC(1216) Pause Young (Allocation Failure)
[2025-04-17T11:17:44.043+0000][1863.873s][info][gc,heap        ] GC(1216) DefNew: 9166K(10176K)->91K(10176K) Eden: 9088K(9088K)->0K(9088K) From: 78K(1088K)->91K(1088K)
[2025-04-17T11:17:44.043+0000][1863.873s][info][gc,heap        ] GC(1216) Tenured: 14857K(22468K)->14857K(22468K)
[2025-04-17T11:17:44.043+0000][1863.873s][info][gc,metaspace   ] GC(1216) Metaspace: 37462K(37824K)->37462K(37824K) NonClass: 33036K(33216K)->33036K(33216K) Class: 4425K(4608K)->4425K(4608K)
[2025-04-17T11:17:44.043+0000][1863.873s][info][gc             ] GC(1216) Pause Young (Allocation Failure) 23M->14M(31M) 1.249ms
[2025-04-17T11:17:44.043+0000][1863.873s][info][gc,cpu         ] GC(1216) User=0.00s Sys=0.00s Real=0.00s
[2025-04-17T11:17:45.699+0000][1865.529s][info][gc,start       ] GC(1217) Pause Young (Allocation Failure)
[2025-04-17T11:17:45.700+0000][1865.530s][info][gc,heap        ] GC(1217) DefNew: 9179K(10176K)->75K(10176K) Eden: 9088K(9088K)->0K(9088K) From: 91K(1088K)->75K(1088K)
[2025-04-17T11:17:45.700+0000][1865.530s][info][gc,heap        ] GC(1217) Tenured: 14857K(22468K)->14857K(22468K)
[2025-04-17T11:17:45.700+0000][1865.530s][info][gc,metaspace   ] GC(1217) Metaspace: 37462K(37824K)->37462K(37824K) NonClass: 33036K(33216K)->33036K(33216K) Class: 4425K(4608K)->4425K(4608K)
[2025-04-17T11:17:45.700+0000][1865.530s][info][gc             ] GC(1217) Pause Young (Allocation Failure) 23M->14M(31M) 1.293ms
[2025-04-17T11:17:45.700+0000][1865.530s][info][gc,cpu         ] GC(1217) User=0.00s Sys=0.00s Real=0.00s
[2025-04-17T11:17:47.057+0000][1866.887s][info][gc,start       ] GC(1218) Pause Young (Allocation Failure)
[2025-04-17T11:17:47.058+0000][1866.889s][info][gc,heap        ] GC(1218) DefNew: 9163K(10176K)->77K(10176K) Eden: 9088K(9088K)->0K(9088K) From: 75K(1088K)->77K(1088K)
[2025-04-17T11:17:47.058+0000][1866.889s][info][gc,heap        ] GC(1218) Tenured: 14857K(22468K)->14857K(22468K)
[2025-04-17T11:17:47.058+0000][1866.889s][info][gc,metaspace   ] GC(1218) Metaspace: 37462K(37824K)->37462K(37824K) NonClass: 33036K(33216K)->33036K(33216K) Class: 4425K(4608K)->4425K(4608K)
[2025-04-17T11:17:47.058+0000][1866.889s][info][gc             ] GC(1218) Pause Young (Allocation Failure) 23M->14M(31M) 1.248ms
[2025-04-17T11:17:47.058+0000][1866.889s][info][gc,cpu         ] GC(1218) User=0.00s Sys=0.00s Real=0.00s
[2025-04-17T11:17:48.579+0000][1868.409s][info][gc,start       ] GC(1219) Pause Young (Allocation Failure)
[2025-04-17T11:17:48.580+0000][1868.410s][info][gc,heap        ] GC(1219) DefNew: 9165K(10176K)->89K(10176K) Eden: 9088K(9088K)->0K(9088K) From: 77K(1088K)->89K(1088K)
[2025-04-17T11:17:48.580+0000][1868.410s][info][gc,heap        ] GC(1219) Tenured: 14857K(22468K)->14857K(22468K)
[2025-04-17T11:17:48.580+0000][1868.410s][info][gc,metaspace   ] GC(1219) Metaspace: 37462K(37824K)->37462K(37824K) NonClass: 33036K(33216K)->33036K(33216K) Class: 4425K(4608K)->4425K(4608K)
[2025-04-17T11:17:48.580+0000][1868.411s][info][gc             ] GC(1219) Pause Young (Allocation Failure) 23M->14M(31M) 1.248ms
[2025-04-17T11:17:48.580+0000][1868.411s][info][gc,cpu         ] GC(1219) User=0.00s Sys=0.00s Real=0.00s
[2025-04-17T11:17:50.162+0000][1869.992s][info][gc,start       ] GC(1220) Pause Young (Allocation Failure)
[2025-04-17T11:17:50.163+0000][1869.993s][info][gc,heap        ] GC(1220) DefNew: 9177K(10176K)->81K(10176K) Eden: 9088K(9088K)->0K(9088K) From: 89K(1088K)->81K(1088K)
[2025-04-17T11:17:50.163+0000][1869.993s][info][gc,heap        ] GC(1220) Tenured: 14857K(22468K)->14857K(22468K)
[2025-04-17T11:17:50.163+0000][1869.993s][info][gc,metaspace   ] GC(1220) Metaspace: 37462K(37824K)->37462K(37824K) NonClass: 33036K(33216K)->33036K(33216K) Class: 4425K(4608K)->4425K(4608K)
[2025-04-17T11:17:50.163+0000][1869.993s][info][gc             ] GC(1220) Pause Young (Allocation Failure) 23M->14M(31M) 1.226ms
[2025-04-17T11:17:50.163+0000][1869.993s][info][gc,cpu         ] GC(1220) User=0.01s Sys=0.00s Real=0.00s
[2025-04-17T11:17:51.640+0000][1871.470s][info][gc,start       ] GC(1221) Pause Young (Allocation Failure)
[2025-04-17T11:17:51.641+0000][1871.472s][info][gc,heap        ] GC(1221) DefNew: 9169K(10176K)->103K(10176K) Eden: 9087K(9088K)->0K(9088K) From: 81K(1088K)->103K(1088K)
[2025-04-17T11:17:51.641+0000][1871.472s][info][gc,heap        ] GC(1221) Tenured: 14857K(22468K)->14857K(22468K)
[2025-04-17T11:17:51.641+0000][1871.472s][info][gc,metaspace   ] GC(1221) Metaspace: 37462K(37824K)->37462K(37824K) NonClass: 33036K(33216K)->33036K(33216K) Class: 4425K(4608K)->4425K(4608K)
[2025-04-17T11:17:51.641+0000][1871.472s][info][gc             ] GC(1221) Pause Young (Allocation Failure) 23M->14M(31M) 1.224ms
[2025-04-17T11:17:51.641+0000][1871.472s][info][gc,cpu         ] GC(1221) User=0.00s Sys=0.00s Real=0.00s
[2025-04-17T11:17:53.280+0000][1873.110s][info][gc,start       ] GC(1222) Pause Young (Allocation Failure)
[2025-04-17T11:17:53.281+0000][1873.112s][info][gc,heap        ] GC(1222) DefNew: 9191K(10176K)->79K(10176K) Eden: 9088K(9088K)->0K(9088K) From: 103K(1088K)->79K(1088K)
[2025-04-17T11:17:53.281+0000][1873.112s][info][gc,heap        ] GC(1222) Tenured: 14857K(22468K)->14857K(22468K)
[2025-04-17T11:17:53.281+0000][1873.112s][info][gc,metaspace   ] GC(1222) Metaspace: 37462K(37824K)->37462K(37824K) NonClass: 33036K(33216K)->33036K(33216K) Class: 4425K(4608K)->4425K(4608K)
[2025-04-17T11:17:53.281+0000][1873.112s][info][gc             ] GC(1222) Pause Young (Allocation Failure) 23M->14M(31M) 1.308ms
[2025-04-17T11:17:53.281+0000][1873.112s][info][gc,cpu         ] GC(1222) User=0.00s Sys=0.00s Real=0.00s
[2025-04-17T11:17:54.898+0000][1874.728s][info][gc,start       ] GC(1223) Pause Young (Allocation Failure)
[2025-04-17T11:17:54.899+0000][1874.730s][info][gc,heap        ] GC(1223) DefNew: 9167K(10176K)->89K(10176K) Eden: 9088K(9088K)->0K(9088K) From: 79K(1088K)->89K(1088K)
[2025-04-17T11:17:54.900+0000][1874.730s][info][gc,heap        ] GC(1223) Tenured: 14857K(22468K)->14857K(22468K)
[2025-04-17T11:17:54.900+0000][1874.730s][info][gc,metaspace   ] GC(1223) Metaspace: 37462K(37824K)->37462K(37824K) NonClass: 33036K(33216K)->33036K(33216K) Class: 4425K(4608K)->4425K(4608K)
[2025-04-17T11:17:54.900+0000][1874.730s][info][gc             ] GC(1223) Pause Young (Allocation Failure) 23M->14M(31M) 1.212ms
[2025-04-17T11:17:54.900+0000][1874.730s][info][gc,cpu         ] GC(1223) User=0.01s Sys=0.00s Real=0.00s
[2025-04-17T11:17:56.661+0000][1876.491s][info][gc,start       ] GC(1224) Pause Young (Allocation Failure)
[2025-04-17T11:17:56.662+0000][1876.492s][info][gc,heap        ] GC(1224) DefNew: 9177K(10176K)->72K(10176K) Eden: 9088K(9088K)->0K(9088K) From: 89K(1088K)->72K(1088K)
[2025-04-17T11:17:56.662+0000][1876.492s][info][gc,heap        ] GC(1224) Tenured: 14857K(22468K)->14857K(22468K)
[2025-04-17T11:17:56.662+0000][1876.492s][info][gc,metaspace   ] GC(1224) Metaspace: 37462K(37824K)->37462K(37824K) NonClass: 33036K(33216K)->33036K(33216K) Class: 4425K(4608K)->4425K(4608K)
[2025-04-17T11:17:56.662+0000][1876.492s][info][gc             ] GC(1224) Pause Young (Allocation Failure) 23M->14M(31M) 1.153ms
[2025-04-17T11:17:56.662+0000][1876.492s][info][gc,cpu         ] GC(1224) User=0.00s Sys=0.00s Real=0.00s
[2025-04-17T11:17:58.098+0000][1877.928s][info][gc,start       ] GC(1225) Pause Young (Allocation Failure)
[2025-04-17T11:17:58.099+0000][1877.929s][info][gc,heap        ] GC(1225) DefNew: 9160K(10176K)->75K(10176K) Eden: 9088K(9088K)->0K(9088K) From: 72K(1088K)->75K(1088K)
[2025-04-17T11:17:58.099+0000][1877.929s][info][gc,heap        ] GC(1225) Tenured: 14857K(22468K)->14857K(22468K)
[2025-04-17T11:17:58.099+0000][1877.930s][info][gc,metaspace   ] GC(1225) Metaspace: 37462K(37824K)->37462K(37824K) NonClass: 33036K(33216K)->33036K(33216K) Class: 4425K(4608K)->4425K(4608K)
[2025-04-17T11:17:58.099+0000][1877.930s][info][gc             ] GC(1225) Pause Young (Allocation Failure) 23M->14M(31M) 1.288ms
[2025-04-17T11:17:58.099+0000][1877.930s][info][gc,cpu         ] GC(1225) User=0.00s Sys=0.00s Real=0.00s
[2025-04-17T11:17:59.672+0000][1879.502s][info][gc,start       ] GC(1226) Pause Young (Allocation Failure)
[2025-04-17T11:17:59.673+0000][1879.503s][info][gc,heap        ] GC(1226) DefNew: 9163K(10176K)->80K(10176K) Eden: 9088K(9088K)->0K(9088K) From: 75K(1088K)->80K(1088K)
[2025-04-17T11:17:59.673+0000][1879.503s][info][gc,heap        ] GC(1226) Tenured: 14857K(22468K)->14857K(22468K)
[2025-04-17T11:17:59.673+0000][1879.503s][info][gc,metaspace   ] GC(1226) Metaspace: 37462K(37824K)->37462K(37824K) NonClass: 33036K(33216K)->33036K(33216K) Class: 4425K(4608K)->4425K(4608K)
[2025-04-17T11:17:59.673+0000][1879.503s][info][gc             ] GC(1226) Pause Young (Allocation Failure) 23M->14M(31M) 1.244ms
[2025-04-17T11:17:59.673+0000][1879.503s][info][gc,cpu         ] GC(1226) User=0.00s Sys=0.00s Real=0.00s
[2025-04-17T11:18:01.240+0000][1881.070s][info][gc,start       ] GC(1227) Pause Young (Allocation Failure)
[2025-04-17T11:18:01.241+0000][1881.071s][info][gc,heap        ] GC(1227) DefNew: 9168K(10176K)->90K(10176K) Eden: 9087K(9088K)->0K(9088K) From: 80K(1088K)->90K(1088K)
[2025-04-17T11:18:01.241+0000][1881.071s][info][gc,heap        ] GC(1227) Tenured: 14857K(22468K)->14857K(22468K)
[2025-04-17T11:18:01.241+0000][1881.071s][info][gc,metaspace   ] GC(1227) Metaspace: 37462K(37824K)->37462K(37824K) NonClass: 33036K(33216K)->33036K(33216K) Class: 4425K(4608K)->4425K(4608K)
[2025-04-17T11:18:01.241+0000][1881.072s][info][gc             ] GC(1227) Pause Young (Allocation Failure) 23M->14M(31M) 1.274ms
[2025-04-17T11:18:01.241+0000][1881.072s][info][gc,cpu         ] GC(1227) User=0.00s Sys=0.00s Real=0.00s
[2025-04-17T11:18:02.900+0000][1882.731s][info][gc,start       ] GC(1228) Pause Young (Allocation Failure)
[2025-04-17T11:18:02.902+0000][1882.732s][info][gc,heap        ] GC(1228) DefNew: 9178K(10176K)->73K(10176K) Eden: 9087K(9088K)->0K(9088K) From: 90K(1088K)->73K(1088K)
[2025-04-17T11:18:02.902+0000][1882.732s][info][gc,heap        ] GC(1228) Tenured: 14857K(22468K)->14857K(22468K)
[2025-04-17T11:18:02.902+0000][1882.732s][info][gc,metaspace   ] GC(1228) Metaspace: 37462K(37824K)->37462K(37824K) NonClass: 33036K(33216K)->33036K(33216K) Class: 4425K(4608K)->4425K(4608K)
[2025-04-17T11:18:02.902+0000][1882.732s][info][gc             ] GC(1228) Pause Young (Allocation Failure) 23M->14M(31M) 1.268ms
[2025-04-17T11:18:02.902+0000][1882.732s][info][gc,cpu         ] GC(1228) User=0.01s Sys=0.00s Real=0.00s
[2025-04-17T11:18:04.206+0000][1884.037s][info][gc,start       ] GC(1229) Pause Young (Allocation Failure)
[2025-04-17T11:18:04.208+0000][1884.038s][info][gc,heap        ] GC(1229) DefNew: 9161K(10176K)->77K(10176K) Eden: 9088K(9088K)->0K(9088K) From: 73K(1088K)->77K(1088K)
[2025-04-17T11:18:04.208+0000][1884.038s][info][gc,heap        ] GC(1229) Tenured: 14857K(22468K)->14857K(22468K)
[2025-04-17T11:18:04.208+0000][1884.038s][info][gc,metaspace   ] GC(1229) Metaspace: 37462K(37824K)->37462K(37824K) NonClass: 33036K(33216K)->33036K(33216K) Class: 4425K(4608K)->4425K(4608K)
[2025-04-17T11:18:04.208+0000][1884.038s][info][gc             ] GC(1229) Pause Young (Allocation Failure) 23M->14M(31M) 1.180ms
[2025-04-17T11:18:04.208+0000][1884.038s][info][gc,cpu         ] GC(1229) User=0.00s Sys=0.00s Real=0.00s
[2025-04-17T11:18:05.997+0000][1885.827s][info][gc,start       ] GC(1230) Pause Young (Allocation Failure)
[2025-04-17T11:18:05.998+0000][1885.828s][info][gc,heap        ] GC(1230) DefNew: 9165K(10176K)->74K(10176K) Eden: 9088K(9088K)->0K(9088K) From: 77K(1088K)->74K(1088K)
[2025-04-17T11:18:05.998+0000][1885.828s][info][gc,heap        ] GC(1230) Tenured: 14857K(22468K)->14857K(22468K)
[2025-04-17T11:18:05.998+0000][1885.828s][info][gc,metaspace   ] GC(1230) Metaspace: 37462K(37824K)->37462K(37824K) NonClass: 33036K(33216K)->33036K(33216K) Class: 4425K(4608K)->4425K(4608K)
[2025-04-17T11:18:05.998+0000][1885.828s][info][gc             ] GC(1230) Pause Young (Allocation Failure) 23M->14M(31M) 1.306ms
[2025-04-17T11:18:05.998+0000][1885.828s][info][gc,cpu         ] GC(1230) User=0.00s Sys=0.00s Real=0.00s
[2025-04-17T11:18:07.505+0000][1887.336s][info][gc,start       ] GC(1231) Pause Young (Allocation Failure)
[2025-04-17T11:18:07.507+0000][1887.337s][info][gc,heap        ] GC(1231) DefNew: 9162K(10176K)->100K(10176K) Eden: 9088K(9088K)->0K(9088K) From: 74K(1088K)->100K(1088K)
[2025-04-17T11:18:07.507+0000][1887.337s][info][gc,heap        ] GC(1231) Tenured: 14857K(22468K)->14857K(22468K)
[2025-04-17T11:18:07.507+0000][1887.337s][info][gc,metaspace   ] GC(1231) Metaspace: 37462K(37824K)->37462K(37824K) NonClass: 33036K(33216K)->33036K(33216K) Class: 4425K(4608K)->4425K(4608K)
[2025-04-17T11:18:07.507+0000][1887.337s][info][gc             ] GC(1231) Pause Young (Allocation Failure) 23M->14M(31M) 1.201ms
[2025-04-17T11:18:07.507+0000][1887.337s][info][gc,cpu         ] GC(1231) User=0.00s Sys=0.00s Real=0.00s
[2025-04-17T11:18:09.122+0000][1888.952s][info][gc,start       ] GC(1232) Pause Young (Allocation Failure)
[2025-04-17T11:18:09.123+0000][1888.954s][info][gc,heap        ] GC(1232) DefNew: 9183K(10176K)->86K(10176K) Eden: 9083K(9088K)->0K(9088K) From: 100K(1088K)->86K(1088K)
[2025-04-17T11:18:09.123+0000][1888.954s][info][gc,heap        ] GC(1232) Tenured: 14857K(22468K)->14857K(22468K)
[2025-04-17T11:18:09.123+0000][1888.954s][info][gc,metaspace   ] GC(1232) Metaspace: 37462K(37824K)->37462K(37824K) NonClass: 33036K(33216K)->33036K(33216K) Class: 4425K(4608K)->4425K(4608K)
[2025-04-17T11:18:09.123+0000][1888.954s][info][gc             ] GC(1232) Pause Young (Allocation Failure) 23M->14M(31M) 1.139ms
[2025-04-17T11:18:09.123+0000][1888.954s][info][gc,cpu         ] GC(1232) User=0.00s Sys=0.00s Real=0.00s
[2025-04-17T11:18:10.550+0000][1890.380s][info][gc,start       ] GC(1233) Pause Young (Allocation Failure)
[2025-04-17T11:18:10.551+0000][1890.381s][info][gc,heap        ] GC(1233) DefNew: 9174K(10176K)->75K(10176K) Eden: 9088K(9088K)->0K(9088K) From: 86K(1088K)->75K(1088K)
[2025-04-17T11:18:10.551+0000][1890.381s][info][gc,heap        ] GC(1233) Tenured: 14857K(22468K)->14858K(22468K)
[2025-04-17T11:18:10.551+0000][1890.381s][info][gc,metaspace   ] GC(1233) Metaspace: 37462K(37824K)->37462K(37824K) NonClass: 33036K(33216K)->33036K(33216K) Class: 4425K(4608K)->4425K(4608K)
[2025-04-17T11:18:10.551+0000][1890.381s][info][gc             ] GC(1233) Pause Young (Allocation Failure) 23M->14M(31M) 1.263ms
[2025-04-17T11:18:10.551+0000][1890.381s][info][gc,cpu         ] GC(1233) User=0.00s Sys=0.00s Real=0.00s
[2025-04-17T11:18:12.075+0000][1891.906s][info][gc,start       ] GC(1234) Pause Young (Allocation Failure)
[2025-04-17T11:18:12.077+0000][1891.907s][info][gc,heap        ] GC(1234) DefNew: 9163K(10176K)->80K(10176K) Eden: 9088K(9088K)->0K(9088K) From: 75K(1088K)->80K(1088K)
[2025-04-17T11:18:12.077+0000][1891.907s][info][gc,heap        ] GC(1234) Tenured: 14858K(22468K)->14858K(22468K)
[2025-04-17T11:18:12.077+0000][1891.907s][info][gc,metaspace   ] GC(1234) Metaspace: 37462K(37824K)->37462K(37824K) NonClass: 33036K(33216K)->33036K(33216K) Class: 4425K(4608K)->4425K(4608K)
[2025-04-17T11:18:12.077+0000][1891.907s][info][gc             ] GC(1234) Pause Young (Allocation Failure) 23M->14M(31M) 1.288ms
[2025-04-17T11:18:12.077+0000][1891.907s][info][gc,cpu         ] GC(1234) User=0.00s Sys=0.00s Real=0.00s
[2025-04-17T11:18:13.703+0000][1893.534s][info][gc,start       ] GC(1235) Pause Young (Allocation Failure)
[2025-04-17T11:18:13.705+0000][1893.535s][info][gc,heap        ] GC(1235) DefNew: 9168K(10176K)->74K(10176K) Eden: 9088K(9088K)->0K(9088K) From: 80K(1088K)->74K(1088K)
[2025-04-17T11:18:13.705+0000][1893.535s][info][gc,heap        ] GC(1235) Tenured: 14858K(22468K)->14858K(22468K)
[2025-04-17T11:18:13.705+0000][1893.535s][info][gc,metaspace   ] GC(1235) Metaspace: 37462K(37824K)->37462K(37824K) NonClass: 33036K(33216K)->33036K(33216K) Class: 4425K(4608K)->4425K(4608K)
[2025-04-17T11:18:13.705+0000][1893.535s][info][gc             ] GC(1235) Pause Young (Allocation Failure) 23M->14M(31M) 1.308ms
[2025-04-17T11:18:13.705+0000][1893.535s][info][gc,cpu         ] GC(1235) User=0.00s Sys=0.00s Real=0.01s
[2025-04-17T11:18:15.361+0000][1895.191s][info][gc,start       ] GC(1236) Pause Young (Allocation Failure)
[2025-04-17T11:18:15.362+0000][1895.192s][info][gc,heap        ] GC(1236) DefNew: 9162K(10176K)->79K(10176K) Eden: 9088K(9088K)->0K(9088K) From: 74K(1088K)->79K(1088K)
[2025-04-17T11:18:15.362+0000][1895.192s][info][gc,heap        ] GC(1236) Tenured: 14858K(22468K)->14858K(22468K)
[2025-04-17T11:18:15.362+0000][1895.192s][info][gc,metaspace   ] GC(1236) Metaspace: 37462K(37824K)->37462K(37824K) NonClass: 33036K(33216K)->33036K(33216K) Class: 4425K(4608K)->4425K(4608K)
[2025-04-17T11:18:15.362+0000][1895.192s][info][gc             ] GC(1236) Pause Young (Allocation Failure) 23M->14M(31M) 1.264ms
[2025-04-17T11:18:15.362+0000][1895.192s][info][gc,cpu         ] GC(1236) User=0.00s Sys=0.00s Real=0.00s
[2025-04-17T11:18:16.879+0000][1896.709s][info][gc,start       ] GC(1237) Pause Young (Allocation Failure)
[2025-04-17T11:18:16.880+0000][1896.710s][info][gc,heap        ] GC(1237) DefNew: 9154K(10176K)->82K(10176K) Eden: 9074K(9088K)->0K(9088K) From: 79K(1088K)->82K(1088K)
[2025-04-17T11:18:16.880+0000][1896.710s][info][gc,heap        ] GC(1237) Tenured: 14858K(22468K)->14858K(22468K)
[2025-04-17T11:18:16.880+0000][1896.710s][info][gc,metaspace   ] GC(1237) Metaspace: 37462K(37824K)->37462K(37824K) NonClass: 33036K(33216K)->33036K(33216K) Class: 4425K(4608K)->4425K(4608K)
[2025-04-17T11:18:16.880+0000][1896.710s][info][gc             ] GC(1237) Pause Young (Allocation Failure) 23M->14M(31M) 1.218ms
[2025-04-17T11:18:16.880+0000][1896.710s][info][gc,cpu         ] GC(1237) User=0.01s Sys=0.00s Real=0.00s
[2025-04-17T11:18:18.594+0000][1898.424s][info][gc,start       ] GC(1238) Pause Young (Allocation Failure)
[2025-04-17T11:18:18.595+0000][1898.425s][info][gc,heap        ] GC(1238) DefNew: 9170K(10176K)->80K(10176K) Eden: 9088K(9088K)->0K(9088K) From: 82K(1088K)->80K(1088K)
[2025-04-17T11:18:18.595+0000][1898.425s][info][gc,heap        ] GC(1238) Tenured: 14858K(22468K)->14858K(22468K)
[2025-04-17T11:18:18.595+0000][1898.425s][info][gc,metaspace   ] GC(1238) Metaspace: 37462K(37824K)->37462K(37824K) NonClass: 33036K(33216K)->33036K(33216K) Class: 4425K(4608K)->4425K(4608K)
[2025-04-17T11:18:18.595+0000][1898.425s][info][gc             ] GC(1238) Pause Young (Allocation Failure) 23M->14M(31M) 1.228ms
[2025-04-17T11:18:18.595+0000][1898.425s][info][gc,cpu         ] GC(1238) User=0.00s Sys=0.00s Real=0.01s
[2025-04-17T11:18:20.065+0000][1899.895s][info][gc,start       ] GC(1239) Pause Young (Allocation Failure)
[2025-04-17T11:18:20.066+0000][1899.896s][info][gc,heap        ] GC(1239) DefNew: 9168K(10176K)->95K(10176K) Eden: 9087K(9088K)->0K(9088K) From: 80K(1088K)->95K(1088K)
[2025-04-17T11:18:20.066+0000][1899.897s][info][gc,heap        ] GC(1239) Tenured: 14858K(22468K)->14860K(22468K)
[2025-04-17T11:18:20.066+0000][1899.897s][info][gc,metaspace   ] GC(1239) Metaspace: 37462K(37824K)->37462K(37824K) NonClass: 33036K(33216K)->33036K(33216K) Class: 4425K(4608K)->4425K(4608K)
[2025-04-17T11:18:20.066+0000][1899.897s][info][gc             ] GC(1239) Pause Young (Allocation Failure) 23M->14M(31M) 1.158ms
[2025-04-17T11:18:20.066+0000][1899.897s][info][gc,cpu         ] GC(1239) User=0.00s Sys=0.00s Real=0.00s
[2025-04-17T11:18:21.846+0000][1901.676s][info][gc,start       ] GC(1240) Pause Young (Allocation Failure)
[2025-04-17T11:18:21.847+0000][1901.678s][info][gc,heap        ] GC(1240) DefNew: 9183K(10176K)->70K(10176K) Eden: 9087K(9088K)->0K(9088K) From: 95K(1088K)->70K(1088K)
[2025-04-17T11:18:21.847+0000][1901.678s][info][gc,heap        ] GC(1240) Tenured: 14860K(22468K)->14860K(22468K)
[2025-04-17T11:18:21.847+0000][1901.678s][info][gc,metaspace   ] GC(1240) Metaspace: 37462K(37824K)->37462K(37824K) NonClass: 33036K(33216K)->33036K(33216K) Class: 4425K(4608K)->4425K(4608K)
[2025-04-17T11:18:21.847+0000][1901.678s][info][gc             ] GC(1240) Pause Young (Allocation Failure) 23M->14M(31M) 1.152ms
[2025-04-17T11:18:21.848+0000][1901.678s][info][gc,cpu         ] GC(1240) User=0.00s Sys=0.00s Real=0.00s
[2025-04-17T11:18:23.345+0000][1903.176s][info][gc,start       ] GC(1241) Pause Young (Allocation Failure)
[2025-04-17T11:18:23.347+0000][1903.177s][info][gc,heap        ] GC(1241) DefNew: 9158K(10176K)->81K(10176K) Eden: 9088K(9088K)->0K(9088K) From: 70K(1088K)->81K(1088K)
[2025-04-17T11:18:23.347+0000][1903.177s][info][gc,heap        ] GC(1241) Tenured: 14860K(22468K)->14860K(22468K)
[2025-04-17T11:18:23.347+0000][1903.177s][info][gc,metaspace   ] GC(1241) Metaspace: 37462K(37824K)->37462K(37824K) NonClass: 33036K(33216K)->33036K(33216K) Class: 4425K(4608K)->4425K(4608K)
[2025-04-17T11:18:23.347+0000][1903.177s][info][gc             ] GC(1241) Pause Young (Allocation Failure) 23M->14M(31M) 1.313ms
[2025-04-17T11:18:23.347+0000][1903.177s][info][gc,cpu         ] GC(1241) User=0.00s Sys=0.00s Real=0.00s
[2025-04-17T11:18:24.919+0000][1904.749s][info][gc,start       ] GC(1242) Pause Young (Allocation Failure)
[2025-04-17T11:18:24.920+0000][1904.751s][info][gc,heap        ] GC(1242) DefNew: 9169K(10176K)->86K(10176K) Eden: 9088K(9088K)->0K(9088K) From: 81K(1088K)->86K(1088K)
[2025-04-17T11:18:24.920+0000][1904.751s][info][gc,heap        ] GC(1242) Tenured: 14860K(22468K)->14860K(22468K)
[2025-04-17T11:18:24.920+0000][1904.751s][info][gc,metaspace   ] GC(1242) Metaspace: 37462K(37824K)->37462K(37824K) NonClass: 33036K(33216K)->33036K(33216K) Class: 4425K(4608K)->4425K(4608K)
[2025-04-17T11:18:24.920+0000][1904.751s][info][gc             ] GC(1242) Pause Young (Allocation Failure) 23M->14M(31M) 1.347ms
[2025-04-17T11:18:24.920+0000][1904.751s][info][gc,cpu         ] GC(1242) User=0.00s Sys=0.00s Real=0.00s
[2025-04-17T11:18:26.300+0000][1906.130s][info][gc,start       ] GC(1243) Pause Young (Allocation Failure)
[2025-04-17T11:18:26.302+0000][1906.132s][info][gc,heap        ] GC(1243) DefNew: 9174K(10176K)->98K(10176K) Eden: 9088K(9088K)->0K(9088K) From: 86K(1088K)->98K(1088K)
[2025-04-17T11:18:26.302+0000][1906.132s][info][gc,heap        ] GC(1243) Tenured: 14860K(22468K)->14860K(22468K)
[2025-04-17T11:18:26.302+0000][1906.132s][info][gc,metaspace   ] GC(1243) Metaspace: 37462K(37824K)->37462K(37824K) NonClass: 33036K(33216K)->33036K(33216K) Class: 4425K(4608K)->4425K(4608K)
[2025-04-17T11:18:26.302+0000][1906.132s][info][gc             ] GC(1243) Pause Young (Allocation Failure) 23M->14M(31M) 1.344ms
[2025-04-17T11:18:26.302+0000][1906.132s][info][gc,cpu         ] GC(1243) User=0.00s Sys=0.00s Real=0.00s
[2025-04-17T11:18:28.179+0000][1908.009s][info][gc,start       ] GC(1244) Pause Young (Allocation Failure)
[2025-04-17T11:18:28.180+0000][1908.010s][info][gc,heap        ] GC(1244) DefNew: 9186K(10176K)->69K(10176K) Eden: 9088K(9088K)->0K(9088K) From: 98K(1088K)->69K(1088K)
[2025-04-17T11:18:28.180+0000][1908.010s][info][gc,heap        ] GC(1244) Tenured: 14860K(22468K)->14860K(22468K)
[2025-04-17T11:18:28.180+0000][1908.010s][info][gc,metaspace   ] GC(1244) Metaspace: 37462K(37824K)->37462K(37824K) NonClass: 33036K(33216K)->33036K(33216K) Class: 4425K(4608K)->4425K(4608K)
[2025-04-17T11:18:28.180+0000][1908.010s][info][gc             ] GC(1244) Pause Young (Allocation Failure) 23M->14M(31M) 1.038ms
[2025-04-17T11:18:28.180+0000][1908.010s][info][gc,cpu         ] GC(1244) User=0.00s Sys=0.00s Real=0.00s
[2025-04-17T11:18:29.573+0000][1909.404s][info][gc,start       ] GC(1245) Pause Young (Allocation Failure)
[2025-04-17T11:18:29.575+0000][1909.405s][info][gc,heap        ] GC(1245) DefNew: 9157K(10176K)->82K(10176K) Eden: 9088K(9088K)->0K(9088K) From: 69K(1088K)->82K(1088K)
[2025-04-17T11:18:29.575+0000][1909.405s][info][gc,heap        ] GC(1245) Tenured: 14860K(22468K)->14860K(22468K)
[2025-04-17T11:18:29.575+0000][1909.405s][info][gc,metaspace   ] GC(1245) Metaspace: 37462K(37824K)->37462K(37824K) NonClass: 33036K(33216K)->33036K(33216K) Class: 4425K(4608K)->4425K(4608K)
[2025-04-17T11:18:29.575+0000][1909.405s][info][gc             ] GC(1245) Pause Young (Allocation Failure) 23M->14M(31M) 1.195ms
[2025-04-17T11:18:29.575+0000][1909.405s][info][gc,cpu         ] GC(1245) User=0.01s Sys=0.00s Real=0.01s
[2025-04-17T11:18:31.204+0000][1911.034s][info][gc,start       ] GC(1246) Pause Young (Allocation Failure)
[2025-04-17T11:18:31.206+0000][1911.036s][info][gc,heap        ] GC(1246) DefNew: 9170K(10176K)->92K(10176K) Eden: 9088K(9088K)->0K(9088K) From: 82K(1088K)->92K(1088K)
[2025-04-17T11:18:31.206+0000][1911.036s][info][gc,heap        ] GC(1246) Tenured: 14860K(22468K)->14861K(22468K)
[2025-04-17T11:18:31.206+0000][1911.036s][info][gc,metaspace   ] GC(1246) Metaspace: 37462K(37824K)->37462K(37824K) NonClass: 33036K(33216K)->33036K(33216K) Class: 4425K(4608K)->4425K(4608K)
[2025-04-17T11:18:31.206+0000][1911.036s][info][gc             ] GC(1246) Pause Young (Allocation Failure) 23M->14M(31M) 1.222ms
[2025-04-17T11:18:31.206+0000][1911.036s][info][gc,cpu         ] GC(1246) User=0.00s Sys=0.00s Real=0.00s
[2025-04-17T11:18:32.585+0000][1912.415s][info][gc,start       ] GC(1247) Pause Young (Allocation Failure)
[2025-04-17T11:18:32.586+0000][1912.416s][info][gc,heap        ] GC(1247) DefNew: 9180K(10176K)->94K(10176K) Eden: 9088K(9088K)->0K(9088K) From: 92K(1088K)->94K(1088K)
[2025-04-17T11:18:32.586+0000][1912.416s][info][gc,heap        ] GC(1247) Tenured: 14861K(22468K)->14863K(22468K)
[2025-04-17T11:18:32.586+0000][1912.416s][info][gc,metaspace   ] GC(1247) Metaspace: 37462K(37824K)->37462K(37824K) NonClass: 33036K(33216K)->33036K(33216K) Class: 4425K(4608K)->4425K(4608K)
[2025-04-17T11:18:32.586+0000][1912.416s][info][gc             ] GC(1247) Pause Young (Allocation Failure) 23M->14M(31M) 1.248ms
[2025-04-17T11:18:32.586+0000][1912.416s][info][gc,cpu         ] GC(1247) User=0.00s Sys=0.00s Real=0.00s
[2025-04-17T11:18:34.242+0000][1914.072s][info][gc,start       ] GC(1248) Pause Young (Allocation Failure)
[2025-04-17T11:18:34.243+0000][1914.073s][info][gc,heap        ] GC(1248) DefNew: 9182K(10176K)->89K(10176K) Eden: 9088K(9088K)->0K(9088K) From: 94K(1088K)->89K(1088K)
[2025-04-17T11:18:34.243+0000][1914.073s][info][gc,heap        ] GC(1248) Tenured: 14863K(22468K)->14863K(22468K)
[2025-04-17T11:18:34.243+0000][1914.073s][info][gc,metaspace   ] GC(1248) Metaspace: 37462K(37824K)->37462K(37824K) NonClass: 33036K(33216K)->33036K(33216K) Class: 4425K(4608K)->4425K(4608K)
[2025-04-17T11:18:34.243+0000][1914.073s][info][gc             ] GC(1248) Pause Young (Allocation Failure) 23M->14M(31M) 1.312ms
[2025-04-17T11:18:34.243+0000][1914.073s][info][gc,cpu         ] GC(1248) User=0.00s Sys=0.00s Real=0.00s
[2025-04-17T11:18:35.969+0000][1915.799s][info][gc,start       ] GC(1249) Pause Young (Allocation Failure)
[2025-04-17T11:18:35.971+0000][1915.801s][info][gc,heap        ] GC(1249) DefNew: 9173K(10176K)->99K(10176K) Eden: 9083K(9088K)->0K(9088K) From: 89K(1088K)->99K(1088K)
[2025-04-17T11:18:35.971+0000][1915.801s][info][gc,heap        ] GC(1249) Tenured: 14863K(22468K)->14863K(22468K)
[2025-04-17T11:18:35.971+0000][1915.801s][info][gc,metaspace   ] GC(1249) Metaspace: 37462K(37824K)->37462K(37824K) NonClass: 33036K(33216K)->33036K(33216K) Class: 4425K(4608K)->4425K(4608K)
[2025-04-17T11:18:35.971+0000][1915.801s][info][gc             ] GC(1249) Pause Young (Allocation Failure) 23M->14M(31M) 1.299ms
[2025-04-17T11:18:35.971+0000][1915.801s][info][gc,cpu         ] GC(1249) User=0.00s Sys=0.00s Real=0.00s
[2025-04-17T11:18:37.327+0000][1917.157s][info][gc,start       ] GC(1250) Pause Young (Allocation Failure)
[2025-04-17T11:18:37.328+0000][1917.158s][info][gc,heap        ] GC(1250) DefNew: 9187K(10176K)->81K(10176K) Eden: 9088K(9088K)->0K(9088K) From: 99K(1088K)->81K(1088K)
[2025-04-17T11:18:37.328+0000][1917.158s][info][gc,heap        ] GC(1250) Tenured: 14863K(22468K)->14865K(22468K)
[2025-04-17T11:18:37.328+0000][1917.158s][info][gc,metaspace   ] GC(1250) Metaspace: 37462K(37824K)->37462K(37824K) NonClass: 33036K(33216K)->33036K(33216K) Class: 4425K(4608K)->4425K(4608K)
[2025-04-17T11:18:37.328+0000][1917.158s][info][gc             ] GC(1250) Pause Young (Allocation Failure) 23M->14M(31M) 1.330ms
[2025-04-17T11:18:37.328+0000][1917.158s][info][gc,cpu         ] GC(1250) User=0.00s Sys=0.00s Real=0.00s
[2025-04-17T11:18:39.024+0000][1918.855s][info][gc,start       ] GC(1251) Pause Young (Allocation Failure)
[2025-04-17T11:18:39.026+0000][1918.856s][info][gc,heap        ] GC(1251) DefNew: 9169K(10176K)->107K(10176K) Eden: 9088K(9088K)->0K(9088K) From: 81K(1088K)->107K(1088K)
[2025-04-17T11:18:39.026+0000][1918.856s][info][gc,heap        ] GC(1251) Tenured: 14865K(22468K)->14866K(22468K)
[2025-04-17T11:18:39.026+0000][1918.856s][info][gc,metaspace   ] GC(1251) Metaspace: 37462K(37824K)->37462K(37824K) NonClass: 33036K(33216K)->33036K(33216K) Class: 4425K(4608K)->4425K(4608K)
[2025-04-17T11:18:39.026+0000][1918.856s][info][gc             ] GC(1251) Pause Young (Allocation Failure) 23M->14M(31M) 1.357ms
[2025-04-17T11:18:39.026+0000][1918.856s][info][gc,cpu         ] GC(1251) User=0.00s Sys=0.00s Real=0.00s
[2025-04-17T11:18:40.548+0000][1920.378s][info][gc,start       ] GC(1252) Pause Young (Allocation Failure)
[2025-04-17T11:18:40.549+0000][1920.379s][info][gc,heap        ] GC(1252) DefNew: 9184K(10176K)->98K(10176K) Eden: 9077K(9088K)->0K(9088K) From: 107K(1088K)->98K(1088K)
[2025-04-17T11:18:40.549+0000][1920.379s][info][gc,heap        ] GC(1252) Tenured: 14866K(22468K)->14866K(22468K)
[2025-04-17T11:18:40.549+0000][1920.379s][info][gc,metaspace   ] GC(1252) Metaspace: 37462K(37824K)->37462K(37824K) NonClass: 33036K(33216K)->33036K(33216K) Class: 4425K(4608K)->4425K(4608K)
[2025-04-17T11:18:40.549+0000][1920.379s][info][gc             ] GC(1252) Pause Young (Allocation Failure) 23M->14M(31M) 1.284ms
[2025-04-17T11:18:40.549+0000][1920.379s][info][gc,cpu         ] GC(1252) User=0.00s Sys=0.00s Real=0.00s
[2025-04-17T11:18:42.108+0000][1921.938s][info][gc,start       ] GC(1253) Pause Young (Allocation Failure)
[2025-04-17T11:18:42.109+0000][1921.939s][info][gc,heap        ] GC(1253) DefNew: 9186K(10176K)->80K(10176K) Eden: 9088K(9088K)->0K(9088K) From: 98K(1088K)->80K(1088K)
[2025-04-17T11:18:42.109+0000][1921.939s][info][gc,heap        ] GC(1253) Tenured: 14866K(22468K)->14867K(22468K)
[2025-04-17T11:18:42.109+0000][1921.939s][info][gc,metaspace   ] GC(1253) Metaspace: 37462K(37824K)->37462K(37824K) NonClass: 33036K(33216K)->33036K(33216K) Class: 4425K(4608K)->4425K(4608K)
[2025-04-17T11:18:42.109+0000][1921.939s][info][gc             ] GC(1253) Pause Young (Allocation Failure) 23M->14M(31M) 1.236ms
[2025-04-17T11:18:42.109+0000][1921.939s][info][gc,cpu         ] GC(1253) User=0.00s Sys=0.00s Real=0.00s
[2025-04-17T11:18:43.807+0000][1923.637s][info][gc,start       ] GC(1254) Pause Young (Allocation Failure)
[2025-04-17T11:18:43.808+0000][1923.638s][info][gc,heap        ] GC(1254) DefNew: 9168K(10176K)->85K(10176K) Eden: 9088K(9088K)->0K(9088K) From: 80K(1088K)->85K(1088K)
[2025-04-17T11:18:43.808+0000][1923.638s][info][gc,heap        ] GC(1254) Tenured: 14867K(22468K)->14868K(22468K)
[2025-04-17T11:18:43.808+0000][1923.638s][info][gc,metaspace   ] GC(1254) Metaspace: 37462K(37824K)->37462K(37824K) NonClass: 33036K(33216K)->33036K(33216K) Class: 4425K(4608K)->4425K(4608K)
[2025-04-17T11:18:43.808+0000][1923.638s][info][gc             ] GC(1254) Pause Young (Allocation Failure) 23M->14M(31M) 1.280ms
[2025-04-17T11:18:43.808+0000][1923.638s][info][gc,cpu         ] GC(1254) User=0.00s Sys=0.00s Real=0.00s
[2025-04-17T11:18:45.484+0000][1925.314s][info][gc,start       ] GC(1255) Pause Young (Allocation Failure)
[2025-04-17T11:18:45.485+0000][1925.315s][info][gc,heap        ] GC(1255) DefNew: 9173K(10176K)->96K(10176K) Eden: 9088K(9088K)->0K(9088K) From: 85K(1088K)->96K(1088K)
[2025-04-17T11:18:45.485+0000][1925.315s][info][gc,heap        ] GC(1255) Tenured: 14868K(22468K)->14868K(22468K)
[2025-04-17T11:18:45.485+0000][1925.315s][info][gc,metaspace   ] GC(1255) Metaspace: 37462K(37824K)->37462K(37824K) NonClass: 33036K(33216K)->33036K(33216K) Class: 4425K(4608K)->4425K(4608K)
[2025-04-17T11:18:45.485+0000][1925.315s][info][gc             ] GC(1255) Pause Young (Allocation Failure) 23M->14M(31M) 1.362ms
[2025-04-17T11:18:45.485+0000][1925.315s][info][gc,cpu         ] GC(1255) User=0.00s Sys=0.00s Real=0.01s
[2025-04-17T11:18:46.975+0000][1926.805s][info][gc,start       ] GC(1256) Pause Young (Allocation Failure)
[2025-04-17T11:18:46.976+0000][1926.806s][info][gc,heap        ] GC(1256) DefNew: 9184K(10176K)->81K(10176K) Eden: 9088K(9088K)->0K(9088K) From: 96K(1088K)->81K(1088K)
[2025-04-17T11:18:46.976+0000][1926.806s][info][gc,heap        ] GC(1256) Tenured: 14868K(22468K)->14868K(22468K)
[2025-04-17T11:18:46.976+0000][1926.806s][info][gc,metaspace   ] GC(1256) Metaspace: 37462K(37824K)->37462K(37824K) NonClass: 33036K(33216K)->33036K(33216K) Class: 4425K(4608K)->4425K(4608K)
[2025-04-17T11:18:46.976+0000][1926.806s][info][gc             ] GC(1256) Pause Young (Allocation Failure) 23M->14M(31M) 1.339ms
[2025-04-17T11:18:46.976+0000][1926.806s][info][gc,cpu         ] GC(1256) User=0.00s Sys=0.00s Real=0.00s
[2025-04-17T11:18:48.587+0000][1928.418s][info][gc,start       ] GC(1257) Pause Young (Allocation Failure)
[2025-04-17T11:18:48.589+0000][1928.419s][info][gc,heap        ] GC(1257) DefNew: 9169K(10176K)->83K(10176K) Eden: 9087K(9088K)->0K(9088K) From: 81K(1088K)->83K(1088K)
[2025-04-17T11:18:48.589+0000][1928.419s][info][gc,heap        ] GC(1257) Tenured: 14868K(22468K)->14868K(22468K)
[2025-04-17T11:18:48.589+0000][1928.419s][info][gc,metaspace   ] GC(1257) Metaspace: 37462K(37824K)->37462K(37824K) NonClass: 33036K(33216K)->33036K(33216K) Class: 4425K(4608K)->4425K(4608K)
[2025-04-17T11:18:48.589+0000][1928.419s][info][gc             ] GC(1257) Pause Young (Allocation Failure) 23M->14M(31M) 1.156ms
[2025-04-17T11:18:48.589+0000][1928.419s][info][gc,cpu         ] GC(1257) User=0.00s Sys=0.00s Real=0.00s
[2025-04-17T11:18:50.077+0000][1929.907s][info][gc,start       ] GC(1258) Pause Young (Allocation Failure)
[2025-04-17T11:18:50.078+0000][1929.908s][info][gc,heap        ] GC(1258) DefNew: 9171K(10176K)->88K(10176K) Eden: 9088K(9088K)->0K(9088K) From: 83K(1088K)->88K(1088K)
[2025-04-17T11:18:50.078+0000][1929.908s][info][gc,heap        ] GC(1258) Tenured: 14868K(22468K)->14870K(22468K)
[2025-04-17T11:18:50.078+0000][1929.908s][info][gc,metaspace   ] GC(1258) Metaspace: 37462K(37824K)->37462K(37824K) NonClass: 33036K(33216K)->33036K(33216K) Class: 4425K(4608K)->4425K(4608K)
[2025-04-17T11:18:50.078+0000][1929.908s][info][gc             ] GC(1258) Pause Young (Allocation Failure) 23M->14M(31M) 1.227ms
[2025-04-17T11:18:50.078+0000][1929.909s][info][gc,cpu         ] GC(1258) User=0.00s Sys=0.00s Real=0.00s
[2025-04-17T11:18:51.831+0000][1931.661s][info][gc,start       ] GC(1259) Pause Young (Allocation Failure)
[2025-04-17T11:18:51.832+0000][1931.662s][info][gc,heap        ] GC(1259) DefNew: 9176K(10176K)->97K(10176K) Eden: 9088K(9088K)->0K(9088K) From: 88K(1088K)->97K(1088K)
[2025-04-17T11:18:51.832+0000][1931.662s][info][gc,heap        ] GC(1259) Tenured: 14870K(22468K)->14870K(22468K)
[2025-04-17T11:18:51.832+0000][1931.662s][info][gc,metaspace   ] GC(1259) Metaspace: 37462K(37824K)->37462K(37824K) NonClass: 33036K(33216K)->33036K(33216K) Class: 4425K(4608K)->4425K(4608K)
[2025-04-17T11:18:51.832+0000][1931.662s][info][gc             ] GC(1259) Pause Young (Allocation Failure) 23M->14M(31M) 1.195ms
[2025-04-17T11:18:51.832+0000][1931.662s][info][gc,cpu         ] GC(1259) User=0.00s Sys=0.00s Real=0.00s
[2025-04-17T11:18:53.266+0000][1933.096s][info][gc,start       ] GC(1260) Pause Young (Allocation Failure)
[2025-04-17T11:18:53.267+0000][1933.097s][info][gc,heap        ] GC(1260) DefNew: 9185K(10176K)->87K(10176K) Eden: 9088K(9088K)->0K(9088K) From: 97K(1088K)->87K(1088K)
[2025-04-17T11:18:53.267+0000][1933.097s][info][gc,heap        ] GC(1260) Tenured: 14870K(22468K)->14870K(22468K)
[2025-04-17T11:18:53.267+0000][1933.097s][info][gc,metaspace   ] GC(1260) Metaspace: 37462K(37824K)->37462K(37824K) NonClass: 33036K(33216K)->33036K(33216K) Class: 4425K(4608K)->4425K(4608K)
[2025-04-17T11:18:53.267+0000][1933.097s][info][gc             ] GC(1260) Pause Young (Allocation Failure) 23M->14M(31M) 1.333ms
[2025-04-17T11:18:53.267+0000][1933.097s][info][gc,cpu         ] GC(1260) User=0.00s Sys=0.00s Real=0.00s
[2025-04-17T11:18:55.141+0000][1934.971s][info][gc,start       ] GC(1261) Pause Young (Allocation Failure)
[2025-04-17T11:18:55.143+0000][1934.973s][info][gc,heap        ] GC(1261) DefNew: 9175K(10176K)->81K(10176K) Eden: 9088K(9088K)->0K(9088K) From: 87K(1088K)->81K(1088K)
[2025-04-17T11:18:55.143+0000][1934.973s][info][gc,heap        ] GC(1261) Tenured: 14870K(22468K)->14871K(22468K)
[2025-04-17T11:18:55.143+0000][1934.973s][info][gc,metaspace   ] GC(1261) Metaspace: 37462K(37824K)->37462K(37824K) NonClass: 33036K(33216K)->33036K(33216K) Class: 4425K(4608K)->4425K(4608K)
[2025-04-17T11:18:55.143+0000][1934.973s][info][gc             ] GC(1261) Pause Young (Allocation Failure) 23M->14M(31M) 1.302ms
[2025-04-17T11:18:55.143+0000][1934.973s][info][gc,cpu         ] GC(1261) User=0.00s Sys=0.00s Real=0.00s
[2025-04-17T11:18:56.466+0000][1936.296s][info][gc,start       ] GC(1262) Pause Young (Allocation Failure)
[2025-04-17T11:18:56.467+0000][1936.297s][info][gc,heap        ] GC(1262) DefNew: 9169K(10176K)->83K(10176K) Eden: 9087K(9088K)->0K(9088K) From: 81K(1088K)->83K(1088K)
[2025-04-17T11:18:56.467+0000][1936.297s][info][gc,heap        ] GC(1262) Tenured: 14871K(22468K)->14871K(22468K)
[2025-04-17T11:18:56.467+0000][1936.297s][info][gc,metaspace   ] GC(1262) Metaspace: 37462K(37824K)->37462K(37824K) NonClass: 33036K(33216K)->33036K(33216K) Class: 4425K(4608K)->4425K(4608K)
[2025-04-17T11:18:56.467+0000][1936.297s][info][gc             ] GC(1262) Pause Young (Allocation Failure) 23M->14M(31M) 1.260ms
[2025-04-17T11:18:56.467+0000][1936.297s][info][gc,cpu         ] GC(1262) User=0.00s Sys=0.00s Real=0.00s
[2025-04-17T11:18:58.035+0000][1937.865s][info][gc,start       ] GC(1263) Pause Young (Allocation Failure)
[2025-04-17T11:18:58.037+0000][1937.867s][info][gc,heap        ] GC(1263) DefNew: 9171K(10176K)->100K(10176K) Eden: 9088K(9088K)->0K(9088K) From: 83K(1088K)->100K(1088K)
[2025-04-17T11:18:58.037+0000][1937.867s][info][gc,heap        ] GC(1263) Tenured: 14871K(22468K)->14871K(22468K)
[2025-04-17T11:18:58.037+0000][1937.867s][info][gc,metaspace   ] GC(1263) Metaspace: 37462K(37824K)->37462K(37824K) NonClass: 33036K(33216K)->33036K(33216K) Class: 4425K(4608K)->4425K(4608K)
[2025-04-17T11:18:58.037+0000][1937.867s][info][gc             ] GC(1263) Pause Young (Allocation Failure) 23M->14M(31M) 1.339ms
[2025-04-17T11:18:58.037+0000][1937.867s][info][gc,cpu         ] GC(1263) User=0.00s Sys=0.00s Real=0.00s
[2025-04-17T11:18:59.800+0000][1939.630s][info][gc,start       ] GC(1264) Pause Young (Allocation Failure)
[2025-04-17T11:18:59.801+0000][1939.631s][info][gc,heap        ] GC(1264) DefNew: 9188K(10176K)->97K(10176K) Eden: 9088K(9088K)->0K(9088K) From: 100K(1088K)->97K(1088K)
[2025-04-17T11:18:59.801+0000][1939.632s][info][gc,heap        ] GC(1264) Tenured: 14871K(22468K)->14872K(22468K)
[2025-04-17T11:18:59.801+0000][1939.632s][info][gc,metaspace   ] GC(1264) Metaspace: 37462K(37824K)->37462K(37824K) NonClass: 33036K(33216K)->33036K(33216K) Class: 4425K(4608K)->4425K(4608K)
[2025-04-17T11:18:59.801+0000][1939.632s][info][gc             ] GC(1264) Pause Young (Allocation Failure) 23M->14M(31M) 1.262ms
[2025-04-17T11:18:59.801+0000][1939.632s][info][gc,cpu         ] GC(1264) User=0.01s Sys=0.00s Real=0.00s
[2025-04-17T11:19:01.322+0000][1941.152s][info][gc,start       ] GC(1265) Pause Young (Allocation Failure)
[2025-04-17T11:19:01.323+0000][1941.154s][info][gc,heap        ] GC(1265) DefNew: 9185K(10176K)->86K(10176K) Eden: 9088K(9088K)->0K(9088K) From: 97K(1088K)->86K(1088K)
[2025-04-17T11:19:01.323+0000][1941.154s][info][gc,heap        ] GC(1265) Tenured: 14872K(22468K)->14872K(22468K)
[2025-04-17T11:19:01.323+0000][1941.154s][info][gc,metaspace   ] GC(1265) Metaspace: 37462K(37824K)->37462K(37824K) NonClass: 33036K(33216K)->33036K(33216K) Class: 4425K(4608K)->4425K(4608K)
[2025-04-17T11:19:01.323+0000][1941.154s][info][gc             ] GC(1265) Pause Young (Allocation Failure) 23M->14M(31M) 1.319ms
[2025-04-17T11:19:01.324+0000][1941.154s][info][gc,cpu         ] GC(1265) User=0.00s Sys=0.00s Real=0.00s
[2025-04-17T11:19:02.868+0000][1942.698s][info][gc,start       ] GC(1266) Pause Young (Allocation Failure)
[2025-04-17T11:19:02.869+0000][1942.699s][info][gc,heap        ] GC(1266) DefNew: 9174K(10176K)->86K(10176K) Eden: 9088K(9088K)->0K(9088K) From: 86K(1088K)->86K(1088K)
[2025-04-17T11:19:02.869+0000][1942.699s][info][gc,heap        ] GC(1266) Tenured: 14872K(22468K)->14872K(22468K)
[2025-04-17T11:19:02.869+0000][1942.699s][info][gc,metaspace   ] GC(1266) Metaspace: 37462K(37824K)->37462K(37824K) NonClass: 33036K(33216K)->33036K(33216K) Class: 4425K(4608K)->4425K(4608K)
[2025-04-17T11:19:02.869+0000][1942.699s][info][gc             ] GC(1266) Pause Young (Allocation Failure) 23M->14M(31M) 1.214ms
[2025-04-17T11:19:02.869+0000][1942.699s][info][gc,cpu         ] GC(1266) User=0.00s Sys=0.00s Real=0.00s
[2025-04-17T11:19:04.343+0000][1944.173s][info][gc,start       ] GC(1267) Pause Young (Allocation Failure)
[2025-04-17T11:19:04.344+0000][1944.175s][info][gc,heap        ] GC(1267) DefNew: 9174K(10176K)->104K(10176K) Eden: 9087K(9088K)->0K(9088K) From: 86K(1088K)->104K(1088K)
[2025-04-17T11:19:04.344+0000][1944.175s][info][gc,heap        ] GC(1267) Tenured: 14872K(22468K)->14873K(22468K)
[2025-04-17T11:19:04.344+0000][1944.175s][info][gc,metaspace   ] GC(1267) Metaspace: 37462K(37824K)->37462K(37824K) NonClass: 33036K(33216K)->33036K(33216K) Class: 4425K(4608K)->4425K(4608K)
[2025-04-17T11:19:04.344+0000][1944.175s][info][gc             ] GC(1267) Pause Young (Allocation Failure) 23M->14M(31M) 1.199ms
[2025-04-17T11:19:04.344+0000][1944.175s][info][gc,cpu         ] GC(1267) User=0.00s Sys=0.00s Real=0.01s
[2025-04-17T11:19:05.824+0000][1945.654s][info][gc,start       ] GC(1268) Pause Young (Allocation Failure)
[2025-04-17T11:19:05.825+0000][1945.655s][info][gc,heap        ] GC(1268) DefNew: 9192K(10176K)->87K(10176K) Eden: 9087K(9088K)->0K(9088K) From: 104K(1088K)->87K(1088K)
[2025-04-17T11:19:05.825+0000][1945.655s][info][gc,heap        ] GC(1268) Tenured: 14873K(22468K)->14875K(22468K)
[2025-04-17T11:19:05.825+0000][1945.655s][info][gc,metaspace   ] GC(1268) Metaspace: 37462K(37824K)->37462K(37824K) NonClass: 33036K(33216K)->33036K(33216K) Class: 4425K(4608K)->4425K(4608K)
[2025-04-17T11:19:05.825+0000][1945.655s][info][gc             ] GC(1268) Pause Young (Allocation Failure) 23M->14M(31M) 1.239ms
[2025-04-17T11:19:05.825+0000][1945.655s][info][gc,cpu         ] GC(1268) User=0.00s Sys=0.00s Real=0.00s
[2025-04-17T11:19:07.566+0000][1947.396s][info][gc,start       ] GC(1269) Pause Young (Allocation Failure)
[2025-04-17T11:19:07.567+0000][1947.397s][info][gc,heap        ] GC(1269) DefNew: 9175K(10176K)->86K(10176K) Eden: 9088K(9088K)->0K(9088K) From: 87K(1088K)->86K(1088K)
[2025-04-17T11:19:07.567+0000][1947.397s][info][gc,heap        ] GC(1269) Tenured: 14875K(22468K)->14877K(22468K)
[2025-04-17T11:19:07.567+0000][1947.397s][info][gc,metaspace   ] GC(1269) Metaspace: 37462K(37824K)->37462K(37824K) NonClass: 33036K(33216K)->33036K(33216K) Class: 4425K(4608K)->4425K(4608K)
[2025-04-17T11:19:07.567+0000][1947.397s][info][gc             ] GC(1269) Pause Young (Allocation Failure) 23M->14M(31M) 1.338ms
[2025-04-17T11:19:07.567+0000][1947.397s][info][gc,cpu         ] GC(1269) User=0.00s Sys=0.00s Real=0.00s
[2025-04-17T11:19:09.149+0000][1948.979s][info][gc,start       ] GC(1270) Pause Young (Allocation Failure)
[2025-04-17T11:19:09.150+0000][1948.981s][info][gc,heap        ] GC(1270) DefNew: 9174K(10176K)->86K(10176K) Eden: 9087K(9088K)->0K(9088K) From: 86K(1088K)->86K(1088K)
[2025-04-17T11:19:09.150+0000][1948.981s][info][gc,heap        ] GC(1270) Tenured: 14877K(22468K)->14877K(22468K)
[2025-04-17T11:19:09.150+0000][1948.981s][info][gc,metaspace   ] GC(1270) Metaspace: 37462K(37824K)->37462K(37824K) NonClass: 33036K(33216K)->33036K(33216K) Class: 4425K(4608K)->4425K(4608K)
[2025-04-17T11:19:09.150+0000][1948.981s][info][gc             ] GC(1270) Pause Young (Allocation Failure) 23M->14M(31M) 1.332ms
[2025-04-17T11:19:09.150+0000][1948.981s][info][gc,cpu         ] GC(1270) User=0.00s Sys=0.00s Real=0.00s
[2025-04-17T11:19:10.717+0000][1950.547s][info][gc,start       ] GC(1271) Pause Young (Allocation Failure)
[2025-04-17T11:19:10.718+0000][1950.549s][info][gc,heap        ] GC(1271) DefNew: 9174K(10176K)->103K(10176K) Eden: 9088K(9088K)->0K(9088K) From: 86K(1088K)->103K(1088K)
[2025-04-17T11:19:10.718+0000][1950.549s][info][gc,heap        ] GC(1271) Tenured: 14877K(22468K)->14877K(22468K)
[2025-04-17T11:19:10.718+0000][1950.549s][info][gc,metaspace   ] GC(1271) Metaspace: 37462K(37824K)->37462K(37824K) NonClass: 33036K(33216K)->33036K(33216K) Class: 4425K(4608K)->4425K(4608K)
[2025-04-17T11:19:10.718+0000][1950.549s][info][gc             ] GC(1271) Pause Young (Allocation Failure) 23M->14M(31M) 1.314ms
[2025-04-17T11:19:10.718+0000][1950.549s][info][gc,cpu         ] GC(1271) User=0.00s Sys=0.00s Real=0.00s
[2025-04-17T11:19:12.468+0000][1952.298s][info][gc,start       ] GC(1272) Pause Young (Allocation Failure)
[2025-04-17T11:19:12.469+0000][1952.299s][info][gc,heap        ] GC(1272) DefNew: 9191K(10176K)->93K(10176K) Eden: 9088K(9088K)->0K(9088K) From: 103K(1088K)->93K(1088K)
[2025-04-17T11:19:12.469+0000][1952.299s][info][gc,heap        ] GC(1272) Tenured: 14877K(22468K)->14877K(22468K)
[2025-04-17T11:19:12.469+0000][1952.299s][info][gc,metaspace   ] GC(1272) Metaspace: 37462K(37824K)->37462K(37824K) NonClass: 33036K(33216K)->33036K(33216K) Class: 4425K(4608K)->4425K(4608K)
[2025-04-17T11:19:12.469+0000][1952.299s][info][gc             ] GC(1272) Pause Young (Allocation Failure) 23M->14M(31M) 1.335ms
[2025-04-17T11:19:12.469+0000][1952.299s][info][gc,cpu         ] GC(1272) User=0.00s Sys=0.00s Real=0.00s
[2025-04-17T11:19:13.926+0000][1953.756s][info][gc,start       ] GC(1273) Pause Young (Allocation Failure)
[2025-04-17T11:19:13.927+0000][1953.757s][info][gc,heap        ] GC(1273) DefNew: 9180K(10176K)->91K(10176K) Eden: 9087K(9088K)->0K(9088K) From: 93K(1088K)->91K(1088K)
[2025-04-17T11:19:13.927+0000][1953.757s][info][gc,heap        ] GC(1273) Tenured: 14877K(22468K)->14877K(22468K)
[2025-04-17T11:19:13.927+0000][1953.757s][info][gc,metaspace   ] GC(1273) Metaspace: 37462K(37824K)->37462K(37824K) NonClass: 33036K(33216K)->33036K(33216K) Class: 4425K(4608K)->4425K(4608K)
[2025-04-17T11:19:13.927+0000][1953.757s][info][gc             ] GC(1273) Pause Young (Allocation Failure) 23M->14M(31M) 1.431ms
[2025-04-17T11:19:13.927+0000][1953.757s][info][gc,cpu         ] GC(1273) User=0.01s Sys=0.00s Real=0.00s
[2025-04-17T11:19:15.645+0000][1955.475s][info][gc,start       ] GC(1274) Pause Young (Allocation Failure)
[2025-04-17T11:19:15.646+0000][1955.477s][info][gc,heap        ] GC(1274) DefNew: 9179K(10176K)->98K(10176K) Eden: 9088K(9088K)->0K(9088K) From: 91K(1088K)->98K(1088K)
[2025-04-17T11:19:15.646+0000][1955.477s][info][gc,heap        ] GC(1274) Tenured: 14877K(22468K)->14878K(22468K)
[2025-04-17T11:19:15.647+0000][1955.477s][info][gc,metaspace   ] GC(1274) Metaspace: 37462K(37824K)->37462K(37824K) NonClass: 33036K(33216K)->33036K(33216K) Class: 4425K(4608K)->4425K(4608K)
[2025-04-17T11:19:15.647+0000][1955.477s][info][gc             ] GC(1274) Pause Young (Allocation Failure) 23M->14M(31M) 1.347ms
[2025-04-17T11:19:15.647+0000][1955.477s][info][gc,cpu         ] GC(1274) User=0.00s Sys=0.00s Real=0.00s
[2025-04-17T11:19:17.168+0000][1956.998s][info][gc,start       ] GC(1275) Pause Young (Allocation Failure)
[2025-04-17T11:19:17.169+0000][1957.000s][info][gc,heap        ] GC(1275) DefNew: 9186K(10176K)->102K(10176K) Eden: 9088K(9088K)->0K(9088K) From: 98K(1088K)->102K(1088K)
[2025-04-17T11:19:17.169+0000][1957.000s][info][gc,heap        ] GC(1275) Tenured: 14878K(22468K)->14880K(22468K)
[2025-04-17T11:19:17.169+0000][1957.000s][info][gc,metaspace   ] GC(1275) Metaspace: 37462K(37824K)->37462K(37824K) NonClass: 33036K(33216K)->33036K(33216K) Class: 4425K(4608K)->4425K(4608K)
[2025-04-17T11:19:17.170+0000][1957.000s][info][gc             ] GC(1275) Pause Young (Allocation Failure) 23M->14M(31M) 1.302ms
[2025-04-17T11:19:17.170+0000][1957.000s][info][gc,cpu         ] GC(1275) User=0.00s Sys=0.00s Real=0.00s
[2025-04-17T11:19:18.916+0000][1958.746s][info][gc,start       ] GC(1276) Pause Young (Allocation Failure)
[2025-04-17T11:19:18.917+0000][1958.747s][info][gc,heap        ] GC(1276) DefNew: 9190K(10176K)->94K(10176K) Eden: 9088K(9088K)->0K(9088K) From: 102K(1088K)->94K(1088K)
[2025-04-17T11:19:18.917+0000][1958.747s][info][gc,heap        ] GC(1276) Tenured: 14880K(22468K)->14880K(22468K)
[2025-04-17T11:19:18.917+0000][1958.748s][info][gc,metaspace   ] GC(1276) Metaspace: 37462K(37824K)->37462K(37824K) NonClass: 33036K(33216K)->33036K(33216K) Class: 4425K(4608K)->4425K(4608K)
[2025-04-17T11:19:18.917+0000][1958.748s][info][gc             ] GC(1276) Pause Young (Allocation Failure) 23M->14M(31M) 1.226ms
[2025-04-17T11:19:18.917+0000][1958.748s][info][gc,cpu         ] GC(1276) User=0.01s Sys=0.00s Real=0.00s
[2025-04-17T11:19:20.698+0000][1960.528s][info][gc,start       ] GC(1277) Pause Young (Allocation Failure)
[2025-04-17T11:19:20.699+0000][1960.529s][info][gc,heap        ] GC(1277) DefNew: 9182K(10176K)->91K(10176K) Eden: 9088K(9088K)->0K(9088K) From: 94K(1088K)->91K(1088K)
[2025-04-17T11:19:20.699+0000][1960.529s][info][gc,heap        ] GC(1277) Tenured: 14880K(22468K)->14882K(22468K)
[2025-04-17T11:19:20.699+0000][1960.529s][info][gc,metaspace   ] GC(1277) Metaspace: 37462K(37824K)->37462K(37824K) NonClass: 33036K(33216K)->33036K(33216K) Class: 4425K(4608K)->4425K(4608K)
[2025-04-17T11:19:20.699+0000][1960.529s][info][gc             ] GC(1277) Pause Young (Allocation Failure) 23M->14M(31M) 1.185ms
[2025-04-17T11:19:20.699+0000][1960.529s][info][gc,cpu         ] GC(1277) User=0.00s Sys=0.00s Real=0.00s
[2025-04-17T11:19:22.201+0000][1962.031s][info][gc,start       ] GC(1278) Pause Young (Allocation Failure)
[2025-04-17T11:19:22.202+0000][1962.032s][info][gc,heap        ] GC(1278) DefNew: 9179K(10176K)->88K(10176K) Eden: 9088K(9088K)->0K(9088K) From: 91K(1088K)->88K(1088K)
[2025-04-17T11:19:22.202+0000][1962.033s][info][gc,heap        ] GC(1278) Tenured: 14882K(22468K)->14883K(22468K)
[2025-04-17T11:19:22.202+0000][1962.033s][info][gc,metaspace   ] GC(1278) Metaspace: 37462K(37824K)->37462K(37824K) NonClass: 33036K(33216K)->33036K(33216K) Class: 4425K(4608K)->4425K(4608K)
[2025-04-17T11:19:22.202+0000][1962.033s][info][gc             ] GC(1278) Pause Young (Allocation Failure) 23M->14M(31M) 1.347ms
[2025-04-17T11:19:22.202+0000][1962.033s][info][gc,cpu         ] GC(1278) User=0.00s Sys=0.00s Real=0.00s
[2025-04-17T11:19:23.743+0000][1963.574s][info][gc,start       ] GC(1279) Pause Young (Allocation Failure)
[2025-04-17T11:19:23.745+0000][1963.575s][info][gc,heap        ] GC(1279) DefNew: 9176K(10176K)->84K(10176K) Eden: 9088K(9088K)->0K(9088K) From: 88K(1088K)->84K(1088K)
[2025-04-17T11:19:23.745+0000][1963.575s][info][gc,heap        ] GC(1279) Tenured: 14883K(22468K)->14885K(22468K)
[2025-04-17T11:19:23.745+0000][1963.575s][info][gc,metaspace   ] GC(1279) Metaspace: 37462K(37824K)->37462K(37824K) NonClass: 33036K(33216K)->33036K(33216K) Class: 4425K(4608K)->4425K(4608K)
[2025-04-17T11:19:23.745+0000][1963.575s][info][gc             ] GC(1279) Pause Young (Allocation Failure) 23M->14M(31M) 1.184ms
[2025-04-17T11:19:23.745+0000][1963.575s][info][gc,cpu         ] GC(1279) User=0.00s Sys=0.00s Real=0.01s
[2025-04-17T11:19:25.379+0000][1965.209s][info][gc,start       ] GC(1280) Pause Young (Allocation Failure)
[2025-04-17T11:19:25.380+0000][1965.210s][info][gc,heap        ] GC(1280) DefNew: 9172K(10176K)->101K(10176K) Eden: 9088K(9088K)->0K(9088K) From: 84K(1088K)->101K(1088K)
[2025-04-17T11:19:25.380+0000][1965.210s][info][gc,heap        ] GC(1280) Tenured: 14885K(22468K)->14886K(22468K)
[2025-04-17T11:19:25.380+0000][1965.210s][info][gc,metaspace   ] GC(1280) Metaspace: 37462K(37824K)->37462K(37824K) NonClass: 33036K(33216K)->33036K(33216K) Class: 4425K(4608K)->4425K(4608K)
[2025-04-17T11:19:25.380+0000][1965.210s][info][gc             ] GC(1280) Pause Young (Allocation Failure) 23M->14M(31M) 1.232ms
[2025-04-17T11:19:25.380+0000][1965.210s][info][gc,cpu         ] GC(1280) User=0.01s Sys=0.00s Real=0.00s
[2025-04-17T11:19:26.606+0000][1966.436s][info][gc,start       ] GC(1281) Pause Young (Allocation Failure)
[2025-04-17T11:19:26.607+0000][1966.438s][info][gc,heap        ] GC(1281) DefNew: 9189K(10176K)->85K(10176K) Eden: 9088K(9088K)->0K(9088K) From: 101K(1088K)->85K(1088K)
[2025-04-17T11:19:26.607+0000][1966.438s][info][gc,heap        ] GC(1281) Tenured: 14886K(22468K)->14886K(22468K)
[2025-04-17T11:19:26.607+0000][1966.438s][info][gc,metaspace   ] GC(1281) Metaspace: 37462K(37824K)->37462K(37824K) NonClass: 33036K(33216K)->33036K(33216K) Class: 4425K(4608K)->4425K(4608K)
[2025-04-17T11:19:26.608+0000][1966.438s][info][gc             ] GC(1281) Pause Young (Allocation Failure) 23M->14M(31M) 1.200ms
[2025-04-17T11:19:26.608+0000][1966.438s][info][gc,cpu         ] GC(1281) User=0.00s Sys=0.00s Real=0.00s
[2025-04-17T11:19:28.448+0000][1968.278s][info][gc,start       ] GC(1282) Pause Young (Allocation Failure)
[2025-04-17T11:19:28.450+0000][1968.280s][info][gc,heap        ] GC(1282) DefNew: 9173K(10176K)->84K(10176K) Eden: 9088K(9088K)->0K(9088K) From: 85K(1088K)->84K(1088K)
[2025-04-17T11:19:28.450+0000][1968.280s][info][gc,heap        ] GC(1282) Tenured: 14886K(22468K)->14890K(22468K)
[2025-04-17T11:19:28.450+0000][1968.280s][info][gc,metaspace   ] GC(1282) Metaspace: 37462K(37824K)->37462K(37824K) NonClass: 33036K(33216K)->33036K(33216K) Class: 4425K(4608K)->4425K(4608K)
[2025-04-17T11:19:28.450+0000][1968.280s][info][gc             ] GC(1282) Pause Young (Allocation Failure) 23M->14M(31M) 1.294ms
[2025-04-17T11:19:28.450+0000][1968.280s][info][gc,cpu         ] GC(1282) User=0.00s Sys=0.00s Real=0.00s
[2025-04-17T11:19:30.054+0000][1969.884s][info][gc,start       ] GC(1283) Pause Young (Allocation Failure)
[2025-04-17T11:19:30.056+0000][1969.886s][info][gc,heap        ] GC(1283) DefNew: 9172K(10176K)->81K(10176K) Eden: 9088K(9088K)->0K(9088K) From: 84K(1088K)->81K(1088K)
[2025-04-17T11:19:30.056+0000][1969.886s][info][gc,heap        ] GC(1283) Tenured: 14890K(22468K)->14890K(22468K)
[2025-04-17T11:19:30.056+0000][1969.886s][info][gc,metaspace   ] GC(1283) Metaspace: 37462K(37824K)->37462K(37824K) NonClass: 33036K(33216K)->33036K(33216K) Class: 4425K(4608K)->4425K(4608K)
[2025-04-17T11:19:30.056+0000][1969.886s][info][gc             ] GC(1283) Pause Young (Allocation Failure) 23M->14M(31M) 1.295ms
[2025-04-17T11:19:30.056+0000][1969.886s][info][gc,cpu         ] GC(1283) User=0.00s Sys=0.00s Real=0.00s
[2025-04-17T11:19:31.610+0000][1971.440s][info][gc,start       ] GC(1284) Pause Young (Allocation Failure)
[2025-04-17T11:19:31.612+0000][1971.442s][info][gc,heap        ] GC(1284) DefNew: 9169K(10176K)->99K(10176K) Eden: 9088K(9088K)->0K(9088K) From: 81K(1088K)->99K(1088K)
[2025-04-17T11:19:31.612+0000][1971.442s][info][gc,heap        ] GC(1284) Tenured: 14890K(22468K)->14891K(22468K)
[2025-04-17T11:19:31.612+0000][1971.442s][info][gc,metaspace   ] GC(1284) Metaspace: 37462K(37824K)->37462K(37824K) NonClass: 33036K(33216K)->33036K(33216K) Class: 4425K(4608K)->4425K(4608K)
[2025-04-17T11:19:31.612+0000][1971.442s][info][gc             ] GC(1284) Pause Young (Allocation Failure) 23M->14M(31M) 1.254ms
[2025-04-17T11:19:31.612+0000][1971.442s][info][gc,cpu         ] GC(1284) User=0.00s Sys=0.00s Real=0.00s
[2025-04-17T11:19:33.049+0000][1972.879s][info][gc,start       ] GC(1285) Pause Young (Allocation Failure)
[2025-04-17T11:19:33.050+0000][1972.880s][info][gc,heap        ] GC(1285) DefNew: 9187K(10176K)->92K(10176K) Eden: 9088K(9088K)->0K(9088K) From: 99K(1088K)->92K(1088K)
[2025-04-17T11:19:33.050+0000][1972.880s][info][gc,heap        ] GC(1285) Tenured: 14891K(22468K)->14891K(22468K)
[2025-04-17T11:19:33.050+0000][1972.880s][info][gc,metaspace   ] GC(1285) Metaspace: 37462K(37824K)->37462K(37824K) NonClass: 33036K(33216K)->33036K(33216K) Class: 4425K(4608K)->4425K(4608K)
[2025-04-17T11:19:33.050+0000][1972.880s][info][gc             ] GC(1285) Pause Young (Allocation Failure) 23M->14M(31M) 1.312ms
[2025-04-17T11:19:33.050+0000][1972.880s][info][gc,cpu         ] GC(1285) User=0.00s Sys=0.00s Real=0.00s
[2025-04-17T11:19:34.764+0000][1974.594s][info][gc,start       ] GC(1286) Pause Young (Allocation Failure)
[2025-04-17T11:19:34.765+0000][1974.595s][info][gc,heap        ] GC(1286) DefNew: 9180K(10176K)->87K(10176K) Eden: 9088K(9088K)->0K(9088K) From: 92K(1088K)->87K(1088K)
[2025-04-17T11:19:34.765+0000][1974.595s][info][gc,heap        ] GC(1286) Tenured: 14891K(22468K)->14892K(22468K)
[2025-04-17T11:19:34.765+0000][1974.595s][info][gc,metaspace   ] GC(1286) Metaspace: 37462K(37824K)->37462K(37824K) NonClass: 33036K(33216K)->33036K(33216K) Class: 4425K(4608K)->4425K(4608K)
[2025-04-17T11:19:34.765+0000][1974.595s][info][gc             ] GC(1286) Pause Young (Allocation Failure) 23M->14M(31M) 1.325ms
[2025-04-17T11:19:34.765+0000][1974.595s][info][gc,cpu         ] GC(1286) User=0.00s Sys=0.00s Real=0.01s
[2025-04-17T11:19:36.041+0000][1975.871s][info][gc,start       ] GC(1287) Pause Young (Allocation Failure)
[2025-04-17T11:19:36.042+0000][1975.872s][info][gc,heap        ] GC(1287) DefNew: 9175K(10176K)->97K(10176K) Eden: 9088K(9088K)->0K(9088K) From: 87K(1088K)->97K(1088K)
[2025-04-17T11:19:36.042+0000][1975.873s][info][gc,heap        ] GC(1287) Tenured: 14892K(22468K)->14892K(22468K)
[2025-04-17T11:19:36.042+0000][1975.873s][info][gc,metaspace   ] GC(1287) Metaspace: 37462K(37824K)->37462K(37824K) NonClass: 33036K(33216K)->33036K(33216K) Class: 4425K(4608K)->4425K(4608K)
[2025-04-17T11:19:36.042+0000][1975.873s][info][gc             ] GC(1287) Pause Young (Allocation Failure) 23M->14M(31M) 1.287ms
[2025-04-17T11:19:36.042+0000][1975.873s][info][gc,cpu         ] GC(1287) User=0.00s Sys=0.00s Real=0.00s
[2025-04-17T11:19:37.673+0000][1977.503s][info][gc,start       ] GC(1288) Pause Young (Allocation Failure)
[2025-04-17T11:19:37.674+0000][1977.504s][info][gc,heap        ] GC(1288) DefNew: 9185K(10176K)->102K(10176K) Eden: 9088K(9088K)->0K(9088K) From: 97K(1088K)->102K(1088K)
[2025-04-17T11:19:37.674+0000][1977.504s][info][gc,heap        ] GC(1288) Tenured: 14892K(22468K)->14893K(22468K)
[2025-04-17T11:19:37.674+0000][1977.504s][info][gc,metaspace   ] GC(1288) Metaspace: 37462K(37824K)->37462K(37824K) NonClass: 33036K(33216K)->33036K(33216K) Class: 4425K(4608K)->4425K(4608K)
[2025-04-17T11:19:37.674+0000][1977.504s][info][gc             ] GC(1288) Pause Young (Allocation Failure) 23M->14M(31M) 1.390ms
[2025-04-17T11:19:37.674+0000][1977.504s][info][gc,cpu         ] GC(1288) User=0.00s Sys=0.00s Real=0.01s
[2025-04-17T11:19:39.405+0000][1979.235s][info][gc,start       ] GC(1289) Pause Young (Allocation Failure)
[2025-04-17T11:19:39.406+0000][1979.236s][info][gc,heap        ] GC(1289) DefNew: 9190K(10176K)->97K(10176K) Eden: 9088K(9088K)->0K(9088K) From: 102K(1088K)->97K(1088K)
[2025-04-17T11:19:39.406+0000][1979.236s][info][gc,heap        ] GC(1289) Tenured: 14893K(22468K)->14895K(22468K)
[2025-04-17T11:19:39.406+0000][1979.236s][info][gc,metaspace   ] GC(1289) Metaspace: 37462K(37824K)->37462K(37824K) NonClass: 33036K(33216K)->33036K(33216K) Class: 4425K(4608K)->4425K(4608K)
[2025-04-17T11:19:39.406+0000][1979.236s][info][gc             ] GC(1289) Pause Young (Allocation Failure) 23M->14M(31M) 1.180ms
[2025-04-17T11:19:39.406+0000][1979.236s][info][gc,cpu         ] GC(1289) User=0.00s Sys=0.00s Real=0.00s
[2025-04-17T11:19:40.988+0000][1980.818s][info][gc,start       ] GC(1290) Pause Young (Allocation Failure)
[2025-04-17T11:19:40.989+0000][1980.819s][info][gc,heap        ] GC(1290) DefNew: 9185K(10176K)->90K(10176K) Eden: 9088K(9088K)->0K(9088K) From: 97K(1088K)->90K(1088K)
[2025-04-17T11:19:40.989+0000][1980.819s][info][gc,heap        ] GC(1290) Tenured: 14895K(22468K)->14895K(22468K)
[2025-04-17T11:19:40.989+0000][1980.819s][info][gc,metaspace   ] GC(1290) Metaspace: 37462K(37824K)->37462K(37824K) NonClass: 33036K(33216K)->33036K(33216K) Class: 4425K(4608K)->4425K(4608K)
[2025-04-17T11:19:40.989+0000][1980.819s][info][gc             ] GC(1290) Pause Young (Allocation Failure) 23M->14M(31M) 1.306ms
[2025-04-17T11:19:40.989+0000][1980.819s][info][gc,cpu         ] GC(1290) User=0.00s Sys=0.00s Real=0.00s
[2025-04-17T11:19:42.414+0000][1982.244s][info][gc,start       ] GC(1291) Pause Young (Allocation Failure)
[2025-04-17T11:19:42.415+0000][1982.245s][info][gc,heap        ] GC(1291) DefNew: 9178K(10176K)->83K(10176K) Eden: 9088K(9088K)->0K(9088K) From: 90K(1088K)->83K(1088K)
[2025-04-17T11:19:42.415+0000][1982.245s][info][gc,heap        ] GC(1291) Tenured: 14895K(22468K)->14897K(22468K)
[2025-04-17T11:19:42.415+0000][1982.245s][info][gc,metaspace   ] GC(1291) Metaspace: 37462K(37824K)->37462K(37824K) NonClass: 33036K(33216K)->33036K(33216K) Class: 4425K(4608K)->4425K(4608K)
[2025-04-17T11:19:42.415+0000][1982.245s][info][gc             ] GC(1291) Pause Young (Allocation Failure) 23M->14M(31M) 1.308ms
[2025-04-17T11:19:42.415+0000][1982.245s][info][gc,cpu         ] GC(1291) User=0.00s Sys=0.00s Real=0.01s
[2025-04-17T11:19:44.151+0000][1983.982s][info][gc,start       ] GC(1292) Pause Young (Allocation Failure)
[2025-04-17T11:19:44.153+0000][1983.983s][info][gc,heap        ] GC(1292) DefNew: 9171K(10176K)->110K(10176K) Eden: 9088K(9088K)->0K(9088K) From: 83K(1088K)->110K(1088K)
[2025-04-17T11:19:44.153+0000][1983.983s][info][gc,heap        ] GC(1292) Tenured: 14897K(22468K)->14898K(22468K)
[2025-04-17T11:19:44.153+0000][1983.983s][info][gc,metaspace   ] GC(1292) Metaspace: 37462K(37824K)->37462K(37824K) NonClass: 33036K(33216K)->33036K(33216K) Class: 4425K(4608K)->4425K(4608K)
[2025-04-17T11:19:44.153+0000][1983.983s][info][gc             ] GC(1292) Pause Young (Allocation Failure) 23M->14M(31M) 1.342ms
[2025-04-17T11:19:44.153+0000][1983.983s][info][gc,cpu         ] GC(1292) User=0.00s Sys=0.00s Real=0.00s
[2025-04-17T11:19:45.648+0000][1985.478s][info][gc,start       ] GC(1293) Pause Young (Allocation Failure)
[2025-04-17T11:19:45.649+0000][1985.479s][info][gc,heap        ] GC(1293) DefNew: 9198K(10176K)->83K(10176K) Eden: 9088K(9088K)->0K(9088K) From: 110K(1088K)->83K(1088K)
[2025-04-17T11:19:45.649+0000][1985.479s][info][gc,heap        ] GC(1293) Tenured: 14898K(22468K)->14898K(22468K)
[2025-04-17T11:19:45.649+0000][1985.479s][info][gc,metaspace   ] GC(1293) Metaspace: 37462K(37824K)->37462K(37824K) NonClass: 33036K(33216K)->33036K(33216K) Class: 4425K(4608K)->4425K(4608K)
[2025-04-17T11:19:45.649+0000][1985.479s][info][gc             ] GC(1293) Pause Young (Allocation Failure) 23M->14M(31M) 1.302ms
[2025-04-17T11:19:45.649+0000][1985.479s][info][gc,cpu         ] GC(1293) User=0.00s Sys=0.00s Real=0.00s
[2025-04-17T11:19:47.314+0000][1987.144s][info][gc,start       ] GC(1294) Pause Young (Allocation Failure)
[2025-04-17T11:19:47.315+0000][1987.145s][info][gc,heap        ] GC(1294) DefNew: 9171K(10176K)->83K(10176K) Eden: 9088K(9088K)->0K(9088K) From: 83K(1088K)->83K(1088K)
[2025-04-17T11:19:47.315+0000][1987.145s][info][gc,heap        ] GC(1294) Tenured: 14898K(22468K)->14900K(22468K)
[2025-04-17T11:19:47.315+0000][1987.145s][info][gc,metaspace   ] GC(1294) Metaspace: 37462K(37824K)->37462K(37824K) NonClass: 33036K(33216K)->33036K(33216K) Class: 4425K(4608K)->4425K(4608K)
[2025-04-17T11:19:47.315+0000][1987.145s][info][gc             ] GC(1294) Pause Young (Allocation Failure) 23M->14M(31M) 1.238ms
[2025-04-17T11:19:47.315+0000][1987.145s][info][gc,cpu         ] GC(1294) User=0.00s Sys=0.00s Real=0.01s
[2025-04-17T11:19:48.582+0000][1988.412s][info][gc,start       ] GC(1295) Pause Young (Allocation Failure)
[2025-04-17T11:19:48.583+0000][1988.413s][info][gc,heap        ] GC(1295) DefNew: 9171K(10176K)->96K(10176K) Eden: 9088K(9088K)->0K(9088K) From: 83K(1088K)->96K(1088K)
[2025-04-17T11:19:48.583+0000][1988.413s][info][gc,heap        ] GC(1295) Tenured: 14900K(22468K)->14900K(22468K)
[2025-04-17T11:19:48.583+0000][1988.413s][info][gc,metaspace   ] GC(1295) Metaspace: 37462K(37824K)->37462K(37824K) NonClass: 33036K(33216K)->33036K(33216K) Class: 4425K(4608K)->4425K(4608K)
[2025-04-17T11:19:48.583+0000][1988.413s][info][gc             ] GC(1295) Pause Young (Allocation Failure) 23M->14M(31M) 1.349ms
[2025-04-17T11:19:48.583+0000][1988.413s][info][gc,cpu         ] GC(1295) User=0.01s Sys=0.00s Real=0.00s
[2025-04-17T11:19:50.281+0000][1990.111s][info][gc,start       ] GC(1296) Pause Young (Allocation Failure)
[2025-04-17T11:19:50.282+0000][1990.112s][info][gc,heap        ] GC(1296) DefNew: 9184K(10176K)->97K(10176K) Eden: 9087K(9088K)->0K(9088K) From: 96K(1088K)->97K(1088K)
[2025-04-17T11:19:50.282+0000][1990.112s][info][gc,heap        ] GC(1296) Tenured: 14900K(22468K)->14901K(22468K)
[2025-04-17T11:19:50.282+0000][1990.112s][info][gc,metaspace   ] GC(1296) Metaspace: 37462K(37824K)->37462K(37824K) NonClass: 33036K(33216K)->33036K(33216K) Class: 4425K(4608K)->4425K(4608K)
[2025-04-17T11:19:50.282+0000][1990.112s][info][gc             ] GC(1296) Pause Young (Allocation Failure) 23M->14M(31M) 1.207ms
[2025-04-17T11:19:50.282+0000][1990.112s][info][gc,cpu         ] GC(1296) User=0.00s Sys=0.00s Real=0.00s
[2025-04-17T11:19:51.909+0000][1991.739s][info][gc,start       ] GC(1297) Pause Young (Allocation Failure)
[2025-04-17T11:19:51.910+0000][1991.740s][info][gc,heap        ] GC(1297) DefNew: 9185K(10176K)->98K(10176K) Eden: 9088K(9088K)->0K(9088K) From: 97K(1088K)->98K(1088K)
[2025-04-17T11:19:51.910+0000][1991.741s][info][gc,heap        ] GC(1297) Tenured: 14901K(22468K)->14901K(22468K)
[2025-04-17T11:19:51.910+0000][1991.741s][info][gc,metaspace   ] GC(1297) Metaspace: 37462K(37824K)->37462K(37824K) NonClass: 33036K(33216K)->33036K(33216K) Class: 4425K(4608K)->4425K(4608K)
[2025-04-17T11:19:51.910+0000][1991.741s][info][gc             ] GC(1297) Pause Young (Allocation Failure) 23M->14M(31M) 1.261ms
[2025-04-17T11:19:51.910+0000][1991.741s][info][gc,cpu         ] GC(1297) User=0.01s Sys=0.00s Real=0.00s
[2025-04-17T11:19:53.167+0000][1992.997s][info][gc,start       ] GC(1298) Pause Young (Allocation Failure)
[2025-04-17T11:19:53.168+0000][1992.998s][info][gc,heap        ] GC(1298) DefNew: 9179K(10176K)->102K(10176K) Eden: 9081K(9088K)->0K(9088K) From: 98K(1088K)->102K(1088K)
[2025-04-17T11:19:53.168+0000][1992.998s][info][gc,heap        ] GC(1298) Tenured: 14901K(22468K)->14901K(22468K)
[2025-04-17T11:19:53.168+0000][1992.998s][info][gc,metaspace   ] GC(1298) Metaspace: 37462K(37824K)->37462K(37824K) NonClass: 33036K(33216K)->33036K(33216K) Class: 4425K(4608K)->4425K(4608K)
[2025-04-17T11:19:53.168+0000][1992.998s][info][gc             ] GC(1298) Pause Young (Allocation Failure) 23M->14M(31M) 1.302ms
[2025-04-17T11:19:53.168+0000][1992.998s][info][gc,cpu         ] GC(1298) User=0.00s Sys=0.00s Real=0.00s
[2025-04-17T11:19:54.899+0000][1994.729s][info][gc,start       ] GC(1299) Pause Young (Allocation Failure)
[2025-04-17T11:19:54.901+0000][1994.731s][info][gc,heap        ] GC(1299) DefNew: 9190K(10176K)->87K(10176K) Eden: 9088K(9088K)->0K(9088K) From: 102K(1088K)->87K(1088K)
[2025-04-17T11:19:54.901+0000][1994.731s][info][gc,heap        ] GC(1299) Tenured: 14901K(22468K)->14902K(22468K)
[2025-04-17T11:19:54.901+0000][1994.731s][info][gc,metaspace   ] GC(1299) Metaspace: 37462K(37824K)->37462K(37824K) NonClass: 33036K(33216K)->33036K(33216K) Class: 4425K(4608K)->4425K(4608K)
[2025-04-17T11:19:54.901+0000][1994.731s][info][gc             ] GC(1299) Pause Young (Allocation Failure) 23M->14M(31M) 1.338ms
[2025-04-17T11:19:54.901+0000][1994.731s][info][gc,cpu         ] GC(1299) User=0.00s Sys=0.00s Real=0.00s
[2025-04-17T11:19:56.411+0000][1996.241s][info][gc,start       ] GC(1300) Pause Young (Allocation Failure)
[2025-04-17T11:19:56.412+0000][1996.242s][info][gc,heap        ] GC(1300) DefNew: 9175K(10176K)->100K(10176K) Eden: 9087K(9088K)->0K(9088K) From: 87K(1088K)->100K(1088K)
[2025-04-17T11:19:56.412+0000][1996.242s][info][gc,heap        ] GC(1300) Tenured: 14902K(22468K)->14903K(22468K)
[2025-04-17T11:19:56.412+0000][1996.242s][info][gc,metaspace   ] GC(1300) Metaspace: 37462K(37824K)->37462K(37824K) NonClass: 33036K(33216K)->33036K(33216K) Class: 4425K(4608K)->4425K(4608K)
[2025-04-17T11:19:56.412+0000][1996.242s][info][gc             ] GC(1300) Pause Young (Allocation Failure) 23M->14M(31M) 1.293ms
[2025-04-17T11:19:56.412+0000][1996.242s][info][gc,cpu         ] GC(1300) User=0.00s Sys=0.00s Real=0.00s
[2025-04-17T11:19:58.093+0000][1997.923s][info][gc,start       ] GC(1301) Pause Young (Allocation Failure)
[2025-04-17T11:19:58.094+0000][1997.924s][info][gc,heap        ] GC(1301) DefNew: 9187K(10176K)->91K(10176K) Eden: 9086K(9088K)->0K(9088K) From: 100K(1088K)->91K(1088K)
[2025-04-17T11:19:58.094+0000][1997.924s][info][gc,heap        ] GC(1301) Tenured: 14903K(22468K)->14904K(22468K)
[2025-04-17T11:19:58.094+0000][1997.924s][info][gc,metaspace   ] GC(1301) Metaspace: 37462K(37824K)->37462K(37824K) NonClass: 33036K(33216K)->33036K(33216K) Class: 4425K(4608K)->4425K(4608K)
[2025-04-17T11:19:58.094+0000][1997.924s][info][gc             ] GC(1301) Pause Young (Allocation Failure) 23M->14M(31M) 1.412ms
[2025-04-17T11:19:58.094+0000][1997.924s][info][gc,cpu         ] GC(1301) User=0.00s Sys=0.00s Real=0.01s
[2025-04-17T11:19:59.648+0000][1999.478s][info][gc,start       ] GC(1302) Pause Young (Allocation Failure)
[2025-04-17T11:19:59.649+0000][1999.479s][info][gc,heap        ] GC(1302) DefNew: 9179K(10176K)->85K(10176K) Eden: 9088K(9088K)->0K(9088K) From: 91K(1088K)->85K(1088K)
[2025-04-17T11:19:59.649+0000][1999.479s][info][gc,heap        ] GC(1302) Tenured: 14904K(22468K)->14906K(22468K)
[2025-04-17T11:19:59.649+0000][1999.479s][info][gc,metaspace   ] GC(1302) Metaspace: 37462K(37824K)->37462K(37824K) NonClass: 33036K(33216K)->33036K(33216K) Class: 4425K(4608K)->4425K(4608K)
[2025-04-17T11:19:59.649+0000][1999.479s][info][gc             ] GC(1302) Pause Young (Allocation Failure) 23M->14M(31M) 1.310ms
[2025-04-17T11:19:59.649+0000][1999.479s][info][gc,cpu         ] GC(1302) User=0.01s Sys=0.00s Real=0.00s
[2025-04-17T11:20:01.154+0000][2000.984s][info][gc,start       ] GC(1303) Pause Young (Allocation Failure)
[2025-04-17T11:20:01.155+0000][2000.985s][info][gc,heap        ] GC(1303) DefNew: 9173K(10176K)->77K(10176K) Eden: 9088K(9088K)->0K(9088K) From: 85K(1088K)->77K(1088K)
[2025-04-17T11:20:01.155+0000][2000.985s][info][gc,heap        ] GC(1303) Tenured: 14906K(22468K)->14907K(22468K)
[2025-04-17T11:20:01.155+0000][2000.985s][info][gc,metaspace   ] GC(1303) Metaspace: 37462K(37824K)->37462K(37824K) NonClass: 33036K(33216K)->33036K(33216K) Class: 4425K(4608K)->4425K(4608K)
[2025-04-17T11:20:01.155+0000][2000.985s][info][gc             ] GC(1303) Pause Young (Allocation Failure) 23M->14M(31M) 1.190ms
[2025-04-17T11:20:01.155+0000][2000.985s][info][gc,cpu         ] GC(1303) User=0.00s Sys=0.00s Real=0.01s
[2025-04-17T11:20:02.850+0000][2002.680s][info][gc,start       ] GC(1304) Pause Young (Allocation Failure)
[2025-04-17T11:20:02.851+0000][2002.681s][info][gc,heap        ] GC(1304) DefNew: 9165K(10176K)->86K(10176K) Eden: 9088K(9088K)->0K(9088K) From: 77K(1088K)->86K(1088K)
[2025-04-17T11:20:02.851+0000][2002.681s][info][gc,heap        ] GC(1304) Tenured: 14907K(22468K)->14908K(22468K)
[2025-04-17T11:20:02.851+0000][2002.681s][info][gc,metaspace   ] GC(1304) Metaspace: 37462K(37824K)->37462K(37824K) NonClass: 33036K(33216K)->33036K(33216K) Class: 4425K(4608K)->4425K(4608K)
[2025-04-17T11:20:02.851+0000][2002.681s][info][gc             ] GC(1304) Pause Young (Allocation Failure) 23M->14M(31M) 1.181ms
[2025-04-17T11:20:02.851+0000][2002.681s][info][gc,cpu         ] GC(1304) User=0.00s Sys=0.00s Real=0.00s
[2025-04-17T11:20:04.415+0000][2004.246s][info][gc,start       ] GC(1305) Pause Young (Allocation Failure)
[2025-04-17T11:20:04.417+0000][2004.247s][info][gc,heap        ] GC(1305) DefNew: 9174K(10176K)->81K(10176K) Eden: 9088K(9088K)->0K(9088K) From: 86K(1088K)->81K(1088K)
[2025-04-17T11:20:04.417+0000][2004.247s][info][gc,heap        ] GC(1305) Tenured: 14908K(22468K)->14909K(22468K)
[2025-04-17T11:20:04.417+0000][2004.247s][info][gc,metaspace   ] GC(1305) Metaspace: 37462K(37824K)->37462K(37824K) NonClass: 33036K(33216K)->33036K(33216K) Class: 4425K(4608K)->4425K(4608K)
[2025-04-17T11:20:04.417+0000][2004.247s][info][gc             ] GC(1305) Pause Young (Allocation Failure) 23M->14M(31M) 1.272ms
[2025-04-17T11:20:04.417+0000][2004.247s][info][gc,cpu         ] GC(1305) User=0.00s Sys=0.00s Real=0.00s
[2025-04-17T11:20:05.836+0000][2005.666s][info][gc,start       ] GC(1306) Pause Young (Allocation Failure)
[2025-04-17T11:20:05.838+0000][2005.668s][info][gc,heap        ] GC(1306) DefNew: 9169K(10176K)->88K(10176K) Eden: 9088K(9088K)->0K(9088K) From: 81K(1088K)->88K(1088K)
[2025-04-17T11:20:05.838+0000][2005.668s][info][gc,heap        ] GC(1306) Tenured: 14909K(22468K)->14909K(22468K)
[2025-04-17T11:20:05.838+0000][2005.668s][info][gc,metaspace   ] GC(1306) Metaspace: 37462K(37824K)->37462K(37824K) NonClass: 33036K(33216K)->33036K(33216K) Class: 4425K(4608K)->4425K(4608K)
[2025-04-17T11:20:05.838+0000][2005.668s][info][gc             ] GC(1306) Pause Young (Allocation Failure) 23M->14M(31M) 1.418ms
[2025-04-17T11:20:05.838+0000][2005.668s][info][gc,cpu         ] GC(1306) User=0.00s Sys=0.00s Real=0.00s
[2025-04-17T11:20:07.477+0000][2007.308s][info][gc,start       ] GC(1307) Pause Young (Allocation Failure)
[2025-04-17T11:20:07.479+0000][2007.309s][info][gc,heap        ] GC(1307) DefNew: 9176K(10176K)->97K(10176K) Eden: 9088K(9088K)->0K(9088K) From: 88K(1088K)->97K(1088K)
[2025-04-17T11:20:07.479+0000][2007.309s][info][gc,heap        ] GC(1307) Tenured: 14909K(22468K)->14910K(22468K)
[2025-04-17T11:20:07.479+0000][2007.309s][info][gc,metaspace   ] GC(1307) Metaspace: 37462K(37824K)->37462K(37824K) NonClass: 33036K(33216K)->33036K(33216K) Class: 4425K(4608K)->4425K(4608K)
[2025-04-17T11:20:07.479+0000][2007.309s][info][gc             ] GC(1307) Pause Young (Allocation Failure) 23M->14M(31M) 1.381ms
[2025-04-17T11:20:07.479+0000][2007.309s][info][gc,cpu         ] GC(1307) User=0.00s Sys=0.00s Real=0.00s
[2025-04-17T11:20:09.093+0000][2008.923s][info][gc,start       ] GC(1308) Pause Young (Allocation Failure)
[2025-04-17T11:20:09.094+0000][2008.924s][info][gc,heap        ] GC(1308) DefNew: 9185K(10176K)->87K(10176K) Eden: 9088K(9088K)->0K(9088K) From: 97K(1088K)->87K(1088K)
[2025-04-17T11:20:09.094+0000][2008.925s][info][gc,heap        ] GC(1308) Tenured: 14910K(22468K)->14910K(22468K)
[2025-04-17T11:20:09.094+0000][2008.925s][info][gc,metaspace   ] GC(1308) Metaspace: 37462K(37824K)->37462K(37824K) NonClass: 33036K(33216K)->33036K(33216K) Class: 4425K(4608K)->4425K(4608K)
[2025-04-17T11:20:09.094+0000][2008.925s][info][gc             ] GC(1308) Pause Young (Allocation Failure) 23M->14M(31M) 1.176ms
[2025-04-17T11:20:09.094+0000][2008.925s][info][gc,cpu         ] GC(1308) User=0.00s Sys=0.00s Real=0.01s
[2025-04-17T11:20:10.513+0000][2010.343s][info][gc,start       ] GC(1309) Pause Young (Allocation Failure)
[2025-04-17T11:20:10.514+0000][2010.344s][info][gc,heap        ] GC(1309) DefNew: 9163K(10176K)->82K(10176K) Eden: 9076K(9088K)->0K(9088K) From: 87K(1088K)->82K(1088K)
[2025-04-17T11:20:10.514+0000][2010.344s][info][gc,heap        ] GC(1309) Tenured: 14910K(22468K)->14911K(22468K)
[2025-04-17T11:20:10.514+0000][2010.344s][info][gc,metaspace   ] GC(1309) Metaspace: 37462K(37824K)->37462K(37824K) NonClass: 33036K(33216K)->33036K(33216K) Class: 4425K(4608K)->4425K(4608K)
[2025-04-17T11:20:10.514+0000][2010.344s][info][gc             ] GC(1309) Pause Young (Allocation Failure) 23M->14M(31M) 1.185ms
[2025-04-17T11:20:10.514+0000][2010.344s][info][gc,cpu         ] GC(1309) User=0.00s Sys=0.00s Real=0.00s
[2025-04-17T11:20:12.280+0000][2012.110s][info][gc,start       ] GC(1310) Pause Young (Allocation Failure)
[2025-04-17T11:20:12.282+0000][2012.112s][info][gc,heap        ] GC(1310) DefNew: 9170K(10176K)->79K(10176K) Eden: 9088K(9088K)->0K(9088K) From: 82K(1088K)->79K(1088K)
[2025-04-17T11:20:12.282+0000][2012.112s][info][gc,heap        ] GC(1310) Tenured: 14911K(22468K)->14911K(22468K)
[2025-04-17T11:20:12.282+0000][2012.112s][info][gc,metaspace   ] GC(1310) Metaspace: 37462K(37824K)->37462K(37824K) NonClass: 33036K(33216K)->33036K(33216K) Class: 4425K(4608K)->4425K(4608K)
[2025-04-17T11:20:12.282+0000][2012.112s][info][gc             ] GC(1310) Pause Young (Allocation Failure) 23M->14M(31M) 1.248ms
[2025-04-17T11:20:12.282+0000][2012.112s][info][gc,cpu         ] GC(1310) User=0.00s Sys=0.00s Real=0.00s
[2025-04-17T11:20:13.708+0000][2013.538s][info][gc,start       ] GC(1311) Pause Young (Allocation Failure)
[2025-04-17T11:20:13.709+0000][2013.539s][info][gc,heap        ] GC(1311) DefNew: 9167K(10176K)->96K(10176K) Eden: 9088K(9088K)->0K(9088K) From: 79K(1088K)->96K(1088K)
[2025-04-17T11:20:13.709+0000][2013.539s][info][gc,heap        ] GC(1311) Tenured: 14911K(22468K)->14911K(22468K)
[2025-04-17T11:20:13.709+0000][2013.539s][info][gc,metaspace   ] GC(1311) Metaspace: 37462K(37824K)->37462K(37824K) NonClass: 33036K(33216K)->33036K(33216K) Class: 4425K(4608K)->4425K(4608K)
[2025-04-17T11:20:13.709+0000][2013.540s][info][gc             ] GC(1311) Pause Young (Allocation Failure) 23M->14M(31M) 1.269ms
[2025-04-17T11:20:13.709+0000][2013.540s][info][gc,cpu         ] GC(1311) User=0.00s Sys=0.00s Real=0.00s
[2025-04-17T11:20:15.296+0000][2015.126s][info][gc,start       ] GC(1312) Pause Young (Allocation Failure)
[2025-04-17T11:20:15.297+0000][2015.127s][info][gc,heap        ] GC(1312) DefNew: 9183K(10176K)->87K(10176K) Eden: 9086K(9088K)->0K(9088K) From: 96K(1088K)->87K(1088K)
[2025-04-17T11:20:15.297+0000][2015.127s][info][gc,heap        ] GC(1312) Tenured: 14911K(22468K)->14911K(22468K)
[2025-04-17T11:20:15.297+0000][2015.127s][info][gc,metaspace   ] GC(1312) Metaspace: 37462K(37824K)->37462K(37824K) NonClass: 33036K(33216K)->33036K(33216K) Class: 4425K(4608K)->4425K(4608K)
[2025-04-17T11:20:15.297+0000][2015.127s][info][gc             ] GC(1312) Pause Young (Allocation Failure) 23M->14M(31M) 1.157ms
[2025-04-17T11:20:15.297+0000][2015.127s][info][gc,cpu         ] GC(1312) User=0.00s Sys=0.00s Real=0.00s
[2025-04-17T11:20:17.074+0000][2016.904s][info][gc,start       ] GC(1313) Pause Young (Allocation Failure)
[2025-04-17T11:20:17.075+0000][2016.906s][info][gc,heap        ] GC(1313) DefNew: 9170K(10176K)->97K(10176K) Eden: 9083K(9088K)->0K(9088K) From: 87K(1088K)->97K(1088K)
[2025-04-17T11:20:17.075+0000][2016.906s][info][gc,heap        ] GC(1313) Tenured: 14911K(22468K)->14912K(22468K)
[2025-04-17T11:20:17.075+0000][2016.906s][info][gc,metaspace   ] GC(1313) Metaspace: 37462K(37824K)->37462K(37824K) NonClass: 33036K(33216K)->33036K(33216K) Class: 4425K(4608K)->4425K(4608K)
[2025-04-17T11:20:17.075+0000][2016.906s][info][gc             ] GC(1313) Pause Young (Allocation Failure) 23M->14M(31M) 1.298ms
[2025-04-17T11:20:17.075+0000][2016.906s][info][gc,cpu         ] GC(1313) User=0.00s Sys=0.00s Real=0.00s
[2025-04-17T11:20:18.473+0000][2018.303s][info][gc,start       ] GC(1314) Pause Young (Allocation Failure)
[2025-04-17T11:20:18.474+0000][2018.304s][info][gc,heap        ] GC(1314) DefNew: 9185K(10176K)->78K(10176K) Eden: 9088K(9088K)->0K(9088K) From: 97K(1088K)->78K(1088K)
[2025-04-17T11:20:18.474+0000][2018.304s][info][gc,heap        ] GC(1314) Tenured: 14912K(22468K)->14914K(22468K)
[2025-04-17T11:20:18.474+0000][2018.304s][info][gc,metaspace   ] GC(1314) Metaspace: 37462K(37824K)->37462K(37824K) NonClass: 33036K(33216K)->33036K(33216K) Class: 4425K(4608K)->4425K(4608K)
[2025-04-17T11:20:18.474+0000][2018.304s][info][gc             ] GC(1314) Pause Young (Allocation Failure) 23M->14M(31M) 1.361ms
[2025-04-17T11:20:18.474+0000][2018.304s][info][gc,cpu         ] GC(1314) User=0.00s Sys=0.00s Real=0.01s
[2025-04-17T11:20:20.109+0000][2019.939s][info][gc,start       ] GC(1315) Pause Young (Allocation Failure)
[2025-04-17T11:20:20.110+0000][2019.940s][info][gc,heap        ] GC(1315) DefNew: 9166K(10176K)->91K(10176K) Eden: 9088K(9088K)->0K(9088K) From: 78K(1088K)->91K(1088K)
[2025-04-17T11:20:20.110+0000][2019.940s][info][gc,heap        ] GC(1315) Tenured: 14914K(22468K)->14916K(22468K)
[2025-04-17T11:20:20.110+0000][2019.940s][info][gc,metaspace   ] GC(1315) Metaspace: 37462K(37824K)->37462K(37824K) NonClass: 33036K(33216K)->33036K(33216K) Class: 4425K(4608K)->4425K(4608K)
[2025-04-17T11:20:20.110+0000][2019.940s][info][gc             ] GC(1315) Pause Young (Allocation Failure) 23M->14M(31M) 1.228ms
[2025-04-17T11:20:20.110+0000][2019.940s][info][gc,cpu         ] GC(1315) User=0.00s Sys=0.00s Real=0.00s
[2025-04-17T11:20:21.552+0000][2021.382s][info][gc,start       ] GC(1316) Pause Young (Allocation Failure)
[2025-04-17T11:20:21.553+0000][2021.383s][info][gc,heap        ] GC(1316) DefNew: 9179K(10176K)->74K(10176K) Eden: 9088K(9088K)->0K(9088K) From: 91K(1088K)->74K(1088K)
[2025-04-17T11:20:21.553+0000][2021.383s][info][gc,heap        ] GC(1316) Tenured: 14916K(22468K)->14916K(22468K)
[2025-04-17T11:20:21.553+0000][2021.383s][info][gc,metaspace   ] GC(1316) Metaspace: 37462K(37824K)->37462K(37824K) NonClass: 33036K(33216K)->33036K(33216K) Class: 4425K(4608K)->4425K(4608K)
[2025-04-17T11:20:21.553+0000][2021.383s][info][gc             ] GC(1316) Pause Young (Allocation Failure) 23M->14M(31M) 1.235ms
[2025-04-17T11:20:21.553+0000][2021.383s][info][gc,cpu         ] GC(1316) User=0.00s Sys=0.00s Real=0.00s
[2025-04-17T11:20:23.309+0000][2023.139s][info][gc,start       ] GC(1317) Pause Young (Allocation Failure)
[2025-04-17T11:20:23.310+0000][2023.140s][info][gc,heap        ] GC(1317) DefNew: 9162K(10176K)->78K(10176K) Eden: 9088K(9088K)->0K(9088K) From: 74K(1088K)->78K(1088K)
[2025-04-17T11:20:23.310+0000][2023.140s][info][gc,heap        ] GC(1317) Tenured: 14916K(22468K)->14916K(22468K)
[2025-04-17T11:20:23.310+0000][2023.140s][info][gc,metaspace   ] GC(1317) Metaspace: 37462K(37824K)->37462K(37824K) NonClass: 33036K(33216K)->33036K(33216K) Class: 4425K(4608K)->4425K(4608K)
[2025-04-17T11:20:23.310+0000][2023.140s][info][gc             ] GC(1317) Pause Young (Allocation Failure) 23M->14M(31M) 1.203ms
[2025-04-17T11:20:23.310+0000][2023.140s][info][gc,cpu         ] GC(1317) User=0.00s Sys=0.00s Real=0.00s
[2025-04-17T11:20:24.794+0000][2024.624s][info][gc,start       ] GC(1318) Pause Young (Allocation Failure)
[2025-04-17T11:20:24.795+0000][2024.626s][info][gc,heap        ] GC(1318) DefNew: 9166K(10176K)->88K(10176K) Eden: 9087K(9088K)->0K(9088K) From: 78K(1088K)->88K(1088K)
[2025-04-17T11:20:24.795+0000][2024.626s][info][gc,heap        ] GC(1318) Tenured: 14916K(22468K)->14916K(22468K)
[2025-04-17T11:20:24.795+0000][2024.626s][info][gc,metaspace   ] GC(1318) Metaspace: 37462K(37824K)->37462K(37824K) NonClass: 33036K(33216K)->33036K(33216K) Class: 4425K(4608K)->4425K(4608K)
[2025-04-17T11:20:24.795+0000][2024.626s][info][gc             ] GC(1318) Pause Young (Allocation Failure) 23M->14M(31M) 1.223ms
[2025-04-17T11:20:24.795+0000][2024.626s][info][gc,cpu         ] GC(1318) User=0.00s Sys=0.00s Real=0.00s
[2025-04-17T11:20:26.274+0000][2026.104s][info][gc,start       ] GC(1319) Pause Young (Allocation Failure)
[2025-04-17T11:20:26.275+0000][2026.106s][info][gc,heap        ] GC(1319) DefNew: 9169K(10176K)->82K(10176K) Eden: 9081K(9088K)->0K(9088K) From: 88K(1088K)->82K(1088K)
[2025-04-17T11:20:26.275+0000][2026.106s][info][gc,heap        ] GC(1319) Tenured: 14916K(22468K)->14916K(22468K)
[2025-04-17T11:20:26.275+0000][2026.106s][info][gc,metaspace   ] GC(1319) Metaspace: 37462K(37824K)->37462K(37824K) NonClass: 33036K(33216K)->33036K(33216K) Class: 4425K(4608K)->4425K(4608K)
[2025-04-17T11:20:26.276+0000][2026.106s][info][gc             ] GC(1319) Pause Young (Allocation Failure) 23M->14M(31M) 1.217ms
[2025-04-17T11:20:26.276+0000][2026.106s][info][gc,cpu         ] GC(1319) User=0.00s Sys=0.00s Real=0.00s
[2025-04-17T11:20:28.197+0000][2028.028s][info][gc,start       ] GC(1320) Pause Young (Allocation Failure)
[2025-04-17T11:20:28.199+0000][2028.029s][info][gc,heap        ] GC(1320) DefNew: 9160K(10176K)->78K(10176K) Eden: 9078K(9088K)->0K(9088K) From: 82K(1088K)->78K(1088K)
[2025-04-17T11:20:28.199+0000][2028.029s][info][gc,heap        ] GC(1320) Tenured: 14916K(22468K)->14916K(22468K)
[2025-04-17T11:20:28.199+0000][2028.029s][info][gc,metaspace   ] GC(1320) Metaspace: 37462K(37824K)->37462K(37824K) NonClass: 33036K(33216K)->33036K(33216K) Class: 4425K(4608K)->4425K(4608K)
[2025-04-17T11:20:28.199+0000][2028.029s][info][gc             ] GC(1320) Pause Young (Allocation Failure) 23M->14M(31M) 1.210ms
[2025-04-17T11:20:28.199+0000][2028.029s][info][gc,cpu         ] GC(1320) User=0.00s Sys=0.00s Real=0.00s
[2025-04-17T11:20:29.637+0000][2029.468s][info][gc,start       ] GC(1321) Pause Young (Allocation Failure)
[2025-04-17T11:20:29.639+0000][2029.469s][info][gc,heap        ] GC(1321) DefNew: 9166K(10176K)->72K(10176K) Eden: 9088K(9088K)->0K(9088K) From: 78K(1088K)->72K(1088K)
[2025-04-17T11:20:29.639+0000][2029.469s][info][gc,heap        ] GC(1321) Tenured: 14916K(22468K)->14917K(22468K)
[2025-04-17T11:20:29.639+0000][2029.469s][info][gc,metaspace   ] GC(1321) Metaspace: 37462K(37824K)->37462K(37824K) NonClass: 33036K(33216K)->33036K(33216K) Class: 4425K(4608K)->4425K(4608K)
[2025-04-17T11:20:29.639+0000][2029.469s][info][gc             ] GC(1321) Pause Young (Allocation Failure) 23M->14M(31M) 1.333ms
[2025-04-17T11:20:29.639+0000][2029.469s][info][gc,cpu         ] GC(1321) User=0.00s Sys=0.00s Real=0.00s
[2025-04-17T11:20:31.183+0000][2031.013s][info][gc,start       ] GC(1322) Pause Young (Allocation Failure)
[2025-04-17T11:20:31.184+0000][2031.014s][info][gc,heap        ] GC(1322) DefNew: 9160K(10176K)->91K(10176K) Eden: 9088K(9088K)->0K(9088K) From: 72K(1088K)->91K(1088K)
[2025-04-17T11:20:31.184+0000][2031.014s][info][gc,heap        ] GC(1322) Tenured: 14917K(22468K)->14917K(22468K)
[2025-04-17T11:20:31.184+0000][2031.014s][info][gc,metaspace   ] GC(1322) Metaspace: 37462K(37824K)->37462K(37824K) NonClass: 33036K(33216K)->33036K(33216K) Class: 4425K(4608K)->4425K(4608K)
[2025-04-17T11:20:31.184+0000][2031.014s][info][gc             ] GC(1322) Pause Young (Allocation Failure) 23M->14M(31M) 1.283ms
[2025-04-17T11:20:31.184+0000][2031.014s][info][gc,cpu         ] GC(1322) User=0.00s Sys=0.00s Real=0.01s
[2025-04-17T11:20:32.656+0000][2032.486s][info][gc,start       ] GC(1323) Pause Young (Allocation Failure)
[2025-04-17T11:20:32.657+0000][2032.487s][info][gc,heap        ] GC(1323) DefNew: 9177K(10176K)->77K(10176K) Eden: 9086K(9088K)->0K(9088K) From: 91K(1088K)->77K(1088K)
[2025-04-17T11:20:32.657+0000][2032.487s][info][gc,heap        ] GC(1323) Tenured: 14917K(22468K)->14917K(22468K)
[2025-04-17T11:20:32.657+0000][2032.487s][info][gc,metaspace   ] GC(1323) Metaspace: 37462K(37824K)->37462K(37824K) NonClass: 33036K(33216K)->33036K(33216K) Class: 4425K(4608K)->4425K(4608K)
[2025-04-17T11:20:32.657+0000][2032.487s][info][gc             ] GC(1323) Pause Young (Allocation Failure) 23M->14M(31M) 1.326ms
[2025-04-17T11:20:32.657+0000][2032.487s][info][gc,cpu         ] GC(1323) User=0.00s Sys=0.00s Real=0.00s
[2025-04-17T11:20:34.502+0000][2034.333s][info][gc,start       ] GC(1324) Pause Young (Allocation Failure)
[2025-04-17T11:20:34.504+0000][2034.334s][info][gc,heap        ] GC(1324) DefNew: 9165K(10176K)->73K(10176K) Eden: 9088K(9088K)->0K(9088K) From: 77K(1088K)->73K(1088K)
[2025-04-17T11:20:34.504+0000][2034.334s][info][gc,heap        ] GC(1324) Tenured: 14917K(22468K)->14919K(22468K)
[2025-04-17T11:20:34.504+0000][2034.334s][info][gc,metaspace   ] GC(1324) Metaspace: 37462K(37824K)->37462K(37824K) NonClass: 33036K(33216K)->33036K(33216K) Class: 4425K(4608K)->4425K(4608K)
[2025-04-17T11:20:34.504+0000][2034.334s][info][gc             ] GC(1324) Pause Young (Allocation Failure) 23M->14M(31M) 1.308ms
[2025-04-17T11:20:34.504+0000][2034.334s][info][gc,cpu         ] GC(1324) User=0.00s Sys=0.00s Real=0.00s
[2025-04-17T11:20:36.041+0000][2035.871s][info][gc,start       ] GC(1325) Pause Young (Allocation Failure)
[2025-04-17T11:20:36.042+0000][2035.872s][info][gc,heap        ] GC(1325) DefNew: 9161K(10176K)->79K(10176K) Eden: 9088K(9088K)->0K(9088K) From: 73K(1088K)->79K(1088K)
[2025-04-17T11:20:36.042+0000][2035.872s][info][gc,heap        ] GC(1325) Tenured: 14919K(22468K)->14919K(22468K)
[2025-04-17T11:20:36.042+0000][2035.872s][info][gc,metaspace   ] GC(1325) Metaspace: 37462K(37824K)->37462K(37824K) NonClass: 33036K(33216K)->33036K(33216K) Class: 4425K(4608K)->4425K(4608K)
[2025-04-17T11:20:36.042+0000][2035.872s][info][gc             ] GC(1325) Pause Young (Allocation Failure) 23M->14M(31M) 1.372ms
[2025-04-17T11:20:36.042+0000][2035.872s][info][gc,cpu         ] GC(1325) User=0.00s Sys=0.00s Real=0.00s
[2025-04-17T11:20:37.513+0000][2037.343s][info][gc,start       ] GC(1326) Pause Young (Allocation Failure)
[2025-04-17T11:20:37.514+0000][2037.345s][info][gc,heap        ] GC(1326) DefNew: 9167K(10176K)->89K(10176K) Eden: 9088K(9088K)->0K(9088K) From: 79K(1088K)->89K(1088K)
[2025-04-17T11:20:37.514+0000][2037.345s][info][gc,heap        ] GC(1326) Tenured: 14919K(22468K)->14919K(22468K)
[2025-04-17T11:20:37.514+0000][2037.345s][info][gc,metaspace   ] GC(1326) Metaspace: 37462K(37824K)->37462K(37824K) NonClass: 33036K(33216K)->33036K(33216K) Class: 4425K(4608K)->4425K(4608K)
[2025-04-17T11:20:37.514+0000][2037.345s][info][gc             ] GC(1326) Pause Young (Allocation Failure) 23M->14M(31M) 1.299ms
[2025-04-17T11:20:37.514+0000][2037.345s][info][gc,cpu         ] GC(1326) User=0.00s Sys=0.00s Real=0.01s
[2025-04-17T11:20:38.969+0000][2038.799s][info][gc,start       ] GC(1327) Pause Young (Allocation Failure)
[2025-04-17T11:20:38.970+0000][2038.800s][info][gc,heap        ] GC(1327) DefNew: 9177K(10176K)->77K(10176K) Eden: 9088K(9088K)->0K(9088K) From: 89K(1088K)->77K(1088K)
[2025-04-17T11:20:38.970+0000][2038.800s][info][gc,heap        ] GC(1327) Tenured: 14919K(22468K)->14919K(22468K)
[2025-04-17T11:20:38.970+0000][2038.800s][info][gc,metaspace   ] GC(1327) Metaspace: 37462K(37824K)->37462K(37824K) NonClass: 33036K(33216K)->33036K(33216K) Class: 4425K(4608K)->4425K(4608K)
[2025-04-17T11:20:38.970+0000][2038.800s][info][gc             ] GC(1327) Pause Young (Allocation Failure) 23M->14M(31M) 1.198ms
[2025-04-17T11:20:38.970+0000][2038.800s][info][gc,cpu         ] GC(1327) User=0.00s Sys=0.00s Real=0.00s
[2025-04-17T11:20:40.677+0000][2040.507s][info][gc,start       ] GC(1328) Pause Young (Allocation Failure)
[2025-04-17T11:20:40.678+0000][2040.508s][info][gc,heap        ] GC(1328) DefNew: 9165K(10176K)->76K(10176K) Eden: 9088K(9088K)->0K(9088K) From: 77K(1088K)->76K(1088K)
[2025-04-17T11:20:40.678+0000][2040.508s][info][gc,heap        ] GC(1328) Tenured: 14919K(22468K)->14919K(22468K)
[2025-04-17T11:20:40.678+0000][2040.508s][info][gc,metaspace   ] GC(1328) Metaspace: 37462K(37824K)->37462K(37824K) NonClass: 33036K(33216K)->33036K(33216K) Class: 4425K(4608K)->4425K(4608K)
[2025-04-17T11:20:40.678+0000][2040.508s][info][gc             ] GC(1328) Pause Young (Allocation Failure) 23M->14M(31M) 1.249ms
[2025-04-17T11:20:40.678+0000][2040.508s][info][gc,cpu         ] GC(1328) User=0.00s Sys=0.00s Real=0.00s
[2025-04-17T11:20:42.225+0000][2042.055s][info][gc,start       ] GC(1329) Pause Young (Allocation Failure)
[2025-04-17T11:20:42.226+0000][2042.056s][info][gc,heap        ] GC(1329) DefNew: 9164K(10176K)->72K(10176K) Eden: 9088K(9088K)->0K(9088K) From: 76K(1088K)->72K(1088K)
[2025-04-17T11:20:42.226+0000][2042.056s][info][gc,heap        ] GC(1329) Tenured: 14919K(22468K)->14920K(22468K)
[2025-04-17T11:20:42.226+0000][2042.056s][info][gc,metaspace   ] GC(1329) Metaspace: 37462K(37824K)->37462K(37824K) NonClass: 33036K(33216K)->33036K(33216K) Class: 4425K(4608K)->4425K(4608K)
[2025-04-17T11:20:42.226+0000][2042.056s][info][gc             ] GC(1329) Pause Young (Allocation Failure) 23M->14M(31M) 1.326ms
[2025-04-17T11:20:42.226+0000][2042.056s][info][gc,cpu         ] GC(1329) User=0.00s Sys=0.00s Real=0.00s
[2025-04-17T11:20:43.677+0000][2043.507s][info][gc,start       ] GC(1330) Pause Young (Allocation Failure)
[2025-04-17T11:20:43.678+0000][2043.508s][info][gc,heap        ] GC(1330) DefNew: 9160K(10176K)->87K(10176K) Eden: 9088K(9088K)->0K(9088K) From: 72K(1088K)->87K(1088K)
[2025-04-17T11:20:43.678+0000][2043.508s][info][gc,heap        ] GC(1330) Tenured: 14920K(22468K)->14920K(22468K)
[2025-04-17T11:20:43.678+0000][2043.508s][info][gc,metaspace   ] GC(1330) Metaspace: 37462K(37824K)->37462K(37824K) NonClass: 33036K(33216K)->33036K(33216K) Class: 4425K(4608K)->4425K(4608K)
[2025-04-17T11:20:43.678+0000][2043.508s][info][gc             ] GC(1330) Pause Young (Allocation Failure) 23M->14M(31M) 1.336ms
[2025-04-17T11:20:43.678+0000][2043.508s][info][gc,cpu         ] GC(1330) User=0.00s Sys=0.00s Real=0.00s
[2025-04-17T11:20:45.386+0000][2045.217s][info][gc,start       ] GC(1331) Pause Young (Allocation Failure)
[2025-04-17T11:20:45.388+0000][2045.218s][info][gc,heap        ] GC(1331) DefNew: 9175K(10176K)->102K(10176K) Eden: 9087K(9088K)->0K(9088K) From: 87K(1088K)->102K(1088K)
[2025-04-17T11:20:45.388+0000][2045.218s][info][gc,heap        ] GC(1331) Tenured: 14920K(22468K)->14920K(22468K)
[2025-04-17T11:20:45.388+0000][2045.218s][info][gc,metaspace   ] GC(1331) Metaspace: 37462K(37824K)->37462K(37824K) NonClass: 33036K(33216K)->33036K(33216K) Class: 4425K(4608K)->4425K(4608K)
[2025-04-17T11:20:45.388+0000][2045.218s][info][gc             ] GC(1331) Pause Young (Allocation Failure) 23M->14M(31M) 1.173ms
[2025-04-17T11:20:45.388+0000][2045.218s][info][gc,cpu         ] GC(1331) User=0.00s Sys=0.00s Real=0.00s
[2025-04-17T11:20:47.114+0000][2046.944s][info][gc,start       ] GC(1332) Pause Young (Allocation Failure)
[2025-04-17T11:20:47.115+0000][2046.945s][info][gc,heap        ] GC(1332) DefNew: 9190K(10176K)->72K(10176K) Eden: 9088K(9088K)->0K(9088K) From: 102K(1088K)->72K(1088K)
[2025-04-17T11:20:47.115+0000][2046.945s][info][gc,heap        ] GC(1332) Tenured: 14920K(22468K)->14920K(22468K)
[2025-04-17T11:20:47.115+0000][2046.945s][info][gc,metaspace   ] GC(1332) Metaspace: 37462K(37824K)->37462K(37824K) NonClass: 33036K(33216K)->33036K(33216K) Class: 4425K(4608K)->4425K(4608K)
[2025-04-17T11:20:47.115+0000][2046.945s][info][gc             ] GC(1332) Pause Young (Allocation Failure) 23M->14M(31M) 1.234ms
[2025-04-17T11:20:47.115+0000][2046.945s][info][gc,cpu         ] GC(1332) User=0.00s Sys=0.00s Real=0.01s
[2025-04-17T11:20:48.402+0000][2048.232s][info][gc,start       ] GC(1333) Pause Young (Allocation Failure)
[2025-04-17T11:20:48.403+0000][2048.233s][info][gc,heap        ] GC(1333) DefNew: 9160K(10176K)->85K(10176K) Eden: 9088K(9088K)->0K(9088K) From: 72K(1088K)->85K(1088K)
[2025-04-17T11:20:48.403+0000][2048.233s][info][gc,heap        ] GC(1333) Tenured: 14920K(22468K)->14920K(22468K)
[2025-04-17T11:20:48.403+0000][2048.233s][info][gc,metaspace   ] GC(1333) Metaspace: 37462K(37824K)->37462K(37824K) NonClass: 33036K(33216K)->33036K(33216K) Class: 4425K(4608K)->4425K(4608K)
[2025-04-17T11:20:48.403+0000][2048.233s][info][gc             ] GC(1333) Pause Young (Allocation Failure) 23M->14M(31M) 1.189ms
[2025-04-17T11:20:48.403+0000][2048.233s][info][gc,cpu         ] GC(1333) User=0.00s Sys=0.00s Real=0.00s
[2025-04-17T11:20:50.093+0000][2049.923s][info][gc,start       ] GC(1334) Pause Young (Allocation Failure)
[2025-04-17T11:20:50.095+0000][2049.925s][info][gc,heap        ] GC(1334) DefNew: 9173K(10176K)->95K(10176K) Eden: 9087K(9088K)->0K(9088K) From: 85K(1088K)->95K(1088K)
[2025-04-17T11:20:50.095+0000][2049.925s][info][gc,heap        ] GC(1334) Tenured: 14920K(22468K)->14920K(22468K)
[2025-04-17T11:20:50.095+0000][2049.925s][info][gc,metaspace   ] GC(1334) Metaspace: 37462K(37824K)->37462K(37824K) NonClass: 33036K(33216K)->33036K(33216K) Class: 4425K(4608K)->4425K(4608K)
[2025-04-17T11:20:50.095+0000][2049.925s][info][gc             ] GC(1334) Pause Young (Allocation Failure) 23M->14M(31M) 1.302ms
[2025-04-17T11:20:50.095+0000][2049.925s][info][gc,cpu         ] GC(1334) User=0.00s Sys=0.00s Real=0.01s
[2025-04-17T11:20:51.752+0000][2051.582s][info][gc,start       ] GC(1335) Pause Young (Allocation Failure)
[2025-04-17T11:20:51.754+0000][2051.584s][info][gc,heap        ] GC(1335) DefNew: 9183K(10176K)->89K(10176K) Eden: 9087K(9088K)->0K(9088K) From: 95K(1088K)->89K(1088K)
[2025-04-17T11:20:51.754+0000][2051.584s][info][gc,heap        ] GC(1335) Tenured: 14920K(22468K)->14920K(22468K)
[2025-04-17T11:20:51.754+0000][2051.584s][info][gc,metaspace   ] GC(1335) Metaspace: 37462K(37824K)->37462K(37824K) NonClass: 33036K(33216K)->33036K(33216K) Class: 4425K(4608K)->4425K(4608K)
[2025-04-17T11:20:51.754+0000][2051.584s][info][gc             ] GC(1335) Pause Young (Allocation Failure) 23M->14M(31M) 1.263ms
[2025-04-17T11:20:51.754+0000][2051.584s][info][gc,cpu         ] GC(1335) User=0.01s Sys=0.00s Real=0.00s
[2025-04-17T11:20:53.561+0000][2053.391s][info][gc,start       ] GC(1336) Pause Young (Allocation Failure)
[2025-04-17T11:20:53.562+0000][2053.392s][info][gc,heap        ] GC(1336) DefNew: 9177K(10176K)->73K(10176K) Eden: 9088K(9088K)->0K(9088K) From: 89K(1088K)->73K(1088K)
[2025-04-17T11:20:53.562+0000][2053.392s][info][gc,heap        ] GC(1336) Tenured: 14920K(22468K)->14920K(22468K)
[2025-04-17T11:20:53.562+0000][2053.392s][info][gc,metaspace   ] GC(1336) Metaspace: 37462K(37824K)->37462K(37824K) NonClass: 33036K(33216K)->33036K(33216K) Class: 4425K(4608K)->4425K(4608K)
[2025-04-17T11:20:53.562+0000][2053.392s][info][gc             ] GC(1336) Pause Young (Allocation Failure) 23M->14M(31M) 1.413ms
[2025-04-17T11:20:53.562+0000][2053.392s][info][gc,cpu         ] GC(1336) User=0.00s Sys=0.00s Real=0.00s
[2025-04-17T11:20:55.057+0000][2054.887s][info][gc,start       ] GC(1337) Pause Young (Allocation Failure)
[2025-04-17T11:20:55.058+0000][2054.888s][info][gc,heap        ] GC(1337) DefNew: 9161K(10176K)->72K(10176K) Eden: 9088K(9088K)->0K(9088K) From: 73K(1088K)->72K(1088K)
[2025-04-17T11:20:55.058+0000][2054.888s][info][gc,heap        ] GC(1337) Tenured: 14920K(22468K)->14920K(22468K)
[2025-04-17T11:20:55.058+0000][2054.888s][info][gc,metaspace   ] GC(1337) Metaspace: 37462K(37824K)->37462K(37824K) NonClass: 33036K(33216K)->33036K(33216K) Class: 4425K(4608K)->4425K(4608K)
[2025-04-17T11:20:55.058+0000][2054.888s][info][gc             ] GC(1337) Pause Young (Allocation Failure) 23M->14M(31M) 1.220ms
[2025-04-17T11:20:55.058+0000][2054.888s][info][gc,cpu         ] GC(1337) User=0.00s Sys=0.00s Real=0.00s
[2025-04-17T11:20:56.559+0000][2056.390s][info][gc,start       ] GC(1338) Pause Young (Allocation Failure)
[2025-04-17T11:20:56.561+0000][2056.391s][info][gc,heap        ] GC(1338) DefNew: 9160K(10176K)->69K(10176K) Eden: 9088K(9088K)->0K(9088K) From: 72K(1088K)->69K(1088K)
[2025-04-17T11:20:56.561+0000][2056.391s][info][gc,heap        ] GC(1338) Tenured: 14920K(22468K)->14920K(22468K)
[2025-04-17T11:20:56.561+0000][2056.391s][info][gc,metaspace   ] GC(1338) Metaspace: 37462K(37824K)->37462K(37824K) NonClass: 33036K(33216K)->33036K(33216K) Class: 4425K(4608K)->4425K(4608K)
[2025-04-17T11:20:56.561+0000][2056.391s][info][gc             ] GC(1338) Pause Young (Allocation Failure) 23M->14M(31M) 1.307ms
[2025-04-17T11:20:56.561+0000][2056.391s][info][gc,cpu         ] GC(1338) User=0.00s Sys=0.00s Real=0.00s
[2025-04-17T11:20:58.156+0000][2057.986s][info][gc,start       ] GC(1339) Pause Young (Allocation Failure)
[2025-04-17T11:20:58.157+0000][2057.987s][info][gc,heap        ] GC(1339) DefNew: 9157K(10176K)->88K(10176K) Eden: 9088K(9088K)->0K(9088K) From: 69K(1088K)->88K(1088K)
[2025-04-17T11:20:58.157+0000][2057.987s][info][gc,heap        ] GC(1339) Tenured: 14920K(22468K)->14920K(22468K)
[2025-04-17T11:20:58.157+0000][2057.987s][info][gc,metaspace   ] GC(1339) Metaspace: 37462K(37824K)->37462K(37824K) NonClass: 33036K(33216K)->33036K(33216K) Class: 4425K(4608K)->4425K(4608K)
[2025-04-17T11:20:58.157+0000][2057.987s][info][gc             ] GC(1339) Pause Young (Allocation Failure) 23M->14M(31M) 1.340ms
[2025-04-17T11:20:58.157+0000][2057.987s][info][gc,cpu         ] GC(1339) User=0.00s Sys=0.00s Real=0.00s
[2025-04-17T11:20:59.865+0000][2059.695s][info][gc,start       ] GC(1340) Pause Young (Allocation Failure)
[2025-04-17T11:20:59.866+0000][2059.696s][info][gc,heap        ] GC(1340) DefNew: 9176K(10176K)->84K(10176K) Eden: 9088K(9088K)->0K(9088K) From: 88K(1088K)->84K(1088K)
[2025-04-17T11:20:59.866+0000][2059.696s][info][gc,heap        ] GC(1340) Tenured: 14920K(22468K)->14920K(22468K)
[2025-04-17T11:20:59.866+0000][2059.696s][info][gc,metaspace   ] GC(1340) Metaspace: 37462K(37824K)->37462K(37824K) NonClass: 33036K(33216K)->33036K(33216K) Class: 4425K(4608K)->4425K(4608K)
[2025-04-17T11:20:59.866+0000][2059.696s][info][gc             ] GC(1340) Pause Young (Allocation Failure) 23M->14M(31M) 1.266ms
[2025-04-17T11:20:59.866+0000][2059.696s][info][gc,cpu         ] GC(1340) User=0.00s Sys=0.00s Real=0.00s
[2025-04-17T11:21:01.326+0000][2061.156s][info][gc,start       ] GC(1341) Pause Young (Allocation Failure)
[2025-04-17T11:21:01.327+0000][2061.158s][info][gc,heap        ] GC(1341) DefNew: 9170K(10176K)->91K(10176K) Eden: 9085K(9088K)->0K(9088K) From: 84K(1088K)->91K(1088K)
[2025-04-17T11:21:01.327+0000][2061.158s][info][gc,heap        ] GC(1341) Tenured: 14920K(22468K)->14920K(22468K)
[2025-04-17T11:21:01.327+0000][2061.158s][info][gc,metaspace   ] GC(1341) Metaspace: 37462K(37824K)->37462K(37824K) NonClass: 33036K(33216K)->33036K(33216K) Class: 4425K(4608K)->4425K(4608K)
[2025-04-17T11:21:01.327+0000][2061.158s][info][gc             ] GC(1341) Pause Young (Allocation Failure) 23M->14M(31M) 1.259ms
[2025-04-17T11:21:01.327+0000][2061.158s][info][gc,cpu         ] GC(1341) User=0.00s Sys=0.00s Real=0.00s
[2025-04-17T11:21:02.734+0000][2062.564s][info][gc,start       ] GC(1342) Pause Young (Allocation Failure)
[2025-04-17T11:21:02.735+0000][2062.565s][info][gc,heap        ] GC(1342) DefNew: 9179K(10176K)->72K(10176K) Eden: 9088K(9088K)->0K(9088K) From: 91K(1088K)->72K(1088K)
[2025-04-17T11:21:02.735+0000][2062.566s][info][gc,heap        ] GC(1342) Tenured: 14920K(22468K)->14920K(22468K)
[2025-04-17T11:21:02.735+0000][2062.566s][info][gc,metaspace   ] GC(1342) Metaspace: 37462K(37824K)->37462K(37824K) NonClass: 33036K(33216K)->33036K(33216K) Class: 4425K(4608K)->4425K(4608K)
[2025-04-17T11:21:02.735+0000][2062.566s][info][gc             ] GC(1342) Pause Young (Allocation Failure) 23M->14M(31M) 1.277ms
[2025-04-17T11:21:02.735+0000][2062.566s][info][gc,cpu         ] GC(1342) User=0.01s Sys=0.00s Real=0.00s
[2025-04-17T11:21:04.375+0000][2064.206s][info][gc,start       ] GC(1343) Pause Young (Allocation Failure)
[2025-04-17T11:21:04.377+0000][2064.207s][info][gc,heap        ] GC(1343) DefNew: 9160K(10176K)->88K(10176K) Eden: 9088K(9088K)->0K(9088K) From: 72K(1088K)->88K(1088K)
[2025-04-17T11:21:04.377+0000][2064.207s][info][gc,heap        ] GC(1343) Tenured: 14920K(22468K)->14920K(22468K)
[2025-04-17T11:21:04.377+0000][2064.207s][info][gc,metaspace   ] GC(1343) Metaspace: 37462K(37824K)->37462K(37824K) NonClass: 33036K(33216K)->33036K(33216K) Class: 4425K(4608K)->4425K(4608K)
[2025-04-17T11:21:04.377+0000][2064.207s][info][gc             ] GC(1343) Pause Young (Allocation Failure) 23M->14M(31M) 1.237ms
[2025-04-17T11:21:04.377+0000][2064.207s][info][gc,cpu         ] GC(1343) User=0.00s Sys=0.00s Real=0.00s
[2025-04-17T11:21:05.863+0000][2065.693s][info][gc,start       ] GC(1344) Pause Young (Allocation Failure)
[2025-04-17T11:21:05.864+0000][2065.694s][info][gc,heap        ] GC(1344) DefNew: 9176K(10176K)->71K(10176K) Eden: 9088K(9088K)->0K(9088K) From: 88K(1088K)->71K(1088K)
[2025-04-17T11:21:05.864+0000][2065.695s][info][gc,heap        ] GC(1344) Tenured: 14920K(22468K)->14920K(22468K)
[2025-04-17T11:21:05.864+0000][2065.695s][info][gc,metaspace   ] GC(1344) Metaspace: 37462K(37824K)->37462K(37824K) NonClass: 33036K(33216K)->33036K(33216K) Class: 4425K(4608K)->4425K(4608K)
[2025-04-17T11:21:05.864+0000][2065.695s][info][gc             ] GC(1344) Pause Young (Allocation Failure) 23M->14M(31M) 1.233ms
[2025-04-17T11:21:05.864+0000][2065.695s][info][gc,cpu         ] GC(1344) User=0.00s Sys=0.00s Real=0.01s
[2025-04-17T11:21:07.423+0000][2067.253s][info][gc,start       ] GC(1345) Pause Young (Allocation Failure)
[2025-04-17T11:21:07.424+0000][2067.254s][info][gc,heap        ] GC(1345) DefNew: 9159K(10176K)->91K(10176K) Eden: 9088K(9088K)->0K(9088K) From: 71K(1088K)->91K(1088K)
[2025-04-17T11:21:07.424+0000][2067.254s][info][gc,heap        ] GC(1345) Tenured: 14920K(22468K)->14920K(22468K)
[2025-04-17T11:21:07.424+0000][2067.254s][info][gc,metaspace   ] GC(1345) Metaspace: 37462K(37824K)->37462K(37824K) NonClass: 33036K(33216K)->33036K(33216K) Class: 4425K(4608K)->4425K(4608K)
[2025-04-17T11:21:07.424+0000][2067.254s][info][gc             ] GC(1345) Pause Young (Allocation Failure) 23M->14M(31M) 1.145ms
[2025-04-17T11:21:07.424+0000][2067.254s][info][gc,cpu         ] GC(1345) User=0.00s Sys=0.00s Real=0.00s
[2025-04-17T11:21:08.864+0000][2068.694s][info][gc,start       ] GC(1346) Pause Young (Allocation Failure)
[2025-04-17T11:21:08.865+0000][2068.695s][info][gc,heap        ] GC(1346) DefNew: 9179K(10176K)->72K(10176K) Eden: 9088K(9088K)->0K(9088K) From: 91K(1088K)->72K(1088K)
[2025-04-17T11:21:08.865+0000][2068.695s][info][gc,heap        ] GC(1346) Tenured: 14920K(22468K)->14920K(22468K)
[2025-04-17T11:21:08.865+0000][2068.695s][info][gc,metaspace   ] GC(1346) Metaspace: 37462K(37824K)->37462K(37824K) NonClass: 33036K(33216K)->33036K(33216K) Class: 4425K(4608K)->4425K(4608K)
[2025-04-17T11:21:08.865+0000][2068.695s][info][gc             ] GC(1346) Pause Young (Allocation Failure) 23M->14M(31M) 1.274ms
[2025-04-17T11:21:08.865+0000][2068.695s][info][gc,cpu         ] GC(1346) User=0.00s Sys=0.00s Real=0.01s
[2025-04-17T11:21:10.494+0000][2070.324s][info][gc,start       ] GC(1347) Pause Young (Allocation Failure)
[2025-04-17T11:21:10.495+0000][2070.326s][info][gc,heap        ] GC(1347) DefNew: 9160K(10176K)->89K(10176K) Eden: 9088K(9088K)->0K(9088K) From: 72K(1088K)->89K(1088K)
[2025-04-17T11:21:10.495+0000][2070.326s][info][gc,heap        ] GC(1347) Tenured: 14920K(22468K)->14920K(22468K)
[2025-04-17T11:21:10.495+0000][2070.326s][info][gc,metaspace   ] GC(1347) Metaspace: 37462K(37824K)->37462K(37824K) NonClass: 33036K(33216K)->33036K(33216K) Class: 4425K(4608K)->4425K(4608K)
[2025-04-17T11:21:10.495+0000][2070.326s][info][gc             ] GC(1347) Pause Young (Allocation Failure) 23M->14M(31M) 1.238ms
[2025-04-17T11:21:10.495+0000][2070.326s][info][gc,cpu         ] GC(1347) User=0.00s Sys=0.00s Real=0.00s
[2025-04-17T11:21:12.263+0000][2072.093s][info][gc,start       ] GC(1348) Pause Young (Allocation Failure)
[2025-04-17T11:21:12.264+0000][2072.094s][info][gc,heap        ] GC(1348) DefNew: 9177K(10176K)->71K(10176K) Eden: 9088K(9088K)->0K(9088K) From: 89K(1088K)->71K(1088K)
[2025-04-17T11:21:12.264+0000][2072.094s][info][gc,heap        ] GC(1348) Tenured: 14920K(22468K)->14920K(22468K)
[2025-04-17T11:21:12.264+0000][2072.094s][info][gc,metaspace   ] GC(1348) Metaspace: 37462K(37824K)->37462K(37824K) NonClass: 33036K(33216K)->33036K(33216K) Class: 4425K(4608K)->4425K(4608K)
[2025-04-17T11:21:12.264+0000][2072.094s][info][gc             ] GC(1348) Pause Young (Allocation Failure) 23M->14M(31M) 1.254ms
[2025-04-17T11:21:12.264+0000][2072.094s][info][gc,cpu         ] GC(1348) User=0.00s Sys=0.00s Real=0.01s
[2025-04-17T11:21:13.759+0000][2073.589s][info][gc,start       ] GC(1349) Pause Young (Allocation Failure)
[2025-04-17T11:21:13.761+0000][2073.591s][info][gc,heap        ] GC(1349) DefNew: 9159K(10176K)->73K(10176K) Eden: 9088K(9088K)->0K(9088K) From: 71K(1088K)->73K(1088K)
[2025-04-17T11:21:13.761+0000][2073.591s][info][gc,heap        ] GC(1349) Tenured: 14920K(22468K)->14920K(22468K)
[2025-04-17T11:21:13.761+0000][2073.591s][info][gc,metaspace   ] GC(1349) Metaspace: 37462K(37824K)->37462K(37824K) NonClass: 33036K(33216K)->33036K(33216K) Class: 4425K(4608K)->4425K(4608K)
[2025-04-17T11:21:13.761+0000][2073.591s][info][gc             ] GC(1349) Pause Young (Allocation Failure) 23M->14M(31M) 1.319ms
[2025-04-17T11:21:13.761+0000][2073.591s][info][gc,cpu         ] GC(1349) User=0.00s Sys=0.00s Real=0.00s
[2025-04-17T11:21:15.256+0000][2075.086s][info][gc,start       ] GC(1350) Pause Young (Allocation Failure)
[2025-04-17T11:21:15.257+0000][2075.087s][info][gc,heap        ] GC(1350) DefNew: 9161K(10176K)->72K(10176K) Eden: 9088K(9088K)->0K(9088K) From: 73K(1088K)->72K(1088K)
[2025-04-17T11:21:15.257+0000][2075.087s][info][gc,heap        ] GC(1350) Tenured: 14920K(22468K)->14920K(22468K)
[2025-04-17T11:21:15.257+0000][2075.087s][info][gc,metaspace   ] GC(1350) Metaspace: 37462K(37824K)->37462K(37824K) NonClass: 33036K(33216K)->33036K(33216K) Class: 4425K(4608K)->4425K(4608K)
[2025-04-17T11:21:15.257+0000][2075.087s][info][gc             ] GC(1350) Pause Young (Allocation Failure) 23M->14M(31M) 1.320ms
[2025-04-17T11:21:15.257+0000][2075.087s][info][gc,cpu         ] GC(1350) User=0.00s Sys=0.00s Real=0.00s
[2025-04-17T11:21:16.899+0000][2076.730s][info][gc,start       ] GC(1351) Pause Young (Allocation Failure)
[2025-04-17T11:21:16.901+0000][2076.731s][info][gc,heap        ] GC(1351) DefNew: 9160K(10176K)->89K(10176K) Eden: 9088K(9088K)->0K(9088K) From: 72K(1088K)->89K(1088K)
[2025-04-17T11:21:16.901+0000][2076.731s][info][gc,heap        ] GC(1351) Tenured: 14920K(22468K)->14920K(22468K)
[2025-04-17T11:21:16.901+0000][2076.731s][info][gc,metaspace   ] GC(1351) Metaspace: 37462K(37824K)->37462K(37824K) NonClass: 33036K(33216K)->33036K(33216K) Class: 4425K(4608K)->4425K(4608K)
[2025-04-17T11:21:16.901+0000][2076.731s][info][gc             ] GC(1351) Pause Young (Allocation Failure) 23M->14M(31M) 1.239ms
[2025-04-17T11:21:16.901+0000][2076.731s][info][gc,cpu         ] GC(1351) User=0.00s Sys=0.00s Real=0.00s
[2025-04-17T11:21:18.319+0000][2078.149s][info][gc,start       ] GC(1352) Pause Young (Allocation Failure)
[2025-04-17T11:21:18.320+0000][2078.150s][info][gc,heap        ] GC(1352) DefNew: 9177K(10176K)->75K(10176K) Eden: 9088K(9088K)->0K(9088K) From: 89K(1088K)->75K(1088K)
[2025-04-17T11:21:18.320+0000][2078.150s][info][gc,heap        ] GC(1352) Tenured: 14920K(22468K)->14920K(22468K)
[2025-04-17T11:21:18.320+0000][2078.150s][info][gc,metaspace   ] GC(1352) Metaspace: 37462K(37824K)->37462K(37824K) NonClass: 33036K(33216K)->33036K(33216K) Class: 4425K(4608K)->4425K(4608K)
[2025-04-17T11:21:18.320+0000][2078.150s][info][gc             ] GC(1352) Pause Young (Allocation Failure) 23M->14M(31M) 1.247ms
[2025-04-17T11:21:18.320+0000][2078.150s][info][gc,cpu         ] GC(1352) User=0.00s Sys=0.00s Real=0.00s
[2025-04-17T11:21:20.228+0000][2080.058s][info][gc,start       ] GC(1353) Pause Young (Allocation Failure)
[2025-04-17T11:21:20.230+0000][2080.060s][info][gc,heap        ] GC(1353) DefNew: 9163K(10176K)->75K(10176K) Eden: 9088K(9088K)->0K(9088K) From: 75K(1088K)->75K(1088K)
[2025-04-17T11:21:20.230+0000][2080.060s][info][gc,heap        ] GC(1353) Tenured: 14920K(22468K)->14920K(22468K)
[2025-04-17T11:21:20.230+0000][2080.060s][info][gc,metaspace   ] GC(1353) Metaspace: 37462K(37824K)->37462K(37824K) NonClass: 33036K(33216K)->33036K(33216K) Class: 4425K(4608K)->4425K(4608K)
[2025-04-17T11:21:20.230+0000][2080.060s][info][gc             ] GC(1353) Pause Young (Allocation Failure) 23M->14M(31M) 1.236ms
[2025-04-17T11:21:20.230+0000][2080.060s][info][gc,cpu         ] GC(1353) User=0.00s Sys=0.00s Real=0.00s
[2025-04-17T11:21:21.770+0000][2081.600s][info][gc,start       ] GC(1354) Pause Young (Allocation Failure)
[2025-04-17T11:21:21.771+0000][2081.601s][info][gc,heap        ] GC(1354) DefNew: 9163K(10176K)->72K(10176K) Eden: 9088K(9088K)->0K(9088K) From: 75K(1088K)->72K(1088K)
[2025-04-17T11:21:21.771+0000][2081.601s][info][gc,heap        ] GC(1354) Tenured: 14920K(22468K)->14920K(22468K)
[2025-04-17T11:21:21.771+0000][2081.601s][info][gc,metaspace   ] GC(1354) Metaspace: 37462K(37824K)->37462K(37824K) NonClass: 33036K(33216K)->33036K(33216K) Class: 4425K(4608K)->4425K(4608K)
[2025-04-17T11:21:21.771+0000][2081.601s][info][gc             ] GC(1354) Pause Young (Allocation Failure) 23M->14M(31M) 1.262ms
[2025-04-17T11:21:21.771+0000][2081.601s][info][gc,cpu         ] GC(1354) User=0.00s Sys=0.00s Real=0.00s
[2025-04-17T11:21:23.415+0000][2083.246s][info][gc,start       ] GC(1355) Pause Young (Allocation Failure)
[2025-04-17T11:21:23.417+0000][2083.247s][info][gc,heap        ] GC(1355) DefNew: 9160K(10176K)->90K(10176K) Eden: 9088K(9088K)->0K(9088K) From: 72K(1088K)->90K(1088K)
[2025-04-17T11:21:23.417+0000][2083.247s][info][gc,heap        ] GC(1355) Tenured: 14920K(22468K)->14920K(22468K)
[2025-04-17T11:21:23.417+0000][2083.247s][info][gc,metaspace   ] GC(1355) Metaspace: 37462K(37824K)->37462K(37824K) NonClass: 33036K(33216K)->33036K(33216K) Class: 4425K(4608K)->4425K(4608K)
[2025-04-17T11:21:23.417+0000][2083.247s][info][gc             ] GC(1355) Pause Young (Allocation Failure) 23M->14M(31M) 1.256ms
[2025-04-17T11:21:23.417+0000][2083.247s][info][gc,cpu         ] GC(1355) User=0.01s Sys=0.00s Real=0.00s
[2025-04-17T11:21:24.988+0000][2084.818s][info][gc,start       ] GC(1356) Pause Young (Allocation Failure)
[2025-04-17T11:21:24.989+0000][2084.819s][info][gc,heap        ] GC(1356) DefNew: 9178K(10176K)->73K(10176K) Eden: 9088K(9088K)->0K(9088K) From: 90K(1088K)->73K(1088K)
[2025-04-17T11:21:24.989+0000][2084.819s][info][gc,heap        ] GC(1356) Tenured: 14920K(22468K)->14920K(22468K)
[2025-04-17T11:21:24.989+0000][2084.819s][info][gc,metaspace   ] GC(1356) Metaspace: 37462K(37824K)->37462K(37824K) NonClass: 33036K(33216K)->33036K(33216K) Class: 4425K(4608K)->4425K(4608K)
[2025-04-17T11:21:24.989+0000][2084.819s][info][gc             ] GC(1356) Pause Young (Allocation Failure) 23M->14M(31M) 1.183ms
[2025-04-17T11:21:24.989+0000][2084.820s][info][gc,cpu         ] GC(1356) User=0.00s Sys=0.00s Real=0.00s
[2025-04-17T11:21:26.518+0000][2086.348s][info][gc,start       ] GC(1357) Pause Young (Allocation Failure)
[2025-04-17T11:21:26.519+0000][2086.349s][info][gc,heap        ] GC(1357) DefNew: 9159K(10176K)->93K(10176K) Eden: 9085K(9088K)->0K(9088K) From: 73K(1088K)->93K(1088K)
[2025-04-17T11:21:26.519+0000][2086.349s][info][gc,heap        ] GC(1357) Tenured: 14920K(22468K)->14920K(22468K)
[2025-04-17T11:21:26.519+0000][2086.349s][info][gc,metaspace   ] GC(1357) Metaspace: 37462K(37824K)->37462K(37824K) NonClass: 33036K(33216K)->33036K(33216K) Class: 4425K(4608K)->4425K(4608K)
[2025-04-17T11:21:26.519+0000][2086.349s][info][gc             ] GC(1357) Pause Young (Allocation Failure) 23M->14M(31M) 1.173ms
[2025-04-17T11:21:26.519+0000][2086.349s][info][gc,cpu         ] GC(1357) User=0.00s Sys=0.00s Real=0.00s
[2025-04-17T11:21:28.218+0000][2088.048s][info][gc,start       ] GC(1358) Pause Young (Allocation Failure)
[2025-04-17T11:21:28.219+0000][2088.049s][info][gc,heap        ] GC(1358) DefNew: 9181K(10176K)->74K(10176K) Eden: 9088K(9088K)->0K(9088K) From: 93K(1088K)->74K(1088K)
[2025-04-17T11:21:28.219+0000][2088.049s][info][gc,heap        ] GC(1358) Tenured: 14920K(22468K)->14920K(22468K)
[2025-04-17T11:21:28.219+0000][2088.049s][info][gc,metaspace   ] GC(1358) Metaspace: 37462K(37824K)->37462K(37824K) NonClass: 33036K(33216K)->33036K(33216K) Class: 4425K(4608K)->4425K(4608K)
[2025-04-17T11:21:28.219+0000][2088.049s][info][gc             ] GC(1358) Pause Young (Allocation Failure) 23M->14M(31M) 1.316ms
[2025-04-17T11:21:28.219+0000][2088.049s][info][gc,cpu         ] GC(1358) User=0.00s Sys=0.00s Real=0.00s
[2025-04-17T11:21:29.530+0000][2089.360s][info][gc,start       ] GC(1359) Pause Young (Allocation Failure)
[2025-04-17T11:21:29.531+0000][2089.361s][info][gc,heap        ] GC(1359) DefNew: 9162K(10176K)->89K(10176K) Eden: 9088K(9088K)->0K(9088K) From: 74K(1088K)->89K(1088K)
[2025-04-17T11:21:29.531+0000][2089.361s][info][gc,heap        ] GC(1359) Tenured: 14920K(22468K)->14920K(22468K)
[2025-04-17T11:21:29.531+0000][2089.361s][info][gc,metaspace   ] GC(1359) Metaspace: 37462K(37824K)->37462K(37824K) NonClass: 33036K(33216K)->33036K(33216K) Class: 4425K(4608K)->4425K(4608K)
[2025-04-17T11:21:29.531+0000][2089.361s][info][gc             ] GC(1359) Pause Young (Allocation Failure) 23M->14M(31M) 1.224ms
[2025-04-17T11:21:29.531+0000][2089.361s][info][gc,cpu         ] GC(1359) User=0.00s Sys=0.00s Real=0.00s
[2025-04-17T11:21:31.480+0000][2091.310s][info][gc,start       ] GC(1360) Pause Young (Allocation Failure)
[2025-04-17T11:21:31.481+0000][2091.311s][info][gc,heap        ] GC(1360) DefNew: 9177K(10176K)->81K(10176K) Eden: 9088K(9088K)->0K(9088K) From: 89K(1088K)->81K(1088K)
[2025-04-17T11:21:31.481+0000][2091.311s][info][gc,heap        ] GC(1360) Tenured: 14920K(22468K)->14920K(22468K)
[2025-04-17T11:21:31.481+0000][2091.311s][info][gc,metaspace   ] GC(1360) Metaspace: 37462K(37824K)->37462K(37824K) NonClass: 33036K(33216K)->33036K(33216K) Class: 4425K(4608K)->4425K(4608K)
[2025-04-17T11:21:31.481+0000][2091.311s][info][gc             ] GC(1360) Pause Young (Allocation Failure) 23M->14M(31M) 1.259ms
[2025-04-17T11:21:31.481+0000][2091.311s][info][gc,cpu         ] GC(1360) User=0.00s Sys=0.00s Real=0.00s
[2025-04-17T11:21:32.871+0000][2092.701s][info][gc,start       ] GC(1361) Pause Young (Allocation Failure)
[2025-04-17T11:21:32.872+0000][2092.702s][info][gc,heap        ] GC(1361) DefNew: 9169K(10176K)->106K(10176K) Eden: 9087K(9088K)->0K(9088K) From: 81K(1088K)->106K(1088K)
[2025-04-17T11:21:32.872+0000][2092.702s][info][gc,heap        ] GC(1361) Tenured: 14920K(22468K)->14920K(22468K)
[2025-04-17T11:21:32.872+0000][2092.702s][info][gc,metaspace   ] GC(1361) Metaspace: 37462K(37824K)->37462K(37824K) NonClass: 33036K(33216K)->33036K(33216K) Class: 4425K(4608K)->4425K(4608K)
[2025-04-17T11:21:32.872+0000][2092.702s][info][gc             ] GC(1361) Pause Young (Allocation Failure) 23M->14M(31M) 1.307ms
[2025-04-17T11:21:32.872+0000][2092.702s][info][gc,cpu         ] GC(1361) User=0.00s Sys=0.00s Real=0.00s
[2025-04-17T11:21:34.252+0000][2094.082s][info][gc,start       ] GC(1362) Pause Young (Allocation Failure)
[2025-04-17T11:21:34.253+0000][2094.084s][info][gc,heap        ] GC(1362) DefNew: 9194K(10176K)->77K(10176K) Eden: 9088K(9088K)->0K(9088K) From: 106K(1088K)->77K(1088K)
[2025-04-17T11:21:34.253+0000][2094.084s][info][gc,heap        ] GC(1362) Tenured: 14920K(22468K)->14920K(22468K)
[2025-04-17T11:21:34.253+0000][2094.084s][info][gc,metaspace   ] GC(1362) Metaspace: 37462K(37824K)->37462K(37824K) NonClass: 33036K(33216K)->33036K(33216K) Class: 4425K(4608K)->4425K(4608K)
[2025-04-17T11:21:34.253+0000][2094.084s][info][gc             ] GC(1362) Pause Young (Allocation Failure) 23M->14M(31M) 1.287ms
[2025-04-17T11:21:34.253+0000][2094.084s][info][gc,cpu         ] GC(1362) User=0.00s Sys=0.00s Real=0.00s
[2025-04-17T11:21:35.779+0000][2095.609s][info][gc,start       ] GC(1363) Pause Young (Allocation Failure)
[2025-04-17T11:21:35.780+0000][2095.610s][info][gc,heap        ] GC(1363) DefNew: 9165K(10176K)->94K(10176K) Eden: 9088K(9088K)->0K(9088K) From: 77K(1088K)->94K(1088K)
[2025-04-17T11:21:35.780+0000][2095.610s][info][gc,heap        ] GC(1363) Tenured: 14920K(22468K)->14920K(22468K)
[2025-04-17T11:21:35.780+0000][2095.610s][info][gc,metaspace   ] GC(1363) Metaspace: 37462K(37824K)->37462K(37824K) NonClass: 33036K(33216K)->33036K(33216K) Class: 4425K(4608K)->4425K(4608K)
[2025-04-17T11:21:35.780+0000][2095.610s][info][gc             ] GC(1363) Pause Young (Allocation Failure) 23M->14M(31M) 1.374ms
[2025-04-17T11:21:35.780+0000][2095.610s][info][gc,cpu         ] GC(1363) User=0.00s Sys=0.00s Real=0.00s
[2025-04-17T11:21:37.358+0000][2097.188s][info][gc,start       ] GC(1364) Pause Young (Allocation Failure)
[2025-04-17T11:21:37.359+0000][2097.189s][info][gc,heap        ] GC(1364) DefNew: 9182K(10176K)->75K(10176K) Eden: 9088K(9088K)->0K(9088K) From: 94K(1088K)->75K(1088K)
[2025-04-17T11:21:37.359+0000][2097.189s][info][gc,heap        ] GC(1364) Tenured: 14920K(22468K)->14922K(22468K)
[2025-04-17T11:21:37.359+0000][2097.189s][info][gc,metaspace   ] GC(1364) Metaspace: 37462K(37824K)->37462K(37824K) NonClass: 33036K(33216K)->33036K(33216K) Class: 4425K(4608K)->4425K(4608K)
[2025-04-17T11:21:37.359+0000][2097.189s][info][gc             ] GC(1364) Pause Young (Allocation Failure) 23M->14M(31M) 1.192ms
[2025-04-17T11:21:37.359+0000][2097.189s][info][gc,cpu         ] GC(1364) User=0.00s Sys=0.00s Real=0.00s
[2025-04-17T11:21:38.848+0000][2098.678s][info][gc,start       ] GC(1365) Pause Young (Allocation Failure)
[2025-04-17T11:21:38.849+0000][2098.679s][info][gc,heap        ] GC(1365) DefNew: 9163K(10176K)->77K(10176K) Eden: 9087K(9088K)->0K(9088K) From: 75K(1088K)->77K(1088K)
[2025-04-17T11:21:38.849+0000][2098.679s][info][gc,heap        ] GC(1365) Tenured: 14922K(22468K)->14922K(22468K)
[2025-04-17T11:21:38.849+0000][2098.679s][info][gc,metaspace   ] GC(1365) Metaspace: 37462K(37824K)->37462K(37824K) NonClass: 33036K(33216K)->33036K(33216K) Class: 4425K(4608K)->4425K(4608K)
[2025-04-17T11:21:38.849+0000][2098.680s][info][gc             ] GC(1365) Pause Young (Allocation Failure) 23M->14M(31M) 1.278ms
[2025-04-17T11:21:38.849+0000][2098.680s][info][gc,cpu         ] GC(1365) User=0.00s Sys=0.00s Real=0.00s
[2025-04-17T11:21:40.419+0000][2100.249s][info][gc,start       ] GC(1366) Pause Young (Allocation Failure)
[2025-04-17T11:21:40.420+0000][2100.250s][info][gc,heap        ] GC(1366) DefNew: 9165K(10176K)->100K(10176K) Eden: 9088K(9088K)->0K(9088K) From: 77K(1088K)->100K(1088K)
[2025-04-17T11:21:40.420+0000][2100.250s][info][gc,heap        ] GC(1366) Tenured: 14922K(22468K)->14923K(22468K)
[2025-04-17T11:21:40.420+0000][2100.250s][info][gc,metaspace   ] GC(1366) Metaspace: 37462K(37824K)->37462K(37824K) NonClass: 33036K(33216K)->33036K(33216K) Class: 4425K(4608K)->4425K(4608K)
[2025-04-17T11:21:40.420+0000][2100.250s][info][gc             ] GC(1366) Pause Young (Allocation Failure) 23M->14M(31M) 1.342ms
[2025-04-17T11:21:40.420+0000][2100.250s][info][gc,cpu         ] GC(1366) User=0.00s Sys=0.00s Real=0.00s
[2025-04-17T11:21:41.941+0000][2101.771s][info][gc,start       ] GC(1367) Pause Young (Allocation Failure)
[2025-04-17T11:21:41.942+0000][2101.772s][info][gc,heap        ] GC(1367) DefNew: 9188K(10176K)->94K(10176K) Eden: 9088K(9088K)->0K(9088K) From: 100K(1088K)->94K(1088K)
[2025-04-17T11:21:41.942+0000][2101.772s][info][gc,heap        ] GC(1367) Tenured: 14923K(22468K)->14923K(22468K)
[2025-04-17T11:21:41.942+0000][2101.772s][info][gc,metaspace   ] GC(1367) Metaspace: 37462K(37824K)->37462K(37824K) NonClass: 33036K(33216K)->33036K(33216K) Class: 4425K(4608K)->4425K(4608K)
[2025-04-17T11:21:41.942+0000][2101.772s][info][gc             ] GC(1367) Pause Young (Allocation Failure) 23M->14M(31M) 1.246ms
[2025-04-17T11:21:41.942+0000][2101.772s][info][gc,cpu         ] GC(1367) User=0.01s Sys=0.00s Real=0.00s
[2025-04-17T11:21:43.653+0000][2103.483s][info][gc,start       ] GC(1368) Pause Young (Allocation Failure)
[2025-04-17T11:21:43.654+0000][2103.484s][info][gc,heap        ] GC(1368) DefNew: 9182K(10176K)->78K(10176K) Eden: 9088K(9088K)->0K(9088K) From: 94K(1088K)->78K(1088K)
[2025-04-17T11:21:43.654+0000][2103.484s][info][gc,heap        ] GC(1368) Tenured: 14923K(22468K)->14923K(22468K)
[2025-04-17T11:21:43.654+0000][2103.484s][info][gc,metaspace   ] GC(1368) Metaspace: 37462K(37824K)->37462K(37824K) NonClass: 33036K(33216K)->33036K(33216K) Class: 4425K(4608K)->4425K(4608K)
[2025-04-17T11:21:43.654+0000][2103.484s][info][gc             ] GC(1368) Pause Young (Allocation Failure) 23M->14M(31M) 1.196ms
[2025-04-17T11:21:43.654+0000][2103.485s][info][gc,cpu         ] GC(1368) User=0.00s Sys=0.00s Real=0.01s
[2025-04-17T11:21:45.239+0000][2105.069s][info][gc,start       ] GC(1369) Pause Young (Allocation Failure)
[2025-04-17T11:21:45.240+0000][2105.070s][info][gc,heap        ] GC(1369) DefNew: 9163K(10176K)->81K(10176K) Eden: 9085K(9088K)->0K(9088K) From: 78K(1088K)->81K(1088K)
[2025-04-17T11:21:45.240+0000][2105.070s][info][gc,heap        ] GC(1369) Tenured: 14923K(22468K)->14923K(22468K)
[2025-04-17T11:21:45.240+0000][2105.070s][info][gc,metaspace   ] GC(1369) Metaspace: 37463K(37824K)->37463K(37824K) NonClass: 33037K(33216K)->33037K(33216K) Class: 4425K(4608K)->4425K(4608K)
[2025-04-17T11:21:45.240+0000][2105.070s][info][gc             ] GC(1369) Pause Young (Allocation Failure) 23M->14M(31M) 1.285ms
[2025-04-17T11:21:45.240+0000][2105.070s][info][gc,cpu         ] GC(1369) User=0.00s Sys=0.00s Real=0.00s
[2025-04-17T11:21:46.792+0000][2106.622s][info][gc,start       ] GC(1370) Pause Young (Allocation Failure)
[2025-04-17T11:21:46.793+0000][2106.623s][info][gc,heap        ] GC(1370) DefNew: 9169K(10176K)->78K(10176K) Eden: 9088K(9088K)->0K(9088K) From: 81K(1088K)->78K(1088K)
[2025-04-17T11:21:46.793+0000][2106.623s][info][gc,heap        ] GC(1370) Tenured: 14923K(22468K)->14923K(22468K)
[2025-04-17T11:21:46.793+0000][2106.623s][info][gc,metaspace   ] GC(1370) Metaspace: 37463K(37824K)->37463K(37824K) NonClass: 33037K(33216K)->33037K(33216K) Class: 4425K(4608K)->4425K(4608K)
[2025-04-17T11:21:46.793+0000][2106.623s][info][gc             ] GC(1370) Pause Young (Allocation Failure) 23M->14M(31M) 1.365ms
[2025-04-17T11:21:46.793+0000][2106.623s][info][gc,cpu         ] GC(1370) User=0.00s Sys=0.00s Real=0.00s
[2025-04-17T11:21:48.305+0000][2108.136s][info][gc,start       ] GC(1371) Pause Young (Allocation Failure)
[2025-04-17T11:21:48.307+0000][2108.137s][info][gc,heap        ] GC(1371) DefNew: 9166K(10176K)->77K(10176K) Eden: 9088K(9088K)->0K(9088K) From: 78K(1088K)->77K(1088K)
[2025-04-17T11:21:48.307+0000][2108.137s][info][gc,heap        ] GC(1371) Tenured: 14923K(22468K)->14923K(22468K)
[2025-04-17T11:21:48.307+0000][2108.137s][info][gc,metaspace   ] GC(1371) Metaspace: 37463K(37824K)->37463K(37824K) NonClass: 33037K(33216K)->33037K(33216K) Class: 4425K(4608K)->4425K(4608K)
[2025-04-17T11:21:48.307+0000][2108.137s][info][gc             ] GC(1371) Pause Young (Allocation Failure) 23M->14M(31M) 1.220ms
[2025-04-17T11:21:48.307+0000][2108.137s][info][gc,cpu         ] GC(1371) User=0.00s Sys=0.00s Real=0.00s
[2025-04-17T11:21:50.056+0000][2109.886s][info][gc,start       ] GC(1372) Pause Young (Allocation Failure)
[2025-04-17T11:21:50.057+0000][2109.887s][info][gc,heap        ] GC(1372) DefNew: 9165K(10176K)->87K(10176K) Eden: 9088K(9088K)->0K(9088K) From: 77K(1088K)->87K(1088K)
[2025-04-17T11:21:50.057+0000][2109.887s][info][gc,heap        ] GC(1372) Tenured: 14923K(22468K)->14923K(22468K)
[2025-04-17T11:21:50.057+0000][2109.887s][info][gc,metaspace   ] GC(1372) Metaspace: 37463K(37824K)->37463K(37824K) NonClass: 33037K(33216K)->33037K(33216K) Class: 4425K(4608K)->4425K(4608K)
[2025-04-17T11:21:50.057+0000][2109.887s][info][gc             ] GC(1372) Pause Young (Allocation Failure) 23M->14M(31M) 1.186ms
[2025-04-17T11:21:50.057+0000][2109.887s][info][gc,cpu         ] GC(1372) User=0.00s Sys=0.00s Real=0.00s
[2025-04-17T11:21:51.276+0000][2111.106s][info][gc,start       ] GC(1373) Pause Young (Allocation Failure)
[2025-04-17T11:21:51.277+0000][2111.107s][info][gc,heap        ] GC(1373) DefNew: 9175K(10176K)->83K(10176K) Eden: 9088K(9088K)->0K(9088K) From: 87K(1088K)->83K(1088K)
[2025-04-17T11:21:51.277+0000][2111.107s][info][gc,heap        ] GC(1373) Tenured: 14923K(22468K)->14923K(22468K)
[2025-04-17T11:21:51.277+0000][2111.107s][info][gc,metaspace   ] GC(1373) Metaspace: 37463K(37824K)->37463K(37824K) NonClass: 33037K(33216K)->33037K(33216K) Class: 4425K(4608K)->4425K(4608K)
[2025-04-17T11:21:51.277+0000][2111.107s][info][gc             ] GC(1373) Pause Young (Allocation Failure) 23M->14M(31M) 1.349ms
[2025-04-17T11:21:51.277+0000][2111.108s][info][gc,cpu         ] GC(1373) User=0.00s Sys=0.00s Real=0.00s
[2025-04-17T11:21:52.892+0000][2112.722s][info][gc,start       ] GC(1374) Pause Young (Allocation Failure)
[2025-04-17T11:21:52.893+0000][2112.723s][info][gc,heap        ] GC(1374) DefNew: 9171K(10176K)->80K(10176K) Eden: 9088K(9088K)->0K(9088K) From: 83K(1088K)->80K(1088K)
[2025-04-17T11:21:52.893+0000][2112.723s][info][gc,heap        ] GC(1374) Tenured: 14923K(22468K)->14923K(22468K)
[2025-04-17T11:21:52.893+0000][2112.723s][info][gc,metaspace   ] GC(1374) Metaspace: 37463K(37824K)->37463K(37824K) NonClass: 33037K(33216K)->33037K(33216K) Class: 4425K(4608K)->4425K(4608K)
[2025-04-17T11:21:52.893+0000][2112.723s][info][gc             ] GC(1374) Pause Young (Allocation Failure) 23M->14M(31M) 1.345ms
[2025-04-17T11:21:52.893+0000][2112.723s][info][gc,cpu         ] GC(1374) User=0.00s Sys=0.00s Real=0.00s
[2025-04-17T11:21:54.663+0000][2114.493s][info][gc,start       ] GC(1375) Pause Young (Allocation Failure)
[2025-04-17T11:21:54.664+0000][2114.494s][info][gc,heap        ] GC(1375) DefNew: 9168K(10176K)->95K(10176K) Eden: 9088K(9088K)->0K(9088K) From: 80K(1088K)->95K(1088K)
[2025-04-17T11:21:54.664+0000][2114.494s][info][gc,heap        ] GC(1375) Tenured: 14923K(22468K)->14923K(22468K)
[2025-04-17T11:21:54.664+0000][2114.494s][info][gc,metaspace   ] GC(1375) Metaspace: 37463K(37824K)->37463K(37824K) NonClass: 33037K(33216K)->33037K(33216K) Class: 4425K(4608K)->4425K(4608K)
[2025-04-17T11:21:54.664+0000][2114.494s][info][gc             ] GC(1375) Pause Young (Allocation Failure) 23M->14M(31M) 1.165ms
[2025-04-17T11:21:54.664+0000][2114.494s][info][gc,cpu         ] GC(1375) User=0.00s Sys=0.00s Real=0.01s
[2025-04-17T11:21:56.189+0000][2116.019s][info][gc,start       ] GC(1376) Pause Young (Allocation Failure)
[2025-04-17T11:21:56.190+0000][2116.021s][info][gc,heap        ] GC(1376) DefNew: 9175K(10176K)->97K(10176K) Eden: 9079K(9088K)->0K(9088K) From: 95K(1088K)->97K(1088K)
[2025-04-17T11:21:56.190+0000][2116.021s][info][gc,heap        ] GC(1376) Tenured: 14923K(22468K)->14925K(22468K)
[2025-04-17T11:21:56.190+0000][2116.021s][info][gc,metaspace   ] GC(1376) Metaspace: 37463K(37824K)->37463K(37824K) NonClass: 33037K(33216K)->33037K(33216K) Class: 4425K(4608K)->4425K(4608K)
[2025-04-17T11:21:56.190+0000][2116.021s][info][gc             ] GC(1376) Pause Young (Allocation Failure) 23M->14M(31M) 1.265ms
[2025-04-17T11:21:56.191+0000][2116.021s][info][gc,cpu         ] GC(1376) User=0.00s Sys=0.00s Real=0.00s
[2025-04-17T11:21:57.641+0000][2117.471s][info][gc,start       ] GC(1377) Pause Young (Allocation Failure)
[2025-04-17T11:21:57.642+0000][2117.472s][info][gc,heap        ] GC(1377) DefNew: 9185K(10176K)->80K(10176K) Eden: 9088K(9088K)->0K(9088K) From: 97K(1088K)->80K(1088K)
[2025-04-17T11:21:57.642+0000][2117.472s][info][gc,heap        ] GC(1377) Tenured: 14925K(22468K)->14925K(22468K)
[2025-04-17T11:21:57.642+0000][2117.472s][info][gc,metaspace   ] GC(1377) Metaspace: 37463K(37824K)->37463K(37824K) NonClass: 33037K(33216K)->33037K(33216K) Class: 4425K(4608K)->4425K(4608K)
[2025-04-17T11:21:57.642+0000][2117.472s][info][gc             ] GC(1377) Pause Young (Allocation Failure) 23M->14M(31M) 1.278ms
[2025-04-17T11:21:57.642+0000][2117.472s][info][gc,cpu         ] GC(1377) User=0.00s Sys=0.00s Real=0.00s
[2025-04-17T11:21:59.237+0000][2119.068s][info][gc,start       ] GC(1378) Pause Young (Allocation Failure)
[2025-04-17T11:21:59.239+0000][2119.069s][info][gc,heap        ] GC(1378) DefNew: 9168K(10176K)->90K(10176K) Eden: 9088K(9088K)->0K(9088K) From: 80K(1088K)->90K(1088K)
[2025-04-17T11:21:59.239+0000][2119.069s][info][gc,heap        ] GC(1378) Tenured: 14925K(22468K)->14925K(22468K)
[2025-04-17T11:21:59.239+0000][2119.069s][info][gc,metaspace   ] GC(1378) Metaspace: 37471K(37824K)->37471K(37824K) NonClass: 33045K(33216K)->33045K(33216K) Class: 4425K(4608K)->4425K(4608K)
[2025-04-17T11:21:59.239+0000][2119.069s][info][gc             ] GC(1378) Pause Young (Allocation Failure) 23M->14M(31M) 1.348ms
[2025-04-17T11:21:59.239+0000][2119.069s][info][gc,cpu         ] GC(1378) User=0.00s Sys=0.00s Real=0.00s
[2025-04-17T11:22:00.699+0000][2120.529s][info][gc,start       ] GC(1379) Pause Young (Allocation Failure)
[2025-04-17T11:22:00.700+0000][2120.531s][info][gc,heap        ] GC(1379) DefNew: 9178K(10176K)->96K(10176K) Eden: 9087K(9088K)->0K(9088K) From: 90K(1088K)->96K(1088K)
[2025-04-17T11:22:00.700+0000][2120.531s][info][gc,heap        ] GC(1379) Tenured: 14925K(22468K)->14925K(22468K)
[2025-04-17T11:22:00.700+0000][2120.531s][info][gc,metaspace   ] GC(1379) Metaspace: 37471K(37824K)->37471K(37824K) NonClass: 33045K(33216K)->33045K(33216K) Class: 4425K(4608K)->4425K(4608K)
[2025-04-17T11:22:00.700+0000][2120.531s][info][gc             ] GC(1379) Pause Young (Allocation Failure) 23M->14M(31M) 1.281ms
[2025-04-17T11:22:00.701+0000][2120.531s][info][gc,cpu         ] GC(1379) User=0.00s Sys=0.00s Real=0.00s
[2025-04-17T11:22:02.277+0000][2122.108s][info][gc,start       ] GC(1380) Pause Young (Allocation Failure)
[2025-04-17T11:22:02.279+0000][2122.109s][info][gc,heap        ] GC(1380) DefNew: 9184K(10176K)->80K(10176K) Eden: 9088K(9088K)->0K(9088K) From: 96K(1088K)->80K(1088K)
[2025-04-17T11:22:02.279+0000][2122.109s][info][gc,heap        ] GC(1380) Tenured: 14925K(22468K)->14927K(22468K)
[2025-04-17T11:22:02.279+0000][2122.109s][info][gc,metaspace   ] GC(1380) Metaspace: 37471K(37824K)->37471K(37824K) NonClass: 33045K(33216K)->33045K(33216K) Class: 4425K(4608K)->4425K(4608K)
[2025-04-17T11:22:02.279+0000][2122.109s][info][gc             ] GC(1380) Pause Young (Allocation Failure) 23M->14M(31M) 1.286ms
[2025-04-17T11:22:02.279+0000][2122.109s][info][gc,cpu         ] GC(1380) User=0.00s Sys=0.00s Real=0.00s
[2025-04-17T11:22:03.916+0000][2123.746s][info][gc,start       ] GC(1381) Pause Young (Allocation Failure)
[2025-04-17T11:22:03.917+0000][2123.747s][info][gc,heap        ] GC(1381) DefNew: 9168K(10176K)->81K(10176K) Eden: 9088K(9088K)->0K(9088K) From: 80K(1088K)->81K(1088K)
[2025-04-17T11:22:03.917+0000][2123.747s][info][gc,heap        ] GC(1381) Tenured: 14927K(22468K)->14928K(22468K)
[2025-04-17T11:22:03.917+0000][2123.747s][info][gc,metaspace   ] GC(1381) Metaspace: 37471K(37824K)->37471K(37824K) NonClass: 33045K(33216K)->33045K(33216K) Class: 4425K(4608K)->4425K(4608K)
[2025-04-17T11:22:03.917+0000][2123.747s][info][gc             ] GC(1381) Pause Young (Allocation Failure) 23M->14M(31M) 1.279ms
[2025-04-17T11:22:03.917+0000][2123.747s][info][gc,cpu         ] GC(1381) User=0.00s Sys=0.00s Real=0.00s
[2025-04-17T11:22:05.583+0000][2125.413s][info][gc,start       ] GC(1382) Pause Young (Allocation Failure)
[2025-04-17T11:22:05.585+0000][2125.415s][info][gc,heap        ] GC(1382) DefNew: 9169K(10176K)->79K(10176K) Eden: 9088K(9088K)->0K(9088K) From: 81K(1088K)->79K(1088K)
[2025-04-17T11:22:05.585+0000][2125.415s][info][gc,heap        ] GC(1382) Tenured: 14928K(22468K)->14928K(22468K)
[2025-04-17T11:22:05.585+0000][2125.415s][info][gc,metaspace   ] GC(1382) Metaspace: 37471K(37824K)->37471K(37824K) NonClass: 33045K(33216K)->33045K(33216K) Class: 4425K(4608K)->4425K(4608K)
[2025-04-17T11:22:05.585+0000][2125.415s][info][gc             ] GC(1382) Pause Young (Allocation Failure) 23M->14M(31M) 1.297ms
[2025-04-17T11:22:05.585+0000][2125.415s][info][gc,cpu         ] GC(1382) User=0.00s Sys=0.00s Real=0.01s
[2025-04-17T11:22:07.294+0000][2127.124s][info][gc,start       ] GC(1383) Pause Young (Allocation Failure)
[2025-04-17T11:22:07.295+0000][2127.125s][info][gc,heap        ] GC(1383) DefNew: 9167K(10176K)->97K(10176K) Eden: 9088K(9088K)->0K(9088K) From: 79K(1088K)->97K(1088K)
[2025-04-17T11:22:07.295+0000][2127.125s][info][gc,heap        ] GC(1383) Tenured: 14928K(22468K)->14928K(22468K)
[2025-04-17T11:22:07.295+0000][2127.125s][info][gc,metaspace   ] GC(1383) Metaspace: 37471K(37824K)->37471K(37824K) NonClass: 33045K(33216K)->33045K(33216K) Class: 4425K(4608K)->4425K(4608K)
[2025-04-17T11:22:07.295+0000][2127.125s][info][gc             ] GC(1383) Pause Young (Allocation Failure) 23M->14M(31M) 1.212ms
[2025-04-17T11:22:07.295+0000][2127.125s][info][gc,cpu         ] GC(1383) User=0.00s Sys=0.00s Real=0.01s
[2025-04-17T11:22:08.879+0000][2128.709s][info][gc,start       ] GC(1384) Pause Young (Allocation Failure)
[2025-04-17T11:22:08.881+0000][2128.711s][info][gc,heap        ] GC(1384) DefNew: 9185K(10176K)->127K(10176K) Eden: 9088K(9088K)->0K(9088K) From: 97K(1088K)->127K(1088K)
[2025-04-17T11:22:08.881+0000][2128.711s][info][gc,heap        ] GC(1384) Tenured: 14928K(22468K)->14929K(22468K)
[2025-04-17T11:22:08.881+0000][2128.711s][info][gc,metaspace   ] GC(1384) Metaspace: 37471K(37824K)->37471K(37824K) NonClass: 33045K(33216K)->33045K(33216K) Class: 4425K(4608K)->4425K(4608K)
[2025-04-17T11:22:08.881+0000][2128.711s][info][gc             ] GC(1384) Pause Young (Allocation Failure) 23M->14M(31M) 1.407ms
[2025-04-17T11:22:08.881+0000][2128.711s][info][gc,cpu         ] GC(1384) User=0.00s Sys=0.00s Real=0.00s
[2025-04-17T11:22:10.080+0000][2129.910s][info][gc,start       ] GC(1385) Pause Young (Allocation Failure)
[2025-04-17T11:22:10.081+0000][2129.912s][info][gc,heap        ] GC(1385) DefNew: 9207K(10176K)->98K(10176K) Eden: 9080K(9088K)->0K(9088K) From: 127K(1088K)->98K(1088K)
[2025-04-17T11:22:10.081+0000][2129.912s][info][gc,heap        ] GC(1385) Tenured: 14929K(22468K)->14929K(22468K)
[2025-04-17T11:22:10.081+0000][2129.912s][info][gc,metaspace   ] GC(1385) Metaspace: 37471K(37824K)->37471K(37824K) NonClass: 33045K(33216K)->33045K(33216K) Class: 4425K(4608K)->4425K(4608K)
[2025-04-17T11:22:10.081+0000][2129.912s][info][gc             ] GC(1385) Pause Young (Allocation Failure) 23M->14M(31M) 1.204ms
[2025-04-17T11:22:10.082+0000][2129.912s][info][gc,cpu         ] GC(1385) User=0.00s Sys=0.00s Real=0.00s
[2025-04-17T11:22:11.823+0000][2131.653s][info][gc,start       ] GC(1386) Pause Young (Allocation Failure)
[2025-04-17T11:22:11.824+0000][2131.655s][info][gc,heap        ] GC(1386) DefNew: 9186K(10176K)->79K(10176K) Eden: 9088K(9088K)->0K(9088K) From: 98K(1088K)->79K(1088K)
[2025-04-17T11:22:11.825+0000][2131.655s][info][gc,heap        ] GC(1386) Tenured: 14929K(22468K)->14930K(22468K)
[2025-04-17T11:22:11.825+0000][2131.655s][info][gc,metaspace   ] GC(1386) Metaspace: 37471K(37824K)->37471K(37824K) NonClass: 33045K(33216K)->33045K(33216K) Class: 4425K(4608K)->4425K(4608K)
[2025-04-17T11:22:11.825+0000][2131.655s][info][gc             ] GC(1386) Pause Young (Allocation Failure) 23M->14M(31M) 1.203ms
[2025-04-17T11:22:11.825+0000][2131.655s][info][gc,cpu         ] GC(1386) User=0.00s Sys=0.00s Real=0.01s
[2025-04-17T11:22:13.521+0000][2133.351s][info][gc,start       ] GC(1387) Pause Young (Allocation Failure)
[2025-04-17T11:22:13.522+0000][2133.352s][info][gc,heap        ] GC(1387) DefNew: 9167K(10176K)->95K(10176K) Eden: 9088K(9088K)->0K(9088K) From: 79K(1088K)->95K(1088K)
[2025-04-17T11:22:13.522+0000][2133.352s][info][gc,heap        ] GC(1387) Tenured: 14930K(22468K)->14930K(22468K)
[2025-04-17T11:22:13.522+0000][2133.352s][info][gc,metaspace   ] GC(1387) Metaspace: 37471K(37824K)->37471K(37824K) NonClass: 33045K(33216K)->33045K(33216K) Class: 4425K(4608K)->4425K(4608K)
[2025-04-17T11:22:13.522+0000][2133.352s][info][gc             ] GC(1387) Pause Young (Allocation Failure) 23M->14M(31M) 1.204ms
[2025-04-17T11:22:13.522+0000][2133.352s][info][gc,cpu         ] GC(1387) User=0.01s Sys=0.00s Real=0.00s
[2025-04-17T11:22:15.088+0000][2134.918s][info][gc,start       ] GC(1388) Pause Young (Allocation Failure)
[2025-04-17T11:22:15.089+0000][2134.919s][info][gc,heap        ] GC(1388) DefNew: 9183K(10176K)->76K(10176K) Eden: 9088K(9088K)->0K(9088K) From: 95K(1088K)->76K(1088K)
[2025-04-17T11:22:15.089+0000][2134.919s][info][gc,heap        ] GC(1388) Tenured: 14930K(22468K)->14932K(22468K)
[2025-04-17T11:22:15.089+0000][2134.919s][info][gc,metaspace   ] GC(1388) Metaspace: 37471K(37824K)->37471K(37824K) NonClass: 33045K(33216K)->33045K(33216K) Class: 4425K(4608K)->4425K(4608K)
[2025-04-17T11:22:15.089+0000][2134.919s][info][gc             ] GC(1388) Pause Young (Allocation Failure) 23M->14M(31M) 1.301ms
[2025-04-17T11:22:15.089+0000][2134.919s][info][gc,cpu         ] GC(1388) User=0.00s Sys=0.00s Real=0.00s
[2025-04-17T11:22:16.761+0000][2136.591s][info][gc,start       ] GC(1389) Pause Young (Allocation Failure)
[2025-04-17T11:22:16.762+0000][2136.593s][info][gc,heap        ] GC(1389) DefNew: 9164K(10176K)->79K(10176K) Eden: 9087K(9088K)->0K(9088K) From: 76K(1088K)->79K(1088K)
[2025-04-17T11:22:16.762+0000][2136.593s][info][gc,heap        ] GC(1389) Tenured: 14932K(22468K)->14932K(22468K)
[2025-04-17T11:22:16.762+0000][2136.593s][info][gc,metaspace   ] GC(1389) Metaspace: 37471K(37824K)->37471K(37824K) NonClass: 33045K(33216K)->33045K(33216K) Class: 4425K(4608K)->4425K(4608K)
[2025-04-17T11:22:16.762+0000][2136.593s][info][gc             ] GC(1389) Pause Young (Allocation Failure) 23M->14M(31M) 1.227ms
[2025-04-17T11:22:16.762+0000][2136.593s][info][gc,cpu         ] GC(1389) User=0.00s Sys=0.00s Real=0.00s
[2025-04-17T11:22:18.339+0000][2138.170s][info][gc,start       ] GC(1390) Pause Young (Allocation Failure)
[2025-04-17T11:22:18.341+0000][2138.171s][info][gc,heap        ] GC(1390) DefNew: 9167K(10176K)->81K(10176K) Eden: 9087K(9088K)->0K(9088K) From: 79K(1088K)->81K(1088K)
[2025-04-17T11:22:18.341+0000][2138.171s][info][gc,heap        ] GC(1390) Tenured: 14932K(22468K)->14932K(22468K)
[2025-04-17T11:22:18.341+0000][2138.171s][info][gc,metaspace   ] GC(1390) Metaspace: 37471K(37824K)->37471K(37824K) NonClass: 33045K(33216K)->33045K(33216K) Class: 4425K(4608K)->4425K(4608K)
[2025-04-17T11:22:18.341+0000][2138.171s][info][gc             ] GC(1390) Pause Young (Allocation Failure) 23M->14M(31M) 1.314ms
[2025-04-17T11:22:18.341+0000][2138.171s][info][gc,cpu         ] GC(1390) User=0.00s Sys=0.00s Real=0.00s
[2025-04-17T11:22:19.738+0000][2139.568s][info][gc,start       ] GC(1391) Pause Young (Allocation Failure)
[2025-04-17T11:22:19.739+0000][2139.569s][info][gc,heap        ] GC(1391) DefNew: 9169K(10176K)->84K(10176K) Eden: 9088K(9088K)->0K(9088K) From: 81K(1088K)->84K(1088K)
[2025-04-17T11:22:19.739+0000][2139.569s][info][gc,heap        ] GC(1391) Tenured: 14932K(22468K)->14932K(22468K)
[2025-04-17T11:22:19.739+0000][2139.569s][info][gc,metaspace   ] GC(1391) Metaspace: 37471K(37824K)->37471K(37824K) NonClass: 33045K(33216K)->33045K(33216K) Class: 4425K(4608K)->4425K(4608K)
[2025-04-17T11:22:19.739+0000][2139.569s][info][gc             ] GC(1391) Pause Young (Allocation Failure) 23M->14M(31M) 1.383ms
[2025-04-17T11:22:19.739+0000][2139.569s][info][gc,cpu         ] GC(1391) User=0.00s Sys=0.00s Real=0.00s
[2025-04-17T11:22:21.535+0000][2141.365s][info][gc,start       ] GC(1392) Pause Young (Allocation Failure)
[2025-04-17T11:22:21.536+0000][2141.366s][info][gc,heap        ] GC(1392) DefNew: 9172K(10176K)->97K(10176K) Eden: 9088K(9088K)->0K(9088K) From: 84K(1088K)->97K(1088K)
[2025-04-17T11:22:21.536+0000][2141.366s][info][gc,heap        ] GC(1392) Tenured: 14932K(22468K)->14933K(22468K)
[2025-04-17T11:22:21.536+0000][2141.366s][info][gc,metaspace   ] GC(1392) Metaspace: 37471K(37824K)->37471K(37824K) NonClass: 33045K(33216K)->33045K(33216K) Class: 4425K(4608K)->4425K(4608K)
[2025-04-17T11:22:21.536+0000][2141.366s][info][gc             ] GC(1392) Pause Young (Allocation Failure) 23M->14M(31M) 1.344ms
[2025-04-17T11:22:21.536+0000][2141.367s][info][gc,cpu         ] GC(1392) User=0.00s Sys=0.00s Real=0.00s
[2025-04-17T11:22:23.093+0000][2142.924s][info][gc,start       ] GC(1393) Pause Young (Allocation Failure)
[2025-04-17T11:22:23.095+0000][2142.925s][info][gc,heap        ] GC(1393) DefNew: 9185K(10176K)->78K(10176K) Eden: 9088K(9088K)->0K(9088K) From: 97K(1088K)->78K(1088K)
[2025-04-17T11:22:23.095+0000][2142.925s][info][gc,heap        ] GC(1393) Tenured: 14933K(22468K)->14934K(22468K)
[2025-04-17T11:22:23.095+0000][2142.925s][info][gc,metaspace   ] GC(1393) Metaspace: 37471K(37824K)->37471K(37824K) NonClass: 33045K(33216K)->33045K(33216K) Class: 4425K(4608K)->4425K(4608K)
[2025-04-17T11:22:23.095+0000][2142.925s][info][gc             ] GC(1393) Pause Young (Allocation Failure) 23M->14M(31M) 1.144ms
[2025-04-17T11:22:23.095+0000][2142.925s][info][gc,cpu         ] GC(1393) User=0.00s Sys=0.00s Real=0.01s
[2025-04-17T11:22:24.562+0000][2144.392s][info][gc,start       ] GC(1394) Pause Young (Allocation Failure)
[2025-04-17T11:22:24.563+0000][2144.393s][info][gc,heap        ] GC(1394) DefNew: 9166K(10176K)->83K(10176K) Eden: 9088K(9088K)->0K(9088K) From: 78K(1088K)->83K(1088K)
[2025-04-17T11:22:24.563+0000][2144.393s][info][gc,heap        ] GC(1394) Tenured: 14934K(22468K)->14934K(22468K)
[2025-04-17T11:22:24.563+0000][2144.393s][info][gc,metaspace   ] GC(1394) Metaspace: 37471K(37824K)->37471K(37824K) NonClass: 33045K(33216K)->33045K(33216K) Class: 4425K(4608K)->4425K(4608K)
[2025-04-17T11:22:24.563+0000][2144.393s][info][gc             ] GC(1394) Pause Young (Allocation Failure) 23M->14M(31M) 1.220ms
[2025-04-17T11:22:24.563+0000][2144.393s][info][gc,cpu         ] GC(1394) User=0.00s Sys=0.00s Real=0.00s
[2025-04-17T11:22:26.009+0000][2145.840s][info][gc,start       ] GC(1395) Pause Young (Allocation Failure)
[2025-04-17T11:22:26.011+0000][2145.841s][info][gc,heap        ] GC(1395) DefNew: 9171K(10176K)->93K(10176K) Eden: 9088K(9088K)->0K(9088K) From: 83K(1088K)->93K(1088K)
[2025-04-17T11:22:26.011+0000][2145.841s][info][gc,heap        ] GC(1395) Tenured: 14934K(22468K)->14934K(22468K)
[2025-04-17T11:22:26.011+0000][2145.841s][info][gc,metaspace   ] GC(1395) Metaspace: 37471K(37824K)->37471K(37824K) NonClass: 33045K(33216K)->33045K(33216K) Class: 4425K(4608K)->4425K(4608K)
[2025-04-17T11:22:26.011+0000][2145.841s][info][gc             ] GC(1395) Pause Young (Allocation Failure) 23M->14M(31M) 1.341ms
[2025-04-17T11:22:26.011+0000][2145.841s][info][gc,cpu         ] GC(1395) User=0.00s Sys=0.00s Real=0.00s
[2025-04-17T11:22:27.540+0000][2147.370s][info][gc,start       ] GC(1396) Pause Young (Allocation Failure)
[2025-04-17T11:22:27.541+0000][2147.372s][info][gc,heap        ] GC(1396) DefNew: 9181K(10176K)->99K(10176K) Eden: 9088K(9088K)->0K(9088K) From: 93K(1088K)->99K(1088K)
[2025-04-17T11:22:27.541+0000][2147.372s][info][gc,heap        ] GC(1396) Tenured: 14934K(22468K)->14934K(22468K)
[2025-04-17T11:22:27.541+0000][2147.372s][info][gc,metaspace   ] GC(1396) Metaspace: 37471K(37824K)->37471K(37824K) NonClass: 33045K(33216K)->33045K(33216K) Class: 4425K(4608K)->4425K(4608K)
[2025-04-17T11:22:27.541+0000][2147.372s][info][gc             ] GC(1396) Pause Young (Allocation Failure) 23M->14M(31M) 1.315ms
[2025-04-17T11:22:27.542+0000][2147.372s][info][gc,cpu         ] GC(1396) User=0.00s Sys=0.00s Real=0.00s
[2025-04-17T11:22:29.432+0000][2149.262s][info][gc,start       ] GC(1397) Pause Young (Allocation Failure)
[2025-04-17T11:22:29.434+0000][2149.264s][info][gc,heap        ] GC(1397) DefNew: 9187K(10176K)->83K(10176K) Eden: 9088K(9088K)->0K(9088K) From: 99K(1088K)->83K(1088K)
[2025-04-17T11:22:29.434+0000][2149.264s][info][gc,heap        ] GC(1397) Tenured: 14934K(22468K)->14934K(22468K)
[2025-04-17T11:22:29.434+0000][2149.264s][info][gc,metaspace   ] GC(1397) Metaspace: 37471K(37824K)->37471K(37824K) NonClass: 33045K(33216K)->33045K(33216K) Class: 4425K(4608K)->4425K(4608K)
[2025-04-17T11:22:29.434+0000][2149.264s][info][gc             ] GC(1397) Pause Young (Allocation Failure) 23M->14M(31M) 1.466ms
[2025-04-17T11:22:29.434+0000][2149.264s][info][gc,cpu         ] GC(1397) User=0.00s Sys=0.00s Real=0.00s
[2025-04-17T11:22:30.788+0000][2150.618s][info][gc,start       ] GC(1398) Pause Young (Allocation Failure)
[2025-04-17T11:22:30.789+0000][2150.619s][info][gc,heap        ] GC(1398) DefNew: 9169K(10176K)->90K(10176K) Eden: 9086K(9088K)->0K(9088K) From: 83K(1088K)->90K(1088K)
[2025-04-17T11:22:30.789+0000][2150.619s][info][gc,heap        ] GC(1398) Tenured: 14934K(22468K)->14934K(22468K)
[2025-04-17T11:22:30.789+0000][2150.619s][info][gc,metaspace   ] GC(1398) Metaspace: 37471K(37824K)->37471K(37824K) NonClass: 33045K(33216K)->33045K(33216K) Class: 4425K(4608K)->4425K(4608K)
[2025-04-17T11:22:30.789+0000][2150.619s][info][gc             ] GC(1398) Pause Young (Allocation Failure) 23M->14M(31M) 1.217ms
[2025-04-17T11:22:30.789+0000][2150.619s][info][gc,cpu         ] GC(1398) User=0.00s Sys=0.00s Real=0.00s
[2025-04-17T11:22:32.624+0000][2152.455s][info][gc,start       ] GC(1399) Pause Young (Allocation Failure)
[2025-04-17T11:22:32.626+0000][2152.456s][info][gc,heap        ] GC(1399) DefNew: 9177K(10176K)->90K(10176K) Eden: 9087K(9088K)->0K(9088K) From: 90K(1088K)->90K(1088K)
[2025-04-17T11:22:32.626+0000][2152.456s][info][gc,heap        ] GC(1399) Tenured: 14934K(22468K)->14935K(22468K)
[2025-04-17T11:22:32.626+0000][2152.456s][info][gc,metaspace   ] GC(1399) Metaspace: 37471K(37824K)->37471K(37824K) NonClass: 33045K(33216K)->33045K(33216K) Class: 4425K(4608K)->4425K(4608K)
[2025-04-17T11:22:32.626+0000][2152.456s][info][gc             ] GC(1399) Pause Young (Allocation Failure) 23M->14M(31M) 1.363ms
[2025-04-17T11:22:32.626+0000][2152.456s][info][gc,cpu         ] GC(1399) User=0.00s Sys=0.00s Real=0.00s
[2025-04-17T11:22:34.048+0000][2153.878s][info][gc,start       ] GC(1400) Pause Young (Allocation Failure)
[2025-04-17T11:22:34.049+0000][2153.879s][info][gc,heap        ] GC(1400) DefNew: 9172K(10176K)->96K(10176K) Eden: 9081K(9088K)->0K(9088K) From: 90K(1088K)->96K(1088K)
[2025-04-17T11:22:34.049+0000][2153.879s][info][gc,heap        ] GC(1400) Tenured: 14935K(22468K)->14937K(22468K)
[2025-04-17T11:22:34.049+0000][2153.879s][info][gc,metaspace   ] GC(1400) Metaspace: 37471K(37824K)->37471K(37824K) NonClass: 33045K(33216K)->33045K(33216K) Class: 4425K(4608K)->4425K(4608K)
[2025-04-17T11:22:34.049+0000][2153.879s][info][gc             ] GC(1400) Pause Young (Allocation Failure) 23M->14M(31M) 1.291ms
[2025-04-17T11:22:34.049+0000][2153.879s][info][gc,cpu         ] GC(1400) User=0.00s Sys=0.00s Real=0.00s
[2025-04-17T11:22:35.612+0000][2155.442s][info][gc,start       ] GC(1401) Pause Young (Allocation Failure)
[2025-04-17T11:22:35.613+0000][2155.443s][info][gc,heap        ] GC(1401) DefNew: 9184K(10176K)->92K(10176K) Eden: 9088K(9088K)->0K(9088K) From: 96K(1088K)->92K(1088K)
[2025-04-17T11:22:35.613+0000][2155.443s][info][gc,heap        ] GC(1401) Tenured: 14937K(22468K)->14937K(22468K)
[2025-04-17T11:22:35.613+0000][2155.443s][info][gc,metaspace   ] GC(1401) Metaspace: 37471K(37824K)->37471K(37824K) NonClass: 33045K(33216K)->33045K(33216K) Class: 4425K(4608K)->4425K(4608K)
[2025-04-17T11:22:35.613+0000][2155.443s][info][gc             ] GC(1401) Pause Young (Allocation Failure) 23M->14M(31M) 1.202ms
[2025-04-17T11:22:35.613+0000][2155.443s][info][gc,cpu         ] GC(1401) User=0.00s Sys=0.00s Real=0.00s
[2025-04-17T11:22:37.201+0000][2157.031s][info][gc,start       ] GC(1402) Pause Young (Allocation Failure)
[2025-04-17T11:22:37.202+0000][2157.032s][info][gc,heap        ] GC(1402) DefNew: 9180K(10176K)->88K(10176K) Eden: 9088K(9088K)->0K(9088K) From: 92K(1088K)->88K(1088K)
[2025-04-17T11:22:37.202+0000][2157.032s][info][gc,heap        ] GC(1402) Tenured: 14937K(22468K)->14938K(22468K)
[2025-04-17T11:22:37.202+0000][2157.032s][info][gc,metaspace   ] GC(1402) Metaspace: 37471K(37824K)->37471K(37824K) NonClass: 33045K(33216K)->33045K(33216K) Class: 4425K(4608K)->4425K(4608K)
[2025-04-17T11:22:37.202+0000][2157.032s][info][gc             ] GC(1402) Pause Young (Allocation Failure) 23M->14M(31M) 1.364ms
[2025-04-17T11:22:37.202+0000][2157.032s][info][gc,cpu         ] GC(1402) User=0.00s Sys=0.00s Real=0.00s
[2025-04-17T11:22:38.975+0000][2158.805s][info][gc,start       ] GC(1403) Pause Young (Allocation Failure)
[2025-04-17T11:22:38.976+0000][2158.806s][info][gc,heap        ] GC(1403) DefNew: 9176K(10176K)->105K(10176K) Eden: 9088K(9088K)->0K(9088K) From: 88K(1088K)->105K(1088K)
[2025-04-17T11:22:38.976+0000][2158.806s][info][gc,heap        ] GC(1403) Tenured: 14938K(22468K)->14938K(22468K)
[2025-04-17T11:22:38.976+0000][2158.806s][info][gc,metaspace   ] GC(1403) Metaspace: 37471K(37824K)->37471K(37824K) NonClass: 33045K(33216K)->33045K(33216K) Class: 4425K(4608K)->4425K(4608K)
[2025-04-17T11:22:38.976+0000][2158.806s][info][gc             ] GC(1403) Pause Young (Allocation Failure) 23M->14M(31M) 1.393ms
[2025-04-17T11:22:38.976+0000][2158.806s][info][gc,cpu         ] GC(1403) User=0.01s Sys=0.00s Real=0.00s
[2025-04-17T11:22:40.425+0000][2160.255s][info][gc,start       ] GC(1404) Pause Young (Allocation Failure)
[2025-04-17T11:22:40.426+0000][2160.256s][info][gc,heap        ] GC(1404) DefNew: 9193K(10176K)->100K(10176K) Eden: 9088K(9088K)->0K(9088K) From: 105K(1088K)->100K(1088K)
[2025-04-17T11:22:40.426+0000][2160.256s][info][gc,heap        ] GC(1404) Tenured: 14938K(22468K)->14940K(22468K)
[2025-04-17T11:22:40.426+0000][2160.256s][info][gc,metaspace   ] GC(1404) Metaspace: 37471K(37824K)->37471K(37824K) NonClass: 33045K(33216K)->33045K(33216K) Class: 4425K(4608K)->4425K(4608K)
[2025-04-17T11:22:40.426+0000][2160.256s][info][gc             ] GC(1404) Pause Young (Allocation Failure) 23M->14M(31M) 1.316ms
[2025-04-17T11:22:40.426+0000][2160.256s][info][gc,cpu         ] GC(1404) User=0.00s Sys=0.00s Real=0.00s
[2025-04-17T11:22:42.037+0000][2161.867s][info][gc,start       ] GC(1405) Pause Young (Allocation Failure)
[2025-04-17T11:22:42.038+0000][2161.868s][info][gc,heap        ] GC(1405) DefNew: 9187K(10176K)->90K(10176K) Eden: 9087K(9088K)->0K(9088K) From: 100K(1088K)->90K(1088K)
[2025-04-17T11:22:42.038+0000][2161.868s][info][gc,heap        ] GC(1405) Tenured: 14940K(22468K)->14940K(22468K)
[2025-04-17T11:22:42.038+0000][2161.868s][info][gc,metaspace   ] GC(1405) Metaspace: 37471K(37824K)->37471K(37824K) NonClass: 33045K(33216K)->33045K(33216K) Class: 4425K(4608K)->4425K(4608K)
[2025-04-17T11:22:42.038+0000][2161.868s][info][gc             ] GC(1405) Pause Young (Allocation Failure) 23M->14M(31M) 1.281ms
[2025-04-17T11:22:42.038+0000][2161.868s][info][gc,cpu         ] GC(1405) User=0.00s Sys=0.00s Real=0.00s
[2025-04-17T11:22:43.797+0000][2163.627s][info][gc,start       ] GC(1406) Pause Young (Allocation Failure)
[2025-04-17T11:22:43.798+0000][2163.628s][info][gc,heap        ] GC(1406) DefNew: 9178K(10176K)->86K(10176K) Eden: 9088K(9088K)->0K(9088K) From: 90K(1088K)->86K(1088K)
[2025-04-17T11:22:43.798+0000][2163.628s][info][gc,heap        ] GC(1406) Tenured: 14940K(22468K)->14942K(22468K)
[2025-04-17T11:22:43.798+0000][2163.628s][info][gc,metaspace   ] GC(1406) Metaspace: 37471K(37824K)->37471K(37824K) NonClass: 33045K(33216K)->33045K(33216K) Class: 4425K(4608K)->4425K(4608K)
[2025-04-17T11:22:43.798+0000][2163.628s][info][gc             ] GC(1406) Pause Young (Allocation Failure) 23M->14M(31M) 1.312ms
[2025-04-17T11:22:43.798+0000][2163.628s][info][gc,cpu         ] GC(1406) User=0.00s Sys=0.00s Real=0.00s
[2025-04-17T11:22:45.105+0000][2164.935s][info][gc,start       ] GC(1407) Pause Young (Allocation Failure)
[2025-04-17T11:22:45.106+0000][2164.936s][info][gc,heap        ] GC(1407) DefNew: 9171K(10176K)->93K(10176K) Eden: 9084K(9088K)->0K(9088K) From: 86K(1088K)->93K(1088K)
[2025-04-17T11:22:45.106+0000][2164.936s][info][gc,heap        ] GC(1407) Tenured: 14942K(22468K)->14942K(22468K)
[2025-04-17T11:22:45.106+0000][2164.936s][info][gc,metaspace   ] GC(1407) Metaspace: 37471K(37824K)->37471K(37824K) NonClass: 33045K(33216K)->33045K(33216K) Class: 4425K(4608K)->4425K(4608K)
[2025-04-17T11:22:45.106+0000][2164.936s][info][gc             ] GC(1407) Pause Young (Allocation Failure) 23M->14M(31M) 1.304ms
[2025-04-17T11:22:45.106+0000][2164.936s][info][gc,cpu         ] GC(1407) User=0.00s Sys=0.00s Real=0.00s
[2025-04-17T11:22:46.629+0000][2166.459s][info][gc,start       ] GC(1408) Pause Young (Allocation Failure)
[2025-04-17T11:22:46.630+0000][2166.460s][info][gc,heap        ] GC(1408) DefNew: 9181K(10176K)->91K(10176K) Eden: 9088K(9088K)->0K(9088K) From: 93K(1088K)->91K(1088K)
[2025-04-17T11:22:46.630+0000][2166.460s][info][gc,heap        ] GC(1408) Tenured: 14942K(22468K)->14942K(22468K)
[2025-04-17T11:22:46.630+0000][2166.460s][info][gc,metaspace   ] GC(1408) Metaspace: 37471K(37824K)->37471K(37824K) NonClass: 33045K(33216K)->33045K(33216K) Class: 4425K(4608K)->4425K(4608K)
[2025-04-17T11:22:46.630+0000][2166.461s][info][gc             ] GC(1408) Pause Young (Allocation Failure) 23M->14M(31M) 1.256ms
[2025-04-17T11:22:46.630+0000][2166.461s][info][gc,cpu         ] GC(1408) User=0.01s Sys=0.00s Real=0.00s
[2025-04-17T11:22:48.210+0000][2168.040s][info][gc,start       ] GC(1409) Pause Young (Allocation Failure)
[2025-04-17T11:22:48.211+0000][2168.041s][info][gc,heap        ] GC(1409) DefNew: 9179K(10176K)->88K(10176K) Eden: 9088K(9088K)->0K(9088K) From: 91K(1088K)->88K(1088K)
[2025-04-17T11:22:48.211+0000][2168.041s][info][gc,heap        ] GC(1409) Tenured: 14942K(22468K)->14943K(22468K)
[2025-04-17T11:22:48.211+0000][2168.041s][info][gc,metaspace   ] GC(1409) Metaspace: 37471K(37824K)->37471K(37824K) NonClass: 33045K(33216K)->33045K(33216K) Class: 4425K(4608K)->4425K(4608K)
[2025-04-17T11:22:48.211+0000][2168.041s][info][gc             ] GC(1409) Pause Young (Allocation Failure) 23M->14M(31M) 1.221ms
[2025-04-17T11:22:48.211+0000][2168.041s][info][gc,cpu         ] GC(1409) User=0.00s Sys=0.00s Real=0.00s
[2025-04-17T11:22:49.855+0000][2169.685s][info][gc,start       ] GC(1410) Pause Young (Allocation Failure)
[2025-04-17T11:22:49.856+0000][2169.686s][info][gc,heap        ] GC(1410) DefNew: 9176K(10176K)->102K(10176K) Eden: 9088K(9088K)->0K(9088K) From: 88K(1088K)->102K(1088K)
[2025-04-17T11:22:49.856+0000][2169.686s][info][gc,heap        ] GC(1410) Tenured: 14943K(22468K)->14943K(22468K)
[2025-04-17T11:22:49.856+0000][2169.686s][info][gc,metaspace   ] GC(1410) Metaspace: 37471K(37824K)->37471K(37824K) NonClass: 33045K(33216K)->33045K(33216K) Class: 4425K(4608K)->4425K(4608K)
[2025-04-17T11:22:49.856+0000][2169.686s][info][gc             ] GC(1410) Pause Young (Allocation Failure) 23M->14M(31M) 1.336ms
[2025-04-17T11:22:49.856+0000][2169.686s][info][gc,cpu         ] GC(1410) User=0.00s Sys=0.00s Real=0.00s
[2025-04-17T11:22:51.419+0000][2171.249s][info][gc,start       ] GC(1411) Pause Young (Allocation Failure)
[2025-04-17T11:22:51.420+0000][2171.250s][info][gc,heap        ] GC(1411) DefNew: 9190K(10176K)->105K(10176K) Eden: 9088K(9088K)->0K(9088K) From: 102K(1088K)->105K(1088K)
[2025-04-17T11:22:51.420+0000][2171.250s][info][gc,heap        ] GC(1411) Tenured: 14943K(22468K)->14946K(22468K)
[2025-04-17T11:22:51.420+0000][2171.250s][info][gc,metaspace   ] GC(1411) Metaspace: 37471K(37824K)->37471K(37824K) NonClass: 33045K(33216K)->33045K(33216K) Class: 4425K(4608K)->4425K(4608K)
[2025-04-17T11:22:51.420+0000][2171.250s][info][gc             ] GC(1411) Pause Young (Allocation Failure) 23M->14M(31M) 1.329ms
[2025-04-17T11:22:51.420+0000][2171.250s][info][gc,cpu         ] GC(1411) User=0.00s Sys=0.00s Real=0.00s
[2025-04-17T11:22:53.130+0000][2172.960s][info][gc,start       ] GC(1412) Pause Young (Allocation Failure)
[2025-04-17T11:22:53.131+0000][2172.962s][info][gc,heap        ] GC(1412) DefNew: 9193K(10176K)->87K(10176K) Eden: 9088K(9088K)->0K(9088K) From: 105K(1088K)->87K(1088K)
[2025-04-17T11:22:53.131+0000][2172.962s][info][gc,heap        ] GC(1412) Tenured: 14946K(22468K)->14948K(22468K)
[2025-04-17T11:22:53.131+0000][2172.962s][info][gc,metaspace   ] GC(1412) Metaspace: 37471K(37824K)->37471K(37824K) NonClass: 33045K(33216K)->33045K(33216K) Class: 4425K(4608K)->4425K(4608K)
[2025-04-17T11:22:53.131+0000][2172.962s][info][gc             ] GC(1412) Pause Young (Allocation Failure) 23M->14M(31M) 1.269ms
[2025-04-17T11:22:53.132+0000][2172.962s][info][gc,cpu         ] GC(1412) User=0.00s Sys=0.00s Real=0.00s
[2025-04-17T11:22:54.849+0000][2174.679s][info][gc,start       ] GC(1413) Pause Young (Allocation Failure)
[2025-04-17T11:22:54.850+0000][2174.680s][info][gc,heap        ] GC(1413) DefNew: 9175K(10176K)->87K(10176K) Eden: 9088K(9088K)->0K(9088K) From: 87K(1088K)->87K(1088K)
[2025-04-17T11:22:54.850+0000][2174.680s][info][gc,heap        ] GC(1413) Tenured: 14948K(22468K)->14949K(22468K)
[2025-04-17T11:22:54.850+0000][2174.680s][info][gc,metaspace   ] GC(1413) Metaspace: 37471K(37824K)->37471K(37824K) NonClass: 33045K(33216K)->33045K(33216K) Class: 4425K(4608K)->4425K(4608K)
[2025-04-17T11:22:54.850+0000][2174.680s][info][gc             ] GC(1413) Pause Young (Allocation Failure) 23M->14M(31M) 1.299ms
[2025-04-17T11:22:54.850+0000][2174.680s][info][gc,cpu         ] GC(1413) User=0.00s Sys=0.00s Real=0.00s
[2025-04-17T11:22:56.240+0000][2176.070s][info][gc,start       ] GC(1414) Pause Young (Allocation Failure)
[2025-04-17T11:22:56.241+0000][2176.071s][info][gc,heap        ] GC(1414) DefNew: 9175K(10176K)->84K(10176K) Eden: 9088K(9088K)->0K(9088K) From: 87K(1088K)->84K(1088K)
[2025-04-17T11:22:56.241+0000][2176.071s][info][gc,heap        ] GC(1414) Tenured: 14949K(22468K)->14952K(22468K)
[2025-04-17T11:22:56.241+0000][2176.071s][info][gc,metaspace   ] GC(1414) Metaspace: 37471K(37824K)->37471K(37824K) NonClass: 33045K(33216K)->33045K(33216K) Class: 4425K(4608K)->4425K(4608K)
[2025-04-17T11:22:56.241+0000][2176.071s][info][gc             ] GC(1414) Pause Young (Allocation Failure) 23M->14M(31M) 1.333ms
[2025-04-17T11:22:56.241+0000][2176.071s][info][gc,cpu         ] GC(1414) User=0.00s Sys=0.00s Real=0.00s
[2025-04-17T11:22:58.015+0000][2177.845s][info][gc,start       ] GC(1415) Pause Young (Allocation Failure)
[2025-04-17T11:22:58.016+0000][2177.846s][info][gc,heap        ] GC(1415) DefNew: 9172K(10176K)->97K(10176K) Eden: 9088K(9088K)->0K(9088K) From: 84K(1088K)->97K(1088K)
[2025-04-17T11:22:58.016+0000][2177.846s][info][gc,heap        ] GC(1415) Tenured: 14952K(22468K)->14954K(22468K)
[2025-04-17T11:22:58.016+0000][2177.846s][info][gc,metaspace   ] GC(1415) Metaspace: 37471K(37824K)->37471K(37824K) NonClass: 33045K(33216K)->33045K(33216K) Class: 4425K(4608K)->4425K(4608K)
[2025-04-17T11:22:58.016+0000][2177.846s][info][gc             ] GC(1415) Pause Young (Allocation Failure) 23M->14M(31M) 1.292ms
[2025-04-17T11:22:58.016+0000][2177.846s][info][gc,cpu         ] GC(1415) User=0.00s Sys=0.00s Real=0.00s
[2025-04-17T11:22:59.574+0000][2179.404s][info][gc,start       ] GC(1416) Pause Young (Allocation Failure)
[2025-04-17T11:22:59.575+0000][2179.406s][info][gc,heap        ] GC(1416) DefNew: 9181K(10176K)->89K(10176K) Eden: 9084K(9088K)->0K(9088K) From: 97K(1088K)->89K(1088K)
[2025-04-17T11:22:59.575+0000][2179.406s][info][gc,heap        ] GC(1416) Tenured: 14954K(22468K)->14954K(22468K)
[2025-04-17T11:22:59.576+0000][2179.406s][info][gc,metaspace   ] GC(1416) Metaspace: 37471K(37824K)->37471K(37824K) NonClass: 33045K(33216K)->33045K(33216K) Class: 4425K(4608K)->4425K(4608K)
[2025-04-17T11:22:59.576+0000][2179.406s][info][gc             ] GC(1416) Pause Young (Allocation Failure) 23M->14M(31M) 1.237ms
[2025-04-17T11:22:59.576+0000][2179.406s][info][gc,cpu         ] GC(1416) User=0.00s Sys=0.00s Real=0.00s
[2025-04-17T11:23:01.115+0000][2180.945s][info][gc,start       ] GC(1417) Pause Young (Allocation Failure)
[2025-04-17T11:23:01.116+0000][2180.946s][info][gc,heap        ] GC(1417) DefNew: 9172K(10176K)->88K(10176K) Eden: 9082K(9088K)->0K(9088K) From: 89K(1088K)->88K(1088K)
[2025-04-17T11:23:01.116+0000][2180.946s][info][gc,heap        ] GC(1417) Tenured: 14954K(22468K)->14954K(22468K)
[2025-04-17T11:23:01.116+0000][2180.946s][info][gc,metaspace   ] GC(1417) Metaspace: 37471K(37824K)->37471K(37824K) NonClass: 33045K(33216K)->33045K(33216K) Class: 4425K(4608K)->4425K(4608K)
[2025-04-17T11:23:01.116+0000][2180.946s][info][gc             ] GC(1417) Pause Young (Allocation Failure) 23M->14M(31M) 1.200ms
[2025-04-17T11:23:01.116+0000][2180.946s][info][gc,cpu         ] GC(1417) User=0.00s Sys=0.00s Real=0.00s
[2025-04-17T11:23:02.519+0000][2182.349s][info][gc,start       ] GC(1418) Pause Young (Allocation Failure)
[2025-04-17T11:23:02.521+0000][2182.351s][info][gc,heap        ] GC(1418) DefNew: 9176K(10176K)->86K(10176K) Eden: 9087K(9088K)->0K(9088K) From: 88K(1088K)->86K(1088K)
[2025-04-17T11:23:02.521+0000][2182.351s][info][gc,heap        ] GC(1418) Tenured: 14954K(22468K)->14954K(22468K)
[2025-04-17T11:23:02.521+0000][2182.351s][info][gc,metaspace   ] GC(1418) Metaspace: 37471K(37824K)->37471K(37824K) NonClass: 33045K(33216K)->33045K(33216K) Class: 4425K(4608K)->4425K(4608K)
[2025-04-17T11:23:02.521+0000][2182.351s][info][gc             ] GC(1418) Pause Young (Allocation Failure) 23M->14M(31M) 1.318ms
[2025-04-17T11:23:02.521+0000][2182.351s][info][gc,cpu         ] GC(1418) User=0.00s Sys=0.00s Real=0.00s
[2025-04-17T11:23:04.026+0000][2183.856s][info][gc,start       ] GC(1419) Pause Young (Allocation Failure)
[2025-04-17T11:23:04.027+0000][2183.857s][info][gc,heap        ] GC(1419) DefNew: 9174K(10176K)->104K(10176K) Eden: 9087K(9088K)->0K(9088K) From: 86K(1088K)->104K(1088K)
[2025-04-17T11:23:04.027+0000][2183.857s][info][gc,heap        ] GC(1419) Tenured: 14954K(22468K)->14956K(22468K)
[2025-04-17T11:23:04.027+0000][2183.857s][info][gc,metaspace   ] GC(1419) Metaspace: 37471K(37824K)->37471K(37824K) NonClass: 33045K(33216K)->33045K(33216K) Class: 4425K(4608K)->4425K(4608K)
[2025-04-17T11:23:04.027+0000][2183.857s][info][gc             ] GC(1419) Pause Young (Allocation Failure) 23M->14M(31M) 1.240ms
[2025-04-17T11:23:04.027+0000][2183.857s][info][gc,cpu         ] GC(1419) User=0.00s Sys=0.00s Real=0.00s
[2025-04-17T11:23:05.880+0000][2185.710s][info][gc,start       ] GC(1420) Pause Young (Allocation Failure)
[2025-04-17T11:23:05.881+0000][2185.711s][info][gc,heap        ] GC(1420) DefNew: 9192K(10176K)->93K(10176K) Eden: 9088K(9088K)->0K(9088K) From: 104K(1088K)->93K(1088K)
[2025-04-17T11:23:05.881+0000][2185.711s][info][gc,heap        ] GC(1420) Tenured: 14956K(22468K)->14956K(22468K)
[2025-04-17T11:23:05.881+0000][2185.711s][info][gc,metaspace   ] GC(1420) Metaspace: 37471K(37824K)->37471K(37824K) NonClass: 33045K(33216K)->33045K(33216K) Class: 4425K(4608K)->4425K(4608K)
[2025-04-17T11:23:05.881+0000][2185.711s][info][gc             ] GC(1420) Pause Young (Allocation Failure) 23M->14M(31M) 1.269ms
[2025-04-17T11:23:05.881+0000][2185.711s][info][gc,cpu         ] GC(1420) User=0.00s Sys=0.00s Real=0.00s
[2025-04-17T11:23:07.347+0000][2187.177s][info][gc,start       ] GC(1421) Pause Young (Allocation Failure)
[2025-04-17T11:23:07.348+0000][2187.178s][info][gc,heap        ] GC(1421) DefNew: 9181K(10176K)->88K(10176K) Eden: 9088K(9088K)->0K(9088K) From: 93K(1088K)->88K(1088K)
[2025-04-17T11:23:07.348+0000][2187.179s][info][gc,heap        ] GC(1421) Tenured: 14956K(22468K)->14957K(22468K)
[2025-04-17T11:23:07.348+0000][2187.179s][info][gc,metaspace   ] GC(1421) Metaspace: 37471K(37824K)->37471K(37824K) NonClass: 33045K(33216K)->33045K(33216K) Class: 4425K(4608K)->4425K(4608K)
[2025-04-17T11:23:07.348+0000][2187.179s][info][gc             ] GC(1421) Pause Young (Allocation Failure) 23M->14M(31M) 1.238ms
[2025-04-17T11:23:07.348+0000][2187.179s][info][gc,cpu         ] GC(1421) User=0.00s Sys=0.00s Real=0.00s
[2025-04-17T11:23:08.667+0000][2188.497s][info][gc,start       ] GC(1422) Pause Young (Allocation Failure)
[2025-04-17T11:23:08.668+0000][2188.498s][info][gc,heap        ] GC(1422) DefNew: 9176K(10176K)->85K(10176K) Eden: 9088K(9088K)->0K(9088K) From: 88K(1088K)->85K(1088K)
[2025-04-17T11:23:08.668+0000][2188.498s][info][gc,heap        ] GC(1422) Tenured: 14957K(22468K)->14957K(22468K)
[2025-04-17T11:23:08.668+0000][2188.498s][info][gc,metaspace   ] GC(1422) Metaspace: 37471K(37824K)->37471K(37824K) NonClass: 33045K(33216K)->33045K(33216K) Class: 4425K(4608K)->4425K(4608K)
[2025-04-17T11:23:08.668+0000][2188.498s][info][gc             ] GC(1422) Pause Young (Allocation Failure) 23M->14M(31M) 1.195ms
[2025-04-17T11:23:08.668+0000][2188.498s][info][gc,cpu         ] GC(1422) User=0.00s Sys=0.00s Real=0.00s
[2025-04-17T11:23:10.435+0000][2190.265s][info][gc,start       ] GC(1423) Pause Young (Allocation Failure)
[2025-04-17T11:23:10.436+0000][2190.266s][info][gc,heap        ] GC(1423) DefNew: 9173K(10176K)->85K(10176K) Eden: 9087K(9088K)->0K(9088K) From: 85K(1088K)->85K(1088K)
[2025-04-17T11:23:10.436+0000][2190.266s][info][gc,heap        ] GC(1423) Tenured: 14957K(22468K)->14958K(22468K)
[2025-04-17T11:23:10.436+0000][2190.266s][info][gc,metaspace   ] GC(1423) Metaspace: 37471K(37824K)->37471K(37824K) NonClass: 33045K(33216K)->33045K(33216K) Class: 4425K(4608K)->4425K(4608K)
[2025-04-17T11:23:10.436+0000][2190.266s][info][gc             ] GC(1423) Pause Young (Allocation Failure) 23M->14M(31M) 1.309ms
[2025-04-17T11:23:10.436+0000][2190.266s][info][gc,cpu         ] GC(1423) User=0.00s Sys=0.00s Real=0.00s
[2025-04-17T11:23:11.994+0000][2191.824s][info][gc,start       ] GC(1424) Pause Young (Allocation Failure)
[2025-04-17T11:23:11.995+0000][2191.825s][info][gc,heap        ] GC(1424) DefNew: 9173K(10176K)->90K(10176K) Eden: 9088K(9088K)->0K(9088K) From: 85K(1088K)->90K(1088K)
[2025-04-17T11:23:11.995+0000][2191.825s][info][gc,heap        ] GC(1424) Tenured: 14958K(22468K)->14959K(22468K)
[2025-04-17T11:23:11.995+0000][2191.825s][info][gc,metaspace   ] GC(1424) Metaspace: 37471K(37824K)->37471K(37824K) NonClass: 33045K(33216K)->33045K(33216K) Class: 4425K(4608K)->4425K(4608K)
[2025-04-17T11:23:11.995+0000][2191.825s][info][gc             ] GC(1424) Pause Young (Allocation Failure) 23M->14M(31M) 1.292ms
[2025-04-17T11:23:11.995+0000][2191.825s][info][gc,cpu         ] GC(1424) User=0.00s Sys=0.00s Real=0.01s
[2025-04-17T11:23:13.874+0000][2193.704s][info][gc,start       ] GC(1425) Pause Young (Allocation Failure)
[2025-04-17T11:23:13.875+0000][2193.705s][info][gc,heap        ] GC(1425) DefNew: 9178K(10176K)->92K(10176K) Eden: 9088K(9088K)->0K(9088K) From: 90K(1088K)->92K(1088K)
[2025-04-17T11:23:13.875+0000][2193.705s][info][gc,heap        ] GC(1425) Tenured: 14959K(22468K)->14961K(22468K)
[2025-04-17T11:23:13.875+0000][2193.705s][info][gc,metaspace   ] GC(1425) Metaspace: 37471K(37824K)->37471K(37824K) NonClass: 33045K(33216K)->33045K(33216K) Class: 4425K(4608K)->4425K(4608K)
[2025-04-17T11:23:13.875+0000][2193.705s][info][gc             ] GC(1425) Pause Young (Allocation Failure) 23M->14M(31M) 1.215ms
[2025-04-17T11:23:13.875+0000][2193.705s][info][gc,cpu         ] GC(1425) User=0.00s Sys=0.00s Real=0.00s
[2025-04-17T11:23:15.106+0000][2194.937s][info][gc,start       ] GC(1426) Pause Young (Allocation Failure)
[2025-04-17T11:23:15.108+0000][2194.938s][info][gc,heap        ] GC(1426) DefNew: 9180K(10176K)->104K(10176K) Eden: 9088K(9088K)->0K(9088K) From: 92K(1088K)->104K(1088K)
[2025-04-17T11:23:15.108+0000][2194.938s][info][gc,heap        ] GC(1426) Tenured: 14961K(22468K)->14962K(22468K)
[2025-04-17T11:23:15.108+0000][2194.938s][info][gc,metaspace   ] GC(1426) Metaspace: 37471K(37824K)->37471K(37824K) NonClass: 33045K(33216K)->33045K(33216K) Class: 4425K(4608K)->4425K(4608K)
[2025-04-17T11:23:15.108+0000][2194.938s][info][gc             ] GC(1426) Pause Young (Allocation Failure) 23M->14M(31M) 1.356ms
[2025-04-17T11:23:15.108+0000][2194.938s][info][gc,cpu         ] GC(1426) User=0.00s Sys=0.00s Real=0.00s
[2025-04-17T11:23:16.765+0000][2196.595s][info][gc,start       ] GC(1427) Pause Young (Allocation Failure)
[2025-04-17T11:23:16.766+0000][2196.596s][info][gc,heap        ] GC(1427) DefNew: 9191K(10176K)->91K(10176K) Eden: 9086K(9088K)->0K(9088K) From: 104K(1088K)->91K(1088K)
[2025-04-17T11:23:16.766+0000][2196.596s][info][gc,heap        ] GC(1427) Tenured: 14962K(22468K)->14963K(22468K)
[2025-04-17T11:23:16.766+0000][2196.596s][info][gc,metaspace   ] GC(1427) Metaspace: 37471K(37824K)->37471K(37824K) NonClass: 33045K(33216K)->33045K(33216K) Class: 4425K(4608K)->4425K(4608K)
[2025-04-17T11:23:16.766+0000][2196.596s][info][gc             ] GC(1427) Pause Young (Allocation Failure) 23M->14M(31M) 1.252ms
[2025-04-17T11:23:16.766+0000][2196.596s][info][gc,cpu         ] GC(1427) User=0.00s Sys=0.00s Real=0.00s
[2025-04-17T11:23:18.144+0000][2197.974s][info][gc,start       ] GC(1428) Pause Young (Allocation Failure)
[2025-04-17T11:23:18.145+0000][2197.975s][info][gc,heap        ] GC(1428) DefNew: 9179K(10176K)->86K(10176K) Eden: 9088K(9088K)->0K(9088K) From: 91K(1088K)->86K(1088K)
[2025-04-17T11:23:18.145+0000][2197.975s][info][gc,heap        ] GC(1428) Tenured: 14963K(22468K)->14964K(22468K)
[2025-04-17T11:23:18.145+0000][2197.975s][info][gc,metaspace   ] GC(1428) Metaspace: 37471K(37824K)->37471K(37824K) NonClass: 33045K(33216K)->33045K(33216K) Class: 4425K(4608K)->4425K(4608K)
[2025-04-17T11:23:18.145+0000][2197.975s][info][gc             ] GC(1428) Pause Young (Allocation Failure) 23M->14M(31M) 1.237ms
[2025-04-17T11:23:18.145+0000][2197.975s][info][gc,cpu         ] GC(1428) User=0.00s Sys=0.00s Real=0.01s
[2025-04-17T11:23:19.919+0000][2199.750s][info][gc,start       ] GC(1429) Pause Young (Allocation Failure)
[2025-04-17T11:23:19.921+0000][2199.751s][info][gc,heap        ] GC(1429) DefNew: 9174K(10176K)->94K(10176K) Eden: 9088K(9088K)->0K(9088K) From: 86K(1088K)->94K(1088K)
[2025-04-17T11:23:19.921+0000][2199.751s][info][gc,heap        ] GC(1429) Tenured: 14964K(22468K)->14964K(22468K)
[2025-04-17T11:23:19.921+0000][2199.751s][info][gc,metaspace   ] GC(1429) Metaspace: 37471K(37824K)->37471K(37824K) NonClass: 33045K(33216K)->33045K(33216K) Class: 4425K(4608K)->4425K(4608K)
[2025-04-17T11:23:19.921+0000][2199.751s][info][gc             ] GC(1429) Pause Young (Allocation Failure) 23M->14M(31M) 1.197ms
[2025-04-17T11:23:19.921+0000][2199.751s][info][gc,cpu         ] GC(1429) User=0.00s Sys=0.00s Real=0.00s
[2025-04-17T11:23:21.553+0000][2201.384s][info][gc,start       ] GC(1430) Pause Young (Allocation Failure)
[2025-04-17T11:23:21.555+0000][2201.385s][info][gc,heap        ] GC(1430) DefNew: 9182K(10176K)->82K(10176K) Eden: 9088K(9088K)->0K(9088K) From: 94K(1088K)->82K(1088K)
[2025-04-17T11:23:21.555+0000][2201.385s][info][gc,heap        ] GC(1430) Tenured: 14964K(22468K)->14964K(22468K)
[2025-04-17T11:23:21.555+0000][2201.385s][info][gc,metaspace   ] GC(1430) Metaspace: 37471K(37824K)->37471K(37824K) NonClass: 33045K(33216K)->33045K(33216K) Class: 4425K(4608K)->4425K(4608K)
[2025-04-17T11:23:21.555+0000][2201.385s][info][gc             ] GC(1430) Pause Young (Allocation Failure) 23M->14M(31M) 1.294ms
[2025-04-17T11:23:21.555+0000][2201.385s][info][gc,cpu         ] GC(1430) User=0.00s Sys=0.00s Real=0.01s
[2025-04-17T11:23:22.973+0000][2202.803s][info][gc,start       ] GC(1431) Pause Young (Allocation Failure)
[2025-04-17T11:23:22.974+0000][2202.805s][info][gc,heap        ] GC(1431) DefNew: 9170K(10176K)->100K(10176K) Eden: 9088K(9088K)->0K(9088K) From: 82K(1088K)->100K(1088K)
[2025-04-17T11:23:22.974+0000][2202.805s][info][gc,heap        ] GC(1431) Tenured: 14964K(22468K)->14964K(22468K)
[2025-04-17T11:23:22.974+0000][2202.805s][info][gc,metaspace   ] GC(1431) Metaspace: 37471K(37824K)->37471K(37824K) NonClass: 33045K(33216K)->33045K(33216K) Class: 4425K(4608K)->4425K(4608K)
[2025-04-17T11:23:22.974+0000][2202.805s][info][gc             ] GC(1431) Pause Young (Allocation Failure) 23M->14M(31M) 1.266ms
[2025-04-17T11:23:22.974+0000][2202.805s][info][gc,cpu         ] GC(1431) User=0.00s Sys=0.00s Real=0.01s
[2025-04-17T11:23:24.685+0000][2204.515s][info][gc,start       ] GC(1432) Pause Young (Allocation Failure)
[2025-04-17T11:23:24.686+0000][2204.517s][info][gc,heap        ] GC(1432) DefNew: 9188K(10176K)->81K(10176K) Eden: 9088K(9088K)->0K(9088K) From: 100K(1088K)->81K(1088K)
[2025-04-17T11:23:24.686+0000][2204.517s][info][gc,heap        ] GC(1432) Tenured: 14964K(22468K)->14968K(22468K)
[2025-04-17T11:23:24.686+0000][2204.517s][info][gc,metaspace   ] GC(1432) Metaspace: 37471K(37824K)->37471K(37824K) NonClass: 33045K(33216K)->33045K(33216K) Class: 4425K(4608K)->4425K(4608K)
[2025-04-17T11:23:24.686+0000][2204.517s][info][gc             ] GC(1432) Pause Young (Allocation Failure) 23M->14M(31M) 1.282ms
[2025-04-17T11:23:24.686+0000][2204.517s][info][gc,cpu         ] GC(1432) User=0.00s Sys=0.00s Real=0.00s
[2025-04-17T11:23:26.254+0000][2206.084s][info][gc,start       ] GC(1433) Pause Young (Allocation Failure)
[2025-04-17T11:23:26.255+0000][2206.085s][info][gc,heap        ] GC(1433) DefNew: 9169K(10176K)->82K(10176K) Eden: 9088K(9088K)->0K(9088K) From: 81K(1088K)->82K(1088K)
[2025-04-17T11:23:26.255+0000][2206.085s][info][gc,heap        ] GC(1433) Tenured: 14968K(22468K)->14968K(22468K)
[2025-04-17T11:23:26.255+0000][2206.085s][info][gc,metaspace   ] GC(1433) Metaspace: 37471K(37824K)->37471K(37824K) NonClass: 33045K(33216K)->33045K(33216K) Class: 4425K(4608K)->4425K(4608K)
[2025-04-17T11:23:26.255+0000][2206.085s][info][gc             ] GC(1433) Pause Young (Allocation Failure) 23M->14M(31M) 1.163ms
[2025-04-17T11:23:26.255+0000][2206.085s][info][gc,cpu         ] GC(1433) User=0.00s Sys=0.00s Real=0.01s
[2025-04-17T11:23:27.824+0000][2207.654s][info][gc,start       ] GC(1434) Pause Young (Allocation Failure)
[2025-04-17T11:23:27.825+0000][2207.655s][info][gc,heap        ] GC(1434) DefNew: 9170K(10176K)->87K(10176K) Eden: 9088K(9088K)->0K(9088K) From: 82K(1088K)->87K(1088K)
[2025-04-17T11:23:27.825+0000][2207.655s][info][gc,heap        ] GC(1434) Tenured: 14968K(22468K)->14968K(22468K)
[2025-04-17T11:23:27.825+0000][2207.655s][info][gc,metaspace   ] GC(1434) Metaspace: 37471K(37824K)->37471K(37824K) NonClass: 33045K(33216K)->33045K(33216K) Class: 4425K(4608K)->4425K(4608K)
[2025-04-17T11:23:27.825+0000][2207.656s][info][gc             ] GC(1434) Pause Young (Allocation Failure) 23M->14M(31M) 1.216ms
[2025-04-17T11:23:27.825+0000][2207.656s][info][gc,cpu         ] GC(1434) User=0.01s Sys=0.00s Real=0.00s
[2025-04-17T11:23:29.471+0000][2209.301s][info][gc,start       ] GC(1435) Pause Young (Allocation Failure)
[2025-04-17T11:23:29.472+0000][2209.302s][info][gc,heap        ] GC(1435) DefNew: 9175K(10176K)->98K(10176K) Eden: 9088K(9088K)->0K(9088K) From: 87K(1088K)->98K(1088K)
[2025-04-17T11:23:29.472+0000][2209.302s][info][gc,heap        ] GC(1435) Tenured: 14968K(22468K)->14969K(22468K)
[2025-04-17T11:23:29.472+0000][2209.302s][info][gc,metaspace   ] GC(1435) Metaspace: 37471K(37824K)->37471K(37824K) NonClass: 33045K(33216K)->33045K(33216K) Class: 4425K(4608K)->4425K(4608K)
[2025-04-17T11:23:29.472+0000][2209.302s][info][gc             ] GC(1435) Pause Young (Allocation Failure) 23M->14M(31M) 1.187ms
[2025-04-17T11:23:29.472+0000][2209.302s][info][gc,cpu         ] GC(1435) User=0.00s Sys=0.00s Real=0.00s
[2025-04-17T11:23:31.052+0000][2210.882s][info][gc,start       ] GC(1436) Pause Young (Allocation Failure)
[2025-04-17T11:23:31.053+0000][2210.883s][info][gc,heap        ] GC(1436) DefNew: 9186K(10176K)->88K(10176K) Eden: 9088K(9088K)->0K(9088K) From: 98K(1088K)->88K(1088K)
[2025-04-17T11:23:31.053+0000][2210.883s][info][gc,heap        ] GC(1436) Tenured: 14969K(22468K)->14971K(22468K)
[2025-04-17T11:23:31.053+0000][2210.883s][info][gc,metaspace   ] GC(1436) Metaspace: 37471K(37824K)->37471K(37824K) NonClass: 33045K(33216K)->33045K(33216K) Class: 4425K(4608K)->4425K(4608K)
[2025-04-17T11:23:31.053+0000][2210.883s][info][gc             ] GC(1436) Pause Young (Allocation Failure) 23M->14M(31M) 1.304ms
[2025-04-17T11:23:31.053+0000][2210.883s][info][gc,cpu         ] GC(1436) User=0.00s Sys=0.00s Real=0.00s
[2025-04-17T11:23:32.461+0000][2212.291s][info][gc,start       ] GC(1437) Pause Young (Allocation Failure)
[2025-04-17T11:23:32.462+0000][2212.292s][info][gc,heap        ] GC(1437) DefNew: 9170K(10176K)->98K(10176K) Eden: 9081K(9088K)->0K(9088K) From: 88K(1088K)->98K(1088K)
[2025-04-17T11:23:32.462+0000][2212.292s][info][gc,heap        ] GC(1437) Tenured: 14971K(22468K)->14972K(22468K)
[2025-04-17T11:23:32.462+0000][2212.292s][info][gc,metaspace   ] GC(1437) Metaspace: 37471K(37824K)->37471K(37824K) NonClass: 33045K(33216K)->33045K(33216K) Class: 4425K(4608K)->4425K(4608K)
[2025-04-17T11:23:32.462+0000][2212.292s][info][gc             ] GC(1437) Pause Young (Allocation Failure) 23M->14M(31M) 1.355ms
[2025-04-17T11:23:32.462+0000][2212.292s][info][gc,cpu         ] GC(1437) User=0.00s Sys=0.00s Real=0.00s
[2025-04-17T11:23:33.988+0000][2213.818s][info][gc,start       ] GC(1438) Pause Young (Allocation Failure)
[2025-04-17T11:23:33.989+0000][2213.820s][info][gc,heap        ] GC(1438) DefNew: 9186K(10176K)->77K(10176K) Eden: 9088K(9088K)->0K(9088K) From: 98K(1088K)->77K(1088K)
[2025-04-17T11:23:33.989+0000][2213.820s][info][gc,heap        ] GC(1438) Tenured: 14972K(22468K)->14973K(22468K)
[2025-04-17T11:23:33.989+0000][2213.820s][info][gc,metaspace   ] GC(1438) Metaspace: 37471K(37824K)->37471K(37824K) NonClass: 33045K(33216K)->33045K(33216K) Class: 4425K(4608K)->4425K(4608K)
[2025-04-17T11:23:33.989+0000][2213.820s][info][gc             ] GC(1438) Pause Young (Allocation Failure) 23M->14M(31M) 1.288ms
[2025-04-17T11:23:33.989+0000][2213.820s][info][gc,cpu         ] GC(1438) User=0.00s Sys=0.00s Real=0.00s
[2025-04-17T11:23:35.629+0000][2215.459s][info][gc,start       ] GC(1439) Pause Young (Allocation Failure)
[2025-04-17T11:23:35.630+0000][2215.461s][info][gc,heap        ] GC(1439) DefNew: 9165K(10176K)->93K(10176K) Eden: 9088K(9088K)->0K(9088K) From: 77K(1088K)->93K(1088K)
[2025-04-17T11:23:35.630+0000][2215.461s][info][gc,heap        ] GC(1439) Tenured: 14973K(22468K)->14974K(22468K)
[2025-04-17T11:23:35.630+0000][2215.461s][info][gc,metaspace   ] GC(1439) Metaspace: 37471K(37824K)->37471K(37824K) NonClass: 33045K(33216K)->33045K(33216K) Class: 4425K(4608K)->4425K(4608K)
[2025-04-17T11:23:35.630+0000][2215.461s][info][gc             ] GC(1439) Pause Young (Allocation Failure) 23M->14M(31M) 1.220ms
[2025-04-17T11:23:35.630+0000][2215.461s][info][gc,cpu         ] GC(1439) User=0.00s Sys=0.00s Real=0.00s
[2025-04-17T11:23:37.031+0000][2216.862s][info][gc,start       ] GC(1440) Pause Young (Allocation Failure)
[2025-04-17T11:23:37.033+0000][2216.863s][info][gc,heap        ] GC(1440) DefNew: 9181K(10176K)->79K(10176K) Eden: 9088K(9088K)->0K(9088K) From: 93K(1088K)->79K(1088K)
[2025-04-17T11:23:37.033+0000][2216.863s][info][gc,heap        ] GC(1440) Tenured: 14974K(22468K)->14974K(22468K)
[2025-04-17T11:23:37.033+0000][2216.863s][info][gc,metaspace   ] GC(1440) Metaspace: 37471K(37824K)->37471K(37824K) NonClass: 33045K(33216K)->33045K(33216K) Class: 4425K(4608K)->4425K(4608K)
[2025-04-17T11:23:37.033+0000][2216.863s][info][gc             ] GC(1440) Pause Young (Allocation Failure) 23M->14M(31M) 1.273ms
[2025-04-17T11:23:37.033+0000][2216.863s][info][gc,cpu         ] GC(1440) User=0.00s Sys=0.00s Real=0.00s
[2025-04-17T11:23:38.449+0000][2218.279s][info][gc,start       ] GC(1441) Pause Young (Allocation Failure)
[2025-04-17T11:23:38.450+0000][2218.280s][info][gc,heap        ] GC(1441) DefNew: 9167K(10176K)->80K(10176K) Eden: 9088K(9088K)->0K(9088K) From: 79K(1088K)->80K(1088K)
[2025-04-17T11:23:38.450+0000][2218.280s][info][gc,heap        ] GC(1441) Tenured: 14974K(22468K)->14974K(22468K)
[2025-04-17T11:23:38.450+0000][2218.280s][info][gc,metaspace   ] GC(1441) Metaspace: 37471K(37824K)->37471K(37824K) NonClass: 33045K(33216K)->33045K(33216K) Class: 4425K(4608K)->4425K(4608K)
[2025-04-17T11:23:38.450+0000][2218.280s][info][gc             ] GC(1441) Pause Young (Allocation Failure) 23M->14M(31M) 1.370ms
[2025-04-17T11:23:38.450+0000][2218.280s][info][gc,cpu         ] GC(1441) User=0.01s Sys=0.00s Real=0.00s
[2025-04-17T11:23:39.910+0000][2219.741s][info][gc,start       ] GC(1442) Pause Young (Allocation Failure)
[2025-04-17T11:23:39.912+0000][2219.742s][info][gc,heap        ] GC(1442) DefNew: 9168K(10176K)->92K(10176K) Eden: 9088K(9088K)->0K(9088K) From: 80K(1088K)->92K(1088K)
[2025-04-17T11:23:39.912+0000][2219.742s][info][gc,heap        ] GC(1442) Tenured: 14974K(22468K)->14974K(22468K)
[2025-04-17T11:23:39.912+0000][2219.742s][info][gc,metaspace   ] GC(1442) Metaspace: 37471K(37824K)->37471K(37824K) NonClass: 33045K(33216K)->33045K(33216K) Class: 4425K(4608K)->4425K(4608K)
[2025-04-17T11:23:39.912+0000][2219.742s][info][gc             ] GC(1442) Pause Young (Allocation Failure) 23M->14M(31M) 1.268ms
[2025-04-17T11:23:39.912+0000][2219.742s][info][gc,cpu         ] GC(1442) User=0.00s Sys=0.00s Real=0.00s
[2025-04-17T11:23:41.552+0000][2221.382s][info][gc,start       ] GC(1443) Pause Young (Allocation Failure)
[2025-04-17T11:23:41.553+0000][2221.383s][info][gc,heap        ] GC(1443) DefNew: 9180K(10176K)->97K(10176K) Eden: 9088K(9088K)->0K(9088K) From: 92K(1088K)->97K(1088K)
[2025-04-17T11:23:41.553+0000][2221.383s][info][gc,heap        ] GC(1443) Tenured: 14974K(22468K)->14976K(22468K)
[2025-04-17T11:23:41.553+0000][2221.383s][info][gc,metaspace   ] GC(1443) Metaspace: 37471K(37824K)->37471K(37824K) NonClass: 33045K(33216K)->33045K(33216K) Class: 4425K(4608K)->4425K(4608K)
[2025-04-17T11:23:41.553+0000][2221.383s][info][gc             ] GC(1443) Pause Young (Allocation Failure) 23M->14M(31M) 1.351ms
[2025-04-17T11:23:41.553+0000][2221.383s][info][gc,cpu         ] GC(1443) User=0.00s Sys=0.00s Real=0.00s
[2025-04-17T11:23:43.110+0000][2222.940s][info][gc,start       ] GC(1444) Pause Young (Allocation Failure)
[2025-04-17T11:23:43.111+0000][2222.942s][info][gc,heap        ] GC(1444) DefNew: 9185K(10176K)->79K(10176K) Eden: 9088K(9088K)->0K(9088K) From: 97K(1088K)->79K(1088K)
[2025-04-17T11:23:43.111+0000][2222.942s][info][gc,heap        ] GC(1444) Tenured: 14976K(22468K)->14976K(22468K)
[2025-04-17T11:23:43.111+0000][2222.942s][info][gc,metaspace   ] GC(1444) Metaspace: 37471K(37824K)->37471K(37824K) NonClass: 33045K(33216K)->33045K(33216K) Class: 4425K(4608K)->4425K(4608K)
[2025-04-17T11:23:43.111+0000][2222.942s][info][gc             ] GC(1444) Pause Young (Allocation Failure) 23M->14M(31M) 1.154ms
[2025-04-17T11:23:43.111+0000][2222.942s][info][gc,cpu         ] GC(1444) User=0.01s Sys=0.00s Real=0.00s
[2025-04-17T11:23:44.743+0000][2224.573s][info][gc,start       ] GC(1445) Pause Young (Allocation Failure)
[2025-04-17T11:23:44.744+0000][2224.574s][info][gc,heap        ] GC(1445) DefNew: 9167K(10176K)->81K(10176K) Eden: 9087K(9088K)->0K(9088K) From: 79K(1088K)->81K(1088K)
[2025-04-17T11:23:44.744+0000][2224.574s][info][gc,heap        ] GC(1445) Tenured: 14976K(22468K)->14976K(22468K)
[2025-04-17T11:23:44.744+0000][2224.574s][info][gc,metaspace   ] GC(1445) Metaspace: 37471K(37824K)->37471K(37824K) NonClass: 33045K(33216K)->33045K(33216K) Class: 4425K(4608K)->4425K(4608K)
[2025-04-17T11:23:44.744+0000][2224.574s][info][gc             ] GC(1445) Pause Young (Allocation Failure) 23M->14M(31M) 1.189ms
[2025-04-17T11:23:44.744+0000][2224.574s][info][gc,cpu         ] GC(1445) User=0.00s Sys=0.00s Real=0.01s
[2025-04-17T11:23:46.262+0000][2226.092s][info][gc,start       ] GC(1446) Pause Young (Allocation Failure)
[2025-04-17T11:23:46.263+0000][2226.094s][info][gc,heap        ] GC(1446) DefNew: 9169K(10176K)->77K(10176K) Eden: 9088K(9088K)->0K(9088K) From: 81K(1088K)->77K(1088K)
[2025-04-17T11:23:46.263+0000][2226.094s][info][gc,heap        ] GC(1446) Tenured: 14976K(22468K)->14976K(22468K)
[2025-04-17T11:23:46.263+0000][2226.094s][info][gc,metaspace   ] GC(1446) Metaspace: 37471K(37824K)->37471K(37824K) NonClass: 33045K(33216K)->33045K(33216K) Class: 4425K(4608K)->4425K(4608K)
[2025-04-17T11:23:46.263+0000][2226.094s][info][gc             ] GC(1446) Pause Young (Allocation Failure) 23M->14M(31M) 1.555ms
[2025-04-17T11:23:46.263+0000][2226.094s][info][gc,cpu         ] GC(1446) User=0.00s Sys=0.00s Real=0.00s
[2025-04-17T11:23:47.931+0000][2227.761s][info][gc,start       ] GC(1447) Pause Young (Allocation Failure)
[2025-04-17T11:23:47.932+0000][2227.762s][info][gc,heap        ] GC(1447) DefNew: 9165K(10176K)->95K(10176K) Eden: 9088K(9088K)->0K(9088K) From: 77K(1088K)->95K(1088K)
[2025-04-17T11:23:47.932+0000][2227.762s][info][gc,heap        ] GC(1447) Tenured: 14976K(22468K)->14976K(22468K)
[2025-04-17T11:23:47.932+0000][2227.762s][info][gc,metaspace   ] GC(1447) Metaspace: 37471K(37824K)->37471K(37824K) NonClass: 33045K(33216K)->33045K(33216K) Class: 4425K(4608K)->4425K(4608K)
[2025-04-17T11:23:47.932+0000][2227.762s][info][gc             ] GC(1447) Pause Young (Allocation Failure) 23M->14M(31M) 1.276ms
[2025-04-17T11:23:47.932+0000][2227.762s][info][gc,cpu         ] GC(1447) User=0.00s Sys=0.00s Real=0.00s
[2025-04-17T11:23:49.112+0000][2228.942s][info][gc,start       ] GC(1448) Pause Young (Allocation Failure)
[2025-04-17T11:23:49.113+0000][2228.943s][info][gc,heap        ] GC(1448) DefNew: 9183K(10176K)->82K(10176K) Eden: 9088K(9088K)->0K(9088K) From: 95K(1088K)->82K(1088K)
[2025-04-17T11:23:49.113+0000][2228.943s][info][gc,heap        ] GC(1448) Tenured: 14976K(22468K)->14976K(22468K)
[2025-04-17T11:23:49.113+0000][2228.943s][info][gc,metaspace   ] GC(1448) Metaspace: 37471K(37824K)->37471K(37824K) NonClass: 33045K(33216K)->33045K(33216K) Class: 4425K(4608K)->4425K(4608K)
[2025-04-17T11:23:49.113+0000][2228.943s][info][gc             ] GC(1448) Pause Young (Allocation Failure) 23M->14M(31M) 1.224ms
[2025-04-17T11:23:49.113+0000][2228.943s][info][gc,cpu         ] GC(1448) User=0.00s Sys=0.00s Real=0.00s
[2025-04-17T11:23:50.956+0000][2230.786s][info][gc,start       ] GC(1449) Pause Young (Allocation Failure)
[2025-04-17T11:23:50.957+0000][2230.787s][info][gc,heap        ] GC(1449) DefNew: 9170K(10176K)->89K(10176K) Eden: 9088K(9088K)->0K(9088K) From: 82K(1088K)->89K(1088K)
[2025-04-17T11:23:50.957+0000][2230.787s][info][gc,heap        ] GC(1449) Tenured: 14976K(22468K)->14977K(22468K)
[2025-04-17T11:23:50.957+0000][2230.787s][info][gc,metaspace   ] GC(1449) Metaspace: 37471K(37824K)->37471K(37824K) NonClass: 33045K(33216K)->33045K(33216K) Class: 4425K(4608K)->4425K(4608K)
[2025-04-17T11:23:50.957+0000][2230.787s][info][gc             ] GC(1449) Pause Young (Allocation Failure) 23M->14M(31M) 1.365ms
[2025-04-17T11:23:50.957+0000][2230.787s][info][gc,cpu         ] GC(1449) User=0.00s Sys=0.00s Real=0.00s
[2025-04-17T11:23:52.584+0000][2232.414s][info][gc,start       ] GC(1450) Pause Young (Allocation Failure)
[2025-04-17T11:23:52.585+0000][2232.415s][info][gc,heap        ] GC(1450) DefNew: 9177K(10176K)->73K(10176K) Eden: 9088K(9088K)->0K(9088K) From: 89K(1088K)->73K(1088K)
[2025-04-17T11:23:52.585+0000][2232.415s][info][gc,heap        ] GC(1450) Tenured: 14977K(22468K)->14978K(22468K)
[2025-04-17T11:23:52.585+0000][2232.415s][info][gc,metaspace   ] GC(1450) Metaspace: 37471K(37824K)->37471K(37824K) NonClass: 33045K(33216K)->33045K(33216K) Class: 4425K(4608K)->4425K(4608K)
[2025-04-17T11:23:52.585+0000][2232.415s][info][gc             ] GC(1450) Pause Young (Allocation Failure) 23M->14M(31M) 1.165ms
[2025-04-17T11:23:52.585+0000][2232.415s][info][gc,cpu         ] GC(1450) User=0.00s Sys=0.00s Real=0.00s
[2025-04-17T11:23:54.218+0000][2234.048s][info][gc,start       ] GC(1451) Pause Young (Allocation Failure)
[2025-04-17T11:23:54.219+0000][2234.049s][info][gc,heap        ] GC(1451) DefNew: 9161K(10176K)->92K(10176K) Eden: 9088K(9088K)->0K(9088K) From: 73K(1088K)->92K(1088K)
[2025-04-17T11:23:54.219+0000][2234.049s][info][gc,heap        ] GC(1451) Tenured: 14978K(22468K)->14979K(22468K)
[2025-04-17T11:23:54.219+0000][2234.049s][info][gc,metaspace   ] GC(1451) Metaspace: 37471K(37824K)->37471K(37824K) NonClass: 33045K(33216K)->33045K(33216K) Class: 4425K(4608K)->4425K(4608K)
[2025-04-17T11:23:54.219+0000][2234.049s][info][gc             ] GC(1451) Pause Young (Allocation Failure) 23M->14M(31M) 1.170ms
[2025-04-17T11:23:54.219+0000][2234.049s][info][gc,cpu         ] GC(1451) User=0.00s Sys=0.00s Real=0.00s
[2025-04-17T11:23:55.838+0000][2235.668s][info][gc,start       ] GC(1452) Pause Young (Allocation Failure)
[2025-04-17T11:23:55.839+0000][2235.669s][info][gc,heap        ] GC(1452) DefNew: 9180K(10176K)->75K(10176K) Eden: 9088K(9088K)->0K(9088K) From: 92K(1088K)->75K(1088K)
[2025-04-17T11:23:55.839+0000][2235.670s][info][gc,heap        ] GC(1452) Tenured: 14979K(22468K)->14979K(22468K)
[2025-04-17T11:23:55.839+0000][2235.670s][info][gc,metaspace   ] GC(1452) Metaspace: 37471K(37824K)->37471K(37824K) NonClass: 33045K(33216K)->33045K(33216K) Class: 4425K(4608K)->4425K(4608K)
[2025-04-17T11:23:55.839+0000][2235.670s][info][gc             ] GC(1452) Pause Young (Allocation Failure) 23M->14M(31M) 1.263ms
[2025-04-17T11:23:55.839+0000][2235.670s][info][gc,cpu         ] GC(1452) User=0.00s Sys=0.00s Real=0.00s
[2025-04-17T11:23:57.436+0000][2237.266s][info][gc,start       ] GC(1453) Pause Young (Allocation Failure)
[2025-04-17T11:23:57.437+0000][2237.267s][info][gc,heap        ] GC(1453) DefNew: 9163K(10176K)->106K(10176K) Eden: 9087K(9088K)->0K(9088K) From: 75K(1088K)->106K(1088K)
[2025-04-17T11:23:57.437+0000][2237.267s][info][gc,heap        ] GC(1453) Tenured: 14979K(22468K)->14979K(22468K)
[2025-04-17T11:23:57.437+0000][2237.267s][info][gc,metaspace   ] GC(1453) Metaspace: 37471K(37824K)->37471K(37824K) NonClass: 33045K(33216K)->33045K(33216K) Class: 4425K(4608K)->4425K(4608K)
[2025-04-17T11:23:57.437+0000][2237.267s][info][gc             ] GC(1453) Pause Young (Allocation Failure) 23M->14M(31M) 1.295ms
[2025-04-17T11:23:57.437+0000][2237.267s][info][gc,cpu         ] GC(1453) User=0.00s Sys=0.00s Real=0.00s
[2025-04-17T11:23:58.954+0000][2238.785s][info][gc,start       ] GC(1454) Pause Young (Allocation Failure)
[2025-04-17T11:23:58.956+0000][2238.786s][info][gc,heap        ] GC(1454) DefNew: 9194K(10176K)->76K(10176K) Eden: 9088K(9088K)->0K(9088K) From: 106K(1088K)->76K(1088K)
[2025-04-17T11:23:58.956+0000][2238.786s][info][gc,heap        ] GC(1454) Tenured: 14979K(22468K)->14979K(22468K)
[2025-04-17T11:23:58.956+0000][2238.786s][info][gc,metaspace   ] GC(1454) Metaspace: 37471K(37824K)->37471K(37824K) NonClass: 33045K(33216K)->33045K(33216K) Class: 4425K(4608K)->4425K(4608K)
[2025-04-17T11:23:58.956+0000][2238.786s][info][gc             ] GC(1454) Pause Young (Allocation Failure) 23M->14M(31M) 1.307ms
[2025-04-17T11:23:58.956+0000][2238.786s][info][gc,cpu         ] GC(1454) User=0.00s Sys=0.00s Real=0.00s
[2025-04-17T11:24:00.635+0000][2240.466s][info][gc,start       ] GC(1455) Pause Young (Allocation Failure)
[2025-04-17T11:24:00.637+0000][2240.467s][info][gc,heap        ] GC(1455) DefNew: 9164K(10176K)->92K(10176K) Eden: 9088K(9088K)->0K(9088K) From: 76K(1088K)->92K(1088K)
[2025-04-17T11:24:00.637+0000][2240.467s][info][gc,heap        ] GC(1455) Tenured: 14979K(22468K)->14980K(22468K)
[2025-04-17T11:24:00.637+0000][2240.467s][info][gc,metaspace   ] GC(1455) Metaspace: 37471K(37824K)->37471K(37824K) NonClass: 33045K(33216K)->33045K(33216K) Class: 4425K(4608K)->4425K(4608K)
[2025-04-17T11:24:00.637+0000][2240.467s][info][gc             ] GC(1455) Pause Young (Allocation Failure) 23M->14M(31M) 1.325ms
[2025-04-17T11:24:00.637+0000][2240.467s][info][gc,cpu         ] GC(1455) User=0.00s Sys=0.00s Real=0.00s
[2025-04-17T11:24:02.194+0000][2242.024s][info][gc,start       ] GC(1456) Pause Young (Allocation Failure)
[2025-04-17T11:24:02.195+0000][2242.025s][info][gc,heap        ] GC(1456) DefNew: 9180K(10176K)->88K(10176K) Eden: 9088K(9088K)->0K(9088K) From: 92K(1088K)->88K(1088K)
[2025-04-17T11:24:02.195+0000][2242.025s][info][gc,heap        ] GC(1456) Tenured: 14980K(22468K)->14981K(22468K)
[2025-04-17T11:24:02.195+0000][2242.025s][info][gc,metaspace   ] GC(1456) Metaspace: 37471K(37824K)->37471K(37824K) NonClass: 33045K(33216K)->33045K(33216K) Class: 4425K(4608K)->4425K(4608K)
[2025-04-17T11:24:02.195+0000][2242.025s][info][gc             ] GC(1456) Pause Young (Allocation Failure) 23M->14M(31M) 1.269ms
[2025-04-17T11:24:02.195+0000][2242.025s][info][gc,cpu         ] GC(1456) User=0.00s Sys=0.00s Real=0.01s
[2025-04-17T11:24:03.859+0000][2243.690s][info][gc,start       ] GC(1457) Pause Young (Allocation Failure)
[2025-04-17T11:24:03.861+0000][2243.691s][info][gc,heap        ] GC(1457) DefNew: 9176K(10176K)->76K(10176K) Eden: 9088K(9088K)->0K(9088K) From: 88K(1088K)->76K(1088K)
[2025-04-17T11:24:03.861+0000][2243.691s][info][gc,heap        ] GC(1457) Tenured: 14981K(22468K)->14982K(22468K)
[2025-04-17T11:24:03.861+0000][2243.691s][info][gc,metaspace   ] GC(1457) Metaspace: 37471K(37824K)->37471K(37824K) NonClass: 33045K(33216K)->33045K(33216K) Class: 4425K(4608K)->4425K(4608K)
[2025-04-17T11:24:03.861+0000][2243.691s][info][gc             ] GC(1457) Pause Young (Allocation Failure) 23M->14M(31M) 1.347ms
[2025-04-17T11:24:03.861+0000][2243.691s][info][gc,cpu         ] GC(1457) User=0.01s Sys=0.00s Real=0.00s
[2025-04-17T11:24:05.573+0000][2245.403s][info][gc,start       ] GC(1458) Pause Young (Allocation Failure)
[2025-04-17T11:24:05.574+0000][2245.404s][info][gc,heap        ] GC(1458) DefNew: 9164K(10176K)->77K(10176K) Eden: 9088K(9088K)->0K(9088K) From: 76K(1088K)->77K(1088K)
[2025-04-17T11:24:05.574+0000][2245.404s][info][gc,heap        ] GC(1458) Tenured: 14982K(22468K)->14983K(22468K)
[2025-04-17T11:24:05.574+0000][2245.404s][info][gc,metaspace   ] GC(1458) Metaspace: 37471K(37824K)->37471K(37824K) NonClass: 33045K(33216K)->33045K(33216K) Class: 4425K(4608K)->4425K(4608K)
[2025-04-17T11:24:05.574+0000][2245.404s][info][gc             ] GC(1458) Pause Young (Allocation Failure) 23M->14M(31M) 1.278ms
[2025-04-17T11:24:05.574+0000][2245.404s][info][gc,cpu         ] GC(1458) User=0.00s Sys=0.00s Real=0.00s
[2025-04-17T11:24:06.993+0000][2246.823s][info][gc,start       ] GC(1459) Pause Young (Allocation Failure)
[2025-04-17T11:24:06.994+0000][2246.824s][info][gc,heap        ] GC(1459) DefNew: 9165K(10176K)->88K(10176K) Eden: 9088K(9088K)->0K(9088K) From: 77K(1088K)->88K(1088K)
[2025-04-17T11:24:06.994+0000][2246.824s][info][gc,heap        ] GC(1459) Tenured: 14983K(22468K)->14983K(22468K)
[2025-04-17T11:24:06.994+0000][2246.824s][info][gc,metaspace   ] GC(1459) Metaspace: 37471K(37824K)->37471K(37824K) NonClass: 33045K(33216K)->33045K(33216K) Class: 4425K(4608K)->4425K(4608K)
[2025-04-17T11:24:06.994+0000][2246.824s][info][gc             ] GC(1459) Pause Young (Allocation Failure) 23M->14M(31M) 1.317ms
[2025-04-17T11:24:06.994+0000][2246.824s][info][gc,cpu         ] GC(1459) User=0.00s Sys=0.00s Real=0.01s
[2025-04-17T11:24:08.638+0000][2248.468s][info][gc,start       ] GC(1460) Pause Young (Allocation Failure)
[2025-04-17T11:24:08.639+0000][2248.469s][info][gc,heap        ] GC(1460) DefNew: 9162K(10176K)->75K(10176K) Eden: 9074K(9088K)->0K(9088K) From: 88K(1088K)->75K(1088K)
[2025-04-17T11:24:08.639+0000][2248.469s][info][gc,heap        ] GC(1460) Tenured: 14983K(22468K)->14983K(22468K)
[2025-04-17T11:24:08.639+0000][2248.469s][info][gc,metaspace   ] GC(1460) Metaspace: 37471K(37824K)->37471K(37824K) NonClass: 33045K(33216K)->33045K(33216K) Class: 4425K(4608K)->4425K(4608K)
[2025-04-17T11:24:08.639+0000][2248.469s][info][gc             ] GC(1460) Pause Young (Allocation Failure) 23M->14M(31M) 1.259ms
[2025-04-17T11:24:08.639+0000][2248.469s][info][gc,cpu         ] GC(1460) User=0.00s Sys=0.00s Real=0.00s
[2025-04-17T11:24:10.181+0000][2250.011s][info][gc,start       ] GC(1461) Pause Young (Allocation Failure)
[2025-04-17T11:24:10.182+0000][2250.013s][info][gc,heap        ] GC(1461) DefNew: 9163K(10176K)->70K(10176K) Eden: 9087K(9088K)->0K(9088K) From: 75K(1088K)->70K(1088K)
[2025-04-17T11:24:10.183+0000][2250.013s][info][gc,heap        ] GC(1461) Tenured: 14983K(22468K)->14983K(22468K)
[2025-04-17T11:24:10.183+0000][2250.013s][info][gc,metaspace   ] GC(1461) Metaspace: 37471K(37824K)->37471K(37824K) NonClass: 33045K(33216K)->33045K(33216K) Class: 4425K(4608K)->4425K(4608K)
[2025-04-17T11:24:10.183+0000][2250.013s][info][gc             ] GC(1461) Pause Young (Allocation Failure) 23M->14M(31M) 1.295ms
[2025-04-17T11:24:10.183+0000][2250.013s][info][gc,cpu         ] GC(1461) User=0.00s Sys=0.00s Real=0.00s
[2025-04-17T11:24:11.642+0000][2251.472s][info][gc,start       ] GC(1462) Pause Young (Allocation Failure)
[2025-04-17T11:24:11.643+0000][2251.473s][info][gc,heap        ] GC(1462) DefNew: 9158K(10176K)->87K(10176K) Eden: 9088K(9088K)->0K(9088K) From: 70K(1088K)->87K(1088K)
[2025-04-17T11:24:11.643+0000][2251.473s][info][gc,heap        ] GC(1462) Tenured: 14983K(22468K)->14983K(22468K)
[2025-04-17T11:24:11.643+0000][2251.473s][info][gc,metaspace   ] GC(1462) Metaspace: 37471K(37824K)->37471K(37824K) NonClass: 33045K(33216K)->33045K(33216K) Class: 4425K(4608K)->4425K(4608K)
[2025-04-17T11:24:11.643+0000][2251.473s][info][gc             ] GC(1462) Pause Young (Allocation Failure) 23M->14M(31M) 1.301ms
[2025-04-17T11:24:11.643+0000][2251.473s][info][gc,cpu         ] GC(1462) User=0.00s Sys=0.00s Real=0.00s
[2025-04-17T11:24:13.300+0000][2253.130s][info][gc,start       ] GC(1463) Pause Young (Allocation Failure)
[2025-04-17T11:24:13.301+0000][2253.131s][info][gc,heap        ] GC(1463) DefNew: 9175K(10176K)->71K(10176K) Eden: 9088K(9088K)->0K(9088K) From: 87K(1088K)->71K(1088K)
[2025-04-17T11:24:13.301+0000][2253.131s][info][gc,heap        ] GC(1463) Tenured: 14983K(22468K)->14983K(22468K)
[2025-04-17T11:24:13.301+0000][2253.131s][info][gc,metaspace   ] GC(1463) Metaspace: 37471K(37824K)->37471K(37824K) NonClass: 33045K(33216K)->33045K(33216K) Class: 4425K(4608K)->4425K(4608K)
[2025-04-17T11:24:13.301+0000][2253.131s][info][gc             ] GC(1463) Pause Young (Allocation Failure) 23M->14M(31M) 1.136ms
[2025-04-17T11:24:13.301+0000][2253.131s][info][gc,cpu         ] GC(1463) User=0.00s Sys=0.00s Real=0.00s
[2025-04-17T11:24:14.766+0000][2254.596s][info][gc,start       ] GC(1464) Pause Young (Allocation Failure)
[2025-04-17T11:24:14.767+0000][2254.598s][info][gc,heap        ] GC(1464) DefNew: 9159K(10176K)->72K(10176K) Eden: 9088K(9088K)->0K(9088K) From: 71K(1088K)->72K(1088K)
[2025-04-17T11:24:14.768+0000][2254.598s][info][gc,heap        ] GC(1464) Tenured: 14983K(22468K)->14983K(22468K)
[2025-04-17T11:24:14.768+0000][2254.598s][info][gc,metaspace   ] GC(1464) Metaspace: 37471K(37824K)->37471K(37824K) NonClass: 33045K(33216K)->33045K(33216K) Class: 4425K(4608K)->4425K(4608K)
[2025-04-17T11:24:14.768+0000][2254.598s][info][gc             ] GC(1464) Pause Young (Allocation Failure) 23M->14M(31M) 1.260ms
[2025-04-17T11:24:14.768+0000][2254.598s][info][gc,cpu         ] GC(1464) User=0.00s Sys=0.00s Real=0.00s
[2025-04-17T11:24:16.578+0000][2256.408s][info][gc,start       ] GC(1465) Pause Young (Allocation Failure)
[2025-04-17T11:24:16.579+0000][2256.409s][info][gc,heap        ] GC(1465) DefNew: 9160K(10176K)->73K(10176K) Eden: 9088K(9088K)->0K(9088K) From: 72K(1088K)->73K(1088K)
[2025-04-17T11:24:16.579+0000][2256.409s][info][gc,heap        ] GC(1465) Tenured: 14983K(22468K)->14983K(22468K)
[2025-04-17T11:24:16.579+0000][2256.409s][info][gc,metaspace   ] GC(1465) Metaspace: 37471K(37824K)->37471K(37824K) NonClass: 33045K(33216K)->33045K(33216K) Class: 4425K(4608K)->4425K(4608K)
[2025-04-17T11:24:16.579+0000][2256.410s][info][gc             ] GC(1465) Pause Young (Allocation Failure) 23M->14M(31M) 1.384ms
[2025-04-17T11:24:16.579+0000][2256.410s][info][gc,cpu         ] GC(1465) User=0.00s Sys=0.00s Real=0.00s
[2025-04-17T11:24:18.118+0000][2257.948s][info][gc,start       ] GC(1466) Pause Young (Allocation Failure)
[2025-04-17T11:24:18.119+0000][2257.950s][info][gc,heap        ] GC(1466) DefNew: 9161K(10176K)->88K(10176K) Eden: 9088K(9088K)->0K(9088K) From: 73K(1088K)->88K(1088K)
[2025-04-17T11:24:18.120+0000][2257.950s][info][gc,heap        ] GC(1466) Tenured: 14983K(22468K)->14983K(22468K)
[2025-04-17T11:24:18.120+0000][2257.950s][info][gc,metaspace   ] GC(1466) Metaspace: 37471K(37824K)->37471K(37824K) NonClass: 33045K(33216K)->33045K(33216K) Class: 4425K(4608K)->4425K(4608K)
[2025-04-17T11:24:18.120+0000][2257.950s][info][gc             ] GC(1466) Pause Young (Allocation Failure) 23M->14M(31M) 1.303ms
[2025-04-17T11:24:18.120+0000][2257.950s][info][gc,cpu         ] GC(1466) User=0.01s Sys=0.00s Real=0.00s
[2025-04-17T11:24:19.537+0000][2259.367s][info][gc,start       ] GC(1467) Pause Young (Allocation Failure)
[2025-04-17T11:24:19.538+0000][2259.369s][info][gc,heap        ] GC(1467) DefNew: 9163K(10176K)->75K(10176K) Eden: 9075K(9088K)->0K(9088K) From: 88K(1088K)->75K(1088K)
[2025-04-17T11:24:19.538+0000][2259.369s][info][gc,heap        ] GC(1467) Tenured: 14983K(22468K)->14983K(22468K)
[2025-04-17T11:24:19.538+0000][2259.369s][info][gc,metaspace   ] GC(1467) Metaspace: 37471K(37824K)->37471K(37824K) NonClass: 33045K(33216K)->33045K(33216K) Class: 4425K(4608K)->4425K(4608K)
[2025-04-17T11:24:19.539+0000][2259.369s][info][gc             ] GC(1467) Pause Young (Allocation Failure) 23M->14M(31M) 1.258ms
[2025-04-17T11:24:19.539+0000][2259.369s][info][gc,cpu         ] GC(1467) User=0.00s Sys=0.00s Real=0.00s
[2025-04-17T11:24:21.099+0000][2260.929s][info][gc,start       ] GC(1468) Pause Young (Allocation Failure)
[2025-04-17T11:24:21.100+0000][2260.930s][info][gc,heap        ] GC(1468) DefNew: 9163K(10176K)->70K(10176K) Eden: 9088K(9088K)->0K(9088K) From: 75K(1088K)->70K(1088K)
[2025-04-17T11:24:21.100+0000][2260.930s][info][gc,heap        ] GC(1468) Tenured: 14983K(22468K)->14983K(22468K)
[2025-04-17T11:24:21.100+0000][2260.930s][info][gc,metaspace   ] GC(1468) Metaspace: 37471K(37824K)->37471K(37824K) NonClass: 33045K(33216K)->33045K(33216K) Class: 4425K(4608K)->4425K(4608K)
[2025-04-17T11:24:21.100+0000][2260.930s][info][gc             ] GC(1468) Pause Young (Allocation Failure) 23M->14M(31M) 1.244ms
[2025-04-17T11:24:21.100+0000][2260.930s][info][gc,cpu         ] GC(1468) User=0.00s Sys=0.00s Real=0.00s
[2025-04-17T11:24:22.702+0000][2262.532s][info][gc,start       ] GC(1469) Pause Young (Allocation Failure)
[2025-04-17T11:24:22.703+0000][2262.534s][info][gc,heap        ] GC(1469) DefNew: 9158K(10176K)->68K(10176K) Eden: 9088K(9088K)->0K(9088K) From: 70K(1088K)->68K(1088K)
[2025-04-17T11:24:22.703+0000][2262.534s][info][gc,heap        ] GC(1469) Tenured: 14983K(22468K)->14983K(22468K)
[2025-04-17T11:24:22.703+0000][2262.534s][info][gc,metaspace   ] GC(1469) Metaspace: 37471K(37824K)->37471K(37824K) NonClass: 33045K(33216K)->33045K(33216K) Class: 4425K(4608K)->4425K(4608K)
[2025-04-17T11:24:22.703+0000][2262.534s][info][gc             ] GC(1469) Pause Young (Allocation Failure) 23M->14M(31M) 1.323ms
[2025-04-17T11:24:22.704+0000][2262.534s][info][gc,cpu         ] GC(1469) User=0.00s Sys=0.00s Real=0.00s
[2025-04-17T11:24:24.284+0000][2264.115s][info][gc,start       ] GC(1470) Pause Young (Allocation Failure)
[2025-04-17T11:24:24.286+0000][2264.116s][info][gc,heap        ] GC(1470) DefNew: 9156K(10176K)->89K(10176K) Eden: 9088K(9088K)->0K(9088K) From: 68K(1088K)->89K(1088K)
[2025-04-17T11:24:24.286+0000][2264.116s][info][gc,heap        ] GC(1470) Tenured: 14983K(22468K)->14983K(22468K)
[2025-04-17T11:24:24.286+0000][2264.116s][info][gc,metaspace   ] GC(1470) Metaspace: 37471K(37824K)->37471K(37824K) NonClass: 33045K(33216K)->33045K(33216K) Class: 4425K(4608K)->4425K(4608K)
[2025-04-17T11:24:24.286+0000][2264.116s][info][gc             ] GC(1470) Pause Young (Allocation Failure) 23M->14M(31M) 1.315ms
[2025-04-17T11:24:24.286+0000][2264.116s][info][gc,cpu         ] GC(1470) User=0.00s Sys=0.00s Real=0.00s
[2025-04-17T11:24:25.898+0000][2265.728s][info][gc,start       ] GC(1471) Pause Young (Allocation Failure)
[2025-04-17T11:24:25.899+0000][2265.730s][info][gc,heap        ] GC(1471) DefNew: 9177K(10176K)->71K(10176K) Eden: 9088K(9088K)->0K(9088K) From: 89K(1088K)->71K(1088K)
[2025-04-17T11:24:25.899+0000][2265.730s][info][gc,heap        ] GC(1471) Tenured: 14983K(22468K)->14983K(22468K)
[2025-04-17T11:24:25.899+0000][2265.730s][info][gc,metaspace   ] GC(1471) Metaspace: 37471K(37824K)->37471K(37824K) NonClass: 33045K(33216K)->33045K(33216K) Class: 4425K(4608K)->4425K(4608K)
[2025-04-17T11:24:25.899+0000][2265.730s][info][gc             ] GC(1471) Pause Young (Allocation Failure) 23M->14M(31M) 1.295ms
[2025-04-17T11:24:25.899+0000][2265.730s][info][gc,cpu         ] GC(1471) User=0.01s Sys=0.00s Real=0.00s
[2025-04-17T11:24:27.381+0000][2267.211s][info][gc,start       ] GC(1472) Pause Young (Allocation Failure)
[2025-04-17T11:24:27.382+0000][2267.212s][info][gc,heap        ] GC(1472) DefNew: 9159K(10176K)->75K(10176K) Eden: 9088K(9088K)->0K(9088K) From: 71K(1088K)->75K(1088K)
[2025-04-17T11:24:27.382+0000][2267.212s][info][gc,heap        ] GC(1472) Tenured: 14983K(22468K)->14983K(22468K)
[2025-04-17T11:24:27.382+0000][2267.212s][info][gc,metaspace   ] GC(1472) Metaspace: 37471K(37824K)->37471K(37824K) NonClass: 33045K(33216K)->33045K(33216K) Class: 4425K(4608K)->4425K(4608K)
[2025-04-17T11:24:27.382+0000][2267.212s][info][gc             ] GC(1472) Pause Young (Allocation Failure) 23M->14M(31M) 1.301ms
[2025-04-17T11:24:27.382+0000][2267.212s][info][gc,cpu         ] GC(1472) User=0.00s Sys=0.00s Real=0.00s
[2025-04-17T11:24:29.097+0000][2268.927s][info][gc,start       ] GC(1473) Pause Young (Allocation Failure)
[2025-04-17T11:24:29.098+0000][2268.929s][info][gc,heap        ] GC(1473) DefNew: 9163K(10176K)->72K(10176K) Eden: 9088K(9088K)->0K(9088K) From: 75K(1088K)->72K(1088K)
[2025-04-17T11:24:29.098+0000][2268.929s][info][gc,heap        ] GC(1473) Tenured: 14983K(22468K)->14983K(22468K)
[2025-04-17T11:24:29.098+0000][2268.929s][info][gc,metaspace   ] GC(1473) Metaspace: 37471K(37824K)->37471K(37824K) NonClass: 33045K(33216K)->33045K(33216K) Class: 4425K(4608K)->4425K(4608K)
[2025-04-17T11:24:29.098+0000][2268.929s][info][gc             ] GC(1473) Pause Young (Allocation Failure) 23M->14M(31M) 1.261ms
[2025-04-17T11:24:29.098+0000][2268.929s][info][gc,cpu         ] GC(1473) User=0.00s Sys=0.00s Real=0.00s
[2025-04-17T11:24:30.514+0000][2270.344s][info][gc,start       ] GC(1474) Pause Young (Allocation Failure)
[2025-04-17T11:24:30.515+0000][2270.345s][info][gc,heap        ] GC(1474) DefNew: 9160K(10176K)->69K(10176K) Eden: 9088K(9088K)->0K(9088K) From: 72K(1088K)->69K(1088K)
[2025-04-17T11:24:30.515+0000][2270.345s][info][gc,heap        ] GC(1474) Tenured: 14983K(22468K)->14983K(22468K)
[2025-04-17T11:24:30.515+0000][2270.345s][info][gc,metaspace   ] GC(1474) Metaspace: 37471K(37824K)->37471K(37824K) NonClass: 33045K(33216K)->33045K(33216K) Class: 4425K(4608K)->4425K(4608K)
[2025-04-17T11:24:30.515+0000][2270.345s][info][gc             ] GC(1474) Pause Young (Allocation Failure) 23M->14M(31M) 1.173ms
[2025-04-17T11:24:30.515+0000][2270.345s][info][gc,cpu         ] GC(1474) User=0.00s Sys=0.00s Real=0.00s
[2025-04-17T11:24:32.403+0000][2272.234s][info][gc,start       ] GC(1475) Pause Young (Allocation Failure)
[2025-04-17T11:24:32.405+0000][2272.235s][info][gc,heap        ] GC(1475) DefNew: 9157K(10176K)->89K(10176K) Eden: 9088K(9088K)->0K(9088K) From: 69K(1088K)->89K(1088K)
[2025-04-17T11:24:32.405+0000][2272.235s][info][gc,heap        ] GC(1475) Tenured: 14983K(22468K)->14983K(22468K)
[2025-04-17T11:24:32.405+0000][2272.235s][info][gc,metaspace   ] GC(1475) Metaspace: 37471K(37824K)->37471K(37824K) NonClass: 33045K(33216K)->33045K(33216K) Class: 4425K(4608K)->4425K(4608K)
[2025-04-17T11:24:32.405+0000][2272.235s][info][gc             ] GC(1475) Pause Young (Allocation Failure) 23M->14M(31M) 1.263ms
[2025-04-17T11:24:32.405+0000][2272.235s][info][gc,cpu         ] GC(1475) User=0.00s Sys=0.00s Real=0.01s
[2025-04-17T11:24:33.857+0000][2273.687s][info][gc,start       ] GC(1476) Pause Young (Allocation Failure)
[2025-04-17T11:24:33.858+0000][2273.688s][info][gc,heap        ] GC(1476) DefNew: 9177K(10176K)->88K(10176K) Eden: 9088K(9088K)->0K(9088K) From: 89K(1088K)->88K(1088K)
[2025-04-17T11:24:33.858+0000][2273.688s][info][gc,heap        ] GC(1476) Tenured: 14983K(22468K)->14983K(22468K)
[2025-04-17T11:24:33.858+0000][2273.688s][info][gc,metaspace   ] GC(1476) Metaspace: 37471K(37824K)->37471K(37824K) NonClass: 33045K(33216K)->33045K(33216K) Class: 4425K(4608K)->4425K(4608K)
[2025-04-17T11:24:33.858+0000][2273.688s][info][gc             ] GC(1476) Pause Young (Allocation Failure) 23M->14M(31M) 1.162ms
[2025-04-17T11:24:33.858+0000][2273.688s][info][gc,cpu         ] GC(1476) User=0.00s Sys=0.00s Real=0.00s
[2025-04-17T11:24:35.489+0000][2275.319s][info][gc,start       ] GC(1477) Pause Young (Allocation Failure)
[2025-04-17T11:24:35.490+0000][2275.321s][info][gc,heap        ] GC(1477) DefNew: 9176K(10176K)->75K(10176K) Eden: 9088K(9088K)->0K(9088K) From: 88K(1088K)->75K(1088K)
[2025-04-17T11:24:35.490+0000][2275.321s][info][gc,heap        ] GC(1477) Tenured: 14983K(22468K)->14983K(22468K)
[2025-04-17T11:24:35.490+0000][2275.321s][info][gc,metaspace   ] GC(1477) Metaspace: 37471K(37824K)->37471K(37824K) NonClass: 33045K(33216K)->33045K(33216K) Class: 4425K(4608K)->4425K(4608K)
[2025-04-17T11:24:35.490+0000][2275.321s][info][gc             ] GC(1477) Pause Young (Allocation Failure) 23M->14M(31M) 1.270ms
[2025-04-17T11:24:35.490+0000][2275.321s][info][gc,cpu         ] GC(1477) User=0.00s Sys=0.00s Real=0.00s
[2025-04-17T11:24:37.043+0000][2276.873s][info][gc,start       ] GC(1478) Pause Young (Allocation Failure)
[2025-04-17T11:24:37.044+0000][2276.874s][info][gc,heap        ] GC(1478) DefNew: 9163K(10176K)->85K(10176K) Eden: 9088K(9088K)->0K(9088K) From: 75K(1088K)->85K(1088K)
[2025-04-17T11:24:37.044+0000][2276.874s][info][gc,heap        ] GC(1478) Tenured: 14983K(22468K)->14983K(22468K)
[2025-04-17T11:24:37.044+0000][2276.874s][info][gc,metaspace   ] GC(1478) Metaspace: 37471K(37824K)->37471K(37824K) NonClass: 33045K(33216K)->33045K(33216K) Class: 4425K(4608K)->4425K(4608K)
[2025-04-17T11:24:37.044+0000][2276.874s][info][gc             ] GC(1478) Pause Young (Allocation Failure) 23M->14M(31M) 1.244ms
[2025-04-17T11:24:37.044+0000][2276.874s][info][gc,cpu         ] GC(1478) User=0.00s Sys=0.00s Real=0.01s
[2025-04-17T11:24:38.672+0000][2278.502s][info][gc,start       ] GC(1479) Pause Young (Allocation Failure)
[2025-04-17T11:24:38.673+0000][2278.503s][info][gc,heap        ] GC(1479) DefNew: 9173K(10176K)->88K(10176K) Eden: 9088K(9088K)->0K(9088K) From: 85K(1088K)->88K(1088K)
[2025-04-17T11:24:38.673+0000][2278.503s][info][gc,heap        ] GC(1479) Tenured: 14983K(22468K)->14983K(22468K)
[2025-04-17T11:24:38.673+0000][2278.503s][info][gc,metaspace   ] GC(1479) Metaspace: 37471K(37824K)->37471K(37824K) NonClass: 33045K(33216K)->33045K(33216K) Class: 4425K(4608K)->4425K(4608K)
[2025-04-17T11:24:38.673+0000][2278.503s][info][gc             ] GC(1479) Pause Young (Allocation Failure) 23M->14M(31M) 1.184ms
[2025-04-17T11:24:38.673+0000][2278.503s][info][gc,cpu         ] GC(1479) User=0.00s Sys=0.00s Real=0.00s
[2025-04-17T11:24:40.417+0000][2280.247s][info][gc,start       ] GC(1480) Pause Young (Allocation Failure)
[2025-04-17T11:24:40.418+0000][2280.248s][info][gc,heap        ] GC(1480) DefNew: 9176K(10176K)->80K(10176K) Eden: 9088K(9088K)->0K(9088K) From: 88K(1088K)->80K(1088K)
[2025-04-17T11:24:40.418+0000][2280.248s][info][gc,heap        ] GC(1480) Tenured: 14983K(22468K)->14983K(22468K)
[2025-04-17T11:24:40.418+0000][2280.248s][info][gc,metaspace   ] GC(1480) Metaspace: 37471K(37824K)->37471K(37824K) NonClass: 33045K(33216K)->33045K(33216K) Class: 4425K(4608K)->4425K(4608K)
[2025-04-17T11:24:40.418+0000][2280.248s][info][gc             ] GC(1480) Pause Young (Allocation Failure) 23M->14M(31M) 1.166ms
[2025-04-17T11:24:40.418+0000][2280.248s][info][gc,cpu         ] GC(1480) User=0.00s Sys=0.00s Real=0.00s
[2025-04-17T11:24:41.708+0000][2281.538s][info][gc,start       ] GC(1481) Pause Young (Allocation Failure)
[2025-04-17T11:24:41.709+0000][2281.540s][info][gc,heap        ] GC(1481) DefNew: 9168K(10176K)->88K(10176K) Eden: 9088K(9088K)->0K(9088K) From: 80K(1088K)->88K(1088K)
[2025-04-17T11:24:41.709+0000][2281.540s][info][gc,heap        ] GC(1481) Tenured: 14983K(22468K)->14983K(22468K)
[2025-04-17T11:24:41.709+0000][2281.540s][info][gc,metaspace   ] GC(1481) Metaspace: 37471K(37824K)->37471K(37824K) NonClass: 33045K(33216K)->33045K(33216K) Class: 4425K(4608K)->4425K(4608K)
[2025-04-17T11:24:41.710+0000][2281.540s][info][gc             ] GC(1481) Pause Young (Allocation Failure) 23M->14M(31M) 1.595ms
[2025-04-17T11:24:41.710+0000][2281.540s][info][gc,cpu         ] GC(1481) User=0.00s Sys=0.00s Real=0.00s
[2025-04-17T11:24:43.640+0000][2283.470s][info][gc,start       ] GC(1482) Pause Young (Allocation Failure)
[2025-04-17T11:24:43.641+0000][2283.471s][info][gc,heap        ] GC(1482) DefNew: 9176K(10176K)->75K(10176K) Eden: 9088K(9088K)->0K(9088K) From: 88K(1088K)->75K(1088K)
[2025-04-17T11:24:43.641+0000][2283.471s][info][gc,heap        ] GC(1482) Tenured: 14983K(22468K)->14983K(22468K)
[2025-04-17T11:24:43.641+0000][2283.471s][info][gc,metaspace   ] GC(1482) Metaspace: 37471K(37824K)->37471K(37824K) NonClass: 33045K(33216K)->33045K(33216K) Class: 4425K(4608K)->4425K(4608K)
[2025-04-17T11:24:43.641+0000][2283.471s][info][gc             ] GC(1482) Pause Young (Allocation Failure) 23M->14M(31M) 1.275ms
[2025-04-17T11:24:43.641+0000][2283.471s][info][gc,cpu         ] GC(1482) User=0.00s Sys=0.00s Real=0.00s
[2025-04-17T11:24:45.020+0000][2284.850s][info][gc,start       ] GC(1483) Pause Young (Allocation Failure)
[2025-04-17T11:24:45.021+0000][2284.851s][info][gc,heap        ] GC(1483) DefNew: 9163K(10176K)->75K(10176K) Eden: 9087K(9088K)->0K(9088K) From: 75K(1088K)->75K(1088K)
[2025-04-17T11:24:45.021+0000][2284.851s][info][gc,heap        ] GC(1483) Tenured: 14983K(22468K)->14983K(22468K)
[2025-04-17T11:24:45.021+0000][2284.851s][info][gc,metaspace   ] GC(1483) Metaspace: 37471K(37824K)->37471K(37824K) NonClass: 33045K(33216K)->33045K(33216K) Class: 4425K(4608K)->4425K(4608K)
[2025-04-17T11:24:45.021+0000][2284.851s][info][gc             ] GC(1483) Pause Young (Allocation Failure) 23M->14M(31M) 1.310ms
[2025-04-17T11:24:45.021+0000][2284.851s][info][gc,cpu         ] GC(1483) User=0.00s Sys=0.00s Real=0.00s
[2025-04-17T11:24:46.599+0000][2286.429s][info][gc,start       ] GC(1484) Pause Young (Allocation Failure)
[2025-04-17T11:24:46.600+0000][2286.430s][info][gc,heap        ] GC(1484) DefNew: 9163K(10176K)->90K(10176K) Eden: 9088K(9088K)->0K(9088K) From: 75K(1088K)->90K(1088K)
[2025-04-17T11:24:46.600+0000][2286.430s][info][gc,heap        ] GC(1484) Tenured: 14983K(22468K)->14983K(22468K)
[2025-04-17T11:24:46.600+0000][2286.430s][info][gc,metaspace   ] GC(1484) Metaspace: 37471K(37824K)->37471K(37824K) NonClass: 33045K(33216K)->33045K(33216K) Class: 4425K(4608K)->4425K(4608K)
[2025-04-17T11:24:46.600+0000][2286.430s][info][gc             ] GC(1484) Pause Young (Allocation Failure) 23M->14M(31M) 1.231ms
[2025-04-17T11:24:46.600+0000][2286.430s][info][gc,cpu         ] GC(1484) User=0.01s Sys=0.00s Real=0.00s
[2025-04-17T11:24:48.091+0000][2287.922s][info][gc,start       ] GC(1485) Pause Young (Allocation Failure)
[2025-04-17T11:24:48.093+0000][2287.923s][info][gc,heap        ] GC(1485) DefNew: 9178K(10176K)->88K(10176K) Eden: 9088K(9088K)->0K(9088K) From: 90K(1088K)->88K(1088K)
[2025-04-17T11:24:48.093+0000][2287.923s][info][gc,heap        ] GC(1485) Tenured: 14983K(22468K)->14983K(22468K)
[2025-04-17T11:24:48.093+0000][2287.923s][info][gc,metaspace   ] GC(1485) Metaspace: 37471K(37824K)->37471K(37824K) NonClass: 33045K(33216K)->33045K(33216K) Class: 4425K(4608K)->4425K(4608K)
[2025-04-17T11:24:48.093+0000][2287.923s][info][gc             ] GC(1485) Pause Young (Allocation Failure) 23M->14M(31M) 1.279ms
[2025-04-17T11:24:48.093+0000][2287.923s][info][gc,cpu         ] GC(1485) User=0.00s Sys=0.00s Real=0.00s
[2025-04-17T11:24:49.581+0000][2289.411s][info][gc,start       ] GC(1486) Pause Young (Allocation Failure)
[2025-04-17T11:24:49.582+0000][2289.412s][info][gc,heap        ] GC(1486) DefNew: 9176K(10176K)->77K(10176K) Eden: 9088K(9088K)->0K(9088K) From: 88K(1088K)->77K(1088K)
[2025-04-17T11:24:49.582+0000][2289.412s][info][gc,heap        ] GC(1486) Tenured: 14983K(22468K)->14983K(22468K)
[2025-04-17T11:24:49.582+0000][2289.412s][info][gc,metaspace   ] GC(1486) Metaspace: 37471K(37824K)->37471K(37824K) NonClass: 33045K(33216K)->33045K(33216K) Class: 4425K(4608K)->4425K(4608K)
[2025-04-17T11:24:49.582+0000][2289.413s][info][gc             ] GC(1486) Pause Young (Allocation Failure) 23M->14M(31M) 1.275ms
[2025-04-17T11:24:49.582+0000][2289.413s][info][gc,cpu         ] GC(1486) User=0.00s Sys=0.00s Real=0.00s
[2025-04-17T11:24:51.337+0000][2291.167s][info][gc,start       ] GC(1487) Pause Young (Allocation Failure)
[2025-04-17T11:24:51.338+0000][2291.168s][info][gc,heap        ] GC(1487) DefNew: 9165K(10176K)->74K(10176K) Eden: 9088K(9088K)->0K(9088K) From: 77K(1088K)->74K(1088K)
[2025-04-17T11:24:51.338+0000][2291.168s][info][gc,heap        ] GC(1487) Tenured: 14983K(22468K)->14983K(22468K)
[2025-04-17T11:24:51.338+0000][2291.168s][info][gc,metaspace   ] GC(1487) Metaspace: 37471K(37824K)->37471K(37824K) NonClass: 33045K(33216K)->33045K(33216K) Class: 4425K(4608K)->4425K(4608K)
[2025-04-17T11:24:51.338+0000][2291.168s][info][gc             ] GC(1487) Pause Young (Allocation Failure) 23M->14M(31M) 1.215ms
[2025-04-17T11:24:51.338+0000][2291.168s][info][gc,cpu         ] GC(1487) User=0.01s Sys=0.00s Real=0.00s
[2025-04-17T11:24:52.798+0000][2292.629s][info][gc,start       ] GC(1488) Pause Young (Allocation Failure)
[2025-04-17T11:24:52.799+0000][2292.630s][info][gc,heap        ] GC(1488) DefNew: 9162K(10176K)->70K(10176K) Eden: 9088K(9088K)->0K(9088K) From: 74K(1088K)->70K(1088K)
[2025-04-17T11:24:52.800+0000][2292.630s][info][gc,heap        ] GC(1488) Tenured: 14983K(22468K)->14983K(22468K)
[2025-04-17T11:24:52.800+0000][2292.630s][info][gc,metaspace   ] GC(1488) Metaspace: 37471K(37824K)->37471K(37824K) NonClass: 33045K(33216K)->33045K(33216K) Class: 4425K(4608K)->4425K(4608K)
[2025-04-17T11:24:52.800+0000][2292.630s][info][gc             ] GC(1488) Pause Young (Allocation Failure) 23M->14M(31M) 1.140ms
[2025-04-17T11:24:52.800+0000][2292.630s][info][gc,cpu         ] GC(1488) User=0.00s Sys=0.00s Real=0.00s
[2025-04-17T11:24:54.470+0000][2294.300s][info][gc,start       ] GC(1489) Pause Young (Allocation Failure)
[2025-04-17T11:24:54.471+0000][2294.301s][info][gc,heap        ] GC(1489) DefNew: 9158K(10176K)->91K(10176K) Eden: 9088K(9088K)->0K(9088K) From: 70K(1088K)->91K(1088K)
[2025-04-17T11:24:54.471+0000][2294.301s][info][gc,heap        ] GC(1489) Tenured: 14983K(22468K)->14983K(22468K)
[2025-04-17T11:24:54.471+0000][2294.301s][info][gc,metaspace   ] GC(1489) Metaspace: 37471K(37824K)->37471K(37824K) NonClass: 33045K(33216K)->33045K(33216K) Class: 4425K(4608K)->4425K(4608K)
[2025-04-17T11:24:54.471+0000][2294.301s][info][gc             ] GC(1489) Pause Young (Allocation Failure) 23M->14M(31M) 1.296ms
[2025-04-17T11:24:54.471+0000][2294.301s][info][gc,cpu         ] GC(1489) User=0.00s Sys=0.00s Real=0.00s
[2025-04-17T11:24:55.919+0000][2295.750s][info][gc,start       ] GC(1490) Pause Young (Allocation Failure)
[2025-04-17T11:24:55.921+0000][2295.751s][info][gc,heap        ] GC(1490) DefNew: 9179K(10176K)->79K(10176K) Eden: 9088K(9088K)->0K(9088K) From: 91K(1088K)->79K(1088K)
[2025-04-17T11:24:55.921+0000][2295.751s][info][gc,heap        ] GC(1490) Tenured: 14983K(22468K)->14983K(22468K)
[2025-04-17T11:24:55.921+0000][2295.751s][info][gc,metaspace   ] GC(1490) Metaspace: 37471K(37824K)->37471K(37824K) NonClass: 33045K(33216K)->33045K(33216K) Class: 4425K(4608K)->4425K(4608K)
[2025-04-17T11:24:55.921+0000][2295.751s][info][gc             ] GC(1490) Pause Young (Allocation Failure) 23M->14M(31M) 1.234ms
[2025-04-17T11:24:55.921+0000][2295.751s][info][gc,cpu         ] GC(1490) User=0.00s Sys=0.00s Real=0.00s
[2025-04-17T11:24:57.460+0000][2297.290s][info][gc,start       ] GC(1491) Pause Young (Allocation Failure)
[2025-04-17T11:24:57.461+0000][2297.291s][info][gc,heap        ] GC(1491) DefNew: 9167K(10176K)->77K(10176K) Eden: 9088K(9088K)->0K(9088K) From: 79K(1088K)->77K(1088K)
[2025-04-17T11:24:57.461+0000][2297.291s][info][gc,heap        ] GC(1491) Tenured: 14983K(22468K)->14983K(22468K)
[2025-04-17T11:24:57.461+0000][2297.291s][info][gc,metaspace   ] GC(1491) Metaspace: 37471K(37824K)->37471K(37824K) NonClass: 33045K(33216K)->33045K(33216K) Class: 4425K(4608K)->4425K(4608K)
[2025-04-17T11:24:57.461+0000][2297.292s][info][gc             ] GC(1491) Pause Young (Allocation Failure) 23M->14M(31M) 1.170ms
[2025-04-17T11:24:57.461+0000][2297.292s][info][gc,cpu         ] GC(1491) User=0.00s Sys=0.00s Real=0.00s
[2025-04-17T11:24:59.004+0000][2298.834s][info][gc,start       ] GC(1492) Pause Young (Allocation Failure)
[2025-04-17T11:24:59.005+0000][2298.835s][info][gc,heap        ] GC(1492) DefNew: 9165K(10176K)->86K(10176K) Eden: 9088K(9088K)->0K(9088K) From: 77K(1088K)->86K(1088K)
[2025-04-17T11:24:59.005+0000][2298.835s][info][gc,heap        ] GC(1492) Tenured: 14983K(22468K)->14983K(22468K)
[2025-04-17T11:24:59.005+0000][2298.835s][info][gc,metaspace   ] GC(1492) Metaspace: 37471K(37824K)->37471K(37824K) NonClass: 33045K(33216K)->33045K(33216K) Class: 4425K(4608K)->4425K(4608K)
[2025-04-17T11:24:59.005+0000][2298.835s][info][gc             ] GC(1492) Pause Young (Allocation Failure) 23M->14M(31M) 1.334ms
[2025-04-17T11:24:59.005+0000][2298.835s][info][gc,cpu         ] GC(1492) User=0.00s Sys=0.00s Real=0.01s
[2025-04-17T11:25:00.397+0000][2300.227s][info][gc,start       ] GC(1493) Pause Young (Allocation Failure)
[2025-04-17T11:25:00.398+0000][2300.229s][info][gc,heap        ] GC(1493) DefNew: 9174K(10176K)->91K(10176K) Eden: 9088K(9088K)->0K(9088K) From: 86K(1088K)->91K(1088K)
[2025-04-17T11:25:00.398+0000][2300.229s][info][gc,heap        ] GC(1493) Tenured: 14983K(22468K)->14983K(22468K)
[2025-04-17T11:25:00.399+0000][2300.229s][info][gc,metaspace   ] GC(1493) Metaspace: 37471K(37824K)->37471K(37824K) NonClass: 33045K(33216K)->33045K(33216K) Class: 4425K(4608K)->4425K(4608K)
[2025-04-17T11:25:00.399+0000][2300.229s][info][gc             ] GC(1493) Pause Young (Allocation Failure) 23M->14M(31M) 1.185ms
[2025-04-17T11:25:00.399+0000][2300.229s][info][gc,cpu         ] GC(1493) User=0.00s Sys=0.00s Real=0.00s
[2025-04-17T11:25:02.331+0000][2302.161s][info][gc,start       ] GC(1494) Pause Young (Allocation Failure)
[2025-04-17T11:25:02.332+0000][2302.162s][info][gc,heap        ] GC(1494) DefNew: 9179K(10176K)->86K(10176K) Eden: 9088K(9088K)->0K(9088K) From: 91K(1088K)->86K(1088K)
[2025-04-17T11:25:02.332+0000][2302.162s][info][gc,heap        ] GC(1494) Tenured: 14983K(22468K)->14983K(22468K)
[2025-04-17T11:25:02.332+0000][2302.162s][info][gc,metaspace   ] GC(1494) Metaspace: 37471K(37824K)->37471K(37824K) NonClass: 33045K(33216K)->33045K(33216K) Class: 4425K(4608K)->4425K(4608K)
[2025-04-17T11:25:02.332+0000][2302.162s][info][gc             ] GC(1494) Pause Young (Allocation Failure) 23M->14M(31M) 1.236ms
[2025-04-17T11:25:02.332+0000][2302.162s][info][gc,cpu         ] GC(1494) User=0.00s Sys=0.00s Real=0.00s
[2025-04-17T11:25:03.623+0000][2303.454s][info][gc,start       ] GC(1495) Pause Young (Allocation Failure)
[2025-04-17T11:25:03.625+0000][2303.455s][info][gc,heap        ] GC(1495) DefNew: 9174K(10176K)->78K(10176K) Eden: 9088K(9088K)->0K(9088K) From: 86K(1088K)->78K(1088K)
[2025-04-17T11:25:03.625+0000][2303.455s][info][gc,heap        ] GC(1495) Tenured: 14983K(22468K)->14983K(22468K)
[2025-04-17T11:25:03.625+0000][2303.455s][info][gc,metaspace   ] GC(1495) Metaspace: 37471K(37824K)->37471K(37824K) NonClass: 33045K(33216K)->33045K(33216K) Class: 4425K(4608K)->4425K(4608K)
[2025-04-17T11:25:03.625+0000][2303.455s][info][gc             ] GC(1495) Pause Young (Allocation Failure) 23M->14M(31M) 1.190ms
[2025-04-17T11:25:03.625+0000][2303.455s][info][gc,cpu         ] GC(1495) User=0.01s Sys=0.00s Real=0.01s
[2025-04-17T11:25:05.360+0000][2305.190s][info][gc,start       ] GC(1496) Pause Young (Allocation Failure)
[2025-04-17T11:25:05.361+0000][2305.191s][info][gc,heap        ] GC(1496) DefNew: 9166K(10176K)->72K(10176K) Eden: 9088K(9088K)->0K(9088K) From: 78K(1088K)->72K(1088K)
[2025-04-17T11:25:05.361+0000][2305.191s][info][gc,heap        ] GC(1496) Tenured: 14983K(22468K)->14986K(22468K)
[2025-04-17T11:25:05.361+0000][2305.192s][info][gc,metaspace   ] GC(1496) Metaspace: 37471K(37824K)->37471K(37824K) NonClass: 33045K(33216K)->33045K(33216K) Class: 4425K(4608K)->4425K(4608K)
[2025-04-17T11:25:05.361+0000][2305.192s][info][gc             ] GC(1496) Pause Young (Allocation Failure) 23M->14M(31M) 1.323ms
[2025-04-17T11:25:05.361+0000][2305.192s][info][gc,cpu         ] GC(1496) User=0.00s Sys=0.00s Real=0.00s
[2025-04-17T11:25:06.716+0000][2306.546s][info][gc,start       ] GC(1497) Pause Young (Allocation Failure)
[2025-04-17T11:25:06.717+0000][2306.548s][info][gc,heap        ] GC(1497) DefNew: 9160K(10176K)->90K(10176K) Eden: 9088K(9088K)->0K(9088K) From: 72K(1088K)->90K(1088K)
[2025-04-17T11:25:06.717+0000][2306.548s][info][gc,heap        ] GC(1497) Tenured: 14986K(22468K)->14986K(22468K)
[2025-04-17T11:25:06.717+0000][2306.548s][info][gc,metaspace   ] GC(1497) Metaspace: 37471K(37824K)->37471K(37824K) NonClass: 33045K(33216K)->33045K(33216K) Class: 4425K(4608K)->4425K(4608K)
[2025-04-17T11:25:06.718+0000][2306.548s][info][gc             ] GC(1497) Pause Young (Allocation Failure) 23M->14M(31M) 1.324ms
[2025-04-17T11:25:06.718+0000][2306.548s][info][gc,cpu         ] GC(1497) User=0.00s Sys=0.00s Real=0.00s
[2025-04-17T11:25:08.550+0000][2308.381s][info][gc,start       ] GC(1498) Pause Young (Allocation Failure)
[2025-04-17T11:25:08.552+0000][2308.382s][info][gc,heap        ] GC(1498) DefNew: 9178K(10176K)->64K(10176K) Eden: 9088K(9088K)->0K(9088K) From: 90K(1088K)->64K(1088K)
[2025-04-17T11:25:08.552+0000][2308.382s][info][gc,heap        ] GC(1498) Tenured: 14986K(22468K)->14986K(22468K)
[2025-04-17T11:25:08.552+0000][2308.382s][info][gc,metaspace   ] GC(1498) Metaspace: 37471K(37824K)->37471K(37824K) NonClass: 33045K(33216K)->33045K(33216K) Class: 4425K(4608K)->4425K(4608K)
[2025-04-17T11:25:08.552+0000][2308.382s][info][gc             ] GC(1498) Pause Young (Allocation Failure) 23M->14M(31M) 1.149ms
[2025-04-17T11:25:08.552+0000][2308.382s][info][gc,cpu         ] GC(1498) User=0.00s Sys=0.00s Real=0.00s
[2025-04-17T11:25:09.936+0000][2309.767s][info][gc,start       ] GC(1499) Pause Young (Allocation Failure)
[2025-04-17T11:25:09.938+0000][2309.768s][info][gc,heap        ] GC(1499) DefNew: 9152K(10176K)->77K(10176K) Eden: 9088K(9088K)->0K(9088K) From: 64K(1088K)->77K(1088K)
[2025-04-17T11:25:09.938+0000][2309.768s][info][gc,heap        ] GC(1499) Tenured: 14986K(22468K)->14986K(22468K)
[2025-04-17T11:25:09.938+0000][2309.768s][info][gc,metaspace   ] GC(1499) Metaspace: 37471K(37824K)->37471K(37824K) NonClass: 33045K(33216K)->33045K(33216K) Class: 4425K(4608K)->4425K(4608K)
[2025-04-17T11:25:09.938+0000][2309.768s][info][gc             ] GC(1499) Pause Young (Allocation Failure) 23M->14M(31M) 1.232ms
[2025-04-17T11:25:09.938+0000][2309.768s][info][gc,cpu         ] GC(1499) User=0.00s Sys=0.00s Real=0.00s
[2025-04-17T11:25:11.582+0000][2311.412s][info][gc,start       ] GC(1500) Pause Young (Allocation Failure)
[2025-04-17T11:25:11.583+0000][2311.414s][info][gc,heap        ] GC(1500) DefNew: 9165K(10176K)->97K(10176K) Eden: 9088K(9088K)->0K(9088K) From: 77K(1088K)->97K(1088K)
[2025-04-17T11:25:11.583+0000][2311.414s][info][gc,heap        ] GC(1500) Tenured: 14986K(22468K)->14986K(22468K)
[2025-04-17T11:25:11.583+0000][2311.414s][info][gc,metaspace   ] GC(1500) Metaspace: 37471K(37824K)->37471K(37824K) NonClass: 33045K(33216K)->33045K(33216K) Class: 4425K(4608K)->4425K(4608K)
[2025-04-17T11:25:11.583+0000][2311.414s][info][gc             ] GC(1500) Pause Young (Allocation Failure) 23M->14M(31M) 1.192ms
[2025-04-17T11:25:11.583+0000][2311.414s][info][gc,cpu         ] GC(1500) User=0.00s Sys=0.00s Real=0.00s
[2025-04-17T11:25:13.095+0000][2312.925s][info][gc,start       ] GC(1501) Pause Young (Allocation Failure)
[2025-04-17T11:25:13.096+0000][2312.926s][info][gc,heap        ] GC(1501) DefNew: 9185K(10176K)->79K(10176K) Eden: 9088K(9088K)->0K(9088K) From: 97K(1088K)->79K(1088K)
[2025-04-17T11:25:13.096+0000][2312.926s][info][gc,heap        ] GC(1501) Tenured: 14986K(22468K)->14986K(22468K)
[2025-04-17T11:25:13.096+0000][2312.926s][info][gc,metaspace   ] GC(1501) Metaspace: 37471K(37824K)->37471K(37824K) NonClass: 33045K(33216K)->33045K(33216K) Class: 4425K(4608K)->4425K(4608K)
[2025-04-17T11:25:13.096+0000][2312.926s][info][gc             ] GC(1501) Pause Young (Allocation Failure) 23M->14M(31M) 1.218ms
[2025-04-17T11:25:13.096+0000][2312.926s][info][gc,cpu         ] GC(1501) User=0.00s Sys=0.00s Real=0.00s
[2025-04-17T11:25:14.707+0000][2314.537s][info][gc,start       ] GC(1502) Pause Young (Allocation Failure)
[2025-04-17T11:25:14.708+0000][2314.538s][info][gc,heap        ] GC(1502) DefNew: 9167K(10176K)->81K(10176K) Eden: 9088K(9088K)->0K(9088K) From: 79K(1088K)->81K(1088K)
[2025-04-17T11:25:14.708+0000][2314.538s][info][gc,heap        ] GC(1502) Tenured: 14986K(22468K)->14986K(22468K)
[2025-04-17T11:25:14.708+0000][2314.538s][info][gc,metaspace   ] GC(1502) Metaspace: 37471K(37824K)->37471K(37824K) NonClass: 33045K(33216K)->33045K(33216K) Class: 4425K(4608K)->4425K(4608K)
[2025-04-17T11:25:14.708+0000][2314.538s][info][gc             ] GC(1502) Pause Young (Allocation Failure) 23M->14M(31M) 1.310ms
[2025-04-17T11:25:14.708+0000][2314.538s][info][gc,cpu         ] GC(1502) User=0.00s Sys=0.00s Real=0.00s
[2025-04-17T11:25:16.137+0000][2315.967s][info][gc,start       ] GC(1503) Pause Young (Allocation Failure)
[2025-04-17T11:25:16.138+0000][2315.969s][info][gc,heap        ] GC(1503) DefNew: 9169K(10176K)->94K(10176K) Eden: 9088K(9088K)->0K(9088K) From: 81K(1088K)->94K(1088K)
[2025-04-17T11:25:16.138+0000][2315.969s][info][gc,heap        ] GC(1503) Tenured: 14986K(22468K)->14986K(22468K)
[2025-04-17T11:25:16.138+0000][2315.969s][info][gc,metaspace   ] GC(1503) Metaspace: 37471K(37824K)->37471K(37824K) NonClass: 33045K(33216K)->33045K(33216K) Class: 4425K(4608K)->4425K(4608K)
[2025-04-17T11:25:16.138+0000][2315.969s][info][gc             ] GC(1503) Pause Young (Allocation Failure) 23M->14M(31M) 1.244ms
[2025-04-17T11:25:16.138+0000][2315.969s][info][gc,cpu         ] GC(1503) User=0.00s Sys=0.00s Real=0.00s
[2025-04-17T11:25:17.820+0000][2317.650s][info][gc,start       ] GC(1504) Pause Young (Allocation Failure)
[2025-04-17T11:25:17.821+0000][2317.651s][info][gc,heap        ] GC(1504) DefNew: 9182K(10176K)->99K(10176K) Eden: 9088K(9088K)->0K(9088K) From: 94K(1088K)->99K(1088K)
[2025-04-17T11:25:17.821+0000][2317.651s][info][gc,heap        ] GC(1504) Tenured: 14986K(22468K)->14986K(22468K)
[2025-04-17T11:25:17.821+0000][2317.651s][info][gc,metaspace   ] GC(1504) Metaspace: 37471K(37824K)->37471K(37824K) NonClass: 33045K(33216K)->33045K(33216K) Class: 4425K(4608K)->4425K(4608K)
[2025-04-17T11:25:17.821+0000][2317.651s][info][gc             ] GC(1504) Pause Young (Allocation Failure) 23M->14M(31M) 1.213ms
[2025-04-17T11:25:17.821+0000][2317.651s][info][gc,cpu         ] GC(1504) User=0.00s Sys=0.00s Real=0.00s
[2025-04-17T11:25:19.392+0000][2319.222s][info][gc,start       ] GC(1505) Pause Young (Allocation Failure)
[2025-04-17T11:25:19.393+0000][2319.223s][info][gc,heap        ] GC(1505) DefNew: 9187K(10176K)->80K(10176K) Eden: 9087K(9088K)->0K(9088K) From: 99K(1088K)->80K(1088K)
[2025-04-17T11:25:19.393+0000][2319.223s][info][gc,heap        ] GC(1505) Tenured: 14986K(22468K)->14986K(22468K)
[2025-04-17T11:25:19.393+0000][2319.223s][info][gc,metaspace   ] GC(1505) Metaspace: 37471K(37824K)->37471K(37824K) NonClass: 33045K(33216K)->33045K(33216K) Class: 4425K(4608K)->4425K(4608K)
[2025-04-17T11:25:19.393+0000][2319.223s][info][gc             ] GC(1505) Pause Young (Allocation Failure) 23M->14M(31M) 1.161ms
[2025-04-17T11:25:19.393+0000][2319.223s][info][gc,cpu         ] GC(1505) User=0.00s Sys=0.00s Real=0.00s
[2025-04-17T11:25:20.814+0000][2320.644s][info][gc,start       ] GC(1506) Pause Young (Allocation Failure)
[2025-04-17T11:25:20.815+0000][2320.646s][info][gc,heap        ] GC(1506) DefNew: 9168K(10176K)->85K(10176K) Eden: 9088K(9088K)->0K(9088K) From: 80K(1088K)->85K(1088K)
[2025-04-17T11:25:20.815+0000][2320.646s][info][gc,heap        ] GC(1506) Tenured: 14986K(22468K)->14986K(22468K)
[2025-04-17T11:25:20.815+0000][2320.646s][info][gc,metaspace   ] GC(1506) Metaspace: 37471K(37824K)->37471K(37824K) NonClass: 33045K(33216K)->33045K(33216K) Class: 4425K(4608K)->4425K(4608K)
[2025-04-17T11:25:20.815+0000][2320.646s][info][gc             ] GC(1506) Pause Young (Allocation Failure) 23M->14M(31M) 1.305ms
[2025-04-17T11:25:20.815+0000][2320.646s][info][gc,cpu         ] GC(1506) User=0.00s Sys=0.00s Real=0.00s
[2025-04-17T11:25:22.481+0000][2322.311s][info][gc,start       ] GC(1507) Pause Young (Allocation Failure)
[2025-04-17T11:25:22.483+0000][2322.313s][info][gc,heap        ] GC(1507) DefNew: 9173K(10176K)->81K(10176K) Eden: 9088K(9088K)->0K(9088K) From: 85K(1088K)->81K(1088K)
[2025-04-17T11:25:22.483+0000][2322.313s][info][gc,heap        ] GC(1507) Tenured: 14986K(22468K)->14987K(22468K)
[2025-04-17T11:25:22.483+0000][2322.313s][info][gc,metaspace   ] GC(1507) Metaspace: 37471K(37824K)->37471K(37824K) NonClass: 33045K(33216K)->33045K(33216K) Class: 4425K(4608K)->4425K(4608K)
[2025-04-17T11:25:22.483+0000][2322.313s][info][gc             ] GC(1507) Pause Young (Allocation Failure) 23M->14M(31M) 1.206ms
[2025-04-17T11:25:22.483+0000][2322.313s][info][gc,cpu         ] GC(1507) User=0.00s Sys=0.00s Real=0.00s
[2025-04-17T11:25:24.053+0000][2323.883s][info][gc,start       ] GC(1508) Pause Young (Allocation Failure)
[2025-04-17T11:25:24.054+0000][2323.885s][info][gc,heap        ] GC(1508) DefNew: 9169K(10176K)->103K(10176K) Eden: 9088K(9088K)->0K(9088K) From: 81K(1088K)->103K(1088K)
[2025-04-17T11:25:24.054+0000][2323.885s][info][gc,heap        ] GC(1508) Tenured: 14987K(22468K)->14987K(22468K)
[2025-04-17T11:25:24.054+0000][2323.885s][info][gc,metaspace   ] GC(1508) Metaspace: 37471K(37824K)->37471K(37824K) NonClass: 33045K(33216K)->33045K(33216K) Class: 4425K(4608K)->4425K(4608K)
[2025-04-17T11:25:24.054+0000][2323.885s][info][gc             ] GC(1508) Pause Young (Allocation Failure) 23M->14M(31M) 1.198ms
[2025-04-17T11:25:24.054+0000][2323.885s][info][gc,cpu         ] GC(1508) User=0.00s Sys=0.00s Real=0.01s
[2025-04-17T11:25:25.545+0000][2325.375s][info][gc,start       ] GC(1509) Pause Young (Allocation Failure)
[2025-04-17T11:25:25.546+0000][2325.376s][info][gc,heap        ] GC(1509) DefNew: 9186K(10176K)->88K(10176K) Eden: 9082K(9088K)->0K(9088K) From: 103K(1088K)->88K(1088K)
[2025-04-17T11:25:25.546+0000][2325.376s][info][gc,heap        ] GC(1509) Tenured: 14987K(22468K)->14987K(22468K)
[2025-04-17T11:25:25.546+0000][2325.376s][info][gc,metaspace   ] GC(1509) Metaspace: 37471K(37824K)->37471K(37824K) NonClass: 33045K(33216K)->33045K(33216K) Class: 4425K(4608K)->4425K(4608K)
[2025-04-17T11:25:25.546+0000][2325.377s][info][gc             ] GC(1509) Pause Young (Allocation Failure) 23M->14M(31M) 1.276ms
[2025-04-17T11:25:25.546+0000][2325.377s][info][gc,cpu         ] GC(1509) User=0.00s Sys=0.00s Real=0.00s
[2025-04-17T11:25:26.896+0000][2326.726s][info][gc,start       ] GC(1510) Pause Young (Allocation Failure)
[2025-04-17T11:25:26.897+0000][2326.727s][info][gc,heap        ] GC(1510) DefNew: 9176K(10176K)->83K(10176K) Eden: 9088K(9088K)->0K(9088K) From: 88K(1088K)->83K(1088K)
[2025-04-17T11:25:26.897+0000][2326.727s][info][gc,heap        ] GC(1510) Tenured: 14987K(22468K)->14987K(22468K)
[2025-04-17T11:25:26.897+0000][2326.727s][info][gc,metaspace   ] GC(1510) Metaspace: 37471K(37824K)->37471K(37824K) NonClass: 33045K(33216K)->33045K(33216K) Class: 4425K(4608K)->4425K(4608K)
[2025-04-17T11:25:26.897+0000][2326.728s][info][gc             ] GC(1510) Pause Young (Allocation Failure) 23M->14M(31M) 1.253ms
[2025-04-17T11:25:26.897+0000][2326.728s][info][gc,cpu         ] GC(1510) User=0.00s Sys=0.00s Real=0.00s
[2025-04-17T11:25:28.576+0000][2328.406s][info][gc,start       ] GC(1511) Pause Young (Allocation Failure)
[2025-04-17T11:25:28.577+0000][2328.407s][info][gc,heap        ] GC(1511) DefNew: 9171K(10176K)->88K(10176K) Eden: 9088K(9088K)->0K(9088K) From: 83K(1088K)->88K(1088K)
[2025-04-17T11:25:28.577+0000][2328.407s][info][gc,heap        ] GC(1511) Tenured: 14987K(22468K)->14987K(22468K)
[2025-04-17T11:25:28.577+0000][2328.407s][info][gc,metaspace   ] GC(1511) Metaspace: 37471K(37824K)->37471K(37824K) NonClass: 33045K(33216K)->33045K(33216K) Class: 4425K(4608K)->4425K(4608K)
[2025-04-17T11:25:28.577+0000][2328.407s][info][gc             ] GC(1511) Pause Young (Allocation Failure) 23M->14M(31M) 1.218ms
[2025-04-17T11:25:28.577+0000][2328.407s][info][gc,cpu         ] GC(1511) User=0.00s Sys=0.00s Real=0.00s
[2025-04-17T11:25:30.457+0000][2330.287s][info][gc,start       ] GC(1512) Pause Young (Allocation Failure)
[2025-04-17T11:25:30.458+0000][2330.288s][info][gc,heap        ] GC(1512) DefNew: 9176K(10176K)->96K(10176K) Eden: 9088K(9088K)->0K(9088K) From: 88K(1088K)->96K(1088K)
[2025-04-17T11:25:30.458+0000][2330.288s][info][gc,heap        ] GC(1512) Tenured: 14987K(22468K)->14987K(22468K)
[2025-04-17T11:25:30.458+0000][2330.288s][info][gc,metaspace   ] GC(1512) Metaspace: 37471K(37824K)->37471K(37824K) NonClass: 33045K(33216K)->33045K(33216K) Class: 4425K(4608K)->4425K(4608K)
[2025-04-17T11:25:30.458+0000][2330.288s][info][gc             ] GC(1512) Pause Young (Allocation Failure) 23M->14M(31M) 1.349ms
[2025-04-17T11:25:30.458+0000][2330.288s][info][gc,cpu         ] GC(1512) User=0.00s Sys=0.00s Real=0.00s
[2025-04-17T11:25:31.665+0000][2331.495s][info][gc,start       ] GC(1513) Pause Young (Allocation Failure)
[2025-04-17T11:25:31.666+0000][2331.496s][info][gc,heap        ] GC(1513) DefNew: 9184K(10176K)->79K(10176K) Eden: 9088K(9088K)->0K(9088K) From: 96K(1088K)->79K(1088K)
[2025-04-17T11:25:31.666+0000][2331.496s][info][gc,heap        ] GC(1513) Tenured: 14987K(22468K)->14991K(22468K)
[2025-04-17T11:25:31.666+0000][2331.496s][info][gc,metaspace   ] GC(1513) Metaspace: 37471K(37824K)->37471K(37824K) NonClass: 33045K(33216K)->33045K(33216K) Class: 4425K(4608K)->4425K(4608K)
[2025-04-17T11:25:31.666+0000][2331.496s][info][gc             ] GC(1513) Pause Young (Allocation Failure) 23M->14M(31M) 1.322ms
[2025-04-17T11:25:31.666+0000][2331.496s][info][gc,cpu         ] GC(1513) User=0.00s Sys=0.00s Real=0.00s
[2025-04-17T11:25:33.285+0000][2333.115s][info][gc,start       ] GC(1514) Pause Young (Allocation Failure)
[2025-04-17T11:25:33.286+0000][2333.116s][info][gc,heap        ] GC(1514) DefNew: 9167K(10176K)->77K(10176K) Eden: 9088K(9088K)->0K(9088K) From: 79K(1088K)->77K(1088K)
[2025-04-17T11:25:33.286+0000][2333.116s][info][gc,heap        ] GC(1514) Tenured: 14991K(22468K)->14991K(22468K)
[2025-04-17T11:25:33.286+0000][2333.116s][info][gc,metaspace   ] GC(1514) Metaspace: 37471K(37824K)->37471K(37824K) NonClass: 33045K(33216K)->33045K(33216K) Class: 4425K(4608K)->4425K(4608K)
[2025-04-17T11:25:33.286+0000][2333.116s][info][gc             ] GC(1514) Pause Young (Allocation Failure) 23M->14M(31M) 1.224ms
[2025-04-17T11:25:33.286+0000][2333.116s][info][gc,cpu         ] GC(1514) User=0.00s Sys=0.00s Real=0.00s
[2025-04-17T11:25:34.990+0000][2334.820s][info][gc,start       ] GC(1515) Pause Young (Allocation Failure)
[2025-04-17T11:25:34.991+0000][2334.822s][info][gc,heap        ] GC(1515) DefNew: 9165K(10176K)->86K(10176K) Eden: 9088K(9088K)->0K(9088K) From: 77K(1088K)->86K(1088K)
[2025-04-17T11:25:34.991+0000][2334.822s][info][gc,heap        ] GC(1515) Tenured: 14991K(22468K)->14992K(22468K)
[2025-04-17T11:25:34.991+0000][2334.822s][info][gc,metaspace   ] GC(1515) Metaspace: 37471K(37824K)->37471K(37824K) NonClass: 33045K(33216K)->33045K(33216K) Class: 4425K(4608K)->4425K(4608K)
[2025-04-17T11:25:34.991+0000][2334.822s][info][gc             ] GC(1515) Pause Young (Allocation Failure) 23M->14M(31M) 1.253ms
[2025-04-17T11:25:34.991+0000][2334.822s][info][gc,cpu         ] GC(1515) User=0.00s Sys=0.00s Real=0.00s
[2025-04-17T11:25:36.580+0000][2336.410s][info][gc,start       ] GC(1516) Pause Young (Allocation Failure)
[2025-04-17T11:25:36.581+0000][2336.411s][info][gc,heap        ] GC(1516) DefNew: 9174K(10176K)->94K(10176K) Eden: 9088K(9088K)->0K(9088K) From: 86K(1088K)->94K(1088K)
[2025-04-17T11:25:36.581+0000][2336.411s][info][gc,heap        ] GC(1516) Tenured: 14992K(22468K)->14993K(22468K)
[2025-04-17T11:25:36.581+0000][2336.411s][info][gc,metaspace   ] GC(1516) Metaspace: 37471K(37824K)->37471K(37824K) NonClass: 33045K(33216K)->33045K(33216K) Class: 4425K(4608K)->4425K(4608K)
[2025-04-17T11:25:36.581+0000][2336.411s][info][gc             ] GC(1516) Pause Young (Allocation Failure) 23M->14M(31M) 1.282ms
[2025-04-17T11:25:36.581+0000][2336.411s][info][gc,cpu         ] GC(1516) User=0.00s Sys=0.00s Real=0.00s
[2025-04-17T11:25:38.152+0000][2337.982s][info][gc,start       ] GC(1517) Pause Young (Allocation Failure)
[2025-04-17T11:25:38.153+0000][2337.983s][info][gc,heap        ] GC(1517) DefNew: 9182K(10176K)->91K(10176K) Eden: 9088K(9088K)->0K(9088K) From: 94K(1088K)->91K(1088K)
[2025-04-17T11:25:38.153+0000][2337.983s][info][gc,heap        ] GC(1517) Tenured: 14993K(22468K)->14994K(22468K)
[2025-04-17T11:25:38.153+0000][2337.983s][info][gc,metaspace   ] GC(1517) Metaspace: 37471K(37824K)->37471K(37824K) NonClass: 33045K(33216K)->33045K(33216K) Class: 4425K(4608K)->4425K(4608K)
[2025-04-17T11:25:38.153+0000][2337.983s][info][gc             ] GC(1517) Pause Young (Allocation Failure) 23M->14M(31M) 1.200ms
[2025-04-17T11:25:38.153+0000][2337.983s][info][gc,cpu         ] GC(1517) User=0.00s Sys=0.00s Real=0.00s
[2025-04-17T11:25:39.551+0000][2339.381s][info][gc,start       ] GC(1518) Pause Young (Allocation Failure)
[2025-04-17T11:25:39.552+0000][2339.382s][info][gc,heap        ] GC(1518) DefNew: 9179K(10176K)->78K(10176K) Eden: 9088K(9088K)->0K(9088K) From: 91K(1088K)->78K(1088K)
[2025-04-17T11:25:39.552+0000][2339.382s][info][gc,heap        ] GC(1518) Tenured: 14994K(22468K)->14994K(22468K)
[2025-04-17T11:25:39.552+0000][2339.382s][info][gc,metaspace   ] GC(1518) Metaspace: 37471K(37824K)->37471K(37824K) NonClass: 33045K(33216K)->33045K(33216K) Class: 4425K(4608K)->4425K(4608K)
[2025-04-17T11:25:39.552+0000][2339.382s][info][gc             ] GC(1518) Pause Young (Allocation Failure) 23M->14M(31M) 1.283ms
[2025-04-17T11:25:39.552+0000][2339.382s][info][gc,cpu         ] GC(1518) User=0.00s Sys=0.00s Real=0.00s
[2025-04-17T11:25:41.090+0000][2340.920s][info][gc,start       ] GC(1519) Pause Young (Allocation Failure)
[2025-04-17T11:25:41.091+0000][2340.921s][info][gc,heap        ] GC(1519) DefNew: 9166K(10176K)->87K(10176K) Eden: 9088K(9088K)->0K(9088K) From: 78K(1088K)->87K(1088K)
[2025-04-17T11:25:41.091+0000][2340.921s][info][gc,heap        ] GC(1519) Tenured: 14994K(22468K)->14996K(22468K)
[2025-04-17T11:25:41.091+0000][2340.921s][info][gc,metaspace   ] GC(1519) Metaspace: 37471K(37824K)->37471K(37824K) NonClass: 33045K(33216K)->33045K(33216K) Class: 4425K(4608K)->4425K(4608K)
[2025-04-17T11:25:41.091+0000][2340.921s][info][gc             ] GC(1519) Pause Young (Allocation Failure) 23M->14M(31M) 1.594ms
[2025-04-17T11:25:41.091+0000][2340.921s][info][gc,cpu         ] GC(1519) User=0.01s Sys=0.00s Real=0.00s
[2025-04-17T11:25:42.775+0000][2342.605s][info][gc,start       ] GC(1520) Pause Young (Allocation Failure)
[2025-04-17T11:25:42.776+0000][2342.606s][info][gc,heap        ] GC(1520) DefNew: 9175K(10176K)->91K(10176K) Eden: 9088K(9088K)->0K(9088K) From: 87K(1088K)->91K(1088K)
[2025-04-17T11:25:42.776+0000][2342.606s][info][gc,heap        ] GC(1520) Tenured: 14996K(22468K)->14996K(22468K)
[2025-04-17T11:25:42.776+0000][2342.606s][info][gc,metaspace   ] GC(1520) Metaspace: 37471K(37824K)->37471K(37824K) NonClass: 33045K(33216K)->33045K(33216K) Class: 4425K(4608K)->4425K(4608K)
[2025-04-17T11:25:42.776+0000][2342.606s][info][gc             ] GC(1520) Pause Young (Allocation Failure) 23M->14M(31M) 1.318ms
[2025-04-17T11:25:42.776+0000][2342.606s][info][gc,cpu         ] GC(1520) User=0.00s Sys=0.00s Real=0.00s
[2025-04-17T11:25:44.440+0000][2344.270s][info][gc,start       ] GC(1521) Pause Young (Allocation Failure)
[2025-04-17T11:25:44.441+0000][2344.271s][info][gc,heap        ] GC(1521) DefNew: 9179K(10176K)->75K(10176K) Eden: 9088K(9088K)->0K(9088K) From: 91K(1088K)->75K(1088K)
[2025-04-17T11:25:44.441+0000][2344.271s][info][gc,heap        ] GC(1521) Tenured: 14996K(22468K)->14996K(22468K)
[2025-04-17T11:25:44.441+0000][2344.271s][info][gc,metaspace   ] GC(1521) Metaspace: 37471K(37824K)->37471K(37824K) NonClass: 33045K(33216K)->33045K(33216K) Class: 4425K(4608K)->4425K(4608K)
[2025-04-17T11:25:44.441+0000][2344.271s][info][gc             ] GC(1521) Pause Young (Allocation Failure) 23M->14M(31M) 1.133ms
[2025-04-17T11:25:44.441+0000][2344.272s][info][gc,cpu         ] GC(1521) User=0.00s Sys=0.00s Real=0.00s
[2025-04-17T11:25:45.606+0000][2345.436s][info][gc,start       ] GC(1522) Pause Young (Allocation Failure)
[2025-04-17T11:25:45.607+0000][2345.437s][info][gc,heap        ] GC(1522) DefNew: 9163K(10176K)->78K(10176K) Eden: 9088K(9088K)->0K(9088K) From: 75K(1088K)->78K(1088K)
[2025-04-17T11:25:45.607+0000][2345.437s][info][gc,heap        ] GC(1522) Tenured: 14996K(22468K)->14996K(22468K)
[2025-04-17T11:25:45.607+0000][2345.437s][info][gc,metaspace   ] GC(1522) Metaspace: 37471K(37824K)->37471K(37824K) NonClass: 33045K(33216K)->33045K(33216K) Class: 4425K(4608K)->4425K(4608K)
[2025-04-17T11:25:45.607+0000][2345.437s][info][gc             ] GC(1522) Pause Young (Allocation Failure) 23M->14M(31M) 1.228ms
[2025-04-17T11:25:45.607+0000][2345.437s][info][gc,cpu         ] GC(1522) User=0.00s Sys=0.00s Real=0.00s
[2025-04-17T11:25:47.267+0000][2347.097s][info][gc,start       ] GC(1523) Pause Young (Allocation Failure)
[2025-04-17T11:25:47.268+0000][2347.098s][info][gc,heap        ] GC(1523) DefNew: 9166K(10176K)->89K(10176K) Eden: 9087K(9088K)->0K(9088K) From: 78K(1088K)->89K(1088K)
[2025-04-17T11:25:47.268+0000][2347.098s][info][gc,heap        ] GC(1523) Tenured: 14996K(22468K)->14996K(22468K)
[2025-04-17T11:25:47.268+0000][2347.098s][info][gc,metaspace   ] GC(1523) Metaspace: 37471K(37824K)->37471K(37824K) NonClass: 33045K(33216K)->33045K(33216K) Class: 4425K(4608K)->4425K(4608K)
[2025-04-17T11:25:47.268+0000][2347.098s][info][gc             ] GC(1523) Pause Young (Allocation Failure) 23M->14M(31M) 1.283ms
[2025-04-17T11:25:47.268+0000][2347.098s][info][gc,cpu         ] GC(1523) User=0.00s Sys=0.00s Real=0.00s
[2025-04-17T11:25:48.779+0000][2348.609s][info][gc,start       ] GC(1524) Pause Young (Allocation Failure)
[2025-04-17T11:25:48.780+0000][2348.610s][info][gc,heap        ] GC(1524) DefNew: 9177K(10176K)->93K(10176K) Eden: 9088K(9088K)->0K(9088K) From: 89K(1088K)->93K(1088K)
[2025-04-17T11:25:48.780+0000][2348.610s][info][gc,heap        ] GC(1524) Tenured: 14996K(22468K)->14996K(22468K)
[2025-04-17T11:25:48.780+0000][2348.610s][info][gc,metaspace   ] GC(1524) Metaspace: 37471K(37824K)->37471K(37824K) NonClass: 33045K(33216K)->33045K(33216K) Class: 4425K(4608K)->4425K(4608K)
[2025-04-17T11:25:48.780+0000][2348.610s][info][gc             ] GC(1524) Pause Young (Allocation Failure) 23M->14M(31M) 1.312ms
[2025-04-17T11:25:48.780+0000][2348.610s][info][gc,cpu         ] GC(1524) User=0.00s Sys=0.00s Real=0.00s
[2025-04-17T11:25:50.570+0000][2350.400s][info][gc,start       ] GC(1525) Pause Young (Allocation Failure)
[2025-04-17T11:25:50.571+0000][2350.401s][info][gc,heap        ] GC(1525) DefNew: 9181K(10176K)->86K(10176K) Eden: 9088K(9088K)->0K(9088K) From: 93K(1088K)->86K(1088K)
[2025-04-17T11:25:50.571+0000][2350.401s][info][gc,heap        ] GC(1525) Tenured: 14996K(22468K)->14996K(22468K)
[2025-04-17T11:25:50.571+0000][2350.401s][info][gc,metaspace   ] GC(1525) Metaspace: 37471K(37824K)->37471K(37824K) NonClass: 33045K(33216K)->33045K(33216K) Class: 4425K(4608K)->4425K(4608K)
[2025-04-17T11:25:50.571+0000][2350.401s][info][gc             ] GC(1525) Pause Young (Allocation Failure) 23M->14M(31M) 1.223ms
[2025-04-17T11:25:50.571+0000][2350.401s][info][gc,cpu         ] GC(1525) User=0.00s Sys=0.00s Real=0.00s
[2025-04-17T11:25:51.703+0000][2351.533s][info][gc,start       ] GC(1526) Pause Young (Allocation Failure)
[2025-04-17T11:25:51.704+0000][2351.534s][info][gc,heap        ] GC(1526) DefNew: 9170K(10176K)->98K(10176K) Eden: 9083K(9088K)->0K(9088K) From: 86K(1088K)->98K(1088K)
[2025-04-17T11:25:51.704+0000][2351.534s][info][gc,heap        ] GC(1526) Tenured: 14996K(22468K)->14996K(22468K)
[2025-04-17T11:25:51.704+0000][2351.534s][info][gc,metaspace   ] GC(1526) Metaspace: 37471K(37824K)->37471K(37824K) NonClass: 33045K(33216K)->33045K(33216K) Class: 4425K(4608K)->4425K(4608K)
[2025-04-17T11:25:51.704+0000][2351.534s][info][gc             ] GC(1526) Pause Young (Allocation Failure) 23M->14M(31M) 1.186ms
[2025-04-17T11:25:51.704+0000][2351.534s][info][gc,cpu         ] GC(1526) User=0.00s Sys=0.00s Real=0.01s
[2025-04-17T11:25:53.342+0000][2353.172s][info][gc,start       ] GC(1527) Pause Young (Allocation Failure)
[2025-04-17T11:25:53.343+0000][2353.173s][info][gc,heap        ] GC(1527) DefNew: 9186K(10176K)->81K(10176K) Eden: 9088K(9088K)->0K(9088K) From: 98K(1088K)->81K(1088K)
[2025-04-17T11:25:53.343+0000][2353.174s][info][gc,heap        ] GC(1527) Tenured: 14996K(22468K)->14996K(22468K)
[2025-04-17T11:25:53.343+0000][2353.174s][info][gc,metaspace   ] GC(1527) Metaspace: 37471K(37824K)->37471K(37824K) NonClass: 33045K(33216K)->33045K(33216K) Class: 4425K(4608K)->4425K(4608K)
[2025-04-17T11:25:53.343+0000][2353.174s][info][gc             ] GC(1527) Pause Young (Allocation Failure) 23M->14M(31M) 1.191ms
[2025-04-17T11:25:53.343+0000][2353.174s][info][gc,cpu         ] GC(1527) User=0.00s Sys=0.00s Real=0.00s
[2025-04-17T11:25:54.887+0000][2354.717s][info][gc,start       ] GC(1528) Pause Young (Allocation Failure)
[2025-04-17T11:25:54.888+0000][2354.718s][info][gc,heap        ] GC(1528) DefNew: 9169K(10176K)->100K(10176K) Eden: 9088K(9088K)->0K(9088K) From: 81K(1088K)->100K(1088K)
[2025-04-17T11:25:54.888+0000][2354.718s][info][gc,heap        ] GC(1528) Tenured: 14996K(22468K)->14996K(22468K)
[2025-04-17T11:25:54.888+0000][2354.718s][info][gc,metaspace   ] GC(1528) Metaspace: 37471K(37824K)->37471K(37824K) NonClass: 33045K(33216K)->33045K(33216K) Class: 4425K(4608K)->4425K(4608K)
[2025-04-17T11:25:54.888+0000][2354.718s][info][gc             ] GC(1528) Pause Young (Allocation Failure) 23M->14M(31M) 1.251ms
[2025-04-17T11:25:54.888+0000][2354.718s][info][gc,cpu         ] GC(1528) User=0.00s Sys=0.00s Real=0.00s
[2025-04-17T11:25:56.573+0000][2356.403s][info][gc,start       ] GC(1529) Pause Young (Allocation Failure)
[2025-04-17T11:25:56.574+0000][2356.405s][info][gc,heap        ] GC(1529) DefNew: 9188K(10176K)->84K(10176K) Eden: 9087K(9088K)->0K(9088K) From: 100K(1088K)->84K(1088K)
[2025-04-17T11:25:56.574+0000][2356.405s][info][gc,heap        ] GC(1529) Tenured: 14996K(22468K)->14996K(22468K)
[2025-04-17T11:25:56.575+0000][2356.405s][info][gc,metaspace   ] GC(1529) Metaspace: 37471K(37824K)->37471K(37824K) NonClass: 33045K(33216K)->33045K(33216K) Class: 4425K(4608K)->4425K(4608K)
[2025-04-17T11:25:56.575+0000][2356.405s][info][gc             ] GC(1529) Pause Young (Allocation Failure) 23M->14M(31M) 1.223ms
[2025-04-17T11:25:56.575+0000][2356.405s][info][gc,cpu         ] GC(1529) User=0.00s Sys=0.00s Real=0.01s
[2025-04-17T11:25:58.091+0000][2357.921s][info][gc,start       ] GC(1530) Pause Young (Allocation Failure)
[2025-04-17T11:25:58.092+0000][2357.922s][info][gc,heap        ] GC(1530) DefNew: 9172K(10176K)->87K(10176K) Eden: 9088K(9088K)->0K(9088K) From: 84K(1088K)->87K(1088K)
[2025-04-17T11:25:58.092+0000][2357.922s][info][gc,heap        ] GC(1530) Tenured: 14996K(22468K)->14997K(22468K)
[2025-04-17T11:25:58.092+0000][2357.922s][info][gc,metaspace   ] GC(1530) Metaspace: 37471K(37824K)->37471K(37824K) NonClass: 33045K(33216K)->33045K(33216K) Class: 4425K(4608K)->4425K(4608K)
[2025-04-17T11:25:58.092+0000][2357.922s][info][gc             ] GC(1530) Pause Young (Allocation Failure) 23M->14M(31M) 1.210ms
[2025-04-17T11:25:58.092+0000][2357.922s][info][gc,cpu         ] GC(1530) User=0.00s Sys=0.00s Real=0.00s
[2025-04-17T11:25:59.789+0000][2359.619s][info][gc,start       ] GC(1531) Pause Young (Allocation Failure)
[2025-04-17T11:25:59.790+0000][2359.620s][info][gc,heap        ] GC(1531) DefNew: 9175K(10176K)->104K(10176K) Eden: 9088K(9088K)->0K(9088K) From: 87K(1088K)->104K(1088K)
[2025-04-17T11:25:59.790+0000][2359.620s][info][gc,heap        ] GC(1531) Tenured: 14997K(22468K)->14997K(22468K)
[2025-04-17T11:25:59.790+0000][2359.620s][info][gc,metaspace   ] GC(1531) Metaspace: 37471K(37824K)->37471K(37824K) NonClass: 33045K(33216K)->33045K(33216K) Class: 4425K(4608K)->4425K(4608K)
[2025-04-17T11:25:59.790+0000][2359.620s][info][gc             ] GC(1531) Pause Young (Allocation Failure) 23M->14M(31M) 1.168ms
[2025-04-17T11:25:59.790+0000][2359.620s][info][gc,cpu         ] GC(1531) User=0.00s Sys=0.00s Real=0.00s
[2025-04-17T11:26:01.623+0000][2361.453s][info][gc,start       ] GC(1532) Pause Young (Allocation Failure)
[2025-04-17T11:26:01.624+0000][2361.454s][info][gc,heap        ] GC(1532) DefNew: 9192K(10176K)->90K(10176K) Eden: 9088K(9088K)->0K(9088K) From: 104K(1088K)->90K(1088K)
[2025-04-17T11:26:01.624+0000][2361.454s][info][gc,heap        ] GC(1532) Tenured: 14997K(22468K)->14997K(22468K)
[2025-04-17T11:26:01.624+0000][2361.454s][info][gc,metaspace   ] GC(1532) Metaspace: 37471K(37824K)->37471K(37824K) NonClass: 33045K(33216K)->33045K(33216K) Class: 4425K(4608K)->4425K(4608K)
[2025-04-17T11:26:01.624+0000][2361.454s][info][gc             ] GC(1532) Pause Young (Allocation Failure) 23M->14M(31M) 1.160ms
[2025-04-17T11:26:01.624+0000][2361.454s][info][gc,cpu         ] GC(1532) User=0.00s Sys=0.00s Real=0.00s
[2025-04-17T11:26:02.873+0000][2362.703s][info][gc,start       ] GC(1533) Pause Young (Allocation Failure)
[2025-04-17T11:26:02.874+0000][2362.704s][info][gc,heap        ] GC(1533) DefNew: 9178K(10176K)->91K(10176K) Eden: 9088K(9088K)->0K(9088K) From: 90K(1088K)->91K(1088K)
[2025-04-17T11:26:02.874+0000][2362.704s][info][gc,heap        ] GC(1533) Tenured: 14997K(22468K)->14998K(22468K)
[2025-04-17T11:26:02.874+0000][2362.704s][info][gc,metaspace   ] GC(1533) Metaspace: 37471K(37824K)->37471K(37824K) NonClass: 33045K(33216K)->33045K(33216K) Class: 4425K(4608K)->4425K(4608K)
[2025-04-17T11:26:02.874+0000][2362.704s][info][gc             ] GC(1533) Pause Young (Allocation Failure) 23M->14M(31M) 1.193ms
[2025-04-17T11:26:02.874+0000][2362.704s][info][gc,cpu         ] GC(1533) User=0.00s Sys=0.00s Real=0.01s
[2025-04-17T11:26:04.780+0000][2364.610s][info][gc,start       ] GC(1534) Pause Young (Allocation Failure)
[2025-04-17T11:26:04.781+0000][2364.611s][info][gc,heap        ] GC(1534) DefNew: 9179K(10176K)->90K(10176K) Eden: 9088K(9088K)->0K(9088K) From: 91K(1088K)->90K(1088K)
[2025-04-17T11:26:04.781+0000][2364.611s][info][gc,heap        ] GC(1534) Tenured: 14998K(22468K)->14998K(22468K)
[2025-04-17T11:26:04.781+0000][2364.611s][info][gc,metaspace   ] GC(1534) Metaspace: 37471K(37824K)->37471K(37824K) NonClass: 33045K(33216K)->33045K(33216K) Class: 4425K(4608K)->4425K(4608K)
[2025-04-17T11:26:04.781+0000][2364.611s][info][gc             ] GC(1534) Pause Young (Allocation Failure) 23M->14M(31M) 1.342ms
[2025-04-17T11:26:04.781+0000][2364.611s][info][gc,cpu         ] GC(1534) User=0.01s Sys=0.00s Real=0.00s
[2025-04-17T11:26:06.390+0000][2366.220s][info][gc,start       ] GC(1535) Pause Young (Allocation Failure)
[2025-04-17T11:26:06.391+0000][2366.221s][info][gc,heap        ] GC(1535) DefNew: 9178K(10176K)->106K(10176K) Eden: 9088K(9088K)->0K(9088K) From: 90K(1088K)->106K(1088K)
[2025-04-17T11:26:06.391+0000][2366.221s][info][gc,heap        ] GC(1535) Tenured: 14998K(22468K)->14998K(22468K)
[2025-04-17T11:26:06.391+0000][2366.221s][info][gc,metaspace   ] GC(1535) Metaspace: 37471K(37824K)->37471K(37824K) NonClass: 33045K(33216K)->33045K(33216K) Class: 4425K(4608K)->4425K(4608K)
[2025-04-17T11:26:06.391+0000][2366.221s][info][gc             ] GC(1535) Pause Young (Allocation Failure) 23M->14M(31M) 1.431ms
[2025-04-17T11:26:06.391+0000][2366.221s][info][gc,cpu         ] GC(1535) User=0.00s Sys=0.00s Real=0.00s
[2025-04-17T11:26:07.948+0000][2367.778s][info][gc,start       ] GC(1536) Pause Young (Allocation Failure)
[2025-04-17T11:26:07.949+0000][2367.780s][info][gc,heap        ] GC(1536) DefNew: 9194K(10176K)->88K(10176K) Eden: 9088K(9088K)->0K(9088K) From: 106K(1088K)->88K(1088K)
[2025-04-17T11:26:07.949+0000][2367.780s][info][gc,heap        ] GC(1536) Tenured: 14998K(22468K)->14999K(22468K)
[2025-04-17T11:26:07.949+0000][2367.780s][info][gc,metaspace   ] GC(1536) Metaspace: 37471K(37824K)->37471K(37824K) NonClass: 33045K(33216K)->33045K(33216K) Class: 4425K(4608K)->4425K(4608K)
[2025-04-17T11:26:07.949+0000][2367.780s][info][gc             ] GC(1536) Pause Young (Allocation Failure) 23M->14M(31M) 1.152ms
[2025-04-17T11:26:07.949+0000][2367.780s][info][gc,cpu         ] GC(1536) User=0.00s Sys=0.00s Real=0.00s
[2025-04-17T11:26:09.440+0000][2369.270s][info][gc,start       ] GC(1537) Pause Young (Allocation Failure)
[2025-04-17T11:26:09.441+0000][2369.271s][info][gc,heap        ] GC(1537) DefNew: 9176K(10176K)->92K(10176K) Eden: 9088K(9088K)->0K(9088K) From: 88K(1088K)->92K(1088K)
[2025-04-17T11:26:09.441+0000][2369.271s][info][gc,heap        ] GC(1537) Tenured: 14999K(22468K)->14999K(22468K)
[2025-04-17T11:26:09.441+0000][2369.271s][info][gc,metaspace   ] GC(1537) Metaspace: 37471K(37824K)->37471K(37824K) NonClass: 33045K(33216K)->33045K(33216K) Class: 4425K(4608K)->4425K(4608K)
[2025-04-17T11:26:09.441+0000][2369.271s][info][gc             ] GC(1537) Pause Young (Allocation Failure) 23M->14M(31M) 1.295ms
[2025-04-17T11:26:09.441+0000][2369.271s][info][gc,cpu         ] GC(1537) User=0.00s Sys=0.00s Real=0.00s
[2025-04-17T11:26:11.154+0000][2370.984s][info][gc,start       ] GC(1538) Pause Young (Allocation Failure)
[2025-04-17T11:26:11.155+0000][2370.985s][info][gc,heap        ] GC(1538) DefNew: 9180K(10176K)->112K(10176K) Eden: 9088K(9088K)->0K(9088K) From: 92K(1088K)->112K(1088K)
[2025-04-17T11:26:11.155+0000][2370.985s][info][gc,heap        ] GC(1538) Tenured: 14999K(22468K)->14999K(22468K)
[2025-04-17T11:26:11.155+0000][2370.985s][info][gc,metaspace   ] GC(1538) Metaspace: 37471K(37824K)->37471K(37824K) NonClass: 33045K(33216K)->33045K(33216K) Class: 4425K(4608K)->4425K(4608K)
[2025-04-17T11:26:11.155+0000][2370.985s][info][gc             ] GC(1538) Pause Young (Allocation Failure) 23M->14M(31M) 1.251ms
[2025-04-17T11:26:11.155+0000][2370.985s][info][gc,cpu         ] GC(1538) User=0.00s Sys=0.00s Real=0.01s
[2025-04-17T11:26:12.687+0000][2372.517s][info][gc,start       ] GC(1539) Pause Young (Allocation Failure)
[2025-04-17T11:26:12.688+0000][2372.518s][info][gc,heap        ] GC(1539) DefNew: 9200K(10176K)->99K(10176K) Eden: 9088K(9088K)->0K(9088K) From: 112K(1088K)->99K(1088K)
[2025-04-17T11:26:12.688+0000][2372.518s][info][gc,heap        ] GC(1539) Tenured: 14999K(22468K)->15001K(22468K)
[2025-04-17T11:26:12.688+0000][2372.518s][info][gc,metaspace   ] GC(1539) Metaspace: 37471K(37824K)->37471K(37824K) NonClass: 33045K(33216K)->33045K(33216K) Class: 4425K(4608K)->4425K(4608K)
[2025-04-17T11:26:12.688+0000][2372.518s][info][gc             ] GC(1539) Pause Young (Allocation Failure) 23M->14M(31M) 1.308ms
[2025-04-17T11:26:12.688+0000][2372.518s][info][gc,cpu         ] GC(1539) User=0.00s Sys=0.00s Real=0.00s
[2025-04-17T11:26:14.120+0000][2373.950s][info][gc,start       ] GC(1540) Pause Young (Allocation Failure)
[2025-04-17T11:26:14.121+0000][2373.951s][info][gc,heap        ] GC(1540) DefNew: 9187K(10176K)->89K(10176K) Eden: 9088K(9088K)->0K(9088K) From: 99K(1088K)->89K(1088K)
[2025-04-17T11:26:14.121+0000][2373.951s][info][gc,heap        ] GC(1540) Tenured: 15001K(22468K)->15002K(22468K)
[2025-04-17T11:26:14.121+0000][2373.951s][info][gc,metaspace   ] GC(1540) Metaspace: 37471K(37824K)->37471K(37824K) NonClass: 33045K(33216K)->33045K(33216K) Class: 4425K(4608K)->4425K(4608K)
[2025-04-17T11:26:14.121+0000][2373.951s][info][gc             ] GC(1540) Pause Young (Allocation Failure) 23M->14M(31M) 1.208ms
[2025-04-17T11:26:14.121+0000][2373.951s][info][gc,cpu         ] GC(1540) User=0.00s Sys=0.00s Real=0.00s
[2025-04-17T11:26:15.760+0000][2375.590s][info][gc,start       ] GC(1541) Pause Young (Allocation Failure)
[2025-04-17T11:26:15.761+0000][2375.592s][info][gc,heap        ] GC(1541) DefNew: 9177K(10176K)->91K(10176K) Eden: 9088K(9088K)->0K(9088K) From: 89K(1088K)->91K(1088K)
[2025-04-17T11:26:15.761+0000][2375.592s][info][gc,heap        ] GC(1541) Tenured: 15002K(22468K)->15003K(22468K)
[2025-04-17T11:26:15.761+0000][2375.592s][info][gc,metaspace   ] GC(1541) Metaspace: 37471K(37824K)->37471K(37824K) NonClass: 33045K(33216K)->33045K(33216K) Class: 4425K(4608K)->4425K(4608K)
[2025-04-17T11:26:15.761+0000][2375.592s][info][gc             ] GC(1541) Pause Young (Allocation Failure) 23M->14M(31M) 1.267ms
[2025-04-17T11:26:15.762+0000][2375.592s][info][gc,cpu         ] GC(1541) User=0.00s Sys=0.00s Real=0.00s
[2025-04-17T11:26:17.659+0000][2377.489s][info][gc,start       ] GC(1542) Pause Young (Allocation Failure)
[2025-04-17T11:26:17.660+0000][2377.490s][info][gc,heap        ] GC(1542) DefNew: 9179K(10176K)->88K(10176K) Eden: 9088K(9088K)->0K(9088K) From: 91K(1088K)->88K(1088K)
[2025-04-17T11:26:17.660+0000][2377.490s][info][gc,heap        ] GC(1542) Tenured: 15003K(22468K)->15006K(22468K)
[2025-04-17T11:26:17.660+0000][2377.490s][info][gc,metaspace   ] GC(1542) Metaspace: 37471K(37824K)->37471K(37824K) NonClass: 33045K(33216K)->33045K(33216K) Class: 4425K(4608K)->4425K(4608K)
[2025-04-17T11:26:17.660+0000][2377.490s][info][gc             ] GC(1542) Pause Young (Allocation Failure) 23M->14M(31M) 1.353ms
[2025-04-17T11:26:17.660+0000][2377.490s][info][gc,cpu         ] GC(1542) User=0.00s Sys=0.00s Real=0.00s
[2025-04-17T11:26:18.907+0000][2378.737s][info][gc,start       ] GC(1543) Pause Young (Allocation Failure)
[2025-04-17T11:26:18.908+0000][2378.738s][info][gc,heap        ] GC(1543) DefNew: 9176K(10176K)->104K(10176K) Eden: 9088K(9088K)->0K(9088K) From: 88K(1088K)->104K(1088K)
[2025-04-17T11:26:18.908+0000][2378.738s][info][gc,heap        ] GC(1543) Tenured: 15006K(22468K)->15007K(22468K)
[2025-04-17T11:26:18.908+0000][2378.738s][info][gc,metaspace   ] GC(1543) Metaspace: 37471K(37824K)->37471K(37824K) NonClass: 33045K(33216K)->33045K(33216K) Class: 4425K(4608K)->4425K(4608K)
[2025-04-17T11:26:18.908+0000][2378.738s][info][gc             ] GC(1543) Pause Young (Allocation Failure) 23M->14M(31M) 1.390ms
[2025-04-17T11:26:18.908+0000][2378.739s][info][gc,cpu         ] GC(1543) User=0.00s Sys=0.00s Real=0.00s
[2025-04-17T11:26:20.521+0000][2380.351s][info][gc,start       ] GC(1544) Pause Young (Allocation Failure)
[2025-04-17T11:26:20.522+0000][2380.352s][info][gc,heap        ] GC(1544) DefNew: 9192K(10176K)->89K(10176K) Eden: 9088K(9088K)->0K(9088K) From: 104K(1088K)->89K(1088K)
[2025-04-17T11:26:20.522+0000][2380.352s][info][gc,heap        ] GC(1544) Tenured: 15007K(22468K)->15009K(22468K)
[2025-04-17T11:26:20.522+0000][2380.352s][info][gc,metaspace   ] GC(1544) Metaspace: 37471K(37824K)->37471K(37824K) NonClass: 33045K(33216K)->33045K(33216K) Class: 4425K(4608K)->4425K(4608K)
[2025-04-17T11:26:20.522+0000][2380.353s][info][gc             ] GC(1544) Pause Young (Allocation Failure) 23M->14M(31M) 1.215ms
[2025-04-17T11:26:20.522+0000][2380.353s][info][gc,cpu         ] GC(1544) User=0.00s Sys=0.00s Real=0.00s
[2025-04-17T11:26:22.117+0000][2381.947s][info][gc,start       ] GC(1545) Pause Young (Allocation Failure)
[2025-04-17T11:26:22.118+0000][2381.948s][info][gc,heap        ] GC(1545) DefNew: 9177K(10176K)->86K(10176K) Eden: 9088K(9088K)->0K(9088K) From: 89K(1088K)->86K(1088K)
[2025-04-17T11:26:22.118+0000][2381.948s][info][gc,heap        ] GC(1545) Tenured: 15009K(22468K)->15012K(22468K)
[2025-04-17T11:26:22.118+0000][2381.948s][info][gc,metaspace   ] GC(1545) Metaspace: 37471K(37824K)->37471K(37824K) NonClass: 33045K(33216K)->33045K(33216K) Class: 4425K(4608K)->4425K(4608K)
[2025-04-17T11:26:22.118+0000][2381.948s][info][gc             ] GC(1545) Pause Young (Allocation Failure) 23M->14M(31M) 1.226ms
[2025-04-17T11:26:22.118+0000][2381.948s][info][gc,cpu         ] GC(1545) User=0.00s Sys=0.00s Real=0.00s
[2025-04-17T11:26:23.659+0000][2383.489s][info][gc,start       ] GC(1546) Pause Young (Allocation Failure)
[2025-04-17T11:26:23.660+0000][2383.490s][info][gc,heap        ] GC(1546) DefNew: 9174K(10176K)->100K(10176K) Eden: 9088K(9088K)->0K(9088K) From: 86K(1088K)->100K(1088K)
[2025-04-17T11:26:23.660+0000][2383.490s][info][gc,heap        ] GC(1546) Tenured: 15012K(22468K)->15013K(22468K)
[2025-04-17T11:26:23.660+0000][2383.491s][info][gc,metaspace   ] GC(1546) Metaspace: 37471K(37824K)->37471K(37824K) NonClass: 33045K(33216K)->33045K(33216K) Class: 4425K(4608K)->4425K(4608K)
[2025-04-17T11:26:23.660+0000][2383.491s][info][gc             ] GC(1546) Pause Young (Allocation Failure) 23M->14M(31M) 1.283ms
[2025-04-17T11:26:23.660+0000][2383.491s][info][gc,cpu         ] GC(1546) User=0.00s Sys=0.00s Real=0.00s
[2025-04-17T11:26:25.233+0000][2385.063s][info][gc,start       ] GC(1547) Pause Young (Allocation Failure)
[2025-04-17T11:26:25.235+0000][2385.065s][info][gc,heap        ] GC(1547) DefNew: 9188K(10176K)->83K(10176K) Eden: 9088K(9088K)->0K(9088K) From: 100K(1088K)->83K(1088K)
[2025-04-17T11:26:25.235+0000][2385.065s][info][gc,heap        ] GC(1547) Tenured: 15013K(22468K)->15013K(22468K)
[2025-04-17T11:26:25.235+0000][2385.065s][info][gc,metaspace   ] GC(1547) Metaspace: 37471K(37824K)->37471K(37824K) NonClass: 33045K(33216K)->33045K(33216K) Class: 4425K(4608K)->4425K(4608K)
[2025-04-17T11:26:25.235+0000][2385.065s][info][gc             ] GC(1547) Pause Young (Allocation Failure) 23M->14M(31M) 1.190ms
[2025-04-17T11:26:25.235+0000][2385.065s][info][gc,cpu         ] GC(1547) User=0.00s Sys=0.00s Real=0.01s
[2025-04-17T11:26:26.702+0000][2386.532s][info][gc,start       ] GC(1548) Pause Young (Allocation Failure)
[2025-04-17T11:26:26.704+0000][2386.534s][info][gc,heap        ] GC(1548) DefNew: 9171K(10176K)->86K(10176K) Eden: 9088K(9088K)->0K(9088K) From: 83K(1088K)->86K(1088K)
[2025-04-17T11:26:26.704+0000][2386.534s][info][gc,heap        ] GC(1548) Tenured: 15013K(22468K)->15014K(22468K)
[2025-04-17T11:26:26.704+0000][2386.534s][info][gc,metaspace   ] GC(1548) Metaspace: 37471K(37824K)->37471K(37824K) NonClass: 33045K(33216K)->33045K(33216K) Class: 4425K(4608K)->4425K(4608K)
[2025-04-17T11:26:26.704+0000][2386.534s][info][gc             ] GC(1548) Pause Young (Allocation Failure) 23M->14M(31M) 1.315ms
[2025-04-17T11:26:26.704+0000][2386.534s][info][gc,cpu         ] GC(1548) User=0.01s Sys=0.00s Real=0.00s
[2025-04-17T11:26:28.450+0000][2388.281s][info][gc,start       ] GC(1549) Pause Young (Allocation Failure)
[2025-04-17T11:26:28.452+0000][2388.282s][info][gc,heap        ] GC(1549) DefNew: 9174K(10176K)->90K(10176K) Eden: 9088K(9088K)->0K(9088K) From: 86K(1088K)->90K(1088K)
[2025-04-17T11:26:28.452+0000][2388.282s][info][gc,heap        ] GC(1549) Tenured: 15014K(22468K)->15014K(22468K)
[2025-04-17T11:26:28.452+0000][2388.282s][info][gc,metaspace   ] GC(1549) Metaspace: 37471K(37824K)->37471K(37824K) NonClass: 33045K(33216K)->33045K(33216K) Class: 4425K(4608K)->4425K(4608K)
[2025-04-17T11:26:28.452+0000][2388.282s][info][gc             ] GC(1549) Pause Young (Allocation Failure) 23M->14M(31M) 1.642ms
[2025-04-17T11:26:28.452+0000][2388.282s][info][gc,cpu         ] GC(1549) User=0.00s Sys=0.00s Real=0.00s
[2025-04-17T11:26:29.760+0000][2389.590s][info][gc,start       ] GC(1550) Pause Young (Allocation Failure)
[2025-04-17T11:26:29.761+0000][2389.591s][info][gc,heap        ] GC(1550) DefNew: 9178K(10176K)->101K(10176K) Eden: 9088K(9088K)->0K(9088K) From: 90K(1088K)->101K(1088K)
[2025-04-17T11:26:29.761+0000][2389.591s][info][gc,heap        ] GC(1550) Tenured: 15014K(22468K)->15017K(22468K)
[2025-04-17T11:26:29.761+0000][2389.591s][info][gc,metaspace   ] GC(1550) Metaspace: 37471K(37824K)->37471K(37824K) NonClass: 33045K(33216K)->33045K(33216K) Class: 4425K(4608K)->4425K(4608K)
[2025-04-17T11:26:29.761+0000][2389.591s][info][gc             ] GC(1550) Pause Young (Allocation Failure) 23M->14M(31M) 1.387ms
[2025-04-17T11:26:29.761+0000][2389.591s][info][gc,cpu         ] GC(1550) User=0.01s Sys=0.00s Real=0.00s
[2025-04-17T11:26:31.404+0000][2391.234s][info][gc,start       ] GC(1551) Pause Young (Allocation Failure)
[2025-04-17T11:26:31.405+0000][2391.235s][info][gc,heap        ] GC(1551) DefNew: 9189K(10176K)->86K(10176K) Eden: 9088K(9088K)->0K(9088K) From: 101K(1088K)->86K(1088K)
[2025-04-17T11:26:31.405+0000][2391.235s][info][gc,heap        ] GC(1551) Tenured: 15017K(22468K)->15018K(22468K)
[2025-04-17T11:26:31.405+0000][2391.235s][info][gc,metaspace   ] GC(1551) Metaspace: 37471K(37824K)->37471K(37824K) NonClass: 33045K(33216K)->33045K(33216K) Class: 4425K(4608K)->4425K(4608K)
[2025-04-17T11:26:31.405+0000][2391.235s][info][gc             ] GC(1551) Pause Young (Allocation Failure) 23M->14M(31M) 1.261ms
[2025-04-17T11:26:31.405+0000][2391.235s][info][gc,cpu         ] GC(1551) User=0.00s Sys=0.00s Real=0.01s
[2025-04-17T11:26:32.879+0000][2392.709s][info][gc,start       ] GC(1552) Pause Young (Allocation Failure)
[2025-04-17T11:26:32.880+0000][2392.710s][info][gc,heap        ] GC(1552) DefNew: 9174K(10176K)->88K(10176K) Eden: 9088K(9088K)->0K(9088K) From: 86K(1088K)->88K(1088K)
[2025-04-17T11:26:32.880+0000][2392.710s][info][gc,heap        ] GC(1552) Tenured: 15018K(22468K)->15019K(22468K)
[2025-04-17T11:26:32.880+0000][2392.710s][info][gc,metaspace   ] GC(1552) Metaspace: 37471K(37824K)->37471K(37824K) NonClass: 33045K(33216K)->33045K(33216K) Class: 4425K(4608K)->4425K(4608K)
[2025-04-17T11:26:32.880+0000][2392.710s][info][gc             ] GC(1552) Pause Young (Allocation Failure) 23M->14M(31M) 1.307ms
[2025-04-17T11:26:32.880+0000][2392.710s][info][gc,cpu         ] GC(1552) User=0.01s Sys=0.00s Real=0.00s
[2025-04-17T11:26:34.408+0000][2394.239s][info][gc,start       ] GC(1553) Pause Young (Allocation Failure)
[2025-04-17T11:26:34.410+0000][2394.240s][info][gc,heap        ] GC(1553) DefNew: 9176K(10176K)->85K(10176K) Eden: 9087K(9088K)->0K(9088K) From: 88K(1088K)->85K(1088K)
[2025-04-17T11:26:34.410+0000][2394.240s][info][gc,heap        ] GC(1553) Tenured: 15019K(22468K)->15021K(22468K)
[2025-04-17T11:26:34.410+0000][2394.240s][info][gc,metaspace   ] GC(1553) Metaspace: 37471K(37824K)->37471K(37824K) NonClass: 33045K(33216K)->33045K(33216K) Class: 4425K(4608K)->4425K(4608K)
[2025-04-17T11:26:34.410+0000][2394.240s][info][gc             ] GC(1553) Pause Young (Allocation Failure) 23M->14M(31M) 1.265ms
[2025-04-17T11:26:34.410+0000][2394.240s][info][gc,cpu         ] GC(1553) User=0.01s Sys=0.00s Real=0.00s
[2025-04-17T11:26:35.800+0000][2395.630s][info][gc,start       ] GC(1554) Pause Young (Allocation Failure)
[2025-04-17T11:26:35.801+0000][2395.632s][info][gc,heap        ] GC(1554) DefNew: 9173K(10176K)->106K(10176K) Eden: 9088K(9088K)->0K(9088K) From: 85K(1088K)->106K(1088K)
[2025-04-17T11:26:35.801+0000][2395.632s][info][gc,heap        ] GC(1554) Tenured: 15021K(22468K)->15021K(22468K)
[2025-04-17T11:26:35.801+0000][2395.632s][info][gc,metaspace   ] GC(1554) Metaspace: 37471K(37824K)->37471K(37824K) NonClass: 33045K(33216K)->33045K(33216K) Class: 4425K(4608K)->4425K(4608K)
[2025-04-17T11:26:35.801+0000][2395.632s][info][gc             ] GC(1554) Pause Young (Allocation Failure) 23M->14M(31M) 1.228ms
[2025-04-17T11:26:35.801+0000][2395.632s][info][gc,cpu         ] GC(1554) User=0.00s Sys=0.00s Real=0.00s
[2025-04-17T11:26:37.432+0000][2397.262s][info][gc,start       ] GC(1555) Pause Young (Allocation Failure)
[2025-04-17T11:26:37.433+0000][2397.263s][info][gc,heap        ] GC(1555) DefNew: 9194K(10176K)->98K(10176K) Eden: 9087K(9088K)->0K(9088K) From: 106K(1088K)->98K(1088K)
[2025-04-17T11:26:37.433+0000][2397.263s][info][gc,heap        ] GC(1555) Tenured: 15021K(22468K)->15022K(22468K)
[2025-04-17T11:26:37.433+0000][2397.263s][info][gc,metaspace   ] GC(1555) Metaspace: 37471K(37824K)->37471K(37824K) NonClass: 33045K(33216K)->33045K(33216K) Class: 4425K(4608K)->4425K(4608K)
[2025-04-17T11:26:37.433+0000][2397.263s][info][gc             ] GC(1555) Pause Young (Allocation Failure) 23M->14M(31M) 1.150ms
[2025-04-17T11:26:37.433+0000][2397.263s][info][gc,cpu         ] GC(1555) User=0.01s Sys=0.00s Real=0.00s
[2025-04-17T11:26:39.172+0000][2399.002s][info][gc,start       ] GC(1556) Pause Young (Allocation Failure)
[2025-04-17T11:26:39.173+0000][2399.003s][info][gc,heap        ] GC(1556) DefNew: 9186K(10176K)->103K(10176K) Eden: 9088K(9088K)->0K(9088K) From: 98K(1088K)->103K(1088K)
[2025-04-17T11:26:39.173+0000][2399.003s][info][gc,heap        ] GC(1556) Tenured: 15022K(22468K)->15022K(22468K)
[2025-04-17T11:26:39.173+0000][2399.003s][info][gc,metaspace   ] GC(1556) Metaspace: 37471K(37824K)->37471K(37824K) NonClass: 33045K(33216K)->33045K(33216K) Class: 4425K(4608K)->4425K(4608K)
[2025-04-17T11:26:39.173+0000][2399.003s][info][gc             ] GC(1556) Pause Young (Allocation Failure) 23M->14M(31M) 1.238ms
[2025-04-17T11:26:39.173+0000][2399.003s][info][gc,cpu         ] GC(1556) User=0.00s Sys=0.00s Real=0.00s
[2025-04-17T11:26:40.504+0000][2400.334s][info][gc,start       ] GC(1557) Pause Young (Allocation Failure)
[2025-04-17T11:26:40.505+0000][2400.335s][info][gc,heap        ] GC(1557) DefNew: 9191K(10176K)->89K(10176K) Eden: 9088K(9088K)->0K(9088K) From: 103K(1088K)->89K(1088K)
[2025-04-17T11:26:40.505+0000][2400.335s][info][gc,heap        ] GC(1557) Tenured: 15022K(22468K)->15022K(22468K)
[2025-04-17T11:26:40.505+0000][2400.335s][info][gc,metaspace   ] GC(1557) Metaspace: 37471K(37824K)->37471K(37824K) NonClass: 33045K(33216K)->33045K(33216K) Class: 4425K(4608K)->4425K(4608K)
[2025-04-17T11:26:40.505+0000][2400.335s][info][gc             ] GC(1557) Pause Young (Allocation Failure) 23M->14M(31M) 1.236ms
[2025-04-17T11:26:40.505+0000][2400.335s][info][gc,cpu         ] GC(1557) User=0.00s Sys=0.00s Real=0.01s
[2025-04-17T11:26:42.247+0000][2402.078s][info][gc,start       ] GC(1558) Pause Young (Allocation Failure)
[2025-04-17T11:26:42.249+0000][2402.079s][info][gc,heap        ] GC(1558) DefNew: 9177K(10176K)->101K(10176K) Eden: 9088K(9088K)->0K(9088K) From: 89K(1088K)->101K(1088K)
[2025-04-17T11:26:42.249+0000][2402.079s][info][gc,heap        ] GC(1558) Tenured: 15022K(22468K)->15023K(22468K)
[2025-04-17T11:26:42.249+0000][2402.079s][info][gc,metaspace   ] GC(1558) Metaspace: 37471K(37824K)->37471K(37824K) NonClass: 33045K(33216K)->33045K(33216K) Class: 4425K(4608K)->4425K(4608K)
[2025-04-17T11:26:42.249+0000][2402.079s][info][gc             ] GC(1558) Pause Young (Allocation Failure) 23M->14M(31M) 1.183ms
[2025-04-17T11:26:42.249+0000][2402.079s][info][gc,cpu         ] GC(1558) User=0.00s Sys=0.00s Real=0.00s
[2025-04-17T11:26:44.035+0000][2403.865s][info][gc,start       ] GC(1559) Pause Young (Allocation Failure)
[2025-04-17T11:26:44.036+0000][2403.866s][info][gc,heap        ] GC(1559) DefNew: 9189K(10176K)->102K(10176K) Eden: 9088K(9088K)->0K(9088K) From: 101K(1088K)->102K(1088K)
[2025-04-17T11:26:44.036+0000][2403.866s][info][gc,heap        ] GC(1559) Tenured: 15023K(22468K)->15024K(22468K)
[2025-04-17T11:26:44.036+0000][2403.866s][info][gc,metaspace   ] GC(1559) Metaspace: 37471K(37824K)->37471K(37824K) NonClass: 33045K(33216K)->33045K(33216K) Class: 4425K(4608K)->4425K(4608K)
[2025-04-17T11:26:44.036+0000][2403.866s][info][gc             ] GC(1559) Pause Young (Allocation Failure) 23M->14M(31M) 1.290ms
[2025-04-17T11:26:44.036+0000][2403.866s][info][gc,cpu         ] GC(1559) User=0.00s Sys=0.00s Real=0.00s
[2025-04-17T11:26:45.444+0000][2405.274s][info][gc,start       ] GC(1560) Pause Young (Allocation Failure)
[2025-04-17T11:26:45.445+0000][2405.275s][info][gc,heap        ] GC(1560) DefNew: 9190K(10176K)->85K(10176K) Eden: 9087K(9088K)->0K(9088K) From: 102K(1088K)->85K(1088K)
[2025-04-17T11:26:45.445+0000][2405.275s][info][gc,heap        ] GC(1560) Tenured: 15024K(22468K)->15026K(22468K)
[2025-04-17T11:26:45.445+0000][2405.275s][info][gc,metaspace   ] GC(1560) Metaspace: 37471K(37824K)->37471K(37824K) NonClass: 33045K(33216K)->33045K(33216K) Class: 4425K(4608K)->4425K(4608K)
[2025-04-17T11:26:45.445+0000][2405.275s][info][gc             ] GC(1560) Pause Young (Allocation Failure) 23M->14M(31M) 1.278ms
[2025-04-17T11:26:45.445+0000][2405.275s][info][gc,cpu         ] GC(1560) User=0.00s Sys=0.00s Real=0.01s
[2025-04-17T11:26:47.089+0000][2406.919s][info][gc,start       ] GC(1561) Pause Young (Allocation Failure)
[2025-04-17T11:26:47.090+0000][2406.920s][info][gc,heap        ] GC(1561) DefNew: 9173K(10176K)->84K(10176K) Eden: 9088K(9088K)->0K(9088K) From: 85K(1088K)->84K(1088K)
[2025-04-17T11:26:47.090+0000][2406.920s][info][gc,heap        ] GC(1561) Tenured: 15026K(22468K)->15026K(22468K)
[2025-04-17T11:26:47.090+0000][2406.920s][info][gc,metaspace   ] GC(1561) Metaspace: 37471K(37824K)->37471K(37824K) NonClass: 33045K(33216K)->33045K(33216K) Class: 4425K(4608K)->4425K(4608K)
[2025-04-17T11:26:47.090+0000][2406.920s][info][gc             ] GC(1561) Pause Young (Allocation Failure) 23M->14M(31M) 1.213ms
[2025-04-17T11:26:47.090+0000][2406.920s][info][gc,cpu         ] GC(1561) User=0.00s Sys=0.00s Real=0.00s
[2025-04-17T11:26:48.593+0000][2408.423s][info][gc,start       ] GC(1562) Pause Young (Allocation Failure)
[2025-04-17T11:26:48.594+0000][2408.425s][info][gc,heap        ] GC(1562) DefNew: 9172K(10176K)->96K(10176K) Eden: 9088K(9088K)->0K(9088K) From: 84K(1088K)->96K(1088K)
[2025-04-17T11:26:48.595+0000][2408.425s][info][gc,heap        ] GC(1562) Tenured: 15026K(22468K)->15027K(22468K)
[2025-04-17T11:26:48.595+0000][2408.425s][info][gc,metaspace   ] GC(1562) Metaspace: 37471K(37824K)->37471K(37824K) NonClass: 33045K(33216K)->33045K(33216K) Class: 4425K(4608K)->4425K(4608K)
[2025-04-17T11:26:48.595+0000][2408.425s][info][gc             ] GC(1562) Pause Young (Allocation Failure) 23M->14M(31M) 1.325ms
[2025-04-17T11:26:48.595+0000][2408.425s][info][gc,cpu         ] GC(1562) User=0.00s Sys=0.00s Real=0.01s
[2025-04-17T11:26:50.213+0000][2410.043s][info][gc,start       ] GC(1563) Pause Young (Allocation Failure)
[2025-04-17T11:26:50.214+0000][2410.044s][info][gc,heap        ] GC(1563) DefNew: 9184K(10176K)->99K(10176K) Eden: 9088K(9088K)->0K(9088K) From: 96K(1088K)->99K(1088K)
[2025-04-17T11:26:50.214+0000][2410.044s][info][gc,heap        ] GC(1563) Tenured: 15027K(22468K)->15028K(22468K)
[2025-04-17T11:26:50.214+0000][2410.044s][info][gc,metaspace   ] GC(1563) Metaspace: 37471K(37824K)->37471K(37824K) NonClass: 33045K(33216K)->33045K(33216K) Class: 4425K(4608K)->4425K(4608K)
[2025-04-17T11:26:50.214+0000][2410.044s][info][gc             ] GC(1563) Pause Young (Allocation Failure) 23M->14M(31M) 1.334ms
[2025-04-17T11:26:50.214+0000][2410.044s][info][gc,cpu         ] GC(1563) User=0.00s Sys=0.00s Real=0.01s
[2025-04-17T11:26:51.803+0000][2411.633s][info][gc,start       ] GC(1564) Pause Young (Allocation Failure)
[2025-04-17T11:26:51.804+0000][2411.634s][info][gc,heap        ] GC(1564) DefNew: 9187K(10176K)->84K(10176K) Eden: 9088K(9088K)->0K(9088K) From: 99K(1088K)->84K(1088K)
[2025-04-17T11:26:51.804+0000][2411.634s][info][gc,heap        ] GC(1564) Tenured: 15028K(22468K)->15028K(22468K)
[2025-04-17T11:26:51.804+0000][2411.634s][info][gc,metaspace   ] GC(1564) Metaspace: 37471K(37824K)->37471K(37824K) NonClass: 33045K(33216K)->33045K(33216K) Class: 4425K(4608K)->4425K(4608K)
[2025-04-17T11:26:51.804+0000][2411.634s][info][gc             ] GC(1564) Pause Young (Allocation Failure) 23M->14M(31M) 1.200ms
[2025-04-17T11:26:51.804+0000][2411.634s][info][gc,cpu         ] GC(1564) User=0.00s Sys=0.00s Real=0.00s
[2025-04-17T11:26:53.358+0000][2413.188s][info][gc,start       ] GC(1565) Pause Young (Allocation Failure)
[2025-04-17T11:26:53.359+0000][2413.190s][info][gc,heap        ] GC(1565) DefNew: 9172K(10176K)->81K(10176K) Eden: 9088K(9088K)->0K(9088K) From: 84K(1088K)->81K(1088K)
[2025-04-17T11:26:53.359+0000][2413.190s][info][gc,heap        ] GC(1565) Tenured: 15028K(22468K)->15031K(22468K)
[2025-04-17T11:26:53.359+0000][2413.190s][info][gc,metaspace   ] GC(1565) Metaspace: 37471K(37824K)->37471K(37824K) NonClass: 33045K(33216K)->33045K(33216K) Class: 4425K(4608K)->4425K(4608K)
[2025-04-17T11:26:53.360+0000][2413.190s][info][gc             ] GC(1565) Pause Young (Allocation Failure) 23M->14M(31M) 1.281ms
[2025-04-17T11:26:53.360+0000][2413.190s][info][gc,cpu         ] GC(1565) User=0.01s Sys=0.00s Real=0.00s
[2025-04-17T11:26:55.168+0000][2414.998s][info][gc,start       ] GC(1566) Pause Young (Allocation Failure)
[2025-04-17T11:26:55.169+0000][2414.999s][info][gc,heap        ] GC(1566) DefNew: 9169K(10176K)->102K(10176K) Eden: 9088K(9088K)->0K(9088K) From: 81K(1088K)->102K(1088K)
[2025-04-17T11:26:55.169+0000][2414.999s][info][gc,heap        ] GC(1566) Tenured: 15031K(22468K)->15033K(22468K)
[2025-04-17T11:26:55.169+0000][2414.999s][info][gc,metaspace   ] GC(1566) Metaspace: 37471K(37824K)->37471K(37824K) NonClass: 33045K(33216K)->33045K(33216K) Class: 4425K(4608K)->4425K(4608K)
[2025-04-17T11:26:55.169+0000][2414.999s][info][gc             ] GC(1566) Pause Young (Allocation Failure) 23M->14M(31M) 1.362ms
[2025-04-17T11:26:55.169+0000][2414.999s][info][gc,cpu         ] GC(1566) User=0.01s Sys=0.00s Real=0.00s
[2025-04-17T11:26:56.473+0000][2416.303s][info][gc,start       ] GC(1567) Pause Young (Allocation Failure)
[2025-04-17T11:26:56.474+0000][2416.304s][info][gc,heap        ] GC(1567) DefNew: 9190K(10176K)->96K(10176K) Eden: 9088K(9088K)->0K(9088K) From: 102K(1088K)->96K(1088K)
[2025-04-17T11:26:56.474+0000][2416.304s][info][gc,heap        ] GC(1567) Tenured: 15033K(22468K)->15033K(22468K)
[2025-04-17T11:26:56.474+0000][2416.304s][info][gc,metaspace   ] GC(1567) Metaspace: 37471K(37824K)->37471K(37824K) NonClass: 33045K(33216K)->33045K(33216K) Class: 4425K(4608K)->4425K(4608K)
[2025-04-17T11:26:56.474+0000][2416.304s][info][gc             ] GC(1567) Pause Young (Allocation Failure) 23M->14M(31M) 1.337ms
[2025-04-17T11:26:56.474+0000][2416.304s][info][gc,cpu         ] GC(1567) User=0.00s Sys=0.00s Real=0.01s
[2025-04-17T11:26:57.958+0000][2417.788s][info][gc,start       ] GC(1568) Pause Young (Allocation Failure)
[2025-04-17T11:26:57.959+0000][2417.789s][info][gc,heap        ] GC(1568) DefNew: 9178K(10176K)->101K(10176K) Eden: 9081K(9088K)->0K(9088K) From: 96K(1088K)->101K(1088K)
[2025-04-17T11:26:57.959+0000][2417.789s][info][gc,heap        ] GC(1568) Tenured: 15033K(22468K)->15033K(22468K)
[2025-04-17T11:26:57.959+0000][2417.789s][info][gc,metaspace   ] GC(1568) Metaspace: 37471K(37824K)->37471K(37824K) NonClass: 33045K(33216K)->33045K(33216K) Class: 4425K(4608K)->4425K(4608K)
[2025-04-17T11:26:57.959+0000][2417.789s][info][gc             ] GC(1568) Pause Young (Allocation Failure) 23M->14M(31M) 1.170ms
[2025-04-17T11:26:57.959+0000][2417.789s][info][gc,cpu         ] GC(1568) User=0.00s Sys=0.00s Real=0.00s
[2025-04-17T11:26:59.443+0000][2419.273s][info][gc,start       ] GC(1569) Pause Young (Allocation Failure)
[2025-04-17T11:26:59.444+0000][2419.275s][info][gc,heap        ] GC(1569) DefNew: 9189K(10176K)->82K(10176K) Eden: 9088K(9088K)->0K(9088K) From: 101K(1088K)->82K(1088K)
[2025-04-17T11:26:59.444+0000][2419.275s][info][gc,heap        ] GC(1569) Tenured: 15033K(22468K)->15033K(22468K)
[2025-04-17T11:26:59.444+0000][2419.275s][info][gc,metaspace   ] GC(1569) Metaspace: 37471K(37824K)->37471K(37824K) NonClass: 33045K(33216K)->33045K(33216K) Class: 4425K(4608K)->4425K(4608K)
[2025-04-17T11:26:59.444+0000][2419.275s][info][gc             ] GC(1569) Pause Young (Allocation Failure) 23M->14M(31M) 1.338ms
[2025-04-17T11:26:59.444+0000][2419.275s][info][gc,cpu         ] GC(1569) User=0.00s Sys=0.00s Real=0.01s
[2025-04-17T11:27:01.012+0000][2420.843s][info][gc,start       ] GC(1570) Pause Young (Allocation Failure)
[2025-04-17T11:27:01.014+0000][2420.844s][info][gc,heap        ] GC(1570) DefNew: 9170K(10176K)->79K(10176K) Eden: 9088K(9088K)->0K(9088K) From: 82K(1088K)->79K(1088K)
[2025-04-17T11:27:01.014+0000][2420.844s][info][gc,heap        ] GC(1570) Tenured: 15033K(22468K)->15035K(22468K)
[2025-04-17T11:27:01.014+0000][2420.844s][info][gc,metaspace   ] GC(1570) Metaspace: 37471K(37824K)->37471K(37824K) NonClass: 33045K(33216K)->33045K(33216K) Class: 4425K(4608K)->4425K(4608K)
[2025-04-17T11:27:01.014+0000][2420.844s][info][gc             ] GC(1570) Pause Young (Allocation Failure) 23M->14M(31M) 1.191ms
[2025-04-17T11:27:01.014+0000][2420.844s][info][gc,cpu         ] GC(1570) User=0.00s Sys=0.00s Real=0.00s
[2025-04-17T11:27:02.652+0000][2422.482s][info][gc,start       ] GC(1571) Pause Young (Allocation Failure)
[2025-04-17T11:27:02.654+0000][2422.484s][info][gc,heap        ] GC(1571) DefNew: 9167K(10176K)->96K(10176K) Eden: 9088K(9088K)->0K(9088K) From: 79K(1088K)->96K(1088K)
[2025-04-17T11:27:02.654+0000][2422.484s][info][gc,heap        ] GC(1571) Tenured: 15035K(22468K)->15037K(22468K)
[2025-04-17T11:27:02.654+0000][2422.484s][info][gc,metaspace   ] GC(1571) Metaspace: 37471K(37824K)->37471K(37824K) NonClass: 33045K(33216K)->33045K(33216K) Class: 4425K(4608K)->4425K(4608K)
[2025-04-17T11:27:02.654+0000][2422.484s][info][gc             ] GC(1571) Pause Young (Allocation Failure) 23M->14M(31M) 1.297ms
[2025-04-17T11:27:02.654+0000][2422.484s][info][gc,cpu         ] GC(1571) User=0.00s Sys=0.00s Real=0.00s
[2025-04-17T11:27:04.323+0000][2424.153s][info][gc,start       ] GC(1572) Pause Young (Allocation Failure)
[2025-04-17T11:27:04.324+0000][2424.154s][info][gc,heap        ] GC(1572) DefNew: 9184K(10176K)->91K(10176K) Eden: 9088K(9088K)->0K(9088K) From: 96K(1088K)->91K(1088K)
[2025-04-17T11:27:04.324+0000][2424.154s][info][gc,heap        ] GC(1572) Tenured: 15037K(22468K)->15038K(22468K)
[2025-04-17T11:27:04.324+0000][2424.154s][info][gc,metaspace   ] GC(1572) Metaspace: 37471K(37824K)->37471K(37824K) NonClass: 33045K(33216K)->33045K(33216K) Class: 4425K(4608K)->4425K(4608K)
[2025-04-17T11:27:04.324+0000][2424.154s][info][gc             ] GC(1572) Pause Young (Allocation Failure) 23M->14M(31M) 1.265ms
[2025-04-17T11:27:04.324+0000][2424.154s][info][gc,cpu         ] GC(1572) User=0.00s Sys=0.00s Real=0.00s
[2025-04-17T11:27:05.866+0000][2425.696s][info][gc,start       ] GC(1573) Pause Young (Allocation Failure)
[2025-04-17T11:27:05.867+0000][2425.697s][info][gc,heap        ] GC(1573) DefNew: 9170K(10176K)->98K(10176K) Eden: 9079K(9088K)->0K(9088K) From: 91K(1088K)->98K(1088K)
[2025-04-17T11:27:05.867+0000][2425.697s][info][gc,heap        ] GC(1573) Tenured: 15038K(22468K)->15038K(22468K)
[2025-04-17T11:27:05.867+0000][2425.697s][info][gc,metaspace   ] GC(1573) Metaspace: 37472K(37824K)->37472K(37824K) NonClass: 33047K(33216K)->33047K(33216K) Class: 4425K(4608K)->4425K(4608K)
[2025-04-17T11:27:05.867+0000][2425.697s][info][gc             ] GC(1573) Pause Young (Allocation Failure) 23M->14M(31M) 1.306ms
[2025-04-17T11:27:05.867+0000][2425.697s][info][gc,cpu         ] GC(1573) User=0.00s Sys=0.00s Real=0.00s
[2025-04-17T11:27:07.527+0000][2427.357s][info][gc,start       ] GC(1574) Pause Young (Allocation Failure)
[2025-04-17T11:27:07.528+0000][2427.358s][info][gc,heap        ] GC(1574) DefNew: 9186K(10176K)->85K(10176K) Eden: 9088K(9088K)->0K(9088K) From: 98K(1088K)->85K(1088K)
[2025-04-17T11:27:07.528+0000][2427.358s][info][gc,heap        ] GC(1574) Tenured: 15038K(22468K)->15038K(22468K)
[2025-04-17T11:27:07.528+0000][2427.358s][info][gc,metaspace   ] GC(1574) Metaspace: 37472K(37824K)->37472K(37824K) NonClass: 33047K(33216K)->33047K(33216K) Class: 4425K(4608K)->4425K(4608K)
[2025-04-17T11:27:07.528+0000][2427.358s][info][gc             ] GC(1574) Pause Young (Allocation Failure) 23M->14M(31M) 1.311ms
[2025-04-17T11:27:07.528+0000][2427.358s][info][gc,cpu         ] GC(1574) User=0.01s Sys=0.00s Real=0.00s
[2025-04-17T11:27:09.199+0000][2429.029s][info][gc,start       ] GC(1575) Pause Young (Allocation Failure)
[2025-04-17T11:27:09.200+0000][2429.030s][info][gc,heap        ] GC(1575) DefNew: 9173K(10176K)->96K(10176K) Eden: 9088K(9088K)->0K(9088K) From: 85K(1088K)->96K(1088K)
[2025-04-17T11:27:09.200+0000][2429.030s][info][gc,heap        ] GC(1575) Tenured: 15038K(22468K)->15038K(22468K)
[2025-04-17T11:27:09.200+0000][2429.030s][info][gc,metaspace   ] GC(1575) Metaspace: 37472K(37824K)->37472K(37824K) NonClass: 33047K(33216K)->33047K(33216K) Class: 4425K(4608K)->4425K(4608K)
[2025-04-17T11:27:09.200+0000][2429.030s][info][gc             ] GC(1575) Pause Young (Allocation Failure) 23M->14M(31M) 1.334ms
[2025-04-17T11:27:09.200+0000][2429.030s][info][gc,cpu         ] GC(1575) User=0.00s Sys=0.00s Real=0.00s
[2025-04-17T11:27:10.736+0000][2430.567s][info][gc,start       ] GC(1576) Pause Young (Allocation Failure)
[2025-04-17T11:27:10.738+0000][2430.568s][info][gc,heap        ] GC(1576) DefNew: 9184K(10176K)->79K(10176K) Eden: 9088K(9088K)->0K(9088K) From: 96K(1088K)->79K(1088K)
[2025-04-17T11:27:10.738+0000][2430.568s][info][gc,heap        ] GC(1576) Tenured: 15038K(22468K)->15038K(22468K)
[2025-04-17T11:27:10.738+0000][2430.568s][info][gc,metaspace   ] GC(1576) Metaspace: 37472K(37824K)->37472K(37824K) NonClass: 33047K(33216K)->33047K(33216K) Class: 4425K(4608K)->4425K(4608K)
[2025-04-17T11:27:10.738+0000][2430.568s][info][gc             ] GC(1576) Pause Young (Allocation Failure) 23M->14M(31M) 1.215ms
[2025-04-17T11:27:10.738+0000][2430.568s][info][gc,cpu         ] GC(1576) User=0.00s Sys=0.00s Real=0.00s
[2025-04-17T11:27:12.347+0000][2432.177s][info][gc,start       ] GC(1577) Pause Young (Allocation Failure)
[2025-04-17T11:27:12.348+0000][2432.178s][info][gc,heap        ] GC(1577) DefNew: 9167K(10176K)->68K(10176K) Eden: 9088K(9088K)->0K(9088K) From: 79K(1088K)->68K(1088K)
[2025-04-17T11:27:12.348+0000][2432.178s][info][gc,heap        ] GC(1577) Tenured: 15038K(22468K)->15038K(22468K)
[2025-04-17T11:27:12.348+0000][2432.178s][info][gc,metaspace   ] GC(1577) Metaspace: 37472K(37824K)->37472K(37824K) NonClass: 33047K(33216K)->33047K(33216K) Class: 4425K(4608K)->4425K(4608K)
[2025-04-17T11:27:12.348+0000][2432.178s][info][gc             ] GC(1577) Pause Young (Allocation Failure) 23M->14M(31M) 1.046ms
[2025-04-17T11:27:12.348+0000][2432.178s][info][gc,cpu         ] GC(1577) User=0.00s Sys=0.00s Real=0.00s
[2025-04-17T11:27:13.891+0000][2433.721s][info][gc,start       ] GC(1578) Pause Young (Allocation Failure)
[2025-04-17T11:27:13.892+0000][2433.722s][info][gc,heap        ] GC(1578) DefNew: 9156K(10176K)->78K(10176K) Eden: 9088K(9088K)->0K(9088K) From: 68K(1088K)->78K(1088K)
[2025-04-17T11:27:13.892+0000][2433.722s][info][gc,heap        ] GC(1578) Tenured: 15038K(22468K)->15039K(22468K)
[2025-04-17T11:27:13.892+0000][2433.722s][info][gc,metaspace   ] GC(1578) Metaspace: 37472K(37824K)->37472K(37824K) NonClass: 33047K(33216K)->33047K(33216K) Class: 4425K(4608K)->4425K(4608K)
[2025-04-17T11:27:13.892+0000][2433.722s][info][gc             ] GC(1578) Pause Young (Allocation Failure) 23M->14M(31M) 1.306ms
[2025-04-17T11:27:13.892+0000][2433.722s][info][gc,cpu         ] GC(1578) User=0.00s Sys=0.00s Real=0.00s
[2025-04-17T11:27:15.217+0000][2435.048s][info][gc,start       ] GC(1579) Pause Young (Allocation Failure)
[2025-04-17T11:27:15.219+0000][2435.049s][info][gc,heap        ] GC(1579) DefNew: 9166K(10176K)->84K(10176K) Eden: 9088K(9088K)->0K(9088K) From: 78K(1088K)->84K(1088K)
[2025-04-17T11:27:15.219+0000][2435.049s][info][gc,heap        ] GC(1579) Tenured: 15039K(22468K)->15039K(22468K)
[2025-04-17T11:27:15.219+0000][2435.049s][info][gc,metaspace   ] GC(1579) Metaspace: 37472K(37824K)->37472K(37824K) NonClass: 33047K(33216K)->33047K(33216K) Class: 4425K(4608K)->4425K(4608K)
[2025-04-17T11:27:15.219+0000][2435.049s][info][gc             ] GC(1579) Pause Young (Allocation Failure) 23M->14M(31M) 1.262ms
[2025-04-17T11:27:15.219+0000][2435.049s][info][gc,cpu         ] GC(1579) User=0.00s Sys=0.00s Real=0.00s
[2025-04-17T11:27:16.960+0000][2436.790s][info][gc,start       ] GC(1580) Pause Young (Allocation Failure)
[2025-04-17T11:27:16.962+0000][2436.792s][info][gc,heap        ] GC(1580) DefNew: 9172K(10176K)->94K(10176K) Eden: 9088K(9088K)->0K(9088K) From: 84K(1088K)->94K(1088K)
[2025-04-17T11:27:16.962+0000][2436.792s][info][gc,heap        ] GC(1580) Tenured: 15039K(22468K)->15039K(22468K)
[2025-04-17T11:27:16.962+0000][2436.792s][info][gc,metaspace   ] GC(1580) Metaspace: 37472K(37824K)->37472K(37824K) NonClass: 33047K(33216K)->33047K(33216K) Class: 4425K(4608K)->4425K(4608K)
[2025-04-17T11:27:16.962+0000][2436.792s][info][gc             ] GC(1580) Pause Young (Allocation Failure) 23M->14M(31M) 1.310ms
[2025-04-17T11:27:16.962+0000][2436.792s][info][gc,cpu         ] GC(1580) User=0.00s Sys=0.00s Real=0.00s
[2025-04-17T11:27:18.686+0000][2438.516s][info][gc,start       ] GC(1581) Pause Young (Allocation Failure)
[2025-04-17T11:27:18.687+0000][2438.517s][info][gc,heap        ] GC(1581) DefNew: 9182K(10176K)->76K(10176K) Eden: 9088K(9088K)->0K(9088K) From: 94K(1088K)->76K(1088K)
[2025-04-17T11:27:18.687+0000][2438.517s][info][gc,heap        ] GC(1581) Tenured: 15039K(22468K)->15040K(22468K)
[2025-04-17T11:27:18.687+0000][2438.517s][info][gc,metaspace   ] GC(1581) Metaspace: 37472K(37824K)->37472K(37824K) NonClass: 33047K(33216K)->33047K(33216K) Class: 4425K(4608K)->4425K(4608K)
[2025-04-17T11:27:18.687+0000][2438.517s][info][gc             ] GC(1581) Pause Young (Allocation Failure) 23M->14M(31M) 1.251ms
[2025-04-17T11:27:18.687+0000][2438.517s][info][gc,cpu         ] GC(1581) User=0.00s Sys=0.00s Real=0.00s
[2025-04-17T11:27:20.255+0000][2440.086s][info][gc,start       ] GC(1582) Pause Young (Allocation Failure)
[2025-04-17T11:27:20.257+0000][2440.087s][info][gc,heap        ] GC(1582) DefNew: 9164K(10176K)->80K(10176K) Eden: 9088K(9088K)->0K(9088K) From: 76K(1088K)->80K(1088K)
[2025-04-17T11:27:20.257+0000][2440.087s][info][gc,heap        ] GC(1582) Tenured: 15040K(22468K)->15040K(22468K)
[2025-04-17T11:27:20.257+0000][2440.087s][info][gc,metaspace   ] GC(1582) Metaspace: 37472K(37824K)->37472K(37824K) NonClass: 33047K(33216K)->33047K(33216K) Class: 4425K(4608K)->4425K(4608K)
[2025-04-17T11:27:20.257+0000][2440.087s][info][gc             ] GC(1582) Pause Young (Allocation Failure) 23M->14M(31M) 1.215ms
[2025-04-17T11:27:20.257+0000][2440.087s][info][gc,cpu         ] GC(1582) User=0.00s Sys=0.00s Real=0.00s
[2025-04-17T11:27:21.496+0000][2441.326s][info][gc,start       ] GC(1583) Pause Young (Allocation Failure)
[2025-04-17T11:27:21.497+0000][2441.327s][info][gc,heap        ] GC(1583) DefNew: 9168K(10176K)->87K(10176K) Eden: 9088K(9088K)->0K(9088K) From: 80K(1088K)->87K(1088K)
[2025-04-17T11:27:21.497+0000][2441.327s][info][gc,heap        ] GC(1583) Tenured: 15040K(22468K)->15043K(22468K)
[2025-04-17T11:27:21.497+0000][2441.327s][info][gc,metaspace   ] GC(1583) Metaspace: 37472K(37824K)->37472K(37824K) NonClass: 33047K(33216K)->33047K(33216K) Class: 4425K(4608K)->4425K(4608K)
[2025-04-17T11:27:21.497+0000][2441.327s][info][gc             ] GC(1583) Pause Young (Allocation Failure) 23M->14M(31M) 1.309ms
[2025-04-17T11:27:21.497+0000][2441.327s][info][gc,cpu         ] GC(1583) User=0.00s Sys=0.00s Real=0.00s
[2025-04-17T11:27:23.139+0000][2442.970s][info][gc,start       ] GC(1584) Pause Young (Allocation Failure)
[2025-04-17T11:27:23.141+0000][2442.971s][info][gc,heap        ] GC(1584) DefNew: 9175K(10176K)->90K(10176K) Eden: 9087K(9088K)->0K(9088K) From: 87K(1088K)->90K(1088K)
[2025-04-17T11:27:23.141+0000][2442.971s][info][gc,heap        ] GC(1584) Tenured: 15043K(22468K)->15043K(22468K)
[2025-04-17T11:27:23.141+0000][2442.971s][info][gc,metaspace   ] GC(1584) Metaspace: 37472K(37824K)->37472K(37824K) NonClass: 33047K(33216K)->33047K(33216K) Class: 4425K(4608K)->4425K(4608K)
[2025-04-17T11:27:23.141+0000][2442.971s][info][gc             ] GC(1584) Pause Young (Allocation Failure) 23M->14M(31M) 1.228ms
[2025-04-17T11:27:23.141+0000][2442.971s][info][gc,cpu         ] GC(1584) User=0.00s Sys=0.00s Real=0.00s
[2025-04-17T11:27:24.854+0000][2444.685s][info][gc,start       ] GC(1585) Pause Young (Allocation Failure)
[2025-04-17T11:27:24.856+0000][2444.686s][info][gc,heap        ] GC(1585) DefNew: 9178K(10176K)->82K(10176K) Eden: 9088K(9088K)->0K(9088K) From: 90K(1088K)->82K(1088K)
[2025-04-17T11:27:24.856+0000][2444.686s][info][gc,heap        ] GC(1585) Tenured: 15043K(22468K)->15044K(22468K)
[2025-04-17T11:27:24.856+0000][2444.686s][info][gc,metaspace   ] GC(1585) Metaspace: 37472K(37824K)->37472K(37824K) NonClass: 33047K(33216K)->33047K(33216K) Class: 4425K(4608K)->4425K(4608K)
[2025-04-17T11:27:24.856+0000][2444.686s][info][gc             ] GC(1585) Pause Young (Allocation Failure) 23M->14M(31M) 1.270ms
[2025-04-17T11:27:24.856+0000][2444.686s][info][gc,cpu         ] GC(1585) User=0.00s Sys=0.00s Real=0.00s
[2025-04-17T11:27:26.325+0000][2446.156s][info][gc,start       ] GC(1586) Pause Young (Allocation Failure)
[2025-04-17T11:27:26.327+0000][2446.157s][info][gc,heap        ] GC(1586) DefNew: 9170K(10176K)->73K(10176K) Eden: 9088K(9088K)->0K(9088K) From: 82K(1088K)->73K(1088K)
[2025-04-17T11:27:26.327+0000][2446.157s][info][gc,heap        ] GC(1586) Tenured: 15044K(22468K)->15044K(22468K)
[2025-04-17T11:27:26.327+0000][2446.157s][info][gc,metaspace   ] GC(1586) Metaspace: 37472K(37824K)->37472K(37824K) NonClass: 33047K(33216K)->33047K(33216K) Class: 4425K(4608K)->4425K(4608K)
[2025-04-17T11:27:26.327+0000][2446.157s][info][gc             ] GC(1586) Pause Young (Allocation Failure) 23M->14M(31M) 1.294ms
[2025-04-17T11:27:26.327+0000][2446.157s][info][gc,cpu         ] GC(1586) User=0.00s Sys=0.00s Real=0.00s
[2025-04-17T11:27:28.047+0000][2447.877s][info][gc,start       ] GC(1587) Pause Young (Allocation Failure)
[2025-04-17T11:27:28.049+0000][2447.879s][info][gc,heap        ] GC(1587) DefNew: 9161K(10176K)->71K(10176K) Eden: 9088K(9088K)->0K(9088K) From: 73K(1088K)->71K(1088K)
[2025-04-17T11:27:28.049+0000][2447.879s][info][gc,heap        ] GC(1587) Tenured: 15044K(22468K)->15044K(22468K)
[2025-04-17T11:27:28.049+0000][2447.879s][info][gc,metaspace   ] GC(1587) Metaspace: 37472K(37824K)->37472K(37824K) NonClass: 33047K(33216K)->33047K(33216K) Class: 4425K(4608K)->4425K(4608K)
[2025-04-17T11:27:28.049+0000][2447.879s][info][gc             ] GC(1587) Pause Young (Allocation Failure) 23M->14M(31M) 1.287ms
[2025-04-17T11:27:28.049+0000][2447.879s][info][gc,cpu         ] GC(1587) User=0.00s Sys=0.00s Real=0.00s
[2025-04-17T11:27:29.524+0000][2449.354s][info][gc,start       ] GC(1588) Pause Young (Allocation Failure)
[2025-04-17T11:27:29.525+0000][2449.355s][info][gc,heap        ] GC(1588) DefNew: 9159K(10176K)->88K(10176K) Eden: 9088K(9088K)->0K(9088K) From: 71K(1088K)->88K(1088K)
[2025-04-17T11:27:29.525+0000][2449.355s][info][gc,heap        ] GC(1588) Tenured: 15044K(22468K)->15046K(22468K)
[2025-04-17T11:27:29.525+0000][2449.355s][info][gc,metaspace   ] GC(1588) Metaspace: 37472K(37824K)->37472K(37824K) NonClass: 33047K(33216K)->33047K(33216K) Class: 4425K(4608K)->4425K(4608K)
[2025-04-17T11:27:29.525+0000][2449.355s][info][gc             ] GC(1588) Pause Young (Allocation Failure) 23M->14M(31M) 1.387ms
[2025-04-17T11:27:29.525+0000][2449.355s][info][gc,cpu         ] GC(1588) User=0.00s Sys=0.00s Real=0.01s
[2025-04-17T11:27:31.403+0000][2451.233s][info][gc,start       ] GC(1589) Pause Young (Allocation Failure)
[2025-04-17T11:27:31.405+0000][2451.235s][info][gc,heap        ] GC(1589) DefNew: 9176K(10176K)->77K(10176K) Eden: 9088K(9088K)->0K(9088K) From: 88K(1088K)->77K(1088K)
[2025-04-17T11:27:31.405+0000][2451.235s][info][gc,heap        ] GC(1589) Tenured: 15046K(22468K)->15046K(22468K)
[2025-04-17T11:27:31.405+0000][2451.235s][info][gc,metaspace   ] GC(1589) Metaspace: 37472K(37824K)->37472K(37824K) NonClass: 33047K(33216K)->33047K(33216K) Class: 4425K(4608K)->4425K(4608K)
[2025-04-17T11:27:31.405+0000][2451.235s][info][gc             ] GC(1589) Pause Young (Allocation Failure) 23M->14M(31M) 1.354ms
[2025-04-17T11:27:31.405+0000][2451.235s][info][gc,cpu         ] GC(1589) User=0.00s Sys=0.00s Real=0.01s
[2025-04-17T11:27:32.832+0000][2452.662s][info][gc,start       ] GC(1590) Pause Young (Allocation Failure)
[2025-04-17T11:27:32.833+0000][2452.663s][info][gc,heap        ] GC(1590) DefNew: 9165K(10176K)->75K(10176K) Eden: 9088K(9088K)->0K(9088K) From: 77K(1088K)->75K(1088K)
[2025-04-17T11:27:32.833+0000][2452.663s][info][gc,heap        ] GC(1590) Tenured: 15046K(22468K)->15046K(22468K)
[2025-04-17T11:27:32.833+0000][2452.664s][info][gc,metaspace   ] GC(1590) Metaspace: 37472K(37824K)->37472K(37824K) NonClass: 33047K(33216K)->33047K(33216K) Class: 4425K(4608K)->4425K(4608K)
[2025-04-17T11:27:32.833+0000][2452.664s][info][gc             ] GC(1590) Pause Young (Allocation Failure) 23M->14M(31M) 1.256ms
[2025-04-17T11:27:32.833+0000][2452.664s][info][gc,cpu         ] GC(1590) User=0.00s Sys=0.00s Real=0.00s
[2025-04-17T11:27:34.453+0000][2454.283s][info][gc,start       ] GC(1591) Pause Young (Allocation Failure)
[2025-04-17T11:27:34.454+0000][2454.284s][info][gc,heap        ] GC(1591) DefNew: 9163K(10176K)->84K(10176K) Eden: 9088K(9088K)->0K(9088K) From: 75K(1088K)->84K(1088K)
[2025-04-17T11:27:34.454+0000][2454.284s][info][gc,heap        ] GC(1591) Tenured: 15046K(22468K)->15046K(22468K)
[2025-04-17T11:27:34.454+0000][2454.284s][info][gc,metaspace   ] GC(1591) Metaspace: 37472K(37824K)->37472K(37824K) NonClass: 33047K(33216K)->33047K(33216K) Class: 4425K(4608K)->4425K(4608K)
[2025-04-17T11:27:34.454+0000][2454.284s][info][gc             ] GC(1591) Pause Young (Allocation Failure) 23M->14M(31M) 1.164ms
[2025-04-17T11:27:34.454+0000][2454.284s][info][gc,cpu         ] GC(1591) User=0.00s Sys=0.00s Real=0.00s
[2025-04-17T11:27:36.342+0000][2456.172s][info][gc,start       ] GC(1592) Pause Young (Allocation Failure)
[2025-04-17T11:27:36.343+0000][2456.173s][info][gc,heap        ] GC(1592) DefNew: 9172K(10176K)->87K(10176K) Eden: 9088K(9088K)->0K(9088K) From: 84K(1088K)->87K(1088K)
[2025-04-17T11:27:36.343+0000][2456.174s][info][gc,heap        ] GC(1592) Tenured: 15046K(22468K)->15046K(22468K)
[2025-04-17T11:27:36.343+0000][2456.174s][info][gc,metaspace   ] GC(1592) Metaspace: 37472K(37824K)->37472K(37824K) NonClass: 33047K(33216K)->33047K(33216K) Class: 4425K(4608K)->4425K(4608K)
[2025-04-17T11:27:36.343+0000][2456.174s][info][gc             ] GC(1592) Pause Young (Allocation Failure) 23M->14M(31M) 1.159ms
[2025-04-17T11:27:36.343+0000][2456.174s][info][gc,cpu         ] GC(1592) User=0.00s Sys=0.00s Real=0.00s
[2025-04-17T11:27:37.782+0000][2457.613s][info][gc,start       ] GC(1593) Pause Young (Allocation Failure)
[2025-04-17T11:27:37.784+0000][2457.614s][info][gc,heap        ] GC(1593) DefNew: 9175K(10176K)->83K(10176K) Eden: 9088K(9088K)->0K(9088K) From: 87K(1088K)->83K(1088K)
[2025-04-17T11:27:37.784+0000][2457.614s][info][gc,heap        ] GC(1593) Tenured: 15046K(22468K)->15046K(22468K)
[2025-04-17T11:27:37.784+0000][2457.614s][info][gc,metaspace   ] GC(1593) Metaspace: 37472K(37824K)->37472K(37824K) NonClass: 33047K(33216K)->33047K(33216K) Class: 4425K(4608K)->4425K(4608K)
[2025-04-17T11:27:37.784+0000][2457.614s][info][gc             ] GC(1593) Pause Young (Allocation Failure) 23M->14M(31M) 1.218ms
[2025-04-17T11:27:37.784+0000][2457.614s][info][gc,cpu         ] GC(1593) User=0.00s Sys=0.00s Real=0.00s
[2025-04-17T11:27:39.220+0000][2459.050s][info][gc,start       ] GC(1594) Pause Young (Allocation Failure)
[2025-04-17T11:27:39.221+0000][2459.051s][info][gc,heap        ] GC(1594) DefNew: 9171K(10176K)->75K(10176K) Eden: 9088K(9088K)->0K(9088K) From: 83K(1088K)->75K(1088K)
[2025-04-17T11:27:39.221+0000][2459.051s][info][gc,heap        ] GC(1594) Tenured: 15046K(22468K)->15046K(22468K)
[2025-04-17T11:27:39.221+0000][2459.052s][info][gc,metaspace   ] GC(1594) Metaspace: 37472K(37824K)->37472K(37824K) NonClass: 33047K(33216K)->33047K(33216K) Class: 4425K(4608K)->4425K(4608K)
[2025-04-17T11:27:39.221+0000][2459.052s][info][gc             ] GC(1594) Pause Young (Allocation Failure) 23M->14M(31M) 1.157ms
[2025-04-17T11:27:39.221+0000][2459.052s][info][gc,cpu         ] GC(1594) User=0.00s Sys=0.00s Real=0.00s
[2025-04-17T11:27:40.860+0000][2460.690s][info][gc,start       ] GC(1595) Pause Young (Allocation Failure)
[2025-04-17T11:27:40.861+0000][2460.691s][info][gc,heap        ] GC(1595) DefNew: 9163K(10176K)->72K(10176K) Eden: 9088K(9088K)->0K(9088K) From: 75K(1088K)->72K(1088K)
[2025-04-17T11:27:40.861+0000][2460.691s][info][gc,heap        ] GC(1595) Tenured: 15046K(22468K)->15046K(22468K)
[2025-04-17T11:27:40.861+0000][2460.691s][info][gc,metaspace   ] GC(1595) Metaspace: 37472K(37824K)->37472K(37824K) NonClass: 33047K(33216K)->33047K(33216K) Class: 4425K(4608K)->4425K(4608K)
[2025-04-17T11:27:40.861+0000][2460.691s][info][gc             ] GC(1595) Pause Young (Allocation Failure) 23M->14M(31M) 1.181ms
[2025-04-17T11:27:40.861+0000][2460.691s][info][gc,cpu         ] GC(1595) User=0.00s Sys=0.00s Real=0.00s
[2025-04-17T11:27:42.269+0000][2462.100s][info][gc,start       ] GC(1596) Pause Young (Allocation Failure)
[2025-04-17T11:27:42.271+0000][2462.101s][info][gc,heap        ] GC(1596) DefNew: 9160K(10176K)->70K(10176K) Eden: 9088K(9088K)->0K(9088K) From: 72K(1088K)->70K(1088K)
[2025-04-17T11:27:42.271+0000][2462.101s][info][gc,heap        ] GC(1596) Tenured: 15046K(22468K)->15046K(22468K)
[2025-04-17T11:27:42.271+0000][2462.101s][info][gc,metaspace   ] GC(1596) Metaspace: 37472K(37824K)->37472K(37824K) NonClass: 33047K(33216K)->33047K(33216K) Class: 4425K(4608K)->4425K(4608K)
[2025-04-17T11:27:42.271+0000][2462.101s][info][gc             ] GC(1596) Pause Young (Allocation Failure) 23M->14M(31M) 1.198ms
[2025-04-17T11:27:42.271+0000][2462.101s][info][gc,cpu         ] GC(1596) User=0.00s Sys=0.00s Real=0.00s
[2025-04-17T11:27:44.245+0000][2464.076s][info][gc,start       ] GC(1597) Pause Young (Allocation Failure)
[2025-04-17T11:27:44.247+0000][2464.077s][info][gc,heap        ] GC(1597) DefNew: 9158K(10176K)->88K(10176K) Eden: 9087K(9088K)->0K(9088K) From: 70K(1088K)->88K(1088K)
[2025-04-17T11:27:44.247+0000][2464.077s][info][gc,heap        ] GC(1597) Tenured: 15046K(22468K)->15046K(22468K)
[2025-04-17T11:27:44.247+0000][2464.077s][info][gc,metaspace   ] GC(1597) Metaspace: 37472K(37824K)->37472K(37824K) NonClass: 33047K(33216K)->33047K(33216K) Class: 4425K(4608K)->4425K(4608K)
[2025-04-17T11:27:44.247+0000][2464.077s][info][gc             ] GC(1597) Pause Young (Allocation Failure) 23M->14M(31M) 1.211ms
[2025-04-17T11:27:44.247+0000][2464.077s][info][gc,cpu         ] GC(1597) User=0.00s Sys=0.00s Real=0.00s
[2025-04-17T11:27:45.667+0000][2465.497s][info][gc,start       ] GC(1598) Pause Young (Allocation Failure)
[2025-04-17T11:27:45.668+0000][2465.499s][info][gc,heap        ] GC(1598) DefNew: 9176K(10176K)->72K(10176K) Eden: 9088K(9088K)->0K(9088K) From: 88K(1088K)->72K(1088K)
[2025-04-17T11:27:45.668+0000][2465.499s][info][gc,heap        ] GC(1598) Tenured: 15046K(22468K)->15046K(22468K)
[2025-04-17T11:27:45.669+0000][2465.499s][info][gc,metaspace   ] GC(1598) Metaspace: 37472K(37824K)->37472K(37824K) NonClass: 33047K(33216K)->33047K(33216K) Class: 4425K(4608K)->4425K(4608K)
[2025-04-17T11:27:45.669+0000][2465.499s][info][gc             ] GC(1598) Pause Young (Allocation Failure) 23M->14M(31M) 1.240ms
[2025-04-17T11:27:45.669+0000][2465.499s][info][gc,cpu         ] GC(1598) User=0.00s Sys=0.00s Real=0.00s
[2025-04-17T11:27:47.152+0000][2466.982s][info][gc,start       ] GC(1599) Pause Young (Allocation Failure)
[2025-04-17T11:27:47.154+0000][2466.984s][info][gc,heap        ] GC(1599) DefNew: 9160K(10176K)->75K(10176K) Eden: 9088K(9088K)->0K(9088K) From: 72K(1088K)->75K(1088K)
[2025-04-17T11:27:47.154+0000][2466.984s][info][gc,heap        ] GC(1599) Tenured: 15046K(22468K)->15046K(22468K)
[2025-04-17T11:27:47.154+0000][2466.984s][info][gc,metaspace   ] GC(1599) Metaspace: 37472K(37824K)->37472K(37824K) NonClass: 33047K(33216K)->33047K(33216K) Class: 4425K(4608K)->4425K(4608K)
[2025-04-17T11:27:47.154+0000][2466.984s][info][gc             ] GC(1599) Pause Young (Allocation Failure) 23M->14M(31M) 1.241ms
[2025-04-17T11:27:47.154+0000][2466.984s][info][gc,cpu         ] GC(1599) User=0.01s Sys=0.00s Real=0.00s
[2025-04-17T11:27:48.786+0000][2468.616s][info][gc,start       ] GC(1600) Pause Young (Allocation Failure)
[2025-04-17T11:27:48.788+0000][2468.618s][info][gc,heap        ] GC(1600) DefNew: 9163K(10176K)->79K(10176K) Eden: 9088K(9088K)->0K(9088K) From: 75K(1088K)->79K(1088K)
[2025-04-17T11:27:48.788+0000][2468.618s][info][gc,heap        ] GC(1600) Tenured: 15046K(22468K)->15046K(22468K)
[2025-04-17T11:27:48.788+0000][2468.618s][info][gc,metaspace   ] GC(1600) Metaspace: 37472K(37824K)->37472K(37824K) NonClass: 33047K(33216K)->33047K(33216K) Class: 4425K(4608K)->4425K(4608K)
[2025-04-17T11:27:48.788+0000][2468.618s][info][gc             ] GC(1600) Pause Young (Allocation Failure) 23M->14M(31M) 1.310ms
[2025-04-17T11:27:48.788+0000][2468.618s][info][gc,cpu         ] GC(1600) User=0.00s Sys=0.00s Real=0.00s
[2025-04-17T11:27:50.488+0000][2470.318s][info][gc,start       ] GC(1601) Pause Young (Allocation Failure)
[2025-04-17T11:27:50.489+0000][2470.319s][info][gc,heap        ] GC(1601) DefNew: 9167K(10176K)->88K(10176K) Eden: 9088K(9088K)->0K(9088K) From: 79K(1088K)->88K(1088K)
[2025-04-17T11:27:50.489+0000][2470.319s][info][gc,heap        ] GC(1601) Tenured: 15046K(22468K)->15046K(22468K)
[2025-04-17T11:27:50.489+0000][2470.319s][info][gc,metaspace   ] GC(1601) Metaspace: 37472K(37824K)->37472K(37824K) NonClass: 33047K(33216K)->33047K(33216K) Class: 4425K(4608K)->4425K(4608K)
[2025-04-17T11:27:50.489+0000][2470.319s][info][gc             ] GC(1601) Pause Young (Allocation Failure) 23M->14M(31M) 1.283ms
[2025-04-17T11:27:50.489+0000][2470.319s][info][gc,cpu         ] GC(1601) User=0.00s Sys=0.00s Real=0.00s
[2025-04-17T11:27:52.096+0000][2471.926s][info][gc,start       ] GC(1602) Pause Young (Allocation Failure)
[2025-04-17T11:27:52.097+0000][2471.927s][info][gc,heap        ] GC(1602) DefNew: 9176K(10176K)->78K(10176K) Eden: 9088K(9088K)->0K(9088K) From: 88K(1088K)->78K(1088K)
[2025-04-17T11:27:52.097+0000][2471.928s][info][gc,heap        ] GC(1602) Tenured: 15046K(22468K)->15046K(22468K)
[2025-04-17T11:27:52.097+0000][2471.928s][info][gc,metaspace   ] GC(1602) Metaspace: 37472K(37824K)->37472K(37824K) NonClass: 33047K(33216K)->33047K(33216K) Class: 4425K(4608K)->4425K(4608K)
[2025-04-17T11:27:52.097+0000][2471.928s][info][gc             ] GC(1602) Pause Young (Allocation Failure) 23M->14M(31M) 1.170ms
[2025-04-17T11:27:52.097+0000][2471.928s][info][gc,cpu         ] GC(1602) User=0.00s Sys=0.00s Real=0.00s
[2025-04-17T11:27:53.512+0000][2473.342s][info][gc,start       ] GC(1603) Pause Young (Allocation Failure)
[2025-04-17T11:27:53.513+0000][2473.343s][info][gc,heap        ] GC(1603) DefNew: 9166K(10176K)->75K(10176K) Eden: 9088K(9088K)->0K(9088K) From: 78K(1088K)->75K(1088K)
[2025-04-17T11:27:53.513+0000][2473.343s][info][gc,heap        ] GC(1603) Tenured: 15046K(22468K)->15046K(22468K)
[2025-04-17T11:27:53.513+0000][2473.343s][info][gc,metaspace   ] GC(1603) Metaspace: 37472K(37824K)->37472K(37824K) NonClass: 33047K(33216K)->33047K(33216K) Class: 4425K(4608K)->4425K(4608K)
[2025-04-17T11:27:53.513+0000][2473.343s][info][gc             ] GC(1603) Pause Young (Allocation Failure) 23M->14M(31M) 1.283ms
[2025-04-17T11:27:53.513+0000][2473.343s][info][gc,cpu         ] GC(1603) User=0.00s Sys=0.00s Real=0.00s
[2025-04-17T11:27:55.224+0000][2475.054s][info][gc,start       ] GC(1604) Pause Young (Allocation Failure)
[2025-04-17T11:27:55.225+0000][2475.055s][info][gc,heap        ] GC(1604) DefNew: 9163K(10176K)->80K(10176K) Eden: 9088K(9088K)->0K(9088K) From: 75K(1088K)->80K(1088K)
[2025-04-17T11:27:55.225+0000][2475.055s][info][gc,heap        ] GC(1604) Tenured: 15046K(22468K)->15046K(22468K)
[2025-04-17T11:27:55.225+0000][2475.055s][info][gc,metaspace   ] GC(1604) Metaspace: 37473K(37824K)->37473K(37824K) NonClass: 33047K(33216K)->33047K(33216K) Class: 4425K(4608K)->4425K(4608K)
[2025-04-17T11:27:55.225+0000][2475.055s][info][gc             ] GC(1604) Pause Young (Allocation Failure) 23M->14M(31M) 1.309ms
[2025-04-17T11:27:55.225+0000][2475.055s][info][gc,cpu         ] GC(1604) User=0.01s Sys=0.00s Real=0.01s
[2025-04-17T11:27:57.057+0000][2476.887s][info][gc,start       ] GC(1605) Pause Young (Allocation Failure)
[2025-04-17T11:27:57.058+0000][2476.888s][info][gc,heap        ] GC(1605) DefNew: 9168K(10176K)->69K(10176K) Eden: 9088K(9088K)->0K(9088K) From: 80K(1088K)->69K(1088K)
[2025-04-17T11:27:57.058+0000][2476.888s][info][gc,heap        ] GC(1605) Tenured: 15046K(22468K)->15046K(22468K)
[2025-04-17T11:27:57.058+0000][2476.888s][info][gc,metaspace   ] GC(1605) Metaspace: 37473K(37824K)->37473K(37824K) NonClass: 33047K(33216K)->33047K(33216K) Class: 4425K(4608K)->4425K(4608K)
[2025-04-17T11:27:57.058+0000][2476.888s][info][gc             ] GC(1605) Pause Young (Allocation Failure) 23M->14M(31M) 1.226ms
[2025-04-17T11:27:57.058+0000][2476.888s][info][gc,cpu         ] GC(1605) User=0.00s Sys=0.00s Real=0.00s
[2025-04-17T11:27:58.773+0000][2478.604s][info][gc,start       ] GC(1606) Pause Young (Allocation Failure)
[2025-04-17T11:27:58.775+0000][2478.605s][info][gc,heap        ] GC(1606) DefNew: 9157K(10176K)->81K(10176K) Eden: 9088K(9088K)->0K(9088K) From: 69K(1088K)->81K(1088K)
[2025-04-17T11:27:58.775+0000][2478.605s][info][gc,heap        ] GC(1606) Tenured: 15046K(22468K)->15046K(22468K)
[2025-04-17T11:27:58.775+0000][2478.605s][info][gc,metaspace   ] GC(1606) Metaspace: 37473K(37824K)->37473K(37824K) NonClass: 33047K(33216K)->33047K(33216K) Class: 4425K(4608K)->4425K(4608K)
[2025-04-17T11:27:58.775+0000][2478.605s][info][gc             ] GC(1606) Pause Young (Allocation Failure) 23M->14M(31M) 1.211ms
[2025-04-17T11:27:58.775+0000][2478.605s][info][gc,cpu         ] GC(1606) User=0.00s Sys=0.00s Real=0.01s
[2025-04-17T11:28:00.378+0000][2480.208s][info][gc,start       ] GC(1607) Pause Young (Allocation Failure)
[2025-04-17T11:28:00.379+0000][2480.209s][info][gc,heap        ] GC(1607) DefNew: 9169K(10176K)->76K(10176K) Eden: 9088K(9088K)->0K(9088K) From: 81K(1088K)->76K(1088K)
[2025-04-17T11:28:00.379+0000][2480.209s][info][gc,heap        ] GC(1607) Tenured: 15046K(22468K)->15046K(22468K)
[2025-04-17T11:28:00.379+0000][2480.209s][info][gc,metaspace   ] GC(1607) Metaspace: 37473K(37824K)->37473K(37824K) NonClass: 33047K(33216K)->33047K(33216K) Class: 4425K(4608K)->4425K(4608K)
[2025-04-17T11:28:00.379+0000][2480.209s][info][gc             ] GC(1607) Pause Young (Allocation Failure) 23M->14M(31M) 1.191ms
[2025-04-17T11:28:00.379+0000][2480.209s][info][gc,cpu         ] GC(1607) User=0.00s Sys=0.00s Real=0.00s
[2025-04-17T11:28:01.685+0000][2481.515s][info][gc,start       ] GC(1608) Pause Young (Allocation Failure)
[2025-04-17T11:28:01.686+0000][2481.516s][info][gc,heap        ] GC(1608) DefNew: 9164K(10176K)->71K(10176K) Eden: 9088K(9088K)->0K(9088K) From: 76K(1088K)->71K(1088K)
[2025-04-17T11:28:01.686+0000][2481.516s][info][gc,heap        ] GC(1608) Tenured: 15046K(22468K)->15046K(22468K)
[2025-04-17T11:28:01.686+0000][2481.516s][info][gc,metaspace   ] GC(1608) Metaspace: 37473K(37824K)->37473K(37824K) NonClass: 33047K(33216K)->33047K(33216K) Class: 4425K(4608K)->4425K(4608K)
[2025-04-17T11:28:01.686+0000][2481.516s][info][gc             ] GC(1608) Pause Young (Allocation Failure) 23M->14M(31M) 1.185ms
[2025-04-17T11:28:01.686+0000][2481.516s][info][gc,cpu         ] GC(1608) User=0.00s Sys=0.00s Real=0.00s
[2025-04-17T11:28:03.323+0000][2483.153s][info][gc,start       ] GC(1609) Pause Young (Allocation Failure)
[2025-04-17T11:28:03.324+0000][2483.154s][info][gc,heap        ] GC(1609) DefNew: 9159K(10176K)->71K(10176K) Eden: 9088K(9088K)->0K(9088K) From: 71K(1088K)->71K(1088K)
[2025-04-17T11:28:03.324+0000][2483.154s][info][gc,heap        ] GC(1609) Tenured: 15046K(22468K)->15046K(22468K)
[2025-04-17T11:28:03.324+0000][2483.154s][info][gc,metaspace   ] GC(1609) Metaspace: 37473K(37824K)->37473K(37824K) NonClass: 33047K(33216K)->33047K(33216K) Class: 4425K(4608K)->4425K(4608K)
[2025-04-17T11:28:03.324+0000][2483.154s][info][gc             ] GC(1609) Pause Young (Allocation Failure) 23M->14M(31M) 1.160ms
[2025-04-17T11:28:03.324+0000][2483.154s][info][gc,cpu         ] GC(1609) User=0.00s Sys=0.00s Real=0.01s
[2025-04-17T11:28:04.821+0000][2484.651s][info][gc,start       ] GC(1610) Pause Young (Allocation Failure)
[2025-04-17T11:28:04.822+0000][2484.653s][info][gc,heap        ] GC(1610) DefNew: 9159K(10176K)->76K(10176K) Eden: 9088K(9088K)->0K(9088K) From: 71K(1088K)->76K(1088K)
[2025-04-17T11:28:04.823+0000][2484.653s][info][gc,heap        ] GC(1610) Tenured: 15046K(22468K)->15046K(22468K)
[2025-04-17T11:28:04.823+0000][2484.653s][info][gc,metaspace   ] GC(1610) Metaspace: 37473K(37824K)->37473K(37824K) NonClass: 33047K(33216K)->33047K(33216K) Class: 4425K(4608K)->4425K(4608K)
[2025-04-17T11:28:04.823+0000][2484.653s][info][gc             ] GC(1610) Pause Young (Allocation Failure) 23M->14M(31M) 1.255ms
[2025-04-17T11:28:04.823+0000][2484.653s][info][gc,cpu         ] GC(1610) User=0.01s Sys=0.00s Real=0.00s
[2025-04-17T11:28:06.239+0000][2486.069s][info][gc,start       ] GC(1611) Pause Young (Allocation Failure)
[2025-04-17T11:28:06.240+0000][2486.070s][info][gc,heap        ] GC(1611) DefNew: 9164K(10176K)->78K(10176K) Eden: 9088K(9088K)->0K(9088K) From: 76K(1088K)->78K(1088K)
[2025-04-17T11:28:06.240+0000][2486.070s][info][gc,heap        ] GC(1611) Tenured: 15046K(22468K)->15046K(22468K)
[2025-04-17T11:28:06.240+0000][2486.070s][info][gc,metaspace   ] GC(1611) Metaspace: 37473K(37824K)->37473K(37824K) NonClass: 33047K(33216K)->33047K(33216K) Class: 4425K(4608K)->4425K(4608K)
[2025-04-17T11:28:06.240+0000][2486.070s][info][gc             ] GC(1611) Pause Young (Allocation Failure) 23M->14M(31M) 1.242ms
[2025-04-17T11:28:06.240+0000][2486.070s][info][gc,cpu         ] GC(1611) User=0.00s Sys=0.00s Real=0.00s
[2025-04-17T11:28:07.874+0000][2487.704s][info][gc,start       ] GC(1612) Pause Young (Allocation Failure)
[2025-04-17T11:28:07.875+0000][2487.705s][info][gc,heap        ] GC(1612) DefNew: 9166K(10176K)->90K(10176K) Eden: 9088K(9088K)->0K(9088K) From: 78K(1088K)->90K(1088K)
[2025-04-17T11:28:07.875+0000][2487.705s][info][gc,heap        ] GC(1612) Tenured: 15046K(22468K)->15046K(22468K)
[2025-04-17T11:28:07.875+0000][2487.705s][info][gc,metaspace   ] GC(1612) Metaspace: 37473K(37824K)->37473K(37824K) NonClass: 33047K(33216K)->33047K(33216K) Class: 4425K(4608K)->4425K(4608K)
[2025-04-17T11:28:07.875+0000][2487.705s][info][gc             ] GC(1612) Pause Young (Allocation Failure) 23M->14M(31M) 1.255ms
[2025-04-17T11:28:07.875+0000][2487.706s][info][gc,cpu         ] GC(1612) User=0.01s Sys=0.00s Real=0.00s
[2025-04-17T11:28:09.704+0000][2489.534s][info][gc,start       ] GC(1613) Pause Young (Allocation Failure)
[2025-04-17T11:28:09.705+0000][2489.535s][info][gc,heap        ] GC(1613) DefNew: 9178K(10176K)->105K(10176K) Eden: 9088K(9088K)->0K(9088K) From: 90K(1088K)->105K(1088K)
[2025-04-17T11:28:09.705+0000][2489.535s][info][gc,heap        ] GC(1613) Tenured: 15046K(22468K)->15046K(22468K)
[2025-04-17T11:28:09.705+0000][2489.535s][info][gc,metaspace   ] GC(1613) Metaspace: 37473K(37824K)->37473K(37824K) NonClass: 33047K(33216K)->33047K(33216K) Class: 4425K(4608K)->4425K(4608K)
[2025-04-17T11:28:09.705+0000][2489.535s][info][gc             ] GC(1613) Pause Young (Allocation Failure) 23M->14M(31M) 1.261ms
[2025-04-17T11:28:09.705+0000][2489.535s][info][gc,cpu         ] GC(1613) User=0.00s Sys=0.00s Real=0.01s
[2025-04-17T11:28:11.124+0000][2490.954s][info][gc,start       ] GC(1614) Pause Young (Allocation Failure)
[2025-04-17T11:28:11.125+0000][2490.955s][info][gc,heap        ] GC(1614) DefNew: 9191K(10176K)->82K(10176K) Eden: 9086K(9088K)->0K(9088K) From: 105K(1088K)->82K(1088K)
[2025-04-17T11:28:11.125+0000][2490.955s][info][gc,heap        ] GC(1614) Tenured: 15046K(22468K)->15046K(22468K)
[2025-04-17T11:28:11.125+0000][2490.955s][info][gc,metaspace   ] GC(1614) Metaspace: 37473K(37824K)->37473K(37824K) NonClass: 33047K(33216K)->33047K(33216K) Class: 4425K(4608K)->4425K(4608K)
[2025-04-17T11:28:11.125+0000][2490.955s][info][gc             ] GC(1614) Pause Young (Allocation Failure) 23M->14M(31M) 1.242ms
[2025-04-17T11:28:11.125+0000][2490.955s][info][gc,cpu         ] GC(1614) User=0.00s Sys=0.00s Real=0.01s
[2025-04-17T11:28:12.481+0000][2492.311s][info][gc,start       ] GC(1615) Pause Young (Allocation Failure)
[2025-04-17T11:28:12.482+0000][2492.312s][info][gc,heap        ] GC(1615) DefNew: 9161K(10176K)->77K(10176K) Eden: 9079K(9088K)->0K(9088K) From: 82K(1088K)->77K(1088K)
[2025-04-17T11:28:12.482+0000][2492.312s][info][gc,heap        ] GC(1615) Tenured: 15046K(22468K)->15046K(22468K)
[2025-04-17T11:28:12.482+0000][2492.312s][info][gc,metaspace   ] GC(1615) Metaspace: 37473K(37824K)->37473K(37824K) NonClass: 33047K(33216K)->33047K(33216K) Class: 4425K(4608K)->4425K(4608K)
[2025-04-17T11:28:12.482+0000][2492.312s][info][gc             ] GC(1615) Pause Young (Allocation Failure) 23M->14M(31M) 1.148ms
[2025-04-17T11:28:12.482+0000][2492.312s][info][gc,cpu         ] GC(1615) User=0.00s Sys=0.00s Real=0.00s
[2025-04-17T11:28:14.180+0000][2494.010s][info][gc,start       ] GC(1616) Pause Young (Allocation Failure)
[2025-04-17T11:28:14.181+0000][2494.011s][info][gc,heap        ] GC(1616) DefNew: 9165K(10176K)->87K(10176K) Eden: 9088K(9088K)->0K(9088K) From: 77K(1088K)->87K(1088K)
[2025-04-17T11:28:14.181+0000][2494.011s][info][gc,heap        ] GC(1616) Tenured: 15046K(22468K)->15046K(22468K)
[2025-04-17T11:28:14.181+0000][2494.011s][info][gc,metaspace   ] GC(1616) Metaspace: 37473K(37824K)->37473K(37824K) NonClass: 33047K(33216K)->33047K(33216K) Class: 4425K(4608K)->4425K(4608K)
[2025-04-17T11:28:14.181+0000][2494.011s][info][gc             ] GC(1616) Pause Young (Allocation Failure) 23M->14M(31M) 1.247ms
[2025-04-17T11:28:14.181+0000][2494.011s][info][gc,cpu         ] GC(1616) User=0.00s Sys=0.00s Real=0.00s
[2025-04-17T11:28:15.688+0000][2495.518s][info][gc,start       ] GC(1617) Pause Young (Allocation Failure)
[2025-04-17T11:28:15.689+0000][2495.520s][info][gc,heap        ] GC(1617) DefNew: 9175K(10176K)->90K(10176K) Eden: 9088K(9088K)->0K(9088K) From: 87K(1088K)->90K(1088K)
[2025-04-17T11:28:15.689+0000][2495.520s][info][gc,heap        ] GC(1617) Tenured: 15046K(22468K)->15046K(22468K)
[2025-04-17T11:28:15.689+0000][2495.520s][info][gc,metaspace   ] GC(1617) Metaspace: 37474K(37824K)->37474K(37824K) NonClass: 33048K(33216K)->33048K(33216K) Class: 4425K(4608K)->4425K(4608K)
[2025-04-17T11:28:15.689+0000][2495.520s][info][gc             ] GC(1617) Pause Young (Allocation Failure) 23M->14M(31M) 1.315ms
[2025-04-17T11:28:15.689+0000][2495.520s][info][gc,cpu         ] GC(1617) User=0.00s Sys=0.00s Real=0.00s
[2025-04-17T11:28:17.543+0000][2497.373s][info][gc,start       ] GC(1618) Pause Young (Allocation Failure)
[2025-04-17T11:28:17.544+0000][2497.375s][info][gc,heap        ] GC(1618) DefNew: 9178K(10176K)->85K(10176K) Eden: 9088K(9088K)->0K(9088K) From: 90K(1088K)->85K(1088K)
[2025-04-17T11:28:17.544+0000][2497.375s][info][gc,heap        ] GC(1618) Tenured: 15046K(22468K)->15046K(22468K)
[2025-04-17T11:28:17.544+0000][2497.375s][info][gc,metaspace   ] GC(1618) Metaspace: 37474K(37824K)->37474K(37824K) NonClass: 33048K(33216K)->33048K(33216K) Class: 4425K(4608K)->4425K(4608K)
[2025-04-17T11:28:17.545+0000][2497.375s][info][gc             ] GC(1618) Pause Young (Allocation Failure) 23M->14M(31M) 1.216ms
[2025-04-17T11:28:17.545+0000][2497.375s][info][gc,cpu         ] GC(1618) User=0.00s Sys=0.00s Real=0.01s
[2025-04-17T11:28:18.918+0000][2498.748s][info][gc,start       ] GC(1619) Pause Young (Allocation Failure)
[2025-04-17T11:28:18.919+0000][2498.749s][info][gc,heap        ] GC(1619) DefNew: 9173K(10176K)->74K(10176K) Eden: 9088K(9088K)->0K(9088K) From: 85K(1088K)->74K(1088K)
[2025-04-17T11:28:18.919+0000][2498.749s][info][gc,heap        ] GC(1619) Tenured: 15046K(22468K)->15046K(22468K)
[2025-04-17T11:28:18.919+0000][2498.749s][info][gc,metaspace   ] GC(1619) Metaspace: 37474K(37824K)->37474K(37824K) NonClass: 33048K(33216K)->33048K(33216K) Class: 4425K(4608K)->4425K(4608K)
[2025-04-17T11:28:18.919+0000][2498.749s][info][gc             ] GC(1619) Pause Young (Allocation Failure) 23M->14M(31M) 1.300ms
[2025-04-17T11:28:18.919+0000][2498.749s][info][gc,cpu         ] GC(1619) User=0.00s Sys=0.00s Real=0.00s
[2025-04-17T11:28:20.692+0000][2500.523s][info][gc,start       ] GC(1620) Pause Young (Allocation Failure)
[2025-04-17T11:28:20.694+0000][2500.524s][info][gc,heap        ] GC(1620) DefNew: 9162K(10176K)->76K(10176K) Eden: 9088K(9088K)->0K(9088K) From: 74K(1088K)->76K(1088K)
[2025-04-17T11:28:20.694+0000][2500.524s][info][gc,heap        ] GC(1620) Tenured: 15046K(22468K)->15047K(22468K)
[2025-04-17T11:28:20.694+0000][2500.524s][info][gc,metaspace   ] GC(1620) Metaspace: 37474K(37824K)->37474K(37824K) NonClass: 33048K(33216K)->33048K(33216K) Class: 4425K(4608K)->4425K(4608K)
[2025-04-17T11:28:20.694+0000][2500.524s][info][gc             ] GC(1620) Pause Young (Allocation Failure) 23M->14M(31M) 1.309ms
[2025-04-17T11:28:20.694+0000][2500.524s][info][gc,cpu         ] GC(1620) User=0.00s Sys=0.00s Real=0.00s
[2025-04-17T11:28:22.194+0000][2502.025s][info][gc,start       ] GC(1621) Pause Young (Allocation Failure)
[2025-04-17T11:28:22.196+0000][2502.026s][info][gc,heap        ] GC(1621) DefNew: 9163K(10176K)->89K(10176K) Eden: 9087K(9088K)->0K(9088K) From: 76K(1088K)->89K(1088K)
[2025-04-17T11:28:22.196+0000][2502.026s][info][gc,heap        ] GC(1621) Tenured: 15047K(22468K)->15047K(22468K)
[2025-04-17T11:28:22.196+0000][2502.026s][info][gc,metaspace   ] GC(1621) Metaspace: 37474K(37824K)->37474K(37824K) NonClass: 33048K(33216K)->33048K(33216K) Class: 4425K(4608K)->4425K(4608K)
[2025-04-17T11:28:22.196+0000][2502.026s][info][gc             ] GC(1621) Pause Young (Allocation Failure) 23M->14M(31M) 1.219ms
[2025-04-17T11:28:22.196+0000][2502.026s][info][gc,cpu         ] GC(1621) User=0.00s Sys=0.00s Real=0.00s
[2025-04-17T11:28:23.733+0000][2503.564s][info][gc,start       ] GC(1622) Pause Young (Allocation Failure)
[2025-04-17T11:28:23.735+0000][2503.565s][info][gc,heap        ] GC(1622) DefNew: 9172K(10176K)->93K(10176K) Eden: 9082K(9088K)->0K(9088K) From: 89K(1088K)->93K(1088K)
[2025-04-17T11:28:23.735+0000][2503.565s][info][gc,heap        ] GC(1622) Tenured: 15047K(22468K)->15047K(22468K)
[2025-04-17T11:28:23.735+0000][2503.565s][info][gc,metaspace   ] GC(1622) Metaspace: 37474K(37824K)->37474K(37824K) NonClass: 33048K(33216K)->33048K(33216K) Class: 4425K(4608K)->4425K(4608K)
[2025-04-17T11:28:23.735+0000][2503.565s][info][gc             ] GC(1622) Pause Young (Allocation Failure) 23M->14M(31M) 1.290ms
[2025-04-17T11:28:23.735+0000][2503.565s][info][gc,cpu         ] GC(1622) User=0.00s Sys=0.00s Real=0.01s
[2025-04-17T11:28:25.348+0000][2505.178s][info][gc,start       ] GC(1623) Pause Young (Allocation Failure)
[2025-04-17T11:28:25.349+0000][2505.179s][info][gc,heap        ] GC(1623) DefNew: 9181K(10176K)->75K(10176K) Eden: 9088K(9088K)->0K(9088K) From: 93K(1088K)->75K(1088K)
[2025-04-17T11:28:25.349+0000][2505.179s][info][gc,heap        ] GC(1623) Tenured: 15047K(22468K)->15047K(22468K)
[2025-04-17T11:28:25.349+0000][2505.179s][info][gc,metaspace   ] GC(1623) Metaspace: 37488K(37888K)->37488K(37888K) NonClass: 33063K(33280K)->33063K(33280K) Class: 4425K(4608K)->4425K(4608K)
[2025-04-17T11:28:25.349+0000][2505.180s][info][gc             ] GC(1623) Pause Young (Allocation Failure) 23M->14M(31M) 1.166ms
[2025-04-17T11:28:25.349+0000][2505.180s][info][gc,cpu         ] GC(1623) User=0.00s Sys=0.00s Real=0.00s
[2025-04-17T11:28:26.880+0000][2506.710s][info][gc,start       ] GC(1624) Pause Young (Allocation Failure)
[2025-04-17T11:28:26.881+0000][2506.712s][info][gc,heap        ] GC(1624) DefNew: 9163K(10176K)->98K(10176K) Eden: 9088K(9088K)->0K(9088K) From: 75K(1088K)->98K(1088K)
[2025-04-17T11:28:26.881+0000][2506.712s][info][gc,heap        ] GC(1624) Tenured: 15047K(22468K)->15047K(22468K)
[2025-04-17T11:28:26.881+0000][2506.712s][info][gc,metaspace   ] GC(1624) Metaspace: 37488K(37888K)->37488K(37888K) NonClass: 33063K(33280K)->33063K(33280K) Class: 4425K(4608K)->4425K(4608K)
[2025-04-17T11:28:26.881+0000][2506.712s][info][gc             ] GC(1624) Pause Young (Allocation Failure) 23M->14M(31M) 1.200ms
[2025-04-17T11:28:26.881+0000][2506.712s][info][gc,cpu         ] GC(1624) User=0.00s Sys=0.00s Real=0.00s
[2025-04-17T11:28:28.423+0000][2508.253s][info][gc,start       ] GC(1625) Pause Young (Allocation Failure)
[2025-04-17T11:28:28.424+0000][2508.254s][info][gc,heap        ] GC(1625) DefNew: 9186K(10176K)->82K(10176K) Eden: 9088K(9088K)->0K(9088K) From: 98K(1088K)->82K(1088K)
[2025-04-17T11:28:28.424+0000][2508.254s][info][gc,heap        ] GC(1625) Tenured: 15047K(22468K)->15047K(22468K)
[2025-04-17T11:28:28.424+0000][2508.254s][info][gc,metaspace   ] GC(1625) Metaspace: 37488K(37888K)->37488K(37888K) NonClass: 33063K(33280K)->33063K(33280K) Class: 4425K(4608K)->4425K(4608K)
[2025-04-17T11:28:28.424+0000][2508.254s][info][gc             ] GC(1625) Pause Young (Allocation Failure) 23M->14M(31M) 1.254ms
[2025-04-17T11:28:28.424+0000][2508.254s][info][gc,cpu         ] GC(1625) User=0.00s Sys=0.00s Real=0.01s
[2025-04-17T11:28:30.015+0000][2509.846s][info][gc,start       ] GC(1626) Pause Young (Allocation Failure)
[2025-04-17T11:28:30.017+0000][2509.847s][info][gc,heap        ] GC(1626) DefNew: 9170K(10176K)->75K(10176K) Eden: 9088K(9088K)->0K(9088K) From: 82K(1088K)->75K(1088K)
[2025-04-17T11:28:30.017+0000][2509.847s][info][gc,heap        ] GC(1626) Tenured: 15047K(22468K)->15047K(22468K)
[2025-04-17T11:28:30.017+0000][2509.847s][info][gc,metaspace   ] GC(1626) Metaspace: 37488K(37888K)->37488K(37888K) NonClass: 33063K(33280K)->33063K(33280K) Class: 4425K(4608K)->4425K(4608K)
[2025-04-17T11:28:30.017+0000][2509.847s][info][gc             ] GC(1626) Pause Young (Allocation Failure) 23M->14M(31M) 1.213ms
[2025-04-17T11:28:30.017+0000][2509.847s][info][gc,cpu         ] GC(1626) User=0.00s Sys=0.00s Real=0.00s
[2025-04-17T11:28:31.338+0000][2511.169s][info][gc,start       ] GC(1627) Pause Young (Allocation Failure)
[2025-04-17T11:28:31.340+0000][2511.170s][info][gc,heap        ] GC(1627) DefNew: 9163K(10176K)->77K(10176K) Eden: 9087K(9088K)->0K(9088K) From: 75K(1088K)->77K(1088K)
[2025-04-17T11:28:31.340+0000][2511.170s][info][gc,heap        ] GC(1627) Tenured: 15047K(22468K)->15047K(22468K)
[2025-04-17T11:28:31.340+0000][2511.170s][info][gc,metaspace   ] GC(1627) Metaspace: 37488K(37888K)->37488K(37888K) NonClass: 33063K(33280K)->33063K(33280K) Class: 4425K(4608K)->4425K(4608K)
[2025-04-17T11:28:31.340+0000][2511.170s][info][gc             ] GC(1627) Pause Young (Allocation Failure) 23M->14M(31M) 1.232ms
[2025-04-17T11:28:31.340+0000][2511.170s][info][gc,cpu         ] GC(1627) User=0.00s Sys=0.00s Real=0.00s
[2025-04-17T11:28:32.907+0000][2512.737s][info][gc,start       ] GC(1628) Pause Young (Allocation Failure)
[2025-04-17T11:28:32.909+0000][2512.739s][info][gc,heap        ] GC(1628) DefNew: 9165K(10176K)->90K(10176K) Eden: 9088K(9088K)->0K(9088K) From: 77K(1088K)->90K(1088K)
[2025-04-17T11:28:32.909+0000][2512.739s][info][gc,heap        ] GC(1628) Tenured: 15047K(22468K)->15048K(22468K)
[2025-04-17T11:28:32.909+0000][2512.739s][info][gc,metaspace   ] GC(1628) Metaspace: 37488K(37888K)->37488K(37888K) NonClass: 33063K(33280K)->33063K(33280K) Class: 4425K(4608K)->4425K(4608K)
[2025-04-17T11:28:32.909+0000][2512.739s][info][gc             ] GC(1628) Pause Young (Allocation Failure) 23M->14M(31M) 1.314ms
[2025-04-17T11:28:32.909+0000][2512.739s][info][gc,cpu         ] GC(1628) User=0.00s Sys=0.00s Real=0.00s
[2025-04-17T11:28:34.490+0000][2514.320s][info][gc,start       ] GC(1629) Pause Young (Allocation Failure)
[2025-04-17T11:28:34.491+0000][2514.321s][info][gc,heap        ] GC(1629) DefNew: 9178K(10176K)->87K(10176K) Eden: 9088K(9088K)->0K(9088K) From: 90K(1088K)->87K(1088K)
[2025-04-17T11:28:34.491+0000][2514.321s][info][gc,heap        ] GC(1629) Tenured: 15048K(22468K)->15048K(22468K)
[2025-04-17T11:28:34.491+0000][2514.321s][info][gc,metaspace   ] GC(1629) Metaspace: 37488K(37888K)->37488K(37888K) NonClass: 33063K(33280K)->33063K(33280K) Class: 4425K(4608K)->4425K(4608K)
[2025-04-17T11:28:34.491+0000][2514.321s][info][gc             ] GC(1629) Pause Young (Allocation Failure) 23M->14M(31M) 1.319ms
[2025-04-17T11:28:34.491+0000][2514.321s][info][gc,cpu         ] GC(1629) User=0.00s Sys=0.00s Real=0.00s
[2025-04-17T11:28:36.033+0000][2515.863s][info][gc,start       ] GC(1630) Pause Young (Allocation Failure)
[2025-04-17T11:28:36.034+0000][2515.864s][info][gc,heap        ] GC(1630) DefNew: 9175K(10176K)->77K(10176K) Eden: 9088K(9088K)->0K(9088K) From: 87K(1088K)->77K(1088K)
[2025-04-17T11:28:36.034+0000][2515.864s][info][gc,heap        ] GC(1630) Tenured: 15048K(22468K)->15048K(22468K)
[2025-04-17T11:28:36.034+0000][2515.864s][info][gc,metaspace   ] GC(1630) Metaspace: 37488K(37888K)->37488K(37888K) NonClass: 33063K(33280K)->33063K(33280K) Class: 4425K(4608K)->4425K(4608K)
[2025-04-17T11:28:36.034+0000][2515.864s][info][gc             ] GC(1630) Pause Young (Allocation Failure) 23M->14M(31M) 1.198ms
[2025-04-17T11:28:36.034+0000][2515.864s][info][gc,cpu         ] GC(1630) User=0.00s Sys=0.00s Real=0.00s
[2025-04-17T11:28:37.699+0000][2517.529s][info][gc,start       ] GC(1631) Pause Young (Allocation Failure)
[2025-04-17T11:28:37.700+0000][2517.530s][info][gc,heap        ] GC(1631) DefNew: 9165K(10176K)->76K(10176K) Eden: 9088K(9088K)->0K(9088K) From: 77K(1088K)->76K(1088K)
[2025-04-17T11:28:37.700+0000][2517.530s][info][gc,heap        ] GC(1631) Tenured: 15048K(22468K)->15048K(22468K)
[2025-04-17T11:28:37.700+0000][2517.530s][info][gc,metaspace   ] GC(1631) Metaspace: 37488K(37888K)->37488K(37888K) NonClass: 33063K(33280K)->33063K(33280K) Class: 4425K(4608K)->4425K(4608K)
[2025-04-17T11:28:37.700+0000][2517.531s][info][gc             ] GC(1631) Pause Young (Allocation Failure) 23M->14M(31M) 1.184ms
[2025-04-17T11:28:37.700+0000][2517.531s][info][gc,cpu         ] GC(1631) User=0.00s Sys=0.00s Real=0.00s
[2025-04-17T11:28:39.582+0000][2519.412s][info][gc,start       ] GC(1632) Pause Young (Allocation Failure)
[2025-04-17T11:28:39.583+0000][2519.413s][info][gc,heap        ] GC(1632) DefNew: 9164K(10176K)->93K(10176K) Eden: 9088K(9088K)->0K(9088K) From: 76K(1088K)->93K(1088K)
[2025-04-17T11:28:39.583+0000][2519.413s][info][gc,heap        ] GC(1632) Tenured: 15048K(22468K)->15048K(22468K)
[2025-04-17T11:28:39.583+0000][2519.414s][info][gc,metaspace   ] GC(1632) Metaspace: 37488K(37888K)->37488K(37888K) NonClass: 33063K(33280K)->33063K(33280K) Class: 4425K(4608K)->4425K(4608K)
[2025-04-17T11:28:39.583+0000][2519.414s][info][gc             ] GC(1632) Pause Young (Allocation Failure) 23M->14M(31M) 1.261ms
[2025-04-17T11:28:39.583+0000][2519.414s][info][gc,cpu         ] GC(1632) User=0.00s Sys=0.00s Real=0.00s
[2025-04-17T11:28:40.960+0000][2520.790s][info][gc,start       ] GC(1633) Pause Young (Allocation Failure)
[2025-04-17T11:28:40.961+0000][2520.791s][info][gc,heap        ] GC(1633) DefNew: 9181K(10176K)->78K(10176K) Eden: 9088K(9088K)->0K(9088K) From: 93K(1088K)->78K(1088K)
[2025-04-17T11:28:40.961+0000][2520.791s][info][gc,heap        ] GC(1633) Tenured: 15048K(22468K)->15048K(22468K)
[2025-04-17T11:28:40.961+0000][2520.791s][info][gc,metaspace   ] GC(1633) Metaspace: 37488K(37888K)->37488K(37888K) NonClass: 33063K(33280K)->33063K(33280K) Class: 4425K(4608K)->4425K(4608K)
[2025-04-17T11:28:40.961+0000][2520.791s][info][gc             ] GC(1633) Pause Young (Allocation Failure) 23M->14M(31M) 1.299ms
[2025-04-17T11:28:40.961+0000][2520.791s][info][gc,cpu         ] GC(1633) User=0.01s Sys=0.00s Real=0.00s
[2025-04-17T11:28:42.411+0000][2522.242s][info][gc,start       ] GC(1634) Pause Young (Allocation Failure)
[2025-04-17T11:28:42.413+0000][2522.243s][info][gc,heap        ] GC(1634) DefNew: 9166K(10176K)->79K(10176K) Eden: 9087K(9088K)->0K(9088K) From: 78K(1088K)->79K(1088K)
[2025-04-17T11:28:42.413+0000][2522.243s][info][gc,heap        ] GC(1634) Tenured: 15048K(22468K)->15048K(22468K)
[2025-04-17T11:28:42.413+0000][2522.243s][info][gc,metaspace   ] GC(1634) Metaspace: 37488K(37888K)->37488K(37888K) NonClass: 33063K(33280K)->33063K(33280K) Class: 4425K(4608K)->4425K(4608K)
[2025-04-17T11:28:42.413+0000][2522.243s][info][gc             ] GC(1634) Pause Young (Allocation Failure) 23M->14M(31M) 1.284ms
[2025-04-17T11:28:42.413+0000][2522.243s][info][gc,cpu         ] GC(1634) User=0.00s Sys=0.00s Real=0.00s
[2025-04-17T11:28:44.167+0000][2523.997s][info][gc,start       ] GC(1635) Pause Young (Allocation Failure)
[2025-04-17T11:28:44.168+0000][2523.998s][info][gc,heap        ] GC(1635) DefNew: 9167K(10176K)->95K(10176K) Eden: 9088K(9088K)->0K(9088K) From: 79K(1088K)->95K(1088K)
[2025-04-17T11:28:44.168+0000][2523.999s][info][gc,heap        ] GC(1635) Tenured: 15048K(22468K)->15048K(22468K)
[2025-04-17T11:28:44.168+0000][2523.999s][info][gc,metaspace   ] GC(1635) Metaspace: 37488K(37888K)->37488K(37888K) NonClass: 33063K(33280K)->33063K(33280K) Class: 4425K(4608K)->4425K(4608K)
[2025-04-17T11:28:44.168+0000][2523.999s][info][gc             ] GC(1635) Pause Young (Allocation Failure) 23M->14M(31M) 1.260ms
[2025-04-17T11:28:44.168+0000][2523.999s][info][gc,cpu         ] GC(1635) User=0.00s Sys=0.00s Real=0.00s
[2025-04-17T11:28:45.583+0000][2525.413s][info][gc,start       ] GC(1636) Pause Young (Allocation Failure)
[2025-04-17T11:28:45.584+0000][2525.414s][info][gc,heap        ] GC(1636) DefNew: 9176K(10176K)->87K(10176K) Eden: 9080K(9088K)->0K(9088K) From: 95K(1088K)->87K(1088K)
[2025-04-17T11:28:45.584+0000][2525.414s][info][gc,heap        ] GC(1636) Tenured: 15048K(22468K)->15048K(22468K)
[2025-04-17T11:28:45.584+0000][2525.414s][info][gc,metaspace   ] GC(1636) Metaspace: 37490K(37888K)->37490K(37888K) NonClass: 33064K(33280K)->33064K(33280K) Class: 4425K(4608K)->4425K(4608K)
[2025-04-17T11:28:45.584+0000][2525.414s][info][gc             ] GC(1636) Pause Young (Allocation Failure) 23M->14M(31M) 1.247ms
[2025-04-17T11:28:45.584+0000][2525.414s][info][gc,cpu         ] GC(1636) User=0.00s Sys=0.00s Real=0.01s
[2025-04-17T11:28:47.297+0000][2527.127s][info][gc,start       ] GC(1637) Pause Young (Allocation Failure)
[2025-04-17T11:28:47.298+0000][2527.128s][info][gc,heap        ] GC(1637) DefNew: 9168K(10176K)->81K(10176K) Eden: 9081K(9088K)->0K(9088K) From: 87K(1088K)->81K(1088K)
[2025-04-17T11:28:47.298+0000][2527.129s][info][gc,heap        ] GC(1637) Tenured: 15048K(22468K)->15049K(22468K)
[2025-04-17T11:28:47.298+0000][2527.129s][info][gc,metaspace   ] GC(1637) Metaspace: 37490K(37888K)->37490K(37888K) NonClass: 33064K(33280K)->33064K(33280K) Class: 4425K(4608K)->4425K(4608K)
[2025-04-17T11:28:47.298+0000][2527.129s][info][gc             ] GC(1637) Pause Young (Allocation Failure) 23M->14M(31M) 1.292ms
[2025-04-17T11:28:47.298+0000][2527.129s][info][gc,cpu         ] GC(1637) User=0.01s Sys=0.00s Real=0.00s
[2025-04-17T11:28:48.809+0000][2528.639s][info][gc,start       ] GC(1638) Pause Young (Allocation Failure)
[2025-04-17T11:28:48.810+0000][2528.640s][info][gc,heap        ] GC(1638) DefNew: 9169K(10176K)->80K(10176K) Eden: 9088K(9088K)->0K(9088K) From: 81K(1088K)->80K(1088K)
[2025-04-17T11:28:48.810+0000][2528.640s][info][gc,heap        ] GC(1638) Tenured: 15049K(22468K)->15049K(22468K)
[2025-04-17T11:28:48.810+0000][2528.640s][info][gc,metaspace   ] GC(1638) Metaspace: 37490K(37888K)->37490K(37888K) NonClass: 33064K(33280K)->33064K(33280K) Class: 4425K(4608K)->4425K(4608K)
[2025-04-17T11:28:48.810+0000][2528.640s][info][gc             ] GC(1638) Pause Young (Allocation Failure) 23M->14M(31M) 1.245ms
[2025-04-17T11:28:48.810+0000][2528.640s][info][gc,cpu         ] GC(1638) User=0.00s Sys=0.00s Real=0.00s
[2025-04-17T11:28:50.342+0000][2530.172s][info][gc,start       ] GC(1639) Pause Young (Allocation Failure)
[2025-04-17T11:28:50.343+0000][2530.173s][info][gc,heap        ] GC(1639) DefNew: 9168K(10176K)->95K(10176K) Eden: 9088K(9088K)->0K(9088K) From: 80K(1088K)->95K(1088K)
[2025-04-17T11:28:50.343+0000][2530.173s][info][gc,heap        ] GC(1639) Tenured: 15049K(22468K)->15049K(22468K)
[2025-04-17T11:28:50.343+0000][2530.173s][info][gc,metaspace   ] GC(1639) Metaspace: 37490K(37888K)->37490K(37888K) NonClass: 33064K(33280K)->33064K(33280K) Class: 4425K(4608K)->4425K(4608K)
[2025-04-17T11:28:50.343+0000][2530.173s][info][gc             ] GC(1639) Pause Young (Allocation Failure) 23M->14M(31M) 1.344ms
[2025-04-17T11:28:50.343+0000][2530.173s][info][gc,cpu         ] GC(1639) User=0.00s Sys=0.00s Real=0.00s
[2025-04-17T11:28:51.888+0000][2531.718s][info][gc,start       ] GC(1640) Pause Young (Allocation Failure)
[2025-04-17T11:28:51.889+0000][2531.719s][info][gc,heap        ] GC(1640) DefNew: 9183K(10176K)->91K(10176K) Eden: 9088K(9088K)->0K(9088K) From: 95K(1088K)->91K(1088K)
[2025-04-17T11:28:51.889+0000][2531.719s][info][gc,heap        ] GC(1640) Tenured: 15049K(22468K)->15049K(22468K)
[2025-04-17T11:28:51.889+0000][2531.719s][info][gc,metaspace   ] GC(1640) Metaspace: 37490K(37888K)->37490K(37888K) NonClass: 33064K(33280K)->33064K(33280K) Class: 4425K(4608K)->4425K(4608K)
[2025-04-17T11:28:51.889+0000][2531.719s][info][gc             ] GC(1640) Pause Young (Allocation Failure) 23M->14M(31M) 1.272ms
[2025-04-17T11:28:51.889+0000][2531.719s][info][gc,cpu         ] GC(1640) User=0.00s Sys=0.00s Real=0.00s
[2025-04-17T11:28:53.432+0000][2533.262s][info][gc,start       ] GC(1641) Pause Young (Allocation Failure)
[2025-04-17T11:28:53.434+0000][2533.264s][info][gc,heap        ] GC(1641) DefNew: 9179K(10176K)->83K(10176K) Eden: 9088K(9088K)->0K(9088K) From: 91K(1088K)->83K(1088K)
[2025-04-17T11:28:53.434+0000][2533.264s][info][gc,heap        ] GC(1641) Tenured: 15049K(22468K)->15049K(22468K)
[2025-04-17T11:28:53.434+0000][2533.264s][info][gc,metaspace   ] GC(1641) Metaspace: 37490K(37888K)->37490K(37888K) NonClass: 33064K(33280K)->33064K(33280K) Class: 4425K(4608K)->4425K(4608K)
[2025-04-17T11:28:53.434+0000][2533.264s][info][gc             ] GC(1641) Pause Young (Allocation Failure) 23M->14M(31M) 1.297ms
[2025-04-17T11:28:53.434+0000][2533.264s][info][gc,cpu         ] GC(1641) User=0.00s Sys=0.00s Real=0.00s
[2025-04-17T11:28:54.979+0000][2534.809s][info][gc,start       ] GC(1642) Pause Young (Allocation Failure)
[2025-04-17T11:28:54.980+0000][2534.811s][info][gc,heap        ] GC(1642) DefNew: 9171K(10176K)->79K(10176K) Eden: 9088K(9088K)->0K(9088K) From: 83K(1088K)->79K(1088K)
[2025-04-17T11:28:54.980+0000][2534.811s][info][gc,heap        ] GC(1642) Tenured: 15049K(22468K)->15049K(22468K)
[2025-04-17T11:28:54.980+0000][2534.811s][info][gc,metaspace   ] GC(1642) Metaspace: 37490K(37888K)->37490K(37888K) NonClass: 33064K(33280K)->33064K(33280K) Class: 4425K(4608K)->4425K(4608K)
[2025-04-17T11:28:54.980+0000][2534.811s][info][gc             ] GC(1642) Pause Young (Allocation Failure) 23M->14M(31M) 1.163ms
[2025-04-17T11:28:54.980+0000][2534.811s][info][gc,cpu         ] GC(1642) User=0.00s Sys=0.00s Real=0.00s
[2025-04-17T11:28:56.304+0000][2536.134s][info][gc,start       ] GC(1643) Pause Young (Allocation Failure)
[2025-04-17T11:28:56.305+0000][2536.136s][info][gc,heap        ] GC(1643) DefNew: 9167K(10176K)->77K(10176K) Eden: 9088K(9088K)->0K(9088K) From: 79K(1088K)->77K(1088K)
[2025-04-17T11:28:56.306+0000][2536.136s][info][gc,heap        ] GC(1643) Tenured: 15049K(22468K)->15051K(22468K)
[2025-04-17T11:28:56.306+0000][2536.136s][info][gc,metaspace   ] GC(1643) Metaspace: 37490K(37888K)->37490K(37888K) NonClass: 33064K(33280K)->33064K(33280K) Class: 4425K(4608K)->4425K(4608K)
[2025-04-17T11:28:56.306+0000][2536.136s][info][gc             ] GC(1643) Pause Young (Allocation Failure) 23M->14M(31M) 1.262ms
[2025-04-17T11:28:56.306+0000][2536.136s][info][gc,cpu         ] GC(1643) User=0.00s Sys=0.00s Real=0.00s
[2025-04-17T11:28:58.008+0000][2537.838s][info][gc,start       ] GC(1644) Pause Young (Allocation Failure)
[2025-04-17T11:28:58.009+0000][2537.839s][info][gc,heap        ] GC(1644) DefNew: 9165K(10176K)->97K(10176K) Eden: 9088K(9088K)->0K(9088K) From: 77K(1088K)->97K(1088K)
[2025-04-17T11:28:58.009+0000][2537.839s][info][gc,heap        ] GC(1644) Tenured: 15051K(22468K)->15051K(22468K)
[2025-04-17T11:28:58.009+0000][2537.839s][info][gc,metaspace   ] GC(1644) Metaspace: 37490K(37888K)->37490K(37888K) NonClass: 33064K(33280K)->33064K(33280K) Class: 4425K(4608K)->4425K(4608K)
[2025-04-17T11:28:58.009+0000][2537.839s][info][gc             ] GC(1644) Pause Young (Allocation Failure) 23M->14M(31M) 1.297ms
[2025-04-17T11:28:58.009+0000][2537.839s][info][gc,cpu         ] GC(1644) User=0.00s Sys=0.00s Real=0.00s
[2025-04-17T11:28:59.435+0000][2539.265s][info][gc,start       ] GC(1645) Pause Young (Allocation Failure)
[2025-04-17T11:28:59.436+0000][2539.266s][info][gc,heap        ] GC(1645) DefNew: 9185K(10176K)->70K(10176K) Eden: 9088K(9088K)->0K(9088K) From: 97K(1088K)->70K(1088K)
[2025-04-17T11:28:59.436+0000][2539.266s][info][gc,heap        ] GC(1645) Tenured: 15051K(22468K)->15051K(22468K)
[2025-04-17T11:28:59.436+0000][2539.266s][info][gc,metaspace   ] GC(1645) Metaspace: 37490K(37888K)->37490K(37888K) NonClass: 33064K(33280K)->33064K(33280K) Class: 4425K(4608K)->4425K(4608K)
[2025-04-17T11:28:59.436+0000][2539.266s][info][gc             ] GC(1645) Pause Young (Allocation Failure) 23M->14M(31M) 1.142ms
[2025-04-17T11:28:59.436+0000][2539.266s][info][gc,cpu         ] GC(1645) User=0.00s Sys=0.00s Real=0.00s
[2025-04-17T11:29:01.018+0000][2540.848s][info][gc,start       ] GC(1646) Pause Young (Allocation Failure)
[2025-04-17T11:29:01.019+0000][2540.849s][info][gc,heap        ] GC(1646) DefNew: 9158K(10176K)->80K(10176K) Eden: 9088K(9088K)->0K(9088K) From: 70K(1088K)->80K(1088K)
[2025-04-17T11:29:01.019+0000][2540.849s][info][gc,heap        ] GC(1646) Tenured: 15051K(22468K)->15052K(22468K)
[2025-04-17T11:29:01.019+0000][2540.849s][info][gc,metaspace   ] GC(1646) Metaspace: 37490K(37888K)->37490K(37888K) NonClass: 33064K(33280K)->33064K(33280K) Class: 4425K(4608K)->4425K(4608K)
[2025-04-17T11:29:01.019+0000][2540.849s][info][gc             ] GC(1646) Pause Young (Allocation Failure) 23M->14M(31M) 1.262ms
[2025-04-17T11:29:01.019+0000][2540.849s][info][gc,cpu         ] GC(1646) User=0.01s Sys=0.00s Real=0.00s
[2025-04-17T11:29:02.680+0000][2542.510s][info][gc,start       ] GC(1647) Pause Young (Allocation Failure)
[2025-04-17T11:29:02.681+0000][2542.511s][info][gc,heap        ] GC(1647) DefNew: 9168K(10176K)->93K(10176K) Eden: 9088K(9088K)->0K(9088K) From: 80K(1088K)->93K(1088K)
[2025-04-17T11:29:02.681+0000][2542.511s][info][gc,heap        ] GC(1647) Tenured: 15052K(22468K)->15053K(22468K)
[2025-04-17T11:29:02.681+0000][2542.511s][info][gc,metaspace   ] GC(1647) Metaspace: 37490K(37888K)->37490K(37888K) NonClass: 33064K(33280K)->33064K(33280K) Class: 4425K(4608K)->4425K(4608K)
[2025-04-17T11:29:02.681+0000][2542.511s][info][gc             ] GC(1647) Pause Young (Allocation Failure) 23M->14M(31M) 1.126ms
[2025-04-17T11:29:02.681+0000][2542.511s][info][gc,cpu         ] GC(1647) User=0.00s Sys=0.00s Real=0.00s
[2025-04-17T11:29:04.243+0000][2544.073s][info][gc,start       ] GC(1648) Pause Young (Allocation Failure)
[2025-04-17T11:29:04.244+0000][2544.074s][info][gc,heap        ] GC(1648) DefNew: 9181K(10176K)->78K(10176K) Eden: 9088K(9088K)->0K(9088K) From: 93K(1088K)->78K(1088K)
[2025-04-17T11:29:04.244+0000][2544.074s][info][gc,heap        ] GC(1648) Tenured: 15053K(22468K)->15053K(22468K)
[2025-04-17T11:29:04.244+0000][2544.074s][info][gc,metaspace   ] GC(1648) Metaspace: 37490K(37888K)->37490K(37888K) NonClass: 33064K(33280K)->33064K(33280K) Class: 4425K(4608K)->4425K(4608K)
[2025-04-17T11:29:04.244+0000][2544.074s][info][gc             ] GC(1648) Pause Young (Allocation Failure) 23M->14M(31M) 1.252ms
[2025-04-17T11:29:04.244+0000][2544.074s][info][gc,cpu         ] GC(1648) User=0.00s Sys=0.00s Real=0.01s
[2025-04-17T11:29:05.936+0000][2545.766s][info][gc,start       ] GC(1649) Pause Young (Allocation Failure)
[2025-04-17T11:29:05.937+0000][2545.768s][info][gc,heap        ] GC(1649) DefNew: 9166K(10176K)->81K(10176K) Eden: 9088K(9088K)->0K(9088K) From: 78K(1088K)->81K(1088K)
[2025-04-17T11:29:05.937+0000][2545.768s][info][gc,heap        ] GC(1649) Tenured: 15053K(22468K)->15054K(22468K)
[2025-04-17T11:29:05.937+0000][2545.768s][info][gc,metaspace   ] GC(1649) Metaspace: 37490K(37888K)->37490K(37888K) NonClass: 33064K(33280K)->33064K(33280K) Class: 4425K(4608K)->4425K(4608K)
[2025-04-17T11:29:05.937+0000][2545.768s][info][gc             ] GC(1649) Pause Young (Allocation Failure) 23M->14M(31M) 1.283ms
[2025-04-17T11:29:05.937+0000][2545.768s][info][gc,cpu         ] GC(1649) User=0.00s Sys=0.00s Real=0.00s
[2025-04-17T11:29:07.572+0000][2547.402s][info][gc,start       ] GC(1650) Pause Young (Allocation Failure)
[2025-04-17T11:29:07.574+0000][2547.404s][info][gc,heap        ] GC(1650) DefNew: 9169K(10176K)->78K(10176K) Eden: 9088K(9088K)->0K(9088K) From: 81K(1088K)->78K(1088K)
[2025-04-17T11:29:07.574+0000][2547.404s][info][gc,heap        ] GC(1650) Tenured: 15054K(22468K)->15056K(22468K)
[2025-04-17T11:29:07.574+0000][2547.404s][info][gc,metaspace   ] GC(1650) Metaspace: 37490K(37888K)->37490K(37888K) NonClass: 33064K(33280K)->33064K(33280K) Class: 4425K(4608K)->4425K(4608K)
[2025-04-17T11:29:07.574+0000][2547.404s][info][gc             ] GC(1650) Pause Young (Allocation Failure) 23M->14M(31M) 1.287ms
[2025-04-17T11:29:07.574+0000][2547.404s][info][gc,cpu         ] GC(1650) User=0.00s Sys=0.00s Real=0.00s
[2025-04-17T11:29:09.038+0000][2548.868s][info][gc,start       ] GC(1651) Pause Young (Allocation Failure)
[2025-04-17T11:29:09.039+0000][2548.869s][info][gc,heap        ] GC(1651) DefNew: 9166K(10176K)->74K(10176K) Eden: 9088K(9088K)->0K(9088K) From: 78K(1088K)->74K(1088K)
[2025-04-17T11:29:09.039+0000][2548.869s][info][gc,heap        ] GC(1651) Tenured: 15056K(22468K)->15056K(22468K)
[2025-04-17T11:29:09.039+0000][2548.869s][info][gc,metaspace   ] GC(1651) Metaspace: 37490K(37888K)->37490K(37888K) NonClass: 33064K(33280K)->33064K(33280K) Class: 4425K(4608K)->4425K(4608K)
[2025-04-17T11:29:09.039+0000][2548.869s][info][gc             ] GC(1651) Pause Young (Allocation Failure) 23M->14M(31M) 1.157ms
[2025-04-17T11:29:09.039+0000][2548.869s][info][gc,cpu         ] GC(1651) User=0.00s Sys=0.00s Real=0.00s
[2025-04-17T11:29:10.651+0000][2550.481s][info][gc,start       ] GC(1652) Pause Young (Allocation Failure)
[2025-04-17T11:29:10.652+0000][2550.482s][info][gc,heap        ] GC(1652) DefNew: 9154K(10176K)->86K(10176K) Eden: 9080K(9088K)->0K(9088K) From: 74K(1088K)->86K(1088K)
[2025-04-17T11:29:10.652+0000][2550.482s][info][gc,heap        ] GC(1652) Tenured: 15056K(22468K)->15056K(22468K)
[2025-04-17T11:29:10.652+0000][2550.482s][info][gc,metaspace   ] GC(1652) Metaspace: 37490K(37888K)->37490K(37888K) NonClass: 33064K(33280K)->33064K(33280K) Class: 4425K(4608K)->4425K(4608K)
[2025-04-17T11:29:10.652+0000][2550.482s][info][gc             ] GC(1652) Pause Young (Allocation Failure) 23M->14M(31M) 1.083ms
[2025-04-17T11:29:10.652+0000][2550.482s][info][gc,cpu         ] GC(1652) User=0.00s Sys=0.00s Real=0.00s
[2025-04-17T11:29:12.374+0000][2552.204s][info][gc,start       ] GC(1653) Pause Young (Allocation Failure)
[2025-04-17T11:29:12.375+0000][2552.205s][info][gc,heap        ] GC(1653) DefNew: 9174K(10176K)->80K(10176K) Eden: 9088K(9088K)->0K(9088K) From: 86K(1088K)->80K(1088K)
[2025-04-17T11:29:12.375+0000][2552.205s][info][gc,heap        ] GC(1653) Tenured: 15056K(22468K)->15057K(22468K)
[2025-04-17T11:29:12.375+0000][2552.205s][info][gc,metaspace   ] GC(1653) Metaspace: 37490K(37888K)->37490K(37888K) NonClass: 33064K(33280K)->33064K(33280K) Class: 4425K(4608K)->4425K(4608K)
[2025-04-17T11:29:12.375+0000][2552.205s][info][gc             ] GC(1653) Pause Young (Allocation Failure) 23M->14M(31M) 1.279ms
[2025-04-17T11:29:12.375+0000][2552.205s][info][gc,cpu         ] GC(1653) User=0.01s Sys=0.00s Real=0.01s
[2025-04-17T11:29:13.822+0000][2553.652s][info][gc,start       ] GC(1654) Pause Young (Allocation Failure)
[2025-04-17T11:29:13.823+0000][2553.653s][info][gc,heap        ] GC(1654) DefNew: 9168K(10176K)->83K(10176K) Eden: 9088K(9088K)->0K(9088K) From: 80K(1088K)->83K(1088K)
[2025-04-17T11:29:13.823+0000][2553.653s][info][gc,heap        ] GC(1654) Tenured: 15057K(22468K)->15057K(22468K)
[2025-04-17T11:29:13.823+0000][2553.653s][info][gc,metaspace   ] GC(1654) Metaspace: 37490K(37888K)->37490K(37888K) NonClass: 33064K(33280K)->33064K(33280K) Class: 4425K(4608K)->4425K(4608K)
[2025-04-17T11:29:13.823+0000][2553.653s][info][gc             ] GC(1654) Pause Young (Allocation Failure) 23M->14M(31M) 1.315ms
[2025-04-17T11:29:13.823+0000][2553.653s][info][gc,cpu         ] GC(1654) User=0.00s Sys=0.00s Real=0.00s
[2025-04-17T11:29:15.289+0000][2555.119s][info][gc,start       ] GC(1655) Pause Young (Allocation Failure)
[2025-04-17T11:29:15.290+0000][2555.121s][info][gc,heap        ] GC(1655) DefNew: 9171K(10176K)->92K(10176K) Eden: 9088K(9088K)->0K(9088K) From: 83K(1088K)->92K(1088K)
[2025-04-17T11:29:15.290+0000][2555.121s][info][gc,heap        ] GC(1655) Tenured: 15057K(22468K)->15058K(22468K)
[2025-04-17T11:29:15.290+0000][2555.121s][info][gc,metaspace   ] GC(1655) Metaspace: 37491K(37888K)->37491K(37888K) NonClass: 33065K(33280K)->33065K(33280K) Class: 4425K(4608K)->4425K(4608K)
[2025-04-17T11:29:15.291+0000][2555.121s][info][gc             ] GC(1655) Pause Young (Allocation Failure) 23M->14M(31M) 1.192ms
[2025-04-17T11:29:15.291+0000][2555.121s][info][gc,cpu         ] GC(1655) User=0.01s Sys=0.00s Real=0.00s
[2025-04-17T11:29:17.002+0000][2556.832s][info][gc,start       ] GC(1656) Pause Young (Allocation Failure)
[2025-04-17T11:29:17.003+0000][2556.833s][info][gc,heap        ] GC(1656) DefNew: 9180K(10176K)->67K(10176K) Eden: 9088K(9088K)->0K(9088K) From: 92K(1088K)->67K(1088K)
[2025-04-17T11:29:17.003+0000][2556.833s][info][gc,heap        ] GC(1656) Tenured: 15058K(22468K)->15058K(22468K)
[2025-04-17T11:29:17.003+0000][2556.833s][info][gc,metaspace   ] GC(1656) Metaspace: 37491K(37888K)->37491K(37888K) NonClass: 33065K(33280K)->33065K(33280K) Class: 4425K(4608K)->4425K(4608K)
[2025-04-17T11:29:17.003+0000][2556.833s][info][gc             ] GC(1656) Pause Young (Allocation Failure) 23M->14M(31M) 1.125ms
[2025-04-17T11:29:17.003+0000][2556.833s][info][gc,cpu         ] GC(1656) User=0.00s Sys=0.00s Real=0.00s
[2025-04-17T11:29:18.523+0000][2558.353s][info][gc,start       ] GC(1657) Pause Young (Allocation Failure)
[2025-04-17T11:29:18.524+0000][2558.354s][info][gc,heap        ] GC(1657) DefNew: 9155K(10176K)->78K(10176K) Eden: 9088K(9088K)->0K(9088K) From: 67K(1088K)->78K(1088K)
[2025-04-17T11:29:18.524+0000][2558.354s][info][gc,heap        ] GC(1657) Tenured: 15058K(22468K)->15058K(22468K)
[2025-04-17T11:29:18.524+0000][2558.354s][info][gc,metaspace   ] GC(1657) Metaspace: 37491K(37888K)->37491K(37888K) NonClass: 33065K(33280K)->33065K(33280K) Class: 4425K(4608K)->4425K(4608K)
[2025-04-17T11:29:18.524+0000][2558.354s][info][gc             ] GC(1657) Pause Young (Allocation Failure) 23M->14M(31M) 1.212ms
[2025-04-17T11:29:18.524+0000][2558.354s][info][gc,cpu         ] GC(1657) User=0.00s Sys=0.00s Real=0.01s
[2025-04-17T11:29:20.206+0000][2560.036s][info][gc,start       ] GC(1658) Pause Young (Allocation Failure)
[2025-04-17T11:29:20.207+0000][2560.037s][info][gc,heap        ] GC(1658) DefNew: 9166K(10176K)->94K(10176K) Eden: 9088K(9088K)->0K(9088K) From: 78K(1088K)->94K(1088K)
[2025-04-17T11:29:20.207+0000][2560.037s][info][gc,heap        ] GC(1658) Tenured: 15058K(22468K)->15059K(22468K)
[2025-04-17T11:29:20.207+0000][2560.037s][info][gc,metaspace   ] GC(1658) Metaspace: 37491K(37888K)->37491K(37888K) NonClass: 33065K(33280K)->33065K(33280K) Class: 4425K(4608K)->4425K(4608K)
[2025-04-17T11:29:20.207+0000][2560.037s][info][gc             ] GC(1658) Pause Young (Allocation Failure) 23M->14M(31M) 1.439ms
[2025-04-17T11:29:20.207+0000][2560.037s][info][gc,cpu         ] GC(1658) User=0.00s Sys=0.00s Real=0.00s
[2025-04-17T11:29:21.745+0000][2561.576s][info][gc,start       ] GC(1659) Pause Young (Allocation Failure)
[2025-04-17T11:29:21.747+0000][2561.577s][info][gc,heap        ] GC(1659) DefNew: 9182K(10176K)->94K(10176K) Eden: 9087K(9088K)->0K(9088K) From: 94K(1088K)->94K(1088K)
[2025-04-17T11:29:21.747+0000][2561.577s][info][gc,heap        ] GC(1659) Tenured: 15059K(22468K)->15059K(22468K)
[2025-04-17T11:29:21.747+0000][2561.577s][info][gc,metaspace   ] GC(1659) Metaspace: 37491K(37888K)->37491K(37888K) NonClass: 33065K(33280K)->33065K(33280K) Class: 4425K(4608K)->4425K(4608K)
[2025-04-17T11:29:21.747+0000][2561.577s][info][gc             ] GC(1659) Pause Young (Allocation Failure) 23M->14M(31M) 1.230ms
[2025-04-17T11:29:21.747+0000][2561.577s][info][gc,cpu         ] GC(1659) User=0.00s Sys=0.00s Real=0.00s
[2025-04-17T11:29:23.175+0000][2563.005s][info][gc,start       ] GC(1660) Pause Young (Allocation Failure)
[2025-04-17T11:29:23.176+0000][2563.006s][info][gc,heap        ] GC(1660) DefNew: 9169K(10176K)->83K(10176K) Eden: 9074K(9088K)->0K(9088K) From: 94K(1088K)->83K(1088K)
[2025-04-17T11:29:23.176+0000][2563.006s][info][gc,heap        ] GC(1660) Tenured: 15059K(22468K)->15059K(22468K)
[2025-04-17T11:29:23.176+0000][2563.006s][info][gc,metaspace   ] GC(1660) Metaspace: 37491K(37888K)->37491K(37888K) NonClass: 33065K(33280K)->33065K(33280K) Class: 4425K(4608K)->4425K(4608K)
[2025-04-17T11:29:23.176+0000][2563.006s][info][gc             ] GC(1660) Pause Young (Allocation Failure) 23M->14M(31M) 1.277ms
[2025-04-17T11:29:23.176+0000][2563.006s][info][gc,cpu         ] GC(1660) User=0.01s Sys=0.00s Real=0.00s
[2025-04-17T11:29:24.922+0000][2564.752s][info][gc,start       ] GC(1661) Pause Young (Allocation Failure)
[2025-04-17T11:29:24.923+0000][2564.753s][info][gc,heap        ] GC(1661) DefNew: 9171K(10176K)->82K(10176K) Eden: 9088K(9088K)->0K(9088K) From: 83K(1088K)->82K(1088K)
[2025-04-17T11:29:24.923+0000][2564.753s][info][gc,heap        ] GC(1661) Tenured: 15059K(22468K)->15059K(22468K)
[2025-04-17T11:29:24.923+0000][2564.753s][info][gc,metaspace   ] GC(1661) Metaspace: 37492K(37888K)->37492K(37888K) NonClass: 33066K(33280K)->33066K(33280K) Class: 4425K(4608K)->4425K(4608K)
[2025-04-17T11:29:24.923+0000][2564.753s][info][gc             ] GC(1661) Pause Young (Allocation Failure) 23M->14M(31M) 1.292ms
[2025-04-17T11:29:24.923+0000][2564.753s][info][gc,cpu         ] GC(1661) User=0.00s Sys=0.00s Real=0.00s
[2025-04-17T11:29:26.251+0000][2566.081s][info][gc,start       ] GC(1662) Pause Young (Allocation Failure)
[2025-04-17T11:29:26.252+0000][2566.083s][info][gc,heap        ] GC(1662) DefNew: 9170K(10176K)->106K(10176K) Eden: 9087K(9088K)->0K(9088K) From: 82K(1088K)->106K(1088K)
[2025-04-17T11:29:26.252+0000][2566.083s][info][gc,heap        ] GC(1662) Tenured: 15059K(22468K)->15059K(22468K)
[2025-04-17T11:29:26.252+0000][2566.083s][info][gc,metaspace   ] GC(1662) Metaspace: 37500K(37888K)->37500K(37888K) NonClass: 33075K(33280K)->33075K(33280K) Class: 4425K(4608K)->4425K(4608K)
[2025-04-17T11:29:26.252+0000][2566.083s][info][gc             ] GC(1662) Pause Young (Allocation Failure) 23M->14M(31M) 1.188ms
[2025-04-17T11:29:26.252+0000][2566.083s][info][gc,cpu         ] GC(1662) User=0.00s Sys=0.00s Real=0.00s
[2025-04-17T11:29:27.888+0000][2567.719s][info][gc,start       ] GC(1663) Pause Young (Allocation Failure)
[2025-04-17T11:29:27.890+0000][2567.720s][info][gc,heap        ] GC(1663) DefNew: 9194K(10176K)->81K(10176K) Eden: 9088K(9088K)->0K(9088K) From: 106K(1088K)->81K(1088K)
[2025-04-17T11:29:27.890+0000][2567.720s][info][gc,heap        ] GC(1663) Tenured: 15059K(22468K)->15059K(22468K)
[2025-04-17T11:29:27.890+0000][2567.720s][info][gc,metaspace   ] GC(1663) Metaspace: 37500K(37888K)->37500K(37888K) NonClass: 33075K(33280K)->33075K(33280K) Class: 4425K(4608K)->4425K(4608K)
[2025-04-17T11:29:27.890+0000][2567.720s][info][gc             ] GC(1663) Pause Young (Allocation Failure) 23M->14M(31M) 1.201ms
[2025-04-17T11:29:27.890+0000][2567.720s][info][gc,cpu         ] GC(1663) User=0.00s Sys=0.00s Real=0.00s
[2025-04-17T11:29:29.535+0000][2569.365s][info][gc,start       ] GC(1664) Pause Young (Allocation Failure)
[2025-04-17T11:29:29.537+0000][2569.367s][info][gc,heap        ] GC(1664) DefNew: 9169K(10176K)->85K(10176K) Eden: 9088K(9088K)->0K(9088K) From: 81K(1088K)->85K(1088K)
[2025-04-17T11:29:29.537+0000][2569.367s][info][gc,heap        ] GC(1664) Tenured: 15059K(22468K)->15061K(22468K)
[2025-04-17T11:29:29.537+0000][2569.367s][info][gc,metaspace   ] GC(1664) Metaspace: 37500K(37888K)->37500K(37888K) NonClass: 33075K(33280K)->33075K(33280K) Class: 4425K(4608K)->4425K(4608K)
[2025-04-17T11:29:29.537+0000][2569.367s][info][gc             ] GC(1664) Pause Young (Allocation Failure) 23M->14M(31M) 1.386ms
[2025-04-17T11:29:29.537+0000][2569.367s][info][gc,cpu         ] GC(1664) User=0.00s Sys=0.00s Real=0.00s
[2025-04-17T11:29:30.992+0000][2570.822s][info][gc,start       ] GC(1665) Pause Young (Allocation Failure)
[2025-04-17T11:29:30.993+0000][2570.824s][info][gc,heap        ] GC(1665) DefNew: 9173K(10176K)->89K(10176K) Eden: 9088K(9088K)->0K(9088K) From: 85K(1088K)->89K(1088K)
[2025-04-17T11:29:30.993+0000][2570.824s][info][gc,heap        ] GC(1665) Tenured: 15061K(22468K)->15062K(22468K)
[2025-04-17T11:29:30.993+0000][2570.824s][info][gc,metaspace   ] GC(1665) Metaspace: 37500K(37888K)->37500K(37888K) NonClass: 33075K(33280K)->33075K(33280K) Class: 4425K(4608K)->4425K(4608K)
[2025-04-17T11:29:30.993+0000][2570.824s][info][gc             ] GC(1665) Pause Young (Allocation Failure) 23M->14M(31M) 1.334ms
[2025-04-17T11:29:30.993+0000][2570.824s][info][gc,cpu         ] GC(1665) User=0.00s Sys=0.00s Real=0.00s
[2025-04-17T11:29:32.621+0000][2572.451s][info][gc,start       ] GC(1666) Pause Young (Allocation Failure)
[2025-04-17T11:29:32.622+0000][2572.452s][info][gc,heap        ] GC(1666) DefNew: 9177K(10176K)->102K(10176K) Eden: 9088K(9088K)->0K(9088K) From: 89K(1088K)->102K(1088K)
[2025-04-17T11:29:32.622+0000][2572.452s][info][gc,heap        ] GC(1666) Tenured: 15062K(22468K)->15062K(22468K)
[2025-04-17T11:29:32.622+0000][2572.452s][info][gc,metaspace   ] GC(1666) Metaspace: 37500K(37888K)->37500K(37888K) NonClass: 33075K(33280K)->33075K(33280K) Class: 4425K(4608K)->4425K(4608K)
[2025-04-17T11:29:32.622+0000][2572.452s][info][gc             ] GC(1666) Pause Young (Allocation Failure) 23M->14M(31M) 1.237ms
[2025-04-17T11:29:32.622+0000][2572.452s][info][gc,cpu         ] GC(1666) User=0.00s Sys=0.00s Real=0.00s
[2025-04-17T11:29:34.173+0000][2574.004s][info][gc,start       ] GC(1667) Pause Young (Allocation Failure)
[2025-04-17T11:29:34.175+0000][2574.005s][info][gc,heap        ] GC(1667) DefNew: 9190K(10176K)->86K(10176K) Eden: 9087K(9088K)->0K(9088K) From: 102K(1088K)->86K(1088K)
[2025-04-17T11:29:34.175+0000][2574.005s][info][gc,heap        ] GC(1667) Tenured: 15062K(22468K)->15062K(22468K)
[2025-04-17T11:29:34.175+0000][2574.005s][info][gc,metaspace   ] GC(1667) Metaspace: 37500K(37888K)->37500K(37888K) NonClass: 33075K(33280K)->33075K(33280K) Class: 4425K(4608K)->4425K(4608K)
[2025-04-17T11:29:34.175+0000][2574.005s][info][gc             ] GC(1667) Pause Young (Allocation Failure) 23M->14M(31M) 1.231ms
[2025-04-17T11:29:34.175+0000][2574.005s][info][gc,cpu         ] GC(1667) User=0.00s Sys=0.00s Real=0.01s
[2025-04-17T11:29:35.552+0000][2575.382s][info][gc,start       ] GC(1668) Pause Young (Allocation Failure)
[2025-04-17T11:29:35.553+0000][2575.383s][info][gc,heap        ] GC(1668) DefNew: 9174K(10176K)->86K(10176K) Eden: 9088K(9088K)->0K(9088K) From: 86K(1088K)->86K(1088K)
[2025-04-17T11:29:35.553+0000][2575.383s][info][gc,heap        ] GC(1668) Tenured: 15062K(22468K)->15062K(22468K)
[2025-04-17T11:29:35.553+0000][2575.383s][info][gc,metaspace   ] GC(1668) Metaspace: 37500K(37888K)->37500K(37888K) NonClass: 33075K(33280K)->33075K(33280K) Class: 4425K(4608K)->4425K(4608K)
[2025-04-17T11:29:35.553+0000][2575.383s][info][gc             ] GC(1668) Pause Young (Allocation Failure) 23M->14M(31M) 1.239ms
[2025-04-17T11:29:35.553+0000][2575.383s][info][gc,cpu         ] GC(1668) User=0.00s Sys=0.00s Real=0.00s
[2025-04-17T11:29:37.191+0000][2577.022s][info][gc,start       ] GC(1669) Pause Young (Allocation Failure)
[2025-04-17T11:29:37.193+0000][2577.023s][info][gc,heap        ] GC(1669) DefNew: 9174K(10176K)->91K(10176K) Eden: 9088K(9088K)->0K(9088K) From: 86K(1088K)->91K(1088K)
[2025-04-17T11:29:37.193+0000][2577.023s][info][gc,heap        ] GC(1669) Tenured: 15062K(22468K)->15062K(22468K)
[2025-04-17T11:29:37.193+0000][2577.023s][info][gc,metaspace   ] GC(1669) Metaspace: 37500K(37888K)->37500K(37888K) NonClass: 33075K(33280K)->33075K(33280K) Class: 4425K(4608K)->4425K(4608K)
[2025-04-17T11:29:37.193+0000][2577.023s][info][gc             ] GC(1669) Pause Young (Allocation Failure) 23M->14M(31M) 1.217ms
[2025-04-17T11:29:37.193+0000][2577.023s][info][gc,cpu         ] GC(1669) User=0.00s Sys=0.00s Real=0.00s
[2025-04-17T11:29:38.963+0000][2578.793s][info][gc,start       ] GC(1670) Pause Young (Allocation Failure)
[2025-04-17T11:29:38.964+0000][2578.794s][info][gc,heap        ] GC(1670) DefNew: 9179K(10176K)->96K(10176K) Eden: 9088K(9088K)->0K(9088K) From: 91K(1088K)->96K(1088K)
[2025-04-17T11:29:38.964+0000][2578.794s][info][gc,heap        ] GC(1670) Tenured: 15062K(22468K)->15062K(22468K)
[2025-04-17T11:29:38.964+0000][2578.794s][info][gc,metaspace   ] GC(1670) Metaspace: 37500K(37888K)->37500K(37888K) NonClass: 33075K(33280K)->33075K(33280K) Class: 4425K(4608K)->4425K(4608K)
[2025-04-17T11:29:38.964+0000][2578.794s][info][gc             ] GC(1670) Pause Young (Allocation Failure) 23M->14M(31M) 1.321ms
[2025-04-17T11:29:38.964+0000][2578.794s][info][gc,cpu         ] GC(1670) User=0.00s Sys=0.00s Real=0.01s
[2025-04-17T11:29:40.272+0000][2580.102s][info][gc,start       ] GC(1671) Pause Young (Allocation Failure)
[2025-04-17T11:29:40.273+0000][2580.103s][info][gc,heap        ] GC(1671) DefNew: 9184K(10176K)->105K(10176K) Eden: 9088K(9088K)->0K(9088K) From: 96K(1088K)->105K(1088K)
[2025-04-17T11:29:40.273+0000][2580.103s][info][gc,heap        ] GC(1671) Tenured: 15062K(22468K)->15064K(22468K)
[2025-04-17T11:29:40.273+0000][2580.103s][info][gc,metaspace   ] GC(1671) Metaspace: 37500K(37888K)->37500K(37888K) NonClass: 33075K(33280K)->33075K(33280K) Class: 4425K(4608K)->4425K(4608K)
[2025-04-17T11:29:40.273+0000][2580.103s][info][gc             ] GC(1671) Pause Young (Allocation Failure) 23M->14M(31M) 1.273ms
[2025-04-17T11:29:40.273+0000][2580.103s][info][gc,cpu         ] GC(1671) User=0.00s Sys=0.00s Real=0.00s
[2025-04-17T11:29:41.987+0000][2581.817s][info][gc,start       ] GC(1672) Pause Young (Allocation Failure)
[2025-04-17T11:29:41.988+0000][2581.818s][info][gc,heap        ] GC(1672) DefNew: 9193K(10176K)->97K(10176K) Eden: 9088K(9088K)->0K(9088K) From: 105K(1088K)->97K(1088K)
[2025-04-17T11:29:41.988+0000][2581.818s][info][gc,heap        ] GC(1672) Tenured: 15064K(22468K)->15064K(22468K)
[2025-04-17T11:29:41.988+0000][2581.818s][info][gc,metaspace   ] GC(1672) Metaspace: 37500K(37888K)->37500K(37888K) NonClass: 33075K(33280K)->33075K(33280K) Class: 4425K(4608K)->4425K(4608K)
[2025-04-17T11:29:41.988+0000][2581.818s][info][gc             ] GC(1672) Pause Young (Allocation Failure) 23M->14M(31M) 1.257ms
[2025-04-17T11:29:41.988+0000][2581.818s][info][gc,cpu         ] GC(1672) User=0.00s Sys=0.00s Real=0.00s
[2025-04-17T11:29:43.413+0000][2583.243s][info][gc,start       ] GC(1673) Pause Young (Allocation Failure)
[2025-04-17T11:29:43.414+0000][2583.245s][info][gc,heap        ] GC(1673) DefNew: 9185K(10176K)->95K(10176K) Eden: 9088K(9088K)->0K(9088K) From: 97K(1088K)->95K(1088K)
[2025-04-17T11:29:43.414+0000][2583.245s][info][gc,heap        ] GC(1673) Tenured: 15064K(22468K)->15064K(22468K)
[2025-04-17T11:29:43.414+0000][2583.245s][info][gc,metaspace   ] GC(1673) Metaspace: 37500K(37888K)->37500K(37888K) NonClass: 33075K(33280K)->33075K(33280K) Class: 4425K(4608K)->4425K(4608K)
[2025-04-17T11:29:43.414+0000][2583.245s][info][gc             ] GC(1673) Pause Young (Allocation Failure) 23M->14M(31M) 1.250ms
[2025-04-17T11:29:43.414+0000][2583.245s][info][gc,cpu         ] GC(1673) User=0.00s Sys=0.00s Real=0.01s
[2025-04-17T11:29:45.117+0000][2584.947s][info][gc,start       ] GC(1674) Pause Young (Allocation Failure)
[2025-04-17T11:29:45.118+0000][2584.948s][info][gc,heap        ] GC(1674) DefNew: 9183K(10176K)->90K(10176K) Eden: 9088K(9088K)->0K(9088K) From: 95K(1088K)->90K(1088K)
[2025-04-17T11:29:45.118+0000][2584.948s][info][gc,heap        ] GC(1674) Tenured: 15064K(22468K)->15066K(22468K)
[2025-04-17T11:29:45.118+0000][2584.948s][info][gc,metaspace   ] GC(1674) Metaspace: 37500K(37888K)->37500K(37888K) NonClass: 33075K(33280K)->33075K(33280K) Class: 4425K(4608K)->4425K(4608K)
[2025-04-17T11:29:45.118+0000][2584.948s][info][gc             ] GC(1674) Pause Young (Allocation Failure) 23M->14M(31M) 1.175ms
[2025-04-17T11:29:45.118+0000][2584.948s][info][gc,cpu         ] GC(1674) User=0.01s Sys=0.00s Real=0.00s
[2025-04-17T11:29:46.871+0000][2586.701s][info][gc,start       ] GC(1675) Pause Young (Allocation Failure)
[2025-04-17T11:29:46.872+0000][2586.702s][info][gc,heap        ] GC(1675) DefNew: 9178K(10176K)->105K(10176K) Eden: 9088K(9088K)->0K(9088K) From: 90K(1088K)->105K(1088K)
[2025-04-17T11:29:46.872+0000][2586.702s][info][gc,heap        ] GC(1675) Tenured: 15066K(22468K)->15068K(22468K)
[2025-04-17T11:29:46.872+0000][2586.702s][info][gc,metaspace   ] GC(1675) Metaspace: 37503K(37888K)->37503K(37888K) NonClass: 33077K(33280K)->33077K(33280K) Class: 4425K(4608K)->4425K(4608K)
[2025-04-17T11:29:46.872+0000][2586.702s][info][gc             ] GC(1675) Pause Young (Allocation Failure) 23M->14M(31M) 1.307ms
[2025-04-17T11:29:46.872+0000][2586.702s][info][gc,cpu         ] GC(1675) User=0.00s Sys=0.00s Real=0.00s
[2025-04-17T11:29:48.450+0000][2588.280s][info][gc,start       ] GC(1676) Pause Young (Allocation Failure)
[2025-04-17T11:29:48.451+0000][2588.281s][info][gc,heap        ] GC(1676) DefNew: 9193K(10176K)->90K(10176K) Eden: 9088K(9088K)->0K(9088K) From: 105K(1088K)->90K(1088K)
[2025-04-17T11:29:48.451+0000][2588.281s][info][gc,heap        ] GC(1676) Tenured: 15068K(22468K)->15068K(22468K)
[2025-04-17T11:29:48.451+0000][2588.282s][info][gc,metaspace   ] GC(1676) Metaspace: 37504K(37888K)->37504K(37888K) NonClass: 33078K(33280K)->33078K(33280K) Class: 4425K(4608K)->4425K(4608K)
[2025-04-17T11:29:48.451+0000][2588.282s][info][gc             ] GC(1676) Pause Young (Allocation Failure) 23M->14M(31M) 1.262ms
[2025-04-17T11:29:48.451+0000][2588.282s][info][gc,cpu         ] GC(1676) User=0.00s Sys=0.00s Real=0.00s
[2025-04-17T11:29:49.987+0000][2589.817s][info][gc,start       ] GC(1677) Pause Young (Allocation Failure)
[2025-04-17T11:29:49.988+0000][2589.818s][info][gc,heap        ] GC(1677) DefNew: 9178K(10176K)->89K(10176K) Eden: 9088K(9088K)->0K(9088K) From: 90K(1088K)->89K(1088K)
[2025-04-17T11:29:49.988+0000][2589.818s][info][gc,heap        ] GC(1677) Tenured: 15068K(22468K)->15069K(22468K)
[2025-04-17T11:29:49.988+0000][2589.818s][info][gc,metaspace   ] GC(1677) Metaspace: 37504K(37888K)->37504K(37888K) NonClass: 33078K(33280K)->33078K(33280K) Class: 4425K(4608K)->4425K(4608K)
[2025-04-17T11:29:49.988+0000][2589.818s][info][gc             ] GC(1677) Pause Young (Allocation Failure) 23M->14M(31M) 1.326ms
[2025-04-17T11:29:49.988+0000][2589.818s][info][gc,cpu         ] GC(1677) User=0.00s Sys=0.00s Real=0.00s
[2025-04-17T11:29:51.680+0000][2591.510s][info][gc,start       ] GC(1678) Pause Young (Allocation Failure)
[2025-04-17T11:29:51.681+0000][2591.511s][info][gc,heap        ] GC(1678) DefNew: 9177K(10176K)->109K(10176K) Eden: 9088K(9088K)->0K(9088K) From: 89K(1088K)->109K(1088K)
[2025-04-17T11:29:51.681+0000][2591.511s][info][gc,heap        ] GC(1678) Tenured: 15069K(22468K)->15069K(22468K)
[2025-04-17T11:29:51.681+0000][2591.511s][info][gc,metaspace   ] GC(1678) Metaspace: 37504K(37888K)->37504K(37888K) NonClass: 33078K(33280K)->33078K(33280K) Class: 4425K(4608K)->4425K(4608K)
[2025-04-17T11:29:51.681+0000][2591.512s][info][gc             ] GC(1678) Pause Young (Allocation Failure) 23M->14M(31M) 1.371ms
[2025-04-17T11:29:51.681+0000][2591.512s][info][gc,cpu         ] GC(1678) User=0.01s Sys=0.00s Real=0.00s
[2025-04-17T11:29:53.108+0000][2592.938s][info][gc,start       ] GC(1679) Pause Young (Allocation Failure)
[2025-04-17T11:29:53.109+0000][2592.939s][info][gc,heap        ] GC(1679) DefNew: 9197K(10176K)->107K(10176K) Eden: 9088K(9088K)->0K(9088K) From: 109K(1088K)->107K(1088K)
[2025-04-17T11:29:53.109+0000][2592.939s][info][gc,heap        ] GC(1679) Tenured: 15069K(22468K)->15071K(22468K)
[2025-04-17T11:29:53.109+0000][2592.939s][info][gc,metaspace   ] GC(1679) Metaspace: 37504K(37888K)->37504K(37888K) NonClass: 33078K(33280K)->33078K(33280K) Class: 4425K(4608K)->4425K(4608K)
[2025-04-17T11:29:53.109+0000][2592.939s][info][gc             ] GC(1679) Pause Young (Allocation Failure) 23M->14M(31M) 1.328ms
[2025-04-17T11:29:53.109+0000][2592.939s][info][gc,cpu         ] GC(1679) User=0.01s Sys=0.00s Real=0.00s
[2025-04-17T11:29:54.603+0000][2594.433s][info][gc,start       ] GC(1680) Pause Young (Allocation Failure)
[2025-04-17T11:29:54.604+0000][2594.435s][info][gc,heap        ] GC(1680) DefNew: 9195K(10176K)->87K(10176K) Eden: 9087K(9088K)->0K(9088K) From: 107K(1088K)->87K(1088K)
[2025-04-17T11:29:54.604+0000][2594.435s][info][gc,heap        ] GC(1680) Tenured: 15071K(22468K)->15074K(22468K)
[2025-04-17T11:29:54.604+0000][2594.435s][info][gc,metaspace   ] GC(1680) Metaspace: 37504K(37888K)->37504K(37888K) NonClass: 33078K(33280K)->33078K(33280K) Class: 4425K(4608K)->4425K(4608K)
[2025-04-17T11:29:54.604+0000][2594.435s][info][gc             ] GC(1680) Pause Young (Allocation Failure) 23M->14M(31M) 1.194ms
[2025-04-17T11:29:54.604+0000][2594.435s][info][gc,cpu         ] GC(1680) User=0.00s Sys=0.00s Real=0.01s
[2025-04-17T11:29:56.282+0000][2596.113s][info][gc,start       ] GC(1681) Pause Young (Allocation Failure)
[2025-04-17T11:29:56.284+0000][2596.114s][info][gc,heap        ] GC(1681) DefNew: 9175K(10176K)->87K(10176K) Eden: 9087K(9088K)->0K(9088K) From: 87K(1088K)->87K(1088K)
[2025-04-17T11:29:56.284+0000][2596.114s][info][gc,heap        ] GC(1681) Tenured: 15074K(22468K)->15075K(22468K)
[2025-04-17T11:29:56.284+0000][2596.114s][info][gc,metaspace   ] GC(1681) Metaspace: 37504K(37888K)->37504K(37888K) NonClass: 33078K(33280K)->33078K(33280K) Class: 4425K(4608K)->4425K(4608K)
[2025-04-17T11:29:56.284+0000][2596.114s][info][gc             ] GC(1681) Pause Young (Allocation Failure) 23M->14M(31M) 1.291ms
[2025-04-17T11:29:56.284+0000][2596.114s][info][gc,cpu         ] GC(1681) User=0.00s Sys=0.00s Real=0.00s
[2025-04-17T11:29:57.892+0000][2597.722s][info][gc,start       ] GC(1682) Pause Young (Allocation Failure)
[2025-04-17T11:29:57.894+0000][2597.724s][info][gc,heap        ] GC(1682) DefNew: 9175K(10176K)->94K(10176K) Eden: 9088K(9088K)->0K(9088K) From: 87K(1088K)->94K(1088K)
[2025-04-17T11:29:57.894+0000][2597.724s][info][gc,heap        ] GC(1682) Tenured: 15075K(22468K)->15078K(22468K)
[2025-04-17T11:29:57.894+0000][2597.724s][info][gc,metaspace   ] GC(1682) Metaspace: 37504K(37888K)->37504K(37888K) NonClass: 33078K(33280K)->33078K(33280K) Class: 4425K(4608K)->4425K(4608K)
[2025-04-17T11:29:57.894+0000][2597.724s][info][gc             ] GC(1682) Pause Young (Allocation Failure) 23M->14M(31M) 1.348ms
[2025-04-17T11:29:57.894+0000][2597.724s][info][gc,cpu         ] GC(1682) User=0.00s Sys=0.00s Real=0.00s
[2025-04-17T11:29:59.459+0000][2599.289s][info][gc,start       ] GC(1683) Pause Young (Allocation Failure)
[2025-04-17T11:29:59.461+0000][2599.291s][info][gc,heap        ] GC(1683) DefNew: 9182K(10176K)->104K(10176K) Eden: 9088K(9088K)->0K(9088K) From: 94K(1088K)->104K(1088K)
[2025-04-17T11:29:59.461+0000][2599.291s][info][gc,heap        ] GC(1683) Tenured: 15078K(22468K)->15078K(22468K)
[2025-04-17T11:29:59.461+0000][2599.291s][info][gc,metaspace   ] GC(1683) Metaspace: 37504K(37888K)->37504K(37888K) NonClass: 33078K(33280K)->33078K(33280K) Class: 4425K(4608K)->4425K(4608K)
[2025-04-17T11:29:59.461+0000][2599.291s][info][gc             ] GC(1683) Pause Young (Allocation Failure) 23M->14M(31M) 1.343ms
[2025-04-17T11:29:59.461+0000][2599.291s][info][gc,cpu         ] GC(1683) User=0.00s Sys=0.00s Real=0.00s
[2025-04-17T11:30:00.945+0000][2600.775s][info][gc,start       ] GC(1684) Pause Young (Allocation Failure)
[2025-04-17T11:30:00.947+0000][2600.777s][info][gc,heap        ] GC(1684) DefNew: 9192K(10176K)->91K(10176K) Eden: 9088K(9088K)->0K(9088K) From: 104K(1088K)->91K(1088K)
[2025-04-17T11:30:00.947+0000][2600.777s][info][gc,heap        ] GC(1684) Tenured: 15078K(22468K)->15078K(22468K)
[2025-04-17T11:30:00.947+0000][2600.777s][info][gc,metaspace   ] GC(1684) Metaspace: 37504K(37888K)->37504K(37888K) NonClass: 33078K(33280K)->33078K(33280K) Class: 4425K(4608K)->4425K(4608K)
[2025-04-17T11:30:00.947+0000][2600.777s][info][gc             ] GC(1684) Pause Young (Allocation Failure) 23M->14M(31M) 1.288ms
[2025-04-17T11:30:00.947+0000][2600.777s][info][gc,cpu         ] GC(1684) User=0.00s Sys=0.00s Real=0.00s
[2025-04-17T11:30:02.504+0000][2602.334s][info][gc,start       ] GC(1685) Pause Young (Allocation Failure)
[2025-04-17T11:30:02.505+0000][2602.335s][info][gc,heap        ] GC(1685) DefNew: 9179K(10176K)->88K(10176K) Eden: 9088K(9088K)->0K(9088K) From: 91K(1088K)->88K(1088K)
[2025-04-17T11:30:02.505+0000][2602.335s][info][gc,heap        ] GC(1685) Tenured: 15078K(22468K)->15082K(22468K)
[2025-04-17T11:30:02.505+0000][2602.335s][info][gc,metaspace   ] GC(1685) Metaspace: 37504K(37888K)->37504K(37888K) NonClass: 33078K(33280K)->33078K(33280K) Class: 4425K(4608K)->4425K(4608K)
[2025-04-17T11:30:02.505+0000][2602.335s][info][gc             ] GC(1685) Pause Young (Allocation Failure) 23M->14M(31M) 1.354ms
[2025-04-17T11:30:02.505+0000][2602.336s][info][gc,cpu         ] GC(1685) User=0.00s Sys=0.00s Real=0.01s
[2025-04-17T11:30:04.079+0000][2603.909s][info][gc,start       ] GC(1686) Pause Young (Allocation Failure)
[2025-04-17T11:30:04.080+0000][2603.911s][info][gc,heap        ] GC(1686) DefNew: 9176K(10176K)->109K(10176K) Eden: 9088K(9088K)->0K(9088K) From: 88K(1088K)->109K(1088K)
[2025-04-17T11:30:04.081+0000][2603.911s][info][gc,heap        ] GC(1686) Tenured: 15082K(22468K)->15082K(22468K)
[2025-04-17T11:30:04.081+0000][2603.911s][info][gc,metaspace   ] GC(1686) Metaspace: 37504K(37888K)->37504K(37888K) NonClass: 33078K(33280K)->33078K(33280K) Class: 4425K(4608K)->4425K(4608K)
[2025-04-17T11:30:04.081+0000][2603.911s][info][gc             ] GC(1686) Pause Young (Allocation Failure) 23M->14M(31M) 1.317ms
[2025-04-17T11:30:04.081+0000][2603.911s][info][gc,cpu         ] GC(1686) User=0.00s Sys=0.00s Real=0.00s
[2025-04-17T11:30:05.498+0000][2605.328s][info][gc,start       ] GC(1687) Pause Young (Allocation Failure)
[2025-04-17T11:30:05.499+0000][2605.329s][info][gc,heap        ] GC(1687) DefNew: 9197K(10176K)->105K(10176K) Eden: 9087K(9088K)->0K(9088K) From: 109K(1088K)->105K(1088K)
[2025-04-17T11:30:05.499+0000][2605.329s][info][gc,heap        ] GC(1687) Tenured: 15082K(22468K)->15082K(22468K)
[2025-04-17T11:30:05.499+0000][2605.329s][info][gc,metaspace   ] GC(1687) Metaspace: 37504K(37888K)->37504K(37888K) NonClass: 33078K(33280K)->33078K(33280K) Class: 4425K(4608K)->4425K(4608K)
[2025-04-17T11:30:05.499+0000][2605.329s][info][gc             ] GC(1687) Pause Young (Allocation Failure) 23M->14M(31M) 1.190ms
[2025-04-17T11:30:05.499+0000][2605.329s][info][gc,cpu         ] GC(1687) User=0.00s Sys=0.00s Real=0.00s
[2025-04-17T11:30:07.021+0000][2606.852s][info][gc,start       ] GC(1688) Pause Young (Allocation Failure)
[2025-04-17T11:30:07.023+0000][2606.853s][info][gc,heap        ] GC(1688) DefNew: 9193K(10176K)->85K(10176K) Eden: 9088K(9088K)->0K(9088K) From: 105K(1088K)->85K(1088K)
[2025-04-17T11:30:07.023+0000][2606.853s][info][gc,heap        ] GC(1688) Tenured: 15082K(22468K)->15084K(22468K)
[2025-04-17T11:30:07.023+0000][2606.853s][info][gc,metaspace   ] GC(1688) Metaspace: 37504K(37888K)->37504K(37888K) NonClass: 33078K(33280K)->33078K(33280K) Class: 4425K(4608K)->4425K(4608K)
[2025-04-17T11:30:07.023+0000][2606.853s][info][gc             ] GC(1688) Pause Young (Allocation Failure) 23M->14M(31M) 1.208ms
[2025-04-17T11:30:07.023+0000][2606.853s][info][gc,cpu         ] GC(1688) User=0.00s Sys=0.00s Real=0.00s
[2025-04-17T11:30:08.659+0000][2608.489s][info][gc,start       ] GC(1689) Pause Young (Allocation Failure)
[2025-04-17T11:30:08.660+0000][2608.490s][info][gc,heap        ] GC(1689) DefNew: 9173K(10176K)->87K(10176K) Eden: 9088K(9088K)->0K(9088K) From: 85K(1088K)->87K(1088K)
[2025-04-17T11:30:08.660+0000][2608.490s][info][gc,heap        ] GC(1689) Tenured: 15084K(22468K)->15084K(22468K)
[2025-04-17T11:30:08.660+0000][2608.490s][info][gc,metaspace   ] GC(1689) Metaspace: 37504K(37888K)->37504K(37888K) NonClass: 33078K(33280K)->33078K(33280K) Class: 4425K(4608K)->4425K(4608K)
[2025-04-17T11:30:08.660+0000][2608.490s][info][gc             ] GC(1689) Pause Young (Allocation Failure) 23M->14M(31M) 1.274ms
[2025-04-17T11:30:08.660+0000][2608.490s][info][gc,cpu         ] GC(1689) User=0.00s Sys=0.00s Real=0.00s
[2025-04-17T11:30:10.470+0000][2610.300s][info][gc,start       ] GC(1690) Pause Young (Allocation Failure)
[2025-04-17T11:30:10.471+0000][2610.301s][info][gc,heap        ] GC(1690) DefNew: 9175K(10176K)->96K(10176K) Eden: 9088K(9088K)->0K(9088K) From: 87K(1088K)->96K(1088K)
[2025-04-17T11:30:10.471+0000][2610.301s][info][gc,heap        ] GC(1690) Tenured: 15084K(22468K)->15085K(22468K)
[2025-04-17T11:30:10.471+0000][2610.301s][info][gc,metaspace   ] GC(1690) Metaspace: 37504K(37888K)->37504K(37888K) NonClass: 33078K(33280K)->33078K(33280K) Class: 4425K(4608K)->4425K(4608K)
[2025-04-17T11:30:10.471+0000][2610.301s][info][gc             ] GC(1690) Pause Young (Allocation Failure) 23M->14M(31M) 1.349ms
[2025-04-17T11:30:10.471+0000][2610.301s][info][gc,cpu         ] GC(1690) User=0.00s Sys=0.00s Real=0.00s
[2025-04-17T11:30:11.957+0000][2611.787s][info][gc,start       ] GC(1691) Pause Young (Allocation Failure)
[2025-04-17T11:30:11.958+0000][2611.788s][info][gc,heap        ] GC(1691) DefNew: 9184K(10176K)->103K(10176K) Eden: 9088K(9088K)->0K(9088K) From: 96K(1088K)->103K(1088K)
[2025-04-17T11:30:11.958+0000][2611.788s][info][gc,heap        ] GC(1691) Tenured: 15085K(22468K)->15085K(22468K)
[2025-04-17T11:30:11.958+0000][2611.788s][info][gc,metaspace   ] GC(1691) Metaspace: 37504K(37888K)->37504K(37888K) NonClass: 33078K(33280K)->33078K(33280K) Class: 4425K(4608K)->4425K(4608K)
[2025-04-17T11:30:11.958+0000][2611.788s][info][gc             ] GC(1691) Pause Young (Allocation Failure) 23M->14M(31M) 1.273ms
[2025-04-17T11:30:11.958+0000][2611.788s][info][gc,cpu         ] GC(1691) User=0.00s Sys=0.00s Real=0.00s
[2025-04-17T11:30:13.440+0000][2613.270s][info][gc,start       ] GC(1692) Pause Young (Allocation Failure)
[2025-04-17T11:30:13.441+0000][2613.272s][info][gc,heap        ] GC(1692) DefNew: 9191K(10176K)->93K(10176K) Eden: 9088K(9088K)->0K(9088K) From: 103K(1088K)->93K(1088K)
[2025-04-17T11:30:13.441+0000][2613.272s][info][gc,heap        ] GC(1692) Tenured: 15085K(22468K)->15087K(22468K)
[2025-04-17T11:30:13.441+0000][2613.272s][info][gc,metaspace   ] GC(1692) Metaspace: 37504K(37888K)->37504K(37888K) NonClass: 33078K(33280K)->33078K(33280K) Class: 4425K(4608K)->4425K(4608K)
[2025-04-17T11:30:13.441+0000][2613.272s][info][gc             ] GC(1692) Pause Young (Allocation Failure) 23M->14M(31M) 1.264ms
[2025-04-17T11:30:13.441+0000][2613.272s][info][gc,cpu         ] GC(1692) User=0.00s Sys=0.00s Real=0.00s
[2025-04-17T11:30:15.072+0000][2614.902s][info][gc,start       ] GC(1693) Pause Young (Allocation Failure)
[2025-04-17T11:30:15.073+0000][2614.903s][info][gc,heap        ] GC(1693) DefNew: 9171K(10176K)->88K(10176K) Eden: 9077K(9088K)->0K(9088K) From: 93K(1088K)->88K(1088K)
[2025-04-17T11:30:15.073+0000][2614.903s][info][gc,heap        ] GC(1693) Tenured: 15087K(22468K)->15088K(22468K)
[2025-04-17T11:30:15.073+0000][2614.903s][info][gc,metaspace   ] GC(1693) Metaspace: 37504K(37888K)->37504K(37888K) NonClass: 33078K(33280K)->33078K(33280K) Class: 4425K(4608K)->4425K(4608K)
[2025-04-17T11:30:15.073+0000][2614.903s][info][gc             ] GC(1693) Pause Young (Allocation Failure) 23M->14M(31M) 1.188ms
[2025-04-17T11:30:15.073+0000][2614.903s][info][gc,cpu         ] GC(1693) User=0.00s Sys=0.00s Real=0.00s
[2025-04-17T11:30:16.650+0000][2616.480s][info][gc,start       ] GC(1694) Pause Young (Allocation Failure)
[2025-04-17T11:30:16.651+0000][2616.481s][info][gc,heap        ] GC(1694) DefNew: 9176K(10176K)->93K(10176K) Eden: 9088K(9088K)->0K(9088K) From: 88K(1088K)->93K(1088K)
[2025-04-17T11:30:16.651+0000][2616.481s][info][gc,heap        ] GC(1694) Tenured: 15088K(22468K)->15089K(22468K)
[2025-04-17T11:30:16.651+0000][2616.481s][info][gc,metaspace   ] GC(1694) Metaspace: 37504K(37888K)->37504K(37888K) NonClass: 33078K(33280K)->33078K(33280K) Class: 4425K(4608K)->4425K(4608K)
[2025-04-17T11:30:16.651+0000][2616.481s][info][gc             ] GC(1694) Pause Young (Allocation Failure) 23M->14M(31M) 1.211ms
[2025-04-17T11:30:16.651+0000][2616.481s][info][gc,cpu         ] GC(1694) User=0.00s Sys=0.00s Real=0.00s
[2025-04-17T11:30:18.339+0000][2618.169s][info][gc,start       ] GC(1695) Pause Young (Allocation Failure)
[2025-04-17T11:30:18.340+0000][2618.170s][info][gc,heap        ] GC(1695) DefNew: 9181K(10176K)->99K(10176K) Eden: 9088K(9088K)->0K(9088K) From: 93K(1088K)->99K(1088K)
[2025-04-17T11:30:18.340+0000][2618.171s][info][gc,heap        ] GC(1695) Tenured: 15089K(22468K)->15090K(22468K)
[2025-04-17T11:30:18.340+0000][2618.171s][info][gc,metaspace   ] GC(1695) Metaspace: 37504K(37888K)->37504K(37888K) NonClass: 33078K(33280K)->33078K(33280K) Class: 4425K(4608K)->4425K(4608K)
[2025-04-17T11:30:18.340+0000][2618.171s][info][gc             ] GC(1695) Pause Young (Allocation Failure) 23M->14M(31M) 1.332ms
[2025-04-17T11:30:18.340+0000][2618.171s][info][gc,cpu         ] GC(1695) User=0.00s Sys=0.00s Real=0.00s
[2025-04-17T11:30:19.807+0000][2619.637s][info][gc,start       ] GC(1696) Pause Young (Allocation Failure)
[2025-04-17T11:30:19.808+0000][2619.638s][info][gc,heap        ] GC(1696) DefNew: 9187K(10176K)->89K(10176K) Eden: 9088K(9088K)->0K(9088K) From: 99K(1088K)->89K(1088K)
[2025-04-17T11:30:19.808+0000][2619.638s][info][gc,heap        ] GC(1696) Tenured: 15090K(22468K)->15090K(22468K)
[2025-04-17T11:30:19.808+0000][2619.638s][info][gc,metaspace   ] GC(1696) Metaspace: 37504K(37888K)->37504K(37888K) NonClass: 33078K(33280K)->33078K(33280K) Class: 4425K(4608K)->4425K(4608K)
[2025-04-17T11:30:19.808+0000][2619.638s][info][gc             ] GC(1696) Pause Young (Allocation Failure) 23M->14M(31M) 1.163ms
[2025-04-17T11:30:19.808+0000][2619.638s][info][gc,cpu         ] GC(1696) User=0.01s Sys=0.00s Real=0.00s
[2025-04-17T11:30:21.540+0000][2621.371s][info][gc,start       ] GC(1697) Pause Young (Allocation Failure)
[2025-04-17T11:30:21.541+0000][2621.372s][info][gc,heap        ] GC(1697) DefNew: 9177K(10176K)->111K(10176K) Eden: 9088K(9088K)->0K(9088K) From: 89K(1088K)->111K(1088K)
[2025-04-17T11:30:21.542+0000][2621.372s][info][gc,heap        ] GC(1697) Tenured: 15090K(22468K)->15093K(22468K)
[2025-04-17T11:30:21.542+0000][2621.372s][info][gc,metaspace   ] GC(1697) Metaspace: 37504K(37888K)->37504K(37888K) NonClass: 33078K(33280K)->33078K(33280K) Class: 4425K(4608K)->4425K(4608K)
[2025-04-17T11:30:21.542+0000][2621.372s][info][gc             ] GC(1697) Pause Young (Allocation Failure) 23M->14M(31M) 1.189ms
[2025-04-17T11:30:21.542+0000][2621.372s][info][gc,cpu         ] GC(1697) User=0.01s Sys=0.00s Real=0.00s
[2025-04-17T11:30:23.216+0000][2623.046s][info][gc,start       ] GC(1698) Pause Young (Allocation Failure)
[2025-04-17T11:30:23.217+0000][2623.047s][info][gc,heap        ] GC(1698) DefNew: 9199K(10176K)->79K(10176K) Eden: 9087K(9088K)->0K(9088K) From: 111K(1088K)->79K(1088K)
[2025-04-17T11:30:23.217+0000][2623.047s][info][gc,heap        ] GC(1698) Tenured: 15093K(22468K)->15094K(22468K)
[2025-04-17T11:30:23.217+0000][2623.047s][info][gc,metaspace   ] GC(1698) Metaspace: 37504K(37888K)->37504K(37888K) NonClass: 33078K(33280K)->33078K(33280K) Class: 4425K(4608K)->4425K(4608K)
[2025-04-17T11:30:23.217+0000][2623.047s][info][gc             ] GC(1698) Pause Young (Allocation Failure) 23M->14M(31M) 1.186ms
[2025-04-17T11:30:23.217+0000][2623.047s][info][gc,cpu         ] GC(1698) User=0.01s Sys=0.00s Real=0.00s
[2025-04-17T11:30:24.663+0000][2624.493s][info][gc,start       ] GC(1699) Pause Young (Allocation Failure)
[2025-04-17T11:30:24.664+0000][2624.494s][info][gc,heap        ] GC(1699) DefNew: 9167K(10176K)->94K(10176K) Eden: 9088K(9088K)->0K(9088K) From: 79K(1088K)->94K(1088K)
[2025-04-17T11:30:24.664+0000][2624.494s][info][gc,heap        ] GC(1699) Tenured: 15094K(22468K)->15098K(22468K)
[2025-04-17T11:30:24.664+0000][2624.494s][info][gc,metaspace   ] GC(1699) Metaspace: 37504K(37888K)->37504K(37888K) NonClass: 33078K(33280K)->33078K(33280K) Class: 4425K(4608K)->4425K(4608K)
[2025-04-17T11:30:24.664+0000][2624.494s][info][gc             ] GC(1699) Pause Young (Allocation Failure) 23M->14M(31M) 1.161ms
[2025-04-17T11:30:24.664+0000][2624.495s][info][gc,cpu         ] GC(1699) User=0.00s Sys=0.00s Real=0.01s
[2025-04-17T11:30:26.372+0000][2626.202s][info][gc,start       ] GC(1700) Pause Young (Allocation Failure)
[2025-04-17T11:30:26.373+0000][2626.203s][info][gc,heap        ] GC(1700) DefNew: 9182K(10176K)->89K(10176K) Eden: 9088K(9088K)->0K(9088K) From: 94K(1088K)->89K(1088K)
[2025-04-17T11:30:26.373+0000][2626.203s][info][gc,heap        ] GC(1700) Tenured: 15098K(22468K)->15098K(22468K)
[2025-04-17T11:30:26.373+0000][2626.203s][info][gc,metaspace   ] GC(1700) Metaspace: 37504K(37888K)->37504K(37888K) NonClass: 33078K(33280K)->33078K(33280K) Class: 4425K(4608K)->4425K(4608K)
[2025-04-17T11:30:26.373+0000][2626.203s][info][gc             ] GC(1700) Pause Young (Allocation Failure) 23M->14M(31M) 1.297ms
[2025-04-17T11:30:26.373+0000][2626.203s][info][gc,cpu         ] GC(1700) User=0.00s Sys=0.00s Real=0.00s
[2025-04-17T11:30:27.876+0000][2627.706s][info][gc,start       ] GC(1701) Pause Young (Allocation Failure)
[2025-04-17T11:30:27.877+0000][2627.707s][info][gc,heap        ] GC(1701) DefNew: 9177K(10176K)->77K(10176K) Eden: 9088K(9088K)->0K(9088K) From: 89K(1088K)->77K(1088K)
[2025-04-17T11:30:27.877+0000][2627.707s][info][gc,heap        ] GC(1701) Tenured: 15098K(22468K)->15099K(22468K)
[2025-04-17T11:30:27.877+0000][2627.707s][info][gc,metaspace   ] GC(1701) Metaspace: 37504K(37888K)->37504K(37888K) NonClass: 33078K(33280K)->33078K(33280K) Class: 4425K(4608K)->4425K(4608K)
[2025-04-17T11:30:27.877+0000][2627.707s][info][gc             ] GC(1701) Pause Young (Allocation Failure) 23M->14M(31M) 1.227ms
[2025-04-17T11:30:27.877+0000][2627.707s][info][gc,cpu         ] GC(1701) User=0.00s Sys=0.00s Real=0.00s
[2025-04-17T11:30:29.405+0000][2629.235s][info][gc,start       ] GC(1702) Pause Young (Allocation Failure)
[2025-04-17T11:30:29.407+0000][2629.237s][info][gc,heap        ] GC(1702) DefNew: 9165K(10176K)->81K(10176K) Eden: 9088K(9088K)->0K(9088K) From: 77K(1088K)->81K(1088K)
[2025-04-17T11:30:29.407+0000][2629.237s][info][gc,heap        ] GC(1702) Tenured: 15099K(22468K)->15099K(22468K)
[2025-04-17T11:30:29.407+0000][2629.237s][info][gc,metaspace   ] GC(1702) Metaspace: 37504K(37888K)->37504K(37888K) NonClass: 33078K(33280K)->33078K(33280K) Class: 4425K(4608K)->4425K(4608K)
[2025-04-17T11:30:29.407+0000][2629.237s][info][gc             ] GC(1702) Pause Young (Allocation Failure) 23M->14M(31M) 1.193ms
[2025-04-17T11:30:29.407+0000][2629.237s][info][gc,cpu         ] GC(1702) User=0.00s Sys=0.00s Real=0.00s
[2025-04-17T11:30:31.160+0000][2630.990s][info][gc,start       ] GC(1703) Pause Young (Allocation Failure)
[2025-04-17T11:30:31.161+0000][2630.991s][info][gc,heap        ] GC(1703) DefNew: 9169K(10176K)->75K(10176K) Eden: 9088K(9088K)->0K(9088K) From: 81K(1088K)->75K(1088K)
[2025-04-17T11:30:31.161+0000][2630.991s][info][gc,heap        ] GC(1703) Tenured: 15099K(22468K)->15099K(22468K)
[2025-04-17T11:30:31.161+0000][2630.991s][info][gc,metaspace   ] GC(1703) Metaspace: 37504K(37888K)->37504K(37888K) NonClass: 33078K(33280K)->33078K(33280K) Class: 4425K(4608K)->4425K(4608K)
[2025-04-17T11:30:31.161+0000][2630.991s][info][gc             ] GC(1703) Pause Young (Allocation Failure) 23M->14M(31M) 1.137ms
[2025-04-17T11:30:31.161+0000][2630.991s][info][gc,cpu         ] GC(1703) User=0.00s Sys=0.00s Real=0.00s
[2025-04-17T11:30:32.720+0000][2632.550s][info][gc,start       ] GC(1704) Pause Young (Allocation Failure)
[2025-04-17T11:30:32.721+0000][2632.552s][info][gc,heap        ] GC(1704) DefNew: 9161K(10176K)->86K(10176K) Eden: 9085K(9088K)->0K(9088K) From: 75K(1088K)->86K(1088K)
[2025-04-17T11:30:32.721+0000][2632.552s][info][gc,heap        ] GC(1704) Tenured: 15099K(22468K)->15099K(22468K)
[2025-04-17T11:30:32.721+0000][2632.552s][info][gc,metaspace   ] GC(1704) Metaspace: 37504K(37888K)->37504K(37888K) NonClass: 33078K(33280K)->33078K(33280K) Class: 4425K(4608K)->4425K(4608K)
[2025-04-17T11:30:32.721+0000][2632.552s][info][gc             ] GC(1704) Pause Young (Allocation Failure) 23M->14M(31M) 1.166ms
[2025-04-17T11:30:32.721+0000][2632.552s][info][gc,cpu         ] GC(1704) User=0.00s Sys=0.00s Real=0.00s
[2025-04-17T11:30:34.405+0000][2634.235s][info][gc,start       ] GC(1705) Pause Young (Allocation Failure)
[2025-04-17T11:30:34.406+0000][2634.236s][info][gc,heap        ] GC(1705) DefNew: 9174K(10176K)->79K(10176K) Eden: 9088K(9088K)->0K(9088K) From: 86K(1088K)->79K(1088K)
[2025-04-17T11:30:34.406+0000][2634.236s][info][gc,heap        ] GC(1705) Tenured: 15099K(22468K)->15099K(22468K)
[2025-04-17T11:30:34.406+0000][2634.236s][info][gc,metaspace   ] GC(1705) Metaspace: 37504K(37888K)->37504K(37888K) NonClass: 33078K(33280K)->33078K(33280K) Class: 4425K(4608K)->4425K(4608K)
[2025-04-17T11:30:34.406+0000][2634.236s][info][gc             ] GC(1705) Pause Young (Allocation Failure) 23M->14M(31M) 1.320ms
[2025-04-17T11:30:34.406+0000][2634.236s][info][gc,cpu         ] GC(1705) User=0.00s Sys=0.00s Real=0.00s
[2025-04-17T11:30:35.837+0000][2635.667s][info][gc,start       ] GC(1706) Pause Young (Allocation Failure)
[2025-04-17T11:30:35.838+0000][2635.668s][info][gc,heap        ] GC(1706) DefNew: 9167K(10176K)->80K(10176K) Eden: 9088K(9088K)->0K(9088K) From: 79K(1088K)->80K(1088K)
[2025-04-17T11:30:35.838+0000][2635.668s][info][gc,heap        ] GC(1706) Tenured: 15099K(22468K)->15100K(22468K)
[2025-04-17T11:30:35.838+0000][2635.668s][info][gc,metaspace   ] GC(1706) Metaspace: 37504K(37888K)->37504K(37888K) NonClass: 33078K(33280K)->33078K(33280K) Class: 4425K(4608K)->4425K(4608K)
[2025-04-17T11:30:35.838+0000][2635.668s][info][gc             ] GC(1706) Pause Young (Allocation Failure) 23M->14M(31M) 1.336ms
[2025-04-17T11:30:35.838+0000][2635.668s][info][gc,cpu         ] GC(1706) User=0.00s Sys=0.00s Real=0.00s
[2025-04-17T11:30:37.561+0000][2637.391s][info][gc,start       ] GC(1707) Pause Young (Allocation Failure)
[2025-04-17T11:30:37.562+0000][2637.392s][info][gc,heap        ] GC(1707) DefNew: 9168K(10176K)->95K(10176K) Eden: 9088K(9088K)->0K(9088K) From: 80K(1088K)->95K(1088K)
[2025-04-17T11:30:37.562+0000][2637.392s][info][gc,heap        ] GC(1707) Tenured: 15100K(22468K)->15100K(22468K)
[2025-04-17T11:30:37.562+0000][2637.392s][info][gc,metaspace   ] GC(1707) Metaspace: 37504K(37888K)->37504K(37888K) NonClass: 33078K(33280K)->33078K(33280K) Class: 4425K(4608K)->4425K(4608K)
[2025-04-17T11:30:37.562+0000][2637.392s][info][gc             ] GC(1707) Pause Young (Allocation Failure) 23M->14M(31M) 1.258ms
[2025-04-17T11:30:37.562+0000][2637.392s][info][gc,cpu         ] GC(1707) User=0.00s Sys=0.00s Real=0.00s
[2025-04-17T11:30:39.360+0000][2639.190s][info][gc,start       ] GC(1708) Pause Young (Allocation Failure)
[2025-04-17T11:30:39.361+0000][2639.191s][info][gc,heap        ] GC(1708) DefNew: 9183K(10176K)->81K(10176K) Eden: 9088K(9088K)->0K(9088K) From: 95K(1088K)->81K(1088K)
[2025-04-17T11:30:39.361+0000][2639.191s][info][gc,heap        ] GC(1708) Tenured: 15100K(22468K)->15102K(22468K)
[2025-04-17T11:30:39.361+0000][2639.191s][info][gc,metaspace   ] GC(1708) Metaspace: 37504K(37888K)->37504K(37888K) NonClass: 33078K(33280K)->33078K(33280K) Class: 4425K(4608K)->4425K(4608K)
[2025-04-17T11:30:39.361+0000][2639.191s][info][gc             ] GC(1708) Pause Young (Allocation Failure) 23M->14M(31M) 1.234ms
[2025-04-17T11:30:39.361+0000][2639.191s][info][gc,cpu         ] GC(1708) User=0.00s Sys=0.00s Real=0.00s
[2025-04-17T11:30:40.685+0000][2640.515s][info][gc,start       ] GC(1709) Pause Young (Allocation Failure)
[2025-04-17T11:30:40.686+0000][2640.516s][info][gc,heap        ] GC(1709) DefNew: 9169K(10176K)->104K(10176K) Eden: 9088K(9088K)->0K(9088K) From: 81K(1088K)->104K(1088K)
[2025-04-17T11:30:40.686+0000][2640.516s][info][gc,heap        ] GC(1709) Tenured: 15102K(22468K)->15102K(22468K)
[2025-04-17T11:30:40.686+0000][2640.516s][info][gc,metaspace   ] GC(1709) Metaspace: 37504K(37888K)->37504K(37888K) NonClass: 33078K(33280K)->33078K(33280K) Class: 4425K(4608K)->4425K(4608K)
[2025-04-17T11:30:40.686+0000][2640.516s][info][gc             ] GC(1709) Pause Young (Allocation Failure) 23M->14M(31M) 1.349ms
[2025-04-17T11:30:40.686+0000][2640.516s][info][gc,cpu         ] GC(1709) User=0.01s Sys=0.00s Real=0.00s
[2025-04-17T11:30:42.295+0000][2642.125s][info][gc,start       ] GC(1710) Pause Young (Allocation Failure)
[2025-04-17T11:30:42.296+0000][2642.127s][info][gc,heap        ] GC(1710) DefNew: 9192K(10176K)->89K(10176K) Eden: 9088K(9088K)->0K(9088K) From: 104K(1088K)->89K(1088K)
[2025-04-17T11:30:42.297+0000][2642.127s][info][gc,heap        ] GC(1710) Tenured: 15102K(22468K)->15102K(22468K)
[2025-04-17T11:30:42.297+0000][2642.127s][info][gc,metaspace   ] GC(1710) Metaspace: 37504K(37888K)->37504K(37888K) NonClass: 33078K(33280K)->33078K(33280K) Class: 4425K(4608K)->4425K(4608K)
[2025-04-17T11:30:42.297+0000][2642.127s][info][gc             ] GC(1710) Pause Young (Allocation Failure) 23M->14M(31M) 1.331ms
[2025-04-17T11:30:42.297+0000][2642.127s][info][gc,cpu         ] GC(1710) User=0.00s Sys=0.00s Real=0.00s
[2025-04-17T11:30:43.937+0000][2643.768s][info][gc,start       ] GC(1711) Pause Young (Allocation Failure)
[2025-04-17T11:30:43.939+0000][2643.769s][info][gc,heap        ] GC(1711) DefNew: 9174K(10176K)->85K(10176K) Eden: 9084K(9088K)->0K(9088K) From: 89K(1088K)->85K(1088K)
[2025-04-17T11:30:43.939+0000][2643.769s][info][gc,heap        ] GC(1711) Tenured: 15102K(22468K)->15102K(22468K)
[2025-04-17T11:30:43.939+0000][2643.769s][info][gc,metaspace   ] GC(1711) Metaspace: 37504K(37888K)->37504K(37888K) NonClass: 33078K(33280K)->33078K(33280K) Class: 4425K(4608K)->4425K(4608K)
[2025-04-17T11:30:43.939+0000][2643.769s][info][gc             ] GC(1711) Pause Young (Allocation Failure) 23M->14M(31M) 1.202ms
[2025-04-17T11:30:43.939+0000][2643.769s][info][gc,cpu         ] GC(1711) User=0.00s Sys=0.00s Real=0.00s
[2025-04-17T11:30:45.490+0000][2645.320s][info][gc,start       ] GC(1712) Pause Young (Allocation Failure)
[2025-04-17T11:30:45.491+0000][2645.321s][info][gc,heap        ] GC(1712) DefNew: 9171K(10176K)->81K(10176K) Eden: 9086K(9088K)->0K(9088K) From: 85K(1088K)->81K(1088K)
[2025-04-17T11:30:45.491+0000][2645.321s][info][gc,heap        ] GC(1712) Tenured: 15102K(22468K)->15102K(22468K)
[2025-04-17T11:30:45.491+0000][2645.321s][info][gc,metaspace   ] GC(1712) Metaspace: 37504K(37888K)->37504K(37888K) NonClass: 33078K(33280K)->33078K(33280K) Class: 4425K(4608K)->4425K(4608K)
[2025-04-17T11:30:45.491+0000][2645.321s][info][gc             ] GC(1712) Pause Young (Allocation Failure) 23M->14M(31M) 1.284ms
[2025-04-17T11:30:45.491+0000][2645.321s][info][gc,cpu         ] GC(1712) User=0.00s Sys=0.00s Real=0.00s
[2025-04-17T11:30:47.232+0000][2647.062s][info][gc,start       ] GC(1713) Pause Young (Allocation Failure)
[2025-04-17T11:30:47.233+0000][2647.063s][info][gc,heap        ] GC(1713) DefNew: 9169K(10176K)->76K(10176K) Eden: 9088K(9088K)->0K(9088K) From: 81K(1088K)->76K(1088K)
[2025-04-17T11:30:47.233+0000][2647.063s][info][gc,heap        ] GC(1713) Tenured: 15102K(22468K)->15102K(22468K)
[2025-04-17T11:30:47.233+0000][2647.063s][info][gc,metaspace   ] GC(1713) Metaspace: 37504K(37888K)->37504K(37888K) NonClass: 33078K(33280K)->33078K(33280K) Class: 4425K(4608K)->4425K(4608K)
[2025-04-17T11:30:47.233+0000][2647.063s][info][gc             ] GC(1713) Pause Young (Allocation Failure) 23M->14M(31M) 1.145ms
[2025-04-17T11:30:47.233+0000][2647.063s][info][gc,cpu         ] GC(1713) User=0.00s Sys=0.00s Real=0.00s
[2025-04-17T11:30:48.867+0000][2648.697s][info][gc,start       ] GC(1714) Pause Young (Allocation Failure)
[2025-04-17T11:30:48.868+0000][2648.699s][info][gc,heap        ] GC(1714) DefNew: 9164K(10176K)->95K(10176K) Eden: 9088K(9088K)->0K(9088K) From: 76K(1088K)->95K(1088K)
[2025-04-17T11:30:48.868+0000][2648.699s][info][gc,heap        ] GC(1714) Tenured: 15102K(22468K)->15103K(22468K)
[2025-04-17T11:30:48.868+0000][2648.699s][info][gc,metaspace   ] GC(1714) Metaspace: 37504K(37888K)->37504K(37888K) NonClass: 33078K(33280K)->33078K(33280K) Class: 4425K(4608K)->4425K(4608K)
[2025-04-17T11:30:48.868+0000][2648.699s][info][gc             ] GC(1714) Pause Young (Allocation Failure) 23M->14M(31M) 1.276ms
[2025-04-17T11:30:48.869+0000][2648.699s][info][gc,cpu         ] GC(1714) User=0.00s Sys=0.00s Real=0.00s
[2025-04-17T11:30:50.337+0000][2650.167s][info][gc,start       ] GC(1715) Pause Young (Allocation Failure)
[2025-04-17T11:30:50.338+0000][2650.168s][info][gc,heap        ] GC(1715) DefNew: 9183K(10176K)->76K(10176K) Eden: 9088K(9088K)->0K(9088K) From: 95K(1088K)->76K(1088K)
[2025-04-17T11:30:50.338+0000][2650.168s][info][gc,heap        ] GC(1715) Tenured: 15103K(22468K)->15103K(22468K)
[2025-04-17T11:30:50.338+0000][2650.168s][info][gc,metaspace   ] GC(1715) Metaspace: 37504K(37888K)->37504K(37888K) NonClass: 33078K(33280K)->33078K(33280K) Class: 4425K(4608K)->4425K(4608K)
[2025-04-17T11:30:50.338+0000][2650.168s][info][gc             ] GC(1715) Pause Young (Allocation Failure) 23M->14M(31M) 1.211ms
[2025-04-17T11:30:50.338+0000][2650.168s][info][gc,cpu         ] GC(1715) User=0.00s Sys=0.00s Real=0.00s
[2025-04-17T11:30:51.767+0000][2651.597s][info][gc,start       ] GC(1716) Pause Young (Allocation Failure)
[2025-04-17T11:30:51.768+0000][2651.598s][info][gc,heap        ] GC(1716) DefNew: 9161K(10176K)->78K(10176K) Eden: 9084K(9088K)->0K(9088K) From: 76K(1088K)->78K(1088K)
[2025-04-17T11:30:51.768+0000][2651.598s][info][gc,heap        ] GC(1716) Tenured: 15103K(22468K)->15104K(22468K)
[2025-04-17T11:30:51.768+0000][2651.598s][info][gc,metaspace   ] GC(1716) Metaspace: 37504K(37888K)->37504K(37888K) NonClass: 33078K(33280K)->33078K(33280K) Class: 4425K(4608K)->4425K(4608K)
[2025-04-17T11:30:51.768+0000][2651.598s][info][gc             ] GC(1716) Pause Young (Allocation Failure) 23M->14M(31M) 1.289ms
[2025-04-17T11:30:51.768+0000][2651.598s][info][gc,cpu         ] GC(1716) User=0.00s Sys=0.00s Real=0.00s
[2025-04-17T11:30:53.330+0000][2653.160s][info][gc,start       ] GC(1717) Pause Young (Allocation Failure)
[2025-04-17T11:30:53.331+0000][2653.161s][info][gc,heap        ] GC(1717) DefNew: 9166K(10176K)->80K(10176K) Eden: 9088K(9088K)->0K(9088K) From: 78K(1088K)->80K(1088K)
[2025-04-17T11:30:53.331+0000][2653.161s][info][gc,heap        ] GC(1717) Tenured: 15104K(22468K)->15105K(22468K)
[2025-04-17T11:30:53.331+0000][2653.161s][info][gc,metaspace   ] GC(1717) Metaspace: 37504K(37888K)->37504K(37888K) NonClass: 33078K(33280K)->33078K(33280K) Class: 4425K(4608K)->4425K(4608K)
[2025-04-17T11:30:53.331+0000][2653.161s][info][gc             ] GC(1717) Pause Young (Allocation Failure) 23M->14M(31M) 1.227ms
[2025-04-17T11:30:53.331+0000][2653.161s][info][gc,cpu         ] GC(1717) User=0.00s Sys=0.00s Real=0.00s
[2025-04-17T11:30:55.063+0000][2654.893s][info][gc,start       ] GC(1718) Pause Young (Allocation Failure)
[2025-04-17T11:30:55.064+0000][2654.894s][info][gc,heap        ] GC(1718) DefNew: 9168K(10176K)->89K(10176K) Eden: 9088K(9088K)->0K(9088K) From: 80K(1088K)->89K(1088K)
[2025-04-17T11:30:55.064+0000][2654.894s][info][gc,heap        ] GC(1718) Tenured: 15105K(22468K)->15105K(22468K)
[2025-04-17T11:30:55.064+0000][2654.894s][info][gc,metaspace   ] GC(1718) Metaspace: 37504K(37888K)->37504K(37888K) NonClass: 33078K(33280K)->33078K(33280K) Class: 4425K(4608K)->4425K(4608K)
[2025-04-17T11:30:55.064+0000][2654.894s][info][gc             ] GC(1718) Pause Young (Allocation Failure) 23M->14M(31M) 1.156ms
[2025-04-17T11:30:55.064+0000][2654.894s][info][gc,cpu         ] GC(1718) User=0.00s Sys=0.00s Real=0.01s
[2025-04-17T11:30:56.577+0000][2656.407s][info][gc,start       ] GC(1719) Pause Young (Allocation Failure)
[2025-04-17T11:30:56.578+0000][2656.408s][info][gc,heap        ] GC(1719) DefNew: 9177K(10176K)->73K(10176K) Eden: 9088K(9088K)->0K(9088K) From: 89K(1088K)->73K(1088K)
[2025-04-17T11:30:56.578+0000][2656.408s][info][gc,heap        ] GC(1719) Tenured: 15105K(22468K)->15105K(22468K)
[2025-04-17T11:30:56.578+0000][2656.408s][info][gc,metaspace   ] GC(1719) Metaspace: 37504K(37888K)->37504K(37888K) NonClass: 33078K(33280K)->33078K(33280K) Class: 4425K(4608K)->4425K(4608K)
[2025-04-17T11:30:56.578+0000][2656.408s][info][gc             ] GC(1719) Pause Young (Allocation Failure) 23M->14M(31M) 1.277ms
[2025-04-17T11:30:56.578+0000][2656.408s][info][gc,cpu         ] GC(1719) User=0.00s Sys=0.00s Real=0.00s
[2025-04-17T11:30:58.080+0000][2657.910s][info][gc,start       ] GC(1720) Pause Young (Allocation Failure)
[2025-04-17T11:30:58.081+0000][2657.911s][info][gc,heap        ] GC(1720) DefNew: 9161K(10176K)->76K(10176K) Eden: 9088K(9088K)->0K(9088K) From: 73K(1088K)->76K(1088K)
[2025-04-17T11:30:58.081+0000][2657.911s][info][gc,heap        ] GC(1720) Tenured: 15105K(22468K)->15107K(22468K)
[2025-04-17T11:30:58.081+0000][2657.911s][info][gc,metaspace   ] GC(1720) Metaspace: 37504K(37888K)->37504K(37888K) NonClass: 33078K(33280K)->33078K(33280K) Class: 4425K(4608K)->4425K(4608K)
[2025-04-17T11:30:58.081+0000][2657.911s][info][gc             ] GC(1720) Pause Young (Allocation Failure) 23M->14M(31M) 1.280ms
[2025-04-17T11:30:58.081+0000][2657.911s][info][gc,cpu         ] GC(1720) User=0.00s Sys=0.00s Real=0.00s
[2025-04-17T11:30:59.831+0000][2659.661s][info][gc,start       ] GC(1721) Pause Young (Allocation Failure)
[2025-04-17T11:30:59.832+0000][2659.662s][info][gc,heap        ] GC(1721) DefNew: 9164K(10176K)->70K(10176K) Eden: 9088K(9088K)->0K(9088K) From: 76K(1088K)->70K(1088K)
[2025-04-17T11:30:59.832+0000][2659.662s][info][gc,heap        ] GC(1721) Tenured: 15107K(22468K)->15108K(22468K)
[2025-04-17T11:30:59.832+0000][2659.662s][info][gc,metaspace   ] GC(1721) Metaspace: 37504K(37888K)->37504K(37888K) NonClass: 33078K(33280K)->33078K(33280K) Class: 4425K(4608K)->4425K(4608K)
[2025-04-17T11:30:59.832+0000][2659.662s][info][gc             ] GC(1721) Pause Young (Allocation Failure) 23M->14M(31M) 1.131ms
[2025-04-17T11:30:59.832+0000][2659.662s][info][gc,cpu         ] GC(1721) User=0.01s Sys=0.00s Real=0.00s
[2025-04-17T11:31:01.511+0000][2661.341s][info][gc,start       ] GC(1722) Pause Young (Allocation Failure)
[2025-04-17T11:31:01.512+0000][2661.343s][info][gc,heap        ] GC(1722) DefNew: 9158K(10176K)->88K(10176K) Eden: 9088K(9088K)->0K(9088K) From: 70K(1088K)->88K(1088K)
[2025-04-17T11:31:01.512+0000][2661.343s][info][gc,heap        ] GC(1722) Tenured: 15108K(22468K)->15108K(22468K)
[2025-04-17T11:31:01.512+0000][2661.343s][info][gc,metaspace   ] GC(1722) Metaspace: 37504K(37888K)->37504K(37888K) NonClass: 33078K(33280K)->33078K(33280K) Class: 4425K(4608K)->4425K(4608K)
[2025-04-17T11:31:01.512+0000][2661.343s][info][gc             ] GC(1722) Pause Young (Allocation Failure) 23M->14M(31M) 1.564ms
[2025-04-17T11:31:01.513+0000][2661.343s][info][gc,cpu         ] GC(1722) User=0.00s Sys=0.00s Real=0.00s
[2025-04-17T11:31:02.982+0000][2662.812s][info][gc,start       ] GC(1723) Pause Young (Allocation Failure)
[2025-04-17T11:31:02.983+0000][2662.813s][info][gc,heap        ] GC(1723) DefNew: 9176K(10176K)->89K(10176K) Eden: 9088K(9088K)->0K(9088K) From: 88K(1088K)->89K(1088K)
[2025-04-17T11:31:02.983+0000][2662.813s][info][gc,heap        ] GC(1723) Tenured: 15108K(22468K)->15108K(22468K)
[2025-04-17T11:31:02.983+0000][2662.813s][info][gc,metaspace   ] GC(1723) Metaspace: 37504K(37888K)->37504K(37888K) NonClass: 33078K(33280K)->33078K(33280K) Class: 4425K(4608K)->4425K(4608K)
[2025-04-17T11:31:02.983+0000][2662.813s][info][gc             ] GC(1723) Pause Young (Allocation Failure) 23M->14M(31M) 1.150ms
[2025-04-17T11:31:02.983+0000][2662.813s][info][gc,cpu         ] GC(1723) User=0.00s Sys=0.00s Real=0.00s
[2025-04-17T11:31:04.936+0000][2664.766s][info][gc,start       ] GC(1724) Pause Young (Allocation Failure)
[2025-04-17T11:31:04.937+0000][2664.767s][info][gc,heap        ] GC(1724) DefNew: 9177K(10176K)->73K(10176K) Eden: 9088K(9088K)->0K(9088K) From: 89K(1088K)->73K(1088K)
[2025-04-17T11:31:04.937+0000][2664.767s][info][gc,heap        ] GC(1724) Tenured: 15108K(22468K)->15108K(22468K)
[2025-04-17T11:31:04.937+0000][2664.767s][info][gc,metaspace   ] GC(1724) Metaspace: 37504K(37888K)->37504K(37888K) NonClass: 33078K(33280K)->33078K(33280K) Class: 4425K(4608K)->4425K(4608K)
[2025-04-17T11:31:04.937+0000][2664.767s][info][gc             ] GC(1724) Pause Young (Allocation Failure) 23M->14M(31M) 1.273ms
[2025-04-17T11:31:04.937+0000][2664.767s][info][gc,cpu         ] GC(1724) User=0.00s Sys=0.00s Real=0.00s
[2025-04-17T11:31:06.405+0000][2666.235s][info][gc,start       ] GC(1725) Pause Young (Allocation Failure)
[2025-04-17T11:31:06.406+0000][2666.236s][info][gc,heap        ] GC(1725) DefNew: 9161K(10176K)->72K(10176K) Eden: 9088K(9088K)->0K(9088K) From: 73K(1088K)->72K(1088K)
[2025-04-17T11:31:06.406+0000][2666.236s][info][gc,heap        ] GC(1725) Tenured: 15108K(22468K)->15108K(22468K)
[2025-04-17T11:31:06.406+0000][2666.236s][info][gc,metaspace   ] GC(1725) Metaspace: 37504K(37888K)->37504K(37888K) NonClass: 33078K(33280K)->33078K(33280K) Class: 4425K(4608K)->4425K(4608K)
[2025-04-17T11:31:06.406+0000][2666.236s][info][gc             ] GC(1725) Pause Young (Allocation Failure) 23M->14M(31M) 1.241ms
[2025-04-17T11:31:06.406+0000][2666.236s][info][gc,cpu         ] GC(1725) User=0.00s Sys=0.00s Real=0.00s
[2025-04-17T11:31:07.758+0000][2667.589s][info][gc,start       ] GC(1726) Pause Young (Allocation Failure)
[2025-04-17T11:31:07.760+0000][2667.590s][info][gc,heap        ] GC(1726) DefNew: 9160K(10176K)->68K(10176K) Eden: 9088K(9088K)->0K(9088K) From: 72K(1088K)->68K(1088K)
[2025-04-17T11:31:07.760+0000][2667.590s][info][gc,heap        ] GC(1726) Tenured: 15108K(22468K)->15108K(22468K)
[2025-04-17T11:31:07.760+0000][2667.590s][info][gc,metaspace   ] GC(1726) Metaspace: 37504K(37888K)->37504K(37888K) NonClass: 33078K(33280K)->33078K(33280K) Class: 4425K(4608K)->4425K(4608K)
[2025-04-17T11:31:07.760+0000][2667.590s][info][gc             ] GC(1726) Pause Young (Allocation Failure) 23M->14M(31M) 1.250ms
[2025-04-17T11:31:07.760+0000][2667.590s][info][gc,cpu         ] GC(1726) User=0.01s Sys=0.00s Real=0.00s
[2025-04-17T11:31:09.378+0000][2669.208s][info][gc,start       ] GC(1727) Pause Young (Allocation Failure)
[2025-04-17T11:31:09.379+0000][2669.209s][info][gc,heap        ] GC(1727) DefNew: 9156K(10176K)->88K(10176K) Eden: 9088K(9088K)->0K(9088K) From: 68K(1088K)->88K(1088K)
[2025-04-17T11:31:09.379+0000][2669.209s][info][gc,heap        ] GC(1727) Tenured: 15108K(22468K)->15108K(22468K)
[2025-04-17T11:31:09.379+0000][2669.209s][info][gc,metaspace   ] GC(1727) Metaspace: 37504K(37888K)->37504K(37888K) NonClass: 33078K(33280K)->33078K(33280K) Class: 4425K(4608K)->4425K(4608K)
[2025-04-17T11:31:09.379+0000][2669.209s][info][gc             ] GC(1727) Pause Young (Allocation Failure) 23M->14M(31M) 1.212ms
[2025-04-17T11:31:09.379+0000][2669.209s][info][gc,cpu         ] GC(1727) User=0.00s Sys=0.00s Real=0.00s
[2025-04-17T11:31:11.118+0000][2670.948s][info][gc,start       ] GC(1728) Pause Young (Allocation Failure)
[2025-04-17T11:31:11.119+0000][2670.950s][info][gc,heap        ] GC(1728) DefNew: 9176K(10176K)->71K(10176K) Eden: 9088K(9088K)->0K(9088K) From: 88K(1088K)->71K(1088K)
[2025-04-17T11:31:11.120+0000][2670.950s][info][gc,heap        ] GC(1728) Tenured: 15108K(22468K)->15108K(22468K)
[2025-04-17T11:31:11.120+0000][2670.950s][info][gc,metaspace   ] GC(1728) Metaspace: 37504K(37888K)->37504K(37888K) NonClass: 33078K(33280K)->33078K(33280K) Class: 4425K(4608K)->4425K(4608K)
[2025-04-17T11:31:11.120+0000][2670.950s][info][gc             ] GC(1728) Pause Young (Allocation Failure) 23M->14M(31M) 1.255ms
[2025-04-17T11:31:11.120+0000][2670.950s][info][gc,cpu         ] GC(1728) User=0.00s Sys=0.00s Real=0.00s
[2025-04-17T11:31:12.438+0000][2672.269s][info][gc,start       ] GC(1729) Pause Young (Allocation Failure)
[2025-04-17T11:31:12.439+0000][2672.270s][info][gc,heap        ] GC(1729) DefNew: 9159K(10176K)->73K(10176K) Eden: 9088K(9088K)->0K(9088K) From: 71K(1088K)->73K(1088K)
[2025-04-17T11:31:12.439+0000][2672.270s][info][gc,heap        ] GC(1729) Tenured: 15108K(22468K)->15108K(22468K)
[2025-04-17T11:31:12.440+0000][2672.270s][info][gc,metaspace   ] GC(1729) Metaspace: 37504K(37888K)->37504K(37888K) NonClass: 33078K(33280K)->33078K(33280K) Class: 4425K(4608K)->4425K(4608K)
[2025-04-17T11:31:12.440+0000][2672.270s][info][gc             ] GC(1729) Pause Young (Allocation Failure) 23M->14M(31M) 1.166ms
[2025-04-17T11:31:12.440+0000][2672.270s][info][gc,cpu         ] GC(1729) User=0.00s Sys=0.00s Real=0.00s
[2025-04-17T11:31:14.294+0000][2674.124s][info][gc,start       ] GC(1730) Pause Young (Allocation Failure)
[2025-04-17T11:31:14.295+0000][2674.125s][info][gc,heap        ] GC(1730) DefNew: 9161K(10176K)->74K(10176K) Eden: 9088K(9088K)->0K(9088K) From: 73K(1088K)->74K(1088K)
[2025-04-17T11:31:14.295+0000][2674.125s][info][gc,heap        ] GC(1730) Tenured: 15108K(22468K)->15108K(22468K)
[2025-04-17T11:31:14.295+0000][2674.125s][info][gc,metaspace   ] GC(1730) Metaspace: 37504K(37888K)->37504K(37888K) NonClass: 33078K(33280K)->33078K(33280K) Class: 4425K(4608K)->4425K(4608K)
[2025-04-17T11:31:14.295+0000][2674.125s][info][gc             ] GC(1730) Pause Young (Allocation Failure) 23M->14M(31M) 1.324ms
[2025-04-17T11:31:14.295+0000][2674.125s][info][gc,cpu         ] GC(1730) User=0.00s Sys=0.00s Real=0.01s
[2025-04-17T11:31:15.761+0000][2675.592s][info][gc,start       ] GC(1731) Pause Young (Allocation Failure)
[2025-04-17T11:31:15.762+0000][2675.593s][info][gc,heap        ] GC(1731) DefNew: 9162K(10176K)->88K(10176K) Eden: 9087K(9088K)->0K(9088K) From: 74K(1088K)->88K(1088K)
[2025-04-17T11:31:15.763+0000][2675.593s][info][gc,heap        ] GC(1731) Tenured: 15108K(22468K)->15108K(22468K)
[2025-04-17T11:31:15.763+0000][2675.593s][info][gc,metaspace   ] GC(1731) Metaspace: 37504K(37888K)->37504K(37888K) NonClass: 33078K(33280K)->33078K(33280K) Class: 4425K(4608K)->4425K(4608K)
[2025-04-17T11:31:15.763+0000][2675.593s][info][gc             ] GC(1731) Pause Young (Allocation Failure) 23M->14M(31M) 1.181ms
[2025-04-17T11:31:15.763+0000][2675.593s][info][gc,cpu         ] GC(1731) User=0.00s Sys=0.00s Real=0.00s
[2025-04-17T11:31:17.343+0000][2677.173s][info][gc,start       ] GC(1732) Pause Young (Allocation Failure)
[2025-04-17T11:31:17.344+0000][2677.174s][info][gc,heap        ] GC(1732) DefNew: 9176K(10176K)->76K(10176K) Eden: 9088K(9088K)->0K(9088K) From: 88K(1088K)->76K(1088K)
[2025-04-17T11:31:17.344+0000][2677.174s][info][gc,heap        ] GC(1732) Tenured: 15108K(22468K)->15108K(22468K)
[2025-04-17T11:31:17.344+0000][2677.174s][info][gc,metaspace   ] GC(1732) Metaspace: 37504K(37888K)->37504K(37888K) NonClass: 33078K(33280K)->33078K(33280K) Class: 4425K(4608K)->4425K(4608K)
[2025-04-17T11:31:17.344+0000][2677.174s][info][gc             ] GC(1732) Pause Young (Allocation Failure) 23M->14M(31M) 1.209ms
[2025-04-17T11:31:17.344+0000][2677.174s][info][gc,cpu         ] GC(1732) User=0.00s Sys=0.00s Real=0.01s
[2025-04-17T11:31:18.951+0000][2678.781s][info][gc,start       ] GC(1733) Pause Young (Allocation Failure)
[2025-04-17T11:31:18.952+0000][2678.782s][info][gc,heap        ] GC(1733) DefNew: 9153K(10176K)->75K(10176K) Eden: 9076K(9088K)->0K(9088K) From: 76K(1088K)->75K(1088K)
[2025-04-17T11:31:18.952+0000][2678.782s][info][gc,heap        ] GC(1733) Tenured: 15108K(22468K)->15108K(22468K)
[2025-04-17T11:31:18.952+0000][2678.782s][info][gc,metaspace   ] GC(1733) Metaspace: 37504K(37888K)->37504K(37888K) NonClass: 33078K(33280K)->33078K(33280K) Class: 4425K(4608K)->4425K(4608K)
[2025-04-17T11:31:18.952+0000][2678.782s][info][gc             ] GC(1733) Pause Young (Allocation Failure) 23M->14M(31M) 1.178ms
[2025-04-17T11:31:18.952+0000][2678.782s][info][gc,cpu         ] GC(1733) User=0.01s Sys=0.00s Real=0.00s
[2025-04-17T11:31:20.596+0000][2680.426s][info][gc,start       ] GC(1734) Pause Young (Allocation Failure)
[2025-04-17T11:31:20.597+0000][2680.427s][info][gc,heap        ] GC(1734) DefNew: 9163K(10176K)->72K(10176K) Eden: 9088K(9088K)->0K(9088K) From: 75K(1088K)->72K(1088K)
[2025-04-17T11:31:20.597+0000][2680.427s][info][gc,heap        ] GC(1734) Tenured: 15108K(22468K)->15108K(22468K)
[2025-04-17T11:31:20.597+0000][2680.427s][info][gc,metaspace   ] GC(1734) Metaspace: 37504K(37888K)->37504K(37888K) NonClass: 33078K(33280K)->33078K(33280K) Class: 4425K(4608K)->4425K(4608K)
[2025-04-17T11:31:20.597+0000][2680.427s][info][gc             ] GC(1734) Pause Young (Allocation Failure) 23M->14M(31M) 1.275ms
[2025-04-17T11:31:20.597+0000][2680.427s][info][gc,cpu         ] GC(1734) User=0.00s Sys=0.00s Real=0.00s
[2025-04-17T11:31:22.310+0000][2682.140s][info][gc,start       ] GC(1735) Pause Young (Allocation Failure)
[2025-04-17T11:31:22.311+0000][2682.141s][info][gc,heap        ] GC(1735) DefNew: 9160K(10176K)->73K(10176K) Eden: 9088K(9088K)->0K(9088K) From: 72K(1088K)->73K(1088K)
[2025-04-17T11:31:22.311+0000][2682.141s][info][gc,heap        ] GC(1735) Tenured: 15108K(22468K)->15108K(22468K)
[2025-04-17T11:31:22.311+0000][2682.141s][info][gc,metaspace   ] GC(1735) Metaspace: 37504K(37888K)->37504K(37888K) NonClass: 33078K(33280K)->33078K(33280K) Class: 4425K(4608K)->4425K(4608K)
[2025-04-17T11:31:22.311+0000][2682.141s][info][gc             ] GC(1735) Pause Young (Allocation Failure) 23M->14M(31M) 1.272ms
[2025-04-17T11:31:22.311+0000][2682.141s][info][gc,cpu         ] GC(1735) User=0.00s Sys=0.00s Real=0.00s
[2025-04-17T11:31:23.680+0000][2683.510s][info][gc,start       ] GC(1736) Pause Young (Allocation Failure)
[2025-04-17T11:31:23.681+0000][2683.511s][info][gc,heap        ] GC(1736) DefNew: 9161K(10176K)->88K(10176K) Eden: 9088K(9088K)->0K(9088K) From: 73K(1088K)->88K(1088K)
[2025-04-17T11:31:23.681+0000][2683.511s][info][gc,heap        ] GC(1736) Tenured: 15108K(22468K)->15108K(22468K)
[2025-04-17T11:31:23.681+0000][2683.511s][info][gc,metaspace   ] GC(1736) Metaspace: 37504K(37888K)->37504K(37888K) NonClass: 33078K(33280K)->33078K(33280K) Class: 4425K(4608K)->4425K(4608K)
[2025-04-17T11:31:23.681+0000][2683.511s][info][gc             ] GC(1736) Pause Young (Allocation Failure) 23M->14M(31M) 1.594ms
[2025-04-17T11:31:23.681+0000][2683.511s][info][gc,cpu         ] GC(1736) User=0.00s Sys=0.00s Real=0.00s
[2025-04-17T11:31:25.250+0000][2685.080s][info][gc,start       ] GC(1737) Pause Young (Allocation Failure)
[2025-04-17T11:31:25.251+0000][2685.081s][info][gc,heap        ] GC(1737) DefNew: 9176K(10176K)->73K(10176K) Eden: 9088K(9088K)->0K(9088K) From: 88K(1088K)->73K(1088K)
[2025-04-17T11:31:25.251+0000][2685.081s][info][gc,heap        ] GC(1737) Tenured: 15108K(22468K)->15108K(22468K)
[2025-04-17T11:31:25.251+0000][2685.081s][info][gc,metaspace   ] GC(1737) Metaspace: 37504K(37888K)->37504K(37888K) NonClass: 33078K(33280K)->33078K(33280K) Class: 4425K(4608K)->4425K(4608K)
[2025-04-17T11:31:25.251+0000][2685.081s][info][gc             ] GC(1737) Pause Young (Allocation Failure) 23M->14M(31M) 1.262ms
[2025-04-17T11:31:25.251+0000][2685.081s][info][gc,cpu         ] GC(1737) User=0.01s Sys=0.00s Real=0.00s
[2025-04-17T11:31:26.579+0000][2686.409s][info][gc,start       ] GC(1738) Pause Young (Allocation Failure)
[2025-04-17T11:31:26.580+0000][2686.410s][info][gc,heap        ] GC(1738) DefNew: 9161K(10176K)->73K(10176K) Eden: 9088K(9088K)->0K(9088K) From: 73K(1088K)->73K(1088K)
[2025-04-17T11:31:26.580+0000][2686.410s][info][gc,heap        ] GC(1738) Tenured: 15108K(22468K)->15108K(22468K)
[2025-04-17T11:31:26.580+0000][2686.410s][info][gc,metaspace   ] GC(1738) Metaspace: 37504K(37888K)->37504K(37888K) NonClass: 33078K(33280K)->33078K(33280K) Class: 4425K(4608K)->4425K(4608K)
[2025-04-17T11:31:26.580+0000][2686.410s][info][gc             ] GC(1738) Pause Young (Allocation Failure) 23M->14M(31M) 1.192ms
[2025-04-17T11:31:26.580+0000][2686.410s][info][gc,cpu         ] GC(1738) User=0.00s Sys=0.00s Real=0.00s
[2025-04-17T11:31:28.303+0000][2688.134s][info][gc,start       ] GC(1739) Pause Young (Allocation Failure)
[2025-04-17T11:31:28.305+0000][2688.135s][info][gc,heap        ] GC(1739) DefNew: 9161K(10176K)->70K(10176K) Eden: 9088K(9088K)->0K(9088K) From: 73K(1088K)->70K(1088K)
[2025-04-17T11:31:28.305+0000][2688.135s][info][gc,heap        ] GC(1739) Tenured: 15108K(22468K)->15108K(22468K)
[2025-04-17T11:31:28.305+0000][2688.135s][info][gc,metaspace   ] GC(1739) Metaspace: 37504K(37888K)->37504K(37888K) NonClass: 33078K(33280K)->33078K(33280K) Class: 4425K(4608K)->4425K(4608K)
[2025-04-17T11:31:28.305+0000][2688.135s][info][gc             ] GC(1739) Pause Young (Allocation Failure) 23M->14M(31M) 1.237ms
[2025-04-17T11:31:28.305+0000][2688.135s][info][gc,cpu         ] GC(1739) User=0.00s Sys=0.00s Real=0.01s
[2025-04-17T11:31:29.759+0000][2689.589s][info][gc,start       ] GC(1740) Pause Young (Allocation Failure)
[2025-04-17T11:31:29.760+0000][2689.591s][info][gc,heap        ] GC(1740) DefNew: 9158K(10176K)->88K(10176K) Eden: 9088K(9088K)->0K(9088K) From: 70K(1088K)->88K(1088K)
[2025-04-17T11:31:29.760+0000][2689.591s][info][gc,heap        ] GC(1740) Tenured: 15108K(22468K)->15108K(22468K)
[2025-04-17T11:31:29.760+0000][2689.591s][info][gc,metaspace   ] GC(1740) Metaspace: 37504K(37888K)->37504K(37888K) NonClass: 33078K(33280K)->33078K(33280K) Class: 4425K(4608K)->4425K(4608K)
[2025-04-17T11:31:29.760+0000][2689.591s][info][gc             ] GC(1740) Pause Young (Allocation Failure) 23M->14M(31M) 1.217ms
[2025-04-17T11:31:29.761+0000][2689.591s][info][gc,cpu         ] GC(1740) User=0.00s Sys=0.00s Real=0.00s
[2025-04-17T11:31:31.373+0000][2691.203s][info][gc,start       ] GC(1741) Pause Young (Allocation Failure)
[2025-04-17T11:31:31.374+0000][2691.204s][info][gc,heap        ] GC(1741) DefNew: 9176K(10176K)->71K(10176K) Eden: 9088K(9088K)->0K(9088K) From: 88K(1088K)->71K(1088K)
[2025-04-17T11:31:31.374+0000][2691.204s][info][gc,heap        ] GC(1741) Tenured: 15108K(22468K)->15108K(22468K)
[2025-04-17T11:31:31.374+0000][2691.204s][info][gc,metaspace   ] GC(1741) Metaspace: 37504K(37888K)->37504K(37888K) NonClass: 33078K(33280K)->33078K(33280K) Class: 4425K(4608K)->4425K(4608K)
[2025-04-17T11:31:31.374+0000][2691.204s][info][gc             ] GC(1741) Pause Young (Allocation Failure) 23M->14M(31M) 1.199ms
[2025-04-17T11:31:31.374+0000][2691.204s][info][gc,cpu         ] GC(1741) User=0.00s Sys=0.00s Real=0.01s
[2025-04-17T11:31:32.938+0000][2692.768s][info][gc,start       ] GC(1742) Pause Young (Allocation Failure)
[2025-04-17T11:31:32.939+0000][2692.769s][info][gc,heap        ] GC(1742) DefNew: 9159K(10176K)->73K(10176K) Eden: 9088K(9088K)->0K(9088K) From: 71K(1088K)->73K(1088K)
[2025-04-17T11:31:32.939+0000][2692.769s][info][gc,heap        ] GC(1742) Tenured: 15108K(22468K)->15108K(22468K)
[2025-04-17T11:31:32.939+0000][2692.769s][info][gc,metaspace   ] GC(1742) Metaspace: 37504K(37888K)->37504K(37888K) NonClass: 33078K(33280K)->33078K(33280K) Class: 4425K(4608K)->4425K(4608K)
[2025-04-17T11:31:32.939+0000][2692.769s][info][gc             ] GC(1742) Pause Young (Allocation Failure) 23M->14M(31M) 1.507ms
[2025-04-17T11:31:32.939+0000][2692.769s][info][gc,cpu         ] GC(1742) User=0.00s Sys=0.00s Real=0.00s
[2025-04-17T11:31:34.557+0000][2694.387s][info][gc,start       ] GC(1743) Pause Young (Allocation Failure)
[2025-04-17T11:31:34.558+0000][2694.388s][info][gc,heap        ] GC(1743) DefNew: 9161K(10176K)->78K(10176K) Eden: 9088K(9088K)->0K(9088K) From: 73K(1088K)->78K(1088K)
[2025-04-17T11:31:34.558+0000][2694.388s][info][gc,heap        ] GC(1743) Tenured: 15108K(22468K)->15108K(22468K)
[2025-04-17T11:31:34.558+0000][2694.388s][info][gc,metaspace   ] GC(1743) Metaspace: 37504K(37888K)->37504K(37888K) NonClass: 33078K(33280K)->33078K(33280K) Class: 4425K(4608K)->4425K(4608K)
[2025-04-17T11:31:34.558+0000][2694.388s][info][gc             ] GC(1743) Pause Young (Allocation Failure) 23M->14M(31M) 1.220ms
[2025-04-17T11:31:34.558+0000][2694.388s][info][gc,cpu         ] GC(1743) User=0.00s Sys=0.00s Real=0.00s
[2025-04-17T11:31:36.345+0000][2696.176s][info][gc,start       ] GC(1744) Pause Young (Allocation Failure)
[2025-04-17T11:31:36.347+0000][2696.177s][info][gc,heap        ] GC(1744) DefNew: 9166K(10176K)->89K(10176K) Eden: 9088K(9088K)->0K(9088K) From: 78K(1088K)->89K(1088K)
[2025-04-17T11:31:36.347+0000][2696.177s][info][gc,heap        ] GC(1744) Tenured: 15108K(22468K)->15108K(22468K)
[2025-04-17T11:31:36.347+0000][2696.177s][info][gc,metaspace   ] GC(1744) Metaspace: 37504K(37888K)->37504K(37888K) NonClass: 33078K(33280K)->33078K(33280K) Class: 4425K(4608K)->4425K(4608K)
[2025-04-17T11:31:36.347+0000][2696.177s][info][gc             ] GC(1744) Pause Young (Allocation Failure) 23M->14M(31M) 1.281ms
[2025-04-17T11:31:36.347+0000][2696.177s][info][gc,cpu         ] GC(1744) User=0.00s Sys=0.00s Real=0.00s
[2025-04-17T11:31:38.011+0000][2697.841s][info][gc,start       ] GC(1745) Pause Young (Allocation Failure)
[2025-04-17T11:31:38.012+0000][2697.842s][info][gc,heap        ] GC(1745) DefNew: 9177K(10176K)->73K(10176K) Eden: 9088K(9088K)->0K(9088K) From: 89K(1088K)->73K(1088K)
[2025-04-17T11:31:38.012+0000][2697.843s][info][gc,heap        ] GC(1745) Tenured: 15108K(22468K)->15108K(22468K)
[2025-04-17T11:31:38.012+0000][2697.843s][info][gc,metaspace   ] GC(1745) Metaspace: 37504K(37888K)->37504K(37888K) NonClass: 33078K(33280K)->33078K(33280K) Class: 4425K(4608K)->4425K(4608K)
[2025-04-17T11:31:38.012+0000][2697.843s][info][gc             ] GC(1745) Pause Young (Allocation Failure) 23M->14M(31M) 1.270ms
[2025-04-17T11:31:38.012+0000][2697.843s][info][gc,cpu         ] GC(1745) User=0.00s Sys=0.00s Real=0.00s
[2025-04-17T11:31:39.434+0000][2699.264s][info][gc,start       ] GC(1746) Pause Young (Allocation Failure)
[2025-04-17T11:31:39.435+0000][2699.265s][info][gc,heap        ] GC(1746) DefNew: 9161K(10176K)->77K(10176K) Eden: 9088K(9088K)->0K(9088K) From: 73K(1088K)->77K(1088K)
[2025-04-17T11:31:39.435+0000][2699.266s][info][gc,heap        ] GC(1746) Tenured: 15108K(22468K)->15108K(22468K)
[2025-04-17T11:31:39.435+0000][2699.266s][info][gc,metaspace   ] GC(1746) Metaspace: 37504K(37888K)->37504K(37888K) NonClass: 33078K(33280K)->33078K(33280K) Class: 4425K(4608K)->4425K(4608K)
[2025-04-17T11:31:39.435+0000][2699.266s][info][gc             ] GC(1746) Pause Young (Allocation Failure) 23M->14M(31M) 1.260ms
[2025-04-17T11:31:39.435+0000][2699.266s][info][gc,cpu         ] GC(1746) User=0.00s Sys=0.00s Real=0.00s
[2025-04-17T11:31:41.165+0000][2700.995s][info][gc,start       ] GC(1747) Pause Young (Allocation Failure)
[2025-04-17T11:31:41.166+0000][2700.996s][info][gc,heap        ] GC(1747) DefNew: 9165K(10176K)->82K(10176K) Eden: 9088K(9088K)->0K(9088K) From: 77K(1088K)->82K(1088K)
[2025-04-17T11:31:41.166+0000][2700.996s][info][gc,heap        ] GC(1747) Tenured: 15108K(22468K)->15108K(22468K)
[2025-04-17T11:31:41.166+0000][2700.996s][info][gc,metaspace   ] GC(1747) Metaspace: 37504K(37888K)->37504K(37888K) NonClass: 33078K(33280K)->33078K(33280K) Class: 4425K(4608K)->4425K(4608K)
[2025-04-17T11:31:41.166+0000][2700.996s][info][gc             ] GC(1747) Pause Young (Allocation Failure) 23M->14M(31M) 1.213ms
[2025-04-17T11:31:41.166+0000][2700.996s][info][gc,cpu         ] GC(1747) User=0.00s Sys=0.00s Real=0.00s
[2025-04-17T11:31:42.415+0000][2702.245s][info][gc,start       ] GC(1748) Pause Young (Allocation Failure)
[2025-04-17T11:31:42.416+0000][2702.246s][info][gc,heap        ] GC(1748) DefNew: 9170K(10176K)->90K(10176K) Eden: 9088K(9088K)->0K(9088K) From: 82K(1088K)->90K(1088K)
[2025-04-17T11:31:42.416+0000][2702.246s][info][gc,heap        ] GC(1748) Tenured: 15108K(22468K)->15108K(22468K)
[2025-04-17T11:31:42.416+0000][2702.246s][info][gc,metaspace   ] GC(1748) Metaspace: 37504K(37888K)->37504K(37888K) NonClass: 33078K(33280K)->33078K(33280K) Class: 4425K(4608K)->4425K(4608K)
[2025-04-17T11:31:42.416+0000][2702.246s][info][gc             ] GC(1748) Pause Young (Allocation Failure) 23M->14M(31M) 1.249ms
[2025-04-17T11:31:42.416+0000][2702.246s][info][gc,cpu         ] GC(1748) User=0.00s Sys=0.00s Real=0.00s
[2025-04-17T11:31:44.127+0000][2703.957s][info][gc,start       ] GC(1749) Pause Young (Allocation Failure)
[2025-04-17T11:31:44.128+0000][2703.958s][info][gc,heap        ] GC(1749) DefNew: 9178K(10176K)->72K(10176K) Eden: 9088K(9088K)->0K(9088K) From: 90K(1088K)->72K(1088K)
[2025-04-17T11:31:44.128+0000][2703.958s][info][gc,heap        ] GC(1749) Tenured: 15108K(22468K)->15108K(22468K)
[2025-04-17T11:31:44.128+0000][2703.958s][info][gc,metaspace   ] GC(1749) Metaspace: 37504K(37888K)->37504K(37888K) NonClass: 33078K(33280K)->33078K(33280K) Class: 4425K(4608K)->4425K(4608K)
[2025-04-17T11:31:44.128+0000][2703.958s][info][gc             ] GC(1749) Pause Young (Allocation Failure) 23M->14M(31M) 1.294ms
[2025-04-17T11:31:44.128+0000][2703.958s][info][gc,cpu         ] GC(1749) User=0.00s Sys=0.00s Real=0.00s
[2025-04-17T11:31:45.717+0000][2705.548s][info][gc,start       ] GC(1750) Pause Young (Allocation Failure)
[2025-04-17T11:31:45.719+0000][2705.549s][info][gc,heap        ] GC(1750) DefNew: 9160K(10176K)->76K(10176K) Eden: 9088K(9088K)->0K(9088K) From: 72K(1088K)->76K(1088K)
[2025-04-17T11:31:45.719+0000][2705.549s][info][gc,heap        ] GC(1750) Tenured: 15108K(22468K)->15108K(22468K)
[2025-04-17T11:31:45.719+0000][2705.549s][info][gc,metaspace   ] GC(1750) Metaspace: 37504K(37888K)->37504K(37888K) NonClass: 33078K(33280K)->33078K(33280K) Class: 4425K(4608K)->4425K(4608K)
[2025-04-17T11:31:45.719+0000][2705.549s][info][gc             ] GC(1750) Pause Young (Allocation Failure) 23M->14M(31M) 1.306ms
[2025-04-17T11:31:45.719+0000][2705.549s][info][gc,cpu         ] GC(1750) User=0.00s Sys=0.00s Real=0.00s
[2025-04-17T11:31:47.390+0000][2707.220s][info][gc,start       ] GC(1751) Pause Young (Allocation Failure)
[2025-04-17T11:31:47.391+0000][2707.221s][info][gc,heap        ] GC(1751) DefNew: 9164K(10176K)->92K(10176K) Eden: 9088K(9088K)->0K(9088K) From: 76K(1088K)->92K(1088K)
[2025-04-17T11:31:47.391+0000][2707.221s][info][gc,heap        ] GC(1751) Tenured: 15108K(22468K)->15108K(22468K)
[2025-04-17T11:31:47.391+0000][2707.221s][info][gc,metaspace   ] GC(1751) Metaspace: 37504K(37888K)->37504K(37888K) NonClass: 33078K(33280K)->33078K(33280K) Class: 4425K(4608K)->4425K(4608K)
[2025-04-17T11:31:47.391+0000][2707.221s][info][gc             ] GC(1751) Pause Young (Allocation Failure) 23M->14M(31M) 1.291ms
[2025-04-17T11:31:47.391+0000][2707.221s][info][gc,cpu         ] GC(1751) User=0.00s Sys=0.00s Real=0.00s
[2025-04-17T11:31:49.019+0000][2708.849s][info][gc,start       ] GC(1752) Pause Young (Allocation Failure)
[2025-04-17T11:31:49.021+0000][2708.851s][info][gc,heap        ] GC(1752) DefNew: 9180K(10176K)->83K(10176K) Eden: 9088K(9088K)->0K(9088K) From: 92K(1088K)->83K(1088K)
[2025-04-17T11:31:49.021+0000][2708.851s][info][gc,heap        ] GC(1752) Tenured: 15108K(22468K)->15108K(22468K)
[2025-04-17T11:31:49.021+0000][2708.851s][info][gc,metaspace   ] GC(1752) Metaspace: 37504K(37888K)->37504K(37888K) NonClass: 33078K(33280K)->33078K(33280K) Class: 4425K(4608K)->4425K(4608K)
[2025-04-17T11:31:49.021+0000][2708.851s][info][gc             ] GC(1752) Pause Young (Allocation Failure) 23M->14M(31M) 1.213ms
[2025-04-17T11:31:49.021+0000][2708.851s][info][gc,cpu         ] GC(1752) User=0.01s Sys=0.00s Real=0.00s
[2025-04-17T11:31:50.423+0000][2710.253s][info][gc,start       ] GC(1753) Pause Young (Allocation Failure)
[2025-04-17T11:31:50.424+0000][2710.254s][info][gc,heap        ] GC(1753) DefNew: 9168K(10176K)->77K(10176K) Eden: 9084K(9088K)->0K(9088K) From: 83K(1088K)->77K(1088K)
[2025-04-17T11:31:50.424+0000][2710.254s][info][gc,heap        ] GC(1753) Tenured: 15108K(22468K)->15110K(22468K)
[2025-04-17T11:31:50.424+0000][2710.254s][info][gc,metaspace   ] GC(1753) Metaspace: 37504K(37888K)->37504K(37888K) NonClass: 33078K(33280K)->33078K(33280K) Class: 4425K(4608K)->4425K(4608K)
[2025-04-17T11:31:50.424+0000][2710.254s][info][gc             ] GC(1753) Pause Young (Allocation Failure) 23M->14M(31M) 1.148ms
[2025-04-17T11:31:50.424+0000][2710.254s][info][gc,cpu         ] GC(1753) User=0.00s Sys=0.00s Real=0.01s
[2025-04-17T11:31:52.134+0000][2711.964s][info][gc,start       ] GC(1754) Pause Young (Allocation Failure)
[2025-04-17T11:31:52.135+0000][2711.965s][info][gc,heap        ] GC(1754) DefNew: 9165K(10176K)->75K(10176K) Eden: 9088K(9088K)->0K(9088K) From: 77K(1088K)->75K(1088K)
[2025-04-17T11:31:52.135+0000][2711.965s][info][gc,heap        ] GC(1754) Tenured: 15110K(22468K)->15110K(22468K)
[2025-04-17T11:31:52.135+0000][2711.965s][info][gc,metaspace   ] GC(1754) Metaspace: 37504K(37888K)->37504K(37888K) NonClass: 33078K(33280K)->33078K(33280K) Class: 4425K(4608K)->4425K(4608K)
[2025-04-17T11:31:52.135+0000][2711.965s][info][gc             ] GC(1754) Pause Young (Allocation Failure) 23M->14M(31M) 1.189ms
[2025-04-17T11:31:52.135+0000][2711.965s][info][gc,cpu         ] GC(1754) User=0.00s Sys=0.00s Real=0.01s
[2025-04-17T11:31:53.572+0000][2713.402s][info][gc,start       ] GC(1755) Pause Young (Allocation Failure)
[2025-04-17T11:31:53.573+0000][2713.403s][info][gc,heap        ] GC(1755) DefNew: 9163K(10176K)->81K(10176K) Eden: 9088K(9088K)->0K(9088K) From: 75K(1088K)->81K(1088K)
[2025-04-17T11:31:53.573+0000][2713.403s][info][gc,heap        ] GC(1755) Tenured: 15110K(22468K)->15110K(22468K)
[2025-04-17T11:31:53.573+0000][2713.403s][info][gc,metaspace   ] GC(1755) Metaspace: 37504K(37888K)->37504K(37888K) NonClass: 33078K(33280K)->33078K(33280K) Class: 4425K(4608K)->4425K(4608K)
[2025-04-17T11:31:53.573+0000][2713.403s][info][gc             ] GC(1755) Pause Young (Allocation Failure) 23M->14M(31M) 1.209ms
[2025-04-17T11:31:53.573+0000][2713.403s][info][gc,cpu         ] GC(1755) User=0.00s Sys=0.00s Real=0.00s
[2025-04-17T11:31:55.038+0000][2714.868s][info][gc,start       ] GC(1756) Pause Young (Allocation Failure)
[2025-04-17T11:31:55.039+0000][2714.869s][info][gc,heap        ] GC(1756) DefNew: 9169K(10176K)->80K(10176K) Eden: 9088K(9088K)->0K(9088K) From: 81K(1088K)->80K(1088K)
[2025-04-17T11:31:55.039+0000][2714.869s][info][gc,heap        ] GC(1756) Tenured: 15110K(22468K)->15110K(22468K)
[2025-04-17T11:31:55.039+0000][2714.869s][info][gc,metaspace   ] GC(1756) Metaspace: 37504K(37888K)->37504K(37888K) NonClass: 33078K(33280K)->33078K(33280K) Class: 4425K(4608K)->4425K(4608K)
[2025-04-17T11:31:55.039+0000][2714.869s][info][gc             ] GC(1756) Pause Young (Allocation Failure) 23M->14M(31M) 1.314ms
[2025-04-17T11:31:55.039+0000][2714.869s][info][gc,cpu         ] GC(1756) User=0.01s Sys=0.00s Real=0.00s
[2025-04-17T11:31:56.701+0000][2716.531s][info][gc,start       ] GC(1757) Pause Young (Allocation Failure)
[2025-04-17T11:31:56.702+0000][2716.532s][info][gc,heap        ] GC(1757) DefNew: 9160K(10176K)->77K(10176K) Eden: 9079K(9088K)->0K(9088K) From: 80K(1088K)->77K(1088K)
[2025-04-17T11:31:56.702+0000][2716.532s][info][gc,heap        ] GC(1757) Tenured: 15110K(22468K)->15110K(22468K)
[2025-04-17T11:31:56.702+0000][2716.532s][info][gc,metaspace   ] GC(1757) Metaspace: 37504K(37888K)->37504K(37888K) NonClass: 33078K(33280K)->33078K(33280K) Class: 4425K(4608K)->4425K(4608K)
[2025-04-17T11:31:56.702+0000][2716.532s][info][gc             ] GC(1757) Pause Young (Allocation Failure) 23M->14M(31M) 1.279ms
[2025-04-17T11:31:56.702+0000][2716.532s][info][gc,cpu         ] GC(1757) User=0.00s Sys=0.00s Real=0.00s
[2025-04-17T11:31:58.071+0000][2717.901s][info][gc,start       ] GC(1758) Pause Young (Allocation Failure)
[2025-04-17T11:31:58.072+0000][2717.902s][info][gc,heap        ] GC(1758) DefNew: 9165K(10176K)->71K(10176K) Eden: 9088K(9088K)->0K(9088K) From: 77K(1088K)->71K(1088K)
[2025-04-17T11:31:58.072+0000][2717.902s][info][gc,heap        ] GC(1758) Tenured: 15110K(22468K)->15110K(22468K)
[2025-04-17T11:31:58.072+0000][2717.902s][info][gc,metaspace   ] GC(1758) Metaspace: 37504K(37888K)->37504K(37888K) NonClass: 33078K(33280K)->33078K(33280K) Class: 4425K(4608K)->4425K(4608K)
[2025-04-17T11:31:58.072+0000][2717.902s][info][gc             ] GC(1758) Pause Young (Allocation Failure) 23M->14M(31M) 1.236ms
[2025-04-17T11:31:58.072+0000][2717.903s][info][gc,cpu         ] GC(1758) User=0.00s Sys=0.00s Real=0.00s
[2025-04-17T11:31:59.686+0000][2719.516s][info][gc,start       ] GC(1759) Pause Young (Allocation Failure)
[2025-04-17T11:31:59.687+0000][2719.518s][info][gc,heap        ] GC(1759) DefNew: 9159K(10176K)->91K(10176K) Eden: 9088K(9088K)->0K(9088K) From: 71K(1088K)->91K(1088K)
[2025-04-17T11:31:59.687+0000][2719.518s][info][gc,heap        ] GC(1759) Tenured: 15110K(22468K)->15110K(22468K)
[2025-04-17T11:31:59.687+0000][2719.518s][info][gc,metaspace   ] GC(1759) Metaspace: 37504K(37888K)->37504K(37888K) NonClass: 33078K(33280K)->33078K(33280K) Class: 4425K(4608K)->4425K(4608K)
[2025-04-17T11:31:59.687+0000][2719.518s][info][gc             ] GC(1759) Pause Young (Allocation Failure) 23M->14M(31M) 1.296ms
[2025-04-17T11:31:59.687+0000][2719.518s][info][gc,cpu         ] GC(1759) User=0.00s Sys=0.00s Real=0.00s
[2025-04-17T11:32:01.233+0000][2721.063s][info][gc,start       ] GC(1760) Pause Young (Allocation Failure)
[2025-04-17T11:32:01.234+0000][2721.064s][info][gc,heap        ] GC(1760) DefNew: 9179K(10176K)->88K(10176K) Eden: 9087K(9088K)->0K(9088K) From: 91K(1088K)->88K(1088K)
[2025-04-17T11:32:01.234+0000][2721.064s][info][gc,heap        ] GC(1760) Tenured: 15110K(22468K)->15110K(22468K)
[2025-04-17T11:32:01.234+0000][2721.064s][info][gc,metaspace   ] GC(1760) Metaspace: 37504K(37888K)->37504K(37888K) NonClass: 33078K(33280K)->33078K(33280K) Class: 4425K(4608K)->4425K(4608K)
[2025-04-17T11:32:01.234+0000][2721.064s][info][gc             ] GC(1760) Pause Young (Allocation Failure) 23M->14M(31M) 1.314ms
[2025-04-17T11:32:01.234+0000][2721.064s][info][gc,cpu         ] GC(1760) User=0.01s Sys=0.00s Real=0.01s
[2025-04-17T11:32:02.855+0000][2722.685s][info][gc,start       ] GC(1761) Pause Young (Allocation Failure)
[2025-04-17T11:32:02.856+0000][2722.687s][info][gc,heap        ] GC(1761) DefNew: 9176K(10176K)->77K(10176K) Eden: 9088K(9088K)->0K(9088K) From: 88K(1088K)->77K(1088K)
[2025-04-17T11:32:02.856+0000][2722.687s][info][gc,heap        ] GC(1761) Tenured: 15110K(22468K)->15111K(22468K)
[2025-04-17T11:32:02.856+0000][2722.687s][info][gc,metaspace   ] GC(1761) Metaspace: 37504K(37888K)->37504K(37888K) NonClass: 33078K(33280K)->33078K(33280K) Class: 4425K(4608K)->4425K(4608K)
[2025-04-17T11:32:02.857+0000][2722.687s][info][gc             ] GC(1761) Pause Young (Allocation Failure) 23M->14M(31M) 1.169ms
[2025-04-17T11:32:02.857+0000][2722.687s][info][gc,cpu         ] GC(1761) User=0.01s Sys=0.00s Real=0.00s
[2025-04-17T11:32:04.237+0000][2724.067s][info][gc,start       ] GC(1762) Pause Young (Allocation Failure)
[2025-04-17T11:32:04.238+0000][2724.068s][info][gc,heap        ] GC(1762) DefNew: 9165K(10176K)->75K(10176K) Eden: 9088K(9088K)->0K(9088K) From: 77K(1088K)->75K(1088K)
[2025-04-17T11:32:04.238+0000][2724.068s][info][gc,heap        ] GC(1762) Tenured: 15111K(22468K)->15111K(22468K)
[2025-04-17T11:32:04.238+0000][2724.068s][info][gc,metaspace   ] GC(1762) Metaspace: 37504K(37888K)->37504K(37888K) NonClass: 33078K(33280K)->33078K(33280K) Class: 4425K(4608K)->4425K(4608K)
[2025-04-17T11:32:04.238+0000][2724.068s][info][gc             ] GC(1762) Pause Young (Allocation Failure) 23M->14M(31M) 1.168ms
[2025-04-17T11:32:04.238+0000][2724.068s][info][gc,cpu         ] GC(1762) User=0.00s Sys=0.00s Real=0.00s
[2025-04-17T11:32:05.815+0000][2725.645s][info][gc,start       ] GC(1763) Pause Young (Allocation Failure)
[2025-04-17T11:32:05.816+0000][2725.646s][info][gc,heap        ] GC(1763) DefNew: 9163K(10176K)->97K(10176K) Eden: 9088K(9088K)->0K(9088K) From: 75K(1088K)->97K(1088K)
[2025-04-17T11:32:05.816+0000][2725.646s][info][gc,heap        ] GC(1763) Tenured: 15111K(22468K)->15111K(22468K)
[2025-04-17T11:32:05.816+0000][2725.646s][info][gc,metaspace   ] GC(1763) Metaspace: 37504K(37888K)->37504K(37888K) NonClass: 33078K(33280K)->33078K(33280K) Class: 4425K(4608K)->4425K(4608K)
[2025-04-17T11:32:05.816+0000][2725.646s][info][gc             ] GC(1763) Pause Young (Allocation Failure) 23M->14M(31M) 1.354ms
[2025-04-17T11:32:05.816+0000][2725.646s][info][gc,cpu         ] GC(1763) User=0.00s Sys=0.00s Real=0.00s
[2025-04-17T11:32:07.481+0000][2727.311s][info][gc,start       ] GC(1764) Pause Young (Allocation Failure)
[2025-04-17T11:32:07.483+0000][2727.313s][info][gc,heap        ] GC(1764) DefNew: 9185K(10176K)->92K(10176K) Eden: 9088K(9088K)->0K(9088K) From: 97K(1088K)->92K(1088K)
[2025-04-17T11:32:07.483+0000][2727.313s][info][gc,heap        ] GC(1764) Tenured: 15111K(22468K)->15111K(22468K)
[2025-04-17T11:32:07.483+0000][2727.313s][info][gc,metaspace   ] GC(1764) Metaspace: 37504K(37888K)->37504K(37888K) NonClass: 33078K(33280K)->33078K(33280K) Class: 4425K(4608K)->4425K(4608K)
[2025-04-17T11:32:07.483+0000][2727.313s][info][gc             ] GC(1764) Pause Young (Allocation Failure) 23M->14M(31M) 1.300ms
[2025-04-17T11:32:07.483+0000][2727.313s][info][gc,cpu         ] GC(1764) User=0.00s Sys=0.00s Real=0.00s
[2025-04-17T11:32:08.974+0000][2728.804s][info][gc,start       ] GC(1765) Pause Young (Allocation Failure)
[2025-04-17T11:32:08.975+0000][2728.805s][info][gc,heap        ] GC(1765) DefNew: 9180K(10176K)->75K(10176K) Eden: 9088K(9088K)->0K(9088K) From: 92K(1088K)->75K(1088K)
[2025-04-17T11:32:08.975+0000][2728.805s][info][gc,heap        ] GC(1765) Tenured: 15111K(22468K)->15112K(22468K)
[2025-04-17T11:32:08.975+0000][2728.805s][info][gc,metaspace   ] GC(1765) Metaspace: 37504K(37888K)->37504K(37888K) NonClass: 33078K(33280K)->33078K(33280K) Class: 4425K(4608K)->4425K(4608K)
[2025-04-17T11:32:08.975+0000][2728.805s][info][gc             ] GC(1765) Pause Young (Allocation Failure) 23M->14M(31M) 1.284ms
[2025-04-17T11:32:08.975+0000][2728.805s][info][gc,cpu         ] GC(1765) User=0.00s Sys=0.00s Real=0.01s
[2025-04-17T11:32:10.514+0000][2730.345s][info][gc,start       ] GC(1766) Pause Young (Allocation Failure)
[2025-04-17T11:32:10.516+0000][2730.346s][info][gc,heap        ] GC(1766) DefNew: 9163K(10176K)->74K(10176K) Eden: 9088K(9088K)->0K(9088K) From: 75K(1088K)->74K(1088K)
[2025-04-17T11:32:10.516+0000][2730.346s][info][gc,heap        ] GC(1766) Tenured: 15112K(22468K)->15112K(22468K)
[2025-04-17T11:32:10.516+0000][2730.346s][info][gc,metaspace   ] GC(1766) Metaspace: 37504K(37888K)->37504K(37888K) NonClass: 33078K(33280K)->33078K(33280K) Class: 4425K(4608K)->4425K(4608K)
[2025-04-17T11:32:10.516+0000][2730.346s][info][gc             ] GC(1766) Pause Young (Allocation Failure) 23M->14M(31M) 1.137ms
[2025-04-17T11:32:10.516+0000][2730.346s][info][gc,cpu         ] GC(1766) User=0.00s Sys=0.00s Real=0.00s
[2025-04-17T11:32:11.866+0000][2731.696s][info][gc,start       ] GC(1767) Pause Young (Allocation Failure)
[2025-04-17T11:32:11.867+0000][2731.697s][info][gc,heap        ] GC(1767) DefNew: 9162K(10176K)->84K(10176K) Eden: 9088K(9088K)->0K(9088K) From: 74K(1088K)->84K(1088K)
[2025-04-17T11:32:11.867+0000][2731.697s][info][gc,heap        ] GC(1767) Tenured: 15112K(22468K)->15112K(22468K)
[2025-04-17T11:32:11.867+0000][2731.697s][info][gc,metaspace   ] GC(1767) Metaspace: 37504K(37888K)->37504K(37888K) NonClass: 33078K(33280K)->33078K(33280K) Class: 4425K(4608K)->4425K(4608K)
[2025-04-17T11:32:11.867+0000][2731.697s][info][gc             ] GC(1767) Pause Young (Allocation Failure) 23M->14M(31M) 1.319ms
[2025-04-17T11:32:11.867+0000][2731.697s][info][gc,cpu         ] GC(1767) User=0.00s Sys=0.00s Real=0.00s
[2025-04-17T11:32:13.610+0000][2733.440s][info][gc,start       ] GC(1768) Pause Young (Allocation Failure)
[2025-04-17T11:32:13.611+0000][2733.441s][info][gc,heap        ] GC(1768) DefNew: 9172K(10176K)->92K(10176K) Eden: 9088K(9088K)->0K(9088K) From: 84K(1088K)->92K(1088K)
[2025-04-17T11:32:13.611+0000][2733.441s][info][gc,heap        ] GC(1768) Tenured: 15112K(22468K)->15112K(22468K)
[2025-04-17T11:32:13.611+0000][2733.441s][info][gc,metaspace   ] GC(1768) Metaspace: 37504K(37888K)->37504K(37888K) NonClass: 33078K(33280K)->33078K(33280K) Class: 4425K(4608K)->4425K(4608K)
[2025-04-17T11:32:13.611+0000][2733.441s][info][gc             ] GC(1768) Pause Young (Allocation Failure) 23M->14M(31M) 1.285ms
[2025-04-17T11:32:13.611+0000][2733.441s][info][gc,cpu         ] GC(1768) User=0.00s Sys=0.00s Real=0.00s
[2025-04-17T11:32:15.255+0000][2735.085s][info][gc,start       ] GC(1769) Pause Young (Allocation Failure)
[2025-04-17T11:32:15.256+0000][2735.086s][info][gc,heap        ] GC(1769) DefNew: 9180K(10176K)->74K(10176K) Eden: 9088K(9088K)->0K(9088K) From: 92K(1088K)->74K(1088K)
[2025-04-17T11:32:15.256+0000][2735.086s][info][gc,heap        ] GC(1769) Tenured: 15112K(22468K)->15112K(22468K)
[2025-04-17T11:32:15.256+0000][2735.086s][info][gc,metaspace   ] GC(1769) Metaspace: 37504K(37888K)->37504K(37888K) NonClass: 33078K(33280K)->33078K(33280K) Class: 4425K(4608K)->4425K(4608K)
[2025-04-17T11:32:15.256+0000][2735.086s][info][gc             ] GC(1769) Pause Young (Allocation Failure) 23M->14M(31M) 1.253ms
[2025-04-17T11:32:15.256+0000][2735.086s][info][gc,cpu         ] GC(1769) User=0.00s Sys=0.00s Real=0.00s
[2025-04-17T11:32:16.650+0000][2736.480s][info][gc,start       ] GC(1770) Pause Young (Allocation Failure)
[2025-04-17T11:32:16.651+0000][2736.481s][info][gc,heap        ] GC(1770) DefNew: 9162K(10176K)->80K(10176K) Eden: 9088K(9088K)->0K(9088K) From: 74K(1088K)->80K(1088K)
[2025-04-17T11:32:16.651+0000][2736.481s][info][gc,heap        ] GC(1770) Tenured: 15112K(22468K)->15112K(22468K)
[2025-04-17T11:32:16.651+0000][2736.481s][info][gc,metaspace   ] GC(1770) Metaspace: 37504K(37888K)->37504K(37888K) NonClass: 33078K(33280K)->33078K(33280K) Class: 4425K(4608K)->4425K(4608K)
[2025-04-17T11:32:16.651+0000][2736.481s][info][gc             ] GC(1770) Pause Young (Allocation Failure) 23M->14M(31M) 1.314ms
[2025-04-17T11:32:16.651+0000][2736.481s][info][gc,cpu         ] GC(1770) User=0.00s Sys=0.00s Real=0.00s
[2025-04-17T11:32:18.431+0000][2738.261s][info][gc,start       ] GC(1771) Pause Young (Allocation Failure)
[2025-04-17T11:32:18.432+0000][2738.263s][info][gc,heap        ] GC(1771) DefNew: 9168K(10176K)->86K(10176K) Eden: 9088K(9088K)->0K(9088K) From: 80K(1088K)->86K(1088K)
[2025-04-17T11:32:18.432+0000][2738.263s][info][gc,heap        ] GC(1771) Tenured: 15112K(22468K)->15112K(22468K)
[2025-04-17T11:32:18.432+0000][2738.263s][info][gc,metaspace   ] GC(1771) Metaspace: 37504K(37888K)->37504K(37888K) NonClass: 33078K(33280K)->33078K(33280K) Class: 4425K(4608K)->4425K(4608K)
[2025-04-17T11:32:18.432+0000][2738.263s][info][gc             ] GC(1771) Pause Young (Allocation Failure) 23M->14M(31M) 1.256ms
[2025-04-17T11:32:18.433+0000][2738.263s][info][gc,cpu         ] GC(1771) User=0.00s Sys=0.00s Real=0.00s
[2025-04-17T11:32:19.821+0000][2739.651s][info][gc,start       ] GC(1772) Pause Young (Allocation Failure)
[2025-04-17T11:32:19.822+0000][2739.653s][info][gc,heap        ] GC(1772) DefNew: 9174K(10176K)->95K(10176K) Eden: 9088K(9088K)->0K(9088K) From: 86K(1088K)->95K(1088K)
[2025-04-17T11:32:19.822+0000][2739.653s][info][gc,heap        ] GC(1772) Tenured: 15112K(22468K)->15112K(22468K)
[2025-04-17T11:32:19.822+0000][2739.653s][info][gc,metaspace   ] GC(1772) Metaspace: 37504K(37888K)->37504K(37888K) NonClass: 33078K(33280K)->33078K(33280K) Class: 4425K(4608K)->4425K(4608K)
[2025-04-17T11:32:19.822+0000][2739.653s][info][gc             ] GC(1772) Pause Young (Allocation Failure) 23M->14M(31M) 1.173ms
[2025-04-17T11:32:19.822+0000][2739.653s][info][gc,cpu         ] GC(1772) User=0.00s Sys=0.00s Real=0.00s
[2025-04-17T11:32:21.498+0000][2741.328s][info][gc,start       ] GC(1773) Pause Young (Allocation Failure)
[2025-04-17T11:32:21.499+0000][2741.330s][info][gc,heap        ] GC(1773) DefNew: 9180K(10176K)->83K(10176K) Eden: 9084K(9088K)->0K(9088K) From: 95K(1088K)->83K(1088K)
[2025-04-17T11:32:21.499+0000][2741.330s][info][gc,heap        ] GC(1773) Tenured: 15112K(22468K)->15112K(22468K)
[2025-04-17T11:32:21.499+0000][2741.330s][info][gc,metaspace   ] GC(1773) Metaspace: 37504K(37888K)->37504K(37888K) NonClass: 33078K(33280K)->33078K(33280K) Class: 4425K(4608K)->4425K(4608K)
[2025-04-17T11:32:21.499+0000][2741.330s][info][gc             ] GC(1773) Pause Young (Allocation Failure) 23M->14M(31M) 1.191ms
[2025-04-17T11:32:21.499+0000][2741.330s][info][gc,cpu         ] GC(1773) User=0.00s Sys=0.00s Real=0.00s
[2025-04-17T11:32:23.229+0000][2743.059s][info][gc,start       ] GC(1774) Pause Young (Allocation Failure)
[2025-04-17T11:32:23.230+0000][2743.060s][info][gc,heap        ] GC(1774) DefNew: 9171K(10176K)->81K(10176K) Eden: 9088K(9088K)->0K(9088K) From: 83K(1088K)->81K(1088K)
[2025-04-17T11:32:23.230+0000][2743.060s][info][gc,heap        ] GC(1774) Tenured: 15112K(22468K)->15112K(22468K)
[2025-04-17T11:32:23.230+0000][2743.060s][info][gc,metaspace   ] GC(1774) Metaspace: 37504K(37888K)->37504K(37888K) NonClass: 33078K(33280K)->33078K(33280K) Class: 4425K(4608K)->4425K(4608K)
[2025-04-17T11:32:23.230+0000][2743.060s][info][gc             ] GC(1774) Pause Young (Allocation Failure) 23M->14M(31M) 1.182ms
[2025-04-17T11:32:23.230+0000][2743.060s][info][gc,cpu         ] GC(1774) User=0.00s Sys=0.00s Real=0.00s
[2025-04-17T11:32:24.666+0000][2744.496s][info][gc,start       ] GC(1775) Pause Young (Allocation Failure)
[2025-04-17T11:32:24.667+0000][2744.497s][info][gc,heap        ] GC(1775) DefNew: 9169K(10176K)->81K(10176K) Eden: 9088K(9088K)->0K(9088K) From: 81K(1088K)->81K(1088K)
[2025-04-17T11:32:24.667+0000][2744.497s][info][gc,heap        ] GC(1775) Tenured: 15112K(22468K)->15112K(22468K)
[2025-04-17T11:32:24.667+0000][2744.497s][info][gc,metaspace   ] GC(1775) Metaspace: 37504K(37888K)->37504K(37888K) NonClass: 33078K(33280K)->33078K(33280K) Class: 4425K(4608K)->4425K(4608K)
[2025-04-17T11:32:24.667+0000][2744.497s][info][gc             ] GC(1775) Pause Young (Allocation Failure) 23M->14M(31M) 1.183ms
[2025-04-17T11:32:24.667+0000][2744.497s][info][gc,cpu         ] GC(1775) User=0.00s Sys=0.00s Real=0.00s
[2025-04-17T11:32:26.227+0000][2746.057s][info][gc,start       ] GC(1776) Pause Young (Allocation Failure)
[2025-04-17T11:32:26.228+0000][2746.059s][info][gc,heap        ] GC(1776) DefNew: 9169K(10176K)->95K(10176K) Eden: 9088K(9088K)->0K(9088K) From: 81K(1088K)->95K(1088K)
[2025-04-17T11:32:26.228+0000][2746.059s][info][gc,heap        ] GC(1776) Tenured: 15112K(22468K)->15113K(22468K)
[2025-04-17T11:32:26.228+0000][2746.059s][info][gc,metaspace   ] GC(1776) Metaspace: 37504K(37888K)->37504K(37888K) NonClass: 33078K(33280K)->33078K(33280K) Class: 4425K(4608K)->4425K(4608K)
[2025-04-17T11:32:26.228+0000][2746.059s][info][gc             ] GC(1776) Pause Young (Allocation Failure) 23M->14M(31M) 1.184ms
[2025-04-17T11:32:26.228+0000][2746.059s][info][gc,cpu         ] GC(1776) User=0.00s Sys=0.00s Real=0.00s
[2025-04-17T11:32:27.839+0000][2747.669s][info][gc,start       ] GC(1777) Pause Young (Allocation Failure)
[2025-04-17T11:32:27.840+0000][2747.670s][info][gc,heap        ] GC(1777) DefNew: 9176K(10176K)->82K(10176K) Eden: 9080K(9088K)->0K(9088K) From: 95K(1088K)->82K(1088K)
[2025-04-17T11:32:27.840+0000][2747.670s][info][gc,heap        ] GC(1777) Tenured: 15113K(22468K)->15113K(22468K)
[2025-04-17T11:32:27.840+0000][2747.670s][info][gc,metaspace   ] GC(1777) Metaspace: 37504K(37888K)->37504K(37888K) NonClass: 33078K(33280K)->33078K(33280K) Class: 4425K(4608K)->4425K(4608K)
[2025-04-17T11:32:27.840+0000][2747.670s][info][gc             ] GC(1777) Pause Young (Allocation Failure) 23M->14M(31M) 1.303ms
[2025-04-17T11:32:27.840+0000][2747.670s][info][gc,cpu         ] GC(1777) User=0.00s Sys=0.00s Real=0.00s
[2025-04-17T11:32:29.463+0000][2749.293s][info][gc,start       ] GC(1778) Pause Young (Allocation Failure)
[2025-04-17T11:32:29.464+0000][2749.294s][info][gc,heap        ] GC(1778) DefNew: 9170K(10176K)->91K(10176K) Eden: 9088K(9088K)->0K(9088K) From: 82K(1088K)->91K(1088K)
[2025-04-17T11:32:29.464+0000][2749.294s][info][gc,heap        ] GC(1778) Tenured: 15113K(22468K)->15114K(22468K)
[2025-04-17T11:32:29.464+0000][2749.294s][info][gc,metaspace   ] GC(1778) Metaspace: 37504K(37888K)->37504K(37888K) NonClass: 33078K(33280K)->33078K(33280K) Class: 4425K(4608K)->4425K(4608K)
[2025-04-17T11:32:29.464+0000][2749.294s][info][gc             ] GC(1778) Pause Young (Allocation Failure) 23M->14M(31M) 1.403ms
[2025-04-17T11:32:29.464+0000][2749.294s][info][gc,cpu         ] GC(1778) User=0.00s Sys=0.00s Real=0.01s
[2025-04-17T11:32:31.244+0000][2751.075s][info][gc,start       ] GC(1779) Pause Young (Allocation Failure)
[2025-04-17T11:32:31.246+0000][2751.076s][info][gc,heap        ] GC(1779) DefNew: 9179K(10176K)->81K(10176K) Eden: 9088K(9088K)->0K(9088K) From: 91K(1088K)->81K(1088K)
[2025-04-17T11:32:31.246+0000][2751.076s][info][gc,heap        ] GC(1779) Tenured: 15114K(22468K)->15114K(22468K)
[2025-04-17T11:32:31.246+0000][2751.076s][info][gc,metaspace   ] GC(1779) Metaspace: 37504K(37888K)->37504K(37888K) NonClass: 33078K(33280K)->33078K(33280K) Class: 4425K(4608K)->4425K(4608K)
[2025-04-17T11:32:31.246+0000][2751.076s][info][gc             ] GC(1779) Pause Young (Allocation Failure) 23M->14M(31M) 1.196ms
[2025-04-17T11:32:31.246+0000][2751.076s][info][gc,cpu         ] GC(1779) User=0.00s Sys=0.00s Real=0.00s
[2025-04-17T11:32:32.901+0000][2752.731s][info][gc,start       ] GC(1780) Pause Young (Allocation Failure)
[2025-04-17T11:32:32.902+0000][2752.732s][info][gc,heap        ] GC(1780) DefNew: 9169K(10176K)->96K(10176K) Eden: 9088K(9088K)->0K(9088K) From: 81K(1088K)->96K(1088K)
[2025-04-17T11:32:32.902+0000][2752.732s][info][gc,heap        ] GC(1780) Tenured: 15114K(22468K)->15114K(22468K)
[2025-04-17T11:32:32.902+0000][2752.732s][info][gc,metaspace   ] GC(1780) Metaspace: 37504K(37888K)->37504K(37888K) NonClass: 33078K(33280K)->33078K(33280K) Class: 4425K(4608K)->4425K(4608K)
[2025-04-17T11:32:32.902+0000][2752.732s][info][gc             ] GC(1780) Pause Young (Allocation Failure) 23M->14M(31M) 1.243ms
[2025-04-17T11:32:32.902+0000][2752.732s][info][gc,cpu         ] GC(1780) User=0.00s Sys=0.00s Real=0.00s
[2025-04-17T11:32:34.410+0000][2754.240s][info][gc,start       ] GC(1781) Pause Young (Allocation Failure)
[2025-04-17T11:32:34.412+0000][2754.242s][info][gc,heap        ] GC(1781) DefNew: 9184K(10176K)->99K(10176K) Eden: 9088K(9088K)->0K(9088K) From: 96K(1088K)->99K(1088K)
[2025-04-17T11:32:34.412+0000][2754.242s][info][gc,heap        ] GC(1781) Tenured: 15114K(22468K)->15114K(22468K)
[2025-04-17T11:32:34.412+0000][2754.242s][info][gc,metaspace   ] GC(1781) Metaspace: 37504K(37888K)->37504K(37888K) NonClass: 33078K(33280K)->33078K(33280K) Class: 4425K(4608K)->4425K(4608K)
[2025-04-17T11:32:34.412+0000][2754.242s][info][gc             ] GC(1781) Pause Young (Allocation Failure) 23M->14M(31M) 1.582ms
[2025-04-17T11:32:34.412+0000][2754.242s][info][gc,cpu         ] GC(1781) User=0.00s Sys=0.00s Real=0.00s
[2025-04-17T11:32:35.892+0000][2755.722s][info][gc,start       ] GC(1782) Pause Young (Allocation Failure)
[2025-04-17T11:32:35.893+0000][2755.723s][info][gc,heap        ] GC(1782) DefNew: 9187K(10176K)->95K(10176K) Eden: 9088K(9088K)->0K(9088K) From: 99K(1088K)->95K(1088K)
[2025-04-17T11:32:35.893+0000][2755.723s][info][gc,heap        ] GC(1782) Tenured: 15114K(22468K)->15114K(22468K)
[2025-04-17T11:32:35.893+0000][2755.723s][info][gc,metaspace   ] GC(1782) Metaspace: 37504K(37888K)->37504K(37888K) NonClass: 33078K(33280K)->33078K(33280K) Class: 4425K(4608K)->4425K(4608K)
[2025-04-17T11:32:35.893+0000][2755.723s][info][gc             ] GC(1782) Pause Young (Allocation Failure) 23M->14M(31M) 1.247ms
[2025-04-17T11:32:35.893+0000][2755.723s][info][gc,cpu         ] GC(1782) User=0.00s Sys=0.00s Real=0.00s
[2025-04-17T11:32:37.552+0000][2757.382s][info][gc,start       ] GC(1783) Pause Young (Allocation Failure)
[2025-04-17T11:32:37.553+0000][2757.384s][info][gc,heap        ] GC(1783) DefNew: 9183K(10176K)->80K(10176K) Eden: 9088K(9088K)->0K(9088K) From: 95K(1088K)->80K(1088K)
[2025-04-17T11:32:37.553+0000][2757.384s][info][gc,heap        ] GC(1783) Tenured: 15114K(22468K)->15116K(22468K)
[2025-04-17T11:32:37.553+0000][2757.384s][info][gc,metaspace   ] GC(1783) Metaspace: 37504K(37888K)->37504K(37888K) NonClass: 33078K(33280K)->33078K(33280K) Class: 4425K(4608K)->4425K(4608K)
[2025-04-17T11:32:37.553+0000][2757.384s][info][gc             ] GC(1783) Pause Young (Allocation Failure) 23M->14M(31M) 1.240ms
[2025-04-17T11:32:37.553+0000][2757.384s][info][gc,cpu         ] GC(1783) User=0.00s Sys=0.00s Real=0.00s
[2025-04-17T11:32:39.144+0000][2758.974s][info][gc,start       ] GC(1784) Pause Young (Allocation Failure)
[2025-04-17T11:32:39.145+0000][2758.975s][info][gc,heap        ] GC(1784) DefNew: 9168K(10176K)->76K(10176K) Eden: 9088K(9088K)->0K(9088K) From: 80K(1088K)->76K(1088K)
[2025-04-17T11:32:39.145+0000][2758.975s][info][gc,heap        ] GC(1784) Tenured: 15116K(22468K)->15117K(22468K)
[2025-04-17T11:32:39.145+0000][2758.975s][info][gc,metaspace   ] GC(1784) Metaspace: 37504K(37888K)->37504K(37888K) NonClass: 33078K(33280K)->33078K(33280K) Class: 4425K(4608K)->4425K(4608K)
[2025-04-17T11:32:39.145+0000][2758.975s][info][gc             ] GC(1784) Pause Young (Allocation Failure) 23M->14M(31M) 1.322ms
[2025-04-17T11:32:39.145+0000][2758.975s][info][gc,cpu         ] GC(1784) User=0.00s Sys=0.00s Real=0.01s
[2025-04-17T11:32:40.920+0000][2760.750s][info][gc,start       ] GC(1785) Pause Young (Allocation Failure)
[2025-04-17T11:32:40.921+0000][2760.751s][info][gc,heap        ] GC(1785) DefNew: 9164K(10176K)->94K(10176K) Eden: 9088K(9088K)->0K(9088K) From: 76K(1088K)->94K(1088K)
[2025-04-17T11:32:40.921+0000][2760.751s][info][gc,heap        ] GC(1785) Tenured: 15117K(22468K)->15117K(22468K)
[2025-04-17T11:32:40.921+0000][2760.751s][info][gc,metaspace   ] GC(1785) Metaspace: 37504K(37888K)->37504K(37888K) NonClass: 33078K(33280K)->33078K(33280K) Class: 4425K(4608K)->4425K(4608K)
[2025-04-17T11:32:40.921+0000][2760.751s][info][gc             ] GC(1785) Pause Young (Allocation Failure) 23M->14M(31M) 1.287ms
[2025-04-17T11:32:40.921+0000][2760.751s][info][gc,cpu         ] GC(1785) User=0.00s Sys=0.00s Real=0.00s
[2025-04-17T11:32:41.964+0000][2761.794s][info][gc,start       ] GC(1786) Pause Young (Allocation Failure)
[2025-04-17T11:32:41.965+0000][2761.795s][info][gc,heap        ] GC(1786) DefNew: 9182K(10176K)->79K(10176K) Eden: 9088K(9088K)->0K(9088K) From: 94K(1088K)->79K(1088K)
[2025-04-17T11:32:41.965+0000][2761.795s][info][gc,heap        ] GC(1786) Tenured: 15117K(22468K)->15118K(22468K)
[2025-04-17T11:32:41.965+0000][2761.795s][info][gc,metaspace   ] GC(1786) Metaspace: 37504K(37888K)->37504K(37888K) NonClass: 33078K(33280K)->33078K(33280K) Class: 4425K(4608K)->4425K(4608K)
[2025-04-17T11:32:41.965+0000][2761.795s][info][gc             ] GC(1786) Pause Young (Allocation Failure) 23M->14M(31M) 1.304ms
[2025-04-17T11:32:41.965+0000][2761.795s][info][gc,cpu         ] GC(1786) User=0.00s Sys=0.00s Real=0.01s
[2025-04-17T11:32:43.894+0000][2763.725s][info][gc,start       ] GC(1787) Pause Young (Allocation Failure)
[2025-04-17T11:32:43.896+0000][2763.726s][info][gc,heap        ] GC(1787) DefNew: 9167K(10176K)->81K(10176K) Eden: 9088K(9088K)->0K(9088K) From: 79K(1088K)->81K(1088K)
[2025-04-17T11:32:43.896+0000][2763.726s][info][gc,heap        ] GC(1787) Tenured: 15118K(22468K)->15119K(22468K)
[2025-04-17T11:32:43.896+0000][2763.726s][info][gc,metaspace   ] GC(1787) Metaspace: 37504K(37888K)->37504K(37888K) NonClass: 33078K(33280K)->33078K(33280K) Class: 4425K(4608K)->4425K(4608K)
[2025-04-17T11:32:43.896+0000][2763.726s][info][gc             ] GC(1787) Pause Young (Allocation Failure) 23M->14M(31M) 1.267ms
[2025-04-17T11:32:43.896+0000][2763.726s][info][gc,cpu         ] GC(1787) User=0.00s Sys=0.00s Real=0.00s
[2025-04-17T11:32:45.550+0000][2765.380s][info][gc,start       ] GC(1788) Pause Young (Allocation Failure)
[2025-04-17T11:32:45.551+0000][2765.382s][info][gc,heap        ] GC(1788) DefNew: 9169K(10176K)->93K(10176K) Eden: 9087K(9088K)->0K(9088K) From: 81K(1088K)->93K(1088K)
[2025-04-17T11:32:45.552+0000][2765.382s][info][gc,heap        ] GC(1788) Tenured: 15119K(22468K)->15121K(22468K)
[2025-04-17T11:32:45.552+0000][2765.382s][info][gc,metaspace   ] GC(1788) Metaspace: 37504K(37888K)->37504K(37888K) NonClass: 33078K(33280K)->33078K(33280K) Class: 4425K(4608K)->4425K(4608K)
[2025-04-17T11:32:45.552+0000][2765.382s][info][gc             ] GC(1788) Pause Young (Allocation Failure) 23M->14M(31M) 1.215ms
[2025-04-17T11:32:45.552+0000][2765.382s][info][gc,cpu         ] GC(1788) User=0.00s Sys=0.00s Real=0.00s
[2025-04-17T11:32:46.986+0000][2766.816s][info][gc,start       ] GC(1789) Pause Young (Allocation Failure)
[2025-04-17T11:32:46.987+0000][2766.817s][info][gc,heap        ] GC(1789) DefNew: 9181K(10176K)->93K(10176K) Eden: 9088K(9088K)->0K(9088K) From: 93K(1088K)->93K(1088K)
[2025-04-17T11:32:46.987+0000][2766.817s][info][gc,heap        ] GC(1789) Tenured: 15121K(22468K)->15121K(22468K)
[2025-04-17T11:32:46.987+0000][2766.817s][info][gc,metaspace   ] GC(1789) Metaspace: 37504K(37888K)->37504K(37888K) NonClass: 33078K(33280K)->33078K(33280K) Class: 4425K(4608K)->4425K(4608K)
[2025-04-17T11:32:46.987+0000][2766.817s][info][gc             ] GC(1789) Pause Young (Allocation Failure) 23M->14M(31M) 1.229ms
[2025-04-17T11:32:46.987+0000][2766.817s][info][gc,cpu         ] GC(1789) User=0.00s Sys=0.00s Real=0.00s
[2025-04-17T11:32:48.537+0000][2768.367s][info][gc,start       ] GC(1790) Pause Young (Allocation Failure)
[2025-04-17T11:32:48.538+0000][2768.369s][info][gc,heap        ] GC(1790) DefNew: 9170K(10176K)->80K(10176K) Eden: 9077K(9088K)->0K(9088K) From: 93K(1088K)->80K(1088K)
[2025-04-17T11:32:48.538+0000][2768.369s][info][gc,heap        ] GC(1790) Tenured: 15121K(22468K)->15121K(22468K)
[2025-04-17T11:32:48.538+0000][2768.369s][info][gc,metaspace   ] GC(1790) Metaspace: 37504K(37888K)->37504K(37888K) NonClass: 33078K(33280K)->33078K(33280K) Class: 4425K(4608K)->4425K(4608K)
[2025-04-17T11:32:48.539+0000][2768.369s][info][gc             ] GC(1790) Pause Young (Allocation Failure) 23M->14M(31M) 1.200ms
[2025-04-17T11:32:48.539+0000][2768.369s][info][gc,cpu         ] GC(1790) User=0.00s Sys=0.00s Real=0.00s
[2025-04-17T11:32:50.131+0000][2769.961s][info][gc,start       ] GC(1791) Pause Young (Allocation Failure)
[2025-04-17T11:32:50.133+0000][2769.963s][info][gc,heap        ] GC(1791) DefNew: 9168K(10176K)->77K(10176K) Eden: 9088K(9088K)->0K(9088K) From: 80K(1088K)->77K(1088K)
[2025-04-17T11:32:50.133+0000][2769.963s][info][gc,heap        ] GC(1791) Tenured: 15121K(22468K)->15121K(22468K)
[2025-04-17T11:32:50.133+0000][2769.963s][info][gc,metaspace   ] GC(1791) Metaspace: 37504K(37888K)->37504K(37888K) NonClass: 33078K(33280K)->33078K(33280K) Class: 4425K(4608K)->4425K(4608K)
[2025-04-17T11:32:50.133+0000][2769.963s][info][gc             ] GC(1791) Pause Young (Allocation Failure) 23M->14M(31M) 1.264ms
[2025-04-17T11:32:50.133+0000][2769.963s][info][gc,cpu         ] GC(1791) User=0.00s Sys=0.00s Real=0.00s
[2025-04-17T11:32:51.703+0000][2771.533s][info][gc,start       ] GC(1792) Pause Young (Allocation Failure)
[2025-04-17T11:32:51.704+0000][2771.534s][info][gc,heap        ] GC(1792) DefNew: 9165K(10176K)->76K(10176K) Eden: 9088K(9088K)->0K(9088K) From: 77K(1088K)->76K(1088K)
[2025-04-17T11:32:51.704+0000][2771.534s][info][gc,heap        ] GC(1792) Tenured: 15121K(22468K)->15121K(22468K)
[2025-04-17T11:32:51.704+0000][2771.534s][info][gc,metaspace   ] GC(1792) Metaspace: 37504K(37888K)->37504K(37888K) NonClass: 33078K(33280K)->33078K(33280K) Class: 4425K(4608K)->4425K(4608K)
[2025-04-17T11:32:51.704+0000][2771.534s][info][gc             ] GC(1792) Pause Young (Allocation Failure) 23M->14M(31M) 1.280ms
[2025-04-17T11:32:51.704+0000][2771.534s][info][gc,cpu         ] GC(1792) User=0.00s Sys=0.00s Real=0.00s
[2025-04-17T11:32:53.239+0000][2773.069s][info][gc,start       ] GC(1793) Pause Young (Allocation Failure)
[2025-04-17T11:32:53.240+0000][2773.070s][info][gc,heap        ] GC(1793) DefNew: 9164K(10176K)->88K(10176K) Eden: 9088K(9088K)->0K(9088K) From: 76K(1088K)->88K(1088K)
[2025-04-17T11:32:53.240+0000][2773.071s][info][gc,heap        ] GC(1793) Tenured: 15121K(22468K)->15122K(22468K)
[2025-04-17T11:32:53.240+0000][2773.071s][info][gc,metaspace   ] GC(1793) Metaspace: 37504K(37888K)->37504K(37888K) NonClass: 33078K(33280K)->33078K(33280K) Class: 4425K(4608K)->4425K(4608K)
[2025-04-17T11:32:53.240+0000][2773.071s][info][gc             ] GC(1793) Pause Young (Allocation Failure) 23M->14M(31M) 1.222ms
[2025-04-17T11:32:53.240+0000][2773.071s][info][gc,cpu         ] GC(1793) User=0.00s Sys=0.00s Real=0.00s
[2025-04-17T11:32:54.626+0000][2774.456s][info][gc,start       ] GC(1794) Pause Young (Allocation Failure)
[2025-04-17T11:32:54.627+0000][2774.457s][info][gc,heap        ] GC(1794) DefNew: 9176K(10176K)->82K(10176K) Eden: 9088K(9088K)->0K(9088K) From: 88K(1088K)->82K(1088K)
[2025-04-17T11:32:54.627+0000][2774.458s][info][gc,heap        ] GC(1794) Tenured: 15122K(22468K)->15123K(22468K)
[2025-04-17T11:32:54.627+0000][2774.458s][info][gc,metaspace   ] GC(1794) Metaspace: 37504K(37888K)->37504K(37888K) NonClass: 33078K(33280K)->33078K(33280K) Class: 4425K(4608K)->4425K(4608K)
[2025-04-17T11:32:54.627+0000][2774.458s][info][gc             ] GC(1794) Pause Young (Allocation Failure) 23M->14M(31M) 1.351ms
[2025-04-17T11:32:54.627+0000][2774.458s][info][gc,cpu         ] GC(1794) User=0.00s Sys=0.00s Real=0.00s
[2025-04-17T11:32:56.390+0000][2776.220s][info][gc,start       ] GC(1795) Pause Young (Allocation Failure)
[2025-04-17T11:32:56.391+0000][2776.221s][info][gc,heap        ] GC(1795) DefNew: 9170K(10176K)->81K(10176K) Eden: 9088K(9088K)->0K(9088K) From: 82K(1088K)->81K(1088K)
[2025-04-17T11:32:56.391+0000][2776.221s][info][gc,heap        ] GC(1795) Tenured: 15123K(22468K)->15123K(22468K)
[2025-04-17T11:32:56.391+0000][2776.221s][info][gc,metaspace   ] GC(1795) Metaspace: 37504K(37888K)->37504K(37888K) NonClass: 33078K(33280K)->33078K(33280K) Class: 4425K(4608K)->4425K(4608K)
[2025-04-17T11:32:56.391+0000][2776.221s][info][gc             ] GC(1795) Pause Young (Allocation Failure) 23M->14M(31M) 1.209ms
[2025-04-17T11:32:56.391+0000][2776.221s][info][gc,cpu         ] GC(1795) User=0.00s Sys=0.00s Real=0.00s
[2025-04-17T11:32:57.716+0000][2777.546s][info][gc,start       ] GC(1796) Pause Young (Allocation Failure)
[2025-04-17T11:32:57.717+0000][2777.547s][info][gc,heap        ] GC(1796) DefNew: 9169K(10176K)->90K(10176K) Eden: 9088K(9088K)->0K(9088K) From: 81K(1088K)->90K(1088K)
[2025-04-17T11:32:57.717+0000][2777.547s][info][gc,heap        ] GC(1796) Tenured: 15123K(22468K)->15125K(22468K)
[2025-04-17T11:32:57.717+0000][2777.547s][info][gc,metaspace   ] GC(1796) Metaspace: 37504K(37888K)->37504K(37888K) NonClass: 33078K(33280K)->33078K(33280K) Class: 4425K(4608K)->4425K(4608K)
[2025-04-17T11:32:57.717+0000][2777.547s][info][gc             ] GC(1796) Pause Young (Allocation Failure) 23M->14M(31M) 1.359ms
[2025-04-17T11:32:57.717+0000][2777.547s][info][gc,cpu         ] GC(1796) User=0.00s Sys=0.00s Real=0.00s
[2025-04-17T11:32:59.423+0000][2779.253s][info][gc,start       ] GC(1797) Pause Young (Allocation Failure)
[2025-04-17T11:32:59.424+0000][2779.254s][info][gc,heap        ] GC(1797) DefNew: 9178K(10176K)->100K(10176K) Eden: 9088K(9088K)->0K(9088K) From: 90K(1088K)->100K(1088K)
[2025-04-17T11:32:59.424+0000][2779.254s][info][gc,heap        ] GC(1797) Tenured: 15125K(22468K)->15125K(22468K)
[2025-04-17T11:32:59.424+0000][2779.254s][info][gc,metaspace   ] GC(1797) Metaspace: 37504K(37888K)->37504K(37888K) NonClass: 33078K(33280K)->33078K(33280K) Class: 4425K(4608K)->4425K(4608K)
[2025-04-17T11:32:59.424+0000][2779.254s][info][gc             ] GC(1797) Pause Young (Allocation Failure) 23M->14M(31M) 1.278ms
[2025-04-17T11:32:59.424+0000][2779.254s][info][gc,cpu         ] GC(1797) User=0.00s Sys=0.00s Real=0.01s
[2025-04-17T11:33:00.937+0000][2780.768s][info][gc,start       ] GC(1798) Pause Young (Allocation Failure)
[2025-04-17T11:33:00.939+0000][2780.769s][info][gc,heap        ] GC(1798) DefNew: 9188K(10176K)->84K(10176K) Eden: 9088K(9088K)->0K(9088K) From: 100K(1088K)->84K(1088K)
[2025-04-17T11:33:00.939+0000][2780.769s][info][gc,heap        ] GC(1798) Tenured: 15125K(22468K)->15125K(22468K)
[2025-04-17T11:33:00.939+0000][2780.769s][info][gc,metaspace   ] GC(1798) Metaspace: 37504K(37888K)->37504K(37888K) NonClass: 33078K(33280K)->33078K(33280K) Class: 4425K(4608K)->4425K(4608K)
[2025-04-17T11:33:00.939+0000][2780.769s][info][gc             ] GC(1798) Pause Young (Allocation Failure) 23M->14M(31M) 1.242ms
[2025-04-17T11:33:00.939+0000][2780.769s][info][gc,cpu         ] GC(1798) User=0.00s Sys=0.00s Real=0.00s
[2025-04-17T11:33:02.226+0000][2782.056s][info][gc,start       ] GC(1799) Pause Young (Allocation Failure)
[2025-04-17T11:33:02.228+0000][2782.058s][info][gc,heap        ] GC(1799) DefNew: 9172K(10176K)->86K(10176K) Eden: 9087K(9088K)->0K(9088K) From: 84K(1088K)->86K(1088K)
[2025-04-17T11:33:02.228+0000][2782.058s][info][gc,heap        ] GC(1799) Tenured: 15125K(22468K)->15125K(22468K)
[2025-04-17T11:33:02.228+0000][2782.058s][info][gc,metaspace   ] GC(1799) Metaspace: 37504K(37888K)->37504K(37888K) NonClass: 33078K(33280K)->33078K(33280K) Class: 4425K(4608K)->4425K(4608K)
[2025-04-17T11:33:02.228+0000][2782.058s][info][gc             ] GC(1799) Pause Young (Allocation Failure) 23M->14M(31M) 1.244ms
[2025-04-17T11:33:02.228+0000][2782.058s][info][gc,cpu         ] GC(1799) User=0.00s Sys=0.00s Real=0.00s
[2025-04-17T11:33:04.104+0000][2783.934s][info][gc,start       ] GC(1800) Pause Young (Allocation Failure)
[2025-04-17T11:33:04.105+0000][2783.935s][info][gc,heap        ] GC(1800) DefNew: 9174K(10176K)->86K(10176K) Eden: 9088K(9088K)->0K(9088K) From: 86K(1088K)->86K(1088K)
[2025-04-17T11:33:04.105+0000][2783.935s][info][gc,heap        ] GC(1800) Tenured: 15125K(22468K)->15126K(22468K)
[2025-04-17T11:33:04.105+0000][2783.935s][info][gc,metaspace   ] GC(1800) Metaspace: 37504K(37888K)->37504K(37888K) NonClass: 33078K(33280K)->33078K(33280K) Class: 4425K(4608K)->4425K(4608K)
[2025-04-17T11:33:04.105+0000][2783.935s][info][gc             ] GC(1800) Pause Young (Allocation Failure) 23M->14M(31M) 1.253ms
[2025-04-17T11:33:04.105+0000][2783.935s][info][gc,cpu         ] GC(1800) User=0.00s Sys=0.00s Real=0.01s
[2025-04-17T11:33:05.541+0000][2785.371s][info][gc,start       ] GC(1801) Pause Young (Allocation Failure)
[2025-04-17T11:33:05.542+0000][2785.372s][info][gc,heap        ] GC(1801) DefNew: 9173K(10176K)->105K(10176K) Eden: 9087K(9088K)->0K(9088K) From: 86K(1088K)->105K(1088K)
[2025-04-17T11:33:05.542+0000][2785.372s][info][gc,heap        ] GC(1801) Tenured: 15126K(22468K)->15126K(22468K)
[2025-04-17T11:33:05.542+0000][2785.372s][info][gc,metaspace   ] GC(1801) Metaspace: 37504K(37888K)->37504K(37888K) NonClass: 33078K(33280K)->33078K(33280K) Class: 4425K(4608K)->4425K(4608K)
[2025-04-17T11:33:05.542+0000][2785.372s][info][gc             ] GC(1801) Pause Young (Allocation Failure) 23M->14M(31M) 1.332ms
[2025-04-17T11:33:05.542+0000][2785.372s][info][gc,cpu         ] GC(1801) User=0.01s Sys=0.00s Real=0.00s
[2025-04-17T11:33:07.168+0000][2786.999s][info][gc,start       ] GC(1802) Pause Young (Allocation Failure)
[2025-04-17T11:33:07.170+0000][2787.000s][info][gc,heap        ] GC(1802) DefNew: 9193K(10176K)->86K(10176K) Eden: 9088K(9088K)->0K(9088K) From: 105K(1088K)->86K(1088K)
[2025-04-17T11:33:07.170+0000][2787.000s][info][gc,heap        ] GC(1802) Tenured: 15126K(22468K)->15126K(22468K)
[2025-04-17T11:33:07.170+0000][2787.000s][info][gc,metaspace   ] GC(1802) Metaspace: 37504K(37888K)->37504K(37888K) NonClass: 33078K(33280K)->33078K(33280K) Class: 4425K(4608K)->4425K(4608K)
[2025-04-17T11:33:07.170+0000][2787.000s][info][gc             ] GC(1802) Pause Young (Allocation Failure) 23M->14M(31M) 1.245ms
[2025-04-17T11:33:07.170+0000][2787.000s][info][gc,cpu         ] GC(1802) User=0.00s Sys=0.00s Real=0.00s
[2025-04-17T11:33:08.735+0000][2788.565s][info][gc,start       ] GC(1803) Pause Young (Allocation Failure)
[2025-04-17T11:33:08.736+0000][2788.566s][info][gc,heap        ] GC(1803) DefNew: 9174K(10176K)->92K(10176K) Eden: 9088K(9088K)->0K(9088K) From: 86K(1088K)->92K(1088K)
[2025-04-17T11:33:08.736+0000][2788.566s][info][gc,heap        ] GC(1803) Tenured: 15126K(22468K)->15126K(22468K)
[2025-04-17T11:33:08.736+0000][2788.566s][info][gc,metaspace   ] GC(1803) Metaspace: 37504K(37888K)->37504K(37888K) NonClass: 33078K(33280K)->33078K(33280K) Class: 4425K(4608K)->4425K(4608K)
[2025-04-17T11:33:08.736+0000][2788.566s][info][gc             ] GC(1803) Pause Young (Allocation Failure) 23M->14M(31M) 1.299ms
[2025-04-17T11:33:08.736+0000][2788.566s][info][gc,cpu         ] GC(1803) User=0.00s Sys=0.00s Real=0.00s
[2025-04-17T11:33:10.395+0000][2790.225s][info][gc,start       ] GC(1804) Pause Young (Allocation Failure)
[2025-04-17T11:33:10.396+0000][2790.226s][info][gc,heap        ] GC(1804) DefNew: 9180K(10176K)->92K(10176K) Eden: 9088K(9088K)->0K(9088K) From: 92K(1088K)->92K(1088K)
[2025-04-17T11:33:10.396+0000][2790.226s][info][gc,heap        ] GC(1804) Tenured: 15126K(22468K)->15126K(22468K)
[2025-04-17T11:33:10.396+0000][2790.226s][info][gc,metaspace   ] GC(1804) Metaspace: 37504K(37888K)->37504K(37888K) NonClass: 33078K(33280K)->33078K(33280K) Class: 4425K(4608K)->4425K(4608K)
[2025-04-17T11:33:10.396+0000][2790.226s][info][gc             ] GC(1804) Pause Young (Allocation Failure) 23M->14M(31M) 1.378ms
[2025-04-17T11:33:10.396+0000][2790.226s][info][gc,cpu         ] GC(1804) User=0.00s Sys=0.00s Real=0.00s
[2025-04-17T11:33:12.092+0000][2791.922s][info][gc,start       ] GC(1805) Pause Young (Allocation Failure)
[2025-04-17T11:33:12.093+0000][2791.923s][info][gc,heap        ] GC(1805) DefNew: 9180K(10176K)->107K(10176K) Eden: 9087K(9088K)->0K(9088K) From: 92K(1088K)->107K(1088K)
[2025-04-17T11:33:12.093+0000][2791.923s][info][gc,heap        ] GC(1805) Tenured: 15126K(22468K)->15126K(22468K)
[2025-04-17T11:33:12.093+0000][2791.923s][info][gc,metaspace   ] GC(1805) Metaspace: 37504K(37888K)->37504K(37888K) NonClass: 33078K(33280K)->33078K(33280K) Class: 4425K(4608K)->4425K(4608K)
[2025-04-17T11:33:12.093+0000][2791.923s][info][gc             ] GC(1805) Pause Young (Allocation Failure) 23M->14M(31M) 1.247ms
[2025-04-17T11:33:12.093+0000][2791.923s][info][gc,cpu         ] GC(1805) User=0.00s Sys=0.00s Real=0.00s
[2025-04-17T11:33:13.538+0000][2793.368s][info][gc,start       ] GC(1806) Pause Young (Allocation Failure)
[2025-04-17T11:33:13.539+0000][2793.369s][info][gc,heap        ] GC(1806) DefNew: 9195K(10176K)->112K(10176K) Eden: 9087K(9088K)->0K(9088K) From: 107K(1088K)->112K(1088K)
[2025-04-17T11:33:13.539+0000][2793.369s][info][gc,heap        ] GC(1806) Tenured: 15126K(22468K)->15126K(22468K)
[2025-04-17T11:33:13.539+0000][2793.369s][info][gc,metaspace   ] GC(1806) Metaspace: 37504K(37888K)->37504K(37888K) NonClass: 33078K(33280K)->33078K(33280K) Class: 4425K(4608K)->4425K(4608K)
[2025-04-17T11:33:13.539+0000][2793.369s][info][gc             ] GC(1806) Pause Young (Allocation Failure) 23M->14M(31M) 1.281ms
[2025-04-17T11:33:13.539+0000][2793.369s][info][gc,cpu         ] GC(1806) User=0.01s Sys=0.00s Real=0.00s
[2025-04-17T11:33:15.381+0000][2795.211s][info][gc,start       ] GC(1807) Pause Young (Allocation Failure)
[2025-04-17T11:33:15.382+0000][2795.212s][info][gc,heap        ] GC(1807) DefNew: 9200K(10176K)->94K(10176K) Eden: 9088K(9088K)->0K(9088K) From: 112K(1088K)->94K(1088K)
[2025-04-17T11:33:15.382+0000][2795.212s][info][gc,heap        ] GC(1807) Tenured: 15126K(22468K)->15128K(22468K)
[2025-04-17T11:33:15.382+0000][2795.212s][info][gc,metaspace   ] GC(1807) Metaspace: 37504K(37888K)->37504K(37888K) NonClass: 33078K(33280K)->33078K(33280K) Class: 4425K(4608K)->4425K(4608K)
[2025-04-17T11:33:15.382+0000][2795.212s][info][gc             ] GC(1807) Pause Young (Allocation Failure) 23M->14M(31M) 1.367ms
[2025-04-17T11:33:15.382+0000][2795.212s][info][gc,cpu         ] GC(1807) User=0.00s Sys=0.00s Real=0.00s
[2025-04-17T11:33:16.696+0000][2796.527s][info][gc,start       ] GC(1808) Pause Young (Allocation Failure)
[2025-04-17T11:33:16.698+0000][2796.528s][info][gc,heap        ] GC(1808) DefNew: 9182K(10176K)->113K(10176K) Eden: 9088K(9088K)->0K(9088K) From: 94K(1088K)->113K(1088K)
[2025-04-17T11:33:16.698+0000][2796.528s][info][gc,heap        ] GC(1808) Tenured: 15128K(22468K)->15130K(22468K)
[2025-04-17T11:33:16.698+0000][2796.528s][info][gc,metaspace   ] GC(1808) Metaspace: 37504K(37888K)->37504K(37888K) NonClass: 33078K(33280K)->33078K(33280K) Class: 4425K(4608K)->4425K(4608K)
[2025-04-17T11:33:16.698+0000][2796.528s][info][gc             ] GC(1808) Pause Young (Allocation Failure) 23M->14M(31M) 1.342ms
[2025-04-17T11:33:16.698+0000][2796.528s][info][gc,cpu         ] GC(1808) User=0.00s Sys=0.00s Real=0.00s
[2025-04-17T11:33:18.075+0000][2797.905s][info][gc,start       ] GC(1809) Pause Young (Allocation Failure)
[2025-04-17T11:33:18.076+0000][2797.906s][info][gc,heap        ] GC(1809) DefNew: 9201K(10176K)->108K(10176K) Eden: 9088K(9088K)->0K(9088K) From: 113K(1088K)->108K(1088K)
[2025-04-17T11:33:18.076+0000][2797.906s][info][gc,heap        ] GC(1809) Tenured: 15130K(22468K)->15131K(22468K)
[2025-04-17T11:33:18.076+0000][2797.906s][info][gc,metaspace   ] GC(1809) Metaspace: 37504K(37888K)->37504K(37888K) NonClass: 33078K(33280K)->33078K(33280K) Class: 4425K(4608K)->4425K(4608K)
[2025-04-17T11:33:18.076+0000][2797.906s][info][gc             ] GC(1809) Pause Young (Allocation Failure) 23M->14M(31M) 1.370ms
[2025-04-17T11:33:18.076+0000][2797.906s][info][gc,cpu         ] GC(1809) User=0.00s Sys=0.00s Real=0.00s
[2025-04-17T11:33:19.779+0000][2799.609s][info][gc,start       ] GC(1810) Pause Young (Allocation Failure)
[2025-04-17T11:33:19.780+0000][2799.611s][info][gc,heap        ] GC(1810) DefNew: 9196K(10176K)->95K(10176K) Eden: 9088K(9088K)->0K(9088K) From: 108K(1088K)->95K(1088K)
[2025-04-17T11:33:19.780+0000][2799.611s][info][gc,heap        ] GC(1810) Tenured: 15131K(22468K)->15132K(22468K)
[2025-04-17T11:33:19.780+0000][2799.611s][info][gc,metaspace   ] GC(1810) Metaspace: 37504K(37888K)->37504K(37888K) NonClass: 33078K(33280K)->33078K(33280K) Class: 4425K(4608K)->4425K(4608K)
[2025-04-17T11:33:19.780+0000][2799.611s][info][gc             ] GC(1810) Pause Young (Allocation Failure) 23M->14M(31M) 1.248ms
[2025-04-17T11:33:19.780+0000][2799.611s][info][gc,cpu         ] GC(1810) User=0.00s Sys=0.00s Real=0.00s
[2025-04-17T11:33:21.261+0000][2801.091s][info][gc,start       ] GC(1811) Pause Young (Allocation Failure)
[2025-04-17T11:33:21.262+0000][2801.092s][info][gc,heap        ] GC(1811) DefNew: 9183K(10176K)->88K(10176K) Eden: 9088K(9088K)->0K(9088K) From: 95K(1088K)->88K(1088K)
[2025-04-17T11:33:21.262+0000][2801.092s][info][gc,heap        ] GC(1811) Tenured: 15132K(22468K)->15136K(22468K)
[2025-04-17T11:33:21.262+0000][2801.092s][info][gc,metaspace   ] GC(1811) Metaspace: 37504K(37888K)->37504K(37888K) NonClass: 33078K(33280K)->33078K(33280K) Class: 4425K(4608K)->4425K(4608K)
[2025-04-17T11:33:21.262+0000][2801.092s][info][gc             ] GC(1811) Pause Young (Allocation Failure) 23M->14M(31M) 1.293ms
[2025-04-17T11:33:21.262+0000][2801.092s][info][gc,cpu         ] GC(1811) User=0.00s Sys=0.00s Real=0.00s
[2025-04-17T11:33:22.711+0000][2802.541s][info][gc,start       ] GC(1812) Pause Young (Allocation Failure)
[2025-04-17T11:33:22.712+0000][2802.543s][info][gc,heap        ] GC(1812) DefNew: 9176K(10176K)->106K(10176K) Eden: 9088K(9088K)->0K(9088K) From: 88K(1088K)->106K(1088K)
[2025-04-17T11:33:22.712+0000][2802.543s][info][gc,heap        ] GC(1812) Tenured: 15136K(22468K)->15137K(22468K)
[2025-04-17T11:33:22.712+0000][2802.543s][info][gc,metaspace   ] GC(1812) Metaspace: 37504K(37888K)->37504K(37888K) NonClass: 33078K(33280K)->33078K(33280K) Class: 4425K(4608K)->4425K(4608K)
[2025-04-17T11:33:22.712+0000][2802.543s][info][gc             ] GC(1812) Pause Young (Allocation Failure) 23M->14M(31M) 1.154ms
[2025-04-17T11:33:22.712+0000][2802.543s][info][gc,cpu         ] GC(1812) User=0.00s Sys=0.00s Real=0.00s
[2025-04-17T11:33:24.365+0000][2804.196s][info][gc,start       ] GC(1813) Pause Young (Allocation Failure)
[2025-04-17T11:33:24.367+0000][2804.197s][info][gc,heap        ] GC(1813) DefNew: 9194K(10176K)->90K(10176K) Eden: 9088K(9088K)->0K(9088K) From: 106K(1088K)->90K(1088K)
[2025-04-17T11:33:24.367+0000][2804.197s][info][gc,heap        ] GC(1813) Tenured: 15137K(22468K)->15138K(22468K)
[2025-04-17T11:33:24.367+0000][2804.197s][info][gc,metaspace   ] GC(1813) Metaspace: 37504K(37888K)->37504K(37888K) NonClass: 33078K(33280K)->33078K(33280K) Class: 4425K(4608K)->4425K(4608K)
[2025-04-17T11:33:24.367+0000][2804.197s][info][gc             ] GC(1813) Pause Young (Allocation Failure) 23M->14M(31M) 1.294ms
[2025-04-17T11:33:24.367+0000][2804.197s][info][gc,cpu         ] GC(1813) User=0.00s Sys=0.00s Real=0.00s
[2025-04-17T11:33:26.031+0000][2805.861s][info][gc,start       ] GC(1814) Pause Young (Allocation Failure)
[2025-04-17T11:33:26.032+0000][2805.862s][info][gc,heap        ] GC(1814) DefNew: 9178K(10176K)->92K(10176K) Eden: 9087K(9088K)->0K(9088K) From: 90K(1088K)->92K(1088K)
[2025-04-17T11:33:26.032+0000][2805.862s][info][gc,heap        ] GC(1814) Tenured: 15138K(22468K)->15138K(22468K)
[2025-04-17T11:33:26.032+0000][2805.862s][info][gc,metaspace   ] GC(1814) Metaspace: 37504K(37888K)->37504K(37888K) NonClass: 33078K(33280K)->33078K(33280K) Class: 4425K(4608K)->4425K(4608K)
[2025-04-17T11:33:26.032+0000][2805.862s][info][gc             ] GC(1814) Pause Young (Allocation Failure) 23M->14M(31M) 1.318ms
[2025-04-17T11:33:26.032+0000][2805.862s][info][gc,cpu         ] GC(1814) User=0.00s Sys=0.00s Real=0.00s
[2025-04-17T11:33:27.291+0000][2807.121s][info][gc,start       ] GC(1815) Pause Young (Allocation Failure)
[2025-04-17T11:33:27.292+0000][2807.123s][info][gc,heap        ] GC(1815) DefNew: 9180K(10176K)->112K(10176K) Eden: 9088K(9088K)->0K(9088K) From: 92K(1088K)->112K(1088K)
[2025-04-17T11:33:27.292+0000][2807.123s][info][gc,heap        ] GC(1815) Tenured: 15138K(22468K)->15141K(22468K)
[2025-04-17T11:33:27.292+0000][2807.123s][info][gc,metaspace   ] GC(1815) Metaspace: 37504K(37888K)->37504K(37888K) NonClass: 33078K(33280K)->33078K(33280K) Class: 4425K(4608K)->4425K(4608K)
[2025-04-17T11:33:27.292+0000][2807.123s][info][gc             ] GC(1815) Pause Young (Allocation Failure) 23M->14M(31M) 1.318ms
[2025-04-17T11:33:27.292+0000][2807.123s][info][gc,cpu         ] GC(1815) User=0.00s Sys=0.00s Real=0.00s
[2025-04-17T11:33:29.146+0000][2808.976s][info][gc,start       ] GC(1816) Pause Young (Allocation Failure)
[2025-04-17T11:33:29.147+0000][2808.977s][info][gc,heap        ] GC(1816) DefNew: 9196K(10176K)->96K(10176K) Eden: 9083K(9088K)->0K(9088K) From: 112K(1088K)->96K(1088K)
[2025-04-17T11:33:29.147+0000][2808.977s][info][gc,heap        ] GC(1816) Tenured: 15141K(22468K)->15142K(22468K)
[2025-04-17T11:33:29.147+0000][2808.977s][info][gc,metaspace   ] GC(1816) Metaspace: 37504K(37888K)->37504K(37888K) NonClass: 33078K(33280K)->33078K(33280K) Class: 4425K(4608K)->4425K(4608K)
[2025-04-17T11:33:29.147+0000][2808.977s][info][gc             ] GC(1816) Pause Young (Allocation Failure) 23M->14M(31M) 1.334ms
[2025-04-17T11:33:29.147+0000][2808.977s][info][gc,cpu         ] GC(1816) User=0.00s Sys=0.00s Real=0.00s
[2025-04-17T11:33:30.737+0000][2810.567s][info][gc,start       ] GC(1817) Pause Young (Allocation Failure)
[2025-04-17T11:33:30.738+0000][2810.569s][info][gc,heap        ] GC(1817) DefNew: 9184K(10176K)->91K(10176K) Eden: 9088K(9088K)->0K(9088K) From: 96K(1088K)->91K(1088K)
[2025-04-17T11:33:30.738+0000][2810.569s][info][gc,heap        ] GC(1817) Tenured: 15142K(22468K)->15142K(22468K)
[2025-04-17T11:33:30.738+0000][2810.569s][info][gc,metaspace   ] GC(1817) Metaspace: 37504K(37888K)->37504K(37888K) NonClass: 33078K(33280K)->33078K(33280K) Class: 4425K(4608K)->4425K(4608K)
[2025-04-17T11:33:30.738+0000][2810.569s][info][gc             ] GC(1817) Pause Young (Allocation Failure) 23M->14M(31M) 1.264ms
[2025-04-17T11:33:30.739+0000][2810.569s][info][gc,cpu         ] GC(1817) User=0.00s Sys=0.00s Real=0.00s
[2025-04-17T11:33:32.333+0000][2812.163s][info][gc,start       ] GC(1818) Pause Young (Allocation Failure)
[2025-04-17T11:33:32.335+0000][2812.165s][info][gc,heap        ] GC(1818) DefNew: 9179K(10176K)->99K(10176K) Eden: 9088K(9088K)->0K(9088K) From: 91K(1088K)->99K(1088K)
[2025-04-17T11:33:32.335+0000][2812.165s][info][gc,heap        ] GC(1818) Tenured: 15142K(22468K)->15143K(22468K)
[2025-04-17T11:33:32.335+0000][2812.165s][info][gc,metaspace   ] GC(1818) Metaspace: 37504K(37888K)->37504K(37888K) NonClass: 33078K(33280K)->33078K(33280K) Class: 4425K(4608K)->4425K(4608K)
[2025-04-17T11:33:32.335+0000][2812.165s][info][gc             ] GC(1818) Pause Young (Allocation Failure) 23M->14M(31M) 1.338ms
[2025-04-17T11:33:32.335+0000][2812.165s][info][gc,cpu         ] GC(1818) User=0.00s Sys=0.00s Real=0.01s
[2025-04-17T11:33:33.974+0000][2813.804s][info][gc,start       ] GC(1819) Pause Young (Allocation Failure)
[2025-04-17T11:33:33.976+0000][2813.806s][info][gc,heap        ] GC(1819) DefNew: 9187K(10176K)->106K(10176K) Eden: 9087K(9088K)->0K(9088K) From: 99K(1088K)->106K(1088K)
[2025-04-17T11:33:33.976+0000][2813.806s][info][gc,heap        ] GC(1819) Tenured: 15143K(22468K)->15143K(22468K)
[2025-04-17T11:33:33.976+0000][2813.806s][info][gc,metaspace   ] GC(1819) Metaspace: 37504K(37888K)->37504K(37888K) NonClass: 33078K(33280K)->33078K(33280K) Class: 4425K(4608K)->4425K(4608K)
[2025-04-17T11:33:33.976+0000][2813.806s][info][gc             ] GC(1819) Pause Young (Allocation Failure) 23M->14M(31M) 1.291ms
[2025-04-17T11:33:33.976+0000][2813.806s][info][gc,cpu         ] GC(1819) User=0.00s Sys=0.00s Real=0.00s
[2025-04-17T11:33:35.564+0000][2815.394s][info][gc,start       ] GC(1820) Pause Young (Allocation Failure)
[2025-04-17T11:33:35.565+0000][2815.395s][info][gc,heap        ] GC(1820) DefNew: 9194K(10176K)->86K(10176K) Eden: 9088K(9088K)->0K(9088K) From: 106K(1088K)->86K(1088K)
[2025-04-17T11:33:35.565+0000][2815.395s][info][gc,heap        ] GC(1820) Tenured: 15143K(22468K)->15146K(22468K)
[2025-04-17T11:33:35.565+0000][2815.395s][info][gc,metaspace   ] GC(1820) Metaspace: 37504K(37888K)->37504K(37888K) NonClass: 33078K(33280K)->33078K(33280K) Class: 4425K(4608K)->4425K(4608K)
[2025-04-17T11:33:35.565+0000][2815.395s][info][gc             ] GC(1820) Pause Young (Allocation Failure) 23M->14M(31M) 1.346ms
[2025-04-17T11:33:35.565+0000][2815.396s][info][gc,cpu         ] GC(1820) User=0.00s Sys=0.00s Real=0.01s
[2025-04-17T11:33:36.988+0000][2816.818s][info][gc,start       ] GC(1821) Pause Young (Allocation Failure)
[2025-04-17T11:33:36.990+0000][2816.820s][info][gc,heap        ] GC(1821) DefNew: 9174K(10176K)->88K(10176K) Eden: 9088K(9088K)->0K(9088K) From: 86K(1088K)->88K(1088K)
[2025-04-17T11:33:36.990+0000][2816.820s][info][gc,heap        ] GC(1821) Tenured: 15146K(22468K)->15147K(22468K)
[2025-04-17T11:33:36.990+0000][2816.820s][info][gc,metaspace   ] GC(1821) Metaspace: 37504K(37888K)->37504K(37888K) NonClass: 33078K(33280K)->33078K(33280K) Class: 4425K(4608K)->4425K(4608K)
[2025-04-17T11:33:36.990+0000][2816.820s][info][gc             ] GC(1821) Pause Young (Allocation Failure) 23M->14M(31M) 1.214ms
[2025-04-17T11:33:36.990+0000][2816.820s][info][gc,cpu         ] GC(1821) User=0.00s Sys=0.00s Real=0.00s
[2025-04-17T11:33:38.732+0000][2818.562s][info][gc,start       ] GC(1822) Pause Young (Allocation Failure)
[2025-04-17T11:33:38.733+0000][2818.563s][info][gc,heap        ] GC(1822) DefNew: 9176K(10176K)->82K(10176K) Eden: 9088K(9088K)->0K(9088K) From: 88K(1088K)->82K(1088K)
[2025-04-17T11:33:38.733+0000][2818.563s][info][gc,heap        ] GC(1822) Tenured: 15147K(22468K)->15148K(22468K)
[2025-04-17T11:33:38.733+0000][2818.563s][info][gc,metaspace   ] GC(1822) Metaspace: 37504K(37888K)->37504K(37888K) NonClass: 33078K(33280K)->33078K(33280K) Class: 4425K(4608K)->4425K(4608K)
[2025-04-17T11:33:38.733+0000][2818.563s][info][gc             ] GC(1822) Pause Young (Allocation Failure) 23M->14M(31M) 1.286ms
[2025-04-17T11:33:38.733+0000][2818.563s][info][gc,cpu         ] GC(1822) User=0.00s Sys=0.00s Real=0.00s
[2025-04-17T11:33:40.090+0000][2819.920s][info][gc,start       ] GC(1823) Pause Young (Allocation Failure)
[2025-04-17T11:33:40.091+0000][2819.921s][info][gc,heap        ] GC(1823) DefNew: 9170K(10176K)->101K(10176K) Eden: 9088K(9088K)->0K(9088K) From: 82K(1088K)->101K(1088K)
[2025-04-17T11:33:40.091+0000][2819.921s][info][gc,heap        ] GC(1823) Tenured: 15148K(22468K)->15149K(22468K)
[2025-04-17T11:33:40.091+0000][2819.921s][info][gc,metaspace   ] GC(1823) Metaspace: 37504K(37888K)->37504K(37888K) NonClass: 33078K(33280K)->33078K(33280K) Class: 4425K(4608K)->4425K(4608K)
[2025-04-17T11:33:40.091+0000][2819.921s][info][gc             ] GC(1823) Pause Young (Allocation Failure) 23M->14M(31M) 1.337ms
[2025-04-17T11:33:40.091+0000][2819.921s][info][gc,cpu         ] GC(1823) User=0.00s Sys=0.00s Real=0.00s
[2025-04-17T11:33:41.869+0000][2821.699s][info][gc,start       ] GC(1824) Pause Young (Allocation Failure)
[2025-04-17T11:33:41.870+0000][2821.700s][info][gc,heap        ] GC(1824) DefNew: 9189K(10176K)->84K(10176K) Eden: 9088K(9088K)->0K(9088K) From: 101K(1088K)->84K(1088K)
[2025-04-17T11:33:41.870+0000][2821.700s][info][gc,heap        ] GC(1824) Tenured: 15149K(22468K)->15151K(22468K)
[2025-04-17T11:33:41.870+0000][2821.700s][info][gc,metaspace   ] GC(1824) Metaspace: 37504K(37888K)->37504K(37888K) NonClass: 33078K(33280K)->33078K(33280K) Class: 4425K(4608K)->4425K(4608K)
[2025-04-17T11:33:41.870+0000][2821.700s][info][gc             ] GC(1824) Pause Young (Allocation Failure) 23M->14M(31M) 1.270ms
[2025-04-17T11:33:41.870+0000][2821.700s][info][gc,cpu         ] GC(1824) User=0.00s Sys=0.00s Real=0.00s
[2025-04-17T11:33:43.294+0000][2823.124s][info][gc,start       ] GC(1825) Pause Young (Allocation Failure)
[2025-04-17T11:33:43.295+0000][2823.125s][info][gc,heap        ] GC(1825) DefNew: 9172K(10176K)->85K(10176K) Eden: 9088K(9088K)->0K(9088K) From: 84K(1088K)->85K(1088K)
[2025-04-17T11:33:43.295+0000][2823.125s][info][gc,heap        ] GC(1825) Tenured: 15151K(22468K)->15151K(22468K)
[2025-04-17T11:33:43.295+0000][2823.125s][info][gc,metaspace   ] GC(1825) Metaspace: 37504K(37888K)->37504K(37888K) NonClass: 33078K(33280K)->33078K(33280K) Class: 4425K(4608K)->4425K(4608K)
[2025-04-17T11:33:43.295+0000][2823.125s][info][gc             ] GC(1825) Pause Young (Allocation Failure) 23M->14M(31M) 1.197ms
[2025-04-17T11:33:43.295+0000][2823.125s][info][gc,cpu         ] GC(1825) User=0.00s Sys=0.00s Real=0.01s
[2025-04-17T11:33:45.075+0000][2824.905s][info][gc,start       ] GC(1826) Pause Young (Allocation Failure)
[2025-04-17T11:33:45.076+0000][2824.906s][info][gc,heap        ] GC(1826) DefNew: 9173K(10176K)->81K(10176K) Eden: 9088K(9088K)->0K(9088K) From: 85K(1088K)->81K(1088K)
[2025-04-17T11:33:45.076+0000][2824.906s][info][gc,heap        ] GC(1826) Tenured: 15151K(22468K)->15152K(22468K)
[2025-04-17T11:33:45.076+0000][2824.906s][info][gc,metaspace   ] GC(1826) Metaspace: 37504K(37888K)->37504K(37888K) NonClass: 33078K(33280K)->33078K(33280K) Class: 4425K(4608K)->4425K(4608K)
[2025-04-17T11:33:45.076+0000][2824.906s][info][gc             ] GC(1826) Pause Young (Allocation Failure) 23M->14M(31M) 1.206ms
[2025-04-17T11:33:45.076+0000][2824.906s][info][gc,cpu         ] GC(1826) User=0.00s Sys=0.00s Real=0.00s
[2025-04-17T11:33:46.740+0000][2826.570s][info][gc,start       ] GC(1827) Pause Young (Allocation Failure)
[2025-04-17T11:33:46.742+0000][2826.572s][info][gc,heap        ] GC(1827) DefNew: 9169K(10176K)->100K(10176K) Eden: 9088K(9088K)->0K(9088K) From: 81K(1088K)->100K(1088K)
[2025-04-17T11:33:46.742+0000][2826.572s][info][gc,heap        ] GC(1827) Tenured: 15152K(22468K)->15152K(22468K)
[2025-04-17T11:33:46.742+0000][2826.572s][info][gc,metaspace   ] GC(1827) Metaspace: 37504K(37888K)->37504K(37888K) NonClass: 33078K(33280K)->33078K(33280K) Class: 4425K(4608K)->4425K(4608K)
[2025-04-17T11:33:46.742+0000][2826.572s][info][gc             ] GC(1827) Pause Young (Allocation Failure) 23M->14M(31M) 1.339ms
[2025-04-17T11:33:46.742+0000][2826.572s][info][gc,cpu         ] GC(1827) User=0.00s Sys=0.00s Real=0.00s
[2025-04-17T11:33:48.221+0000][2828.051s][info][gc,start       ] GC(1828) Pause Young (Allocation Failure)
[2025-04-17T11:33:48.222+0000][2828.052s][info][gc,heap        ] GC(1828) DefNew: 9188K(10176K)->83K(10176K) Eden: 9088K(9088K)->0K(9088K) From: 100K(1088K)->83K(1088K)
[2025-04-17T11:33:48.222+0000][2828.052s][info][gc,heap        ] GC(1828) Tenured: 15152K(22468K)->15154K(22468K)
[2025-04-17T11:33:48.222+0000][2828.052s][info][gc,metaspace   ] GC(1828) Metaspace: 37504K(37888K)->37504K(37888K) NonClass: 33078K(33280K)->33078K(33280K) Class: 4425K(4608K)->4425K(4608K)
[2025-04-17T11:33:48.222+0000][2828.052s][info][gc             ] GC(1828) Pause Young (Allocation Failure) 23M->14M(31M) 1.315ms
[2025-04-17T11:33:48.222+0000][2828.052s][info][gc,cpu         ] GC(1828) User=0.00s Sys=0.00s Real=0.00s
[2025-04-17T11:33:49.940+0000][2829.770s][info][gc,start       ] GC(1829) Pause Young (Allocation Failure)
[2025-04-17T11:33:49.941+0000][2829.772s][info][gc,heap        ] GC(1829) DefNew: 9171K(10176K)->76K(10176K) Eden: 9088K(9088K)->0K(9088K) From: 83K(1088K)->76K(1088K)
[2025-04-17T11:33:49.941+0000][2829.772s][info][gc,heap        ] GC(1829) Tenured: 15154K(22468K)->15158K(22468K)
[2025-04-17T11:33:49.941+0000][2829.772s][info][gc,metaspace   ] GC(1829) Metaspace: 37504K(37888K)->37504K(37888K) NonClass: 33078K(33280K)->33078K(33280K) Class: 4425K(4608K)->4425K(4608K)
[2025-04-17T11:33:49.941+0000][2829.772s][info][gc             ] GC(1829) Pause Young (Allocation Failure) 23M->14M(31M) 1.254ms
[2025-04-17T11:33:49.941+0000][2829.772s][info][gc,cpu         ] GC(1829) User=0.00s Sys=0.00s Real=0.00s
[2025-04-17T11:33:51.604+0000][2831.434s][info][gc,start       ] GC(1830) Pause Young (Allocation Failure)
[2025-04-17T11:33:51.606+0000][2831.436s][info][gc,heap        ] GC(1830) DefNew: 9164K(10176K)->97K(10176K) Eden: 9088K(9088K)->0K(9088K) From: 76K(1088K)->97K(1088K)
[2025-04-17T11:33:51.606+0000][2831.436s][info][gc,heap        ] GC(1830) Tenured: 15158K(22468K)->15158K(22468K)
[2025-04-17T11:33:51.606+0000][2831.436s][info][gc,metaspace   ] GC(1830) Metaspace: 37504K(37888K)->37504K(37888K) NonClass: 33078K(33280K)->33078K(33280K) Class: 4425K(4608K)->4425K(4608K)
[2025-04-17T11:33:51.606+0000][2831.436s][info][gc             ] GC(1830) Pause Young (Allocation Failure) 23M->14M(31M) 1.322ms
[2025-04-17T11:33:51.606+0000][2831.436s][info][gc,cpu         ] GC(1830) User=0.00s Sys=0.00s Real=0.00s
[2025-04-17T11:33:53.082+0000][2832.912s][info][gc,start       ] GC(1831) Pause Young (Allocation Failure)
[2025-04-17T11:33:53.083+0000][2832.914s][info][gc,heap        ] GC(1831) DefNew: 9185K(10176K)->81K(10176K) Eden: 9088K(9088K)->0K(9088K) From: 97K(1088K)->81K(1088K)
[2025-04-17T11:33:53.083+0000][2832.914s][info][gc,heap        ] GC(1831) Tenured: 15158K(22468K)->15158K(22468K)
[2025-04-17T11:33:53.083+0000][2832.914s][info][gc,metaspace   ] GC(1831) Metaspace: 37504K(37888K)->37504K(37888K) NonClass: 33078K(33280K)->33078K(33280K) Class: 4425K(4608K)->4425K(4608K)
[2025-04-17T11:33:53.083+0000][2832.914s][info][gc             ] GC(1831) Pause Young (Allocation Failure) 23M->14M(31M) 1.306ms
[2025-04-17T11:33:53.083+0000][2832.914s][info][gc,cpu         ] GC(1831) User=0.00s Sys=0.00s Real=0.00s
[2025-04-17T11:33:54.636+0000][2834.466s][info][gc,start       ] GC(1832) Pause Young (Allocation Failure)
[2025-04-17T11:33:54.637+0000][2834.467s][info][gc,heap        ] GC(1832) DefNew: 9169K(10176K)->82K(10176K) Eden: 9088K(9088K)->0K(9088K) From: 81K(1088K)->82K(1088K)
[2025-04-17T11:33:54.637+0000][2834.467s][info][gc,heap        ] GC(1832) Tenured: 15158K(22468K)->15158K(22468K)
[2025-04-17T11:33:54.637+0000][2834.467s][info][gc,metaspace   ] GC(1832) Metaspace: 37504K(37888K)->37504K(37888K) NonClass: 33078K(33280K)->33078K(33280K) Class: 4425K(4608K)->4425K(4608K)
[2025-04-17T11:33:54.637+0000][2834.467s][info][gc             ] GC(1832) Pause Young (Allocation Failure) 23M->14M(31M) 1.191ms
[2025-04-17T11:33:54.637+0000][2834.467s][info][gc,cpu         ] GC(1832) User=0.00s Sys=0.00s Real=0.00s
[2025-04-17T11:33:56.269+0000][2836.099s][info][gc,start       ] GC(1833) Pause Young (Allocation Failure)
[2025-04-17T11:33:56.270+0000][2836.100s][info][gc,heap        ] GC(1833) DefNew: 9170K(10176K)->98K(10176K) Eden: 9088K(9088K)->0K(9088K) From: 82K(1088K)->98K(1088K)
[2025-04-17T11:33:56.270+0000][2836.100s][info][gc,heap        ] GC(1833) Tenured: 15158K(22468K)->15161K(22468K)
[2025-04-17T11:33:56.270+0000][2836.100s][info][gc,metaspace   ] GC(1833) Metaspace: 37504K(37888K)->37504K(37888K) NonClass: 33078K(33280K)->33078K(33280K) Class: 4425K(4608K)->4425K(4608K)
[2025-04-17T11:33:56.270+0000][2836.100s][info][gc             ] GC(1833) Pause Young (Allocation Failure) 23M->14M(31M) 1.308ms
[2025-04-17T11:33:56.270+0000][2836.100s][info][gc,cpu         ] GC(1833) User=0.00s Sys=0.00s Real=0.00s
[2025-04-17T11:33:57.695+0000][2837.525s][info][gc,start       ] GC(1834) Pause Young (Allocation Failure)
[2025-04-17T11:33:57.696+0000][2837.526s][info][gc,heap        ] GC(1834) DefNew: 9186K(10176K)->87K(10176K) Eden: 9088K(9088K)->0K(9088K) From: 98K(1088K)->87K(1088K)
[2025-04-17T11:33:57.696+0000][2837.526s][info][gc,heap        ] GC(1834) Tenured: 15161K(22468K)->15161K(22468K)
[2025-04-17T11:33:57.696+0000][2837.526s][info][gc,metaspace   ] GC(1834) Metaspace: 37504K(37888K)->37504K(37888K) NonClass: 33078K(33280K)->33078K(33280K) Class: 4425K(4608K)->4425K(4608K)
[2025-04-17T11:33:57.696+0000][2837.526s][info][gc             ] GC(1834) Pause Young (Allocation Failure) 23M->14M(31M) 1.243ms
[2025-04-17T11:33:57.696+0000][2837.526s][info][gc,cpu         ] GC(1834) User=0.00s Sys=0.00s Real=0.00s
[2025-04-17T11:33:59.246+0000][2839.076s][info][gc,start       ] GC(1835) Pause Young (Allocation Failure)
[2025-04-17T11:33:59.247+0000][2839.078s][info][gc,heap        ] GC(1835) DefNew: 9169K(10176K)->99K(10176K) Eden: 9082K(9088K)->0K(9088K) From: 87K(1088K)->99K(1088K)
[2025-04-17T11:33:59.248+0000][2839.078s][info][gc,heap        ] GC(1835) Tenured: 15161K(22468K)->15161K(22468K)
[2025-04-17T11:33:59.248+0000][2839.078s][info][gc,metaspace   ] GC(1835) Metaspace: 37504K(37888K)->37504K(37888K) NonClass: 33078K(33280K)->33078K(33280K) Class: 4425K(4608K)->4425K(4608K)
[2025-04-17T11:33:59.248+0000][2839.078s][info][gc             ] GC(1835) Pause Young (Allocation Failure) 23M->14M(31M) 1.317ms
[2025-04-17T11:33:59.248+0000][2839.078s][info][gc,cpu         ] GC(1835) User=0.00s Sys=0.00s Real=0.00s
[2025-04-17T11:34:00.669+0000][2840.499s][info][gc,start       ] GC(1836) Pause Young (Allocation Failure)
[2025-04-17T11:34:00.670+0000][2840.500s][info][gc,heap        ] GC(1836) DefNew: 9187K(10176K)->81K(10176K) Eden: 9088K(9088K)->0K(9088K) From: 99K(1088K)->81K(1088K)
[2025-04-17T11:34:00.670+0000][2840.500s][info][gc,heap        ] GC(1836) Tenured: 15161K(22468K)->15161K(22468K)
[2025-04-17T11:34:00.670+0000][2840.500s][info][gc,metaspace   ] GC(1836) Metaspace: 37504K(37888K)->37504K(37888K) NonClass: 33078K(33280K)->33078K(33280K) Class: 4425K(4608K)->4425K(4608K)
[2025-04-17T11:34:00.670+0000][2840.500s][info][gc             ] GC(1836) Pause Young (Allocation Failure) 23M->14M(31M) 1.213ms
[2025-04-17T11:34:00.670+0000][2840.500s][info][gc,cpu         ] GC(1836) User=0.00s Sys=0.00s Real=0.00s
[2025-04-17T11:34:02.313+0000][2842.144s][info][gc,start       ] GC(1837) Pause Young (Allocation Failure)
[2025-04-17T11:34:02.315+0000][2842.145s][info][gc,heap        ] GC(1837) DefNew: 9169K(10176K)->98K(10176K) Eden: 9088K(9088K)->0K(9088K) From: 81K(1088K)->98K(1088K)
[2025-04-17T11:34:02.315+0000][2842.145s][info][gc,heap        ] GC(1837) Tenured: 15161K(22468K)->15161K(22468K)
[2025-04-17T11:34:02.315+0000][2842.145s][info][gc,metaspace   ] GC(1837) Metaspace: 37504K(37888K)->37504K(37888K) NonClass: 33078K(33280K)->33078K(33280K) Class: 4425K(4608K)->4425K(4608K)
[2025-04-17T11:34:02.315+0000][2842.145s][info][gc             ] GC(1837) Pause Young (Allocation Failure) 23M->14M(31M) 1.199ms
[2025-04-17T11:34:02.315+0000][2842.145s][info][gc,cpu         ] GC(1837) User=0.00s Sys=0.00s Real=0.01s
[2025-04-17T11:34:03.796+0000][2843.626s][info][gc,start       ] GC(1838) Pause Young (Allocation Failure)
[2025-04-17T11:34:03.797+0000][2843.627s][info][gc,heap        ] GC(1838) DefNew: 9186K(10176K)->97K(10176K) Eden: 9088K(9088K)->0K(9088K) From: 98K(1088K)->97K(1088K)
[2025-04-17T11:34:03.797+0000][2843.627s][info][gc,heap        ] GC(1838) Tenured: 15161K(22468K)->15162K(22468K)
[2025-04-17T11:34:03.797+0000][2843.627s][info][gc,metaspace   ] GC(1838) Metaspace: 37504K(37888K)->37504K(37888K) NonClass: 33078K(33280K)->33078K(33280K) Class: 4425K(4608K)->4425K(4608K)
[2025-04-17T11:34:03.797+0000][2843.627s][info][gc             ] GC(1838) Pause Young (Allocation Failure) 23M->14M(31M) 1.298ms
[2025-04-17T11:34:03.797+0000][2843.627s][info][gc,cpu         ] GC(1838) User=0.00s Sys=0.00s Real=0.00s
[2025-04-17T11:34:05.523+0000][2845.353s][info][gc,start       ] GC(1839) Pause Young (Allocation Failure)
[2025-04-17T11:34:05.524+0000][2845.355s][info][gc,heap        ] GC(1839) DefNew: 9185K(10176K)->78K(10176K) Eden: 9088K(9088K)->0K(9088K) From: 97K(1088K)->78K(1088K)
[2025-04-17T11:34:05.525+0000][2845.355s][info][gc,heap        ] GC(1839) Tenured: 15162K(22468K)->15163K(22468K)
[2025-04-17T11:34:05.525+0000][2845.355s][info][gc,metaspace   ] GC(1839) Metaspace: 37504K(37888K)->37504K(37888K) NonClass: 33078K(33280K)->33078K(33280K) Class: 4425K(4608K)->4425K(4608K)
[2025-04-17T11:34:05.525+0000][2845.355s][info][gc             ] GC(1839) Pause Young (Allocation Failure) 23M->14M(31M) 1.193ms
[2025-04-17T11:34:05.525+0000][2845.355s][info][gc,cpu         ] GC(1839) User=0.00s Sys=0.00s Real=0.01s
[2025-04-17T11:34:07.035+0000][2846.865s][info][gc,start       ] GC(1840) Pause Young (Allocation Failure)
[2025-04-17T11:34:07.036+0000][2846.866s][info][gc,heap        ] GC(1840) DefNew: 9166K(10176K)->80K(10176K) Eden: 9088K(9088K)->0K(9088K) From: 78K(1088K)->80K(1088K)
[2025-04-17T11:34:07.036+0000][2846.866s][info][gc,heap        ] GC(1840) Tenured: 15163K(22468K)->15163K(22468K)
[2025-04-17T11:34:07.036+0000][2846.866s][info][gc,metaspace   ] GC(1840) Metaspace: 37504K(37888K)->37504K(37888K) NonClass: 33078K(33280K)->33078K(33280K) Class: 4425K(4608K)->4425K(4608K)
[2025-04-17T11:34:07.036+0000][2846.866s][info][gc             ] GC(1840) Pause Young (Allocation Failure) 23M->14M(31M) 1.212ms
[2025-04-17T11:34:07.036+0000][2846.866s][info][gc,cpu         ] GC(1840) User=0.00s Sys=0.00s Real=0.00s
[2025-04-17T11:34:08.724+0000][2848.554s][info][gc,start       ] GC(1841) Pause Young (Allocation Failure)
[2025-04-17T11:34:08.725+0000][2848.555s][info][gc,heap        ] GC(1841) DefNew: 9168K(10176K)->77K(10176K) Eden: 9088K(9088K)->0K(9088K) From: 80K(1088K)->77K(1088K)
[2025-04-17T11:34:08.725+0000][2848.555s][info][gc,heap        ] GC(1841) Tenured: 15163K(22468K)->15163K(22468K)
[2025-04-17T11:34:08.725+0000][2848.555s][info][gc,metaspace   ] GC(1841) Metaspace: 37504K(37888K)->37504K(37888K) NonClass: 33078K(33280K)->33078K(33280K) Class: 4425K(4608K)->4425K(4608K)
[2025-04-17T11:34:08.725+0000][2848.555s][info][gc             ] GC(1841) Pause Young (Allocation Failure) 23M->14M(31M) 1.311ms
[2025-04-17T11:34:08.725+0000][2848.555s][info][gc,cpu         ] GC(1841) User=0.00s Sys=0.00s Real=0.01s
[2025-04-17T11:34:10.431+0000][2850.261s][info][gc,start       ] GC(1842) Pause Young (Allocation Failure)
[2025-04-17T11:34:10.432+0000][2850.262s][info][gc,heap        ] GC(1842) DefNew: 9158K(10176K)->86K(10176K) Eden: 9080K(9088K)->0K(9088K) From: 77K(1088K)->86K(1088K)
[2025-04-17T11:34:10.432+0000][2850.262s][info][gc,heap        ] GC(1842) Tenured: 15163K(22468K)->15163K(22468K)
[2025-04-17T11:34:10.432+0000][2850.262s][info][gc,metaspace   ] GC(1842) Metaspace: 37504K(37888K)->37504K(37888K) NonClass: 33078K(33280K)->33078K(33280K) Class: 4425K(4608K)->4425K(4608K)
[2025-04-17T11:34:10.432+0000][2850.262s][info][gc             ] GC(1842) Pause Young (Allocation Failure) 23M->14M(31M) 1.149ms
[2025-04-17T11:34:10.432+0000][2850.262s][info][gc,cpu         ] GC(1842) User=0.00s Sys=0.00s Real=0.00s
[2025-04-17T11:34:11.827+0000][2851.657s][info][gc,start       ] GC(1843) Pause Young (Allocation Failure)
[2025-04-17T11:34:11.828+0000][2851.658s][info][gc,heap        ] GC(1843) DefNew: 9165K(10176K)->98K(10176K) Eden: 9079K(9088K)->0K(9088K) From: 86K(1088K)->98K(1088K)
[2025-04-17T11:34:11.828+0000][2851.658s][info][gc,heap        ] GC(1843) Tenured: 15163K(22468K)->15163K(22468K)
[2025-04-17T11:34:11.828+0000][2851.658s][info][gc,metaspace   ] GC(1843) Metaspace: 37504K(37888K)->37504K(37888K) NonClass: 33078K(33280K)->33078K(33280K) Class: 4425K(4608K)->4425K(4608K)
[2025-04-17T11:34:11.828+0000][2851.658s][info][gc             ] GC(1843) Pause Young (Allocation Failure) 23M->14M(31M) 1.183ms
[2025-04-17T11:34:11.828+0000][2851.658s][info][gc,cpu         ] GC(1843) User=0.00s Sys=0.00s Real=0.00s
[2025-04-17T11:34:13.559+0000][2853.389s][info][gc,start       ] GC(1844) Pause Young (Allocation Failure)
[2025-04-17T11:34:13.560+0000][2853.390s][info][gc,heap        ] GC(1844) DefNew: 9186K(10176K)->78K(10176K) Eden: 9088K(9088K)->0K(9088K) From: 98K(1088K)->78K(1088K)
[2025-04-17T11:34:13.560+0000][2853.390s][info][gc,heap        ] GC(1844) Tenured: 15163K(22468K)->15164K(22468K)
[2025-04-17T11:34:13.560+0000][2853.390s][info][gc,metaspace   ] GC(1844) Metaspace: 37504K(37888K)->37504K(37888K) NonClass: 33078K(33280K)->33078K(33280K) Class: 4425K(4608K)->4425K(4608K)
[2025-04-17T11:34:13.560+0000][2853.390s][info][gc             ] GC(1844) Pause Young (Allocation Failure) 23M->14M(31M) 1.295ms
[2025-04-17T11:34:13.560+0000][2853.391s][info][gc,cpu         ] GC(1844) User=0.00s Sys=0.00s Real=0.00s
[2025-04-17T11:34:15.295+0000][2855.125s][info][gc,start       ] GC(1845) Pause Young (Allocation Failure)
[2025-04-17T11:34:15.296+0000][2855.126s][info][gc,heap        ] GC(1845) DefNew: 9166K(10176K)->93K(10176K) Eden: 9088K(9088K)->0K(9088K) From: 78K(1088K)->93K(1088K)
[2025-04-17T11:34:15.296+0000][2855.126s][info][gc,heap        ] GC(1845) Tenured: 15164K(22468K)->15167K(22468K)
[2025-04-17T11:34:15.296+0000][2855.126s][info][gc,metaspace   ] GC(1845) Metaspace: 37504K(37888K)->37504K(37888K) NonClass: 33078K(33280K)->33078K(33280K) Class: 4425K(4608K)->4425K(4608K)
[2025-04-17T11:34:15.296+0000][2855.126s][info][gc             ] GC(1845) Pause Young (Allocation Failure) 23M->14M(31M) 1.260ms
[2025-04-17T11:34:15.296+0000][2855.126s][info][gc,cpu         ] GC(1845) User=0.00s Sys=0.00s Real=0.00s
[2025-04-17T11:34:16.875+0000][2856.705s][info][gc,start       ] GC(1846) Pause Young (Allocation Failure)
[2025-04-17T11:34:16.876+0000][2856.706s][info][gc,heap        ] GC(1846) DefNew: 9181K(10176K)->83K(10176K) Eden: 9088K(9088K)->0K(9088K) From: 93K(1088K)->83K(1088K)
[2025-04-17T11:34:16.876+0000][2856.706s][info][gc,heap        ] GC(1846) Tenured: 15167K(22468K)->15168K(22468K)
[2025-04-17T11:34:16.876+0000][2856.706s][info][gc,metaspace   ] GC(1846) Metaspace: 37504K(37888K)->37504K(37888K) NonClass: 33078K(33280K)->33078K(33280K) Class: 4425K(4608K)->4425K(4608K)
[2025-04-17T11:34:16.876+0000][2856.706s][info][gc             ] GC(1846) Pause Young (Allocation Failure) 23M->14M(31M) 1.329ms
[2025-04-17T11:34:16.876+0000][2856.706s][info][gc,cpu         ] GC(1846) User=0.00s Sys=0.00s Real=0.00s
[2025-04-17T11:34:17.789+0000][2857.619s][info][gc,start       ] GC(1847) Pause Young (Allocation Failure)
[2025-04-17T11:34:17.791+0000][2857.621s][info][gc,heap        ] GC(1847) DefNew: 9171K(10176K)->181K(10176K) Eden: 9088K(9088K)->0K(9088K) From: 83K(1088K)->181K(1088K)
[2025-04-17T11:34:17.791+0000][2857.621s][info][gc,heap        ] GC(1847) Tenured: 15168K(22468K)->15168K(22468K)
[2025-04-17T11:34:17.791+0000][2857.622s][info][gc,metaspace   ] GC(1847) Metaspace: 37758K(38144K)->37758K(38144K) NonClass: 33291K(33472K)->33291K(33472K) Class: 4466K(4672K)->4466K(4672K)
[2025-04-17T11:34:17.791+0000][2857.622s][info][gc             ] GC(1847) Pause Young (Allocation Failure) 23M->14M(31M) 2.100ms
[2025-04-17T11:34:17.791+0000][2857.622s][info][gc,cpu         ] GC(1847) User=0.00s Sys=0.00s Real=0.00s
[2025-04-17T11:34:18.680+0000][2858.510s][info][gc,start       ] GC(1848) Pause Young (Allocation Failure)
[2025-04-17T11:34:18.682+0000][2858.513s][info][gc,heap        ] GC(1848) DefNew: 9269K(10176K)->364K(10176K) Eden: 9088K(9088K)->0K(9088K) From: 181K(1088K)->364K(1088K)
[2025-04-17T11:34:18.682+0000][2858.513s][info][gc,heap        ] GC(1848) Tenured: 15168K(22468K)->15168K(22468K)
[2025-04-17T11:34:18.683+0000][2858.513s][info][gc,metaspace   ] GC(1848) Metaspace: 38444K(38784K)->38444K(38784K) NonClass: 33894K(34048K)->33894K(34048K) Class: 4549K(4736K)->4549K(4736K)
[2025-04-17T11:34:18.683+0000][2858.513s][info][gc             ] GC(1848) Pause Young (Allocation Failure) 23M->15M(31M) 2.341ms
[2025-04-17T11:34:18.683+0000][2858.513s][info][gc,cpu         ] GC(1848) User=0.00s Sys=0.00s Real=0.00s
[2025-04-17T11:34:20.121+0000][2859.951s][info][gc,start       ] GC(1849) Pause Young (Allocation Failure)
[2025-04-17T11:34:20.124+0000][2859.954s][info][gc,heap        ] GC(1849) DefNew: 9452K(10176K)->362K(10176K) Eden: 9088K(9088K)->0K(9088K) From: 364K(1088K)->362K(1088K)
[2025-04-17T11:34:20.124+0000][2859.954s][info][gc,heap        ] GC(1849) Tenured: 15168K(22468K)->15168K(22468K)
[2025-04-17T11:34:20.124+0000][2859.954s][info][gc,metaspace   ] GC(1849) Metaspace: 38445K(38784K)->38445K(38784K) NonClass: 33895K(34048K)->33895K(34048K) Class: 4549K(4736K)->4549K(4736K)
[2025-04-17T11:34:20.124+0000][2859.954s][info][gc             ] GC(1849) Pause Young (Allocation Failure) 24M->15M(31M) 3.090ms
[2025-04-17T11:34:20.124+0000][2859.954s][info][gc,cpu         ] GC(1849) User=0.00s Sys=0.00s Real=0.01s
[2025-04-17T11:34:21.837+0000][2861.667s][info][gc,start       ] GC(1850) Pause Young (Allocation Failure)
[2025-04-17T11:34:21.839+0000][2861.669s][info][gc,heap        ] GC(1850) DefNew: 9450K(10176K)->355K(10176K) Eden: 9087K(9088K)->0K(9088K) From: 362K(1088K)->355K(1088K)
[2025-04-17T11:34:21.839+0000][2861.669s][info][gc,heap        ] GC(1850) Tenured: 15168K(22468K)->15169K(22468K)
[2025-04-17T11:34:21.839+0000][2861.669s][info][gc,metaspace   ] GC(1850) Metaspace: 38446K(38784K)->38446K(38784K) NonClass: 33896K(34048K)->33896K(34048K) Class: 4549K(4736K)->4549K(4736K)
[2025-04-17T11:34:21.839+0000][2861.669s][info][gc             ] GC(1850) Pause Young (Allocation Failure) 24M->15M(31M) 2.083ms
[2025-04-17T11:34:21.839+0000][2861.669s][info][gc,cpu         ] GC(1850) User=0.00s Sys=0.00s Real=0.00s
[2025-04-17T11:34:23.267+0000][2863.097s][info][gc,start       ] GC(1851) Pause Young (Allocation Failure)
[2025-04-17T11:34:23.271+0000][2863.101s][info][gc,heap        ] GC(1851) DefNew: 9443K(10176K)->374K(10176K) Eden: 9088K(9088K)->0K(9088K) From: 355K(1088K)->374K(1088K)
[2025-04-17T11:34:23.271+0000][2863.101s][info][gc,heap        ] GC(1851) Tenured: 15169K(22468K)->15169K(22468K)
[2025-04-17T11:34:23.271+0000][2863.101s][info][gc,metaspace   ] GC(1851) Metaspace: 38446K(38784K)->38446K(38784K) NonClass: 33896K(34048K)->33896K(34048K) Class: 4549K(4736K)->4549K(4736K)
[2025-04-17T11:34:23.271+0000][2863.101s][info][gc             ] GC(1851) Pause Young (Allocation Failure) 24M->15M(31M) 3.688ms
[2025-04-17T11:34:23.271+0000][2863.101s][info][gc,cpu         ] GC(1851) User=0.00s Sys=0.00s Real=0.00s
[2025-04-17T11:34:24.927+0000][2864.757s][info][gc,start       ] GC(1852) Pause Young (Allocation Failure)
[2025-04-17T11:34:24.929+0000][2864.759s][info][gc,heap        ] GC(1852) DefNew: 9462K(10176K)->358K(10176K) Eden: 9088K(9088K)->0K(9088K) From: 374K(1088K)->358K(1088K)
[2025-04-17T11:34:24.929+0000][2864.759s][info][gc,heap        ] GC(1852) Tenured: 15169K(22468K)->15169K(22468K)
[2025-04-17T11:34:24.929+0000][2864.759s][info][gc,metaspace   ] GC(1852) Metaspace: 38446K(38784K)->38446K(38784K) NonClass: 33896K(34048K)->33896K(34048K) Class: 4549K(4736K)->4549K(4736K)
[2025-04-17T11:34:24.929+0000][2864.759s][info][gc             ] GC(1852) Pause Young (Allocation Failure) 24M->15M(31M) 2.347ms
[2025-04-17T11:34:24.929+0000][2864.759s][info][gc,cpu         ] GC(1852) User=0.00s Sys=0.00s Real=0.00s
[2025-04-17T11:34:26.201+0000][2866.031s][info][gc,start       ] GC(1853) Pause Young (Allocation Failure)
[2025-04-17T11:34:26.203+0000][2866.033s][info][gc,heap        ] GC(1853) DefNew: 9446K(10176K)->373K(10176K) Eden: 9088K(9088K)->0K(9088K) From: 358K(1088K)->373K(1088K)
[2025-04-17T11:34:26.203+0000][2866.033s][info][gc,heap        ] GC(1853) Tenured: 15169K(22468K)->15171K(22468K)
[2025-04-17T11:34:26.203+0000][2866.033s][info][gc,metaspace   ] GC(1853) Metaspace: 38446K(38784K)->38446K(38784K) NonClass: 33896K(34048K)->33896K(34048K) Class: 4549K(4736K)->4549K(4736K)
[2025-04-17T11:34:26.203+0000][2866.033s][info][gc             ] GC(1853) Pause Young (Allocation Failure) 24M->15M(31M) 2.239ms
[2025-04-17T11:34:26.203+0000][2866.033s][info][gc,cpu         ] GC(1853) User=0.00s Sys=0.00s Real=0.00s
[2025-04-17T11:34:27.986+0000][2867.816s][info][gc,start       ] GC(1854) Pause Young (Allocation Failure)
[2025-04-17T11:34:27.988+0000][2867.819s][info][gc,heap        ] GC(1854) DefNew: 9461K(10176K)->356K(10176K) Eden: 9088K(9088K)->0K(9088K) From: 373K(1088K)->356K(1088K)
[2025-04-17T11:34:27.988+0000][2867.819s][info][gc,heap        ] GC(1854) Tenured: 15171K(22468K)->15171K(22468K)
[2025-04-17T11:34:27.988+0000][2867.819s][info][gc,metaspace   ] GC(1854) Metaspace: 38446K(38784K)->38446K(38784K) NonClass: 33896K(34048K)->33896K(34048K) Class: 4549K(4736K)->4549K(4736K)
[2025-04-17T11:34:27.988+0000][2867.819s][info][gc             ] GC(1854) Pause Young (Allocation Failure) 24M->15M(31M) 2.289ms
[2025-04-17T11:34:27.989+0000][2867.819s][info][gc,cpu         ] GC(1854) User=0.00s Sys=0.00s Real=0.00s
[2025-04-17T11:34:29.573+0000][2869.403s][info][gc,start       ] GC(1855) Pause Young (Allocation Failure)
[2025-04-17T11:34:29.575+0000][2869.405s][info][gc,heap        ] GC(1855) DefNew: 9444K(10176K)->360K(10176K) Eden: 9088K(9088K)->0K(9088K) From: 356K(1088K)->360K(1088K)
[2025-04-17T11:34:29.575+0000][2869.405s][info][gc,heap        ] GC(1855) Tenured: 15171K(22468K)->15171K(22468K)
[2025-04-17T11:34:29.575+0000][2869.405s][info][gc,metaspace   ] GC(1855) Metaspace: 38446K(38784K)->38446K(38784K) NonClass: 33896K(34048K)->33896K(34048K) Class: 4549K(4736K)->4549K(4736K)
[2025-04-17T11:34:29.575+0000][2869.405s][info][gc             ] GC(1855) Pause Young (Allocation Failure) 24M->15M(31M) 2.353ms
[2025-04-17T11:34:29.575+0000][2869.405s][info][gc,cpu         ] GC(1855) User=0.00s Sys=0.00s Real=0.01s
[2025-04-17T11:34:31.186+0000][2871.016s][info][gc,start       ] GC(1856) Pause Young (Allocation Failure)
[2025-04-17T11:34:31.188+0000][2871.018s][info][gc,heap        ] GC(1856) DefNew: 9448K(10176K)->355K(10176K) Eden: 9088K(9088K)->0K(9088K) From: 360K(1088K)->355K(1088K)
[2025-04-17T11:34:31.188+0000][2871.018s][info][gc,heap        ] GC(1856) Tenured: 15171K(22468K)->15171K(22468K)
[2025-04-17T11:34:31.188+0000][2871.018s][info][gc,metaspace   ] GC(1856) Metaspace: 38446K(38784K)->38446K(38784K) NonClass: 33896K(34048K)->33896K(34048K) Class: 4549K(4736K)->4549K(4736K)
[2025-04-17T11:34:31.188+0000][2871.018s][info][gc             ] GC(1856) Pause Young (Allocation Failure) 24M->15M(31M) 2.424ms
[2025-04-17T11:34:31.188+0000][2871.018s][info][gc,cpu         ] GC(1856) User=0.01s Sys=0.00s Real=0.00s
[2025-04-17T11:34:32.840+0000][2872.670s][info][gc,start       ] GC(1857) Pause Young (Allocation Failure)
[2025-04-17T11:34:32.842+0000][2872.673s][info][gc,heap        ] GC(1857) DefNew: 9443K(10176K)->374K(10176K) Eden: 9088K(9088K)->0K(9088K) From: 355K(1088K)->374K(1088K)
[2025-04-17T11:34:32.843+0000][2872.673s][info][gc,heap        ] GC(1857) Tenured: 15171K(22468K)->15171K(22468K)
[2025-04-17T11:34:32.843+0000][2872.673s][info][gc,metaspace   ] GC(1857) Metaspace: 38446K(38784K)->38446K(38784K) NonClass: 33896K(34048K)->33896K(34048K) Class: 4549K(4736K)->4549K(4736K)
[2025-04-17T11:34:32.843+0000][2872.673s][info][gc             ] GC(1857) Pause Young (Allocation Failure) 24M->15M(31M) 2.321ms
[2025-04-17T11:34:32.843+0000][2872.673s][info][gc,cpu         ] GC(1857) User=0.00s Sys=0.00s Real=0.00s
[2025-04-17T11:34:34.184+0000][2874.014s][info][gc,start       ] GC(1858) Pause Young (Allocation Failure)
[2025-04-17T11:34:34.186+0000][2874.016s][info][gc,heap        ] GC(1858) DefNew: 9458K(10176K)->360K(10176K) Eden: 9084K(9088K)->0K(9088K) From: 374K(1088K)->360K(1088K)
[2025-04-17T11:34:34.186+0000][2874.016s][info][gc,heap        ] GC(1858) Tenured: 15171K(22468K)->15171K(22468K)
[2025-04-17T11:34:34.186+0000][2874.016s][info][gc,metaspace   ] GC(1858) Metaspace: 38446K(38784K)->38446K(38784K) NonClass: 33896K(34048K)->33896K(34048K) Class: 4549K(4736K)->4549K(4736K)
[2025-04-17T11:34:34.186+0000][2874.016s][info][gc             ] GC(1858) Pause Young (Allocation Failure) 24M->15M(31M) 2.373ms
[2025-04-17T11:34:34.186+0000][2874.016s][info][gc,cpu         ] GC(1858) User=0.00s Sys=0.00s Real=0.01s
[2025-04-17T11:34:35.836+0000][2875.666s][info][gc,start       ] GC(1859) Pause Young (Allocation Failure)
[2025-04-17T11:34:35.838+0000][2875.669s][info][gc,heap        ] GC(1859) DefNew: 9448K(10176K)->355K(10176K) Eden: 9088K(9088K)->0K(9088K) From: 360K(1088K)->355K(1088K)
[2025-04-17T11:34:35.838+0000][2875.669s][info][gc,heap        ] GC(1859) Tenured: 15171K(22468K)->15171K(22468K)
[2025-04-17T11:34:35.838+0000][2875.669s][info][gc,metaspace   ] GC(1859) Metaspace: 38446K(38784K)->38446K(38784K) NonClass: 33896K(34048K)->33896K(34048K) Class: 4549K(4736K)->4549K(4736K)
[2025-04-17T11:34:35.838+0000][2875.669s][info][gc             ] GC(1859) Pause Young (Allocation Failure) 24M->15M(31M) 2.385ms
[2025-04-17T11:34:35.838+0000][2875.669s][info][gc,cpu         ] GC(1859) User=0.00s Sys=0.00s Real=0.00s
[2025-04-17T11:34:37.448+0000][2877.278s][info][gc,start       ] GC(1860) Pause Young (Allocation Failure)
[2025-04-17T11:34:37.450+0000][2877.280s][info][gc,heap        ] GC(1860) DefNew: 9443K(10176K)->364K(10176K) Eden: 9088K(9088K)->0K(9088K) From: 355K(1088K)->364K(1088K)
[2025-04-17T11:34:37.450+0000][2877.280s][info][gc,heap        ] GC(1860) Tenured: 15171K(22468K)->15171K(22468K)
[2025-04-17T11:34:37.450+0000][2877.280s][info][gc,metaspace   ] GC(1860) Metaspace: 38446K(38784K)->38446K(38784K) NonClass: 33896K(34048K)->33896K(34048K) Class: 4549K(4736K)->4549K(4736K)
[2025-04-17T11:34:37.450+0000][2877.280s][info][gc             ] GC(1860) Pause Young (Allocation Failure) 24M->15M(31M) 2.119ms
[2025-04-17T11:34:37.450+0000][2877.280s][info][gc,cpu         ] GC(1860) User=0.00s Sys=0.00s Real=0.00s
[2025-04-17T11:34:39.020+0000][2878.850s][info][gc,start       ] GC(1861) Pause Young (Allocation Failure)
[2025-04-17T11:34:39.022+0000][2878.853s][info][gc,heap        ] GC(1861) DefNew: 9452K(10176K)->360K(10176K) Eden: 9088K(9088K)->0K(9088K) From: 364K(1088K)->360K(1088K)
[2025-04-17T11:34:39.022+0000][2878.853s][info][gc,heap        ] GC(1861) Tenured: 15171K(22468K)->15171K(22468K)
[2025-04-17T11:34:39.022+0000][2878.853s][info][gc,metaspace   ] GC(1861) Metaspace: 38446K(38784K)->38446K(38784K) NonClass: 33896K(34048K)->33896K(34048K) Class: 4549K(4736K)->4549K(4736K)
[2025-04-17T11:34:39.022+0000][2878.853s][info][gc             ] GC(1861) Pause Young (Allocation Failure) 24M->15M(31M) 2.388ms
[2025-04-17T11:34:39.022+0000][2878.853s][info][gc,cpu         ] GC(1861) User=0.01s Sys=0.00s Real=0.00s
[2025-04-17T11:34:40.607+0000][2880.437s][info][gc,start       ] GC(1862) Pause Young (Allocation Failure)
[2025-04-17T11:34:40.610+0000][2880.440s][info][gc,heap        ] GC(1862) DefNew: 9448K(10176K)->274K(10176K) Eden: 9088K(9088K)->0K(9088K) From: 360K(1088K)->274K(1088K)
[2025-04-17T11:34:40.610+0000][2880.440s][info][gc,heap        ] GC(1862) Tenured: 15171K(22468K)->15278K(22468K)
[2025-04-17T11:34:40.610+0000][2880.440s][info][gc,metaspace   ] GC(1862) Metaspace: 38446K(38784K)->38446K(38784K) NonClass: 33896K(34048K)->33896K(34048K) Class: 4549K(4736K)->4549K(4736K)
[2025-04-17T11:34:40.610+0000][2880.440s][info][gc             ] GC(1862) Pause Young (Allocation Failure) 24M->15M(31M) 2.980ms
[2025-04-17T11:34:40.610+0000][2880.440s][info][gc,cpu         ] GC(1862) User=0.00s Sys=0.00s Real=0.00s
[2025-04-17T11:34:42.082+0000][2881.913s][info][gc,start       ] GC(1863) Pause Young (Allocation Failure)
[2025-04-17T11:34:42.085+0000][2881.915s][info][gc,heap        ] GC(1863) DefNew: 9362K(10176K)->72K(10176K) Eden: 9088K(9088K)->0K(9088K) From: 274K(1088K)->72K(1088K)
[2025-04-17T11:34:42.085+0000][2881.915s][info][gc,heap        ] GC(1863) Tenured: 15278K(22468K)->15455K(22468K)
[2025-04-17T11:34:42.085+0000][2881.915s][info][gc,metaspace   ] GC(1863) Metaspace: 38446K(38784K)->38446K(38784K) NonClass: 33896K(34048K)->33896K(34048K) Class: 4549K(4736K)->4549K(4736K)
[2025-04-17T11:34:42.085+0000][2881.915s][info][gc             ] GC(1863) Pause Young (Allocation Failure) 24M->15M(31M) 2.108ms
[2025-04-17T11:34:42.085+0000][2881.915s][info][gc,cpu         ] GC(1863) User=0.00s Sys=0.00s Real=0.01s
[2025-04-17T11:34:43.700+0000][2883.530s][info][gc,start       ] GC(1864) Pause Young (Allocation Failure)
[2025-04-17T11:34:43.701+0000][2883.531s][info][gc,heap        ] GC(1864) DefNew: 9153K(10176K)->75K(10176K) Eden: 9081K(9088K)->0K(9088K) From: 72K(1088K)->75K(1088K)
[2025-04-17T11:34:43.701+0000][2883.531s][info][gc,heap        ] GC(1864) Tenured: 15455K(22468K)->15455K(22468K)
[2025-04-17T11:34:43.701+0000][2883.531s][info][gc,metaspace   ] GC(1864) Metaspace: 38446K(38784K)->38446K(38784K) NonClass: 33896K(34048K)->33896K(34048K) Class: 4549K(4736K)->4549K(4736K)
[2025-04-17T11:34:43.701+0000][2883.531s][info][gc             ] GC(1864) Pause Young (Allocation Failure) 24M->15M(31M) 1.471ms
[2025-04-17T11:34:43.701+0000][2883.532s][info][gc,cpu         ] GC(1864) User=0.00s Sys=0.00s Real=0.00s
[2025-04-17T11:34:45.282+0000][2885.112s][info][gc,start       ] GC(1865) Pause Young (Allocation Failure)
[2025-04-17T11:34:45.284+0000][2885.114s][info][gc,heap        ] GC(1865) DefNew: 9163K(10176K)->77K(10176K) Eden: 9088K(9088K)->0K(9088K) From: 75K(1088K)->77K(1088K)
[2025-04-17T11:34:45.284+0000][2885.114s][info][gc,heap        ] GC(1865) Tenured: 15455K(22468K)->15455K(22468K)
[2025-04-17T11:34:45.284+0000][2885.114s][info][gc,metaspace   ] GC(1865) Metaspace: 38446K(38784K)->38446K(38784K) NonClass: 33896K(34048K)->33896K(34048K) Class: 4549K(4736K)->4549K(4736K)
[2025-04-17T11:34:45.284+0000][2885.114s][info][gc             ] GC(1865) Pause Young (Allocation Failure) 24M->15M(31M) 1.348ms
[2025-04-17T11:34:45.284+0000][2885.114s][info][gc,cpu         ] GC(1865) User=0.00s Sys=0.00s Real=0.00s
[2025-04-17T11:34:46.675+0000][2886.505s][info][gc,start       ] GC(1866) Pause Young (Allocation Failure)
[2025-04-17T11:34:46.677+0000][2886.507s][info][gc,heap        ] GC(1866) DefNew: 9165K(10176K)->78K(10176K) Eden: 9088K(9088K)->0K(9088K) From: 77K(1088K)->78K(1088K)
[2025-04-17T11:34:46.677+0000][2886.507s][info][gc,heap        ] GC(1866) Tenured: 15455K(22468K)->15456K(22468K)
[2025-04-17T11:34:46.677+0000][2886.507s][info][gc,metaspace   ] GC(1866) Metaspace: 38446K(38784K)->38446K(38784K) NonClass: 33896K(34048K)->33896K(34048K) Class: 4549K(4736K)->4549K(4736K)
[2025-04-17T11:34:46.677+0000][2886.507s][info][gc             ] GC(1866) Pause Young (Allocation Failure) 24M->15M(31M) 1.666ms
[2025-04-17T11:34:46.677+0000][2886.507s][info][gc,cpu         ] GC(1866) User=0.00s Sys=0.00s Real=0.00s
[2025-04-17T11:34:48.193+0000][2888.023s][info][gc,start       ] GC(1867) Pause Young (Allocation Failure)
[2025-04-17T11:34:48.194+0000][2888.025s][info][gc,heap        ] GC(1867) DefNew: 9166K(10176K)->100K(10176K) Eden: 9088K(9088K)->0K(9088K) From: 78K(1088K)->100K(1088K)
[2025-04-17T11:34:48.194+0000][2888.025s][info][gc,heap        ] GC(1867) Tenured: 15456K(22468K)->15456K(22468K)
[2025-04-17T11:34:48.194+0000][2888.025s][info][gc,metaspace   ] GC(1867) Metaspace: 38446K(38784K)->38446K(38784K) NonClass: 33896K(34048K)->33896K(34048K) Class: 4549K(4736K)->4549K(4736K)
[2025-04-17T11:34:48.194+0000][2888.025s][info][gc             ] GC(1867) Pause Young (Allocation Failure) 24M->15M(31M) 1.530ms
[2025-04-17T11:34:48.194+0000][2888.025s][info][gc,cpu         ] GC(1867) User=0.00s Sys=0.00s Real=0.01s
[2025-04-17T11:34:49.842+0000][2889.672s][info][gc,start       ] GC(1868) Pause Young (Allocation Failure)
[2025-04-17T11:34:49.844+0000][2889.674s][info][gc,heap        ] GC(1868) DefNew: 9188K(10176K)->71K(10176K) Eden: 9088K(9088K)->0K(9088K) From: 100K(1088K)->71K(1088K)
[2025-04-17T11:34:49.844+0000][2889.674s][info][gc,heap        ] GC(1868) Tenured: 15456K(22468K)->15456K(22468K)
[2025-04-17T11:34:49.844+0000][2889.674s][info][gc,metaspace   ] GC(1868) Metaspace: 38446K(38784K)->38446K(38784K) NonClass: 33896K(34048K)->33896K(34048K) Class: 4549K(4736K)->4549K(4736K)
[2025-04-17T11:34:49.844+0000][2889.674s][info][gc             ] GC(1868) Pause Young (Allocation Failure) 24M->15M(31M) 1.275ms
[2025-04-17T11:34:49.844+0000][2889.674s][info][gc,cpu         ] GC(1868) User=0.00s Sys=0.00s Real=0.00s
[2025-04-17T11:34:51.490+0000][2891.320s][info][gc,start       ] GC(1869) Pause Young (Allocation Failure)
[2025-04-17T11:34:51.491+0000][2891.321s][info][gc,heap        ] GC(1869) DefNew: 9159K(10176K)->89K(10176K) Eden: 9088K(9088K)->0K(9088K) From: 71K(1088K)->89K(1088K)
[2025-04-17T11:34:51.491+0000][2891.321s][info][gc,heap        ] GC(1869) Tenured: 15456K(22468K)->15456K(22468K)
[2025-04-17T11:34:51.491+0000][2891.321s][info][gc,metaspace   ] GC(1869) Metaspace: 38446K(38784K)->38446K(38784K) NonClass: 33896K(34048K)->33896K(34048K) Class: 4549K(4736K)->4549K(4736K)
[2025-04-17T11:34:51.491+0000][2891.321s][info][gc             ] GC(1869) Pause Young (Allocation Failure) 24M->15M(31M) 1.353ms
[2025-04-17T11:34:51.491+0000][2891.321s][info][gc,cpu         ] GC(1869) User=0.00s Sys=0.00s Real=0.00s
[2025-04-17T11:34:53.121+0000][2892.951s][info][gc,start       ] GC(1870) Pause Young (Allocation Failure)
[2025-04-17T11:34:53.122+0000][2892.952s][info][gc,heap        ] GC(1870) DefNew: 9177K(10176K)->73K(10176K) Eden: 9088K(9088K)->0K(9088K) From: 89K(1088K)->73K(1088K)
[2025-04-17T11:34:53.122+0000][2892.952s][info][gc,heap        ] GC(1870) Tenured: 15456K(22468K)->15456K(22468K)
[2025-04-17T11:34:53.122+0000][2892.952s][info][gc,metaspace   ] GC(1870) Metaspace: 38446K(38784K)->38446K(38784K) NonClass: 33896K(34048K)->33896K(34048K) Class: 4549K(4736K)->4549K(4736K)
[2025-04-17T11:34:53.122+0000][2892.952s][info][gc             ] GC(1870) Pause Young (Allocation Failure) 24M->15M(31M) 1.259ms
[2025-04-17T11:34:53.122+0000][2892.952s][info][gc,cpu         ] GC(1870) User=0.00s Sys=0.00s Real=0.00s
[2025-04-17T11:34:54.660+0000][2894.490s][info][gc,start       ] GC(1871) Pause Young (Allocation Failure)
[2025-04-17T11:34:54.662+0000][2894.492s][info][gc,heap        ] GC(1871) DefNew: 9161K(10176K)->74K(10176K) Eden: 9088K(9088K)->0K(9088K) From: 73K(1088K)->74K(1088K)
[2025-04-17T11:34:54.662+0000][2894.492s][info][gc,heap        ] GC(1871) Tenured: 15456K(22468K)->15456K(22468K)
[2025-04-17T11:34:54.662+0000][2894.492s][info][gc,metaspace   ] GC(1871) Metaspace: 38446K(38784K)->38446K(38784K) NonClass: 33896K(34048K)->33896K(34048K) Class: 4549K(4736K)->4549K(4736K)
[2025-04-17T11:34:54.662+0000][2894.492s][info][gc             ] GC(1871) Pause Young (Allocation Failure) 24M->15M(31M) 1.320ms
[2025-04-17T11:34:54.662+0000][2894.492s][info][gc,cpu         ] GC(1871) User=0.00s Sys=0.00s Real=0.00s
[2025-04-17T11:34:56.354+0000][2896.185s][info][gc,start       ] GC(1872) Pause Young (Allocation Failure)
[2025-04-17T11:34:56.356+0000][2896.186s][info][gc,heap        ] GC(1872) DefNew: 9162K(10176K)->81K(10176K) Eden: 9088K(9088K)->0K(9088K) From: 74K(1088K)->81K(1088K)
[2025-04-17T11:34:56.356+0000][2896.186s][info][gc,heap        ] GC(1872) Tenured: 15456K(22468K)->15456K(22468K)
[2025-04-17T11:34:56.356+0000][2896.186s][info][gc,metaspace   ] GC(1872) Metaspace: 38446K(38784K)->38446K(38784K) NonClass: 33896K(34048K)->33896K(34048K) Class: 4549K(4736K)->4549K(4736K)
[2025-04-17T11:34:56.356+0000][2896.186s][info][gc             ] GC(1872) Pause Young (Allocation Failure) 24M->15M(31M) 1.425ms
[2025-04-17T11:34:56.356+0000][2896.186s][info][gc,cpu         ] GC(1872) User=0.00s Sys=0.00s Real=0.00s
[2025-04-17T11:34:57.931+0000][2897.761s][info][gc,start       ] GC(1873) Pause Young (Allocation Failure)
[2025-04-17T11:34:57.932+0000][2897.762s][info][gc,heap        ] GC(1873) DefNew: 9169K(10176K)->89K(10176K) Eden: 9088K(9088K)->0K(9088K) From: 81K(1088K)->89K(1088K)
[2025-04-17T11:34:57.932+0000][2897.762s][info][gc,heap        ] GC(1873) Tenured: 15456K(22468K)->15456K(22468K)
[2025-04-17T11:34:57.932+0000][2897.762s][info][gc,metaspace   ] GC(1873) Metaspace: 38446K(38784K)->38446K(38784K) NonClass: 33896K(34048K)->33896K(34048K) Class: 4549K(4736K)->4549K(4736K)
[2025-04-17T11:34:57.932+0000][2897.762s][info][gc             ] GC(1873) Pause Young (Allocation Failure) 24M->15M(31M) 1.259ms
[2025-04-17T11:34:57.932+0000][2897.762s][info][gc,cpu         ] GC(1873) User=0.00s Sys=0.00s Real=0.00s
[2025-04-17T11:34:59.507+0000][2899.337s][info][gc,start       ] GC(1874) Pause Young (Allocation Failure)
[2025-04-17T11:34:59.508+0000][2899.338s][info][gc,heap        ] GC(1874) DefNew: 9177K(10176K)->104K(10176K) Eden: 9088K(9088K)->0K(9088K) From: 89K(1088K)->104K(1088K)
[2025-04-17T11:34:59.508+0000][2899.338s][info][gc,heap        ] GC(1874) Tenured: 15456K(22468K)->15456K(22468K)
[2025-04-17T11:34:59.508+0000][2899.338s][info][gc,metaspace   ] GC(1874) Metaspace: 38446K(38784K)->38446K(38784K) NonClass: 33896K(34048K)->33896K(34048K) Class: 4549K(4736K)->4549K(4736K)
[2025-04-17T11:34:59.508+0000][2899.338s][info][gc             ] GC(1874) Pause Young (Allocation Failure) 24M->15M(31M) 1.386ms
[2025-04-17T11:34:59.508+0000][2899.338s][info][gc,cpu         ] GC(1874) User=0.00s Sys=0.00s Real=0.00s
[2025-04-17T11:35:01.137+0000][2900.967s][info][gc,start       ] GC(1875) Pause Young (Allocation Failure)
[2025-04-17T11:35:01.139+0000][2900.970s][info][gc,heap        ] GC(1875) DefNew: 9192K(10176K)->76K(10176K) Eden: 9088K(9088K)->0K(9088K) From: 104K(1088K)->76K(1088K)
[2025-04-17T11:35:01.139+0000][2900.970s][info][gc,heap        ] GC(1875) Tenured: 15456K(22468K)->15456K(22468K)
[2025-04-17T11:35:01.139+0000][2900.970s][info][gc,metaspace   ] GC(1875) Metaspace: 38446K(38784K)->38446K(38784K) NonClass: 33896K(34048K)->33896K(34048K) Class: 4549K(4736K)->4549K(4736K)
[2025-04-17T11:35:01.139+0000][2900.970s][info][gc             ] GC(1875) Pause Young (Allocation Failure) 24M->15M(31M) 2.270ms
[2025-04-17T11:35:01.139+0000][2900.970s][info][gc,cpu         ] GC(1875) User=0.00s Sys=0.00s Real=0.00s
[2025-04-17T11:35:02.876+0000][2902.706s][info][gc,start       ] GC(1876) Pause Young (Allocation Failure)
[2025-04-17T11:35:02.877+0000][2902.707s][info][gc,heap        ] GC(1876) DefNew: 9164K(10176K)->99K(10176K) Eden: 9087K(9088K)->0K(9088K) From: 76K(1088K)->99K(1088K)
[2025-04-17T11:35:02.877+0000][2902.707s][info][gc,heap        ] GC(1876) Tenured: 15456K(22468K)->15456K(22468K)
[2025-04-17T11:35:02.877+0000][2902.707s][info][gc,metaspace   ] GC(1876) Metaspace: 38446K(38784K)->38446K(38784K) NonClass: 33896K(34048K)->33896K(34048K) Class: 4549K(4736K)->4549K(4736K)
[2025-04-17T11:35:02.877+0000][2902.707s][info][gc             ] GC(1876) Pause Young (Allocation Failure) 24M->15M(31M) 1.393ms
[2025-04-17T11:35:02.877+0000][2902.707s][info][gc,cpu         ] GC(1876) User=0.00s Sys=0.00s Real=0.00s
[2025-04-17T11:35:04.534+0000][2904.364s][info][gc,start       ] GC(1877) Pause Young (Allocation Failure)
[2025-04-17T11:35:04.535+0000][2904.365s][info][gc,heap        ] GC(1877) DefNew: 9187K(10176K)->76K(10176K) Eden: 9088K(9088K)->0K(9088K) From: 99K(1088K)->76K(1088K)
[2025-04-17T11:35:04.535+0000][2904.365s][info][gc,heap        ] GC(1877) Tenured: 15456K(22468K)->15456K(22468K)
[2025-04-17T11:35:04.535+0000][2904.365s][info][gc,metaspace   ] GC(1877) Metaspace: 38446K(38784K)->38446K(38784K) NonClass: 33896K(34048K)->33896K(34048K) Class: 4549K(4736K)->4549K(4736K)
[2025-04-17T11:35:04.535+0000][2904.365s][info][gc             ] GC(1877) Pause Young (Allocation Failure) 24M->15M(31M) 1.384ms
[2025-04-17T11:35:04.535+0000][2904.366s][info][gc,cpu         ] GC(1877) User=0.00s Sys=0.00s Real=0.01s
[2025-04-17T11:35:05.885+0000][2905.715s][info][gc,start       ] GC(1878) Pause Young (Allocation Failure)
[2025-04-17T11:35:05.886+0000][2905.716s][info][gc,heap        ] GC(1878) DefNew: 9164K(10176K)->90K(10176K) Eden: 9088K(9088K)->0K(9088K) From: 76K(1088K)->90K(1088K)
[2025-04-17T11:35:05.886+0000][2905.716s][info][gc,heap        ] GC(1878) Tenured: 15456K(22468K)->15456K(22468K)
[2025-04-17T11:35:05.886+0000][2905.716s][info][gc,metaspace   ] GC(1878) Metaspace: 38446K(38784K)->38446K(38784K) NonClass: 33896K(34048K)->33896K(34048K) Class: 4549K(4736K)->4549K(4736K)
[2025-04-17T11:35:05.886+0000][2905.716s][info][gc             ] GC(1878) Pause Young (Allocation Failure) 24M->15M(31M) 1.493ms
[2025-04-17T11:35:05.886+0000][2905.716s][info][gc,cpu         ] GC(1878) User=0.00s Sys=0.00s Real=0.00s
[2025-04-17T11:35:07.404+0000][2907.234s][info][gc,start       ] GC(1879) Pause Young (Allocation Failure)
[2025-04-17T11:35:07.405+0000][2907.235s][info][gc,heap        ] GC(1879) DefNew: 9178K(10176K)->82K(10176K) Eden: 9088K(9088K)->0K(9088K) From: 90K(1088K)->82K(1088K)
[2025-04-17T11:35:07.405+0000][2907.235s][info][gc,heap        ] GC(1879) Tenured: 15456K(22468K)->15456K(22468K)
[2025-04-17T11:35:07.405+0000][2907.236s][info][gc,metaspace   ] GC(1879) Metaspace: 38446K(38784K)->38446K(38784K) NonClass: 33896K(34048K)->33896K(34048K) Class: 4549K(4736K)->4549K(4736K)
[2025-04-17T11:35:07.405+0000][2907.236s][info][gc             ] GC(1879) Pause Young (Allocation Failure) 24M->15M(31M) 1.321ms
[2025-04-17T11:35:07.405+0000][2907.236s][info][gc,cpu         ] GC(1879) User=0.00s Sys=0.00s Real=0.00s
[2025-04-17T11:35:09.063+0000][2908.893s][info][gc,start       ] GC(1880) Pause Young (Allocation Failure)
[2025-04-17T11:35:09.065+0000][2908.895s][info][gc,heap        ] GC(1880) DefNew: 9170K(10176K)->93K(10176K) Eden: 9088K(9088K)->0K(9088K) From: 82K(1088K)->93K(1088K)
[2025-04-17T11:35:09.065+0000][2908.895s][info][gc,heap        ] GC(1880) Tenured: 15456K(22468K)->15456K(22468K)
[2025-04-17T11:35:09.065+0000][2908.895s][info][gc,metaspace   ] GC(1880) Metaspace: 38446K(38784K)->38446K(38784K) NonClass: 33896K(34048K)->33896K(34048K) Class: 4549K(4736K)->4549K(4736K)
[2025-04-17T11:35:09.065+0000][2908.895s][info][gc             ] GC(1880) Pause Young (Allocation Failure) 24M->15M(31M) 1.426ms
[2025-04-17T11:35:09.065+0000][2908.895s][info][gc,cpu         ] GC(1880) User=0.00s Sys=0.00s Real=0.01s
[2025-04-17T11:35:10.530+0000][2910.360s][info][gc,start       ] GC(1881) Pause Young (Allocation Failure)
[2025-04-17T11:35:10.531+0000][2910.361s][info][gc,heap        ] GC(1881) DefNew: 9181K(10176K)->80K(10176K) Eden: 9088K(9088K)->0K(9088K) From: 93K(1088K)->80K(1088K)
[2025-04-17T11:35:10.531+0000][2910.361s][info][gc,heap        ] GC(1881) Tenured: 15456K(22468K)->15456K(22468K)
[2025-04-17T11:35:10.531+0000][2910.361s][info][gc,metaspace   ] GC(1881) Metaspace: 38446K(38784K)->38446K(38784K) NonClass: 33896K(34048K)->33896K(34048K) Class: 4549K(4736K)->4549K(4736K)
[2025-04-17T11:35:10.531+0000][2910.361s][info][gc             ] GC(1881) Pause Young (Allocation Failure) 24M->15M(31M) 1.390ms
[2025-04-17T11:35:10.531+0000][2910.361s][info][gc,cpu         ] GC(1881) User=0.01s Sys=0.00s Real=0.00s
[2025-04-17T11:35:12.070+0000][2911.900s][info][gc,start       ] GC(1882) Pause Young (Allocation Failure)
[2025-04-17T11:35:12.072+0000][2911.902s][info][gc,heap        ] GC(1882) DefNew: 9168K(10176K)->77K(10176K) Eden: 9088K(9088K)->0K(9088K) From: 80K(1088K)->77K(1088K)
[2025-04-17T11:35:12.072+0000][2911.902s][info][gc,heap        ] GC(1882) Tenured: 15456K(22468K)->15456K(22468K)
[2025-04-17T11:35:12.072+0000][2911.902s][info][gc,metaspace   ] GC(1882) Metaspace: 38446K(38784K)->38446K(38784K) NonClass: 33896K(34048K)->33896K(34048K) Class: 4549K(4736K)->4549K(4736K)
[2025-04-17T11:35:12.072+0000][2911.902s][info][gc             ] GC(1882) Pause Young (Allocation Failure) 24M->15M(31M) 1.411ms
[2025-04-17T11:35:12.072+0000][2911.902s][info][gc,cpu         ] GC(1882) User=0.00s Sys=0.00s Real=0.00s
[2025-04-17T11:35:13.552+0000][2913.383s][info][gc,start       ] GC(1883) Pause Young (Allocation Failure)
[2025-04-17T11:35:13.554+0000][2913.384s][info][gc,heap        ] GC(1883) DefNew: 9165K(10176K)->93K(10176K) Eden: 9088K(9088K)->0K(9088K) From: 77K(1088K)->93K(1088K)
[2025-04-17T11:35:13.554+0000][2913.384s][info][gc,heap        ] GC(1883) Tenured: 15456K(22468K)->15456K(22468K)
[2025-04-17T11:35:13.554+0000][2913.384s][info][gc,metaspace   ] GC(1883) Metaspace: 38446K(38784K)->38446K(38784K) NonClass: 33896K(34048K)->33896K(34048K) Class: 4549K(4736K)->4549K(4736K)
[2025-04-17T11:35:13.554+0000][2913.384s][info][gc             ] GC(1883) Pause Young (Allocation Failure) 24M->15M(31M) 1.392ms
[2025-04-17T11:35:13.554+0000][2913.384s][info][gc,cpu         ] GC(1883) User=0.00s Sys=0.00s Real=0.00s
[2025-04-17T11:35:14.882+0000][2914.713s][info][gc,start       ] GC(1884) Pause Young (Allocation Failure)
[2025-04-17T11:35:14.884+0000][2914.714s][info][gc,heap        ] GC(1884) DefNew: 9181K(10176K)->90K(10176K) Eden: 9088K(9088K)->0K(9088K) From: 93K(1088K)->90K(1088K)
[2025-04-17T11:35:14.884+0000][2914.714s][info][gc,heap        ] GC(1884) Tenured: 15456K(22468K)->15457K(22468K)
[2025-04-17T11:35:14.884+0000][2914.714s][info][gc,metaspace   ] GC(1884) Metaspace: 38446K(38784K)->38446K(38784K) NonClass: 33896K(34048K)->33896K(34048K) Class: 4549K(4736K)->4549K(4736K)
[2025-04-17T11:35:14.884+0000][2914.714s][info][gc             ] GC(1884) Pause Young (Allocation Failure) 24M->15M(31M) 1.267ms
[2025-04-17T11:35:14.884+0000][2914.714s][info][gc,cpu         ] GC(1884) User=0.00s Sys=0.00s Real=0.00s
[2025-04-17T11:35:16.624+0000][2916.454s][info][gc,start       ] GC(1885) Pause Young (Allocation Failure)
[2025-04-17T11:35:16.625+0000][2916.455s][info][gc,heap        ] GC(1885) DefNew: 9178K(10176K)->74K(10176K) Eden: 9088K(9088K)->0K(9088K) From: 90K(1088K)->74K(1088K)
[2025-04-17T11:35:16.625+0000][2916.455s][info][gc,heap        ] GC(1885) Tenured: 15457K(22468K)->15457K(22468K)
[2025-04-17T11:35:16.625+0000][2916.455s][info][gc,metaspace   ] GC(1885) Metaspace: 38446K(38784K)->38446K(38784K) NonClass: 33896K(34048K)->33896K(34048K) Class: 4549K(4736K)->4549K(4736K)
[2025-04-17T11:35:16.625+0000][2916.456s][info][gc             ] GC(1885) Pause Young (Allocation Failure) 24M->15M(31M) 1.252ms
[2025-04-17T11:35:16.625+0000][2916.456s][info][gc,cpu         ] GC(1885) User=0.00s Sys=0.00s Real=0.00s
[2025-04-17T11:35:18.302+0000][2918.132s][info][gc,start       ] GC(1886) Pause Young (Allocation Failure)
[2025-04-17T11:35:18.304+0000][2918.134s][info][gc,heap        ] GC(1886) DefNew: 9162K(10176K)->77K(10176K) Eden: 9088K(9088K)->0K(9088K) From: 74K(1088K)->77K(1088K)
[2025-04-17T11:35:18.304+0000][2918.134s][info][gc,heap        ] GC(1886) Tenured: 15457K(22468K)->15457K(22468K)
[2025-04-17T11:35:18.304+0000][2918.134s][info][gc,metaspace   ] GC(1886) Metaspace: 38446K(38784K)->38446K(38784K) NonClass: 33896K(34048K)->33896K(34048K) Class: 4549K(4736K)->4549K(4736K)
[2025-04-17T11:35:18.304+0000][2918.134s][info][gc             ] GC(1886) Pause Young (Allocation Failure) 24M->15M(31M) 1.319ms
[2025-04-17T11:35:18.304+0000][2918.134s][info][gc,cpu         ] GC(1886) User=0.00s Sys=0.00s Real=0.00s
[2025-04-17T11:35:19.801+0000][2919.631s][info][gc,start       ] GC(1887) Pause Young (Allocation Failure)
[2025-04-17T11:35:19.802+0000][2919.632s][info][gc,heap        ] GC(1887) DefNew: 9165K(10176K)->96K(10176K) Eden: 9088K(9088K)->0K(9088K) From: 77K(1088K)->96K(1088K)
[2025-04-17T11:35:19.802+0000][2919.632s][info][gc,heap        ] GC(1887) Tenured: 15457K(22468K)->15457K(22468K)
[2025-04-17T11:35:19.802+0000][2919.632s][info][gc,metaspace   ] GC(1887) Metaspace: 38446K(38784K)->38446K(38784K) NonClass: 33896K(34048K)->33896K(34048K) Class: 4549K(4736K)->4549K(4736K)
[2025-04-17T11:35:19.802+0000][2919.632s][info][gc             ] GC(1887) Pause Young (Allocation Failure) 24M->15M(31M) 1.353ms
[2025-04-17T11:35:19.802+0000][2919.632s][info][gc,cpu         ] GC(1887) User=0.00s Sys=0.00s Real=0.00s
[2025-04-17T11:35:21.350+0000][2921.180s][info][gc,start       ] GC(1888) Pause Young (Allocation Failure)
[2025-04-17T11:35:21.351+0000][2921.181s][info][gc,heap        ] GC(1888) DefNew: 9183K(10176K)->89K(10176K) Eden: 9087K(9088K)->0K(9088K) From: 96K(1088K)->89K(1088K)
[2025-04-17T11:35:21.351+0000][2921.182s][info][gc,heap        ] GC(1888) Tenured: 15457K(22468K)->15457K(22468K)
[2025-04-17T11:35:21.351+0000][2921.182s][info][gc,metaspace   ] GC(1888) Metaspace: 38446K(38784K)->38446K(38784K) NonClass: 33896K(34048K)->33896K(34048K) Class: 4549K(4736K)->4549K(4736K)
[2025-04-17T11:35:21.351+0000][2921.182s][info][gc             ] GC(1888) Pause Young (Allocation Failure) 24M->15M(31M) 1.555ms
[2025-04-17T11:35:21.351+0000][2921.182s][info][gc,cpu         ] GC(1888) User=0.00s Sys=0.00s Real=0.00s
[2025-04-17T11:35:23.015+0000][2922.845s][info][gc,start       ] GC(1889) Pause Young (Allocation Failure)
[2025-04-17T11:35:23.016+0000][2922.846s][info][gc,heap        ] GC(1889) DefNew: 9177K(10176K)->80K(10176K) Eden: 9088K(9088K)->0K(9088K) From: 89K(1088K)->80K(1088K)
[2025-04-17T11:35:23.016+0000][2922.846s][info][gc,heap        ] GC(1889) Tenured: 15457K(22468K)->15457K(22468K)
[2025-04-17T11:35:23.016+0000][2922.846s][info][gc,metaspace   ] GC(1889) Metaspace: 38446K(38784K)->38446K(38784K) NonClass: 33896K(34048K)->33896K(34048K) Class: 4549K(4736K)->4549K(4736K)
[2025-04-17T11:35:23.016+0000][2922.846s][info][gc             ] GC(1889) Pause Young (Allocation Failure) 24M->15M(31M) 1.288ms
[2025-04-17T11:35:23.016+0000][2922.846s][info][gc,cpu         ] GC(1889) User=0.00s Sys=0.00s Real=0.00s
[2025-04-17T11:35:24.318+0000][2924.148s][info][gc,start       ] GC(1890) Pause Young (Allocation Failure)
[2025-04-17T11:35:24.319+0000][2924.149s][info][gc,heap        ] GC(1890) DefNew: 9168K(10176K)->87K(10176K) Eden: 9087K(9088K)->0K(9088K) From: 80K(1088K)->87K(1088K)
[2025-04-17T11:35:24.319+0000][2924.149s][info][gc,heap        ] GC(1890) Tenured: 15457K(22468K)->15460K(22468K)
[2025-04-17T11:35:24.319+0000][2924.149s][info][gc,metaspace   ] GC(1890) Metaspace: 38446K(38784K)->38446K(38784K) NonClass: 33896K(34048K)->33896K(34048K) Class: 4549K(4736K)->4549K(4736K)
[2025-04-17T11:35:24.319+0000][2924.149s][info][gc             ] GC(1890) Pause Young (Allocation Failure) 24M->15M(31M) 1.419ms
[2025-04-17T11:35:24.319+0000][2924.149s][info][gc,cpu         ] GC(1890) User=0.00s Sys=0.00s Real=0.00s
[2025-04-17T11:35:25.880+0000][2925.711s][info][gc,start       ] GC(1891) Pause Young (Allocation Failure)
[2025-04-17T11:35:25.882+0000][2925.712s][info][gc,heap        ] GC(1891) DefNew: 9175K(10176K)->90K(10176K) Eden: 9088K(9088K)->0K(9088K) From: 87K(1088K)->90K(1088K)
[2025-04-17T11:35:25.882+0000][2925.712s][info][gc,heap        ] GC(1891) Tenured: 15460K(22468K)->15460K(22468K)
[2025-04-17T11:35:25.882+0000][2925.712s][info][gc,metaspace   ] GC(1891) Metaspace: 38446K(38784K)->38446K(38784K) NonClass: 33896K(34048K)->33896K(34048K) Class: 4549K(4736K)->4549K(4736K)
[2025-04-17T11:35:25.882+0000][2925.712s][info][gc             ] GC(1891) Pause Young (Allocation Failure) 24M->15M(31M) 1.405ms
[2025-04-17T11:35:25.882+0000][2925.712s][info][gc,cpu         ] GC(1891) User=0.00s Sys=0.00s Real=0.00s
[2025-04-17T11:35:27.510+0000][2927.341s][info][gc,start       ] GC(1892) Pause Young (Allocation Failure)
[2025-04-17T11:35:27.512+0000][2927.342s][info][gc,heap        ] GC(1892) DefNew: 9178K(10176K)->72K(10176K) Eden: 9088K(9088K)->0K(9088K) From: 90K(1088K)->72K(1088K)
[2025-04-17T11:35:27.512+0000][2927.342s][info][gc,heap        ] GC(1892) Tenured: 15460K(22468K)->15460K(22468K)
[2025-04-17T11:35:27.512+0000][2927.342s][info][gc,metaspace   ] GC(1892) Metaspace: 38446K(38784K)->38446K(38784K) NonClass: 33896K(34048K)->33896K(34048K) Class: 4549K(4736K)->4549K(4736K)
[2025-04-17T11:35:27.512+0000][2927.342s][info][gc             ] GC(1892) Pause Young (Allocation Failure) 24M->15M(31M) 1.348ms
[2025-04-17T11:35:27.512+0000][2927.342s][info][gc,cpu         ] GC(1892) User=0.01s Sys=0.00s Real=0.00s
[2025-04-17T11:35:29.009+0000][2928.839s][info][gc,start       ] GC(1893) Pause Young (Allocation Failure)
[2025-04-17T11:35:29.010+0000][2928.840s][info][gc,heap        ] GC(1893) DefNew: 9160K(10176K)->87K(10176K) Eden: 9088K(9088K)->0K(9088K) From: 72K(1088K)->87K(1088K)
[2025-04-17T11:35:29.010+0000][2928.840s][info][gc,heap        ] GC(1893) Tenured: 15460K(22468K)->15460K(22468K)
[2025-04-17T11:35:29.010+0000][2928.840s][info][gc,metaspace   ] GC(1893) Metaspace: 38446K(38784K)->38446K(38784K) NonClass: 33896K(34048K)->33896K(34048K) Class: 4549K(4736K)->4549K(4736K)
[2025-04-17T11:35:29.010+0000][2928.840s][info][gc             ] GC(1893) Pause Young (Allocation Failure) 24M->15M(31M) 1.371ms
[2025-04-17T11:35:29.010+0000][2928.840s][info][gc,cpu         ] GC(1893) User=0.00s Sys=0.00s Real=0.00s
[2025-04-17T11:35:30.591+0000][2930.422s][info][gc,start       ] GC(1894) Pause Young (Allocation Failure)
[2025-04-17T11:35:30.593+0000][2930.423s][info][gc,heap        ] GC(1894) DefNew: 9175K(10176K)->90K(10176K) Eden: 9087K(9088K)->0K(9088K) From: 87K(1088K)->90K(1088K)
[2025-04-17T11:35:30.593+0000][2930.423s][info][gc,heap        ] GC(1894) Tenured: 15460K(22468K)->15460K(22468K)
[2025-04-17T11:35:30.593+0000][2930.423s][info][gc,metaspace   ] GC(1894) Metaspace: 38446K(38784K)->38446K(38784K) NonClass: 33896K(34048K)->33896K(34048K) Class: 4549K(4736K)->4549K(4736K)
[2025-04-17T11:35:30.593+0000][2930.423s][info][gc             ] GC(1894) Pause Young (Allocation Failure) 24M->15M(31M) 1.428ms
[2025-04-17T11:35:30.593+0000][2930.423s][info][gc,cpu         ] GC(1894) User=0.00s Sys=0.00s Real=0.00s
[2025-04-17T11:35:32.320+0000][2932.150s][info][gc,start       ] GC(1895) Pause Young (Allocation Failure)
[2025-04-17T11:35:32.321+0000][2932.151s][info][gc,heap        ] GC(1895) DefNew: 9178K(10176K)->79K(10176K) Eden: 9088K(9088K)->0K(9088K) From: 90K(1088K)->79K(1088K)
[2025-04-17T11:35:32.321+0000][2932.151s][info][gc,heap        ] GC(1895) Tenured: 15460K(22468K)->15461K(22468K)
[2025-04-17T11:35:32.321+0000][2932.151s][info][gc,metaspace   ] GC(1895) Metaspace: 38446K(38784K)->38446K(38784K) NonClass: 33896K(34048K)->33896K(34048K) Class: 4549K(4736K)->4549K(4736K)
[2025-04-17T11:35:32.321+0000][2932.151s][info][gc             ] GC(1895) Pause Young (Allocation Failure) 24M->15M(31M) 1.262ms
[2025-04-17T11:35:32.321+0000][2932.151s][info][gc,cpu         ] GC(1895) User=0.00s Sys=0.00s Real=0.00s
[2025-04-17T11:35:33.822+0000][2933.652s][info][gc,start       ] GC(1896) Pause Young (Allocation Failure)
[2025-04-17T11:35:33.823+0000][2933.653s][info][gc,heap        ] GC(1896) DefNew: 9167K(10176K)->74K(10176K) Eden: 9088K(9088K)->0K(9088K) From: 79K(1088K)->74K(1088K)
[2025-04-17T11:35:33.823+0000][2933.653s][info][gc,heap        ] GC(1896) Tenured: 15461K(22468K)->15461K(22468K)
[2025-04-17T11:35:33.823+0000][2933.653s][info][gc,metaspace   ] GC(1896) Metaspace: 38446K(38784K)->38446K(38784K) NonClass: 33896K(34048K)->33896K(34048K) Class: 4549K(4736K)->4549K(4736K)
[2025-04-17T11:35:33.823+0000][2933.653s][info][gc             ] GC(1896) Pause Young (Allocation Failure) 24M->15M(31M) 1.288ms
[2025-04-17T11:35:33.823+0000][2933.653s][info][gc,cpu         ] GC(1896) User=0.00s Sys=0.00s Real=0.00s
[2025-04-17T11:35:35.312+0000][2935.142s][info][gc,start       ] GC(1897) Pause Young (Allocation Failure)
[2025-04-17T11:35:35.313+0000][2935.143s][info][gc,heap        ] GC(1897) DefNew: 9162K(10176K)->72K(10176K) Eden: 9088K(9088K)->0K(9088K) From: 74K(1088K)->72K(1088K)
[2025-04-17T11:35:35.313+0000][2935.143s][info][gc,heap        ] GC(1897) Tenured: 15461K(22468K)->15461K(22468K)
[2025-04-17T11:35:35.313+0000][2935.143s][info][gc,metaspace   ] GC(1897) Metaspace: 38446K(38784K)->38446K(38784K) NonClass: 33896K(34048K)->33896K(34048K) Class: 4549K(4736K)->4549K(4736K)
[2025-04-17T11:35:35.313+0000][2935.143s][info][gc             ] GC(1897) Pause Young (Allocation Failure) 24M->15M(31M) 1.284ms
[2025-04-17T11:35:35.313+0000][2935.143s][info][gc,cpu         ] GC(1897) User=0.00s Sys=0.00s Real=0.00s
[2025-04-17T11:35:37.049+0000][2936.879s][info][gc,start       ] GC(1898) Pause Young (Allocation Failure)
[2025-04-17T11:35:37.050+0000][2936.880s][info][gc,heap        ] GC(1898) DefNew: 9160K(10176K)->95K(10176K) Eden: 9088K(9088K)->0K(9088K) From: 72K(1088K)->95K(1088K)
[2025-04-17T11:35:37.050+0000][2936.881s][info][gc,heap        ] GC(1898) Tenured: 15461K(22468K)->15461K(22468K)
[2025-04-17T11:35:37.050+0000][2936.881s][info][gc,metaspace   ] GC(1898) Metaspace: 38446K(38784K)->38446K(38784K) NonClass: 33896K(34048K)->33896K(34048K) Class: 4549K(4736K)->4549K(4736K)
[2025-04-17T11:35:37.050+0000][2936.881s][info][gc             ] GC(1898) Pause Young (Allocation Failure) 24M->15M(31M) 1.447ms
[2025-04-17T11:35:37.050+0000][2936.881s][info][gc,cpu         ] GC(1898) User=0.00s Sys=0.00s Real=0.00s
[2025-04-17T11:35:38.568+0000][2938.399s][info][gc,start       ] GC(1899) Pause Young (Allocation Failure)
[2025-04-17T11:35:38.570+0000][2938.400s][info][gc,heap        ] GC(1899) DefNew: 9183K(10176K)->78K(10176K) Eden: 9088K(9088K)->0K(9088K) From: 95K(1088K)->78K(1088K)
[2025-04-17T11:35:38.570+0000][2938.400s][info][gc,heap        ] GC(1899) Tenured: 15461K(22468K)->15463K(22468K)
[2025-04-17T11:35:38.570+0000][2938.400s][info][gc,metaspace   ] GC(1899) Metaspace: 38446K(38784K)->38446K(38784K) NonClass: 33896K(34048K)->33896K(34048K) Class: 4549K(4736K)->4549K(4736K)
[2025-04-17T11:35:38.570+0000][2938.400s][info][gc             ] GC(1899) Pause Young (Allocation Failure) 24M->15M(31M) 1.385ms
[2025-04-17T11:35:38.570+0000][2938.400s][info][gc,cpu         ] GC(1899) User=0.00s Sys=0.00s Real=0.00s
[2025-04-17T11:35:40.003+0000][2939.833s][info][gc,start       ] GC(1900) Pause Young (Allocation Failure)
[2025-04-17T11:35:40.004+0000][2939.834s][info][gc,heap        ] GC(1900) DefNew: 9166K(10176K)->76K(10176K) Eden: 9088K(9088K)->0K(9088K) From: 78K(1088K)->76K(1088K)
[2025-04-17T11:35:40.004+0000][2939.834s][info][gc,heap        ] GC(1900) Tenured: 15463K(22468K)->15463K(22468K)
[2025-04-17T11:35:40.004+0000][2939.834s][info][gc,metaspace   ] GC(1900) Metaspace: 38446K(38784K)->38446K(38784K) NonClass: 33896K(34048K)->33896K(34048K) Class: 4549K(4736K)->4549K(4736K)
[2025-04-17T11:35:40.004+0000][2939.834s][info][gc             ] GC(1900) Pause Young (Allocation Failure) 24M->15M(31M) 1.401ms
[2025-04-17T11:35:40.004+0000][2939.834s][info][gc,cpu         ] GC(1900) User=0.00s Sys=0.00s Real=0.00s
[2025-04-17T11:35:41.384+0000][2941.214s][info][gc,start       ] GC(1901) Pause Young (Allocation Failure)
[2025-04-17T11:35:41.385+0000][2941.215s][info][gc,heap        ] GC(1901) DefNew: 9164K(10176K)->98K(10176K) Eden: 9088K(9088K)->0K(9088K) From: 76K(1088K)->98K(1088K)
[2025-04-17T11:35:41.385+0000][2941.215s][info][gc,heap        ] GC(1901) Tenured: 15463K(22468K)->15463K(22468K)
[2025-04-17T11:35:41.385+0000][2941.215s][info][gc,metaspace   ] GC(1901) Metaspace: 38446K(38784K)->38446K(38784K) NonClass: 33896K(34048K)->33896K(34048K) Class: 4549K(4736K)->4549K(4736K)
[2025-04-17T11:35:41.385+0000][2941.215s][info][gc             ] GC(1901) Pause Young (Allocation Failure) 24M->15M(31M) 1.322ms
[2025-04-17T11:35:41.385+0000][2941.215s][info][gc,cpu         ] GC(1901) User=0.00s Sys=0.00s Real=0.01s
[2025-04-17T11:35:43.216+0000][2943.046s][info][gc,start       ] GC(1902) Pause Young (Allocation Failure)
[2025-04-17T11:35:43.217+0000][2943.047s][info][gc,heap        ] GC(1902) DefNew: 9186K(10176K)->78K(10176K) Eden: 9088K(9088K)->0K(9088K) From: 98K(1088K)->78K(1088K)
[2025-04-17T11:35:43.217+0000][2943.047s][info][gc,heap        ] GC(1902) Tenured: 15463K(22468K)->15463K(22468K)
[2025-04-17T11:35:43.217+0000][2943.047s][info][gc,metaspace   ] GC(1902) Metaspace: 38446K(38784K)->38446K(38784K) NonClass: 33896K(34048K)->33896K(34048K) Class: 4549K(4736K)->4549K(4736K)
[2025-04-17T11:35:43.217+0000][2943.047s][info][gc             ] GC(1902) Pause Young (Allocation Failure) 24M->15M(31M) 1.220ms
[2025-04-17T11:35:43.217+0000][2943.047s][info][gc,cpu         ] GC(1902) User=0.00s Sys=0.00s Real=0.00s
[2025-04-17T11:35:44.745+0000][2944.575s][info][gc,start       ] GC(1903) Pause Young (Allocation Failure)
[2025-04-17T11:35:44.746+0000][2944.576s][info][gc,heap        ] GC(1903) DefNew: 9166K(10176K)->82K(10176K) Eden: 9088K(9088K)->0K(9088K) From: 78K(1088K)->82K(1088K)
[2025-04-17T11:35:44.746+0000][2944.576s][info][gc,heap        ] GC(1903) Tenured: 15463K(22468K)->15463K(22468K)
[2025-04-17T11:35:44.746+0000][2944.576s][info][gc,metaspace   ] GC(1903) Metaspace: 38446K(38784K)->38446K(38784K) NonClass: 33896K(34048K)->33896K(34048K) Class: 4549K(4736K)->4549K(4736K)
[2025-04-17T11:35:44.746+0000][2944.576s][info][gc             ] GC(1903) Pause Young (Allocation Failure) 24M->15M(31M) 1.436ms
[2025-04-17T11:35:44.746+0000][2944.576s][info][gc,cpu         ] GC(1903) User=0.00s Sys=0.00s Real=0.00s
[2025-04-17T11:35:46.197+0000][2946.027s][info][gc,start       ] GC(1904) Pause Young (Allocation Failure)
[2025-04-17T11:35:46.198+0000][2946.028s][info][gc,heap        ] GC(1904) DefNew: 9170K(10176K)->89K(10176K) Eden: 9088K(9088K)->0K(9088K) From: 82K(1088K)->89K(1088K)
[2025-04-17T11:35:46.198+0000][2946.028s][info][gc,heap        ] GC(1904) Tenured: 15463K(22468K)->15463K(22468K)
[2025-04-17T11:35:46.198+0000][2946.028s][info][gc,metaspace   ] GC(1904) Metaspace: 38446K(38784K)->38446K(38784K) NonClass: 33896K(34048K)->33896K(34048K) Class: 4549K(4736K)->4549K(4736K)
[2025-04-17T11:35:46.198+0000][2946.028s][info][gc             ] GC(1904) Pause Young (Allocation Failure) 24M->15M(31M) 1.343ms
[2025-04-17T11:35:46.198+0000][2946.028s][info][gc,cpu         ] GC(1904) User=0.01s Sys=0.00s Real=0.00s
[2025-04-17T11:35:48.027+0000][2947.857s][info][gc,start       ] GC(1905) Pause Young (Allocation Failure)
[2025-04-17T11:35:48.028+0000][2947.859s][info][gc,heap        ] GC(1905) DefNew: 9177K(10176K)->95K(10176K) Eden: 9088K(9088K)->0K(9088K) From: 89K(1088K)->95K(1088K)
[2025-04-17T11:35:48.028+0000][2947.859s][info][gc,heap        ] GC(1905) Tenured: 15463K(22468K)->15463K(22468K)
[2025-04-17T11:35:48.028+0000][2947.859s][info][gc,metaspace   ] GC(1905) Metaspace: 38446K(38784K)->38446K(38784K) NonClass: 33896K(34048K)->33896K(34048K) Class: 4549K(4736K)->4549K(4736K)
[2025-04-17T11:35:48.028+0000][2947.859s][info][gc             ] GC(1905) Pause Young (Allocation Failure) 24M->15M(31M) 1.365ms
[2025-04-17T11:35:48.028+0000][2947.859s][info][gc,cpu         ] GC(1905) User=0.00s Sys=0.00s Real=0.00s
[2025-04-17T11:35:49.561+0000][2949.391s][info][gc,start       ] GC(1906) Pause Young (Allocation Failure)
[2025-04-17T11:35:49.562+0000][2949.392s][info][gc,heap        ] GC(1906) DefNew: 9183K(10176K)->79K(10176K) Eden: 9087K(9088K)->0K(9088K) From: 95K(1088K)->79K(1088K)
[2025-04-17T11:35:49.562+0000][2949.393s][info][gc,heap        ] GC(1906) Tenured: 15463K(22468K)->15463K(22468K)
[2025-04-17T11:35:49.562+0000][2949.393s][info][gc,metaspace   ] GC(1906) Metaspace: 38446K(38784K)->38446K(38784K) NonClass: 33896K(34048K)->33896K(34048K) Class: 4549K(4736K)->4549K(4736K)
[2025-04-17T11:35:49.562+0000][2949.393s][info][gc             ] GC(1906) Pause Young (Allocation Failure) 24M->15M(31M) 1.254ms
[2025-04-17T11:35:49.562+0000][2949.393s][info][gc,cpu         ] GC(1906) User=0.00s Sys=0.00s Real=0.00s
[2025-04-17T11:35:51.161+0000][2950.991s][info][gc,start       ] GC(1907) Pause Young (Allocation Failure)
[2025-04-17T11:35:51.162+0000][2950.992s][info][gc,heap        ] GC(1907) DefNew: 9166K(10176K)->83K(10176K) Eden: 9087K(9088K)->0K(9088K) From: 79K(1088K)->83K(1088K)
[2025-04-17T11:35:51.162+0000][2950.992s][info][gc,heap        ] GC(1907) Tenured: 15463K(22468K)->15463K(22468K)
[2025-04-17T11:35:51.162+0000][2950.992s][info][gc,metaspace   ] GC(1907) Metaspace: 38446K(38784K)->38446K(38784K) NonClass: 33896K(34048K)->33896K(34048K) Class: 4549K(4736K)->4549K(4736K)
[2025-04-17T11:35:51.162+0000][2950.992s][info][gc             ] GC(1907) Pause Young (Allocation Failure) 24M->15M(31M) 1.270ms
[2025-04-17T11:35:51.162+0000][2950.992s][info][gc,cpu         ] GC(1907) User=0.00s Sys=0.00s Real=0.00s
[2025-04-17T11:35:52.533+0000][2952.363s][info][gc,start       ] GC(1908) Pause Young (Allocation Failure)
[2025-04-17T11:35:52.534+0000][2952.364s][info][gc,heap        ] GC(1908) DefNew: 9171K(10176K)->81K(10176K) Eden: 9088K(9088K)->0K(9088K) From: 83K(1088K)->81K(1088K)
[2025-04-17T11:35:52.534+0000][2952.364s][info][gc,heap        ] GC(1908) Tenured: 15463K(22468K)->15463K(22468K)
[2025-04-17T11:35:52.534+0000][2952.364s][info][gc,metaspace   ] GC(1908) Metaspace: 38446K(38784K)->38446K(38784K) NonClass: 33896K(34048K)->33896K(34048K) Class: 4549K(4736K)->4549K(4736K)
[2025-04-17T11:35:52.534+0000][2952.364s][info][gc             ] GC(1908) Pause Young (Allocation Failure) 24M->15M(31M) 1.254ms
[2025-04-17T11:35:52.534+0000][2952.364s][info][gc,cpu         ] GC(1908) User=0.00s Sys=0.00s Real=0.00s
[2025-04-17T11:35:54.204+0000][2954.034s][info][gc,start       ] GC(1909) Pause Young (Allocation Failure)
[2025-04-17T11:35:54.205+0000][2954.035s][info][gc,heap        ] GC(1909) DefNew: 9169K(10176K)->96K(10176K) Eden: 9088K(9088K)->0K(9088K) From: 81K(1088K)->96K(1088K)
[2025-04-17T11:35:54.205+0000][2954.035s][info][gc,heap        ] GC(1909) Tenured: 15463K(22468K)->15463K(22468K)
[2025-04-17T11:35:54.205+0000][2954.035s][info][gc,metaspace   ] GC(1909) Metaspace: 38446K(38784K)->38446K(38784K) NonClass: 33896K(34048K)->33896K(34048K) Class: 4549K(4736K)->4549K(4736K)
[2025-04-17T11:35:54.205+0000][2954.035s][info][gc             ] GC(1909) Pause Young (Allocation Failure) 24M->15M(31M) 1.228ms
[2025-04-17T11:35:54.205+0000][2954.035s][info][gc,cpu         ] GC(1909) User=0.00s Sys=0.00s Real=0.01s
[2025-04-17T11:35:55.707+0000][2955.537s][info][gc,start       ] GC(1910) Pause Young (Allocation Failure)
[2025-04-17T11:35:55.708+0000][2955.538s][info][gc,heap        ] GC(1910) DefNew: 9184K(10176K)->85K(10176K) Eden: 9088K(9088K)->0K(9088K) From: 96K(1088K)->85K(1088K)
[2025-04-17T11:35:55.708+0000][2955.538s][info][gc,heap        ] GC(1910) Tenured: 15463K(22468K)->15463K(22468K)
[2025-04-17T11:35:55.708+0000][2955.538s][info][gc,metaspace   ] GC(1910) Metaspace: 38446K(38784K)->38446K(38784K) NonClass: 33896K(34048K)->33896K(34048K) Class: 4549K(4736K)->4549K(4736K)
[2025-04-17T11:35:55.708+0000][2955.538s][info][gc             ] GC(1910) Pause Young (Allocation Failure) 24M->15M(31M) 1.406ms
[2025-04-17T11:35:55.708+0000][2955.538s][info][gc,cpu         ] GC(1910) User=0.00s Sys=0.00s Real=0.00s
[2025-04-17T11:35:57.123+0000][2956.954s][info][gc,start       ] GC(1911) Pause Young (Allocation Failure)
[2025-04-17T11:35:57.125+0000][2956.955s][info][gc,heap        ] GC(1911) DefNew: 9173K(10176K)->81K(10176K) Eden: 9087K(9088K)->0K(9088K) From: 85K(1088K)->81K(1088K)
[2025-04-17T11:35:57.125+0000][2956.955s][info][gc,heap        ] GC(1911) Tenured: 15463K(22468K)->15464K(22468K)
[2025-04-17T11:35:57.125+0000][2956.955s][info][gc,metaspace   ] GC(1911) Metaspace: 38446K(38784K)->38446K(38784K) NonClass: 33896K(34048K)->33896K(34048K) Class: 4549K(4736K)->4549K(4736K)
[2025-04-17T11:35:57.125+0000][2956.955s][info][gc             ] GC(1911) Pause Young (Allocation Failure) 24M->15M(31M) 1.298ms
[2025-04-17T11:35:57.125+0000][2956.955s][info][gc,cpu         ] GC(1911) User=0.00s Sys=0.00s Real=0.01s
[2025-04-17T11:35:58.753+0000][2958.583s][info][gc,start       ] GC(1912) Pause Young (Allocation Failure)
[2025-04-17T11:35:58.754+0000][2958.584s][info][gc,heap        ] GC(1912) DefNew: 9169K(10176K)->103K(10176K) Eden: 9088K(9088K)->0K(9088K) From: 81K(1088K)->103K(1088K)
[2025-04-17T11:35:58.754+0000][2958.584s][info][gc,heap        ] GC(1912) Tenured: 15464K(22468K)->15464K(22468K)
[2025-04-17T11:35:58.754+0000][2958.584s][info][gc,metaspace   ] GC(1912) Metaspace: 38446K(38784K)->38446K(38784K) NonClass: 33896K(34048K)->33896K(34048K) Class: 4549K(4736K)->4549K(4736K)
[2025-04-17T11:35:58.754+0000][2958.584s][info][gc             ] GC(1912) Pause Young (Allocation Failure) 24M->15M(31M) 1.424ms
[2025-04-17T11:35:58.754+0000][2958.584s][info][gc,cpu         ] GC(1912) User=0.00s Sys=0.00s Real=0.01s
[2025-04-17T11:36:00.342+0000][2960.172s][info][gc,start       ] GC(1913) Pause Young (Allocation Failure)
[2025-04-17T11:36:00.343+0000][2960.174s][info][gc,heap        ] GC(1913) DefNew: 9191K(10176K)->89K(10176K) Eden: 9088K(9088K)->0K(9088K) From: 103K(1088K)->89K(1088K)
[2025-04-17T11:36:00.343+0000][2960.174s][info][gc,heap        ] GC(1913) Tenured: 15464K(22468K)->15464K(22468K)
[2025-04-17T11:36:00.343+0000][2960.174s][info][gc,metaspace   ] GC(1913) Metaspace: 38446K(38784K)->38446K(38784K) NonClass: 33896K(34048K)->33896K(34048K) Class: 4549K(4736K)->4549K(4736K)
[2025-04-17T11:36:00.344+0000][2960.174s][info][gc             ] GC(1913) Pause Young (Allocation Failure) 24M->15M(31M) 1.228ms
[2025-04-17T11:36:00.344+0000][2960.174s][info][gc,cpu         ] GC(1913) User=0.00s Sys=0.00s Real=0.00s
[2025-04-17T11:36:01.740+0000][2961.570s][info][gc,start       ] GC(1914) Pause Young (Allocation Failure)
[2025-04-17T11:36:01.742+0000][2961.573s][info][gc,heap        ] GC(1914) DefNew: 9177K(10176K)->84K(10176K) Eden: 9087K(9088K)->0K(9088K) From: 89K(1088K)->84K(1088K)
[2025-04-17T11:36:01.742+0000][2961.573s][info][gc,heap        ] GC(1914) Tenured: 15464K(22468K)->15465K(22468K)
[2025-04-17T11:36:01.742+0000][2961.573s][info][gc,metaspace   ] GC(1914) Metaspace: 38446K(38784K)->38446K(38784K) NonClass: 33896K(34048K)->33896K(34048K) Class: 4549K(4736K)->4549K(4736K)
[2025-04-17T11:36:01.742+0000][2961.573s][info][gc             ] GC(1914) Pause Young (Allocation Failure) 24M->15M(31M) 2.290ms
[2025-04-17T11:36:01.742+0000][2961.573s][info][gc,cpu         ] GC(1914) User=0.00s Sys=0.00s Real=0.00s
[2025-04-17T11:36:03.458+0000][2963.288s][info][gc,start       ] GC(1915) Pause Young (Allocation Failure)
[2025-04-17T11:36:03.459+0000][2963.289s][info][gc,heap        ] GC(1915) DefNew: 9172K(10176K)->85K(10176K) Eden: 9087K(9088K)->0K(9088K) From: 84K(1088K)->85K(1088K)
[2025-04-17T11:36:03.459+0000][2963.289s][info][gc,heap        ] GC(1915) Tenured: 15465K(22468K)->15466K(22468K)
[2025-04-17T11:36:03.459+0000][2963.289s][info][gc,metaspace   ] GC(1915) Metaspace: 38446K(38784K)->38446K(38784K) NonClass: 33896K(34048K)->33896K(34048K) Class: 4549K(4736K)->4549K(4736K)
[2025-04-17T11:36:03.459+0000][2963.289s][info][gc             ] GC(1915) Pause Young (Allocation Failure) 24M->15M(31M) 1.328ms
[2025-04-17T11:36:03.459+0000][2963.289s][info][gc,cpu         ] GC(1915) User=0.00s Sys=0.00s Real=0.00s
[2025-04-17T11:36:05.038+0000][2964.868s][info][gc,start       ] GC(1916) Pause Young (Allocation Failure)
[2025-04-17T11:36:05.040+0000][2964.870s][info][gc,heap        ] GC(1916) DefNew: 9173K(10176K)->98K(10176K) Eden: 9088K(9088K)->0K(9088K) From: 85K(1088K)->98K(1088K)
[2025-04-17T11:36:05.040+0000][2964.870s][info][gc,heap        ] GC(1916) Tenured: 15466K(22468K)->15466K(22468K)
[2025-04-17T11:36:05.040+0000][2964.870s][info][gc,metaspace   ] GC(1916) Metaspace: 38446K(38784K)->38446K(38784K) NonClass: 33896K(34048K)->33896K(34048K) Class: 4549K(4736K)->4549K(4736K)
[2025-04-17T11:36:05.040+0000][2964.870s][info][gc             ] GC(1916) Pause Young (Allocation Failure) 24M->15M(31M) 1.470ms
[2025-04-17T11:36:05.040+0000][2964.870s][info][gc,cpu         ] GC(1916) User=0.00s Sys=0.00s Real=0.00s
[2025-04-17T11:36:06.526+0000][2966.356s][info][gc,start       ] GC(1917) Pause Young (Allocation Failure)
[2025-04-17T11:36:06.527+0000][2966.357s][info][gc,heap        ] GC(1917) DefNew: 9186K(10176K)->79K(10176K) Eden: 9088K(9088K)->0K(9088K) From: 98K(1088K)->79K(1088K)
[2025-04-17T11:36:06.527+0000][2966.357s][info][gc,heap        ] GC(1917) Tenured: 15466K(22468K)->15469K(22468K)
[2025-04-17T11:36:06.527+0000][2966.357s][info][gc,metaspace   ] GC(1917) Metaspace: 38446K(38784K)->38446K(38784K) NonClass: 33896K(34048K)->33896K(34048K) Class: 4549K(4736K)->4549K(4736K)
[2025-04-17T11:36:06.527+0000][2966.357s][info][gc             ] GC(1917) Pause Young (Allocation Failure) 24M->15M(31M) 1.344ms
[2025-04-17T11:36:06.527+0000][2966.357s][info][gc,cpu         ] GC(1917) User=0.00s Sys=0.00s Real=0.00s
[2025-04-17T11:36:08.013+0000][2967.843s][info][gc,start       ] GC(1918) Pause Young (Allocation Failure)
[2025-04-17T11:36:08.014+0000][2967.844s][info][gc,heap        ] GC(1918) DefNew: 9167K(10176K)->78K(10176K) Eden: 9088K(9088K)->0K(9088K) From: 79K(1088K)->78K(1088K)
[2025-04-17T11:36:08.014+0000][2967.845s][info][gc,heap        ] GC(1918) Tenured: 15469K(22468K)->15470K(22468K)
[2025-04-17T11:36:08.014+0000][2967.845s][info][gc,metaspace   ] GC(1918) Metaspace: 38446K(38784K)->38446K(38784K) NonClass: 33896K(34048K)->33896K(34048K) Class: 4549K(4736K)->4549K(4736K)
[2025-04-17T11:36:08.014+0000][2967.845s][info][gc             ] GC(1918) Pause Young (Allocation Failure) 24M->15M(31M) 1.430ms
[2025-04-17T11:36:08.014+0000][2967.845s][info][gc,cpu         ] GC(1918) User=0.00s Sys=0.00s Real=0.01s
[2025-04-17T11:36:09.665+0000][2969.495s][info][gc,start       ] GC(1919) Pause Young (Allocation Failure)
[2025-04-17T11:36:09.666+0000][2969.496s][info][gc,heap        ] GC(1919) DefNew: 9166K(10176K)->100K(10176K) Eden: 9087K(9088K)->0K(9088K) From: 78K(1088K)->100K(1088K)
[2025-04-17T11:36:09.666+0000][2969.496s][info][gc,heap        ] GC(1919) Tenured: 15470K(22468K)->15470K(22468K)
[2025-04-17T11:36:09.666+0000][2969.496s][info][gc,metaspace   ] GC(1919) Metaspace: 38446K(38784K)->38446K(38784K) NonClass: 33896K(34048K)->33896K(34048K) Class: 4549K(4736K)->4549K(4736K)
[2025-04-17T11:36:09.666+0000][2969.496s][info][gc             ] GC(1919) Pause Young (Allocation Failure) 24M->15M(31M) 1.404ms
[2025-04-17T11:36:09.666+0000][2969.496s][info][gc,cpu         ] GC(1919) User=0.00s Sys=0.00s Real=0.00s
[2025-04-17T11:36:11.215+0000][2971.046s][info][gc,start       ] GC(1920) Pause Young (Allocation Failure)
[2025-04-17T11:36:11.217+0000][2971.047s][info][gc,heap        ] GC(1920) DefNew: 9188K(10176K)->86K(10176K) Eden: 9088K(9088K)->0K(9088K) From: 100K(1088K)->86K(1088K)
[2025-04-17T11:36:11.217+0000][2971.047s][info][gc,heap        ] GC(1920) Tenured: 15470K(22468K)->15470K(22468K)
[2025-04-17T11:36:11.217+0000][2971.047s][info][gc,metaspace   ] GC(1920) Metaspace: 38446K(38784K)->38446K(38784K) NonClass: 33896K(34048K)->33896K(34048K) Class: 4549K(4736K)->4549K(4736K)
[2025-04-17T11:36:11.217+0000][2971.047s][info][gc             ] GC(1920) Pause Young (Allocation Failure) 24M->15M(31M) 1.259ms
[2025-04-17T11:36:11.217+0000][2971.047s][info][gc,cpu         ] GC(1920) User=0.00s Sys=0.00s Real=0.00s
[2025-04-17T11:36:12.779+0000][2972.609s][info][gc,start       ] GC(1921) Pause Young (Allocation Failure)
[2025-04-17T11:36:12.780+0000][2972.611s][info][gc,heap        ] GC(1921) DefNew: 9174K(10176K)->80K(10176K) Eden: 9088K(9088K)->0K(9088K) From: 86K(1088K)->80K(1088K)
[2025-04-17T11:36:12.781+0000][2972.611s][info][gc,heap        ] GC(1921) Tenured: 15470K(22468K)->15471K(22468K)
[2025-04-17T11:36:12.781+0000][2972.611s][info][gc,metaspace   ] GC(1921) Metaspace: 38446K(38784K)->38446K(38784K) NonClass: 33896K(34048K)->33896K(34048K) Class: 4549K(4736K)->4549K(4736K)
[2025-04-17T11:36:12.781+0000][2972.611s][info][gc             ] GC(1921) Pause Young (Allocation Failure) 24M->15M(31M) 1.367ms
[2025-04-17T11:36:12.781+0000][2972.611s][info][gc,cpu         ] GC(1921) User=0.00s Sys=0.00s Real=0.00s
[2025-04-17T11:36:14.223+0000][2974.053s][info][gc,start       ] GC(1922) Pause Young (Allocation Failure)
[2025-04-17T11:36:14.225+0000][2974.055s][info][gc,heap        ] GC(1922) DefNew: 9168K(10176K)->84K(10176K) Eden: 9088K(9088K)->0K(9088K) From: 80K(1088K)->84K(1088K)
[2025-04-17T11:36:14.225+0000][2974.055s][info][gc,heap        ] GC(1922) Tenured: 15471K(22468K)->15471K(22468K)
[2025-04-17T11:36:14.225+0000][2974.055s][info][gc,metaspace   ] GC(1922) Metaspace: 38446K(38784K)->38446K(38784K) NonClass: 33896K(34048K)->33896K(34048K) Class: 4549K(4736K)->4549K(4736K)
[2025-04-17T11:36:14.225+0000][2974.055s][info][gc             ] GC(1922) Pause Young (Allocation Failure) 24M->15M(31M) 1.331ms
[2025-04-17T11:36:14.225+0000][2974.055s][info][gc,cpu         ] GC(1922) User=0.00s Sys=0.00s Real=0.01s
[2025-04-17T11:36:15.828+0000][2975.658s][info][gc,start       ] GC(1923) Pause Young (Allocation Failure)
[2025-04-17T11:36:15.829+0000][2975.659s][info][gc,heap        ] GC(1923) DefNew: 9172K(10176K)->93K(10176K) Eden: 9088K(9088K)->0K(9088K) From: 84K(1088K)->93K(1088K)
[2025-04-17T11:36:15.829+0000][2975.659s][info][gc,heap        ] GC(1923) Tenured: 15471K(22468K)->15471K(22468K)
[2025-04-17T11:36:15.829+0000][2975.659s][info][gc,metaspace   ] GC(1923) Metaspace: 38446K(38784K)->38446K(38784K) NonClass: 33896K(34048K)->33896K(34048K) Class: 4549K(4736K)->4549K(4736K)
[2025-04-17T11:36:15.829+0000][2975.659s][info][gc             ] GC(1923) Pause Young (Allocation Failure) 24M->15M(31M) 1.286ms
[2025-04-17T11:36:15.829+0000][2975.659s][info][gc,cpu         ] GC(1923) User=0.00s Sys=0.00s Real=0.00s
[2025-04-17T11:36:17.388+0000][2977.218s][info][gc,start       ] GC(1924) Pause Young (Allocation Failure)
[2025-04-17T11:36:17.389+0000][2977.219s][info][gc,heap        ] GC(1924) DefNew: 9170K(10176K)->81K(10176K) Eden: 9077K(9088K)->0K(9088K) From: 93K(1088K)->81K(1088K)
[2025-04-17T11:36:17.389+0000][2977.219s][info][gc,heap        ] GC(1924) Tenured: 15471K(22468K)->15471K(22468K)
[2025-04-17T11:36:17.389+0000][2977.219s][info][gc,metaspace   ] GC(1924) Metaspace: 38446K(38784K)->38446K(38784K) NonClass: 33896K(34048K)->33896K(34048K) Class: 4549K(4736K)->4549K(4736K)
[2025-04-17T11:36:17.389+0000][2977.219s][info][gc             ] GC(1924) Pause Young (Allocation Failure) 24M->15M(31M) 1.362ms
[2025-04-17T11:36:17.389+0000][2977.219s][info][gc,cpu         ] GC(1924) User=0.00s Sys=0.00s Real=0.00s
[2025-04-17T11:36:18.911+0000][2978.741s][info][gc,start       ] GC(1925) Pause Young (Allocation Failure)
[2025-04-17T11:36:18.912+0000][2978.743s][info][gc,heap        ] GC(1925) DefNew: 9169K(10176K)->80K(10176K) Eden: 9088K(9088K)->0K(9088K) From: 81K(1088K)->80K(1088K)
[2025-04-17T11:36:18.912+0000][2978.743s][info][gc,heap        ] GC(1925) Tenured: 15471K(22468K)->15472K(22468K)
[2025-04-17T11:36:18.912+0000][2978.743s][info][gc,metaspace   ] GC(1925) Metaspace: 38446K(38784K)->38446K(38784K) NonClass: 33896K(34048K)->33896K(34048K) Class: 4549K(4736K)->4549K(4736K)
[2025-04-17T11:36:18.913+0000][2978.743s][info][gc             ] GC(1925) Pause Young (Allocation Failure) 24M->15M(31M) 1.388ms
[2025-04-17T11:36:18.913+0000][2978.743s][info][gc,cpu         ] GC(1925) User=0.00s Sys=0.01s Real=0.00s
[2025-04-17T11:36:20.389+0000][2980.219s][info][gc,start       ] GC(1926) Pause Young (Allocation Failure)
[2025-04-17T11:36:20.391+0000][2980.221s][info][gc,heap        ] GC(1926) DefNew: 9168K(10176K)->95K(10176K) Eden: 9088K(9088K)->0K(9088K) From: 80K(1088K)->95K(1088K)
[2025-04-17T11:36:20.391+0000][2980.221s][info][gc,heap        ] GC(1926) Tenured: 15472K(22468K)->15472K(22468K)
[2025-04-17T11:36:20.391+0000][2980.221s][info][gc,metaspace   ] GC(1926) Metaspace: 38446K(38784K)->38446K(38784K) NonClass: 33896K(34048K)->33896K(34048K) Class: 4549K(4736K)->4549K(4736K)
[2025-04-17T11:36:20.391+0000][2980.221s][info][gc             ] GC(1926) Pause Young (Allocation Failure) 24M->15M(31M) 1.393ms
[2025-04-17T11:36:20.391+0000][2980.221s][info][gc,cpu         ] GC(1926) User=0.00s Sys=0.00s Real=0.00s
[2025-04-17T11:36:21.988+0000][2981.819s][info][gc,start       ] GC(1927) Pause Young (Allocation Failure)
[2025-04-17T11:36:21.990+0000][2981.820s][info][gc,heap        ] GC(1927) DefNew: 9183K(10176K)->83K(10176K) Eden: 9088K(9088K)->0K(9088K) From: 95K(1088K)->83K(1088K)
[2025-04-17T11:36:21.990+0000][2981.820s][info][gc,heap        ] GC(1927) Tenured: 15472K(22468K)->15472K(22468K)
[2025-04-17T11:36:21.990+0000][2981.820s][info][gc,metaspace   ] GC(1927) Metaspace: 38446K(38784K)->38446K(38784K) NonClass: 33896K(34048K)->33896K(34048K) Class: 4549K(4736K)->4549K(4736K)
[2025-04-17T11:36:21.990+0000][2981.820s][info][gc             ] GC(1927) Pause Young (Allocation Failure) 24M->15M(31M) 1.439ms
[2025-04-17T11:36:21.990+0000][2981.820s][info][gc,cpu         ] GC(1927) User=0.00s Sys=0.00s Real=0.00s
[2025-04-17T11:36:23.467+0000][2983.298s][info][gc,start       ] GC(1928) Pause Young (Allocation Failure)
[2025-04-17T11:36:23.469+0000][2983.299s][info][gc,heap        ] GC(1928) DefNew: 9171K(10176K)->81K(10176K) Eden: 9088K(9088K)->0K(9088K) From: 83K(1088K)->81K(1088K)
[2025-04-17T11:36:23.469+0000][2983.299s][info][gc,heap        ] GC(1928) Tenured: 15472K(22468K)->15474K(22468K)
[2025-04-17T11:36:23.469+0000][2983.299s][info][gc,metaspace   ] GC(1928) Metaspace: 38446K(38784K)->38446K(38784K) NonClass: 33896K(34048K)->33896K(34048K) Class: 4549K(4736K)->4549K(4736K)
[2025-04-17T11:36:23.469+0000][2983.299s][info][gc             ] GC(1928) Pause Young (Allocation Failure) 24M->15M(31M) 1.392ms
[2025-04-17T11:36:23.469+0000][2983.299s][info][gc,cpu         ] GC(1928) User=0.00s Sys=0.00s Real=0.00s
[2025-04-17T11:36:24.998+0000][2984.828s][info][gc,start       ] GC(1929) Pause Young (Allocation Failure)
[2025-04-17T11:36:24.999+0000][2984.829s][info][gc,heap        ] GC(1929) DefNew: 9169K(10176K)->107K(10176K) Eden: 9088K(9088K)->0K(9088K) From: 81K(1088K)->107K(1088K)
[2025-04-17T11:36:24.999+0000][2984.829s][info][gc,heap        ] GC(1929) Tenured: 15474K(22468K)->15475K(22468K)
[2025-04-17T11:36:24.999+0000][2984.829s][info][gc,metaspace   ] GC(1929) Metaspace: 38446K(38784K)->38446K(38784K) NonClass: 33896K(34048K)->33896K(34048K) Class: 4549K(4736K)->4549K(4736K)
[2025-04-17T11:36:24.999+0000][2984.829s][info][gc             ] GC(1929) Pause Young (Allocation Failure) 24M->15M(31M) 1.429ms
[2025-04-17T11:36:24.999+0000][2984.829s][info][gc,cpu         ] GC(1929) User=0.00s Sys=0.00s Real=0.00s
[2025-04-17T11:36:26.789+0000][2986.619s][info][gc,start       ] GC(1930) Pause Young (Allocation Failure)
[2025-04-17T11:36:26.790+0000][2986.620s][info][gc,heap        ] GC(1930) DefNew: 9191K(10176K)->92K(10176K) Eden: 9084K(9088K)->0K(9088K) From: 107K(1088K)->92K(1088K)
[2025-04-17T11:36:26.790+0000][2986.620s][info][gc,heap        ] GC(1930) Tenured: 15475K(22468K)->15475K(22468K)
[2025-04-17T11:36:26.790+0000][2986.620s][info][gc,metaspace   ] GC(1930) Metaspace: 38446K(38784K)->38446K(38784K) NonClass: 33896K(34048K)->33896K(34048K) Class: 4549K(4736K)->4549K(4736K)
[2025-04-17T11:36:26.790+0000][2986.620s][info][gc             ] GC(1930) Pause Young (Allocation Failure) 24M->15M(31M) 1.348ms
[2025-04-17T11:36:26.790+0000][2986.620s][info][gc,cpu         ] GC(1930) User=0.00s Sys=0.00s Real=0.00s
[2025-04-17T11:36:28.385+0000][2988.215s][info][gc,start       ] GC(1931) Pause Young (Allocation Failure)
[2025-04-17T11:36:28.386+0000][2988.216s][info][gc,heap        ] GC(1931) DefNew: 9180K(10176K)->85K(10176K) Eden: 9088K(9088K)->0K(9088K) From: 92K(1088K)->85K(1088K)
[2025-04-17T11:36:28.386+0000][2988.216s][info][gc,heap        ] GC(1931) Tenured: 15475K(22468K)->15475K(22468K)
[2025-04-17T11:36:28.386+0000][2988.216s][info][gc,metaspace   ] GC(1931) Metaspace: 38446K(38784K)->38446K(38784K) NonClass: 33896K(34048K)->33896K(34048K) Class: 4549K(4736K)->4549K(4736K)
[2025-04-17T11:36:28.386+0000][2988.216s][info][gc             ] GC(1931) Pause Young (Allocation Failure) 24M->15M(31M) 1.409ms
[2025-04-17T11:36:28.386+0000][2988.216s][info][gc,cpu         ] GC(1931) User=0.01s Sys=0.00s Real=0.00s
[2025-04-17T11:36:29.735+0000][2989.565s][info][gc,start       ] GC(1932) Pause Young (Allocation Failure)
[2025-04-17T11:36:29.736+0000][2989.567s][info][gc,heap        ] GC(1932) DefNew: 9173K(10176K)->105K(10176K) Eden: 9088K(9088K)->0K(9088K) From: 85K(1088K)->105K(1088K)
[2025-04-17T11:36:29.736+0000][2989.567s][info][gc,heap        ] GC(1932) Tenured: 15475K(22468K)->15476K(22468K)
[2025-04-17T11:36:29.736+0000][2989.567s][info][gc,metaspace   ] GC(1932) Metaspace: 38446K(38784K)->38446K(38784K) NonClass: 33896K(34048K)->33896K(34048K) Class: 4549K(4736K)->4549K(4736K)
[2025-04-17T11:36:29.736+0000][2989.567s][info][gc             ] GC(1932) Pause Young (Allocation Failure) 24M->15M(31M) 1.274ms
[2025-04-17T11:36:29.736+0000][2989.567s][info][gc,cpu         ] GC(1932) User=0.00s Sys=0.00s Real=0.00s
[2025-04-17T11:36:31.367+0000][2991.197s][info][gc,start       ] GC(1933) Pause Young (Allocation Failure)
[2025-04-17T11:36:31.368+0000][2991.198s][info][gc,heap        ] GC(1933) DefNew: 9193K(10176K)->92K(10176K) Eden: 9088K(9088K)->0K(9088K) From: 105K(1088K)->92K(1088K)
[2025-04-17T11:36:31.368+0000][2991.198s][info][gc,heap        ] GC(1933) Tenured: 15476K(22468K)->15476K(22468K)
[2025-04-17T11:36:31.368+0000][2991.198s][info][gc,metaspace   ] GC(1933) Metaspace: 38446K(38784K)->38446K(38784K) NonClass: 33896K(34048K)->33896K(34048K) Class: 4549K(4736K)->4549K(4736K)
[2025-04-17T11:36:31.368+0000][2991.198s][info][gc             ] GC(1933) Pause Young (Allocation Failure) 24M->15M(31M) 1.246ms
[2025-04-17T11:36:31.368+0000][2991.198s][info][gc,cpu         ] GC(1933) User=0.00s Sys=0.00s Real=0.00s
[2025-04-17T11:36:32.767+0000][2992.597s][info][gc,start       ] GC(1934) Pause Young (Allocation Failure)
[2025-04-17T11:36:32.768+0000][2992.598s][info][gc,heap        ] GC(1934) DefNew: 9179K(10176K)->104K(10176K) Eden: 9087K(9088K)->0K(9088K) From: 92K(1088K)->104K(1088K)
[2025-04-17T11:36:32.768+0000][2992.598s][info][gc,heap        ] GC(1934) Tenured: 15476K(22468K)->15476K(22468K)
[2025-04-17T11:36:32.768+0000][2992.598s][info][gc,metaspace   ] GC(1934) Metaspace: 38446K(38784K)->38446K(38784K) NonClass: 33896K(34048K)->33896K(34048K) Class: 4549K(4736K)->4549K(4736K)
[2025-04-17T11:36:32.768+0000][2992.598s][info][gc             ] GC(1934) Pause Young (Allocation Failure) 24M->15M(31M) 1.349ms
[2025-04-17T11:36:32.768+0000][2992.598s][info][gc,cpu         ] GC(1934) User=0.00s Sys=0.00s Real=0.00s
[2025-04-17T11:36:34.322+0000][2994.152s][info][gc,start       ] GC(1935) Pause Young (Allocation Failure)
[2025-04-17T11:36:34.323+0000][2994.153s][info][gc,heap        ] GC(1935) DefNew: 9192K(10176K)->87K(10176K) Eden: 9088K(9088K)->0K(9088K) From: 104K(1088K)->87K(1088K)
[2025-04-17T11:36:34.323+0000][2994.153s][info][gc,heap        ] GC(1935) Tenured: 15476K(22468K)->15476K(22468K)
[2025-04-17T11:36:34.323+0000][2994.153s][info][gc,metaspace   ] GC(1935) Metaspace: 38446K(38784K)->38446K(38784K) NonClass: 33896K(34048K)->33896K(34048K) Class: 4549K(4736K)->4549K(4736K)
[2025-04-17T11:36:34.323+0000][2994.153s][info][gc             ] GC(1935) Pause Young (Allocation Failure) 24M->15M(31M) 1.379ms
[2025-04-17T11:36:34.323+0000][2994.153s][info][gc,cpu         ] GC(1935) User=0.00s Sys=0.00s Real=0.00s
[2025-04-17T11:36:35.962+0000][2995.793s][info][gc,start       ] GC(1936) Pause Young (Allocation Failure)
[2025-04-17T11:36:35.964+0000][2995.794s][info][gc,heap        ] GC(1936) DefNew: 9175K(10176K)->113K(10176K) Eden: 9088K(9088K)->0K(9088K) From: 87K(1088K)->113K(1088K)
[2025-04-17T11:36:35.964+0000][2995.794s][info][gc,heap        ] GC(1936) Tenured: 15476K(22468K)->15476K(22468K)
[2025-04-17T11:36:35.964+0000][2995.794s][info][gc,metaspace   ] GC(1936) Metaspace: 38446K(38784K)->38446K(38784K) NonClass: 33896K(34048K)->33896K(34048K) Class: 4549K(4736K)->4549K(4736K)
[2025-04-17T11:36:35.964+0000][2995.794s][info][gc             ] GC(1936) Pause Young (Allocation Failure) 24M->15M(31M) 1.372ms
[2025-04-17T11:36:35.964+0000][2995.794s][info][gc,cpu         ] GC(1936) User=0.00s Sys=0.00s Real=0.00s
[2025-04-17T11:36:37.330+0000][2997.160s][info][gc,start       ] GC(1937) Pause Young (Allocation Failure)
[2025-04-17T11:36:37.331+0000][2997.162s][info][gc,heap        ] GC(1937) DefNew: 9198K(10176K)->98K(10176K) Eden: 9084K(9088K)->0K(9088K) From: 113K(1088K)->98K(1088K)
[2025-04-17T11:36:37.332+0000][2997.162s][info][gc,heap        ] GC(1937) Tenured: 15476K(22468K)->15476K(22468K)
[2025-04-17T11:36:37.332+0000][2997.162s][info][gc,metaspace   ] GC(1937) Metaspace: 38446K(38784K)->38446K(38784K) NonClass: 33896K(34048K)->33896K(34048K) Class: 4549K(4736K)->4549K(4736K)
[2025-04-17T11:36:37.332+0000][2997.162s][info][gc             ] GC(1937) Pause Young (Allocation Failure) 24M->15M(31M) 1.305ms
[2025-04-17T11:36:37.332+0000][2997.162s][info][gc,cpu         ] GC(1937) User=0.00s Sys=0.00s Real=0.00s
[2025-04-17T11:36:39.009+0000][2998.839s][info][gc,start       ] GC(1938) Pause Young (Allocation Failure)
[2025-04-17T11:36:39.010+0000][2998.840s][info][gc,heap        ] GC(1938) DefNew: 9186K(10176K)->96K(10176K) Eden: 9088K(9088K)->0K(9088K) From: 98K(1088K)->96K(1088K)
[2025-04-17T11:36:39.010+0000][2998.840s][info][gc,heap        ] GC(1938) Tenured: 15476K(22468K)->15476K(22468K)
[2025-04-17T11:36:39.010+0000][2998.840s][info][gc,metaspace   ] GC(1938) Metaspace: 38446K(38784K)->38446K(38784K) NonClass: 33896K(34048K)->33896K(34048K) Class: 4549K(4736K)->4549K(4736K)
[2025-04-17T11:36:39.010+0000][2998.840s][info][gc             ] GC(1938) Pause Young (Allocation Failure) 24M->15M(31M) 1.290ms
[2025-04-17T11:36:39.010+0000][2998.840s][info][gc,cpu         ] GC(1938) User=0.00s Sys=0.00s Real=0.00s
[2025-04-17T11:36:40.423+0000][3000.253s][info][gc,start       ] GC(1939) Pause Young (Allocation Failure)
[2025-04-17T11:36:40.424+0000][3000.254s][info][gc,heap        ] GC(1939) DefNew: 9184K(10176K)->89K(10176K) Eden: 9088K(9088K)->0K(9088K) From: 96K(1088K)->89K(1088K)
[2025-04-17T11:36:40.424+0000][3000.254s][info][gc,heap        ] GC(1939) Tenured: 15476K(22468K)->15477K(22468K)
[2025-04-17T11:36:40.424+0000][3000.254s][info][gc,metaspace   ] GC(1939) Metaspace: 38446K(38784K)->38446K(38784K) NonClass: 33896K(34048K)->33896K(34048K) Class: 4549K(4736K)->4549K(4736K)
[2025-04-17T11:36:40.424+0000][3000.254s][info][gc             ] GC(1939) Pause Young (Allocation Failure) 24M->15M(31M) 1.262ms
[2025-04-17T11:36:40.424+0000][3000.254s][info][gc,cpu         ] GC(1939) User=0.00s Sys=0.00s Real=0.00s
[2025-04-17T11:36:42.097+0000][3001.927s][info][gc,start       ] GC(1940) Pause Young (Allocation Failure)
[2025-04-17T11:36:42.098+0000][3001.929s][info][gc,heap        ] GC(1940) DefNew: 9177K(10176K)->106K(10176K) Eden: 9088K(9088K)->0K(9088K) From: 89K(1088K)->106K(1088K)
[2025-04-17T11:36:42.098+0000][3001.929s][info][gc,heap        ] GC(1940) Tenured: 15477K(22468K)->15480K(22468K)
[2025-04-17T11:36:42.099+0000][3001.929s][info][gc,metaspace   ] GC(1940) Metaspace: 38446K(38784K)->38446K(38784K) NonClass: 33896K(34048K)->33896K(34048K) Class: 4549K(4736K)->4549K(4736K)
[2025-04-17T11:36:42.099+0000][3001.929s][info][gc             ] GC(1940) Pause Young (Allocation Failure) 24M->15M(31M) 1.377ms
[2025-04-17T11:36:42.099+0000][3001.929s][info][gc,cpu         ] GC(1940) User=0.00s Sys=0.00s Real=0.00s
[2025-04-17T11:36:43.461+0000][3003.291s][info][gc,start       ] GC(1941) Pause Young (Allocation Failure)
[2025-04-17T11:36:43.462+0000][3003.292s][info][gc,heap        ] GC(1941) DefNew: 9194K(10176K)->95K(10176K) Eden: 9088K(9088K)->0K(9088K) From: 106K(1088K)->95K(1088K)
[2025-04-17T11:36:43.462+0000][3003.292s][info][gc,heap        ] GC(1941) Tenured: 15480K(22468K)->15480K(22468K)
[2025-04-17T11:36:43.462+0000][3003.293s][info][gc,metaspace   ] GC(1941) Metaspace: 38446K(38784K)->38446K(38784K) NonClass: 33896K(34048K)->33896K(34048K) Class: 4549K(4736K)->4549K(4736K)
[2025-04-17T11:36:43.462+0000][3003.293s][info][gc             ] GC(1941) Pause Young (Allocation Failure) 24M->15M(31M) 1.402ms
[2025-04-17T11:36:43.462+0000][3003.293s][info][gc,cpu         ] GC(1941) User=0.00s Sys=0.00s Real=0.00s
[2025-04-17T11:36:45.177+0000][3005.007s][info][gc,start       ] GC(1942) Pause Young (Allocation Failure)
[2025-04-17T11:36:45.178+0000][3005.008s][info][gc,heap        ] GC(1942) DefNew: 9183K(10176K)->90K(10176K) Eden: 9088K(9088K)->0K(9088K) From: 95K(1088K)->90K(1088K)
[2025-04-17T11:36:45.178+0000][3005.008s][info][gc,heap        ] GC(1942) Tenured: 15480K(22468K)->15481K(22468K)
[2025-04-17T11:36:45.178+0000][3005.008s][info][gc,metaspace   ] GC(1942) Metaspace: 38446K(38784K)->38446K(38784K) NonClass: 33896K(34048K)->33896K(34048K) Class: 4549K(4736K)->4549K(4736K)
[2025-04-17T11:36:45.178+0000][3005.008s][info][gc             ] GC(1942) Pause Young (Allocation Failure) 24M->15M(31M) 1.263ms
[2025-04-17T11:36:45.178+0000][3005.008s][info][gc,cpu         ] GC(1942) User=0.00s Sys=0.00s Real=0.00s
[2025-04-17T11:36:46.558+0000][3006.388s][info][gc,start       ] GC(1943) Pause Young (Allocation Failure)
[2025-04-17T11:36:46.560+0000][3006.390s][info][gc,heap        ] GC(1943) DefNew: 9178K(10176K)->108K(10176K) Eden: 9088K(9088K)->0K(9088K) From: 90K(1088K)->108K(1088K)
[2025-04-17T11:36:46.560+0000][3006.390s][info][gc,heap        ] GC(1943) Tenured: 15481K(22468K)->15482K(22468K)
[2025-04-17T11:36:46.560+0000][3006.390s][info][gc,metaspace   ] GC(1943) Metaspace: 38446K(38784K)->38446K(38784K) NonClass: 33896K(34048K)->33896K(34048K) Class: 4549K(4736K)->4549K(4736K)
[2025-04-17T11:36:46.560+0000][3006.390s][info][gc             ] GC(1943) Pause Young (Allocation Failure) 24M->15M(31M) 1.357ms
[2025-04-17T11:36:46.560+0000][3006.390s][info][gc,cpu         ] GC(1943) User=0.00s Sys=0.00s Real=0.00s
[2025-04-17T11:36:48.369+0000][3008.199s][info][gc,start       ] GC(1944) Pause Young (Allocation Failure)
[2025-04-17T11:36:48.371+0000][3008.201s][info][gc,heap        ] GC(1944) DefNew: 9196K(10176K)->99K(10176K) Eden: 9088K(9088K)->0K(9088K) From: 108K(1088K)->99K(1088K)
[2025-04-17T11:36:48.371+0000][3008.201s][info][gc,heap        ] GC(1944) Tenured: 15482K(22468K)->15486K(22468K)
[2025-04-17T11:36:48.371+0000][3008.201s][info][gc,metaspace   ] GC(1944) Metaspace: 38446K(38784K)->38446K(38784K) NonClass: 33896K(34048K)->33896K(34048K) Class: 4549K(4736K)->4549K(4736K)
[2025-04-17T11:36:48.371+0000][3008.201s][info][gc             ] GC(1944) Pause Young (Allocation Failure) 24M->15M(31M) 1.369ms
[2025-04-17T11:36:48.371+0000][3008.201s][info][gc,cpu         ] GC(1944) User=0.00s Sys=0.00s Real=0.00s
[2025-04-17T11:36:49.942+0000][3009.772s][info][gc,start       ] GC(1945) Pause Young (Allocation Failure)
[2025-04-17T11:36:49.943+0000][3009.773s][info][gc,heap        ] GC(1945) DefNew: 9187K(10176K)->93K(10176K) Eden: 9088K(9088K)->0K(9088K) From: 99K(1088K)->93K(1088K)
[2025-04-17T11:36:49.943+0000][3009.773s][info][gc,heap        ] GC(1945) Tenured: 15486K(22468K)->15487K(22468K)
[2025-04-17T11:36:49.943+0000][3009.773s][info][gc,metaspace   ] GC(1945) Metaspace: 38446K(38784K)->38446K(38784K) NonClass: 33896K(34048K)->33896K(34048K) Class: 4549K(4736K)->4549K(4736K)
[2025-04-17T11:36:49.943+0000][3009.773s][info][gc             ] GC(1945) Pause Young (Allocation Failure) 24M->15M(31M) 1.390ms
[2025-04-17T11:36:49.943+0000][3009.773s][info][gc,cpu         ] GC(1945) User=0.00s Sys=0.00s Real=0.00s
[2025-04-17T11:36:51.624+0000][3011.454s][info][gc,start       ] GC(1946) Pause Young (Allocation Failure)
[2025-04-17T11:36:51.625+0000][3011.455s][info][gc,heap        ] GC(1946) DefNew: 9181K(10176K)->96K(10176K) Eden: 9088K(9088K)->0K(9088K) From: 93K(1088K)->96K(1088K)
[2025-04-17T11:36:51.625+0000][3011.455s][info][gc,heap        ] GC(1946) Tenured: 15487K(22468K)->15487K(22468K)
[2025-04-17T11:36:51.625+0000][3011.455s][info][gc,metaspace   ] GC(1946) Metaspace: 38446K(38784K)->38446K(38784K) NonClass: 33896K(34048K)->33896K(34048K) Class: 4549K(4736K)->4549K(4736K)
[2025-04-17T11:36:51.625+0000][3011.455s][info][gc             ] GC(1946) Pause Young (Allocation Failure) 24M->15M(31M) 1.308ms
[2025-04-17T11:36:51.625+0000][3011.455s][info][gc,cpu         ] GC(1946) User=0.00s Sys=0.00s Real=0.01s
[2025-04-17T11:36:53.180+0000][3013.010s][info][gc,start       ] GC(1947) Pause Young (Allocation Failure)
[2025-04-17T11:36:53.181+0000][3013.011s][info][gc,heap        ] GC(1947) DefNew: 9184K(10176K)->108K(10176K) Eden: 9088K(9088K)->0K(9088K) From: 96K(1088K)->108K(1088K)
[2025-04-17T11:36:53.181+0000][3013.011s][info][gc,heap        ] GC(1947) Tenured: 15487K(22468K)->15489K(22468K)
[2025-04-17T11:36:53.181+0000][3013.011s][info][gc,metaspace   ] GC(1947) Metaspace: 38446K(38784K)->38446K(38784K) NonClass: 33896K(34048K)->33896K(34048K) Class: 4549K(4736K)->4549K(4736K)
[2025-04-17T11:36:53.181+0000][3013.011s][info][gc             ] GC(1947) Pause Young (Allocation Failure) 24M->15M(31M) 1.402ms
[2025-04-17T11:36:53.181+0000][3013.011s][info][gc,cpu         ] GC(1947) User=0.00s Sys=0.00s Real=0.00s
[2025-04-17T11:36:54.838+0000][3014.668s][info][gc,start       ] GC(1948) Pause Young (Allocation Failure)
[2025-04-17T11:36:54.840+0000][3014.670s][info][gc,heap        ] GC(1948) DefNew: 9196K(10176K)->99K(10176K) Eden: 9088K(9088K)->0K(9088K) From: 108K(1088K)->99K(1088K)
[2025-04-17T11:36:54.840+0000][3014.670s][info][gc,heap        ] GC(1948) Tenured: 15489K(22468K)->15489K(22468K)
[2025-04-17T11:36:54.840+0000][3014.670s][info][gc,metaspace   ] GC(1948) Metaspace: 38446K(38784K)->38446K(38784K) NonClass: 33896K(34048K)->33896K(34048K) Class: 4549K(4736K)->4549K(4736K)
[2025-04-17T11:36:54.840+0000][3014.670s][info][gc             ] GC(1948) Pause Young (Allocation Failure) 24M->15M(31M) 1.220ms
[2025-04-17T11:36:54.840+0000][3014.670s][info][gc,cpu         ] GC(1948) User=0.00s Sys=0.00s Real=0.00s
[2025-04-17T11:36:56.511+0000][3016.342s][info][gc,start       ] GC(1949) Pause Young (Allocation Failure)
[2025-04-17T11:36:56.513+0000][3016.343s][info][gc,heap        ] GC(1949) DefNew: 9187K(10176K)->102K(10176K) Eden: 9088K(9088K)->0K(9088K) From: 99K(1088K)->102K(1088K)
[2025-04-17T11:36:56.513+0000][3016.343s][info][gc,heap        ] GC(1949) Tenured: 15489K(22468K)->15490K(22468K)
[2025-04-17T11:36:56.513+0000][3016.343s][info][gc,metaspace   ] GC(1949) Metaspace: 38446K(38784K)->38446K(38784K) NonClass: 33896K(34048K)->33896K(34048K) Class: 4549K(4736K)->4549K(4736K)
[2025-04-17T11:36:56.513+0000][3016.343s][info][gc             ] GC(1949) Pause Young (Allocation Failure) 24M->15M(31M) 1.377ms
[2025-04-17T11:36:56.513+0000][3016.343s][info][gc,cpu         ] GC(1949) User=0.00s Sys=0.00s Real=0.00s
[2025-04-17T11:36:57.821+0000][3017.651s][info][gc,start       ] GC(1950) Pause Young (Allocation Failure)
[2025-04-17T11:36:57.822+0000][3017.653s][info][gc,heap        ] GC(1950) DefNew: 9190K(10176K)->91K(10176K) Eden: 9088K(9088K)->0K(9088K) From: 102K(1088K)->91K(1088K)
[2025-04-17T11:36:57.822+0000][3017.653s][info][gc,heap        ] GC(1950) Tenured: 15490K(22468K)->15491K(22468K)
[2025-04-17T11:36:57.822+0000][3017.653s][info][gc,metaspace   ] GC(1950) Metaspace: 38446K(38784K)->38446K(38784K) NonClass: 33896K(34048K)->33896K(34048K) Class: 4549K(4736K)->4549K(4736K)
[2025-04-17T11:36:57.822+0000][3017.653s][info][gc             ] GC(1950) Pause Young (Allocation Failure) 24M->15M(31M) 1.398ms
[2025-04-17T11:36:57.822+0000][3017.653s][info][gc,cpu         ] GC(1950) User=0.00s Sys=0.00s Real=0.00s
[2025-04-17T11:36:59.581+0000][3019.411s][info][gc,start       ] GC(1951) Pause Young (Allocation Failure)
[2025-04-17T11:36:59.582+0000][3019.413s][info][gc,heap        ] GC(1951) DefNew: 9179K(10176K)->104K(10176K) Eden: 9088K(9088K)->0K(9088K) From: 91K(1088K)->104K(1088K)
[2025-04-17T11:36:59.582+0000][3019.413s][info][gc,heap        ] GC(1951) Tenured: 15491K(22468K)->15494K(22468K)
[2025-04-17T11:36:59.582+0000][3019.413s][info][gc,metaspace   ] GC(1951) Metaspace: 38446K(38784K)->38446K(38784K) NonClass: 33896K(34048K)->33896K(34048K) Class: 4549K(4736K)->4549K(4736K)
[2025-04-17T11:36:59.582+0000][3019.413s][info][gc             ] GC(1951) Pause Young (Allocation Failure) 24M->15M(31M) 1.332ms
[2025-04-17T11:36:59.582+0000][3019.413s][info][gc,cpu         ] GC(1951) User=0.00s Sys=0.00s Real=0.00s
[2025-04-17T11:37:01.305+0000][3021.135s][info][gc,start       ] GC(1952) Pause Young (Allocation Failure)
[2025-04-17T11:37:01.306+0000][3021.136s][info][gc,heap        ] GC(1952) DefNew: 9192K(10176K)->97K(10176K) Eden: 9088K(9088K)->0K(9088K) From: 104K(1088K)->97K(1088K)
[2025-04-17T11:37:01.306+0000][3021.136s][info][gc,heap        ] GC(1952) Tenured: 15494K(22468K)->15495K(22468K)
[2025-04-17T11:37:01.306+0000][3021.136s][info][gc,metaspace   ] GC(1952) Metaspace: 38446K(38784K)->38446K(38784K) NonClass: 33896K(34048K)->33896K(34048K) Class: 4549K(4736K)->4549K(4736K)
[2025-04-17T11:37:01.306+0000][3021.136s][info][gc             ] GC(1952) Pause Young (Allocation Failure) 24M->15M(31M) 1.311ms
[2025-04-17T11:37:01.306+0000][3021.136s][info][gc,cpu         ] GC(1952) User=0.01s Sys=0.00s Real=0.00s
[2025-04-17T11:37:02.805+0000][3022.635s][info][gc,start       ] GC(1953) Pause Young (Allocation Failure)
[2025-04-17T11:37:02.806+0000][3022.636s][info][gc,heap        ] GC(1953) DefNew: 9185K(10176K)->76K(10176K) Eden: 9088K(9088K)->0K(9088K) From: 97K(1088K)->76K(1088K)
[2025-04-17T11:37:02.806+0000][3022.636s][info][gc,heap        ] GC(1953) Tenured: 15495K(22468K)->15497K(22468K)
[2025-04-17T11:37:02.806+0000][3022.636s][info][gc,metaspace   ] GC(1953) Metaspace: 38446K(38784K)->38446K(38784K) NonClass: 33896K(34048K)->33896K(34048K) Class: 4549K(4736K)->4549K(4736K)
[2025-04-17T11:37:02.806+0000][3022.636s][info][gc             ] GC(1953) Pause Young (Allocation Failure) 24M->15M(31M) 1.256ms
[2025-04-17T11:37:02.806+0000][3022.636s][info][gc,cpu         ] GC(1953) User=0.01s Sys=0.00s Real=0.00s
[2025-04-17T11:37:04.562+0000][3024.392s][info][gc,start       ] GC(1954) Pause Young (Allocation Failure)
[2025-04-17T11:37:04.563+0000][3024.393s][info][gc,heap        ] GC(1954) DefNew: 9164K(10176K)->87K(10176K) Eden: 9088K(9088K)->0K(9088K) From: 76K(1088K)->87K(1088K)
[2025-04-17T11:37:04.563+0000][3024.394s][info][gc,heap        ] GC(1954) Tenured: 15497K(22468K)->15497K(22468K)
[2025-04-17T11:37:04.563+0000][3024.394s][info][gc,metaspace   ] GC(1954) Metaspace: 38446K(38784K)->38446K(38784K) NonClass: 33896K(34048K)->33896K(34048K) Class: 4549K(4736K)->4549K(4736K)
[2025-04-17T11:37:04.563+0000][3024.394s][info][gc             ] GC(1954) Pause Young (Allocation Failure) 24M->15M(31M) 1.368ms
[2025-04-17T11:37:04.563+0000][3024.394s][info][gc,cpu         ] GC(1954) User=0.00s Sys=0.00s Real=0.00s
[2025-04-17T11:37:05.957+0000][3025.787s][info][gc,start       ] GC(1955) Pause Young (Allocation Failure)
[2025-04-17T11:37:05.958+0000][3025.788s][info][gc,heap        ] GC(1955) DefNew: 9175K(10176K)->84K(10176K) Eden: 9088K(9088K)->0K(9088K) From: 87K(1088K)->84K(1088K)
[2025-04-17T11:37:05.958+0000][3025.788s][info][gc,heap        ] GC(1955) Tenured: 15497K(22468K)->15497K(22468K)
[2025-04-17T11:37:05.958+0000][3025.788s][info][gc,metaspace   ] GC(1955) Metaspace: 38446K(38784K)->38446K(38784K) NonClass: 33896K(34048K)->33896K(34048K) Class: 4549K(4736K)->4549K(4736K)
[2025-04-17T11:37:05.958+0000][3025.788s][info][gc             ] GC(1955) Pause Young (Allocation Failure) 24M->15M(31M) 1.490ms
[2025-04-17T11:37:05.958+0000][3025.788s][info][gc,cpu         ] GC(1955) User=0.01s Sys=0.00s Real=0.00s
[2025-04-17T11:37:07.525+0000][3027.355s][info][gc,start       ] GC(1956) Pause Young (Allocation Failure)
[2025-04-17T11:37:07.526+0000][3027.357s][info][gc,heap        ] GC(1956) DefNew: 9172K(10176K)->101K(10176K) Eden: 9088K(9088K)->0K(9088K) From: 84K(1088K)->101K(1088K)
[2025-04-17T11:37:07.526+0000][3027.357s][info][gc,heap        ] GC(1956) Tenured: 15497K(22468K)->15500K(22468K)
[2025-04-17T11:37:07.526+0000][3027.357s][info][gc,metaspace   ] GC(1956) Metaspace: 38446K(38784K)->38446K(38784K) NonClass: 33896K(34048K)->33896K(34048K) Class: 4549K(4736K)->4549K(4736K)
[2025-04-17T11:37:07.526+0000][3027.357s][info][gc             ] GC(1956) Pause Young (Allocation Failure) 24M->15M(31M) 1.355ms
[2025-04-17T11:37:07.526+0000][3027.357s][info][gc,cpu         ] GC(1956) User=0.00s Sys=0.00s Real=0.00s
[2025-04-17T11:37:08.814+0000][3028.644s][info][gc,start       ] GC(1957) Pause Young (Allocation Failure)
[2025-04-17T11:37:08.816+0000][3028.646s][info][gc,heap        ] GC(1957) DefNew: 9189K(10176K)->93K(10176K) Eden: 9088K(9088K)->0K(9088K) From: 101K(1088K)->93K(1088K)
[2025-04-17T11:37:08.816+0000][3028.646s][info][gc,heap        ] GC(1957) Tenured: 15500K(22468K)->15500K(22468K)
[2025-04-17T11:37:08.816+0000][3028.646s][info][gc,metaspace   ] GC(1957) Metaspace: 38446K(38784K)->38446K(38784K) NonClass: 33896K(34048K)->33896K(34048K) Class: 4549K(4736K)->4549K(4736K)
[2025-04-17T11:37:08.816+0000][3028.646s][info][gc             ] GC(1957) Pause Young (Allocation Failure) 24M->15M(31M) 1.343ms
[2025-04-17T11:37:08.816+0000][3028.646s][info][gc,cpu         ] GC(1957) User=0.00s Sys=0.00s Real=0.00s
[2025-04-17T11:37:10.448+0000][3030.279s][info][gc,start       ] GC(1958) Pause Young (Allocation Failure)
[2025-04-17T11:37:10.450+0000][3030.280s][info][gc,heap        ] GC(1958) DefNew: 9181K(10176K)->83K(10176K) Eden: 9088K(9088K)->0K(9088K) From: 93K(1088K)->83K(1088K)
[2025-04-17T11:37:10.450+0000][3030.280s][info][gc,heap        ] GC(1958) Tenured: 15500K(22468K)->15502K(22468K)
[2025-04-17T11:37:10.450+0000][3030.280s][info][gc,metaspace   ] GC(1958) Metaspace: 38446K(38784K)->38446K(38784K) NonClass: 33896K(34048K)->33896K(34048K) Class: 4549K(4736K)->4549K(4736K)
[2025-04-17T11:37:10.450+0000][3030.280s][info][gc             ] GC(1958) Pause Young (Allocation Failure) 24M->15M(31M) 1.403ms
[2025-04-17T11:37:10.450+0000][3030.280s][info][gc,cpu         ] GC(1958) User=0.00s Sys=0.00s Real=0.00s
[2025-04-17T11:37:12.172+0000][3032.002s][info][gc,start       ] GC(1959) Pause Young (Allocation Failure)
[2025-04-17T11:37:12.173+0000][3032.004s][info][gc,heap        ] GC(1959) DefNew: 9171K(10176K)->93K(10176K) Eden: 9088K(9088K)->0K(9088K) From: 83K(1088K)->93K(1088K)
[2025-04-17T11:37:12.173+0000][3032.004s][info][gc,heap        ] GC(1959) Tenured: 15502K(22468K)->15504K(22468K)
[2025-04-17T11:37:12.173+0000][3032.004s][info][gc,metaspace   ] GC(1959) Metaspace: 38446K(38784K)->38446K(38784K) NonClass: 33896K(34048K)->33896K(34048K) Class: 4549K(4736K)->4549K(4736K)
[2025-04-17T11:37:12.173+0000][3032.004s][info][gc             ] GC(1959) Pause Young (Allocation Failure) 24M->15M(31M) 1.332ms
[2025-04-17T11:37:12.174+0000][3032.004s][info][gc,cpu         ] GC(1959) User=0.00s Sys=0.00s Real=0.00s
[2025-04-17T11:37:13.719+0000][3033.549s][info][gc,start       ] GC(1960) Pause Young (Allocation Failure)
[2025-04-17T11:37:13.720+0000][3033.550s][info][gc,heap        ] GC(1960) DefNew: 9181K(10176K)->95K(10176K) Eden: 9088K(9088K)->0K(9088K) From: 93K(1088K)->95K(1088K)
[2025-04-17T11:37:13.720+0000][3033.550s][info][gc,heap        ] GC(1960) Tenured: 15504K(22468K)->15506K(22468K)
[2025-04-17T11:37:13.720+0000][3033.550s][info][gc,metaspace   ] GC(1960) Metaspace: 38446K(38784K)->38446K(38784K) NonClass: 33896K(34048K)->33896K(34048K) Class: 4549K(4736K)->4549K(4736K)
[2025-04-17T11:37:13.720+0000][3033.550s][info][gc             ] GC(1960) Pause Young (Allocation Failure) 24M->15M(31M) 1.400ms
[2025-04-17T11:37:13.720+0000][3033.550s][info][gc,cpu         ] GC(1960) User=0.00s Sys=0.00s Real=0.00s
[2025-04-17T11:37:15.031+0000][3034.861s][info][gc,start       ] GC(1961) Pause Young (Allocation Failure)
[2025-04-17T11:37:15.032+0000][3034.863s][info][gc,heap        ] GC(1961) DefNew: 9183K(10176K)->89K(10176K) Eden: 9088K(9088K)->0K(9088K) From: 95K(1088K)->89K(1088K)
[2025-04-17T11:37:15.033+0000][3034.863s][info][gc,heap        ] GC(1961) Tenured: 15506K(22468K)->15507K(22468K)
[2025-04-17T11:37:15.033+0000][3034.863s][info][gc,metaspace   ] GC(1961) Metaspace: 38446K(38784K)->38446K(38784K) NonClass: 33896K(34048K)->33896K(34048K) Class: 4549K(4736K)->4549K(4736K)
[2025-04-17T11:37:15.033+0000][3034.863s][info][gc             ] GC(1961) Pause Young (Allocation Failure) 24M->15M(31M) 1.408ms
[2025-04-17T11:37:15.033+0000][3034.863s][info][gc,cpu         ] GC(1961) User=0.00s Sys=0.00s Real=0.00s
[2025-04-17T11:37:16.598+0000][3036.428s][info][gc,start       ] GC(1962) Pause Young (Allocation Failure)
[2025-04-17T11:37:16.599+0000][3036.429s][info][gc,heap        ] GC(1962) DefNew: 9177K(10176K)->81K(10176K) Eden: 9088K(9088K)->0K(9088K) From: 89K(1088K)->81K(1088K)
[2025-04-17T11:37:16.599+0000][3036.429s][info][gc,heap        ] GC(1962) Tenured: 15507K(22468K)->15509K(22468K)
[2025-04-17T11:37:16.599+0000][3036.429s][info][gc,metaspace   ] GC(1962) Metaspace: 38446K(38784K)->38446K(38784K) NonClass: 33896K(34048K)->33896K(34048K) Class: 4549K(4736K)->4549K(4736K)
[2025-04-17T11:37:16.599+0000][3036.429s][info][gc             ] GC(1962) Pause Young (Allocation Failure) 24M->15M(31M) 1.337ms
[2025-04-17T11:37:16.599+0000][3036.429s][info][gc,cpu         ] GC(1962) User=0.00s Sys=0.00s Real=0.00s
[2025-04-17T11:37:18.172+0000][3038.002s][info][gc,start       ] GC(1963) Pause Young (Allocation Failure)
[2025-04-17T11:37:18.174+0000][3038.004s][info][gc,heap        ] GC(1963) DefNew: 9169K(10176K)->86K(10176K) Eden: 9088K(9088K)->0K(9088K) From: 81K(1088K)->86K(1088K)
[2025-04-17T11:37:18.174+0000][3038.004s][info][gc,heap        ] GC(1963) Tenured: 15509K(22468K)->15509K(22468K)
[2025-04-17T11:37:18.174+0000][3038.004s][info][gc,metaspace   ] GC(1963) Metaspace: 38446K(38784K)->38446K(38784K) NonClass: 33896K(34048K)->33896K(34048K) Class: 4549K(4736K)->4549K(4736K)
[2025-04-17T11:37:18.174+0000][3038.004s][info][gc             ] GC(1963) Pause Young (Allocation Failure) 24M->15M(31M) 1.385ms
[2025-04-17T11:37:18.174+0000][3038.004s][info][gc,cpu         ] GC(1963) User=0.00s Sys=0.00s Real=0.00s
[2025-04-17T11:37:19.718+0000][3039.548s][info][gc,start       ] GC(1964) Pause Young (Allocation Failure)
[2025-04-17T11:37:19.719+0000][3039.549s][info][gc,heap        ] GC(1964) DefNew: 9174K(10176K)->93K(10176K) Eden: 9088K(9088K)->0K(9088K) From: 86K(1088K)->93K(1088K)
[2025-04-17T11:37:19.719+0000][3039.549s][info][gc,heap        ] GC(1964) Tenured: 15509K(22468K)->15510K(22468K)
[2025-04-17T11:37:19.719+0000][3039.549s][info][gc,metaspace   ] GC(1964) Metaspace: 38446K(38784K)->38446K(38784K) NonClass: 33896K(34048K)->33896K(34048K) Class: 4549K(4736K)->4549K(4736K)
[2025-04-17T11:37:19.719+0000][3039.549s][info][gc             ] GC(1964) Pause Young (Allocation Failure) 24M->15M(31M) 1.205ms
[2025-04-17T11:37:19.719+0000][3039.549s][info][gc,cpu         ] GC(1964) User=0.00s Sys=0.00s Real=0.00s
[2025-04-17T11:37:21.384+0000][3041.215s][info][gc,start       ] GC(1965) Pause Young (Allocation Failure)
[2025-04-17T11:37:21.386+0000][3041.216s][info][gc,heap        ] GC(1965) DefNew: 9180K(10176K)->86K(10176K) Eden: 9086K(9088K)->0K(9088K) From: 93K(1088K)->86K(1088K)
[2025-04-17T11:37:21.386+0000][3041.216s][info][gc,heap        ] GC(1965) Tenured: 15510K(22468K)->15510K(22468K)
[2025-04-17T11:37:21.386+0000][3041.216s][info][gc,metaspace   ] GC(1965) Metaspace: 38446K(38784K)->38446K(38784K) NonClass: 33896K(34048K)->33896K(34048K) Class: 4549K(4736K)->4549K(4736K)
[2025-04-17T11:37:21.386+0000][3041.216s][info][gc             ] GC(1965) Pause Young (Allocation Failure) 24M->15M(31M) 1.200ms
[2025-04-17T11:37:21.386+0000][3041.216s][info][gc,cpu         ] GC(1965) User=0.00s Sys=0.00s Real=0.00s
[2025-04-17T11:37:23.109+0000][3042.939s][info][gc,start       ] GC(1966) Pause Young (Allocation Failure)
[2025-04-17T11:37:23.110+0000][3042.940s][info][gc,heap        ] GC(1966) DefNew: 9174K(10176K)->79K(10176K) Eden: 9088K(9088K)->0K(9088K) From: 86K(1088K)->79K(1088K)
[2025-04-17T11:37:23.110+0000][3042.941s][info][gc,heap        ] GC(1966) Tenured: 15510K(22468K)->15510K(22468K)
[2025-04-17T11:37:23.110+0000][3042.941s][info][gc,metaspace   ] GC(1966) Metaspace: 38446K(38784K)->38446K(38784K) NonClass: 33896K(34048K)->33896K(34048K) Class: 4549K(4736K)->4549K(4736K)
[2025-04-17T11:37:23.110+0000][3042.941s][info][gc             ] GC(1966) Pause Young (Allocation Failure) 24M->15M(31M) 1.301ms
[2025-04-17T11:37:23.110+0000][3042.941s][info][gc,cpu         ] GC(1966) User=0.00s Sys=0.00s Real=0.00s
[2025-04-17T11:37:24.733+0000][3044.563s][info][gc,start       ] GC(1967) Pause Young (Allocation Failure)
[2025-04-17T11:37:24.735+0000][3044.565s][info][gc,heap        ] GC(1967) DefNew: 9167K(10176K)->81K(10176K) Eden: 9088K(9088K)->0K(9088K) From: 79K(1088K)->81K(1088K)
[2025-04-17T11:37:24.735+0000][3044.565s][info][gc,heap        ] GC(1967) Tenured: 15510K(22468K)->15511K(22468K)
[2025-04-17T11:37:24.735+0000][3044.565s][info][gc,metaspace   ] GC(1967) Metaspace: 38446K(38784K)->38446K(38784K) NonClass: 33896K(34048K)->33896K(34048K) Class: 4549K(4736K)->4549K(4736K)
[2025-04-17T11:37:24.735+0000][3044.565s][info][gc             ] GC(1967) Pause Young (Allocation Failure) 24M->15M(31M) 1.355ms
[2025-04-17T11:37:24.735+0000][3044.565s][info][gc,cpu         ] GC(1967) User=0.00s Sys=0.00s Real=0.01s
[2025-04-17T11:37:26.368+0000][3046.198s][info][gc,start       ] GC(1968) Pause Young (Allocation Failure)
[2025-04-17T11:37:26.369+0000][3046.199s][info][gc,heap        ] GC(1968) DefNew: 9169K(10176K)->76K(10176K) Eden: 9088K(9088K)->0K(9088K) From: 81K(1088K)->76K(1088K)
[2025-04-17T11:37:26.369+0000][3046.199s][info][gc,heap        ] GC(1968) Tenured: 15511K(22468K)->15512K(22468K)
[2025-04-17T11:37:26.369+0000][3046.199s][info][gc,metaspace   ] GC(1968) Metaspace: 38446K(38784K)->38446K(38784K) NonClass: 33896K(34048K)->33896K(34048K) Class: 4549K(4736K)->4549K(4736K)
[2025-04-17T11:37:26.369+0000][3046.199s][info][gc             ] GC(1968) Pause Young (Allocation Failure) 24M->15M(31M) 1.394ms
[2025-04-17T11:37:26.369+0000][3046.199s][info][gc,cpu         ] GC(1968) User=0.00s Sys=0.00s Real=0.00s
[2025-04-17T11:37:27.895+0000][3047.725s][info][gc,start       ] GC(1969) Pause Young (Allocation Failure)
[2025-04-17T11:37:27.897+0000][3047.727s][info][gc,heap        ] GC(1969) DefNew: 9164K(10176K)->96K(10176K) Eden: 9088K(9088K)->0K(9088K) From: 76K(1088K)->96K(1088K)
[2025-04-17T11:37:27.897+0000][3047.727s][info][gc,heap        ] GC(1969) Tenured: 15512K(22468K)->15512K(22468K)
[2025-04-17T11:37:27.897+0000][3047.727s][info][gc,metaspace   ] GC(1969) Metaspace: 38446K(38784K)->38446K(38784K) NonClass: 33896K(34048K)->33896K(34048K) Class: 4549K(4736K)->4549K(4736K)
[2025-04-17T11:37:27.897+0000][3047.727s][info][gc             ] GC(1969) Pause Young (Allocation Failure) 24M->15M(31M) 1.365ms
[2025-04-17T11:37:27.897+0000][3047.727s][info][gc,cpu         ] GC(1969) User=0.00s Sys=0.00s Real=0.00s
[2025-04-17T11:37:29.318+0000][3049.148s][info][gc,start       ] GC(1970) Pause Young (Allocation Failure)
[2025-04-17T11:37:29.319+0000][3049.149s][info][gc,heap        ] GC(1970) DefNew: 9184K(10176K)->81K(10176K) Eden: 9087K(9088K)->0K(9088K) From: 96K(1088K)->81K(1088K)
[2025-04-17T11:37:29.319+0000][3049.150s][info][gc,heap        ] GC(1970) Tenured: 15512K(22468K)->15512K(22468K)
[2025-04-17T11:37:29.319+0000][3049.150s][info][gc,metaspace   ] GC(1970) Metaspace: 38446K(38784K)->38446K(38784K) NonClass: 33896K(34048K)->33896K(34048K) Class: 4549K(4736K)->4549K(4736K)
[2025-04-17T11:37:29.319+0000][3049.150s][info][gc             ] GC(1970) Pause Young (Allocation Failure) 24M->15M(31M) 1.304ms
[2025-04-17T11:37:29.319+0000][3049.150s][info][gc,cpu         ] GC(1970) User=0.00s Sys=0.00s Real=0.00s
[2025-04-17T11:37:30.828+0000][3050.658s][info][gc,start       ] GC(1971) Pause Young (Allocation Failure)
[2025-04-17T11:37:30.829+0000][3050.659s][info][gc,heap        ] GC(1971) DefNew: 9169K(10176K)->78K(10176K) Eden: 9088K(9088K)->0K(9088K) From: 81K(1088K)->78K(1088K)
[2025-04-17T11:37:30.829+0000][3050.659s][info][gc,heap        ] GC(1971) Tenured: 15512K(22468K)->15514K(22468K)
[2025-04-17T11:37:30.829+0000][3050.659s][info][gc,metaspace   ] GC(1971) Metaspace: 38446K(38784K)->38446K(38784K) NonClass: 33896K(34048K)->33896K(34048K) Class: 4549K(4736K)->4549K(4736K)
[2025-04-17T11:37:30.829+0000][3050.659s][info][gc             ] GC(1971) Pause Young (Allocation Failure) 24M->15M(31M) 1.440ms
[2025-04-17T11:37:30.829+0000][3050.659s][info][gc,cpu         ] GC(1971) User=0.00s Sys=0.00s Real=0.00s
[2025-04-17T11:37:32.435+0000][3052.265s][info][gc,start       ] GC(1972) Pause Young (Allocation Failure)
[2025-04-17T11:37:32.437+0000][3052.267s][info][gc,heap        ] GC(1972) DefNew: 9166K(10176K)->82K(10176K) Eden: 9088K(9088K)->0K(9088K) From: 78K(1088K)->82K(1088K)
[2025-04-17T11:37:32.437+0000][3052.267s][info][gc,heap        ] GC(1972) Tenured: 15514K(22468K)->15514K(22468K)
[2025-04-17T11:37:32.437+0000][3052.267s][info][gc,metaspace   ] GC(1972) Metaspace: 38446K(38784K)->38446K(38784K) NonClass: 33896K(34048K)->33896K(34048K) Class: 4549K(4736K)->4549K(4736K)
[2025-04-17T11:37:32.437+0000][3052.267s][info][gc             ] GC(1972) Pause Young (Allocation Failure) 24M->15M(31M) 1.416ms
[2025-04-17T11:37:32.437+0000][3052.267s][info][gc,cpu         ] GC(1972) User=0.01s Sys=0.00s Real=0.00s
[2025-04-17T11:37:34.309+0000][3054.140s][info][gc,start       ] GC(1973) Pause Young (Allocation Failure)
[2025-04-17T11:37:34.311+0000][3054.141s][info][gc,heap        ] GC(1973) DefNew: 9170K(10176K)->94K(10176K) Eden: 9088K(9088K)->0K(9088K) From: 82K(1088K)->94K(1088K)
[2025-04-17T11:37:34.311+0000][3054.141s][info][gc,heap        ] GC(1973) Tenured: 15514K(22468K)->15514K(22468K)
[2025-04-17T11:37:34.311+0000][3054.141s][info][gc,metaspace   ] GC(1973) Metaspace: 38446K(38784K)->38446K(38784K) NonClass: 33896K(34048K)->33896K(34048K) Class: 4549K(4736K)->4549K(4736K)
[2025-04-17T11:37:34.311+0000][3054.141s][info][gc             ] GC(1973) Pause Young (Allocation Failure) 24M->15M(31M) 1.301ms
[2025-04-17T11:37:34.311+0000][3054.141s][info][gc,cpu         ] GC(1973) User=0.00s Sys=0.00s Real=0.00s
[2025-04-17T11:37:35.972+0000][3055.802s][info][gc,start       ] GC(1974) Pause Young (Allocation Failure)
[2025-04-17T11:37:35.973+0000][3055.803s][info][gc,heap        ] GC(1974) DefNew: 9182K(10176K)->89K(10176K) Eden: 9088K(9088K)->0K(9088K) From: 94K(1088K)->89K(1088K)
[2025-04-17T11:37:35.973+0000][3055.803s][info][gc,heap        ] GC(1974) Tenured: 15514K(22468K)->15514K(22468K)
[2025-04-17T11:37:35.973+0000][3055.803s][info][gc,metaspace   ] GC(1974) Metaspace: 38446K(38784K)->38446K(38784K) NonClass: 33896K(34048K)->33896K(34048K) Class: 4549K(4736K)->4549K(4736K)
[2025-04-17T11:37:35.973+0000][3055.803s][info][gc             ] GC(1974) Pause Young (Allocation Failure) 24M->15M(31M) 1.446ms
[2025-04-17T11:37:35.973+0000][3055.803s][info][gc,cpu         ] GC(1974) User=0.00s Sys=0.00s Real=0.00s
[2025-04-17T11:37:37.403+0000][3057.233s][info][gc,start       ] GC(1975) Pause Young (Allocation Failure)
[2025-04-17T11:37:37.404+0000][3057.234s][info][gc,heap        ] GC(1975) DefNew: 9177K(10176K)->81K(10176K) Eden: 9088K(9088K)->0K(9088K) From: 89K(1088K)->81K(1088K)
[2025-04-17T11:37:37.404+0000][3057.234s][info][gc,heap        ] GC(1975) Tenured: 15514K(22468K)->15514K(22468K)
[2025-04-17T11:37:37.404+0000][3057.234s][info][gc,metaspace   ] GC(1975) Metaspace: 38446K(38784K)->38446K(38784K) NonClass: 33896K(34048K)->33896K(34048K) Class: 4549K(4736K)->4549K(4736K)
[2025-04-17T11:37:37.404+0000][3057.234s][info][gc             ] GC(1975) Pause Young (Allocation Failure) 24M->15M(31M) 1.379ms
[2025-04-17T11:37:37.404+0000][3057.234s][info][gc,cpu         ] GC(1975) User=0.00s Sys=0.00s Real=0.01s
[2025-04-17T11:37:38.884+0000][3058.714s][info][gc,start       ] GC(1976) Pause Young (Allocation Failure)
[2025-04-17T11:37:38.885+0000][3058.715s][info][gc,heap        ] GC(1976) DefNew: 9169K(10176K)->78K(10176K) Eden: 9088K(9088K)->0K(9088K) From: 81K(1088K)->78K(1088K)
[2025-04-17T11:37:38.885+0000][3058.715s][info][gc,heap        ] GC(1976) Tenured: 15514K(22468K)->15515K(22468K)
[2025-04-17T11:37:38.885+0000][3058.715s][info][gc,metaspace   ] GC(1976) Metaspace: 38446K(38784K)->38446K(38784K) NonClass: 33896K(34048K)->33896K(34048K) Class: 4549K(4736K)->4549K(4736K)
[2025-04-17T11:37:38.885+0000][3058.715s][info][gc             ] GC(1976) Pause Young (Allocation Failure) 24M->15M(31M) 1.400ms
[2025-04-17T11:37:38.885+0000][3058.715s][info][gc,cpu         ] GC(1976) User=0.00s Sys=0.00s Real=0.01s
[2025-04-17T11:37:40.368+0000][3060.198s][info][gc,start       ] GC(1977) Pause Young (Allocation Failure)
[2025-04-17T11:37:40.369+0000][3060.200s][info][gc,heap        ] GC(1977) DefNew: 9166K(10176K)->94K(10176K) Eden: 9088K(9088K)->0K(9088K) From: 78K(1088K)->94K(1088K)
[2025-04-17T11:37:40.369+0000][3060.200s][info][gc,heap        ] GC(1977) Tenured: 15515K(22468K)->15515K(22468K)
[2025-04-17T11:37:40.369+0000][3060.200s][info][gc,metaspace   ] GC(1977) Metaspace: 38446K(38784K)->38446K(38784K) NonClass: 33896K(34048K)->33896K(34048K) Class: 4549K(4736K)->4549K(4736K)
[2025-04-17T11:37:40.369+0000][3060.200s][info][gc             ] GC(1977) Pause Young (Allocation Failure) 24M->15M(31M) 1.310ms
[2025-04-17T11:37:40.369+0000][3060.200s][info][gc,cpu         ] GC(1977) User=0.00s Sys=0.00s Real=0.00s
[2025-04-17T11:37:42.075+0000][3061.905s][info][gc,start       ] GC(1978) Pause Young (Allocation Failure)
[2025-04-17T11:37:42.076+0000][3061.906s][info][gc,heap        ] GC(1978) DefNew: 9182K(10176K)->84K(10176K) Eden: 9088K(9088K)->0K(9088K) From: 94K(1088K)->84K(1088K)
[2025-04-17T11:37:42.076+0000][3061.906s][info][gc,heap        ] GC(1978) Tenured: 15515K(22468K)->15516K(22468K)
[2025-04-17T11:37:42.076+0000][3061.906s][info][gc,metaspace   ] GC(1978) Metaspace: 38446K(38784K)->38446K(38784K) NonClass: 33896K(34048K)->33896K(34048K) Class: 4549K(4736K)->4549K(4736K)
[2025-04-17T11:37:42.076+0000][3061.906s][info][gc             ] GC(1978) Pause Young (Allocation Failure) 24M->15M(31M) 1.326ms
[2025-04-17T11:37:42.076+0000][3061.906s][info][gc,cpu         ] GC(1978) User=0.00s Sys=0.00s Real=0.00s
[2025-04-17T11:37:43.688+0000][3063.518s][info][gc,start       ] GC(1979) Pause Young (Allocation Failure)
[2025-04-17T11:37:43.689+0000][3063.519s][info][gc,heap        ] GC(1979) DefNew: 9172K(10176K)->80K(10176K) Eden: 9088K(9088K)->0K(9088K) From: 84K(1088K)->80K(1088K)
[2025-04-17T11:37:43.689+0000][3063.519s][info][gc,heap        ] GC(1979) Tenured: 15516K(22468K)->15516K(22468K)
[2025-04-17T11:37:43.689+0000][3063.519s][info][gc,metaspace   ] GC(1979) Metaspace: 38446K(38784K)->38446K(38784K) NonClass: 33896K(34048K)->33896K(34048K) Class: 4549K(4736K)->4549K(4736K)
[2025-04-17T11:37:43.689+0000][3063.519s][info][gc             ] GC(1979) Pause Young (Allocation Failure) 24M->15M(31M) 1.278ms
[2025-04-17T11:37:43.689+0000][3063.519s][info][gc,cpu         ] GC(1979) User=0.00s Sys=0.00s Real=0.00s
[2025-04-17T11:37:45.185+0000][3065.015s][info][gc,start       ] GC(1980) Pause Young (Allocation Failure)
[2025-04-17T11:37:45.186+0000][3065.016s][info][gc,heap        ] GC(1980) DefNew: 9168K(10176K)->82K(10176K) Eden: 9088K(9088K)->0K(9088K) From: 80K(1088K)->82K(1088K)
[2025-04-17T11:37:45.186+0000][3065.016s][info][gc,heap        ] GC(1980) Tenured: 15516K(22468K)->15516K(22468K)
[2025-04-17T11:37:45.186+0000][3065.016s][info][gc,metaspace   ] GC(1980) Metaspace: 38446K(38784K)->38446K(38784K) NonClass: 33896K(34048K)->33896K(34048K) Class: 4549K(4736K)->4549K(4736K)
[2025-04-17T11:37:45.186+0000][3065.016s][info][gc             ] GC(1980) Pause Young (Allocation Failure) 24M->15M(31M) 1.316ms
[2025-04-17T11:37:45.186+0000][3065.016s][info][gc,cpu         ] GC(1980) User=0.00s Sys=0.00s Real=0.00s
[2025-04-17T11:37:46.764+0000][3066.594s][info][gc,start       ] GC(1981) Pause Young (Allocation Failure)
[2025-04-17T11:37:46.765+0000][3066.596s][info][gc,heap        ] GC(1981) DefNew: 9170K(10176K)->91K(10176K) Eden: 9088K(9088K)->0K(9088K) From: 82K(1088K)->91K(1088K)
[2025-04-17T11:37:46.765+0000][3066.596s][info][gc,heap        ] GC(1981) Tenured: 15516K(22468K)->15517K(22468K)
[2025-04-17T11:37:46.765+0000][3066.596s][info][gc,metaspace   ] GC(1981) Metaspace: 38446K(38784K)->38446K(38784K) NonClass: 33896K(34048K)->33896K(34048K) Class: 4549K(4736K)->4549K(4736K)
[2025-04-17T11:37:46.765+0000][3066.596s][info][gc             ] GC(1981) Pause Young (Allocation Failure) 24M->15M(31M) 1.391ms
[2025-04-17T11:37:46.765+0000][3066.596s][info][gc,cpu         ] GC(1981) User=0.00s Sys=0.00s Real=0.00s
[2025-04-17T11:37:48.346+0000][3068.176s][info][gc,start       ] GC(1982) Pause Young (Allocation Failure)
[2025-04-17T11:37:48.347+0000][3068.177s][info][gc,heap        ] GC(1982) DefNew: 9179K(10176K)->71K(10176K) Eden: 9088K(9088K)->0K(9088K) From: 91K(1088K)->71K(1088K)
[2025-04-17T11:37:48.347+0000][3068.177s][info][gc,heap        ] GC(1982) Tenured: 15517K(22468K)->15520K(22468K)
[2025-04-17T11:37:48.347+0000][3068.177s][info][gc,metaspace   ] GC(1982) Metaspace: 38446K(38784K)->38446K(38784K) NonClass: 33896K(34048K)->33896K(34048K) Class: 4549K(4736K)->4549K(4736K)
[2025-04-17T11:37:48.347+0000][3068.177s][info][gc             ] GC(1982) Pause Young (Allocation Failure) 24M->15M(31M) 1.349ms
[2025-04-17T11:37:48.347+0000][3068.177s][info][gc,cpu         ] GC(1982) User=0.00s Sys=0.00s Real=0.00s
[2025-04-17T11:37:50.142+0000][3069.972s][info][gc,start       ] GC(1983) Pause Young (Allocation Failure)
[2025-04-17T11:37:50.143+0000][3069.973s][info][gc,heap        ] GC(1983) DefNew: 9146K(10176K)->76K(10176K) Eden: 9074K(9088K)->0K(9088K) From: 71K(1088K)->76K(1088K)
[2025-04-17T11:37:50.143+0000][3069.973s][info][gc,heap        ] GC(1983) Tenured: 15520K(22468K)->15520K(22468K)
[2025-04-17T11:37:50.143+0000][3069.973s][info][gc,metaspace   ] GC(1983) Metaspace: 38446K(38784K)->38446K(38784K) NonClass: 33896K(34048K)->33896K(34048K) Class: 4549K(4736K)->4549K(4736K)
[2025-04-17T11:37:50.143+0000][3069.973s][info][gc             ] GC(1983) Pause Young (Allocation Failure) 24M->15M(31M) 1.381ms
[2025-04-17T11:37:50.143+0000][3069.973s][info][gc,cpu         ] GC(1983) User=0.00s Sys=0.00s Real=0.00s
[2025-04-17T11:37:51.606+0000][3071.436s][info][gc,start       ] GC(1984) Pause Young (Allocation Failure)
[2025-04-17T11:37:51.607+0000][3071.437s][info][gc,heap        ] GC(1984) DefNew: 9164K(10176K)->73K(10176K) Eden: 9088K(9088K)->0K(9088K) From: 76K(1088K)->73K(1088K)
[2025-04-17T11:37:51.607+0000][3071.437s][info][gc,heap        ] GC(1984) Tenured: 15520K(22468K)->15520K(22468K)
[2025-04-17T11:37:51.607+0000][3071.437s][info][gc,metaspace   ] GC(1984) Metaspace: 38446K(38784K)->38446K(38784K) NonClass: 33896K(34048K)->33896K(34048K) Class: 4549K(4736K)->4549K(4736K)
[2025-04-17T11:37:51.607+0000][3071.437s][info][gc             ] GC(1984) Pause Young (Allocation Failure) 24M->15M(31M) 1.339ms
[2025-04-17T11:37:51.607+0000][3071.437s][info][gc,cpu         ] GC(1984) User=0.00s Sys=0.00s Real=0.00s
[2025-04-17T11:37:53.230+0000][3073.060s][info][gc,start       ] GC(1985) Pause Young (Allocation Failure)
[2025-04-17T11:37:53.231+0000][3073.061s][info][gc,heap        ] GC(1985) DefNew: 9161K(10176K)->88K(10176K) Eden: 9088K(9088K)->0K(9088K) From: 73K(1088K)->88K(1088K)
[2025-04-17T11:37:53.231+0000][3073.061s][info][gc,heap        ] GC(1985) Tenured: 15520K(22468K)->15520K(22468K)
[2025-04-17T11:37:53.231+0000][3073.061s][info][gc,metaspace   ] GC(1985) Metaspace: 38446K(38784K)->38446K(38784K) NonClass: 33896K(34048K)->33896K(34048K) Class: 4549K(4736K)->4549K(4736K)
[2025-04-17T11:37:53.231+0000][3073.062s][info][gc             ] GC(1985) Pause Young (Allocation Failure) 24M->15M(31M) 1.258ms
[2025-04-17T11:37:53.231+0000][3073.062s][info][gc,cpu         ] GC(1985) User=0.00s Sys=0.00s Real=0.00s
[2025-04-17T11:37:54.796+0000][3074.626s][info][gc,start       ] GC(1986) Pause Young (Allocation Failure)
[2025-04-17T11:37:54.797+0000][3074.627s][info][gc,heap        ] GC(1986) DefNew: 9176K(10176K)->76K(10176K) Eden: 9088K(9088K)->0K(9088K) From: 88K(1088K)->76K(1088K)
[2025-04-17T11:37:54.797+0000][3074.627s][info][gc,heap        ] GC(1986) Tenured: 15520K(22468K)->15520K(22468K)
[2025-04-17T11:37:54.797+0000][3074.627s][info][gc,metaspace   ] GC(1986) Metaspace: 38446K(38784K)->38446K(38784K) NonClass: 33896K(34048K)->33896K(34048K) Class: 4549K(4736K)->4549K(4736K)
[2025-04-17T11:37:54.797+0000][3074.627s][info][gc             ] GC(1986) Pause Young (Allocation Failure) 24M->15M(31M) 1.182ms
[2025-04-17T11:37:54.797+0000][3074.627s][info][gc,cpu         ] GC(1986) User=0.00s Sys=0.00s Real=0.00s
[2025-04-17T11:37:56.281+0000][3076.111s][info][gc,start       ] GC(1987) Pause Young (Allocation Failure)
[2025-04-17T11:37:56.282+0000][3076.112s][info][gc,heap        ] GC(1987) DefNew: 9164K(10176K)->73K(10176K) Eden: 9088K(9088K)->0K(9088K) From: 76K(1088K)->73K(1088K)
[2025-04-17T11:37:56.282+0000][3076.112s][info][gc,heap        ] GC(1987) Tenured: 15520K(22468K)->15520K(22468K)
[2025-04-17T11:37:56.282+0000][3076.112s][info][gc,metaspace   ] GC(1987) Metaspace: 38446K(38784K)->38446K(38784K) NonClass: 33896K(34048K)->33896K(34048K) Class: 4549K(4736K)->4549K(4736K)
[2025-04-17T11:37:56.282+0000][3076.112s][info][gc             ] GC(1987) Pause Young (Allocation Failure) 24M->15M(31M) 1.287ms
[2025-04-17T11:37:56.282+0000][3076.113s][info][gc,cpu         ] GC(1987) User=0.00s Sys=0.00s Real=0.00s
[2025-04-17T11:37:57.832+0000][3077.662s][info][gc,start       ] GC(1988) Pause Young (Allocation Failure)
[2025-04-17T11:37:57.833+0000][3077.663s][info][gc,heap        ] GC(1988) DefNew: 9161K(10176K)->81K(10176K) Eden: 9088K(9088K)->0K(9088K) From: 73K(1088K)->81K(1088K)
[2025-04-17T11:37:57.833+0000][3077.663s][info][gc,heap        ] GC(1988) Tenured: 15520K(22468K)->15520K(22468K)
[2025-04-17T11:37:57.833+0000][3077.663s][info][gc,metaspace   ] GC(1988) Metaspace: 38446K(38784K)->38446K(38784K) NonClass: 33896K(34048K)->33896K(34048K) Class: 4549K(4736K)->4549K(4736K)
[2025-04-17T11:37:57.833+0000][3077.663s][info][gc             ] GC(1988) Pause Young (Allocation Failure) 24M->15M(31M) 1.274ms
[2025-04-17T11:37:57.833+0000][3077.663s][info][gc,cpu         ] GC(1988) User=0.00s Sys=0.00s Real=0.00s
[2025-04-17T11:37:59.396+0000][3079.226s][info][gc,start       ] GC(1989) Pause Young (Allocation Failure)
[2025-04-17T11:37:59.397+0000][3079.227s][info][gc,heap        ] GC(1989) DefNew: 9169K(10176K)->89K(10176K) Eden: 9088K(9088K)->0K(9088K) From: 81K(1088K)->89K(1088K)
[2025-04-17T11:37:59.397+0000][3079.227s][info][gc,heap        ] GC(1989) Tenured: 15520K(22468K)->15520K(22468K)
[2025-04-17T11:37:59.397+0000][3079.227s][info][gc,metaspace   ] GC(1989) Metaspace: 38446K(38784K)->38446K(38784K) NonClass: 33896K(34048K)->33896K(34048K) Class: 4549K(4736K)->4549K(4736K)
[2025-04-17T11:37:59.397+0000][3079.227s][info][gc             ] GC(1989) Pause Young (Allocation Failure) 24M->15M(31M) 1.268ms
[2025-04-17T11:37:59.397+0000][3079.227s][info][gc,cpu         ] GC(1989) User=0.00s Sys=0.00s Real=0.00s
[2025-04-17T11:38:01.248+0000][3081.078s][info][gc,start       ] GC(1990) Pause Young (Allocation Failure)
[2025-04-17T11:38:01.249+0000][3081.079s][info][gc,heap        ] GC(1990) DefNew: 9177K(10176K)->79K(10176K) Eden: 9088K(9088K)->0K(9088K) From: 89K(1088K)->79K(1088K)
[2025-04-17T11:38:01.249+0000][3081.079s][info][gc,heap        ] GC(1990) Tenured: 15520K(22468K)->15520K(22468K)
[2025-04-17T11:38:01.249+0000][3081.079s][info][gc,metaspace   ] GC(1990) Metaspace: 38446K(38784K)->38446K(38784K) NonClass: 33896K(34048K)->33896K(34048K) Class: 4549K(4736K)->4549K(4736K)
[2025-04-17T11:38:01.249+0000][3081.079s][info][gc             ] GC(1990) Pause Young (Allocation Failure) 24M->15M(31M) 1.348ms
[2025-04-17T11:38:01.249+0000][3081.079s][info][gc,cpu         ] GC(1990) User=0.01s Sys=0.00s Real=0.00s
[2025-04-17T11:38:02.575+0000][3082.405s][info][gc,start       ] GC(1991) Pause Young (Allocation Failure)
[2025-04-17T11:38:02.576+0000][3082.407s][info][gc,heap        ] GC(1991) DefNew: 9167K(10176K)->72K(10176K) Eden: 9088K(9088K)->0K(9088K) From: 79K(1088K)->72K(1088K)
[2025-04-17T11:38:02.576+0000][3082.407s][info][gc,heap        ] GC(1991) Tenured: 15520K(22468K)->15521K(22468K)
[2025-04-17T11:38:02.576+0000][3082.407s][info][gc,metaspace   ] GC(1991) Metaspace: 38446K(38784K)->38446K(38784K) NonClass: 33896K(34048K)->33896K(34048K) Class: 4549K(4736K)->4549K(4736K)
[2025-04-17T11:38:02.577+0000][3082.407s][info][gc             ] GC(1991) Pause Young (Allocation Failure) 24M->15M(31M) 1.331ms
[2025-04-17T11:38:02.577+0000][3082.407s][info][gc,cpu         ] GC(1991) User=0.00s Sys=0.00s Real=0.00s
[2025-04-17T11:38:04.162+0000][3083.992s][info][gc,start       ] GC(1992) Pause Young (Allocation Failure)
[2025-04-17T11:38:04.163+0000][3083.993s][info][gc,heap        ] GC(1992) DefNew: 9160K(10176K)->93K(10176K) Eden: 9088K(9088K)->0K(9088K) From: 72K(1088K)->93K(1088K)
[2025-04-17T11:38:04.163+0000][3083.993s][info][gc,heap        ] GC(1992) Tenured: 15521K(22468K)->15521K(22468K)
[2025-04-17T11:38:04.163+0000][3083.993s][info][gc,metaspace   ] GC(1992) Metaspace: 38446K(38784K)->38446K(38784K) NonClass: 33896K(34048K)->33896K(34048K) Class: 4549K(4736K)->4549K(4736K)
[2025-04-17T11:38:04.163+0000][3083.993s][info][gc             ] GC(1992) Pause Young (Allocation Failure) 24M->15M(31M) 1.303ms
[2025-04-17T11:38:04.163+0000][3083.993s][info][gc,cpu         ] GC(1992) User=0.00s Sys=0.00s Real=0.00s
[2025-04-17T11:38:05.821+0000][3085.651s][info][gc,start       ] GC(1993) Pause Young (Allocation Failure)
[2025-04-17T11:38:05.822+0000][3085.652s][info][gc,heap        ] GC(1993) DefNew: 9181K(10176K)->81K(10176K) Eden: 9088K(9088K)->0K(9088K) From: 93K(1088K)->81K(1088K)
[2025-04-17T11:38:05.822+0000][3085.652s][info][gc,heap        ] GC(1993) Tenured: 15521K(22468K)->15521K(22468K)
[2025-04-17T11:38:05.822+0000][3085.652s][info][gc,metaspace   ] GC(1993) Metaspace: 38446K(38784K)->38446K(38784K) NonClass: 33896K(34048K)->33896K(34048K) Class: 4549K(4736K)->4549K(4736K)
[2025-04-17T11:38:05.822+0000][3085.652s][info][gc             ] GC(1993) Pause Young (Allocation Failure) 24M->15M(31M) 1.183ms
[2025-04-17T11:38:05.822+0000][3085.652s][info][gc,cpu         ] GC(1993) User=0.00s Sys=0.00s Real=0.00s
[2025-04-17T11:38:07.267+0000][3087.097s][info][gc,start       ] GC(1994) Pause Young (Allocation Failure)
[2025-04-17T11:38:07.269+0000][3087.099s][info][gc,heap        ] GC(1994) DefNew: 9169K(10176K)->72K(10176K) Eden: 9088K(9088K)->0K(9088K) From: 81K(1088K)->72K(1088K)
[2025-04-17T11:38:07.269+0000][3087.099s][info][gc,heap        ] GC(1994) Tenured: 15521K(22468K)->15521K(22468K)
[2025-04-17T11:38:07.269+0000][3087.099s][info][gc,metaspace   ] GC(1994) Metaspace: 38446K(38784K)->38446K(38784K) NonClass: 33896K(34048K)->33896K(34048K) Class: 4549K(4736K)->4549K(4736K)
[2025-04-17T11:38:07.269+0000][3087.099s][info][gc             ] GC(1994) Pause Young (Allocation Failure) 24M->15M(31M) 1.288ms
[2025-04-17T11:38:07.269+0000][3087.099s][info][gc,cpu         ] GC(1994) User=0.00s Sys=0.00s Real=0.00s
[2025-04-17T11:38:08.837+0000][3088.667s][info][gc,start       ] GC(1995) Pause Young (Allocation Failure)
[2025-04-17T11:38:08.838+0000][3088.668s][info][gc,heap        ] GC(1995) DefNew: 9160K(10176K)->79K(10176K) Eden: 9088K(9088K)->0K(9088K) From: 72K(1088K)->79K(1088K)
[2025-04-17T11:38:08.838+0000][3088.668s][info][gc,heap        ] GC(1995) Tenured: 15521K(22468K)->15521K(22468K)
[2025-04-17T11:38:08.838+0000][3088.668s][info][gc,metaspace   ] GC(1995) Metaspace: 38446K(38784K)->38446K(38784K) NonClass: 33896K(34048K)->33896K(34048K) Class: 4549K(4736K)->4549K(4736K)
[2025-04-17T11:38:08.838+0000][3088.668s][info][gc             ] GC(1995) Pause Young (Allocation Failure) 24M->15M(31M) 1.309ms
[2025-04-17T11:38:08.838+0000][3088.668s][info][gc,cpu         ] GC(1995) User=0.00s Sys=0.00s Real=0.00s
[2025-04-17T11:38:10.323+0000][3090.153s][info][gc,start       ] GC(1996) Pause Young (Allocation Failure)
[2025-04-17T11:38:10.324+0000][3090.154s][info][gc,heap        ] GC(1996) DefNew: 9167K(10176K)->88K(10176K) Eden: 9087K(9088K)->0K(9088K) From: 79K(1088K)->88K(1088K)
[2025-04-17T11:38:10.324+0000][3090.154s][info][gc,heap        ] GC(1996) Tenured: 15521K(22468K)->15521K(22468K)
[2025-04-17T11:38:10.324+0000][3090.154s][info][gc,metaspace   ] GC(1996) Metaspace: 38446K(38784K)->38446K(38784K) NonClass: 33896K(34048K)->33896K(34048K) Class: 4549K(4736K)->4549K(4736K)
[2025-04-17T11:38:10.324+0000][3090.154s][info][gc             ] GC(1996) Pause Young (Allocation Failure) 24M->15M(31M) 1.276ms
[2025-04-17T11:38:10.324+0000][3090.154s][info][gc,cpu         ] GC(1996) User=0.00s Sys=0.00s Real=0.00s
[2025-04-17T11:38:12.160+0000][3091.991s][info][gc,start       ] GC(1997) Pause Young (Allocation Failure)
[2025-04-17T11:38:12.162+0000][3091.992s][info][gc,heap        ] GC(1997) DefNew: 9175K(10176K)->70K(10176K) Eden: 9087K(9088K)->0K(9088K) From: 88K(1088K)->70K(1088K)
[2025-04-17T11:38:12.162+0000][3091.992s][info][gc,heap        ] GC(1997) Tenured: 15521K(22468K)->15521K(22468K)
[2025-04-17T11:38:12.162+0000][3091.992s][info][gc,metaspace   ] GC(1997) Metaspace: 38446K(38784K)->38446K(38784K) NonClass: 33896K(34048K)->33896K(34048K) Class: 4549K(4736K)->4549K(4736K)
[2025-04-17T11:38:12.162+0000][3091.992s][info][gc             ] GC(1997) Pause Young (Allocation Failure) 24M->15M(31M) 1.296ms
[2025-04-17T11:38:12.162+0000][3091.992s][info][gc,cpu         ] GC(1997) User=0.00s Sys=0.00s Real=0.00s
[2025-04-17T11:38:13.564+0000][3093.394s][info][gc,start       ] GC(1998) Pause Young (Allocation Failure)
[2025-04-17T11:38:13.565+0000][3093.395s][info][gc,heap        ] GC(1998) DefNew: 9151K(10176K)->91K(10176K) Eden: 9080K(9088K)->0K(9088K) From: 70K(1088K)->91K(1088K)
[2025-04-17T11:38:13.565+0000][3093.395s][info][gc,heap        ] GC(1998) Tenured: 15521K(22468K)->15521K(22468K)
[2025-04-17T11:38:13.565+0000][3093.395s][info][gc,metaspace   ] GC(1998) Metaspace: 38446K(38784K)->38446K(38784K) NonClass: 33896K(34048K)->33896K(34048K) Class: 4549K(4736K)->4549K(4736K)
[2025-04-17T11:38:13.565+0000][3093.395s][info][gc             ] GC(1998) Pause Young (Allocation Failure) 24M->15M(31M) 1.279ms
[2025-04-17T11:38:13.565+0000][3093.395s][info][gc,cpu         ] GC(1998) User=0.00s Sys=0.00s Real=0.01s
[2025-04-17T11:38:15.420+0000][3095.250s][info][gc,start       ] GC(1999) Pause Young (Allocation Failure)
[2025-04-17T11:38:15.421+0000][3095.251s][info][gc,heap        ] GC(1999) DefNew: 9179K(10176K)->73K(10176K) Eden: 9088K(9088K)->0K(9088K) From: 91K(1088K)->73K(1088K)
[2025-04-17T11:38:15.421+0000][3095.251s][info][gc,heap        ] GC(1999) Tenured: 15521K(22468K)->15521K(22468K)
[2025-04-17T11:38:15.421+0000][3095.251s][info][gc,metaspace   ] GC(1999) Metaspace: 38446K(38784K)->38446K(38784K) NonClass: 33896K(34048K)->33896K(34048K) Class: 4549K(4736K)->4549K(4736K)
[2025-04-17T11:38:15.421+0000][3095.251s][info][gc             ] GC(1999) Pause Young (Allocation Failure) 24M->15M(31M) 1.283ms
[2025-04-17T11:38:15.421+0000][3095.251s][info][gc,cpu         ] GC(1999) User=0.00s Sys=0.00s Real=0.00s
[2025-04-17T11:38:16.848+0000][3096.678s][info][gc,start       ] GC(2000) Pause Young (Allocation Failure)
[2025-04-17T11:38:16.849+0000][3096.679s][info][gc,heap        ] GC(2000) DefNew: 9161K(10176K)->88K(10176K) Eden: 9088K(9088K)->0K(9088K) From: 73K(1088K)->88K(1088K)
[2025-04-17T11:38:16.849+0000][3096.679s][info][gc,heap        ] GC(2000) Tenured: 15521K(22468K)->15521K(22468K)
[2025-04-17T11:38:16.849+0000][3096.679s][info][gc,metaspace   ] GC(2000) Metaspace: 38446K(38784K)->38446K(38784K) NonClass: 33896K(34048K)->33896K(34048K) Class: 4549K(4736K)->4549K(4736K)
[2025-04-17T11:38:16.849+0000][3096.679s][info][gc             ] GC(2000) Pause Young (Allocation Failure) 24M->15M(31M) 1.302ms
[2025-04-17T11:38:16.849+0000][3096.679s][info][gc,cpu         ] GC(2000) User=0.00s Sys=0.00s Real=0.00s
[2025-04-17T11:38:18.467+0000][3098.297s][info][gc,start       ] GC(2001) Pause Young (Allocation Failure)
[2025-04-17T11:38:18.469+0000][3098.299s][info][gc,heap        ] GC(2001) DefNew: 9176K(10176K)->71K(10176K) Eden: 9088K(9088K)->0K(9088K) From: 88K(1088K)->71K(1088K)
[2025-04-17T11:38:18.469+0000][3098.299s][info][gc,heap        ] GC(2001) Tenured: 15521K(22468K)->15521K(22468K)
[2025-04-17T11:38:18.469+0000][3098.299s][info][gc,metaspace   ] GC(2001) Metaspace: 38446K(38784K)->38446K(38784K) NonClass: 33896K(34048K)->33896K(34048K) Class: 4549K(4736K)->4549K(4736K)
[2025-04-17T11:38:18.469+0000][3098.299s][info][gc             ] GC(2001) Pause Young (Allocation Failure) 24M->15M(31M) 1.255ms
[2025-04-17T11:38:18.469+0000][3098.299s][info][gc,cpu         ] GC(2001) User=0.00s Sys=0.00s Real=0.00s
[2025-04-17T11:38:20.092+0000][3099.923s][info][gc,start       ] GC(2002) Pause Young (Allocation Failure)
[2025-04-17T11:38:20.094+0000][3099.924s][info][gc,heap        ] GC(2002) DefNew: 9159K(10176K)->72K(10176K) Eden: 9087K(9088K)->0K(9088K) From: 71K(1088K)->72K(1088K)
[2025-04-17T11:38:20.094+0000][3099.924s][info][gc,heap        ] GC(2002) Tenured: 15521K(22468K)->15521K(22468K)
[2025-04-17T11:38:20.094+0000][3099.924s][info][gc,metaspace   ] GC(2002) Metaspace: 38446K(38784K)->38446K(38784K) NonClass: 33896K(34048K)->33896K(34048K) Class: 4549K(4736K)->4549K(4736K)
[2025-04-17T11:38:20.094+0000][3099.924s][info][gc             ] GC(2002) Pause Young (Allocation Failure) 24M->15M(31M) 1.267ms
[2025-04-17T11:38:20.094+0000][3099.924s][info][gc,cpu         ] GC(2002) User=0.00s Sys=0.00s Real=0.00s
[2025-04-17T11:38:21.444+0000][3101.274s][info][gc,start       ] GC(2003) Pause Young (Allocation Failure)
[2025-04-17T11:38:21.445+0000][3101.275s][info][gc,heap        ] GC(2003) DefNew: 9160K(10176K)->75K(10176K) Eden: 9088K(9088K)->0K(9088K) From: 72K(1088K)->75K(1088K)
[2025-04-17T11:38:21.445+0000][3101.275s][info][gc,heap        ] GC(2003) Tenured: 15521K(22468K)->15521K(22468K)
[2025-04-17T11:38:21.445+0000][3101.275s][info][gc,metaspace   ] GC(2003) Metaspace: 38446K(38784K)->38446K(38784K) NonClass: 33896K(34048K)->33896K(34048K) Class: 4549K(4736K)->4549K(4736K)
[2025-04-17T11:38:21.445+0000][3101.275s][info][gc             ] GC(2003) Pause Young (Allocation Failure) 24M->15M(31M) 1.448ms
[2025-04-17T11:38:21.445+0000][3101.275s][info][gc,cpu         ] GC(2003) User=0.01s Sys=0.00s Real=0.01s
[2025-04-17T11:38:23.232+0000][3103.062s][info][gc,start       ] GC(2004) Pause Young (Allocation Failure)
[2025-04-17T11:38:23.233+0000][3103.063s][info][gc,heap        ] GC(2004) DefNew: 9157K(10176K)->80K(10176K) Eden: 9081K(9088K)->0K(9088K) From: 75K(1088K)->80K(1088K)
[2025-04-17T11:38:23.233+0000][3103.063s][info][gc,heap        ] GC(2004) Tenured: 15521K(22468K)->15521K(22468K)
[2025-04-17T11:38:23.233+0000][3103.063s][info][gc,metaspace   ] GC(2004) Metaspace: 38446K(38784K)->38446K(38784K) NonClass: 33896K(34048K)->33896K(34048K) Class: 4549K(4736K)->4549K(4736K)
[2025-04-17T11:38:23.233+0000][3103.063s][info][gc             ] GC(2004) Pause Young (Allocation Failure) 24M->15M(31M) 1.231ms
[2025-04-17T11:38:23.233+0000][3103.063s][info][gc,cpu         ] GC(2004) User=0.00s Sys=0.00s Real=0.00s
[2025-04-17T11:38:24.755+0000][3104.586s][info][gc,start       ] GC(2005) Pause Young (Allocation Failure)
[2025-04-17T11:38:24.757+0000][3104.587s][info][gc,heap        ] GC(2005) DefNew: 9168K(10176K)->76K(10176K) Eden: 9088K(9088K)->0K(9088K) From: 80K(1088K)->76K(1088K)
[2025-04-17T11:38:24.757+0000][3104.587s][info][gc,heap        ] GC(2005) Tenured: 15521K(22468K)->15521K(22468K)
[2025-04-17T11:38:24.757+0000][3104.587s][info][gc,metaspace   ] GC(2005) Metaspace: 38446K(38784K)->38446K(38784K) NonClass: 33896K(34048K)->33896K(34048K) Class: 4549K(4736K)->4549K(4736K)
[2025-04-17T11:38:24.757+0000][3104.587s][info][gc             ] GC(2005) Pause Young (Allocation Failure) 24M->15M(31M) 1.248ms
[2025-04-17T11:38:24.757+0000][3104.587s][info][gc,cpu         ] GC(2005) User=0.00s Sys=0.00s Real=0.00s
[2025-04-17T11:38:26.298+0000][3106.128s][info][gc,start       ] GC(2006) Pause Young (Allocation Failure)
[2025-04-17T11:38:26.299+0000][3106.129s][info][gc,heap        ] GC(2006) DefNew: 9164K(10176K)->75K(10176K) Eden: 9088K(9088K)->0K(9088K) From: 76K(1088K)->75K(1088K)
[2025-04-17T11:38:26.299+0000][3106.129s][info][gc,heap        ] GC(2006) Tenured: 15521K(22468K)->15521K(22468K)
[2025-04-17T11:38:26.299+0000][3106.129s][info][gc,metaspace   ] GC(2006) Metaspace: 38446K(38784K)->38446K(38784K) NonClass: 33896K(34048K)->33896K(34048K) Class: 4549K(4736K)->4549K(4736K)
[2025-04-17T11:38:26.299+0000][3106.129s][info][gc             ] GC(2006) Pause Young (Allocation Failure) 24M->15M(31M) 1.334ms
[2025-04-17T11:38:26.299+0000][3106.129s][info][gc,cpu         ] GC(2006) User=0.00s Sys=0.00s Real=0.00s
[2025-04-17T11:38:27.982+0000][3107.812s][info][gc,start       ] GC(2007) Pause Young (Allocation Failure)
[2025-04-17T11:38:27.983+0000][3107.813s][info][gc,heap        ] GC(2007) DefNew: 9163K(10176K)->88K(10176K) Eden: 9088K(9088K)->0K(9088K) From: 75K(1088K)->88K(1088K)
[2025-04-17T11:38:27.983+0000][3107.813s][info][gc,heap        ] GC(2007) Tenured: 15521K(22468K)->15521K(22468K)
[2025-04-17T11:38:27.983+0000][3107.813s][info][gc,metaspace   ] GC(2007) Metaspace: 38446K(38784K)->38446K(38784K) NonClass: 33896K(34048K)->33896K(34048K) Class: 4549K(4736K)->4549K(4736K)
[2025-04-17T11:38:27.983+0000][3107.813s][info][gc             ] GC(2007) Pause Young (Allocation Failure) 24M->15M(31M) 1.297ms
[2025-04-17T11:38:27.983+0000][3107.813s][info][gc,cpu         ] GC(2007) User=0.00s Sys=0.00s Real=0.00s
[2025-04-17T11:38:29.569+0000][3109.400s][info][gc,start       ] GC(2008) Pause Young (Allocation Failure)
[2025-04-17T11:38:29.571+0000][3109.401s][info][gc,heap        ] GC(2008) DefNew: 9176K(10176K)->81K(10176K) Eden: 9088K(9088K)->0K(9088K) From: 88K(1088K)->81K(1088K)
[2025-04-17T11:38:29.571+0000][3109.401s][info][gc,heap        ] GC(2008) Tenured: 15521K(22468K)->15521K(22468K)
[2025-04-17T11:38:29.571+0000][3109.401s][info][gc,metaspace   ] GC(2008) Metaspace: 38446K(38784K)->38446K(38784K) NonClass: 33896K(34048K)->33896K(34048K) Class: 4549K(4736K)->4549K(4736K)
[2025-04-17T11:38:29.571+0000][3109.401s][info][gc             ] GC(2008) Pause Young (Allocation Failure) 24M->15M(31M) 1.267ms
[2025-04-17T11:38:29.571+0000][3109.401s][info][gc,cpu         ] GC(2008) User=0.00s Sys=0.00s Real=0.00s
[2025-04-17T11:38:31.157+0000][3110.987s][info][gc,start       ] GC(2009) Pause Young (Allocation Failure)
[2025-04-17T11:38:31.158+0000][3110.988s][info][gc,heap        ] GC(2009) DefNew: 9169K(10176K)->76K(10176K) Eden: 9088K(9088K)->0K(9088K) From: 81K(1088K)->76K(1088K)
[2025-04-17T11:38:31.158+0000][3110.988s][info][gc,heap        ] GC(2009) Tenured: 15521K(22468K)->15521K(22468K)
[2025-04-17T11:38:31.158+0000][3110.988s][info][gc,metaspace   ] GC(2009) Metaspace: 38446K(38784K)->38446K(38784K) NonClass: 33896K(34048K)->33896K(34048K) Class: 4549K(4736K)->4549K(4736K)
[2025-04-17T11:38:31.158+0000][3110.988s][info][gc             ] GC(2009) Pause Young (Allocation Failure) 24M->15M(31M) 1.288ms
[2025-04-17T11:38:31.158+0000][3110.988s][info][gc,cpu         ] GC(2009) User=0.00s Sys=0.00s Real=0.00s
[2025-04-17T11:38:32.726+0000][3112.556s][info][gc,start       ] GC(2010) Pause Young (Allocation Failure)
[2025-04-17T11:38:32.727+0000][3112.557s][info][gc,heap        ] GC(2010) DefNew: 9164K(10176K)->78K(10176K) Eden: 9088K(9088K)->0K(9088K) From: 76K(1088K)->78K(1088K)
[2025-04-17T11:38:32.727+0000][3112.557s][info][gc,heap        ] GC(2010) Tenured: 15521K(22468K)->15521K(22468K)
[2025-04-17T11:38:32.727+0000][3112.557s][info][gc,metaspace   ] GC(2010) Metaspace: 38446K(38784K)->38446K(38784K) NonClass: 33896K(34048K)->33896K(34048K) Class: 4549K(4736K)->4549K(4736K)
[2025-04-17T11:38:32.727+0000][3112.557s][info][gc             ] GC(2010) Pause Young (Allocation Failure) 24M->15M(31M) 1.275ms
[2025-04-17T11:38:32.727+0000][3112.557s][info][gc,cpu         ] GC(2010) User=0.00s Sys=0.00s Real=0.00s
[2025-04-17T11:38:34.308+0000][3114.138s][info][gc,start       ] GC(2011) Pause Young (Allocation Failure)
[2025-04-17T11:38:34.309+0000][3114.140s][info][gc,heap        ] GC(2011) DefNew: 9166K(10176K)->89K(10176K) Eden: 9088K(9088K)->0K(9088K) From: 78K(1088K)->89K(1088K)
[2025-04-17T11:38:34.309+0000][3114.140s][info][gc,heap        ] GC(2011) Tenured: 15521K(22468K)->15521K(22468K)
[2025-04-17T11:38:34.309+0000][3114.140s][info][gc,metaspace   ] GC(2011) Metaspace: 38446K(38784K)->38446K(38784K) NonClass: 33896K(34048K)->33896K(34048K) Class: 4549K(4736K)->4549K(4736K)
[2025-04-17T11:38:34.310+0000][3114.140s][info][gc             ] GC(2011) Pause Young (Allocation Failure) 24M->15M(31M) 1.260ms
[2025-04-17T11:38:34.310+0000][3114.140s][info][gc,cpu         ] GC(2011) User=0.00s Sys=0.01s Real=0.00s
[2025-04-17T11:38:35.945+0000][3115.775s][info][gc,start       ] GC(2012) Pause Young (Allocation Failure)
[2025-04-17T11:38:35.946+0000][3115.777s][info][gc,heap        ] GC(2012) DefNew: 9164K(10176K)->76K(10176K) Eden: 9075K(9088K)->0K(9088K) From: 89K(1088K)->76K(1088K)
[2025-04-17T11:38:35.946+0000][3115.777s][info][gc,heap        ] GC(2012) Tenured: 15521K(22468K)->15521K(22468K)
[2025-04-17T11:38:35.946+0000][3115.777s][info][gc,metaspace   ] GC(2012) Metaspace: 38446K(38784K)->38446K(38784K) NonClass: 33896K(34048K)->33896K(34048K) Class: 4549K(4736K)->4549K(4736K)
[2025-04-17T11:38:35.946+0000][3115.777s][info][gc             ] GC(2012) Pause Young (Allocation Failure) 24M->15M(31M) 1.174ms
[2025-04-17T11:38:35.947+0000][3115.777s][info][gc,cpu         ] GC(2012) User=0.00s Sys=0.00s Real=0.00s
[2025-04-17T11:38:37.287+0000][3117.117s][info][gc,start       ] GC(2013) Pause Young (Allocation Failure)
[2025-04-17T11:38:37.288+0000][3117.119s][info][gc,heap        ] GC(2013) DefNew: 9164K(10176K)->75K(10176K) Eden: 9088K(9088K)->0K(9088K) From: 76K(1088K)->75K(1088K)
[2025-04-17T11:38:37.288+0000][3117.119s][info][gc,heap        ] GC(2013) Tenured: 15521K(22468K)->15521K(22468K)
[2025-04-17T11:38:37.288+0000][3117.119s][info][gc,metaspace   ] GC(2013) Metaspace: 38446K(38784K)->38446K(38784K) NonClass: 33896K(34048K)->33896K(34048K) Class: 4549K(4736K)->4549K(4736K)
[2025-04-17T11:38:37.288+0000][3117.119s][info][gc             ] GC(2013) Pause Young (Allocation Failure) 24M->15M(31M) 1.303ms
[2025-04-17T11:38:37.288+0000][3117.119s][info][gc,cpu         ] GC(2013) User=0.00s Sys=0.00s Real=0.00s
[2025-04-17T11:38:38.955+0000][3118.785s][info][gc,start       ] GC(2014) Pause Young (Allocation Failure)
[2025-04-17T11:38:38.956+0000][3118.786s][info][gc,heap        ] GC(2014) DefNew: 9163K(10176K)->78K(10176K) Eden: 9088K(9088K)->0K(9088K) From: 75K(1088K)->78K(1088K)
[2025-04-17T11:38:38.956+0000][3118.786s][info][gc,heap        ] GC(2014) Tenured: 15521K(22468K)->15521K(22468K)
[2025-04-17T11:38:38.956+0000][3118.786s][info][gc,metaspace   ] GC(2014) Metaspace: 38446K(38784K)->38446K(38784K) NonClass: 33896K(34048K)->33896K(34048K) Class: 4549K(4736K)->4549K(4736K)
[2025-04-17T11:38:38.956+0000][3118.786s][info][gc             ] GC(2014) Pause Young (Allocation Failure) 24M->15M(31M) 1.293ms
[2025-04-17T11:38:38.956+0000][3118.786s][info][gc,cpu         ] GC(2014) User=0.00s Sys=0.00s Real=0.00s
[2025-04-17T11:38:40.313+0000][3120.144s][info][gc,start       ] GC(2015) Pause Young (Allocation Failure)
[2025-04-17T11:38:40.315+0000][3120.145s][info][gc,heap        ] GC(2015) DefNew: 9166K(10176K)->90K(10176K) Eden: 9088K(9088K)->0K(9088K) From: 78K(1088K)->90K(1088K)
[2025-04-17T11:38:40.315+0000][3120.145s][info][gc,heap        ] GC(2015) Tenured: 15521K(22468K)->15521K(22468K)
[2025-04-17T11:38:40.315+0000][3120.145s][info][gc,metaspace   ] GC(2015) Metaspace: 38446K(38784K)->38446K(38784K) NonClass: 33896K(34048K)->33896K(34048K) Class: 4549K(4736K)->4549K(4736K)
[2025-04-17T11:38:40.315+0000][3120.145s][info][gc             ] GC(2015) Pause Young (Allocation Failure) 24M->15M(31M) 1.228ms
[2025-04-17T11:38:40.315+0000][3120.145s][info][gc,cpu         ] GC(2015) User=0.00s Sys=0.00s Real=0.01s
[2025-04-17T11:38:41.944+0000][3121.775s][info][gc,start       ] GC(2016) Pause Young (Allocation Failure)
[2025-04-17T11:38:41.945+0000][3121.776s][info][gc,heap        ] GC(2016) DefNew: 9178K(10176K)->72K(10176K) Eden: 9088K(9088K)->0K(9088K) From: 90K(1088K)->72K(1088K)
[2025-04-17T11:38:41.945+0000][3121.776s][info][gc,heap        ] GC(2016) Tenured: 15521K(22468K)->15521K(22468K)
[2025-04-17T11:38:41.945+0000][3121.776s][info][gc,metaspace   ] GC(2016) Metaspace: 38446K(38784K)->38446K(38784K) NonClass: 33896K(34048K)->33896K(34048K) Class: 4549K(4736K)->4549K(4736K)
[2025-04-17T11:38:41.945+0000][3121.776s][info][gc             ] GC(2016) Pause Young (Allocation Failure) 24M->15M(31M) 1.102ms
[2025-04-17T11:38:41.946+0000][3121.776s][info][gc,cpu         ] GC(2016) User=0.00s Sys=0.00s Real=0.00s
[2025-04-17T11:38:43.573+0000][3123.403s][info][gc,start       ] GC(2017) Pause Young (Allocation Failure)
[2025-04-17T11:38:43.574+0000][3123.404s][info][gc,heap        ] GC(2017) DefNew: 9160K(10176K)->77K(10176K) Eden: 9088K(9088K)->0K(9088K) From: 72K(1088K)->77K(1088K)
[2025-04-17T11:38:43.574+0000][3123.404s][info][gc,heap        ] GC(2017) Tenured: 15521K(22468K)->15521K(22468K)
[2025-04-17T11:38:43.574+0000][3123.404s][info][gc,metaspace   ] GC(2017) Metaspace: 38446K(38784K)->38446K(38784K) NonClass: 33896K(34048K)->33896K(34048K) Class: 4549K(4736K)->4549K(4736K)
[2025-04-17T11:38:43.574+0000][3123.404s][info][gc             ] GC(2017) Pause Young (Allocation Failure) 24M->15M(31M) 1.290ms
[2025-04-17T11:38:43.574+0000][3123.404s][info][gc,cpu         ] GC(2017) User=0.00s Sys=0.00s Real=0.01s
[2025-04-17T11:38:45.145+0000][3124.975s][info][gc,start       ] GC(2018) Pause Young (Allocation Failure)
[2025-04-17T11:38:45.146+0000][3124.976s][info][gc,heap        ] GC(2018) DefNew: 9165K(10176K)->82K(10176K) Eden: 9088K(9088K)->0K(9088K) From: 77K(1088K)->82K(1088K)
[2025-04-17T11:38:45.146+0000][3124.976s][info][gc,heap        ] GC(2018) Tenured: 15521K(22468K)->15522K(22468K)
[2025-04-17T11:38:45.146+0000][3124.976s][info][gc,metaspace   ] GC(2018) Metaspace: 38446K(38784K)->38446K(38784K) NonClass: 33896K(34048K)->33896K(34048K) Class: 4549K(4736K)->4549K(4736K)
[2025-04-17T11:38:45.146+0000][3124.976s][info][gc             ] GC(2018) Pause Young (Allocation Failure) 24M->15M(31M) 1.504ms
[2025-04-17T11:38:45.146+0000][3124.976s][info][gc,cpu         ] GC(2018) User=0.00s Sys=0.00s Real=0.00s
[2025-04-17T11:38:46.588+0000][3126.419s][info][gc,start       ] GC(2019) Pause Young (Allocation Failure)
[2025-04-17T11:38:46.590+0000][3126.420s][info][gc,heap        ] GC(2019) DefNew: 9170K(10176K)->89K(10176K) Eden: 9088K(9088K)->0K(9088K) From: 82K(1088K)->89K(1088K)
[2025-04-17T11:38:46.590+0000][3126.420s][info][gc,heap        ] GC(2019) Tenured: 15522K(22468K)->15522K(22468K)
[2025-04-17T11:38:46.590+0000][3126.420s][info][gc,metaspace   ] GC(2019) Metaspace: 38446K(38784K)->38446K(38784K) NonClass: 33896K(34048K)->33896K(34048K) Class: 4549K(4736K)->4549K(4736K)
[2025-04-17T11:38:46.590+0000][3126.420s][info][gc             ] GC(2019) Pause Young (Allocation Failure) 24M->15M(31M) 1.283ms
[2025-04-17T11:38:46.590+0000][3126.420s][info][gc,cpu         ] GC(2019) User=0.00s Sys=0.00s Real=0.00s
[2025-04-17T11:38:48.425+0000][3128.255s][info][gc,start       ] GC(2020) Pause Young (Allocation Failure)
[2025-04-17T11:38:48.426+0000][3128.256s][info][gc,heap        ] GC(2020) DefNew: 9176K(10176K)->82K(10176K) Eden: 9086K(9088K)->0K(9088K) From: 89K(1088K)->82K(1088K)
[2025-04-17T11:38:48.426+0000][3128.256s][info][gc,heap        ] GC(2020) Tenured: 15522K(22468K)->15522K(22468K)
[2025-04-17T11:38:48.426+0000][3128.256s][info][gc,metaspace   ] GC(2020) Metaspace: 38446K(38784K)->38446K(38784K) NonClass: 33896K(34048K)->33896K(34048K) Class: 4549K(4736K)->4549K(4736K)
[2025-04-17T11:38:48.426+0000][3128.256s][info][gc             ] GC(2020) Pause Young (Allocation Failure) 24M->15M(31M) 1.262ms
[2025-04-17T11:38:48.426+0000][3128.256s][info][gc,cpu         ] GC(2020) User=0.00s Sys=0.00s Real=0.00s
[2025-04-17T11:38:49.983+0000][3129.813s][info][gc,start       ] GC(2021) Pause Young (Allocation Failure)
[2025-04-17T11:38:49.984+0000][3129.814s][info][gc,heap        ] GC(2021) DefNew: 9159K(10176K)->77K(10176K) Eden: 9077K(9088K)->0K(9088K) From: 82K(1088K)->77K(1088K)
[2025-04-17T11:38:49.984+0000][3129.814s][info][gc,heap        ] GC(2021) Tenured: 15522K(22468K)->15522K(22468K)
[2025-04-17T11:38:49.984+0000][3129.814s][info][gc,metaspace   ] GC(2021) Metaspace: 38446K(38784K)->38446K(38784K) NonClass: 33896K(34048K)->33896K(34048K) Class: 4549K(4736K)->4549K(4736K)
[2025-04-17T11:38:49.984+0000][3129.814s][info][gc             ] GC(2021) Pause Young (Allocation Failure) 24M->15M(31M) 1.267ms
[2025-04-17T11:38:49.984+0000][3129.814s][info][gc,cpu         ] GC(2021) User=0.00s Sys=0.00s Real=0.01s
[2025-04-17T11:38:51.420+0000][3131.250s][info][gc,start       ] GC(2022) Pause Young (Allocation Failure)
[2025-04-17T11:38:51.421+0000][3131.251s][info][gc,heap        ] GC(2022) DefNew: 9165K(10176K)->74K(10176K) Eden: 9088K(9088K)->0K(9088K) From: 77K(1088K)->74K(1088K)
[2025-04-17T11:38:51.421+0000][3131.251s][info][gc,heap        ] GC(2022) Tenured: 15522K(22468K)->15522K(22468K)
[2025-04-17T11:38:51.421+0000][3131.251s][info][gc,metaspace   ] GC(2022) Metaspace: 38446K(38784K)->38446K(38784K) NonClass: 33896K(34048K)->33896K(34048K) Class: 4549K(4736K)->4549K(4736K)
[2025-04-17T11:38:51.421+0000][3131.252s][info][gc             ] GC(2022) Pause Young (Allocation Failure) 24M->15M(31M) 1.206ms
[2025-04-17T11:38:51.421+0000][3131.252s][info][gc,cpu         ] GC(2022) User=0.00s Sys=0.00s Real=0.00s
[2025-04-17T11:38:53.312+0000][3133.142s][info][gc,start       ] GC(2023) Pause Young (Allocation Failure)
[2025-04-17T11:38:53.313+0000][3133.143s][info][gc,heap        ] GC(2023) DefNew: 9162K(10176K)->90K(10176K) Eden: 9087K(9088K)->0K(9088K) From: 74K(1088K)->90K(1088K)
[2025-04-17T11:38:53.313+0000][3133.143s][info][gc,heap        ] GC(2023) Tenured: 15522K(22468K)->15522K(22468K)
[2025-04-17T11:38:53.313+0000][3133.143s][info][gc,metaspace   ] GC(2023) Metaspace: 38446K(38784K)->38446K(38784K) NonClass: 33896K(34048K)->33896K(34048K) Class: 4549K(4736K)->4549K(4736K)
[2025-04-17T11:38:53.313+0000][3133.143s][info][gc             ] GC(2023) Pause Young (Allocation Failure) 24M->15M(31M) 1.187ms
[2025-04-17T11:38:53.313+0000][3133.143s][info][gc,cpu         ] GC(2023) User=0.00s Sys=0.00s Real=0.00s
[2025-04-17T11:38:54.570+0000][3134.400s][info][gc,start       ] GC(2024) Pause Young (Allocation Failure)
[2025-04-17T11:38:54.572+0000][3134.402s][info][gc,heap        ] GC(2024) DefNew: 9178K(10176K)->88K(10176K) Eden: 9087K(9088K)->0K(9088K) From: 90K(1088K)->88K(1088K)
[2025-04-17T11:38:54.572+0000][3134.402s][info][gc,heap        ] GC(2024) Tenured: 15522K(22468K)->15522K(22468K)
[2025-04-17T11:38:54.572+0000][3134.402s][info][gc,metaspace   ] GC(2024) Metaspace: 38446K(38784K)->38446K(38784K) NonClass: 33896K(34048K)->33896K(34048K) Class: 4549K(4736K)->4549K(4736K)
[2025-04-17T11:38:54.572+0000][3134.402s][info][gc             ] GC(2024) Pause Young (Allocation Failure) 24M->15M(31M) 1.249ms
[2025-04-17T11:38:54.572+0000][3134.402s][info][gc,cpu         ] GC(2024) User=0.00s Sys=0.00s Real=0.00s
[2025-04-17T11:38:56.144+0000][3135.974s][info][gc,start       ] GC(2025) Pause Young (Allocation Failure)
[2025-04-17T11:38:56.145+0000][3135.975s][info][gc,heap        ] GC(2025) DefNew: 9163K(10176K)->77K(10176K) Eden: 9074K(9088K)->0K(9088K) From: 88K(1088K)->77K(1088K)
[2025-04-17T11:38:56.145+0000][3135.975s][info][gc,heap        ] GC(2025) Tenured: 15522K(22468K)->15522K(22468K)
[2025-04-17T11:38:56.145+0000][3135.975s][info][gc,metaspace   ] GC(2025) Metaspace: 38446K(38784K)->38446K(38784K) NonClass: 33896K(34048K)->33896K(34048K) Class: 4549K(4736K)->4549K(4736K)
[2025-04-17T11:38:56.145+0000][3135.975s][info][gc             ] GC(2025) Pause Young (Allocation Failure) 24M->15M(31M) 1.198ms
[2025-04-17T11:38:56.145+0000][3135.975s][info][gc,cpu         ] GC(2025) User=0.00s Sys=0.00s Real=0.01s
[2025-04-17T11:38:57.597+0000][3137.427s][info][gc,start       ] GC(2026) Pause Young (Allocation Failure)
[2025-04-17T11:38:57.598+0000][3137.429s][info][gc,heap        ] GC(2026) DefNew: 9165K(10176K)->75K(10176K) Eden: 9088K(9088K)->0K(9088K) From: 77K(1088K)->75K(1088K)
[2025-04-17T11:38:57.598+0000][3137.429s][info][gc,heap        ] GC(2026) Tenured: 15522K(22468K)->15522K(22468K)
[2025-04-17T11:38:57.599+0000][3137.429s][info][gc,metaspace   ] GC(2026) Metaspace: 38446K(38784K)->38446K(38784K) NonClass: 33896K(34048K)->33896K(34048K) Class: 4549K(4736K)->4549K(4736K)
[2025-04-17T11:38:57.599+0000][3137.429s][info][gc             ] GC(2026) Pause Young (Allocation Failure) 24M->15M(31M) 1.311ms
[2025-04-17T11:38:57.599+0000][3137.429s][info][gc,cpu         ] GC(2026) User=0.00s Sys=0.00s Real=0.00s
[2025-04-17T11:38:59.341+0000][3139.171s][info][gc,start       ] GC(2027) Pause Young (Allocation Failure)
[2025-04-17T11:38:59.342+0000][3139.172s][info][gc,heap        ] GC(2027) DefNew: 9163K(10176K)->90K(10176K) Eden: 9088K(9088K)->0K(9088K) From: 75K(1088K)->90K(1088K)
[2025-04-17T11:38:59.342+0000][3139.172s][info][gc,heap        ] GC(2027) Tenured: 15522K(22468K)->15522K(22468K)
[2025-04-17T11:38:59.342+0000][3139.172s][info][gc,metaspace   ] GC(2027) Metaspace: 38446K(38784K)->38446K(38784K) NonClass: 33896K(34048K)->33896K(34048K) Class: 4549K(4736K)->4549K(4736K)
[2025-04-17T11:38:59.342+0000][3139.172s][info][gc             ] GC(2027) Pause Young (Allocation Failure) 24M->15M(31M) 1.148ms
[2025-04-17T11:38:59.342+0000][3139.172s][info][gc,cpu         ] GC(2027) User=0.01s Sys=0.00s Real=0.00s
[2025-04-17T11:39:00.864+0000][3140.695s][info][gc,start       ] GC(2028) Pause Young (Allocation Failure)
[2025-04-17T11:39:00.866+0000][3140.696s][info][gc,heap        ] GC(2028) DefNew: 9178K(10176K)->79K(10176K) Eden: 9088K(9088K)->0K(9088K) From: 90K(1088K)->79K(1088K)
[2025-04-17T11:39:00.866+0000][3140.696s][info][gc,heap        ] GC(2028) Tenured: 15522K(22468K)->15524K(22468K)
[2025-04-17T11:39:00.866+0000][3140.696s][info][gc,metaspace   ] GC(2028) Metaspace: 38446K(38784K)->38446K(38784K) NonClass: 33896K(34048K)->33896K(34048K) Class: 4549K(4736K)->4549K(4736K)
[2025-04-17T11:39:00.866+0000][3140.696s][info][gc             ] GC(2028) Pause Young (Allocation Failure) 24M->15M(31M) 1.304ms
[2025-04-17T11:39:00.866+0000][3140.696s][info][gc,cpu         ] GC(2028) User=0.00s Sys=0.00s Real=0.00s
[2025-04-17T11:39:02.154+0000][3141.984s][info][gc,start       ] GC(2029) Pause Young (Allocation Failure)
[2025-04-17T11:39:02.155+0000][3141.985s][info][gc,heap        ] GC(2029) DefNew: 9167K(10176K)->76K(10176K) Eden: 9088K(9088K)->0K(9088K) From: 79K(1088K)->76K(1088K)
[2025-04-17T11:39:02.155+0000][3141.985s][info][gc,heap        ] GC(2029) Tenured: 15524K(22468K)->15524K(22468K)
[2025-04-17T11:39:02.155+0000][3141.985s][info][gc,metaspace   ] GC(2029) Metaspace: 38446K(38784K)->38446K(38784K) NonClass: 33896K(34048K)->33896K(34048K) Class: 4549K(4736K)->4549K(4736K)
[2025-04-17T11:39:02.155+0000][3141.985s][info][gc             ] GC(2029) Pause Young (Allocation Failure) 24M->15M(31M) 1.186ms
[2025-04-17T11:39:02.155+0000][3141.985s][info][gc,cpu         ] GC(2029) User=0.00s Sys=0.00s Real=0.01s
[2025-04-17T11:39:03.862+0000][3143.692s][info][gc,start       ] GC(2030) Pause Young (Allocation Failure)
[2025-04-17T11:39:03.864+0000][3143.694s][info][gc,heap        ] GC(2030) DefNew: 9164K(10176K)->75K(10176K) Eden: 9088K(9088K)->0K(9088K) From: 76K(1088K)->75K(1088K)
[2025-04-17T11:39:03.864+0000][3143.694s][info][gc,heap        ] GC(2030) Tenured: 15524K(22468K)->15524K(22468K)
[2025-04-17T11:39:03.864+0000][3143.694s][info][gc,metaspace   ] GC(2030) Metaspace: 38446K(38784K)->38446K(38784K) NonClass: 33896K(34048K)->33896K(34048K) Class: 4549K(4736K)->4549K(4736K)
[2025-04-17T11:39:03.864+0000][3143.694s][info][gc             ] GC(2030) Pause Young (Allocation Failure) 24M->15M(31M) 1.279ms
[2025-04-17T11:39:03.864+0000][3143.694s][info][gc,cpu         ] GC(2030) User=0.00s Sys=0.00s Real=0.00s
[2025-04-17T11:39:05.335+0000][3145.166s][info][gc,start       ] GC(2031) Pause Young (Allocation Failure)
[2025-04-17T11:39:05.337+0000][3145.167s][info][gc,heap        ] GC(2031) DefNew: 9163K(10176K)->93K(10176K) Eden: 9088K(9088K)->0K(9088K) From: 75K(1088K)->93K(1088K)
[2025-04-17T11:39:05.337+0000][3145.167s][info][gc,heap        ] GC(2031) Tenured: 15524K(22468K)->15524K(22468K)
[2025-04-17T11:39:05.337+0000][3145.167s][info][gc,metaspace   ] GC(2031) Metaspace: 38446K(38784K)->38446K(38784K) NonClass: 33896K(34048K)->33896K(34048K) Class: 4549K(4736K)->4549K(4736K)
[2025-04-17T11:39:05.337+0000][3145.167s][info][gc             ] GC(2031) Pause Young (Allocation Failure) 24M->15M(31M) 1.212ms
[2025-04-17T11:39:05.337+0000][3145.167s][info][gc,cpu         ] GC(2031) User=0.00s Sys=0.00s Real=0.00s
[2025-04-17T11:39:07.074+0000][3146.905s][info][gc,start       ] GC(2032) Pause Young (Allocation Failure)
[2025-04-17T11:39:07.076+0000][3146.906s][info][gc,heap        ] GC(2032) DefNew: 9181K(10176K)->74K(10176K) Eden: 9088K(9088K)->0K(9088K) From: 93K(1088K)->74K(1088K)
[2025-04-17T11:39:07.076+0000][3146.906s][info][gc,heap        ] GC(2032) Tenured: 15524K(22468K)->15524K(22468K)
[2025-04-17T11:39:07.076+0000][3146.906s][info][gc,metaspace   ] GC(2032) Metaspace: 38446K(38784K)->38446K(38784K) NonClass: 33896K(34048K)->33896K(34048K) Class: 4549K(4736K)->4549K(4736K)
[2025-04-17T11:39:07.076+0000][3146.906s][info][gc             ] GC(2032) Pause Young (Allocation Failure) 24M->15M(31M) 1.224ms
[2025-04-17T11:39:07.076+0000][3146.906s][info][gc,cpu         ] GC(2032) User=0.00s Sys=0.00s Real=0.00s
[2025-04-17T11:39:08.598+0000][3148.428s][info][gc,start       ] GC(2033) Pause Young (Allocation Failure)
[2025-04-17T11:39:08.599+0000][3148.429s][info][gc,heap        ] GC(2033) DefNew: 9162K(10176K)->75K(10176K) Eden: 9088K(9088K)->0K(9088K) From: 74K(1088K)->75K(1088K)
[2025-04-17T11:39:08.599+0000][3148.430s][info][gc,heap        ] GC(2033) Tenured: 15524K(22468K)->15524K(22468K)
[2025-04-17T11:39:08.599+0000][3148.430s][info][gc,metaspace   ] GC(2033) Metaspace: 38446K(38784K)->38446K(38784K) NonClass: 33896K(34048K)->33896K(34048K) Class: 4549K(4736K)->4549K(4736K)
[2025-04-17T11:39:08.599+0000][3148.430s][info][gc             ] GC(2033) Pause Young (Allocation Failure) 24M->15M(31M) 1.174ms
[2025-04-17T11:39:08.599+0000][3148.430s][info][gc,cpu         ] GC(2033) User=0.00s Sys=0.00s Real=0.00s
[2025-04-17T11:39:10.205+0000][3150.035s][info][gc,start       ] GC(2034) Pause Young (Allocation Failure)
[2025-04-17T11:39:10.206+0000][3150.036s][info][gc,heap        ] GC(2034) DefNew: 9163K(10176K)->74K(10176K) Eden: 9088K(9088K)->0K(9088K) From: 75K(1088K)->74K(1088K)
[2025-04-17T11:39:10.206+0000][3150.036s][info][gc,heap        ] GC(2034) Tenured: 15524K(22468K)->15524K(22468K)
[2025-04-17T11:39:10.206+0000][3150.036s][info][gc,metaspace   ] GC(2034) Metaspace: 38446K(38784K)->38446K(38784K) NonClass: 33896K(34048K)->33896K(34048K) Class: 4549K(4736K)->4549K(4736K)
[2025-04-17T11:39:10.206+0000][3150.036s][info][gc             ] GC(2034) Pause Young (Allocation Failure) 24M->15M(31M) 1.157ms
[2025-04-17T11:39:10.206+0000][3150.036s][info][gc,cpu         ] GC(2034) User=0.00s Sys=0.00s Real=0.00s
[2025-04-17T11:39:11.645+0000][3151.475s][info][gc,start       ] GC(2035) Pause Young (Allocation Failure)
[2025-04-17T11:39:11.646+0000][3151.476s][info][gc,heap        ] GC(2035) DefNew: 9162K(10176K)->91K(10176K) Eden: 9088K(9088K)->0K(9088K) From: 74K(1088K)->91K(1088K)
[2025-04-17T11:39:11.646+0000][3151.476s][info][gc,heap        ] GC(2035) Tenured: 15524K(22468K)->15525K(22468K)
[2025-04-17T11:39:11.646+0000][3151.476s][info][gc,metaspace   ] GC(2035) Metaspace: 38446K(38784K)->38446K(38784K) NonClass: 33896K(34048K)->33896K(34048K) Class: 4549K(4736K)->4549K(4736K)
[2025-04-17T11:39:11.646+0000][3151.476s][info][gc             ] GC(2035) Pause Young (Allocation Failure) 24M->15M(31M) 1.172ms
[2025-04-17T11:39:11.646+0000][3151.476s][info][gc,cpu         ] GC(2035) User=0.00s Sys=0.00s Real=0.00s
[2025-04-17T11:39:13.388+0000][3153.219s][info][gc,start       ] GC(2036) Pause Young (Allocation Failure)
[2025-04-17T11:39:13.390+0000][3153.220s][info][gc,heap        ] GC(2036) DefNew: 9179K(10176K)->86K(10176K) Eden: 9088K(9088K)->0K(9088K) From: 91K(1088K)->86K(1088K)
[2025-04-17T11:39:13.390+0000][3153.220s][info][gc,heap        ] GC(2036) Tenured: 15525K(22468K)->15525K(22468K)
[2025-04-17T11:39:13.390+0000][3153.220s][info][gc,metaspace   ] GC(2036) Metaspace: 38446K(38784K)->38446K(38784K) NonClass: 33896K(34048K)->33896K(34048K) Class: 4549K(4736K)->4549K(4736K)
[2025-04-17T11:39:13.390+0000][3153.220s][info][gc             ] GC(2036) Pause Young (Allocation Failure) 24M->15M(31M) 1.244ms
[2025-04-17T11:39:13.390+0000][3153.220s][info][gc,cpu         ] GC(2036) User=0.00s Sys=0.00s Real=0.00s
[2025-04-17T11:39:14.926+0000][3154.756s][info][gc,start       ] GC(2037) Pause Young (Allocation Failure)
[2025-04-17T11:39:14.927+0000][3154.757s][info][gc,heap        ] GC(2037) DefNew: 9174K(10176K)->108K(10176K) Eden: 9087K(9088K)->0K(9088K) From: 86K(1088K)->108K(1088K)
[2025-04-17T11:39:14.927+0000][3154.757s][info][gc,heap        ] GC(2037) Tenured: 15525K(22468K)->15525K(22468K)
[2025-04-17T11:39:14.927+0000][3154.757s][info][gc,metaspace   ] GC(2037) Metaspace: 38446K(38784K)->38446K(38784K) NonClass: 33896K(34048K)->33896K(34048K) Class: 4549K(4736K)->4549K(4736K)
[2025-04-17T11:39:14.927+0000][3154.757s][info][gc             ] GC(2037) Pause Young (Allocation Failure) 24M->15M(31M) 1.238ms
[2025-04-17T11:39:14.927+0000][3154.757s][info][gc,cpu         ] GC(2037) User=0.00s Sys=0.00s Real=0.00s
[2025-04-17T11:39:16.541+0000][3156.371s][info][gc,start       ] GC(2038) Pause Young (Allocation Failure)
[2025-04-17T11:39:16.542+0000][3156.372s][info][gc,heap        ] GC(2038) DefNew: 9196K(10176K)->78K(10176K) Eden: 9088K(9088K)->0K(9088K) From: 108K(1088K)->78K(1088K)
[2025-04-17T11:39:16.542+0000][3156.372s][info][gc,heap        ] GC(2038) Tenured: 15525K(22468K)->15525K(22468K)
[2025-04-17T11:39:16.542+0000][3156.372s][info][gc,metaspace   ] GC(2038) Metaspace: 38446K(38784K)->38446K(38784K) NonClass: 33896K(34048K)->33896K(34048K) Class: 4549K(4736K)->4549K(4736K)
[2025-04-17T11:39:16.542+0000][3156.372s][info][gc             ] GC(2038) Pause Young (Allocation Failure) 24M->15M(31M) 1.317ms
[2025-04-17T11:39:16.542+0000][3156.372s][info][gc,cpu         ] GC(2038) User=0.00s Sys=0.00s Real=0.00s
[2025-04-17T11:39:18.170+0000][3158.000s][info][gc,start       ] GC(2039) Pause Young (Allocation Failure)
[2025-04-17T11:39:18.171+0000][3158.001s][info][gc,heap        ] GC(2039) DefNew: 9166K(10176K)->75K(10176K) Eden: 9088K(9088K)->0K(9088K) From: 78K(1088K)->75K(1088K)
[2025-04-17T11:39:18.171+0000][3158.001s][info][gc,heap        ] GC(2039) Tenured: 15525K(22468K)->15525K(22468K)
[2025-04-17T11:39:18.171+0000][3158.001s][info][gc,metaspace   ] GC(2039) Metaspace: 38446K(38784K)->38446K(38784K) NonClass: 33896K(34048K)->33896K(34048K) Class: 4549K(4736K)->4549K(4736K)
[2025-04-17T11:39:18.171+0000][3158.001s][info][gc             ] GC(2039) Pause Young (Allocation Failure) 24M->15M(31M) 1.282ms
[2025-04-17T11:39:18.171+0000][3158.001s][info][gc,cpu         ] GC(2039) User=0.00s Sys=0.00s Real=0.00s
[2025-04-17T11:39:19.726+0000][3159.556s][info][gc,start       ] GC(2040) Pause Young (Allocation Failure)
[2025-04-17T11:39:19.727+0000][3159.557s][info][gc,heap        ] GC(2040) DefNew: 9160K(10176K)->88K(10176K) Eden: 9085K(9088K)->0K(9088K) From: 75K(1088K)->88K(1088K)
[2025-04-17T11:39:19.727+0000][3159.557s][info][gc,heap        ] GC(2040) Tenured: 15525K(22468K)->15525K(22468K)
[2025-04-17T11:39:19.727+0000][3159.557s][info][gc,metaspace   ] GC(2040) Metaspace: 38446K(38784K)->38446K(38784K) NonClass: 33896K(34048K)->33896K(34048K) Class: 4549K(4736K)->4549K(4736K)
[2025-04-17T11:39:19.727+0000][3159.557s][info][gc             ] GC(2040) Pause Young (Allocation Failure) 24M->15M(31M) 1.235ms
[2025-04-17T11:39:19.727+0000][3159.557s][info][gc,cpu         ] GC(2040) User=0.00s Sys=0.00s Real=0.00s
[2025-04-17T11:39:21.306+0000][3161.136s][info][gc,start       ] GC(2041) Pause Young (Allocation Failure)
[2025-04-17T11:39:21.307+0000][3161.137s][info][gc,heap        ] GC(2041) DefNew: 9164K(10176K)->83K(10176K) Eden: 9076K(9088K)->0K(9088K) From: 88K(1088K)->83K(1088K)
[2025-04-17T11:39:21.307+0000][3161.137s][info][gc,heap        ] GC(2041) Tenured: 15525K(22468K)->15525K(22468K)
[2025-04-17T11:39:21.307+0000][3161.137s][info][gc,metaspace   ] GC(2041) Metaspace: 38446K(38784K)->38446K(38784K) NonClass: 33896K(34048K)->33896K(34048K) Class: 4549K(4736K)->4549K(4736K)
[2025-04-17T11:39:21.307+0000][3161.137s][info][gc             ] GC(2041) Pause Young (Allocation Failure) 24M->15M(31M) 1.215ms
[2025-04-17T11:39:21.307+0000][3161.137s][info][gc,cpu         ] GC(2041) User=0.00s Sys=0.00s Real=0.00s
[2025-04-17T11:39:22.868+0000][3162.698s][info][gc,start       ] GC(2042) Pause Young (Allocation Failure)
[2025-04-17T11:39:22.869+0000][3162.699s][info][gc,heap        ] GC(2042) DefNew: 9171K(10176K)->93K(10176K) Eden: 9088K(9088K)->0K(9088K) From: 83K(1088K)->93K(1088K)
[2025-04-17T11:39:22.869+0000][3162.699s][info][gc,heap        ] GC(2042) Tenured: 15525K(22468K)->15525K(22468K)
[2025-04-17T11:39:22.869+0000][3162.699s][info][gc,metaspace   ] GC(2042) Metaspace: 38446K(38784K)->38446K(38784K) NonClass: 33896K(34048K)->33896K(34048K) Class: 4549K(4736K)->4549K(4736K)
[2025-04-17T11:39:22.869+0000][3162.699s][info][gc             ] GC(2042) Pause Young (Allocation Failure) 24M->15M(31M) 1.305ms
[2025-04-17T11:39:22.869+0000][3162.699s][info][gc,cpu         ] GC(2042) User=0.00s Sys=0.00s Real=0.00s
[2025-04-17T11:39:24.605+0000][3164.435s][info][gc,start       ] GC(2043) Pause Young (Allocation Failure)
[2025-04-17T11:39:24.606+0000][3164.436s][info][gc,heap        ] GC(2043) DefNew: 9181K(10176K)->97K(10176K) Eden: 9088K(9088K)->0K(9088K) From: 93K(1088K)->97K(1088K)
[2025-04-17T11:39:24.606+0000][3164.436s][info][gc,heap        ] GC(2043) Tenured: 15525K(22468K)->15525K(22468K)
[2025-04-17T11:39:24.606+0000][3164.436s][info][gc,metaspace   ] GC(2043) Metaspace: 38446K(38784K)->38446K(38784K) NonClass: 33896K(34048K)->33896K(34048K) Class: 4549K(4736K)->4549K(4736K)
[2025-04-17T11:39:24.606+0000][3164.436s][info][gc             ] GC(2043) Pause Young (Allocation Failure) 24M->15M(31M) 1.358ms
[2025-04-17T11:39:24.606+0000][3164.436s][info][gc,cpu         ] GC(2043) User=0.00s Sys=0.00s Real=0.00s
[2025-04-17T11:39:26.321+0000][3166.151s][info][gc,start       ] GC(2044) Pause Young (Allocation Failure)
[2025-04-17T11:39:26.322+0000][3166.152s][info][gc,heap        ] GC(2044) DefNew: 9185K(10176K)->80K(10176K) Eden: 9088K(9088K)->0K(9088K) From: 97K(1088K)->80K(1088K)
[2025-04-17T11:39:26.322+0000][3166.152s][info][gc,heap        ] GC(2044) Tenured: 15525K(22468K)->15525K(22468K)
[2025-04-17T11:39:26.322+0000][3166.152s][info][gc,metaspace   ] GC(2044) Metaspace: 38446K(38784K)->38446K(38784K) NonClass: 33896K(34048K)->33896K(34048K) Class: 4549K(4736K)->4549K(4736K)
[2025-04-17T11:39:26.322+0000][3166.152s][info][gc             ] GC(2044) Pause Young (Allocation Failure) 24M->15M(31M) 1.189ms
[2025-04-17T11:39:26.322+0000][3166.152s][info][gc,cpu         ] GC(2044) User=0.00s Sys=0.00s Real=0.00s
[2025-04-17T11:39:27.588+0000][3167.418s][info][gc,start       ] GC(2045) Pause Young (Allocation Failure)
[2025-04-17T11:39:27.589+0000][3167.419s][info][gc,heap        ] GC(2045) DefNew: 9168K(10176K)->82K(10176K) Eden: 9088K(9088K)->0K(9088K) From: 80K(1088K)->82K(1088K)
[2025-04-17T11:39:27.589+0000][3167.419s][info][gc,heap        ] GC(2045) Tenured: 15525K(22468K)->15525K(22468K)
[2025-04-17T11:39:27.589+0000][3167.419s][info][gc,metaspace   ] GC(2045) Metaspace: 38446K(38784K)->38446K(38784K) NonClass: 33896K(34048K)->33896K(34048K) Class: 4549K(4736K)->4549K(4736K)
[2025-04-17T11:39:27.589+0000][3167.419s][info][gc             ] GC(2045) Pause Young (Allocation Failure) 24M->15M(31M) 1.240ms
[2025-04-17T11:39:27.589+0000][3167.419s][info][gc,cpu         ] GC(2045) User=0.00s Sys=0.00s Real=0.00s
[2025-04-17T11:39:29.415+0000][3169.245s][info][gc,start       ] GC(2046) Pause Young (Allocation Failure)
[2025-04-17T11:39:29.416+0000][3169.246s][info][gc,heap        ] GC(2046) DefNew: 9170K(10176K)->82K(10176K) Eden: 9088K(9088K)->0K(9088K) From: 82K(1088K)->82K(1088K)
[2025-04-17T11:39:29.416+0000][3169.246s][info][gc,heap        ] GC(2046) Tenured: 15525K(22468K)->15525K(22468K)
[2025-04-17T11:39:29.416+0000][3169.246s][info][gc,metaspace   ] GC(2046) Metaspace: 38446K(38784K)->38446K(38784K) NonClass: 33896K(34048K)->33896K(34048K) Class: 4549K(4736K)->4549K(4736K)
[2025-04-17T11:39:29.416+0000][3169.246s][info][gc             ] GC(2046) Pause Young (Allocation Failure) 24M->15M(31M) 1.221ms
[2025-04-17T11:39:29.416+0000][3169.246s][info][gc,cpu         ] GC(2046) User=0.01s Sys=0.00s Real=0.00s
[2025-04-17T11:39:30.922+0000][3170.752s][info][gc,start       ] GC(2047) Pause Young (Allocation Failure)
[2025-04-17T11:39:30.923+0000][3170.753s][info][gc,heap        ] GC(2047) DefNew: 9170K(10176K)->99K(10176K) Eden: 9088K(9088K)->0K(9088K) From: 82K(1088K)->99K(1088K)
[2025-04-17T11:39:30.923+0000][3170.753s][info][gc,heap        ] GC(2047) Tenured: 15525K(22468K)->15526K(22468K)
[2025-04-17T11:39:30.923+0000][3170.753s][info][gc,metaspace   ] GC(2047) Metaspace: 38446K(38784K)->38446K(38784K) NonClass: 33896K(34048K)->33896K(34048K) Class: 4549K(4736K)->4549K(4736K)
[2025-04-17T11:39:30.923+0000][3170.753s][info][gc             ] GC(2047) Pause Young (Allocation Failure) 24M->15M(31M) 1.213ms
[2025-04-17T11:39:30.923+0000][3170.753s][info][gc,cpu         ] GC(2047) User=0.01s Sys=0.00s Real=0.00s
[2025-04-17T11:39:32.492+0000][3172.322s][info][gc,start       ] GC(2048) Pause Young (Allocation Failure)
[2025-04-17T11:39:32.493+0000][3172.323s][info][gc,heap        ] GC(2048) DefNew: 9187K(10176K)->85K(10176K) Eden: 9088K(9088K)->0K(9088K) From: 99K(1088K)->85K(1088K)
[2025-04-17T11:39:32.493+0000][3172.323s][info][gc,heap        ] GC(2048) Tenured: 15526K(22468K)->15526K(22468K)
[2025-04-17T11:39:32.493+0000][3172.323s][info][gc,metaspace   ] GC(2048) Metaspace: 38446K(38784K)->38446K(38784K) NonClass: 33896K(34048K)->33896K(34048K) Class: 4549K(4736K)->4549K(4736K)
[2025-04-17T11:39:32.493+0000][3172.323s][info][gc             ] GC(2048) Pause Young (Allocation Failure) 24M->15M(31M) 1.283ms
[2025-04-17T11:39:32.493+0000][3172.323s][info][gc,cpu         ] GC(2048) User=0.00s Sys=0.00s Real=0.00s
[2025-04-17T11:39:34.082+0000][3173.912s][info][gc,start       ] GC(2049) Pause Young (Allocation Failure)
[2025-04-17T11:39:34.084+0000][3173.914s][info][gc,heap        ] GC(2049) DefNew: 9173K(10176K)->82K(10176K) Eden: 9088K(9088K)->0K(9088K) From: 85K(1088K)->82K(1088K)
[2025-04-17T11:39:34.084+0000][3173.914s][info][gc,heap        ] GC(2049) Tenured: 15526K(22468K)->15529K(22468K)
[2025-04-17T11:39:34.084+0000][3173.914s][info][gc,metaspace   ] GC(2049) Metaspace: 38446K(38784K)->38446K(38784K) NonClass: 33896K(34048K)->33896K(34048K) Class: 4549K(4736K)->4549K(4736K)
[2025-04-17T11:39:34.084+0000][3173.914s][info][gc             ] GC(2049) Pause Young (Allocation Failure) 24M->15M(31M) 1.270ms
[2025-04-17T11:39:34.084+0000][3173.914s][info][gc,cpu         ] GC(2049) User=0.00s Sys=0.00s Real=0.00s
[2025-04-17T11:39:35.572+0000][3175.402s][info][gc,start       ] GC(2050) Pause Young (Allocation Failure)
[2025-04-17T11:39:35.573+0000][3175.404s][info][gc,heap        ] GC(2050) DefNew: 9170K(10176K)->88K(10176K) Eden: 9088K(9088K)->0K(9088K) From: 82K(1088K)->88K(1088K)
[2025-04-17T11:39:35.574+0000][3175.404s][info][gc,heap        ] GC(2050) Tenured: 15529K(22468K)->15529K(22468K)
[2025-04-17T11:39:35.574+0000][3175.404s][info][gc,metaspace   ] GC(2050) Metaspace: 38446K(38784K)->38446K(38784K) NonClass: 33896K(34048K)->33896K(34048K) Class: 4549K(4736K)->4549K(4736K)
[2025-04-17T11:39:35.574+0000][3175.404s][info][gc             ] GC(2050) Pause Young (Allocation Failure) 24M->15M(31M) 1.204ms
[2025-04-17T11:39:35.574+0000][3175.404s][info][gc,cpu         ] GC(2050) User=0.00s Sys=0.00s Real=0.00s
[2025-04-17T11:39:37.149+0000][3176.979s][info][gc,start       ] GC(2051) Pause Young (Allocation Failure)
[2025-04-17T11:39:37.150+0000][3176.980s][info][gc,heap        ] GC(2051) DefNew: 9176K(10176K)->96K(10176K) Eden: 9088K(9088K)->0K(9088K) From: 88K(1088K)->96K(1088K)
[2025-04-17T11:39:37.150+0000][3176.980s][info][gc,heap        ] GC(2051) Tenured: 15529K(22468K)->15529K(22468K)
[2025-04-17T11:39:37.150+0000][3176.980s][info][gc,metaspace   ] GC(2051) Metaspace: 38446K(38784K)->38446K(38784K) NonClass: 33896K(34048K)->33896K(34048K) Class: 4549K(4736K)->4549K(4736K)
[2025-04-17T11:39:37.150+0000][3176.980s][info][gc             ] GC(2051) Pause Young (Allocation Failure) 24M->15M(31M) 1.422ms
[2025-04-17T11:39:37.150+0000][3176.980s][info][gc,cpu         ] GC(2051) User=0.00s Sys=0.00s Real=0.00s
[2025-04-17T11:39:38.669+0000][3178.499s][info][gc,start       ] GC(2052) Pause Young (Allocation Failure)
[2025-04-17T11:39:38.670+0000][3178.500s][info][gc,heap        ] GC(2052) DefNew: 9184K(10176K)->87K(10176K) Eden: 9088K(9088K)->0K(9088K) From: 96K(1088K)->87K(1088K)
[2025-04-17T11:39:38.670+0000][3178.500s][info][gc,heap        ] GC(2052) Tenured: 15529K(22468K)->15531K(22468K)
[2025-04-17T11:39:38.670+0000][3178.500s][info][gc,metaspace   ] GC(2052) Metaspace: 38446K(38784K)->38446K(38784K) NonClass: 33896K(34048K)->33896K(34048K) Class: 4549K(4736K)->4549K(4736K)
[2025-04-17T11:39:38.670+0000][3178.500s][info][gc             ] GC(2052) Pause Young (Allocation Failure) 24M->15M(31M) 1.246ms
[2025-04-17T11:39:38.670+0000][3178.500s][info][gc,cpu         ] GC(2052) User=0.00s Sys=0.00s Real=0.00s
[2025-04-17T11:39:40.289+0000][3180.119s][info][gc,start       ] GC(2053) Pause Young (Allocation Failure)
[2025-04-17T11:39:40.290+0000][3180.120s][info][gc,heap        ] GC(2053) DefNew: 9175K(10176K)->79K(10176K) Eden: 9087K(9088K)->0K(9088K) From: 87K(1088K)->79K(1088K)
[2025-04-17T11:39:40.290+0000][3180.120s][info][gc,heap        ] GC(2053) Tenured: 15531K(22468K)->15531K(22468K)
[2025-04-17T11:39:40.290+0000][3180.120s][info][gc,metaspace   ] GC(2053) Metaspace: 38446K(38784K)->38446K(38784K) NonClass: 33896K(34048K)->33896K(34048K) Class: 4549K(4736K)->4549K(4736K)
[2025-04-17T11:39:40.290+0000][3180.120s][info][gc             ] GC(2053) Pause Young (Allocation Failure) 24M->15M(31M) 1.197ms
[2025-04-17T11:39:40.290+0000][3180.120s][info][gc,cpu         ] GC(2053) User=0.00s Sys=0.00s Real=0.00s
[2025-04-17T11:39:41.697+0000][3181.527s][info][gc,start       ] GC(2054) Pause Young (Allocation Failure)
[2025-04-17T11:39:41.698+0000][3181.528s][info][gc,heap        ] GC(2054) DefNew: 9167K(10176K)->79K(10176K) Eden: 9087K(9088K)->0K(9088K) From: 79K(1088K)->79K(1088K)
[2025-04-17T11:39:41.698+0000][3181.528s][info][gc,heap        ] GC(2054) Tenured: 15531K(22468K)->15533K(22468K)
[2025-04-17T11:39:41.698+0000][3181.528s][info][gc,metaspace   ] GC(2054) Metaspace: 38446K(38784K)->38446K(38784K) NonClass: 33896K(34048K)->33896K(34048K) Class: 4549K(4736K)->4549K(4736K)
[2025-04-17T11:39:41.698+0000][3181.528s][info][gc             ] GC(2054) Pause Young (Allocation Failure) 24M->15M(31M) 1.298ms
[2025-04-17T11:39:41.698+0000][3181.528s][info][gc,cpu         ] GC(2054) User=0.00s Sys=0.00s Real=0.00s
[2025-04-17T11:39:43.500+0000][3183.330s][info][gc,start       ] GC(2055) Pause Young (Allocation Failure)
[2025-04-17T11:39:43.501+0000][3183.331s][info][gc,heap        ] GC(2055) DefNew: 9167K(10176K)->95K(10176K) Eden: 9088K(9088K)->0K(9088K) From: 79K(1088K)->95K(1088K)
[2025-04-17T11:39:43.501+0000][3183.331s][info][gc,heap        ] GC(2055) Tenured: 15533K(22468K)->15534K(22468K)
[2025-04-17T11:39:43.501+0000][3183.331s][info][gc,metaspace   ] GC(2055) Metaspace: 38446K(38784K)->38446K(38784K) NonClass: 33896K(34048K)->33896K(34048K) Class: 4549K(4736K)->4549K(4736K)
[2025-04-17T11:39:43.501+0000][3183.331s][info][gc             ] GC(2055) Pause Young (Allocation Failure) 24M->15M(31M) 1.371ms
[2025-04-17T11:39:43.501+0000][3183.331s][info][gc,cpu         ] GC(2055) User=0.01s Sys=0.00s Real=0.00s
[2025-04-17T11:39:44.974+0000][3184.804s][info][gc,start       ] GC(2056) Pause Young (Allocation Failure)
[2025-04-17T11:39:44.975+0000][3184.805s][info][gc,heap        ] GC(2056) DefNew: 9183K(10176K)->87K(10176K) Eden: 9088K(9088K)->0K(9088K) From: 95K(1088K)->87K(1088K)
[2025-04-17T11:39:44.975+0000][3184.805s][info][gc,heap        ] GC(2056) Tenured: 15534K(22468K)->15534K(22468K)
[2025-04-17T11:39:44.975+0000][3184.805s][info][gc,metaspace   ] GC(2056) Metaspace: 38446K(38784K)->38446K(38784K) NonClass: 33896K(34048K)->33896K(34048K) Class: 4549K(4736K)->4549K(4736K)
[2025-04-17T11:39:44.975+0000][3184.805s][info][gc             ] GC(2056) Pause Young (Allocation Failure) 24M->15M(31M) 1.144ms
[2025-04-17T11:39:44.975+0000][3184.805s][info][gc,cpu         ] GC(2056) User=0.00s Sys=0.00s Real=0.01s
[2025-04-17T11:39:46.495+0000][3186.325s][info][gc,start       ] GC(2057) Pause Young (Allocation Failure)
[2025-04-17T11:39:46.496+0000][3186.326s][info][gc,heap        ] GC(2057) DefNew: 9175K(10176K)->112K(10176K) Eden: 9087K(9088K)->0K(9088K) From: 87K(1088K)->112K(1088K)
[2025-04-17T11:39:46.496+0000][3186.326s][info][gc,heap        ] GC(2057) Tenured: 15534K(22468K)->15534K(22468K)
[2025-04-17T11:39:46.496+0000][3186.326s][info][gc,metaspace   ] GC(2057) Metaspace: 38446K(38784K)->38446K(38784K) NonClass: 33896K(34048K)->33896K(34048K) Class: 4549K(4736K)->4549K(4736K)
[2025-04-17T11:39:46.496+0000][3186.326s][info][gc             ] GC(2057) Pause Young (Allocation Failure) 24M->15M(31M) 1.309ms
[2025-04-17T11:39:46.496+0000][3186.326s][info][gc,cpu         ] GC(2057) User=0.00s Sys=0.00s Real=0.00s
[2025-04-17T11:39:48.305+0000][3188.136s][info][gc,start       ] GC(2058) Pause Young (Allocation Failure)
[2025-04-17T11:39:48.307+0000][3188.137s][info][gc,heap        ] GC(2058) DefNew: 9200K(10176K)->83K(10176K) Eden: 9088K(9088K)->0K(9088K) From: 112K(1088K)->83K(1088K)
[2025-04-17T11:39:48.307+0000][3188.137s][info][gc,heap        ] GC(2058) Tenured: 15534K(22468K)->15534K(22468K)
[2025-04-17T11:39:48.307+0000][3188.137s][info][gc,metaspace   ] GC(2058) Metaspace: 38446K(38784K)->38446K(38784K) NonClass: 33896K(34048K)->33896K(34048K) Class: 4549K(4736K)->4549K(4736K)
[2025-04-17T11:39:48.307+0000][3188.137s][info][gc             ] GC(2058) Pause Young (Allocation Failure) 24M->15M(31M) 1.330ms
[2025-04-17T11:39:48.307+0000][3188.137s][info][gc,cpu         ] GC(2058) User=0.00s Sys=0.00s Real=0.00s
[2025-04-17T11:39:49.741+0000][3189.571s][info][gc,start       ] GC(2059) Pause Young (Allocation Failure)
[2025-04-17T11:39:49.742+0000][3189.573s][info][gc,heap        ] GC(2059) DefNew: 9171K(10176K)->100K(10176K) Eden: 9088K(9088K)->0K(9088K) From: 83K(1088K)->100K(1088K)
[2025-04-17T11:39:49.742+0000][3189.573s][info][gc,heap        ] GC(2059) Tenured: 15534K(22468K)->15535K(22468K)
[2025-04-17T11:39:49.742+0000][3189.573s][info][gc,metaspace   ] GC(2059) Metaspace: 38446K(38784K)->38446K(38784K) NonClass: 33896K(34048K)->33896K(34048K) Class: 4549K(4736K)->4549K(4736K)
[2025-04-17T11:39:49.742+0000][3189.573s][info][gc             ] GC(2059) Pause Young (Allocation Failure) 24M->15M(31M) 1.242ms
[2025-04-17T11:39:49.742+0000][3189.573s][info][gc,cpu         ] GC(2059) User=0.00s Sys=0.00s Real=0.00s
[2025-04-17T11:39:51.440+0000][3191.270s][info][gc,start       ] GC(2060) Pause Young (Allocation Failure)
[2025-04-17T11:39:51.441+0000][3191.272s][info][gc,heap        ] GC(2060) DefNew: 9188K(10176K)->84K(10176K) Eden: 9088K(9088K)->0K(9088K) From: 100K(1088K)->84K(1088K)
[2025-04-17T11:39:51.442+0000][3191.272s][info][gc,heap        ] GC(2060) Tenured: 15535K(22468K)->15535K(22468K)
[2025-04-17T11:39:51.442+0000][3191.272s][info][gc,metaspace   ] GC(2060) Metaspace: 38446K(38784K)->38446K(38784K) NonClass: 33896K(34048K)->33896K(34048K) Class: 4549K(4736K)->4549K(4736K)
[2025-04-17T11:39:51.442+0000][3191.272s][info][gc             ] GC(2060) Pause Young (Allocation Failure) 24M->15M(31M) 1.264ms
[2025-04-17T11:39:51.442+0000][3191.272s][info][gc,cpu         ] GC(2060) User=0.00s Sys=0.00s Real=0.00s
[2025-04-17T11:39:52.891+0000][3192.721s][info][gc,start       ] GC(2061) Pause Young (Allocation Failure)
[2025-04-17T11:39:52.892+0000][3192.723s][info][gc,heap        ] GC(2061) DefNew: 9172K(10176K)->86K(10176K) Eden: 9087K(9088K)->0K(9088K) From: 84K(1088K)->86K(1088K)
[2025-04-17T11:39:52.892+0000][3192.723s][info][gc,heap        ] GC(2061) Tenured: 15535K(22468K)->15536K(22468K)
[2025-04-17T11:39:52.892+0000][3192.723s][info][gc,metaspace   ] GC(2061) Metaspace: 38446K(38784K)->38446K(38784K) NonClass: 33896K(34048K)->33896K(34048K) Class: 4549K(4736K)->4549K(4736K)
[2025-04-17T11:39:52.892+0000][3192.723s][info][gc             ] GC(2061) Pause Young (Allocation Failure) 24M->15M(31M) 1.207ms
[2025-04-17T11:39:52.892+0000][3192.723s][info][gc,cpu         ] GC(2061) User=0.00s Sys=0.00s Real=0.00s
[2025-04-17T11:39:54.506+0000][3194.336s][info][gc,start       ] GC(2062) Pause Young (Allocation Failure)
[2025-04-17T11:39:54.507+0000][3194.337s][info][gc,heap        ] GC(2062) DefNew: 9174K(10176K)->86K(10176K) Eden: 9088K(9088K)->0K(9088K) From: 86K(1088K)->86K(1088K)
[2025-04-17T11:39:54.507+0000][3194.337s][info][gc,heap        ] GC(2062) Tenured: 15536K(22468K)->15538K(22468K)
[2025-04-17T11:39:54.507+0000][3194.337s][info][gc,metaspace   ] GC(2062) Metaspace: 38446K(38784K)->38446K(38784K) NonClass: 33896K(34048K)->33896K(34048K) Class: 4549K(4736K)->4549K(4736K)
[2025-04-17T11:39:54.507+0000][3194.337s][info][gc             ] GC(2062) Pause Young (Allocation Failure) 24M->15M(31M) 1.271ms
[2025-04-17T11:39:54.507+0000][3194.337s][info][gc,cpu         ] GC(2062) User=0.00s Sys=0.00s Real=0.00s
[2025-04-17T11:39:56.252+0000][3196.083s][info][gc,start       ] GC(2063) Pause Young (Allocation Failure)
[2025-04-17T11:39:56.254+0000][3196.084s][info][gc,heap        ] GC(2063) DefNew: 9168K(10176K)->92K(10176K) Eden: 9082K(9088K)->0K(9088K) From: 86K(1088K)->92K(1088K)
[2025-04-17T11:39:56.254+0000][3196.084s][info][gc,heap        ] GC(2063) Tenured: 15538K(22468K)->15538K(22468K)
[2025-04-17T11:39:56.254+0000][3196.084s][info][gc,metaspace   ] GC(2063) Metaspace: 38446K(38784K)->38446K(38784K) NonClass: 33896K(34048K)->33896K(34048K) Class: 4549K(4736K)->4549K(4736K)
[2025-04-17T11:39:56.254+0000][3196.084s][info][gc             ] GC(2063) Pause Young (Allocation Failure) 24M->15M(31M) 1.218ms
[2025-04-17T11:39:56.254+0000][3196.084s][info][gc,cpu         ] GC(2063) User=0.00s Sys=0.00s Real=0.00s
[2025-04-17T11:39:57.765+0000][3197.595s][info][gc,start       ] GC(2064) Pause Young (Allocation Failure)
[2025-04-17T11:39:57.766+0000][3197.596s][info][gc,heap        ] GC(2064) DefNew: 9180K(10176K)->87K(10176K) Eden: 9088K(9088K)->0K(9088K) From: 92K(1088K)->87K(1088K)
[2025-04-17T11:39:57.766+0000][3197.596s][info][gc,heap        ] GC(2064) Tenured: 15538K(22468K)->15539K(22468K)
[2025-04-17T11:39:57.766+0000][3197.596s][info][gc,metaspace   ] GC(2064) Metaspace: 38446K(38784K)->38446K(38784K) NonClass: 33896K(34048K)->33896K(34048K) Class: 4549K(4736K)->4549K(4736K)
[2025-04-17T11:39:57.766+0000][3197.597s][info][gc             ] GC(2064) Pause Young (Allocation Failure) 24M->15M(31M) 1.398ms
[2025-04-17T11:39:57.766+0000][3197.597s][info][gc,cpu         ] GC(2064) User=0.01s Sys=0.00s Real=0.00s
[2025-04-17T11:39:59.300+0000][3199.131s][info][gc,start       ] GC(2065) Pause Young (Allocation Failure)
[2025-04-17T11:39:59.302+0000][3199.132s][info][gc,heap        ] GC(2065) DefNew: 9175K(10176K)->80K(10176K) Eden: 9088K(9088K)->0K(9088K) From: 87K(1088K)->80K(1088K)
[2025-04-17T11:39:59.302+0000][3199.132s][info][gc,heap        ] GC(2065) Tenured: 15539K(22468K)->15539K(22468K)
[2025-04-17T11:39:59.302+0000][3199.132s][info][gc,metaspace   ] GC(2065) Metaspace: 38446K(38784K)->38446K(38784K) NonClass: 33896K(34048K)->33896K(34048K) Class: 4549K(4736K)->4549K(4736K)
[2025-04-17T11:39:59.302+0000][3199.132s][info][gc             ] GC(2065) Pause Young (Allocation Failure) 24M->15M(31M) 1.225ms
[2025-04-17T11:39:59.302+0000][3199.132s][info][gc,cpu         ] GC(2065) User=0.00s Sys=0.00s Real=0.00s
[2025-04-17T11:40:00.842+0000][3200.672s][info][gc,start       ] GC(2066) Pause Young (Allocation Failure)
[2025-04-17T11:40:00.843+0000][3200.673s][info][gc,heap        ] GC(2066) DefNew: 9168K(10176K)->100K(10176K) Eden: 9088K(9088K)->0K(9088K) From: 80K(1088K)->100K(1088K)
[2025-04-17T11:40:00.843+0000][3200.673s][info][gc,heap        ] GC(2066) Tenured: 15539K(22468K)->15539K(22468K)
[2025-04-17T11:40:00.843+0000][3200.673s][info][gc,metaspace   ] GC(2066) Metaspace: 38446K(38784K)->38446K(38784K) NonClass: 33896K(34048K)->33896K(34048K) Class: 4549K(4736K)->4549K(4736K)
[2025-04-17T11:40:00.843+0000][3200.673s][info][gc             ] GC(2066) Pause Young (Allocation Failure) 24M->15M(31M) 1.313ms
[2025-04-17T11:40:00.843+0000][3200.673s][info][gc,cpu         ] GC(2066) User=0.01s Sys=0.00s Real=0.00s
[2025-04-17T11:40:02.278+0000][3202.108s][info][gc,start       ] GC(2067) Pause Young (Allocation Failure)
[2025-04-17T11:40:02.279+0000][3202.109s][info][gc,heap        ] GC(2067) DefNew: 9188K(10176K)->72K(10176K) Eden: 9088K(9088K)->0K(9088K) From: 100K(1088K)->72K(1088K)
[2025-04-17T11:40:02.279+0000][3202.109s][info][gc,heap        ] GC(2067) Tenured: 15539K(22468K)->15540K(22468K)
[2025-04-17T11:40:02.279+0000][3202.109s][info][gc,metaspace   ] GC(2067) Metaspace: 38446K(38784K)->38446K(38784K) NonClass: 33896K(34048K)->33896K(34048K) Class: 4549K(4736K)->4549K(4736K)
[2025-04-17T11:40:02.279+0000][3202.109s][info][gc             ] GC(2067) Pause Young (Allocation Failure) 24M->15M(31M) 1.223ms
[2025-04-17T11:40:02.279+0000][3202.109s][info][gc,cpu         ] GC(2067) User=0.00s Sys=0.00s Real=0.00s
[2025-04-17T11:40:03.836+0000][3203.667s][info][gc,start       ] GC(2068) Pause Young (Allocation Failure)
[2025-04-17T11:40:03.838+0000][3203.668s][info][gc,heap        ] GC(2068) DefNew: 9160K(10176K)->83K(10176K) Eden: 9088K(9088K)->0K(9088K) From: 72K(1088K)->83K(1088K)
[2025-04-17T11:40:03.838+0000][3203.668s][info][gc,heap        ] GC(2068) Tenured: 15540K(22468K)->15540K(22468K)
[2025-04-17T11:40:03.838+0000][3203.668s][info][gc,metaspace   ] GC(2068) Metaspace: 38446K(38784K)->38446K(38784K) NonClass: 33896K(34048K)->33896K(34048K) Class: 4549K(4736K)->4549K(4736K)
[2025-04-17T11:40:03.838+0000][3203.668s][info][gc             ] GC(2068) Pause Young (Allocation Failure) 24M->15M(31M) 1.189ms
[2025-04-17T11:40:03.838+0000][3203.668s][info][gc,cpu         ] GC(2068) User=0.00s Sys=0.00s Real=0.00s
[2025-04-17T11:40:05.391+0000][3205.221s][info][gc,start       ] GC(2069) Pause Young (Allocation Failure)
[2025-04-17T11:40:05.392+0000][3205.222s][info][gc,heap        ] GC(2069) DefNew: 9171K(10176K)->99K(10176K) Eden: 9088K(9088K)->0K(9088K) From: 83K(1088K)->99K(1088K)
[2025-04-17T11:40:05.392+0000][3205.222s][info][gc,heap        ] GC(2069) Tenured: 15540K(22468K)->15541K(22468K)
[2025-04-17T11:40:05.392+0000][3205.222s][info][gc,metaspace   ] GC(2069) Metaspace: 38446K(38784K)->38446K(38784K) NonClass: 33896K(34048K)->33896K(34048K) Class: 4549K(4736K)->4549K(4736K)
[2025-04-17T11:40:05.392+0000][3205.222s][info][gc             ] GC(2069) Pause Young (Allocation Failure) 24M->15M(31M) 1.277ms
[2025-04-17T11:40:05.392+0000][3205.222s][info][gc,cpu         ] GC(2069) User=0.00s Sys=0.00s Real=0.00s
[2025-04-17T11:40:06.965+0000][3206.795s][info][gc,start       ] GC(2070) Pause Young (Allocation Failure)
[2025-04-17T11:40:06.966+0000][3206.796s][info][gc,heap        ] GC(2070) DefNew: 9187K(10176K)->85K(10176K) Eden: 9088K(9088K)->0K(9088K) From: 99K(1088K)->85K(1088K)
[2025-04-17T11:40:06.966+0000][3206.796s][info][gc,heap        ] GC(2070) Tenured: 15541K(22468K)->15541K(22468K)
[2025-04-17T11:40:06.966+0000][3206.796s][info][gc,metaspace   ] GC(2070) Metaspace: 38446K(38784K)->38446K(38784K) NonClass: 33896K(34048K)->33896K(34048K) Class: 4549K(4736K)->4549K(4736K)
[2025-04-17T11:40:06.966+0000][3206.796s][info][gc             ] GC(2070) Pause Young (Allocation Failure) 24M->15M(31M) 1.134ms
[2025-04-17T11:40:06.966+0000][3206.796s][info][gc,cpu         ] GC(2070) User=0.00s Sys=0.00s Real=0.00s
[2025-04-17T11:40:08.452+0000][3208.282s][info][gc,start       ] GC(2071) Pause Young (Allocation Failure)
[2025-04-17T11:40:08.453+0000][3208.283s][info][gc,heap        ] GC(2071) DefNew: 9173K(10176K)->87K(10176K) Eden: 9088K(9088K)->0K(9088K) From: 85K(1088K)->87K(1088K)
[2025-04-17T11:40:08.453+0000][3208.283s][info][gc,heap        ] GC(2071) Tenured: 15541K(22468K)->15541K(22468K)
[2025-04-17T11:40:08.453+0000][3208.283s][info][gc,metaspace   ] GC(2071) Metaspace: 38446K(38784K)->38446K(38784K) NonClass: 33896K(34048K)->33896K(34048K) Class: 4549K(4736K)->4549K(4736K)
[2025-04-17T11:40:08.453+0000][3208.283s][info][gc             ] GC(2071) Pause Young (Allocation Failure) 24M->15M(31M) 1.342ms
[2025-04-17T11:40:08.453+0000][3208.283s][info][gc,cpu         ] GC(2071) User=0.00s Sys=0.00s Real=0.00s
[2025-04-17T11:40:10.198+0000][3210.028s][info][gc,start       ] GC(2072) Pause Young (Allocation Failure)
[2025-04-17T11:40:10.200+0000][3210.030s][info][gc,heap        ] GC(2072) DefNew: 9175K(10176K)->87K(10176K) Eden: 9088K(9088K)->0K(9088K) From: 87K(1088K)->87K(1088K)
[2025-04-17T11:40:10.200+0000][3210.030s][info][gc,heap        ] GC(2072) Tenured: 15541K(22468K)->15544K(22468K)
[2025-04-17T11:40:10.200+0000][3210.030s][info][gc,metaspace   ] GC(2072) Metaspace: 38446K(38784K)->38446K(38784K) NonClass: 33896K(34048K)->33896K(34048K) Class: 4549K(4736K)->4549K(4736K)
[2025-04-17T11:40:10.200+0000][3210.030s][info][gc             ] GC(2072) Pause Young (Allocation Failure) 24M->15M(31M) 1.309ms
[2025-04-17T11:40:10.200+0000][3210.030s][info][gc,cpu         ] GC(2072) User=0.00s Sys=0.00s Real=0.00s
[2025-04-17T11:40:11.829+0000][3211.659s][info][gc,start       ] GC(2073) Pause Young (Allocation Failure)
[2025-04-17T11:40:11.830+0000][3211.660s][info][gc,heap        ] GC(2073) DefNew: 9175K(10176K)->103K(10176K) Eden: 9088K(9088K)->0K(9088K) From: 87K(1088K)->103K(1088K)
[2025-04-17T11:40:11.830+0000][3211.660s][info][gc,heap        ] GC(2073) Tenured: 15544K(22468K)->15545K(22468K)
[2025-04-17T11:40:11.830+0000][3211.660s][info][gc,metaspace   ] GC(2073) Metaspace: 38446K(38784K)->38446K(38784K) NonClass: 33896K(34048K)->33896K(34048K) Class: 4549K(4736K)->4549K(4736K)
[2025-04-17T11:40:11.830+0000][3211.660s][info][gc             ] GC(2073) Pause Young (Allocation Failure) 24M->15M(31M) 1.292ms
[2025-04-17T11:40:11.830+0000][3211.660s][info][gc,cpu         ] GC(2073) User=0.00s Sys=0.00s Real=0.00s
[2025-04-17T11:40:13.318+0000][3213.148s][info][gc,start       ] GC(2074) Pause Young (Allocation Failure)
[2025-04-17T11:40:13.319+0000][3213.150s][info][gc,heap        ] GC(2074) DefNew: 9191K(10176K)->90K(10176K) Eden: 9088K(9088K)->0K(9088K) From: 103K(1088K)->90K(1088K)
[2025-04-17T11:40:13.319+0000][3213.150s][info][gc,heap        ] GC(2074) Tenured: 15545K(22468K)->15548K(22468K)
[2025-04-17T11:40:13.319+0000][3213.150s][info][gc,metaspace   ] GC(2074) Metaspace: 38446K(38784K)->38446K(38784K) NonClass: 33896K(34048K)->33896K(34048K) Class: 4549K(4736K)->4549K(4736K)
[2025-04-17T11:40:13.319+0000][3213.150s][info][gc             ] GC(2074) Pause Young (Allocation Failure) 24M->15M(31M) 1.448ms
[2025-04-17T11:40:13.319+0000][3213.150s][info][gc,cpu         ] GC(2074) User=0.00s Sys=0.00s Real=0.00s
[2025-04-17T11:40:14.714+0000][3214.545s][info][gc,start       ] GC(2075) Pause Young (Allocation Failure)
[2025-04-17T11:40:14.716+0000][3214.546s][info][gc,heap        ] GC(2075) DefNew: 9178K(10176K)->87K(10176K) Eden: 9088K(9088K)->0K(9088K) From: 90K(1088K)->87K(1088K)
[2025-04-17T11:40:14.716+0000][3214.546s][info][gc,heap        ] GC(2075) Tenured: 15548K(22468K)->15548K(22468K)
[2025-04-17T11:40:14.716+0000][3214.546s][info][gc,metaspace   ] GC(2075) Metaspace: 38446K(38784K)->38446K(38784K) NonClass: 33896K(34048K)->33896K(34048K) Class: 4549K(4736K)->4549K(4736K)
[2025-04-17T11:40:14.716+0000][3214.546s][info][gc             ] GC(2075) Pause Young (Allocation Failure) 24M->15M(31M) 1.209ms
[2025-04-17T11:40:14.716+0000][3214.546s][info][gc,cpu         ] GC(2075) User=0.00s Sys=0.00s Real=0.00s
[2025-04-17T11:40:16.183+0000][3216.013s][info][gc,start       ] GC(2076) Pause Young (Allocation Failure)
[2025-04-17T11:40:16.184+0000][3216.014s][info][gc,heap        ] GC(2076) DefNew: 9175K(10176K)->122K(10176K) Eden: 9088K(9088K)->0K(9088K) From: 87K(1088K)->122K(1088K)
[2025-04-17T11:40:16.184+0000][3216.014s][info][gc,heap        ] GC(2076) Tenured: 15548K(22468K)->15550K(22468K)
[2025-04-17T11:40:16.184+0000][3216.014s][info][gc,metaspace   ] GC(2076) Metaspace: 38446K(38784K)->38446K(38784K) NonClass: 33896K(34048K)->33896K(34048K) Class: 4549K(4736K)->4549K(4736K)
[2025-04-17T11:40:16.184+0000][3216.014s][info][gc             ] GC(2076) Pause Young (Allocation Failure) 24M->15M(31M) 1.455ms
[2025-04-17T11:40:16.184+0000][3216.014s][info][gc,cpu         ] GC(2076) User=0.00s Sys=0.00s Real=0.01s
[2025-04-17T11:40:17.813+0000][3217.643s][info][gc,start       ] GC(2077) Pause Young (Allocation Failure)
[2025-04-17T11:40:17.814+0000][3217.644s][info][gc,heap        ] GC(2077) DefNew: 9210K(10176K)->95K(10176K) Eden: 9088K(9088K)->0K(9088K) From: 122K(1088K)->95K(1088K)
[2025-04-17T11:40:17.814+0000][3217.644s][info][gc,heap        ] GC(2077) Tenured: 15550K(22468K)->15550K(22468K)
[2025-04-17T11:40:17.814+0000][3217.644s][info][gc,metaspace   ] GC(2077) Metaspace: 38446K(38784K)->38446K(38784K) NonClass: 33896K(34048K)->33896K(34048K) Class: 4549K(4736K)->4549K(4736K)
[2025-04-17T11:40:17.814+0000][3217.644s][info][gc             ] GC(2077) Pause Young (Allocation Failure) 24M->15M(31M) 1.307ms
[2025-04-17T11:40:17.814+0000][3217.644s][info][gc,cpu         ] GC(2077) User=0.00s Sys=0.00s Real=0.01s
[2025-04-17T11:40:19.435+0000][3219.266s][info][gc,start       ] GC(2078) Pause Young (Allocation Failure)
[2025-04-17T11:40:19.437+0000][3219.267s][info][gc,heap        ] GC(2078) DefNew: 9183K(10176K)->88K(10176K) Eden: 9088K(9088K)->0K(9088K) From: 95K(1088K)->88K(1088K)
[2025-04-17T11:40:19.437+0000][3219.267s][info][gc,heap        ] GC(2078) Tenured: 15550K(22468K)->15551K(22468K)
[2025-04-17T11:40:19.437+0000][3219.267s][info][gc,metaspace   ] GC(2078) Metaspace: 38446K(38784K)->38446K(38784K) NonClass: 33896K(34048K)->33896K(34048K) Class: 4549K(4736K)->4549K(4736K)
[2025-04-17T11:40:19.437+0000][3219.267s][info][gc             ] GC(2078) Pause Young (Allocation Failure) 24M->15M(31M) 1.262ms
[2025-04-17T11:40:19.437+0000][3219.267s][info][gc,cpu         ] GC(2078) User=0.00s Sys=0.00s Real=0.00s
[2025-04-17T11:40:20.776+0000][3220.607s][info][gc,start       ] GC(2079) Pause Young (Allocation Failure)
[2025-04-17T11:40:20.778+0000][3220.608s][info][gc,heap        ] GC(2079) DefNew: 9176K(10176K)->91K(10176K) Eden: 9088K(9088K)->0K(9088K) From: 88K(1088K)->91K(1088K)
[2025-04-17T11:40:20.778+0000][3220.608s][info][gc,heap        ] GC(2079) Tenured: 15551K(22468K)->15551K(22468K)
[2025-04-17T11:40:20.778+0000][3220.608s][info][gc,metaspace   ] GC(2079) Metaspace: 38446K(38784K)->38446K(38784K) NonClass: 33896K(34048K)->33896K(34048K) Class: 4549K(4736K)->4549K(4736K)
[2025-04-17T11:40:20.778+0000][3220.608s][info][gc             ] GC(2079) Pause Young (Allocation Failure) 24M->15M(31M) 1.342ms
[2025-04-17T11:40:20.778+0000][3220.608s][info][gc,cpu         ] GC(2079) User=0.00s Sys=0.00s Real=0.00s
[2025-04-17T11:40:22.288+0000][3222.118s][info][gc,start       ] GC(2080) Pause Young (Allocation Failure)
[2025-04-17T11:40:22.289+0000][3222.120s][info][gc,heap        ] GC(2080) DefNew: 9179K(10176K)->107K(10176K) Eden: 9087K(9088K)->0K(9088K) From: 91K(1088K)->107K(1088K)
[2025-04-17T11:40:22.289+0000][3222.120s][info][gc,heap        ] GC(2080) Tenured: 15551K(22468K)->15551K(22468K)
[2025-04-17T11:40:22.289+0000][3222.120s][info][gc,metaspace   ] GC(2080) Metaspace: 38446K(38784K)->38446K(38784K) NonClass: 33896K(34048K)->33896K(34048K) Class: 4549K(4736K)->4549K(4736K)
[2025-04-17T11:40:22.290+0000][3222.120s][info][gc             ] GC(2080) Pause Young (Allocation Failure) 24M->15M(31M) 1.235ms
[2025-04-17T11:40:22.290+0000][3222.120s][info][gc,cpu         ] GC(2080) User=0.01s Sys=0.00s Real=0.00s
[2025-04-17T11:40:24.008+0000][3223.838s][info][gc,start       ] GC(2081) Pause Young (Allocation Failure)
[2025-04-17T11:40:24.009+0000][3223.839s][info][gc,heap        ] GC(2081) DefNew: 9195K(10176K)->92K(10176K) Eden: 9088K(9088K)->0K(9088K) From: 107K(1088K)->92K(1088K)
[2025-04-17T11:40:24.009+0000][3223.839s][info][gc,heap        ] GC(2081) Tenured: 15551K(22468K)->15551K(22468K)
[2025-04-17T11:40:24.009+0000][3223.839s][info][gc,metaspace   ] GC(2081) Metaspace: 38446K(38784K)->38446K(38784K) NonClass: 33896K(34048K)->33896K(34048K) Class: 4549K(4736K)->4549K(4736K)
[2025-04-17T11:40:24.009+0000][3223.839s][info][gc             ] GC(2081) Pause Young (Allocation Failure) 24M->15M(31M) 1.260ms
[2025-04-17T11:40:24.009+0000][3223.839s][info][gc,cpu         ] GC(2081) User=0.00s Sys=0.00s Real=0.00s
[2025-04-17T11:40:25.613+0000][3225.444s][info][gc,start       ] GC(2082) Pause Young (Allocation Failure)
[2025-04-17T11:40:25.615+0000][3225.445s][info][gc,heap        ] GC(2082) DefNew: 9180K(10176K)->93K(10176K) Eden: 9088K(9088K)->0K(9088K) From: 92K(1088K)->93K(1088K)
[2025-04-17T11:40:25.615+0000][3225.445s][info][gc,heap        ] GC(2082) Tenured: 15551K(22468K)->15551K(22468K)
[2025-04-17T11:40:25.615+0000][3225.445s][info][gc,metaspace   ] GC(2082) Metaspace: 38446K(38784K)->38446K(38784K) NonClass: 33896K(34048K)->33896K(34048K) Class: 4549K(4736K)->4549K(4736K)
[2025-04-17T11:40:25.615+0000][3225.445s][info][gc             ] GC(2082) Pause Young (Allocation Failure) 24M->15M(31M) 1.252ms
[2025-04-17T11:40:25.615+0000][3225.445s][info][gc,cpu         ] GC(2082) User=0.00s Sys=0.00s Real=0.01s
[2025-04-17T11:40:26.975+0000][3226.805s][info][gc,start       ] GC(2083) Pause Young (Allocation Failure)
[2025-04-17T11:40:26.976+0000][3226.806s][info][gc,heap        ] GC(2083) DefNew: 9181K(10176K)->109K(10176K) Eden: 9088K(9088K)->0K(9088K) From: 93K(1088K)->109K(1088K)
[2025-04-17T11:40:26.976+0000][3226.806s][info][gc,heap        ] GC(2083) Tenured: 15551K(22468K)->15551K(22468K)
[2025-04-17T11:40:26.976+0000][3226.806s][info][gc,metaspace   ] GC(2083) Metaspace: 38446K(38784K)->38446K(38784K) NonClass: 33896K(34048K)->33896K(34048K) Class: 4549K(4736K)->4549K(4736K)
[2025-04-17T11:40:26.976+0000][3226.806s][info][gc             ] GC(2083) Pause Young (Allocation Failure) 24M->15M(31M) 1.298ms
[2025-04-17T11:40:26.976+0000][3226.806s][info][gc,cpu         ] GC(2083) User=0.00s Sys=0.00s Real=0.00s
[2025-04-17T11:40:28.554+0000][3228.384s][info][gc,start       ] GC(2084) Pause Young (Allocation Failure)
[2025-04-17T11:40:28.555+0000][3228.385s][info][gc,heap        ] GC(2084) DefNew: 9197K(10176K)->104K(10176K) Eden: 9088K(9088K)->0K(9088K) From: 109K(1088K)->104K(1088K)
[2025-04-17T11:40:28.555+0000][3228.385s][info][gc,heap        ] GC(2084) Tenured: 15551K(22468K)->15553K(22468K)
[2025-04-17T11:40:28.555+0000][3228.385s][info][gc,metaspace   ] GC(2084) Metaspace: 38446K(38784K)->38446K(38784K) NonClass: 33896K(34048K)->33896K(34048K) Class: 4549K(4736K)->4549K(4736K)
[2025-04-17T11:40:28.555+0000][3228.385s][info][gc             ] GC(2084) Pause Young (Allocation Failure) 24M->15M(31M) 1.326ms
[2025-04-17T11:40:28.555+0000][3228.385s][info][gc,cpu         ] GC(2084) User=0.00s Sys=0.00s Real=0.01s
[2025-04-17T11:40:30.001+0000][3229.831s][info][gc,start       ] GC(2085) Pause Young (Allocation Failure)
[2025-04-17T11:40:30.002+0000][3229.833s][info][gc,heap        ] GC(2085) DefNew: 9192K(10176K)->94K(10176K) Eden: 9088K(9088K)->0K(9088K) From: 104K(1088K)->94K(1088K)
[2025-04-17T11:40:30.002+0000][3229.833s][info][gc,heap        ] GC(2085) Tenured: 15553K(22468K)->15555K(22468K)
[2025-04-17T11:40:30.002+0000][3229.833s][info][gc,metaspace   ] GC(2085) Metaspace: 38446K(38784K)->38446K(38784K) NonClass: 33896K(34048K)->33896K(34048K) Class: 4549K(4736K)->4549K(4736K)
[2025-04-17T11:40:30.003+0000][3229.833s][info][gc             ] GC(2085) Pause Young (Allocation Failure) 24M->15M(31M) 1.301ms
[2025-04-17T11:40:30.003+0000][3229.833s][info][gc,cpu         ] GC(2085) User=0.00s Sys=0.00s Real=0.00s
[2025-04-17T11:40:31.608+0000][3231.439s][info][gc,start       ] GC(2086) Pause Young (Allocation Failure)
[2025-04-17T11:40:31.610+0000][3231.440s][info][gc,heap        ] GC(2086) DefNew: 9182K(10176K)->102K(10176K) Eden: 9088K(9088K)->0K(9088K) From: 94K(1088K)->102K(1088K)
[2025-04-17T11:40:31.610+0000][3231.440s][info][gc,heap        ] GC(2086) Tenured: 15555K(22468K)->15557K(22468K)
[2025-04-17T11:40:31.610+0000][3231.440s][info][gc,metaspace   ] GC(2086) Metaspace: 38446K(38784K)->38446K(38784K) NonClass: 33896K(34048K)->33896K(34048K) Class: 4549K(4736K)->4549K(4736K)
[2025-04-17T11:40:31.610+0000][3231.440s][info][gc             ] GC(2086) Pause Young (Allocation Failure) 24M->15M(31M) 1.313ms
[2025-04-17T11:40:31.610+0000][3231.440s][info][gc,cpu         ] GC(2086) User=0.00s Sys=0.00s Real=0.00s
[2025-04-17T11:40:33.013+0000][3232.843s][info][gc,start       ] GC(2087) Pause Young (Allocation Failure)
[2025-04-17T11:40:33.014+0000][3232.845s][info][gc,heap        ] GC(2087) DefNew: 9190K(10176K)->104K(10176K) Eden: 9088K(9088K)->0K(9088K) From: 102K(1088K)->104K(1088K)
[2025-04-17T11:40:33.014+0000][3232.845s][info][gc,heap        ] GC(2087) Tenured: 15557K(22468K)->15559K(22468K)
[2025-04-17T11:40:33.014+0000][3232.845s][info][gc,metaspace   ] GC(2087) Metaspace: 38446K(38784K)->38446K(38784K) NonClass: 33896K(34048K)->33896K(34048K) Class: 4549K(4736K)->4549K(4736K)
[2025-04-17T11:40:33.015+0000][3232.845s][info][gc             ] GC(2087) Pause Young (Allocation Failure) 24M->15M(31M) 1.221ms
[2025-04-17T11:40:33.015+0000][3232.845s][info][gc,cpu         ] GC(2087) User=0.00s Sys=0.00s Real=0.01s
[2025-04-17T11:40:34.783+0000][3234.613s][info][gc,start       ] GC(2088) Pause Young (Allocation Failure)
[2025-04-17T11:40:34.784+0000][3234.615s][info][gc,heap        ] GC(2088) DefNew: 9189K(10176K)->94K(10176K) Eden: 9084K(9088K)->0K(9088K) From: 104K(1088K)->94K(1088K)
[2025-04-17T11:40:34.784+0000][3234.615s][info][gc,heap        ] GC(2088) Tenured: 15559K(22468K)->15560K(22468K)
[2025-04-17T11:40:34.784+0000][3234.615s][info][gc,metaspace   ] GC(2088) Metaspace: 38446K(38784K)->38446K(38784K) NonClass: 33896K(34048K)->33896K(34048K) Class: 4549K(4736K)->4549K(4736K)
[2025-04-17T11:40:34.784+0000][3234.615s][info][gc             ] GC(2088) Pause Young (Allocation Failure) 24M->15M(31M) 1.256ms
[2025-04-17T11:40:34.784+0000][3234.615s][info][gc,cpu         ] GC(2088) User=0.01s Sys=0.00s Real=0.01s
[2025-04-17T11:40:36.394+0000][3236.225s][info][gc,start       ] GC(2089) Pause Young (Allocation Failure)
[2025-04-17T11:40:36.396+0000][3236.226s][info][gc,heap        ] GC(2089) DefNew: 9173K(10176K)->106K(10176K) Eden: 9078K(9088K)->0K(9088K) From: 94K(1088K)->106K(1088K)
[2025-04-17T11:40:36.396+0000][3236.226s][info][gc,heap        ] GC(2089) Tenured: 15560K(22468K)->15562K(22468K)
[2025-04-17T11:40:36.396+0000][3236.226s][info][gc,metaspace   ] GC(2089) Metaspace: 38446K(38784K)->38446K(38784K) NonClass: 33896K(34048K)->33896K(34048K) Class: 4549K(4736K)->4549K(4736K)
[2025-04-17T11:40:36.396+0000][3236.226s][info][gc             ] GC(2089) Pause Young (Allocation Failure) 24M->15M(31M) 1.302ms
[2025-04-17T11:40:36.396+0000][3236.226s][info][gc,cpu         ] GC(2089) User=0.00s Sys=0.00s Real=0.00s
[2025-04-17T11:40:38.245+0000][3238.075s][info][gc,start       ] GC(2090) Pause Young (Allocation Failure)
[2025-04-17T11:40:38.246+0000][3238.076s][info][gc,heap        ] GC(2090) DefNew: 9194K(10176K)->86K(10176K) Eden: 9088K(9088K)->0K(9088K) From: 106K(1088K)->86K(1088K)
[2025-04-17T11:40:38.246+0000][3238.076s][info][gc,heap        ] GC(2090) Tenured: 15562K(22468K)->15563K(22468K)
[2025-04-17T11:40:38.246+0000][3238.076s][info][gc,metaspace   ] GC(2090) Metaspace: 38446K(38784K)->38446K(38784K) NonClass: 33896K(34048K)->33896K(34048K) Class: 4549K(4736K)->4549K(4736K)
[2025-04-17T11:40:38.246+0000][3238.076s][info][gc             ] GC(2090) Pause Young (Allocation Failure) 24M->15M(31M) 1.228ms
[2025-04-17T11:40:38.246+0000][3238.076s][info][gc,cpu         ] GC(2090) User=0.00s Sys=0.00s Real=0.00s
[2025-04-17T11:40:39.621+0000][3239.451s][info][gc,start       ] GC(2091) Pause Young (Allocation Failure)
[2025-04-17T11:40:39.622+0000][3239.452s][info][gc,heap        ] GC(2091) DefNew: 9174K(10176K)->107K(10176K) Eden: 9088K(9088K)->0K(9088K) From: 86K(1088K)->107K(1088K)
[2025-04-17T11:40:39.622+0000][3239.452s][info][gc,heap        ] GC(2091) Tenured: 15563K(22468K)->15564K(22468K)
[2025-04-17T11:40:39.622+0000][3239.452s][info][gc,metaspace   ] GC(2091) Metaspace: 38446K(38784K)->38446K(38784K) NonClass: 33896K(34048K)->33896K(34048K) Class: 4549K(4736K)->4549K(4736K)
[2025-04-17T11:40:39.622+0000][3239.452s][info][gc             ] GC(2091) Pause Young (Allocation Failure) 24M->15M(31M) 1.319ms
[2025-04-17T11:40:39.622+0000][3239.452s][info][gc,cpu         ] GC(2091) User=0.00s Sys=0.00s Real=0.00s
[2025-04-17T11:40:41.536+0000][3241.366s][info][gc,start       ] GC(2092) Pause Young (Allocation Failure)
[2025-04-17T11:40:41.537+0000][3241.367s][info][gc,heap        ] GC(2092) DefNew: 9193K(10176K)->91K(10176K) Eden: 9086K(9088K)->0K(9088K) From: 107K(1088K)->91K(1088K)
[2025-04-17T11:40:41.537+0000][3241.367s][info][gc,heap        ] GC(2092) Tenured: 15564K(22468K)->15565K(22468K)
[2025-04-17T11:40:41.537+0000][3241.367s][info][gc,metaspace   ] GC(2092) Metaspace: 38446K(38784K)->38446K(38784K) NonClass: 33896K(34048K)->33896K(34048K) Class: 4549K(4736K)->4549K(4736K)
[2025-04-17T11:40:41.537+0000][3241.367s][info][gc             ] GC(2092) Pause Young (Allocation Failure) 24M->15M(31M) 1.152ms
[2025-04-17T11:40:41.537+0000][3241.367s][info][gc,cpu         ] GC(2092) User=0.00s Sys=0.00s Real=0.00s
[2025-04-17T11:40:42.950+0000][3242.780s][info][gc,start       ] GC(2093) Pause Young (Allocation Failure)
[2025-04-17T11:40:42.951+0000][3242.781s][info][gc,heap        ] GC(2093) DefNew: 9178K(10176K)->102K(10176K) Eden: 9087K(9088K)->0K(9088K) From: 91K(1088K)->102K(1088K)
[2025-04-17T11:40:42.951+0000][3242.781s][info][gc,heap        ] GC(2093) Tenured: 15565K(22468K)->15567K(22468K)
[2025-04-17T11:40:42.951+0000][3242.781s][info][gc,metaspace   ] GC(2093) Metaspace: 38446K(38784K)->38446K(38784K) NonClass: 33896K(34048K)->33896K(34048K) Class: 4549K(4736K)->4549K(4736K)
[2025-04-17T11:40:42.951+0000][3242.781s][info][gc             ] GC(2093) Pause Young (Allocation Failure) 24M->15M(31M) 1.304ms
[2025-04-17T11:40:42.951+0000][3242.781s][info][gc,cpu         ] GC(2093) User=0.00s Sys=0.00s Real=0.00s
[2025-04-17T11:40:44.660+0000][3244.491s][info][gc,start       ] GC(2094) Pause Young (Allocation Failure)
[2025-04-17T11:40:44.662+0000][3244.492s][info][gc,heap        ] GC(2094) DefNew: 9190K(10176K)->83K(10176K) Eden: 9088K(9088K)->0K(9088K) From: 102K(1088K)->83K(1088K)
[2025-04-17T11:40:44.662+0000][3244.492s][info][gc,heap        ] GC(2094) Tenured: 15567K(22468K)->15569K(22468K)
[2025-04-17T11:40:44.662+0000][3244.492s][info][gc,metaspace   ] GC(2094) Metaspace: 38446K(38784K)->38446K(38784K) NonClass: 33896K(34048K)->33896K(34048K) Class: 4549K(4736K)->4549K(4736K)
[2025-04-17T11:40:44.662+0000][3244.492s][info][gc             ] GC(2094) Pause Young (Allocation Failure) 24M->15M(31M) 1.217ms
[2025-04-17T11:40:44.662+0000][3244.492s][info][gc,cpu         ] GC(2094) User=0.00s Sys=0.00s Real=0.00s
[2025-04-17T11:40:46.123+0000][3245.953s][info][gc,start       ] GC(2095) Pause Young (Allocation Failure)
[2025-04-17T11:40:46.124+0000][3245.954s][info][gc,heap        ] GC(2095) DefNew: 9171K(10176K)->98K(10176K) Eden: 9088K(9088K)->0K(9088K) From: 83K(1088K)->98K(1088K)
[2025-04-17T11:40:46.124+0000][3245.954s][info][gc,heap        ] GC(2095) Tenured: 15569K(22468K)->15570K(22468K)
[2025-04-17T11:40:46.124+0000][3245.954s][info][gc,metaspace   ] GC(2095) Metaspace: 38446K(38784K)->38446K(38784K) NonClass: 33896K(34048K)->33896K(34048K) Class: 4549K(4736K)->4549K(4736K)
[2025-04-17T11:40:46.124+0000][3245.954s][info][gc             ] GC(2095) Pause Young (Allocation Failure) 24M->15M(31M) 1.231ms
[2025-04-17T11:40:46.124+0000][3245.954s][info][gc,cpu         ] GC(2095) User=0.00s Sys=0.00s Real=0.01s
[2025-04-17T11:40:47.963+0000][3247.793s][info][gc,start       ] GC(2096) Pause Young (Allocation Failure)
[2025-04-17T11:40:47.964+0000][3247.794s][info][gc,heap        ] GC(2096) DefNew: 9186K(10176K)->87K(10176K) Eden: 9088K(9088K)->0K(9088K) From: 98K(1088K)->87K(1088K)
[2025-04-17T11:40:47.964+0000][3247.794s][info][gc,heap        ] GC(2096) Tenured: 15570K(22468K)->15573K(22468K)
[2025-04-17T11:40:47.964+0000][3247.794s][info][gc,metaspace   ] GC(2096) Metaspace: 38446K(38784K)->38446K(38784K) NonClass: 33896K(34048K)->33896K(34048K) Class: 4549K(4736K)->4549K(4736K)
[2025-04-17T11:40:47.964+0000][3247.794s][info][gc             ] GC(2096) Pause Young (Allocation Failure) 24M->15M(31M) 1.242ms
[2025-04-17T11:40:47.964+0000][3247.794s][info][gc,cpu         ] GC(2096) User=0.00s Sys=0.00s Real=0.00s
[2025-04-17T11:40:49.549+0000][3249.379s][info][gc,start       ] GC(2097) Pause Young (Allocation Failure)
[2025-04-17T11:40:49.550+0000][3249.380s][info][gc,heap        ] GC(2097) DefNew: 9174K(10176K)->91K(10176K) Eden: 9087K(9088K)->0K(9088K) From: 87K(1088K)->91K(1088K)
[2025-04-17T11:40:49.550+0000][3249.380s][info][gc,heap        ] GC(2097) Tenured: 15573K(22468K)->15573K(22468K)
[2025-04-17T11:40:49.550+0000][3249.380s][info][gc,metaspace   ] GC(2097) Metaspace: 38446K(38784K)->38446K(38784K) NonClass: 33896K(34048K)->33896K(34048K) Class: 4549K(4736K)->4549K(4736K)
[2025-04-17T11:40:49.550+0000][3249.380s][info][gc             ] GC(2097) Pause Young (Allocation Failure) 24M->15M(31M) 1.373ms
[2025-04-17T11:40:49.550+0000][3249.380s][info][gc,cpu         ] GC(2097) User=0.00s Sys=0.00s Real=0.00s
[2025-04-17T11:40:50.875+0000][3250.705s][info][gc,start       ] GC(2098) Pause Young (Allocation Failure)
[2025-04-17T11:40:50.876+0000][3250.707s][info][gc,heap        ] GC(2098) DefNew: 9179K(10176K)->79K(10176K) Eden: 9088K(9088K)->0K(9088K) From: 91K(1088K)->79K(1088K)
[2025-04-17T11:40:50.876+0000][3250.707s][info][gc,heap        ] GC(2098) Tenured: 15573K(22468K)->15573K(22468K)
[2025-04-17T11:40:50.876+0000][3250.707s][info][gc,metaspace   ] GC(2098) Metaspace: 38446K(38784K)->38446K(38784K) NonClass: 33896K(34048K)->33896K(34048K) Class: 4549K(4736K)->4549K(4736K)
[2025-04-17T11:40:50.876+0000][3250.707s][info][gc             ] GC(2098) Pause Young (Allocation Failure) 24M->15M(31M) 1.235ms
[2025-04-17T11:40:50.876+0000][3250.707s][info][gc,cpu         ] GC(2098) User=0.00s Sys=0.00s Real=0.00s
[2025-04-17T11:40:52.488+0000][3252.319s][info][gc,start       ] GC(2099) Pause Young (Allocation Failure)
[2025-04-17T11:40:52.490+0000][3252.320s][info][gc,heap        ] GC(2099) DefNew: 9167K(10176K)->75K(10176K) Eden: 9088K(9088K)->0K(9088K) From: 79K(1088K)->75K(1088K)
[2025-04-17T11:40:52.490+0000][3252.320s][info][gc,heap        ] GC(2099) Tenured: 15573K(22468K)->15574K(22468K)
[2025-04-17T11:40:52.490+0000][3252.320s][info][gc,metaspace   ] GC(2099) Metaspace: 38446K(38784K)->38446K(38784K) NonClass: 33896K(34048K)->33896K(34048K) Class: 4549K(4736K)->4549K(4736K)
[2025-04-17T11:40:52.490+0000][3252.320s][info][gc             ] GC(2099) Pause Young (Allocation Failure) 24M->15M(31M) 1.281ms
[2025-04-17T11:40:52.490+0000][3252.320s][info][gc,cpu         ] GC(2099) User=0.00s Sys=0.00s Real=0.00s
[2025-04-17T11:40:54.017+0000][3253.847s][info][gc,start       ] GC(2100) Pause Young (Allocation Failure)
[2025-04-17T11:40:54.018+0000][3253.848s][info][gc,heap        ] GC(2100) DefNew: 9156K(10176K)->80K(10176K) Eden: 9081K(9088K)->0K(9088K) From: 75K(1088K)->80K(1088K)
[2025-04-17T11:40:54.018+0000][3253.848s][info][gc,heap        ] GC(2100) Tenured: 15574K(22468K)->15574K(22468K)
[2025-04-17T11:40:54.018+0000][3253.848s][info][gc,metaspace   ] GC(2100) Metaspace: 38446K(38784K)->38446K(38784K) NonClass: 33896K(34048K)->33896K(34048K) Class: 4549K(4736K)->4549K(4736K)
[2025-04-17T11:40:54.018+0000][3253.848s][info][gc             ] GC(2100) Pause Young (Allocation Failure) 24M->15M(31M) 1.550ms
[2025-04-17T11:40:54.018+0000][3253.848s][info][gc,cpu         ] GC(2100) User=0.00s Sys=0.00s Real=0.00s
[2025-04-17T11:40:55.513+0000][3255.343s][info][gc,start       ] GC(2101) Pause Young (Allocation Failure)
[2025-04-17T11:40:55.514+0000][3255.344s][info][gc,heap        ] GC(2101) DefNew: 9168K(10176K)->82K(10176K) Eden: 9088K(9088K)->0K(9088K) From: 80K(1088K)->82K(1088K)
[2025-04-17T11:40:55.514+0000][3255.344s][info][gc,heap        ] GC(2101) Tenured: 15574K(22468K)->15575K(22468K)
[2025-04-17T11:40:55.514+0000][3255.344s][info][gc,metaspace   ] GC(2101) Metaspace: 38446K(38784K)->38446K(38784K) NonClass: 33896K(34048K)->33896K(34048K) Class: 4549K(4736K)->4549K(4736K)
[2025-04-17T11:40:55.514+0000][3255.344s][info][gc             ] GC(2101) Pause Young (Allocation Failure) 24M->15M(31M) 1.290ms
[2025-04-17T11:40:55.514+0000][3255.344s][info][gc,cpu         ] GC(2101) User=0.01s Sys=0.00s Real=0.00s
[2025-04-17T11:40:57.097+0000][3256.928s][info][gc,start       ] GC(2102) Pause Young (Allocation Failure)
[2025-04-17T11:40:57.099+0000][3256.929s][info][gc,heap        ] GC(2102) DefNew: 9170K(10176K)->83K(10176K) Eden: 9088K(9088K)->0K(9088K) From: 82K(1088K)->83K(1088K)
[2025-04-17T11:40:57.099+0000][3256.929s][info][gc,heap        ] GC(2102) Tenured: 15575K(22468K)->15575K(22468K)
[2025-04-17T11:40:57.099+0000][3256.929s][info][gc,metaspace   ] GC(2102) Metaspace: 38446K(38784K)->38446K(38784K) NonClass: 33896K(34048K)->33896K(34048K) Class: 4549K(4736K)->4549K(4736K)
[2025-04-17T11:40:57.099+0000][3256.929s][info][gc             ] GC(2102) Pause Young (Allocation Failure) 24M->15M(31M) 1.323ms
[2025-04-17T11:40:57.099+0000][3256.929s][info][gc,cpu         ] GC(2102) User=0.00s Sys=0.00s Real=0.00s
[2025-04-17T11:40:58.564+0000][3258.394s][info][gc,start       ] GC(2103) Pause Young (Allocation Failure)
[2025-04-17T11:40:58.565+0000][3258.395s][info][gc,heap        ] GC(2103) DefNew: 9171K(10176K)->77K(10176K) Eden: 9088K(9088K)->0K(9088K) From: 83K(1088K)->77K(1088K)
[2025-04-17T11:40:58.565+0000][3258.395s][info][gc,heap        ] GC(2103) Tenured: 15575K(22468K)->15575K(22468K)
[2025-04-17T11:40:58.565+0000][3258.395s][info][gc,metaspace   ] GC(2103) Metaspace: 38446K(38784K)->38446K(38784K) NonClass: 33896K(34048K)->33896K(34048K) Class: 4549K(4736K)->4549K(4736K)
[2025-04-17T11:40:58.565+0000][3258.395s][info][gc             ] GC(2103) Pause Young (Allocation Failure) 24M->15M(31M) 1.291ms
[2025-04-17T11:40:58.565+0000][3258.395s][info][gc,cpu         ] GC(2103) User=0.00s Sys=0.00s Real=0.01s
[2025-04-17T11:41:00.193+0000][3260.024s][info][gc,start       ] GC(2104) Pause Young (Allocation Failure)
[2025-04-17T11:41:00.195+0000][3260.025s][info][gc,heap        ] GC(2104) DefNew: 9165K(10176K)->95K(10176K) Eden: 9088K(9088K)->0K(9088K) From: 77K(1088K)->95K(1088K)
[2025-04-17T11:41:00.195+0000][3260.025s][info][gc,heap        ] GC(2104) Tenured: 15575K(22468K)->15577K(22468K)
[2025-04-17T11:41:00.195+0000][3260.025s][info][gc,metaspace   ] GC(2104) Metaspace: 38446K(38784K)->38446K(38784K) NonClass: 33896K(34048K)->33896K(34048K) Class: 4549K(4736K)->4549K(4736K)
[2025-04-17T11:41:00.195+0000][3260.025s][info][gc             ] GC(2104) Pause Young (Allocation Failure) 24M->15M(31M) 1.321ms
[2025-04-17T11:41:00.195+0000][3260.025s][info][gc,cpu         ] GC(2104) User=0.00s Sys=0.00s Real=0.01s
[2025-04-17T11:41:01.663+0000][3261.493s][info][gc,start       ] GC(2105) Pause Young (Allocation Failure)
[2025-04-17T11:41:01.664+0000][3261.494s][info][gc,heap        ] GC(2105) DefNew: 9183K(10176K)->78K(10176K) Eden: 9088K(9088K)->0K(9088K) From: 95K(1088K)->78K(1088K)
[2025-04-17T11:41:01.664+0000][3261.495s][info][gc,heap        ] GC(2105) Tenured: 15577K(22468K)->15577K(22468K)
[2025-04-17T11:41:01.664+0000][3261.495s][info][gc,metaspace   ] GC(2105) Metaspace: 38446K(38784K)->38446K(38784K) NonClass: 33896K(34048K)->33896K(34048K) Class: 4549K(4736K)->4549K(4736K)
[2025-04-17T11:41:01.664+0000][3261.495s][info][gc             ] GC(2105) Pause Young (Allocation Failure) 24M->15M(31M) 1.158ms
[2025-04-17T11:41:01.664+0000][3261.495s][info][gc,cpu         ] GC(2105) User=0.00s Sys=0.00s Real=0.01s
[2025-04-17T11:41:03.150+0000][3262.980s][info][gc,start       ] GC(2106) Pause Young (Allocation Failure)
[2025-04-17T11:41:03.151+0000][3262.981s][info][gc,heap        ] GC(2106) DefNew: 9166K(10176K)->79K(10176K) Eden: 9088K(9088K)->0K(9088K) From: 78K(1088K)->79K(1088K)
[2025-04-17T11:41:03.151+0000][3262.981s][info][gc,heap        ] GC(2106) Tenured: 15577K(22468K)->15577K(22468K)
[2025-04-17T11:41:03.151+0000][3262.981s][info][gc,metaspace   ] GC(2106) Metaspace: 38446K(38784K)->38446K(38784K) NonClass: 33896K(34048K)->33896K(34048K) Class: 4549K(4736K)->4549K(4736K)
[2025-04-17T11:41:03.151+0000][3262.981s][info][gc             ] GC(2106) Pause Young (Allocation Failure) 24M->15M(31M) 1.249ms
[2025-04-17T11:41:03.151+0000][3262.981s][info][gc,cpu         ] GC(2106) User=0.00s Sys=0.00s Real=0.00s
[2025-04-17T11:41:04.521+0000][3264.352s][info][gc,start       ] GC(2107) Pause Young (Allocation Failure)
[2025-04-17T11:41:04.523+0000][3264.353s][info][gc,heap        ] GC(2107) DefNew: 9167K(10176K)->81K(10176K) Eden: 9087K(9088K)->0K(9088K) From: 79K(1088K)->81K(1088K)
[2025-04-17T11:41:04.523+0000][3264.353s][info][gc,heap        ] GC(2107) Tenured: 15577K(22468K)->15577K(22468K)
[2025-04-17T11:41:04.523+0000][3264.353s][info][gc,metaspace   ] GC(2107) Metaspace: 38446K(38784K)->38446K(38784K) NonClass: 33896K(34048K)->33896K(34048K) Class: 4549K(4736K)->4549K(4736K)
[2025-04-17T11:41:04.523+0000][3264.353s][info][gc             ] GC(2107) Pause Young (Allocation Failure) 24M->15M(31M) 1.332ms
[2025-04-17T11:41:04.523+0000][3264.353s][info][gc,cpu         ] GC(2107) User=0.00s Sys=0.00s Real=0.00s
[2025-04-17T11:41:06.310+0000][3266.140s][info][gc,start       ] GC(2108) Pause Young (Allocation Failure)
[2025-04-17T11:41:06.311+0000][3266.141s][info][gc,heap        ] GC(2108) DefNew: 9169K(10176K)->92K(10176K) Eden: 9088K(9088K)->0K(9088K) From: 81K(1088K)->92K(1088K)
[2025-04-17T11:41:06.311+0000][3266.141s][info][gc,heap        ] GC(2108) Tenured: 15577K(22468K)->15578K(22468K)
[2025-04-17T11:41:06.311+0000][3266.141s][info][gc,metaspace   ] GC(2108) Metaspace: 38446K(38784K)->38446K(38784K) NonClass: 33896K(34048K)->33896K(34048K) Class: 4549K(4736K)->4549K(4736K)
[2025-04-17T11:41:06.311+0000][3266.141s][info][gc             ] GC(2108) Pause Young (Allocation Failure) 24M->15M(31M) 1.275ms
[2025-04-17T11:41:06.311+0000][3266.141s][info][gc,cpu         ] GC(2108) User=0.00s Sys=0.00s Real=0.00s
[2025-04-17T11:41:07.853+0000][3267.683s][info][gc,start       ] GC(2109) Pause Young (Allocation Failure)
[2025-04-17T11:41:07.854+0000][3267.685s][info][gc,heap        ] GC(2109) DefNew: 9180K(10176K)->72K(10176K) Eden: 9088K(9088K)->0K(9088K) From: 92K(1088K)->72K(1088K)
[2025-04-17T11:41:07.854+0000][3267.685s][info][gc,heap        ] GC(2109) Tenured: 15578K(22468K)->15580K(22468K)
[2025-04-17T11:41:07.854+0000][3267.685s][info][gc,metaspace   ] GC(2109) Metaspace: 38446K(38784K)->38446K(38784K) NonClass: 33896K(34048K)->33896K(34048K) Class: 4549K(4736K)->4549K(4736K)
[2025-04-17T11:41:07.854+0000][3267.685s][info][gc             ] GC(2109) Pause Young (Allocation Failure) 24M->15M(31M) 1.290ms
[2025-04-17T11:41:07.854+0000][3267.685s][info][gc,cpu         ] GC(2109) User=0.00s Sys=0.00s Real=0.01s
[2025-04-17T11:41:09.326+0000][3269.156s][info][gc,start       ] GC(2110) Pause Young (Allocation Failure)
[2025-04-17T11:41:09.327+0000][3269.157s][info][gc,heap        ] GC(2110) DefNew: 9160K(10176K)->75K(10176K) Eden: 9088K(9088K)->0K(9088K) From: 72K(1088K)->75K(1088K)
[2025-04-17T11:41:09.327+0000][3269.157s][info][gc,heap        ] GC(2110) Tenured: 15580K(22468K)->15580K(22468K)
[2025-04-17T11:41:09.327+0000][3269.157s][info][gc,metaspace   ] GC(2110) Metaspace: 38446K(38784K)->38446K(38784K) NonClass: 33896K(34048K)->33896K(34048K) Class: 4549K(4736K)->4549K(4736K)
[2025-04-17T11:41:09.327+0000][3269.157s][info][gc             ] GC(2110) Pause Young (Allocation Failure) 24M->15M(31M) 1.266ms
[2025-04-17T11:41:09.327+0000][3269.157s][info][gc,cpu         ] GC(2110) User=0.00s Sys=0.00s Real=0.00s
[2025-04-17T11:41:10.956+0000][3270.787s][info][gc,start       ] GC(2111) Pause Young (Allocation Failure)
[2025-04-17T11:41:10.958+0000][3270.788s][info][gc,heap        ] GC(2111) DefNew: 9162K(10176K)->76K(10176K) Eden: 9087K(9088K)->0K(9088K) From: 75K(1088K)->76K(1088K)
[2025-04-17T11:41:10.958+0000][3270.788s][info][gc,heap        ] GC(2111) Tenured: 15580K(22468K)->15580K(22468K)
[2025-04-17T11:41:10.958+0000][3270.788s][info][gc,metaspace   ] GC(2111) Metaspace: 38446K(38784K)->38446K(38784K) NonClass: 33896K(34048K)->33896K(34048K) Class: 4549K(4736K)->4549K(4736K)
[2025-04-17T11:41:10.958+0000][3270.788s][info][gc             ] GC(2111) Pause Young (Allocation Failure) 24M->15M(31M) 1.319ms
[2025-04-17T11:41:10.958+0000][3270.788s][info][gc,cpu         ] GC(2111) User=0.00s Sys=0.00s Real=0.00s
[2025-04-17T11:41:12.731+0000][3272.562s][info][gc,start       ] GC(2112) Pause Young (Allocation Failure)
[2025-04-17T11:41:12.733+0000][3272.563s][info][gc,heap        ] GC(2112) DefNew: 9164K(10176K)->81K(10176K) Eden: 9087K(9088K)->0K(9088K) From: 76K(1088K)->81K(1088K)
[2025-04-17T11:41:12.733+0000][3272.563s][info][gc,heap        ] GC(2112) Tenured: 15580K(22468K)->15580K(22468K)
[2025-04-17T11:41:12.733+0000][3272.563s][info][gc,metaspace   ] GC(2112) Metaspace: 38446K(38784K)->38446K(38784K) NonClass: 33896K(34048K)->33896K(34048K) Class: 4549K(4736K)->4549K(4736K)
[2025-04-17T11:41:12.733+0000][3272.563s][info][gc             ] GC(2112) Pause Young (Allocation Failure) 24M->15M(31M) 1.261ms
[2025-04-17T11:41:12.733+0000][3272.563s][info][gc,cpu         ] GC(2112) User=0.01s Sys=0.00s Real=0.00s
[2025-04-17T11:41:14.164+0000][3273.994s][info][gc,start       ] GC(2113) Pause Young (Allocation Failure)
[2025-04-17T11:41:14.165+0000][3273.995s][info][gc,heap        ] GC(2113) DefNew: 9164K(10176K)->94K(10176K) Eden: 9083K(9088K)->0K(9088K) From: 81K(1088K)->94K(1088K)
[2025-04-17T11:41:14.165+0000][3273.995s][info][gc,heap        ] GC(2113) Tenured: 15580K(22468K)->15580K(22468K)
[2025-04-17T11:41:14.165+0000][3273.995s][info][gc,metaspace   ] GC(2113) Metaspace: 38446K(38784K)->38446K(38784K) NonClass: 33896K(34048K)->33896K(34048K) Class: 4549K(4736K)->4549K(4736K)
[2025-04-17T11:41:14.165+0000][3273.995s][info][gc             ] GC(2113) Pause Young (Allocation Failure) 24M->15M(31M) 1.193ms
[2025-04-17T11:41:14.165+0000][3273.996s][info][gc,cpu         ] GC(2113) User=0.00s Sys=0.00s Real=0.00s
[2025-04-17T11:41:15.849+0000][3275.679s][info][gc,start       ] GC(2114) Pause Young (Allocation Failure)
[2025-04-17T11:41:15.850+0000][3275.680s][info][gc,heap        ] GC(2114) DefNew: 9182K(10176K)->74K(10176K) Eden: 9088K(9088K)->0K(9088K) From: 94K(1088K)->74K(1088K)
[2025-04-17T11:41:15.850+0000][3275.680s][info][gc,heap        ] GC(2114) Tenured: 15580K(22468K)->15582K(22468K)
[2025-04-17T11:41:15.850+0000][3275.680s][info][gc,metaspace   ] GC(2114) Metaspace: 38446K(38784K)->38446K(38784K) NonClass: 33896K(34048K)->33896K(34048K) Class: 4549K(4736K)->4549K(4736K)
[2025-04-17T11:41:15.850+0000][3275.680s][info][gc             ] GC(2114) Pause Young (Allocation Failure) 24M->15M(31M) 1.324ms
[2025-04-17T11:41:15.850+0000][3275.680s][info][gc,cpu         ] GC(2114) User=0.00s Sys=0.00s Real=0.00s
[2025-04-17T11:41:17.399+0000][3277.229s][info][gc,start       ] GC(2115) Pause Young (Allocation Failure)
[2025-04-17T11:41:17.400+0000][3277.231s][info][gc,heap        ] GC(2115) DefNew: 9162K(10176K)->90K(10176K) Eden: 9088K(9088K)->0K(9088K) From: 74K(1088K)->90K(1088K)
[2025-04-17T11:41:17.400+0000][3277.231s][info][gc,heap        ] GC(2115) Tenured: 15582K(22468K)->15583K(22468K)
[2025-04-17T11:41:17.400+0000][3277.231s][info][gc,metaspace   ] GC(2115) Metaspace: 38446K(38784K)->38446K(38784K) NonClass: 33896K(34048K)->33896K(34048K) Class: 4549K(4736K)->4549K(4736K)
[2025-04-17T11:41:17.400+0000][3277.231s][info][gc             ] GC(2115) Pause Young (Allocation Failure) 24M->15M(31M) 1.260ms
[2025-04-17T11:41:17.400+0000][3277.231s][info][gc,cpu         ] GC(2115) User=0.00s Sys=0.00s Real=0.00s
[2025-04-17T11:41:19.090+0000][3278.920s][info][gc,start       ] GC(2116) Pause Young (Allocation Failure)
[2025-04-17T11:41:19.091+0000][3278.921s][info][gc,heap        ] GC(2116) DefNew: 9178K(10176K)->73K(10176K) Eden: 9088K(9088K)->0K(9088K) From: 90K(1088K)->73K(1088K)
[2025-04-17T11:41:19.091+0000][3278.921s][info][gc,heap        ] GC(2116) Tenured: 15583K(22468K)->15583K(22468K)
[2025-04-17T11:41:19.091+0000][3278.921s][info][gc,metaspace   ] GC(2116) Metaspace: 38446K(38784K)->38446K(38784K) NonClass: 33896K(34048K)->33896K(34048K) Class: 4549K(4736K)->4549K(4736K)
[2025-04-17T11:41:19.091+0000][3278.921s][info][gc             ] GC(2116) Pause Young (Allocation Failure) 24M->15M(31M) 1.158ms
[2025-04-17T11:41:19.091+0000][3278.921s][info][gc,cpu         ] GC(2116) User=0.00s Sys=0.00s Real=0.00s
[2025-04-17T11:41:20.804+0000][3280.635s][info][gc,start       ] GC(2117) Pause Young (Allocation Failure)
[2025-04-17T11:41:20.806+0000][3280.636s][info][gc,heap        ] GC(2117) DefNew: 9161K(10176K)->76K(10176K) Eden: 9088K(9088K)->0K(9088K) From: 73K(1088K)->76K(1088K)
[2025-04-17T11:41:20.806+0000][3280.636s][info][gc,heap        ] GC(2117) Tenured: 15583K(22468K)->15583K(22468K)
[2025-04-17T11:41:20.806+0000][3280.636s][info][gc,metaspace   ] GC(2117) Metaspace: 38446K(38784K)->38446K(38784K) NonClass: 33896K(34048K)->33896K(34048K) Class: 4549K(4736K)->4549K(4736K)
[2025-04-17T11:41:20.806+0000][3280.636s][info][gc             ] GC(2117) Pause Young (Allocation Failure) 24M->15M(31M) 1.170ms
[2025-04-17T11:41:20.806+0000][3280.636s][info][gc,cpu         ] GC(2117) User=0.00s Sys=0.00s Real=0.00s
[2025-04-17T11:41:22.270+0000][3282.100s][info][gc,start       ] GC(2118) Pause Young (Allocation Failure)
[2025-04-17T11:41:22.271+0000][3282.101s][info][gc,heap        ] GC(2118) DefNew: 9164K(10176K)->77K(10176K) Eden: 9088K(9088K)->0K(9088K) From: 76K(1088K)->77K(1088K)
[2025-04-17T11:41:22.271+0000][3282.101s][info][gc,heap        ] GC(2118) Tenured: 15583K(22468K)->15583K(22468K)
[2025-04-17T11:41:22.271+0000][3282.101s][info][gc,metaspace   ] GC(2118) Metaspace: 38446K(38784K)->38446K(38784K) NonClass: 33896K(34048K)->33896K(34048K) Class: 4549K(4736K)->4549K(4736K)
[2025-04-17T11:41:22.271+0000][3282.101s][info][gc             ] GC(2118) Pause Young (Allocation Failure) 24M->15M(31M) 1.273ms
[2025-04-17T11:41:22.271+0000][3282.101s][info][gc,cpu         ] GC(2118) User=0.00s Sys=0.00s Real=0.00s
[2025-04-17T11:41:23.796+0000][3283.626s][info][gc,start       ] GC(2119) Pause Young (Allocation Failure)
[2025-04-17T11:41:23.797+0000][3283.628s][info][gc,heap        ] GC(2119) DefNew: 9165K(10176K)->90K(10176K) Eden: 9088K(9088K)->0K(9088K) From: 77K(1088K)->90K(1088K)
[2025-04-17T11:41:23.797+0000][3283.628s][info][gc,heap        ] GC(2119) Tenured: 15583K(22468K)->15583K(22468K)
[2025-04-17T11:41:23.797+0000][3283.628s][info][gc,metaspace   ] GC(2119) Metaspace: 38446K(38784K)->38446K(38784K) NonClass: 33896K(34048K)->33896K(34048K) Class: 4549K(4736K)->4549K(4736K)
[2025-04-17T11:41:23.797+0000][3283.628s][info][gc             ] GC(2119) Pause Young (Allocation Failure) 24M->15M(31M) 1.275ms
[2025-04-17T11:41:23.797+0000][3283.628s][info][gc,cpu         ] GC(2119) User=0.00s Sys=0.00s Real=0.00s
[2025-04-17T11:41:25.289+0000][3285.119s][info][gc,start       ] GC(2120) Pause Young (Allocation Failure)
[2025-04-17T11:41:25.290+0000][3285.120s][info][gc,heap        ] GC(2120) DefNew: 9178K(10176K)->79K(10176K) Eden: 9088K(9088K)->0K(9088K) From: 90K(1088K)->79K(1088K)
[2025-04-17T11:41:25.290+0000][3285.120s][info][gc,heap        ] GC(2120) Tenured: 15583K(22468K)->15583K(22468K)
[2025-04-17T11:41:25.290+0000][3285.120s][info][gc,metaspace   ] GC(2120) Metaspace: 38446K(38784K)->38446K(38784K) NonClass: 33896K(34048K)->33896K(34048K) Class: 4549K(4736K)->4549K(4736K)
[2025-04-17T11:41:25.290+0000][3285.120s][info][gc             ] GC(2120) Pause Young (Allocation Failure) 24M->15M(31M) 1.200ms
[2025-04-17T11:41:25.290+0000][3285.120s][info][gc,cpu         ] GC(2120) User=0.00s Sys=0.00s Real=0.00s
[2025-04-17T11:41:26.951+0000][3286.781s][info][gc,start       ] GC(2121) Pause Young (Allocation Failure)
[2025-04-17T11:41:26.952+0000][3286.782s][info][gc,heap        ] GC(2121) DefNew: 9167K(10176K)->76K(10176K) Eden: 9088K(9088K)->0K(9088K) From: 79K(1088K)->76K(1088K)
[2025-04-17T11:41:26.952+0000][3286.782s][info][gc,heap        ] GC(2121) Tenured: 15583K(22468K)->15583K(22468K)
[2025-04-17T11:41:26.952+0000][3286.782s][info][gc,metaspace   ] GC(2121) Metaspace: 38446K(38784K)->38446K(38784K) NonClass: 33896K(34048K)->33896K(34048K) Class: 4549K(4736K)->4549K(4736K)
[2025-04-17T11:41:26.952+0000][3286.782s][info][gc             ] GC(2121) Pause Young (Allocation Failure) 24M->15M(31M) 1.267ms
[2025-04-17T11:41:26.952+0000][3286.782s][info][gc,cpu         ] GC(2121) User=0.00s Sys=0.00s Real=0.00s
[2025-04-17T11:41:28.376+0000][3288.206s][info][gc,start       ] GC(2122) Pause Young (Allocation Failure)
[2025-04-17T11:41:28.377+0000][3288.207s][info][gc,heap        ] GC(2122) DefNew: 9164K(10176K)->74K(10176K) Eden: 9087K(9088K)->0K(9088K) From: 76K(1088K)->74K(1088K)
[2025-04-17T11:41:28.377+0000][3288.207s][info][gc,heap        ] GC(2122) Tenured: 15583K(22468K)->15583K(22468K)
[2025-04-17T11:41:28.377+0000][3288.207s][info][gc,metaspace   ] GC(2122) Metaspace: 38446K(38784K)->38446K(38784K) NonClass: 33896K(34048K)->33896K(34048K) Class: 4549K(4736K)->4549K(4736K)
[2025-04-17T11:41:28.377+0000][3288.207s][info][gc             ] GC(2122) Pause Young (Allocation Failure) 24M->15M(31M) 1.327ms
[2025-04-17T11:41:28.377+0000][3288.207s][info][gc,cpu         ] GC(2122) User=0.00s Sys=0.00s Real=0.00s
[2025-04-17T11:41:29.957+0000][3289.787s][info][gc,start       ] GC(2123) Pause Young (Allocation Failure)
[2025-04-17T11:41:29.958+0000][3289.788s][info][gc,heap        ] GC(2123) DefNew: 9162K(10176K)->89K(10176K) Eden: 9088K(9088K)->0K(9088K) From: 74K(1088K)->89K(1088K)
[2025-04-17T11:41:29.958+0000][3289.788s][info][gc,heap        ] GC(2123) Tenured: 15583K(22468K)->15583K(22468K)
[2025-04-17T11:41:29.958+0000][3289.788s][info][gc,metaspace   ] GC(2123) Metaspace: 38446K(38784K)->38446K(38784K) NonClass: 33896K(34048K)->33896K(34048K) Class: 4549K(4736K)->4549K(4736K)
[2025-04-17T11:41:29.958+0000][3289.788s][info][gc             ] GC(2123) Pause Young (Allocation Failure) 24M->15M(31M) 1.263ms
[2025-04-17T11:41:29.958+0000][3289.788s][info][gc,cpu         ] GC(2123) User=0.00s Sys=0.00s Real=0.00s
[2025-04-17T11:41:31.452+0000][3291.282s][info][gc,start       ] GC(2124) Pause Young (Allocation Failure)
[2025-04-17T11:41:31.453+0000][3291.284s][info][gc,heap        ] GC(2124) DefNew: 9177K(10176K)->73K(10176K) Eden: 9088K(9088K)->0K(9088K) From: 89K(1088K)->73K(1088K)
[2025-04-17T11:41:31.453+0000][3291.284s][info][gc,heap        ] GC(2124) Tenured: 15583K(22468K)->15583K(22468K)
[2025-04-17T11:41:31.453+0000][3291.284s][info][gc,metaspace   ] GC(2124) Metaspace: 38446K(38784K)->38446K(38784K) NonClass: 33896K(34048K)->33896K(34048K) Class: 4549K(4736K)->4549K(4736K)
[2025-04-17T11:41:31.453+0000][3291.284s][info][gc             ] GC(2124) Pause Young (Allocation Failure) 24M->15M(31M) 1.136ms
[2025-04-17T11:41:31.453+0000][3291.284s][info][gc,cpu         ] GC(2124) User=0.01s Sys=0.00s Real=0.00s
[2025-04-17T11:41:32.918+0000][3292.748s][info][gc,start       ] GC(2125) Pause Young (Allocation Failure)
[2025-04-17T11:41:32.919+0000][3292.749s][info][gc,heap        ] GC(2125) DefNew: 9159K(10176K)->92K(10176K) Eden: 9085K(9088K)->0K(9088K) From: 73K(1088K)->92K(1088K)
[2025-04-17T11:41:32.919+0000][3292.749s][info][gc,heap        ] GC(2125) Tenured: 15583K(22468K)->15583K(22468K)
[2025-04-17T11:41:32.919+0000][3292.749s][info][gc,metaspace   ] GC(2125) Metaspace: 38446K(38784K)->38446K(38784K) NonClass: 33896K(34048K)->33896K(34048K) Class: 4549K(4736K)->4549K(4736K)
[2025-04-17T11:41:32.919+0000][3292.749s][info][gc             ] GC(2125) Pause Young (Allocation Failure) 24M->15M(31M) 1.303ms
[2025-04-17T11:41:32.919+0000][3292.749s][info][gc,cpu         ] GC(2125) User=0.00s Sys=0.00s Real=0.00s
[2025-04-17T11:41:34.286+0000][3294.117s][info][gc,start       ] GC(2126) Pause Young (Allocation Failure)
[2025-04-17T11:41:34.288+0000][3294.118s][info][gc,heap        ] GC(2126) DefNew: 9180K(10176K)->78K(10176K) Eden: 9088K(9088K)->0K(9088K) From: 92K(1088K)->78K(1088K)
[2025-04-17T11:41:34.288+0000][3294.118s][info][gc,heap        ] GC(2126) Tenured: 15583K(22468K)->15583K(22468K)
[2025-04-17T11:41:34.288+0000][3294.118s][info][gc,metaspace   ] GC(2126) Metaspace: 38446K(38784K)->38446K(38784K) NonClass: 33896K(34048K)->33896K(34048K) Class: 4549K(4736K)->4549K(4736K)
[2025-04-17T11:41:34.288+0000][3294.118s][info][gc             ] GC(2126) Pause Young (Allocation Failure) 24M->15M(31M) 1.195ms
[2025-04-17T11:41:34.288+0000][3294.118s][info][gc,cpu         ] GC(2126) User=0.00s Sys=0.00s Real=0.00s
[2025-04-17T11:41:36.089+0000][3295.919s][info][gc,start       ] GC(2127) Pause Young (Allocation Failure)
[2025-04-17T11:41:36.090+0000][3295.920s][info][gc,heap        ] GC(2127) DefNew: 9166K(10176K)->90K(10176K) Eden: 9088K(9088K)->0K(9088K) From: 78K(1088K)->90K(1088K)
[2025-04-17T11:41:36.090+0000][3295.920s][info][gc,heap        ] GC(2127) Tenured: 15583K(22468K)->15583K(22468K)
[2025-04-17T11:41:36.090+0000][3295.920s][info][gc,metaspace   ] GC(2127) Metaspace: 38446K(38784K)->38446K(38784K) NonClass: 33896K(34048K)->33896K(34048K) Class: 4549K(4736K)->4549K(4736K)
[2025-04-17T11:41:36.090+0000][3295.920s][info][gc             ] GC(2127) Pause Young (Allocation Failure) 24M->15M(31M) 1.426ms
[2025-04-17T11:41:36.090+0000][3295.920s][info][gc,cpu         ] GC(2127) User=0.00s Sys=0.00s Real=0.00s
[2025-04-17T11:41:38.093+0000][3297.923s][info][gc,start       ] GC(2128) Pause Young (Allocation Failure)
[2025-04-17T11:41:38.094+0000][3297.924s][info][gc,heap        ] GC(2128) DefNew: 9178K(10176K)->77K(10176K) Eden: 9088K(9088K)->0K(9088K) From: 90K(1088K)->77K(1088K)
[2025-04-17T11:41:38.094+0000][3297.924s][info][gc,heap        ] GC(2128) Tenured: 15583K(22468K)->15584K(22468K)
[2025-04-17T11:41:38.094+0000][3297.924s][info][gc,metaspace   ] GC(2128) Metaspace: 38446K(38784K)->38446K(38784K) NonClass: 33896K(34048K)->33896K(34048K) Class: 4549K(4736K)->4549K(4736K)
[2025-04-17T11:41:38.094+0000][3297.924s][info][gc             ] GC(2128) Pause Young (Allocation Failure) 24M->15M(31M) 1.179ms
[2025-04-17T11:41:38.094+0000][3297.924s][info][gc,cpu         ] GC(2128) User=0.00s Sys=0.00s Real=0.00s
[2025-04-17T11:41:39.343+0000][3299.173s][info][gc,start       ] GC(2129) Pause Young (Allocation Failure)
[2025-04-17T11:41:39.344+0000][3299.175s][info][gc,heap        ] GC(2129) DefNew: 9165K(10176K)->75K(10176K) Eden: 9088K(9088K)->0K(9088K) From: 77K(1088K)->75K(1088K)
[2025-04-17T11:41:39.344+0000][3299.175s][info][gc,heap        ] GC(2129) Tenured: 15584K(22468K)->15584K(22468K)
[2025-04-17T11:41:39.344+0000][3299.175s][info][gc,metaspace   ] GC(2129) Metaspace: 38446K(38784K)->38446K(38784K) NonClass: 33896K(34048K)->33896K(34048K) Class: 4549K(4736K)->4549K(4736K)
[2025-04-17T11:41:39.344+0000][3299.175s][info][gc             ] GC(2129) Pause Young (Allocation Failure) 24M->15M(31M) 1.284ms
[2025-04-17T11:41:39.344+0000][3299.175s][info][gc,cpu         ] GC(2129) User=0.00s Sys=0.00s Real=0.01s
[2025-04-17T11:41:41.098+0000][3300.928s][info][gc,start       ] GC(2130) Pause Young (Allocation Failure)
[2025-04-17T11:41:41.099+0000][3300.929s][info][gc,heap        ] GC(2130) DefNew: 9163K(10176K)->78K(10176K) Eden: 9088K(9088K)->0K(9088K) From: 75K(1088K)->78K(1088K)
[2025-04-17T11:41:41.099+0000][3300.929s][info][gc,heap        ] GC(2130) Tenured: 15584K(22468K)->15584K(22468K)
[2025-04-17T11:41:41.099+0000][3300.929s][info][gc,metaspace   ] GC(2130) Metaspace: 38446K(38784K)->38446K(38784K) NonClass: 33896K(34048K)->33896K(34048K) Class: 4549K(4736K)->4549K(4736K)
[2025-04-17T11:41:41.099+0000][3300.929s][info][gc             ] GC(2130) Pause Young (Allocation Failure) 24M->15M(31M) 1.326ms
[2025-04-17T11:41:41.099+0000][3300.929s][info][gc,cpu         ] GC(2130) User=0.01s Sys=0.00s Real=0.00s
[2025-04-17T11:41:42.713+0000][3302.543s][info][gc,start       ] GC(2131) Pause Young (Allocation Failure)
[2025-04-17T11:41:42.715+0000][3302.545s][info][gc,heap        ] GC(2131) DefNew: 9166K(10176K)->94K(10176K) Eden: 9088K(9088K)->0K(9088K) From: 78K(1088K)->94K(1088K)
[2025-04-17T11:41:42.715+0000][3302.545s][info][gc,heap        ] GC(2131) Tenured: 15584K(22468K)->15584K(22468K)
[2025-04-17T11:41:42.715+0000][3302.545s][info][gc,metaspace   ] GC(2131) Metaspace: 38446K(38784K)->38446K(38784K) NonClass: 33896K(34048K)->33896K(34048K) Class: 4549K(4736K)->4549K(4736K)
[2025-04-17T11:41:42.715+0000][3302.545s][info][gc             ] GC(2131) Pause Young (Allocation Failure) 24M->15M(31M) 1.447ms
[2025-04-17T11:41:42.715+0000][3302.545s][info][gc,cpu         ] GC(2131) User=0.00s Sys=0.00s Real=0.01s
[2025-04-17T11:41:44.382+0000][3304.213s][info][gc,start       ] GC(2132) Pause Young (Allocation Failure)
[2025-04-17T11:41:44.384+0000][3304.214s][info][gc,heap        ] GC(2132) DefNew: 9180K(10176K)->80K(10176K) Eden: 9085K(9088K)->0K(9088K) From: 94K(1088K)->80K(1088K)
[2025-04-17T11:41:44.384+0000][3304.214s][info][gc,heap        ] GC(2132) Tenured: 15584K(22468K)->15584K(22468K)
[2025-04-17T11:41:44.384+0000][3304.214s][info][gc,metaspace   ] GC(2132) Metaspace: 38446K(38784K)->38446K(38784K) NonClass: 33896K(34048K)->33896K(34048K) Class: 4549K(4736K)->4549K(4736K)
[2025-04-17T11:41:44.384+0000][3304.214s][info][gc             ] GC(2132) Pause Young (Allocation Failure) 24M->15M(31M) 1.227ms
[2025-04-17T11:41:44.384+0000][3304.214s][info][gc,cpu         ] GC(2132) User=0.00s Sys=0.00s Real=0.00s
[2025-04-17T11:41:45.899+0000][3305.729s][info][gc,start       ] GC(2133) Pause Young (Allocation Failure)
[2025-04-17T11:41:45.900+0000][3305.730s][info][gc,heap        ] GC(2133) DefNew: 9168K(10176K)->70K(10176K) Eden: 9088K(9088K)->0K(9088K) From: 80K(1088K)->70K(1088K)
[2025-04-17T11:41:45.900+0000][3305.730s][info][gc,heap        ] GC(2133) Tenured: 15584K(22468K)->15584K(22468K)
[2025-04-17T11:41:45.900+0000][3305.730s][info][gc,metaspace   ] GC(2133) Metaspace: 38446K(38784K)->38446K(38784K) NonClass: 33896K(34048K)->33896K(34048K) Class: 4549K(4736K)->4549K(4736K)
[2025-04-17T11:41:45.900+0000][3305.730s][info][gc             ] GC(2133) Pause Young (Allocation Failure) 24M->15M(31M) 1.211ms
[2025-04-17T11:41:45.900+0000][3305.730s][info][gc,cpu         ] GC(2133) User=0.00s Sys=0.00s Real=0.00s
[2025-04-17T11:41:47.537+0000][3307.367s][info][gc,start       ] GC(2134) Pause Young (Allocation Failure)
[2025-04-17T11:41:47.539+0000][3307.369s][info][gc,heap        ] GC(2134) DefNew: 9158K(10176K)->72K(10176K) Eden: 9088K(9088K)->0K(9088K) From: 70K(1088K)->72K(1088K)
[2025-04-17T11:41:47.539+0000][3307.369s][info][gc,heap        ] GC(2134) Tenured: 15584K(22468K)->15585K(22468K)
[2025-04-17T11:41:47.539+0000][3307.369s][info][gc,metaspace   ] GC(2134) Metaspace: 38446K(38784K)->38446K(38784K) NonClass: 33896K(34048K)->33896K(34048K) Class: 4549K(4736K)->4549K(4736K)
[2025-04-17T11:41:47.539+0000][3307.369s][info][gc             ] GC(2134) Pause Young (Allocation Failure) 24M->15M(31M) 1.262ms
[2025-04-17T11:41:47.539+0000][3307.369s][info][gc,cpu         ] GC(2134) User=0.00s Sys=0.00s Real=0.00s
[2025-04-17T11:41:49.088+0000][3308.918s][info][gc,start       ] GC(2135) Pause Young (Allocation Failure)
[2025-04-17T11:41:49.089+0000][3308.919s][info][gc,heap        ] GC(2135) DefNew: 9160K(10176K)->75K(10176K) Eden: 9088K(9088K)->0K(9088K) From: 72K(1088K)->75K(1088K)
[2025-04-17T11:41:49.089+0000][3308.919s][info][gc,heap        ] GC(2135) Tenured: 15585K(22468K)->15585K(22468K)
[2025-04-17T11:41:49.089+0000][3308.919s][info][gc,metaspace   ] GC(2135) Metaspace: 38446K(38784K)->38446K(38784K) NonClass: 33896K(34048K)->33896K(34048K) Class: 4549K(4736K)->4549K(4736K)
[2025-04-17T11:41:49.089+0000][3308.919s][info][gc             ] GC(2135) Pause Young (Allocation Failure) 24M->15M(31M) 1.303ms
[2025-04-17T11:41:49.089+0000][3308.919s][info][gc,cpu         ] GC(2135) User=0.00s Sys=0.00s Real=0.00s
[2025-04-17T11:41:50.933+0000][3310.763s][info][gc,start       ] GC(2136) Pause Young (Allocation Failure)
[2025-04-17T11:41:50.934+0000][3310.764s][info][gc,heap        ] GC(2136) DefNew: 9163K(10176K)->89K(10176K) Eden: 9088K(9088K)->0K(9088K) From: 75K(1088K)->89K(1088K)
[2025-04-17T11:41:50.934+0000][3310.764s][info][gc,heap        ] GC(2136) Tenured: 15585K(22468K)->15585K(22468K)
[2025-04-17T11:41:50.934+0000][3310.764s][info][gc,metaspace   ] GC(2136) Metaspace: 38446K(38784K)->38446K(38784K) NonClass: 33896K(34048K)->33896K(34048K) Class: 4549K(4736K)->4549K(4736K)
[2025-04-17T11:41:50.934+0000][3310.764s][info][gc             ] GC(2136) Pause Young (Allocation Failure) 24M->15M(31M) 1.222ms
[2025-04-17T11:41:50.934+0000][3310.764s][info][gc,cpu         ] GC(2136) User=0.00s Sys=0.00s Real=0.00s
[2025-04-17T11:41:52.275+0000][3312.105s][info][gc,start       ] GC(2137) Pause Young (Allocation Failure)
[2025-04-17T11:41:52.276+0000][3312.107s][info][gc,heap        ] GC(2137) DefNew: 9177K(10176K)->86K(10176K) Eden: 9088K(9088K)->0K(9088K) From: 89K(1088K)->86K(1088K)
[2025-04-17T11:41:52.276+0000][3312.107s][info][gc,heap        ] GC(2137) Tenured: 15585K(22468K)->15585K(22468K)
[2025-04-17T11:41:52.276+0000][3312.107s][info][gc,metaspace   ] GC(2137) Metaspace: 38446K(38784K)->38446K(38784K) NonClass: 33896K(34048K)->33896K(34048K) Class: 4549K(4736K)->4549K(4736K)
[2025-04-17T11:41:52.276+0000][3312.107s][info][gc             ] GC(2137) Pause Young (Allocation Failure) 24M->15M(31M) 1.223ms
[2025-04-17T11:41:52.276+0000][3312.107s][info][gc,cpu         ] GC(2137) User=0.01s Sys=0.00s Real=0.00s
[2025-04-17T11:41:54.021+0000][3313.851s][info][gc,start       ] GC(2138) Pause Young (Allocation Failure)
[2025-04-17T11:41:54.022+0000][3313.852s][info][gc,heap        ] GC(2138) DefNew: 9174K(10176K)->76K(10176K) Eden: 9088K(9088K)->0K(9088K) From: 86K(1088K)->76K(1088K)
[2025-04-17T11:41:54.022+0000][3313.852s][info][gc,heap        ] GC(2138) Tenured: 15585K(22468K)->15585K(22468K)
[2025-04-17T11:41:54.022+0000][3313.852s][info][gc,metaspace   ] GC(2138) Metaspace: 38446K(38784K)->38446K(38784K) NonClass: 33896K(34048K)->33896K(34048K) Class: 4549K(4736K)->4549K(4736K)
[2025-04-17T11:41:54.022+0000][3313.852s][info][gc             ] GC(2138) Pause Young (Allocation Failure) 24M->15M(31M) 1.173ms
[2025-04-17T11:41:54.022+0000][3313.852s][info][gc,cpu         ] GC(2138) User=0.00s Sys=0.00s Real=0.00s
[2025-04-17T11:41:55.433+0000][3315.263s][info][gc,start       ] GC(2139) Pause Young (Allocation Failure)
[2025-04-17T11:41:55.434+0000][3315.264s][info][gc,heap        ] GC(2139) DefNew: 9164K(10176K)->76K(10176K) Eden: 9088K(9088K)->0K(9088K) From: 76K(1088K)->76K(1088K)
[2025-04-17T11:41:55.434+0000][3315.265s][info][gc,heap        ] GC(2139) Tenured: 15585K(22468K)->15585K(22468K)
[2025-04-17T11:41:55.434+0000][3315.265s][info][gc,metaspace   ] GC(2139) Metaspace: 38446K(38784K)->38446K(38784K) NonClass: 33896K(34048K)->33896K(34048K) Class: 4549K(4736K)->4549K(4736K)
[2025-04-17T11:41:55.434+0000][3315.265s][info][gc             ] GC(2139) Pause Young (Allocation Failure) 24M->15M(31M) 1.185ms
[2025-04-17T11:41:55.434+0000][3315.265s][info][gc,cpu         ] GC(2139) User=0.00s Sys=0.00s Real=0.01s
[2025-04-17T11:41:57.420+0000][3317.251s][info][gc,start       ] GC(2140) Pause Young (Allocation Failure)
[2025-04-17T11:41:57.422+0000][3317.252s][info][gc,heap        ] GC(2140) DefNew: 9164K(10176K)->89K(10176K) Eden: 9087K(9088K)->0K(9088K) From: 76K(1088K)->89K(1088K)
[2025-04-17T11:41:57.422+0000][3317.252s][info][gc,heap        ] GC(2140) Tenured: 15585K(22468K)->15585K(22468K)
[2025-04-17T11:41:57.422+0000][3317.252s][info][gc,metaspace   ] GC(2140) Metaspace: 38446K(38784K)->38446K(38784K) NonClass: 33896K(34048K)->33896K(34048K) Class: 4549K(4736K)->4549K(4736K)
[2025-04-17T11:41:57.422+0000][3317.252s][info][gc             ] GC(2140) Pause Young (Allocation Failure) 24M->15M(31M) 1.170ms
[2025-04-17T11:41:57.422+0000][3317.252s][info][gc,cpu         ] GC(2140) User=0.01s Sys=0.00s Real=0.00s
[2025-04-17T11:41:58.867+0000][3318.697s][info][gc,start       ] GC(2141) Pause Young (Allocation Failure)
[2025-04-17T11:41:58.868+0000][3318.698s][info][gc,heap        ] GC(2141) DefNew: 9177K(10176K)->71K(10176K) Eden: 9088K(9088K)->0K(9088K) From: 89K(1088K)->71K(1088K)
[2025-04-17T11:41:58.868+0000][3318.698s][info][gc,heap        ] GC(2141) Tenured: 15585K(22468K)->15585K(22468K)
[2025-04-17T11:41:58.868+0000][3318.698s][info][gc,metaspace   ] GC(2141) Metaspace: 38446K(38784K)->38446K(38784K) NonClass: 33896K(34048K)->33896K(34048K) Class: 4549K(4736K)->4549K(4736K)
[2025-04-17T11:41:58.868+0000][3318.698s][info][gc             ] GC(2141) Pause Young (Allocation Failure) 24M->15M(31M) 1.148ms
[2025-04-17T11:41:58.868+0000][3318.699s][info][gc,cpu         ] GC(2141) User=0.01s Sys=0.00s Real=0.00s
[2025-04-17T11:42:00.427+0000][3320.257s][info][gc,start       ] GC(2142) Pause Young (Allocation Failure)
[2025-04-17T11:42:00.429+0000][3320.259s][info][gc,heap        ] GC(2142) DefNew: 9159K(10176K)->73K(10176K) Eden: 9088K(9088K)->0K(9088K) From: 71K(1088K)->73K(1088K)
[2025-04-17T11:42:00.429+0000][3320.259s][info][gc,heap        ] GC(2142) Tenured: 15585K(22468K)->15585K(22468K)
[2025-04-17T11:42:00.429+0000][3320.259s][info][gc,metaspace   ] GC(2142) Metaspace: 38446K(38784K)->38446K(38784K) NonClass: 33896K(34048K)->33896K(34048K) Class: 4549K(4736K)->4549K(4736K)
[2025-04-17T11:42:00.429+0000][3320.259s][info][gc             ] GC(2142) Pause Young (Allocation Failure) 24M->15M(31M) 1.301ms
[2025-04-17T11:42:00.429+0000][3320.259s][info][gc,cpu         ] GC(2142) User=0.00s Sys=0.00s Real=0.00s
[2025-04-17T11:42:01.936+0000][3321.766s][info][gc,start       ] GC(2143) Pause Young (Allocation Failure)
[2025-04-17T11:42:01.937+0000][3321.768s][info][gc,heap        ] GC(2143) DefNew: 9161K(10176K)->93K(10176K) Eden: 9088K(9088K)->0K(9088K) From: 73K(1088K)->93K(1088K)
[2025-04-17T11:42:01.937+0000][3321.768s][info][gc,heap        ] GC(2143) Tenured: 15585K(22468K)->15585K(22468K)
[2025-04-17T11:42:01.937+0000][3321.768s][info][gc,metaspace   ] GC(2143) Metaspace: 38446K(38784K)->38446K(38784K) NonClass: 33896K(34048K)->33896K(34048K) Class: 4549K(4736K)->4549K(4736K)
[2025-04-17T11:42:01.937+0000][3321.768s][info][gc             ] GC(2143) Pause Young (Allocation Failure) 24M->15M(31M) 1.365ms
[2025-04-17T11:42:01.937+0000][3321.768s][info][gc,cpu         ] GC(2143) User=0.01s Sys=0.00s Real=0.00s
[2025-04-17T11:42:03.463+0000][3323.293s][info][gc,start       ] GC(2144) Pause Young (Allocation Failure)
[2025-04-17T11:42:03.464+0000][3323.294s][info][gc,heap        ] GC(2144) DefNew: 9181K(10176K)->90K(10176K) Eden: 9088K(9088K)->0K(9088K) From: 93K(1088K)->90K(1088K)
[2025-04-17T11:42:03.464+0000][3323.294s][info][gc,heap        ] GC(2144) Tenured: 15585K(22468K)->15585K(22468K)
[2025-04-17T11:42:03.464+0000][3323.294s][info][gc,metaspace   ] GC(2144) Metaspace: 38446K(38784K)->38446K(38784K) NonClass: 33896K(34048K)->33896K(34048K) Class: 4549K(4736K)->4549K(4736K)
[2025-04-17T11:42:03.464+0000][3323.294s][info][gc             ] GC(2144) Pause Young (Allocation Failure) 24M->15M(31M) 1.208ms
[2025-04-17T11:42:03.464+0000][3323.294s][info][gc,cpu         ] GC(2144) User=0.00s Sys=0.00s Real=0.00s
[2025-04-17T11:42:04.956+0000][3324.786s][info][gc,start       ] GC(2145) Pause Young (Allocation Failure)
[2025-04-17T11:42:04.957+0000][3324.787s][info][gc,heap        ] GC(2145) DefNew: 9178K(10176K)->76K(10176K) Eden: 9088K(9088K)->0K(9088K) From: 90K(1088K)->76K(1088K)
[2025-04-17T11:42:04.957+0000][3324.787s][info][gc,heap        ] GC(2145) Tenured: 15585K(22468K)->15585K(22468K)
[2025-04-17T11:42:04.957+0000][3324.787s][info][gc,metaspace   ] GC(2145) Metaspace: 38446K(38784K)->38446K(38784K) NonClass: 33896K(34048K)->33896K(34048K) Class: 4549K(4736K)->4549K(4736K)
[2025-04-17T11:42:04.957+0000][3324.787s][info][gc             ] GC(2145) Pause Young (Allocation Failure) 24M->15M(31M) 1.145ms
[2025-04-17T11:42:04.957+0000][3324.787s][info][gc,cpu         ] GC(2145) User=0.00s Sys=0.00s Real=0.00s
[2025-04-17T11:42:06.476+0000][3326.307s][info][gc,start       ] GC(2146) Pause Young (Allocation Failure)
[2025-04-17T11:42:06.478+0000][3326.308s][info][gc,heap        ] GC(2146) DefNew: 9164K(10176K)->75K(10176K) Eden: 9088K(9088K)->0K(9088K) From: 76K(1088K)->75K(1088K)
[2025-04-17T11:42:06.478+0000][3326.308s][info][gc,heap        ] GC(2146) Tenured: 15585K(22468K)->15585K(22468K)
[2025-04-17T11:42:06.478+0000][3326.308s][info][gc,metaspace   ] GC(2146) Metaspace: 38446K(38784K)->38446K(38784K) NonClass: 33896K(34048K)->33896K(34048K) Class: 4549K(4736K)->4549K(4736K)
[2025-04-17T11:42:06.478+0000][3326.308s][info][gc             ] GC(2146) Pause Young (Allocation Failure) 24M->15M(31M) 1.237ms
[2025-04-17T11:42:06.478+0000][3326.308s][info][gc,cpu         ] GC(2146) User=0.00s Sys=0.00s Real=0.00s
[2025-04-17T11:42:08.218+0000][3328.048s][info][gc,start       ] GC(2147) Pause Young (Allocation Failure)
[2025-04-17T11:42:08.219+0000][3328.049s][info][gc,heap        ] GC(2147) DefNew: 9163K(10176K)->92K(10176K) Eden: 9088K(9088K)->0K(9088K) From: 75K(1088K)->92K(1088K)
[2025-04-17T11:42:08.219+0000][3328.049s][info][gc,heap        ] GC(2147) Tenured: 15585K(22468K)->15585K(22468K)
[2025-04-17T11:42:08.219+0000][3328.049s][info][gc,metaspace   ] GC(2147) Metaspace: 38446K(38784K)->38446K(38784K) NonClass: 33896K(34048K)->33896K(34048K) Class: 4549K(4736K)->4549K(4736K)
[2025-04-17T11:42:08.219+0000][3328.049s][info][gc             ] GC(2147) Pause Young (Allocation Failure) 24M->15M(31M) 1.227ms
[2025-04-17T11:42:08.219+0000][3328.049s][info][gc,cpu         ] GC(2147) User=0.00s Sys=0.00s Real=0.00s
[2025-04-17T11:42:09.563+0000][3329.393s][info][gc,start       ] GC(2148) Pause Young (Allocation Failure)
[2025-04-17T11:42:09.564+0000][3329.394s][info][gc,heap        ] GC(2148) DefNew: 9174K(10176K)->83K(10176K) Eden: 9081K(9088K)->0K(9088K) From: 92K(1088K)->83K(1088K)
[2025-04-17T11:42:09.564+0000][3329.394s][info][gc,heap        ] GC(2148) Tenured: 15585K(22468K)->15585K(22468K)
[2025-04-17T11:42:09.564+0000][3329.394s][info][gc,metaspace   ] GC(2148) Metaspace: 38446K(38784K)->38446K(38784K) NonClass: 33896K(34048K)->33896K(34048K) Class: 4549K(4736K)->4549K(4736K)
[2025-04-17T11:42:09.564+0000][3329.394s][info][gc             ] GC(2148) Pause Young (Allocation Failure) 24M->15M(31M) 1.173ms
[2025-04-17T11:42:09.564+0000][3329.394s][info][gc,cpu         ] GC(2148) User=0.00s Sys=0.00s Real=0.01s
[2025-04-17T11:42:11.363+0000][3331.193s][info][gc,start       ] GC(2149) Pause Young (Allocation Failure)
[2025-04-17T11:42:11.364+0000][3331.194s][info][gc,heap        ] GC(2149) DefNew: 9171K(10176K)->78K(10176K) Eden: 9088K(9088K)->0K(9088K) From: 83K(1088K)->78K(1088K)
[2025-04-17T11:42:11.364+0000][3331.194s][info][gc,heap        ] GC(2149) Tenured: 15585K(22468K)->15585K(22468K)
[2025-04-17T11:42:11.364+0000][3331.194s][info][gc,metaspace   ] GC(2149) Metaspace: 38446K(38784K)->38446K(38784K) NonClass: 33896K(34048K)->33896K(34048K) Class: 4549K(4736K)->4549K(4736K)
[2025-04-17T11:42:11.364+0000][3331.194s][info][gc             ] GC(2149) Pause Young (Allocation Failure) 24M->15M(31M) 1.183ms
[2025-04-17T11:42:11.364+0000][3331.194s][info][gc,cpu         ] GC(2149) User=0.00s Sys=0.00s Real=0.00s
[2025-04-17T11:42:12.885+0000][3332.715s][info][gc,start       ] GC(2150) Pause Young (Allocation Failure)
[2025-04-17T11:42:12.886+0000][3332.716s][info][gc,heap        ] GC(2150) DefNew: 9166K(10176K)->81K(10176K) Eden: 9087K(9088K)->0K(9088K) From: 78K(1088K)->81K(1088K)
[2025-04-17T11:42:12.886+0000][3332.716s][info][gc,heap        ] GC(2150) Tenured: 15585K(22468K)->15586K(22468K)
[2025-04-17T11:42:12.886+0000][3332.716s][info][gc,metaspace   ] GC(2150) Metaspace: 38446K(38784K)->38446K(38784K) NonClass: 33896K(34048K)->33896K(34048K) Class: 4549K(4736K)->4549K(4736K)
[2025-04-17T11:42:12.886+0000][3332.716s][info][gc             ] GC(2150) Pause Young (Allocation Failure) 24M->15M(31M) 1.352ms
[2025-04-17T11:42:12.886+0000][3332.716s][info][gc,cpu         ] GC(2150) User=0.00s Sys=0.00s Real=0.00s
[2025-04-17T11:42:14.603+0000][3334.433s][info][gc,start       ] GC(2151) Pause Young (Allocation Failure)
[2025-04-17T11:42:14.604+0000][3334.435s][info][gc,heap        ] GC(2151) DefNew: 9169K(10176K)->79K(10176K) Eden: 9088K(9088K)->0K(9088K) From: 81K(1088K)->79K(1088K)
[2025-04-17T11:42:14.605+0000][3334.435s][info][gc,heap        ] GC(2151) Tenured: 15586K(22468K)->15586K(22468K)
[2025-04-17T11:42:14.605+0000][3334.435s][info][gc,metaspace   ] GC(2151) Metaspace: 38446K(38784K)->38446K(38784K) NonClass: 33896K(34048K)->33896K(34048K) Class: 4549K(4736K)->4549K(4736K)
[2025-04-17T11:42:14.605+0000][3334.435s][info][gc             ] GC(2151) Pause Young (Allocation Failure) 24M->15M(31M) 1.237ms
[2025-04-17T11:42:14.605+0000][3334.435s][info][gc,cpu         ] GC(2151) User=0.00s Sys=0.00s Real=0.01s
[2025-04-17T11:42:16.103+0000][3335.933s][info][gc,start       ] GC(2152) Pause Young (Allocation Failure)
[2025-04-17T11:42:16.104+0000][3335.934s][info][gc,heap        ] GC(2152) DefNew: 9167K(10176K)->90K(10176K) Eden: 9087K(9088K)->0K(9088K) From: 79K(1088K)->90K(1088K)
[2025-04-17T11:42:16.104+0000][3335.934s][info][gc,heap        ] GC(2152) Tenured: 15586K(22468K)->15586K(22468K)
[2025-04-17T11:42:16.104+0000][3335.934s][info][gc,metaspace   ] GC(2152) Metaspace: 38446K(38784K)->38446K(38784K) NonClass: 33896K(34048K)->33896K(34048K) Class: 4549K(4736K)->4549K(4736K)
[2025-04-17T11:42:16.104+0000][3335.934s][info][gc             ] GC(2152) Pause Young (Allocation Failure) 24M->15M(31M) 1.170ms
[2025-04-17T11:42:16.104+0000][3335.934s][info][gc,cpu         ] GC(2152) User=0.01s Sys=0.00s Real=0.00s
[2025-04-17T11:42:17.794+0000][3337.624s][info][gc,start       ] GC(2153) Pause Young (Allocation Failure)
[2025-04-17T11:42:17.795+0000][3337.625s][info][gc,heap        ] GC(2153) DefNew: 9178K(10176K)->74K(10176K) Eden: 9088K(9088K)->0K(9088K) From: 90K(1088K)->74K(1088K)
[2025-04-17T11:42:17.795+0000][3337.625s][info][gc,heap        ] GC(2153) Tenured: 15586K(22468K)->15586K(22468K)
[2025-04-17T11:42:17.795+0000][3337.625s][info][gc,metaspace   ] GC(2153) Metaspace: 38446K(38784K)->38446K(38784K) NonClass: 33896K(34048K)->33896K(34048K) Class: 4549K(4736K)->4549K(4736K)
[2025-04-17T11:42:17.795+0000][3337.625s][info][gc             ] GC(2153) Pause Young (Allocation Failure) 24M->15M(31M) 1.176ms
[2025-04-17T11:42:17.795+0000][3337.625s][info][gc,cpu         ] GC(2153) User=0.01s Sys=0.00s Real=0.01s
[2025-04-17T11:42:19.292+0000][3339.123s][info][gc,start       ] GC(2154) Pause Young (Allocation Failure)
[2025-04-17T11:42:19.294+0000][3339.124s][info][gc,heap        ] GC(2154) DefNew: 9162K(10176K)->77K(10176K) Eden: 9088K(9088K)->0K(9088K) From: 74K(1088K)->77K(1088K)
[2025-04-17T11:42:19.294+0000][3339.124s][info][gc,heap        ] GC(2154) Tenured: 15586K(22468K)->15586K(22468K)
[2025-04-17T11:42:19.294+0000][3339.124s][info][gc,metaspace   ] GC(2154) Metaspace: 38446K(38784K)->38446K(38784K) NonClass: 33896K(34048K)->33896K(34048K) Class: 4549K(4736K)->4549K(4736K)
[2025-04-17T11:42:19.294+0000][3339.124s][info][gc             ] GC(2154) Pause Young (Allocation Failure) 24M->15M(31M) 1.267ms
[2025-04-17T11:42:19.294+0000][3339.124s][info][gc,cpu         ] GC(2154) User=0.00s Sys=0.00s Real=0.00s
[2025-04-17T11:42:20.830+0000][3340.660s][info][gc,start       ] GC(2155) Pause Young (Allocation Failure)
[2025-04-17T11:42:20.831+0000][3340.661s][info][gc,heap        ] GC(2155) DefNew: 9165K(10176K)->74K(10176K) Eden: 9087K(9088K)->0K(9088K) From: 77K(1088K)->74K(1088K)
[2025-04-17T11:42:20.831+0000][3340.661s][info][gc,heap        ] GC(2155) Tenured: 15586K(22468K)->15586K(22468K)
[2025-04-17T11:42:20.831+0000][3340.661s][info][gc,metaspace   ] GC(2155) Metaspace: 38446K(38784K)->38446K(38784K) NonClass: 33896K(34048K)->33896K(34048K) Class: 4549K(4736K)->4549K(4736K)
[2025-04-17T11:42:20.831+0000][3340.661s][info][gc             ] GC(2155) Pause Young (Allocation Failure) 24M->15M(31M) 1.354ms
[2025-04-17T11:42:20.831+0000][3340.661s][info][gc,cpu         ] GC(2155) User=0.00s Sys=0.00s Real=0.00s
[2025-04-17T11:42:22.151+0000][3341.981s][info][gc,start       ] GC(2156) Pause Young (Allocation Failure)
[2025-04-17T11:42:22.152+0000][3341.982s][info][gc,heap        ] GC(2156) DefNew: 9162K(10176K)->72K(10176K) Eden: 9088K(9088K)->0K(9088K) From: 74K(1088K)->72K(1088K)
[2025-04-17T11:42:22.152+0000][3341.982s][info][gc,heap        ] GC(2156) Tenured: 15586K(22468K)->15586K(22468K)
[2025-04-17T11:42:22.152+0000][3341.982s][info][gc,metaspace   ] GC(2156) Metaspace: 38446K(38784K)->38446K(38784K) NonClass: 33896K(34048K)->33896K(34048K) Class: 4549K(4736K)->4549K(4736K)
[2025-04-17T11:42:22.152+0000][3341.982s][info][gc             ] GC(2156) Pause Young (Allocation Failure) 24M->15M(31M) 1.191ms
[2025-04-17T11:42:22.152+0000][3341.982s][info][gc,cpu         ] GC(2156) User=0.00s Sys=0.00s Real=0.00s
[2025-04-17T11:42:23.754+0000][3343.584s][info][gc,start       ] GC(2157) Pause Young (Allocation Failure)
[2025-04-17T11:42:23.755+0000][3343.585s][info][gc,heap        ] GC(2157) DefNew: 9159K(10176K)->77K(10176K) Eden: 9086K(9088K)->0K(9088K) From: 72K(1088K)->77K(1088K)
[2025-04-17T11:42:23.755+0000][3343.585s][info][gc,heap        ] GC(2157) Tenured: 15586K(22468K)->15586K(22468K)
[2025-04-17T11:42:23.755+0000][3343.585s][info][gc,metaspace   ] GC(2157) Metaspace: 38446K(38784K)->38446K(38784K) NonClass: 33896K(34048K)->33896K(34048K) Class: 4549K(4736K)->4549K(4736K)
[2025-04-17T11:42:23.755+0000][3343.585s][info][gc             ] GC(2157) Pause Young (Allocation Failure) 24M->15M(31M) 1.151ms
[2025-04-17T11:42:23.755+0000][3343.585s][info][gc,cpu         ] GC(2157) User=0.01s Sys=0.00s Real=0.01s
[2025-04-17T11:42:25.274+0000][3345.105s][info][gc,start       ] GC(2158) Pause Young (Allocation Failure)
[2025-04-17T11:42:25.276+0000][3345.106s][info][gc,heap        ] GC(2158) DefNew: 9165K(10176K)->84K(10176K) Eden: 9088K(9088K)->0K(9088K) From: 77K(1088K)->84K(1088K)
[2025-04-17T11:42:25.276+0000][3345.106s][info][gc,heap        ] GC(2158) Tenured: 15586K(22468K)->15586K(22468K)
[2025-04-17T11:42:25.276+0000][3345.106s][info][gc,metaspace   ] GC(2158) Metaspace: 38446K(38784K)->38446K(38784K) NonClass: 33896K(34048K)->33896K(34048K) Class: 4549K(4736K)->4549K(4736K)
[2025-04-17T11:42:25.276+0000][3345.106s][info][gc             ] GC(2158) Pause Young (Allocation Failure) 24M->15M(31M) 1.331ms
[2025-04-17T11:42:25.276+0000][3345.106s][info][gc,cpu         ] GC(2158) User=0.01s Sys=0.00s Real=0.00s
[2025-04-17T11:42:26.892+0000][3346.722s][info][gc,start       ] GC(2159) Pause Young (Allocation Failure)
[2025-04-17T11:42:26.894+0000][3346.724s][info][gc,heap        ] GC(2159) DefNew: 9172K(10176K)->89K(10176K) Eden: 9088K(9088K)->0K(9088K) From: 84K(1088K)->89K(1088K)
[2025-04-17T11:42:26.894+0000][3346.724s][info][gc,heap        ] GC(2159) Tenured: 15586K(22468K)->15586K(22468K)
[2025-04-17T11:42:26.894+0000][3346.724s][info][gc,metaspace   ] GC(2159) Metaspace: 38446K(38784K)->38446K(38784K) NonClass: 33896K(34048K)->33896K(34048K) Class: 4549K(4736K)->4549K(4736K)
[2025-04-17T11:42:26.894+0000][3346.724s][info][gc             ] GC(2159) Pause Young (Allocation Failure) 24M->15M(31M) 1.252ms
[2025-04-17T11:42:26.894+0000][3346.724s][info][gc,cpu         ] GC(2159) User=0.01s Sys=0.00s Real=0.00s
[2025-04-17T11:42:28.388+0000][3348.218s][info][gc,start       ] GC(2160) Pause Young (Allocation Failure)
[2025-04-17T11:42:28.389+0000][3348.219s][info][gc,heap        ] GC(2160) DefNew: 9177K(10176K)->74K(10176K) Eden: 9088K(9088K)->0K(9088K) From: 89K(1088K)->74K(1088K)
[2025-04-17T11:42:28.389+0000][3348.219s][info][gc,heap        ] GC(2160) Tenured: 15586K(22468K)->15586K(22468K)
[2025-04-17T11:42:28.389+0000][3348.219s][info][gc,metaspace   ] GC(2160) Metaspace: 38446K(38784K)->38446K(38784K) NonClass: 33896K(34048K)->33896K(34048K) Class: 4549K(4736K)->4549K(4736K)
[2025-04-17T11:42:28.389+0000][3348.219s][info][gc             ] GC(2160) Pause Young (Allocation Failure) 24M->15M(31M) 1.219ms
[2025-04-17T11:42:28.389+0000][3348.219s][info][gc,cpu         ] GC(2160) User=0.00s Sys=0.00s Real=0.00s
[2025-04-17T11:42:29.899+0000][3349.729s][info][gc,start       ] GC(2161) Pause Young (Allocation Failure)
[2025-04-17T11:42:29.900+0000][3349.731s][info][gc,heap        ] GC(2161) DefNew: 9162K(10176K)->76K(10176K) Eden: 9088K(9088K)->0K(9088K) From: 74K(1088K)->76K(1088K)
[2025-04-17T11:42:29.900+0000][3349.731s][info][gc,heap        ] GC(2161) Tenured: 15586K(22468K)->15588K(22468K)
[2025-04-17T11:42:29.900+0000][3349.731s][info][gc,metaspace   ] GC(2161) Metaspace: 38446K(38784K)->38446K(38784K) NonClass: 33896K(34048K)->33896K(34048K) Class: 4549K(4736K)->4549K(4736K)
[2025-04-17T11:42:29.901+0000][3349.731s][info][gc             ] GC(2161) Pause Young (Allocation Failure) 24M->15M(31M) 1.254ms
[2025-04-17T11:42:29.901+0000][3349.731s][info][gc,cpu         ] GC(2161) User=0.01s Sys=0.00s Real=0.00s
[2025-04-17T11:42:31.563+0000][3351.393s][info][gc,start       ] GC(2162) Pause Young (Allocation Failure)
[2025-04-17T11:42:31.564+0000][3351.394s][info][gc,heap        ] GC(2162) DefNew: 9164K(10176K)->73K(10176K) Eden: 9087K(9088K)->0K(9088K) From: 76K(1088K)->73K(1088K)
[2025-04-17T11:42:31.564+0000][3351.394s][info][gc,heap        ] GC(2162) Tenured: 15588K(22468K)->15588K(22468K)
[2025-04-17T11:42:31.564+0000][3351.394s][info][gc,metaspace   ] GC(2162) Metaspace: 38446K(38784K)->38446K(38784K) NonClass: 33896K(34048K)->33896K(34048K) Class: 4549K(4736K)->4549K(4736K)
[2025-04-17T11:42:31.564+0000][3351.395s][info][gc             ] GC(2162) Pause Young (Allocation Failure) 24M->15M(31M) 1.293ms
[2025-04-17T11:42:31.564+0000][3351.395s][info][gc,cpu         ] GC(2162) User=0.00s Sys=0.00s Real=0.01s
[2025-04-17T11:42:33.174+0000][3353.004s][info][gc,start       ] GC(2163) Pause Young (Allocation Failure)
[2025-04-17T11:42:33.175+0000][3353.005s][info][gc,heap        ] GC(2163) DefNew: 9161K(10176K)->94K(10176K) Eden: 9088K(9088K)->0K(9088K) From: 73K(1088K)->94K(1088K)
[2025-04-17T11:42:33.175+0000][3353.005s][info][gc,heap        ] GC(2163) Tenured: 15588K(22468K)->15589K(22468K)
[2025-04-17T11:42:33.175+0000][3353.005s][info][gc,metaspace   ] GC(2163) Metaspace: 38446K(38784K)->38446K(38784K) NonClass: 33896K(34048K)->33896K(34048K) Class: 4549K(4736K)->4549K(4736K)
[2025-04-17T11:42:33.175+0000][3353.005s][info][gc             ] GC(2163) Pause Young (Allocation Failure) 24M->15M(31M) 1.286ms
[2025-04-17T11:42:33.175+0000][3353.005s][info][gc,cpu         ] GC(2163) User=0.00s Sys=0.00s Real=0.01s
[2025-04-17T11:42:34.894+0000][3354.724s][info][gc,start       ] GC(2164) Pause Young (Allocation Failure)
[2025-04-17T11:42:34.895+0000][3354.725s][info][gc,heap        ] GC(2164) DefNew: 9182K(10176K)->85K(10176K) Eden: 9088K(9088K)->0K(9088K) From: 94K(1088K)->85K(1088K)
[2025-04-17T11:42:34.895+0000][3354.725s][info][gc,heap        ] GC(2164) Tenured: 15589K(22468K)->15589K(22468K)
[2025-04-17T11:42:34.895+0000][3354.725s][info][gc,metaspace   ] GC(2164) Metaspace: 38446K(38784K)->38446K(38784K) NonClass: 33896K(34048K)->33896K(34048K) Class: 4549K(4736K)->4549K(4736K)
[2025-04-17T11:42:34.895+0000][3354.725s][info][gc             ] GC(2164) Pause Young (Allocation Failure) 24M->15M(31M) 1.229ms
[2025-04-17T11:42:34.895+0000][3354.725s][info][gc,cpu         ] GC(2164) User=0.00s Sys=0.00s Real=0.01s
[2025-04-17T11:42:36.388+0000][3356.218s][info][gc,start       ] GC(2165) Pause Young (Allocation Failure)
[2025-04-17T11:42:36.389+0000][3356.220s][info][gc,heap        ] GC(2165) DefNew: 9173K(10176K)->71K(10176K) Eden: 9088K(9088K)->0K(9088K) From: 85K(1088K)->71K(1088K)
[2025-04-17T11:42:36.389+0000][3356.220s][info][gc,heap        ] GC(2165) Tenured: 15589K(22468K)->15589K(22468K)
[2025-04-17T11:42:36.389+0000][3356.220s][info][gc,metaspace   ] GC(2165) Metaspace: 38446K(38784K)->38446K(38784K) NonClass: 33896K(34048K)->33896K(34048K) Class: 4549K(4736K)->4549K(4736K)
[2025-04-17T11:42:36.389+0000][3356.220s][info][gc             ] GC(2165) Pause Young (Allocation Failure) 24M->15M(31M) 1.262ms
[2025-04-17T11:42:36.389+0000][3356.220s][info][gc,cpu         ] GC(2165) User=0.00s Sys=0.00s Real=0.00s
[2025-04-17T11:42:37.895+0000][3357.725s][info][gc,start       ] GC(2166) Pause Young (Allocation Failure)
[2025-04-17T11:42:37.896+0000][3357.726s][info][gc,heap        ] GC(2166) DefNew: 9159K(10176K)->71K(10176K) Eden: 9088K(9088K)->0K(9088K) From: 71K(1088K)->71K(1088K)
[2025-04-17T11:42:37.896+0000][3357.726s][info][gc,heap        ] GC(2166) Tenured: 15589K(22468K)->15589K(22468K)
[2025-04-17T11:42:37.896+0000][3357.726s][info][gc,metaspace   ] GC(2166) Metaspace: 38446K(38784K)->38446K(38784K) NonClass: 33896K(34048K)->33896K(34048K) Class: 4549K(4736K)->4549K(4736K)
[2025-04-17T11:42:37.896+0000][3357.727s][info][gc             ] GC(2166) Pause Young (Allocation Failure) 24M->15M(31M) 1.292ms
[2025-04-17T11:42:37.896+0000][3357.727s][info][gc,cpu         ] GC(2166) User=0.00s Sys=0.00s Real=0.00s
[2025-04-17T11:42:39.550+0000][3359.380s][info][gc,start       ] GC(2167) Pause Young (Allocation Failure)
[2025-04-17T11:42:39.551+0000][3359.381s][info][gc,heap        ] GC(2167) DefNew: 9159K(10176K)->91K(10176K) Eden: 9088K(9088K)->0K(9088K) From: 71K(1088K)->91K(1088K)
[2025-04-17T11:42:39.551+0000][3359.381s][info][gc,heap        ] GC(2167) Tenured: 15589K(22468K)->15589K(22468K)
[2025-04-17T11:42:39.551+0000][3359.381s][info][gc,metaspace   ] GC(2167) Metaspace: 38446K(38784K)->38446K(38784K) NonClass: 33896K(34048K)->33896K(34048K) Class: 4549K(4736K)->4549K(4736K)
[2025-04-17T11:42:39.551+0000][3359.381s][info][gc             ] GC(2167) Pause Young (Allocation Failure) 24M->15M(31M) 1.219ms
[2025-04-17T11:42:39.551+0000][3359.381s][info][gc,cpu         ] GC(2167) User=0.00s Sys=0.00s Real=0.00s
[2025-04-17T11:42:41.186+0000][3361.017s][info][gc,start       ] GC(2168) Pause Young (Allocation Failure)
[2025-04-17T11:42:41.188+0000][3361.018s][info][gc,heap        ] GC(2168) DefNew: 9170K(10176K)->93K(10176K) Eden: 9078K(9088K)->0K(9088K) From: 91K(1088K)->93K(1088K)
[2025-04-17T11:42:41.188+0000][3361.018s][info][gc,heap        ] GC(2168) Tenured: 15589K(22468K)->15589K(22468K)
[2025-04-17T11:42:41.188+0000][3361.018s][info][gc,metaspace   ] GC(2168) Metaspace: 38446K(38784K)->38446K(38784K) NonClass: 33896K(34048K)->33896K(34048K) Class: 4549K(4736K)->4549K(4736K)
[2025-04-17T11:42:41.188+0000][3361.018s][info][gc             ] GC(2168) Pause Young (Allocation Failure) 24M->15M(31M) 1.290ms
[2025-04-17T11:42:41.188+0000][3361.018s][info][gc,cpu         ] GC(2168) User=0.00s Sys=0.00s Real=0.00s
[2025-04-17T11:42:42.620+0000][3362.451s][info][gc,start       ] GC(2169) Pause Young (Allocation Failure)
[2025-04-17T11:42:42.622+0000][3362.452s][info][gc,heap        ] GC(2169) DefNew: 9181K(10176K)->75K(10176K) Eden: 9088K(9088K)->0K(9088K) From: 93K(1088K)->75K(1088K)
[2025-04-17T11:42:42.622+0000][3362.452s][info][gc,heap        ] GC(2169) Tenured: 15589K(22468K)->15589K(22468K)
[2025-04-17T11:42:42.622+0000][3362.452s][info][gc,metaspace   ] GC(2169) Metaspace: 38446K(38784K)->38446K(38784K) NonClass: 33896K(34048K)->33896K(34048K) Class: 4549K(4736K)->4549K(4736K)
[2025-04-17T11:42:42.622+0000][3362.452s][info][gc             ] GC(2169) Pause Young (Allocation Failure) 24M->15M(31M) 1.260ms
[2025-04-17T11:42:42.622+0000][3362.452s][info][gc,cpu         ] GC(2169) User=0.00s Sys=0.00s Real=0.00s
[2025-04-17T11:42:44.091+0000][3363.921s][info][gc,start       ] GC(2170) Pause Young (Allocation Failure)
[2025-04-17T11:42:44.092+0000][3363.922s][info][gc,heap        ] GC(2170) DefNew: 9163K(10176K)->76K(10176K) Eden: 9088K(9088K)->0K(9088K) From: 75K(1088K)->76K(1088K)
[2025-04-17T11:42:44.092+0000][3363.922s][info][gc,heap        ] GC(2170) Tenured: 15589K(22468K)->15589K(22468K)
[2025-04-17T11:42:44.092+0000][3363.922s][info][gc,metaspace   ] GC(2170) Metaspace: 38446K(38784K)->38446K(38784K) NonClass: 33896K(34048K)->33896K(34048K) Class: 4549K(4736K)->4549K(4736K)
[2025-04-17T11:42:44.092+0000][3363.922s][info][gc             ] GC(2170) Pause Young (Allocation Failure) 24M->15M(31M) 1.300ms
[2025-04-17T11:42:44.092+0000][3363.922s][info][gc,cpu         ] GC(2170) User=0.00s Sys=0.00s Real=0.00s
[2025-04-17T11:42:45.663+0000][3365.493s][info][gc,start       ] GC(2171) Pause Young (Allocation Failure)
[2025-04-17T11:42:45.664+0000][3365.494s][info][gc,heap        ] GC(2171) DefNew: 9164K(10176K)->95K(10176K) Eden: 9088K(9088K)->0K(9088K) From: 76K(1088K)->95K(1088K)
[2025-04-17T11:42:45.664+0000][3365.494s][info][gc,heap        ] GC(2171) Tenured: 15589K(22468K)->15589K(22468K)
[2025-04-17T11:42:45.664+0000][3365.494s][info][gc,metaspace   ] GC(2171) Metaspace: 38446K(38784K)->38446K(38784K) NonClass: 33896K(34048K)->33896K(34048K) Class: 4549K(4736K)->4549K(4736K)
[2025-04-17T11:42:45.664+0000][3365.494s][info][gc             ] GC(2171) Pause Young (Allocation Failure) 24M->15M(31M) 1.274ms
[2025-04-17T11:42:45.664+0000][3365.494s][info][gc,cpu         ] GC(2171) User=0.00s Sys=0.00s Real=0.00s
[2025-04-17T11:42:47.382+0000][3367.212s][info][gc,start       ] GC(2172) Pause Young (Allocation Failure)
[2025-04-17T11:42:47.383+0000][3367.214s][info][gc,heap        ] GC(2172) DefNew: 9183K(10176K)->92K(10176K) Eden: 9088K(9088K)->0K(9088K) From: 95K(1088K)->92K(1088K)
[2025-04-17T11:42:47.383+0000][3367.214s][info][gc,heap        ] GC(2172) Tenured: 15589K(22468K)->15589K(22468K)
[2025-04-17T11:42:47.383+0000][3367.214s][info][gc,metaspace   ] GC(2172) Metaspace: 38446K(38784K)->38446K(38784K) NonClass: 33896K(34048K)->33896K(34048K) Class: 4549K(4736K)->4549K(4736K)
[2025-04-17T11:42:47.383+0000][3367.214s][info][gc             ] GC(2172) Pause Young (Allocation Failure) 24M->15M(31M) 1.272ms
[2025-04-17T11:42:47.384+0000][3367.214s][info][gc,cpu         ] GC(2172) User=0.01s Sys=0.00s Real=0.00s
[2025-04-17T11:42:48.836+0000][3368.666s][info][gc,start       ] GC(2173) Pause Young (Allocation Failure)
[2025-04-17T11:42:48.837+0000][3368.667s][info][gc,heap        ] GC(2173) DefNew: 9180K(10176K)->82K(10176K) Eden: 9088K(9088K)->0K(9088K) From: 92K(1088K)->82K(1088K)
[2025-04-17T11:42:48.837+0000][3368.667s][info][gc,heap        ] GC(2173) Tenured: 15589K(22468K)->15589K(22468K)
[2025-04-17T11:42:48.837+0000][3368.667s][info][gc,metaspace   ] GC(2173) Metaspace: 38446K(38784K)->38446K(38784K) NonClass: 33896K(34048K)->33896K(34048K) Class: 4549K(4736K)->4549K(4736K)
[2025-04-17T11:42:48.837+0000][3368.667s][info][gc             ] GC(2173) Pause Young (Allocation Failure) 24M->15M(31M) 1.318ms
[2025-04-17T11:42:48.837+0000][3368.667s][info][gc,cpu         ] GC(2173) User=0.00s Sys=0.00s Real=0.00s
[2025-04-17T11:42:50.350+0000][3370.180s][info][gc,start       ] GC(2174) Pause Young (Allocation Failure)
[2025-04-17T11:42:50.351+0000][3370.181s][info][gc,heap        ] GC(2174) DefNew: 9170K(10176K)->79K(10176K) Eden: 9088K(9088K)->0K(9088K) From: 82K(1088K)->79K(1088K)
[2025-04-17T11:42:50.351+0000][3370.181s][info][gc,heap        ] GC(2174) Tenured: 15589K(22468K)->15589K(22468K)
[2025-04-17T11:42:50.351+0000][3370.181s][info][gc,metaspace   ] GC(2174) Metaspace: 38446K(38784K)->38446K(38784K) NonClass: 33896K(34048K)->33896K(34048K) Class: 4549K(4736K)->4549K(4736K)
[2025-04-17T11:42:50.351+0000][3370.181s][info][gc             ] GC(2174) Pause Young (Allocation Failure) 24M->15M(31M) 1.312ms
[2025-04-17T11:42:50.351+0000][3370.181s][info][gc,cpu         ] GC(2174) User=0.00s Sys=0.00s Real=0.00s
[2025-04-17T11:42:51.975+0000][3371.805s][info][gc,start       ] GC(2175) Pause Young (Allocation Failure)
[2025-04-17T11:42:51.976+0000][3371.806s][info][gc,heap        ] GC(2175) DefNew: 9165K(10176K)->88K(10176K) Eden: 9085K(9088K)->0K(9088K) From: 79K(1088K)->88K(1088K)
[2025-04-17T11:42:51.976+0000][3371.806s][info][gc,heap        ] GC(2175) Tenured: 15589K(22468K)->15589K(22468K)
[2025-04-17T11:42:51.976+0000][3371.806s][info][gc,metaspace   ] GC(2175) Metaspace: 38446K(38784K)->38446K(38784K) NonClass: 33896K(34048K)->33896K(34048K) Class: 4549K(4736K)->4549K(4736K)
[2025-04-17T11:42:51.976+0000][3371.806s][info][gc             ] GC(2175) Pause Young (Allocation Failure) 24M->15M(31M) 1.205ms
[2025-04-17T11:42:51.976+0000][3371.806s][info][gc,cpu         ] GC(2175) User=0.01s Sys=0.00s Real=0.00s
[2025-04-17T11:42:53.446+0000][3373.276s][info][gc,start       ] GC(2176) Pause Young (Allocation Failure)
[2025-04-17T11:42:53.447+0000][3373.277s][info][gc,heap        ] GC(2176) DefNew: 9176K(10176K)->85K(10176K) Eden: 9087K(9088K)->0K(9088K) From: 88K(1088K)->85K(1088K)
[2025-04-17T11:42:53.447+0000][3373.277s][info][gc,heap        ] GC(2176) Tenured: 15589K(22468K)->15589K(22468K)
[2025-04-17T11:42:53.447+0000][3373.277s][info][gc,metaspace   ] GC(2176) Metaspace: 38446K(38784K)->38446K(38784K) NonClass: 33896K(34048K)->33896K(34048K) Class: 4549K(4736K)->4549K(4736K)
[2025-04-17T11:42:53.447+0000][3373.277s][info][gc             ] GC(2176) Pause Young (Allocation Failure) 24M->15M(31M) 1.159ms
[2025-04-17T11:42:53.447+0000][3373.277s][info][gc,cpu         ] GC(2176) User=0.00s Sys=0.00s Real=0.00s
[2025-04-17T11:42:55.235+0000][3375.066s][info][gc,start       ] GC(2177) Pause Young (Allocation Failure)
[2025-04-17T11:42:55.237+0000][3375.067s][info][gc,heap        ] GC(2177) DefNew: 9173K(10176K)->82K(10176K) Eden: 9088K(9088K)->0K(9088K) From: 85K(1088K)->82K(1088K)
[2025-04-17T11:42:55.237+0000][3375.067s][info][gc,heap        ] GC(2177) Tenured: 15589K(22468K)->15589K(22468K)
[2025-04-17T11:42:55.237+0000][3375.067s][info][gc,metaspace   ] GC(2177) Metaspace: 38446K(38784K)->38446K(38784K) NonClass: 33896K(34048K)->33896K(34048K) Class: 4549K(4736K)->4549K(4736K)
[2025-04-17T11:42:55.237+0000][3375.067s][info][gc             ] GC(2177) Pause Young (Allocation Failure) 24M->15M(31M) 1.251ms
[2025-04-17T11:42:55.237+0000][3375.067s][info][gc,cpu         ] GC(2177) User=0.00s Sys=0.00s Real=0.00s
[2025-04-17T11:42:56.890+0000][3376.720s][info][gc,start       ] GC(2178) Pause Young (Allocation Failure)
[2025-04-17T11:42:56.891+0000][3376.721s][info][gc,heap        ] GC(2178) DefNew: 9170K(10176K)->98K(10176K) Eden: 9088K(9088K)->0K(9088K) From: 82K(1088K)->98K(1088K)
[2025-04-17T11:42:56.891+0000][3376.721s][info][gc,heap        ] GC(2178) Tenured: 15589K(22468K)->15589K(22468K)
[2025-04-17T11:42:56.891+0000][3376.721s][info][gc,metaspace   ] GC(2178) Metaspace: 38446K(38784K)->38446K(38784K) NonClass: 33896K(34048K)->33896K(34048K) Class: 4549K(4736K)->4549K(4736K)
[2025-04-17T11:42:56.891+0000][3376.722s][info][gc             ] GC(2178) Pause Young (Allocation Failure) 24M->15M(31M) 1.309ms
[2025-04-17T11:42:56.891+0000][3376.722s][info][gc,cpu         ] GC(2178) User=0.00s Sys=0.00s Real=0.00s
[2025-04-17T11:42:58.587+0000][3378.417s][info][gc,start       ] GC(2179) Pause Young (Allocation Failure)
[2025-04-17T11:42:58.588+0000][3378.418s][info][gc,heap        ] GC(2179) DefNew: 9186K(10176K)->89K(10176K) Eden: 9088K(9088K)->0K(9088K) From: 98K(1088K)->89K(1088K)
[2025-04-17T11:42:58.588+0000][3378.418s][info][gc,heap        ] GC(2179) Tenured: 15589K(22468K)->15589K(22468K)
[2025-04-17T11:42:58.588+0000][3378.418s][info][gc,metaspace   ] GC(2179) Metaspace: 38446K(38784K)->38446K(38784K) NonClass: 33896K(34048K)->33896K(34048K) Class: 4549K(4736K)->4549K(4736K)
[2025-04-17T11:42:58.588+0000][3378.418s][info][gc             ] GC(2179) Pause Young (Allocation Failure) 24M->15M(31M) 1.340ms
[2025-04-17T11:42:58.588+0000][3378.418s][info][gc,cpu         ] GC(2179) User=0.00s Sys=0.00s Real=0.00s
[2025-04-17T11:42:59.939+0000][3379.769s][info][gc,start       ] GC(2180) Pause Young (Allocation Failure)
[2025-04-17T11:42:59.941+0000][3379.771s][info][gc,heap        ] GC(2180) DefNew: 9177K(10176K)->88K(10176K) Eden: 9088K(9088K)->0K(9088K) From: 89K(1088K)->88K(1088K)
[2025-04-17T11:42:59.941+0000][3379.771s][info][gc,heap        ] GC(2180) Tenured: 15589K(22468K)->15589K(22468K)
[2025-04-17T11:42:59.941+0000][3379.771s][info][gc,metaspace   ] GC(2180) Metaspace: 38446K(38784K)->38446K(38784K) NonClass: 33896K(34048K)->33896K(34048K) Class: 4549K(4736K)->4549K(4736K)
[2025-04-17T11:42:59.941+0000][3379.771s][info][gc             ] GC(2180) Pause Young (Allocation Failure) 24M->15M(31M) 1.279ms
[2025-04-17T11:42:59.941+0000][3379.771s][info][gc,cpu         ] GC(2180) User=0.00s Sys=0.00s Real=0.00s
[2025-04-17T11:43:01.518+0000][3381.348s][info][gc,start       ] GC(2181) Pause Young (Allocation Failure)
[2025-04-17T11:43:01.519+0000][3381.349s][info][gc,heap        ] GC(2181) DefNew: 9176K(10176K)->83K(10176K) Eden: 9088K(9088K)->0K(9088K) From: 88K(1088K)->83K(1088K)
[2025-04-17T11:43:01.519+0000][3381.349s][info][gc,heap        ] GC(2181) Tenured: 15589K(22468K)->15591K(22468K)
[2025-04-17T11:43:01.519+0000][3381.349s][info][gc,metaspace   ] GC(2181) Metaspace: 38446K(38784K)->38446K(38784K) NonClass: 33896K(34048K)->33896K(34048K) Class: 4549K(4736K)->4549K(4736K)
[2025-04-17T11:43:01.519+0000][3381.349s][info][gc             ] GC(2181) Pause Young (Allocation Failure) 24M->15M(31M) 1.347ms
[2025-04-17T11:43:01.519+0000][3381.349s][info][gc,cpu         ] GC(2181) User=0.00s Sys=0.00s Real=0.00s
[2025-04-17T11:43:03.219+0000][3383.049s][info][gc,start       ] GC(2182) Pause Young (Allocation Failure)
[2025-04-17T11:43:03.220+0000][3383.050s][info][gc,heap        ] GC(2182) DefNew: 9171K(10176K)->100K(10176K) Eden: 9088K(9088K)->0K(9088K) From: 83K(1088K)->100K(1088K)
[2025-04-17T11:43:03.220+0000][3383.050s][info][gc,heap        ] GC(2182) Tenured: 15591K(22468K)->15591K(22468K)
[2025-04-17T11:43:03.220+0000][3383.050s][info][gc,metaspace   ] GC(2182) Metaspace: 38446K(38784K)->38446K(38784K) NonClass: 33896K(34048K)->33896K(34048K) Class: 4549K(4736K)->4549K(4736K)
[2025-04-17T11:43:03.220+0000][3383.050s][info][gc             ] GC(2182) Pause Young (Allocation Failure) 24M->15M(31M) 1.305ms
[2025-04-17T11:43:03.220+0000][3383.050s][info][gc,cpu         ] GC(2182) User=0.00s Sys=0.00s Real=0.00s
[2025-04-17T11:43:04.671+0000][3384.501s][info][gc,start       ] GC(2183) Pause Young (Allocation Failure)
[2025-04-17T11:43:04.672+0000][3384.503s][info][gc,heap        ] GC(2183) DefNew: 9188K(10176K)->100K(10176K) Eden: 9088K(9088K)->0K(9088K) From: 100K(1088K)->100K(1088K)
[2025-04-17T11:43:04.672+0000][3384.503s][info][gc,heap        ] GC(2183) Tenured: 15591K(22468K)->15591K(22468K)
[2025-04-17T11:43:04.672+0000][3384.503s][info][gc,metaspace   ] GC(2183) Metaspace: 38446K(38784K)->38446K(38784K) NonClass: 33896K(34048K)->33896K(34048K) Class: 4549K(4736K)->4549K(4736K)
[2025-04-17T11:43:04.672+0000][3384.503s][info][gc             ] GC(2183) Pause Young (Allocation Failure) 24M->15M(31M) 1.190ms
[2025-04-17T11:43:04.672+0000][3384.503s][info][gc,cpu         ] GC(2183) User=0.01s Sys=0.00s Real=0.00s
[2025-04-17T11:43:06.296+0000][3386.126s][info][gc,start       ] GC(2184) Pause Young (Allocation Failure)
[2025-04-17T11:43:06.297+0000][3386.127s][info][gc,heap        ] GC(2184) DefNew: 9188K(10176K)->83K(10176K) Eden: 9088K(9088K)->0K(9088K) From: 100K(1088K)->83K(1088K)
[2025-04-17T11:43:06.297+0000][3386.128s][info][gc,heap        ] GC(2184) Tenured: 15591K(22468K)->15591K(22468K)
[2025-04-17T11:43:06.297+0000][3386.128s][info][gc,metaspace   ] GC(2184) Metaspace: 38446K(38784K)->38446K(38784K) NonClass: 33896K(34048K)->33896K(34048K) Class: 4549K(4736K)->4549K(4736K)
[2025-04-17T11:43:06.297+0000][3386.128s][info][gc             ] GC(2184) Pause Young (Allocation Failure) 24M->15M(31M) 1.328ms
[2025-04-17T11:43:06.297+0000][3386.128s][info][gc,cpu         ] GC(2184) User=0.00s Sys=0.00s Real=0.00s
[2025-04-17T11:43:07.977+0000][3387.807s][info][gc,start       ] GC(2185) Pause Young (Allocation Failure)
[2025-04-17T11:43:07.978+0000][3387.808s][info][gc,heap        ] GC(2185) DefNew: 9171K(10176K)->83K(10176K) Eden: 9088K(9088K)->0K(9088K) From: 83K(1088K)->83K(1088K)
[2025-04-17T11:43:07.978+0000][3387.808s][info][gc,heap        ] GC(2185) Tenured: 15591K(22468K)->15594K(22468K)
[2025-04-17T11:43:07.978+0000][3387.808s][info][gc,metaspace   ] GC(2185) Metaspace: 38446K(38784K)->38446K(38784K) NonClass: 33896K(34048K)->33896K(34048K) Class: 4549K(4736K)->4549K(4736K)
[2025-04-17T11:43:07.978+0000][3387.808s][info][gc             ] GC(2185) Pause Young (Allocation Failure) 24M->15M(31M) 1.210ms
[2025-04-17T11:43:07.978+0000][3387.808s][info][gc,cpu         ] GC(2185) User=0.00s Sys=0.00s Real=0.00s
[2025-04-17T11:43:09.592+0000][3389.422s][info][gc,start       ] GC(2186) Pause Young (Allocation Failure)
[2025-04-17T11:43:09.593+0000][3389.423s][info][gc,heap        ] GC(2186) DefNew: 9171K(10176K)->79K(10176K) Eden: 9088K(9088K)->0K(9088K) From: 83K(1088K)->79K(1088K)
[2025-04-17T11:43:09.593+0000][3389.423s][info][gc,heap        ] GC(2186) Tenured: 15594K(22468K)->15596K(22468K)
[2025-04-17T11:43:09.593+0000][3389.423s][info][gc,metaspace   ] GC(2186) Metaspace: 38446K(38784K)->38446K(38784K) NonClass: 33896K(34048K)->33896K(34048K) Class: 4549K(4736K)->4549K(4736K)
[2025-04-17T11:43:09.593+0000][3389.423s][info][gc             ] GC(2186) Pause Young (Allocation Failure) 24M->15M(31M) 1.206ms
[2025-04-17T11:43:09.593+0000][3389.423s][info][gc,cpu         ] GC(2186) User=0.00s Sys=0.00s Real=0.00s
[2025-04-17T11:43:11.225+0000][3391.055s][info][gc,start       ] GC(2187) Pause Young (Allocation Failure)
[2025-04-17T11:43:11.226+0000][3391.056s][info][gc,heap        ] GC(2187) DefNew: 9167K(10176K)->104K(10176K) Eden: 9088K(9088K)->0K(9088K) From: 79K(1088K)->104K(1088K)
[2025-04-17T11:43:11.226+0000][3391.056s][info][gc,heap        ] GC(2187) Tenured: 15596K(22468K)->15596K(22468K)
[2025-04-17T11:43:11.226+0000][3391.056s][info][gc,metaspace   ] GC(2187) Metaspace: 38446K(38784K)->38446K(38784K) NonClass: 33896K(34048K)->33896K(34048K) Class: 4549K(4736K)->4549K(4736K)
[2025-04-17T11:43:11.226+0000][3391.056s][info][gc             ] GC(2187) Pause Young (Allocation Failure) 24M->15M(31M) 1.343ms
[2025-04-17T11:43:11.226+0000][3391.056s][info][gc,cpu         ] GC(2187) User=0.00s Sys=0.00s Real=0.00s
[2025-04-17T11:43:12.718+0000][3392.548s][info][gc,start       ] GC(2188) Pause Young (Allocation Failure)
[2025-04-17T11:43:12.719+0000][3392.549s][info][gc,heap        ] GC(2188) DefNew: 9185K(10176K)->89K(10176K) Eden: 9081K(9088K)->0K(9088K) From: 104K(1088K)->89K(1088K)
[2025-04-17T11:43:12.719+0000][3392.549s][info][gc,heap        ] GC(2188) Tenured: 15596K(22468K)->15599K(22468K)
[2025-04-17T11:43:12.719+0000][3392.549s][info][gc,metaspace   ] GC(2188) Metaspace: 38446K(38784K)->38446K(38784K) NonClass: 33896K(34048K)->33896K(34048K) Class: 4549K(4736K)->4549K(4736K)
[2025-04-17T11:43:12.719+0000][3392.549s][info][gc             ] GC(2188) Pause Young (Allocation Failure) 24M->15M(31M) 1.240ms
[2025-04-17T11:43:12.719+0000][3392.549s][info][gc,cpu         ] GC(2188) User=0.00s Sys=0.00s Real=0.00s
[2025-04-17T11:43:14.375+0000][3394.205s][info][gc,start       ] GC(2189) Pause Young (Allocation Failure)
[2025-04-17T11:43:14.376+0000][3394.206s][info][gc,heap        ] GC(2189) DefNew: 9177K(10176K)->86K(10176K) Eden: 9088K(9088K)->0K(9088K) From: 89K(1088K)->86K(1088K)
[2025-04-17T11:43:14.376+0000][3394.206s][info][gc,heap        ] GC(2189) Tenured: 15599K(22468K)->15599K(22468K)
[2025-04-17T11:43:14.376+0000][3394.206s][info][gc,metaspace   ] GC(2189) Metaspace: 38446K(38784K)->38446K(38784K) NonClass: 33896K(34048K)->33896K(34048K) Class: 4549K(4736K)->4549K(4736K)
[2025-04-17T11:43:14.376+0000][3394.206s][info][gc             ] GC(2189) Pause Young (Allocation Failure) 24M->15M(31M) 1.220ms
[2025-04-17T11:43:14.376+0000][3394.206s][info][gc,cpu         ] GC(2189) User=0.00s Sys=0.00s Real=0.00s
[2025-04-17T11:43:16.027+0000][3395.857s][info][gc,start       ] GC(2190) Pause Young (Allocation Failure)
[2025-04-17T11:43:16.028+0000][3395.859s][info][gc,heap        ] GC(2190) DefNew: 9174K(10176K)->85K(10176K) Eden: 9088K(9088K)->0K(9088K) From: 86K(1088K)->85K(1088K)
[2025-04-17T11:43:16.028+0000][3395.859s][info][gc,heap        ] GC(2190) Tenured: 15599K(22468K)->15599K(22468K)
[2025-04-17T11:43:16.028+0000][3395.859s][info][gc,metaspace   ] GC(2190) Metaspace: 38446K(38784K)->38446K(38784K) NonClass: 33896K(34048K)->33896K(34048K) Class: 4549K(4736K)->4549K(4736K)
[2025-04-17T11:43:16.028+0000][3395.859s][info][gc             ] GC(2190) Pause Young (Allocation Failure) 24M->15M(31M) 1.261ms
[2025-04-17T11:43:16.028+0000][3395.859s][info][gc,cpu         ] GC(2190) User=0.01s Sys=0.00s Real=0.00s
[2025-04-17T11:43:17.747+0000][3397.577s][info][gc,start       ] GC(2191) Pause Young (Allocation Failure)
[2025-04-17T11:43:17.748+0000][3397.579s][info][gc,heap        ] GC(2191) DefNew: 9173K(10176K)->101K(10176K) Eden: 9088K(9088K)->0K(9088K) From: 85K(1088K)->101K(1088K)
[2025-04-17T11:43:17.748+0000][3397.579s][info][gc,heap        ] GC(2191) Tenured: 15599K(22468K)->15599K(22468K)
[2025-04-17T11:43:17.748+0000][3397.579s][info][gc,metaspace   ] GC(2191) Metaspace: 38446K(38784K)->38446K(38784K) NonClass: 33896K(34048K)->33896K(34048K) Class: 4549K(4736K)->4549K(4736K)
[2025-04-17T11:43:17.748+0000][3397.579s][info][gc             ] GC(2191) Pause Young (Allocation Failure) 24M->15M(31M) 1.301ms
[2025-04-17T11:43:17.748+0000][3397.579s][info][gc,cpu         ] GC(2191) User=0.01s Sys=0.00s Real=0.00s
[2025-04-17T11:43:19.298+0000][3399.128s][info][gc,start       ] GC(2192) Pause Young (Allocation Failure)
[2025-04-17T11:43:19.299+0000][3399.129s][info][gc,heap        ] GC(2192) DefNew: 9189K(10176K)->90K(10176K) Eden: 9088K(9088K)->0K(9088K) From: 101K(1088K)->90K(1088K)
[2025-04-17T11:43:19.299+0000][3399.129s][info][gc,heap        ] GC(2192) Tenured: 15599K(22468K)->15599K(22468K)
[2025-04-17T11:43:19.299+0000][3399.129s][info][gc,metaspace   ] GC(2192) Metaspace: 38446K(38784K)->38446K(38784K) NonClass: 33896K(34048K)->33896K(34048K) Class: 4549K(4736K)->4549K(4736K)
[2025-04-17T11:43:19.299+0000][3399.129s][info][gc             ] GC(2192) Pause Young (Allocation Failure) 24M->15M(31M) 1.341ms
[2025-04-17T11:43:19.299+0000][3399.129s][info][gc,cpu         ] GC(2192) User=0.00s Sys=0.00s Real=0.00s
[2025-04-17T11:43:20.620+0000][3400.450s][info][gc,start       ] GC(2193) Pause Young (Allocation Failure)
[2025-04-17T11:43:20.621+0000][3400.451s][info][gc,heap        ] GC(2193) DefNew: 9178K(10176K)->87K(10176K) Eden: 9088K(9088K)->0K(9088K) From: 90K(1088K)->87K(1088K)
[2025-04-17T11:43:20.621+0000][3400.451s][info][gc,heap        ] GC(2193) Tenured: 15599K(22468K)->15599K(22468K)
[2025-04-17T11:43:20.621+0000][3400.451s][info][gc,metaspace   ] GC(2193) Metaspace: 38446K(38784K)->38446K(38784K) NonClass: 33896K(34048K)->33896K(34048K) Class: 4549K(4736K)->4549K(4736K)
[2025-04-17T11:43:20.621+0000][3400.451s][info][gc             ] GC(2193) Pause Young (Allocation Failure) 24M->15M(31M) 1.270ms
[2025-04-17T11:43:20.621+0000][3400.451s][info][gc,cpu         ] GC(2193) User=0.01s Sys=0.00s Real=0.00s
[2025-04-17T11:43:22.428+0000][3402.258s][info][gc,start       ] GC(2194) Pause Young (Allocation Failure)
[2025-04-17T11:43:22.429+0000][3402.259s][info][gc,heap        ] GC(2194) DefNew: 9175K(10176K)->100K(10176K) Eden: 9088K(9088K)->0K(9088K) From: 87K(1088K)->100K(1088K)
[2025-04-17T11:43:22.429+0000][3402.259s][info][gc,heap        ] GC(2194) Tenured: 15599K(22468K)->15601K(22468K)
[2025-04-17T11:43:22.429+0000][3402.259s][info][gc,metaspace   ] GC(2194) Metaspace: 38446K(38784K)->38446K(38784K) NonClass: 33896K(34048K)->33896K(34048K) Class: 4549K(4736K)->4549K(4736K)
[2025-04-17T11:43:22.429+0000][3402.259s][info][gc             ] GC(2194) Pause Young (Allocation Failure) 24M->15M(31M) 1.277ms
[2025-04-17T11:43:22.429+0000][3402.259s][info][gc,cpu         ] GC(2194) User=0.01s Sys=0.00s Real=0.00s
[2025-04-17T11:43:23.883+0000][3403.713s][info][gc,start       ] GC(2195) Pause Young (Allocation Failure)
[2025-04-17T11:43:23.884+0000][3403.714s][info][gc,heap        ] GC(2195) DefNew: 9188K(10176K)->82K(10176K) Eden: 9088K(9088K)->0K(9088K) From: 100K(1088K)->82K(1088K)
[2025-04-17T11:43:23.884+0000][3403.714s][info][gc,heap        ] GC(2195) Tenured: 15601K(22468K)->15603K(22468K)
[2025-04-17T11:43:23.884+0000][3403.714s][info][gc,metaspace   ] GC(2195) Metaspace: 38446K(38784K)->38446K(38784K) NonClass: 33896K(34048K)->33896K(34048K) Class: 4549K(4736K)->4549K(4736K)
[2025-04-17T11:43:23.884+0000][3403.714s][info][gc             ] GC(2195) Pause Young (Allocation Failure) 24M->15M(31M) 1.325ms
[2025-04-17T11:43:23.884+0000][3403.714s][info][gc,cpu         ] GC(2195) User=0.00s Sys=0.00s Real=0.00s
[2025-04-17T11:43:25.502+0000][3405.332s][info][gc,start       ] GC(2196) Pause Young (Allocation Failure)
[2025-04-17T11:43:25.503+0000][3405.334s][info][gc,heap        ] GC(2196) DefNew: 9170K(10176K)->86K(10176K) Eden: 9088K(9088K)->0K(9088K) From: 82K(1088K)->86K(1088K)
[2025-04-17T11:43:25.503+0000][3405.334s][info][gc,heap        ] GC(2196) Tenured: 15603K(22468K)->15603K(22468K)
[2025-04-17T11:43:25.503+0000][3405.334s][info][gc,metaspace   ] GC(2196) Metaspace: 38446K(38784K)->38446K(38784K) NonClass: 33896K(34048K)->33896K(34048K) Class: 4549K(4736K)->4549K(4736K)
[2025-04-17T11:43:25.503+0000][3405.334s][info][gc             ] GC(2196) Pause Young (Allocation Failure) 24M->15M(31M) 1.322ms
[2025-04-17T11:43:25.503+0000][3405.334s][info][gc,cpu         ] GC(2196) User=0.01s Sys=0.00s Real=0.00s
[2025-04-17T11:43:27.006+0000][3406.836s][info][gc,start       ] GC(2197) Pause Young (Allocation Failure)
[2025-04-17T11:43:27.007+0000][3406.837s][info][gc,heap        ] GC(2197) DefNew: 9174K(10176K)->88K(10176K) Eden: 9088K(9088K)->0K(9088K) From: 86K(1088K)->88K(1088K)
[2025-04-17T11:43:27.007+0000][3406.837s][info][gc,heap        ] GC(2197) Tenured: 15603K(22468K)->15604K(22468K)
[2025-04-17T11:43:27.007+0000][3406.837s][info][gc,metaspace   ] GC(2197) Metaspace: 38446K(38784K)->38446K(38784K) NonClass: 33896K(34048K)->33896K(34048K) Class: 4549K(4736K)->4549K(4736K)
[2025-04-17T11:43:27.007+0000][3406.837s][info][gc             ] GC(2197) Pause Young (Allocation Failure) 24M->15M(31M) 1.369ms
[2025-04-17T11:43:27.007+0000][3406.837s][info][gc,cpu         ] GC(2197) User=0.01s Sys=0.00s Real=0.00s
[2025-04-17T11:43:28.455+0000][3408.286s][info][gc,start       ] GC(2198) Pause Young (Allocation Failure)
[2025-04-17T11:43:28.457+0000][3408.287s][info][gc,heap        ] GC(2198) DefNew: 9176K(10176K)->100K(10176K) Eden: 9088K(9088K)->0K(9088K) From: 88K(1088K)->100K(1088K)
[2025-04-17T11:43:28.457+0000][3408.287s][info][gc,heap        ] GC(2198) Tenured: 15604K(22468K)->15604K(22468K)
[2025-04-17T11:43:28.457+0000][3408.287s][info][gc,metaspace   ] GC(2198) Metaspace: 38446K(38784K)->38446K(38784K) NonClass: 33896K(34048K)->33896K(34048K) Class: 4549K(4736K)->4549K(4736K)
[2025-04-17T11:43:28.457+0000][3408.287s][info][gc             ] GC(2198) Pause Young (Allocation Failure) 24M->15M(31M) 1.274ms
[2025-04-17T11:43:28.457+0000][3408.287s][info][gc,cpu         ] GC(2198) User=0.00s Sys=0.00s Real=0.00s
[2025-04-17T11:43:29.906+0000][3409.736s][info][gc,start       ] GC(2199) Pause Young (Allocation Failure)
[2025-04-17T11:43:29.907+0000][3409.738s][info][gc,heap        ] GC(2199) DefNew: 9188K(10176K)->85K(10176K) Eden: 9088K(9088K)->0K(9088K) From: 100K(1088K)->85K(1088K)
[2025-04-17T11:43:29.907+0000][3409.738s][info][gc,heap        ] GC(2199) Tenured: 15604K(22468K)->15604K(22468K)
[2025-04-17T11:43:29.908+0000][3409.738s][info][gc,metaspace   ] GC(2199) Metaspace: 38446K(38784K)->38446K(38784K) NonClass: 33896K(34048K)->33896K(34048K) Class: 4549K(4736K)->4549K(4736K)
[2025-04-17T11:43:29.908+0000][3409.738s][info][gc             ] GC(2199) Pause Young (Allocation Failure) 24M->15M(31M) 1.181ms
[2025-04-17T11:43:29.908+0000][3409.738s][info][gc,cpu         ] GC(2199) User=0.00s Sys=0.00s Real=0.00s
[2025-04-17T11:43:31.405+0000][3411.235s][info][gc,start       ] GC(2200) Pause Young (Allocation Failure)
[2025-04-17T11:43:31.406+0000][3411.236s][info][gc,heap        ] GC(2200) DefNew: 9173K(10176K)->85K(10176K) Eden: 9088K(9088K)->0K(9088K) From: 85K(1088K)->85K(1088K)
[2025-04-17T11:43:31.406+0000][3411.236s][info][gc,heap        ] GC(2200) Tenured: 15604K(22468K)->15605K(22468K)
[2025-04-17T11:43:31.406+0000][3411.236s][info][gc,metaspace   ] GC(2200) Metaspace: 38446K(38784K)->38446K(38784K) NonClass: 33896K(34048K)->33896K(34048K) Class: 4549K(4736K)->4549K(4736K)
[2025-04-17T11:43:31.406+0000][3411.236s][info][gc             ] GC(2200) Pause Young (Allocation Failure) 24M->15M(31M) 1.285ms
[2025-04-17T11:43:31.406+0000][3411.236s][info][gc,cpu         ] GC(2200) User=0.00s Sys=0.00s Real=0.00s
[2025-04-17T11:43:33.060+0000][3412.890s][info][gc,start       ] GC(2201) Pause Young (Allocation Failure)
[2025-04-17T11:43:33.062+0000][3412.892s][info][gc,heap        ] GC(2201) DefNew: 9173K(10176K)->81K(10176K) Eden: 9088K(9088K)->0K(9088K) From: 85K(1088K)->81K(1088K)
[2025-04-17T11:43:33.062+0000][3412.892s][info][gc,heap        ] GC(2201) Tenured: 15605K(22468K)->15606K(22468K)
[2025-04-17T11:43:33.062+0000][3412.892s][info][gc,metaspace   ] GC(2201) Metaspace: 38446K(38784K)->38446K(38784K) NonClass: 33896K(34048K)->33896K(34048K) Class: 4549K(4736K)->4549K(4736K)
[2025-04-17T11:43:33.062+0000][3412.892s][info][gc             ] GC(2201) Pause Young (Allocation Failure) 24M->15M(31M) 1.305ms
[2025-04-17T11:43:33.062+0000][3412.892s][info][gc,cpu         ] GC(2201) User=0.00s Sys=0.00s Real=0.00s
[2025-04-17T11:43:34.599+0000][3414.429s][info][gc,start       ] GC(2202) Pause Young (Allocation Failure)
[2025-04-17T11:43:34.600+0000][3414.430s][info][gc,heap        ] GC(2202) DefNew: 9169K(10176K)->83K(10176K) Eden: 9088K(9088K)->0K(9088K) From: 81K(1088K)->83K(1088K)
[2025-04-17T11:43:34.600+0000][3414.430s][info][gc,heap        ] GC(2202) Tenured: 15606K(22468K)->15609K(22468K)
[2025-04-17T11:43:34.600+0000][3414.430s][info][gc,metaspace   ] GC(2202) Metaspace: 38446K(38784K)->38446K(38784K) NonClass: 33896K(34048K)->33896K(34048K) Class: 4549K(4736K)->4549K(4736K)
[2025-04-17T11:43:34.600+0000][3414.430s][info][gc             ] GC(2202) Pause Young (Allocation Failure) 24M->15M(31M) 1.283ms
[2025-04-17T11:43:34.600+0000][3414.430s][info][gc,cpu         ] GC(2202) User=0.00s Sys=0.00s Real=0.00s
[2025-04-17T11:43:36.012+0000][3415.842s][info][gc,start       ] GC(2203) Pause Young (Allocation Failure)
[2025-04-17T11:43:36.013+0000][3415.843s][info][gc,heap        ] GC(2203) DefNew: 9171K(10176K)->83K(10176K) Eden: 9088K(9088K)->0K(9088K) From: 83K(1088K)->83K(1088K)
[2025-04-17T11:43:36.013+0000][3415.843s][info][gc,heap        ] GC(2203) Tenured: 15609K(22468K)->15609K(22468K)
[2025-04-17T11:43:36.013+0000][3415.843s][info][gc,metaspace   ] GC(2203) Metaspace: 38446K(38784K)->38446K(38784K) NonClass: 33896K(34048K)->33896K(34048K) Class: 4549K(4736K)->4549K(4736K)
[2025-04-17T11:43:36.013+0000][3415.843s][info][gc             ] GC(2203) Pause Young (Allocation Failure) 24M->15M(31M) 1.315ms
[2025-04-17T11:43:36.013+0000][3415.843s][info][gc,cpu         ] GC(2203) User=0.01s Sys=0.00s Real=0.00s
[2025-04-17T11:43:37.432+0000][3417.262s][info][gc,start       ] GC(2204) Pause Young (Allocation Failure)
[2025-04-17T11:43:37.433+0000][3417.263s][info][gc,heap        ] GC(2204) DefNew: 9171K(10176K)->88K(10176K) Eden: 9088K(9088K)->0K(9088K) From: 83K(1088K)->88K(1088K)
[2025-04-17T11:43:37.433+0000][3417.263s][info][gc,heap        ] GC(2204) Tenured: 15609K(22468K)->15611K(22468K)
[2025-04-17T11:43:37.433+0000][3417.263s][info][gc,metaspace   ] GC(2204) Metaspace: 38446K(38784K)->38446K(38784K) NonClass: 33896K(34048K)->33896K(34048K) Class: 4549K(4736K)->4549K(4736K)
[2025-04-17T11:43:37.433+0000][3417.263s][info][gc             ] GC(2204) Pause Young (Allocation Failure) 24M->15M(31M) 1.243ms
[2025-04-17T11:43:37.433+0000][3417.263s][info][gc,cpu         ] GC(2204) User=0.00s Sys=0.00s Real=0.00s
[2025-04-17T11:43:39.077+0000][3418.907s][info][gc,start       ] GC(2205) Pause Young (Allocation Failure)
[2025-04-17T11:43:39.078+0000][3418.908s][info][gc,heap        ] GC(2205) DefNew: 9176K(10176K)->98K(10176K) Eden: 9088K(9088K)->0K(9088K) From: 88K(1088K)->98K(1088K)
[2025-04-17T11:43:39.078+0000][3418.908s][info][gc,heap        ] GC(2205) Tenured: 15611K(22468K)->15613K(22468K)
[2025-04-17T11:43:39.078+0000][3418.908s][info][gc,metaspace   ] GC(2205) Metaspace: 38446K(38784K)->38446K(38784K) NonClass: 33896K(34048K)->33896K(34048K) Class: 4549K(4736K)->4549K(4736K)
[2025-04-17T11:43:39.078+0000][3418.908s][info][gc             ] GC(2205) Pause Young (Allocation Failure) 24M->15M(31M) 1.264ms
[2025-04-17T11:43:39.078+0000][3418.908s][info][gc,cpu         ] GC(2205) User=0.01s Sys=0.00s Real=0.00s
[2025-04-17T11:43:40.743+0000][3420.573s][info][gc,start       ] GC(2206) Pause Young (Allocation Failure)
[2025-04-17T11:43:40.745+0000][3420.575s][info][gc,heap        ] GC(2206) DefNew: 9186K(10176K)->82K(10176K) Eden: 9088K(9088K)->0K(9088K) From: 98K(1088K)->82K(1088K)
[2025-04-17T11:43:40.745+0000][3420.575s][info][gc,heap        ] GC(2206) Tenured: 15613K(22468K)->15613K(22468K)
[2025-04-17T11:43:40.745+0000][3420.575s][info][gc,metaspace   ] GC(2206) Metaspace: 38446K(38784K)->38446K(38784K) NonClass: 33896K(34048K)->33896K(34048K) Class: 4549K(4736K)->4549K(4736K)
[2025-04-17T11:43:40.745+0000][3420.575s][info][gc             ] GC(2206) Pause Young (Allocation Failure) 24M->15M(31M) 2.114ms
[2025-04-17T11:43:40.745+0000][3420.575s][info][gc,cpu         ] GC(2206) User=0.00s Sys=0.00s Real=0.01s
[2025-04-17T11:43:42.394+0000][3422.224s][info][gc,start       ] GC(2207) Pause Young (Allocation Failure)
[2025-04-17T11:43:42.395+0000][3422.225s][info][gc,heap        ] GC(2207) DefNew: 9170K(10176K)->81K(10176K) Eden: 9088K(9088K)->0K(9088K) From: 82K(1088K)->81K(1088K)
[2025-04-17T11:43:42.395+0000][3422.225s][info][gc,heap        ] GC(2207) Tenured: 15613K(22468K)->15614K(22468K)
[2025-04-17T11:43:42.395+0000][3422.225s][info][gc,metaspace   ] GC(2207) Metaspace: 38446K(38784K)->38446K(38784K) NonClass: 33896K(34048K)->33896K(34048K) Class: 4549K(4736K)->4549K(4736K)
[2025-04-17T11:43:42.395+0000][3422.225s][info][gc             ] GC(2207) Pause Young (Allocation Failure) 24M->15M(31M) 1.257ms
[2025-04-17T11:43:42.395+0000][3422.225s][info][gc,cpu         ] GC(2207) User=0.00s Sys=0.00s Real=0.00s
[2025-04-17T11:43:43.678+0000][3423.508s][info][gc,start       ] GC(2208) Pause Young (Allocation Failure)
[2025-04-17T11:43:43.679+0000][3423.509s][info][gc,heap        ] GC(2208) DefNew: 9169K(10176K)->86K(10176K) Eden: 9088K(9088K)->0K(9088K) From: 81K(1088K)->86K(1088K)
[2025-04-17T11:43:43.679+0000][3423.509s][info][gc,heap        ] GC(2208) Tenured: 15614K(22468K)->15614K(22468K)
[2025-04-17T11:43:43.679+0000][3423.509s][info][gc,metaspace   ] GC(2208) Metaspace: 38446K(38784K)->38446K(38784K) NonClass: 33896K(34048K)->33896K(34048K) Class: 4549K(4736K)->4549K(4736K)
[2025-04-17T11:43:43.679+0000][3423.509s][info][gc             ] GC(2208) Pause Young (Allocation Failure) 24M->15M(31M) 1.319ms
[2025-04-17T11:43:43.679+0000][3423.509s][info][gc,cpu         ] GC(2208) User=0.00s Sys=0.00s Real=0.00s
[2025-04-17T11:43:45.468+0000][3425.298s][info][gc,start       ] GC(2209) Pause Young (Allocation Failure)
[2025-04-17T11:43:45.469+0000][3425.299s][info][gc,heap        ] GC(2209) DefNew: 9174K(10176K)->82K(10176K) Eden: 9088K(9088K)->0K(9088K) From: 86K(1088K)->82K(1088K)
[2025-04-17T11:43:45.469+0000][3425.299s][info][gc,heap        ] GC(2209) Tenured: 15614K(22468K)->15614K(22468K)
[2025-04-17T11:43:45.469+0000][3425.299s][info][gc,metaspace   ] GC(2209) Metaspace: 38446K(38784K)->38446K(38784K) NonClass: 33896K(34048K)->33896K(34048K) Class: 4549K(4736K)->4549K(4736K)
[2025-04-17T11:43:45.469+0000][3425.299s][info][gc             ] GC(2209) Pause Young (Allocation Failure) 24M->15M(31M) 1.256ms
[2025-04-17T11:43:45.469+0000][3425.299s][info][gc,cpu         ] GC(2209) User=0.00s Sys=0.00s Real=0.00s
[2025-04-17T11:43:46.988+0000][3426.818s][info][gc,start       ] GC(2210) Pause Young (Allocation Failure)
[2025-04-17T11:43:46.989+0000][3426.819s][info][gc,heap        ] GC(2210) DefNew: 9170K(10176K)->96K(10176K) Eden: 9087K(9088K)->0K(9088K) From: 82K(1088K)->96K(1088K)
[2025-04-17T11:43:46.989+0000][3426.819s][info][gc,heap        ] GC(2210) Tenured: 15614K(22468K)->15614K(22468K)
[2025-04-17T11:43:46.989+0000][3426.820s][info][gc,metaspace   ] GC(2210) Metaspace: 38446K(38784K)->38446K(38784K) NonClass: 33896K(34048K)->33896K(34048K) Class: 4549K(4736K)->4549K(4736K)
[2025-04-17T11:43:46.989+0000][3426.820s][info][gc             ] GC(2210) Pause Young (Allocation Failure) 24M->15M(31M) 1.167ms
[2025-04-17T11:43:46.989+0000][3426.820s][info][gc,cpu         ] GC(2210) User=0.00s Sys=0.00s Real=0.00s
[2025-04-17T11:43:48.524+0000][3428.354s][info][gc,start       ] GC(2211) Pause Young (Allocation Failure)
[2025-04-17T11:43:48.525+0000][3428.355s][info][gc,heap        ] GC(2211) DefNew: 9184K(10176K)->93K(10176K) Eden: 9088K(9088K)->0K(9088K) From: 96K(1088K)->93K(1088K)
[2025-04-17T11:43:48.525+0000][3428.355s][info][gc,heap        ] GC(2211) Tenured: 15614K(22468K)->15614K(22468K)
[2025-04-17T11:43:48.525+0000][3428.355s][info][gc,metaspace   ] GC(2211) Metaspace: 38446K(38784K)->38446K(38784K) NonClass: 33896K(34048K)->33896K(34048K) Class: 4549K(4736K)->4549K(4736K)
[2025-04-17T11:43:48.525+0000][3428.355s][info][gc             ] GC(2211) Pause Young (Allocation Failure) 24M->15M(31M) 1.156ms
[2025-04-17T11:43:48.525+0000][3428.355s][info][gc,cpu         ] GC(2211) User=0.00s Sys=0.00s Real=0.01s
[2025-04-17T11:43:50.020+0000][3429.850s][info][gc,start       ] GC(2212) Pause Young (Allocation Failure)
[2025-04-17T11:43:50.021+0000][3429.851s][info][gc,heap        ] GC(2212) DefNew: 9181K(10176K)->97K(10176K) Eden: 9088K(9088K)->0K(9088K) From: 93K(1088K)->97K(1088K)
[2025-04-17T11:43:50.021+0000][3429.851s][info][gc,heap        ] GC(2212) Tenured: 15614K(22468K)->15615K(22468K)
[2025-04-17T11:43:50.021+0000][3429.851s][info][gc,metaspace   ] GC(2212) Metaspace: 38446K(38784K)->38446K(38784K) NonClass: 33896K(34048K)->33896K(34048K) Class: 4549K(4736K)->4549K(4736K)
[2025-04-17T11:43:50.021+0000][3429.852s][info][gc             ] GC(2212) Pause Young (Allocation Failure) 24M->15M(31M) 1.325ms
[2025-04-17T11:43:50.021+0000][3429.852s][info][gc,cpu         ] GC(2212) User=0.00s Sys=0.00s Real=0.00s
[2025-04-17T11:43:51.680+0000][3431.510s][info][gc,start       ] GC(2213) Pause Young (Allocation Failure)
[2025-04-17T11:43:51.681+0000][3431.511s][info][gc,heap        ] GC(2213) DefNew: 9185K(10176K)->103K(10176K) Eden: 9088K(9088K)->0K(9088K) From: 97K(1088K)->103K(1088K)
[2025-04-17T11:43:51.681+0000][3431.511s][info][gc,heap        ] GC(2213) Tenured: 15615K(22468K)->15616K(22468K)
[2025-04-17T11:43:51.681+0000][3431.511s][info][gc,metaspace   ] GC(2213) Metaspace: 38446K(38784K)->38446K(38784K) NonClass: 33896K(34048K)->33896K(34048K) Class: 4549K(4736K)->4549K(4736K)
[2025-04-17T11:43:51.681+0000][3431.511s][info][gc             ] GC(2213) Pause Young (Allocation Failure) 24M->15M(31M) 1.287ms
[2025-04-17T11:43:51.681+0000][3431.511s][info][gc,cpu         ] GC(2213) User=0.00s Sys=0.00s Real=0.00s
[2025-04-17T11:43:53.295+0000][3433.125s][info][gc,start       ] GC(2214) Pause Young (Allocation Failure)
[2025-04-17T11:43:53.296+0000][3433.126s][info][gc,heap        ] GC(2214) DefNew: 9182K(10176K)->106K(10176K) Eden: 9079K(9088K)->0K(9088K) From: 103K(1088K)->106K(1088K)
[2025-04-17T11:43:53.296+0000][3433.126s][info][gc,heap        ] GC(2214) Tenured: 15616K(22468K)->15618K(22468K)
[2025-04-17T11:43:53.296+0000][3433.126s][info][gc,metaspace   ] GC(2214) Metaspace: 38446K(38784K)->38446K(38784K) NonClass: 33896K(34048K)->33896K(34048K) Class: 4549K(4736K)->4549K(4736K)
[2025-04-17T11:43:53.296+0000][3433.126s][info][gc             ] GC(2214) Pause Young (Allocation Failure) 24M->15M(31M) 1.295ms
[2025-04-17T11:43:53.296+0000][3433.126s][info][gc,cpu         ] GC(2214) User=0.00s Sys=0.00s Real=0.00s
[2025-04-17T11:43:54.858+0000][3434.689s][info][gc,start       ] GC(2215) Pause Young (Allocation Failure)
[2025-04-17T11:43:54.860+0000][3434.690s][info][gc,heap        ] GC(2215) DefNew: 9194K(10176K)->86K(10176K) Eden: 9088K(9088K)->0K(9088K) From: 106K(1088K)->86K(1088K)
[2025-04-17T11:43:54.860+0000][3434.690s][info][gc,heap        ] GC(2215) Tenured: 15618K(22468K)->15618K(22468K)
[2025-04-17T11:43:54.860+0000][3434.690s][info][gc,metaspace   ] GC(2215) Metaspace: 38446K(38784K)->38446K(38784K) NonClass: 33896K(34048K)->33896K(34048K) Class: 4549K(4736K)->4549K(4736K)
[2025-04-17T11:43:54.860+0000][3434.690s][info][gc             ] GC(2215) Pause Young (Allocation Failure) 24M->15M(31M) 1.290ms
[2025-04-17T11:43:54.860+0000][3434.690s][info][gc,cpu         ] GC(2215) User=0.00s Sys=0.00s Real=0.00s
[2025-04-17T11:43:56.335+0000][3436.165s][info][gc,start       ] GC(2216) Pause Young (Allocation Failure)
[2025-04-17T11:43:56.336+0000][3436.166s][info][gc,heap        ] GC(2216) DefNew: 9174K(10176K)->108K(10176K) Eden: 9088K(9088K)->0K(9088K) From: 86K(1088K)->108K(1088K)
[2025-04-17T11:43:56.336+0000][3436.166s][info][gc,heap        ] GC(2216) Tenured: 15618K(22468K)->15619K(22468K)
[2025-04-17T11:43:56.336+0000][3436.166s][info][gc,metaspace   ] GC(2216) Metaspace: 38446K(38784K)->38446K(38784K) NonClass: 33896K(34048K)->33896K(34048K) Class: 4549K(4736K)->4549K(4736K)
[2025-04-17T11:43:56.336+0000][3436.166s][info][gc             ] GC(2216) Pause Young (Allocation Failure) 24M->15M(31M) 1.370ms
[2025-04-17T11:43:56.336+0000][3436.166s][info][gc,cpu         ] GC(2216) User=0.00s Sys=0.00s Real=0.00s
[2025-04-17T11:43:58.018+0000][3437.848s][info][gc,start       ] GC(2217) Pause Young (Allocation Failure)
[2025-04-17T11:43:58.019+0000][3437.849s][info][gc,heap        ] GC(2217) DefNew: 9196K(10176K)->87K(10176K) Eden: 9088K(9088K)->0K(9088K) From: 108K(1088K)->87K(1088K)
[2025-04-17T11:43:58.019+0000][3437.849s][info][gc,heap        ] GC(2217) Tenured: 15619K(22468K)->15620K(22468K)
[2025-04-17T11:43:58.019+0000][3437.849s][info][gc,metaspace   ] GC(2217) Metaspace: 38446K(38784K)->38446K(38784K) NonClass: 33896K(34048K)->33896K(34048K) Class: 4549K(4736K)->4549K(4736K)
[2025-04-17T11:43:58.019+0000][3437.849s][info][gc             ] GC(2217) Pause Young (Allocation Failure) 24M->15M(31M) 1.179ms
[2025-04-17T11:43:58.019+0000][3437.849s][info][gc,cpu         ] GC(2217) User=0.00s Sys=0.00s Real=0.00s
[2025-04-17T11:43:59.731+0000][3439.561s][info][gc,start       ] GC(2218) Pause Young (Allocation Failure)
[2025-04-17T11:43:59.732+0000][3439.562s][info][gc,heap        ] GC(2218) DefNew: 9175K(10176K)->90K(10176K) Eden: 9088K(9088K)->0K(9088K) From: 87K(1088K)->90K(1088K)
[2025-04-17T11:43:59.732+0000][3439.562s][info][gc,heap        ] GC(2218) Tenured: 15620K(22468K)->15620K(22468K)
[2025-04-17T11:43:59.732+0000][3439.562s][info][gc,metaspace   ] GC(2218) Metaspace: 38446K(38784K)->38446K(38784K) NonClass: 33896K(34048K)->33896K(34048K) Class: 4549K(4736K)->4549K(4736K)
[2025-04-17T11:43:59.732+0000][3439.562s][info][gc             ] GC(2218) Pause Young (Allocation Failure) 24M->15M(31M) 1.157ms
[2025-04-17T11:43:59.732+0000][3439.562s][info][gc,cpu         ] GC(2218) User=0.00s Sys=0.00s Real=0.00s
[2025-04-17T11:44:01.402+0000][3441.232s][info][gc,start       ] GC(2219) Pause Young (Allocation Failure)
[2025-04-17T11:44:01.403+0000][3441.233s][info][gc,heap        ] GC(2219) DefNew: 9178K(10176K)->112K(10176K) Eden: 9088K(9088K)->0K(9088K) From: 90K(1088K)->112K(1088K)
[2025-04-17T11:44:01.403+0000][3441.233s][info][gc,heap        ] GC(2219) Tenured: 15620K(22468K)->15620K(22468K)
[2025-04-17T11:44:01.403+0000][3441.233s][info][gc,metaspace   ] GC(2219) Metaspace: 38446K(38784K)->38446K(38784K) NonClass: 33896K(34048K)->33896K(34048K) Class: 4549K(4736K)->4549K(4736K)
[2025-04-17T11:44:01.403+0000][3441.233s][info][gc             ] GC(2219) Pause Young (Allocation Failure) 24M->15M(31M) 1.305ms
[2025-04-17T11:44:01.403+0000][3441.233s][info][gc,cpu         ] GC(2219) User=0.00s Sys=0.00s Real=0.00s
[2025-04-17T11:44:02.856+0000][3442.686s][info][gc,start       ] GC(2220) Pause Young (Allocation Failure)
[2025-04-17T11:44:02.858+0000][3442.688s][info][gc,heap        ] GC(2220) DefNew: 9200K(10176K)->106K(10176K) Eden: 9088K(9088K)->0K(9088K) From: 112K(1088K)->106K(1088K)
[2025-04-17T11:44:02.858+0000][3442.688s][info][gc,heap        ] GC(2220) Tenured: 15620K(22468K)->15623K(22468K)
[2025-04-17T11:44:02.858+0000][3442.688s][info][gc,metaspace   ] GC(2220) Metaspace: 38446K(38784K)->38446K(38784K) NonClass: 33896K(34048K)->33896K(34048K) Class: 4549K(4736K)->4549K(4736K)
[2025-04-17T11:44:02.858+0000][3442.688s][info][gc             ] GC(2220) Pause Young (Allocation Failure) 24M->15M(31M) 1.696ms
[2025-04-17T11:44:02.858+0000][3442.688s][info][gc,cpu         ] GC(2220) User=0.00s Sys=0.00s Real=0.00s
[2025-04-17T11:44:04.460+0000][3444.290s][info][gc,start       ] GC(2221) Pause Young (Allocation Failure)
[2025-04-17T11:44:04.461+0000][3444.292s][info][gc,heap        ] GC(2221) DefNew: 9194K(10176K)->86K(10176K) Eden: 9088K(9088K)->0K(9088K) From: 106K(1088K)->86K(1088K)
[2025-04-17T11:44:04.461+0000][3444.292s][info][gc,heap        ] GC(2221) Tenured: 15623K(22468K)->15624K(22468K)
[2025-04-17T11:44:04.461+0000][3444.292s][info][gc,metaspace   ] GC(2221) Metaspace: 38446K(38784K)->38446K(38784K) NonClass: 33896K(34048K)->33896K(34048K) Class: 4549K(4736K)->4549K(4736K)
[2025-04-17T11:44:04.461+0000][3444.292s][info][gc             ] GC(2221) Pause Young (Allocation Failure) 24M->15M(31M) 1.176ms
[2025-04-17T11:44:04.461+0000][3444.292s][info][gc,cpu         ] GC(2221) User=0.00s Sys=0.00s Real=0.00s
[2025-04-17T11:44:05.805+0000][3445.635s][info][gc,start       ] GC(2222) Pause Young (Allocation Failure)
[2025-04-17T11:44:05.806+0000][3445.637s][info][gc,heap        ] GC(2222) DefNew: 9174K(10176K)->87K(10176K) Eden: 9088K(9088K)->0K(9088K) From: 86K(1088K)->87K(1088K)
[2025-04-17T11:44:05.806+0000][3445.637s][info][gc,heap        ] GC(2222) Tenured: 15624K(22468K)->15625K(22468K)
[2025-04-17T11:44:05.806+0000][3445.637s][info][gc,metaspace   ] GC(2222) Metaspace: 38446K(38784K)->38446K(38784K) NonClass: 33896K(34048K)->33896K(34048K) Class: 4549K(4736K)->4549K(4736K)
[2025-04-17T11:44:05.806+0000][3445.637s][info][gc             ] GC(2222) Pause Young (Allocation Failure) 24M->15M(31M) 1.221ms
[2025-04-17T11:44:05.806+0000][3445.637s][info][gc,cpu         ] GC(2222) User=0.00s Sys=0.00s Real=0.00s
[2025-04-17T11:44:07.375+0000][3447.205s][info][gc,start       ] GC(2223) Pause Young (Allocation Failure)
[2025-04-17T11:44:07.376+0000][3447.206s][info][gc,heap        ] GC(2223) DefNew: 9175K(10176K)->85K(10176K) Eden: 9088K(9088K)->0K(9088K) From: 87K(1088K)->85K(1088K)
[2025-04-17T11:44:07.376+0000][3447.206s][info][gc,heap        ] GC(2223) Tenured: 15625K(22468K)->15627K(22468K)
[2025-04-17T11:44:07.376+0000][3447.207s][info][gc,metaspace   ] GC(2223) Metaspace: 38446K(38784K)->38446K(38784K) NonClass: 33896K(34048K)->33896K(34048K) Class: 4549K(4736K)->4549K(4736K)
[2025-04-17T11:44:07.376+0000][3447.207s][info][gc             ] GC(2223) Pause Young (Allocation Failure) 24M->15M(31M) 1.306ms
[2025-04-17T11:44:07.376+0000][3447.207s][info][gc,cpu         ] GC(2223) User=0.00s Sys=0.00s Real=0.00s
[2025-04-17T11:44:08.865+0000][3448.695s][info][gc,start       ] GC(2224) Pause Young (Allocation Failure)
[2025-04-17T11:44:08.866+0000][3448.696s][info][gc,heap        ] GC(2224) DefNew: 9173K(10176K)->100K(10176K) Eden: 9088K(9088K)->0K(9088K) From: 85K(1088K)->100K(1088K)
[2025-04-17T11:44:08.866+0000][3448.696s][info][gc,heap        ] GC(2224) Tenured: 15627K(22468K)->15629K(22468K)
[2025-04-17T11:44:08.866+0000][3448.696s][info][gc,metaspace   ] GC(2224) Metaspace: 38446K(38784K)->38446K(38784K) NonClass: 33896K(34048K)->33896K(34048K) Class: 4549K(4736K)->4549K(4736K)
[2025-04-17T11:44:08.866+0000][3448.696s][info][gc             ] GC(2224) Pause Young (Allocation Failure) 24M->15M(31M) 1.217ms
[2025-04-17T11:44:08.866+0000][3448.696s][info][gc,cpu         ] GC(2224) User=0.00s Sys=0.00s Real=0.00s
[2025-04-17T11:44:10.637+0000][3450.467s][info][gc,start       ] GC(2225) Pause Young (Allocation Failure)
[2025-04-17T11:44:10.638+0000][3450.468s][info][gc,heap        ] GC(2225) DefNew: 9188K(10176K)->81K(10176K) Eden: 9087K(9088K)->0K(9088K) From: 100K(1088K)->81K(1088K)
[2025-04-17T11:44:10.638+0000][3450.468s][info][gc,heap        ] GC(2225) Tenured: 15629K(22468K)->15630K(22468K)
[2025-04-17T11:44:10.638+0000][3450.468s][info][gc,metaspace   ] GC(2225) Metaspace: 38446K(38784K)->38446K(38784K) NonClass: 33896K(34048K)->33896K(34048K) Class: 4549K(4736K)->4549K(4736K)
[2025-04-17T11:44:10.638+0000][3450.468s][info][gc             ] GC(2225) Pause Young (Allocation Failure) 24M->15M(31M) 1.340ms
[2025-04-17T11:44:10.638+0000][3450.468s][info][gc,cpu         ] GC(2225) User=0.00s Sys=0.00s Real=0.00s
[2025-04-17T11:44:11.957+0000][3451.788s][info][gc,start       ] GC(2226) Pause Young (Allocation Failure)
[2025-04-17T11:44:11.959+0000][3451.789s][info][gc,heap        ] GC(2226) DefNew: 9169K(10176K)->82K(10176K) Eden: 9088K(9088K)->0K(9088K) From: 81K(1088K)->82K(1088K)
[2025-04-17T11:44:11.959+0000][3451.789s][info][gc,heap        ] GC(2226) Tenured: 15630K(22468K)->15632K(22468K)
[2025-04-17T11:44:11.959+0000][3451.789s][info][gc,metaspace   ] GC(2226) Metaspace: 38446K(38784K)->38446K(38784K) NonClass: 33896K(34048K)->33896K(34048K) Class: 4549K(4736K)->4549K(4736K)
[2025-04-17T11:44:11.959+0000][3451.789s][info][gc             ] GC(2226) Pause Young (Allocation Failure) 24M->15M(31M) 1.292ms
[2025-04-17T11:44:11.959+0000][3451.789s][info][gc,cpu         ] GC(2226) User=0.00s Sys=0.00s Real=0.00s
[2025-04-17T11:44:13.435+0000][3453.265s][info][gc,start       ] GC(2227) Pause Young (Allocation Failure)
[2025-04-17T11:44:13.436+0000][3453.266s][info][gc,heap        ] GC(2227) DefNew: 9170K(10176K)->94K(10176K) Eden: 9088K(9088K)->0K(9088K) From: 82K(1088K)->94K(1088K)
[2025-04-17T11:44:13.436+0000][3453.267s][info][gc,heap        ] GC(2227) Tenured: 15632K(22468K)->15632K(22468K)
[2025-04-17T11:44:13.436+0000][3453.267s][info][gc,metaspace   ] GC(2227) Metaspace: 38446K(38784K)->38446K(38784K) NonClass: 33896K(34048K)->33896K(34048K) Class: 4549K(4736K)->4549K(4736K)
[2025-04-17T11:44:13.436+0000][3453.267s][info][gc             ] GC(2227) Pause Young (Allocation Failure) 24M->15M(31M) 1.407ms
[2025-04-17T11:44:13.436+0000][3453.267s][info][gc,cpu         ] GC(2227) User=0.01s Sys=0.00s Real=0.00s
[2025-04-17T11:44:14.815+0000][3454.645s][info][gc,start       ] GC(2228) Pause Young (Allocation Failure)
[2025-04-17T11:44:14.816+0000][3454.646s][info][gc,heap        ] GC(2228) DefNew: 9182K(10176K)->99K(10176K) Eden: 9088K(9088K)->0K(9088K) From: 94K(1088K)->99K(1088K)
[2025-04-17T11:44:14.816+0000][3454.646s][info][gc,heap        ] GC(2228) Tenured: 15632K(22468K)->15632K(22468K)
[2025-04-17T11:44:14.816+0000][3454.646s][info][gc,metaspace   ] GC(2228) Metaspace: 38446K(38784K)->38446K(38784K) NonClass: 33896K(34048K)->33896K(34048K) Class: 4549K(4736K)->4549K(4736K)
[2025-04-17T11:44:14.816+0000][3454.646s][info][gc             ] GC(2228) Pause Young (Allocation Failure) 24M->15M(31M) 1.264ms
[2025-04-17T11:44:14.816+0000][3454.646s][info][gc,cpu         ] GC(2228) User=0.01s Sys=0.00s Real=0.00s
[2025-04-17T11:44:16.539+0000][3456.369s][info][gc,start       ] GC(2229) Pause Young (Allocation Failure)
[2025-04-17T11:44:16.541+0000][3456.371s][info][gc,heap        ] GC(2229) DefNew: 9187K(10176K)->86K(10176K) Eden: 9088K(9088K)->0K(9088K) From: 99K(1088K)->86K(1088K)
[2025-04-17T11:44:16.541+0000][3456.371s][info][gc,heap        ] GC(2229) Tenured: 15632K(22468K)->15632K(22468K)
[2025-04-17T11:44:16.541+0000][3456.371s][info][gc,metaspace   ] GC(2229) Metaspace: 38446K(38784K)->38446K(38784K) NonClass: 33896K(34048K)->33896K(34048K) Class: 4549K(4736K)->4549K(4736K)
[2025-04-17T11:44:16.541+0000][3456.371s][info][gc             ] GC(2229) Pause Young (Allocation Failure) 24M->15M(31M) 1.353ms
[2025-04-17T11:44:16.541+0000][3456.371s][info][gc,cpu         ] GC(2229) User=0.00s Sys=0.00s Real=0.00s
[2025-04-17T11:44:17.878+0000][3457.708s][info][gc,start       ] GC(2230) Pause Young (Allocation Failure)
[2025-04-17T11:44:17.880+0000][3457.710s][info][gc,heap        ] GC(2230) DefNew: 9174K(10176K)->85K(10176K) Eden: 9088K(9088K)->0K(9088K) From: 86K(1088K)->85K(1088K)
[2025-04-17T11:44:17.880+0000][3457.710s][info][gc,heap        ] GC(2230) Tenured: 15632K(22468K)->15634K(22468K)
[2025-04-17T11:44:17.880+0000][3457.710s][info][gc,metaspace   ] GC(2230) Metaspace: 38446K(38784K)->38446K(38784K) NonClass: 33896K(34048K)->33896K(34048K) Class: 4549K(4736K)->4549K(4736K)
[2025-04-17T11:44:17.880+0000][3457.710s][info][gc             ] GC(2230) Pause Young (Allocation Failure) 24M->15M(31M) 1.291ms
[2025-04-17T11:44:17.880+0000][3457.710s][info][gc,cpu         ] GC(2230) User=0.00s Sys=0.00s Real=0.00s
[2025-04-17T11:44:19.595+0000][3459.426s][info][gc,start       ] GC(2231) Pause Young (Allocation Failure)
[2025-04-17T11:44:19.597+0000][3459.427s][info][gc,heap        ] GC(2231) DefNew: 9173K(10176K)->84K(10176K) Eden: 9088K(9088K)->0K(9088K) From: 85K(1088K)->84K(1088K)
[2025-04-17T11:44:19.597+0000][3459.427s][info][gc,heap        ] GC(2231) Tenured: 15634K(22468K)->15635K(22468K)
[2025-04-17T11:44:19.597+0000][3459.427s][info][gc,metaspace   ] GC(2231) Metaspace: 38446K(38784K)->38446K(38784K) NonClass: 33896K(34048K)->33896K(34048K) Class: 4549K(4736K)->4549K(4736K)
[2025-04-17T11:44:19.597+0000][3459.427s][info][gc             ] GC(2231) Pause Young (Allocation Failure) 24M->15M(31M) 1.343ms
[2025-04-17T11:44:19.597+0000][3459.427s][info][gc,cpu         ] GC(2231) User=0.00s Sys=0.00s Real=0.00s
[2025-04-17T11:44:20.892+0000][3460.723s][info][gc,start       ] GC(2232) Pause Young (Allocation Failure)
[2025-04-17T11:44:20.894+0000][3460.724s][info][gc,heap        ] GC(2232) DefNew: 9172K(10176K)->100K(10176K) Eden: 9088K(9088K)->0K(9088K) From: 84K(1088K)->100K(1088K)
[2025-04-17T11:44:20.894+0000][3460.724s][info][gc,heap        ] GC(2232) Tenured: 15635K(22468K)->15636K(22468K)
[2025-04-17T11:44:20.894+0000][3460.724s][info][gc,metaspace   ] GC(2232) Metaspace: 38446K(38784K)->38446K(38784K) NonClass: 33896K(34048K)->33896K(34048K) Class: 4549K(4736K)->4549K(4736K)
[2025-04-17T11:44:20.894+0000][3460.724s][info][gc             ] GC(2232) Pause Young (Allocation Failure) 24M->15M(31M) 1.266ms
[2025-04-17T11:44:20.894+0000][3460.724s][info][gc,cpu         ] GC(2232) User=0.00s Sys=0.00s Real=0.00s
[2025-04-17T11:44:22.650+0000][3462.481s][info][gc,start       ] GC(2233) Pause Young (Allocation Failure)
[2025-04-17T11:44:22.652+0000][3462.482s][info][gc,heap        ] GC(2233) DefNew: 9181K(10176K)->86K(10176K) Eden: 9081K(9088K)->0K(9088K) From: 100K(1088K)->86K(1088K)
[2025-04-17T11:44:22.652+0000][3462.482s][info][gc,heap        ] GC(2233) Tenured: 15636K(22468K)->15637K(22468K)
[2025-04-17T11:44:22.652+0000][3462.482s][info][gc,metaspace   ] GC(2233) Metaspace: 38446K(38784K)->38446K(38784K) NonClass: 33896K(34048K)->33896K(34048K) Class: 4549K(4736K)->4549K(4736K)
[2025-04-17T11:44:22.652+0000][3462.482s][info][gc             ] GC(2233) Pause Young (Allocation Failure) 24M->15M(31M) 1.203ms
[2025-04-17T11:44:22.652+0000][3462.482s][info][gc,cpu         ] GC(2233) User=0.00s Sys=0.00s Real=0.00s
[2025-04-17T11:44:24.360+0000][3464.191s][info][gc,start       ] GC(2234) Pause Young (Allocation Failure)
[2025-04-17T11:44:24.362+0000][3464.192s][info][gc,heap        ] GC(2234) DefNew: 9164K(10176K)->97K(10176K) Eden: 9078K(9088K)->0K(9088K) From: 86K(1088K)->97K(1088K)
[2025-04-17T11:44:24.362+0000][3464.192s][info][gc,heap        ] GC(2234) Tenured: 15637K(22468K)->15637K(22468K)
[2025-04-17T11:44:24.362+0000][3464.192s][info][gc,metaspace   ] GC(2234) Metaspace: 38446K(38784K)->38446K(38784K) NonClass: 33896K(34048K)->33896K(34048K) Class: 4549K(4736K)->4549K(4736K)
[2025-04-17T11:44:24.362+0000][3464.192s][info][gc             ] GC(2234) Pause Young (Allocation Failure) 24M->15M(31M) 1.254ms
[2025-04-17T11:44:24.362+0000][3464.192s][info][gc,cpu         ] GC(2234) User=0.00s Sys=0.00s Real=0.00s
[2025-04-17T11:44:25.661+0000][3465.491s][info][gc,start       ] GC(2235) Pause Young (Allocation Failure)
[2025-04-17T11:44:25.662+0000][3465.493s][info][gc,heap        ] GC(2235) DefNew: 9185K(10176K)->76K(10176K) Eden: 9088K(9088K)->0K(9088K) From: 97K(1088K)->76K(1088K)
[2025-04-17T11:44:25.662+0000][3465.493s][info][gc,heap        ] GC(2235) Tenured: 15637K(22468K)->15640K(22468K)
[2025-04-17T11:44:25.662+0000][3465.493s][info][gc,metaspace   ] GC(2235) Metaspace: 38446K(38784K)->38446K(38784K) NonClass: 33896K(34048K)->33896K(34048K) Class: 4549K(4736K)->4549K(4736K)
[2025-04-17T11:44:25.662+0000][3465.493s][info][gc             ] GC(2235) Pause Young (Allocation Failure) 24M->15M(31M) 1.177ms
[2025-04-17T11:44:25.662+0000][3465.493s][info][gc,cpu         ] GC(2235) User=0.00s Sys=0.00s Real=0.00s
[2025-04-17T11:44:27.353+0000][3467.183s][info][gc,start       ] GC(2236) Pause Young (Allocation Failure)
[2025-04-17T11:44:27.354+0000][3467.184s][info][gc,heap        ] GC(2236) DefNew: 9164K(10176K)->93K(10176K) Eden: 9088K(9088K)->0K(9088K) From: 76K(1088K)->93K(1088K)
[2025-04-17T11:44:27.354+0000][3467.184s][info][gc,heap        ] GC(2236) Tenured: 15640K(22468K)->15640K(22468K)
[2025-04-17T11:44:27.354+0000][3467.184s][info][gc,metaspace   ] GC(2236) Metaspace: 38446K(38784K)->38446K(38784K) NonClass: 33896K(34048K)->33896K(34048K) Class: 4549K(4736K)->4549K(4736K)
[2025-04-17T11:44:27.354+0000][3467.184s][info][gc             ] GC(2236) Pause Young (Allocation Failure) 24M->15M(31M) 1.335ms
[2025-04-17T11:44:27.354+0000][3467.184s][info][gc,cpu         ] GC(2236) User=0.00s Sys=0.00s Real=0.01s
[2025-04-17T11:44:28.925+0000][3468.755s][info][gc,start       ] GC(2237) Pause Young (Allocation Failure)
[2025-04-17T11:44:28.926+0000][3468.756s][info][gc,heap        ] GC(2237) DefNew: 9181K(10176K)->76K(10176K) Eden: 9087K(9088K)->0K(9088K) From: 93K(1088K)->76K(1088K)
[2025-04-17T11:44:28.926+0000][3468.756s][info][gc,heap        ] GC(2237) Tenured: 15640K(22468K)->15640K(22468K)
[2025-04-17T11:44:28.926+0000][3468.756s][info][gc,metaspace   ] GC(2237) Metaspace: 38446K(38784K)->38446K(38784K) NonClass: 33896K(34048K)->33896K(34048K) Class: 4549K(4736K)->4549K(4736K)
[2025-04-17T11:44:28.926+0000][3468.756s][info][gc             ] GC(2237) Pause Young (Allocation Failure) 24M->15M(31M) 1.243ms
[2025-04-17T11:44:28.926+0000][3468.756s][info][gc,cpu         ] GC(2237) User=0.00s Sys=0.00s Real=0.00s
[2025-04-17T11:44:30.348+0000][3470.178s][info][gc,start       ] GC(2238) Pause Young (Allocation Failure)
[2025-04-17T11:44:30.349+0000][3470.179s][info][gc,heap        ] GC(2238) DefNew: 9164K(10176K)->76K(10176K) Eden: 9088K(9088K)->0K(9088K) From: 76K(1088K)->76K(1088K)
[2025-04-17T11:44:30.349+0000][3470.179s][info][gc,heap        ] GC(2238) Tenured: 15640K(22468K)->15641K(22468K)
[2025-04-17T11:44:30.349+0000][3470.179s][info][gc,metaspace   ] GC(2238) Metaspace: 38446K(38784K)->38446K(38784K) NonClass: 33896K(34048K)->33896K(34048K) Class: 4549K(4736K)->4549K(4736K)
[2025-04-17T11:44:30.349+0000][3470.179s][info][gc             ] GC(2238) Pause Young (Allocation Failure) 24M->15M(31M) 1.325ms
[2025-04-17T11:44:30.349+0000][3470.179s][info][gc,cpu         ] GC(2238) User=0.00s Sys=0.00s Real=0.00s
[2025-04-17T11:44:32.143+0000][3471.973s][info][gc,start       ] GC(2239) Pause Young (Allocation Failure)
[2025-04-17T11:44:32.144+0000][3471.974s][info][gc,heap        ] GC(2239) DefNew: 9164K(10176K)->85K(10176K) Eden: 9087K(9088K)->0K(9088K) From: 76K(1088K)->85K(1088K)
[2025-04-17T11:44:32.144+0000][3471.974s][info][gc,heap        ] GC(2239) Tenured: 15641K(22468K)->15641K(22468K)
[2025-04-17T11:44:32.144+0000][3471.974s][info][gc,metaspace   ] GC(2239) Metaspace: 38446K(38784K)->38446K(38784K) NonClass: 33896K(34048K)->33896K(34048K) Class: 4549K(4736K)->4549K(4736K)
[2025-04-17T11:44:32.144+0000][3471.974s][info][gc             ] GC(2239) Pause Young (Allocation Failure) 24M->15M(31M) 1.206ms
[2025-04-17T11:44:32.144+0000][3471.974s][info][gc,cpu         ] GC(2239) User=0.00s Sys=0.00s Real=0.01s
[2025-04-17T11:44:33.826+0000][3473.657s][info][gc,start       ] GC(2240) Pause Young (Allocation Failure)
[2025-04-17T11:44:33.828+0000][3473.658s][info][gc,heap        ] GC(2240) DefNew: 9173K(10176K)->92K(10176K) Eden: 9088K(9088K)->0K(9088K) From: 85K(1088K)->92K(1088K)
[2025-04-17T11:44:33.828+0000][3473.658s][info][gc,heap        ] GC(2240) Tenured: 15641K(22468K)->15641K(22468K)
[2025-04-17T11:44:33.828+0000][3473.658s][info][gc,metaspace   ] GC(2240) Metaspace: 38446K(38784K)->38446K(38784K) NonClass: 33896K(34048K)->33896K(34048K) Class: 4549K(4736K)->4549K(4736K)
[2025-04-17T11:44:33.828+0000][3473.658s][info][gc             ] GC(2240) Pause Young (Allocation Failure) 24M->15M(31M) 1.170ms
[2025-04-17T11:44:33.828+0000][3473.658s][info][gc,cpu         ] GC(2240) User=0.00s Sys=0.00s Real=0.00s
[2025-04-17T11:44:35.264+0000][3475.094s][info][gc,start       ] GC(2241) Pause Young (Allocation Failure)
[2025-04-17T11:44:35.265+0000][3475.095s][info][gc,heap        ] GC(2241) DefNew: 9180K(10176K)->74K(10176K) Eden: 9087K(9088K)->0K(9088K) From: 92K(1088K)->74K(1088K)
[2025-04-17T11:44:35.265+0000][3475.095s][info][gc,heap        ] GC(2241) Tenured: 15641K(22468K)->15642K(22468K)
[2025-04-17T11:44:35.265+0000][3475.095s][info][gc,metaspace   ] GC(2241) Metaspace: 38446K(38784K)->38446K(38784K) NonClass: 33896K(34048K)->33896K(34048K) Class: 4549K(4736K)->4549K(4736K)
[2025-04-17T11:44:35.265+0000][3475.095s][info][gc             ] GC(2241) Pause Young (Allocation Failure) 24M->15M(31M) 1.265ms
[2025-04-17T11:44:35.265+0000][3475.095s][info][gc,cpu         ] GC(2241) User=0.00s Sys=0.00s Real=0.01s
[2025-04-17T11:44:36.638+0000][3476.468s][info][gc,start       ] GC(2242) Pause Young (Allocation Failure)
[2025-04-17T11:44:36.641+0000][3476.471s][info][gc,heap        ] GC(2242) DefNew: 9162K(10176K)->74K(10176K) Eden: 9088K(9088K)->0K(9088K) From: 74K(1088K)->74K(1088K)
[2025-04-17T11:44:36.641+0000][3476.471s][info][gc,heap        ] GC(2242) Tenured: 15642K(22468K)->15644K(22468K)
[2025-04-17T11:44:36.641+0000][3476.471s][info][gc,metaspace   ] GC(2242) Metaspace: 38446K(38784K)->38446K(38784K) NonClass: 33896K(34048K)->33896K(34048K) Class: 4549K(4736K)->4549K(4736K)
[2025-04-17T11:44:36.641+0000][3476.471s][info][gc             ] GC(2242) Pause Young (Allocation Failure) 24M->15M(31M) 3.211ms
[2025-04-17T11:44:36.641+0000][3476.471s][info][gc,cpu         ] GC(2242) User=0.00s Sys=0.00s Real=0.00s
[2025-04-17T11:44:38.173+0000][3478.003s][info][gc,start       ] GC(2243) Pause Young (Allocation Failure)
[2025-04-17T11:44:38.174+0000][3478.004s][info][gc,heap        ] GC(2243) DefNew: 9162K(10176K)->75K(10176K) Eden: 9088K(9088K)->0K(9088K) From: 74K(1088K)->75K(1088K)
[2025-04-17T11:44:38.174+0000][3478.004s][info][gc,heap        ] GC(2243) Tenured: 15644K(22468K)->15644K(22468K)
[2025-04-17T11:44:38.174+0000][3478.004s][info][gc,metaspace   ] GC(2243) Metaspace: 38446K(38784K)->38446K(38784K) NonClass: 33896K(34048K)->33896K(34048K) Class: 4549K(4736K)->4549K(4736K)
[2025-04-17T11:44:38.174+0000][3478.004s][info][gc             ] GC(2243) Pause Young (Allocation Failure) 24M->15M(31M) 1.201ms
[2025-04-17T11:44:38.174+0000][3478.004s][info][gc,cpu         ] GC(2243) User=0.00s Sys=0.00s Real=0.01s
[2025-04-17T11:44:39.873+0000][3479.703s][info][gc,start       ] GC(2244) Pause Young (Allocation Failure)
[2025-04-17T11:44:39.874+0000][3479.705s][info][gc,heap        ] GC(2244) DefNew: 9163K(10176K)->95K(10176K) Eden: 9088K(9088K)->0K(9088K) From: 75K(1088K)->95K(1088K)
[2025-04-17T11:44:39.874+0000][3479.705s][info][gc,heap        ] GC(2244) Tenured: 15644K(22468K)->15644K(22468K)
[2025-04-17T11:44:39.874+0000][3479.705s][info][gc,metaspace   ] GC(2244) Metaspace: 38446K(38784K)->38446K(38784K) NonClass: 33896K(34048K)->33896K(34048K) Class: 4549K(4736K)->4549K(4736K)
[2025-04-17T11:44:39.874+0000][3479.705s][info][gc             ] GC(2244) Pause Young (Allocation Failure) 24M->15M(31M) 1.273ms
[2025-04-17T11:44:39.874+0000][3479.705s][info][gc,cpu         ] GC(2244) User=0.01s Sys=0.00s Real=0.01s
[2025-04-17T11:44:41.100+0000][3480.930s][info][gc,start       ] GC(2245) Pause Young (Allocation Failure)
[2025-04-17T11:44:41.101+0000][3480.931s][info][gc,heap        ] GC(2245) DefNew: 9183K(10176K)->91K(10176K) Eden: 9088K(9088K)->0K(9088K) From: 95K(1088K)->91K(1088K)
[2025-04-17T11:44:41.101+0000][3480.931s][info][gc,heap        ] GC(2245) Tenured: 15644K(22468K)->15644K(22468K)
[2025-04-17T11:44:41.101+0000][3480.931s][info][gc,metaspace   ] GC(2245) Metaspace: 38446K(38784K)->38446K(38784K) NonClass: 33896K(34048K)->33896K(34048K) Class: 4549K(4736K)->4549K(4736K)
[2025-04-17T11:44:41.101+0000][3480.931s][info][gc             ] GC(2245) Pause Young (Allocation Failure) 24M->15M(31M) 1.240ms
[2025-04-17T11:44:41.101+0000][3480.931s][info][gc,cpu         ] GC(2245) User=0.00s Sys=0.00s Real=0.00s
[2025-04-17T11:44:42.936+0000][3482.766s][info][gc,start       ] GC(2246) Pause Young (Allocation Failure)
[2025-04-17T11:44:42.938+0000][3482.768s][info][gc,heap        ] GC(2246) DefNew: 9179K(10176K)->74K(10176K) Eden: 9088K(9088K)->0K(9088K) From: 91K(1088K)->74K(1088K)
[2025-04-17T11:44:42.938+0000][3482.768s][info][gc,heap        ] GC(2246) Tenured: 15644K(22468K)->15644K(22468K)
[2025-04-17T11:44:42.938+0000][3482.768s][info][gc,metaspace   ] GC(2246) Metaspace: 38446K(38784K)->38446K(38784K) NonClass: 33896K(34048K)->33896K(34048K) Class: 4549K(4736K)->4549K(4736K)
[2025-04-17T11:44:42.938+0000][3482.768s][info][gc             ] GC(2246) Pause Young (Allocation Failure) 24M->15M(31M) 1.345ms
[2025-04-17T11:44:42.938+0000][3482.768s][info][gc,cpu         ] GC(2246) User=0.00s Sys=0.00s Real=0.00s
[2025-04-17T11:44:44.602+0000][3484.433s][info][gc,start       ] GC(2247) Pause Young (Allocation Failure)
[2025-04-17T11:44:44.604+0000][3484.434s][info][gc,heap        ] GC(2247) DefNew: 9162K(10176K)->78K(10176K) Eden: 9088K(9088K)->0K(9088K) From: 74K(1088K)->78K(1088K)
[2025-04-17T11:44:44.604+0000][3484.434s][info][gc,heap        ] GC(2247) Tenured: 15644K(22468K)->15644K(22468K)
[2025-04-17T11:44:44.604+0000][3484.434s][info][gc,metaspace   ] GC(2247) Metaspace: 38446K(38784K)->38446K(38784K) NonClass: 33896K(34048K)->33896K(34048K) Class: 4549K(4736K)->4549K(4736K)
[2025-04-17T11:44:44.604+0000][3484.434s][info][gc             ] GC(2247) Pause Young (Allocation Failure) 24M->15M(31M) 1.287ms
[2025-04-17T11:44:44.604+0000][3484.434s][info][gc,cpu         ] GC(2247) User=0.00s Sys=0.00s Real=0.00s
[2025-04-17T11:44:46.141+0000][3485.971s][info][gc,start       ] GC(2248) Pause Young (Allocation Failure)
[2025-04-17T11:44:46.142+0000][3485.972s][info][gc,heap        ] GC(2248) DefNew: 9166K(10176K)->74K(10176K) Eden: 9087K(9088K)->0K(9088K) From: 78K(1088K)->74K(1088K)
[2025-04-17T11:44:46.142+0000][3485.972s][info][gc,heap        ] GC(2248) Tenured: 15644K(22468K)->15644K(22468K)
[2025-04-17T11:44:46.142+0000][3485.972s][info][gc,metaspace   ] GC(2248) Metaspace: 38446K(38784K)->38446K(38784K) NonClass: 33896K(34048K)->33896K(34048K) Class: 4549K(4736K)->4549K(4736K)
[2025-04-17T11:44:46.142+0000][3485.972s][info][gc             ] GC(2248) Pause Young (Allocation Failure) 24M->15M(31M) 1.177ms
[2025-04-17T11:44:46.142+0000][3485.972s][info][gc,cpu         ] GC(2248) User=0.00s Sys=0.00s Real=0.00s
[2025-04-17T11:44:47.736+0000][3487.567s][info][gc,start       ] GC(2249) Pause Young (Allocation Failure)
[2025-04-17T11:44:47.738+0000][3487.568s][info][gc,heap        ] GC(2249) DefNew: 9162K(10176K)->91K(10176K) Eden: 9088K(9088K)->0K(9088K) From: 74K(1088K)->91K(1088K)
[2025-04-17T11:44:47.738+0000][3487.568s][info][gc,heap        ] GC(2249) Tenured: 15644K(22468K)->15644K(22468K)
[2025-04-17T11:44:47.738+0000][3487.568s][info][gc,metaspace   ] GC(2249) Metaspace: 38446K(38784K)->38446K(38784K) NonClass: 33896K(34048K)->33896K(34048K) Class: 4549K(4736K)->4549K(4736K)
[2025-04-17T11:44:47.738+0000][3487.568s][info][gc             ] GC(2249) Pause Young (Allocation Failure) 24M->15M(31M) 1.199ms
[2025-04-17T11:44:47.738+0000][3487.568s][info][gc,cpu         ] GC(2249) User=0.00s Sys=0.00s Real=0.00s
[2025-04-17T11:44:49.375+0000][3489.206s][info][gc,start       ] GC(2250) Pause Young (Allocation Failure)
[2025-04-17T11:44:49.377+0000][3489.207s][info][gc,heap        ] GC(2250) DefNew: 9179K(10176K)->76K(10176K) Eden: 9087K(9088K)->0K(9088K) From: 91K(1088K)->76K(1088K)
[2025-04-17T11:44:49.377+0000][3489.207s][info][gc,heap        ] GC(2250) Tenured: 15644K(22468K)->15644K(22468K)
[2025-04-17T11:44:49.377+0000][3489.207s][info][gc,metaspace   ] GC(2250) Metaspace: 38446K(38784K)->38446K(38784K) NonClass: 33896K(34048K)->33896K(34048K) Class: 4549K(4736K)->4549K(4736K)
[2025-04-17T11:44:49.377+0000][3489.207s][info][gc             ] GC(2250) Pause Young (Allocation Failure) 24M->15M(31M) 1.245ms
[2025-04-17T11:44:49.377+0000][3489.207s][info][gc,cpu         ] GC(2250) User=0.00s Sys=0.00s Real=0.00s
[2025-04-17T11:44:50.995+0000][3490.825s][info][gc,start       ] GC(2251) Pause Young (Allocation Failure)
[2025-04-17T11:44:50.996+0000][3490.826s][info][gc,heap        ] GC(2251) DefNew: 9164K(10176K)->74K(10176K) Eden: 9088K(9088K)->0K(9088K) From: 76K(1088K)->74K(1088K)
[2025-04-17T11:44:50.996+0000][3490.826s][info][gc,heap        ] GC(2251) Tenured: 15644K(22468K)->15645K(22468K)
[2025-04-17T11:44:50.996+0000][3490.826s][info][gc,metaspace   ] GC(2251) Metaspace: 38446K(38784K)->38446K(38784K) NonClass: 33896K(34048K)->33896K(34048K) Class: 4549K(4736K)->4549K(4736K)
[2025-04-17T11:44:50.996+0000][3490.826s][info][gc             ] GC(2251) Pause Young (Allocation Failure) 24M->15M(31M) 1.249ms
[2025-04-17T11:44:50.996+0000][3490.826s][info][gc,cpu         ] GC(2251) User=0.00s Sys=0.00s Real=0.00s
[2025-04-17T11:44:52.769+0000][3492.599s][info][gc,start       ] GC(2252) Pause Young (Allocation Failure)
[2025-04-17T11:44:52.770+0000][3492.601s][info][gc,heap        ] GC(2252) DefNew: 9162K(10176K)->75K(10176K) Eden: 9088K(9088K)->0K(9088K) From: 74K(1088K)->75K(1088K)
[2025-04-17T11:44:52.770+0000][3492.601s][info][gc,heap        ] GC(2252) Tenured: 15645K(22468K)->15645K(22468K)
[2025-04-17T11:44:52.770+0000][3492.601s][info][gc,metaspace   ] GC(2252) Metaspace: 38446K(38784K)->38446K(38784K) NonClass: 33896K(34048K)->33896K(34048K) Class: 4549K(4736K)->4549K(4736K)
[2025-04-17T11:44:52.770+0000][3492.601s][info][gc             ] GC(2252) Pause Young (Allocation Failure) 24M->15M(31M) 1.249ms
[2025-04-17T11:44:52.770+0000][3492.601s][info][gc,cpu         ] GC(2252) User=0.00s Sys=0.00s Real=0.00s
[2025-04-17T11:44:54.287+0000][3494.117s][info][gc,start       ] GC(2253) Pause Young (Allocation Failure)
[2025-04-17T11:44:54.288+0000][3494.118s][info][gc,heap        ] GC(2253) DefNew: 9163K(10176K)->90K(10176K) Eden: 9088K(9088K)->0K(9088K) From: 75K(1088K)->90K(1088K)
[2025-04-17T11:44:54.288+0000][3494.118s][info][gc,heap        ] GC(2253) Tenured: 15645K(22468K)->15645K(22468K)
[2025-04-17T11:44:54.288+0000][3494.118s][info][gc,metaspace   ] GC(2253) Metaspace: 38446K(38784K)->38446K(38784K) NonClass: 33896K(34048K)->33896K(34048K) Class: 4549K(4736K)->4549K(4736K)
[2025-04-17T11:44:54.288+0000][3494.118s][info][gc             ] GC(2253) Pause Young (Allocation Failure) 24M->15M(31M) 1.197ms
[2025-04-17T11:44:54.288+0000][3494.118s][info][gc,cpu         ] GC(2253) User=0.00s Sys=0.00s Real=0.00s
[2025-04-17T11:44:55.928+0000][3495.758s][info][gc,start       ] GC(2254) Pause Young (Allocation Failure)
[2025-04-17T11:44:55.929+0000][3495.759s][info][gc,heap        ] GC(2254) DefNew: 9178K(10176K)->73K(10176K) Eden: 9088K(9088K)->0K(9088K) From: 90K(1088K)->73K(1088K)
[2025-04-17T11:44:55.929+0000][3495.759s][info][gc,heap        ] GC(2254) Tenured: 15645K(22468K)->15646K(22468K)
[2025-04-17T11:44:55.929+0000][3495.759s][info][gc,metaspace   ] GC(2254) Metaspace: 38446K(38784K)->38446K(38784K) NonClass: 33896K(34048K)->33896K(34048K) Class: 4549K(4736K)->4549K(4736K)
[2025-04-17T11:44:55.929+0000][3495.759s][info][gc             ] GC(2254) Pause Young (Allocation Failure) 24M->15M(31M) 1.265ms
[2025-04-17T11:44:55.929+0000][3495.759s][info][gc,cpu         ] GC(2254) User=0.00s Sys=0.00s Real=0.00s
[2025-04-17T11:44:57.322+0000][3497.152s][info][gc,start       ] GC(2255) Pause Young (Allocation Failure)
[2025-04-17T11:44:57.323+0000][3497.153s][info][gc,heap        ] GC(2255) DefNew: 9161K(10176K)->76K(10176K) Eden: 9088K(9088K)->0K(9088K) From: 73K(1088K)->76K(1088K)
[2025-04-17T11:44:57.323+0000][3497.153s][info][gc,heap        ] GC(2255) Tenured: 15646K(22468K)->15646K(22468K)
[2025-04-17T11:44:57.323+0000][3497.153s][info][gc,metaspace   ] GC(2255) Metaspace: 38446K(38784K)->38446K(38784K) NonClass: 33896K(34048K)->33896K(34048K) Class: 4549K(4736K)->4549K(4736K)
[2025-04-17T11:44:57.323+0000][3497.153s][info][gc             ] GC(2255) Pause Young (Allocation Failure) 24M->15M(31M) 1.199ms
[2025-04-17T11:44:57.323+0000][3497.153s][info][gc,cpu         ] GC(2255) User=0.00s Sys=0.00s Real=0.00s
[2025-04-17T11:44:58.983+0000][3498.814s][info][gc,start       ] GC(2256) Pause Young (Allocation Failure)
[2025-04-17T11:44:58.985+0000][3498.815s][info][gc,heap        ] GC(2256) DefNew: 9164K(10176K)->74K(10176K) Eden: 9088K(9088K)->0K(9088K) From: 76K(1088K)->74K(1088K)
[2025-04-17T11:44:58.985+0000][3498.815s][info][gc,heap        ] GC(2256) Tenured: 15646K(22468K)->15646K(22468K)
[2025-04-17T11:44:58.985+0000][3498.815s][info][gc,metaspace   ] GC(2256) Metaspace: 38446K(38784K)->38446K(38784K) NonClass: 33896K(34048K)->33896K(34048K) Class: 4549K(4736K)->4549K(4736K)
[2025-04-17T11:44:58.985+0000][3498.815s][info][gc             ] GC(2256) Pause Young (Allocation Failure) 24M->15M(31M) 1.225ms
[2025-04-17T11:44:58.985+0000][3498.815s][info][gc,cpu         ] GC(2256) User=0.00s Sys=0.00s Real=0.01s
[2025-04-17T11:45:00.417+0000][3500.247s][info][gc,start       ] GC(2257) Pause Young (Allocation Failure)
[2025-04-17T11:45:00.418+0000][3500.248s][info][gc,heap        ] GC(2257) DefNew: 9162K(10176K)->90K(10176K) Eden: 9088K(9088K)->0K(9088K) From: 74K(1088K)->90K(1088K)
[2025-04-17T11:45:00.418+0000][3500.248s][info][gc,heap        ] GC(2257) Tenured: 15646K(22468K)->15646K(22468K)
[2025-04-17T11:45:00.418+0000][3500.248s][info][gc,metaspace   ] GC(2257) Metaspace: 38446K(38784K)->38446K(38784K) NonClass: 33896K(34048K)->33896K(34048K) Class: 4549K(4736K)->4549K(4736K)
[2025-04-17T11:45:00.418+0000][3500.248s][info][gc             ] GC(2257) Pause Young (Allocation Failure) 24M->15M(31M) 1.185ms
[2025-04-17T11:45:00.418+0000][3500.249s][info][gc,cpu         ] GC(2257) User=0.00s Sys=0.00s Real=0.00s
[2025-04-17T11:45:02.212+0000][3502.042s][info][gc,start       ] GC(2258) Pause Young (Allocation Failure)
[2025-04-17T11:45:02.213+0000][3502.043s][info][gc,heap        ] GC(2258) DefNew: 9178K(10176K)->73K(10176K) Eden: 9088K(9088K)->0K(9088K) From: 90K(1088K)->73K(1088K)
[2025-04-17T11:45:02.213+0000][3502.043s][info][gc,heap        ] GC(2258) Tenured: 15646K(22468K)->15646K(22468K)
[2025-04-17T11:45:02.213+0000][3502.043s][info][gc,metaspace   ] GC(2258) Metaspace: 38446K(38784K)->38446K(38784K) NonClass: 33896K(34048K)->33896K(34048K) Class: 4549K(4736K)->4549K(4736K)
[2025-04-17T11:45:02.213+0000][3502.043s][info][gc             ] GC(2258) Pause Young (Allocation Failure) 24M->15M(31M) 1.088ms
[2025-04-17T11:45:02.213+0000][3502.043s][info][gc,cpu         ] GC(2258) User=0.00s Sys=0.00s Real=0.00s
[2025-04-17T11:45:03.622+0000][3503.452s][info][gc,start       ] GC(2259) Pause Young (Allocation Failure)
[2025-04-17T11:45:03.623+0000][3503.453s][info][gc,heap        ] GC(2259) DefNew: 9152K(10176K)->92K(10176K) Eden: 9079K(9088K)->0K(9088K) From: 73K(1088K)->92K(1088K)
[2025-04-17T11:45:03.623+0000][3503.453s][info][gc,heap        ] GC(2259) Tenured: 15646K(22468K)->15646K(22468K)
[2025-04-17T11:45:03.623+0000][3503.453s][info][gc,metaspace   ] GC(2259) Metaspace: 38446K(38784K)->38446K(38784K) NonClass: 33896K(34048K)->33896K(34048K) Class: 4549K(4736K)->4549K(4736K)
[2025-04-17T11:45:03.623+0000][3503.453s][info][gc             ] GC(2259) Pause Young (Allocation Failure) 24M->15M(31M) 1.169ms
[2025-04-17T11:45:03.623+0000][3503.453s][info][gc,cpu         ] GC(2259) User=0.00s Sys=0.00s Real=0.00s
[2025-04-17T11:45:05.475+0000][3505.305s][info][gc,start       ] GC(2260) Pause Young (Allocation Failure)
[2025-04-17T11:45:05.477+0000][3505.307s][info][gc,heap        ] GC(2260) DefNew: 9180K(10176K)->98K(10176K) Eden: 9088K(9088K)->0K(9088K) From: 92K(1088K)->98K(1088K)
[2025-04-17T11:45:05.477+0000][3505.307s][info][gc,heap        ] GC(2260) Tenured: 15646K(22468K)->15646K(22468K)
[2025-04-17T11:45:05.477+0000][3505.307s][info][gc,metaspace   ] GC(2260) Metaspace: 38446K(38784K)->38446K(38784K) NonClass: 33896K(34048K)->33896K(34048K) Class: 4549K(4736K)->4549K(4736K)
[2025-04-17T11:45:05.477+0000][3505.307s][info][gc             ] GC(2260) Pause Young (Allocation Failure) 24M->15M(31M) 1.362ms
[2025-04-17T11:45:05.477+0000][3505.307s][info][gc,cpu         ] GC(2260) User=0.00s Sys=0.00s Real=0.00s
[2025-04-17T11:45:06.807+0000][3506.637s][info][gc,start       ] GC(2261) Pause Young (Allocation Failure)
[2025-04-17T11:45:06.808+0000][3506.638s][info][gc,heap        ] GC(2261) DefNew: 9186K(10176K)->77K(10176K) Eden: 9088K(9088K)->0K(9088K) From: 98K(1088K)->77K(1088K)
[2025-04-17T11:45:06.808+0000][3506.638s][info][gc,heap        ] GC(2261) Tenured: 15646K(22468K)->15647K(22468K)
[2025-04-17T11:45:06.808+0000][3506.638s][info][gc,metaspace   ] GC(2261) Metaspace: 38446K(38784K)->38446K(38784K) NonClass: 33896K(34048K)->33896K(34048K) Class: 4549K(4736K)->4549K(4736K)
[2025-04-17T11:45:06.808+0000][3506.638s][info][gc             ] GC(2261) Pause Young (Allocation Failure) 24M->15M(31M) 1.299ms
[2025-04-17T11:45:06.808+0000][3506.638s][info][gc,cpu         ] GC(2261) User=0.00s Sys=0.00s Real=0.00s
[2025-04-17T11:45:08.409+0000][3508.239s][info][gc,start       ] GC(2262) Pause Young (Allocation Failure)
[2025-04-17T11:45:08.410+0000][3508.240s][info][gc,heap        ] GC(2262) DefNew: 9165K(10176K)->88K(10176K) Eden: 9088K(9088K)->0K(9088K) From: 77K(1088K)->88K(1088K)
[2025-04-17T11:45:08.410+0000][3508.240s][info][gc,heap        ] GC(2262) Tenured: 15647K(22468K)->15647K(22468K)
[2025-04-17T11:45:08.410+0000][3508.241s][info][gc,metaspace   ] GC(2262) Metaspace: 38446K(38784K)->38446K(38784K) NonClass: 33896K(34048K)->33896K(34048K) Class: 4549K(4736K)->4549K(4736K)
[2025-04-17T11:45:08.410+0000][3508.241s][info][gc             ] GC(2262) Pause Young (Allocation Failure) 24M->15M(31M) 1.285ms
[2025-04-17T11:45:08.410+0000][3508.241s][info][gc,cpu         ] GC(2262) User=0.00s Sys=0.00s Real=0.00s
[2025-04-17T11:45:10.007+0000][3509.837s][info][gc,start       ] GC(2263) Pause Young (Allocation Failure)
[2025-04-17T11:45:10.009+0000][3509.839s][info][gc,heap        ] GC(2263) DefNew: 9176K(10176K)->102K(10176K) Eden: 9088K(9088K)->0K(9088K) From: 88K(1088K)->102K(1088K)
[2025-04-17T11:45:10.009+0000][3509.839s][info][gc,heap        ] GC(2263) Tenured: 15647K(22468K)->15647K(22468K)
[2025-04-17T11:45:10.009+0000][3509.839s][info][gc,metaspace   ] GC(2263) Metaspace: 38446K(38784K)->38446K(38784K) NonClass: 33896K(34048K)->33896K(34048K) Class: 4549K(4736K)->4549K(4736K)
[2025-04-17T11:45:10.009+0000][3509.839s][info][gc             ] GC(2263) Pause Young (Allocation Failure) 24M->15M(31M) 2.140ms
[2025-04-17T11:45:10.009+0000][3509.839s][info][gc,cpu         ] GC(2263) User=0.00s Sys=0.00s Real=0.00s
[2025-04-17T11:45:11.437+0000][3511.267s][info][gc,start       ] GC(2264) Pause Young (Allocation Failure)
[2025-04-17T11:45:11.438+0000][3511.268s][info][gc,heap        ] GC(2264) DefNew: 9190K(10176K)->75K(10176K) Eden: 9088K(9088K)->0K(9088K) From: 102K(1088K)->75K(1088K)
[2025-04-17T11:45:11.438+0000][3511.268s][info][gc,heap        ] GC(2264) Tenured: 15647K(22468K)->15647K(22468K)
[2025-04-17T11:45:11.438+0000][3511.268s][info][gc,metaspace   ] GC(2264) Metaspace: 38446K(38784K)->38446K(38784K) NonClass: 33896K(34048K)->33896K(34048K) Class: 4549K(4736K)->4549K(4736K)
[2025-04-17T11:45:11.438+0000][3511.269s][info][gc             ] GC(2264) Pause Young (Allocation Failure) 24M->15M(31M) 1.183ms
[2025-04-17T11:45:11.438+0000][3511.269s][info][gc,cpu         ] GC(2264) User=0.01s Sys=0.00s Real=0.00s
[2025-04-17T11:45:13.164+0000][3512.994s][info][gc,start       ] GC(2265) Pause Young (Allocation Failure)
[2025-04-17T11:45:13.166+0000][3512.996s][info][gc,heap        ] GC(2265) DefNew: 9163K(10176K)->70K(10176K) Eden: 9088K(9088K)->0K(9088K) From: 75K(1088K)->70K(1088K)
[2025-04-17T11:45:13.166+0000][3512.996s][info][gc,heap        ] GC(2265) Tenured: 15647K(22468K)->15647K(22468K)
[2025-04-17T11:45:13.166+0000][3512.996s][info][gc,metaspace   ] GC(2265) Metaspace: 38446K(38784K)->38446K(38784K) NonClass: 33896K(34048K)->33896K(34048K) Class: 4549K(4736K)->4549K(4736K)
[2025-04-17T11:45:13.166+0000][3512.996s][info][gc             ] GC(2265) Pause Young (Allocation Failure) 24M->15M(31M) 1.592ms
[2025-04-17T11:45:13.166+0000][3512.996s][info][gc,cpu         ] GC(2265) User=0.00s Sys=0.00s Real=0.00s
[2025-04-17T11:45:14.986+0000][3514.816s][info][gc,start       ] GC(2266) Pause Young (Allocation Failure)
[2025-04-17T11:45:14.987+0000][3514.817s][info][gc,heap        ] GC(2266) DefNew: 9151K(10176K)->80K(10176K) Eden: 9081K(9088K)->0K(9088K) From: 70K(1088K)->80K(1088K)
[2025-04-17T11:45:14.987+0000][3514.817s][info][gc,heap        ] GC(2266) Tenured: 15647K(22468K)->15647K(22468K)
[2025-04-17T11:45:14.987+0000][3514.817s][info][gc,metaspace   ] GC(2266) Metaspace: 38446K(38784K)->38446K(38784K) NonClass: 33896K(34048K)->33896K(34048K) Class: 4549K(4736K)->4549K(4736K)
[2025-04-17T11:45:14.987+0000][3514.817s][info][gc             ] GC(2266) Pause Young (Allocation Failure) 24M->15M(31M) 1.214ms
[2025-04-17T11:45:14.987+0000][3514.817s][info][gc,cpu         ] GC(2266) User=0.00s Sys=0.00s Real=0.00s
[2025-04-17T11:45:16.471+0000][3516.301s][info][gc,start       ] GC(2267) Pause Young (Allocation Failure)
[2025-04-17T11:45:16.472+0000][3516.302s][info][gc,heap        ] GC(2267) DefNew: 9163K(10176K)->76K(10176K) Eden: 9083K(9088K)->0K(9088K) From: 80K(1088K)->76K(1088K)
[2025-04-17T11:45:16.472+0000][3516.302s][info][gc,heap        ] GC(2267) Tenured: 15647K(22468K)->15647K(22468K)
[2025-04-17T11:45:16.472+0000][3516.302s][info][gc,metaspace   ] GC(2267) Metaspace: 38446K(38784K)->38446K(38784K) NonClass: 33896K(34048K)->33896K(34048K) Class: 4549K(4736K)->4549K(4736K)
[2025-04-17T11:45:16.472+0000][3516.302s][info][gc             ] GC(2267) Pause Young (Allocation Failure) 24M->15M(31M) 1.193ms
[2025-04-17T11:45:16.472+0000][3516.302s][info][gc,cpu         ] GC(2267) User=0.00s Sys=0.00s Real=0.00s
[2025-04-17T11:45:18.055+0000][3517.885s][info][gc,start       ] GC(2268) Pause Young (Allocation Failure)
[2025-04-17T11:45:18.056+0000][3517.886s][info][gc,heap        ] GC(2268) DefNew: 9164K(10176K)->83K(10176K) Eden: 9088K(9088K)->0K(9088K) From: 76K(1088K)->83K(1088K)
[2025-04-17T11:45:18.056+0000][3517.886s][info][gc,heap        ] GC(2268) Tenured: 15647K(22468K)->15647K(22468K)
[2025-04-17T11:45:18.056+0000][3517.886s][info][gc,metaspace   ] GC(2268) Metaspace: 38446K(38784K)->38446K(38784K) NonClass: 33896K(34048K)->33896K(34048K) Class: 4549K(4736K)->4549K(4736K)
[2025-04-17T11:45:18.056+0000][3517.886s][info][gc             ] GC(2268) Pause Young (Allocation Failure) 24M->15M(31M) 1.373ms
[2025-04-17T11:45:18.056+0000][3517.886s][info][gc,cpu         ] GC(2268) User=0.00s Sys=0.00s Real=0.00s
[2025-04-17T11:45:19.608+0000][3519.438s][info][gc,start       ] GC(2269) Pause Young (Allocation Failure)
[2025-04-17T11:45:19.610+0000][3519.440s][info][gc,heap        ] GC(2269) DefNew: 9171K(10176K)->89K(10176K) Eden: 9087K(9088K)->0K(9088K) From: 83K(1088K)->89K(1088K)
[2025-04-17T11:45:19.610+0000][3519.440s][info][gc,heap        ] GC(2269) Tenured: 15647K(22468K)->15647K(22468K)
[2025-04-17T11:45:19.610+0000][3519.440s][info][gc,metaspace   ] GC(2269) Metaspace: 38446K(38784K)->38446K(38784K) NonClass: 33896K(34048K)->33896K(34048K) Class: 4549K(4736K)->4549K(4736K)
[2025-04-17T11:45:19.610+0000][3519.440s][info][gc             ] GC(2269) Pause Young (Allocation Failure) 24M->15M(31M) 1.278ms
[2025-04-17T11:45:19.610+0000][3519.440s][info][gc,cpu         ] GC(2269) User=0.01s Sys=0.00s Real=0.00s
[2025-04-17T11:45:21.319+0000][3521.149s][info][gc,start       ] GC(2270) Pause Young (Allocation Failure)
[2025-04-17T11:45:21.320+0000][3521.150s][info][gc,heap        ] GC(2270) DefNew: 9177K(10176K)->76K(10176K) Eden: 9088K(9088K)->0K(9088K) From: 89K(1088K)->76K(1088K)
[2025-04-17T11:45:21.320+0000][3521.150s][info][gc,heap        ] GC(2270) Tenured: 15647K(22468K)->15647K(22468K)
[2025-04-17T11:45:21.320+0000][3521.150s][info][gc,metaspace   ] GC(2270) Metaspace: 38446K(38784K)->38446K(38784K) NonClass: 33896K(34048K)->33896K(34048K) Class: 4549K(4736K)->4549K(4736K)
[2025-04-17T11:45:21.320+0000][3521.150s][info][gc             ] GC(2270) Pause Young (Allocation Failure) 24M->15M(31M) 1.172ms
[2025-04-17T11:45:21.320+0000][3521.150s][info][gc,cpu         ] GC(2270) User=0.00s Sys=0.00s Real=0.00s
[2025-04-17T11:45:22.541+0000][3522.372s][info][gc,start       ] GC(2271) Pause Young (Allocation Failure)
[2025-04-17T11:45:22.543+0000][3522.373s][info][gc,heap        ] GC(2271) DefNew: 9164K(10176K)->76K(10176K) Eden: 9088K(9088K)->0K(9088K) From: 76K(1088K)->76K(1088K)
[2025-04-17T11:45:22.543+0000][3522.373s][info][gc,heap        ] GC(2271) Tenured: 15647K(22468K)->15647K(22468K)
[2025-04-17T11:45:22.543+0000][3522.373s][info][gc,metaspace   ] GC(2271) Metaspace: 38446K(38784K)->38446K(38784K) NonClass: 33896K(34048K)->33896K(34048K) Class: 4549K(4736K)->4549K(4736K)
[2025-04-17T11:45:22.543+0000][3522.373s][info][gc             ] GC(2271) Pause Young (Allocation Failure) 24M->15M(31M) 1.244ms
[2025-04-17T11:45:22.543+0000][3522.373s][info][gc,cpu         ] GC(2271) User=0.01s Sys=0.00s Real=0.00s
[2025-04-17T11:45:24.328+0000][3524.158s][info][gc,start       ] GC(2272) Pause Young (Allocation Failure)
[2025-04-17T11:45:24.329+0000][3524.160s][info][gc,heap        ] GC(2272) DefNew: 9164K(10176K)->74K(10176K) Eden: 9088K(9088K)->0K(9088K) From: 76K(1088K)->74K(1088K)
[2025-04-17T11:45:24.330+0000][3524.160s][info][gc,heap        ] GC(2272) Tenured: 15647K(22468K)->15647K(22468K)
[2025-04-17T11:45:24.330+0000][3524.160s][info][gc,metaspace   ] GC(2272) Metaspace: 38446K(38784K)->38446K(38784K) NonClass: 33896K(34048K)->33896K(34048K) Class: 4549K(4736K)->4549K(4736K)
[2025-04-17T11:45:24.330+0000][3524.160s][info][gc             ] GC(2272) Pause Young (Allocation Failure) 24M->15M(31M) 1.260ms
[2025-04-17T11:45:24.330+0000][3524.160s][info][gc,cpu         ] GC(2272) User=0.00s Sys=0.00s Real=0.00s
[2025-04-17T11:45:25.740+0000][3525.571s][info][gc,start       ] GC(2273) Pause Young (Allocation Failure)
[2025-04-17T11:45:25.742+0000][3525.572s][info][gc,heap        ] GC(2273) DefNew: 9162K(10176K)->89K(10176K) Eden: 9088K(9088K)->0K(9088K) From: 74K(1088K)->89K(1088K)
[2025-04-17T11:45:25.742+0000][3525.572s][info][gc,heap        ] GC(2273) Tenured: 15647K(22468K)->15647K(22468K)
[2025-04-17T11:45:25.742+0000][3525.572s][info][gc,metaspace   ] GC(2273) Metaspace: 38446K(38784K)->38446K(38784K) NonClass: 33896K(34048K)->33896K(34048K) Class: 4549K(4736K)->4549K(4736K)
[2025-04-17T11:45:25.742+0000][3525.572s][info][gc             ] GC(2273) Pause Young (Allocation Failure) 24M->15M(31M) 1.234ms
[2025-04-17T11:45:25.742+0000][3525.572s][info][gc,cpu         ] GC(2273) User=0.00s Sys=0.00s Real=0.00s
[2025-04-17T11:45:27.289+0000][3527.119s][info][gc,start       ] GC(2274) Pause Young (Allocation Failure)
[2025-04-17T11:45:27.290+0000][3527.120s][info][gc,heap        ] GC(2274) DefNew: 9177K(10176K)->74K(10176K) Eden: 9088K(9088K)->0K(9088K) From: 89K(1088K)->74K(1088K)
[2025-04-17T11:45:27.290+0000][3527.120s][info][gc,heap        ] GC(2274) Tenured: 15647K(22468K)->15647K(22468K)
[2025-04-17T11:45:27.290+0000][3527.120s][info][gc,metaspace   ] GC(2274) Metaspace: 38446K(38784K)->38446K(38784K) NonClass: 33896K(34048K)->33896K(34048K) Class: 4549K(4736K)->4549K(4736K)
[2025-04-17T11:45:27.290+0000][3527.121s][info][gc             ] GC(2274) Pause Young (Allocation Failure) 24M->15M(31M) 1.307ms
[2025-04-17T11:45:27.290+0000][3527.121s][info][gc,cpu         ] GC(2274) User=0.00s Sys=0.00s Real=0.00s
[2025-04-17T11:45:28.896+0000][3528.726s][info][gc,start       ] GC(2275) Pause Young (Allocation Failure)
[2025-04-17T11:45:28.897+0000][3528.727s][info][gc,heap        ] GC(2275) DefNew: 9162K(10176K)->74K(10176K) Eden: 9087K(9088K)->0K(9088K) From: 74K(1088K)->74K(1088K)
[2025-04-17T11:45:28.897+0000][3528.727s][info][gc,heap        ] GC(2275) Tenured: 15647K(22468K)->15647K(22468K)
[2025-04-17T11:45:28.897+0000][3528.727s][info][gc,metaspace   ] GC(2275) Metaspace: 38446K(38784K)->38446K(38784K) NonClass: 33896K(34048K)->33896K(34048K) Class: 4549K(4736K)->4549K(4736K)
[2025-04-17T11:45:28.897+0000][3528.727s][info][gc             ] GC(2275) Pause Young (Allocation Failure) 24M->15M(31M) 1.220ms
[2025-04-17T11:45:28.897+0000][3528.727s][info][gc,cpu         ] GC(2275) User=0.00s Sys=0.00s Real=0.00s
[2025-04-17T11:45:30.287+0000][3530.118s][info][gc,start       ] GC(2276) Pause Young (Allocation Failure)
[2025-04-17T11:45:30.289+0000][3530.119s][info][gc,heap        ] GC(2276) DefNew: 9162K(10176K)->80K(10176K) Eden: 9088K(9088K)->0K(9088K) From: 74K(1088K)->80K(1088K)
[2025-04-17T11:45:30.289+0000][3530.119s][info][gc,heap        ] GC(2276) Tenured: 15647K(22468K)->15647K(22468K)
[2025-04-17T11:45:30.289+0000][3530.119s][info][gc,metaspace   ] GC(2276) Metaspace: 38446K(38784K)->38446K(38784K) NonClass: 33896K(34048K)->33896K(34048K) Class: 4549K(4736K)->4549K(4736K)
[2025-04-17T11:45:30.289+0000][3530.119s][info][gc             ] GC(2276) Pause Young (Allocation Failure) 24M->15M(31M) 1.310ms
[2025-04-17T11:45:30.289+0000][3530.119s][info][gc,cpu         ] GC(2276) User=0.00s Sys=0.00s Real=0.00s
[2025-04-17T11:45:31.988+0000][3531.819s][info][gc,start       ] GC(2277) Pause Young (Allocation Failure)
[2025-04-17T11:45:31.990+0000][3531.820s][info][gc,heap        ] GC(2277) DefNew: 9168K(10176K)->89K(10176K) Eden: 9088K(9088K)->0K(9088K) From: 80K(1088K)->89K(1088K)
[2025-04-17T11:45:31.990+0000][3531.820s][info][gc,heap        ] GC(2277) Tenured: 15647K(22468K)->15647K(22468K)
[2025-04-17T11:45:31.990+0000][3531.820s][info][gc,metaspace   ] GC(2277) Metaspace: 38446K(38784K)->38446K(38784K) NonClass: 33896K(34048K)->33896K(34048K) Class: 4549K(4736K)->4549K(4736K)
[2025-04-17T11:45:31.990+0000][3531.820s][info][gc             ] GC(2277) Pause Young (Allocation Failure) 24M->15M(31M) 1.289ms
[2025-04-17T11:45:31.990+0000][3531.820s][info][gc,cpu         ] GC(2277) User=0.01s Sys=0.00s Real=0.00s
[2025-04-17T11:45:33.446+0000][3533.276s][info][gc,start       ] GC(2278) Pause Young (Allocation Failure)
[2025-04-17T11:45:33.447+0000][3533.277s][info][gc,heap        ] GC(2278) DefNew: 9177K(10176K)->82K(10176K) Eden: 9088K(9088K)->0K(9088K) From: 89K(1088K)->82K(1088K)
[2025-04-17T11:45:33.447+0000][3533.277s][info][gc,heap        ] GC(2278) Tenured: 15647K(22468K)->15647K(22468K)
[2025-04-17T11:45:33.447+0000][3533.277s][info][gc,metaspace   ] GC(2278) Metaspace: 38446K(38784K)->38446K(38784K) NonClass: 33896K(34048K)->33896K(34048K) Class: 4549K(4736K)->4549K(4736K)
[2025-04-17T11:45:33.447+0000][3533.277s][info][gc             ] GC(2278) Pause Young (Allocation Failure) 24M->15M(31M) 1.145ms
[2025-04-17T11:45:33.447+0000][3533.277s][info][gc,cpu         ] GC(2278) User=0.01s Sys=0.00s Real=0.00s
[2025-04-17T11:45:35.091+0000][3534.921s][info][gc,start       ] GC(2279) Pause Young (Allocation Failure)
[2025-04-17T11:45:35.092+0000][3534.922s][info][gc,heap        ] GC(2279) DefNew: 9162K(10176K)->93K(10176K) Eden: 9080K(9088K)->0K(9088K) From: 82K(1088K)->93K(1088K)
[2025-04-17T11:45:35.092+0000][3534.922s][info][gc,heap        ] GC(2279) Tenured: 15647K(22468K)->15647K(22468K)
[2025-04-17T11:45:35.092+0000][3534.922s][info][gc,metaspace   ] GC(2279) Metaspace: 38446K(38784K)->38446K(38784K) NonClass: 33896K(34048K)->33896K(34048K) Class: 4549K(4736K)->4549K(4736K)
[2025-04-17T11:45:35.092+0000][3534.922s][info][gc             ] GC(2279) Pause Young (Allocation Failure) 24M->15M(31M) 1.227ms
[2025-04-17T11:45:35.092+0000][3534.922s][info][gc,cpu         ] GC(2279) User=0.00s Sys=0.00s Real=0.00s
[2025-04-17T11:45:36.637+0000][3536.467s][info][gc,start       ] GC(2280) Pause Young (Allocation Failure)
[2025-04-17T11:45:36.638+0000][3536.468s][info][gc,heap        ] GC(2280) DefNew: 9181K(10176K)->76K(10176K) Eden: 9088K(9088K)->0K(9088K) From: 93K(1088K)->76K(1088K)
[2025-04-17T11:45:36.638+0000][3536.468s][info][gc,heap        ] GC(2280) Tenured: 15647K(22468K)->15647K(22468K)
[2025-04-17T11:45:36.638+0000][3536.468s][info][gc,metaspace   ] GC(2280) Metaspace: 38446K(38784K)->38446K(38784K) NonClass: 33896K(34048K)->33896K(34048K) Class: 4549K(4736K)->4549K(4736K)
[2025-04-17T11:45:36.638+0000][3536.468s][info][gc             ] GC(2280) Pause Young (Allocation Failure) 24M->15M(31M) 1.151ms
[2025-04-17T11:45:36.638+0000][3536.468s][info][gc,cpu         ] GC(2280) User=0.01s Sys=0.00s Real=0.00s
[2025-04-17T11:45:38.258+0000][3538.088s][info][gc,start       ] GC(2281) Pause Young (Allocation Failure)
[2025-04-17T11:45:38.259+0000][3538.089s][info][gc,heap        ] GC(2281) DefNew: 9164K(10176K)->89K(10176K) Eden: 9088K(9088K)->0K(9088K) From: 76K(1088K)->89K(1088K)
[2025-04-17T11:45:38.259+0000][3538.089s][info][gc,heap        ] GC(2281) Tenured: 15647K(22468K)->15649K(22468K)
[2025-04-17T11:45:38.259+0000][3538.089s][info][gc,metaspace   ] GC(2281) Metaspace: 38446K(38784K)->38446K(38784K) NonClass: 33896K(34048K)->33896K(34048K) Class: 4549K(4736K)->4549K(4736K)
[2025-04-17T11:45:38.259+0000][3538.089s][info][gc             ] GC(2281) Pause Young (Allocation Failure) 24M->15M(31M) 1.234ms
[2025-04-17T11:45:38.259+0000][3538.089s][info][gc,cpu         ] GC(2281) User=0.01s Sys=0.00s Real=0.00s
[2025-04-17T11:45:39.921+0000][3539.751s][info][gc,start       ] GC(2282) Pause Young (Allocation Failure)
[2025-04-17T11:45:39.922+0000][3539.752s][info][gc,heap        ] GC(2282) DefNew: 9177K(10176K)->88K(10176K) Eden: 9088K(9088K)->0K(9088K) From: 89K(1088K)->88K(1088K)
[2025-04-17T11:45:39.922+0000][3539.752s][info][gc,heap        ] GC(2282) Tenured: 15649K(22468K)->15649K(22468K)
[2025-04-17T11:45:39.922+0000][3539.752s][info][gc,metaspace   ] GC(2282) Metaspace: 38446K(38784K)->38446K(38784K) NonClass: 33896K(34048K)->33896K(34048K) Class: 4549K(4736K)->4549K(4736K)
[2025-04-17T11:45:39.922+0000][3539.752s][info][gc             ] GC(2282) Pause Young (Allocation Failure) 24M->15M(31M) 1.237ms
[2025-04-17T11:45:39.922+0000][3539.752s][info][gc,cpu         ] GC(2282) User=0.00s Sys=0.00s Real=0.00s
[2025-04-17T11:45:41.447+0000][3541.277s][info][gc,start       ] GC(2283) Pause Young (Allocation Failure)
[2025-04-17T11:45:41.448+0000][3541.278s][info][gc,heap        ] GC(2283) DefNew: 9174K(10176K)->77K(10176K) Eden: 9086K(9088K)->0K(9088K) From: 88K(1088K)->77K(1088K)
[2025-04-17T11:45:41.448+0000][3541.278s][info][gc,heap        ] GC(2283) Tenured: 15649K(22468K)->15649K(22468K)
[2025-04-17T11:45:41.448+0000][3541.278s][info][gc,metaspace   ] GC(2283) Metaspace: 38446K(38784K)->38446K(38784K) NonClass: 33896K(34048K)->33896K(34048K) Class: 4549K(4736K)->4549K(4736K)
[2025-04-17T11:45:41.448+0000][3541.278s][info][gc             ] GC(2283) Pause Young (Allocation Failure) 24M->15M(31M) 1.250ms
[2025-04-17T11:45:41.448+0000][3541.278s][info][gc,cpu         ] GC(2283) User=0.01s Sys=0.00s Real=0.00s
[2025-04-17T11:45:42.918+0000][3542.748s][info][gc,start       ] GC(2284) Pause Young (Allocation Failure)
[2025-04-17T11:45:42.919+0000][3542.749s][info][gc,heap        ] GC(2284) DefNew: 9165K(10176K)->72K(10176K) Eden: 9088K(9088K)->0K(9088K) From: 77K(1088K)->72K(1088K)
[2025-04-17T11:45:42.919+0000][3542.749s][info][gc,heap        ] GC(2284) Tenured: 15649K(22468K)->15649K(22468K)
[2025-04-17T11:45:42.919+0000][3542.749s][info][gc,metaspace   ] GC(2284) Metaspace: 38446K(38784K)->38446K(38784K) NonClass: 33896K(34048K)->33896K(34048K) Class: 4549K(4736K)->4549K(4736K)
[2025-04-17T11:45:42.919+0000][3542.749s][info][gc             ] GC(2284) Pause Young (Allocation Failure) 24M->15M(31M) 1.168ms
[2025-04-17T11:45:42.919+0000][3542.749s][info][gc,cpu         ] GC(2284) User=0.00s Sys=0.00s Real=0.00s
[2025-04-17T11:45:44.557+0000][3544.387s][info][gc,start       ] GC(2285) Pause Young (Allocation Failure)
[2025-04-17T11:45:44.558+0000][3544.388s][info][gc,heap        ] GC(2285) DefNew: 9160K(10176K)->90K(10176K) Eden: 9088K(9088K)->0K(9088K) From: 72K(1088K)->90K(1088K)
[2025-04-17T11:45:44.558+0000][3544.388s][info][gc,heap        ] GC(2285) Tenured: 15649K(22468K)->15649K(22468K)
[2025-04-17T11:45:44.558+0000][3544.388s][info][gc,metaspace   ] GC(2285) Metaspace: 38446K(38784K)->38446K(38784K) NonClass: 33896K(34048K)->33896K(34048K) Class: 4549K(4736K)->4549K(4736K)
[2025-04-17T11:45:44.558+0000][3544.388s][info][gc             ] GC(2285) Pause Young (Allocation Failure) 24M->15M(31M) 1.283ms
[2025-04-17T11:45:44.558+0000][3544.388s][info][gc,cpu         ] GC(2285) User=0.01s Sys=0.00s Real=0.00s
[2025-04-17T11:45:46.281+0000][3546.111s][info][gc,start       ] GC(2286) Pause Young (Allocation Failure)
[2025-04-17T11:45:46.282+0000][3546.112s][info][gc,heap        ] GC(2286) DefNew: 9178K(10176K)->88K(10176K) Eden: 9088K(9088K)->0K(9088K) From: 90K(1088K)->88K(1088K)
[2025-04-17T11:45:46.282+0000][3546.112s][info][gc,heap        ] GC(2286) Tenured: 15649K(22468K)->15649K(22468K)
[2025-04-17T11:45:46.282+0000][3546.112s][info][gc,metaspace   ] GC(2286) Metaspace: 38446K(38784K)->38446K(38784K) NonClass: 33896K(34048K)->33896K(34048K) Class: 4549K(4736K)->4549K(4736K)
[2025-04-17T11:45:46.282+0000][3546.112s][info][gc             ] GC(2286) Pause Young (Allocation Failure) 24M->15M(31M) 1.313ms
[2025-04-17T11:45:46.282+0000][3546.112s][info][gc,cpu         ] GC(2286) User=0.00s Sys=0.00s Real=0.00s
[2025-04-17T11:45:47.879+0000][3547.709s][info][gc,start       ] GC(2287) Pause Young (Allocation Failure)
[2025-04-17T11:45:47.880+0000][3547.710s][info][gc,heap        ] GC(2287) DefNew: 9176K(10176K)->77K(10176K) Eden: 9088K(9088K)->0K(9088K) From: 88K(1088K)->77K(1088K)
[2025-04-17T11:45:47.880+0000][3547.710s][info][gc,heap        ] GC(2287) Tenured: 15649K(22468K)->15649K(22468K)
[2025-04-17T11:45:47.880+0000][3547.710s][info][gc,metaspace   ] GC(2287) Metaspace: 38446K(38784K)->38446K(38784K) NonClass: 33896K(34048K)->33896K(34048K) Class: 4549K(4736K)->4549K(4736K)
[2025-04-17T11:45:47.880+0000][3547.711s][info][gc             ] GC(2287) Pause Young (Allocation Failure) 24M->15M(31M) 1.267ms
[2025-04-17T11:45:47.880+0000][3547.711s][info][gc,cpu         ] GC(2287) User=0.00s Sys=0.00s Real=0.00s
[2025-04-17T11:45:49.584+0000][3549.414s][info][gc,start       ] GC(2288) Pause Young (Allocation Failure)
[2025-04-17T11:45:49.585+0000][3549.415s][info][gc,heap        ] GC(2288) DefNew: 9165K(10176K)->73K(10176K) Eden: 9088K(9088K)->0K(9088K) From: 77K(1088K)->73K(1088K)
[2025-04-17T11:45:49.585+0000][3549.415s][info][gc,heap        ] GC(2288) Tenured: 15649K(22468K)->15649K(22468K)
[2025-04-17T11:45:49.585+0000][3549.415s][info][gc,metaspace   ] GC(2288) Metaspace: 38446K(38784K)->38446K(38784K) NonClass: 33896K(34048K)->33896K(34048K) Class: 4549K(4736K)->4549K(4736K)
[2025-04-17T11:45:49.585+0000][3549.415s][info][gc             ] GC(2288) Pause Young (Allocation Failure) 24M->15M(31M) 1.354ms
[2025-04-17T11:45:49.585+0000][3549.415s][info][gc,cpu         ] GC(2288) User=0.00s Sys=0.00s Real=0.01s
[2025-04-17T11:45:50.970+0000][3550.800s][info][gc,start       ] GC(2289) Pause Young (Allocation Failure)
[2025-04-17T11:45:50.971+0000][3550.801s][info][gc,heap        ] GC(2289) DefNew: 9156K(10176K)->81K(10176K) Eden: 9083K(9088K)->0K(9088K) From: 73K(1088K)->81K(1088K)
[2025-04-17T11:45:50.971+0000][3550.801s][info][gc,heap        ] GC(2289) Tenured: 15649K(22468K)->15649K(22468K)
[2025-04-17T11:45:50.971+0000][3550.801s][info][gc,metaspace   ] GC(2289) Metaspace: 38446K(38784K)->38446K(38784K) NonClass: 33896K(34048K)->33896K(34048K) Class: 4549K(4736K)->4549K(4736K)
[2025-04-17T11:45:50.971+0000][3550.801s][info][gc             ] GC(2289) Pause Young (Allocation Failure) 24M->15M(31M) 1.228ms
[2025-04-17T11:45:50.971+0000][3550.801s][info][gc,cpu         ] GC(2289) User=0.00s Sys=0.00s Real=0.00s
[2025-04-17T11:45:52.520+0000][3552.350s][info][gc,start       ] GC(2290) Pause Young (Allocation Failure)
[2025-04-17T11:45:52.521+0000][3552.351s][info][gc,heap        ] GC(2290) DefNew: 9169K(10176K)->73K(10176K) Eden: 9088K(9088K)->0K(9088K) From: 81K(1088K)->73K(1088K)
[2025-04-17T11:45:52.521+0000][3552.351s][info][gc,heap        ] GC(2290) Tenured: 15649K(22468K)->15649K(22468K)
[2025-04-17T11:45:52.521+0000][3552.351s][info][gc,metaspace   ] GC(2290) Metaspace: 38446K(38784K)->38446K(38784K) NonClass: 33896K(34048K)->33896K(34048K) Class: 4549K(4736K)->4549K(4736K)
[2025-04-17T11:45:52.521+0000][3552.351s][info][gc             ] GC(2290) Pause Young (Allocation Failure) 24M->15M(31M) 1.289ms
[2025-04-17T11:45:52.521+0000][3552.351s][info][gc,cpu         ] GC(2290) User=0.00s Sys=0.00s Real=0.00s
[2025-04-17T11:45:53.979+0000][3553.809s][info][gc,start       ] GC(2291) Pause Young (Allocation Failure)
[2025-04-17T11:45:53.980+0000][3553.810s][info][gc,heap        ] GC(2291) DefNew: 9161K(10176K)->74K(10176K) Eden: 9088K(9088K)->0K(9088K) From: 73K(1088K)->74K(1088K)
[2025-04-17T11:45:53.980+0000][3553.810s][info][gc,heap        ] GC(2291) Tenured: 15649K(22468K)->15649K(22468K)
[2025-04-17T11:45:53.980+0000][3553.810s][info][gc,metaspace   ] GC(2291) Metaspace: 38446K(38784K)->38446K(38784K) NonClass: 33896K(34048K)->33896K(34048K) Class: 4549K(4736K)->4549K(4736K)
[2025-04-17T11:45:53.980+0000][3553.810s][info][gc             ] GC(2291) Pause Young (Allocation Failure) 24M->15M(31M) 1.270ms
[2025-04-17T11:45:53.980+0000][3553.810s][info][gc,cpu         ] GC(2291) User=0.00s Sys=0.00s Real=0.00s
[2025-04-17T11:45:55.607+0000][3555.437s][info][gc,start       ] GC(2292) Pause Young (Allocation Failure)
[2025-04-17T11:45:55.608+0000][3555.438s][info][gc,heap        ] GC(2292) DefNew: 9162K(10176K)->77K(10176K) Eden: 9088K(9088K)->0K(9088K) From: 74K(1088K)->77K(1088K)
[2025-04-17T11:45:55.608+0000][3555.438s][info][gc,heap        ] GC(2292) Tenured: 15649K(22468K)->15649K(22468K)
[2025-04-17T11:45:55.608+0000][3555.438s][info][gc,metaspace   ] GC(2292) Metaspace: 38446K(38784K)->38446K(38784K) NonClass: 33896K(34048K)->33896K(34048K) Class: 4549K(4736K)->4549K(4736K)
[2025-04-17T11:45:55.608+0000][3555.438s][info][gc             ] GC(2292) Pause Young (Allocation Failure) 24M->15M(31M) 1.242ms
[2025-04-17T11:45:55.608+0000][3555.438s][info][gc,cpu         ] GC(2292) User=0.00s Sys=0.00s Real=0.00s
[2025-04-17T11:45:57.283+0000][3557.113s][info][gc,start       ] GC(2293) Pause Young (Allocation Failure)
[2025-04-17T11:45:57.284+0000][3557.114s][info][gc,heap        ] GC(2293) DefNew: 9165K(10176K)->90K(10176K) Eden: 9088K(9088K)->0K(9088K) From: 77K(1088K)->90K(1088K)
[2025-04-17T11:45:57.284+0000][3557.114s][info][gc,heap        ] GC(2293) Tenured: 15649K(22468K)->15649K(22468K)
[2025-04-17T11:45:57.284+0000][3557.114s][info][gc,metaspace   ] GC(2293) Metaspace: 38446K(38784K)->38446K(38784K) NonClass: 33896K(34048K)->33896K(34048K) Class: 4549K(4736K)->4549K(4736K)
[2025-04-17T11:45:57.284+0000][3557.114s][info][gc             ] GC(2293) Pause Young (Allocation Failure) 24M->15M(31M) 1.299ms
[2025-04-17T11:45:57.284+0000][3557.114s][info][gc,cpu         ] GC(2293) User=0.00s Sys=0.00s Real=0.00s
[2025-04-17T11:45:59.027+0000][3558.858s][info][gc,start       ] GC(2294) Pause Young (Allocation Failure)
[2025-04-17T11:45:59.029+0000][3558.859s][info][gc,heap        ] GC(2294) DefNew: 9178K(10176K)->82K(10176K) Eden: 9088K(9088K)->0K(9088K) From: 90K(1088K)->82K(1088K)
[2025-04-17T11:45:59.029+0000][3558.859s][info][gc,heap        ] GC(2294) Tenured: 15649K(22468K)->15650K(22468K)
[2025-04-17T11:45:59.029+0000][3558.859s][info][gc,metaspace   ] GC(2294) Metaspace: 38446K(38784K)->38446K(38784K) NonClass: 33896K(34048K)->33896K(34048K) Class: 4549K(4736K)->4549K(4736K)
[2025-04-17T11:45:59.029+0000][3558.859s][info][gc             ] GC(2294) Pause Young (Allocation Failure) 24M->15M(31M) 1.650ms
[2025-04-17T11:45:59.029+0000][3558.859s][info][gc,cpu         ] GC(2294) User=0.00s Sys=0.00s Real=0.00s
[2025-04-17T11:46:00.478+0000][3560.308s][info][gc,start       ] GC(2295) Pause Young (Allocation Failure)
[2025-04-17T11:46:00.479+0000][3560.309s][info][gc,heap        ] GC(2295) DefNew: 9170K(10176K)->76K(10176K) Eden: 9088K(9088K)->0K(9088K) From: 82K(1088K)->76K(1088K)
[2025-04-17T11:46:00.479+0000][3560.309s][info][gc,heap        ] GC(2295) Tenured: 15650K(22468K)->15650K(22468K)
[2025-04-17T11:46:00.479+0000][3560.309s][info][gc,metaspace   ] GC(2295) Metaspace: 38446K(38784K)->38446K(38784K) NonClass: 33896K(34048K)->33896K(34048K) Class: 4549K(4736K)->4549K(4736K)
[2025-04-17T11:46:00.479+0000][3560.309s][info][gc             ] GC(2295) Pause Young (Allocation Failure) 24M->15M(31M) 1.203ms
[2025-04-17T11:46:00.479+0000][3560.309s][info][gc,cpu         ] GC(2295) User=0.00s Sys=0.00s Real=0.00s
[2025-04-17T11:46:02.015+0000][3561.845s][info][gc,start       ] GC(2296) Pause Young (Allocation Failure)
[2025-04-17T11:46:02.016+0000][3561.846s][info][gc,heap        ] GC(2296) DefNew: 9164K(10176K)->77K(10176K) Eden: 9088K(9088K)->0K(9088K) From: 76K(1088K)->77K(1088K)
[2025-04-17T11:46:02.016+0000][3561.846s][info][gc,heap        ] GC(2296) Tenured: 15650K(22468K)->15650K(22468K)
[2025-04-17T11:46:02.016+0000][3561.846s][info][gc,metaspace   ] GC(2296) Metaspace: 38446K(38784K)->38446K(38784K) NonClass: 33896K(34048K)->33896K(34048K) Class: 4549K(4736K)->4549K(4736K)
[2025-04-17T11:46:02.016+0000][3561.846s][info][gc             ] GC(2296) Pause Young (Allocation Failure) 24M->15M(31M) 1.256ms
[2025-04-17T11:46:02.016+0000][3561.846s][info][gc,cpu         ] GC(2296) User=0.00s Sys=0.00s Real=0.00s
[2025-04-17T11:46:03.561+0000][3563.391s][info][gc,start       ] GC(2297) Pause Young (Allocation Failure)
[2025-04-17T11:46:03.562+0000][3563.393s][info][gc,heap        ] GC(2297) DefNew: 9165K(10176K)->91K(10176K) Eden: 9088K(9088K)->0K(9088K) From: 77K(1088K)->91K(1088K)
[2025-04-17T11:46:03.562+0000][3563.393s][info][gc,heap        ] GC(2297) Tenured: 15650K(22468K)->15651K(22468K)
[2025-04-17T11:46:03.562+0000][3563.393s][info][gc,metaspace   ] GC(2297) Metaspace: 38446K(38784K)->38446K(38784K) NonClass: 33896K(34048K)->33896K(34048K) Class: 4549K(4736K)->4549K(4736K)
[2025-04-17T11:46:03.563+0000][3563.393s][info][gc             ] GC(2297) Pause Young (Allocation Failure) 24M->15M(31M) 1.277ms
[2025-04-17T11:46:03.563+0000][3563.393s][info][gc,cpu         ] GC(2297) User=0.00s Sys=0.00s Real=0.00s
[2025-04-17T11:46:05.383+0000][3565.214s][info][gc,start       ] GC(2298) Pause Young (Allocation Failure)
[2025-04-17T11:46:05.385+0000][3565.215s][info][gc,heap        ] GC(2298) DefNew: 9179K(10176K)->71K(10176K) Eden: 9088K(9088K)->0K(9088K) From: 91K(1088K)->71K(1088K)
[2025-04-17T11:46:05.385+0000][3565.215s][info][gc,heap        ] GC(2298) Tenured: 15651K(22468K)->15651K(22468K)
[2025-04-17T11:46:05.385+0000][3565.215s][info][gc,metaspace   ] GC(2298) Metaspace: 38446K(38784K)->38446K(38784K) NonClass: 33896K(34048K)->33896K(34048K) Class: 4549K(4736K)->4549K(4736K)
[2025-04-17T11:46:05.385+0000][3565.215s][info][gc             ] GC(2298) Pause Young (Allocation Failure) 24M->15M(31M) 1.223ms
[2025-04-17T11:46:05.385+0000][3565.215s][info][gc,cpu         ] GC(2298) User=0.00s Sys=0.00s Real=0.01s
[2025-04-17T11:46:06.759+0000][3566.589s][info][gc,start       ] GC(2299) Pause Young (Allocation Failure)
[2025-04-17T11:46:06.760+0000][3566.590s][info][gc,heap        ] GC(2299) DefNew: 9159K(10176K)->75K(10176K) Eden: 9088K(9088K)->0K(9088K) From: 71K(1088K)->75K(1088K)
[2025-04-17T11:46:06.760+0000][3566.590s][info][gc,heap        ] GC(2299) Tenured: 15651K(22468K)->15651K(22468K)
[2025-04-17T11:46:06.760+0000][3566.590s][info][gc,metaspace   ] GC(2299) Metaspace: 38446K(38784K)->38446K(38784K) NonClass: 33896K(34048K)->33896K(34048K) Class: 4549K(4736K)->4549K(4736K)
[2025-04-17T11:46:06.760+0000][3566.590s][info][gc             ] GC(2299) Pause Young (Allocation Failure) 24M->15M(31M) 1.261ms
[2025-04-17T11:46:06.760+0000][3566.590s][info][gc,cpu         ] GC(2299) User=0.00s Sys=0.00s Real=0.00s
[2025-04-17T11:46:08.284+0000][3568.115s][info][gc,start       ] GC(2300) Pause Young (Allocation Failure)
[2025-04-17T11:46:08.286+0000][3568.116s][info][gc,heap        ] GC(2300) DefNew: 9163K(10176K)->88K(10176K) Eden: 9088K(9088K)->0K(9088K) From: 75K(1088K)->88K(1088K)
[2025-04-17T11:46:08.286+0000][3568.116s][info][gc,heap        ] GC(2300) Tenured: 15651K(22468K)->15652K(22468K)
[2025-04-17T11:46:08.286+0000][3568.116s][info][gc,metaspace   ] GC(2300) Metaspace: 38446K(38784K)->38446K(38784K) NonClass: 33896K(34048K)->33896K(34048K) Class: 4549K(4736K)->4549K(4736K)
[2025-04-17T11:46:08.286+0000][3568.116s][info][gc             ] GC(2300) Pause Young (Allocation Failure) 24M->15M(31M) 1.279ms
[2025-04-17T11:46:08.286+0000][3568.116s][info][gc,cpu         ] GC(2300) User=0.00s Sys=0.00s Real=0.00s
[2025-04-17T11:46:09.875+0000][3569.705s][info][gc,start       ] GC(2301) Pause Young (Allocation Failure)
[2025-04-17T11:46:09.876+0000][3569.706s][info][gc,heap        ] GC(2301) DefNew: 9176K(10176K)->99K(10176K) Eden: 9088K(9088K)->0K(9088K) From: 88K(1088K)->99K(1088K)
[2025-04-17T11:46:09.876+0000][3569.706s][info][gc,heap        ] GC(2301) Tenured: 15652K(22468K)->15652K(22468K)
[2025-04-17T11:46:09.876+0000][3569.706s][info][gc,metaspace   ] GC(2301) Metaspace: 38446K(38784K)->38446K(38784K) NonClass: 33896K(34048K)->33896K(34048K) Class: 4549K(4736K)->4549K(4736K)
[2025-04-17T11:46:09.876+0000][3569.706s][info][gc             ] GC(2301) Pause Young (Allocation Failure) 24M->15M(31M) 1.308ms
[2025-04-17T11:46:09.876+0000][3569.706s][info][gc,cpu         ] GC(2301) User=0.00s Sys=0.00s Real=0.00s
[2025-04-17T11:46:11.461+0000][3571.291s][info][gc,start       ] GC(2302) Pause Young (Allocation Failure)
[2025-04-17T11:46:11.462+0000][3571.293s][info][gc,heap        ] GC(2302) DefNew: 9187K(10176K)->92K(10176K) Eden: 9088K(9088K)->0K(9088K) From: 99K(1088K)->92K(1088K)
[2025-04-17T11:46:11.463+0000][3571.293s][info][gc,heap        ] GC(2302) Tenured: 15652K(22468K)->15652K(22468K)
[2025-04-17T11:46:11.463+0000][3571.293s][info][gc,metaspace   ] GC(2302) Metaspace: 38446K(38784K)->38446K(38784K) NonClass: 33896K(34048K)->33896K(34048K) Class: 4549K(4736K)->4549K(4736K)
[2025-04-17T11:46:11.463+0000][3571.293s][info][gc             ] GC(2302) Pause Young (Allocation Failure) 24M->15M(31M) 1.241ms
[2025-04-17T11:46:11.463+0000][3571.293s][info][gc,cpu         ] GC(2302) User=0.00s Sys=0.00s Real=0.00s
[2025-04-17T11:46:13.155+0000][3572.985s][info][gc,start       ] GC(2303) Pause Young (Allocation Failure)
[2025-04-17T11:46:13.156+0000][3572.986s][info][gc,heap        ] GC(2303) DefNew: 9173K(10176K)->97K(10176K) Eden: 9081K(9088K)->0K(9088K) From: 92K(1088K)->97K(1088K)
[2025-04-17T11:46:13.156+0000][3572.986s][info][gc,heap        ] GC(2303) Tenured: 15652K(22468K)->15652K(22468K)
[2025-04-17T11:46:13.156+0000][3572.986s][info][gc,metaspace   ] GC(2303) Metaspace: 38446K(38784K)->38446K(38784K) NonClass: 33896K(34048K)->33896K(34048K) Class: 4549K(4736K)->4549K(4736K)
[2025-04-17T11:46:13.156+0000][3572.986s][info][gc             ] GC(2303) Pause Young (Allocation Failure) 24M->15M(31M) 1.186ms
[2025-04-17T11:46:13.156+0000][3572.986s][info][gc,cpu         ] GC(2303) User=0.00s Sys=0.00s Real=0.00s
[2025-04-17T11:46:14.796+0000][3574.626s][info][gc,start       ] GC(2304) Pause Young (Allocation Failure)
[2025-04-17T11:46:14.797+0000][3574.627s][info][gc,heap        ] GC(2304) DefNew: 9185K(10176K)->84K(10176K) Eden: 9088K(9088K)->0K(9088K) From: 97K(1088K)->84K(1088K)
[2025-04-17T11:46:14.797+0000][3574.627s][info][gc,heap        ] GC(2304) Tenured: 15652K(22468K)->15652K(22468K)
[2025-04-17T11:46:14.797+0000][3574.627s][info][gc,metaspace   ] GC(2304) Metaspace: 38446K(38784K)->38446K(38784K) NonClass: 33896K(34048K)->33896K(34048K) Class: 4549K(4736K)->4549K(4736K)
[2025-04-17T11:46:14.797+0000][3574.627s][info][gc             ] GC(2304) Pause Young (Allocation Failure) 24M->15M(31M) 1.261ms
[2025-04-17T11:46:14.797+0000][3574.627s][info][gc,cpu         ] GC(2304) User=0.00s Sys=0.00s Real=0.00s
[2025-04-17T11:46:16.312+0000][3576.142s][info][gc,start       ] GC(2305) Pause Young (Allocation Failure)
[2025-04-17T11:46:16.313+0000][3576.143s][info][gc,heap        ] GC(2305) DefNew: 9172K(10176K)->99K(10176K) Eden: 9087K(9088K)->0K(9088K) From: 84K(1088K)->99K(1088K)
[2025-04-17T11:46:16.313+0000][3576.143s][info][gc,heap        ] GC(2305) Tenured: 15652K(22468K)->15652K(22468K)
[2025-04-17T11:46:16.313+0000][3576.143s][info][gc,metaspace   ] GC(2305) Metaspace: 38446K(38784K)->38446K(38784K) NonClass: 33896K(34048K)->33896K(34048K) Class: 4549K(4736K)->4549K(4736K)
[2025-04-17T11:46:16.313+0000][3576.143s][info][gc             ] GC(2305) Pause Young (Allocation Failure) 24M->15M(31M) 1.366ms
[2025-04-17T11:46:16.313+0000][3576.143s][info][gc,cpu         ] GC(2305) User=0.00s Sys=0.00s Real=0.00s
[2025-04-17T11:46:17.793+0000][3577.623s][info][gc,start       ] GC(2306) Pause Young (Allocation Failure)
[2025-04-17T11:46:17.794+0000][3577.625s][info][gc,heap        ] GC(2306) DefNew: 9187K(10176K)->80K(10176K) Eden: 9088K(9088K)->0K(9088K) From: 99K(1088K)->80K(1088K)
[2025-04-17T11:46:17.795+0000][3577.625s][info][gc,heap        ] GC(2306) Tenured: 15652K(22468K)->15652K(22468K)
[2025-04-17T11:46:17.795+0000][3577.625s][info][gc,metaspace   ] GC(2306) Metaspace: 38446K(38784K)->38446K(38784K) NonClass: 33896K(34048K)->33896K(34048K) Class: 4549K(4736K)->4549K(4736K)
[2025-04-17T11:46:17.795+0000][3577.625s][info][gc             ] GC(2306) Pause Young (Allocation Failure) 24M->15M(31M) 1.212ms
[2025-04-17T11:46:17.795+0000][3577.625s][info][gc,cpu         ] GC(2306) User=0.00s Sys=0.00s Real=0.01s
[2025-04-17T11:46:19.451+0000][3579.281s][info][gc,start       ] GC(2307) Pause Young (Allocation Failure)
[2025-04-17T11:46:19.452+0000][3579.282s][info][gc,heap        ] GC(2307) DefNew: 9168K(10176K)->80K(10176K) Eden: 9088K(9088K)->0K(9088K) From: 80K(1088K)->80K(1088K)
[2025-04-17T11:46:19.452+0000][3579.282s][info][gc,heap        ] GC(2307) Tenured: 15652K(22468K)->15652K(22468K)
[2025-04-17T11:46:19.452+0000][3579.282s][info][gc,metaspace   ] GC(2307) Metaspace: 38446K(38784K)->38446K(38784K) NonClass: 33896K(34048K)->33896K(34048K) Class: 4549K(4736K)->4549K(4736K)
[2025-04-17T11:46:19.452+0000][3579.282s][info][gc             ] GC(2307) Pause Young (Allocation Failure) 24M->15M(31M) 1.140ms
[2025-04-17T11:46:19.452+0000][3579.282s][info][gc,cpu         ] GC(2307) User=0.00s Sys=0.00s Real=0.00s
[2025-04-17T11:46:20.885+0000][3580.715s][info][gc,start       ] GC(2308) Pause Young (Allocation Failure)
[2025-04-17T11:46:20.886+0000][3580.716s][info][gc,heap        ] GC(2308) DefNew: 9168K(10176K)->83K(10176K) Eden: 9088K(9088K)->0K(9088K) From: 80K(1088K)->83K(1088K)
[2025-04-17T11:46:20.886+0000][3580.716s][info][gc,heap        ] GC(2308) Tenured: 15652K(22468K)->15652K(22468K)
[2025-04-17T11:46:20.886+0000][3580.716s][info][gc,metaspace   ] GC(2308) Metaspace: 38446K(38784K)->38446K(38784K) NonClass: 33896K(34048K)->33896K(34048K) Class: 4549K(4736K)->4549K(4736K)
[2025-04-17T11:46:20.886+0000][3580.716s][info][gc             ] GC(2308) Pause Young (Allocation Failure) 24M->15M(31M) 1.247ms
[2025-04-17T11:46:20.886+0000][3580.717s][info][gc,cpu         ] GC(2308) User=0.00s Sys=0.00s Real=0.00s
[2025-04-17T11:46:22.363+0000][3582.193s][info][gc,start       ] GC(2309) Pause Young (Allocation Failure)
[2025-04-17T11:46:22.364+0000][3582.194s][info][gc,heap        ] GC(2309) DefNew: 9171K(10176K)->79K(10176K) Eden: 9088K(9088K)->0K(9088K) From: 83K(1088K)->79K(1088K)
[2025-04-17T11:46:22.364+0000][3582.194s][info][gc,heap        ] GC(2309) Tenured: 15652K(22468K)->15652K(22468K)
[2025-04-17T11:46:22.364+0000][3582.194s][info][gc,metaspace   ] GC(2309) Metaspace: 38446K(38784K)->38446K(38784K) NonClass: 33896K(34048K)->33896K(34048K) Class: 4549K(4736K)->4549K(4736K)
[2025-04-17T11:46:22.364+0000][3582.194s][info][gc             ] GC(2309) Pause Young (Allocation Failure) 24M->15M(31M) 1.252ms
[2025-04-17T11:46:22.364+0000][3582.194s][info][gc,cpu         ] GC(2309) User=0.00s Sys=0.00s Real=0.01s
[2025-04-17T11:46:23.867+0000][3583.697s][info][gc,start       ] GC(2310) Pause Young (Allocation Failure)
[2025-04-17T11:46:23.868+0000][3583.698s][info][gc,heap        ] GC(2310) DefNew: 9159K(10176K)->91K(10176K) Eden: 9080K(9088K)->0K(9088K) From: 79K(1088K)->91K(1088K)
[2025-04-17T11:46:23.868+0000][3583.698s][info][gc,heap        ] GC(2310) Tenured: 15652K(22468K)->15652K(22468K)
[2025-04-17T11:46:23.868+0000][3583.698s][info][gc,metaspace   ] GC(2310) Metaspace: 38446K(38784K)->38446K(38784K) NonClass: 33896K(34048K)->33896K(34048K) Class: 4549K(4736K)->4549K(4736K)
[2025-04-17T11:46:23.868+0000][3583.698s][info][gc             ] GC(2310) Pause Young (Allocation Failure) 24M->15M(31M) 1.351ms
[2025-04-17T11:46:23.868+0000][3583.698s][info][gc,cpu         ] GC(2310) User=0.00s Sys=0.00s Real=0.00s
[2025-04-17T11:46:25.224+0000][3585.054s][info][gc,start       ] GC(2311) Pause Young (Allocation Failure)
[2025-04-17T11:46:25.225+0000][3585.055s][info][gc,heap        ] GC(2311) DefNew: 9179K(10176K)->85K(10176K) Eden: 9088K(9088K)->0K(9088K) From: 91K(1088K)->85K(1088K)
[2025-04-17T11:46:25.225+0000][3585.055s][info][gc,heap        ] GC(2311) Tenured: 15652K(22468K)->15653K(22468K)
[2025-04-17T11:46:25.225+0000][3585.055s][info][gc,metaspace   ] GC(2311) Metaspace: 38448K(38784K)->38448K(38784K) NonClass: 33898K(34048K)->33898K(34048K) Class: 4549K(4736K)->4549K(4736K)
[2025-04-17T11:46:25.225+0000][3585.055s][info][gc             ] GC(2311) Pause Young (Allocation Failure) 24M->15M(31M) 1.275ms
[2025-04-17T11:46:25.225+0000][3585.055s][info][gc,cpu         ] GC(2311) User=0.00s Sys=0.00s Real=0.01s
[2025-04-17T11:46:26.954+0000][3586.784s][info][gc,start       ] GC(2312) Pause Young (Allocation Failure)
[2025-04-17T11:46:26.955+0000][3586.785s][info][gc,heap        ] GC(2312) DefNew: 9173K(10176K)->86K(10176K) Eden: 9088K(9088K)->0K(9088K) From: 85K(1088K)->86K(1088K)
[2025-04-17T11:46:26.955+0000][3586.785s][info][gc,heap        ] GC(2312) Tenured: 15653K(22468K)->15653K(22468K)
[2025-04-17T11:46:26.955+0000][3586.785s][info][gc,metaspace   ] GC(2312) Metaspace: 38448K(38784K)->38448K(38784K) NonClass: 33898K(34048K)->33898K(34048K) Class: 4549K(4736K)->4549K(4736K)
[2025-04-17T11:46:26.955+0000][3586.785s][info][gc             ] GC(2312) Pause Young (Allocation Failure) 24M->15M(31M) 1.350ms
[2025-04-17T11:46:26.955+0000][3586.785s][info][gc,cpu         ] GC(2312) User=0.00s Sys=0.00s Real=0.01s
[2025-04-17T11:46:28.542+0000][3588.372s][info][gc,start       ] GC(2313) Pause Young (Allocation Failure)
[2025-04-17T11:46:28.543+0000][3588.373s][info][gc,heap        ] GC(2313) DefNew: 9174K(10176K)->99K(10176K) Eden: 9088K(9088K)->0K(9088K) From: 86K(1088K)->99K(1088K)
[2025-04-17T11:46:28.543+0000][3588.373s][info][gc,heap        ] GC(2313) Tenured: 15653K(22468K)->15653K(22468K)
[2025-04-17T11:46:28.543+0000][3588.373s][info][gc,metaspace   ] GC(2313) Metaspace: 38448K(38784K)->38448K(38784K) NonClass: 33898K(34048K)->33898K(34048K) Class: 4549K(4736K)->4549K(4736K)
[2025-04-17T11:46:28.543+0000][3588.373s][info][gc             ] GC(2313) Pause Young (Allocation Failure) 24M->15M(31M) 1.365ms
[2025-04-17T11:46:28.543+0000][3588.373s][info][gc,cpu         ] GC(2313) User=0.00s Sys=0.00s Real=0.00s
[2025-04-17T11:46:30.215+0000][3590.045s][info][gc,start       ] GC(2314) Pause Young (Allocation Failure)
[2025-04-17T11:46:30.216+0000][3590.046s][info][gc,heap        ] GC(2314) DefNew: 9187K(10176K)->83K(10176K) Eden: 9088K(9088K)->0K(9088K) From: 99K(1088K)->83K(1088K)
[2025-04-17T11:46:30.216+0000][3590.046s][info][gc,heap        ] GC(2314) Tenured: 15653K(22468K)->15653K(22468K)
[2025-04-17T11:46:30.216+0000][3590.046s][info][gc,metaspace   ] GC(2314) Metaspace: 38448K(38784K)->38448K(38784K) NonClass: 33898K(34048K)->33898K(34048K) Class: 4549K(4736K)->4549K(4736K)
[2025-04-17T11:46:30.216+0000][3590.046s][info][gc             ] GC(2314) Pause Young (Allocation Failure) 24M->15M(31M) 1.256ms
[2025-04-17T11:46:30.216+0000][3590.046s][info][gc,cpu         ] GC(2314) User=0.00s Sys=0.00s Real=0.00s
[2025-04-17T11:46:31.457+0000][3591.288s][info][gc,start       ] GC(2315) Pause Young (Allocation Failure)
[2025-04-17T11:46:31.459+0000][3591.289s][info][gc,heap        ] GC(2315) DefNew: 9171K(10176K)->82K(10176K) Eden: 9088K(9088K)->0K(9088K) From: 83K(1088K)->82K(1088K)
[2025-04-17T11:46:31.459+0000][3591.289s][info][gc,heap        ] GC(2315) Tenured: 15653K(22468K)->15655K(22468K)
[2025-04-17T11:46:31.459+0000][3591.289s][info][gc,metaspace   ] GC(2315) Metaspace: 38448K(38784K)->38448K(38784K) NonClass: 33898K(34048K)->33898K(34048K) Class: 4549K(4736K)->4549K(4736K)
[2025-04-17T11:46:31.459+0000][3591.289s][info][gc             ] GC(2315) Pause Young (Allocation Failure) 24M->15M(31M) 1.299ms
[2025-04-17T11:46:31.459+0000][3591.289s][info][gc,cpu         ] GC(2315) User=0.01s Sys=0.00s Real=0.00s
[2025-04-17T11:46:33.237+0000][3593.067s][info][gc,start       ] GC(2316) Pause Young (Allocation Failure)
[2025-04-17T11:46:33.238+0000][3593.068s][info][gc,heap        ] GC(2316) DefNew: 9170K(10176K)->85K(10176K) Eden: 9088K(9088K)->0K(9088K) From: 82K(1088K)->85K(1088K)
[2025-04-17T11:46:33.238+0000][3593.068s][info][gc,heap        ] GC(2316) Tenured: 15655K(22468K)->15655K(22468K)
[2025-04-17T11:46:33.238+0000][3593.068s][info][gc,metaspace   ] GC(2316) Metaspace: 38448K(38784K)->38448K(38784K) NonClass: 33898K(34048K)->33898K(34048K) Class: 4549K(4736K)->4549K(4736K)
[2025-04-17T11:46:33.238+0000][3593.068s][info][gc             ] GC(2316) Pause Young (Allocation Failure) 24M->15M(31M) 1.323ms
[2025-04-17T11:46:33.238+0000][3593.068s][info][gc,cpu         ] GC(2316) User=0.00s Sys=0.00s Real=0.00s
[2025-04-17T11:46:34.964+0000][3594.794s][info][gc,start       ] GC(2317) Pause Young (Allocation Failure)
[2025-04-17T11:46:34.965+0000][3594.795s][info][gc,heap        ] GC(2317) DefNew: 9173K(10176K)->100K(10176K) Eden: 9088K(9088K)->0K(9088K) From: 85K(1088K)->100K(1088K)
[2025-04-17T11:46:34.965+0000][3594.795s][info][gc,heap        ] GC(2317) Tenured: 15655K(22468K)->15655K(22468K)
[2025-04-17T11:46:34.965+0000][3594.795s][info][gc,metaspace   ] GC(2317) Metaspace: 38448K(38784K)->38448K(38784K) NonClass: 33898K(34048K)->33898K(34048K) Class: 4549K(4736K)->4549K(4736K)
[2025-04-17T11:46:34.965+0000][3594.795s][info][gc             ] GC(2317) Pause Young (Allocation Failure) 24M->15M(31M) 1.350ms
[2025-04-17T11:46:34.965+0000][3594.795s][info][gc,cpu         ] GC(2317) User=0.00s Sys=0.00s Real=0.01s
[2025-04-17T11:46:36.359+0000][3596.189s][info][gc,start       ] GC(2318) Pause Young (Allocation Failure)
[2025-04-17T11:46:36.360+0000][3596.190s][info][gc,heap        ] GC(2318) DefNew: 9188K(10176K)->84K(10176K) Eden: 9088K(9088K)->0K(9088K) From: 100K(1088K)->84K(1088K)
[2025-04-17T11:46:36.360+0000][3596.190s][info][gc,heap        ] GC(2318) Tenured: 15655K(22468K)->15658K(22468K)
[2025-04-17T11:46:36.360+0000][3596.190s][info][gc,metaspace   ] GC(2318) Metaspace: 38448K(38784K)->38448K(38784K) NonClass: 33898K(34048K)->33898K(34048K) Class: 4549K(4736K)->4549K(4736K)
[2025-04-17T11:46:36.360+0000][3596.190s][info][gc             ] GC(2318) Pause Young (Allocation Failure) 24M->15M(31M) 1.178ms
[2025-04-17T11:46:36.360+0000][3596.190s][info][gc,cpu         ] GC(2318) User=0.00s Sys=0.00s Real=0.00s
[2025-04-17T11:46:37.983+0000][3597.813s][info][gc,start       ] GC(2319) Pause Young (Allocation Failure)
[2025-04-17T11:46:37.984+0000][3597.814s][info][gc,heap        ] GC(2319) DefNew: 9171K(10176K)->86K(10176K) Eden: 9086K(9088K)->0K(9088K) From: 84K(1088K)->86K(1088K)
[2025-04-17T11:46:37.984+0000][3597.814s][info][gc,heap        ] GC(2319) Tenured: 15658K(22468K)->15659K(22468K)
[2025-04-17T11:46:37.984+0000][3597.814s][info][gc,metaspace   ] GC(2319) Metaspace: 38448K(38784K)->38448K(38784K) NonClass: 33898K(34048K)->33898K(34048K) Class: 4549K(4736K)->4549K(4736K)
[2025-04-17T11:46:37.984+0000][3597.815s][info][gc             ] GC(2319) Pause Young (Allocation Failure) 24M->15M(31M) 1.266ms
[2025-04-17T11:46:37.984+0000][3597.815s][info][gc,cpu         ] GC(2319) User=0.00s Sys=0.00s Real=0.01s
[2025-04-17T11:46:39.576+0000][3599.407s][info][gc,start       ] GC(2320) Pause Young (Allocation Failure)
[2025-04-17T11:46:39.578+0000][3599.408s][info][gc,heap        ] GC(2320) DefNew: 9174K(10176K)->92K(10176K) Eden: 9088K(9088K)->0K(9088K) From: 86K(1088K)->92K(1088K)
[2025-04-17T11:46:39.578+0000][3599.408s][info][gc,heap        ] GC(2320) Tenured: 15659K(22468K)->15659K(22468K)
[2025-04-17T11:46:39.578+0000][3599.408s][info][gc,metaspace   ] GC(2320) Metaspace: 38448K(38784K)->38448K(38784K) NonClass: 33898K(34048K)->33898K(34048K) Class: 4549K(4736K)->4549K(4736K)
[2025-04-17T11:46:39.578+0000][3599.408s][info][gc             ] GC(2320) Pause Young (Allocation Failure) 24M->15M(31M) 1.310ms
[2025-04-17T11:46:39.578+0000][3599.408s][info][gc,cpu         ] GC(2320) User=0.00s Sys=0.00s Real=0.00s
[2025-04-17T11:46:41.281+0000][3601.111s][info][gc,start       ] GC(2321) Pause Young (Allocation Failure)
[2025-04-17T11:46:41.282+0000][3601.112s][info][gc,heap        ] GC(2321) DefNew: 9180K(10176K)->99K(10176K) Eden: 9088K(9088K)->0K(9088K) From: 92K(1088K)->99K(1088K)
[2025-04-17T11:46:41.282+0000][3601.113s][info][gc,heap        ] GC(2321) Tenured: 15659K(22468K)->15660K(22468K)
[2025-04-17T11:46:41.282+0000][3601.113s][info][gc,metaspace   ] GC(2321) Metaspace: 38448K(38784K)->38448K(38784K) NonClass: 33898K(34048K)->33898K(34048K) Class: 4549K(4736K)->4549K(4736K)
[2025-04-17T11:46:41.282+0000][3601.113s][info][gc             ] GC(2321) Pause Young (Allocation Failure) 24M->15M(31M) 1.298ms
[2025-04-17T11:46:41.282+0000][3601.113s][info][gc,cpu         ] GC(2321) User=0.00s Sys=0.00s Real=0.00s
[2025-04-17T11:46:42.868+0000][3602.698s][info][gc,start       ] GC(2322) Pause Young (Allocation Failure)
[2025-04-17T11:46:42.869+0000][3602.699s][info][gc,heap        ] GC(2322) DefNew: 9187K(10176K)->94K(10176K) Eden: 9088K(9088K)->0K(9088K) From: 99K(1088K)->94K(1088K)
[2025-04-17T11:46:42.869+0000][3602.700s][info][gc,heap        ] GC(2322) Tenured: 15660K(22468K)->15660K(22468K)
[2025-04-17T11:46:42.869+0000][3602.700s][info][gc,metaspace   ] GC(2322) Metaspace: 38448K(38784K)->38448K(38784K) NonClass: 33898K(34048K)->33898K(34048K) Class: 4549K(4736K)->4549K(4736K)
[2025-04-17T11:46:42.869+0000][3602.700s][info][gc             ] GC(2322) Pause Young (Allocation Failure) 24M->15M(31M) 1.277ms
[2025-04-17T11:46:42.869+0000][3602.700s][info][gc,cpu         ] GC(2322) User=0.00s Sys=0.00s Real=0.00s
[2025-04-17T11:46:44.340+0000][3604.170s][info][gc,start       ] GC(2323) Pause Young (Allocation Failure)
[2025-04-17T11:46:44.341+0000][3604.171s][info][gc,heap        ] GC(2323) DefNew: 9182K(10176K)->81K(10176K) Eden: 9088K(9088K)->0K(9088K) From: 94K(1088K)->81K(1088K)
[2025-04-17T11:46:44.341+0000][3604.171s][info][gc,heap        ] GC(2323) Tenured: 15660K(22468K)->15663K(22468K)
[2025-04-17T11:46:44.341+0000][3604.171s][info][gc,metaspace   ] GC(2323) Metaspace: 38448K(38784K)->38448K(38784K) NonClass: 33898K(34048K)->33898K(34048K) Class: 4549K(4736K)->4549K(4736K)
[2025-04-17T11:46:44.341+0000][3604.172s][info][gc             ] GC(2323) Pause Young (Allocation Failure) 24M->15M(31M) 1.155ms
[2025-04-17T11:46:44.341+0000][3604.172s][info][gc,cpu         ] GC(2323) User=0.00s Sys=0.00s Real=0.00s
[2025-04-17T11:46:45.919+0000][3605.749s][info][gc,start       ] GC(2324) Pause Young (Allocation Failure)
[2025-04-17T11:46:45.920+0000][3605.750s][info][gc,heap        ] GC(2324) DefNew: 9169K(10176K)->114K(10176K) Eden: 9088K(9088K)->0K(9088K) From: 81K(1088K)->114K(1088K)
[2025-04-17T11:46:45.920+0000][3605.750s][info][gc,heap        ] GC(2324) Tenured: 15663K(22468K)->15663K(22468K)
[2025-04-17T11:46:45.920+0000][3605.750s][info][gc,metaspace   ] GC(2324) Metaspace: 38448K(38784K)->38448K(38784K) NonClass: 33898K(34048K)->33898K(34048K) Class: 4549K(4736K)->4549K(4736K)
[2025-04-17T11:46:45.920+0000][3605.750s][info][gc             ] GC(2324) Pause Young (Allocation Failure) 24M->15M(31M) 1.382ms
[2025-04-17T11:46:45.920+0000][3605.750s][info][gc,cpu         ] GC(2324) User=0.00s Sys=0.00s Real=0.00s
[2025-04-17T11:46:47.468+0000][3607.298s][info][gc,start       ] GC(2325) Pause Young (Allocation Failure)
[2025-04-17T11:46:47.469+0000][3607.299s][info][gc,heap        ] GC(2325) DefNew: 9202K(10176K)->93K(10176K) Eden: 9088K(9088K)->0K(9088K) From: 114K(1088K)->93K(1088K)
[2025-04-17T11:46:47.469+0000][3607.299s][info][gc,heap        ] GC(2325) Tenured: 15663K(22468K)->15663K(22468K)
[2025-04-17T11:46:47.469+0000][3607.299s][info][gc,metaspace   ] GC(2325) Metaspace: 38448K(38784K)->38448K(38784K) NonClass: 33898K(34048K)->33898K(34048K) Class: 4549K(4736K)->4549K(4736K)
[2025-04-17T11:46:47.469+0000][3607.299s][info][gc             ] GC(2325) Pause Young (Allocation Failure) 24M->15M(31M) 1.377ms
[2025-04-17T11:46:47.469+0000][3607.299s][info][gc,cpu         ] GC(2325) User=0.01s Sys=0.00s Real=0.00s
[2025-04-17T11:46:49.139+0000][3608.969s][info][gc,start       ] GC(2326) Pause Young (Allocation Failure)
[2025-04-17T11:46:49.140+0000][3608.970s][info][gc,heap        ] GC(2326) DefNew: 9181K(10176K)->100K(10176K) Eden: 9088K(9088K)->0K(9088K) From: 93K(1088K)->100K(1088K)
[2025-04-17T11:46:49.140+0000][3608.970s][info][gc,heap        ] GC(2326) Tenured: 15663K(22468K)->15663K(22468K)
[2025-04-17T11:46:49.140+0000][3608.970s][info][gc,metaspace   ] GC(2326) Metaspace: 38448K(38784K)->38448K(38784K) NonClass: 33898K(34048K)->33898K(34048K) Class: 4549K(4736K)->4549K(4736K)
[2025-04-17T11:46:49.140+0000][3608.970s][info][gc             ] GC(2326) Pause Young (Allocation Failure) 24M->15M(31M) 1.250ms
[2025-04-17T11:46:49.140+0000][3608.970s][info][gc,cpu         ] GC(2326) User=0.00s Sys=0.00s Real=0.00s
[2025-04-17T11:46:50.703+0000][3610.533s][info][gc,start       ] GC(2327) Pause Young (Allocation Failure)
[2025-04-17T11:46:50.704+0000][3610.534s][info][gc,heap        ] GC(2327) DefNew: 9188K(10176K)->96K(10176K) Eden: 9088K(9088K)->0K(9088K) From: 100K(1088K)->96K(1088K)
[2025-04-17T11:46:50.704+0000][3610.534s][info][gc,heap        ] GC(2327) Tenured: 15663K(22468K)->15664K(22468K)
[2025-04-17T11:46:50.704+0000][3610.534s][info][gc,metaspace   ] GC(2327) Metaspace: 38448K(38784K)->38448K(38784K) NonClass: 33898K(34048K)->33898K(34048K) Class: 4549K(4736K)->4549K(4736K)
[2025-04-17T11:46:50.704+0000][3610.535s][info][gc             ] GC(2327) Pause Young (Allocation Failure) 24M->15M(31M) 1.303ms
[2025-04-17T11:46:50.704+0000][3610.535s][info][gc,cpu         ] GC(2327) User=0.00s Sys=0.00s Real=0.01s
[2025-04-17T11:46:52.148+0000][3611.979s][info][gc,start       ] GC(2328) Pause Young (Allocation Failure)
[2025-04-17T11:46:52.150+0000][3611.980s][info][gc,heap        ] GC(2328) DefNew: 9183K(10176K)->87K(10176K) Eden: 9087K(9088K)->0K(9088K) From: 96K(1088K)->87K(1088K)
[2025-04-17T11:46:52.150+0000][3611.980s][info][gc,heap        ] GC(2328) Tenured: 15664K(22468K)->15664K(22468K)
[2025-04-17T11:46:52.150+0000][3611.980s][info][gc,metaspace   ] GC(2328) Metaspace: 38448K(38784K)->38448K(38784K) NonClass: 33898K(34048K)->33898K(34048K) Class: 4549K(4736K)->4549K(4736K)
[2025-04-17T11:46:52.150+0000][3611.980s][info][gc             ] GC(2328) Pause Young (Allocation Failure) 24M->15M(31M) 1.184ms
[2025-04-17T11:46:52.150+0000][3611.980s][info][gc,cpu         ] GC(2328) User=0.00s Sys=0.00s Real=0.00s
[2025-04-17T11:46:53.873+0000][3613.703s][info][gc,start       ] GC(2329) Pause Young (Allocation Failure)
[2025-04-17T11:46:53.875+0000][3613.705s][info][gc,heap        ] GC(2329) DefNew: 9175K(10176K)->88K(10176K) Eden: 9088K(9088K)->0K(9088K) From: 87K(1088K)->88K(1088K)
[2025-04-17T11:46:53.875+0000][3613.705s][info][gc,heap        ] GC(2329) Tenured: 15664K(22468K)->15664K(22468K)
[2025-04-17T11:46:53.875+0000][3613.705s][info][gc,metaspace   ] GC(2329) Metaspace: 38448K(38784K)->38448K(38784K) NonClass: 33898K(34048K)->33898K(34048K) Class: 4549K(4736K)->4549K(4736K)
[2025-04-17T11:46:53.875+0000][3613.705s][info][gc             ] GC(2329) Pause Young (Allocation Failure) 24M->15M(31M) 1.333ms
[2025-04-17T11:46:53.875+0000][3613.705s][info][gc,cpu         ] GC(2329) User=0.00s Sys=0.00s Real=0.01s
[2025-04-17T11:46:55.246+0000][3615.077s][info][gc,start       ] GC(2330) Pause Young (Allocation Failure)
[2025-04-17T11:46:55.248+0000][3615.078s][info][gc,heap        ] GC(2330) DefNew: 9176K(10176K)->107K(10176K) Eden: 9088K(9088K)->0K(9088K) From: 88K(1088K)->107K(1088K)
[2025-04-17T11:46:55.248+0000][3615.078s][info][gc,heap        ] GC(2330) Tenured: 15664K(22468K)->15665K(22468K)
[2025-04-17T11:46:55.248+0000][3615.078s][info][gc,metaspace   ] GC(2330) Metaspace: 38448K(38784K)->38448K(38784K) NonClass: 33898K(34048K)->33898K(34048K) Class: 4549K(4736K)->4549K(4736K)
[2025-04-17T11:46:55.248+0000][3615.078s][info][gc             ] GC(2330) Pause Young (Allocation Failure) 24M->15M(31M) 1.226ms
[2025-04-17T11:46:55.248+0000][3615.078s][info][gc,cpu         ] GC(2330) User=0.00s Sys=0.00s Real=0.00s
[2025-04-17T11:46:56.863+0000][3616.693s][info][gc,start       ] GC(2331) Pause Young (Allocation Failure)
[2025-04-17T11:46:56.864+0000][3616.694s][info][gc,heap        ] GC(2331) DefNew: 9191K(10176K)->93K(10176K) Eden: 9083K(9088K)->0K(9088K) From: 107K(1088K)->93K(1088K)
[2025-04-17T11:46:56.864+0000][3616.694s][info][gc,heap        ] GC(2331) Tenured: 15665K(22468K)->15666K(22468K)
[2025-04-17T11:46:56.864+0000][3616.694s][info][gc,metaspace   ] GC(2331) Metaspace: 38448K(38784K)->38448K(38784K) NonClass: 33898K(34048K)->33898K(34048K) Class: 4549K(4736K)->4549K(4736K)
[2025-04-17T11:46:56.864+0000][3616.694s][info][gc             ] GC(2331) Pause Young (Allocation Failure) 24M->15M(31M) 1.198ms
[2025-04-17T11:46:56.864+0000][3616.695s][info][gc,cpu         ] GC(2331) User=0.00s Sys=0.00s Real=0.01s
[2025-04-17T11:46:58.295+0000][3618.125s][info][gc,start       ] GC(2332) Pause Young (Allocation Failure)
[2025-04-17T11:46:58.296+0000][3618.126s][info][gc,heap        ] GC(2332) DefNew: 9181K(10176K)->82K(10176K) Eden: 9088K(9088K)->0K(9088K) From: 93K(1088K)->82K(1088K)
[2025-04-17T11:46:58.296+0000][3618.126s][info][gc,heap        ] GC(2332) Tenured: 15666K(22468K)->15668K(22468K)
[2025-04-17T11:46:58.296+0000][3618.126s][info][gc,metaspace   ] GC(2332) Metaspace: 38448K(38784K)->38448K(38784K) NonClass: 33898K(34048K)->33898K(34048K) Class: 4549K(4736K)->4549K(4736K)
[2025-04-17T11:46:58.296+0000][3618.126s][info][gc             ] GC(2332) Pause Young (Allocation Failure) 24M->15M(31M) 1.339ms
[2025-04-17T11:46:58.296+0000][3618.126s][info][gc,cpu         ] GC(2332) User=0.00s Sys=0.00s Real=0.00s
[2025-04-17T11:46:59.745+0000][3619.575s][info][gc,start       ] GC(2333) Pause Young (Allocation Failure)
[2025-04-17T11:46:59.747+0000][3619.577s][info][gc,heap        ] GC(2333) DefNew: 9170K(10176K)->86K(10176K) Eden: 9088K(9088K)->0K(9088K) From: 82K(1088K)->86K(1088K)
[2025-04-17T11:46:59.747+0000][3619.577s][info][gc,heap        ] GC(2333) Tenured: 15668K(22468K)->15669K(22468K)
[2025-04-17T11:46:59.747+0000][3619.577s][info][gc,metaspace   ] GC(2333) Metaspace: 38448K(38784K)->38448K(38784K) NonClass: 33898K(34048K)->33898K(34048K) Class: 4549K(4736K)->4549K(4736K)
[2025-04-17T11:46:59.747+0000][3619.577s][info][gc             ] GC(2333) Pause Young (Allocation Failure) 24M->15M(31M) 1.314ms
[2025-04-17T11:46:59.747+0000][3619.577s][info][gc,cpu         ] GC(2333) User=0.00s Sys=0.00s Real=0.00s
[2025-04-17T11:47:01.485+0000][3621.315s][info][gc,start       ] GC(2334) Pause Young (Allocation Failure)
[2025-04-17T11:47:01.486+0000][3621.316s][info][gc,heap        ] GC(2334) DefNew: 9174K(10176K)->89K(10176K) Eden: 9088K(9088K)->0K(9088K) From: 86K(1088K)->89K(1088K)
[2025-04-17T11:47:01.486+0000][3621.316s][info][gc,heap        ] GC(2334) Tenured: 15669K(22468K)->15670K(22468K)
[2025-04-17T11:47:01.486+0000][3621.316s][info][gc,metaspace   ] GC(2334) Metaspace: 38448K(38784K)->38448K(38784K) NonClass: 33898K(34048K)->33898K(34048K) Class: 4549K(4736K)->4549K(4736K)
[2025-04-17T11:47:01.486+0000][3621.316s][info][gc             ] GC(2334) Pause Young (Allocation Failure) 24M->15M(31M) 1.433ms
[2025-04-17T11:47:01.486+0000][3621.317s][info][gc,cpu         ] GC(2334) User=0.00s Sys=0.00s Real=0.00s
[2025-04-17T11:47:02.993+0000][3622.823s][info][gc,start       ] GC(2335) Pause Young (Allocation Failure)
[2025-04-17T11:47:02.994+0000][3622.824s][info][gc,heap        ] GC(2335) DefNew: 9177K(10176K)->98K(10176K) Eden: 9088K(9088K)->0K(9088K) From: 89K(1088K)->98K(1088K)
[2025-04-17T11:47:02.994+0000][3622.824s][info][gc,heap        ] GC(2335) Tenured: 15670K(22468K)->15671K(22468K)
[2025-04-17T11:47:02.994+0000][3622.824s][info][gc,metaspace   ] GC(2335) Metaspace: 38448K(38784K)->38448K(38784K) NonClass: 33898K(34048K)->33898K(34048K) Class: 4549K(4736K)->4549K(4736K)
[2025-04-17T11:47:02.994+0000][3622.824s][info][gc             ] GC(2335) Pause Young (Allocation Failure) 24M->15M(31M) 1.430ms
[2025-04-17T11:47:02.994+0000][3622.824s][info][gc,cpu         ] GC(2335) User=0.01s Sys=0.00s Real=0.01s
[2025-04-17T11:47:04.638+0000][3624.469s][info][gc,start       ] GC(2336) Pause Young (Allocation Failure)
[2025-04-17T11:47:04.640+0000][3624.470s][info][gc,heap        ] GC(2336) DefNew: 9186K(10176K)->112K(10176K) Eden: 9088K(9088K)->0K(9088K) From: 98K(1088K)->112K(1088K)
[2025-04-17T11:47:04.640+0000][3624.470s][info][gc,heap        ] GC(2336) Tenured: 15671K(22468K)->15671K(22468K)
[2025-04-17T11:47:04.640+0000][3624.470s][info][gc,metaspace   ] GC(2336) Metaspace: 38448K(38784K)->38448K(38784K) NonClass: 33898K(34048K)->33898K(34048K) Class: 4549K(4736K)->4549K(4736K)
[2025-04-17T11:47:04.640+0000][3624.470s][info][gc             ] GC(2336) Pause Young (Allocation Failure) 24M->15M(31M) 1.274ms
[2025-04-17T11:47:04.640+0000][3624.470s][info][gc,cpu         ] GC(2336) User=0.00s Sys=0.00s Real=0.00s
[2025-04-17T11:47:06.246+0000][3626.076s][info][gc,start       ] GC(2337) Pause Young (Allocation Failure)
[2025-04-17T11:47:06.247+0000][3626.077s][info][gc,heap        ] GC(2337) DefNew: 9200K(10176K)->83K(10176K) Eden: 9088K(9088K)->0K(9088K) From: 112K(1088K)->83K(1088K)
[2025-04-17T11:47:06.247+0000][3626.077s][info][gc,heap        ] GC(2337) Tenured: 15671K(22468K)->15671K(22468K)
[2025-04-17T11:47:06.247+0000][3626.078s][info][gc,metaspace   ] GC(2337) Metaspace: 38448K(38784K)->38448K(38784K) NonClass: 33898K(34048K)->33898K(34048K) Class: 4549K(4736K)->4549K(4736K)
[2025-04-17T11:47:06.247+0000][3626.078s][info][gc             ] GC(2337) Pause Young (Allocation Failure) 24M->15M(31M) 1.430ms
[2025-04-17T11:47:06.247+0000][3626.078s][info][gc,cpu         ] GC(2337) User=0.01s Sys=0.00s Real=0.00s
[2025-04-17T11:47:07.715+0000][3627.545s][info][gc,start       ] GC(2338) Pause Young (Allocation Failure)
[2025-04-17T11:47:07.716+0000][3627.546s][info][gc,heap        ] GC(2338) DefNew: 9171K(10176K)->98K(10176K) Eden: 9088K(9088K)->0K(9088K) From: 83K(1088K)->98K(1088K)
[2025-04-17T11:47:07.716+0000][3627.546s][info][gc,heap        ] GC(2338) Tenured: 15671K(22468K)->15673K(22468K)
[2025-04-17T11:47:07.716+0000][3627.546s][info][gc,metaspace   ] GC(2338) Metaspace: 38448K(38784K)->38448K(38784K) NonClass: 33898K(34048K)->33898K(34048K) Class: 4549K(4736K)->4549K(4736K)
[2025-04-17T11:47:07.716+0000][3627.546s][info][gc             ] GC(2338) Pause Young (Allocation Failure) 24M->15M(31M) 1.205ms
[2025-04-17T11:47:07.716+0000][3627.546s][info][gc,cpu         ] GC(2338) User=0.00s Sys=0.00s Real=0.00s
[2025-04-17T11:47:09.283+0000][3629.113s][info][gc,start       ] GC(2339) Pause Young (Allocation Failure)
[2025-04-17T11:47:09.284+0000][3629.114s][info][gc,heap        ] GC(2339) DefNew: 9186K(10176K)->81K(10176K) Eden: 9088K(9088K)->0K(9088K) From: 98K(1088K)->81K(1088K)
[2025-04-17T11:47:09.284+0000][3629.114s][info][gc,heap        ] GC(2339) Tenured: 15673K(22468K)->15675K(22468K)
[2025-04-17T11:47:09.284+0000][3629.114s][info][gc,metaspace   ] GC(2339) Metaspace: 38448K(38784K)->38448K(38784K) NonClass: 33898K(34048K)->33898K(34048K) Class: 4549K(4736K)->4549K(4736K)
[2025-04-17T11:47:09.284+0000][3629.114s][info][gc             ] GC(2339) Pause Young (Allocation Failure) 24M->15M(31M) 1.213ms
[2025-04-17T11:47:09.284+0000][3629.114s][info][gc,cpu         ] GC(2339) User=0.00s Sys=0.00s Real=0.01s
[2025-04-17T11:47:11.095+0000][3630.926s][info][gc,start       ] GC(2340) Pause Young (Allocation Failure)
[2025-04-17T11:47:11.097+0000][3630.927s][info][gc,heap        ] GC(2340) DefNew: 9169K(10176K)->87K(10176K) Eden: 9088K(9088K)->0K(9088K) From: 81K(1088K)->87K(1088K)
[2025-04-17T11:47:11.097+0000][3630.927s][info][gc,heap        ] GC(2340) Tenured: 15675K(22468K)->15676K(22468K)
[2025-04-17T11:47:11.097+0000][3630.927s][info][gc,metaspace   ] GC(2340) Metaspace: 38448K(38784K)->38448K(38784K) NonClass: 33898K(34048K)->33898K(34048K) Class: 4549K(4736K)->4549K(4736K)
[2025-04-17T11:47:11.097+0000][3630.927s][info][gc             ] GC(2340) Pause Young (Allocation Failure) 24M->15M(31M) 1.189ms
[2025-04-17T11:47:11.097+0000][3630.927s][info][gc,cpu         ] GC(2340) User=0.00s Sys=0.00s Real=0.00s
[2025-04-17T11:47:12.623+0000][3632.453s][info][gc,start       ] GC(2341) Pause Young (Allocation Failure)
[2025-04-17T11:47:12.624+0000][3632.455s][info][gc,heap        ] GC(2341) DefNew: 9175K(10176K)->91K(10176K) Eden: 9088K(9088K)->0K(9088K) From: 87K(1088K)->91K(1088K)
[2025-04-17T11:47:12.625+0000][3632.455s][info][gc,heap        ] GC(2341) Tenured: 15676K(22468K)->15676K(22468K)
[2025-04-17T11:47:12.625+0000][3632.455s][info][gc,metaspace   ] GC(2341) Metaspace: 38448K(38784K)->38448K(38784K) NonClass: 33898K(34048K)->33898K(34048K) Class: 4549K(4736K)->4549K(4736K)
[2025-04-17T11:47:12.625+0000][3632.455s][info][gc             ] GC(2341) Pause Young (Allocation Failure) 24M->15M(31M) 1.260ms
[2025-04-17T11:47:12.625+0000][3632.455s][info][gc,cpu         ] GC(2341) User=0.00s Sys=0.00s Real=0.01s
[2025-04-17T11:47:14.140+0000][3633.970s][info][gc,start       ] GC(2342) Pause Young (Allocation Failure)
[2025-04-17T11:47:14.141+0000][3633.972s][info][gc,heap        ] GC(2342) DefNew: 9179K(10176K)->105K(10176K) Eden: 9088K(9088K)->0K(9088K) From: 91K(1088K)->105K(1088K)
[2025-04-17T11:47:14.141+0000][3633.972s][info][gc,heap        ] GC(2342) Tenured: 15676K(22468K)->15676K(22468K)
[2025-04-17T11:47:14.141+0000][3633.972s][info][gc,metaspace   ] GC(2342) Metaspace: 38448K(38784K)->38448K(38784K) NonClass: 33898K(34048K)->33898K(34048K) Class: 4549K(4736K)->4549K(4736K)
[2025-04-17T11:47:14.142+0000][3633.972s][info][gc             ] GC(2342) Pause Young (Allocation Failure) 24M->15M(31M) 1.216ms
[2025-04-17T11:47:14.142+0000][3633.972s][info][gc,cpu         ] GC(2342) User=0.00s Sys=0.00s Real=0.00s
[2025-04-17T11:47:15.780+0000][3635.610s][info][gc,start       ] GC(2343) Pause Young (Allocation Failure)
[2025-04-17T11:47:15.781+0000][3635.611s][info][gc,heap        ] GC(2343) DefNew: 9192K(10176K)->94K(10176K) Eden: 9086K(9088K)->0K(9088K) From: 105K(1088K)->94K(1088K)
[2025-04-17T11:47:15.781+0000][3635.611s][info][gc,heap        ] GC(2343) Tenured: 15676K(22468K)->15679K(22468K)
[2025-04-17T11:47:15.781+0000][3635.611s][info][gc,metaspace   ] GC(2343) Metaspace: 38448K(38784K)->38448K(38784K) NonClass: 33898K(34048K)->33898K(34048K) Class: 4549K(4736K)->4549K(4736K)
[2025-04-17T11:47:15.781+0000][3635.611s][info][gc             ] GC(2343) Pause Young (Allocation Failure) 24M->15M(31M) 1.216ms
[2025-04-17T11:47:15.781+0000][3635.611s][info][gc,cpu         ] GC(2343) User=0.00s Sys=0.00s Real=0.00s
[2025-04-17T11:47:17.221+0000][3637.051s][info][gc,start       ] GC(2344) Pause Young (Allocation Failure)
[2025-04-17T11:47:17.224+0000][3637.054s][info][gc,heap        ] GC(2344) DefNew: 9182K(10176K)->76K(10176K) Eden: 9088K(9088K)->0K(9088K) From: 94K(1088K)->76K(1088K)
[2025-04-17T11:47:17.224+0000][3637.054s][info][gc,heap        ] GC(2344) Tenured: 15679K(22468K)->15679K(22468K)
[2025-04-17T11:47:17.224+0000][3637.054s][info][gc,metaspace   ] GC(2344) Metaspace: 38448K(38784K)->38448K(38784K) NonClass: 33898K(34048K)->33898K(34048K) Class: 4549K(4736K)->4549K(4736K)
[2025-04-17T11:47:17.224+0000][3637.054s][info][gc             ] GC(2344) Pause Young (Allocation Failure) 24M->15M(31M) 2.293ms
[2025-04-17T11:47:17.224+0000][3637.054s][info][gc,cpu         ] GC(2344) User=0.00s Sys=0.00s Real=0.00s
[2025-04-17T11:47:19.062+0000][3638.892s][info][gc,start       ] GC(2345) Pause Young (Allocation Failure)
[2025-04-17T11:47:19.063+0000][3638.893s][info][gc,heap        ] GC(2345) DefNew: 9164K(10176K)->86K(10176K) Eden: 9088K(9088K)->0K(9088K) From: 76K(1088K)->86K(1088K)
[2025-04-17T11:47:19.063+0000][3638.893s][info][gc,heap        ] GC(2345) Tenured: 15679K(22468K)->15679K(22468K)
[2025-04-17T11:47:19.063+0000][3638.893s][info][gc,metaspace   ] GC(2345) Metaspace: 38448K(38784K)->38448K(38784K) NonClass: 33898K(34048K)->33898K(34048K) Class: 4549K(4736K)->4549K(4736K)
[2025-04-17T11:47:19.063+0000][3638.893s][info][gc             ] GC(2345) Pause Young (Allocation Failure) 24M->15M(31M) 1.260ms
[2025-04-17T11:47:19.063+0000][3638.893s][info][gc,cpu         ] GC(2345) User=0.00s Sys=0.00s Real=0.00s
[2025-04-17T11:47:20.342+0000][3640.172s][info][gc,start       ] GC(2346) Pause Young (Allocation Failure)
[2025-04-17T11:47:20.344+0000][3640.174s][info][gc,heap        ] GC(2346) DefNew: 9174K(10176K)->109K(10176K) Eden: 9088K(9088K)->0K(9088K) From: 86K(1088K)->109K(1088K)
[2025-04-17T11:47:20.344+0000][3640.174s][info][gc,heap        ] GC(2346) Tenured: 15679K(22468K)->15680K(22468K)
[2025-04-17T11:47:20.344+0000][3640.174s][info][gc,metaspace   ] GC(2346) Metaspace: 38448K(38784K)->38448K(38784K) NonClass: 33898K(34048K)->33898K(34048K) Class: 4549K(4736K)->4549K(4736K)
[2025-04-17T11:47:20.344+0000][3640.174s][info][gc             ] GC(2346) Pause Young (Allocation Failure) 24M->15M(31M) 1.302ms
[2025-04-17T11:47:20.344+0000][3640.174s][info][gc,cpu         ] GC(2346) User=0.00s Sys=0.00s Real=0.00s
[2025-04-17T11:47:21.962+0000][3641.792s][info][gc,start       ] GC(2347) Pause Young (Allocation Failure)
[2025-04-17T11:47:21.963+0000][3641.793s][info][gc,heap        ] GC(2347) DefNew: 9197K(10176K)->94K(10176K) Eden: 9088K(9088K)->0K(9088K) From: 109K(1088K)->94K(1088K)
[2025-04-17T11:47:21.963+0000][3641.793s][info][gc,heap        ] GC(2347) Tenured: 15680K(22468K)->15680K(22468K)
[2025-04-17T11:47:21.963+0000][3641.793s][info][gc,metaspace   ] GC(2347) Metaspace: 38448K(38784K)->38448K(38784K) NonClass: 33898K(34048K)->33898K(34048K) Class: 4549K(4736K)->4549K(4736K)
[2025-04-17T11:47:21.963+0000][3641.793s][info][gc             ] GC(2347) Pause Young (Allocation Failure) 24M->15M(31M) 1.409ms
[2025-04-17T11:47:21.963+0000][3641.793s][info][gc,cpu         ] GC(2347) User=0.00s Sys=0.00s Real=0.00s
[2025-04-17T11:47:23.701+0000][3643.531s][info][gc,start       ] GC(2348) Pause Young (Allocation Failure)
[2025-04-17T11:47:23.702+0000][3643.532s][info][gc,heap        ] GC(2348) DefNew: 9176K(10176K)->107K(10176K) Eden: 9081K(9088K)->0K(9088K) From: 94K(1088K)->107K(1088K)
[2025-04-17T11:47:23.702+0000][3643.532s][info][gc,heap        ] GC(2348) Tenured: 15680K(22468K)->15680K(22468K)
[2025-04-17T11:47:23.702+0000][3643.532s][info][gc,metaspace   ] GC(2348) Metaspace: 38448K(38784K)->38448K(38784K) NonClass: 33898K(34048K)->33898K(34048K) Class: 4549K(4736K)->4549K(4736K)
[2025-04-17T11:47:23.702+0000][3643.532s][info][gc             ] GC(2348) Pause Young (Allocation Failure) 24M->15M(31M) 1.353ms
[2025-04-17T11:47:23.702+0000][3643.532s][info][gc,cpu         ] GC(2348) User=0.00s Sys=0.00s Real=0.00s
[2025-04-17T11:47:25.168+0000][3644.998s][info][gc,start       ] GC(2349) Pause Young (Allocation Failure)
[2025-04-17T11:47:25.170+0000][3645.000s][info][gc,heap        ] GC(2349) DefNew: 9195K(10176K)->89K(10176K) Eden: 9088K(9088K)->0K(9088K) From: 107K(1088K)->89K(1088K)
[2025-04-17T11:47:25.170+0000][3645.000s][info][gc,heap        ] GC(2349) Tenured: 15680K(22468K)->15681K(22468K)
[2025-04-17T11:47:25.170+0000][3645.000s][info][gc,metaspace   ] GC(2349) Metaspace: 38448K(38784K)->38448K(38784K) NonClass: 33898K(34048K)->33898K(34048K) Class: 4549K(4736K)->4549K(4736K)
[2025-04-17T11:47:25.170+0000][3645.000s][info][gc             ] GC(2349) Pause Young (Allocation Failure) 24M->15M(31M) 1.349ms
[2025-04-17T11:47:25.170+0000][3645.000s][info][gc,cpu         ] GC(2349) User=0.00s Sys=0.00s Real=0.00s
[2025-04-17T11:47:26.717+0000][3646.547s][info][gc,start       ] GC(2350) Pause Young (Allocation Failure)
[2025-04-17T11:47:26.718+0000][3646.548s][info][gc,heap        ] GC(2350) DefNew: 9177K(10176K)->105K(10176K) Eden: 9088K(9088K)->0K(9088K) From: 89K(1088K)->105K(1088K)
[2025-04-17T11:47:26.718+0000][3646.548s][info][gc,heap        ] GC(2350) Tenured: 15681K(22468K)->15681K(22468K)
[2025-04-17T11:47:26.718+0000][3646.548s][info][gc,metaspace   ] GC(2350) Metaspace: 38448K(38784K)->38448K(38784K) NonClass: 33898K(34048K)->33898K(34048K) Class: 4549K(4736K)->4549K(4736K)
[2025-04-17T11:47:26.718+0000][3646.548s][info][gc             ] GC(2350) Pause Young (Allocation Failure) 24M->15M(31M) 1.182ms
[2025-04-17T11:47:26.718+0000][3646.548s][info][gc,cpu         ] GC(2350) User=0.00s Sys=0.00s Real=0.00s
[2025-04-17T11:47:28.307+0000][3648.137s][info][gc,start       ] GC(2351) Pause Young (Allocation Failure)
[2025-04-17T11:47:28.308+0000][3648.139s][info][gc,heap        ] GC(2351) DefNew: 9193K(10176K)->87K(10176K) Eden: 9087K(9088K)->0K(9088K) From: 105K(1088K)->87K(1088K)
[2025-04-17T11:47:28.308+0000][3648.139s][info][gc,heap        ] GC(2351) Tenured: 15681K(22468K)->15681K(22468K)
[2025-04-17T11:47:28.308+0000][3648.139s][info][gc,metaspace   ] GC(2351) Metaspace: 38448K(38784K)->38448K(38784K) NonClass: 33898K(34048K)->33898K(34048K) Class: 4549K(4736K)->4549K(4736K)
[2025-04-17T11:47:28.309+0000][3648.139s][info][gc             ] GC(2351) Pause Young (Allocation Failure) 24M->15M(31M) 1.207ms
[2025-04-17T11:47:28.309+0000][3648.139s][info][gc,cpu         ] GC(2351) User=0.00s Sys=0.00s Real=0.00s
[2025-04-17T11:47:29.657+0000][3649.487s][info][gc,start       ] GC(2352) Pause Young (Allocation Failure)
[2025-04-17T11:47:29.658+0000][3649.488s][info][gc,heap        ] GC(2352) DefNew: 9175K(10176K)->92K(10176K) Eden: 9088K(9088K)->0K(9088K) From: 87K(1088K)->92K(1088K)
[2025-04-17T11:47:29.658+0000][3649.488s][info][gc,heap        ] GC(2352) Tenured: 15681K(22468K)->15683K(22468K)
[2025-04-17T11:47:29.658+0000][3649.488s][info][gc,metaspace   ] GC(2352) Metaspace: 38448K(38784K)->38448K(38784K) NonClass: 33898K(34048K)->33898K(34048K) Class: 4549K(4736K)->4549K(4736K)
[2025-04-17T11:47:29.658+0000][3649.488s][info][gc             ] GC(2352) Pause Young (Allocation Failure) 24M->15M(31M) 1.149ms
[2025-04-17T11:47:29.658+0000][3649.488s][info][gc,cpu         ] GC(2352) User=0.00s Sys=0.00s Real=0.00s
[2025-04-17T11:47:31.536+0000][3651.366s][info][gc,start       ] GC(2353) Pause Young (Allocation Failure)
[2025-04-17T11:47:31.537+0000][3651.367s][info][gc,heap        ] GC(2353) DefNew: 9180K(10176K)->92K(10176K) Eden: 9088K(9088K)->0K(9088K) From: 92K(1088K)->92K(1088K)
[2025-04-17T11:47:31.537+0000][3651.367s][info][gc,heap        ] GC(2353) Tenured: 15683K(22468K)->15683K(22468K)
[2025-04-17T11:47:31.537+0000][3651.367s][info][gc,metaspace   ] GC(2353) Metaspace: 38448K(38784K)->38448K(38784K) NonClass: 33898K(34048K)->33898K(34048K) Class: 4549K(4736K)->4549K(4736K)
[2025-04-17T11:47:31.537+0000][3651.367s][info][gc             ] GC(2353) Pause Young (Allocation Failure) 24M->15M(31M) 1.238ms
[2025-04-17T11:47:31.537+0000][3651.367s][info][gc,cpu         ] GC(2353) User=0.00s Sys=0.00s Real=0.00s
[2025-04-17T11:47:33.062+0000][3652.892s][info][gc,start       ] GC(2354) Pause Young (Allocation Failure)
[2025-04-17T11:47:33.063+0000][3652.893s][info][gc,heap        ] GC(2354) DefNew: 9180K(10176K)->85K(10176K) Eden: 9088K(9088K)->0K(9088K) From: 92K(1088K)->85K(1088K)
[2025-04-17T11:47:33.063+0000][3652.893s][info][gc,heap        ] GC(2354) Tenured: 15683K(22468K)->15686K(22468K)
[2025-04-17T11:47:33.063+0000][3652.893s][info][gc,metaspace   ] GC(2354) Metaspace: 38448K(38784K)->38448K(38784K) NonClass: 33898K(34048K)->33898K(34048K) Class: 4549K(4736K)->4549K(4736K)
[2025-04-17T11:47:33.063+0000][3652.893s][info][gc             ] GC(2354) Pause Young (Allocation Failure) 24M->15M(31M) 1.256ms
[2025-04-17T11:47:33.063+0000][3652.893s][info][gc,cpu         ] GC(2354) User=0.00s Sys=0.00s Real=0.00s
[2025-04-17T11:47:34.645+0000][3654.475s][info][gc,start       ] GC(2355) Pause Young (Allocation Failure)
[2025-04-17T11:47:34.646+0000][3654.477s][info][gc,heap        ] GC(2355) DefNew: 9171K(10176K)->92K(10176K) Eden: 9086K(9088K)->0K(9088K) From: 85K(1088K)->92K(1088K)
[2025-04-17T11:47:34.646+0000][3654.477s][info][gc,heap        ] GC(2355) Tenured: 15686K(22468K)->15691K(22468K)
[2025-04-17T11:47:34.646+0000][3654.477s][info][gc,metaspace   ] GC(2355) Metaspace: 38448K(38784K)->38448K(38784K) NonClass: 33898K(34048K)->33898K(34048K) Class: 4549K(4736K)->4549K(4736K)
[2025-04-17T11:47:34.646+0000][3654.477s][info][gc             ] GC(2355) Pause Young (Allocation Failure) 24M->15M(31M) 1.266ms
[2025-04-17T11:47:34.646+0000][3654.477s][info][gc,cpu         ] GC(2355) User=0.00s Sys=0.00s Real=0.00s
[2025-04-17T11:47:36.335+0000][3656.166s][info][gc,start       ] GC(2356) Pause Young (Allocation Failure)
[2025-04-17T11:47:36.337+0000][3656.167s][info][gc,heap        ] GC(2356) DefNew: 9177K(10176K)->87K(10176K) Eden: 9085K(9088K)->0K(9088K) From: 92K(1088K)->87K(1088K)
[2025-04-17T11:47:36.337+0000][3656.167s][info][gc,heap        ] GC(2356) Tenured: 15691K(22468K)->15693K(22468K)
[2025-04-17T11:47:36.337+0000][3656.167s][info][gc,metaspace   ] GC(2356) Metaspace: 38448K(38784K)->38448K(38784K) NonClass: 33898K(34048K)->33898K(34048K) Class: 4549K(4736K)->4549K(4736K)
[2025-04-17T11:47:36.337+0000][3656.167s][info][gc             ] GC(2356) Pause Young (Allocation Failure) 24M->15M(31M) 1.237ms
[2025-04-17T11:47:36.337+0000][3656.167s][info][gc,cpu         ] GC(2356) User=0.00s Sys=0.00s Real=0.00s
[2025-04-17T11:47:37.736+0000][3657.566s][info][gc,start       ] GC(2357) Pause Young (Allocation Failure)
[2025-04-17T11:47:37.737+0000][3657.568s][info][gc,heap        ] GC(2357) DefNew: 9175K(10176K)->87K(10176K) Eden: 9087K(9088K)->0K(9088K) From: 87K(1088K)->87K(1088K)
[2025-04-17T11:47:37.737+0000][3657.568s][info][gc,heap        ] GC(2357) Tenured: 15693K(22468K)->15694K(22468K)
[2025-04-17T11:47:37.738+0000][3657.568s][info][gc,metaspace   ] GC(2357) Metaspace: 38448K(38784K)->38448K(38784K) NonClass: 33898K(34048K)->33898K(34048K) Class: 4549K(4736K)->4549K(4736K)
[2025-04-17T11:47:37.738+0000][3657.568s][info][gc             ] GC(2357) Pause Young (Allocation Failure) 24M->15M(31M) 1.352ms
[2025-04-17T11:47:37.738+0000][3657.568s][info][gc,cpu         ] GC(2357) User=0.00s Sys=0.00s Real=0.00s
[2025-04-17T11:47:39.415+0000][3659.245s][info][gc,start       ] GC(2358) Pause Young (Allocation Failure)
[2025-04-17T11:47:39.416+0000][3659.246s][info][gc,heap        ] GC(2358) DefNew: 9175K(10176K)->100K(10176K) Eden: 9088K(9088K)->0K(9088K) From: 87K(1088K)->100K(1088K)
[2025-04-17T11:47:39.416+0000][3659.246s][info][gc,heap        ] GC(2358) Tenured: 15694K(22468K)->15694K(22468K)
[2025-04-17T11:47:39.416+0000][3659.246s][info][gc,metaspace   ] GC(2358) Metaspace: 38448K(38784K)->38448K(38784K) NonClass: 33898K(34048K)->33898K(34048K) Class: 4549K(4736K)->4549K(4736K)
[2025-04-17T11:47:39.416+0000][3659.246s][info][gc             ] GC(2358) Pause Young (Allocation Failure) 24M->15M(31M) 1.209ms
[2025-04-17T11:47:39.416+0000][3659.246s][info][gc,cpu         ] GC(2358) User=0.00s Sys=0.00s Real=0.00s
[2025-04-17T11:47:41.048+0000][3660.878s][info][gc,start       ] GC(2359) Pause Young (Allocation Failure)
[2025-04-17T11:47:41.049+0000][3660.880s][info][gc,heap        ] GC(2359) DefNew: 9188K(10176K)->83K(10176K) Eden: 9088K(9088K)->0K(9088K) From: 100K(1088K)->83K(1088K)
[2025-04-17T11:47:41.049+0000][3660.880s][info][gc,heap        ] GC(2359) Tenured: 15694K(22468K)->15695K(22468K)
[2025-04-17T11:47:41.049+0000][3660.880s][info][gc,metaspace   ] GC(2359) Metaspace: 38448K(38784K)->38448K(38784K) NonClass: 33898K(34048K)->33898K(34048K) Class: 4549K(4736K)->4549K(4736K)
[2025-04-17T11:47:41.049+0000][3660.880s][info][gc             ] GC(2359) Pause Young (Allocation Failure) 24M->15M(31M) 1.500ms
[2025-04-17T11:47:41.049+0000][3660.880s][info][gc,cpu         ] GC(2359) User=0.00s Sys=0.00s Real=0.00s
[2025-04-17T11:47:42.568+0000][3662.398s][info][gc,start       ] GC(2360) Pause Young (Allocation Failure)
[2025-04-17T11:47:42.569+0000][3662.399s][info][gc,heap        ] GC(2360) DefNew: 9171K(10176K)->84K(10176K) Eden: 9088K(9088K)->0K(9088K) From: 83K(1088K)->84K(1088K)
[2025-04-17T11:47:42.569+0000][3662.399s][info][gc,heap        ] GC(2360) Tenured: 15695K(22468K)->15695K(22468K)
[2025-04-17T11:47:42.569+0000][3662.399s][info][gc,metaspace   ] GC(2360) Metaspace: 38448K(38784K)->38448K(38784K) NonClass: 33898K(34048K)->33898K(34048K) Class: 4549K(4736K)->4549K(4736K)
[2025-04-17T11:47:42.569+0000][3662.399s][info][gc             ] GC(2360) Pause Young (Allocation Failure) 24M->15M(31M) 1.297ms
[2025-04-17T11:47:42.569+0000][3662.399s][info][gc,cpu         ] GC(2360) User=0.00s Sys=0.00s Real=0.00s
[2025-04-17T11:47:44.215+0000][3664.045s][info][gc,start       ] GC(2361) Pause Young (Allocation Failure)
[2025-04-17T11:47:44.216+0000][3664.046s][info][gc,heap        ] GC(2361) DefNew: 9172K(10176K)->82K(10176K) Eden: 9088K(9088K)->0K(9088K) From: 84K(1088K)->82K(1088K)
[2025-04-17T11:47:44.216+0000][3664.046s][info][gc,heap        ] GC(2361) Tenured: 15695K(22468K)->15695K(22468K)
[2025-04-17T11:47:44.216+0000][3664.046s][info][gc,metaspace   ] GC(2361) Metaspace: 38448K(38784K)->38448K(38784K) NonClass: 33898K(34048K)->33898K(34048K) Class: 4549K(4736K)->4549K(4736K)
[2025-04-17T11:47:44.216+0000][3664.046s][info][gc             ] GC(2361) Pause Young (Allocation Failure) 24M->15M(31M) 1.312ms
[2025-04-17T11:47:44.216+0000][3664.046s][info][gc,cpu         ] GC(2361) User=0.00s Sys=0.00s Real=0.00s
[2025-04-17T11:47:45.761+0000][3665.591s][info][gc,start       ] GC(2362) Pause Young (Allocation Failure)
[2025-04-17T11:47:45.762+0000][3665.593s][info][gc,heap        ] GC(2362) DefNew: 9170K(10176K)->100K(10176K) Eden: 9088K(9088K)->0K(9088K) From: 82K(1088K)->100K(1088K)
[2025-04-17T11:47:45.763+0000][3665.593s][info][gc,heap        ] GC(2362) Tenured: 15695K(22468K)->15695K(22468K)
[2025-04-17T11:47:45.763+0000][3665.593s][info][gc,metaspace   ] GC(2362) Metaspace: 38448K(38784K)->38448K(38784K) NonClass: 33898K(34048K)->33898K(34048K) Class: 4549K(4736K)->4549K(4736K)
[2025-04-17T11:47:45.763+0000][3665.593s][info][gc             ] GC(2362) Pause Young (Allocation Failure) 24M->15M(31M) 1.212ms
[2025-04-17T11:47:45.763+0000][3665.593s][info][gc,cpu         ] GC(2362) User=0.00s Sys=0.00s Real=0.00s
[2025-04-17T11:47:47.529+0000][3667.359s][info][gc,start       ] GC(2363) Pause Young (Allocation Failure)
[2025-04-17T11:47:47.530+0000][3667.360s][info][gc,heap        ] GC(2363) DefNew: 9188K(10176K)->92K(10176K) Eden: 9088K(9088K)->0K(9088K) From: 100K(1088K)->92K(1088K)
[2025-04-17T11:47:47.530+0000][3667.360s][info][gc,heap        ] GC(2363) Tenured: 15695K(22468K)->15696K(22468K)
[2025-04-17T11:47:47.530+0000][3667.360s][info][gc,metaspace   ] GC(2363) Metaspace: 38448K(38784K)->38448K(38784K) NonClass: 33898K(34048K)->33898K(34048K) Class: 4549K(4736K)->4549K(4736K)
[2025-04-17T11:47:47.530+0000][3667.360s][info][gc             ] GC(2363) Pause Young (Allocation Failure) 24M->15M(31M) 1.372ms
[2025-04-17T11:47:47.530+0000][3667.360s][info][gc,cpu         ] GC(2363) User=0.00s Sys=0.00s Real=0.00s
[2025-04-17T11:47:48.966+0000][3668.796s][info][gc,start       ] GC(2364) Pause Young (Allocation Failure)
[2025-04-17T11:47:48.967+0000][3668.797s][info][gc,heap        ] GC(2364) DefNew: 9180K(10176K)->82K(10176K) Eden: 9088K(9088K)->0K(9088K) From: 92K(1088K)->82K(1088K)
[2025-04-17T11:47:48.967+0000][3668.797s][info][gc,heap        ] GC(2364) Tenured: 15696K(22468K)->15696K(22468K)
[2025-04-17T11:47:48.967+0000][3668.797s][info][gc,metaspace   ] GC(2364) Metaspace: 38448K(38784K)->38448K(38784K) NonClass: 33898K(34048K)->33898K(34048K) Class: 4549K(4736K)->4549K(4736K)
[2025-04-17T11:47:48.967+0000][3668.797s][info][gc             ] GC(2364) Pause Young (Allocation Failure) 24M->15M(31M) 1.296ms
[2025-04-17T11:47:48.967+0000][3668.797s][info][gc,cpu         ] GC(2364) User=0.00s Sys=0.00s Real=0.00s
[2025-04-17T11:47:50.492+0000][3670.322s][info][gc,start       ] GC(2365) Pause Young (Allocation Failure)
[2025-04-17T11:47:50.493+0000][3670.323s][info][gc,heap        ] GC(2365) DefNew: 9170K(10176K)->91K(10176K) Eden: 9088K(9088K)->0K(9088K) From: 82K(1088K)->91K(1088K)
[2025-04-17T11:47:50.493+0000][3670.323s][info][gc,heap        ] GC(2365) Tenured: 15696K(22468K)->15699K(22468K)
[2025-04-17T11:47:50.493+0000][3670.323s][info][gc,metaspace   ] GC(2365) Metaspace: 38448K(38784K)->38448K(38784K) NonClass: 33898K(34048K)->33898K(34048K) Class: 4549K(4736K)->4549K(4736K)
[2025-04-17T11:47:50.493+0000][3670.323s][info][gc             ] GC(2365) Pause Young (Allocation Failure) 24M->15M(31M) 1.330ms
[2025-04-17T11:47:50.493+0000][3670.323s][info][gc,cpu         ] GC(2365) User=0.01s Sys=0.00s Real=0.00s
[2025-04-17T11:47:52.067+0000][3671.897s][info][gc,start       ] GC(2366) Pause Young (Allocation Failure)
[2025-04-17T11:47:52.068+0000][3671.899s][info][gc,heap        ] GC(2366) DefNew: 9179K(10176K)->96K(10176K) Eden: 9088K(9088K)->0K(9088K) From: 91K(1088K)->96K(1088K)
[2025-04-17T11:47:52.068+0000][3671.899s][info][gc,heap        ] GC(2366) Tenured: 15699K(22468K)->15699K(22468K)
[2025-04-17T11:47:52.068+0000][3671.899s][info][gc,metaspace   ] GC(2366) Metaspace: 38448K(38784K)->38448K(38784K) NonClass: 33898K(34048K)->33898K(34048K) Class: 4549K(4736K)->4549K(4736K)
[2025-04-17T11:47:52.068+0000][3671.899s][info][gc             ] GC(2366) Pause Young (Allocation Failure) 24M->15M(31M) 1.242ms
[2025-04-17T11:47:52.068+0000][3671.899s][info][gc,cpu         ] GC(2366) User=0.00s Sys=0.00s Real=0.00s
[2025-04-17T11:47:53.510+0000][3673.340s][info][gc,start       ] GC(2367) Pause Young (Allocation Failure)
[2025-04-17T11:47:53.511+0000][3673.341s][info][gc,heap        ] GC(2367) DefNew: 9177K(10176K)->98K(10176K) Eden: 9080K(9088K)->0K(9088K) From: 96K(1088K)->98K(1088K)
[2025-04-17T11:47:53.511+0000][3673.341s][info][gc,heap        ] GC(2367) Tenured: 15699K(22468K)->15700K(22468K)
[2025-04-17T11:47:53.511+0000][3673.341s][info][gc,metaspace   ] GC(2367) Metaspace: 38448K(38784K)->38448K(38784K) NonClass: 33898K(34048K)->33898K(34048K) Class: 4549K(4736K)->4549K(4736K)
[2025-04-17T11:47:53.511+0000][3673.341s][info][gc             ] GC(2367) Pause Young (Allocation Failure) 24M->15M(31M) 1.288ms
[2025-04-17T11:47:53.511+0000][3673.341s][info][gc,cpu         ] GC(2367) User=0.00s Sys=0.00s Real=0.00s
[2025-04-17T11:47:55.230+0000][3675.060s][info][gc,start       ] GC(2368) Pause Young (Allocation Failure)
[2025-04-17T11:47:55.231+0000][3675.061s][info][gc,heap        ] GC(2368) DefNew: 9186K(10176K)->77K(10176K) Eden: 9088K(9088K)->0K(9088K) From: 98K(1088K)->77K(1088K)
[2025-04-17T11:47:55.231+0000][3675.061s][info][gc,heap        ] GC(2368) Tenured: 15700K(22468K)->15703K(22468K)
[2025-04-17T11:47:55.231+0000][3675.061s][info][gc,metaspace   ] GC(2368) Metaspace: 38448K(38784K)->38448K(38784K) NonClass: 33898K(34048K)->33898K(34048K) Class: 4549K(4736K)->4549K(4736K)
[2025-04-17T11:47:55.231+0000][3675.061s][info][gc             ] GC(2368) Pause Young (Allocation Failure) 24M->15M(31M) 1.342ms
[2025-04-17T11:47:55.231+0000][3675.061s][info][gc,cpu         ] GC(2368) User=0.00s Sys=0.00s Real=0.00s
[2025-04-17T11:47:56.643+0000][3676.473s][info][gc,start       ] GC(2369) Pause Young (Allocation Failure)
[2025-04-17T11:47:56.644+0000][3676.474s][info][gc,heap        ] GC(2369) DefNew: 9165K(10176K)->88K(10176K) Eden: 9088K(9088K)->0K(9088K) From: 77K(1088K)->88K(1088K)
[2025-04-17T11:47:56.644+0000][3676.474s][info][gc,heap        ] GC(2369) Tenured: 15703K(22468K)->15704K(22468K)
[2025-04-17T11:47:56.644+0000][3676.474s][info][gc,metaspace   ] GC(2369) Metaspace: 38448K(38784K)->38448K(38784K) NonClass: 33898K(34048K)->33898K(34048K) Class: 4549K(4736K)->4549K(4736K)
[2025-04-17T11:47:56.644+0000][3676.474s][info][gc             ] GC(2369) Pause Young (Allocation Failure) 24M->15M(31M) 1.225ms
[2025-04-17T11:47:56.644+0000][3676.474s][info][gc,cpu         ] GC(2369) User=0.00s Sys=0.00s Real=0.00s
[2025-04-17T11:47:58.010+0000][3677.840s][info][gc,start       ] GC(2370) Pause Young (Allocation Failure)
[2025-04-17T11:47:58.011+0000][3677.841s][info][gc,heap        ] GC(2370) DefNew: 9176K(10176K)->94K(10176K) Eden: 9088K(9088K)->0K(9088K) From: 88K(1088K)->94K(1088K)
[2025-04-17T11:47:58.011+0000][3677.841s][info][gc,heap        ] GC(2370) Tenured: 15704K(22468K)->15704K(22468K)
[2025-04-17T11:47:58.011+0000][3677.841s][info][gc,metaspace   ] GC(2370) Metaspace: 38448K(38784K)->38448K(38784K) NonClass: 33898K(34048K)->33898K(34048K) Class: 4549K(4736K)->4549K(4736K)
[2025-04-17T11:47:58.011+0000][3677.841s][info][gc             ] GC(2370) Pause Young (Allocation Failure) 24M->15M(31M) 1.192ms
[2025-04-17T11:47:58.011+0000][3677.841s][info][gc,cpu         ] GC(2370) User=0.00s Sys=0.00s Real=0.00s
[2025-04-17T11:47:59.797+0000][3679.627s][info][gc,start       ] GC(2371) Pause Young (Allocation Failure)
[2025-04-17T11:47:59.798+0000][3679.628s][info][gc,heap        ] GC(2371) DefNew: 9182K(10176K)->91K(10176K) Eden: 9088K(9088K)->0K(9088K) From: 94K(1088K)->91K(1088K)
[2025-04-17T11:47:59.798+0000][3679.628s][info][gc,heap        ] GC(2371) Tenured: 15704K(22468K)->15705K(22468K)
[2025-04-17T11:47:59.798+0000][3679.628s][info][gc,metaspace   ] GC(2371) Metaspace: 38448K(38784K)->38448K(38784K) NonClass: 33898K(34048K)->33898K(34048K) Class: 4549K(4736K)->4549K(4736K)
[2025-04-17T11:47:59.798+0000][3679.628s][info][gc             ] GC(2371) Pause Young (Allocation Failure) 24M->15M(31M) 1.267ms
[2025-04-17T11:47:59.798+0000][3679.628s][info][gc,cpu         ] GC(2371) User=0.00s Sys=0.00s Real=0.00s
[2025-04-17T11:48:01.455+0000][3681.285s][info][gc,start       ] GC(2372) Pause Young (Allocation Failure)
[2025-04-17T11:48:01.457+0000][3681.287s][info][gc,heap        ] GC(2372) DefNew: 9179K(10176K)->88K(10176K) Eden: 9088K(9088K)->0K(9088K) From: 91K(1088K)->88K(1088K)
[2025-04-17T11:48:01.457+0000][3681.287s][info][gc,heap        ] GC(2372) Tenured: 15705K(22468K)->15707K(22468K)
[2025-04-17T11:48:01.457+0000][3681.287s][info][gc,metaspace   ] GC(2372) Metaspace: 38448K(38784K)->38448K(38784K) NonClass: 33898K(34048K)->33898K(34048K) Class: 4549K(4736K)->4549K(4736K)
[2025-04-17T11:48:01.457+0000][3681.287s][info][gc             ] GC(2372) Pause Young (Allocation Failure) 24M->15M(31M) 1.279ms
[2025-04-17T11:48:01.457+0000][3681.287s][info][gc,cpu         ] GC(2372) User=0.00s Sys=0.00s Real=0.00s
[2025-04-17T11:48:02.812+0000][3682.642s][info][gc,start       ] GC(2373) Pause Young (Allocation Failure)
[2025-04-17T11:48:02.813+0000][3682.643s][info][gc,heap        ] GC(2373) DefNew: 9176K(10176K)->75K(10176K) Eden: 9088K(9088K)->0K(9088K) From: 88K(1088K)->75K(1088K)
[2025-04-17T11:48:02.813+0000][3682.643s][info][gc,heap        ] GC(2373) Tenured: 15707K(22468K)->15707K(22468K)
[2025-04-17T11:48:02.813+0000][3682.644s][info][gc,metaspace   ] GC(2373) Metaspace: 38448K(38784K)->38448K(38784K) NonClass: 33898K(34048K)->33898K(34048K) Class: 4549K(4736K)->4549K(4736K)
[2025-04-17T11:48:02.813+0000][3682.644s][info][gc             ] GC(2373) Pause Young (Allocation Failure) 24M->15M(31M) 1.191ms
[2025-04-17T11:48:02.813+0000][3682.644s][info][gc,cpu         ] GC(2373) User=0.01s Sys=0.00s Real=0.00s
[2025-04-17T11:48:04.386+0000][3684.216s][info][gc,start       ] GC(2374) Pause Young (Allocation Failure)
[2025-04-17T11:48:04.387+0000][3684.217s][info][gc,heap        ] GC(2374) DefNew: 9163K(10176K)->75K(10176K) Eden: 9088K(9088K)->0K(9088K) From: 75K(1088K)->75K(1088K)
[2025-04-17T11:48:04.387+0000][3684.217s][info][gc,heap        ] GC(2374) Tenured: 15707K(22468K)->15707K(22468K)
[2025-04-17T11:48:04.387+0000][3684.217s][info][gc,metaspace   ] GC(2374) Metaspace: 38448K(38784K)->38448K(38784K) NonClass: 33898K(34048K)->33898K(34048K) Class: 4549K(4736K)->4549K(4736K)
[2025-04-17T11:48:04.387+0000][3684.217s][info][gc             ] GC(2374) Pause Young (Allocation Failure) 24M->15M(31M) 1.318ms
[2025-04-17T11:48:04.387+0000][3684.217s][info][gc,cpu         ] GC(2374) User=0.00s Sys=0.00s Real=0.00s
[2025-04-17T11:48:05.885+0000][3685.715s][info][gc,start       ] GC(2375) Pause Young (Allocation Failure)
[2025-04-17T11:48:05.887+0000][3685.717s][info][gc,heap        ] GC(2375) DefNew: 9163K(10176K)->90K(10176K) Eden: 9087K(9088K)->0K(9088K) From: 75K(1088K)->90K(1088K)
[2025-04-17T11:48:05.887+0000][3685.717s][info][gc,heap        ] GC(2375) Tenured: 15707K(22468K)->15707K(22468K)
[2025-04-17T11:48:05.887+0000][3685.717s][info][gc,metaspace   ] GC(2375) Metaspace: 38448K(38784K)->38448K(38784K) NonClass: 33898K(34048K)->33898K(34048K) Class: 4549K(4736K)->4549K(4736K)
[2025-04-17T11:48:05.887+0000][3685.717s][info][gc             ] GC(2375) Pause Young (Allocation Failure) 24M->15M(31M) 1.314ms
[2025-04-17T11:48:05.887+0000][3685.717s][info][gc,cpu         ] GC(2375) User=0.00s Sys=0.00s Real=0.00s
[2025-04-17T11:48:07.462+0000][3687.292s][info][gc,start       ] GC(2376) Pause Young (Allocation Failure)
[2025-04-17T11:48:07.463+0000][3687.293s][info][gc,heap        ] GC(2376) DefNew: 9178K(10176K)->72K(10176K) Eden: 9088K(9088K)->0K(9088K) From: 90K(1088K)->72K(1088K)
[2025-04-17T11:48:07.463+0000][3687.293s][info][gc,heap        ] GC(2376) Tenured: 15707K(22468K)->15707K(22468K)
[2025-04-17T11:48:07.463+0000][3687.293s][info][gc,metaspace   ] GC(2376) Metaspace: 38448K(38784K)->38448K(38784K) NonClass: 33898K(34048K)->33898K(34048K) Class: 4549K(4736K)->4549K(4736K)
[2025-04-17T11:48:07.463+0000][3687.293s][info][gc             ] GC(2376) Pause Young (Allocation Failure) 24M->15M(31M) 1.271ms
[2025-04-17T11:48:07.463+0000][3687.293s][info][gc,cpu         ] GC(2376) User=0.00s Sys=0.00s Real=0.00s
[2025-04-17T11:48:09.062+0000][3688.892s][info][gc,start       ] GC(2377) Pause Young (Allocation Failure)
[2025-04-17T11:48:09.064+0000][3688.894s][info][gc,heap        ] GC(2377) DefNew: 9160K(10176K)->77K(10176K) Eden: 9088K(9088K)->0K(9088K) From: 72K(1088K)->77K(1088K)
[2025-04-17T11:48:09.064+0000][3688.894s][info][gc,heap        ] GC(2377) Tenured: 15707K(22468K)->15707K(22468K)
[2025-04-17T11:48:09.064+0000][3688.894s][info][gc,metaspace   ] GC(2377) Metaspace: 38448K(38784K)->38448K(38784K) NonClass: 33898K(34048K)->33898K(34048K) Class: 4549K(4736K)->4549K(4736K)
[2025-04-17T11:48:09.064+0000][3688.894s][info][gc             ] GC(2377) Pause Young (Allocation Failure) 24M->15M(31M) 1.275ms
[2025-04-17T11:48:09.064+0000][3688.894s][info][gc,cpu         ] GC(2377) User=0.00s Sys=0.00s Real=0.00s
[2025-04-17T11:48:10.811+0000][3690.641s][info][gc,start       ] GC(2378) Pause Young (Allocation Failure)
[2025-04-17T11:48:10.812+0000][3690.642s][info][gc,heap        ] GC(2378) DefNew: 9165K(10176K)->75K(10176K) Eden: 9088K(9088K)->0K(9088K) From: 77K(1088K)->75K(1088K)
[2025-04-17T11:48:10.812+0000][3690.642s][info][gc,heap        ] GC(2378) Tenured: 15707K(22468K)->15707K(22468K)
[2025-04-17T11:48:10.812+0000][3690.642s][info][gc,metaspace   ] GC(2378) Metaspace: 38448K(38784K)->38448K(38784K) NonClass: 33898K(34048K)->33898K(34048K) Class: 4549K(4736K)->4549K(4736K)
[2025-04-17T11:48:10.812+0000][3690.642s][info][gc             ] GC(2378) Pause Young (Allocation Failure) 24M->15M(31M) 1.293ms
[2025-04-17T11:48:10.812+0000][3690.642s][info][gc,cpu         ] GC(2378) User=0.00s Sys=0.00s Real=0.00s
[2025-04-17T11:48:12.517+0000][3692.347s][info][gc,start       ] GC(2379) Pause Young (Allocation Failure)
[2025-04-17T11:48:12.518+0000][3692.348s][info][gc,heap        ] GC(2379) DefNew: 9163K(10176K)->90K(10176K) Eden: 9088K(9088K)->0K(9088K) From: 75K(1088K)->90K(1088K)
[2025-04-17T11:48:12.518+0000][3692.348s][info][gc,heap        ] GC(2379) Tenured: 15707K(22468K)->15707K(22468K)
[2025-04-17T11:48:12.518+0000][3692.348s][info][gc,metaspace   ] GC(2379) Metaspace: 38448K(38784K)->38448K(38784K) NonClass: 33898K(34048K)->33898K(34048K) Class: 4549K(4736K)->4549K(4736K)
[2025-04-17T11:48:12.518+0000][3692.348s][info][gc             ] GC(2379) Pause Young (Allocation Failure) 24M->15M(31M) 1.229ms
[2025-04-17T11:48:12.518+0000][3692.348s][info][gc,cpu         ] GC(2379) User=0.00s Sys=0.00s Real=0.00s
[2025-04-17T11:48:13.858+0000][3693.688s][info][gc,start       ] GC(2380) Pause Young (Allocation Failure)
[2025-04-17T11:48:13.859+0000][3693.689s][info][gc,heap        ] GC(2380) DefNew: 9178K(10176K)->75K(10176K) Eden: 9088K(9088K)->0K(9088K) From: 90K(1088K)->75K(1088K)
[2025-04-17T11:48:13.859+0000][3693.689s][info][gc,heap        ] GC(2380) Tenured: 15707K(22468K)->15707K(22468K)
[2025-04-17T11:48:13.859+0000][3693.689s][info][gc,metaspace   ] GC(2380) Metaspace: 38448K(38784K)->38448K(38784K) NonClass: 33898K(34048K)->33898K(34048K) Class: 4549K(4736K)->4549K(4736K)
[2025-04-17T11:48:13.859+0000][3693.689s][info][gc             ] GC(2380) Pause Young (Allocation Failure) 24M->15M(31M) 1.179ms
[2025-04-17T11:48:13.859+0000][3693.689s][info][gc,cpu         ] GC(2380) User=0.00s Sys=0.00s Real=0.00s
[2025-04-17T11:48:15.580+0000][3695.410s][info][gc,start       ] GC(2381) Pause Young (Allocation Failure)
[2025-04-17T11:48:15.581+0000][3695.411s][info][gc,heap        ] GC(2381) DefNew: 9163K(10176K)->75K(10176K) Eden: 9088K(9088K)->0K(9088K) From: 75K(1088K)->75K(1088K)
[2025-04-17T11:48:15.581+0000][3695.411s][info][gc,heap        ] GC(2381) Tenured: 15707K(22468K)->15708K(22468K)
[2025-04-17T11:48:15.581+0000][3695.411s][info][gc,metaspace   ] GC(2381) Metaspace: 38448K(38784K)->38448K(38784K) NonClass: 33898K(34048K)->33898K(34048K) Class: 4549K(4736K)->4549K(4736K)
[2025-04-17T11:48:15.581+0000][3695.411s][info][gc             ] GC(2381) Pause Young (Allocation Failure) 24M->15M(31M) 1.284ms
[2025-04-17T11:48:15.581+0000][3695.411s][info][gc,cpu         ] GC(2381) User=0.00s Sys=0.00s Real=0.00s
[2025-04-17T11:48:17.269+0000][3697.099s][info][gc,start       ] GC(2382) Pause Young (Allocation Failure)
[2025-04-17T11:48:17.271+0000][3697.101s][info][gc,heap        ] GC(2382) DefNew: 9163K(10176K)->73K(10176K) Eden: 9088K(9088K)->0K(9088K) From: 75K(1088K)->73K(1088K)
[2025-04-17T11:48:17.271+0000][3697.101s][info][gc,heap        ] GC(2382) Tenured: 15708K(22468K)->15708K(22468K)
[2025-04-17T11:48:17.271+0000][3697.101s][info][gc,metaspace   ] GC(2382) Metaspace: 38448K(38784K)->38448K(38784K) NonClass: 33898K(34048K)->33898K(34048K) Class: 4549K(4736K)->4549K(4736K)
[2025-04-17T11:48:17.271+0000][3697.101s][info][gc             ] GC(2382) Pause Young (Allocation Failure) 24M->15M(31M) 1.285ms
[2025-04-17T11:48:17.271+0000][3697.101s][info][gc,cpu         ] GC(2382) User=0.00s Sys=0.00s Real=0.00s
[2025-04-17T11:48:18.806+0000][3698.636s][info][gc,start       ] GC(2383) Pause Young (Allocation Failure)
[2025-04-17T11:48:18.807+0000][3698.637s][info][gc,heap        ] GC(2383) DefNew: 9161K(10176K)->90K(10176K) Eden: 9087K(9088K)->0K(9088K) From: 73K(1088K)->90K(1088K)
[2025-04-17T11:48:18.807+0000][3698.637s][info][gc,heap        ] GC(2383) Tenured: 15708K(22468K)->15708K(22468K)
[2025-04-17T11:48:18.807+0000][3698.637s][info][gc,metaspace   ] GC(2383) Metaspace: 38448K(38784K)->38448K(38784K) NonClass: 33898K(34048K)->33898K(34048K) Class: 4549K(4736K)->4549K(4736K)
[2025-04-17T11:48:18.807+0000][3698.637s][info][gc             ] GC(2383) Pause Young (Allocation Failure) 24M->15M(31M) 1.211ms
[2025-04-17T11:48:18.807+0000][3698.637s][info][gc,cpu         ] GC(2383) User=0.00s Sys=0.00s Real=0.00s
[2025-04-17T11:48:20.458+0000][3700.288s][info][gc,start       ] GC(2384) Pause Young (Allocation Failure)
[2025-04-17T11:48:20.459+0000][3700.289s][info][gc,heap        ] GC(2384) DefNew: 9178K(10176K)->82K(10176K) Eden: 9088K(9088K)->0K(9088K) From: 90K(1088K)->82K(1088K)
[2025-04-17T11:48:20.459+0000][3700.289s][info][gc,heap        ] GC(2384) Tenured: 15708K(22468K)->15708K(22468K)
[2025-04-17T11:48:20.459+0000][3700.289s][info][gc,metaspace   ] GC(2384) Metaspace: 38448K(38784K)->38448K(38784K) NonClass: 33898K(34048K)->33898K(34048K) Class: 4549K(4736K)->4549K(4736K)
[2025-04-17T11:48:20.459+0000][3700.289s][info][gc             ] GC(2384) Pause Young (Allocation Failure) 24M->15M(31M) 1.209ms
[2025-04-17T11:48:20.459+0000][3700.289s][info][gc,cpu         ] GC(2384) User=0.00s Sys=0.00s Real=0.00s
[2025-04-17T11:48:21.819+0000][3701.649s][info][gc,start       ] GC(2385) Pause Young (Allocation Failure)
[2025-04-17T11:48:21.820+0000][3701.650s][info][gc,heap        ] GC(2385) DefNew: 9165K(10176K)->77K(10176K) Eden: 9083K(9088K)->0K(9088K) From: 82K(1088K)->77K(1088K)
[2025-04-17T11:48:21.820+0000][3701.650s][info][gc,heap        ] GC(2385) Tenured: 15708K(22468K)->15708K(22468K)
[2025-04-17T11:48:21.820+0000][3701.650s][info][gc,metaspace   ] GC(2385) Metaspace: 38448K(38784K)->38448K(38784K) NonClass: 33898K(34048K)->33898K(34048K) Class: 4549K(4736K)->4549K(4736K)
[2025-04-17T11:48:21.820+0000][3701.651s][info][gc             ] GC(2385) Pause Young (Allocation Failure) 24M->15M(31M) 1.171ms
[2025-04-17T11:48:21.820+0000][3701.651s][info][gc,cpu         ] GC(2385) User=0.00s Sys=0.00s Real=0.00s
[2025-04-17T11:48:23.523+0000][3703.353s][info][gc,start       ] GC(2386) Pause Young (Allocation Failure)
[2025-04-17T11:48:23.524+0000][3703.354s][info][gc,heap        ] GC(2386) DefNew: 9165K(10176K)->87K(10176K) Eden: 9088K(9088K)->0K(9088K) From: 77K(1088K)->87K(1088K)
[2025-04-17T11:48:23.524+0000][3703.354s][info][gc,heap        ] GC(2386) Tenured: 15708K(22468K)->15708K(22468K)
[2025-04-17T11:48:23.524+0000][3703.354s][info][gc,metaspace   ] GC(2386) Metaspace: 38448K(38784K)->38448K(38784K) NonClass: 33898K(34048K)->33898K(34048K) Class: 4549K(4736K)->4549K(4736K)
[2025-04-17T11:48:23.524+0000][3703.354s][info][gc             ] GC(2386) Pause Young (Allocation Failure) 24M->15M(31M) 1.221ms
[2025-04-17T11:48:23.524+0000][3703.354s][info][gc,cpu         ] GC(2386) User=0.00s Sys=0.00s Real=0.00s
[2025-04-17T11:48:25.175+0000][3705.005s][info][gc,start       ] GC(2387) Pause Young (Allocation Failure)
[2025-04-17T11:48:25.177+0000][3705.007s][info][gc,heap        ] GC(2387) DefNew: 9175K(10176K)->91K(10176K) Eden: 9088K(9088K)->0K(9088K) From: 87K(1088K)->91K(1088K)
[2025-04-17T11:48:25.177+0000][3705.007s][info][gc,heap        ] GC(2387) Tenured: 15708K(22468K)->15709K(22468K)
[2025-04-17T11:48:25.177+0000][3705.007s][info][gc,metaspace   ] GC(2387) Metaspace: 38448K(38784K)->38448K(38784K) NonClass: 33898K(34048K)->33898K(34048K) Class: 4549K(4736K)->4549K(4736K)
[2025-04-17T11:48:25.177+0000][3705.007s][info][gc             ] GC(2387) Pause Young (Allocation Failure) 24M->15M(31M) 1.270ms
[2025-04-17T11:48:25.177+0000][3705.007s][info][gc,cpu         ] GC(2387) User=0.00s Sys=0.00s Real=0.00s
[2025-04-17T11:48:26.874+0000][3706.704s][info][gc,start       ] GC(2388) Pause Young (Allocation Failure)
[2025-04-17T11:48:26.875+0000][3706.705s][info][gc,heap        ] GC(2388) DefNew: 9179K(10176K)->73K(10176K) Eden: 9088K(9088K)->0K(9088K) From: 91K(1088K)->73K(1088K)
[2025-04-17T11:48:26.875+0000][3706.705s][info][gc,heap        ] GC(2388) Tenured: 15709K(22468K)->15709K(22468K)
[2025-04-17T11:48:26.875+0000][3706.705s][info][gc,metaspace   ] GC(2388) Metaspace: 38448K(38784K)->38448K(38784K) NonClass: 33898K(34048K)->33898K(34048K) Class: 4549K(4736K)->4549K(4736K)
[2025-04-17T11:48:26.875+0000][3706.705s][info][gc             ] GC(2388) Pause Young (Allocation Failure) 24M->15M(31M) 1.478ms
[2025-04-17T11:48:26.875+0000][3706.705s][info][gc,cpu         ] GC(2388) User=0.01s Sys=0.00s Real=0.01s
[2025-04-17T11:48:28.287+0000][3708.117s][info][gc,start       ] GC(2389) Pause Young (Allocation Failure)
[2025-04-17T11:48:28.288+0000][3708.118s][info][gc,heap        ] GC(2389) DefNew: 9161K(10176K)->74K(10176K) Eden: 9088K(9088K)->0K(9088K) From: 73K(1088K)->74K(1088K)
[2025-04-17T11:48:28.288+0000][3708.118s][info][gc,heap        ] GC(2389) Tenured: 15709K(22468K)->15709K(22468K)
[2025-04-17T11:48:28.288+0000][3708.118s][info][gc,metaspace   ] GC(2389) Metaspace: 38448K(38784K)->38448K(38784K) NonClass: 33898K(34048K)->33898K(34048K) Class: 4549K(4736K)->4549K(4736K)
[2025-04-17T11:48:28.288+0000][3708.118s][info][gc             ] GC(2389) Pause Young (Allocation Failure) 24M->15M(31M) 1.178ms
[2025-04-17T11:48:28.288+0000][3708.118s][info][gc,cpu         ] GC(2389) User=0.00s Sys=0.00s Real=0.00s
[2025-04-17T11:48:29.964+0000][3709.794s][info][gc,start       ] GC(2390) Pause Young (Allocation Failure)
[2025-04-17T11:48:29.965+0000][3709.795s][info][gc,heap        ] GC(2390) DefNew: 9162K(10176K)->93K(10176K) Eden: 9088K(9088K)->0K(9088K) From: 74K(1088K)->93K(1088K)
[2025-04-17T11:48:29.965+0000][3709.795s][info][gc,heap        ] GC(2390) Tenured: 15709K(22468K)->15709K(22468K)
[2025-04-17T11:48:29.965+0000][3709.795s][info][gc,metaspace   ] GC(2390) Metaspace: 38448K(38784K)->38448K(38784K) NonClass: 33898K(34048K)->33898K(34048K) Class: 4549K(4736K)->4549K(4736K)
[2025-04-17T11:48:29.965+0000][3709.795s][info][gc             ] GC(2390) Pause Young (Allocation Failure) 24M->15M(31M) 1.335ms
[2025-04-17T11:48:29.965+0000][3709.795s][info][gc,cpu         ] GC(2390) User=0.00s Sys=0.00s Real=0.01s
[2025-04-17T11:48:31.486+0000][3711.316s][info][gc,start       ] GC(2391) Pause Young (Allocation Failure)
[2025-04-17T11:48:31.487+0000][3711.317s][info][gc,heap        ] GC(2391) DefNew: 9181K(10176K)->90K(10176K) Eden: 9088K(9088K)->0K(9088K) From: 93K(1088K)->90K(1088K)
[2025-04-17T11:48:31.487+0000][3711.318s][info][gc,heap        ] GC(2391) Tenured: 15709K(22468K)->15709K(22468K)
[2025-04-17T11:48:31.487+0000][3711.318s][info][gc,metaspace   ] GC(2391) Metaspace: 38448K(38784K)->38448K(38784K) NonClass: 33898K(34048K)->33898K(34048K) Class: 4549K(4736K)->4549K(4736K)
[2025-04-17T11:48:31.487+0000][3711.318s][info][gc             ] GC(2391) Pause Young (Allocation Failure) 24M->15M(31M) 1.267ms
[2025-04-17T11:48:31.487+0000][3711.318s][info][gc,cpu         ] GC(2391) User=0.00s Sys=0.00s Real=0.00s
[2025-04-17T11:48:33.274+0000][3713.104s][info][gc,start       ] GC(2392) Pause Young (Allocation Failure)
[2025-04-17T11:48:33.275+0000][3713.105s][info][gc,heap        ] GC(2392) DefNew: 9171K(10176K)->76K(10176K) Eden: 9081K(9088K)->0K(9088K) From: 90K(1088K)->76K(1088K)
[2025-04-17T11:48:33.275+0000][3713.105s][info][gc,heap        ] GC(2392) Tenured: 15709K(22468K)->15709K(22468K)
[2025-04-17T11:48:33.275+0000][3713.105s][info][gc,metaspace   ] GC(2392) Metaspace: 38448K(38784K)->38448K(38784K) NonClass: 33898K(34048K)->33898K(34048K) Class: 4549K(4736K)->4549K(4736K)
[2025-04-17T11:48:33.275+0000][3713.105s][info][gc             ] GC(2392) Pause Young (Allocation Failure) 24M->15M(31M) 1.206ms
[2025-04-17T11:48:33.275+0000][3713.105s][info][gc,cpu         ] GC(2392) User=0.00s Sys=0.00s Real=0.01s
[2025-04-17T11:48:34.673+0000][3714.503s][info][gc,start       ] GC(2393) Pause Young (Allocation Failure)
[2025-04-17T11:48:34.675+0000][3714.505s][info][gc,heap        ] GC(2393) DefNew: 9164K(10176K)->78K(10176K) Eden: 9088K(9088K)->0K(9088K) From: 76K(1088K)->78K(1088K)
[2025-04-17T11:48:34.675+0000][3714.505s][info][gc,heap        ] GC(2393) Tenured: 15709K(22468K)->15709K(22468K)
[2025-04-17T11:48:34.675+0000][3714.505s][info][gc,metaspace   ] GC(2393) Metaspace: 38448K(38784K)->38448K(38784K) NonClass: 33898K(34048K)->33898K(34048K) Class: 4549K(4736K)->4549K(4736K)
[2025-04-17T11:48:34.675+0000][3714.505s][info][gc             ] GC(2393) Pause Young (Allocation Failure) 24M->15M(31M) 1.329ms
[2025-04-17T11:48:34.675+0000][3714.505s][info][gc,cpu         ] GC(2393) User=0.00s Sys=0.00s Real=0.01s
[2025-04-17T11:48:36.407+0000][3716.237s][info][gc,start       ] GC(2394) Pause Young (Allocation Failure)
[2025-04-17T11:48:36.408+0000][3716.238s][info][gc,heap        ] GC(2394) DefNew: 9166K(10176K)->84K(10176K) Eden: 9088K(9088K)->0K(9088K) From: 78K(1088K)->84K(1088K)
[2025-04-17T11:48:36.408+0000][3716.238s][info][gc,heap        ] GC(2394) Tenured: 15709K(22468K)->15709K(22468K)
[2025-04-17T11:48:36.408+0000][3716.238s][info][gc,metaspace   ] GC(2394) Metaspace: 38448K(38784K)->38448K(38784K) NonClass: 33898K(34048K)->33898K(34048K) Class: 4549K(4736K)->4549K(4736K)
[2025-04-17T11:48:36.408+0000][3716.238s][info][gc             ] GC(2394) Pause Young (Allocation Failure) 24M->15M(31M) 1.306ms
[2025-04-17T11:48:36.408+0000][3716.238s][info][gc,cpu         ] GC(2394) User=0.00s Sys=0.00s Real=0.00s
[2025-04-17T11:48:37.796+0000][3717.626s][info][gc,start       ] GC(2395) Pause Young (Allocation Failure)
[2025-04-17T11:48:37.797+0000][3717.627s][info][gc,heap        ] GC(2395) DefNew: 9172K(10176K)->88K(10176K) Eden: 9088K(9088K)->0K(9088K) From: 84K(1088K)->88K(1088K)
[2025-04-17T11:48:37.797+0000][3717.627s][info][gc,heap        ] GC(2395) Tenured: 15709K(22468K)->15711K(22468K)
[2025-04-17T11:48:37.797+0000][3717.627s][info][gc,metaspace   ] GC(2395) Metaspace: 38448K(38784K)->38448K(38784K) NonClass: 33898K(34048K)->33898K(34048K) Class: 4549K(4736K)->4549K(4736K)
[2025-04-17T11:48:37.797+0000][3717.627s][info][gc             ] GC(2395) Pause Young (Allocation Failure) 24M->15M(31M) 1.166ms
[2025-04-17T11:48:37.797+0000][3717.627s][info][gc,cpu         ] GC(2395) User=0.00s Sys=0.00s Real=0.00s
[2025-04-17T11:48:39.438+0000][3719.268s][info][gc,start       ] GC(2396) Pause Young (Allocation Failure)
[2025-04-17T11:48:39.439+0000][3719.269s][info][gc,heap        ] GC(2396) DefNew: 9176K(10176K)->72K(10176K) Eden: 9088K(9088K)->0K(9088K) From: 88K(1088K)->72K(1088K)
[2025-04-17T11:48:39.439+0000][3719.269s][info][gc,heap        ] GC(2396) Tenured: 15711K(22468K)->15711K(22468K)
[2025-04-17T11:48:39.439+0000][3719.269s][info][gc,metaspace   ] GC(2396) Metaspace: 38448K(38784K)->38448K(38784K) NonClass: 33898K(34048K)->33898K(34048K) Class: 4549K(4736K)->4549K(4736K)
[2025-04-17T11:48:39.439+0000][3719.269s][info][gc             ] GC(2396) Pause Young (Allocation Failure) 24M->15M(31M) 1.238ms
[2025-04-17T11:48:39.439+0000][3719.269s][info][gc,cpu         ] GC(2396) User=0.00s Sys=0.00s Real=0.00s
[2025-04-17T11:48:41.064+0000][3720.894s][info][gc,start       ] GC(2397) Pause Young (Allocation Failure)
[2025-04-17T11:48:41.065+0000][3720.896s][info][gc,heap        ] GC(2397) DefNew: 9160K(10176K)->74K(10176K) Eden: 9088K(9088K)->0K(9088K) From: 72K(1088K)->74K(1088K)
[2025-04-17T11:48:41.065+0000][3720.896s][info][gc,heap        ] GC(2397) Tenured: 15711K(22468K)->15711K(22468K)
[2025-04-17T11:48:41.065+0000][3720.896s][info][gc,metaspace   ] GC(2397) Metaspace: 38448K(38784K)->38448K(38784K) NonClass: 33898K(34048K)->33898K(34048K) Class: 4549K(4736K)->4549K(4736K)
[2025-04-17T11:48:41.065+0000][3720.896s][info][gc             ] GC(2397) Pause Young (Allocation Failure) 24M->15M(31M) 1.233ms
[2025-04-17T11:48:41.065+0000][3720.896s][info][gc,cpu         ] GC(2397) User=0.00s Sys=0.00s Real=0.00s
[2025-04-17T11:48:42.755+0000][3722.585s][info][gc,start       ] GC(2398) Pause Young (Allocation Failure)
[2025-04-17T11:48:42.756+0000][3722.587s][info][gc,heap        ] GC(2398) DefNew: 9162K(10176K)->80K(10176K) Eden: 9088K(9088K)->0K(9088K) From: 74K(1088K)->80K(1088K)
[2025-04-17T11:48:42.757+0000][3722.587s][info][gc,heap        ] GC(2398) Tenured: 15711K(22468K)->15711K(22468K)
[2025-04-17T11:48:42.757+0000][3722.587s][info][gc,metaspace   ] GC(2398) Metaspace: 38448K(38784K)->38448K(38784K) NonClass: 33898K(34048K)->33898K(34048K) Class: 4549K(4736K)->4549K(4736K)
[2025-04-17T11:48:42.757+0000][3722.587s][info][gc             ] GC(2398) Pause Young (Allocation Failure) 24M->15M(31M) 1.311ms
[2025-04-17T11:48:42.757+0000][3722.587s][info][gc,cpu         ] GC(2398) User=0.00s Sys=0.00s Real=0.00s
[2025-04-17T11:48:44.345+0000][3724.175s][info][gc,start       ] GC(2399) Pause Young (Allocation Failure)
[2025-04-17T11:48:44.346+0000][3724.176s][info][gc,heap        ] GC(2399) DefNew: 9168K(10176K)->88K(10176K) Eden: 9088K(9088K)->0K(9088K) From: 80K(1088K)->88K(1088K)
[2025-04-17T11:48:44.346+0000][3724.176s][info][gc,heap        ] GC(2399) Tenured: 15711K(22468K)->15711K(22468K)
[2025-04-17T11:48:44.346+0000][3724.176s][info][gc,metaspace   ] GC(2399) Metaspace: 38448K(38784K)->38448K(38784K) NonClass: 33898K(34048K)->33898K(34048K) Class: 4549K(4736K)->4549K(4736K)
[2025-04-17T11:48:44.346+0000][3724.176s][info][gc             ] GC(2399) Pause Young (Allocation Failure) 24M->15M(31M) 1.174ms
[2025-04-17T11:48:44.346+0000][3724.176s][info][gc,cpu         ] GC(2399) User=0.00s Sys=0.00s Real=0.00s
[2025-04-17T11:48:45.879+0000][3725.709s][info][gc,start       ] GC(2400) Pause Young (Allocation Failure)
[2025-04-17T11:48:45.880+0000][3725.710s][info][gc,heap        ] GC(2400) DefNew: 9176K(10176K)->73K(10176K) Eden: 9088K(9088K)->0K(9088K) From: 88K(1088K)->73K(1088K)
[2025-04-17T11:48:45.880+0000][3725.710s][info][gc,heap        ] GC(2400) Tenured: 15711K(22468K)->15711K(22468K)
[2025-04-17T11:48:45.880+0000][3725.710s][info][gc,metaspace   ] GC(2400) Metaspace: 38448K(38784K)->38448K(38784K) NonClass: 33898K(34048K)->33898K(34048K) Class: 4549K(4736K)->4549K(4736K)
[2025-04-17T11:48:45.880+0000][3725.710s][info][gc             ] GC(2400) Pause Young (Allocation Failure) 24M->15M(31M) 1.228ms
[2025-04-17T11:48:45.880+0000][3725.710s][info][gc,cpu         ] GC(2400) User=0.01s Sys=0.00s Real=0.00s
[2025-04-17T11:48:47.438+0000][3727.268s][info][gc,start       ] GC(2401) Pause Young (Allocation Failure)
[2025-04-17T11:48:47.439+0000][3727.269s][info][gc,heap        ] GC(2401) DefNew: 9158K(10176K)->76K(10176K) Eden: 9085K(9088K)->0K(9088K) From: 73K(1088K)->76K(1088K)
[2025-04-17T11:48:47.439+0000][3727.269s][info][gc,heap        ] GC(2401) Tenured: 15711K(22468K)->15711K(22468K)
[2025-04-17T11:48:47.439+0000][3727.269s][info][gc,metaspace   ] GC(2401) Metaspace: 38448K(38784K)->38448K(38784K) NonClass: 33898K(34048K)->33898K(34048K) Class: 4549K(4736K)->4549K(4736K)
[2025-04-17T11:48:47.439+0000][3727.269s][info][gc             ] GC(2401) Pause Young (Allocation Failure) 24M->15M(31M) 1.181ms
[2025-04-17T11:48:47.439+0000][3727.269s][info][gc,cpu         ] GC(2401) User=0.00s Sys=0.00s Real=0.00s
[2025-04-17T11:48:49.125+0000][3728.955s][info][gc,start       ] GC(2402) Pause Young (Allocation Failure)
[2025-04-17T11:48:49.126+0000][3728.956s][info][gc,heap        ] GC(2402) DefNew: 9164K(10176K)->82K(10176K) Eden: 9088K(9088K)->0K(9088K) From: 76K(1088K)->82K(1088K)
[2025-04-17T11:48:49.126+0000][3728.956s][info][gc,heap        ] GC(2402) Tenured: 15711K(22468K)->15711K(22468K)
[2025-04-17T11:48:49.126+0000][3728.956s][info][gc,metaspace   ] GC(2402) Metaspace: 38448K(38784K)->38448K(38784K) NonClass: 33898K(34048K)->33898K(34048K) Class: 4549K(4736K)->4549K(4736K)
[2025-04-17T11:48:49.126+0000][3728.956s][info][gc             ] GC(2402) Pause Young (Allocation Failure) 24M->15M(31M) 1.338ms
[2025-04-17T11:48:49.126+0000][3728.956s][info][gc,cpu         ] GC(2402) User=0.00s Sys=0.00s Real=0.00s
[2025-04-17T11:48:50.639+0000][3730.469s][info][gc,start       ] GC(2403) Pause Young (Allocation Failure)
[2025-04-17T11:48:50.640+0000][3730.470s][info][gc,heap        ] GC(2403) DefNew: 9170K(10176K)->89K(10176K) Eden: 9088K(9088K)->0K(9088K) From: 82K(1088K)->89K(1088K)
[2025-04-17T11:48:50.640+0000][3730.470s][info][gc,heap        ] GC(2403) Tenured: 15711K(22468K)->15711K(22468K)
[2025-04-17T11:48:50.640+0000][3730.470s][info][gc,metaspace   ] GC(2403) Metaspace: 38448K(38784K)->38448K(38784K) NonClass: 33898K(34048K)->33898K(34048K) Class: 4549K(4736K)->4549K(4736K)
[2025-04-17T11:48:50.640+0000][3730.470s][info][gc             ] GC(2403) Pause Young (Allocation Failure) 24M->15M(31M) 1.327ms
[2025-04-17T11:48:50.640+0000][3730.470s][info][gc,cpu         ] GC(2403) User=0.00s Sys=0.00s Real=0.00s
[2025-04-17T11:48:51.956+0000][3731.786s][info][gc,start       ] GC(2404) Pause Young (Allocation Failure)
[2025-04-17T11:48:51.957+0000][3731.787s][info][gc,heap        ] GC(2404) DefNew: 9177K(10176K)->81K(10176K) Eden: 9088K(9088K)->0K(9088K) From: 89K(1088K)->81K(1088K)
[2025-04-17T11:48:51.957+0000][3731.787s][info][gc,heap        ] GC(2404) Tenured: 15711K(22468K)->15711K(22468K)
[2025-04-17T11:48:51.957+0000][3731.787s][info][gc,metaspace   ] GC(2404) Metaspace: 38448K(38784K)->38448K(38784K) NonClass: 33898K(34048K)->33898K(34048K) Class: 4549K(4736K)->4549K(4736K)
[2025-04-17T11:48:51.957+0000][3731.787s][info][gc             ] GC(2404) Pause Young (Allocation Failure) 24M->15M(31M) 1.215ms
[2025-04-17T11:48:51.957+0000][3731.787s][info][gc,cpu         ] GC(2404) User=0.00s Sys=0.00s Real=0.00s
[2025-04-17T11:48:53.870+0000][3733.700s][info][gc,start       ] GC(2405) Pause Young (Allocation Failure)
[2025-04-17T11:48:53.871+0000][3733.701s][info][gc,heap        ] GC(2405) DefNew: 9157K(10176K)->76K(10176K) Eden: 9075K(9088K)->0K(9088K) From: 81K(1088K)->76K(1088K)
[2025-04-17T11:48:53.871+0000][3733.701s][info][gc,heap        ] GC(2405) Tenured: 15711K(22468K)->15711K(22468K)
[2025-04-17T11:48:53.871+0000][3733.701s][info][gc,metaspace   ] GC(2405) Metaspace: 38448K(38784K)->38448K(38784K) NonClass: 33898K(34048K)->33898K(34048K) Class: 4549K(4736K)->4549K(4736K)
[2025-04-17T11:48:53.871+0000][3733.701s][info][gc             ] GC(2405) Pause Young (Allocation Failure) 24M->15M(31M) 1.283ms
[2025-04-17T11:48:53.871+0000][3733.701s][info][gc,cpu         ] GC(2405) User=0.00s Sys=0.00s Real=0.00s
[2025-04-17T11:48:55.375+0000][3735.205s][info][gc,start       ] GC(2406) Pause Young (Allocation Failure)
[2025-04-17T11:48:55.376+0000][3735.206s][info][gc,heap        ] GC(2406) DefNew: 9164K(10176K)->77K(10176K) Eden: 9088K(9088K)->0K(9088K) From: 76K(1088K)->77K(1088K)
[2025-04-17T11:48:55.376+0000][3735.206s][info][gc,heap        ] GC(2406) Tenured: 15711K(22468K)->15711K(22468K)
[2025-04-17T11:48:55.376+0000][3735.206s][info][gc,metaspace   ] GC(2406) Metaspace: 38448K(38784K)->38448K(38784K) NonClass: 33898K(34048K)->33898K(34048K) Class: 4549K(4736K)->4549K(4736K)
[2025-04-17T11:48:55.376+0000][3735.206s][info][gc             ] GC(2406) Pause Young (Allocation Failure) 24M->15M(31M) 1.259ms
[2025-04-17T11:48:55.376+0000][3735.206s][info][gc,cpu         ] GC(2406) User=0.00s Sys=0.00s Real=0.00s
[2025-04-17T11:48:57.062+0000][3736.892s][info][gc,start       ] GC(2407) Pause Young (Allocation Failure)
[2025-04-17T11:48:57.064+0000][3736.894s][info][gc,heap        ] GC(2407) DefNew: 9165K(10176K)->69K(10176K) Eden: 9088K(9088K)->0K(9088K) From: 77K(1088K)->69K(1088K)
[2025-04-17T11:48:57.064+0000][3736.894s][info][gc,heap        ] GC(2407) Tenured: 15711K(22468K)->15711K(22468K)
[2025-04-17T11:48:57.064+0000][3736.894s][info][gc,metaspace   ] GC(2407) Metaspace: 38448K(38784K)->38448K(38784K) NonClass: 33898K(34048K)->33898K(34048K) Class: 4549K(4736K)->4549K(4736K)
[2025-04-17T11:48:57.064+0000][3736.894s][info][gc             ] GC(2407) Pause Young (Allocation Failure) 24M->15M(31M) 1.283ms
[2025-04-17T11:48:57.064+0000][3736.894s][info][gc,cpu         ] GC(2407) User=0.00s Sys=0.00s Real=0.00s
[2025-04-17T11:48:58.783+0000][3738.613s][info][gc,start       ] GC(2408) Pause Young (Allocation Failure)
[2025-04-17T11:48:58.784+0000][3738.614s][info][gc,heap        ] GC(2408) DefNew: 9157K(10176K)->86K(10176K) Eden: 9088K(9088K)->0K(9088K) From: 69K(1088K)->86K(1088K)
[2025-04-17T11:48:58.784+0000][3738.614s][info][gc,heap        ] GC(2408) Tenured: 15711K(22468K)->15711K(22468K)
[2025-04-17T11:48:58.784+0000][3738.614s][info][gc,metaspace   ] GC(2408) Metaspace: 38448K(38784K)->38448K(38784K) NonClass: 33898K(34048K)->33898K(34048K) Class: 4549K(4736K)->4549K(4736K)
[2025-04-17T11:48:58.784+0000][3738.614s][info][gc             ] GC(2408) Pause Young (Allocation Failure) 24M->15M(31M) 1.165ms
[2025-04-17T11:48:58.784+0000][3738.614s][info][gc,cpu         ] GC(2408) User=0.00s Sys=0.00s Real=0.01s
[2025-04-17T11:49:00.436+0000][3740.266s][info][gc,start       ] GC(2409) Pause Young (Allocation Failure)
[2025-04-17T11:49:00.437+0000][3740.267s][info][gc,heap        ] GC(2409) DefNew: 9174K(10176K)->64K(10176K) Eden: 9088K(9088K)->0K(9088K) From: 86K(1088K)->64K(1088K)
[2025-04-17T11:49:00.437+0000][3740.267s][info][gc,heap        ] GC(2409) Tenured: 15711K(22468K)->15711K(22468K)
[2025-04-17T11:49:00.437+0000][3740.267s][info][gc,metaspace   ] GC(2409) Metaspace: 38448K(38784K)->38448K(38784K) NonClass: 33898K(34048K)->33898K(34048K) Class: 4549K(4736K)->4549K(4736K)
[2025-04-17T11:49:00.437+0000][3740.267s][info][gc             ] GC(2409) Pause Young (Allocation Failure) 24M->15M(31M) 1.210ms
[2025-04-17T11:49:00.437+0000][3740.267s][info][gc,cpu         ] GC(2409) User=0.00s Sys=0.00s Real=0.00s
[2025-04-17T11:49:02.273+0000][3742.103s][info][gc,start       ] GC(2410) Pause Young (Allocation Failure)
[2025-04-17T11:49:02.274+0000][3742.104s][info][gc,heap        ] GC(2410) DefNew: 9152K(10176K)->77K(10176K) Eden: 9088K(9088K)->0K(9088K) From: 64K(1088K)->77K(1088K)
[2025-04-17T11:49:02.274+0000][3742.104s][info][gc,heap        ] GC(2410) Tenured: 15711K(22468K)->15711K(22468K)
[2025-04-17T11:49:02.274+0000][3742.104s][info][gc,metaspace   ] GC(2410) Metaspace: 38448K(38784K)->38448K(38784K) NonClass: 33898K(34048K)->33898K(34048K) Class: 4549K(4736K)->4549K(4736K)
[2025-04-17T11:49:02.274+0000][3742.104s][info][gc             ] GC(2410) Pause Young (Allocation Failure) 24M->15M(31M) 1.276ms
[2025-04-17T11:49:02.274+0000][3742.104s][info][gc,cpu         ] GC(2410) User=0.00s Sys=0.00s Real=0.01s
[2025-04-17T11:49:04.307+0000][3744.137s][info][gc,start       ] GC(2411) Pause Young (Allocation Failure)
[2025-04-17T11:49:04.309+0000][3744.139s][info][gc,heap        ] GC(2411) DefNew: 9165K(10176K)->79K(10176K) Eden: 9087K(9088K)->0K(9088K) From: 77K(1088K)->79K(1088K)
[2025-04-17T11:49:04.309+0000][3744.139s][info][gc,heap        ] GC(2411) Tenured: 15711K(22468K)->15711K(22468K)
[2025-04-17T11:49:04.309+0000][3744.139s][info][gc,metaspace   ] GC(2411) Metaspace: 38448K(38784K)->38448K(38784K) NonClass: 33898K(34048K)->33898K(34048K) Class: 4549K(4736K)->4549K(4736K)
[2025-04-17T11:49:04.309+0000][3744.139s][info][gc             ] GC(2411) Pause Young (Allocation Failure) 24M->15M(31M) 1.242ms
[2025-04-17T11:49:04.309+0000][3744.139s][info][gc,cpu         ] GC(2411) User=0.00s Sys=0.00s Real=0.00s
[2025-04-17T11:49:05.879+0000][3745.709s][info][gc,start       ] GC(2412) Pause Young (Allocation Failure)
[2025-04-17T11:49:05.880+0000][3745.710s][info][gc,heap        ] GC(2412) DefNew: 9167K(10176K)->90K(10176K) Eden: 9088K(9088K)->0K(9088K) From: 79K(1088K)->90K(1088K)
[2025-04-17T11:49:05.880+0000][3745.710s][info][gc,heap        ] GC(2412) Tenured: 15711K(22468K)->15711K(22468K)
[2025-04-17T11:49:05.880+0000][3745.710s][info][gc,metaspace   ] GC(2412) Metaspace: 38448K(38784K)->38448K(38784K) NonClass: 33898K(34048K)->33898K(34048K) Class: 4549K(4736K)->4549K(4736K)
[2025-04-17T11:49:05.880+0000][3745.710s][info][gc             ] GC(2412) Pause Young (Allocation Failure) 24M->15M(31M) 1.229ms
[2025-04-17T11:49:05.880+0000][3745.710s][info][gc,cpu         ] GC(2412) User=0.00s Sys=0.00s Real=0.00s
[2025-04-17T11:49:07.705+0000][3747.535s][info][gc,start       ] GC(2413) Pause Young (Allocation Failure)
[2025-04-17T11:49:07.706+0000][3747.537s][info][gc,heap        ] GC(2413) DefNew: 9178K(10176K)->74K(10176K) Eden: 9088K(9088K)->0K(9088K) From: 90K(1088K)->74K(1088K)
[2025-04-17T11:49:07.706+0000][3747.537s][info][gc,heap        ] GC(2413) Tenured: 15711K(22468K)->15711K(22468K)
[2025-04-17T11:49:07.706+0000][3747.537s][info][gc,metaspace   ] GC(2413) Metaspace: 38448K(38784K)->38448K(38784K) NonClass: 33898K(34048K)->33898K(34048K) Class: 4549K(4736K)->4549K(4736K)
[2025-04-17T11:49:07.706+0000][3747.537s][info][gc             ] GC(2413) Pause Young (Allocation Failure) 24M->15M(31M) 1.333ms
[2025-04-17T11:49:07.707+0000][3747.537s][info][gc,cpu         ] GC(2413) User=0.01s Sys=0.00s Real=0.00s
[2025-04-17T11:49:09.396+0000][3749.226s][info][gc,start       ] GC(2414) Pause Young (Allocation Failure)
[2025-04-17T11:49:09.397+0000][3749.227s][info][gc,heap        ] GC(2414) DefNew: 9162K(10176K)->78K(10176K) Eden: 9088K(9088K)->0K(9088K) From: 74K(1088K)->78K(1088K)
[2025-04-17T11:49:09.397+0000][3749.227s][info][gc,heap        ] GC(2414) Tenured: 15711K(22468K)->15711K(22468K)
[2025-04-17T11:49:09.397+0000][3749.227s][info][gc,metaspace   ] GC(2414) Metaspace: 38448K(38784K)->38448K(38784K) NonClass: 33898K(34048K)->33898K(34048K) Class: 4549K(4736K)->4549K(4736K)
[2025-04-17T11:49:09.397+0000][3749.227s][info][gc             ] GC(2414) Pause Young (Allocation Failure) 24M->15M(31M) 1.214ms
[2025-04-17T11:49:09.397+0000][3749.227s][info][gc,cpu         ] GC(2414) User=0.00s Sys=0.00s Real=0.00s
[2025-04-17T11:49:11.214+0000][3751.044s][info][gc,start       ] GC(2415) Pause Young (Allocation Failure)
[2025-04-17T11:49:11.215+0000][3751.045s][info][gc,heap        ] GC(2415) DefNew: 9166K(10176K)->83K(10176K) Eden: 9088K(9088K)->0K(9088K) From: 78K(1088K)->83K(1088K)
[2025-04-17T11:49:11.215+0000][3751.045s][info][gc,heap        ] GC(2415) Tenured: 15711K(22468K)->15712K(22468K)
[2025-04-17T11:49:11.215+0000][3751.045s][info][gc,metaspace   ] GC(2415) Metaspace: 38448K(38784K)->38448K(38784K) NonClass: 33898K(34048K)->33898K(34048K) Class: 4549K(4736K)->4549K(4736K)
[2025-04-17T11:49:11.215+0000][3751.045s][info][gc             ] GC(2415) Pause Young (Allocation Failure) 24M->15M(31M) 1.265ms
[2025-04-17T11:49:11.215+0000][3751.045s][info][gc,cpu         ] GC(2415) User=0.00s Sys=0.00s Real=0.01s
[2025-04-17T11:49:13.097+0000][3752.927s][info][gc,start       ] GC(2416) Pause Young (Allocation Failure)
[2025-04-17T11:49:13.098+0000][3752.929s][info][gc,heap        ] GC(2416) DefNew: 9171K(10176K)->90K(10176K) Eden: 9088K(9088K)->0K(9088K) From: 83K(1088K)->90K(1088K)
[2025-04-17T11:49:13.098+0000][3752.929s][info][gc,heap        ] GC(2416) Tenured: 15712K(22468K)->15712K(22468K)
[2025-04-17T11:49:13.098+0000][3752.929s][info][gc,metaspace   ] GC(2416) Metaspace: 38448K(38784K)->38448K(38784K) NonClass: 33898K(34048K)->33898K(34048K) Class: 4549K(4736K)->4549K(4736K)
[2025-04-17T11:49:13.098+0000][3752.929s][info][gc             ] GC(2416) Pause Young (Allocation Failure) 24M->15M(31M) 1.187ms
[2025-04-17T11:49:13.098+0000][3752.929s][info][gc,cpu         ] GC(2416) User=0.00s Sys=0.00s Real=0.00s
[2025-04-17T11:49:15.021+0000][3754.851s][info][gc,start       ] GC(2417) Pause Young (Allocation Failure)
[2025-04-17T11:49:15.022+0000][3754.852s][info][gc,heap        ] GC(2417) DefNew: 9178K(10176K)->80K(10176K) Eden: 9088K(9088K)->0K(9088K) From: 90K(1088K)->80K(1088K)
[2025-04-17T11:49:15.022+0000][3754.852s][info][gc,heap        ] GC(2417) Tenured: 15712K(22468K)->15712K(22468K)
[2025-04-17T11:49:15.022+0000][3754.852s][info][gc,metaspace   ] GC(2417) Metaspace: 38448K(38784K)->38448K(38784K) NonClass: 33898K(34048K)->33898K(34048K) Class: 4549K(4736K)->4549K(4736K)
[2025-04-17T11:49:15.022+0000][3754.852s][info][gc             ] GC(2417) Pause Young (Allocation Failure) 24M->15M(31M) 1.211ms
[2025-04-17T11:49:15.022+0000][3754.852s][info][gc,cpu         ] GC(2417) User=0.00s Sys=0.00s Real=0.00s
[2025-04-17T11:49:17.045+0000][3756.875s][info][gc,start       ] GC(2418) Pause Young (Allocation Failure)
[2025-04-17T11:49:17.046+0000][3756.876s][info][gc,heap        ] GC(2418) DefNew: 9168K(10176K)->75K(10176K) Eden: 9088K(9088K)->0K(9088K) From: 80K(1088K)->75K(1088K)
[2025-04-17T11:49:17.046+0000][3756.876s][info][gc,heap        ] GC(2418) Tenured: 15712K(22468K)->15712K(22468K)
[2025-04-17T11:49:17.046+0000][3756.876s][info][gc,metaspace   ] GC(2418) Metaspace: 38448K(38784K)->38448K(38784K) NonClass: 33898K(34048K)->33898K(34048K) Class: 4549K(4736K)->4549K(4736K)
[2025-04-17T11:49:17.046+0000][3756.876s][info][gc             ] GC(2418) Pause Young (Allocation Failure) 24M->15M(31M) 1.356ms
[2025-04-17T11:49:17.046+0000][3756.876s][info][gc,cpu         ] GC(2418) User=0.00s Sys=0.00s Real=0.00s
[2025-04-17T11:49:19.308+0000][3759.138s][info][gc,start       ] GC(2419) Pause Young (Allocation Failure)
[2025-04-17T11:49:19.309+0000][3759.139s][info][gc,heap        ] GC(2419) DefNew: 9163K(10176K)->82K(10176K) Eden: 9088K(9088K)->0K(9088K) From: 75K(1088K)->82K(1088K)
[2025-04-17T11:49:19.309+0000][3759.139s][info][gc,heap        ] GC(2419) Tenured: 15712K(22468K)->15712K(22468K)
[2025-04-17T11:49:19.309+0000][3759.139s][info][gc,metaspace   ] GC(2419) Metaspace: 38448K(38784K)->38448K(38784K) NonClass: 33898K(34048K)->33898K(34048K) Class: 4549K(4736K)->4549K(4736K)
[2025-04-17T11:49:19.309+0000][3759.139s][info][gc             ] GC(2419) Pause Young (Allocation Failure) 24M->15M(31M) 1.236ms
[2025-04-17T11:49:19.309+0000][3759.139s][info][gc,cpu         ] GC(2419) User=0.00s Sys=0.00s Real=0.00s
[2025-04-17T11:49:21.329+0000][3761.160s][info][gc,start       ] GC(2420) Pause Young (Allocation Failure)
[2025-04-17T11:49:21.331+0000][3761.161s][info][gc,heap        ] GC(2420) DefNew: 9170K(10176K)->90K(10176K) Eden: 9088K(9088K)->0K(9088K) From: 82K(1088K)->90K(1088K)
[2025-04-17T11:49:21.331+0000][3761.161s][info][gc,heap        ] GC(2420) Tenured: 15712K(22468K)->15712K(22468K)
[2025-04-17T11:49:21.331+0000][3761.161s][info][gc,metaspace   ] GC(2420) Metaspace: 38448K(38784K)->38448K(38784K) NonClass: 33898K(34048K)->33898K(34048K) Class: 4549K(4736K)->4549K(4736K)
[2025-04-17T11:49:21.331+0000][3761.161s][info][gc             ] GC(2420) Pause Young (Allocation Failure) 24M->15M(31M) 1.317ms
[2025-04-17T11:49:21.331+0000][3761.161s][info][gc,cpu         ] GC(2420) User=0.00s Sys=0.00s Real=0.00s
[2025-04-17T11:49:23.519+0000][3763.349s][info][gc,start       ] GC(2421) Pause Young (Allocation Failure)
[2025-04-17T11:49:23.520+0000][3763.351s][info][gc,heap        ] GC(2421) DefNew: 9178K(10176K)->72K(10176K) Eden: 9088K(9088K)->0K(9088K) From: 90K(1088K)->72K(1088K)
[2025-04-17T11:49:23.520+0000][3763.351s][info][gc,heap        ] GC(2421) Tenured: 15712K(22468K)->15712K(22468K)
[2025-04-17T11:49:23.520+0000][3763.351s][info][gc,metaspace   ] GC(2421) Metaspace: 38448K(38784K)->38448K(38784K) NonClass: 33898K(34048K)->33898K(34048K) Class: 4549K(4736K)->4549K(4736K)
[2025-04-17T11:49:23.520+0000][3763.351s][info][gc             ] GC(2421) Pause Young (Allocation Failure) 24M->15M(31M) 1.164ms
[2025-04-17T11:49:23.520+0000][3763.351s][info][gc,cpu         ] GC(2421) User=0.00s Sys=0.00s Real=0.00s
[2025-04-17T11:49:25.422+0000][3765.252s][info][gc,start       ] GC(2422) Pause Young (Allocation Failure)
[2025-04-17T11:49:25.423+0000][3765.254s][info][gc,heap        ] GC(2422) DefNew: 9160K(10176K)->76K(10176K) Eden: 9088K(9088K)->0K(9088K) From: 72K(1088K)->76K(1088K)
[2025-04-17T11:49:25.424+0000][3765.254s][info][gc,heap        ] GC(2422) Tenured: 15712K(22468K)->15712K(22468K)
[2025-04-17T11:49:25.424+0000][3765.254s][info][gc,metaspace   ] GC(2422) Metaspace: 38448K(38784K)->38448K(38784K) NonClass: 33898K(34048K)->33898K(34048K) Class: 4549K(4736K)->4549K(4736K)
[2025-04-17T11:49:25.424+0000][3765.254s][info][gc             ] GC(2422) Pause Young (Allocation Failure) 24M->15M(31M) 1.287ms
[2025-04-17T11:49:25.424+0000][3765.254s][info][gc,cpu         ] GC(2422) User=0.00s Sys=0.00s Real=0.00s
[2025-04-17T11:49:27.724+0000][3767.554s][info][gc,start       ] GC(2423) Pause Young (Allocation Failure)
[2025-04-17T11:49:27.725+0000][3767.555s][info][gc,heap        ] GC(2423) DefNew: 9164K(10176K)->84K(10176K) Eden: 9088K(9088K)->0K(9088K) From: 76K(1088K)->84K(1088K)
[2025-04-17T11:49:27.725+0000][3767.555s][info][gc,heap        ] GC(2423) Tenured: 15712K(22468K)->15712K(22468K)
[2025-04-17T11:49:27.725+0000][3767.555s][info][gc,metaspace   ] GC(2423) Metaspace: 38448K(38784K)->38448K(38784K) NonClass: 33898K(34048K)->33898K(34048K) Class: 4549K(4736K)->4549K(4736K)
[2025-04-17T11:49:27.725+0000][3767.555s][info][gc             ] GC(2423) Pause Young (Allocation Failure) 24M->15M(31M) 1.241ms
[2025-04-17T11:49:27.725+0000][3767.555s][info][gc,cpu         ] GC(2423) User=0.00s Sys=0.00s Real=0.01s
[2025-04-17T11:49:30.026+0000][3769.856s][info][gc,start       ] GC(2424) Pause Young (Allocation Failure)
[2025-04-17T11:49:30.027+0000][3769.857s][info][gc,heap        ] GC(2424) DefNew: 9172K(10176K)->90K(10176K) Eden: 9088K(9088K)->0K(9088K) From: 84K(1088K)->90K(1088K)
[2025-04-17T11:49:30.027+0000][3769.857s][info][gc,heap        ] GC(2424) Tenured: 15712K(22468K)->15713K(22468K)
[2025-04-17T11:49:30.027+0000][3769.857s][info][gc,metaspace   ] GC(2424) Metaspace: 38448K(38784K)->38448K(38784K) NonClass: 33898K(34048K)->33898K(34048K) Class: 4549K(4736K)->4549K(4736K)
[2025-04-17T11:49:30.027+0000][3769.857s][info][gc             ] GC(2424) Pause Young (Allocation Failure) 24M->15M(31M) 1.306ms
[2025-04-17T11:49:30.027+0000][3769.857s][info][gc,cpu         ] GC(2424) User=0.01s Sys=0.00s Real=0.00s
[2025-04-17T11:49:32.307+0000][3772.137s][info][gc,start       ] GC(2425) Pause Young (Allocation Failure)
[2025-04-17T11:49:32.308+0000][3772.138s][info][gc,heap        ] GC(2425) DefNew: 9178K(10176K)->87K(10176K) Eden: 9088K(9088K)->0K(9088K) From: 90K(1088K)->87K(1088K)
[2025-04-17T11:49:32.308+0000][3772.138s][info][gc,heap        ] GC(2425) Tenured: 15713K(22468K)->15713K(22468K)
[2025-04-17T11:49:32.308+0000][3772.138s][info][gc,metaspace   ] GC(2425) Metaspace: 38448K(38784K)->38448K(38784K) NonClass: 33898K(34048K)->33898K(34048K) Class: 4549K(4736K)->4549K(4736K)
[2025-04-17T11:49:32.308+0000][3772.138s][info][gc             ] GC(2425) Pause Young (Allocation Failure) 24M->15M(31M) 1.317ms
[2025-04-17T11:49:32.308+0000][3772.138s][info][gc,cpu         ] GC(2425) User=0.00s Sys=0.00s Real=0.00s
[2025-04-17T11:49:34.881+0000][3774.711s][info][gc,start       ] GC(2426) Pause Young (Allocation Failure)
[2025-04-17T11:49:34.882+0000][3774.712s][info][gc,heap        ] GC(2426) DefNew: 9175K(10176K)->75K(10176K) Eden: 9088K(9088K)->0K(9088K) From: 87K(1088K)->75K(1088K)
[2025-04-17T11:49:34.882+0000][3774.712s][info][gc,heap        ] GC(2426) Tenured: 15713K(22468K)->15715K(22468K)
[2025-04-17T11:49:34.882+0000][3774.712s][info][gc,metaspace   ] GC(2426) Metaspace: 38448K(38784K)->38448K(38784K) NonClass: 33898K(34048K)->33898K(34048K) Class: 4549K(4736K)->4549K(4736K)
[2025-04-17T11:49:34.882+0000][3774.712s][info][gc             ] GC(2426) Pause Young (Allocation Failure) 24M->15M(31M) 1.238ms
[2025-04-17T11:49:34.882+0000][3774.712s][info][gc,cpu         ] GC(2426) User=0.00s Sys=0.00s Real=0.00s
[2025-04-17T11:49:37.570+0000][3777.401s][info][gc,start       ] GC(2427) Pause Young (Allocation Failure)
[2025-04-17T11:49:37.572+0000][3777.402s][info][gc,heap        ] GC(2427) DefNew: 9163K(10176K)->85K(10176K) Eden: 9088K(9088K)->0K(9088K) From: 75K(1088K)->85K(1088K)
[2025-04-17T11:49:37.572+0000][3777.402s][info][gc,heap        ] GC(2427) Tenured: 15715K(22468K)->15715K(22468K)
[2025-04-17T11:49:37.572+0000][3777.402s][info][gc,metaspace   ] GC(2427) Metaspace: 38448K(38784K)->38448K(38784K) NonClass: 33898K(34048K)->33898K(34048K) Class: 4549K(4736K)->4549K(4736K)
[2025-04-17T11:49:37.572+0000][3777.402s][info][gc             ] GC(2427) Pause Young (Allocation Failure) 24M->15M(31M) 1.382ms
[2025-04-17T11:49:37.572+0000][3777.402s][info][gc,cpu         ] GC(2427) User=0.00s Sys=0.00s Real=0.00s
[2025-04-17T11:49:40.346+0000][3780.176s][info][gc,start       ] GC(2428) Pause Young (Allocation Failure)
[2025-04-17T11:49:40.347+0000][3780.177s][info][gc,heap        ] GC(2428) DefNew: 9173K(10176K)->94K(10176K) Eden: 9088K(9088K)->0K(9088K) From: 85K(1088K)->94K(1088K)
[2025-04-17T11:49:40.347+0000][3780.177s][info][gc,heap        ] GC(2428) Tenured: 15715K(22468K)->15715K(22468K)
[2025-04-17T11:49:40.347+0000][3780.177s][info][gc,metaspace   ] GC(2428) Metaspace: 38448K(38784K)->38448K(38784K) NonClass: 33898K(34048K)->33898K(34048K) Class: 4549K(4736K)->4549K(4736K)
[2025-04-17T11:49:40.347+0000][3780.177s][info][gc             ] GC(2428) Pause Young (Allocation Failure) 24M->15M(31M) 1.340ms
[2025-04-17T11:49:40.347+0000][3780.177s][info][gc,cpu         ] GC(2428) User=0.00s Sys=0.00s Real=0.00s
[2025-04-17T11:49:43.165+0000][3782.995s][info][gc,start       ] GC(2429) Pause Young (Allocation Failure)
[2025-04-17T11:49:43.166+0000][3782.997s][info][gc,heap        ] GC(2429) DefNew: 9182K(10176K)->92K(10176K) Eden: 9088K(9088K)->0K(9088K) From: 94K(1088K)->92K(1088K)
[2025-04-17T11:49:43.166+0000][3782.997s][info][gc,heap        ] GC(2429) Tenured: 15715K(22468K)->15715K(22468K)
[2025-04-17T11:49:43.166+0000][3782.997s][info][gc,metaspace   ] GC(2429) Metaspace: 38448K(38784K)->38448K(38784K) NonClass: 33898K(34048K)->33898K(34048K) Class: 4549K(4736K)->4549K(4736K)
[2025-04-17T11:49:43.166+0000][3782.997s][info][gc             ] GC(2429) Pause Young (Allocation Failure) 24M->15M(31M) 1.259ms
[2025-04-17T11:49:43.166+0000][3782.997s][info][gc,cpu         ] GC(2429) User=0.00s Sys=0.00s Real=0.00s
[2025-04-17T11:49:46.059+0000][3785.889s][info][gc,start       ] GC(2430) Pause Young (Allocation Failure)
[2025-04-17T11:49:46.060+0000][3785.890s][info][gc,heap        ] GC(2430) DefNew: 9180K(10176K)->81K(10176K) Eden: 9088K(9088K)->0K(9088K) From: 92K(1088K)->81K(1088K)
[2025-04-17T11:49:46.060+0000][3785.890s][info][gc,heap        ] GC(2430) Tenured: 15715K(22468K)->15715K(22468K)
[2025-04-17T11:49:46.060+0000][3785.890s][info][gc,metaspace   ] GC(2430) Metaspace: 38455K(38784K)->38455K(38784K) NonClass: 33905K(34048K)->33905K(34048K) Class: 4549K(4736K)->4549K(4736K)
[2025-04-17T11:49:46.060+0000][3785.890s][info][gc             ] GC(2430) Pause Young (Allocation Failure) 24M->15M(31M) 1.180ms
[2025-04-17T11:49:46.060+0000][3785.890s][info][gc,cpu         ] GC(2430) User=0.01s Sys=0.00s Real=0.00s
[2025-04-17T11:49:49.350+0000][3789.180s][info][gc,start       ] GC(2431) Pause Young (Allocation Failure)
[2025-04-17T11:49:49.351+0000][3789.181s][info][gc,heap        ] GC(2431) DefNew: 9169K(10176K)->98K(10176K) Eden: 9088K(9088K)->0K(9088K) From: 81K(1088K)->98K(1088K)
[2025-04-17T11:49:49.351+0000][3789.181s][info][gc,heap        ] GC(2431) Tenured: 15715K(22468K)->15715K(22468K)
[2025-04-17T11:49:49.351+0000][3789.181s][info][gc,metaspace   ] GC(2431) Metaspace: 38455K(38784K)->38455K(38784K) NonClass: 33905K(34048K)->33905K(34048K) Class: 4549K(4736K)->4549K(4736K)
[2025-04-17T11:49:49.351+0000][3789.181s][info][gc             ] GC(2431) Pause Young (Allocation Failure) 24M->15M(31M) 1.161ms
[2025-04-17T11:49:49.351+0000][3789.181s][info][gc,cpu         ] GC(2431) User=0.00s Sys=0.00s Real=0.00s
[2025-04-17T11:49:52.779+0000][3792.609s][info][gc,start       ] GC(2432) Pause Young (Allocation Failure)
[2025-04-17T11:49:52.780+0000][3792.610s][info][gc,heap        ] GC(2432) DefNew: 9186K(10176K)->91K(10176K) Eden: 9088K(9088K)->0K(9088K) From: 98K(1088K)->91K(1088K)
[2025-04-17T11:49:52.780+0000][3792.610s][info][gc,heap        ] GC(2432) Tenured: 15715K(22468K)->15715K(22468K)
[2025-04-17T11:49:52.780+0000][3792.610s][info][gc,metaspace   ] GC(2432) Metaspace: 38456K(38784K)->38456K(38784K) NonClass: 33906K(34048K)->33906K(34048K) Class: 4549K(4736K)->4549K(4736K)
[2025-04-17T11:49:52.780+0000][3792.610s][info][gc             ] GC(2432) Pause Young (Allocation Failure) 24M->15M(31M) 1.107ms
[2025-04-17T11:49:52.780+0000][3792.610s][info][gc,cpu         ] GC(2432) User=0.00s Sys=0.00s Real=0.00s
[2025-04-17T11:49:56.010+0000][3795.840s][info][gc,start       ] GC(2433) Pause Young (Allocation Failure)
[2025-04-17T11:49:56.011+0000][3795.841s][info][gc,heap        ] GC(2433) DefNew: 9165K(10176K)->87K(10176K) Eden: 9073K(9088K)->0K(9088K) From: 91K(1088K)->87K(1088K)
[2025-04-17T11:49:56.011+0000][3795.841s][info][gc,heap        ] GC(2433) Tenured: 15715K(22468K)->15715K(22468K)
[2025-04-17T11:49:56.011+0000][3795.841s][info][gc,metaspace   ] GC(2433) Metaspace: 38456K(38784K)->38456K(38784K) NonClass: 33906K(34048K)->33906K(34048K) Class: 4549K(4736K)->4549K(4736K)
[2025-04-17T11:49:56.011+0000][3795.841s][info][gc             ] GC(2433) Pause Young (Allocation Failure) 24M->15M(31M) 1.282ms
[2025-04-17T11:49:56.011+0000][3795.841s][info][gc,cpu         ] GC(2433) User=0.00s Sys=0.00s Real=0.00s
[2025-04-17T11:49:59.717+0000][3799.547s][info][gc,start       ] GC(2434) Pause Young (Allocation Failure)
[2025-04-17T11:49:59.718+0000][3799.549s][info][gc,heap        ] GC(2434) DefNew: 9175K(10176K)->112K(10176K) Eden: 9088K(9088K)->0K(9088K) From: 87K(1088K)->112K(1088K)
[2025-04-17T11:49:59.719+0000][3799.549s][info][gc,heap        ] GC(2434) Tenured: 15715K(22468K)->15715K(22468K)
[2025-04-17T11:49:59.719+0000][3799.549s][info][gc,metaspace   ] GC(2434) Metaspace: 38456K(38784K)->38456K(38784K) NonClass: 33906K(34048K)->33906K(34048K) Class: 4549K(4736K)->4549K(4736K)
[2025-04-17T11:49:59.719+0000][3799.549s][info][gc             ] GC(2434) Pause Young (Allocation Failure) 24M->15M(31M) 1.294ms
[2025-04-17T11:49:59.719+0000][3799.549s][info][gc,cpu         ] GC(2434) User=0.00s Sys=0.00s Real=0.00s
[2025-04-17T11:50:03.146+0000][3802.976s][info][gc,start       ] GC(2435) Pause Young (Allocation Failure)
[2025-04-17T11:50:03.147+0000][3802.977s][info][gc,heap        ] GC(2435) DefNew: 9200K(10176K)->87K(10176K) Eden: 9088K(9088K)->0K(9088K) From: 112K(1088K)->87K(1088K)
[2025-04-17T11:50:03.147+0000][3802.977s][info][gc,heap        ] GC(2435) Tenured: 15715K(22468K)->15715K(22468K)
[2025-04-17T11:50:03.147+0000][3802.977s][info][gc,metaspace   ] GC(2435) Metaspace: 38456K(38784K)->38456K(38784K) NonClass: 33906K(34048K)->33906K(34048K) Class: 4549K(4736K)->4549K(4736K)
[2025-04-17T11:50:03.147+0000][3802.977s][info][gc             ] GC(2435) Pause Young (Allocation Failure) 24M->15M(31M) 1.352ms
[2025-04-17T11:50:03.147+0000][3802.977s][info][gc,cpu         ] GC(2435) User=0.00s Sys=0.00s Real=0.00s
[2025-04-17T11:50:07.444+0000][3807.274s][info][gc,start       ] GC(2436) Pause Young (Allocation Failure)
[2025-04-17T11:50:07.446+0000][3807.276s][info][gc,heap        ] GC(2436) DefNew: 9175K(10176K)->90K(10176K) Eden: 9088K(9088K)->0K(9088K) From: 87K(1088K)->90K(1088K)
[2025-04-17T11:50:07.446+0000][3807.276s][info][gc,heap        ] GC(2436) Tenured: 15715K(22468K)->15715K(22468K)
[2025-04-17T11:50:07.446+0000][3807.276s][info][gc,metaspace   ] GC(2436) Metaspace: 38456K(38784K)->38456K(38784K) NonClass: 33906K(34048K)->33906K(34048K) Class: 4549K(4736K)->4549K(4736K)
[2025-04-17T11:50:07.446+0000][3807.276s][info][gc             ] GC(2436) Pause Young (Allocation Failure) 24M->15M(31M) 1.295ms
[2025-04-17T11:50:07.446+0000][3807.276s][info][gc,cpu         ] GC(2436) User=0.00s Sys=0.00s Real=0.00s
[2025-04-17T11:50:11.715+0000][3811.545s][info][gc,start       ] GC(2437) Pause Young (Allocation Failure)
[2025-04-17T11:50:11.716+0000][3811.547s][info][gc,heap        ] GC(2437) DefNew: 9178K(10176K)->89K(10176K) Eden: 9088K(9088K)->0K(9088K) From: 90K(1088K)->89K(1088K)
[2025-04-17T11:50:11.716+0000][3811.547s][info][gc,heap        ] GC(2437) Tenured: 15715K(22468K)->15716K(22468K)
[2025-04-17T11:50:11.716+0000][3811.547s][info][gc,metaspace   ] GC(2437) Metaspace: 38456K(38784K)->38456K(38784K) NonClass: 33906K(34048K)->33906K(34048K) Class: 4549K(4736K)->4549K(4736K)
[2025-04-17T11:50:11.717+0000][3811.547s][info][gc             ] GC(2437) Pause Young (Allocation Failure) 24M->15M(31M) 1.306ms
[2025-04-17T11:50:11.717+0000][3811.547s][info][gc,cpu         ] GC(2437) User=0.00s Sys=0.00s Real=0.00s
[2025-04-17T11:50:17.196+0000][3817.027s][info][gc,start       ] GC(2438) Pause Young (Allocation Failure)
[2025-04-17T11:50:17.198+0000][3817.028s][info][gc,heap        ] GC(2438) DefNew: 9177K(10176K)->111K(10176K) Eden: 9088K(9088K)->0K(9088K) From: 89K(1088K)->111K(1088K)
[2025-04-17T11:50:17.198+0000][3817.028s][info][gc,heap        ] GC(2438) Tenured: 15716K(22468K)->15716K(22468K)
[2025-04-17T11:50:17.198+0000][3817.028s][info][gc,metaspace   ] GC(2438) Metaspace: 38456K(38784K)->38456K(38784K) NonClass: 33906K(34048K)->33906K(34048K) Class: 4549K(4736K)->4549K(4736K)
[2025-04-17T11:50:17.198+0000][3817.028s][info][gc             ] GC(2438) Pause Young (Allocation Failure) 24M->15M(31M) 1.330ms
[2025-04-17T11:50:17.198+0000][3817.028s][info][gc,cpu         ] GC(2438) User=0.00s Sys=0.00s Real=0.00s
[2025-04-17T11:50:24.051+0000][3823.881s][info][gc,start       ] GC(2439) Pause Young (Allocation Failure)
[2025-04-17T11:50:24.052+0000][3823.882s][info][gc,heap        ] GC(2439) DefNew: 9186K(10176K)->99K(10176K) Eden: 9074K(9088K)->0K(9088K) From: 111K(1088K)->99K(1088K)
[2025-04-17T11:50:24.052+0000][3823.882s][info][gc,heap        ] GC(2439) Tenured: 15716K(22468K)->15716K(22468K)
[2025-04-17T11:50:24.052+0000][3823.882s][info][gc,metaspace   ] GC(2439) Metaspace: 38456K(38784K)->38456K(38784K) NonClass: 33906K(34048K)->33906K(34048K) Class: 4549K(4736K)->4549K(4736K)
[2025-04-17T11:50:24.052+0000][3823.882s][info][gc             ] GC(2439) Pause Young (Allocation Failure) 24M->15M(31M) 1.346ms
[2025-04-17T11:50:24.052+0000][3823.882s][info][gc,cpu         ] GC(2439) User=0.00s Sys=0.00s Real=0.00s
[2025-04-17T11:50:33.641+0000][3833.471s][info][gc,start       ] GC(2440) Pause Young (Allocation Failure)
[2025-04-17T11:50:33.642+0000][3833.473s][info][gc,heap        ] GC(2440) DefNew: 9187K(10176K)->100K(10176K) Eden: 9088K(9088K)->0K(9088K) From: 99K(1088K)->100K(1088K)
[2025-04-17T11:50:33.643+0000][3833.473s][info][gc,heap        ] GC(2440) Tenured: 15716K(22468K)->15717K(22468K)
[2025-04-17T11:50:33.643+0000][3833.473s][info][gc,metaspace   ] GC(2440) Metaspace: 38456K(38784K)->38456K(38784K) NonClass: 33906K(34048K)->33906K(34048K) Class: 4549K(4736K)->4549K(4736K)
[2025-04-17T11:50:33.643+0000][3833.473s][info][gc             ] GC(2440) Pause Young (Allocation Failure) 24M->15M(31M) 1.348ms
[2025-04-17T11:50:33.643+0000][3833.473s][info][gc,cpu         ] GC(2440) User=0.00s Sys=0.00s Real=0.00s
